CLI: ./pk --podman-socket unix:///run/user/1000/podman/podman.sock --shared-filesystem /tmp --tarball-input job lustre-ci --output /var/www/ci-lustre/upstream-patch-review --git-hash 00101aafa7164e1a4803aa45be6d49b514454491 --change-id 68726_00101aafa7164e1a4803aa45be6d49b514454491 --subject LU-20603 llapi: pull a scan's records in batches

Environment validated successfully
Note: custom LLVM is not synced in tarball input mode
Creating kernel tarball at /tmp/ktest-kernel.tar.gz...
Creating lustre tarball at /tmp/ktest-lustre.tar.gz...
Creating ZFS tarball at /tmp/ktest-zfs.tar.gz...
Executing 14 jobs
Jobs will start as soon as their dependencies are satisfied
Using tarball input mode

START ml-strict:lustre_mainline build tests/fs/lustre/boot-strict.ktest
START ml-miscvm:lustre_mainline_native build tests/fs/lustre/boot.ktest
START al2023:al2023 build tests/fs/lustre/boot.ktest
START checkpatch:checkpatch tool checkpatch
START ml:lustre_mainline build tests/fs/lustre/boot.ktest
START u24:u24 build tests/fs/lustre/boot.ktest
PUT /tmp/ktest-lustre.tar.gz 2s
PUT /tmp/ktest-lustre.tar.gz 2s
PUT /tmp/ktest-kernel.tar.gz 6s
PUT /tmp/ktest-kernel.tar.gz 6s
PUT /tmp/ktest-kernel.tar.gz 6s
PUT /tmp/ktest-kernel.tar.gz 6s
PUT /tmp/ktest-lustre.tar.gz 3s
PUT /tmp/ktest-lustre.tar.gz 3s
PUT /tmp/ktest-lustre.tar.gz 3s
PUT /tmp/ktest-lustre.tar.gz 3s
PUT /tmp/ktest-zfs.tar.gz 0s
PUT /tmp/ktest-zfs.tar.gz 0s
PUT /tmp/ktest-zfs.tar.gz 0s
END checkpatch:checkpatch tool checkpatch FAIL 13s (exit code: 1)
END u24:u24 build tests/fs/lustre/boot.ktest PASS 42s
END al2023:al2023 build tests/fs/lustre/boot.ktest PASS 47s
GET /tmp/ktest_ml-strict:lustre_mainline_uixqq44s.tar 5s
END ml-strict:lustre_mainline build tests/fs/lustre/boot-strict.ktest FAIL 164s (exit code: 1)
GET /tmp/ktest_ml-miscvm:lustre_mainline_native_4o9wwnr7.tar 2s
END ml-miscvm:lustre_mainline_native build tests/fs/lustre/boot.ktest PASS 167s
START ml-miscvm:boot run tests/fs/lustre/boot.ktest
START ml-miscvm:llmount run tests/fs/lustre/llmount.ktest
START ml-miscvm:llog-unit run tests/fs/lustre/llog-unit.ktest
START ml-miscvm:mgs-setup run tests/fs/lustre/mgs-setup.ktest
START ml-miscvm:sanity-1 run tests/fs/lustre/sanity/sanity-1.ktest
START ml-miscvm:sanity-2 run tests/fs/lustre/sanity/sanity-2.ktest
START ml-miscvm:sanity-3 run tests/fs/lustre/sanity/sanity-3.ktest
START ml-miscvm:sanity-4 run tests/fs/lustre/sanity/sanity-4.ktest
PUT /tmp/ktest-kernel.tar.gz 24s
PUT /tmp/ktest-kernel.tar.gz 24s
PUT /tmp/ktest-kernel.tar.gz 24s
PUT /tmp/ktest-kernel.tar.gz 24s
PUT /tmp/ktest-kernel.tar.gz 24s
GET /tmp/ktest_ml:lustre_mainline__c019tjy.tar 21s
PUT /tmp/ktest-lustre.tar.gz 27s
PUT /tmp/ktest-kernel.tar.gz 27s
PUT /tmp/ktest-lustre.tar.gz 27s
PUT /tmp/ktest-kernel.tar.gz 27s
PUT /tmp/ktest-lustre.tar.gz 28s
PUT /tmp/ktest-lustre.tar.gz 28s
PUT /tmp/ktest-kernel.tar.gz 28s
PUT /tmp/ktest-lustre.tar.gz 28s
END ml:lustre_mainline build tests/fs/lustre/boot.ktest PASS 222s
PUT /tmp/ktest_ml-miscvm:lustre_mainline_native_4o9wwnr7.tar 8s
PUT /tmp/ktest_ml-miscvm:lustre_mainline_native_4o9wwnr7.tar 8s
PUT /tmp/ktest_ml-miscvm:lustre_mainline_native_4o9wwnr7.tar 8s
PUT /tmp/ktest-lustre.tar.gz 8s
PUT /tmp/ktest-lustre.tar.gz 8s
PUT /tmp/ktest_ml-miscvm:lustre_mainline_native_4o9wwnr7.tar 8s
PUT /tmp/ktest-lustre.tar.gz 8s
PUT /tmp/ktest_ml-miscvm:lustre_mainline_native_4o9wwnr7.tar 8s
PUT /tmp/ktest_ml-miscvm:lustre_mainline_native_4o9wwnr7.tar 1s
PUT /tmp/ktest_ml-miscvm:lustre_mainline_native_4o9wwnr7.tar 1s
PUT /tmp/ktest_ml-miscvm:lustre_mainline_native_4o9wwnr7.tar 1s
END ml-miscvm:boot run tests/fs/lustre/boot.ktest PASS 76s
END ml-miscvm:mgs-setup run tests/fs/lustre/mgs-setup.ktest PASS 85s
END ml-miscvm:sanity-2 run tests/fs/lustre/sanity/sanity-2.ktest PASS 116s
END ml-miscvm:sanity-1 run tests/fs/lustre/sanity/sanity-1.ktest PASS 117s
END ml-miscvm:sanity-4 run tests/fs/lustre/sanity/sanity-4.ktest PASS 118s
END ml-miscvm:llmount run tests/fs/lustre/llmount.ktest PASS 122s
END ml-miscvm:sanity-3 run tests/fs/lustre/sanity/sanity-3.ktest PASS 125s
END ml-miscvm:llog-unit run tests/fs/lustre/llog-unit.ktest FAIL 161s (exit code: 1)

============================================================
Final Results:
  checkpatch:checkpatch: FAIL (13s) (log: /var/www/ci-lustre/upstream-patch-review/00101aafa7164e1a4803aa45be6d49b514454491_checkpatch:checkpatch.log)
  u24:u24: PASS (42s) (log: /var/www/ci-lustre/upstream-patch-review/00101aafa7164e1a4803aa45be6d49b514454491_u24:u24.log)
  al2023:al2023: PASS (47s) (log: /var/www/ci-lustre/upstream-patch-review/00101aafa7164e1a4803aa45be6d49b514454491_al2023:al2023.log)
  ml-strict:lustre_mainline: FAIL (164s) (log: /var/www/ci-lustre/upstream-patch-review/00101aafa7164e1a4803aa45be6d49b514454491_ml-strict:lustre_mainline.log)
  ml:lustre_mainline: PASS (222s) (log: /var/www/ci-lustre/upstream-patch-review/00101aafa7164e1a4803aa45be6d49b514454491_ml:lustre_mainline.log)
  ml-miscvm:lustre_mainline_native: PASS (167s) (log: /var/www/ci-lustre/upstream-patch-review/00101aafa7164e1a4803aa45be6d49b514454491_ml-miscvm:lustre_mainline_native.log)
  ml-miscvm:boot: PASS (76s) (log: /var/www/ci-lustre/upstream-patch-review/00101aafa7164e1a4803aa45be6d49b514454491_ml-miscvm:boot.log)
  ml-miscvm:llmount: PASS (122s) (log: /var/www/ci-lustre/upstream-patch-review/00101aafa7164e1a4803aa45be6d49b514454491_ml-miscvm:llmount.log)
  ml-miscvm:llog-unit: FAIL (161s) (log: /var/www/ci-lustre/upstream-patch-review/00101aafa7164e1a4803aa45be6d49b514454491_ml-miscvm:llog-unit.log)
  ml-miscvm:mgs-setup: PASS (85s) (log: /var/www/ci-lustre/upstream-patch-review/00101aafa7164e1a4803aa45be6d49b514454491_ml-miscvm:mgs-setup.log)
  ml-miscvm:sanity-1: PASS (117s) (log: /var/www/ci-lustre/upstream-patch-review/00101aafa7164e1a4803aa45be6d49b514454491_ml-miscvm:sanity-1.log)
  ml-miscvm:sanity-2: PASS (116s) (log: /var/www/ci-lustre/upstream-patch-review/00101aafa7164e1a4803aa45be6d49b514454491_ml-miscvm:sanity-2.log)
  ml-miscvm:sanity-3: PASS (125s) (log: /var/www/ci-lustre/upstream-patch-review/00101aafa7164e1a4803aa45be6d49b514454491_ml-miscvm:sanity-3.log)
  ml-miscvm:sanity-4: PASS (118s) (log: /var/www/ci-lustre/upstream-patch-review/00101aafa7164e1a4803aa45be6d49b514454491_ml-miscvm:sanity-4.log)

Total execution time: 359s

Packed 4417 logs from /var/www/ci-lustre/upstream-patch-review into /home/ktest/ktest/local-site/local_data.js
Open /home/ktest/ktest/local-site/index.html in a browser
