WARNING:STRNCPY: Prefer strscpy, strscpy_pad, or __nonstring over strncpy - see: https://github.com/KSPP/linux/issues/90
#176: FILE: lustre/utils/lfs.c:1680:
+	strncpy(parent, src_file, sizeof(parent) - 1);

WARNING:STRCPY: Prefer strscpy over strcpy - see: https://github.com/KSPP/linux/issues/88
#182: FILE: lustre/utils/lfs.c:1686:
+			strcpy(parent, "/");

WARNING:STRCPY: Prefer strscpy over strcpy - see: https://github.com/KSPP/linux/issues/88
#184: FILE: lustre/utils/lfs.c:1688:
+		strcpy(parent, ".");

WARNING:BLOCK_COMMENT_STYLE: Block comments use a trailing */ on a separate line
#529: FILE: lustre/utils/lfs.c:2033:
+	 * Take lock, get DV, copy, swap - all atomic */

WARNING:BLOCK_COMMENT_STYLE: Block comments use a trailing */ on a separate line
#540: FILE: lustre/utils/lfs.c:2044:
+		 * lock conflicts with our group lock. */

WARNING:BLOCK_COMMENT_STYLE: Block comments use a trailing */ on a separate line
#549: FILE: lustre/utils/lfs.c:2053:
+		 * Get DV, copy without lock, then lock and verify DV unchanged */

WARNING:LONG_LINE_STRING: line length of 102 exceeds 100 columns
#827: FILE: lustre/utils/lfs.c:2331:
+	fprintf(stderr, "migrate_stripe: Successfully migrated stripe %u of component %u to OST %d\n",

total: 0 errors, 7 warnings, 830 lines checked

NOTE: For some of the reported defects, checkpatch may be able to
      mechanically convert to the typical style using --fix or --fix-inplace.

Your patch has style problems, please review.

NOTE: If any of the errors are false positives, please report
      them to the maintainer, see CHECKPATCH in MAINTAINERS.
