CLI: ./pk --podman-socket unix:///run/user/1000/podman/podman.sock --shared-filesystem /tmp --tarball-input job lustre-ci --output /var/www/ci-lustre/upstream-patch-review --git-hash 0269f94105052b0be17e18f7d7948f4283bc8524 --change-id 67074_0269f94105052b0be17e18f7d7948f4283bc8524 --subject LU-20452 gss: do not require reverse DNS for SK/null mechs

Environment validated successfully
Note: custom LLVM is not synced in tarball input mode
Creating kernel tarball at /tmp/ktest-kernel.tar.gz...
Creating lustre tarball at /tmp/ktest-lustre.tar.gz...
Creating ZFS tarball at /tmp/ktest-zfs.tar.gz...
Executing 14 jobs
Jobs will start as soon as their dependencies are satisfied
Using tarball input mode

START ml-strict:lustre_mainline build tests/fs/lustre/boot-strict.ktest
START al2023:al2023 build tests/fs/lustre/boot.ktest
START ml:lustre_mainline build tests/fs/lustre/boot.ktest
START ml-miscvm:lustre_mainline_native build tests/fs/lustre/boot.ktest
START checkpatch:checkpatch tool checkpatch
START u24:u24 build tests/fs/lustre/boot.ktest
PUT /tmp/ktest-lustre.tar.gz 1s
PUT /tmp/ktest-lustre.tar.gz 1s
PUT /tmp/ktest-kernel.tar.gz 6s
PUT /tmp/ktest-kernel.tar.gz 6s
PUT /tmp/ktest-kernel.tar.gz 6s
PUT /tmp/ktest-kernel.tar.gz 6s
PUT /tmp/ktest-lustre.tar.gz 1s
PUT /tmp/ktest-lustre.tar.gz 1s
PUT /tmp/ktest-lustre.tar.gz 1s
PUT /tmp/ktest-lustre.tar.gz 1s
PUT /tmp/ktest-zfs.tar.gz 0s
PUT /tmp/ktest-zfs.tar.gz 0s
PUT /tmp/ktest-zfs.tar.gz 0s
END checkpatch:checkpatch tool checkpatch PASS 10s
END u24:u24 build tests/fs/lustre/boot.ktest PASS 35s
END al2023:al2023 build tests/fs/lustre/boot.ktest PASS 45s
GET /tmp/ktest_ml-miscvm:lustre_mainline_native_7cjwhk7g.tar 0s
END ml-miscvm:lustre_mainline_native build tests/fs/lustre/boot.ktest PASS 143s
START ml-miscvm:boot run tests/fs/lustre/boot.ktest
START ml-miscvm:llmount run tests/fs/lustre/llmount.ktest
START ml-miscvm:llog-unit run tests/fs/lustre/llog-unit.ktest
START ml-miscvm:mgs-setup run tests/fs/lustre/mgs-setup.ktest
START ml-miscvm:sanity-1 run tests/fs/lustre/sanity/sanity-1.ktest
START ml-miscvm:sanity-2 run tests/fs/lustre/sanity/sanity-2.ktest
START ml-miscvm:sanity-3 run tests/fs/lustre/sanity/sanity-3.ktest
START ml-miscvm:sanity-4 run tests/fs/lustre/sanity/sanity-4.ktest
GET /tmp/ktest_ml:lustre_mainline_52j9nr0m.tar 0s
GET /tmp/ktest_ml-strict:lustre_mainline_crh_ec45.tar 6s
END ml:lustre_mainline build tests/fs/lustre/boot.ktest PASS 146s
END ml-strict:lustre_mainline build tests/fs/lustre/boot-strict.ktest FAIL 149s (exit code: 1)
PUT /tmp/ktest-kernel.tar.gz 10s
PUT /tmp/ktest-kernel.tar.gz 10s
PUT /tmp/ktest-kernel.tar.gz 10s
PUT /tmp/ktest-kernel.tar.gz 10s
PUT /tmp/ktest-kernel.tar.gz 8s
PUT /tmp/ktest-kernel.tar.gz 11s
PUT /tmp/ktest-kernel.tar.gz 11s
PUT /tmp/ktest-kernel.tar.gz 11s
PUT /tmp/ktest-lustre.tar.gz 3s
PUT /tmp/ktest-lustre.tar.gz 2s
PUT /tmp/ktest-lustre.tar.gz 1s
PUT /tmp/ktest-lustre.tar.gz 2s
PUT /tmp/ktest-lustre.tar.gz 2s
PUT /tmp/ktest-lustre.tar.gz 2s
PUT /tmp/ktest-lustre.tar.gz 2s
PUT /tmp/ktest-lustre.tar.gz 1s
PUT /tmp/ktest_ml-miscvm:lustre_mainline_native_7cjwhk7g.tar 0s
PUT /tmp/ktest_ml-miscvm:lustre_mainline_native_7cjwhk7g.tar 0s
PUT /tmp/ktest_ml-miscvm:lustre_mainline_native_7cjwhk7g.tar 0s
PUT /tmp/ktest_ml-miscvm:lustre_mainline_native_7cjwhk7g.tar 0s
PUT /tmp/ktest_ml-miscvm:lustre_mainline_native_7cjwhk7g.tar 0s
PUT /tmp/ktest_ml-miscvm:lustre_mainline_native_7cjwhk7g.tar 0s
PUT /tmp/ktest_ml-miscvm:lustre_mainline_native_7cjwhk7g.tar 0s
PUT /tmp/ktest_ml-miscvm:lustre_mainline_native_7cjwhk7g.tar 0s
END ml-miscvm:boot run tests/fs/lustre/boot.ktest PASS 27s
END ml-miscvm:mgs-setup run tests/fs/lustre/mgs-setup.ktest PASS 36s
END ml-miscvm:sanity-4 run tests/fs/lustre/sanity/sanity-4.ktest PASS 68s
END ml-miscvm:sanity-3 run tests/fs/lustre/sanity/sanity-3.ktest PASS 69s
END ml-miscvm:sanity-1 run tests/fs/lustre/sanity/sanity-1.ktest PASS 70s
END ml-miscvm:sanity-2 run tests/fs/lustre/sanity/sanity-2.ktest PASS 78s
END ml-miscvm:llmount run tests/fs/lustre/llmount.ktest PASS 87s
END ml-miscvm:llog-unit run tests/fs/lustre/llog-unit.ktest FAIL 114s (exit code: 1)

============================================================
Final Results:
  checkpatch:checkpatch: PASS (10s) (log: /var/www/ci-lustre/upstream-patch-review/0269f94105052b0be17e18f7d7948f4283bc8524_checkpatch:checkpatch.log)
  u24:u24: PASS (35s) (log: /var/www/ci-lustre/upstream-patch-review/0269f94105052b0be17e18f7d7948f4283bc8524_u24:u24.log)
  al2023:al2023: PASS (45s) (log: /var/www/ci-lustre/upstream-patch-review/0269f94105052b0be17e18f7d7948f4283bc8524_al2023:al2023.log)
  ml-strict:lustre_mainline: FAIL (149s) (log: /var/www/ci-lustre/upstream-patch-review/0269f94105052b0be17e18f7d7948f4283bc8524_ml-strict:lustre_mainline.log)
  ml:lustre_mainline: PASS (146s) (log: /var/www/ci-lustre/upstream-patch-review/0269f94105052b0be17e18f7d7948f4283bc8524_ml:lustre_mainline.log)
  ml-miscvm:lustre_mainline_native: PASS (143s) (log: /var/www/ci-lustre/upstream-patch-review/0269f94105052b0be17e18f7d7948f4283bc8524_ml-miscvm:lustre_mainline_native.log)
  ml-miscvm:boot: PASS (27s) (log: /var/www/ci-lustre/upstream-patch-review/0269f94105052b0be17e18f7d7948f4283bc8524_ml-miscvm:boot.log)
  ml-miscvm:llmount: PASS (87s) (log: /var/www/ci-lustre/upstream-patch-review/0269f94105052b0be17e18f7d7948f4283bc8524_ml-miscvm:llmount.log)
  ml-miscvm:llog-unit: FAIL (114s) (log: /var/www/ci-lustre/upstream-patch-review/0269f94105052b0be17e18f7d7948f4283bc8524_ml-miscvm:llog-unit.log)
  ml-miscvm:mgs-setup: PASS (36s) (log: /var/www/ci-lustre/upstream-patch-review/0269f94105052b0be17e18f7d7948f4283bc8524_ml-miscvm:mgs-setup.log)
  ml-miscvm:sanity-1: PASS (70s) (log: /var/www/ci-lustre/upstream-patch-review/0269f94105052b0be17e18f7d7948f4283bc8524_ml-miscvm:sanity-1.log)
  ml-miscvm:sanity-2: PASS (78s) (log: /var/www/ci-lustre/upstream-patch-review/0269f94105052b0be17e18f7d7948f4283bc8524_ml-miscvm:sanity-2.log)
  ml-miscvm:sanity-3: PASS (69s) (log: /var/www/ci-lustre/upstream-patch-review/0269f94105052b0be17e18f7d7948f4283bc8524_ml-miscvm:sanity-3.log)
  ml-miscvm:sanity-4: PASS (68s) (log: /var/www/ci-lustre/upstream-patch-review/0269f94105052b0be17e18f7d7948f4283bc8524_ml-miscvm:sanity-4.log)

Total execution time: 287s

Packed 1666 logs from /var/www/ci-lustre/upstream-patch-review into /home/ktest/ktest/local-site/local_data.js
Open /home/ktest/ktest/local-site/index.html in a browser
