CLI: ./pk --podman-socket unix:///run/user/1000/podman/podman.sock --shared-filesystem /tmp --tarball-input job lustre-ci --output /var/www/ci-lustre/upstream-patch-review --git-hash 0337da50af8405d477291279df098539e993ecae --change-id 69258_0337da50af8405d477291279df098539e993ecae --subject LU-20808 mdt: pass a lock intent through remote locking

Environment validated successfully
Note: custom LLVM is not synced in tarball input mode
Creating kernel tarball at /tmp/ktest-kernel.tar.gz...
Creating lustre tarball at /tmp/ktest-lustre.tar.gz...
Creating ZFS tarball at /tmp/ktest-zfs.tar.gz...
Executing 14 jobs
Jobs will start as soon as their dependencies are satisfied
Using tarball input mode

START ml-strict:lustre_mainline build tests/fs/lustre/boot-strict.ktest
START checkpatch:checkpatch tool checkpatch
START u24:u24 build tests/fs/lustre/boot.ktest
START al2023:al2023 build tests/fs/lustre/boot.ktest
START ml-miscvm:lustre_mainline_native build tests/fs/lustre/boot.ktest
START ml:lustre_mainline build tests/fs/lustre/boot.ktest
PUT /tmp/ktest-lustre.tar.gz 1s
PUT /tmp/ktest-lustre.tar.gz 2s
PUT /tmp/ktest-kernel.tar.gz 8s
PUT /tmp/ktest-kernel.tar.gz 8s
PUT /tmp/ktest-kernel.tar.gz 8s
PUT /tmp/ktest-kernel.tar.gz 8s
PUT /tmp/ktest-lustre.tar.gz 2s
PUT /tmp/ktest-lustre.tar.gz 3s
PUT /tmp/ktest-lustre.tar.gz 2s
PUT /tmp/ktest-lustre.tar.gz 3s
PUT /tmp/ktest-zfs.tar.gz 0s
PUT /tmp/ktest-zfs.tar.gz 0s
PUT /tmp/ktest-zfs.tar.gz 0s
END checkpatch:checkpatch tool checkpatch PASS 13s
END u24:u24 build tests/fs/lustre/boot.ktest PASS 37s
END al2023:al2023 build tests/fs/lustre/boot.ktest PASS 48s
GET /tmp/ktest_ml-miscvm:lustre_mainline_native_ai10x6xr.tar 0s
GET /tmp/ktest_ml-strict:lustre_mainline_7cpz7da6.tar 6s
END ml-miscvm:lustre_mainline_native build tests/fs/lustre/boot.ktest PASS 200s
START ml-miscvm:boot run tests/fs/lustre/boot.ktest
START ml-miscvm:llmount run tests/fs/lustre/llmount.ktest
START ml-miscvm:llog-unit run tests/fs/lustre/llog-unit.ktest
START ml-miscvm:mgs-setup run tests/fs/lustre/mgs-setup.ktest
START ml-miscvm:sanity-1 run tests/fs/lustre/sanity/sanity-1.ktest
START ml-miscvm:sanity-2 run tests/fs/lustre/sanity/sanity-2.ktest
START ml-miscvm:sanity-3 run tests/fs/lustre/sanity/sanity-3.ktest
START ml-miscvm:sanity-4 run tests/fs/lustre/sanity/sanity-4.ktest
END ml-strict:lustre_mainline build tests/fs/lustre/boot-strict.ktest FAIL 201s (exit code: 1)
GET /tmp/ktest_ml:lustre_mainline_a34ftams.tar 5s
END ml:lustre_mainline build tests/fs/lustre/boot.ktest PASS 205s
PUT /tmp/ktest-kernel.tar.gz 45s
PUT /tmp/ktest-kernel.tar.gz 45s
PUT /tmp/ktest-kernel.tar.gz 43s
PUT /tmp/ktest-kernel.tar.gz 44s
PUT /tmp/ktest-kernel.tar.gz 44s
PUT /tmp/ktest-kernel.tar.gz 44s
PUT /tmp/ktest-kernel.tar.gz 44s
PUT /tmp/ktest-kernel.tar.gz 46s
PUT /tmp/ktest-lustre.tar.gz 10s
PUT /tmp/ktest-lustre.tar.gz 11s
PUT /tmp/ktest-lustre.tar.gz 10s
PUT /tmp/ktest-lustre.tar.gz 10s
PUT /tmp/ktest-lustre.tar.gz 11s
PUT /tmp/ktest-lustre.tar.gz 10s
PUT /tmp/ktest-lustre.tar.gz 11s
PUT /tmp/ktest-lustre.tar.gz 11s
PUT /tmp/ktest_ml-miscvm:lustre_mainline_native_ai10x6xr.tar 2s
PUT /tmp/ktest_ml-miscvm:lustre_mainline_native_ai10x6xr.tar 2s
PUT /tmp/ktest_ml-miscvm:lustre_mainline_native_ai10x6xr.tar 2s
PUT /tmp/ktest_ml-miscvm:lustre_mainline_native_ai10x6xr.tar 3s
PUT /tmp/ktest_ml-miscvm:lustre_mainline_native_ai10x6xr.tar 2s
PUT /tmp/ktest_ml-miscvm:lustre_mainline_native_ai10x6xr.tar 2s
PUT /tmp/ktest_ml-miscvm:lustre_mainline_native_ai10x6xr.tar 2s
PUT /tmp/ktest_ml-miscvm:lustre_mainline_native_ai10x6xr.tar 2s
END ml-miscvm:boot run tests/fs/lustre/boot.ktest PASS 77s
END ml-miscvm:mgs-setup run tests/fs/lustre/mgs-setup.ktest PASS 85s
END ml-miscvm:sanity-4 run tests/fs/lustre/sanity/sanity-4.ktest PASS 115s
END ml-miscvm:sanity-1 run tests/fs/lustre/sanity/sanity-1.ktest PASS 116s
END ml-miscvm:sanity-3 run tests/fs/lustre/sanity/sanity-3.ktest PASS 118s
END ml-miscvm:sanity-2 run tests/fs/lustre/sanity/sanity-2.ktest PASS 127s
END ml-miscvm:llmount run tests/fs/lustre/llmount.ktest PASS 138s
END ml-miscvm:llog-unit run tests/fs/lustre/llog-unit.ktest FAIL 160s (exit code: 1)

============================================================
Final Results:
  checkpatch:checkpatch: PASS (13s) (log: /var/www/ci-lustre/upstream-patch-review/0337da50af8405d477291279df098539e993ecae_checkpatch:checkpatch.log)
  u24:u24: PASS (37s) (log: /var/www/ci-lustre/upstream-patch-review/0337da50af8405d477291279df098539e993ecae_u24:u24.log)
  al2023:al2023: PASS (48s) (log: /var/www/ci-lustre/upstream-patch-review/0337da50af8405d477291279df098539e993ecae_al2023:al2023.log)
  ml-strict:lustre_mainline: FAIL (201s) (log: /var/www/ci-lustre/upstream-patch-review/0337da50af8405d477291279df098539e993ecae_ml-strict:lustre_mainline.log)
  ml:lustre_mainline: PASS (205s) (log: /var/www/ci-lustre/upstream-patch-review/0337da50af8405d477291279df098539e993ecae_ml:lustre_mainline.log)
  ml-miscvm:lustre_mainline_native: PASS (200s) (log: /var/www/ci-lustre/upstream-patch-review/0337da50af8405d477291279df098539e993ecae_ml-miscvm:lustre_mainline_native.log)
  ml-miscvm:boot: PASS (77s) (log: /var/www/ci-lustre/upstream-patch-review/0337da50af8405d477291279df098539e993ecae_ml-miscvm:boot.log)
  ml-miscvm:llmount: PASS (138s) (log: /var/www/ci-lustre/upstream-patch-review/0337da50af8405d477291279df098539e993ecae_ml-miscvm:llmount.log)
  ml-miscvm:llog-unit: FAIL (160s) (log: /var/www/ci-lustre/upstream-patch-review/0337da50af8405d477291279df098539e993ecae_ml-miscvm:llog-unit.log)
  ml-miscvm:mgs-setup: PASS (85s) (log: /var/www/ci-lustre/upstream-patch-review/0337da50af8405d477291279df098539e993ecae_ml-miscvm:mgs-setup.log)
  ml-miscvm:sanity-1: PASS (116s) (log: /var/www/ci-lustre/upstream-patch-review/0337da50af8405d477291279df098539e993ecae_ml-miscvm:sanity-1.log)
  ml-miscvm:sanity-2: PASS (127s) (log: /var/www/ci-lustre/upstream-patch-review/0337da50af8405d477291279df098539e993ecae_ml-miscvm:sanity-2.log)
  ml-miscvm:sanity-3: PASS (118s) (log: /var/www/ci-lustre/upstream-patch-review/0337da50af8405d477291279df098539e993ecae_ml-miscvm:sanity-3.log)
  ml-miscvm:sanity-4: PASS (115s) (log: /var/www/ci-lustre/upstream-patch-review/0337da50af8405d477291279df098539e993ecae_ml-miscvm:sanity-4.log)

Total execution time: 389s

Packed 10783 logs from /var/www/ci-lustre/upstream-patch-review into /home/ktest/ktest/local-site/local_data.js
Open /home/ktest/ktest/local-site/index.html in a browser
