CLI: ./pk --podman-socket unix:///run/user/1000/podman/podman.sock --shared-filesystem /tmp --tarball-input job lustre-ci --output /var/www/ci-lustre/upstream-patch-review --git-hash 033aaaaf58c3e5074c9a0491d2e5040bf60167b4 --change-id 69134_033aaaaf58c3e5074c9a0491d2e5040bf60167b4 --subject LU-14144 utils: use MODULE.PARAM names for module parameters

Environment validated successfully
Note: custom LLVM is not synced in tarball input mode
Creating kernel tarball at /tmp/ktest-kernel.tar.gz...
Creating lustre tarball at /tmp/ktest-lustre.tar.gz...
Creating ZFS tarball at /tmp/ktest-zfs.tar.gz...
Executing 14 jobs
Jobs will start as soon as their dependencies are satisfied
Using tarball input mode

START ml-miscvm:lustre_mainline_native build tests/fs/lustre/boot.ktest
START checkpatch:checkpatch tool checkpatch
START al2023:al2023 build tests/fs/lustre/boot.ktest
START ml:lustre_mainline build tests/fs/lustre/boot.ktest
START u24:u24 build tests/fs/lustre/boot.ktest
START ml-strict:lustre_mainline build tests/fs/lustre/boot-strict.ktest
PUT /tmp/ktest-lustre.tar.gz 2s
PUT /tmp/ktest-lustre.tar.gz 2s
PUT /tmp/ktest-kernel.tar.gz 6s
PUT /tmp/ktest-kernel.tar.gz 6s
PUT /tmp/ktest-kernel.tar.gz 6s
PUT /tmp/ktest-kernel.tar.gz 6s
PUT /tmp/ktest-lustre.tar.gz 3s
PUT /tmp/ktest-lustre.tar.gz 3s
PUT /tmp/ktest-lustre.tar.gz 3s
PUT /tmp/ktest-lustre.tar.gz 3s
PUT /tmp/ktest-zfs.tar.gz 0s
PUT /tmp/ktest-zfs.tar.gz 0s
PUT /tmp/ktest-zfs.tar.gz 0s
END checkpatch:checkpatch tool checkpatch FAIL 12s (exit code: 1)
END u24:u24 build tests/fs/lustre/boot.ktest FAIL 37s (exit code: 2)
END al2023:al2023 build tests/fs/lustre/boot.ktest FAIL 46s (exit code: 2)
GET /tmp/ktest_ml-strict:lustre_mainline_o0rpdt3h.tar 5s
GET /tmp/ktest_ml:lustre_mainline_gfjke1na.tar 5s
GET /tmp/ktest_ml-miscvm:lustre_mainline_native_xlv4da6u.tar 19s
END ml-strict:lustre_mainline build tests/fs/lustre/boot-strict.ktest FAIL 159s (exit code: 1)
END ml:lustre_mainline build tests/fs/lustre/boot.ktest FAIL 160s (exit code: 1)
END ml-miscvm:lustre_mainline_native build tests/fs/lustre/boot.ktest FAIL 162s (exit code: 1)

============================================================
Final Results:
  checkpatch:checkpatch: FAIL (12s) (log: /var/www/ci-lustre/upstream-patch-review/033aaaaf58c3e5074c9a0491d2e5040bf60167b4_checkpatch:checkpatch.log)
  u24:u24: FAIL (37s) (log: /var/www/ci-lustre/upstream-patch-review/033aaaaf58c3e5074c9a0491d2e5040bf60167b4_u24:u24.log)
  al2023:al2023: FAIL (46s) (log: /var/www/ci-lustre/upstream-patch-review/033aaaaf58c3e5074c9a0491d2e5040bf60167b4_al2023:al2023.log)
  ml-strict:lustre_mainline: FAIL (159s) (log: /var/www/ci-lustre/upstream-patch-review/033aaaaf58c3e5074c9a0491d2e5040bf60167b4_ml-strict:lustre_mainline.log)
  ml:lustre_mainline: FAIL (160s) (log: /var/www/ci-lustre/upstream-patch-review/033aaaaf58c3e5074c9a0491d2e5040bf60167b4_ml:lustre_mainline.log)
  ml-miscvm:lustre_mainline_native: FAIL (162s) (log: /var/www/ci-lustre/upstream-patch-review/033aaaaf58c3e5074c9a0491d2e5040bf60167b4_ml-miscvm:lustre_mainline_native.log)
  ml-miscvm:boot: SKIPPED (due to dependency failure)
  ml-miscvm:llmount: SKIPPED (due to dependency failure)
  ml-miscvm:llog-unit: SKIPPED (due to dependency failure)
  ml-miscvm:mgs-setup: SKIPPED (due to dependency failure)
  ml-miscvm:sanity-1: SKIPPED (due to dependency failure)
  ml-miscvm:sanity-2: SKIPPED (due to dependency failure)
  ml-miscvm:sanity-3: SKIPPED (due to dependency failure)
  ml-miscvm:sanity-4: SKIPPED (due to dependency failure)

Total execution time: 193s

Packed 5026 logs from /var/www/ci-lustre/upstream-patch-review into /home/ktest/ktest/local-site/local_data.js
Open /home/ktest/ktest/local-site/index.html in a browser
