CLI: ./pk --podman-socket unix:///run/user/1000/podman/podman.sock --shared-filesystem /tmp --tarball-input job lustre-ci --output /var/www/ci-lustre/upstream-patch-review --git-hash 0588e45cda49d1e6c30d9b18abe554c03a34954b --change-id 60181_0588e45cda49d1e6c30d9b18abe554c03a34954b --subject LU-9 lod: weighted round-robin QoS allocation

Environment validated successfully
Note: custom LLVM is not synced in tarball input mode
Creating kernel tarball at /tmp/ktest-kernel.tar.gz...
Creating lustre tarball at /tmp/ktest-lustre.tar.gz...
Creating ZFS tarball at /tmp/ktest-zfs.tar.gz...
Executing 14 jobs
Jobs will start as soon as their dependencies are satisfied
Using tarball input mode

START ml:lustre_mainline build tests/fs/lustre/boot.ktest
START u24:u24 build tests/fs/lustre/boot.ktest
START checkpatch:checkpatch tool checkpatch
START al2023:al2023 build tests/fs/lustre/boot.ktest
START ml-miscvm:lustre_mainline_native build tests/fs/lustre/boot.ktest
START ml-strict:lustre_mainline build tests/fs/lustre/boot-strict.ktest
PUT /tmp/ktest-lustre.tar.gz 1s
PUT /tmp/ktest-lustre.tar.gz 2s
PUT /tmp/ktest-kernel.tar.gz 9s
PUT /tmp/ktest-kernel.tar.gz 9s
PUT /tmp/ktest-kernel.tar.gz 9s
PUT /tmp/ktest-kernel.tar.gz 10s
PUT /tmp/ktest-lustre.tar.gz 6s
PUT /tmp/ktest-lustre.tar.gz 6s
PUT /tmp/ktest-lustre.tar.gz 7s
PUT /tmp/ktest-lustre.tar.gz 7s
PUT /tmp/ktest-zfs.tar.gz 1s
PUT /tmp/ktest-zfs.tar.gz 1s
PUT /tmp/ktest-zfs.tar.gz 1s
END checkpatch:checkpatch tool checkpatch FAIL 20s (exit code: 1)
END u24:u24 build tests/fs/lustre/boot.ktest PASS 47s
END al2023:al2023 build tests/fs/lustre/boot.ktest PASS 51s
GET /tmp/ktest_ml-strict:lustre_mainline_dgqgl11b.tar 5s
END ml-strict:lustre_mainline build tests/fs/lustre/boot-strict.ktest FAIL 186s (exit code: 1)
GET /tmp/ktest_ml-miscvm:lustre_mainline_native_8vqeuolb.tar 1s
GET /tmp/ktest_ml:lustre_mainline_ulqjwg0n.tar 1s
END ml-miscvm:lustre_mainline_native build tests/fs/lustre/boot.ktest PASS 188s
START ml-miscvm:boot run tests/fs/lustre/boot.ktest
START ml-miscvm:llmount run tests/fs/lustre/llmount.ktest
START ml-miscvm:llog-unit run tests/fs/lustre/llog-unit.ktest
START ml-miscvm:mgs-setup run tests/fs/lustre/mgs-setup.ktest
START ml-miscvm:sanity-1 run tests/fs/lustre/sanity/sanity-1.ktest
START ml-miscvm:sanity-2 run tests/fs/lustre/sanity/sanity-2.ktest
START ml-miscvm:sanity-3 run tests/fs/lustre/sanity/sanity-3.ktest
START ml-miscvm:sanity-4 run tests/fs/lustre/sanity/sanity-4.ktest
END ml:lustre_mainline build tests/fs/lustre/boot.ktest PASS 189s
PUT /tmp/ktest-kernel.tar.gz 30s
PUT /tmp/ktest-kernel.tar.gz 30s
PUT /tmp/ktest-kernel.tar.gz 30s
PUT /tmp/ktest-kernel.tar.gz 30s
PUT /tmp/ktest-kernel.tar.gz 30s
PUT /tmp/ktest-kernel.tar.gz 31s
PUT /tmp/ktest-kernel.tar.gz 31s
PUT /tmp/ktest-kernel.tar.gz 31s
PUT /tmp/ktest-lustre.tar.gz 9s
PUT /tmp/ktest-lustre.tar.gz 9s
PUT /tmp/ktest-lustre.tar.gz 9s
PUT /tmp/ktest-lustre.tar.gz 8s
PUT /tmp/ktest-lustre.tar.gz 10s
PUT /tmp/ktest-lustre.tar.gz 9s
PUT /tmp/ktest-lustre.tar.gz 9s
PUT /tmp/ktest-lustre.tar.gz 9s
PUT /tmp/ktest_ml-miscvm:lustre_mainline_native_8vqeuolb.tar 1s
PUT /tmp/ktest_ml-miscvm:lustre_mainline_native_8vqeuolb.tar 1s
PUT /tmp/ktest_ml-miscvm:lustre_mainline_native_8vqeuolb.tar 1s
PUT /tmp/ktest_ml-miscvm:lustre_mainline_native_8vqeuolb.tar 1s
PUT /tmp/ktest_ml-miscvm:lustre_mainline_native_8vqeuolb.tar 1s
PUT /tmp/ktest_ml-miscvm:lustre_mainline_native_8vqeuolb.tar 1s
PUT /tmp/ktest_ml-miscvm:lustre_mainline_native_8vqeuolb.tar 1s
PUT /tmp/ktest_ml-miscvm:lustre_mainline_native_8vqeuolb.tar 1s
END ml-miscvm:boot run tests/fs/lustre/boot.ktest PASS 55s
END ml-miscvm:mgs-setup run tests/fs/lustre/mgs-setup.ktest PASS 66s
END ml-miscvm:sanity-4 run tests/fs/lustre/sanity/sanity-4.ktest PASS 93s
END ml-miscvm:sanity-2 run tests/fs/lustre/sanity/sanity-2.ktest PASS 95s
END ml-miscvm:sanity-3 run tests/fs/lustre/sanity/sanity-3.ktest PASS 97s
END ml-miscvm:sanity-1 run tests/fs/lustre/sanity/sanity-1.ktest PASS 98s
END ml-miscvm:llmount run tests/fs/lustre/llmount.ktest PASS 116s
END ml-miscvm:llog-unit run tests/fs/lustre/llog-unit.ktest FAIL 141s (exit code: 1)

============================================================
Final Results:
  checkpatch:checkpatch: FAIL (20s) (log: /var/www/ci-lustre/upstream-patch-review/0588e45cda49d1e6c30d9b18abe554c03a34954b_checkpatch:checkpatch.log)
  u24:u24: PASS (47s) (log: /var/www/ci-lustre/upstream-patch-review/0588e45cda49d1e6c30d9b18abe554c03a34954b_u24:u24.log)
  al2023:al2023: PASS (51s) (log: /var/www/ci-lustre/upstream-patch-review/0588e45cda49d1e6c30d9b18abe554c03a34954b_al2023:al2023.log)
  ml-strict:lustre_mainline: FAIL (186s) (log: /var/www/ci-lustre/upstream-patch-review/0588e45cda49d1e6c30d9b18abe554c03a34954b_ml-strict:lustre_mainline.log)
  ml:lustre_mainline: PASS (189s) (log: /var/www/ci-lustre/upstream-patch-review/0588e45cda49d1e6c30d9b18abe554c03a34954b_ml:lustre_mainline.log)
  ml-miscvm:lustre_mainline_native: PASS (188s) (log: /var/www/ci-lustre/upstream-patch-review/0588e45cda49d1e6c30d9b18abe554c03a34954b_ml-miscvm:lustre_mainline_native.log)
  ml-miscvm:boot: PASS (55s) (log: /var/www/ci-lustre/upstream-patch-review/0588e45cda49d1e6c30d9b18abe554c03a34954b_ml-miscvm:boot.log)
  ml-miscvm:llmount: PASS (116s) (log: /var/www/ci-lustre/upstream-patch-review/0588e45cda49d1e6c30d9b18abe554c03a34954b_ml-miscvm:llmount.log)
  ml-miscvm:llog-unit: FAIL (141s) (log: /var/www/ci-lustre/upstream-patch-review/0588e45cda49d1e6c30d9b18abe554c03a34954b_ml-miscvm:llog-unit.log)
  ml-miscvm:mgs-setup: PASS (66s) (log: /var/www/ci-lustre/upstream-patch-review/0588e45cda49d1e6c30d9b18abe554c03a34954b_ml-miscvm:mgs-setup.log)
  ml-miscvm:sanity-1: PASS (98s) (log: /var/www/ci-lustre/upstream-patch-review/0588e45cda49d1e6c30d9b18abe554c03a34954b_ml-miscvm:sanity-1.log)
  ml-miscvm:sanity-2: PASS (95s) (log: /var/www/ci-lustre/upstream-patch-review/0588e45cda49d1e6c30d9b18abe554c03a34954b_ml-miscvm:sanity-2.log)
  ml-miscvm:sanity-3: PASS (97s) (log: /var/www/ci-lustre/upstream-patch-review/0588e45cda49d1e6c30d9b18abe554c03a34954b_ml-miscvm:sanity-3.log)
  ml-miscvm:sanity-4: PASS (93s) (log: /var/www/ci-lustre/upstream-patch-review/0588e45cda49d1e6c30d9b18abe554c03a34954b_ml-miscvm:sanity-4.log)

Total execution time: 361s

Packed 8056 logs from /var/www/ci-lustre/upstream-patch-review into /home/ktest/ktest/local-site/local_data.js
Open /home/ktest/ktest/local-site/index.html in a browser
