CLI: ./pk --podman-socket unix:///run/podman/podman.sock --shared-filesystem /tmp --tarball-input job lustre-ci --output /var/www/ci-lustre/upstream-patch-review --git-hash 058ef524f9b6e5ff5d7c90d70a3b94de778d1d90 --change-id 61340_058ef524f9b6e5ff5d7c90d70a3b94de778d1d90 --subject LU-19276 llapi: add llapi_changelog_(de)register

Environment validated successfully
Note: custom LLVM is not synced in tarball input mode
Creating kernel tarball at /tmp/ktest-kernel.tar.gz...
Creating lustre tarball at /tmp/ktest-lustre.tar.gz...
Creating ZFS tarball at /tmp/ktest-zfs.tar.gz...
Executing 14 jobs
Jobs will start as soon as their dependencies are satisfied
Using tarball input mode

START ml:lustre_mainline build tests/fs/lustre/boot.ktest
START checkpatch:checkpatch tool checkpatch
START al2023:al2023 build tests/fs/lustre/boot.ktest
START u24:u24 build tests/fs/lustre/boot.ktest
START ml-strict:lustre_mainline build tests/fs/lustre/boot-strict.ktest
START ml-miscvm:lustre_mainline_native build tests/fs/lustre/boot.ktest
PUT /tmp/ktest-lustre.tar.gz 1s
PUT /tmp/ktest-lustre.tar.gz 2s
PUT /tmp/ktest-kernel.tar.gz 8s
PUT /tmp/ktest-kernel.tar.gz 8s
PUT /tmp/ktest-kernel.tar.gz 8s
PUT /tmp/ktest-kernel.tar.gz 8s
PUT /tmp/ktest-lustre.tar.gz 2s
PUT /tmp/ktest-lustre.tar.gz 2s
PUT /tmp/ktest-lustre.tar.gz 2s
PUT /tmp/ktest-lustre.tar.gz 2s
PUT /tmp/ktest-zfs.tar.gz 0s
PUT /tmp/ktest-zfs.tar.gz 0s
PUT /tmp/ktest-zfs.tar.gz 0s
END checkpatch:checkpatch tool checkpatch FAIL 14s (exit code: 1)
END u24:u24 build tests/fs/lustre/boot.ktest PASS 40s
END al2023:al2023 build tests/fs/lustre/boot.ktest PASS 46s
GET /tmp/ktest_ml-miscvm:lustre_mainline_native_41dh0fcq.tar 0s
GET /tmp/ktest_ml:lustre_mainline_uuqgipcu.tar 0s
END ml-miscvm:lustre_mainline_native build tests/fs/lustre/boot.ktest PASS 182s
START ml-miscvm:boot run tests/fs/lustre/boot.ktest
START ml-miscvm:llmount run tests/fs/lustre/llmount.ktest
START ml-miscvm:llog-unit run tests/fs/lustre/llog-unit.ktest
START ml-miscvm:mgs-setup run tests/fs/lustre/mgs-setup.ktest
START ml-miscvm:sanity-1 run tests/fs/lustre/sanity/sanity-1.ktest
START ml-miscvm:sanity-2 run tests/fs/lustre/sanity/sanity-2.ktest
START ml-miscvm:sanity-3 run tests/fs/lustre/sanity/sanity-3.ktest
START ml-miscvm:sanity-4 run tests/fs/lustre/sanity/sanity-4.ktest
GET /tmp/ktest_ml-strict:lustre_mainline_6dapxtvo.tar 5s
END ml:lustre_mainline build tests/fs/lustre/boot.ktest PASS 183s
END ml-strict:lustre_mainline build tests/fs/lustre/boot-strict.ktest FAIL 185s (exit code: 1)
PUT /tmp/ktest-kernel.tar.gz 41s
PUT /tmp/ktest-kernel.tar.gz 40s
PUT /tmp/ktest-kernel.tar.gz 40s
PUT /tmp/ktest-kernel.tar.gz 41s
PUT /tmp/ktest-kernel.tar.gz 41s
PUT /tmp/ktest-kernel.tar.gz 41s
PUT /tmp/ktest-kernel.tar.gz 41s
PUT /tmp/ktest-kernel.tar.gz 42s
PUT /tmp/ktest-lustre.tar.gz 9s
PUT /tmp/ktest-lustre.tar.gz 9s
PUT /tmp/ktest-lustre.tar.gz 9s
PUT /tmp/ktest-lustre.tar.gz 8s
PUT /tmp/ktest-lustre.tar.gz 9s
PUT /tmp/ktest-lustre.tar.gz 9s
PUT /tmp/ktest-lustre.tar.gz 9s
PUT /tmp/ktest-lustre.tar.gz 10s
PUT /tmp/ktest_ml-miscvm:lustre_mainline_native_41dh0fcq.tar 0s
PUT /tmp/ktest_ml-miscvm:lustre_mainline_native_41dh0fcq.tar 0s
PUT /tmp/ktest_ml-miscvm:lustre_mainline_native_41dh0fcq.tar 0s
PUT /tmp/ktest_ml-miscvm:lustre_mainline_native_41dh0fcq.tar 0s
PUT /tmp/ktest_ml-miscvm:lustre_mainline_native_41dh0fcq.tar 0s
PUT /tmp/ktest_ml-miscvm:lustre_mainline_native_41dh0fcq.tar 0s
PUT /tmp/ktest_ml-miscvm:lustre_mainline_native_41dh0fcq.tar 0s
PUT /tmp/ktest_ml-miscvm:lustre_mainline_native_41dh0fcq.tar 0s
END ml-miscvm:boot run tests/fs/lustre/boot.ktest PASS 66s
END ml-miscvm:mgs-setup run tests/fs/lustre/mgs-setup.ktest PASS 75s
END ml-miscvm:llmount run tests/fs/lustre/llmount.ktest PASS 115s
END ml-miscvm:sanity-2 run tests/fs/lustre/sanity/sanity-2.ktest PASS 116s
END ml-miscvm:sanity-1 run tests/fs/lustre/sanity/sanity-1.ktest PASS 135s
END ml-miscvm:sanity-4 run tests/fs/lustre/sanity/sanity-4.ktest PASS 136s
END ml-miscvm:sanity-3 run tests/fs/lustre/sanity/sanity-3.ktest PASS 137s
END ml-miscvm:llog-unit run tests/fs/lustre/llog-unit.ktest FAIL 151s (exit code: 1)

============================================================
Final Results:
  checkpatch:checkpatch: FAIL (14s) (log: /var/www/ci-lustre/upstream-patch-review/058ef524f9b6e5ff5d7c90d70a3b94de778d1d90_checkpatch:checkpatch.log)
  u24:u24: PASS (40s) (log: /var/www/ci-lustre/upstream-patch-review/058ef524f9b6e5ff5d7c90d70a3b94de778d1d90_u24:u24.log)
  al2023:al2023: PASS (46s) (log: /var/www/ci-lustre/upstream-patch-review/058ef524f9b6e5ff5d7c90d70a3b94de778d1d90_al2023:al2023.log)
  ml-strict:lustre_mainline: FAIL (185s) (log: /var/www/ci-lustre/upstream-patch-review/058ef524f9b6e5ff5d7c90d70a3b94de778d1d90_ml-strict:lustre_mainline.log)
  ml:lustre_mainline: PASS (183s) (log: /var/www/ci-lustre/upstream-patch-review/058ef524f9b6e5ff5d7c90d70a3b94de778d1d90_ml:lustre_mainline.log)
  ml-miscvm:lustre_mainline_native: PASS (182s) (log: /var/www/ci-lustre/upstream-patch-review/058ef524f9b6e5ff5d7c90d70a3b94de778d1d90_ml-miscvm:lustre_mainline_native.log)
  ml-miscvm:boot: PASS (66s) (log: /var/www/ci-lustre/upstream-patch-review/058ef524f9b6e5ff5d7c90d70a3b94de778d1d90_ml-miscvm:boot.log)
  ml-miscvm:llmount: PASS (115s) (log: /var/www/ci-lustre/upstream-patch-review/058ef524f9b6e5ff5d7c90d70a3b94de778d1d90_ml-miscvm:llmount.log)
  ml-miscvm:llog-unit: FAIL (151s) (log: /var/www/ci-lustre/upstream-patch-review/058ef524f9b6e5ff5d7c90d70a3b94de778d1d90_ml-miscvm:llog-unit.log)
  ml-miscvm:mgs-setup: PASS (75s) (log: /var/www/ci-lustre/upstream-patch-review/058ef524f9b6e5ff5d7c90d70a3b94de778d1d90_ml-miscvm:mgs-setup.log)
  ml-miscvm:sanity-1: PASS (135s) (log: /var/www/ci-lustre/upstream-patch-review/058ef524f9b6e5ff5d7c90d70a3b94de778d1d90_ml-miscvm:sanity-1.log)
  ml-miscvm:sanity-2: PASS (116s) (log: /var/www/ci-lustre/upstream-patch-review/058ef524f9b6e5ff5d7c90d70a3b94de778d1d90_ml-miscvm:sanity-2.log)
  ml-miscvm:sanity-3: PASS (137s) (log: /var/www/ci-lustre/upstream-patch-review/058ef524f9b6e5ff5d7c90d70a3b94de778d1d90_ml-miscvm:sanity-3.log)
  ml-miscvm:sanity-4: PASS (136s) (log: /var/www/ci-lustre/upstream-patch-review/058ef524f9b6e5ff5d7c90d70a3b94de778d1d90_ml-miscvm:sanity-4.log)

Total execution time: 364s

Packed 6219 logs from /var/www/ci-lustre/upstream-patch-review into /home/ktest/ktest/local-site/local_data.js
Open /home/ktest/ktest/local-site/index.html in a browser
