CLI: ./pk --podman-socket unix:///run/user/1000/podman/podman.sock --shared-filesystem /tmp --tarball-input job lustre-ci --output /var/www/ci-lustre/upstream-patch-review --git-hash 05abe6569c2a75698d58cc642df57986bea5e8da --change-id 67599_05abe6569c2a75698d58cc642df57986bea5e8da --subject LU-20531 mdc: skip close when import is not connected

Environment validated successfully
Note: custom LLVM is not synced in tarball input mode
Creating kernel tarball at /tmp/ktest-kernel.tar.gz...
Creating lustre tarball at /tmp/ktest-lustre.tar.gz...
Creating ZFS tarball at /tmp/ktest-zfs.tar.gz...
Executing 14 jobs
Jobs will start as soon as their dependencies are satisfied
Using tarball input mode

START ml-miscvm:lustre_mainline_native build tests/fs/lustre/boot.ktest
START checkpatch:checkpatch tool checkpatch
START al2023:al2023 build tests/fs/lustre/boot.ktest
START ml:lustre_mainline build tests/fs/lustre/boot.ktest
START u24:u24 build tests/fs/lustre/boot.ktest
START ml-strict:lustre_mainline build tests/fs/lustre/boot-strict.ktest
PUT /tmp/ktest-lustre.tar.gz 1s
PUT /tmp/ktest-lustre.tar.gz 1s
PUT /tmp/ktest-kernel.tar.gz 7s
PUT /tmp/ktest-kernel.tar.gz 7s
PUT /tmp/ktest-kernel.tar.gz 7s
PUT /tmp/ktest-kernel.tar.gz 7s
PUT /tmp/ktest-lustre.tar.gz 5s
PUT /tmp/ktest-lustre.tar.gz 5s
PUT /tmp/ktest-lustre.tar.gz 5s
PUT /tmp/ktest-lustre.tar.gz 5s
PUT /tmp/ktest-zfs.tar.gz 1s
PUT /tmp/ktest-zfs.tar.gz 1s
PUT /tmp/ktest-zfs.tar.gz 1s
END checkpatch:checkpatch tool checkpatch PASS 16s
END u24:u24 build tests/fs/lustre/boot.ktest PASS 42s
END al2023:al2023 build tests/fs/lustre/boot.ktest PASS 46s
GET /tmp/ktest_ml-strict:lustre_mainline_nwre755n.tar 7s
END ml-strict:lustre_mainline build tests/fs/lustre/boot-strict.ktest FAIL 216s (exit code: 1)
GET /tmp/ktest_ml-miscvm:lustre_mainline_native_qj7abx8o.tar 0s
GET /tmp/ktest_ml:lustre_mainline_e_njkive.tar 0s
END ml-miscvm:lustre_mainline_native build tests/fs/lustre/boot.ktest PASS 228s
START ml-miscvm:boot run tests/fs/lustre/boot.ktest
START ml-miscvm:llmount run tests/fs/lustre/llmount.ktest
START ml-miscvm:llog-unit run tests/fs/lustre/llog-unit.ktest
START ml-miscvm:mgs-setup run tests/fs/lustre/mgs-setup.ktest
START ml-miscvm:sanity-1 run tests/fs/lustre/sanity/sanity-1.ktest
START ml-miscvm:sanity-2 run tests/fs/lustre/sanity/sanity-2.ktest
START ml-miscvm:sanity-3 run tests/fs/lustre/sanity/sanity-3.ktest
START ml-miscvm:sanity-4 run tests/fs/lustre/sanity/sanity-4.ktest
END ml:lustre_mainline build tests/fs/lustre/boot.ktest PASS 230s
PUT /tmp/ktest-kernel.tar.gz 34s
PUT /tmp/ktest-kernel.tar.gz 34s
PUT /tmp/ktest-kernel.tar.gz 34s
PUT /tmp/ktest-kernel.tar.gz 34s
PUT /tmp/ktest-kernel.tar.gz 35s
PUT /tmp/ktest-kernel.tar.gz 35s
PUT /tmp/ktest-kernel.tar.gz 34s
PUT /tmp/ktest-kernel.tar.gz 35s
PUT /tmp/ktest-lustre.tar.gz 11s
PUT /tmp/ktest-lustre.tar.gz 11s
PUT /tmp/ktest-lustre.tar.gz 11s
PUT /tmp/ktest-lustre.tar.gz 11s
PUT /tmp/ktest-lustre.tar.gz 12s
PUT /tmp/ktest-lustre.tar.gz 11s
PUT /tmp/ktest-lustre.tar.gz 10s
PUT /tmp/ktest-lustre.tar.gz 11s
PUT /tmp/ktest_ml-miscvm:lustre_mainline_native_qj7abx8o.tar 2s
PUT /tmp/ktest_ml-miscvm:lustre_mainline_native_qj7abx8o.tar 2s
PUT /tmp/ktest_ml-miscvm:lustre_mainline_native_qj7abx8o.tar 2s
PUT /tmp/ktest_ml-miscvm:lustre_mainline_native_qj7abx8o.tar 2s
PUT /tmp/ktest_ml-miscvm:lustre_mainline_native_qj7abx8o.tar 2s
PUT /tmp/ktest_ml-miscvm:lustre_mainline_native_qj7abx8o.tar 2s
PUT /tmp/ktest_ml-miscvm:lustre_mainline_native_qj7abx8o.tar 2s
PUT /tmp/ktest_ml-miscvm:lustre_mainline_native_qj7abx8o.tar 2s
END ml-miscvm:boot run tests/fs/lustre/boot.ktest PASS 62s
END ml-miscvm:mgs-setup run tests/fs/lustre/mgs-setup.ktest PASS 71s
END ml-miscvm:sanity-2 run tests/fs/lustre/sanity/sanity-2.ktest PASS 101s
END ml-miscvm:sanity-3 run tests/fs/lustre/sanity/sanity-3.ktest PASS 102s
END ml-miscvm:llmount run tests/fs/lustre/llmount.ktest PASS 111s
END ml-miscvm:sanity-4 run tests/fs/lustre/sanity/sanity-4.ktest PASS 116s
END ml-miscvm:sanity-1 run tests/fs/lustre/sanity/sanity-1.ktest PASS 118s
END ml-miscvm:llog-unit run tests/fs/lustre/llog-unit.ktest FAIL 149s (exit code: 1)

============================================================
Final Results:
  checkpatch:checkpatch: PASS (16s) (log: /var/www/ci-lustre/upstream-patch-review/05abe6569c2a75698d58cc642df57986bea5e8da_checkpatch:checkpatch.log)
  u24:u24: PASS (42s) (log: /var/www/ci-lustre/upstream-patch-review/05abe6569c2a75698d58cc642df57986bea5e8da_u24:u24.log)
  al2023:al2023: PASS (46s) (log: /var/www/ci-lustre/upstream-patch-review/05abe6569c2a75698d58cc642df57986bea5e8da_al2023:al2023.log)
  ml-strict:lustre_mainline: FAIL (216s) (log: /var/www/ci-lustre/upstream-patch-review/05abe6569c2a75698d58cc642df57986bea5e8da_ml-strict:lustre_mainline.log)
  ml:lustre_mainline: PASS (230s) (log: /var/www/ci-lustre/upstream-patch-review/05abe6569c2a75698d58cc642df57986bea5e8da_ml:lustre_mainline.log)
  ml-miscvm:lustre_mainline_native: PASS (228s) (log: /var/www/ci-lustre/upstream-patch-review/05abe6569c2a75698d58cc642df57986bea5e8da_ml-miscvm:lustre_mainline_native.log)
  ml-miscvm:boot: PASS (62s) (log: /var/www/ci-lustre/upstream-patch-review/05abe6569c2a75698d58cc642df57986bea5e8da_ml-miscvm:boot.log)
  ml-miscvm:llmount: PASS (111s) (log: /var/www/ci-lustre/upstream-patch-review/05abe6569c2a75698d58cc642df57986bea5e8da_ml-miscvm:llmount.log)
  ml-miscvm:llog-unit: FAIL (149s) (log: /var/www/ci-lustre/upstream-patch-review/05abe6569c2a75698d58cc642df57986bea5e8da_ml-miscvm:llog-unit.log)
  ml-miscvm:mgs-setup: PASS (71s) (log: /var/www/ci-lustre/upstream-patch-review/05abe6569c2a75698d58cc642df57986bea5e8da_ml-miscvm:mgs-setup.log)
  ml-miscvm:sanity-1: PASS (118s) (log: /var/www/ci-lustre/upstream-patch-review/05abe6569c2a75698d58cc642df57986bea5e8da_ml-miscvm:sanity-1.log)
  ml-miscvm:sanity-2: PASS (101s) (log: /var/www/ci-lustre/upstream-patch-review/05abe6569c2a75698d58cc642df57986bea5e8da_ml-miscvm:sanity-2.log)
  ml-miscvm:sanity-3: PASS (102s) (log: /var/www/ci-lustre/upstream-patch-review/05abe6569c2a75698d58cc642df57986bea5e8da_ml-miscvm:sanity-3.log)
  ml-miscvm:sanity-4: PASS (116s) (log: /var/www/ci-lustre/upstream-patch-review/05abe6569c2a75698d58cc642df57986bea5e8da_ml-miscvm:sanity-4.log)

Total execution time: 408s

Packed 1915 logs from /var/www/ci-lustre/upstream-patch-review into /home/ktest/ktest/local-site/local_data.js
Open /home/ktest/ktest/local-site/index.html in a browser
