CLI: ./pk --podman-socket unix:///run/podman/podman.sock --shared-filesystem /tmp --tarball-input job lustre-ci --output /var/www/ci-lustre/upstream-patch-review --git-hash 05dbb9c08815e79035974b91750f501e6f6394ca --change-id 66617_05dbb9c08815e79035974b91750f501e6f6394ca --subject LU-20356 tests: sanity/398c margin for large PAGE_SIZE

Environment validated successfully
Note: custom LLVM is not synced in tarball input mode
Creating kernel tarball at /tmp/ktest-kernel.tar.gz...
Creating lustre tarball at /tmp/ktest-lustre.tar.gz...
Creating ZFS tarball at /tmp/ktest-zfs.tar.gz...
Executing 14 jobs
Jobs will start as soon as their dependencies are satisfied
Using tarball input mode

START al2023:al2023 build tests/fs/lustre/boot.ktest
START ml-miscvm:lustre_mainline_native build tests/fs/lustre/boot.ktest
START ml-strict:lustre_mainline build tests/fs/lustre/boot-strict.ktest
START u24:u24 build tests/fs/lustre/boot.ktest
START ml:lustre_mainline build tests/fs/lustre/boot.ktest
START checkpatch:checkpatch tool checkpatch
PUT /tmp/ktest-lustre.tar.gz 1s
PUT /tmp/ktest-lustre.tar.gz 1s
PUT /tmp/ktest-kernel.tar.gz 11s
PUT /tmp/ktest-kernel.tar.gz 11s
PUT /tmp/ktest-kernel.tar.gz 11s
PUT /tmp/ktest-kernel.tar.gz 11s
PUT /tmp/ktest-lustre.tar.gz 2s
PUT /tmp/ktest-lustre.tar.gz 2s
PUT /tmp/ktest-lustre.tar.gz 2s
PUT /tmp/ktest-lustre.tar.gz 2s
PUT /tmp/ktest-zfs.tar.gz 0s
PUT /tmp/ktest-zfs.tar.gz 0s
PUT /tmp/ktest-zfs.tar.gz 0s
END checkpatch:checkpatch tool checkpatch PASS 17s
END u24:u24 build tests/fs/lustre/boot.ktest PASS 40s
END al2023:al2023 build tests/fs/lustre/boot.ktest PASS 46s
GET /tmp/ktest_ml:lustre_mainline_i_hi0_4k.tar 0s
GET /tmp/ktest_ml-miscvm:lustre_mainline_native_2fr_w6ky.tar 0s
END ml:lustre_mainline build tests/fs/lustre/boot.ktest PASS 161s
GET /tmp/ktest_ml-strict:lustre_mainline_2i98d1dj.tar 5s
END ml-miscvm:lustre_mainline_native build tests/fs/lustre/boot.ktest PASS 162s
START ml-miscvm:boot run tests/fs/lustre/boot.ktest
START ml-miscvm:llmount run tests/fs/lustre/llmount.ktest
START ml-miscvm:llog-unit run tests/fs/lustre/llog-unit.ktest
START ml-miscvm:mgs-setup run tests/fs/lustre/mgs-setup.ktest
START ml-miscvm:sanity-1 run tests/fs/lustre/sanity/sanity-1.ktest
START ml-miscvm:sanity-2 run tests/fs/lustre/sanity/sanity-2.ktest
START ml-miscvm:sanity-3 run tests/fs/lustre/sanity/sanity-3.ktest
START ml-miscvm:sanity-4 run tests/fs/lustre/sanity/sanity-4.ktest
END ml-strict:lustre_mainline build tests/fs/lustre/boot-strict.ktest FAIL 165s (exit code: 1)
PUT /tmp/ktest-kernel.tar.gz 41s
PUT /tmp/ktest-kernel.tar.gz 41s
PUT /tmp/ktest-kernel.tar.gz 41s
PUT /tmp/ktest-kernel.tar.gz 41s
PUT /tmp/ktest-kernel.tar.gz 41s
PUT /tmp/ktest-kernel.tar.gz 41s
PUT /tmp/ktest-kernel.tar.gz 42s
PUT /tmp/ktest-kernel.tar.gz 42s
PUT /tmp/ktest-lustre.tar.gz 10s
PUT /tmp/ktest-lustre.tar.gz 9s
PUT /tmp/ktest-lustre.tar.gz 10s
PUT /tmp/ktest-lustre.tar.gz 10s
PUT /tmp/ktest-lustre.tar.gz 10s
PUT /tmp/ktest-lustre.tar.gz 10s
PUT /tmp/ktest-lustre.tar.gz 9s
PUT /tmp/ktest-lustre.tar.gz 10s
PUT /tmp/ktest_ml-miscvm:lustre_mainline_native_2fr_w6ky.tar 1s
PUT /tmp/ktest_ml-miscvm:lustre_mainline_native_2fr_w6ky.tar 1s
PUT /tmp/ktest_ml-miscvm:lustre_mainline_native_2fr_w6ky.tar 1s
PUT /tmp/ktest_ml-miscvm:lustre_mainline_native_2fr_w6ky.tar 1s
PUT /tmp/ktest_ml-miscvm:lustre_mainline_native_2fr_w6ky.tar 1s
PUT /tmp/ktest_ml-miscvm:lustre_mainline_native_2fr_w6ky.tar 1s
PUT /tmp/ktest_ml-miscvm:lustre_mainline_native_2fr_w6ky.tar 1s
PUT /tmp/ktest_ml-miscvm:lustre_mainline_native_2fr_w6ky.tar 1s
END ml-miscvm:boot run tests/fs/lustre/boot.ktest PASS 67s
END ml-miscvm:mgs-setup run tests/fs/lustre/mgs-setup.ktest PASS 75s
END ml-miscvm:sanity-1 run tests/fs/lustre/sanity/sanity-1.ktest PASS 104s
END ml-miscvm:sanity-2 run tests/fs/lustre/sanity/sanity-2.ktest PASS 107s
END ml-miscvm:sanity-3 run tests/fs/lustre/sanity/sanity-3.ktest PASS 108s
END ml-miscvm:llmount run tests/fs/lustre/llmount.ktest PASS 115s
END ml-miscvm:sanity-4 run tests/fs/lustre/sanity/sanity-4.ktest PASS 117s
END ml-miscvm:llog-unit run tests/fs/lustre/llog-unit.ktest FAIL 152s (exit code: 1)

============================================================
Final Results:
  checkpatch:checkpatch: PASS (17s) (log: /var/www/ci-lustre/upstream-patch-review/05dbb9c08815e79035974b91750f501e6f6394ca_checkpatch:checkpatch.log)
  u24:u24: PASS (40s) (log: /var/www/ci-lustre/upstream-patch-review/05dbb9c08815e79035974b91750f501e6f6394ca_u24:u24.log)
  al2023:al2023: PASS (46s) (log: /var/www/ci-lustre/upstream-patch-review/05dbb9c08815e79035974b91750f501e6f6394ca_al2023:al2023.log)
  ml-strict:lustre_mainline: FAIL (165s) (log: /var/www/ci-lustre/upstream-patch-review/05dbb9c08815e79035974b91750f501e6f6394ca_ml-strict:lustre_mainline.log)
  ml:lustre_mainline: PASS (161s) (log: /var/www/ci-lustre/upstream-patch-review/05dbb9c08815e79035974b91750f501e6f6394ca_ml:lustre_mainline.log)
  ml-miscvm:lustre_mainline_native: PASS (162s) (log: /var/www/ci-lustre/upstream-patch-review/05dbb9c08815e79035974b91750f501e6f6394ca_ml-miscvm:lustre_mainline_native.log)
  ml-miscvm:boot: PASS (67s) (log: /var/www/ci-lustre/upstream-patch-review/05dbb9c08815e79035974b91750f501e6f6394ca_ml-miscvm:boot.log)
  ml-miscvm:llmount: PASS (115s) (log: /var/www/ci-lustre/upstream-patch-review/05dbb9c08815e79035974b91750f501e6f6394ca_ml-miscvm:llmount.log)
  ml-miscvm:llog-unit: FAIL (152s) (log: /var/www/ci-lustre/upstream-patch-review/05dbb9c08815e79035974b91750f501e6f6394ca_ml-miscvm:llog-unit.log)
  ml-miscvm:mgs-setup: PASS (75s) (log: /var/www/ci-lustre/upstream-patch-review/05dbb9c08815e79035974b91750f501e6f6394ca_ml-miscvm:mgs-setup.log)
  ml-miscvm:sanity-1: PASS (104s) (log: /var/www/ci-lustre/upstream-patch-review/05dbb9c08815e79035974b91750f501e6f6394ca_ml-miscvm:sanity-1.log)
  ml-miscvm:sanity-2: PASS (107s) (log: /var/www/ci-lustre/upstream-patch-review/05dbb9c08815e79035974b91750f501e6f6394ca_ml-miscvm:sanity-2.log)
  ml-miscvm:sanity-3: PASS (108s) (log: /var/www/ci-lustre/upstream-patch-review/05dbb9c08815e79035974b91750f501e6f6394ca_ml-miscvm:sanity-3.log)
  ml-miscvm:sanity-4: PASS (117s) (log: /var/www/ci-lustre/upstream-patch-review/05dbb9c08815e79035974b91750f501e6f6394ca_ml-miscvm:sanity-4.log)

Total execution time: 345s

Packed 2326 logs from /var/www/ci-lustre/upstream-patch-review into /home/ktest/ktest/local-site/local_data.js
Open /home/ktest/ktest/local-site/index.html in a browser
