CLI: ./pk --podman-socket unix:///run/user/1000/podman/podman.sock --shared-filesystem /tmp --tarball-input job distro --output /var/www/ci-lustre/upstream-patch-review --git-hash 06d5f3ac20463c747dd0f833f8ab9c246f71c982_distro --change-id master-next_06d5f3ac20463c747dd0f833f8ab9c246f71c982_distro --subject [distro] Staging branch for new changes

Environment validated successfully
Note: custom LLVM is not synced in tarball input mode
Creating lustre tarball at /tmp/ktest-lustre.tar.gz...
Creating ZFS tarball at /tmp/ktest-zfs.tar.gz...
Executing 21 jobs
Jobs will start as soon as their dependencies are satisfied
Using tarball input mode

START u26-pkg:u26-pkg package tests/fs/lustre/boot.ktest
START rocky9:rocky9 build tests/fs/lustre/boot.ktest
START rocky10:rocky10 build tests/fs/lustre/boot.ktest
START al2023-dkms:al2023-dkms
START al2023-pkg:al2023-pkg package tests/fs/lustre/boot.ktest
START al2:al2 build tests/fs/lustre/boot.ktest
START al2023:al2023 build tests/fs/lustre/boot.ktest
START rocky10-pkg:rocky10-pkg package tests/fs/lustre/boot.ktest
START u24-pkg:u24-pkg package tests/fs/lustre/boot.ktest
START rocky8-dkms:rocky8-dkms
START u26:u26 build tests/fs/lustre/boot.ktest
START u24-dkms:u24-dkms
START rocky9-dkms:rocky9-dkms
START al2-pkg:al2-pkg package tests/fs/lustre/boot.ktest
START al2-dkms:al2-dkms
START rocky8:rocky8 build tests/fs/lustre/boot.ktest
START u24:u24 build tests/fs/lustre/boot.ktest
START rocky9-pkg:rocky9-pkg package tests/fs/lustre/boot.ktest
START rocky8-pkg:rocky8-pkg package tests/fs/lustre/boot.ktest
START rocky10-dkms:rocky10-dkms
START u26-dkms:u26-dkms
PUT /tmp/ktest-lustre.tar.gz 2s
PUT /tmp/ktest-lustre.tar.gz 2s
PUT /tmp/ktest-lustre.tar.gz 2s
PUT /tmp/ktest-lustre.tar.gz 2s
PUT /tmp/ktest-lustre.tar.gz 2s
PUT /tmp/ktest-lustre.tar.gz 2s
PUT /tmp/ktest-lustre.tar.gz 2s
PUT /tmp/ktest-lustre.tar.gz 2s
PUT /tmp/ktest-lustre.tar.gz 2s
PUT /tmp/ktest-lustre.tar.gz 2s
END rocky10-pkg:rocky10-pkg package tests/fs/lustre/boot.ktest FAIL 41s (exit code: 2)
PUT /tmp/ktest-lustre.tar.gz 2s
END al2023-pkg:al2023-pkg package tests/fs/lustre/boot.ktest FAIL 50s (exit code: 2)
PUT /tmp/ktest-lustre.tar.gz 3s
END al2:al2 build tests/fs/lustre/boot.ktest FAIL 78s (exit code: 2)
PUT /tmp/ktest-lustre.tar.gz 4s
END rocky8-dkms:rocky8-dkms dkms tests/fs/lustre/boot.ktest PASS 98s
PUT /tmp/ktest-lustre.tar.gz 4s
END al2023-dkms:al2023-dkms dkms tests/fs/lustre/boot.ktest PASS 127s
END al2023:al2023 build tests/fs/lustre/boot.ktest PASS 127s
PUT /tmp/ktest-lustre.tar.gz 7s
PUT /tmp/ktest-lustre.tar.gz 8s
END al2-pkg:al2-pkg package tests/fs/lustre/boot.ktest FAIL 71s (exit code: 2)
PUT /tmp/ktest-lustre.tar.gz 6s
END rocky9:rocky9 build tests/fs/lustre/boot.ktest PASS 183s
PUT /tmp/ktest-lustre.tar.gz 5s
END u26:u26 build tests/fs/lustre/boot.ktest PASS 148s
END rocky9-dkms:rocky9-dkms dkms tests/fs/lustre/boot.ktest PASS 112s
PUT /tmp/ktest-lustre.tar.gz 8s
PUT /tmp/ktest-lustre.tar.gz 9s
END rocky10:rocky10 build tests/fs/lustre/boot.ktest PASS 201s
PUT /tmp/ktest-lustre.tar.gz 5s
END rocky8:rocky8 build tests/fs/lustre/boot.ktest PASS 83s
END al2-dkms:al2-dkms dkms tests/fs/lustre/boot.ktest PASS 101s
END u24:u24 build tests/fs/lustre/boot.ktest PASS 82s
END rocky10-dkms:rocky10-dkms dkms tests/fs/lustre/boot.ktest PASS 94s
END u24-dkms:u24-dkms dkms tests/fs/lustre/boot.ktest PASS 258s
END u24-pkg:u24-pkg package tests/fs/lustre/boot.ktest PASS 345s
END rocky8-pkg:rocky8-pkg package tests/fs/lustre/boot.ktest PASS 164s
END rocky9-pkg:rocky9-pkg package tests/fs/lustre/boot.ktest PASS 171s
END u26-pkg:u26-pkg package tests/fs/lustre/boot.ktest PASS 377s
END u26-dkms:u26-dkms dkms tests/fs/lustre/boot.ktest PASS 178s

============================================================
Final Results:
  al2:al2: FAIL (78s) (log: /var/www/ci-lustre/upstream-patch-review/06d5f3ac20463c747dd0f833f8ab9c246f71c982_distro_al2:al2.log)
  al2-pkg:al2-pkg: FAIL (71s) (log: /var/www/ci-lustre/upstream-patch-review/06d5f3ac20463c747dd0f833f8ab9c246f71c982_distro_al2-pkg:al2-pkg.log)
  al2-dkms:al2-dkms: PASS (101s) (log: /var/www/ci-lustre/upstream-patch-review/06d5f3ac20463c747dd0f833f8ab9c246f71c982_distro_al2-dkms:al2-dkms.log)
  al2023:al2023: PASS (127s) (log: /var/www/ci-lustre/upstream-patch-review/06d5f3ac20463c747dd0f833f8ab9c246f71c982_distro_al2023:al2023.log)
  al2023-pkg:al2023-pkg: FAIL (50s) (log: /var/www/ci-lustre/upstream-patch-review/06d5f3ac20463c747dd0f833f8ab9c246f71c982_distro_al2023-pkg:al2023-pkg.log)
  al2023-dkms:al2023-dkms: PASS (127s) (log: /var/www/ci-lustre/upstream-patch-review/06d5f3ac20463c747dd0f833f8ab9c246f71c982_distro_al2023-dkms:al2023-dkms.log)
  rocky8:rocky8: PASS (83s) (log: /var/www/ci-lustre/upstream-patch-review/06d5f3ac20463c747dd0f833f8ab9c246f71c982_distro_rocky8:rocky8.log)
  rocky8-pkg:rocky8-pkg: PASS (164s) (log: /var/www/ci-lustre/upstream-patch-review/06d5f3ac20463c747dd0f833f8ab9c246f71c982_distro_rocky8-pkg:rocky8-pkg.log)
  rocky8-dkms:rocky8-dkms: PASS (98s) (log: /var/www/ci-lustre/upstream-patch-review/06d5f3ac20463c747dd0f833f8ab9c246f71c982_distro_rocky8-dkms:rocky8-dkms.log)
  rocky9:rocky9: PASS (183s) (log: /var/www/ci-lustre/upstream-patch-review/06d5f3ac20463c747dd0f833f8ab9c246f71c982_distro_rocky9:rocky9.log)
  rocky9-pkg:rocky9-pkg: PASS (171s) (log: /var/www/ci-lustre/upstream-patch-review/06d5f3ac20463c747dd0f833f8ab9c246f71c982_distro_rocky9-pkg:rocky9-pkg.log)
  rocky9-dkms:rocky9-dkms: PASS (112s) (log: /var/www/ci-lustre/upstream-patch-review/06d5f3ac20463c747dd0f833f8ab9c246f71c982_distro_rocky9-dkms:rocky9-dkms.log)
  rocky10:rocky10: PASS (201s) (log: /var/www/ci-lustre/upstream-patch-review/06d5f3ac20463c747dd0f833f8ab9c246f71c982_distro_rocky10:rocky10.log)
  rocky10-pkg:rocky10-pkg: FAIL (41s) (log: /var/www/ci-lustre/upstream-patch-review/06d5f3ac20463c747dd0f833f8ab9c246f71c982_distro_rocky10-pkg:rocky10-pkg.log)
  rocky10-dkms:rocky10-dkms: PASS (94s) (log: /var/www/ci-lustre/upstream-patch-review/06d5f3ac20463c747dd0f833f8ab9c246f71c982_distro_rocky10-dkms:rocky10-dkms.log)
  u24:u24: PASS (82s) (log: /var/www/ci-lustre/upstream-patch-review/06d5f3ac20463c747dd0f833f8ab9c246f71c982_distro_u24:u24.log)
  u24-pkg:u24-pkg: PASS (345s) (log: /var/www/ci-lustre/upstream-patch-review/06d5f3ac20463c747dd0f833f8ab9c246f71c982_distro_u24-pkg:u24-pkg.log)
  u24-dkms:u24-dkms: PASS (258s) (log: /var/www/ci-lustre/upstream-patch-review/06d5f3ac20463c747dd0f833f8ab9c246f71c982_distro_u24-dkms:u24-dkms.log)
  u26:u26: PASS (148s) (log: /var/www/ci-lustre/upstream-patch-review/06d5f3ac20463c747dd0f833f8ab9c246f71c982_distro_u26:u26.log)
  u26-pkg:u26-pkg: PASS (377s) (log: /var/www/ci-lustre/upstream-patch-review/06d5f3ac20463c747dd0f833f8ab9c246f71c982_distro_u26-pkg:u26-pkg.log)
  u26-dkms:u26-dkms: PASS (178s) (log: /var/www/ci-lustre/upstream-patch-review/06d5f3ac20463c747dd0f833f8ab9c246f71c982_distro_u26-dkms:u26-dkms.log)

Total execution time: 389s

Packed 6763 logs from /var/www/ci-lustre/upstream-patch-review into /home/ktest/ktest/local-site/local_data.js
Open /home/ktest/ktest/local-site/index.html in a browser
