CLI: ./pk --podman-socket unix:///run/podman/podman.sock --shared-filesystem /tmp --tarball-input job lustre-ci --output /var/www/ci-lustre/upstream-patch-review --git-hash 072c3c953c894fd7a1c0c43a999500f43809529c --change-id 67900_072c3c953c894fd7a1c0c43a999500f43809529c --subject LU-17916 obdclass: fix dt_index_page_adjust() w/ 64K PAGE_SIZE

Environment validated successfully
Note: custom LLVM is not synced in tarball input mode
Creating kernel tarball at /tmp/ktest-kernel.tar.gz...
Creating lustre tarball at /tmp/ktest-lustre.tar.gz...
Creating ZFS tarball at /tmp/ktest-zfs.tar.gz...
Executing 14 jobs
Jobs will start as soon as their dependencies are satisfied
Using tarball input mode

START ml:lustre_mainline build tests/fs/lustre/boot.ktest
START al2023:al2023 build tests/fs/lustre/boot.ktest
START u24:u24 build tests/fs/lustre/boot.ktest
START checkpatch:checkpatch tool checkpatch
START ml-strict:lustre_mainline build tests/fs/lustre/boot-strict.ktest
START ml-miscvm:lustre_mainline_native build tests/fs/lustre/boot.ktest
PUT /tmp/ktest-lustre.tar.gz 1s
PUT /tmp/ktest-lustre.tar.gz 1s
PUT /tmp/ktest-kernel.tar.gz 6s
PUT /tmp/ktest-kernel.tar.gz 6s
PUT /tmp/ktest-kernel.tar.gz 6s
PUT /tmp/ktest-kernel.tar.gz 7s
PUT /tmp/ktest-lustre.tar.gz 3s
PUT /tmp/ktest-lustre.tar.gz 3s
PUT /tmp/ktest-lustre.tar.gz 3s
PUT /tmp/ktest-lustre.tar.gz 3s
PUT /tmp/ktest-zfs.tar.gz 0s
PUT /tmp/ktest-zfs.tar.gz 0s
PUT /tmp/ktest-zfs.tar.gz 0s
END checkpatch:checkpatch tool checkpatch PASS 12s
END u24:u24 build tests/fs/lustre/boot.ktest PASS 38s
END al2023:al2023 build tests/fs/lustre/boot.ktest PASS 47s
GET /tmp/ktest_ml:lustre_mainline_dychvgol.tar 0s
END ml:lustre_mainline build tests/fs/lustre/boot.ktest PASS 142s
GET /tmp/ktest_ml-miscvm:lustre_mainline_native_511kxeh_.tar 0s
END ml-miscvm:lustre_mainline_native build tests/fs/lustre/boot.ktest PASS 145s
START ml-miscvm:boot run tests/fs/lustre/boot.ktest
START ml-miscvm:llmount run tests/fs/lustre/llmount.ktest
START ml-miscvm:llog-unit run tests/fs/lustre/llog-unit.ktest
START ml-miscvm:mgs-setup run tests/fs/lustre/mgs-setup.ktest
START ml-miscvm:sanity-1 run tests/fs/lustre/sanity/sanity-1.ktest
START ml-miscvm:sanity-2 run tests/fs/lustre/sanity/sanity-2.ktest
START ml-miscvm:sanity-3 run tests/fs/lustre/sanity/sanity-3.ktest
START ml-miscvm:sanity-4 run tests/fs/lustre/sanity/sanity-4.ktest
GET /tmp/ktest_ml-strict:lustre_mainline_ctaa8ejp.tar 6s
END ml-strict:lustre_mainline build tests/fs/lustre/boot-strict.ktest FAIL 155s (exit code: 1)
PUT /tmp/ktest-kernel.tar.gz 27s
PUT /tmp/ktest-kernel.tar.gz 27s
PUT /tmp/ktest-kernel.tar.gz 27s
PUT /tmp/ktest-kernel.tar.gz 27s
PUT /tmp/ktest-kernel.tar.gz 27s
PUT /tmp/ktest-kernel.tar.gz 27s
PUT /tmp/ktest-kernel.tar.gz 28s
PUT /tmp/ktest-kernel.tar.gz 27s
PUT /tmp/ktest-lustre.tar.gz 6s
PUT /tmp/ktest-lustre.tar.gz 6s
PUT /tmp/ktest-lustre.tar.gz 6s
PUT /tmp/ktest-lustre.tar.gz 6s
PUT /tmp/ktest-lustre.tar.gz 5s
PUT /tmp/ktest-lustre.tar.gz 5s
PUT /tmp/ktest-lustre.tar.gz 5s
PUT /tmp/ktest-lustre.tar.gz 6s
PUT /tmp/ktest_ml-miscvm:lustre_mainline_native_511kxeh_.tar 0s
PUT /tmp/ktest_ml-miscvm:lustre_mainline_native_511kxeh_.tar 0s
PUT /tmp/ktest_ml-miscvm:lustre_mainline_native_511kxeh_.tar 0s
PUT /tmp/ktest_ml-miscvm:lustre_mainline_native_511kxeh_.tar 0s
PUT /tmp/ktest_ml-miscvm:lustre_mainline_native_511kxeh_.tar 0s
PUT /tmp/ktest_ml-miscvm:lustre_mainline_native_511kxeh_.tar 0s
PUT /tmp/ktest_ml-miscvm:lustre_mainline_native_511kxeh_.tar 0s
PUT /tmp/ktest_ml-miscvm:lustre_mainline_native_511kxeh_.tar 0s
END ml-miscvm:boot run tests/fs/lustre/boot.ktest PASS 45s
END ml-miscvm:mgs-setup run tests/fs/lustre/mgs-setup.ktest PASS 54s
END ml-miscvm:sanity-4 run tests/fs/lustre/sanity/sanity-4.ktest PASS 83s
END ml-miscvm:sanity-2 run tests/fs/lustre/sanity/sanity-2.ktest PASS 85s
END ml-miscvm:sanity-3 run tests/fs/lustre/sanity/sanity-3.ktest PASS 86s
END ml-miscvm:sanity-1 run tests/fs/lustre/sanity/sanity-1.ktest PASS 94s
END ml-miscvm:llmount run tests/fs/lustre/llmount.ktest PASS 95s
END ml-miscvm:llog-unit run tests/fs/lustre/llog-unit.ktest FAIL 131s (exit code: 1)

============================================================
Final Results:
  checkpatch:checkpatch: PASS (12s) (log: /var/www/ci-lustre/upstream-patch-review/072c3c953c894fd7a1c0c43a999500f43809529c_checkpatch:checkpatch.log)
  u24:u24: PASS (38s) (log: /var/www/ci-lustre/upstream-patch-review/072c3c953c894fd7a1c0c43a999500f43809529c_u24:u24.log)
  al2023:al2023: PASS (47s) (log: /var/www/ci-lustre/upstream-patch-review/072c3c953c894fd7a1c0c43a999500f43809529c_al2023:al2023.log)
  ml-strict:lustre_mainline: FAIL (155s) (log: /var/www/ci-lustre/upstream-patch-review/072c3c953c894fd7a1c0c43a999500f43809529c_ml-strict:lustre_mainline.log)
  ml:lustre_mainline: PASS (142s) (log: /var/www/ci-lustre/upstream-patch-review/072c3c953c894fd7a1c0c43a999500f43809529c_ml:lustre_mainline.log)
  ml-miscvm:lustre_mainline_native: PASS (145s) (log: /var/www/ci-lustre/upstream-patch-review/072c3c953c894fd7a1c0c43a999500f43809529c_ml-miscvm:lustre_mainline_native.log)
  ml-miscvm:boot: PASS (45s) (log: /var/www/ci-lustre/upstream-patch-review/072c3c953c894fd7a1c0c43a999500f43809529c_ml-miscvm:boot.log)
  ml-miscvm:llmount: PASS (95s) (log: /var/www/ci-lustre/upstream-patch-review/072c3c953c894fd7a1c0c43a999500f43809529c_ml-miscvm:llmount.log)
  ml-miscvm:llog-unit: FAIL (131s) (log: /var/www/ci-lustre/upstream-patch-review/072c3c953c894fd7a1c0c43a999500f43809529c_ml-miscvm:llog-unit.log)
  ml-miscvm:mgs-setup: PASS (54s) (log: /var/www/ci-lustre/upstream-patch-review/072c3c953c894fd7a1c0c43a999500f43809529c_ml-miscvm:mgs-setup.log)
  ml-miscvm:sanity-1: PASS (94s) (log: /var/www/ci-lustre/upstream-patch-review/072c3c953c894fd7a1c0c43a999500f43809529c_ml-miscvm:sanity-1.log)
  ml-miscvm:sanity-2: PASS (85s) (log: /var/www/ci-lustre/upstream-patch-review/072c3c953c894fd7a1c0c43a999500f43809529c_ml-miscvm:sanity-2.log)
  ml-miscvm:sanity-3: PASS (86s) (log: /var/www/ci-lustre/upstream-patch-review/072c3c953c894fd7a1c0c43a999500f43809529c_ml-miscvm:sanity-3.log)
  ml-miscvm:sanity-4: PASS (83s) (log: /var/www/ci-lustre/upstream-patch-review/072c3c953c894fd7a1c0c43a999500f43809529c_ml-miscvm:sanity-4.log)

Total execution time: 306s

Packed 4604 logs from /var/www/ci-lustre/upstream-patch-review into /home/ktest/ktest/local-site/local_data.js
Open /home/ktest/ktest/local-site/index.html in a browser
