CLI: ./pk --podman-socket unix:///run/podman/podman.sock --shared-filesystem /tmp --tarball-input job lustre-ci --output /var/www/ci-lustre/upstream-patch-review --git-hash 078117a24418cdbd0ff2418c22d0e5f3c7db1bb4 --change-id 50871_078117a24418cdbd0ff2418c22d0e5f3c7db1bb4 --subject LU-9512 utils: O_TMPFILE support

Environment validated successfully
Note: custom LLVM is not synced in tarball input mode
Creating kernel tarball at /tmp/ktest-kernel.tar.gz...
Creating lustre tarball at /tmp/ktest-lustre.tar.gz...
Creating ZFS tarball at /tmp/ktest-zfs.tar.gz...
Executing 14 jobs
Jobs will start as soon as their dependencies are satisfied
Using tarball input mode

START al2023:al2023 build tests/fs/lustre/boot.ktest
START checkpatch:checkpatch tool checkpatch
START u24:u24 build tests/fs/lustre/boot.ktest
START ml-strict:lustre_mainline build tests/fs/lustre/boot-strict.ktest
START ml-miscvm:lustre_mainline_native build tests/fs/lustre/boot.ktest
START ml:lustre_mainline build tests/fs/lustre/boot.ktest
PUT /tmp/ktest-lustre.tar.gz 1s
PUT /tmp/ktest-lustre.tar.gz 1s
PUT /tmp/ktest-kernel.tar.gz 7s
PUT /tmp/ktest-kernel.tar.gz 7s
PUT /tmp/ktest-kernel.tar.gz 7s
PUT /tmp/ktest-kernel.tar.gz 7s
PUT /tmp/ktest-lustre.tar.gz 2s
PUT /tmp/ktest-lustre.tar.gz 2s
PUT /tmp/ktest-lustre.tar.gz 2s
PUT /tmp/ktest-lustre.tar.gz 2s
PUT /tmp/ktest-zfs.tar.gz 0s
PUT /tmp/ktest-zfs.tar.gz 0s
PUT /tmp/ktest-zfs.tar.gz 0s
END checkpatch:checkpatch tool checkpatch FAIL 13s (exit code: 1)
END u24:u24 build tests/fs/lustre/boot.ktest FAIL 38s (exit code: 2)
END al2023:al2023 build tests/fs/lustre/boot.ktest PASS 45s
GET /tmp/ktest_ml-strict:lustre_mainline_bv8ei86b.tar 4s
END ml-strict:lustre_mainline build tests/fs/lustre/boot-strict.ktest FAIL 201s (exit code: 1)
GET /tmp/ktest_ml:lustre_mainline_16b437ir.tar 1s
GET /tmp/ktest_ml-miscvm:lustre_mainline_native_1gj47pz9.tar 1s
END ml:lustre_mainline build tests/fs/lustre/boot.ktest PASS 203s
END ml-miscvm:lustre_mainline_native build tests/fs/lustre/boot.ktest PASS 204s
START ml-miscvm:boot run tests/fs/lustre/boot.ktest
START ml-miscvm:llmount run tests/fs/lustre/llmount.ktest
START ml-miscvm:llog-unit run tests/fs/lustre/llog-unit.ktest
START ml-miscvm:mgs-setup run tests/fs/lustre/mgs-setup.ktest
START ml-miscvm:sanity-1 run tests/fs/lustre/sanity/sanity-1.ktest
START ml-miscvm:sanity-2 run tests/fs/lustre/sanity/sanity-2.ktest
START ml-miscvm:sanity-3 run tests/fs/lustre/sanity/sanity-3.ktest
START ml-miscvm:sanity-4 run tests/fs/lustre/sanity/sanity-4.ktest
PUT /tmp/ktest-kernel.tar.gz 13s
PUT /tmp/ktest-kernel.tar.gz 13s
PUT /tmp/ktest-kernel.tar.gz 13s
PUT /tmp/ktest-kernel.tar.gz 13s
PUT /tmp/ktest-kernel.tar.gz 13s
PUT /tmp/ktest-kernel.tar.gz 13s
PUT /tmp/ktest-kernel.tar.gz 14s
PUT /tmp/ktest-kernel.tar.gz 14s
PUT /tmp/ktest-lustre.tar.gz 4s
PUT /tmp/ktest-lustre.tar.gz 4s
PUT /tmp/ktest-lustre.tar.gz 4s
PUT /tmp/ktest-lustre.tar.gz 3s
PUT /tmp/ktest-lustre.tar.gz 4s
PUT /tmp/ktest-lustre.tar.gz 3s
PUT /tmp/ktest-lustre.tar.gz 4s
PUT /tmp/ktest-lustre.tar.gz 4s
PUT /tmp/ktest_ml-miscvm:lustre_mainline_native_1gj47pz9.tar 0s
PUT /tmp/ktest_ml-miscvm:lustre_mainline_native_1gj47pz9.tar 0s
PUT /tmp/ktest_ml-miscvm:lustre_mainline_native_1gj47pz9.tar 0s
PUT /tmp/ktest_ml-miscvm:lustre_mainline_native_1gj47pz9.tar 0s
PUT /tmp/ktest_ml-miscvm:lustre_mainline_native_1gj47pz9.tar 0s
PUT /tmp/ktest_ml-miscvm:lustre_mainline_native_1gj47pz9.tar 0s
PUT /tmp/ktest_ml-miscvm:lustre_mainline_native_1gj47pz9.tar 0s
PUT /tmp/ktest_ml-miscvm:lustre_mainline_native_1gj47pz9.tar 0s
END ml-miscvm:boot run tests/fs/lustre/boot.ktest PASS 28s
END ml-miscvm:mgs-setup run tests/fs/lustre/mgs-setup.ktest PASS 39s
END ml-miscvm:sanity-4 run tests/fs/lustre/sanity/sanity-4.ktest PASS 68s
END ml-miscvm:sanity-2 run tests/fs/lustre/sanity/sanity-2.ktest PASS 70s
END ml-miscvm:sanity-3 run tests/fs/lustre/sanity/sanity-3.ktest PASS 71s
END ml-miscvm:llmount run tests/fs/lustre/llmount.ktest PASS 77s
END ml-miscvm:sanity-1 run tests/fs/lustre/sanity/sanity-1.ktest PASS 79s
END ml-miscvm:llog-unit run tests/fs/lustre/llog-unit.ktest FAIL 117s (exit code: 1)

============================================================
Final Results:
  checkpatch:checkpatch: FAIL (13s) (log: /var/www/ci-lustre/upstream-patch-review/078117a24418cdbd0ff2418c22d0e5f3c7db1bb4_checkpatch:checkpatch.log)
  u24:u24: FAIL (38s) (log: /var/www/ci-lustre/upstream-patch-review/078117a24418cdbd0ff2418c22d0e5f3c7db1bb4_u24:u24.log)
  al2023:al2023: PASS (45s) (log: /var/www/ci-lustre/upstream-patch-review/078117a24418cdbd0ff2418c22d0e5f3c7db1bb4_al2023:al2023.log)
  ml-strict:lustre_mainline: FAIL (201s) (log: /var/www/ci-lustre/upstream-patch-review/078117a24418cdbd0ff2418c22d0e5f3c7db1bb4_ml-strict:lustre_mainline.log)
  ml:lustre_mainline: PASS (203s) (log: /var/www/ci-lustre/upstream-patch-review/078117a24418cdbd0ff2418c22d0e5f3c7db1bb4_ml:lustre_mainline.log)
  ml-miscvm:lustre_mainline_native: PASS (204s) (log: /var/www/ci-lustre/upstream-patch-review/078117a24418cdbd0ff2418c22d0e5f3c7db1bb4_ml-miscvm:lustre_mainline_native.log)
  ml-miscvm:boot: PASS (28s) (log: /var/www/ci-lustre/upstream-patch-review/078117a24418cdbd0ff2418c22d0e5f3c7db1bb4_ml-miscvm:boot.log)
  ml-miscvm:llmount: PASS (77s) (log: /var/www/ci-lustre/upstream-patch-review/078117a24418cdbd0ff2418c22d0e5f3c7db1bb4_ml-miscvm:llmount.log)
  ml-miscvm:llog-unit: FAIL (117s) (log: /var/www/ci-lustre/upstream-patch-review/078117a24418cdbd0ff2418c22d0e5f3c7db1bb4_ml-miscvm:llog-unit.log)
  ml-miscvm:mgs-setup: PASS (39s) (log: /var/www/ci-lustre/upstream-patch-review/078117a24418cdbd0ff2418c22d0e5f3c7db1bb4_ml-miscvm:mgs-setup.log)
  ml-miscvm:sanity-1: PASS (79s) (log: /var/www/ci-lustre/upstream-patch-review/078117a24418cdbd0ff2418c22d0e5f3c7db1bb4_ml-miscvm:sanity-1.log)
  ml-miscvm:sanity-2: PASS (70s) (log: /var/www/ci-lustre/upstream-patch-review/078117a24418cdbd0ff2418c22d0e5f3c7db1bb4_ml-miscvm:sanity-2.log)
  ml-miscvm:sanity-3: PASS (71s) (log: /var/www/ci-lustre/upstream-patch-review/078117a24418cdbd0ff2418c22d0e5f3c7db1bb4_ml-miscvm:sanity-3.log)
  ml-miscvm:sanity-4: PASS (68s) (log: /var/www/ci-lustre/upstream-patch-review/078117a24418cdbd0ff2418c22d0e5f3c7db1bb4_ml-miscvm:sanity-4.log)

Total execution time: 351s

Packed 3282 logs from /var/www/ci-lustre/upstream-patch-review into /home/ktest/ktest/local-site/local_data.js
Open /home/ktest/ktest/local-site/index.html in a browser
