CLI: ./pk --podman-socket unix:///run/user/1000/podman/podman.sock --shared-filesystem /tmp --tarball-input job lustre-ci --output /var/www/ci-lustre/upstream-patch-review --git-hash 07aebcce4af47c99e034dc65366752a0f11ba8cb --change-id 67470_07aebcce4af47c99e034dc65366752a0f11ba8cb --subject LU-20403 ptlrpc: refresh export conn on primary migration

Environment validated successfully
Note: custom LLVM is not synced in tarball input mode
Creating kernel tarball at /tmp/ktest-kernel.tar.gz...
Creating lustre tarball at /tmp/ktest-lustre.tar.gz...
Creating ZFS tarball at /tmp/ktest-zfs.tar.gz...
Executing 14 jobs
Jobs will start as soon as their dependencies are satisfied
Using tarball input mode

START al2023:al2023 build tests/fs/lustre/boot.ktest
START checkpatch:checkpatch tool checkpatch
START ml-strict:lustre_mainline build tests/fs/lustre/boot-strict.ktest
START u24:u24 build tests/fs/lustre/boot.ktest
START ml:lustre_mainline build tests/fs/lustre/boot.ktest
START ml-miscvm:lustre_mainline_native build tests/fs/lustre/boot.ktest
PUT /tmp/ktest-lustre.tar.gz 1s
PUT /tmp/ktest-lustre.tar.gz 1s
PUT /tmp/ktest-kernel.tar.gz 6s
PUT /tmp/ktest-kernel.tar.gz 6s
PUT /tmp/ktest-kernel.tar.gz 6s
PUT /tmp/ktest-kernel.tar.gz 7s
PUT /tmp/ktest-lustre.tar.gz 4s
PUT /tmp/ktest-lustre.tar.gz 3s
PUT /tmp/ktest-lustre.tar.gz 4s
PUT /tmp/ktest-lustre.tar.gz 3s
PUT /tmp/ktest-zfs.tar.gz 0s
PUT /tmp/ktest-zfs.tar.gz 0s
PUT /tmp/ktest-zfs.tar.gz 0s
END checkpatch:checkpatch tool checkpatch PASS 14s
END u24:u24 build tests/fs/lustre/boot.ktest PASS 38s
END al2023:al2023 build tests/fs/lustre/boot.ktest PASS 44s
GET /tmp/ktest_ml-strict:lustre_mainline_4inhu5l9.tar 7s
END ml-strict:lustre_mainline build tests/fs/lustre/boot-strict.ktest FAIL 210s (exit code: 1)
GET /tmp/ktest_ml:lustre_mainline_uasr3e4k.tar 0s
GET /tmp/ktest_ml-miscvm:lustre_mainline_native_r0kciutv.tar 0s
END ml:lustre_mainline build tests/fs/lustre/boot.ktest PASS 232s
END ml-miscvm:lustre_mainline_native build tests/fs/lustre/boot.ktest PASS 234s
START ml-miscvm:boot run tests/fs/lustre/boot.ktest
START ml-miscvm:llmount run tests/fs/lustre/llmount.ktest
START ml-miscvm:llog-unit run tests/fs/lustre/llog-unit.ktest
START ml-miscvm:mgs-setup run tests/fs/lustre/mgs-setup.ktest
START ml-miscvm:sanity-1 run tests/fs/lustre/sanity/sanity-1.ktest
START ml-miscvm:sanity-2 run tests/fs/lustre/sanity/sanity-2.ktest
START ml-miscvm:sanity-3 run tests/fs/lustre/sanity/sanity-3.ktest
START ml-miscvm:sanity-4 run tests/fs/lustre/sanity/sanity-4.ktest
PUT /tmp/ktest-kernel.tar.gz 38s
PUT /tmp/ktest-kernel.tar.gz 38s
PUT /tmp/ktest-kernel.tar.gz 38s
PUT /tmp/ktest-kernel.tar.gz 39s
PUT /tmp/ktest-kernel.tar.gz 39s
PUT /tmp/ktest-kernel.tar.gz 38s
PUT /tmp/ktest-kernel.tar.gz 39s
PUT /tmp/ktest-kernel.tar.gz 39s
PUT /tmp/ktest-lustre.tar.gz 14s
PUT /tmp/ktest-lustre.tar.gz 13s
PUT /tmp/ktest-lustre.tar.gz 14s
PUT /tmp/ktest-lustre.tar.gz 13s
PUT /tmp/ktest-lustre.tar.gz 14s
PUT /tmp/ktest-lustre.tar.gz 14s
PUT /tmp/ktest-lustre.tar.gz 14s
PUT /tmp/ktest-lustre.tar.gz 14s
PUT /tmp/ktest_ml-miscvm:lustre_mainline_native_r0kciutv.tar 2s
PUT /tmp/ktest_ml-miscvm:lustre_mainline_native_r0kciutv.tar 2s
PUT /tmp/ktest_ml-miscvm:lustre_mainline_native_r0kciutv.tar 3s
PUT /tmp/ktest_ml-miscvm:lustre_mainline_native_r0kciutv.tar 2s
PUT /tmp/ktest_ml-miscvm:lustre_mainline_native_r0kciutv.tar 3s
PUT /tmp/ktest_ml-miscvm:lustre_mainline_native_r0kciutv.tar 2s
PUT /tmp/ktest_ml-miscvm:lustre_mainline_native_r0kciutv.tar 3s
PUT /tmp/ktest_ml-miscvm:lustre_mainline_native_r0kciutv.tar 3s
END ml-miscvm:boot run tests/fs/lustre/boot.ktest PASS 68s
END ml-miscvm:mgs-setup run tests/fs/lustre/mgs-setup.ktest PASS 77s
END ml-miscvm:sanity-4 run tests/fs/lustre/sanity/sanity-4.ktest PASS 107s
END ml-miscvm:sanity-3 run tests/fs/lustre/sanity/sanity-3.ktest PASS 108s
END ml-miscvm:sanity-2 run tests/fs/lustre/sanity/sanity-2.ktest PASS 110s
END ml-miscvm:sanity-1 run tests/fs/lustre/sanity/sanity-1.ktest PASS 111s
END ml-miscvm:llmount run tests/fs/lustre/llmount.ktest PASS 116s
END ml-miscvm:llog-unit run tests/fs/lustre/llog-unit.ktest FAIL 153s (exit code: 1)

============================================================
Final Results:
  checkpatch:checkpatch: PASS (14s) (log: /var/www/ci-lustre/upstream-patch-review/07aebcce4af47c99e034dc65366752a0f11ba8cb_checkpatch:checkpatch.log)
  u24:u24: PASS (38s) (log: /var/www/ci-lustre/upstream-patch-review/07aebcce4af47c99e034dc65366752a0f11ba8cb_u24:u24.log)
  al2023:al2023: PASS (44s) (log: /var/www/ci-lustre/upstream-patch-review/07aebcce4af47c99e034dc65366752a0f11ba8cb_al2023:al2023.log)
  ml-strict:lustre_mainline: FAIL (210s) (log: /var/www/ci-lustre/upstream-patch-review/07aebcce4af47c99e034dc65366752a0f11ba8cb_ml-strict:lustre_mainline.log)
  ml:lustre_mainline: PASS (232s) (log: /var/www/ci-lustre/upstream-patch-review/07aebcce4af47c99e034dc65366752a0f11ba8cb_ml:lustre_mainline.log)
  ml-miscvm:lustre_mainline_native: PASS (234s) (log: /var/www/ci-lustre/upstream-patch-review/07aebcce4af47c99e034dc65366752a0f11ba8cb_ml-miscvm:lustre_mainline_native.log)
  ml-miscvm:boot: PASS (68s) (log: /var/www/ci-lustre/upstream-patch-review/07aebcce4af47c99e034dc65366752a0f11ba8cb_ml-miscvm:boot.log)
  ml-miscvm:llmount: PASS (116s) (log: /var/www/ci-lustre/upstream-patch-review/07aebcce4af47c99e034dc65366752a0f11ba8cb_ml-miscvm:llmount.log)
  ml-miscvm:llog-unit: FAIL (153s) (log: /var/www/ci-lustre/upstream-patch-review/07aebcce4af47c99e034dc65366752a0f11ba8cb_ml-miscvm:llog-unit.log)
  ml-miscvm:mgs-setup: PASS (77s) (log: /var/www/ci-lustre/upstream-patch-review/07aebcce4af47c99e034dc65366752a0f11ba8cb_ml-miscvm:mgs-setup.log)
  ml-miscvm:sanity-1: PASS (111s) (log: /var/www/ci-lustre/upstream-patch-review/07aebcce4af47c99e034dc65366752a0f11ba8cb_ml-miscvm:sanity-1.log)
  ml-miscvm:sanity-2: PASS (110s) (log: /var/www/ci-lustre/upstream-patch-review/07aebcce4af47c99e034dc65366752a0f11ba8cb_ml-miscvm:sanity-2.log)
  ml-miscvm:sanity-3: PASS (108s) (log: /var/www/ci-lustre/upstream-patch-review/07aebcce4af47c99e034dc65366752a0f11ba8cb_ml-miscvm:sanity-3.log)
  ml-miscvm:sanity-4: PASS (107s) (log: /var/www/ci-lustre/upstream-patch-review/07aebcce4af47c99e034dc65366752a0f11ba8cb_ml-miscvm:sanity-4.log)

Total execution time: 417s

Packed 6293 logs from /var/www/ci-lustre/upstream-patch-review into /home/ktest/ktest/local-site/local_data.js
Open /home/ktest/ktest/local-site/index.html in a browser
