CLI: ./pk --podman-socket unix:///run/user/1000/podman/podman.sock --shared-filesystem /tmp --tarball-input job lustre-ci --output /var/www/ci-lustre/upstream-patch-review --git-hash 0806a2d1ee8f38b731f3f2eff4fe294a74183aa3 --change-id 68691_0806a2d1ee8f38b731f3f2eff4fe294a74183aa3 --subject LU-20669 snapshot: use a mirror as template to create new mirror

Environment validated successfully
Note: custom LLVM is not synced in tarball input mode
Creating kernel tarball at /tmp/ktest-kernel.tar.gz...
Creating lustre tarball at /tmp/ktest-lustre.tar.gz...
Creating ZFS tarball at /tmp/ktest-zfs.tar.gz...
Executing 14 jobs
Jobs will start as soon as their dependencies are satisfied
Using tarball input mode

START u24:u24 build tests/fs/lustre/boot.ktest
START ml-miscvm:lustre_mainline_native build tests/fs/lustre/boot.ktest
START al2023:al2023 build tests/fs/lustre/boot.ktest
START ml:lustre_mainline build tests/fs/lustre/boot.ktest
START checkpatch:checkpatch tool checkpatch
START ml-strict:lustre_mainline build tests/fs/lustre/boot-strict.ktest
PUT /tmp/ktest-lustre.tar.gz 1s
PUT /tmp/ktest-lustre.tar.gz 1s
PUT /tmp/ktest-kernel.tar.gz 14s
PUT /tmp/ktest-kernel.tar.gz 14s
PUT /tmp/ktest-kernel.tar.gz 14s
PUT /tmp/ktest-kernel.tar.gz 14s
PUT /tmp/ktest-lustre.tar.gz 2s
PUT /tmp/ktest-lustre.tar.gz 2s
PUT /tmp/ktest-lustre.tar.gz 2s
PUT /tmp/ktest-lustre.tar.gz 2s
PUT /tmp/ktest-zfs.tar.gz 0s
PUT /tmp/ktest-zfs.tar.gz 0s
PUT /tmp/ktest-zfs.tar.gz 0s
END checkpatch:checkpatch tool checkpatch FAIL 20s (exit code: 1)
END u24:u24 build tests/fs/lustre/boot.ktest PASS 45s
END al2023:al2023 build tests/fs/lustre/boot.ktest PASS 52s
GET /tmp/ktest_ml-strict:lustre_mainline_ddbg89br.tar 5s
END ml-strict:lustre_mainline build tests/fs/lustre/boot-strict.ktest FAIL 188s (exit code: 1)
GET /tmp/ktest_ml:lustre_mainline_247p9kcy.tar 0s
GET /tmp/ktest_ml-miscvm:lustre_mainline_native_yuknrchr.tar 0s
END ml:lustre_mainline build tests/fs/lustre/boot.ktest PASS 194s
END ml-miscvm:lustre_mainline_native build tests/fs/lustre/boot.ktest PASS 195s
START ml-miscvm:boot run tests/fs/lustre/boot.ktest
START ml-miscvm:llmount run tests/fs/lustre/llmount.ktest
START ml-miscvm:llog-unit run tests/fs/lustre/llog-unit.ktest
START ml-miscvm:mgs-setup run tests/fs/lustre/mgs-setup.ktest
START ml-miscvm:sanity-1 run tests/fs/lustre/sanity/sanity-1.ktest
START ml-miscvm:sanity-2 run tests/fs/lustre/sanity/sanity-2.ktest
START ml-miscvm:sanity-3 run tests/fs/lustre/sanity/sanity-3.ktest
START ml-miscvm:sanity-4 run tests/fs/lustre/sanity/sanity-4.ktest
PUT /tmp/ktest-kernel.tar.gz 46s
PUT /tmp/ktest-kernel.tar.gz 46s
PUT /tmp/ktest-kernel.tar.gz 46s
PUT /tmp/ktest-kernel.tar.gz 46s
PUT /tmp/ktest-kernel.tar.gz 47s
PUT /tmp/ktest-kernel.tar.gz 46s
PUT /tmp/ktest-kernel.tar.gz 47s
PUT /tmp/ktest-kernel.tar.gz 46s
PUT /tmp/ktest-lustre.tar.gz 14s
PUT /tmp/ktest-lustre.tar.gz 13s
PUT /tmp/ktest-lustre.tar.gz 14s
PUT /tmp/ktest-lustre.tar.gz 13s
PUT /tmp/ktest-lustre.tar.gz 13s
PUT /tmp/ktest-lustre.tar.gz 14s
PUT /tmp/ktest-lustre.tar.gz 14s
PUT /tmp/ktest-lustre.tar.gz 14s
PUT /tmp/ktest_ml-miscvm:lustre_mainline_native_yuknrchr.tar 3s
PUT /tmp/ktest_ml-miscvm:lustre_mainline_native_yuknrchr.tar 3s
PUT /tmp/ktest_ml-miscvm:lustre_mainline_native_yuknrchr.tar 3s
PUT /tmp/ktest_ml-miscvm:lustre_mainline_native_yuknrchr.tar 3s
PUT /tmp/ktest_ml-miscvm:lustre_mainline_native_yuknrchr.tar 3s
PUT /tmp/ktest_ml-miscvm:lustre_mainline_native_yuknrchr.tar 3s
PUT /tmp/ktest_ml-miscvm:lustre_mainline_native_yuknrchr.tar 3s
PUT /tmp/ktest_ml-miscvm:lustre_mainline_native_yuknrchr.tar 3s
END ml-miscvm:boot run tests/fs/lustre/boot.ktest PASS 76s
END ml-miscvm:mgs-setup run tests/fs/lustre/mgs-setup.ktest PASS 87s
END ml-miscvm:sanity-4 run tests/fs/lustre/sanity/sanity-4.ktest PASS 116s
END ml-miscvm:sanity-3 run tests/fs/lustre/sanity/sanity-3.ktest PASS 117s
END ml-miscvm:sanity-2 run tests/fs/lustre/sanity/sanity-2.ktest PASS 118s
END ml-miscvm:llmount run tests/fs/lustre/llmount.ktest PASS 125s
END ml-miscvm:sanity-1 run tests/fs/lustre/sanity/sanity-1.ktest PASS 129s
END ml-miscvm:llog-unit run tests/fs/lustre/llog-unit.ktest FAIL 162s (exit code: 1)

============================================================
Final Results:
  checkpatch:checkpatch: FAIL (20s) (log: /var/www/ci-lustre/upstream-patch-review/0806a2d1ee8f38b731f3f2eff4fe294a74183aa3_checkpatch:checkpatch.log)
  u24:u24: PASS (45s) (log: /var/www/ci-lustre/upstream-patch-review/0806a2d1ee8f38b731f3f2eff4fe294a74183aa3_u24:u24.log)
  al2023:al2023: PASS (52s) (log: /var/www/ci-lustre/upstream-patch-review/0806a2d1ee8f38b731f3f2eff4fe294a74183aa3_al2023:al2023.log)
  ml-strict:lustre_mainline: FAIL (188s) (log: /var/www/ci-lustre/upstream-patch-review/0806a2d1ee8f38b731f3f2eff4fe294a74183aa3_ml-strict:lustre_mainline.log)
  ml:lustre_mainline: PASS (194s) (log: /var/www/ci-lustre/upstream-patch-review/0806a2d1ee8f38b731f3f2eff4fe294a74183aa3_ml:lustre_mainline.log)
  ml-miscvm:lustre_mainline_native: PASS (195s) (log: /var/www/ci-lustre/upstream-patch-review/0806a2d1ee8f38b731f3f2eff4fe294a74183aa3_ml-miscvm:lustre_mainline_native.log)
  ml-miscvm:boot: PASS (76s) (log: /var/www/ci-lustre/upstream-patch-review/0806a2d1ee8f38b731f3f2eff4fe294a74183aa3_ml-miscvm:boot.log)
  ml-miscvm:llmount: PASS (125s) (log: /var/www/ci-lustre/upstream-patch-review/0806a2d1ee8f38b731f3f2eff4fe294a74183aa3_ml-miscvm:llmount.log)
  ml-miscvm:llog-unit: FAIL (162s) (log: /var/www/ci-lustre/upstream-patch-review/0806a2d1ee8f38b731f3f2eff4fe294a74183aa3_ml-miscvm:llog-unit.log)
  ml-miscvm:mgs-setup: PASS (87s) (log: /var/www/ci-lustre/upstream-patch-review/0806a2d1ee8f38b731f3f2eff4fe294a74183aa3_ml-miscvm:mgs-setup.log)
  ml-miscvm:sanity-1: PASS (129s) (log: /var/www/ci-lustre/upstream-patch-review/0806a2d1ee8f38b731f3f2eff4fe294a74183aa3_ml-miscvm:sanity-1.log)
  ml-miscvm:sanity-2: PASS (118s) (log: /var/www/ci-lustre/upstream-patch-review/0806a2d1ee8f38b731f3f2eff4fe294a74183aa3_ml-miscvm:sanity-2.log)
  ml-miscvm:sanity-3: PASS (117s) (log: /var/www/ci-lustre/upstream-patch-review/0806a2d1ee8f38b731f3f2eff4fe294a74183aa3_ml-miscvm:sanity-3.log)
  ml-miscvm:sanity-4: PASS (116s) (log: /var/www/ci-lustre/upstream-patch-review/0806a2d1ee8f38b731f3f2eff4fe294a74183aa3_ml-miscvm:sanity-4.log)

Total execution time: 388s

Packed 5510 logs from /var/www/ci-lustre/upstream-patch-review into /home/ktest/ktest/local-site/local_data.js
Open /home/ktest/ktest/local-site/index.html in a browser
