CLI: ./pk --podman-socket unix:///run/user/1000/podman/podman.sock --shared-filesystem /tmp --tarball-input job lustre-ci --output /var/www/ci-lustre/upstream-patch-review --git-hash 09478ea9b07a6d19d5769bf48f61721638b1937c --change-id 69007_09478ea9b07a6d19d5769bf48f61721638b1937c --subject LU-15856 utils: 'lfs mkdir -D LAYOUT DIR' creates DIR

Environment validated successfully
Note: custom LLVM is not synced in tarball input mode
Creating kernel tarball at /tmp/ktest-kernel.tar.gz...
Creating lustre tarball at /tmp/ktest-lustre.tar.gz...
Creating ZFS tarball at /tmp/ktest-zfs.tar.gz...
Executing 14 jobs
Jobs will start as soon as their dependencies are satisfied
Using tarball input mode

START checkpatch:checkpatch tool checkpatch
START u24:u24 build tests/fs/lustre/boot.ktest
START al2023:al2023 build tests/fs/lustre/boot.ktest
START ml-miscvm:lustre_mainline_native build tests/fs/lustre/boot.ktest
START ml-strict:lustre_mainline build tests/fs/lustre/boot-strict.ktest
START ml:lustre_mainline build tests/fs/lustre/boot.ktest
PUT /tmp/ktest-lustre.tar.gz 1s
PUT /tmp/ktest-lustre.tar.gz 1s
PUT /tmp/ktest-kernel.tar.gz 18s
PUT /tmp/ktest-kernel.tar.gz 18s
PUT /tmp/ktest-kernel.tar.gz 19s
PUT /tmp/ktest-kernel.tar.gz 19s
PUT /tmp/ktest-lustre.tar.gz 2s
PUT /tmp/ktest-lustre.tar.gz 2s
PUT /tmp/ktest-lustre.tar.gz 2s
PUT /tmp/ktest-lustre.tar.gz 2s
PUT /tmp/ktest-zfs.tar.gz 0s
PUT /tmp/ktest-zfs.tar.gz 0s
PUT /tmp/ktest-zfs.tar.gz 0s
END checkpatch:checkpatch tool checkpatch PASS 24s
END u24:u24 build tests/fs/lustre/boot.ktest PASS 50s
END al2023:al2023 build tests/fs/lustre/boot.ktest PASS 57s
GET /tmp/ktest_ml-strict:lustre_mainline_ojsrztp0.tar 5s
END ml-strict:lustre_mainline build tests/fs/lustre/boot-strict.ktest FAIL 180s (exit code: 1)
GET /tmp/ktest_ml-miscvm:lustre_mainline_native_ow_o15ny.tar 3s
GET /tmp/ktest_ml:lustre_mainline_4o5n61k_.tar 0s
END ml-miscvm:lustre_mainline_native build tests/fs/lustre/boot.ktest PASS 182s
START ml-miscvm:boot run tests/fs/lustre/boot.ktest
START ml-miscvm:llmount run tests/fs/lustre/llmount.ktest
START ml-miscvm:llog-unit run tests/fs/lustre/llog-unit.ktest
START ml-miscvm:mgs-setup run tests/fs/lustre/mgs-setup.ktest
START ml-miscvm:sanity-1 run tests/fs/lustre/sanity/sanity-1.ktest
START ml-miscvm:sanity-2 run tests/fs/lustre/sanity/sanity-2.ktest
START ml-miscvm:sanity-3 run tests/fs/lustre/sanity/sanity-3.ktest
START ml-miscvm:sanity-4 run tests/fs/lustre/sanity/sanity-4.ktest
END ml:lustre_mainline build tests/fs/lustre/boot.ktest PASS 184s
PUT /tmp/ktest-kernel.tar.gz 28s
PUT /tmp/ktest-kernel.tar.gz 29s
PUT /tmp/ktest-kernel.tar.gz 30s
PUT /tmp/ktest-kernel.tar.gz 30s
PUT /tmp/ktest-kernel.tar.gz 29s
PUT /tmp/ktest-kernel.tar.gz 30s
PUT /tmp/ktest-kernel.tar.gz 30s
PUT /tmp/ktest-kernel.tar.gz 30s
PUT /tmp/ktest-lustre.tar.gz 11s
PUT /tmp/ktest-lustre.tar.gz 9s
PUT /tmp/ktest-lustre.tar.gz 10s
PUT /tmp/ktest-lustre.tar.gz 9s
PUT /tmp/ktest-lustre.tar.gz 10s
PUT /tmp/ktest-lustre.tar.gz 10s
PUT /tmp/ktest-lustre.tar.gz 9s
PUT /tmp/ktest-lustre.tar.gz 10s
PUT /tmp/ktest_ml-miscvm:lustre_mainline_native_ow_o15ny.tar 0s
PUT /tmp/ktest_ml-miscvm:lustre_mainline_native_ow_o15ny.tar 0s
PUT /tmp/ktest_ml-miscvm:lustre_mainline_native_ow_o15ny.tar 0s
PUT /tmp/ktest_ml-miscvm:lustre_mainline_native_ow_o15ny.tar 0s
PUT /tmp/ktest_ml-miscvm:lustre_mainline_native_ow_o15ny.tar 0s
PUT /tmp/ktest_ml-miscvm:lustre_mainline_native_ow_o15ny.tar 0s
PUT /tmp/ktest_ml-miscvm:lustre_mainline_native_ow_o15ny.tar 0s
PUT /tmp/ktest_ml-miscvm:lustre_mainline_native_ow_o15ny.tar 0s
END ml-miscvm:boot run tests/fs/lustre/boot.ktest PASS 56s
END ml-miscvm:mgs-setup run tests/fs/lustre/mgs-setup.ktest PASS 64s
END ml-miscvm:sanity-1 run tests/fs/lustre/sanity/sanity-1.ktest PASS 94s
END ml-miscvm:sanity-2 run tests/fs/lustre/sanity/sanity-2.ktest PASS 96s
END ml-miscvm:llmount run tests/fs/lustre/llmount.ktest PASS 102s
END ml-miscvm:sanity-4 run tests/fs/lustre/sanity/sanity-4.ktest PASS 106s
END ml-miscvm:sanity-3 run tests/fs/lustre/sanity/sanity-3.ktest PASS 107s
END ml-miscvm:llog-unit run tests/fs/lustre/llog-unit.ktest FAIL 141s (exit code: 1)

============================================================
Final Results:
  checkpatch:checkpatch: PASS (24s) (log: /var/www/ci-lustre/upstream-patch-review/09478ea9b07a6d19d5769bf48f61721638b1937c_checkpatch:checkpatch.log)
  u24:u24: PASS (50s) (log: /var/www/ci-lustre/upstream-patch-review/09478ea9b07a6d19d5769bf48f61721638b1937c_u24:u24.log)
  al2023:al2023: PASS (57s) (log: /var/www/ci-lustre/upstream-patch-review/09478ea9b07a6d19d5769bf48f61721638b1937c_al2023:al2023.log)
  ml-strict:lustre_mainline: FAIL (180s) (log: /var/www/ci-lustre/upstream-patch-review/09478ea9b07a6d19d5769bf48f61721638b1937c_ml-strict:lustre_mainline.log)
  ml:lustre_mainline: PASS (184s) (log: /var/www/ci-lustre/upstream-patch-review/09478ea9b07a6d19d5769bf48f61721638b1937c_ml:lustre_mainline.log)
  ml-miscvm:lustre_mainline_native: PASS (182s) (log: /var/www/ci-lustre/upstream-patch-review/09478ea9b07a6d19d5769bf48f61721638b1937c_ml-miscvm:lustre_mainline_native.log)
  ml-miscvm:boot: PASS (56s) (log: /var/www/ci-lustre/upstream-patch-review/09478ea9b07a6d19d5769bf48f61721638b1937c_ml-miscvm:boot.log)
  ml-miscvm:llmount: PASS (102s) (log: /var/www/ci-lustre/upstream-patch-review/09478ea9b07a6d19d5769bf48f61721638b1937c_ml-miscvm:llmount.log)
  ml-miscvm:llog-unit: FAIL (141s) (log: /var/www/ci-lustre/upstream-patch-review/09478ea9b07a6d19d5769bf48f61721638b1937c_ml-miscvm:llog-unit.log)
  ml-miscvm:mgs-setup: PASS (64s) (log: /var/www/ci-lustre/upstream-patch-review/09478ea9b07a6d19d5769bf48f61721638b1937c_ml-miscvm:mgs-setup.log)
  ml-miscvm:sanity-1: PASS (94s) (log: /var/www/ci-lustre/upstream-patch-review/09478ea9b07a6d19d5769bf48f61721638b1937c_ml-miscvm:sanity-1.log)
  ml-miscvm:sanity-2: PASS (96s) (log: /var/www/ci-lustre/upstream-patch-review/09478ea9b07a6d19d5769bf48f61721638b1937c_ml-miscvm:sanity-2.log)
  ml-miscvm:sanity-3: PASS (107s) (log: /var/www/ci-lustre/upstream-patch-review/09478ea9b07a6d19d5769bf48f61721638b1937c_ml-miscvm:sanity-3.log)
  ml-miscvm:sanity-4: PASS (106s) (log: /var/www/ci-lustre/upstream-patch-review/09478ea9b07a6d19d5769bf48f61721638b1937c_ml-miscvm:sanity-4.log)

Total execution time: 354s

Packed 3715 logs from /var/www/ci-lustre/upstream-patch-review into /home/ktest/ktest/local-site/local_data.js
Open /home/ktest/ktest/local-site/index.html in a browser
