00000 
00004 LNetError: 152:0:(lib-socket.c:619:lnet_inet_enumerate()) lnet: Can't find any usable interfaces, rc = -ENOENT
00004 LNetError: Error -100 starting up LNI tcp
00004 LustreError: 152:0:(events.c:632:ptlrpc_init_portals()) network initialisation failed: rc = -100
00045 tlp: vm.laptop_mode is deprecated. Ignoring setting.
00045 Kernel version: 7.0.0-ktest-0c0dfd8-6330a45-20260915-dirty
00045 hook init_noop
00045 
00045 Running tests boot
00045 
00045 ========= TEST   boot
00045 boot
00046 
00046 ========= PASSED boot in 0s
00046 
00046 Passed: boot
00046 Failed: 
00046 NOTICE: Automounting of tracing to debugfs is deprecated and will be removed in 2030
00046 Kernel version: 7.0.0-ktest-0c0dfd8-6330a45-20260915-dirty
00046 TEST SUCCESS
