CLI: ./pk --podman-socket unix:///run/user/1000/podman/podman.sock --shared-filesystem /tmp --tarball-input job mainline-lockdep --output /var/www/ci-lustre/upstream-patch-review --git-hash 0c93230bde933914cf0a8d325ed36a25205d2f05_mainline-lockdep --change-id master-next_0c93230bde933914cf0a8d325ed36a25205d2f05_mainline-lockdep --subject [mainline-lockdep] Staging branch for new changes

Environment validated successfully
Note: custom LLVM is not synced in tarball input mode
Creating kernel tarball at /tmp/ktest-kernel.tar.gz...
Creating lustre tarball at /tmp/ktest-lustre.tar.gz...
Creating ZFS tarball at /tmp/ktest-zfs.tar.gz...
Executing 11 jobs
Jobs will start as soon as their dependencies are satisfied
Using tarball input mode

START ml-lockdep-llmount:lustre_mainline build tests/fs/lustre/lockdep-llmount.ktest
START ml-lockdep-miscvm:lustre_mainline_native build tests/fs/lustre/lockdep-boot.ktest
PUT /tmp/ktest-kernel.tar.gz 5s
PUT /tmp/ktest-kernel.tar.gz 5s
PUT /tmp/ktest-lustre.tar.gz 1s
PUT /tmp/ktest-lustre.tar.gz 1s
PUT /tmp/ktest-zfs.tar.gz 0s
PUT /tmp/ktest-zfs.tar.gz 0s
GET /tmp/ktest_ml-lockdep-miscvm:lustre_mainline_native_pbwdm1p0.tar 0s
GET /tmp/ktest_ml-lockdep-llmount:lustre_mainline_uv5hp31d.tar 0s
END ml-lockdep-miscvm:lustre_mainline_native build tests/fs/lustre/lockdep-boot.ktest PASS 156s
START ml-lockdep-miscvm:boot run tests/fs/lustre/lockdep-boot.ktest
START ml-lockdep-miscvm:llmount run tests/fs/lustre/lockdep-llmount.ktest
START ml-lockdep-miscvm:llog-unit run tests/fs/lustre/lockdep-llog-unit.ktest
START ml-lockdep-miscvm:mgs-setup run tests/fs/lustre/lockdep-mgs-setup.ktest
START ml-lockdep-miscvm:sanity-1 run tests/fs/lustre/sanity/lockdep-sanity-1.ktest
START ml-lockdep-miscvm:sanity-2 run tests/fs/lustre/sanity/lockdep-sanity-2.ktest
START ml-lockdep-miscvm:sanity-3 run tests/fs/lustre/sanity/lockdep-sanity-3.ktest
START ml-lockdep-miscvm:sanity-4 run tests/fs/lustre/sanity/lockdep-sanity-4.ktest
END ml-lockdep-llmount:lustre_mainline build tests/fs/lustre/lockdep-llmount.ktest PASS 157s
START ml-lockdep-llmount:boot run tests/fs/lustre/lockdep-llmount.ktest
PUT /tmp/ktest-kernel.tar.gz 15s
PUT /tmp/ktest-kernel.tar.gz 15s
PUT /tmp/ktest-kernel.tar.gz 15s
PUT /tmp/ktest-kernel.tar.gz 15s
PUT /tmp/ktest-kernel.tar.gz 15s
PUT /tmp/ktest-kernel.tar.gz 16s
PUT /tmp/ktest-kernel.tar.gz 15s
PUT /tmp/ktest-kernel.tar.gz 16s
PUT /tmp/ktest-kernel.tar.gz 16s
PUT /tmp/ktest-lustre.tar.gz 6s
PUT /tmp/ktest-lustre.tar.gz 6s
PUT /tmp/ktest-lustre.tar.gz 5s
PUT /tmp/ktest-lustre.tar.gz 5s
PUT /tmp/ktest-lustre.tar.gz 5s
PUT /tmp/ktest-lustre.tar.gz 6s
PUT /tmp/ktest-lustre.tar.gz 5s
PUT /tmp/ktest-lustre.tar.gz 5s
PUT /tmp/ktest-lustre.tar.gz 5s
PUT /tmp/ktest_ml-lockdep-miscvm:lustre_mainline_native_pbwdm1p0.tar 1s
PUT /tmp/ktest_ml-lockdep-miscvm:lustre_mainline_native_pbwdm1p0.tar 1s
PUT /tmp/ktest_ml-lockdep-miscvm:lustre_mainline_native_pbwdm1p0.tar 1s
PUT /tmp/ktest_ml-lockdep-miscvm:lustre_mainline_native_pbwdm1p0.tar 0s
PUT /tmp/ktest_ml-lockdep-miscvm:lustre_mainline_native_pbwdm1p0.tar 1s
PUT /tmp/ktest_ml-lockdep-miscvm:lustre_mainline_native_pbwdm1p0.tar 1s
PUT /tmp/ktest_ml-lockdep-miscvm:lustre_mainline_native_pbwdm1p0.tar 1s
PUT /tmp/ktest_ml-lockdep-miscvm:lustre_mainline_native_pbwdm1p0.tar 0s
PUT /tmp/ktest_ml-lockdep-llmount:lustre_mainline_uv5hp31d.tar 0s
END ml-lockdep-miscvm:boot run tests/fs/lustre/lockdep-boot.ktest PASS 38s
END ml-lockdep-miscvm:mgs-setup run tests/fs/lustre/lockdep-mgs-setup.ktest FAIL 49s (exit code: 1)
END ml-lockdep-miscvm:sanity-1 run tests/fs/lustre/sanity/lockdep-sanity-1.ktest PASS 76s
END ml-lockdep-miscvm:sanity-4 run tests/fs/lustre/sanity/lockdep-sanity-4.ktest PASS 79s
END ml-lockdep-miscvm:sanity-3 run tests/fs/lustre/sanity/lockdep-sanity-3.ktest FAIL 81s (exit code: 1)
END ml-lockdep-llmount:boot run tests/fs/lustre/lockdep-llmount.ktest FAIL 87s (exit code: 1)
END ml-lockdep-miscvm:sanity-2 run tests/fs/lustre/sanity/lockdep-sanity-2.ktest FAIL 90s (exit code: 1)
END ml-lockdep-miscvm:llmount run tests/fs/lustre/lockdep-llmount.ktest FAIL 100s (exit code: 1)
END ml-lockdep-miscvm:llog-unit run tests/fs/lustre/lockdep-llog-unit.ktest FAIL 115s (exit code: 1)

============================================================
Final Results:
  ml-lockdep-llmount:lustre_mainline: PASS (157s) (log: /var/www/ci-lustre/upstream-patch-review/0c93230bde933914cf0a8d325ed36a25205d2f05_mainline-lockdep_ml-lockdep-llmount:lustre_mainline.log)
  ml-lockdep-llmount:boot: FAIL (87s) (log: /var/www/ci-lustre/upstream-patch-review/0c93230bde933914cf0a8d325ed36a25205d2f05_mainline-lockdep_ml-lockdep-llmount:boot.log)
  ml-lockdep-miscvm:lustre_mainline_native: PASS (156s) (log: /var/www/ci-lustre/upstream-patch-review/0c93230bde933914cf0a8d325ed36a25205d2f05_mainline-lockdep_ml-lockdep-miscvm:lustre_mainline_native.log)
  ml-lockdep-miscvm:boot: PASS (38s) (log: /var/www/ci-lustre/upstream-patch-review/0c93230bde933914cf0a8d325ed36a25205d2f05_mainline-lockdep_ml-lockdep-miscvm:boot.log)
  ml-lockdep-miscvm:llmount: FAIL (100s) (log: /var/www/ci-lustre/upstream-patch-review/0c93230bde933914cf0a8d325ed36a25205d2f05_mainline-lockdep_ml-lockdep-miscvm:llmount.log)
  ml-lockdep-miscvm:llog-unit: FAIL (115s) (log: /var/www/ci-lustre/upstream-patch-review/0c93230bde933914cf0a8d325ed36a25205d2f05_mainline-lockdep_ml-lockdep-miscvm:llog-unit.log)
  ml-lockdep-miscvm:mgs-setup: FAIL (49s) (log: /var/www/ci-lustre/upstream-patch-review/0c93230bde933914cf0a8d325ed36a25205d2f05_mainline-lockdep_ml-lockdep-miscvm:mgs-setup.log)
  ml-lockdep-miscvm:sanity-1: PASS (76s) (log: /var/www/ci-lustre/upstream-patch-review/0c93230bde933914cf0a8d325ed36a25205d2f05_mainline-lockdep_ml-lockdep-miscvm:sanity-1.log)
  ml-lockdep-miscvm:sanity-2: FAIL (90s) (log: /var/www/ci-lustre/upstream-patch-review/0c93230bde933914cf0a8d325ed36a25205d2f05_mainline-lockdep_ml-lockdep-miscvm:sanity-2.log)
  ml-lockdep-miscvm:sanity-3: FAIL (81s) (log: /var/www/ci-lustre/upstream-patch-review/0c93230bde933914cf0a8d325ed36a25205d2f05_mainline-lockdep_ml-lockdep-miscvm:sanity-3.log)
  ml-lockdep-miscvm:sanity-4: PASS (79s) (log: /var/www/ci-lustre/upstream-patch-review/0c93230bde933914cf0a8d325ed36a25205d2f05_mainline-lockdep_ml-lockdep-miscvm:sanity-4.log)

Total execution time: 304s

Packed 9640 logs from /var/www/ci-lustre/upstream-patch-review into /home/ktest/ktest/local-site/local_data.js
Open /home/ktest/ktest/local-site/index.html in a browser
