CLI: ./pk --podman-socket unix:///run/user/1000/podman/podman.sock --shared-filesystem /tmp --tarball-input job lustre-ci --output /var/www/ci-lustre/upstream-patch-review --git-hash 0d16f758ad6ee12e59aa07500d279419614fe77d --change-id 68163_0d16f758ad6ee12e59aa07500d279419614fe77d --subject LU-20613 llapi: add a ZFS backend to llapi_scan_device()

Environment validated successfully
Note: custom LLVM is not synced in tarball input mode
Creating kernel tarball at /tmp/ktest-kernel.tar.gz...
Creating lustre tarball at /tmp/ktest-lustre.tar.gz...
Creating ZFS tarball at /tmp/ktest-zfs.tar.gz...
Executing 14 jobs
Jobs will start as soon as their dependencies are satisfied
Using tarball input mode

START al2023:al2023 build tests/fs/lustre/boot.ktest
START ml-strict:lustre_mainline build tests/fs/lustre/boot-strict.ktest
START checkpatch:checkpatch tool checkpatch
START ml-miscvm:lustre_mainline_native build tests/fs/lustre/boot.ktest
START u24:u24 build tests/fs/lustre/boot.ktest
START ml:lustre_mainline build tests/fs/lustre/boot.ktest
PUT /tmp/ktest-lustre.tar.gz 1s
PUT /tmp/ktest-lustre.tar.gz 1s
PUT /tmp/ktest-kernel.tar.gz 14s
PUT /tmp/ktest-kernel.tar.gz 14s
PUT /tmp/ktest-kernel.tar.gz 14s
PUT /tmp/ktest-kernel.tar.gz 14s
PUT /tmp/ktest-lustre.tar.gz 5s
PUT /tmp/ktest-lustre.tar.gz 5s
PUT /tmp/ktest-lustre.tar.gz 6s
PUT /tmp/ktest-lustre.tar.gz 5s
PUT /tmp/ktest-zfs.tar.gz 1s
PUT /tmp/ktest-zfs.tar.gz 1s
PUT /tmp/ktest-zfs.tar.gz 1s
END checkpatch:checkpatch tool checkpatch FAIL 24s (exit code: 1)
END u24:u24 build tests/fs/lustre/boot.ktest PASS 51s
END al2023:al2023 build tests/fs/lustre/boot.ktest PASS 53s
GET /tmp/ktest_ml-strict:lustre_mainline_4782bs8w.tar 5s
GET /tmp/ktest_ml:lustre_mainline_ern_ealk.tar 1s
END ml-strict:lustre_mainline build tests/fs/lustre/boot-strict.ktest FAIL 178s (exit code: 1)
GET /tmp/ktest_ml-miscvm:lustre_mainline_native_2mteih_t.tar 3s
END ml:lustre_mainline build tests/fs/lustre/boot.ktest PASS 180s
END ml-miscvm:lustre_mainline_native build tests/fs/lustre/boot.ktest PASS 181s
START ml-miscvm:boot run tests/fs/lustre/boot.ktest
START ml-miscvm:llmount run tests/fs/lustre/llmount.ktest
START ml-miscvm:llog-unit run tests/fs/lustre/llog-unit.ktest
START ml-miscvm:mgs-setup run tests/fs/lustre/mgs-setup.ktest
START ml-miscvm:sanity-1 run tests/fs/lustre/sanity/sanity-1.ktest
START ml-miscvm:sanity-2 run tests/fs/lustre/sanity/sanity-2.ktest
START ml-miscvm:sanity-3 run tests/fs/lustre/sanity/sanity-3.ktest
START ml-miscvm:sanity-4 run tests/fs/lustre/sanity/sanity-4.ktest
PUT /tmp/ktest-kernel.tar.gz 60s
PUT /tmp/ktest-kernel.tar.gz 60s
PUT /tmp/ktest-kernel.tar.gz 60s
PUT /tmp/ktest-kernel.tar.gz 61s
PUT /tmp/ktest-kernel.tar.gz 61s
PUT /tmp/ktest-kernel.tar.gz 60s
PUT /tmp/ktest-kernel.tar.gz 61s
PUT /tmp/ktest-kernel.tar.gz 61s
PUT /tmp/ktest-lustre.tar.gz 7s
PUT /tmp/ktest-lustre.tar.gz 7s
PUT /tmp/ktest-lustre.tar.gz 7s
PUT /tmp/ktest-lustre.tar.gz 7s
PUT /tmp/ktest-lustre.tar.gz 6s
PUT /tmp/ktest-lustre.tar.gz 7s
PUT /tmp/ktest-lustre.tar.gz 7s
PUT /tmp/ktest-lustre.tar.gz 7s
PUT /tmp/ktest_ml-miscvm:lustre_mainline_native_2mteih_t.tar 0s
PUT /tmp/ktest_ml-miscvm:lustre_mainline_native_2mteih_t.tar 0s
PUT /tmp/ktest_ml-miscvm:lustre_mainline_native_2mteih_t.tar 0s
PUT /tmp/ktest_ml-miscvm:lustre_mainline_native_2mteih_t.tar 0s
PUT /tmp/ktest_ml-miscvm:lustre_mainline_native_2mteih_t.tar 0s
PUT /tmp/ktest_ml-miscvm:lustre_mainline_native_2mteih_t.tar 0s
PUT /tmp/ktest_ml-miscvm:lustre_mainline_native_2mteih_t.tar 0s
PUT /tmp/ktest_ml-miscvm:lustre_mainline_native_2mteih_t.tar 0s
END ml-miscvm:boot run tests/fs/lustre/boot.ktest PASS 81s
END ml-miscvm:mgs-setup run tests/fs/lustre/mgs-setup.ktest PASS 92s
END ml-miscvm:sanity-1 run tests/fs/lustre/sanity/sanity-1.ktest PASS 118s
END ml-miscvm:llmount run tests/fs/lustre/llmount.ktest PASS 130s
END ml-miscvm:sanity-4 run tests/fs/lustre/sanity/sanity-4.ktest PASS 133s
END ml-miscvm:sanity-2 run tests/fs/lustre/sanity/sanity-2.ktest PASS 134s
END ml-miscvm:sanity-3 run tests/fs/lustre/sanity/sanity-3.ktest PASS 135s
END ml-miscvm:llog-unit run tests/fs/lustre/llog-unit.ktest FAIL 167s (exit code: 1)

============================================================
Final Results:
  checkpatch:checkpatch: FAIL (24s) (log: /var/www/ci-lustre/upstream-patch-review/0d16f758ad6ee12e59aa07500d279419614fe77d_checkpatch:checkpatch.log)
  u24:u24: PASS (51s) (log: /var/www/ci-lustre/upstream-patch-review/0d16f758ad6ee12e59aa07500d279419614fe77d_u24:u24.log)
  al2023:al2023: PASS (53s) (log: /var/www/ci-lustre/upstream-patch-review/0d16f758ad6ee12e59aa07500d279419614fe77d_al2023:al2023.log)
  ml-strict:lustre_mainline: FAIL (178s) (log: /var/www/ci-lustre/upstream-patch-review/0d16f758ad6ee12e59aa07500d279419614fe77d_ml-strict:lustre_mainline.log)
  ml:lustre_mainline: PASS (180s) (log: /var/www/ci-lustre/upstream-patch-review/0d16f758ad6ee12e59aa07500d279419614fe77d_ml:lustre_mainline.log)
  ml-miscvm:lustre_mainline_native: PASS (181s) (log: /var/www/ci-lustre/upstream-patch-review/0d16f758ad6ee12e59aa07500d279419614fe77d_ml-miscvm:lustre_mainline_native.log)
  ml-miscvm:boot: PASS (81s) (log: /var/www/ci-lustre/upstream-patch-review/0d16f758ad6ee12e59aa07500d279419614fe77d_ml-miscvm:boot.log)
  ml-miscvm:llmount: PASS (130s) (log: /var/www/ci-lustre/upstream-patch-review/0d16f758ad6ee12e59aa07500d279419614fe77d_ml-miscvm:llmount.log)
  ml-miscvm:llog-unit: FAIL (167s) (log: /var/www/ci-lustre/upstream-patch-review/0d16f758ad6ee12e59aa07500d279419614fe77d_ml-miscvm:llog-unit.log)
  ml-miscvm:mgs-setup: PASS (92s) (log: /var/www/ci-lustre/upstream-patch-review/0d16f758ad6ee12e59aa07500d279419614fe77d_ml-miscvm:mgs-setup.log)
  ml-miscvm:sanity-1: PASS (118s) (log: /var/www/ci-lustre/upstream-patch-review/0d16f758ad6ee12e59aa07500d279419614fe77d_ml-miscvm:sanity-1.log)
  ml-miscvm:sanity-2: PASS (134s) (log: /var/www/ci-lustre/upstream-patch-review/0d16f758ad6ee12e59aa07500d279419614fe77d_ml-miscvm:sanity-2.log)
  ml-miscvm:sanity-3: PASS (135s) (log: /var/www/ci-lustre/upstream-patch-review/0d16f758ad6ee12e59aa07500d279419614fe77d_ml-miscvm:sanity-3.log)
  ml-miscvm:sanity-4: PASS (133s) (log: /var/www/ci-lustre/upstream-patch-review/0d16f758ad6ee12e59aa07500d279419614fe77d_ml-miscvm:sanity-4.log)

Total execution time: 380s

Packed 6826 logs from /var/www/ci-lustre/upstream-patch-review into /home/ktest/ktest/local-site/local_data.js
Open /home/ktest/ktest/local-site/index.html in a browser
