CLI: ./pk --podman-socket unix:///run/podman/podman.sock --shared-filesystem /tmp --tarball-input job lustre-ci --output /var/www/ci-lustre/upstream-patch-review --git-hash 0dc0d481c2209333b85ad9b59734f537dd523256 --change-id 68233_0dc0d481c2209333b85ad9b59734f537dd523256 --subject LU-20626 lnet: cancel discovery on peer down

Environment validated successfully
Note: custom LLVM is not synced in tarball input mode
Creating kernel tarball at /tmp/ktest-kernel.tar.gz...
Creating lustre tarball at /tmp/ktest-lustre.tar.gz...
Creating ZFS tarball at /tmp/ktest-zfs.tar.gz...
Executing 14 jobs
Jobs will start as soon as their dependencies are satisfied
Using tarball input mode

START al2023:al2023 build tests/fs/lustre/boot.ktest
START checkpatch:checkpatch tool checkpatch
START u24:u24 build tests/fs/lustre/boot.ktest
START ml-miscvm:lustre_mainline_native build tests/fs/lustre/boot.ktest
START ml:lustre_mainline build tests/fs/lustre/boot.ktest
START ml-strict:lustre_mainline build tests/fs/lustre/boot-strict.ktest
PUT /tmp/ktest-lustre.tar.gz 1s
PUT /tmp/ktest-lustre.tar.gz 1s
PUT /tmp/ktest-kernel.tar.gz 17s
PUT /tmp/ktest-kernel.tar.gz 17s
PUT /tmp/ktest-kernel.tar.gz 17s
PUT /tmp/ktest-kernel.tar.gz 17s
PUT /tmp/ktest-lustre.tar.gz 1s
PUT /tmp/ktest-lustre.tar.gz 1s
PUT /tmp/ktest-lustre.tar.gz 1s
PUT /tmp/ktest-lustre.tar.gz 1s
PUT /tmp/ktest-zfs.tar.gz 0s
PUT /tmp/ktest-zfs.tar.gz 0s
PUT /tmp/ktest-zfs.tar.gz 0s
END checkpatch:checkpatch tool checkpatch PASS 22s
END u24:u24 build tests/fs/lustre/boot.ktest PASS 46s
END al2023:al2023 build tests/fs/lustre/boot.ktest PASS 50s
GET /tmp/ktest_ml:lustre_mainline_y22hf37r.tar 0s
END ml:lustre_mainline build tests/fs/lustre/boot.ktest PASS 155s
GET /tmp/ktest_ml-miscvm:lustre_mainline_native_xw_o1fcv.tar 0s
END ml-miscvm:lustre_mainline_native build tests/fs/lustre/boot.ktest PASS 157s
START ml-miscvm:boot run tests/fs/lustre/boot.ktest
START ml-miscvm:llmount run tests/fs/lustre/llmount.ktest
START ml-miscvm:llog-unit run tests/fs/lustre/llog-unit.ktest
START ml-miscvm:mgs-setup run tests/fs/lustre/mgs-setup.ktest
START ml-miscvm:sanity-1 run tests/fs/lustre/sanity/sanity-1.ktest
START ml-miscvm:sanity-2 run tests/fs/lustre/sanity/sanity-2.ktest
START ml-miscvm:sanity-3 run tests/fs/lustre/sanity/sanity-3.ktest
START ml-miscvm:sanity-4 run tests/fs/lustre/sanity/sanity-4.ktest
GET /tmp/ktest_ml-strict:lustre_mainline_85917pt1.tar 4s
END ml-strict:lustre_mainline build tests/fs/lustre/boot-strict.ktest FAIL 160s (exit code: 1)
PUT /tmp/ktest-kernel.tar.gz 27s
PUT /tmp/ktest-kernel.tar.gz 28s
PUT /tmp/ktest-kernel.tar.gz 28s
PUT /tmp/ktest-kernel.tar.gz 29s
PUT /tmp/ktest-kernel.tar.gz 29s
PUT /tmp/ktest-kernel.tar.gz 29s
PUT /tmp/ktest-kernel.tar.gz 26s
PUT /tmp/ktest-kernel.tar.gz 26s
PUT /tmp/ktest-lustre.tar.gz 6s
PUT /tmp/ktest-lustre.tar.gz 7s
PUT /tmp/ktest-lustre.tar.gz 6s
PUT /tmp/ktest-lustre.tar.gz 5s
PUT /tmp/ktest-lustre.tar.gz 6s
PUT /tmp/ktest-lustre.tar.gz 5s
PUT /tmp/ktest-lustre.tar.gz 6s
PUT /tmp/ktest-lustre.tar.gz 5s
PUT /tmp/ktest_ml-miscvm:lustre_mainline_native_xw_o1fcv.tar 0s
PUT /tmp/ktest_ml-miscvm:lustre_mainline_native_xw_o1fcv.tar 0s
PUT /tmp/ktest_ml-miscvm:lustre_mainline_native_xw_o1fcv.tar 0s
PUT /tmp/ktest_ml-miscvm:lustre_mainline_native_xw_o1fcv.tar 0s
PUT /tmp/ktest_ml-miscvm:lustre_mainline_native_xw_o1fcv.tar 0s
PUT /tmp/ktest_ml-miscvm:lustre_mainline_native_xw_o1fcv.tar 0s
PUT /tmp/ktest_ml-miscvm:lustre_mainline_native_xw_o1fcv.tar 1s
PUT /tmp/ktest_ml-miscvm:lustre_mainline_native_xw_o1fcv.tar 1s
END ml-miscvm:boot run tests/fs/lustre/boot.ktest PASS 47s
END ml-miscvm:mgs-setup run tests/fs/lustre/mgs-setup.ktest PASS 56s
END ml-miscvm:sanity-4 run tests/fs/lustre/sanity/sanity-4.ktest PASS 83s
END ml-miscvm:sanity-2 run tests/fs/lustre/sanity/sanity-2.ktest PASS 86s
END ml-miscvm:sanity-1 run tests/fs/lustre/sanity/sanity-1.ktest PASS 87s
END ml-miscvm:sanity-3 run tests/fs/lustre/sanity/sanity-3.ktest PASS 88s
END ml-miscvm:llmount run tests/fs/lustre/llmount.ktest PASS 94s
END ml-miscvm:llog-unit run tests/fs/lustre/llog-unit.ktest FAIL 132s (exit code: 1)

============================================================
Final Results:
  checkpatch:checkpatch: PASS (22s) (log: /var/www/ci-lustre/upstream-patch-review/0dc0d481c2209333b85ad9b59734f537dd523256_checkpatch:checkpatch.log)
  u24:u24: PASS (46s) (log: /var/www/ci-lustre/upstream-patch-review/0dc0d481c2209333b85ad9b59734f537dd523256_u24:u24.log)
  al2023:al2023: PASS (50s) (log: /var/www/ci-lustre/upstream-patch-review/0dc0d481c2209333b85ad9b59734f537dd523256_al2023:al2023.log)
  ml-strict:lustre_mainline: FAIL (160s) (log: /var/www/ci-lustre/upstream-patch-review/0dc0d481c2209333b85ad9b59734f537dd523256_ml-strict:lustre_mainline.log)
  ml:lustre_mainline: PASS (155s) (log: /var/www/ci-lustre/upstream-patch-review/0dc0d481c2209333b85ad9b59734f537dd523256_ml:lustre_mainline.log)
  ml-miscvm:lustre_mainline_native: PASS (157s) (log: /var/www/ci-lustre/upstream-patch-review/0dc0d481c2209333b85ad9b59734f537dd523256_ml-miscvm:lustre_mainline_native.log)
  ml-miscvm:boot: PASS (47s) (log: /var/www/ci-lustre/upstream-patch-review/0dc0d481c2209333b85ad9b59734f537dd523256_ml-miscvm:boot.log)
  ml-miscvm:llmount: PASS (94s) (log: /var/www/ci-lustre/upstream-patch-review/0dc0d481c2209333b85ad9b59734f537dd523256_ml-miscvm:llmount.log)
  ml-miscvm:llog-unit: FAIL (132s) (log: /var/www/ci-lustre/upstream-patch-review/0dc0d481c2209333b85ad9b59734f537dd523256_ml-miscvm:llog-unit.log)
  ml-miscvm:mgs-setup: PASS (56s) (log: /var/www/ci-lustre/upstream-patch-review/0dc0d481c2209333b85ad9b59734f537dd523256_ml-miscvm:mgs-setup.log)
  ml-miscvm:sanity-1: PASS (87s) (log: /var/www/ci-lustre/upstream-patch-review/0dc0d481c2209333b85ad9b59734f537dd523256_ml-miscvm:sanity-1.log)
  ml-miscvm:sanity-2: PASS (86s) (log: /var/www/ci-lustre/upstream-patch-review/0dc0d481c2209333b85ad9b59734f537dd523256_ml-miscvm:sanity-2.log)
  ml-miscvm:sanity-3: PASS (88s) (log: /var/www/ci-lustre/upstream-patch-review/0dc0d481c2209333b85ad9b59734f537dd523256_ml-miscvm:sanity-3.log)
  ml-miscvm:sanity-4: PASS (83s) (log: /var/www/ci-lustre/upstream-patch-review/0dc0d481c2209333b85ad9b59734f537dd523256_ml-miscvm:sanity-4.log)

Total execution time: 318s

Packed 14899 logs from /var/www/ci-lustre/upstream-patch-review into /home/ktest/ktest/local-site/local_data.js
Open /home/ktest/ktest/local-site/index.html in a browser
