CLI: ./pk --podman-socket unix:///run/user/1000/podman/podman.sock --shared-filesystem /tmp --tarball-input job lustre-ci --output /var/www/ci-lustre/upstream-patch-review --git-hash 0e8b95b6458fedef3601c2f0f6edcec8790d30c9 --change-id 65511_0e8b95b6458fedef3601c2f0f6edcec8790d30c9 --subject LU-18222 quota: return proj ID quotas in statfs

Environment validated successfully
Note: custom LLVM is not synced in tarball input mode
Creating kernel tarball at /tmp/ktest-kernel.tar.gz...
Creating lustre tarball at /tmp/ktest-lustre.tar.gz...
Creating ZFS tarball at /tmp/ktest-zfs.tar.gz...
Executing 14 jobs
Jobs will start as soon as their dependencies are satisfied
Using tarball input mode

START ml-miscvm:lustre_mainline_native build tests/fs/lustre/boot.ktest
START u24:u24 build tests/fs/lustre/boot.ktest
START checkpatch:checkpatch tool checkpatch
START ml:lustre_mainline build tests/fs/lustre/boot.ktest
START al2023:al2023 build tests/fs/lustre/boot.ktest
START ml-strict:lustre_mainline build tests/fs/lustre/boot-strict.ktest
PUT /tmp/ktest-lustre.tar.gz 1s
PUT /tmp/ktest-lustre.tar.gz 1s
PUT /tmp/ktest-kernel.tar.gz 6s
PUT /tmp/ktest-kernel.tar.gz 6s
PUT /tmp/ktest-kernel.tar.gz 6s
PUT /tmp/ktest-kernel.tar.gz 7s
PUT /tmp/ktest-lustre.tar.gz 3s
PUT /tmp/ktest-lustre.tar.gz 3s
PUT /tmp/ktest-lustre.tar.gz 3s
PUT /tmp/ktest-lustre.tar.gz 3s
PUT /tmp/ktest-zfs.tar.gz 0s
PUT /tmp/ktest-zfs.tar.gz 0s
PUT /tmp/ktest-zfs.tar.gz 0s
END checkpatch:checkpatch tool checkpatch FAIL 13s (exit code: 1)
END u24:u24 build tests/fs/lustre/boot.ktest PASS 39s
END al2023:al2023 build tests/fs/lustre/boot.ktest PASS 47s
GET /tmp/ktest_ml-strict:lustre_mainline_bj4cj6yk.tar 9s
END ml-strict:lustre_mainline build tests/fs/lustre/boot-strict.ktest FAIL 202s (exit code: 1)
GET /tmp/ktest_ml-miscvm:lustre_mainline_native_q6fc2_5j.tar 0s
GET /tmp/ktest_ml:lustre_mainline_tfqfcq7j.tar 0s
END ml-miscvm:lustre_mainline_native build tests/fs/lustre/boot.ktest PASS 223s
START ml-miscvm:boot run tests/fs/lustre/boot.ktest
START ml-miscvm:llmount run tests/fs/lustre/llmount.ktest
START ml-miscvm:llog-unit run tests/fs/lustre/llog-unit.ktest
START ml-miscvm:mgs-setup run tests/fs/lustre/mgs-setup.ktest
START ml-miscvm:sanity-1 run tests/fs/lustre/sanity/sanity-1.ktest
START ml-miscvm:sanity-2 run tests/fs/lustre/sanity/sanity-2.ktest
START ml-miscvm:sanity-3 run tests/fs/lustre/sanity/sanity-3.ktest
START ml-miscvm:sanity-4 run tests/fs/lustre/sanity/sanity-4.ktest
END ml:lustre_mainline build tests/fs/lustre/boot.ktest PASS 225s
PUT /tmp/ktest-kernel.tar.gz 36s
PUT /tmp/ktest-kernel.tar.gz 37s
PUT /tmp/ktest-kernel.tar.gz 37s
PUT /tmp/ktest-kernel.tar.gz 37s
PUT /tmp/ktest-kernel.tar.gz 37s
PUT /tmp/ktest-kernel.tar.gz 37s
PUT /tmp/ktest-kernel.tar.gz 37s
PUT /tmp/ktest-kernel.tar.gz 38s
PUT /tmp/ktest-lustre.tar.gz 14s
PUT /tmp/ktest-lustre.tar.gz 14s
PUT /tmp/ktest-lustre.tar.gz 13s
PUT /tmp/ktest-lustre.tar.gz 14s
PUT /tmp/ktest-lustre.tar.gz 13s
PUT /tmp/ktest-lustre.tar.gz 14s
PUT /tmp/ktest-lustre.tar.gz 14s
PUT /tmp/ktest-lustre.tar.gz 14s
PUT /tmp/ktest_ml-miscvm:lustre_mainline_native_q6fc2_5j.tar 3s
PUT /tmp/ktest_ml-miscvm:lustre_mainline_native_q6fc2_5j.tar 3s
PUT /tmp/ktest_ml-miscvm:lustre_mainline_native_q6fc2_5j.tar 3s
PUT /tmp/ktest_ml-miscvm:lustre_mainline_native_q6fc2_5j.tar 3s
PUT /tmp/ktest_ml-miscvm:lustre_mainline_native_q6fc2_5j.tar 3s
PUT /tmp/ktest_ml-miscvm:lustre_mainline_native_q6fc2_5j.tar 3s
PUT /tmp/ktest_ml-miscvm:lustre_mainline_native_q6fc2_5j.tar 3s
PUT /tmp/ktest_ml-miscvm:lustre_mainline_native_q6fc2_5j.tar 3s
END ml-miscvm:boot run tests/fs/lustre/boot.ktest PASS 70s
END ml-miscvm:mgs-setup run tests/fs/lustre/mgs-setup.ktest PASS 78s
END ml-miscvm:sanity-4 run tests/fs/lustre/sanity/sanity-4.ktest PASS 106s
END ml-miscvm:sanity-1 run tests/fs/lustre/sanity/sanity-1.ktest PASS 108s
END ml-miscvm:llmount run tests/fs/lustre/llmount.ktest PASS 119s
END ml-miscvm:sanity-2 run tests/fs/lustre/sanity/sanity-2.ktest PASS 121s
END ml-miscvm:sanity-3 run tests/fs/lustre/sanity/sanity-3.ktest PASS 122s
END ml-miscvm:llog-unit run tests/fs/lustre/llog-unit.ktest FAIL 155s (exit code: 1)

============================================================
Final Results:
  checkpatch:checkpatch: FAIL (13s) (log: /var/www/ci-lustre/upstream-patch-review/0e8b95b6458fedef3601c2f0f6edcec8790d30c9_checkpatch:checkpatch.log)
  u24:u24: PASS (39s) (log: /var/www/ci-lustre/upstream-patch-review/0e8b95b6458fedef3601c2f0f6edcec8790d30c9_u24:u24.log)
  al2023:al2023: PASS (47s) (log: /var/www/ci-lustre/upstream-patch-review/0e8b95b6458fedef3601c2f0f6edcec8790d30c9_al2023:al2023.log)
  ml-strict:lustre_mainline: FAIL (202s) (log: /var/www/ci-lustre/upstream-patch-review/0e8b95b6458fedef3601c2f0f6edcec8790d30c9_ml-strict:lustre_mainline.log)
  ml:lustre_mainline: PASS (225s) (log: /var/www/ci-lustre/upstream-patch-review/0e8b95b6458fedef3601c2f0f6edcec8790d30c9_ml:lustre_mainline.log)
  ml-miscvm:lustre_mainline_native: PASS (223s) (log: /var/www/ci-lustre/upstream-patch-review/0e8b95b6458fedef3601c2f0f6edcec8790d30c9_ml-miscvm:lustre_mainline_native.log)
  ml-miscvm:boot: PASS (70s) (log: /var/www/ci-lustre/upstream-patch-review/0e8b95b6458fedef3601c2f0f6edcec8790d30c9_ml-miscvm:boot.log)
  ml-miscvm:llmount: PASS (119s) (log: /var/www/ci-lustre/upstream-patch-review/0e8b95b6458fedef3601c2f0f6edcec8790d30c9_ml-miscvm:llmount.log)
  ml-miscvm:llog-unit: FAIL (155s) (log: /var/www/ci-lustre/upstream-patch-review/0e8b95b6458fedef3601c2f0f6edcec8790d30c9_ml-miscvm:llog-unit.log)
  ml-miscvm:mgs-setup: PASS (78s) (log: /var/www/ci-lustre/upstream-patch-review/0e8b95b6458fedef3601c2f0f6edcec8790d30c9_ml-miscvm:mgs-setup.log)
  ml-miscvm:sanity-1: PASS (108s) (log: /var/www/ci-lustre/upstream-patch-review/0e8b95b6458fedef3601c2f0f6edcec8790d30c9_ml-miscvm:sanity-1.log)
  ml-miscvm:sanity-2: PASS (121s) (log: /var/www/ci-lustre/upstream-patch-review/0e8b95b6458fedef3601c2f0f6edcec8790d30c9_ml-miscvm:sanity-2.log)
  ml-miscvm:sanity-3: PASS (122s) (log: /var/www/ci-lustre/upstream-patch-review/0e8b95b6458fedef3601c2f0f6edcec8790d30c9_ml-miscvm:sanity-3.log)
  ml-miscvm:sanity-4: PASS (106s) (log: /var/www/ci-lustre/upstream-patch-review/0e8b95b6458fedef3601c2f0f6edcec8790d30c9_ml-miscvm:sanity-4.log)

Total execution time: 410s

Packed 4345 logs from /var/www/ci-lustre/upstream-patch-review into /home/ktest/ktest/local-site/local_data.js
Open /home/ktest/ktest/local-site/index.html in a browser
