CLI: ./pk --podman-socket unix:///run/podman/podman.sock --shared-filesystem /tmp --tarball-input job lustre-ci --output /var/www/ci-lustre/upstream-patch-review --git-hash 0f189236bde9489899bf3251de9051b80ec3d9d8 --change-id 68014_0f189236bde9489899bf3251de9051b80ec3d9d8 --subject LU-20531 tests: add reproducer for cross-MDT close deadlock

Environment validated successfully
Note: custom LLVM is not synced in tarball input mode
Creating kernel tarball at /tmp/ktest-kernel.tar.gz...
Creating lustre tarball at /tmp/ktest-lustre.tar.gz...
Creating ZFS tarball at /tmp/ktest-zfs.tar.gz...
Executing 14 jobs
Jobs will start as soon as their dependencies are satisfied
Using tarball input mode

START checkpatch:checkpatch tool checkpatch
START u24:u24 build tests/fs/lustre/boot.ktest
START ml:lustre_mainline build tests/fs/lustre/boot.ktest
START al2023:al2023 build tests/fs/lustre/boot.ktest
START ml-strict:lustre_mainline build tests/fs/lustre/boot-strict.ktest
START ml-miscvm:lustre_mainline_native build tests/fs/lustre/boot.ktest
PUT /tmp/ktest-lustre.tar.gz 1s
PUT /tmp/ktest-lustre.tar.gz 1s
PUT /tmp/ktest-kernel.tar.gz 7s
PUT /tmp/ktest-kernel.tar.gz 7s
PUT /tmp/ktest-kernel.tar.gz 8s
PUT /tmp/ktest-kernel.tar.gz 8s
PUT /tmp/ktest-lustre.tar.gz 2s
PUT /tmp/ktest-lustre.tar.gz 2s
PUT /tmp/ktest-lustre.tar.gz 2s
PUT /tmp/ktest-lustre.tar.gz 2s
PUT /tmp/ktest-zfs.tar.gz 0s
PUT /tmp/ktest-zfs.tar.gz 0s
PUT /tmp/ktest-zfs.tar.gz 0s
END checkpatch:checkpatch tool checkpatch PASS 12s
END u24:u24 build tests/fs/lustre/boot.ktest PASS 39s
END al2023:al2023 build tests/fs/lustre/boot.ktest PASS 45s
GET /tmp/ktest_ml:lustre_mainline_nyhit4qc.tar 0s
END ml:lustre_mainline build tests/fs/lustre/boot.ktest PASS 144s
GET /tmp/ktest_ml-miscvm:lustre_mainline_native_w4cm64cf.tar 0s
GET /tmp/ktest_ml-strict:lustre_mainline_76v8lufq.tar 4sEND ml-miscvm:lustre_mainline_native build tests/fs/lustre/boot.ktest PASS 146s

START ml-miscvm:boot run tests/fs/lustre/boot.ktest
START ml-miscvm:llmount run tests/fs/lustre/llmount.ktest
START ml-miscvm:llog-unit run tests/fs/lustre/llog-unit.ktest
START ml-miscvm:mgs-setup run tests/fs/lustre/mgs-setup.ktest
START ml-miscvm:sanity-1 run tests/fs/lustre/sanity/sanity-1.ktest
START ml-miscvm:sanity-2 run tests/fs/lustre/sanity/sanity-2.ktest
START ml-miscvm:sanity-3 run tests/fs/lustre/sanity/sanity-3.ktest
START ml-miscvm:sanity-4 run tests/fs/lustre/sanity/sanity-4.ktest
END ml-strict:lustre_mainline build tests/fs/lustre/boot-strict.ktest FAIL 148s (exit code: 1)
PUT /tmp/ktest-kernel.tar.gz 21s
PUT /tmp/ktest-kernel.tar.gz 21s
PUT /tmp/ktest-kernel.tar.gz 20s
PUT /tmp/ktest-kernel.tar.gz 21s
PUT /tmp/ktest-kernel.tar.gz 21s
PUT /tmp/ktest-kernel.tar.gz 21s
PUT /tmp/ktest-kernel.tar.gz 21s
PUT /tmp/ktest-kernel.tar.gz 21s
PUT /tmp/ktest-lustre.tar.gz 6s
PUT /tmp/ktest-lustre.tar.gz 6s
PUT /tmp/ktest-lustre.tar.gz 6s
PUT /tmp/ktest-lustre.tar.gz 6s
PUT /tmp/ktest-lustre.tar.gz 7s
PUT /tmp/ktest-lustre.tar.gz 6s
PUT /tmp/ktest-lustre.tar.gz 6s
PUT /tmp/ktest-lustre.tar.gz 6s
PUT /tmp/ktest_ml-miscvm:lustre_mainline_native_w4cm64cf.tar 1s
PUT /tmp/ktest_ml-miscvm:lustre_mainline_native_w4cm64cf.tar 1s
PUT /tmp/ktest_ml-miscvm:lustre_mainline_native_w4cm64cf.tar 1s
PUT /tmp/ktest_ml-miscvm:lustre_mainline_native_w4cm64cf.tar 1s
PUT /tmp/ktest_ml-miscvm:lustre_mainline_native_w4cm64cf.tar 1s
PUT /tmp/ktest_ml-miscvm:lustre_mainline_native_w4cm64cf.tar 1s
PUT /tmp/ktest_ml-miscvm:lustre_mainline_native_w4cm64cf.tar 1s
PUT /tmp/ktest_ml-miscvm:lustre_mainline_native_w4cm64cf.tar 1s
END ml-miscvm:boot run tests/fs/lustre/boot.ktest PASS 41s
END ml-miscvm:mgs-setup run tests/fs/lustre/mgs-setup.ktest PASS 51s
END ml-miscvm:sanity-1 run tests/fs/lustre/sanity/sanity-1.ktest PASS 80s
END ml-miscvm:sanity-4 run tests/fs/lustre/sanity/sanity-4.ktest PASS 81s
END ml-miscvm:sanity-3 run tests/fs/lustre/sanity/sanity-3.ktest PASS 83s
END ml-miscvm:llmount run tests/fs/lustre/llmount.ktest PASS 90s
END ml-miscvm:sanity-2 run tests/fs/lustre/sanity/sanity-2.ktest PASS 92s
END ml-miscvm:llog-unit run tests/fs/lustre/llog-unit.ktest FAIL 128s (exit code: 1)

============================================================
Final Results:
  checkpatch:checkpatch: PASS (12s) (log: /var/www/ci-lustre/upstream-patch-review/0f189236bde9489899bf3251de9051b80ec3d9d8_checkpatch:checkpatch.log)
  u24:u24: PASS (39s) (log: /var/www/ci-lustre/upstream-patch-review/0f189236bde9489899bf3251de9051b80ec3d9d8_u24:u24.log)
  al2023:al2023: PASS (45s) (log: /var/www/ci-lustre/upstream-patch-review/0f189236bde9489899bf3251de9051b80ec3d9d8_al2023:al2023.log)
  ml-strict:lustre_mainline: FAIL (148s) (log: /var/www/ci-lustre/upstream-patch-review/0f189236bde9489899bf3251de9051b80ec3d9d8_ml-strict:lustre_mainline.log)
  ml:lustre_mainline: PASS (144s) (log: /var/www/ci-lustre/upstream-patch-review/0f189236bde9489899bf3251de9051b80ec3d9d8_ml:lustre_mainline.log)
  ml-miscvm:lustre_mainline_native: PASS (146s) (log: /var/www/ci-lustre/upstream-patch-review/0f189236bde9489899bf3251de9051b80ec3d9d8_ml-miscvm:lustre_mainline_native.log)
  ml-miscvm:boot: PASS (41s) (log: /var/www/ci-lustre/upstream-patch-review/0f189236bde9489899bf3251de9051b80ec3d9d8_ml-miscvm:boot.log)
  ml-miscvm:llmount: PASS (90s) (log: /var/www/ci-lustre/upstream-patch-review/0f189236bde9489899bf3251de9051b80ec3d9d8_ml-miscvm:llmount.log)
  ml-miscvm:llog-unit: FAIL (128s) (log: /var/www/ci-lustre/upstream-patch-review/0f189236bde9489899bf3251de9051b80ec3d9d8_ml-miscvm:llog-unit.log)
  ml-miscvm:mgs-setup: PASS (51s) (log: /var/www/ci-lustre/upstream-patch-review/0f189236bde9489899bf3251de9051b80ec3d9d8_ml-miscvm:mgs-setup.log)
  ml-miscvm:sanity-1: PASS (80s) (log: /var/www/ci-lustre/upstream-patch-review/0f189236bde9489899bf3251de9051b80ec3d9d8_ml-miscvm:sanity-1.log)
  ml-miscvm:sanity-2: PASS (92s) (log: /var/www/ci-lustre/upstream-patch-review/0f189236bde9489899bf3251de9051b80ec3d9d8_ml-miscvm:sanity-2.log)
  ml-miscvm:sanity-3: PASS (83s) (log: /var/www/ci-lustre/upstream-patch-review/0f189236bde9489899bf3251de9051b80ec3d9d8_ml-miscvm:sanity-3.log)
  ml-miscvm:sanity-4: PASS (81s) (log: /var/www/ci-lustre/upstream-patch-review/0f189236bde9489899bf3251de9051b80ec3d9d8_ml-miscvm:sanity-4.log)

Total execution time: 306s

Packed 5487 logs from /var/www/ci-lustre/upstream-patch-review into /home/ktest/ktest/local-site/local_data.js
Open /home/ktest/ktest/local-site/index.html in a browser
