CLI: ./pk --podman-socket unix:///run/podman/podman.sock --shared-filesystem /tmp --tarball-input job lustre-ci --output /var/www/ci-lustre/upstream-patch-review --git-hash 10584508f760d61146f46da9b8a3ce746b491166 --change-id 67824_10584508f760d61146f46da9b8a3ce746b491166 --subject LU-20264 llite: use inode_owner_or_capable()

Environment validated successfully
Note: custom LLVM is not synced in tarball input mode
Creating kernel tarball at /tmp/ktest-kernel.tar.gz...
Creating lustre tarball at /tmp/ktest-lustre.tar.gz...
Creating ZFS tarball at /tmp/ktest-zfs.tar.gz...
Executing 14 jobs
Jobs will start as soon as their dependencies are satisfied
Using tarball input mode

START checkpatch:checkpatch tool checkpatch
START ml-miscvm:lustre_mainline_native build tests/fs/lustre/boot.ktest
START al2023:al2023 build tests/fs/lustre/boot.ktest
START u24:u24 build tests/fs/lustre/boot.ktest
START ml:lustre_mainline build tests/fs/lustre/boot.ktest
START ml-strict:lustre_mainline build tests/fs/lustre/boot-strict.ktest
PUT /tmp/ktest-lustre.tar.gz 1s
PUT /tmp/ktest-lustre.tar.gz 1s
PUT /tmp/ktest-kernel.tar.gz 7s
PUT /tmp/ktest-kernel.tar.gz 8s
PUT /tmp/ktest-kernel.tar.gz 8s
PUT /tmp/ktest-kernel.tar.gz 8s
PUT /tmp/ktest-lustre.tar.gz 3s
PUT /tmp/ktest-lustre.tar.gz 3s
PUT /tmp/ktest-lustre.tar.gz 3s
PUT /tmp/ktest-lustre.tar.gz 3s
PUT /tmp/ktest-zfs.tar.gz 0s
PUT /tmp/ktest-zfs.tar.gz 0s
PUT /tmp/ktest-zfs.tar.gz 0s
END checkpatch:checkpatch tool checkpatch PASS 14s
END u24:u24 build tests/fs/lustre/boot.ktest PASS 42s
END al2023:al2023 build tests/fs/lustre/boot.ktest PASS 48s
GET /tmp/ktest_ml:lustre_mainline_0mzgjtzy.tar 0s
END ml:lustre_mainline build tests/fs/lustre/boot.ktest PASS 148s
GET /tmp/ktest_ml-miscvm:lustre_mainline_native_6e6_7d4s.tar 0s
END ml-miscvm:lustre_mainline_native build tests/fs/lustre/boot.ktest PASS 151s
START ml-miscvm:boot run tests/fs/lustre/boot.ktest
START ml-miscvm:llmount run tests/fs/lustre/llmount.ktest
START ml-miscvm:llog-unit run tests/fs/lustre/llog-unit.ktest
START ml-miscvm:mgs-setup run tests/fs/lustre/mgs-setup.ktest
START ml-miscvm:sanity-1 run tests/fs/lustre/sanity/sanity-1.ktest
START ml-miscvm:sanity-2 run tests/fs/lustre/sanity/sanity-2.ktest
START ml-miscvm:sanity-3 run tests/fs/lustre/sanity/sanity-3.ktest
START ml-miscvm:sanity-4 run tests/fs/lustre/sanity/sanity-4.ktest
GET /tmp/ktest_ml-strict:lustre_mainline_42sdicfb.tar 6s
END ml-strict:lustre_mainline build tests/fs/lustre/boot-strict.ktest FAIL 161s (exit code: 1)
PUT /tmp/ktest-kernel.tar.gz 42s
PUT /tmp/ktest-kernel.tar.gz 40s
PUT /tmp/ktest-kernel.tar.gz 42s
PUT /tmp/ktest-kernel.tar.gz 41s
PUT /tmp/ktest-kernel.tar.gz 41s
PUT /tmp/ktest-kernel.tar.gz 41s
PUT /tmp/ktest-kernel.tar.gz 41s
PUT /tmp/ktest-kernel.tar.gz 41s
PUT /tmp/ktest-lustre.tar.gz 8s
PUT /tmp/ktest-lustre.tar.gz 7s
PUT /tmp/ktest-lustre.tar.gz 7s
PUT /tmp/ktest-lustre.tar.gz 8s
PUT /tmp/ktest-lustre.tar.gz 8s
PUT /tmp/ktest-lustre.tar.gz 8s
PUT /tmp/ktest-lustre.tar.gz 8s
PUT /tmp/ktest-lustre.tar.gz 8s
PUT /tmp/ktest_ml-miscvm:lustre_mainline_native_6e6_7d4s.tar 1s
PUT /tmp/ktest_ml-miscvm:lustre_mainline_native_6e6_7d4s.tar 1s
PUT /tmp/ktest_ml-miscvm:lustre_mainline_native_6e6_7d4s.tar 1s
PUT /tmp/ktest_ml-miscvm:lustre_mainline_native_6e6_7d4s.tar 1s
PUT /tmp/ktest_ml-miscvm:lustre_mainline_native_6e6_7d4s.tar 1s
PUT /tmp/ktest_ml-miscvm:lustre_mainline_native_6e6_7d4s.tar 1s
PUT /tmp/ktest_ml-miscvm:lustre_mainline_native_6e6_7d4s.tar 1s
PUT /tmp/ktest_ml-miscvm:lustre_mainline_native_6e6_7d4s.tar 1s
END ml-miscvm:boot run tests/fs/lustre/boot.ktest PASS 63s
END ml-miscvm:mgs-setup run tests/fs/lustre/mgs-setup.ktest PASS 72s
END ml-miscvm:sanity-2 run tests/fs/lustre/sanity/sanity-2.ktest PASS 102s
END ml-miscvm:sanity-3 run tests/fs/lustre/sanity/sanity-3.ktest PASS 103s
END ml-miscvm:sanity-1 run tests/fs/lustre/sanity/sanity-1.ktest PASS 104s
END ml-miscvm:sanity-4 run tests/fs/lustre/sanity/sanity-4.ktest PASS 106s
END ml-miscvm:llmount run tests/fs/lustre/llmount.ktest PASS 111s
END ml-miscvm:llog-unit run tests/fs/lustre/llog-unit.ktest FAIL 149s (exit code: 1)

============================================================
Final Results:
  checkpatch:checkpatch: PASS (14s) (log: /var/www/ci-lustre/upstream-patch-review/10584508f760d61146f46da9b8a3ce746b491166_checkpatch:checkpatch.log)
  u24:u24: PASS (42s) (log: /var/www/ci-lustre/upstream-patch-review/10584508f760d61146f46da9b8a3ce746b491166_u24:u24.log)
  al2023:al2023: PASS (48s) (log: /var/www/ci-lustre/upstream-patch-review/10584508f760d61146f46da9b8a3ce746b491166_al2023:al2023.log)
  ml-strict:lustre_mainline: FAIL (161s) (log: /var/www/ci-lustre/upstream-patch-review/10584508f760d61146f46da9b8a3ce746b491166_ml-strict:lustre_mainline.log)
  ml:lustre_mainline: PASS (148s) (log: /var/www/ci-lustre/upstream-patch-review/10584508f760d61146f46da9b8a3ce746b491166_ml:lustre_mainline.log)
  ml-miscvm:lustre_mainline_native: PASS (151s) (log: /var/www/ci-lustre/upstream-patch-review/10584508f760d61146f46da9b8a3ce746b491166_ml-miscvm:lustre_mainline_native.log)
  ml-miscvm:boot: PASS (63s) (log: /var/www/ci-lustre/upstream-patch-review/10584508f760d61146f46da9b8a3ce746b491166_ml-miscvm:boot.log)
  ml-miscvm:llmount: PASS (111s) (log: /var/www/ci-lustre/upstream-patch-review/10584508f760d61146f46da9b8a3ce746b491166_ml-miscvm:llmount.log)
  ml-miscvm:llog-unit: FAIL (149s) (log: /var/www/ci-lustre/upstream-patch-review/10584508f760d61146f46da9b8a3ce746b491166_ml-miscvm:llog-unit.log)
  ml-miscvm:mgs-setup: PASS (72s) (log: /var/www/ci-lustre/upstream-patch-review/10584508f760d61146f46da9b8a3ce746b491166_ml-miscvm:mgs-setup.log)
  ml-miscvm:sanity-1: PASS (104s) (log: /var/www/ci-lustre/upstream-patch-review/10584508f760d61146f46da9b8a3ce746b491166_ml-miscvm:sanity-1.log)
  ml-miscvm:sanity-2: PASS (102s) (log: /var/www/ci-lustre/upstream-patch-review/10584508f760d61146f46da9b8a3ce746b491166_ml-miscvm:sanity-2.log)
  ml-miscvm:sanity-3: PASS (103s) (log: /var/www/ci-lustre/upstream-patch-review/10584508f760d61146f46da9b8a3ce746b491166_ml-miscvm:sanity-3.log)
  ml-miscvm:sanity-4: PASS (106s) (log: /var/www/ci-lustre/upstream-patch-review/10584508f760d61146f46da9b8a3ce746b491166_ml-miscvm:sanity-4.log)

Total execution time: 331s

Packed 445 logs from /var/www/ci-lustre/upstream-patch-review into /home/ktest/ktest/local-site/local_data.js
Open /home/ktest/ktest/local-site/index.html in a browser
