CLI: ./pk --podman-socket unix:///run/user/1000/podman/podman.sock --shared-filesystem /tmp --tarball-input job lustre-ci --output /var/www/ci-lustre/upstream-patch-review --git-hash 109bc3e9e9740b3e03f9aaba57fe8a700f775ed1 --change-id 68453_109bc3e9e9740b3e03f9aaba57fe8a700f775ed1 --subject LU-12669 ec: create lock placeholder for reconstructed pages

Environment validated successfully
Note: custom LLVM is not synced in tarball input mode
Creating kernel tarball at /tmp/ktest-kernel.tar.gz...
Creating lustre tarball at /tmp/ktest-lustre.tar.gz...
Creating ZFS tarball at /tmp/ktest-zfs.tar.gz...
Executing 14 jobs
Jobs will start as soon as their dependencies are satisfied
Using tarball input mode

START al2023:al2023 build tests/fs/lustre/boot.ktest
START checkpatch:checkpatch tool checkpatch
START u24:u24 build tests/fs/lustre/boot.ktest
START ml:lustre_mainline build tests/fs/lustre/boot.ktest
START ml-strict:lustre_mainline build tests/fs/lustre/boot-strict.ktest
START ml-miscvm:lustre_mainline_native build tests/fs/lustre/boot.ktest
PUT /tmp/ktest-lustre.tar.gz 1s
PUT /tmp/ktest-lustre.tar.gz 1s
PUT /tmp/ktest-kernel.tar.gz 9s
PUT /tmp/ktest-kernel.tar.gz 9s
PUT /tmp/ktest-kernel.tar.gz 9s
PUT /tmp/ktest-kernel.tar.gz 9s
PUT /tmp/ktest-lustre.tar.gz 4s
PUT /tmp/ktest-lustre.tar.gz 3s
PUT /tmp/ktest-lustre.tar.gz 3s
PUT /tmp/ktest-lustre.tar.gz 3s
PUT /tmp/ktest-zfs.tar.gz 0s
PUT /tmp/ktest-zfs.tar.gz 0s
PUT /tmp/ktest-zfs.tar.gz 0s
END checkpatch:checkpatch tool checkpatch FAIL 16s (exit code: 1)
END u24:u24 build tests/fs/lustre/boot.ktest PASS 41s
END al2023:al2023 build tests/fs/lustre/boot.ktest PASS 43s
GET /tmp/ktest_ml:lustre_mainline_vet8d5wo.tar 0s
END ml:lustre_mainline build tests/fs/lustre/boot.ktest PASS 185s
GET /tmp/ktest_ml-miscvm:lustre_mainline_native_amyhslej.tar 0s
END ml-miscvm:lustre_mainline_native build tests/fs/lustre/boot.ktest PASS 188s
START ml-miscvm:boot run tests/fs/lustre/boot.ktest
START ml-miscvm:llmount run tests/fs/lustre/llmount.ktest
START ml-miscvm:llog-unit run tests/fs/lustre/llog-unit.ktest
START ml-miscvm:mgs-setup run tests/fs/lustre/mgs-setup.ktest
START ml-miscvm:sanity-1 run tests/fs/lustre/sanity/sanity-1.ktest
START ml-miscvm:sanity-2 run tests/fs/lustre/sanity/sanity-2.ktest
START ml-miscvm:sanity-3 run tests/fs/lustre/sanity/sanity-3.ktest
START ml-miscvm:sanity-4 run tests/fs/lustre/sanity/sanity-4.ktest
GET /tmp/ktest_ml-strict:lustre_mainline_891su40o.tar 5s
END ml-strict:lustre_mainline build tests/fs/lustre/boot-strict.ktest FAIL 199s (exit code: 1)
PUT /tmp/ktest-kernel.tar.gz 51s
PUT /tmp/ktest-kernel.tar.gz 51s
PUT /tmp/ktest-kernel.tar.gz 51s
PUT /tmp/ktest-kernel.tar.gz 51s
PUT /tmp/ktest-kernel.tar.gz 52s
PUT /tmp/ktest-kernel.tar.gz 52s
PUT /tmp/ktest-kernel.tar.gz 52s
PUT /tmp/ktest-kernel.tar.gz 52s
PUT /tmp/ktest-lustre.tar.gz 14s
PUT /tmp/ktest-lustre.tar.gz 13s
PUT /tmp/ktest-lustre.tar.gz 13s
PUT /tmp/ktest-lustre.tar.gz 13s
PUT /tmp/ktest-lustre.tar.gz 14s
PUT /tmp/ktest-lustre.tar.gz 14s
PUT /tmp/ktest-lustre.tar.gz 13s
PUT /tmp/ktest-lustre.tar.gz 14s
PUT /tmp/ktest_ml-miscvm:lustre_mainline_native_amyhslej.tar 1s
PUT /tmp/ktest_ml-miscvm:lustre_mainline_native_amyhslej.tar 1s
PUT /tmp/ktest_ml-miscvm:lustre_mainline_native_amyhslej.tar 1s
PUT /tmp/ktest_ml-miscvm:lustre_mainline_native_amyhslej.tar 1s
PUT /tmp/ktest_ml-miscvm:lustre_mainline_native_amyhslej.tar 1s
PUT /tmp/ktest_ml-miscvm:lustre_mainline_native_amyhslej.tar 1s
PUT /tmp/ktest_ml-miscvm:lustre_mainline_native_amyhslej.tar 1s
PUT /tmp/ktest_ml-miscvm:lustre_mainline_native_amyhslej.tar 1s
END ml-miscvm:boot run tests/fs/lustre/boot.ktest PASS 81s
END ml-miscvm:mgs-setup run tests/fs/lustre/mgs-setup.ktest PASS 90s
END ml-miscvm:llmount run tests/fs/lustre/llmount.ktest PASS 109s
END ml-miscvm:sanity-2 run tests/fs/lustre/sanity/sanity-2.ktest PASS 120s
END ml-miscvm:sanity-1 run tests/fs/lustre/sanity/sanity-1.ktest PASS 124s
END ml-miscvm:sanity-3 run tests/fs/lustre/sanity/sanity-3.ktest PASS 126s
END ml-miscvm:sanity-4 run tests/fs/lustre/sanity/sanity-4.ktest PASS 132s
END ml-miscvm:llog-unit run tests/fs/lustre/llog-unit.ktest FAIL 167s (exit code: 1)

============================================================
Final Results:
  checkpatch:checkpatch: FAIL (16s) (log: /var/www/ci-lustre/upstream-patch-review/109bc3e9e9740b3e03f9aaba57fe8a700f775ed1_checkpatch:checkpatch.log)
  u24:u24: PASS (41s) (log: /var/www/ci-lustre/upstream-patch-review/109bc3e9e9740b3e03f9aaba57fe8a700f775ed1_u24:u24.log)
  al2023:al2023: PASS (43s) (log: /var/www/ci-lustre/upstream-patch-review/109bc3e9e9740b3e03f9aaba57fe8a700f775ed1_al2023:al2023.log)
  ml-strict:lustre_mainline: FAIL (199s) (log: /var/www/ci-lustre/upstream-patch-review/109bc3e9e9740b3e03f9aaba57fe8a700f775ed1_ml-strict:lustre_mainline.log)
  ml:lustre_mainline: PASS (185s) (log: /var/www/ci-lustre/upstream-patch-review/109bc3e9e9740b3e03f9aaba57fe8a700f775ed1_ml:lustre_mainline.log)
  ml-miscvm:lustre_mainline_native: PASS (188s) (log: /var/www/ci-lustre/upstream-patch-review/109bc3e9e9740b3e03f9aaba57fe8a700f775ed1_ml-miscvm:lustre_mainline_native.log)
  ml-miscvm:boot: PASS (81s) (log: /var/www/ci-lustre/upstream-patch-review/109bc3e9e9740b3e03f9aaba57fe8a700f775ed1_ml-miscvm:boot.log)
  ml-miscvm:llmount: PASS (109s) (log: /var/www/ci-lustre/upstream-patch-review/109bc3e9e9740b3e03f9aaba57fe8a700f775ed1_ml-miscvm:llmount.log)
  ml-miscvm:llog-unit: FAIL (167s) (log: /var/www/ci-lustre/upstream-patch-review/109bc3e9e9740b3e03f9aaba57fe8a700f775ed1_ml-miscvm:llog-unit.log)
  ml-miscvm:mgs-setup: PASS (90s) (log: /var/www/ci-lustre/upstream-patch-review/109bc3e9e9740b3e03f9aaba57fe8a700f775ed1_ml-miscvm:mgs-setup.log)
  ml-miscvm:sanity-1: PASS (124s) (log: /var/www/ci-lustre/upstream-patch-review/109bc3e9e9740b3e03f9aaba57fe8a700f775ed1_ml-miscvm:sanity-1.log)
  ml-miscvm:sanity-2: PASS (120s) (log: /var/www/ci-lustre/upstream-patch-review/109bc3e9e9740b3e03f9aaba57fe8a700f775ed1_ml-miscvm:sanity-2.log)
  ml-miscvm:sanity-3: PASS (126s) (log: /var/www/ci-lustre/upstream-patch-review/109bc3e9e9740b3e03f9aaba57fe8a700f775ed1_ml-miscvm:sanity-3.log)
  ml-miscvm:sanity-4: PASS (132s) (log: /var/www/ci-lustre/upstream-patch-review/109bc3e9e9740b3e03f9aaba57fe8a700f775ed1_ml-miscvm:sanity-4.log)

Total execution time: 386s

Packed 5146 logs from /var/www/ci-lustre/upstream-patch-review into /home/ktest/ktest/local-site/local_data.js
Open /home/ktest/ktest/local-site/index.html in a browser
