00003 
00012 RDSEED32 is broken. Disabling the corresponding CPUID bit.
00016 init: failed to load nvme_core
00016 init: failed to load nvme
00016 init: failed to load zfs
00018 LNetError: 1:0:(lib-socket.c:619:lnet_inet_enumerate()) lnet: Can't find any usable interfaces, rc = -ENOENT
00018 LNetError: Error -100 starting up LNI tcp
00018 LustreError: 1:0:(events.c:627:ptlrpc_init_portals()) network initialisation failed: rc = -100
00019 init: finit_module /lib/modules/7.0.0-ktest-11d00e2-6330a45-20260727-dirty/updates/ptlrpc.ko: Network is down
00019 init: failed to load lustre
00019 init: failed to load osd_zfs
00019 init: failed to load iwlwifi
00019 init: failed to load iwlmvm
00019 init: failed to load mt7921e
00019 init: failed to load i915
00019 init: failed to load nouveau
00031 Kernel version: 7.0.0-ktest-11d00e2-6330a45-20260727-dirty
00032 hook init_noop
00032 
00032 Running tests llog-unit
00032 
00032 ========= TEST   llog-unit
00032 /host/home/ktest/git/lustre-release/lustre/tests/test-framework.sh: line 6933: cd: HOME not set
00032 /host/home/ktest/git/lustre-release/lustre/tests/test-framework.sh: line 6933: cd: HOME not set
00032 /host/home/ktest/git/lustre-release/lustre/tests/test-framework.sh: line 6933: cd: HOME not set
00035 MGS_OS_VERSION_ID=24.04
00035 MGS_OS_ID=ubuntu
00035 MGS_OS_VERSION_CODE=402915328
00035 MGS_OS_ID_LIKE=debian ubuntu
00035 MDS1_OS_ID=ubuntu
00035 MDS1_OS_VERSION_CODE=402915328
00035 MDS1_OS_ID_LIKE=debian ubuntu
00035 MDS1_OS_VERSION_ID=24.04
00035 OST1_OS_VERSION_ID=24.04
00035 OST1_OS_VERSION_CODE=402915328
00035 OST1_OS_ID=ubuntu
00035 OST1_OS_ID_LIKE=debian ubuntu
00035 CLIENT_OS_VERSION_ID=24.04
00035 CLIENT_OS_ID_LIKE=debian ubuntu
00035 CLIENT_OS_ID=ubuntu
00035 CLIENT_OS_VERSION_CODE=402915328
00036 Loading modules from /host/home/ktest/git/lustre-release/lustre
00036 detected 16 online CPUs by sysfs
00036 MODOPTS_LIBCFS=
00036 libcfs will create CPU partition based on online CPUs
00036 LNet: Added LNI 10.0.2.15@tcp [8/256/0/180]
00037 gss/krb5 is not supported
00037 Lustre: Echo OBD driver; http://www.lustre.org/
00038 
00038 
00038 /host/home/ktest/git/lustre-release/lustre/tests/test-framework.sh: line 6933: cd: HOME not set
00038 /host/home/ktest/git/lustre-release/lustre/tests/test-framework.sh: line 6933: cd: HOME not set
00038 /host/home/ktest/git/lustre-release/lustre/tests/test-framework.sh: line 6933: cd: HOME not set
00063 Lustre: 2171:0:(llog_test.c:1095:llog_test_7()) 7c: test llog_setattr64_rec
00063 ------------[ cut here ]------------
00063 WARNING: /home/ktest/git/linux/include/linux/fs.h:889 at osd_create+0x9cf/0xcf0 [osd_wbcfs], CPU#8: lctl/2171
00063 Modules linked in: llog_test(O) mgs(O) osd_wbcfs(O) lustre(O) obdecho(O) mgc(O) mdc(O) lov(O) osc(O) lmv(O) ec(O) fid(O) fld(O) ptlrpc(O) efivarfs obdclass(O) ksocklnd(O) lnet(O) libcfs(O)
00063 CPU: 8 UID: 0 PID: 2171 Comm: lctl Tainted: G        W  O        7.0.0-ktest-11d00e2-6330a45-20260727-dirty #1 PREEMPT 
00063 Tainted: [W]=WARN, [O]=OOT_MODULE
00063 Hardware name: QEMU Standard PC (Q35 + ICH9, 2009), BIOS 2025.11-3ubuntu7 03/31/2026
00063 RIP: 0010:osd_create+0x9cf/0xcf0 [osd_wbcfs]
00063 Code: c7 c7 00 96 7b a1 48 c7 c6 a0 12 7d a1 48 c7 c2 00 1c 7d a1 e8 52 f1 43 ff 48 c7 c7 00 96 7b a1 e8 46 81 44 ff e9 fe fc ff ff <0f> 0b e9 a5 fa ff ff 48 c7 c1 80 44 5d a0 80 e1 07 80 c1 03 38 c1
00063 RSP: 0018:ffffc90005f5f6e8 EFLAGS: 00010246
00063 RAX: 0000000000000000 RBX: ffff888157044000 RCX: 0000000000000046
00063 RDX: 0000000000000000 RSI: ffff8881997bed38 RDI: ffff88811be6aa58
00063 RBP: ffff8881997beca8 R08: ffffffff83a16803 R09: 1ffffffff0742d00
00063 R10: dffffc0000000000 R11: fffffbfff0742d01 R12: ffff88817fb36800
00063 R13: dffffc0000000000 R14: 1ffff1102ae08800 R15: 1ffff1102ff66d0f
00063 FS:  00007efc11e1d940(0000) GS:ffff88831e82d000(0000) knlGS:0000000000000000
00063 CS:  0010 DS: 0000 ES: 0000 CR0: 0000000080050033
00063 CR2: 000055f6f1cfbb40 CR3: 000000014124a000 CR4: 0000000000750eb0
00063 PKRU: 55555554
00063 Call Trace:
00063  <TASK>
00063  ? local_object_create+0x109/0x640 [obdclass]
00063  ? dt_write_lock+0x16d/0x2a0 [obdclass]
00063  ? llog_osd_create+0x356/0x10d0 [obdclass]
00063  ? llog_create+0x2ed/0x530 [obdclass]
00063  ? llog_open_create+0x6e7/0xb30 [obdclass]
00063  ? llog_test_7_sub+0xea/0x1250 [llog_test]
00063  ? llog_test_7+0x4a4/0xf50 [llog_test]
00063  ? llog_run_tests+0x3614/0x5ac0 [llog_test]
00063  ? get_random_u32+0x51/0x470
00063  ? llog_test_device_init+0x6e8/0xa20 [llog_test]
00063  ? obd_setup+0x54d/0x950 [obdclass]
00063  ? class_setup+0xc7d/0x10e0 [obdclass]
00063  ? class_process_config+0x2edb/0x7cb0 [obdclass]
00063  ? class_handle_ioctl+0x2055/0x3590 [obdclass]
00063  ? obd_class_ioctl+0x1f6/0x3c0 [obdclass]
00063  ? __x64_sys_ioctl+0x961/0xe00
00063  ? _copy_to_user+0x3d/0x60
00063  ? __x64_sys_rt_sigaction+0x107/0x140
00063  ? do_syscall_64+0xc1/0x350
00063  ? entry_SYSCALL_64_after_hwframe+0x4b/0x53
00063  </TASK>
00063 ---[ end trace 0000000000000000 ]---
00068 Lustre: 2171:0:(llog_test.c:1106:llog_test_7()) 7d: test llog_size_change_rec
00068 ------------[ cut here ]------------
00068 WARNING: /home/ktest/git/linux/include/linux/fs.h:889 at osd_create+0x9cf/0xcf0 [osd_wbcfs], CPU#8: lctl/2171
00068 Modules linked in: llog_test(O) mgs(O) osd_wbcfs(O) lustre(O) obdecho(O) mgc(O) mdc(O) lov(O) osc(O) lmv(O) ec(O) fid(O) fld(O) ptlrpc(O) efivarfs obdclass(O) ksocklnd(O) lnet(O) libcfs(O)
00068 CPU: 8 UID: 0 PID: 2171 Comm: lctl Tainted: G        W  O        7.0.0-ktest-11d00e2-6330a45-20260727-dirty #1 PREEMPT 
00068 Tainted: [W]=WARN, [O]=OOT_MODULE
00068 Hardware name: QEMU Standard PC (Q35 + ICH9, 2009), BIOS 2025.11-3ubuntu7 03/31/2026
00068 RIP: 0010:osd_create+0x9cf/0xcf0 [osd_wbcfs]
00068 Code: c7 c7 00 96 7b a1 48 c7 c6 a0 12 7d a1 48 c7 c2 00 1c 7d a1 e8 52 f1 43 ff 48 c7 c7 00 96 7b a1 e8 46 81 44 ff e9 fe fc ff ff <0f> 0b e9 a5 fa ff ff 48 c7 c1 80 44 5d a0 80 e1 07 80 c1 03 38 c1
00068 RSP: 0018:ffffc90005f5f6e8 EFLAGS: 00010246
00068 RAX: 0000000000000000 RBX: ffff88814f4fd400 RCX: 0000000000000046
00068 RDX: 0000000000000000 RSI: ffff8881997be620 RDI: ffff88811be6aa58
00068 RBP: ffff8881997be590 R08: ffffffff83a16803 R09: 1ffffffff0742d00
00068 R10: dffffc0000000000 R11: fffffbfff0742d01 R12: ffff88817fb36800
00068 R13: dffffc0000000000 R14: 1ffff11029e9fa80 R15: 1ffff1102ff66d0f
00068 FS:  00007efc11e1d940(0000) GS:ffff88831e82d000(0000) knlGS:0000000000000000
00068 CS:  0010 DS: 0000 ES: 0000 CR0: 0000000080050033
00068 CR2: 000055f6f1cfbb40 CR3: 000000014124a000 CR4: 0000000000750eb0
00068 PKRU: 55555554
00068 Call Trace:
00068  <TASK>
00068  ? local_object_create+0x109/0x640 [obdclass]
00068  ? dt_write_lock+0x16d/0x2a0 [obdclass]
00068  ? llog_osd_create+0x356/0x10d0 [obdclass]
00068  ? llog_create+0x2ed/0x530 [obdclass]
00068  ? llog_open_create+0x6e7/0xb30 [obdclass]
00068  ? llog_test_7_sub+0xea/0x1250 [llog_test]
00068  ? llog_test_7+0x5d5/0xf50 [llog_test]
00068  ? llog_run_tests+0x3614/0x5ac0 [llog_test]
00068  ? get_random_u32+0x51/0x470
00068  ? llog_test_device_init+0x6e8/0xa20 [llog_test]
00068  ? obd_setup+0x54d/0x950 [obdclass]
00068  ? class_setup+0xc7d/0x10e0 [obdclass]
00068  ? class_process_config+0x2edb/0x7cb0 [obdclass]
00068  ? class_handle_ioctl+0x2055/0x3590 [obdclass]
00068  ? obd_class_ioctl+0x1f6/0x3c0 [obdclass]
00068  ? __x64_sys_ioctl+0x961/0xe00
00068  ? _copy_to_user+0x3d/0x60
00068  ? __x64_sys_rt_sigaction+0x107/0x140
00068  ? do_syscall_64+0xc1/0x350
00068  ? entry_SYSCALL_64_after_hwframe+0x4b/0x53
00068  </TASK>
00068 ---[ end trace 0000000000000000 ]---
00075 Lustre: 2171:0:(llog_test.c:1117:llog_test_7()) 7e: test llog_changelog_rec
00075 ------------[ cut here ]------------
00075 WARNING: /home/ktest/git/linux/include/linux/fs.h:889 at osd_create+0x9cf/0xcf0 [osd_wbcfs], CPU#8: lctl/2171
00075 Modules linked in: llog_test(O) mgs(O) osd_wbcfs(O) lustre(O) obdecho(O) mgc(O) mdc(O) lov(O) osc(O) lmv(O) ec(O) fid(O) fld(O) ptlrpc(O) efivarfs obdclass(O) ksocklnd(O) lnet(O) libcfs(O)
00075 CPU: 8 UID: 0 PID: 2171 Comm: lctl Tainted: G        W  O        7.0.0-ktest-11d00e2-6330a45-20260727-dirty #1 PREEMPT 
00075 Tainted: [W]=WARN, [O]=OOT_MODULE
00075 Hardware name: QEMU Standard PC (Q35 + ICH9, 2009), BIOS 2025.11-3ubuntu7 03/31/2026
00075 RIP: 0010:osd_create+0x9cf/0xcf0 [osd_wbcfs]
00075 Code: c7 c7 00 96 7b a1 48 c7 c6 a0 12 7d a1 48 c7 c2 00 1c 7d a1 e8 52 f1 43 ff 48 c7 c7 00 96 7b a1 e8 46 81 44 ff e9 fe fc ff ff <0f> 0b e9 a5 fa ff ff 48 c7 c1 80 44 5d a0 80 e1 07 80 c1 03 38 c1
00075 RSP: 0018:ffffc90005f5f6e8 EFLAGS: 00010246
00075 RAX: 0000000000000000 RBX: ffff88819af75000 RCX: 0000000000000046
00075 RDX: 0000000000000000 RSI: ffff8881997bdf08 RDI: ffff88811be6aa58
00075 RBP: ffff8881997bde78 R08: ffffffff83a16803 R09: 1ffffffff0742d00
00075 R10: dffffc0000000000 R11: fffffbfff0742d01 R12: ffff88817fb36800
00075 R13: dffffc0000000000 R14: 1ffff110335eea00 R15: 1ffff1102ff66d0f
00075 FS:  00007efc11e1d940(0000) GS:ffff88831e82d000(0000) knlGS:0000000000000000
00075 CS:  0010 DS: 0000 ES: 0000 CR0: 0000000080050033
00075 CR2: 000055f6f1cfbb40 CR3: 000000014124a000 CR4: 0000000000750eb0
00075 PKRU: 55555554
00075 Call Trace:
00075  <TASK>
00075  ? local_object_create+0x109/0x640 [obdclass]
00075  ? dt_write_lock+0x16d/0x2a0 [obdclass]
00075  ? llog_osd_create+0x356/0x10d0 [obdclass]
00075  ? llog_create+0x2ed/0x530 [obdclass]
00075  ? llog_open_create+0x6e7/0xb30 [obdclass]
00075  ? llog_test_7_sub+0xea/0x1250 [llog_test]
00075  ? llog_test_7+0x706/0xf50 [llog_test]
00075  ? llog_run_tests+0x3614/0x5ac0 [llog_test]
00075  ? get_random_u32+0x51/0x470
00075  ? llog_test_device_init+0x6e8/0xa20 [llog_test]
00075  ? obd_setup+0x54d/0x950 [obdclass]
00075  ? class_setup+0xc7d/0x10e0 [obdclass]
00075  ? class_process_config+0x2edb/0x7cb0 [obdclass]
00075  ? class_handle_ioctl+0x2055/0x3590 [obdclass]
00075  ? obd_class_ioctl+0x1f6/0x3c0 [obdclass]
00075  ? __x64_sys_ioctl+0x961/0xe00
00075  ? _copy_to_user+0x3d/0x60
00075  ? __x64_sys_rt_sigaction+0x107/0x140
00075  ? do_syscall_64+0xc1/0x350
00075  ? entry_SYSCALL_64_after_hwframe+0x4b/0x53
00075  </TASK>
00075 ---[ end trace 0000000000000000 ]---
00079 Lustre: 2171:0:(llog_test.c:1024:llog_test_7_sub()) 7_sub: records are not aligned, written 64071 from 64767
00081 Lustre: 2171:0:(llog_test.c:1129:llog_test_7()) 7f: test llog_changelog_user_rec2
00081 ------------[ cut here ]------------
00081 WARNING: /home/ktest/git/linux/include/linux/fs.h:889 at osd_create+0x9cf/0xcf0 [osd_wbcfs], CPU#8: lctl/2171
00081 Modules linked in: llog_test(O) mgs(O) osd_wbcfs(O) lustre(O) obdecho(O) mgc(O) mdc(O) lov(O) osc(O) lmv(O) ec(O) fid(O) fld(O) ptlrpc(O) efivarfs obdclass(O) ksocklnd(O) lnet(O) libcfs(O)
00081 CPU: 8 UID: 0 PID: 2171 Comm: lctl Tainted: G        W  O        7.0.0-ktest-11d00e2-6330a45-20260727-dirty #1 PREEMPT 
00081 Tainted: [W]=WARN, [O]=OOT_MODULE
00081 Hardware name: QEMU Standard PC (Q35 + ICH9, 2009), BIOS 2025.11-3ubuntu7 03/31/2026
00081 RIP: 0010:osd_create+0x9cf/0xcf0 [osd_wbcfs]
00081 Code: c7 c7 00 96 7b a1 48 c7 c6 a0 12 7d a1 48 c7 c2 00 1c 7d a1 e8 52 f1 43 ff 48 c7 c7 00 96 7b a1 e8 46 81 44 ff e9 fe fc ff ff <0f> 0b e9 a5 fa ff ff 48 c7 c1 80 44 5d a0 80 e1 07 80 c1 03 38 c1
00081 RSP: 0018:ffffc90005f5f6e8 EFLAGS: 00010246
00081 RAX: 0000000000000000 RBX: ffff888199c4ec00 RCX: 0000000000000046
00081 RDX: 0000000000000000 RSI: ffff8881997bd7f0 RDI: ffff88811be6aa58
00081 RBP: ffff8881997bd760 R08: ffffffff83a16803 R09: 1ffffffff0742d00
00081 R10: dffffc0000000000 R11: fffffbfff0742d01 R12: ffff88817fb36800
00081 R13: dffffc0000000000 R14: 1ffff11033389d80 R15: 1ffff1102ff66d0f
00081 FS:  00007efc11e1d940(0000) GS:ffff88831e82d000(0000) knlGS:0000000000000000
00081 CS:  0010 DS: 0000 ES: 0000 CR0: 0000000080050033
00081 CR2: 000055f6f1cfbb40 CR3: 000000014124a000 CR4: 0000000000750eb0
00081 PKRU: 55555554
00081 Call Trace:
00081  <TASK>
00081  ? local_object_create+0x109/0x640 [obdclass]
00081  ? dt_write_lock+0x16d/0x2a0 [obdclass]
00081  ? llog_osd_create+0x356/0x10d0 [obdclass]
00081  ? llog_create+0x2ed/0x530 [obdclass]
00081  ? llog_open_create+0x6e7/0xb30 [obdclass]
00081  ? llog_test_7_sub+0xea/0x1250 [llog_test]
00081  ? llog_test_7+0x837/0xf50 [llog_test]
00081  ? llog_run_tests+0x3614/0x5ac0 [llog_test]
00081  ? get_random_u32+0x51/0x470
00081  ? llog_test_device_init+0x6e8/0xa20 [llog_test]
00081  ? obd_setup+0x54d/0x950 [obdclass]
00081  ? class_setup+0xc7d/0x10e0 [obdclass]
00081  ? class_process_config+0x2edb/0x7cb0 [obdclass]
00081  ? class_handle_ioctl+0x2055/0x3590 [obdclass]
00081  ? obd_class_ioctl+0x1f6/0x3c0 [obdclass]
00081  ? __x64_sys_ioctl+0x961/0xe00
00081  ? _copy_to_user+0x3d/0x60
00081  ? __x64_sys_rt_sigaction+0x107/0x140
00081  ? do_syscall_64+0xc1/0x350
00081  ? entry_SYSCALL_64_after_hwframe+0x4b/0x53
00081  </TASK>
00081 ---[ end trace 0000000000000000 ]---
00085 Lustre: 2171:0:(llog_test.c:1024:llog_test_7_sub()) 7_sub: records are not aligned, written 64139 from 64767
00088 Lustre: 2171:0:(llog_test.c:1140:llog_test_7()) 7g: test llog_gen_rec
00088 ------------[ cut here ]------------
00088 WARNING: /home/ktest/git/linux/include/linux/fs.h:889 at osd_create+0x9cf/0xcf0 [osd_wbcfs], CPU#8: lctl/2171
00088 Modules linked in: llog_test(O) mgs(O) osd_wbcfs(O) lustre(O) obdecho(O) mgc(O) mdc(O) lov(O) osc(O) lmv(O) ec(O) fid(O) fld(O) ptlrpc(O) efivarfs obdclass(O) ksocklnd(O) lnet(O) libcfs(O)
00088 CPU: 8 UID: 0 PID: 2171 Comm: lctl Tainted: G        W  O        7.0.0-ktest-11d00e2-6330a45-20260727-dirty #1 PREEMPT 
00088 Tainted: [W]=WARN, [O]=OOT_MODULE
00088 Hardware name: QEMU Standard PC (Q35 + ICH9, 2009), BIOS 2025.11-3ubuntu7 03/31/2026
00088 RIP: 0010:osd_create+0x9cf/0xcf0 [osd_wbcfs]
00088 Code: c7 c7 00 96 7b a1 48 c7 c6 a0 12 7d a1 48 c7 c2 00 1c 7d a1 e8 52 f1 43 ff 48 c7 c7 00 96 7b a1 e8 46 81 44 ff e9 fe fc ff ff <0f> 0b e9 a5 fa ff ff 48 c7 c1 80 44 5d a0 80 e1 07 80 c1 03 38 c1
00088 RSP: 0018:ffffc90005f5f6e8 EFLAGS: 00010246
00088 RAX: 0000000000000000 RBX: ffff888157166000 RCX: 0000000000000046
00088 RDX: 0000000000000000 RSI: ffff88819ccafb68 RDI: ffff88811be6aa58
00088 RBP: ffff88819ccafad8 R08: ffffffff83a16803 R09: 1ffffffff0742d00
00088 R10: dffffc0000000000 R11: fffffbfff0742d01 R12: ffff88817fb36800
00088 R13: dffffc0000000000 R14: 1ffff1102ae2cc00 R15: 1ffff1102ff66d0f
00088 FS:  00007efc11e1d940(0000) GS:ffff88831e82d000(0000) knlGS:0000000000000000
00088 CS:  0010 DS: 0000 ES: 0000 CR0: 0000000080050033
00088 CR2: 000055f6f1cfbb40 CR3: 000000014124a000 CR4: 0000000000750eb0
00088 PKRU: 55555554
00088 Call Trace:
00088  <TASK>
00088  ? local_object_create+0x109/0x640 [obdclass]
00088  ? dt_write_lock+0x16d/0x2a0 [obdclass]
00088  ? llog_osd_create+0x356/0x10d0 [obdclass]
00088  ? llog_create+0x2ed/0x530 [obdclass]
00088  ? llog_open_create+0x6e7/0xb30 [obdclass]
00088  ? llog_test_7_sub+0xea/0x1250 [llog_test]
00088  ? llog_test_7+0x968/0xf50 [llog_test]
00088  ? llog_run_tests+0x3614/0x5ac0 [llog_test]
00088  ? get_random_u32+0x51/0x470
00088  ? llog_test_device_init+0x6e8/0xa20 [llog_test]
00088  ? obd_setup+0x54d/0x950 [obdclass]
00088  ? class_setup+0xc7d/0x10e0 [obdclass]
00088  ? class_process_config+0x2edb/0x7cb0 [obdclass]
00088  ? class_handle_ioctl+0x2055/0x3590 [obdclass]
00088  ? obd_class_ioctl+0x1f6/0x3c0 [obdclass]
00088  ? __x64_sys_ioctl+0x961/0xe00
00088  ? _copy_to_user+0x3d/0x60
00088  ? __x64_sys_rt_sigaction+0x107/0x140
00088  ? do_syscall_64+0xc1/0x350
00088  ? entry_SYSCALL_64_after_hwframe+0x4b/0x53
00088  </TASK>
00088 ---[ end trace 0000000000000000 ]---
00092 Lustre: 2171:0:(llog_test.c:1151:llog_test_7()) 7h: test llog_setattr64_rec_v2
00092 ------------[ cut here ]------------
00092 WARNING: /home/ktest/git/linux/include/linux/fs.h:889 at osd_create+0x9cf/0xcf0 [osd_wbcfs], CPU#8: lctl/2171
00092 Modules linked in: llog_test(O) mgs(O) osd_wbcfs(O) lustre(O) obdecho(O) mgc(O) mdc(O) lov(O) osc(O) lmv(O) ec(O) fid(O) fld(O) ptlrpc(O) efivarfs obdclass(O) ksocklnd(O) lnet(O) libcfs(O)
00092 CPU: 8 UID: 0 PID: 2171 Comm: lctl Tainted: G        W  O        7.0.0-ktest-11d00e2-6330a45-20260727-dirty #1 PREEMPT 
00092 Tainted: [W]=WARN, [O]=OOT_MODULE
00092 Hardware name: QEMU Standard PC (Q35 + ICH9, 2009), BIOS 2025.11-3ubuntu7 03/31/2026
00092 RIP: 0010:osd_create+0x9cf/0xcf0 [osd_wbcfs]
00092 Code: c7 c7 00 96 7b a1 48 c7 c6 a0 12 7d a1 48 c7 c2 00 1c 7d a1 e8 52 f1 43 ff 48 c7 c7 00 96 7b a1 e8 46 81 44 ff e9 fe fc ff ff <0f> 0b e9 a5 fa ff ff 48 c7 c1 80 44 5d a0 80 e1 07 80 c1 03 38 c1
00092 RSP: 0018:ffffc90005f5f6e8 EFLAGS: 00010246
00092 RAX: 0000000000000000 RBX: ffff88819f534400 RCX: 0000000000000046
00092 RDX: 0000000000000000 RSI: ffff88819ccaf450 RDI: ffff88811be6aa58
00092 RBP: ffff88819ccaf3c0 R08: ffffffff83a16803 R09: 1ffffffff0742d00
00092 R10: dffffc0000000000 R11: fffffbfff0742d01 R12: ffff88817fb36800
00092 R13: dffffc0000000000 R14: 1ffff11033ea6880 R15: 1ffff1102ff66d0f
00092 FS:  00007efc11e1d940(0000) GS:ffff88831e82d000(0000) knlGS:0000000000000000
00092 CS:  0010 DS: 0000 ES: 0000 CR0: 0000000080050033
00092 CR2: 000055f6f1cfbb40 CR3: 000000014124a000 CR4: 0000000000750eb0
00092 PKRU: 55555554
00092 Call Trace:
00092  <TASK>
00092  ? local_object_create+0x109/0x640 [obdclass]
00092  ? dt_write_lock+0x16d/0x2a0 [obdclass]
00092  ? llog_osd_create+0x356/0x10d0 [obdclass]
00092  ? llog_create+0x2ed/0x530 [obdclass]
00092  ? llog_open_create+0x6e7/0xb30 [obdclass]
00092  ? llog_test_7_sub+0xea/0x1250 [llog_test]
00092  ? llog_test_7+0xa99/0xf50 [llog_test]
00092  ? llog_run_tests+0x3614/0x5ac0 [llog_test]
00092  ? get_random_u32+0x51/0x470
00092  ? llog_test_device_init+0x6e8/0xa20 [llog_test]
00092  ? obd_setup+0x54d/0x950 [obdclass]
00092  ? class_setup+0xc7d/0x10e0 [obdclass]
00092  ? class_process_config+0x2edb/0x7cb0 [obdclass]
00092  ? class_handle_ioctl+0x2055/0x3590 [obdclass]
00092  ? obd_class_ioctl+0x1f6/0x3c0 [obdclass]
00092  ? __x64_sys_ioctl+0x961/0xe00
00092  ? _copy_to_user+0x3d/0x60
00092  ? __x64_sys_rt_sigaction+0x107/0x140
00092  ? do_syscall_64+0xc1/0x350
00092  ? entry_SYSCALL_64_after_hwframe+0x4b/0x53
00092  </TASK>
00092 ---[ end trace 0000000000000000 ]---
00095 Lustre: 2171:0:(llog_test.c:1024:llog_test_7_sub()) 7_sub: records are not aligned, written 64071 from 64767
00098 clocksource: Long readout interval, skipping watchdog check: cs_nsec: 1576003833 wd_nsec: 1576003861
00098 Lustre: 2171:0:(llog_test.c:1260:llog_test_8()) 8a: fill the first plain llog
00098 ------------[ cut here ]------------
00098 WARNING: /home/ktest/git/linux/include/linux/fs.h:889 at osd_create+0x9cf/0xcf0 [osd_wbcfs], CPU#8: lctl/2171
00098 Modules linked in: llog_test(O) mgs(O) osd_wbcfs(O) lustre(O) obdecho(O) mgc(O) mdc(O) lov(O) osc(O) lmv(O) ec(O) fid(O) fld(O) ptlrpc(O) efivarfs obdclass(O) ksocklnd(O) lnet(O) libcfs(O)
00098 CPU: 8 UID: 0 PID: 2171 Comm: lctl Tainted: G        W  O        7.0.0-ktest-11d00e2-6330a45-20260727-dirty #1 PREEMPT 
00098 Tainted: [W]=WARN, [O]=OOT_MODULE
00098 Hardware name: QEMU Standard PC (Q35 + ICH9, 2009), BIOS 2025.11-3ubuntu7 03/31/2026
00098 RIP: 0010:osd_create+0x9cf/0xcf0 [osd_wbcfs]
00098 Code: c7 c7 00 96 7b a1 48 c7 c6 a0 12 7d a1 48 c7 c2 00 1c 7d a1 e8 52 f1 43 ff 48 c7 c7 00 96 7b a1 e8 46 81 44 ff e9 fe fc ff ff <0f> 0b e9 a5 fa ff ff 48 c7 c1 80 44 5d a0 80 e1 07 80 c1 03 38 c1
00098 RSP: 0018:ffffc90005f5f4c8 EFLAGS: 00010246
00098 RAX: 0000000000000000 RBX: ffff88819b2ca400 RCX: 0000000000000046
00098 RDX: 0000000000000000 RSI: ffff88819ccaed38 RDI: ffff88811be6aa80
00098 RBP: ffff88819ccaeca8 R08: ffffffff83a16803 R09: 1ffffffff0742d00
00098 R10: dffffc0000000000 R11: fffffbfff0742d01 R12: ffff88817fb36800
00098 R13: dffffc0000000000 R14: 1ffff11033659480 R15: 1ffff1102ff66d0f
00098 FS:  00007efc11e1d940(0000) GS:ffff88831e82d000(0000) knlGS:0000000000000000
00098 CS:  0010 DS: 0000 ES: 0000 CR0: 0000000080050033
00098 CR2: 000055f6f1cfbb40 CR3: 000000014124a000 CR4: 0000000000750eb0
00098 PKRU: 55555554
00098 Call Trace:
00098  <TASK>
00098  ? local_object_create+0x109/0x640 [obdclass]
00098  ? dt_write_lock+0x16d/0x2a0 [obdclass]
00098  ? llog_osd_create+0x356/0x10d0 [obdclass]
00098  ? llog_create+0x2ed/0x530 [obdclass]
00098  ? llog_cat_new_log+0x6d1/0x2970 [obdclass]
00098  ? llog_cat_add_rec+0x6ba/0x1960 [obdclass]
00098  ? llog_cat_add+0x499/0x7a0 [obdclass]
00098  ? llog_test_8+0x567/0x1c20 [llog_test]
00098  ? do_raw_spin_unlock+0x52/0x230
00098  ? _raw_spin_unlock+0x23/0x40
00098  ? __llog_ctxt_put+0x1c4/0x2f0 [obdclass]
00098  ? llog_run_tests+0x39a2/0x5ac0 [llog_test]
00098  ? get_random_u32+0x51/0x470
00098  ? llog_test_device_init+0x6e8/0xa20 [llog_test]
00098  ? obd_setup+0x54d/0x950 [obdclass]
00098  ? class_setup+0xc7d/0x10e0 [obdclass]
00098  ? class_process_config+0x2edb/0x7cb0 [obdclass]
00098  ? class_handle_ioctl+0x2055/0x3590 [obdclass]
00098  ? obd_class_ioctl+0x1f6/0x3c0 [obdclass]
00098  ? __x64_sys_ioctl+0x961/0xe00
00098  ? _copy_to_user+0x3d/0x60
00098  ? __x64_sys_rt_sigaction+0x107/0x140
00098  ? do_syscall_64+0xc1/0x350
00098  ? entry_SYSCALL_64_after_hwframe+0x4b/0x53
00098  </TASK>
00098 ---[ end trace 0000000000000000 ]---
00098 Lustre: 2171:0:(llog_test.c:1289:llog_test_8()) 8b: first llog [0x1:0x10:0x0]
00098 Lustre: 2171:0:(llog_test.c:1305:llog_test_8()) 8b: fill the second plain llog
00098 ------------[ cut here ]------------
00098 WARNING: /home/ktest/git/linux/include/linux/fs.h:889 at osd_create+0x9cf/0xcf0 [osd_wbcfs], CPU#8: lctl/2171
00098 Modules linked in: llog_test(O) mgs(O) osd_wbcfs(O) lustre(O) obdecho(O) mgc(O) mdc(O) lov(O) osc(O) lmv(O) ec(O) fid(O) fld(O) ptlrpc(O) efivarfs obdclass(O) ksocklnd(O) lnet(O) libcfs(O)
00098 CPU: 8 UID: 0 PID: 2171 Comm: lctl Tainted: G        W  O        7.0.0-ktest-11d00e2-6330a45-20260727-dirty #1 PREEMPT 
00098 Tainted: [W]=WARN, [O]=OOT_MODULE
00098 Hardware name: QEMU Standard PC (Q35 + ICH9, 2009), BIOS 2025.11-3ubuntu7 03/31/2026
00098 RIP: 0010:osd_create+0x9cf/0xcf0 [osd_wbcfs]
00098 Code: c7 c7 00 96 7b a1 48 c7 c6 a0 12 7d a1 48 c7 c2 00 1c 7d a1 e8 52 f1 43 ff 48 c7 c7 00 96 7b a1 e8 46 81 44 ff e9 fe fc ff ff <0f> 0b e9 a5 fa ff ff 48 c7 c1 80 44 5d a0 80 e1 07 80 c1 03 38 c1
00098 RSP: 0018:ffffc90005f5f4c8 EFLAGS: 00010246
00098 RAX: 0000000000000000 RBX: ffff88819b2c8c00 RCX: 0000000000000046
00098 RDX: 0000000000000000 RSI: ffff88819ccae620 RDI: ffff88811be6aa80
00098 RBP: ffff88819ccae590 R08: ffffffff83a16803 R09: 1ffffffff0742d00
00098 R10: dffffc0000000000 R11: fffffbfff0742d01 R12: ffff88817fb36800
00098 R13: dffffc0000000000 R14: 1ffff11033659180 R15: 1ffff1102ff66d0f
00098 FS:  00007efc11e1d940(0000) GS:ffff88831e82d000(0000) knlGS:0000000000000000
00098 CS:  0010 DS: 0000 ES: 0000 CR0: 0000000080050033
00098 CR2: 000055f6f1cfbb40 CR3: 000000014124a000 CR4: 0000000000750eb0
00098 PKRU: 55555554
00098 Call Trace:
00098  <TASK>
00098  ? local_object_create+0x109/0x640 [obdclass]
00098  ? dt_write_lock+0x16d/0x2a0 [obdclass]
00098  ? llog_osd_create+0x356/0x10d0 [obdclass]
00098  ? llog_create+0x2ed/0x530 [obdclass]
00098  ? llog_cat_new_log+0x6d1/0x2970 [obdclass]
00098  ? llog_cat_add_rec+0x6ba/0x1960 [obdclass]
00098  ? llog_cat_add+0x499/0x7a0 [obdclass]
00098  ? llog_test_8+0xd89/0x1c20 [llog_test]
00098  ? do_raw_spin_unlock+0x52/0x230
00098  ? _raw_spin_unlock+0x23/0x40
00098  ? __llog_ctxt_put+0x1c4/0x2f0 [obdclass]
00098  ? llog_run_tests+0x39a2/0x5ac0 [llog_test]
00098  ? get_random_u32+0x51/0x470
00098  ? llog_test_device_init+0x6e8/0xa20 [llog_test]
00098  ? obd_setup+0x54d/0x950 [obdclass]
00098  ? class_setup+0xc7d/0x10e0 [obdclass]
00098  ? class_process_config+0x2edb/0x7cb0 [obdclass]
00098  ? class_handle_ioctl+0x2055/0x3590 [obdclass]
00098  ? obd_class_ioctl+0x1f6/0x3c0 [obdclass]
00098  ? __x64_sys_ioctl+0x961/0xe00
00098  ? _copy_to_user+0x3d/0x60
00098  ? __x64_sys_rt_sigaction+0x107/0x140
00098  ? do_syscall_64+0xc1/0x350
00098  ? entry_SYSCALL_64_after_hwframe+0x4b/0x53
00098  </TASK>
00098 ---[ end trace 0000000000000000 ]---
00098 Lustre: 2171:0:(llog_test.c:1329:llog_test_8()) 8b: pin llog [0x1:0x12:0x0]
00098 Lustre: 2171:0:(llog_test.c:1332:llog_test_8()) 8b: clean first llog record in catalog
00098 Lustre: 2171:0:(llog_test.c:1343:llog_test_8()) 8c: corrupt first chunk in the middle
00098 Lustre: 2171:0:(llog_test.c:1346:llog_test_8()) 8c: corrupt second chunk at start
00098 Lustre: 2171:0:(llog_test.c:1349:llog_test_8()) 8d: count survived records
00098 Lustre: 2171:0:(llog_test.c:1379:llog_test_8()) 8d: close re-opened catalog
00098 Lustre: 2171:0:(llog_test.c:1440:llog_test_9()) 9a: test llog_logid_rec
00098 ------------[ cut here ]------------
00098 WARNING: /home/ktest/git/linux/include/linux/fs.h:889 at osd_create+0x9cf/0xcf0 [osd_wbcfs], CPU#8: lctl/2171
00098 Modules linked in: llog_test(O) mgs(O) osd_wbcfs(O) lustre(O) obdecho(O) mgc(O) mdc(O) lov(O) osc(O) lmv(O) ec(O) fid(O) fld(O) ptlrpc(O) efivarfs obdclass(O) ksocklnd(O) lnet(O) libcfs(O)
00098 CPU: 8 UID: 0 PID: 2171 Comm: lctl Tainted: G        W  O        7.0.0-ktest-11d00e2-6330a45-20260727-dirty #1 PREEMPT 
00098 Tainted: [W]=WARN, [O]=OOT_MODULE
00098 Hardware name: QEMU Standard PC (Q35 + ICH9, 2009), BIOS 2025.11-3ubuntu7 03/31/2026
00098 RIP: 0010:osd_create+0x9cf/0xcf0 [osd_wbcfs]
00098 Code: c7 c7 00 96 7b a1 48 c7 c6 a0 12 7d a1 48 c7 c2 00 1c 7d a1 e8 52 f1 43 ff 48 c7 c7 00 96 7b a1 e8 46 81 44 ff e9 fe fc ff ff <0f> 0b e9 a5 fa ff ff 48 c7 c1 80 44 5d a0 80 e1 07 80 c1 03 38 c1
00098 RSP: 0018:ffffc90005f5f710 EFLAGS: 00010246
00098 RAX: 0000000000000000 RBX: ffff88818b178400 RCX: 0000000000000046
00098 RDX: 0000000000000000 RSI: ffff88819ccadf08 RDI: ffff88811be6aa58
00098 RBP: ffff88819ccade78 R08: ffffffff83a16803 R09: 1ffffffff0742d00
00098 R10: dffffc0000000000 R11: fffffbfff0742d01 R12: ffff88817fb36800
00098 R13: dffffc0000000000 R14: 1ffff1103162f080 R15: 1ffff1102ff66d0f
00098 FS:  00007efc11e1d940(0000) GS:ffff88831e82d000(0000) knlGS:0000000000000000
00098 CS:  0010 DS: 0000 ES: 0000 CR0: 0000000080050033
00098 CR2: 000055f6f1cfbb40 CR3: 000000014124a000 CR4: 0000000000750eb0
00098 PKRU: 55555554
00098 Call Trace:
00098  <TASK>
00098  ? local_object_create+0x109/0x640 [obdclass]
00098  ? dt_write_lock+0x16d/0x2a0 [obdclass]
00098  ? llog_osd_create+0x356/0x10d0 [obdclass]
00098  ? llog_create+0x2ed/0x530 [obdclass]
00098  ? llog_open_create+0x6e7/0xb30 [obdclass]
00098  ? llog_test_9_sub+0xd4/0x800 [llog_test]
00098  ? llog_test_9+0x242/0x960 [llog_test]
00098  ? llog_run_tests+0x3d64/0x5ac0 [llog_test]
00098  ? get_random_u32+0x51/0x470
00098  ? llog_test_device_init+0x6e8/0xa20 [llog_test]
00098  ? obd_setup+0x54d/0x950 [obdclass]
00098  ? class_setup+0xc7d/0x10e0 [obdclass]
00098  ? class_process_config+0x2edb/0x7cb0 [obdclass]
00098  ? class_handle_ioctl+0x2055/0x3590 [obdclass]
00098  ? obd_class_ioctl+0x1f6/0x3c0 [obdclass]
00098  ? __x64_sys_ioctl+0x961/0xe00
00098  ? _copy_to_user+0x3d/0x60
00098  ? __x64_sys_rt_sigaction+0x107/0x140
00098  ? do_syscall_64+0xc1/0x350
00098  ? entry_SYSCALL_64_after_hwframe+0x4b/0x53
00098  </TASK>
00098 ---[ end trace 0000000000000000 ]---
00098 Lustre: 2171:0:(llog_test.c:1424:llog_test_9_sub()) 9_sub: record type 1064553b in log 0x1:0x14:0x0
00098 Lustre: 2171:0:(llog_test.c:1451:llog_test_9()) 9b: test llog_obd_cfg_rec
00098 ------------[ cut here ]------------
00098 WARNING: /home/ktest/git/linux/include/linux/fs.h:889 at osd_create+0x9cf/0xcf0 [osd_wbcfs], CPU#8: lctl/2171
00098 Modules linked in: llog_test(O) mgs(O) osd_wbcfs(O) lustre(O) obdecho(O) mgc(O) mdc(O) lov(O) osc(O) lmv(O) ec(O) fid(O) fld(O) ptlrpc(O) efivarfs obdclass(O) ksocklnd(O) lnet(O) libcfs(O)
00098 CPU: 8 UID: 0 PID: 2171 Comm: lctl Tainted: G        W  O        7.0.0-ktest-11d00e2-6330a45-20260727-dirty #1 PREEMPT 
00098 Tainted: [W]=WARN, [O]=OOT_MODULE
00098 Hardware name: QEMU Standard PC (Q35 + ICH9, 2009), BIOS 2025.11-3ubuntu7 03/31/2026
00098 RIP: 0010:osd_create+0x9cf/0xcf0 [osd_wbcfs]
00098 Code: c7 c7 00 96 7b a1 48 c7 c6 a0 12 7d a1 48 c7 c2 00 1c 7d a1 e8 52 f1 43 ff 48 c7 c7 00 96 7b a1 e8 46 81 44 ff e9 fe fc ff ff <0f> 0b e9 a5 fa ff ff 48 c7 c1 80 44 5d a0 80 e1 07 80 c1 03 38 c1
00098 RSP: 0018:ffffc90005f5f710 EFLAGS: 00010246
00098 RAX: 0000000000000000 RBX: ffff88819b2cf800 RCX: 0000000000000046
00098 RDX: 0000000000000000 RSI: ffff88819ccad7f0 RDI: ffff88811be6aa58
00098 RBP: ffff88819ccad760 R08: ffffffff83a16803 R09: 1ffffffff0742d00
00098 R10: dffffc0000000000 R11: fffffbfff0742d01 R12: ffff88817fb36800
00098 R13: dffffc0000000000 R14: 1ffff11033659f00 R15: 1ffff1102ff66d0f
00098 FS:  00007efc11e1d940(0000) GS:ffff88831e82d000(0000) knlGS:0000000000000000
00098 CS:  0010 DS: 0000 ES: 0000 CR0: 0000000080050033
00098 CR2: 000055f6f1cfbb40 CR3: 000000014124a000 CR4: 0000000000750eb0
00098 PKRU: 55555554
00098 Call Trace:
00098  <TASK>
00098  ? local_object_create+0x109/0x640 [obdclass]
00098  ? dt_write_lock+0x16d/0x2a0 [obdclass]
00098  ? llog_osd_create+0x356/0x10d0 [obdclass]
00098  ? llog_create+0x2ed/0x530 [obdclass]
00098  ? llog_open_create+0x6e7/0xb30 [obdclass]
00098  ? llog_test_9_sub+0xd4/0x800 [llog_test]
00098  ? llog_test_9+0x373/0x960 [llog_test]
00098  ? llog_run_tests+0x3d64/0x5ac0 [llog_test]
00098  ? get_random_u32+0x51/0x470
00098  ? llog_test_device_init+0x6e8/0xa20 [llog_test]
00098  ? obd_setup+0x54d/0x950 [obdclass]
00098  ? class_setup+0xc7d/0x10e0 [obdclass]
00098  ? class_process_config+0x2edb/0x7cb0 [obdclass]
00098  ? class_handle_ioctl+0x2055/0x3590 [obdclass]
00098  ? obd_class_ioctl+0x1f6/0x3c0 [obdclass]
00098  ? __x64_sys_ioctl+0x961/0xe00
00098  ? _copy_to_user+0x3d/0x60
00098  ? __x64_sys_rt_sigaction+0x107/0x140
00098  ? do_syscall_64+0xc1/0x350
00098  ? entry_SYSCALL_64_after_hwframe+0x4b/0x53
00098  </TASK>
00098 ---[ end trace 0000000000000000 ]---
00098 Lustre: 2171:0:(llog_test.c:1462:llog_test_9()) 9c: test llog_changelog_rec
00098 ------------[ cut here ]------------
00098 WARNING: /home/ktest/git/linux/include/linux/fs.h:889 at osd_create+0x9cf/0xcf0 [osd_wbcfs], CPU#8: lctl/2171
00098 Modules linked in: llog_test(O) mgs(O) osd_wbcfs(O) lustre(O) obdecho(O) mgc(O) mdc(O) lov(O) osc(O) lmv(O) ec(O) fid(O) fld(O) ptlrpc(O) efivarfs obdclass(O) ksocklnd(O) lnet(O) libcfs(O)
00098 CPU: 8 UID: 0 PID: 2171 Comm: lctl Tainted: G        W  O        7.0.0-ktest-11d00e2-6330a45-20260727-dirty #1 PREEMPT 
00098 Tainted: [W]=WARN, [O]=OOT_MODULE
00098 Hardware name: QEMU Standard PC (Q35 + ICH9, 2009), BIOS 2025.11-3ubuntu7 03/31/2026
00098 RIP: 0010:osd_create+0x9cf/0xcf0 [osd_wbcfs]
00098 Code: c7 c7 00 96 7b a1 48 c7 c6 a0 12 7d a1 48 c7 c2 00 1c 7d a1 e8 52 f1 43 ff 48 c7 c7 00 96 7b a1 e8 46 81 44 ff e9 fe fc ff ff <0f> 0b e9 a5 fa ff ff 48 c7 c1 80 44 5d a0 80 e1 07 80 c1 03 38 c1
00098 RSP: 0018:ffffc90005f5f710 EFLAGS: 00010246
00098 RAX: 0000000000000000 RBX: ffff88819b2cf000 RCX: 0000000000000046
00098 RDX: 0000000000000000 RSI: ffff88819ccad0d8 RDI: ffff88811be6aa58
00098 RBP: ffff88819ccad048 R08: ffffffff83a16803 R09: 1ffffffff0742d00
00098 R10: dffffc0000000000 R11: fffffbfff0742d01 R12: ffff88817fb36800
00098 R13: dffffc0000000000 R14: 1ffff11033659e00 R15: 1ffff1102ff66d0f
00098 FS:  00007efc11e1d940(0000) GS:ffff88831e82d000(0000) knlGS:0000000000000000
00098 CS:  0010 DS: 0000 ES: 0000 CR0: 0000000080050033
00098 CR2: 000055f6f1cfbb40 CR3: 000000014124a000 CR4: 0000000000750eb0
00098 PKRU: 55555554
00098 Call Trace:
00098  <TASK>
00098  ? local_object_create+0x109/0x640 [obdclass]
00098  ? dt_write_lock+0x16d/0x2a0 [obdclass]
00098  ? llog_osd_create+0x356/0x10d0 [obdclass]
00098  ? llog_create+0x2ed/0x530 [obdclass]
00098  ? llog_open_create+0x6e7/0xb30 [obdclass]
00098  ? llog_test_9_sub+0xd4/0x800 [llog_test]
00098  ? llog_test_9+0x4a4/0x960 [llog_test]
00098  ? llog_run_tests+0x3d64/0x5ac0 [llog_test]
00098  ? get_random_u32+0x51/0x470
00098  ? llog_test_device_init+0x6e8/0xa20 [llog_test]
00098  ? obd_setup+0x54d/0x950 [obdclass]
00098  ? class_setup+0xc7d/0x10e0 [obdclass]
00098  ? class_process_config+0x2edb/0x7cb0 [obdclass]
00098  ? class_handle_ioctl+0x2055/0x3590 [obdclass]
00098  ? obd_class_ioctl+0x1f6/0x3c0 [obdclass]
00098  ? __x64_sys_ioctl+0x961/0xe00
00098  ? _copy_to_user+0x3d/0x60
00098  ? __x64_sys_rt_sigaction+0x107/0x140
00098  ? do_syscall_64+0xc1/0x350
00098  ? entry_SYSCALL_64_after_hwframe+0x4b/0x53
00098  </TASK>
00098 ---[ end trace 0000000000000000 ]---
00098 Lustre: 2171:0:(llog_test.c:1474:llog_test_9()) 9d: test llog_changelog_user_rec2
00098 ------------[ cut here ]------------
00098 WARNING: /home/ktest/git/linux/include/linux/fs.h:889 at osd_create+0x9cf/0xcf0 [osd_wbcfs], CPU#8: lctl/2171
00098 Modules linked in: llog_test(O) mgs(O) osd_wbcfs(O) lustre(O) obdecho(O) mgc(O) mdc(O) lov(O) osc(O) lmv(O) ec(O) fid(O) fld(O) ptlrpc(O) efivarfs obdclass(O) ksocklnd(O) lnet(O) libcfs(O)
00098 CPU: 8 UID: 0 PID: 2171 Comm: lctl Tainted: G        W  O        7.0.0-ktest-11d00e2-6330a45-20260727-dirty #1 PREEMPT 
00098 Tainted: [W]=WARN, [O]=OOT_MODULE
00098 Hardware name: QEMU Standard PC (Q35 + ICH9, 2009), BIOS 2025.11-3ubuntu7 03/31/2026
00098 RIP: 0010:osd_create+0x9cf/0xcf0 [osd_wbcfs]
00098 Code: c7 c7 00 96 7b a1 48 c7 c6 a0 12 7d a1 48 c7 c2 00 1c 7d a1 e8 52 f1 43 ff 48 c7 c7 00 96 7b a1 e8 46 81 44 ff e9 fe fc ff ff <0f> 0b e9 a5 fa ff ff 48 c7 c1 80 44 5d a0 80 e1 07 80 c1 03 38 c1
00098 RSP: 0018:ffffc90005f5f710 EFLAGS: 00010246
00098 RAX: 0000000000000000 RBX: ffff88819b2ce800 RCX: 0000000000000046
00098 RDX: 0000000000000000 RSI: ffff88819ccac9c0 RDI: ffff88811be6aa58
00098 RBP: ffff88819ccac930 R08: ffffffff83a16803 R09: 1ffffffff0742d00
00098 R10: dffffc0000000000 R11: fffffbfff0742d01 R12: ffff88817fb36800
00098 R13: dffffc0000000000 R14: 1ffff11033659d00 R15: 1ffff1102ff66d0f
00098 FS:  00007efc11e1d940(0000) GS:ffff88831e82d000(0000) knlGS:0000000000000000
00098 CS:  0010 DS: 0000 ES: 0000 CR0: 0000000080050033
00098 CR2: 000055f6f1cfbb40 CR3: 000000014124a000 CR4: 0000000000750eb0
00098 PKRU: 55555554
00098 Call Trace:
00098  <TASK>
00098  ? local_object_create+0x109/0x640 [obdclass]
00098  ? dt_write_lock+0x16d/0x2a0 [obdclass]
00098  ? llog_osd_create+0x356/0x10d0 [obdclass]
00098  ? llog_create+0x2ed/0x530 [obdclass]
00098  ? llog_open_create+0x6e7/0xb30 [obdclass]
00098  ? llog_test_9_sub+0xd4/0x800 [llog_test]
00098  ? llog_test_9+0x5d5/0x960 [llog_test]
00098  ? llog_run_tests+0x3d64/0x5ac0 [llog_test]
00098  ? get_random_u32+0x51/0x470
00098  ? llog_test_device_init+0x6e8/0xa20 [llog_test]
00098  ? obd_setup+0x54d/0x950 [obdclass]
00098  ? class_setup+0xc7d/0x10e0 [obdclass]
00098  ? class_process_config+0x2edb/0x7cb0 [obdclass]
00098  ? class_handle_ioctl+0x2055/0x3590 [obdclass]
00098  ? obd_class_ioctl+0x1f6/0x3c0 [obdclass]
00098  ? __x64_sys_ioctl+0x961/0xe00
00098  ? _copy_to_user+0x3d/0x60
00098  ? __x64_sys_rt_sigaction+0x107/0x140
00098  ? do_syscall_64+0xc1/0x350
00098  ? entry_SYSCALL_64_after_hwframe+0x4b/0x53
00098  </TASK>
00098 ---[ end trace 0000000000000000 ]---
00098 Lustre: 2171:0:(llog_test.c:1575:llog_test_10()) 10a: create a catalog log with name: dce62ad0
00098 ------------[ cut here ]------------
00098 WARNING: /home/ktest/git/linux/include/linux/fs.h:889 at osd_create+0x9cf/0xcf0 [osd_wbcfs], CPU#8: lctl/2171
00098 Modules linked in: llog_test(O) mgs(O) osd_wbcfs(O) lustre(O) obdecho(O) mgc(O) mdc(O) lov(O) osc(O) lmv(O) ec(O) fid(O) fld(O) ptlrpc(O) efivarfs obdclass(O) ksocklnd(O) lnet(O) libcfs(O)
00098 CPU: 8 UID: 0 PID: 2171 Comm: lctl Tainted: G        W  O        7.0.0-ktest-11d00e2-6330a45-20260727-dirty #1 PREEMPT 
00098 Tainted: [W]=WARN, [O]=OOT_MODULE
00098 Hardware name: QEMU Standard PC (Q35 + ICH9, 2009), BIOS 2025.11-3ubuntu7 03/31/2026
00098 RIP: 0010:osd_create+0x9cf/0xcf0 [osd_wbcfs]
00098 Code: c7 c7 00 96 7b a1 48 c7 c6 a0 12 7d a1 48 c7 c2 00 1c 7d a1 e8 52 f1 43 ff 48 c7 c7 00 96 7b a1 e8 46 81 44 ff e9 fe fc ff ff <0f> 0b e9 a5 fa ff ff 48 c7 c1 80 44 5d a0 80 e1 07 80 c1 03 38 c1
00098 RSP: 0018:ffffc90005f5f5c8 EFLAGS: 00010246
00098 RAX: 0000000000000000 RBX: ffff88819b2ce000 RCX: 0000000000000046
00098 RDX: 0000000000000000 RSI: ffff88819ccac2a8 RDI: ffff88811be6aa58
00098 RBP: ffff88819ccac218 R08: ffffffff83a16803 R09: 1ffffffff0742d00
00098 R10: dffffc0000000000 R11: fffffbfff0742d01 R12: ffff88817fb36800
00098 R13: dffffc0000000000 R14: 1ffff11033659c00 R15: 1ffff1102ff66d0f
00098 FS:  00007efc11e1d940(0000) GS:ffff88831e82d000(0000) knlGS:0000000000000000
00098 CS:  0010 DS: 0000 ES: 0000 CR0: 0000000080050033
00098 CR2: 000055f6f1cfbb40 CR3: 000000014124a000 CR4: 0000000000750eb0
00098 PKRU: 55555554
00098 Call Trace:
00098  <TASK>
00098  ? local_object_create+0x109/0x640 [obdclass]
00098  ? dt_write_lock+0x16d/0x2a0 [obdclass]
00098  ? llog_osd_create+0x356/0x10d0 [obdclass]
00098  ? llog_create+0x2ed/0x530 [obdclass]
00098  ? llog_open_create+0x6e7/0xb30 [obdclass]
00098  ? llog_test_10+0x2e1/0x5520 [llog_test]
00098  ? lu_object_put+0xa64/0x1210 [obdclass]
00098  ? do_raw_spin_unlock+0x52/0x230
00098  ? _raw_spin_unlock+0x23/0x40
00098  ? __llog_ctxt_put+0x1c4/0x2f0 [obdclass]
00098  ? llog_run_tests+0x3f45/0x5ac0 [llog_test]
00098  ? get_random_u32+0x51/0x470
00098  ? llog_test_device_init+0x6e8/0xa20 [llog_test]
00098  ? obd_setup+0x54d/0x950 [obdclass]
00098  ? class_setup+0xc7d/0x10e0 [obdclass]
00098  ? class_process_config+0x2edb/0x7cb0 [obdclass]
00098  ? class_handle_ioctl+0x2055/0x3590 [obdclass]
00098  ? obd_class_ioctl+0x1f6/0x3c0 [obdclass]
00098  ? __x64_sys_ioctl+0x961/0xe00
00098  ? _copy_to_user+0x3d/0x60
00098  ? __x64_sys_rt_sigaction+0x107/0x140
00098  ? do_syscall_64+0xc1/0x350
00098  ? entry_SYSCALL_64_after_hwframe+0x4b/0x53
00098  </TASK>
00098 ---[ end trace 0000000000000000 ]---
00098 Lustre: 2171:0:(llog_test.c:1605:llog_test_10()) 10b: write 64767 log records
00098 ------------[ cut here ]------------
00098 WARNING: /home/ktest/git/linux/include/linux/fs.h:889 at osd_create+0x9cf/0xcf0 [osd_wbcfs], CPU#8: lctl/2171
00098 Modules linked in: llog_test(O) mgs(O) osd_wbcfs(O) lustre(O) obdecho(O) mgc(O) mdc(O) lov(O) osc(O) lmv(O) ec(O) fid(O) fld(O) ptlrpc(O) efivarfs obdclass(O) ksocklnd(O) lnet(O) libcfs(O)
00098 CPU: 8 UID: 0 PID: 2171 Comm: lctl Tainted: G        W  O        7.0.0-ktest-11d00e2-6330a45-20260727-dirty #1 PREEMPT 
00098 Tainted: [W]=WARN, [O]=OOT_MODULE
00098 Hardware name: QEMU Standard PC (Q35 + ICH9, 2009), BIOS 2025.11-3ubuntu7 03/31/2026
00098 RIP: 0010:osd_create+0x9cf/0xcf0 [osd_wbcfs]
00098 Code: c7 c7 00 96 7b a1 48 c7 c6 a0 12 7d a1 48 c7 c2 00 1c 7d a1 e8 52 f1 43 ff 48 c7 c7 00 96 7b a1 e8 46 81 44 ff e9 fe fc ff ff <0f> 0b e9 a5 fa ff ff 48 c7 c1 80 44 5d a0 80 e1 07 80 c1 03 38 c1
00098 RSP: 0018:ffffc90005f5f478 EFLAGS: 00010246
00098 RAX: 0000000000000000 RBX: ffff88819b2cd800 RCX: 0000000000000046
00098 RDX: 0000000000000000 RSI: ffff88819ccabb90 RDI: ffff88811be6aa80
00098 RBP: ffff88819ccabb00 R08: ffffffff83a16803 R09: 1ffffffff0742d00
00098 R10: dffffc0000000000 R11: fffffbfff0742d01 R12: ffff88817fb36800
00098 R13: dffffc0000000000 R14: 1ffff11033659b00 R15: 1ffff1102ff66d0f
00098 FS:  00007efc11e1d940(0000) GS:ffff88831e82d000(0000) knlGS:0000000000000000
00098 CS:  0010 DS: 0000 ES: 0000 CR0: 0000000080050033
00098 CR2: 000055f6f1cfbb40 CR3: 000000014124a000 CR4: 0000000000750eb0
00098 PKRU: 55555554
00098 Call Trace:
00098  <TASK>
00098  ? local_object_create+0x109/0x640 [obdclass]
00098  ? dt_write_lock+0x16d/0x2a0 [obdclass]
00098  ? llog_osd_create+0x356/0x10d0 [obdclass]
00098  ? llog_create+0x2ed/0x530 [obdclass]
00098  ? llog_cat_new_log+0x6d1/0x2970 [obdclass]
00098  ? llog_cat_add_rec+0x6ba/0x1960 [obdclass]
00098  ? llog_cat_add+0x499/0x7a0 [obdclass]
00098  ? llog_test_10+0x6d0/0x5520 [llog_test]
00098  ? lu_object_put+0xa64/0x1210 [obdclass]
00098  ? do_raw_spin_unlock+0x52/0x230
00098  ? _raw_spin_unlock+0x23/0x40
00098  ? __llog_ctxt_put+0x1c4/0x2f0 [obdclass]
00098  ? llog_run_tests+0x3f45/0x5ac0 [llog_test]
00098  ? get_random_u32+0x51/0x470
00098  ? llog_test_device_init+0x6e8/0xa20 [llog_test]
00098  ? obd_setup+0x54d/0x950 [obdclass]
00098  ? class_setup+0xc7d/0x10e0 [obdclass]
00098  ? class_process_config+0x2edb/0x7cb0 [obdclass]
00098  ? class_handle_ioctl+0x2055/0x3590 [obdclass]
00098  ? obd_class_ioctl+0x1f6/0x3c0 [obdclass]
00098  ? __x64_sys_ioctl+0x961/0xe00
00098  ? _copy_to_user+0x3d/0x60
00098  ? __x64_sys_rt_sigaction+0x107/0x140
00098  ? do_syscall_64+0xc1/0x350
00098  ? entry_SYSCALL_64_after_hwframe+0x4b/0x53
00098  </TASK>
00098 ---[ end trace 0000000000000000 ]---
00103 ------------[ cut here ]------------
00103 WARNING: /home/ktest/git/linux/include/linux/fs.h:889 at osd_create+0x9cf/0xcf0 [osd_wbcfs], CPU#8: lctl/2171
00103 Modules linked in: llog_test(O) mgs(O) osd_wbcfs(O) lustre(O) obdecho(O) mgc(O) mdc(O) lov(O) osc(O) lmv(O) ec(O) fid(O) fld(O) ptlrpc(O) efivarfs obdclass(O) ksocklnd(O) lnet(O) libcfs(O)
00103 CPU: 8 UID: 0 PID: 2171 Comm: lctl Tainted: G        W  O        7.0.0-ktest-11d00e2-6330a45-20260727-dirty #1 PREEMPT 
00103 Tainted: [W]=WARN, [O]=OOT_MODULE
00103 Hardware name: QEMU Standard PC (Q35 + ICH9, 2009), BIOS 2025.11-3ubuntu7 03/31/2026
00103 RIP: 0010:osd_create+0x9cf/0xcf0 [osd_wbcfs]
00103 Code: c7 c7 00 96 7b a1 48 c7 c6 a0 12 7d a1 48 c7 c2 00 1c 7d a1 e8 52 f1 43 ff 48 c7 c7 00 96 7b a1 e8 46 81 44 ff e9 fe fc ff ff <0f> 0b e9 a5 fa ff ff 48 c7 c1 80 44 5d a0 80 e1 07 80 c1 03 38 c1
00103 RSP: 0018:ffffc90005f5f478 EFLAGS: 00010246
00103 RAX: 0000000000000000 RBX: ffff88818b17b000 RCX: 0000000000000046
00103 RDX: 0000000000000000 RSI: ffff88819ccab478 RDI: ffff88811be6aa80
00103 RBP: ffff88819ccab3e8 R08: ffffffff83a16803 R09: 1ffffffff0742d00
00103 R10: dffffc0000000000 R11: fffffbfff0742d01 R12: ffff88817fb36800
00103 R13: dffffc0000000000 R14: 1ffff1103162f600 R15: 1ffff1102ff66d0f
00103 FS:  00007efc11e1d940(0000) GS:ffff88831e82d000(0000) knlGS:0000000000000000
00103 CS:  0010 DS: 0000 ES: 0000 CR0: 0000000080050033
00103 CR2: 000055f6f1cfbb40 CR3: 000000014124a000 CR4: 0000000000750eb0
00103 PKRU: 55555554
00103 Call Trace:
00103  <TASK>
00103  ? local_object_create+0x109/0x640 [obdclass]
00103  ? dt_write_lock+0x16d/0x2a0 [obdclass]
00103  ? llog_osd_create+0x356/0x10d0 [obdclass]
00103  ? llog_create+0x2ed/0x530 [obdclass]
00103  ? llog_cat_new_log+0x6d1/0x2970 [obdclass]
00103  ? llog_cat_add_rec+0x6ba/0x1960 [obdclass]
00103  ? llog_cat_add+0x499/0x7a0 [obdclass]
00103  ? llog_test_10+0x6d0/0x5520 [llog_test]
00103  ? lu_object_put+0xa64/0x1210 [obdclass]
00103  ? do_raw_spin_unlock+0x52/0x230
00103  ? _raw_spin_unlock+0x23/0x40
00103  ? __llog_ctxt_put+0x1c4/0x2f0 [obdclass]
00103  ? llog_run_tests+0x3f45/0x5ac0 [llog_test]
00103  ? get_random_u32+0x51/0x470
00103  ? llog_test_device_init+0x6e8/0xa20 [llog_test]
00103  ? obd_setup+0x54d/0x950 [obdclass]
00103  ? class_setup+0xc7d/0x10e0 [obdclass]
00103  ? class_process_config+0x2edb/0x7cb0 [obdclass]
00103  ? class_handle_ioctl+0x2055/0x3590 [obdclass]
00103  ? obd_class_ioctl+0x1f6/0x3c0 [obdclass]
00103  ? __x64_sys_ioctl+0x961/0xe00
00103  ? _copy_to_user+0x3d/0x60
00103  ? __x64_sys_rt_sigaction+0x107/0x140
00103  ? do_syscall_64+0xc1/0x350
00103  ? entry_SYSCALL_64_after_hwframe+0x4b/0x53
00103  </TASK>
00103 ---[ end trace 0000000000000000 ]---
00103 Lustre: 2171:0:(llog_test.c:1631:llog_test_10()) 10c: write 129534 more log records
00107 ------------[ cut here ]------------
00107 WARNING: /home/ktest/git/linux/include/linux/fs.h:889 at osd_create+0x9cf/0xcf0 [osd_wbcfs], CPU#8: lctl/2171
00107 Modules linked in: llog_test(O) mgs(O) osd_wbcfs(O) lustre(O) obdecho(O) mgc(O) mdc(O) lov(O) osc(O) lmv(O) ec(O) fid(O) fld(O) ptlrpc(O) efivarfs obdclass(O) ksocklnd(O) lnet(O) libcfs(O)
00107 CPU: 8 UID: 0 PID: 2171 Comm: lctl Tainted: G        W  O        7.0.0-ktest-11d00e2-6330a45-20260727-dirty #1 PREEMPT 
00107 Tainted: [W]=WARN, [O]=OOT_MODULE
00107 Hardware name: QEMU Standard PC (Q35 + ICH9, 2009), BIOS 2025.11-3ubuntu7 03/31/2026
00107 RIP: 0010:osd_create+0x9cf/0xcf0 [osd_wbcfs]
00107 Code: c7 c7 00 96 7b a1 48 c7 c6 a0 12 7d a1 48 c7 c2 00 1c 7d a1 e8 52 f1 43 ff 48 c7 c7 00 96 7b a1 e8 46 81 44 ff e9 fe fc ff ff <0f> 0b e9 a5 fa ff ff 48 c7 c1 80 44 5d a0 80 e1 07 80 c1 03 38 c1
00107 RSP: 0018:ffffc90005f5f478 EFLAGS: 00010246
00107 RAX: 0000000000000000 RBX: ffff888139c65000 RCX: 0000000000000046
00107 RDX: 0000000000000000 RSI: ffff88819ccaad60 RDI: ffff88811be6aa80
00107 RBP: ffff88819ccaacd0 R08: ffffffff83a16803 R09: 1ffffffff0742d00
00107 R10: dffffc0000000000 R11: fffffbfff0742d01 R12: ffff88817fb36800
00107 R13: dffffc0000000000 R14: 1ffff1102738ca00 R15: 1ffff1102ff66d0f
00107 FS:  00007efc11e1d940(0000) GS:ffff88831e82d000(0000) knlGS:0000000000000000
00107 CS:  0010 DS: 0000 ES: 0000 CR0: 0000000080050033
00107 CR2: 000055f6f1cfbb40 CR3: 000000014124a000 CR4: 0000000000750eb0
00107 PKRU: 55555554
00107 Call Trace:
00107  <TASK>
00107  ? local_object_create+0x109/0x640 [obdclass]
00107  ? dt_write_lock+0x16d/0x2a0 [obdclass]
00107  ? llog_osd_create+0x356/0x10d0 [obdclass]
00107  ? llog_create+0x2ed/0x530 [obdclass]
00107  ? llog_cat_new_log+0x6d1/0x2970 [obdclass]
00107  ? llog_cat_add_rec+0x6ba/0x1960 [obdclass]
00107  ? llog_cat_add+0x499/0x7a0 [obdclass]
00107  ? llog_test_10+0x986/0x5520 [llog_test]
00107  ? lu_object_put+0xa64/0x1210 [obdclass]
00107  ? do_raw_spin_unlock+0x52/0x230
00107  ? _raw_spin_unlock+0x23/0x40
00107  ? __llog_ctxt_put+0x1c4/0x2f0 [obdclass]
00107  ? llog_run_tests+0x3f45/0x5ac0 [llog_test]
00107  ? get_random_u32+0x51/0x470
00107  ? llog_test_device_init+0x6e8/0xa20 [llog_test]
00107  ? obd_setup+0x54d/0x950 [obdclass]
00107  ? class_setup+0xc7d/0x10e0 [obdclass]
00107  ? class_process_config+0x2edb/0x7cb0 [obdclass]
00107  ? class_handle_ioctl+0x2055/0x3590 [obdclass]
00107  ? obd_class_ioctl+0x1f6/0x3c0 [obdclass]
00107  ? __x64_sys_ioctl+0x961/0xe00
00107  ? _copy_to_user+0x3d/0x60
00107  ? __x64_sys_rt_sigaction+0x107/0x140
00107  ? do_syscall_64+0xc1/0x350
00107  ? entry_SYSCALL_64_after_hwframe+0x4b/0x53
00107  </TASK>
00107 ---[ end trace 0000000000000000 ]---
00111 ------------[ cut here ]------------
00111 WARNING: /home/ktest/git/linux/include/linux/fs.h:889 at osd_create+0x9cf/0xcf0 [osd_wbcfs], CPU#8: lctl/2171
00111 Modules linked in: llog_test(O) mgs(O) osd_wbcfs(O) lustre(O) obdecho(O) mgc(O) mdc(O) lov(O) osc(O) lmv(O) ec(O) fid(O) fld(O) ptlrpc(O) efivarfs obdclass(O) ksocklnd(O) lnet(O) libcfs(O)
00111 CPU: 8 UID: 0 PID: 2171 Comm: lctl Tainted: G        W  O        7.0.0-ktest-11d00e2-6330a45-20260727-dirty #1 PREEMPT 
00111 Tainted: [W]=WARN, [O]=OOT_MODULE
00111 Hardware name: QEMU Standard PC (Q35 + ICH9, 2009), BIOS 2025.11-3ubuntu7 03/31/2026
00111 RIP: 0010:osd_create+0x9cf/0xcf0 [osd_wbcfs]
00111 Code: c7 c7 00 96 7b a1 48 c7 c6 a0 12 7d a1 48 c7 c2 00 1c 7d a1 e8 52 f1 43 ff 48 c7 c7 00 96 7b a1 e8 46 81 44 ff e9 fe fc ff ff <0f> 0b e9 a5 fa ff ff 48 c7 c1 80 44 5d a0 80 e1 07 80 c1 03 38 c1
00111 RSP: 0018:ffffc90005f5f478 EFLAGS: 00010246
00111 RAX: 0000000000000000 RBX: ffff88813e931c00 RCX: 0000000000000046
00111 RDX: 0000000000000000 RSI: ffff88827ff5d0d8 RDI: ffff88811be6aa80
00111 RBP: ffff88827ff5d048 R08: ffffffff83a16803 R09: 1ffffffff0742d00
00111 R10: dffffc0000000000 R11: fffffbfff0742d01 R12: ffff88817fb36800
00111 R13: dffffc0000000000 R14: 1ffff11027d26380 R15: 1ffff1102ff66d0f
00111 FS:  00007efc11e1d940(0000) GS:ffff88831e82d000(0000) knlGS:0000000000000000
00111 CS:  0010 DS: 0000 ES: 0000 CR0: 0000000080050033
00111 CR2: 000055f6f1cfbb40 CR3: 000000014124a000 CR4: 0000000000750eb0
00111 PKRU: 55555554
00111 Call Trace:
00111  <TASK>
00111  ? local_object_create+0x109/0x640 [obdclass]
00111  ? dt_write_lock+0x16d/0x2a0 [obdclass]
00111  ? llog_osd_create+0x356/0x10d0 [obdclass]
00111  ? llog_create+0x2ed/0x530 [obdclass]
00111  ? llog_cat_new_log+0x6d1/0x2970 [obdclass]
00111  ? llog_cat_add_rec+0x6ba/0x1960 [obdclass]
00111  ? llog_cat_add+0x499/0x7a0 [obdclass]
00111  ? llog_test_10+0x986/0x5520 [llog_test]
00111  ? lu_object_put+0xa64/0x1210 [obdclass]
00111  ? do_raw_spin_unlock+0x52/0x230
00111  ? _raw_spin_unlock+0x23/0x40
00111  ? __llog_ctxt_put+0x1c4/0x2f0 [obdclass]
00111  ? llog_run_tests+0x3f45/0x5ac0 [llog_test]
00111  ? get_random_u32+0x51/0x470
00111  ? llog_test_device_init+0x6e8/0xa20 [llog_test]
00111  ? obd_setup+0x54d/0x950 [obdclass]
00111  ? class_setup+0xc7d/0x10e0 [obdclass]
00111  ? class_process_config+0x2edb/0x7cb0 [obdclass]
00111  ? class_handle_ioctl+0x2055/0x3590 [obdclass]
00111  ? obd_class_ioctl+0x1f6/0x3c0 [obdclass]
00111  ? __x64_sys_ioctl+0x961/0xe00
00111  ? _copy_to_user+0x3d/0x60
00111  ? __x64_sys_rt_sigaction+0x107/0x140
00111  ? do_syscall_64+0xc1/0x350
00111  ? entry_SYSCALL_64_after_hwframe+0x4b/0x53
00111  </TASK>
00111 ---[ end trace 0000000000000000 ]---
00111 Lustre: 2171:0:(llog_test.c:1663:llog_test_10()) 10c: write 64767 more log records
00114 Lustre: 2171:0:(llog_cat.c:80:llog_cat_new_log()) MGS: there are no more free slots in catalog dce62ad0
00114 LustreError: 2171:0:(llog_cat.c:588:llog_cat_add_rec()) MGS: initialization error: rc = -28
00114 Lustre: 2171:0:(llog_test.c:1689:llog_test_10()) 10c: wrote 64011 records then 756 failed with ENOSPC
00114 Lustre: 2171:0:(llog_test.c:1708:llog_test_10()) 10d: Cancel 64767 records, see one log zapped
00117 Lustre: 2171:0:(llog_test.c:1722:llog_test_10()) 10d: print the catalog entries.. we expect 3
00117 Lustre: 2195:0:(llog_test.c:700:cat_print_cb()) seeing record at index 2 - [0x1:0x19:0x0] in log [0xa:0x5:0x0]
00117 Lustre: 2171:0:(llog_test.c:1752:llog_test_10()) 10e: write 64767 more log records
00117 ------------[ cut here ]------------
00117 WARNING: /home/ktest/git/linux/include/linux/fs.h:889 at osd_create+0x9cf/0xcf0 [osd_wbcfs], CPU#8: lctl/2171
00117 Modules linked in: llog_test(O) mgs(O) osd_wbcfs(O) lustre(O) obdecho(O) mgc(O) mdc(O) lov(O) osc(O) lmv(O) ec(O) fid(O) fld(O) ptlrpc(O) efivarfs obdclass(O) ksocklnd(O) lnet(O) libcfs(O)
00117 CPU: 8 UID: 0 PID: 2171 Comm: lctl Tainted: G        W  O        7.0.0-ktest-11d00e2-6330a45-20260727-dirty #1 PREEMPT 
00117 Tainted: [W]=WARN, [O]=OOT_MODULE
00117 Hardware name: QEMU Standard PC (Q35 + ICH9, 2009), BIOS 2025.11-3ubuntu7 03/31/2026
00117 RIP: 0010:osd_create+0x9cf/0xcf0 [osd_wbcfs]
00117 Code: c7 c7 00 96 7b a1 48 c7 c6 a0 12 7d a1 48 c7 c2 00 1c 7d a1 e8 52 f1 43 ff 48 c7 c7 00 96 7b a1 e8 46 81 44 ff e9 fe fc ff ff <0f> 0b e9 a5 fa ff ff 48 c7 c1 80 44 5d a0 80 e1 07 80 c1 03 38 c1
00117 RSP: 0018:ffffc90005f5f478 EFLAGS: 00010246
00117 RAX: 0000000000000000 RBX: ffff88827ff4fc00 RCX: 0000000000000046
00117 RDX: 0000000000000000 RSI: ffff88827ff5c9c0 RDI: ffff88811be6aa80
00117 RBP: ffff88827ff5c930 R08: ffffffff83a16803 R09: 1ffffffff0742d00
00117 R10: dffffc0000000000 R11: fffffbfff0742d01 R12: ffff88817fb36800
00117 R13: dffffc0000000000 R14: 1ffff1104ffe9f80 R15: 1ffff1102ff66d0f
00117 FS:  00007efc11e1d940(0000) GS:ffff88831e82d000(0000) knlGS:0000000000000000
00117 CS:  0010 DS: 0000 ES: 0000 CR0: 0000000080050033
00117 CR2: 000055f6f1cfbb40 CR3: 000000014124a000 CR4: 0000000000750eb0
00117 PKRU: 55555554
00117 Call Trace:
00117  <TASK>
00117  ? local_object_create+0x109/0x640 [obdclass]
00117  ? dt_write_lock+0x16d/0x2a0 [obdclass]
00117  ? llog_osd_create+0x356/0x10d0 [obdclass]
00117  ? llog_create+0x2ed/0x530 [obdclass]
00117  ? llog_cat_new_log+0x6d1/0x2970 [obdclass]
00117  ? llog_cat_add_rec+0x6ba/0x1960 [obdclass]
00117  ? llog_cat_add+0x499/0x7a0 [obdclass]
00117  ? llog_test_10+0x1844/0x5520 [llog_test]
00117  ? lu_object_put+0xa64/0x1210 [obdclass]
00117  ? do_raw_spin_unlock+0x52/0x230
00117  ? _raw_spin_unlock+0x23/0x40
00117  ? __llog_ctxt_put+0x1c4/0x2f0 [obdclass]
00117  ? llog_run_tests+0x3f45/0x5ac0 [llog_test]
00117  ? get_random_u32+0x51/0x470
00117  ? llog_test_device_init+0x6e8/0xa20 [llog_test]
00117  ? obd_setup+0x54d/0x950 [obdclass]
00117  ? class_setup+0xc7d/0x10e0 [obdclass]
00117  ? class_process_config+0x2edb/0x7cb0 [obdclass]
00117  ? class_handle_ioctl+0x2055/0x3590 [obdclass]
00117  ? obd_class_ioctl+0x1f6/0x3c0 [obdclass]
00117  ? __x64_sys_ioctl+0x961/0xe00
00117  ? _copy_to_user+0x3d/0x60
00117  ? __x64_sys_rt_sigaction+0x107/0x140
00117  ? do_syscall_64+0xc1/0x350
00117  ? entry_SYSCALL_64_after_hwframe+0x4b/0x53
00117  </TASK>
00117 ---[ end trace 0000000000000000 ]---
00120 Lustre: 2171:0:(llog_cat.c:80:llog_cat_new_log()) MGS: there are no more free slots in catalog dce62ad0
00120 Lustre: 2171:0:(llog_cat.c:80:llog_cat_new_log()) Skipped 755 previous similar messages
00120 LustreError: 2171:0:(llog_cat.c:588:llog_cat_add_rec()) MGS: initialization error: rc = -28
00120 LustreError: 2171:0:(llog_cat.c:588:llog_cat_add_rec()) Skipped 755 previous similar messages
00120 Lustre: 2171:0:(llog_test.c:1778:llog_test_10()) 10e: wrote 64578 records then 189 failed with ENOSPC
00120 Lustre: 2171:0:(llog_test.c:1780:llog_test_10()) 10e: print the catalog entries.. we expect 4
00120 Lustre: 2171:0:(llog_cat.c:977:llog_cat_process_or_fork()) MGS: catlog [0xa:0x5:0x0] crosses index zero
00120 Lustre: 2171:0:(llog_test.c:700:cat_print_cb()) seeing record at index 2 - [0x1:0x19:0x0] in log [0xa:0x5:0x0]
00120 Lustre: 2171:0:(llog_test.c:700:cat_print_cb()) Skipped 2 previous similar messages
00120 Lustre: 2171:0:(llog_test.c:1816:llog_test_10()) 10e: catalog successfully wrap around, last_idx 1, first 1
00120 Lustre: 2171:0:(llog_test.c:1833:llog_test_10()) 10f: Cancel 64767 records, see one log zapped
00122 Lustre: 2171:0:(llog_test.c:1847:llog_test_10()) 10f: print the catalog entries.. we expect 3
00122 Lustre: 2171:0:(llog_cat.c:977:llog_cat_process_or_fork()) MGS: catlog [0xa:0x5:0x0] crosses index zero
00122 Lustre: 2171:0:(llog_cat.c:977:llog_cat_process_or_fork()) Skipped 1 previous similar message
00122 Lustre: 2171:0:(llog_test.c:1878:llog_test_10()) 10f: write 64767 more log records
00122 ------------[ cut here ]------------
00122 WARNING: /home/ktest/git/linux/include/linux/fs.h:889 at osd_create+0x9cf/0xcf0 [osd_wbcfs], CPU#8: lctl/2171
00122 Modules linked in: llog_test(O) mgs(O) osd_wbcfs(O) lustre(O) obdecho(O) mgc(O) mdc(O) lov(O) osc(O) lmv(O) ec(O) fid(O) fld(O) ptlrpc(O) efivarfs obdclass(O) ksocklnd(O) lnet(O) libcfs(O)
00122 CPU: 8 UID: 0 PID: 2171 Comm: lctl Tainted: G        W  O        7.0.0-ktest-11d00e2-6330a45-20260727-dirty #1 PREEMPT 
00122 Tainted: [W]=WARN, [O]=OOT_MODULE
00122 Hardware name: QEMU Standard PC (Q35 + ICH9, 2009), BIOS 2025.11-3ubuntu7 03/31/2026
00122 RIP: 0010:osd_create+0x9cf/0xcf0 [osd_wbcfs]
00122 Code: c7 c7 00 96 7b a1 48 c7 c6 a0 12 7d a1 48 c7 c2 00 1c 7d a1 e8 52 f1 43 ff 48 c7 c7 00 96 7b a1 e8 46 81 44 ff e9 fe fc ff ff <0f> 0b e9 a5 fa ff ff 48 c7 c1 80 44 5d a0 80 e1 07 80 c1 03 38 c1
00122 RSP: 0018:ffffc90005f5f478 EFLAGS: 00010246
00122 RAX: 0000000000000000 RBX: ffff88828ce65000 RCX: 0000000000000046
00122 RDX: 0000000000000000 RSI: ffff88827ff5c2a8 RDI: ffff88811be6aa80
00122 RBP: ffff88827ff5c218 R08: ffffffff83a16803 R09: 1ffffffff0742d00
00122 R10: dffffc0000000000 R11: fffffbfff0742d01 R12: ffff88817fb36800
00122 R13: dffffc0000000000 R14: 1ffff110519cca00 R15: 1ffff1102ff66d0f
00122 FS:  00007efc11e1d940(0000) GS:ffff88831e82d000(0000) knlGS:0000000000000000
00122 CS:  0010 DS: 0000 ES: 0000 CR0: 0000000080050033
00122 CR2: 000055f6f1cfbb40 CR3: 000000014124a000 CR4: 0000000000750eb0
00122 PKRU: 55555554
00122 Call Trace:
00122  <TASK>
00122  ? local_object_create+0x109/0x640 [obdclass]
00122  ? dt_write_lock+0x16d/0x2a0 [obdclass]
00122  ? llog_osd_create+0x356/0x10d0 [obdclass]
00122  ? llog_create+0x2ed/0x530 [obdclass]
00122  ? llog_cat_new_log+0x6d1/0x2970 [obdclass]
00122  ? llog_cat_add_rec+0x6ba/0x1960 [obdclass]
00122  ? llog_cat_add+0x499/0x7a0 [obdclass]
00122  ? llog_test_10+0x2b62/0x5520 [llog_test]
00122  ? lu_object_put+0xa64/0x1210 [obdclass]
00122  ? do_raw_spin_unlock+0x52/0x230
00122  ? _raw_spin_unlock+0x23/0x40
00122  ? __llog_ctxt_put+0x1c4/0x2f0 [obdclass]
00122  ? llog_run_tests+0x3f45/0x5ac0 [llog_test]
00122  ? get_random_u32+0x51/0x470
00122  ? llog_test_device_init+0x6e8/0xa20 [llog_test]
00122  ? obd_setup+0x54d/0x950 [obdclass]
00122  ? class_setup+0xc7d/0x10e0 [obdclass]
00122  ? class_process_config+0x2edb/0x7cb0 [obdclass]
00122  ? class_handle_ioctl+0x2055/0x3590 [obdclass]
00122  ? obd_class_ioctl+0x1f6/0x3c0 [obdclass]
00122  ? __x64_sys_ioctl+0x961/0xe00
00122  ? _copy_to_user+0x3d/0x60
00122  ? __x64_sys_rt_sigaction+0x107/0x140
00122  ? do_syscall_64+0xc1/0x350
00122  ? entry_SYSCALL_64_after_hwframe+0x4b/0x53
00122  </TASK>
00122 ---[ end trace 0000000000000000 ]---
00126 Lustre: 2171:0:(llog_cat.c:80:llog_cat_new_log()) MGS: there are no more free slots in catalog dce62ad0
00126 Lustre: 2171:0:(llog_cat.c:80:llog_cat_new_log()) Skipped 188 previous similar messages
00126 LustreError: 2171:0:(llog_cat.c:588:llog_cat_add_rec()) MGS: initialization error: rc = -28
00126 LustreError: 2171:0:(llog_cat.c:588:llog_cat_add_rec()) Skipped 188 previous similar messages
00126 Lustre: 2171:0:(llog_test.c:1904:llog_test_10()) 10f: wrote 64578 records then 189 failed with ENOSPC
00126 Lustre: 2171:0:(llog_test.c:1950:llog_test_10()) 10g: Cancel 64767 records, see one log zapped
00126 Lustre: 2171:0:(llog_cat.c:977:llog_cat_process_or_fork()) MGS: catlog [0xa:0x5:0x0] crosses index zero
00128 Lustre: 2171:0:(llog_test.c:1962:llog_test_10()) 10g: print the catalog entries.. we expect 3
00128 Lustre: 2171:0:(llog_cat.c:977:llog_cat_process_or_fork()) MGS: catlog [0xa:0x5:0x0] crosses index zero
00128 Lustre: 2171:0:(llog_test.c:700:cat_print_cb()) seeing record at index 4 - [0x1:0x1b:0x0] in log [0xa:0x5:0x0]
00128 Lustre: 2171:0:(llog_test.c:700:cat_print_cb()) Skipped 6 previous similar messages
00128 Lustre: 2171:0:(llog_test.c:1992:llog_test_10()) 10g: Cancel 64767 records, see one log zapped
00131 Lustre: 2171:0:(llog_test.c:2006:llog_test_10()) 10g: print the catalog entries.. we expect 2
00131 Lustre: 2171:0:(llog_test.c:2044:llog_test_10()) 10g: Cancel 64767 records, see one log zapped
00134 Lustre: 2171:0:(llog_test.c:2058:llog_test_10()) 10g: print the catalog entries.. we expect 1
00134 Lustre: 2171:0:(llog_test.c:2084:llog_test_10()) 10g: llh_cat_idx has also successfully wrapped!
00134 Lustre: 2197:0:(llog_test.c:1534:cat_check_old_cb()) seeing record at index 2 - [0x1:0x1d:0x0] in log [0xa:0x5:0x0]
00134 Lustre: 2171:0:(llog_test.c:2108:llog_test_10()) 10h: write 64767 more log records
00134 ------------[ cut here ]------------
00134 WARNING: /home/ktest/git/linux/include/linux/fs.h:889 at osd_create+0x9cf/0xcf0 [osd_wbcfs], CPU#8: lctl/2171
00134 Modules linked in: llog_test(O) mgs(O) osd_wbcfs(O) lustre(O) obdecho(O) mgc(O) mdc(O) lov(O) osc(O) lmv(O) ec(O) fid(O) fld(O) ptlrpc(O) efivarfs obdclass(O) ksocklnd(O) lnet(O) libcfs(O)
00134 CPU: 8 UID: 0 PID: 2171 Comm: lctl Tainted: G        W  O        7.0.0-ktest-11d00e2-6330a45-20260727-dirty #1 PREEMPT 
00134 Tainted: [W]=WARN, [O]=OOT_MODULE
00134 Hardware name: QEMU Standard PC (Q35 + ICH9, 2009), BIOS 2025.11-3ubuntu7 03/31/2026
00134 RIP: 0010:osd_create+0x9cf/0xcf0 [osd_wbcfs]
00134 Code: c7 c7 00 96 7b a1 48 c7 c6 a0 12 7d a1 48 c7 c2 00 1c 7d a1 e8 52 f1 43 ff 48 c7 c7 00 96 7b a1 e8 46 81 44 ff e9 fe fc ff ff <0f> 0b e9 a5 fa ff ff 48 c7 c1 80 44 5d a0 80 e1 07 80 c1 03 38 c1
00134 RSP: 0018:ffffc90005f5f478 EFLAGS: 00010246
00134 RAX: 0000000000000000 RBX: ffff8880012b2c00 RCX: 0000000000000046
00134 RDX: 0000000000000000 RSI: ffff88827ff5bb90 RDI: ffff88811be6aa80
00134 RBP: ffff88827ff5bb00 R08: ffffffff83a16803 R09: 1ffffffff0742d00
00134 R10: dffffc0000000000 R11: fffffbfff0742d01 R12: ffff88817fb36800
00134 R13: dffffc0000000000 R14: 1ffff11000256580 R15: 1ffff1102ff66d0f
00134 FS:  00007efc11e1d940(0000) GS:ffff88831e82d000(0000) knlGS:0000000000000000
00134 CS:  0010 DS: 0000 ES: 0000 CR0: 0000000080050033
00134 CR2: 000055f6f1cfbb40 CR3: 000000014124a000 CR4: 0000000000750eb0
00134 PKRU: 55555554
00134 Call Trace:
00134  <TASK>
00134  ? local_object_create+0x109/0x640 [obdclass]
00134  ? dt_write_lock+0x16d/0x2a0 [obdclass]
00134  ? llog_osd_create+0x356/0x10d0 [obdclass]
00134  ? llog_create+0x2ed/0x530 [obdclass]
00134  ? llog_cat_new_log+0x6d1/0x2970 [obdclass]
00134  ? llog_cat_add_rec+0x6ba/0x1960 [obdclass]
00134  ? llog_cat_add+0x499/0x7a0 [obdclass]
00134  ? llog_test_10+0x5016/0x5520 [llog_test]
00134  ? llog_test_9_sub+0x800/0x800 [llog_test]
00134  ? llog_run_tests+0x3f45/0x5ac0 [llog_test]
00134  ? get_random_u32+0x51/0x470
00134  ? llog_test_device_init+0x6e8/0xa20 [llog_test]
00134  ? obd_setup+0x54d/0x950 [obdclass]
00134  ? class_setup+0xc7d/0x10e0 [obdclass]
00134  ? class_process_config+0x2edb/0x7cb0 [obdclass]
00134  ? class_handle_ioctl+0x2055/0x3590 [obdclass]
00134  ? obd_class_ioctl+0x1f6/0x3c0 [obdclass]
00134  ? __x64_sys_ioctl+0x961/0xe00
00134  ? _copy_to_user+0x3d/0x60
00134  ? __x64_sys_rt_sigaction+0x107/0x140
00134  ? do_syscall_64+0xc1/0x350
00134  ? entry_SYSCALL_64_after_hwframe+0x4b/0x53
00134  </TASK>
00134 ---[ end trace 0000000000000000 ]---
00134 LustreError: 2171:0:(llog_osd.c:684:llog_osd_write_rec()) cfs_race id 1317 sleeping
00135 LustreError: 2197:0:(llog.c:685:llog_process_thread()) cfs_fail_race id 1317 waking
00135 LustreError: 2171:0:(llog_osd.c:684:llog_osd_write_rec()) cfs_fail_race id 1317 awake: rc=449
00136 LustreError: 2197:0:(llog.c:685:llog_process_thread()) cfs_fail_race id 1317 waking
00136 Lustre: 2197:0:(llog_test.c:1534:cat_check_old_cb()) seeing record at index 3 - [0x1:0x1e:0x0] in log [0xa:0x5:0x0]
00139 ------------[ cut here ]------------
00139 WARNING: /home/ktest/git/linux/include/linux/fs.h:889 at osd_create+0x9cf/0xcf0 [osd_wbcfs], CPU#8: lctl/2171
00139 Modules linked in: llog_test(O) mgs(O) osd_wbcfs(O) lustre(O) obdecho(O) mgc(O) mdc(O) lov(O) osc(O) lmv(O) ec(O) fid(O) fld(O) ptlrpc(O) efivarfs obdclass(O) ksocklnd(O) lnet(O) libcfs(O)
00139 CPU: 8 UID: 0 PID: 2171 Comm: lctl Tainted: G        W  O        7.0.0-ktest-11d00e2-6330a45-20260727-dirty #1 PREEMPT 
00139 Tainted: [W]=WARN, [O]=OOT_MODULE
00139 Hardware name: QEMU Standard PC (Q35 + ICH9, 2009), BIOS 2025.11-3ubuntu7 03/31/2026
00139 RIP: 0010:osd_create+0x9cf/0xcf0 [osd_wbcfs]
00139 Code: c7 c7 00 96 7b a1 48 c7 c6 a0 12 7d a1 48 c7 c2 00 1c 7d a1 e8 52 f1 43 ff 48 c7 c7 00 96 7b a1 e8 46 81 44 ff e9 fe fc ff ff <0f> 0b e9 a5 fa ff ff 48 c7 c1 80 44 5d a0 80 e1 07 80 c1 03 38 c1
00139 RSP: 0018:ffffc90005f5f478 EFLAGS: 00010246
00139 RAX: 0000000000000000 RBX: ffff88801331a400 RCX: 0000000000000046
00139 RDX: 0000000000000000 RSI: ffff88827ff5b478 RDI: ffff88811be6aa80
00139 RBP: ffff88827ff5b3e8 R08: ffffffff83a16803 R09: 1ffffffff0742d00
00139 R10: dffffc0000000000 R11: fffffbfff0742d01 R12: ffff88817fb36800
00139 R13: dffffc0000000000 R14: 1ffff11002663480 R15: 1ffff1102ff66d0f
00139 FS:  00007efc11e1d940(0000) GS:ffff88831e82d000(0000) knlGS:0000000000000000
00139 CS:  0010 DS: 0000 ES: 0000 CR0: 0000000080050033
00139 CR2: 000055f6f1cfbb40 CR3: 000000014124a000 CR4: 0000000000750eb0
00139 PKRU: 55555554
00139 Call Trace:
00139  <TASK>
00139  ? local_object_create+0x109/0x640 [obdclass]
00139  ? dt_write_lock+0x16d/0x2a0 [obdclass]
00139  ? llog_osd_create+0x356/0x10d0 [obdclass]
00139  ? llog_create+0x2ed/0x530 [obdclass]
00139  ? llog_cat_new_log+0x6d1/0x2970 [obdclass]
00139  ? llog_cat_add_rec+0x6ba/0x1960 [obdclass]
00139  ? llog_cat_add+0x499/0x7a0 [obdclass]
00139  ? llog_test_10+0x5016/0x5520 [llog_test]
00139  ? llog_test_9_sub+0x800/0x800 [llog_test]
00139  ? llog_run_tests+0x3f45/0x5ac0 [llog_test]
00139  ? get_random_u32+0x51/0x470
00139  ? llog_test_device_init+0x6e8/0xa20 [llog_test]
00139  ? obd_setup+0x54d/0x950 [obdclass]
00139  ? class_setup+0xc7d/0x10e0 [obdclass]
00139  ? class_process_config+0x2edb/0x7cb0 [obdclass]
00139  ? class_handle_ioctl+0x2055/0x3590 [obdclass]
00139  ? obd_class_ioctl+0x1f6/0x3c0 [obdclass]
00139  ? __x64_sys_ioctl+0x961/0xe00
00139  ? _copy_to_user+0x3d/0x60
00139  ? __x64_sys_rt_sigaction+0x107/0x140
00139  ? do_syscall_64+0xc1/0x350
00139  ? entry_SYSCALL_64_after_hwframe+0x4b/0x53
00139  </TASK>
00139 ---[ end trace 0000000000000000 ]---
00139 LustreError: 2171:0:(llog_osd.c:684:llog_osd_write_rec()) cfs_fail_race id 1317 waking
00140 Lustre: 2171:0:(llog_test.c:2134:llog_test_10()) 10h: wrote 64767 records then 0 failed with ENOSPC
00140 Lustre: 2171:0:(llog_test.c:2147:llog_test_10()) 10: put newly-created catalog
00140 Lustre: 2171:0:(llog_test.c:2177:llog_test_11()) 11: create a plain nameless log
00140 ------------[ cut here ]------------
00140 WARNING: /home/ktest/git/linux/include/linux/fs.h:889 at osd_create+0x9cf/0xcf0 [osd_wbcfs], CPU#8: lctl/2171
00140 Modules linked in: llog_test(O) mgs(O) osd_wbcfs(O) lustre(O) obdecho(O) mgc(O) mdc(O) lov(O) osc(O) lmv(O) ec(O) fid(O) fld(O) ptlrpc(O) efivarfs obdclass(O) ksocklnd(O) lnet(O) libcfs(O)
00140 CPU: 8 UID: 0 PID: 2171 Comm: lctl Tainted: G        W  O        7.0.0-ktest-11d00e2-6330a45-20260727-dirty #1 PREEMPT 
00140 Tainted: [W]=WARN, [O]=OOT_MODULE
00140 Hardware name: QEMU Standard PC (Q35 + ICH9, 2009), BIOS 2025.11-3ubuntu7 03/31/2026
00140 RIP: 0010:osd_create+0x9cf/0xcf0 [osd_wbcfs]
00140 Code: c7 c7 00 96 7b a1 48 c7 c6 a0 12 7d a1 48 c7 c2 00 1c 7d a1 e8 52 f1 43 ff 48 c7 c7 00 96 7b a1 e8 46 81 44 ff e9 fe fc ff ff <0f> 0b e9 a5 fa ff ff 48 c7 c1 80 44 5d a0 80 e1 07 80 c1 03 38 c1
00140 RSP: 0018:ffffc90005f5f670 EFLAGS: 00010246
00140 RAX: 0000000000000000 RBX: ffff888033fdd800 RCX: 0000000000000046
00140 RDX: 0000000000000000 RSI: ffff88827ff5ad60 RDI: ffff88811be6aa58
00140 RBP: ffff88827ff5acd0 R08: ffffffff83a16803 R09: 1ffffffff0742d00
00140 R10: dffffc0000000000 R11: fffffbfff0742d01 R12: ffff88817fb36800
00140 R13: dffffc0000000000 R14: 1ffff110067fbb00 R15: 1ffff1102ff66d0f
00140 FS:  00007efc11e1d940(0000) GS:ffff88831e82d000(0000) knlGS:0000000000000000
00140 CS:  0010 DS: 0000 ES: 0000 CR0: 0000000080050033
00140 CR2: 000055f6f1cfbb40 CR3: 000000014124a000 CR4: 0000000000750eb0
00140 PKRU: 55555554
00140 Call Trace:
00140  <TASK>
00140  ? local_object_create+0x109/0x640 [obdclass]
00140  ? dt_write_lock+0x16d/0x2a0 [obdclass]
00140  ? llog_osd_create+0x356/0x10d0 [obdclass]
00140  ? llog_create+0x2ed/0x530 [obdclass]
00140  ? llog_open_create+0x6e7/0xb30 [obdclass]
00140  ? llog_test_11+0x2a4/0x1130 [llog_test]
00140  ? llog_test_9_sub+0x800/0x800 [llog_test]
00140  ? llog_run_tests+0x41b0/0x5ac0 [llog_test]
00140  ? get_random_u32+0x51/0x470
00140  ? llog_test_device_init+0x6e8/0xa20 [llog_test]
00140  ? obd_setup+0x54d/0x950 [obdclass]
00140  ? class_setup+0xc7d/0x10e0 [obdclass]
00140  ? class_process_config+0x2edb/0x7cb0 [obdclass]
00140  ? class_handle_ioctl+0x2055/0x3590 [obdclass]
00140  ? obd_class_ioctl+0x1f6/0x3c0 [obdclass]
00140  ? __x64_sys_ioctl+0x961/0xe00
00140  ? _copy_to_user+0x3d/0x60
00140  ? __x64_sys_rt_sigaction+0x107/0x140
00140  ? do_syscall_64+0xc1/0x350
00140  ? entry_SYSCALL_64_after_hwframe+0x4b/0x53
00140  </TASK>
00140 ---[ end trace 0000000000000000 ]---
00140 Lustre: 2171:0:(llog_test.c:2202:llog_test_11()) 11: size 8216 in 0 blocks after 1 rec
00140 Lustre: 2171:0:(llog_test.c:2204:llog_test_11()) 11: add few records
00140 Lustre: 2171:0:(llog_test.c:2221:llog_test_11()) 11: size 10616 in 0 blocks with few recs
00141 lctl (2171): drop_caches: 3
00141 Lustre: 2171:0:(llog_test.c:2247:llog_test_11()) 11: re-open the log by LOGID and verify llh_count
00141 Lustre: 2171:0:(llog_test.c:2262:llog_test_11()) 11: size 10616 in 0 blocks after re-open
00141 Lustre: 2171:0:(llog_test.c:2352:llog_test_12()) 12: create a catalog log with name: dce62ad1
00141 ------------[ cut here ]------------
00141 WARNING: /home/ktest/git/linux/include/linux/fs.h:889 at osd_create+0x9cf/0xcf0 [osd_wbcfs], CPU#8: lctl/2171
00141 Modules linked in: llog_test(O) mgs(O) osd_wbcfs(O) lustre(O) obdecho(O) mgc(O) mdc(O) lov(O) osc(O) lmv(O) ec(O) fid(O) fld(O) ptlrpc(O) efivarfs obdclass(O) ksocklnd(O) lnet(O) libcfs(O)
00141 CPU: 8 UID: 0 PID: 2171 Comm: lctl Tainted: G        W  O        7.0.0-ktest-11d00e2-6330a45-20260727-dirty #1 PREEMPT 
00141 Tainted: [W]=WARN, [O]=OOT_MODULE
00141 Hardware name: QEMU Standard PC (Q35 + ICH9, 2009), BIOS 2025.11-3ubuntu7 03/31/2026
00141 RIP: 0010:osd_create+0x9cf/0xcf0 [osd_wbcfs]
00141 Code: c7 c7 00 96 7b a1 48 c7 c6 a0 12 7d a1 48 c7 c2 00 1c 7d a1 e8 52 f1 43 ff 48 c7 c7 00 96 7b a1 e8 46 81 44 ff e9 fe fc ff ff <0f> 0b e9 a5 fa ff ff 48 c7 c1 80 44 5d a0 80 e1 07 80 c1 03 38 c1
00141 RSP: 0018:ffffc90005f5f648 EFLAGS: 00010246
00141 RAX: 0000000000000000 RBX: ffff88813a700400 RCX: 0000000000000046
00141 RDX: 0000000000000000 RSI: ffff88827ff5a648 RDI: ffff88811be6aa58
00141 RBP: ffff88827ff5a5b8 R08: ffffffff83a16803 R09: 1ffffffff0742d00
00141 R10: dffffc0000000000 R11: fffffbfff0742d01 R12: ffff88817fb36800
00141 R13: dffffc0000000000 R14: 1ffff110274e0080 R15: 1ffff1102ff66d0f
00141 FS:  00007efc11e1d940(0000) GS:ffff88831e82d000(0000) knlGS:0000000000000000
00141 CS:  0010 DS: 0000 ES: 0000 CR0: 0000000080050033
00141 CR2: 000055f6f1cfbb40 CR3: 000000014124a000 CR4: 0000000000750eb0
00141 PKRU: 55555554
00141 Call Trace:
00141  <TASK>
00141  ? local_object_create+0x109/0x640 [obdclass]
00141  ? dt_write_lock+0x16d/0x2a0 [obdclass]
00141  ? llog_osd_create+0x356/0x10d0 [obdclass]
00141  ? llog_create+0x2ed/0x530 [obdclass]
00141  ? llog_open_create+0x6e7/0xb30 [obdclass]
00141  ? llog_test_12+0x402/0x2d90 [llog_test]
00141  ? llog_test_11+0xc14/0x1130 [llog_test]
00141  ? llog_run_tests+0x4434/0x5ac0 [llog_test]
00141  ? get_random_u32+0x51/0x470
00141  ? llog_test_device_init+0x6e8/0xa20 [llog_test]
00141  ? obd_setup+0x54d/0x950 [obdclass]
00141  ? class_setup+0xc7d/0x10e0 [obdclass]
00141  ? class_process_config+0x2edb/0x7cb0 [obdclass]
00141  ? class_handle_ioctl+0x2055/0x3590 [obdclass]
00141  ? obd_class_ioctl+0x1f6/0x3c0 [obdclass]
00141  ? __x64_sys_ioctl+0x961/0xe00
00141  ? _copy_to_user+0x3d/0x60
00141  ? __x64_sys_rt_sigaction+0x107/0x140
00141  ? do_syscall_64+0xc1/0x350
00141  ? entry_SYSCALL_64_after_hwframe+0x4b/0x53
00141  </TASK>
00141 ---[ end trace 0000000000000000 ]---
00141 ------------[ cut here ]------------
00141 WARNING: /home/ktest/git/linux/include/linux/fs.h:889 at osd_create+0x9cf/0xcf0 [osd_wbcfs], CPU#8: lctl/2171
00141 Modules linked in: llog_test(O) mgs(O) osd_wbcfs(O) lustre(O) obdecho(O) mgc(O) mdc(O) lov(O) osc(O) lmv(O) ec(O) fid(O) fld(O) ptlrpc(O) efivarfs obdclass(O) ksocklnd(O) lnet(O) libcfs(O)
00141 CPU: 8 UID: 0 PID: 2171 Comm: lctl Tainted: G        W  O        7.0.0-ktest-11d00e2-6330a45-20260727-dirty #1 PREEMPT 
00141 Tainted: [W]=WARN, [O]=OOT_MODULE
00141 Hardware name: QEMU Standard PC (Q35 + ICH9, 2009), BIOS 2025.11-3ubuntu7 03/31/2026
00141 RIP: 0010:osd_create+0x9cf/0xcf0 [osd_wbcfs]
00141 Code: c7 c7 00 96 7b a1 48 c7 c6 a0 12 7d a1 48 c7 c2 00 1c 7d a1 e8 52 f1 43 ff 48 c7 c7 00 96 7b a1 e8 46 81 44 ff e9 fe fc ff ff <0f> 0b e9 a5 fa ff ff 48 c7 c1 80 44 5d a0 80 e1 07 80 c1 03 38 c1
00141 RSP: 0018:ffffc90005f5f4f8 EFLAGS: 00010246
00141 RAX: 0000000000000000 RBX: ffff888033fdfc00 RCX: 0000000000000046
00141 RDX: 0000000000000000 RSI: ffff88827ff59f30 RDI: ffff88811be6aa80
00141 RBP: ffff88827ff59ea0 R08: ffffffff83a16803 R09: 1ffffffff0742d00
00141 R10: dffffc0000000000 R11: fffffbfff0742d01 R12: ffff88817fb36800
00141 R13: dffffc0000000000 R14: 1ffff110067fbf80 R15: 1ffff1102ff66d0f
00141 FS:  00007efc11e1d940(0000) GS:ffff88831e82d000(0000) knlGS:0000000000000000
00141 CS:  0010 DS: 0000 ES: 0000 CR0: 0000000080050033
00141 CR2: 000055f6f1cfbb40 CR3: 000000014124a000 CR4: 0000000000750eb0
00141 PKRU: 55555554
00141 Call Trace:
00141  <TASK>
00141  ? local_object_create+0x109/0x640 [obdclass]
00141  ? dt_write_lock+0x16d/0x2a0 [obdclass]
00141  ? llog_osd_create+0x356/0x10d0 [obdclass]
00141  ? llog_create+0x2ed/0x530 [obdclass]
00141  ? llog_cat_new_log+0x6d1/0x2970 [obdclass]
00141  ? llog_cat_add_rec+0x6ba/0x1960 [obdclass]
00141  ? llog_cat_add+0x499/0x7a0 [obdclass]
00141  ? llog_test_12+0x683/0x2d90 [llog_test]
00141  ? llog_test_11+0xc14/0x1130 [llog_test]
00141  ? llog_run_tests+0x4434/0x5ac0 [llog_test]
00141  ? get_random_u32+0x51/0x470
00141  ? llog_test_device_init+0x6e8/0xa20 [llog_test]
00141  ? obd_setup+0x54d/0x950 [obdclass]
00141  ? class_setup+0xc7d/0x10e0 [obdclass]
00141  ? class_process_config+0x2edb/0x7cb0 [obdclass]
00141  ? class_handle_ioctl+0x2055/0x3590 [obdclass]
00141  ? obd_class_ioctl+0x1f6/0x3c0 [obdclass]
00141  ? __x64_sys_ioctl+0x961/0xe00
00141  ? _copy_to_user+0x3d/0x60
00141  ? __x64_sys_rt_sigaction+0x107/0x140
00141  ? do_syscall_64+0xc1/0x350
00141  ? entry_SYSCALL_64_after_hwframe+0x4b/0x53
00141  </TASK>
00141 ---[ end trace 0000000000000000 ]---
00141 Lustre: 12: truncate 24 bytes
00141 Lustre: 12: re-open and process the catalog
00141 LustreError: 2171:0:(llog_osd.c:1247:llog_osd_next_block()) MGS0000-osd: invalid llog tail at log id [0xa:0x6:0x0] offset 8232 last_rec idx 8704 tail idx 275010875 lrt len 1 read_size 40
00141 LustreError: 2171:0:(llog.c:881:llog_process_thread()) MGS: local llog is corrupted [0xa:0x6:0x0] catalog index 1 count 2
00141 Lustre: 12: try to add to the catalog
00141 ------------[ cut here ]------------
00141 WARNING: /home/ktest/git/linux/include/linux/fs.h:889 at osd_create+0x9cf/0xcf0 [osd_wbcfs], CPU#8: lctl/2171
00141 Modules linked in: llog_test(O) mgs(O) osd_wbcfs(O) lustre(O) obdecho(O) mgc(O) mdc(O) lov(O) osc(O) lmv(O) ec(O) fid(O) fld(O) ptlrpc(O) efivarfs obdclass(O) ksocklnd(O) lnet(O) libcfs(O)
00141 CPU: 8 UID: 0 PID: 2171 Comm: lctl Tainted: G        W  O        7.0.0-ktest-11d00e2-6330a45-20260727-dirty #1 PREEMPT 
00141 Tainted: [W]=WARN, [O]=OOT_MODULE
00141 Hardware name: QEMU Standard PC (Q35 + ICH9, 2009), BIOS 2025.11-3ubuntu7 03/31/2026
00141 RIP: 0010:osd_create+0x9cf/0xcf0 [osd_wbcfs]
00141 Code: c7 c7 00 96 7b a1 48 c7 c6 a0 12 7d a1 48 c7 c2 00 1c 7d a1 e8 52 f1 43 ff 48 c7 c7 00 96 7b a1 e8 46 81 44 ff e9 fe fc ff ff <0f> 0b e9 a5 fa ff ff 48 c7 c1 80 44 5d a0 80 e1 07 80 c1 03 38 c1
00141 RSP: 0018:ffffc90005f5f4f8 EFLAGS: 00010246
00141 RAX: 0000000000000000 RBX: ffff88813a702800 RCX: 0000000000000046
00141 RDX: 0000000000000000 RSI: ffff88827ff59818 RDI: ffff88811be6aa80
00141 RBP: ffff88827ff59788 R08: ffffffff83a16803 R09: 1ffffffff0742d00
00141 R10: dffffc0000000000 R11: fffffbfff0742d01 R12: ffff88817fb36800
00141 R13: dffffc0000000000 R14: 1ffff110274e0500 R15: 1ffff1102ff66d0f
00141 FS:  00007efc11e1d940(0000) GS:ffff88831e82d000(0000) knlGS:0000000000000000
00141 CS:  0010 DS: 0000 ES: 0000 CR0: 0000000080050033
00141 CR2: 000055f6f1cfbb40 CR3: 000000014124a000 CR4: 0000000000750eb0
00141 PKRU: 55555554
00141 Call Trace:
00141  <TASK>
00141  ? local_object_create+0x109/0x640 [obdclass]
00141  ? dt_write_lock+0x16d/0x2a0 [obdclass]
00141  ? llog_osd_create+0x356/0x10d0 [obdclass]
00141  ? llog_create+0x2ed/0x530 [obdclass]
00141  ? llog_cat_new_log+0x6d1/0x2970 [obdclass]
00141  ? llog_cat_add_rec+0x6ba/0x1960 [obdclass]
00141  ? llog_cat_add+0x499/0x7a0 [obdclass]
00141  ? llog_test_12+0x1471/0x2d90 [llog_test]
00141  ? llog_run_tests+0x4434/0x5ac0 [llog_test]
00141  ? get_random_u32+0x51/0x470
00141  ? llog_test_device_init+0x6e8/0xa20 [llog_test]
00141  ? obd_setup+0x54d/0x950 [obdclass]
00141  ? class_setup+0xc7d/0x10e0 [obdclass]
00141  ? class_process_config+0x2edb/0x7cb0 [obdclass]
00141  ? class_handle_ioctl+0x2055/0x3590 [obdclass]
00141  ? obd_class_ioctl+0x1f6/0x3c0 [obdclass]
00141  ? __x64_sys_ioctl+0x961/0xe00
00141  ? _copy_to_user+0x3d/0x60
00141  ? __x64_sys_rt_sigaction+0x107/0x140
00141  ? do_syscall_64+0xc1/0x350
00141  ? entry_SYSCALL_64_after_hwframe+0x4b/0x53
00141  </TASK>
00141 ---[ end trace 0000000000000000 ]---
00141 LustreError: 2171:0:(llog_osd.c:1230:llog_osd_next_block()) MGS0000-osd: invalid llog tail at log id [0x6:0xa:0x0]:0 offset 8297 tail idx 603979776 lrt len 1074261 read_size 105
00141 ------------[ cut here ]------------
00141 WARNING: /home/ktest/git/linux/include/linux/fs.h:889 at osd_create+0x9cf/0xcf0 [osd_wbcfs], CPU#8: lctl/2171
00141 Modules linked in: llog_test(O) mgs(O) osd_wbcfs(O) lustre(O) obdecho(O) mgc(O) mdc(O) lov(O) osc(O) lmv(O) ec(O) fid(O) fld(O) ptlrpc(O) efivarfs obdclass(O) ksocklnd(O) lnet(O) libcfs(O)
00141 CPU: 8 UID: 0 PID: 2171 Comm: lctl Tainted: G        W  O        7.0.0-ktest-11d00e2-6330a45-20260727-dirty #1 PREEMPT 
00141 Tainted: [W]=WARN, [O]=OOT_MODULE
00141 Hardware name: QEMU Standard PC (Q35 + ICH9, 2009), BIOS 2025.11-3ubuntu7 03/31/2026
00141 RIP: 0010:osd_create+0x9cf/0xcf0 [osd_wbcfs]
00141 Code: c7 c7 00 96 7b a1 48 c7 c6 a0 12 7d a1 48 c7 c2 00 1c 7d a1 e8 52 f1 43 ff 48 c7 c7 00 96 7b a1 e8 46 81 44 ff e9 fe fc ff ff <0f> 0b e9 a5 fa ff ff 48 c7 c1 80 44 5d a0 80 e1 07 80 c1 03 38 c1
00141 RSP: 0018:ffffc90005f5f4f8 EFLAGS: 00010246
00141 RAX: 0000000000000000 RBX: ffff88813a704000 RCX: 0000000000000046
00141 RDX: 0000000000000000 RSI: ffff88827ff59100 RDI: ffff88811be6aa80
00141 RBP: ffff88827ff59070 R08: ffffffff83a16803 R09: 1ffffffff0742d00
00141 R10: dffffc0000000000 R11: fffffbfff0742d01 R12: ffff88817fb36800
00141 R13: dffffc0000000000 R14: 1ffff110274e0800 R15: 1ffff1102ff66d0f
00141 FS:  00007efc11e1d940(0000) GS:ffff88831e82d000(0000) knlGS:0000000000000000
00141 CS:  0010 DS: 0000 ES: 0000 CR0: 0000000080050033
00141 CR2: 000055f6f1cfbb40 CR3: 000000014124a000 CR4: 0000000000750eb0
00141 PKRU: 55555554
00141 Call Trace:
00141  <TASK>
00141  ? local_object_create+0x109/0x640 [obdclass]
00141  ? dt_write_lock+0x16d/0x2a0 [obdclass]
00141  ? llog_osd_create+0x356/0x10d0 [obdclass]
00141  ? llog_create+0x2ed/0x530 [obdclass]
00141  ? llog_cat_new_log+0x6d1/0x2970 [obdclass]
00141  ? llog_cat_add_rec+0x6ba/0x1960 [obdclass]
00141  ? llog_cat_add+0x499/0x7a0 [obdclass]
00141  ? llog_test_12+0x1471/0x2d90 [llog_test]
00141  ? llog_run_tests+0x4434/0x5ac0 [llog_test]
00141  ? get_random_u32+0x51/0x470
00141  ? llog_test_device_init+0x6e8/0xa20 [llog_test]
00141  ? obd_setup+0x54d/0x950 [obdclass]
00141  ? class_setup+0xc7d/0x10e0 [obdclass]
00141  ? class_process_config+0x2edb/0x7cb0 [obdclass]
00141  ? class_handle_ioctl+0x2055/0x3590 [obdclass]
00141  ? obd_class_ioctl+0x1f6/0x3c0 [obdclass]
00141  ? __x64_sys_ioctl+0x961/0xe00
00141  ? _copy_to_user+0x3d/0x60
00141  ? __x64_sys_rt_sigaction+0x107/0x140
00141  ? do_syscall_64+0xc1/0x350
00141  ? entry_SYSCALL_64_after_hwframe+0x4b/0x53
00141  </TASK>
00141 ---[ end trace 0000000000000000 ]---
00141 ------------[ cut here ]------------
00141 WARNING: /home/ktest/git/linux/include/linux/fs.h:889 at osd_create+0x9cf/0xcf0 [osd_wbcfs], CPU#8: lctl/2171
00141 Modules linked in: llog_test(O) mgs(O) osd_wbcfs(O) lustre(O) obdecho(O) mgc(O) mdc(O) lov(O) osc(O) lmv(O) ec(O) fid(O) fld(O) ptlrpc(O) efivarfs obdclass(O) ksocklnd(O) lnet(O) libcfs(O)
00141 CPU: 8 UID: 0 PID: 2171 Comm: lctl Tainted: G        W  O        7.0.0-ktest-11d00e2-6330a45-20260727-dirty #1 PREEMPT 
00141 Tainted: [W]=WARN, [O]=OOT_MODULE
00141 Hardware name: QEMU Standard PC (Q35 + ICH9, 2009), BIOS 2025.11-3ubuntu7 03/31/2026
00141 RIP: 0010:osd_create+0x9cf/0xcf0 [osd_wbcfs]
00141 Code: c7 c7 00 96 7b a1 48 c7 c6 a0 12 7d a1 48 c7 c2 00 1c 7d a1 e8 52 f1 43 ff 48 c7 c7 00 96 7b a1 e8 46 81 44 ff e9 fe fc ff ff <0f> 0b e9 a5 fa ff ff 48 c7 c1 80 44 5d a0 80 e1 07 80 c1 03 38 c1
00141 RSP: 0018:ffffc90005f5f4f8 EFLAGS: 00010246
00141 RAX: 0000000000000000 RBX: ffff888237d6bc00 RCX: 0000000000000046
00141 RDX: 0000000000000000 RSI: ffff88827ff589e8 RDI: ffff88811be6aa80
00141 RBP: ffff88827ff58958 R08: ffffffff83a16803 R09: 1ffffffff0742d00
00141 R10: dffffc0000000000 R11: fffffbfff0742d01 R12: ffff88817fb36800
00141 R13: dffffc0000000000 R14: 1ffff11046fad780 R15: 1ffff1102ff66d0f
00141 FS:  00007efc11e1d940(0000) GS:ffff88831e82d000(0000) knlGS:0000000000000000
00141 CS:  0010 DS: 0000 ES: 0000 CR0: 0000000080050033
00141 CR2: 000055f6f1cfbb40 CR3: 000000014124a000 CR4: 0000000000750eb0
00141 PKRU: 55555554
00141 Call Trace:
00141  <TASK>
00141  ? local_object_create+0x109/0x640 [obdclass]
00141  ? dt_write_lock+0x16d/0x2a0 [obdclass]
00141  ? llog_osd_create+0x356/0x10d0 [obdclass]
00141  ? llog_create+0x2ed/0x530 [obdclass]
00141  ? llog_cat_new_log+0x6d1/0x2970 [obdclass]
00141  ? llog_cat_add_rec+0x6ba/0x1960 [obdclass]
00141  ? llog_cat_add+0x499/0x7a0 [obdclass]
00141  ? llog_test_12+0x1471/0x2d90 [llog_test]
00141  ? llog_run_tests+0x4434/0x5ac0 [llog_test]
00141  ? get_random_u32+0x51/0x470
00141  ? llog_test_device_init+0x6e8/0xa20 [llog_test]
00141  ? obd_setup+0x54d/0x950 [obdclass]
00141  ? class_setup+0xc7d/0x10e0 [obdclass]
00141  ? class_process_config+0x2edb/0x7cb0 [obdclass]
00141  ? class_handle_ioctl+0x2055/0x3590 [obdclass]
00141  ? obd_class_ioctl+0x1f6/0x3c0 [obdclass]
00141  ? __x64_sys_ioctl+0x961/0xe00
00141  ? _copy_to_user+0x3d/0x60
00141  ? __x64_sys_rt_sigaction+0x107/0x140
00141  ? do_syscall_64+0xc1/0x350
00141  ? entry_SYSCALL_64_after_hwframe+0x4b/0x53
00141  </TASK>
00141 ---[ end trace 0000000000000000 ]---
00141 ------------[ cut here ]------------
00141 WARNING: /home/ktest/git/linux/include/linux/fs.h:889 at osd_create+0x9cf/0xcf0 [osd_wbcfs], CPU#8: lctl/2171
00141 Modules linked in: llog_test(O) mgs(O) osd_wbcfs(O) lustre(O) obdecho(O) mgc(O) mdc(O) lov(O) osc(O) lmv(O) ec(O) fid(O) fld(O) ptlrpc(O) efivarfs obdclass(O) ksocklnd(O) lnet(O) libcfs(O)
00141 CPU: 8 UID: 0 PID: 2171 Comm: lctl Tainted: G        W  O        7.0.0-ktest-11d00e2-6330a45-20260727-dirty #1 PREEMPT 
00141 Tainted: [W]=WARN, [O]=OOT_MODULE
00141 Hardware name: QEMU Standard PC (Q35 + ICH9, 2009), BIOS 2025.11-3ubuntu7 03/31/2026
00141 RIP: 0010:osd_create+0x9cf/0xcf0 [osd_wbcfs]
00141 Code: c7 c7 00 96 7b a1 48 c7 c6 a0 12 7d a1 48 c7 c2 00 1c 7d a1 e8 52 f1 43 ff 48 c7 c7 00 96 7b a1 e8 46 81 44 ff e9 fe fc ff ff <0f> 0b e9 a5 fa ff ff 48 c7 c1 80 44 5d a0 80 e1 07 80 c1 03 38 c1
00141 RSP: 0018:ffffc90005f5f4f8 EFLAGS: 00010246
00141 RAX: 0000000000000000 RBX: ffff888237d6d800 RCX: 0000000000000046
00141 RDX: 0000000000000000 RSI: ffff88827ff582d0 RDI: ffff88811be6aa80
00141 RBP: ffff88827ff58240 R08: ffffffff83a16803 R09: 1ffffffff0742d00
00141 R10: dffffc0000000000 R11: fffffbfff0742d01 R12: ffff88817fb36800
00141 R13: dffffc0000000000 R14: 1ffff11046fadb00 R15: 1ffff1102ff66d0f
00141 FS:  00007efc11e1d940(0000) GS:ffff88831e82d000(0000) knlGS:0000000000000000
00141 CS:  0010 DS: 0000 ES: 0000 CR0: 0000000080050033
00141 CR2: 000055f6f1cfbb40 CR3: 000000014124a000 CR4: 0000000000750eb0
00141 PKRU: 55555554
00141 Call Trace:
00141  <TASK>
00141  ? local_object_create+0x109/0x640 [obdclass]
00141  ? dt_write_lock+0x16d/0x2a0 [obdclass]
00141  ? llog_osd_create+0x356/0x10d0 [obdclass]
00141  ? llog_create+0x2ed/0x530 [obdclass]
00141  ? llog_cat_new_log+0x6d1/0x2970 [obdclass]
00141  ? llog_cat_add_rec+0x6ba/0x1960 [obdclass]
00141  ? llog_cat_add+0x499/0x7a0 [obdclass]
00141  ? llog_test_12+0x1471/0x2d90 [llog_test]
00141  ? llog_run_tests+0x4434/0x5ac0 [llog_test]
00141  ? get_random_u32+0x51/0x470
00141  ? llog_test_device_init+0x6e8/0xa20 [llog_test]
00141  ? obd_setup+0x54d/0x950 [obdclass]
00141  ? class_setup+0xc7d/0x10e0 [obdclass]
00141  ? class_process_config+0x2edb/0x7cb0 [obdclass]
00141  ? class_handle_ioctl+0x2055/0x3590 [obdclass]
00141  ? obd_class_ioctl+0x1f6/0x3c0 [obdclass]
00141  ? __x64_sys_ioctl+0x961/0xe00
00141  ? _copy_to_user+0x3d/0x60
00141  ? __x64_sys_rt_sigaction+0x107/0x140
00141  ? do_syscall_64+0xc1/0x350
00141  ? entry_SYSCALL_64_after_hwframe+0x4b/0x53
00141  </TASK>
00141 ---[ end trace 0000000000000000 ]---
00141 ------------[ cut here ]------------
00141 WARNING: /home/ktest/git/linux/include/linux/fs.h:889 at osd_create+0x9cf/0xcf0 [osd_wbcfs], CPU#8: lctl/2171
00141 Modules linked in: llog_test(O) mgs(O) osd_wbcfs(O) lustre(O) obdecho(O) mgc(O) mdc(O) lov(O) osc(O) lmv(O) ec(O) fid(O) fld(O) ptlrpc(O) efivarfs obdclass(O) ksocklnd(O) lnet(O) libcfs(O)
00141 CPU: 8 UID: 0 PID: 2171 Comm: lctl Tainted: G        W  O        7.0.0-ktest-11d00e2-6330a45-20260727-dirty #1 PREEMPT 
00141 Tainted: [W]=WARN, [O]=OOT_MODULE
00141 Hardware name: QEMU Standard PC (Q35 + ICH9, 2009), BIOS 2025.11-3ubuntu7 03/31/2026
00141 RIP: 0010:osd_create+0x9cf/0xcf0 [osd_wbcfs]
00141 Code: c7 c7 00 96 7b a1 48 c7 c6 a0 12 7d a1 48 c7 c2 00 1c 7d a1 e8 52 f1 43 ff 48 c7 c7 00 96 7b a1 e8 46 81 44 ff e9 fe fc ff ff <0f> 0b e9 a5 fa ff ff 48 c7 c1 80 44 5d a0 80 e1 07 80 c1 03 38 c1
00141 RSP: 0018:ffffc90005f5f4f8 EFLAGS: 00010246
00141 RAX: 0000000000000000 RBX: ffff888109195000 RCX: 0000000000000046
00141 RDX: 0000000000000000 RSI: ffff888197e3a648 RDI: ffff88811be6aa80
00141 RBP: ffff888197e3a5b8 R08: ffffffff83a16803 R09: 1ffffffff0742d00
00141 R10: dffffc0000000000 R11: fffffbfff0742d01 R12: ffff88817fb36800
00141 R13: dffffc0000000000 R14: 1ffff11021232a00 R15: 1ffff1102ff66d0f
00141 FS:  00007efc11e1d940(0000) GS:ffff88831e82d000(0000) knlGS:0000000000000000
00141 CS:  0010 DS: 0000 ES: 0000 CR0: 0000000080050033
00141 CR2: 000055f6f1cfbb40 CR3: 000000014124a000 CR4: 0000000000750eb0
00141 PKRU: 55555554
00141 Call Trace:
00141  <TASK>
00141  ? local_object_create+0x109/0x640 [obdclass]
00141  ? dt_write_lock+0x16d/0x2a0 [obdclass]
00141  ? llog_osd_create+0x356/0x10d0 [obdclass]
00141  ? llog_create+0x2ed/0x530 [obdclass]
00141  ? llog_cat_new_log+0x6d1/0x2970 [obdclass]
00141  ? llog_cat_add_rec+0x6ba/0x1960 [obdclass]
00141  ? llog_cat_add+0x499/0x7a0 [obdclass]
00141  ? llog_test_12+0x1471/0x2d90 [llog_test]
00141  ? llog_run_tests+0x4434/0x5ac0 [llog_test]
00141  ? get_random_u32+0x51/0x470
00141  ? llog_test_device_init+0x6e8/0xa20 [llog_test]
00141  ? obd_setup+0x54d/0x950 [obdclass]
00141  ? class_setup+0xc7d/0x10e0 [obdclass]
00141  ? class_process_config+0x2edb/0x7cb0 [obdclass]
00141  ? class_handle_ioctl+0x2055/0x3590 [obdclass]
00141  ? obd_class_ioctl+0x1f6/0x3c0 [obdclass]
00141  ? __x64_sys_ioctl+0x961/0xe00
00141  ? _copy_to_user+0x3d/0x60
00141  ? __x64_sys_rt_sigaction+0x107/0x140
00141  ? do_syscall_64+0xc1/0x350
00141  ? entry_SYSCALL_64_after_hwframe+0x4b/0x53
00141  </TASK>
00141 ---[ end trace 0000000000000000 ]---
00141 ------------[ cut here ]------------
00141 WARNING: /home/ktest/git/linux/include/linux/fs.h:889 at osd_create+0x9cf/0xcf0 [osd_wbcfs], CPU#8: lctl/2171
00141 Modules linked in: llog_test(O) mgs(O) osd_wbcfs(O) lustre(O) obdecho(O) mgc(O) mdc(O) lov(O) osc(O) lmv(O) ec(O) fid(O) fld(O) ptlrpc(O) efivarfs obdclass(O) ksocklnd(O) lnet(O) libcfs(O)
00141 CPU: 8 UID: 0 PID: 2171 Comm: lctl Tainted: G        W  O        7.0.0-ktest-11d00e2-6330a45-20260727-dirty #1 PREEMPT 
00141 Tainted: [W]=WARN, [O]=OOT_MODULE
00141 Hardware name: QEMU Standard PC (Q35 + ICH9, 2009), BIOS 2025.11-3ubuntu7 03/31/2026
00141 RIP: 0010:osd_create+0x9cf/0xcf0 [osd_wbcfs]
00141 Code: c7 c7 00 96 7b a1 48 c7 c6 a0 12 7d a1 48 c7 c2 00 1c 7d a1 e8 52 f1 43 ff 48 c7 c7 00 96 7b a1 e8 46 81 44 ff e9 fe fc ff ff <0f> 0b e9 a5 fa ff ff 48 c7 c1 80 44 5d a0 80 e1 07 80 c1 03 38 c1
00141 RSP: 0018:ffffc90005f5f4f8 EFLAGS: 00010246
00141 RAX: 0000000000000000 RBX: ffff88813d0fb800 RCX: 0000000000000046
00141 RDX: 0000000000000000 RSI: ffff888197e39f30 RDI: ffff88811be6aa80
00141 RBP: ffff888197e39ea0 R08: ffffffff83a16803 R09: 1ffffffff0742d00
00141 R10: dffffc0000000000 R11: fffffbfff0742d01 R12: ffff88817fb36800
00141 R13: dffffc0000000000 R14: 1ffff11027a1f700 R15: 1ffff1102ff66d0f
00141 FS:  00007efc11e1d940(0000) GS:ffff88831e82d000(0000) knlGS:0000000000000000
00141 CS:  0010 DS: 0000 ES: 0000 CR0: 0000000080050033
00141 CR2: 000055f6f1cfbb40 CR3: 000000014124a000 CR4: 0000000000750eb0
00141 PKRU: 55555554
00141 Call Trace:
00141  <TASK>
00141  ? local_object_create+0x109/0x640 [obdclass]
00141  ? dt_write_lock+0x16d/0x2a0 [obdclass]
00141  ? llog_osd_create+0x356/0x10d0 [obdclass]
00141  ? llog_create+0x2ed/0x530 [obdclass]
00141  ? llog_cat_new_log+0x6d1/0x2970 [obdclass]
00141  ? llog_cat_add_rec+0x6ba/0x1960 [obdclass]
00141  ? llog_cat_add+0x499/0x7a0 [obdclass]
00141  ? llog_test_12+0x1471/0x2d90 [llog_test]
00141  ? llog_run_tests+0x4434/0x5ac0 [llog_test]
00141  ? get_random_u32+0x51/0x470
00141  ? llog_test_device_init+0x6e8/0xa20 [llog_test]
00141  ? obd_setup+0x54d/0x950 [obdclass]
00141  ? class_setup+0xc7d/0x10e0 [obdclass]
00141  ? class_process_config+0x2edb/0x7cb0 [obdclass]
00141  ? class_handle_ioctl+0x2055/0x3590 [obdclass]
00141  ? obd_class_ioctl+0x1f6/0x3c0 [obdclass]
00141  ? __x64_sys_ioctl+0x961/0xe00
00141  ? _copy_to_user+0x3d/0x60
00141  ? __x64_sys_rt_sigaction+0x107/0x140
00141  ? do_syscall_64+0xc1/0x350
00141  ? entry_SYSCALL_64_after_hwframe+0x4b/0x53
00141  </TASK>
00141 ---[ end trace 0000000000000000 ]---
00141 ==================================================================
00141 BUG: KASAN: use-after-free in llog_osd_next_block+0x1368/0x3080 [obdclass]
00141 Read of size 4 at addr ffff88810c65f136 by task lctl/2171
00141 
00141 CPU: 8 UID: 0 PID: 2171 Comm: lctl Tainted: G        W  O        7.0.0-ktest-11d00e2-6330a45-20260727-dirty #1 PREEMPT 
00141 Tainted: [W]=WARN, [O]=OOT_MODULE
00141 Hardware name: QEMU Standard PC (Q35 + ICH9, 2009), BIOS 2025.11-3ubuntu7 03/31/2026
00141 Call Trace:
00141  <TASK>
00141  dump_stack_lvl+0x52/0x80
00141  print_report+0xbc/0x260
00141  ? llog_osd_next_block+0x1368/0x3080 [obdclass]
00141  kasan_report+0xa2/0xd0
00141  ? llog_osd_next_block+0x1368/0x3080 [obdclass]
00141  llog_osd_next_block+0x1368/0x3080 [obdclass]
00141  llog_process_thread+0xdd7/0x4f70 [obdclass]
00141  ? entry_SYSCALL_64_after_hwframe+0x4b/0x53
00141  ? task_work_add+0x177/0x210
00141  llog_process_or_fork+0x656/0xc90 [obdclass]
00141  ? llog_cat_process+0x30/0x30 [obdclass]
00141  llog_cat_process_or_fork+0x780/0xdb0 [obdclass]
00141  ? llog_cat_process+0x30/0x30 [obdclass]
00141  ? llog_cancel_rec_cb+0x450/0x450 [llog_test]
00141  llog_cat_process+0x24/0x30 [obdclass]
00141  llog_test_12+0x13ee/0x2d90 [llog_test]
00141  llog_run_tests+0x4434/0x5ac0 [llog_test]
00141  ? get_random_u32+0x51/0x470
00141  llog_test_device_init+0x6e8/0xa20 [llog_test]
00141  obd_setup+0x54d/0x950 [obdclass]
00141  class_setup+0xc7d/0x10e0 [obdclass]
00141  class_process_config+0x2edb/0x7cb0 [obdclass]
00141  class_handle_ioctl+0x2055/0x3590 [obdclass]
00141  obd_class_ioctl+0x1f6/0x3c0 [obdclass]
00141  __x64_sys_ioctl+0x961/0xe00
00141  ? _copy_to_user+0x3d/0x60
00141  ? __x64_sys_rt_sigaction+0x107/0x140
00141  do_syscall_64+0xc1/0x350
00141  entry_SYSCALL_64_after_hwframe+0x4b/0x53
00141 RIP: 0033:0x7efc11d24e1d
00141 Code: 04 25 28 00 00 00 48 89 45 c8 31 c0 48 8d 45 10 c7 45 b0 10 00 00 00 48 89 45 b8 48 8d 45 d0 48 89 45 c0 b8 10 00 00 00 0f 05 <89> c2 3d 00 f0 ff ff 77 1a 48 8b 45 c8 64 48 2b 04 25 28 00 00 00
00141 RSP: 002b:00007ffd18ea3580 EFLAGS: 00000246 ORIG_RAX: 0000000000000010
00141 RAX: ffffffffffffffda RBX: 00007efc120861f0 RCX: 00007efc11d24e1d
00141 RDX: 00007ffd18ea3860 RSI: 00000000c00866b8 RDI: 0000000000000003
00141 RBP: 00007ffd18ea35d0 R08: 00007ffd18ea3620 R09: 00007ffd18ea3860
00141 R10: 000055f71b290930 R11: 0000000000000246 R12: 00007ffd18ea3860
00141 R13: 000055f6f1ceb822 R14: 0000000000000000 R15: 00007ffd18ea58e0
00141  </TASK>
00141 
00141 The buggy address belongs to the physical page:
00141 page: refcount:0 mapcount:0 mapping:0000000000000000 index:0x81a35 pfn:0x10c65f
00141 flags: 0x8000000000000000(zone=2)
00141 raw: 8000000000000000 dead000000000100 dead000000000122 0000000000000000
00141 raw: 0000000000081a35 0000000000000000 00000000ffffffff 0000000000000000
00141 page dumped because: kasan: bad access detected
00141 
00141 Memory state around the buggy address:
00141  ffff88810c65f000: ff ff ff ff ff ff ff ff ff ff ff ff ff ff ff ff
00141  ffff88810c65f080: ff ff ff ff ff ff ff ff ff ff ff ff ff ff ff ff
00141 >ffff88810c65f100: ff ff ff ff ff ff ff ff ff ff ff ff ff ff ff ff
00141                                      ^
00141  ffff88810c65f180: ff ff ff ff ff ff ff ff ff ff ff ff ff ff ff ff
00141  ffff88810c65f200: ff ff ff ff ff ff ff ff ff ff ff ff ff ff ff ff
00141 ==================================================================
00141 Disabling lock debugging due to kernel taint
00141 Lustre: 2171:0:(llog_test.c:2461:llog_test_12()) 12: put newly-created catalog
00141 Lustre: 2171:0:(llog_test.c:2529:llog_test_13()) 13a: create a catalog log with name: dce62ad1
00141 Lustre: 2171:0:(llog_test.c:2545:llog_test_13()) 13b: write 1 record into the catalog
00141 LustreError: 2171:0:(llog_test.c:2556:llog_test_13()) 13b: found 8 plain llogs
00141 Lustre: 2171:0:(llog_test.c:2558:llog_test_13()) 13c: erase plain llog
00141 LustreError: 2171:0:(llog_cat.c:399:llog_cat_id2handle()) MGS: error opening log id [0x1:0x4f:0x0]: rc = -2
00141 Lustre: 2171:0:(llog_test.c:2578:llog_test_13()) 13d: forward process: found=1708 rc=0
00141 Lustre: 2171:0:(llog_test.c:2582:llog_test_13()) 13e: erase another plain llog
00141 Lustre: 2171:0:(llog_test.c:2602:llog_test_13()) 13e: backward process: found=1367 rc=0
00141 Lustre: 2171:0:(llog_test.c:2605:llog_test_13()) 13f: put newly-created catalog
00146 ========= FAILED TIMEOUT llog-unit in 240s
Error 1 at /home/ktest/ktest/lib/libktest.sh 587 from: "$ktest_dir/lib/supervisor" -S -F -T "$ktest_timeout" -b "$test_basename" -o "$test_logdir" -f "$test_basename.$(date -Iseconds).log" -- "${qemu_cmd[@]}", exiting
Error 1 at ./qlkbuild 187 from: "$ktest_dir/lib/supervisor" -S -F -T "$ktest_timeout" -b "$test_basename" -o "$test_logdir" -f "$test_basename.$(date -Iseconds).log" -- "${qemu_cmd[@]}", exiting
Error 1 at ./qlkbuild 1202 from: "$ktest_dir/lib/supervisor" -S -F -T "$ktest_timeout" -b "$test_basename" -o "$test_logdir" -f "$test_basename.$(date -Iseconds).log" -- "${qemu_cmd[@]}", exiting
