CLI: ./pk --podman-socket unix:///run/user/1000/podman/podman.sock --shared-filesystem /tmp --tarball-input job lustre-ci --output /var/www/ci-lustre/upstream-patch-review --git-hash 14f3d47b19d007e9cefa6d438663dfc67452ceb3 --change-id 65491_14f3d47b19d007e9cefa6d438663dfc67452ceb3 --subject LU-18041 lustre: canonicalize IPv6 NID-derived UUIDs

Environment validated successfully
Note: custom LLVM is not synced in tarball input mode
Creating kernel tarball at /tmp/ktest-kernel.tar.gz...
Creating lustre tarball at /tmp/ktest-lustre.tar.gz...
Creating ZFS tarball at /tmp/ktest-zfs.tar.gz...
Executing 14 jobs
Jobs will start as soon as their dependencies are satisfied
Using tarball input mode

START ml-strict:lustre_mainline build tests/fs/lustre/boot-strict.ktest
START checkpatch:checkpatch tool checkpatch
START u24:u24 build tests/fs/lustre/boot.ktest
START ml:lustre_mainline build tests/fs/lustre/boot.ktest
START al2023:al2023 build tests/fs/lustre/boot.ktest
START ml-miscvm:lustre_mainline_native build tests/fs/lustre/boot.ktest
PUT /tmp/ktest-lustre.tar.gz 1s
PUT /tmp/ktest-lustre.tar.gz 2s
PUT /tmp/ktest-kernel.tar.gz 6s
PUT /tmp/ktest-kernel.tar.gz 6s
PUT /tmp/ktest-kernel.tar.gz 6s
PUT /tmp/ktest-kernel.tar.gz 6s
PUT /tmp/ktest-lustre.tar.gz 2s
PUT /tmp/ktest-lustre.tar.gz 2s
PUT /tmp/ktest-lustre.tar.gz 3s
PUT /tmp/ktest-lustre.tar.gz 3s
PUT /tmp/ktest-zfs.tar.gz 1s
PUT /tmp/ktest-zfs.tar.gz 1s
PUT /tmp/ktest-zfs.tar.gz 1s
END checkpatch:checkpatch tool checkpatch FAIL 12s (exit code: 1)
END u24:u24 build tests/fs/lustre/boot.ktest PASS 39s
END al2023:al2023 build tests/fs/lustre/boot.ktest PASS 47s
GET /tmp/ktest_ml-strict:lustre_mainline_7ktzp1x6.tar 10s
END ml-strict:lustre_mainline build tests/fs/lustre/boot-strict.ktest FAIL 220s (exit code: 1)
GET /tmp/ktest_ml-miscvm:lustre_mainline_native_6nul3z18.tar 0s
GET /tmp/ktest_ml:lustre_mainline_6x5nt16f.tar 0s
END ml-miscvm:lustre_mainline_native build tests/fs/lustre/boot.ktest PASS 226s
START ml-miscvm:boot run tests/fs/lustre/boot.ktest
START ml-miscvm:llmount run tests/fs/lustre/llmount.ktest
START ml-miscvm:llog-unit run tests/fs/lustre/llog-unit.ktest
START ml-miscvm:mgs-setup run tests/fs/lustre/mgs-setup.ktest
START ml-miscvm:sanity-1 run tests/fs/lustre/sanity/sanity-1.ktest
START ml-miscvm:sanity-2 run tests/fs/lustre/sanity/sanity-2.ktest
START ml-miscvm:sanity-3 run tests/fs/lustre/sanity/sanity-3.ktest
START ml-miscvm:sanity-4 run tests/fs/lustre/sanity/sanity-4.ktest
END ml:lustre_mainline build tests/fs/lustre/boot.ktest PASS 228s
PUT /tmp/ktest-kernel.tar.gz 29s
PUT /tmp/ktest-kernel.tar.gz 29s
PUT /tmp/ktest-kernel.tar.gz 29s
PUT /tmp/ktest-kernel.tar.gz 30s
PUT /tmp/ktest-kernel.tar.gz 30s
PUT /tmp/ktest-kernel.tar.gz 30s
PUT /tmp/ktest-kernel.tar.gz 30s
PUT /tmp/ktest-kernel.tar.gz 30s
PUT /tmp/ktest-lustre.tar.gz 5s
PUT /tmp/ktest-lustre.tar.gz 4s
PUT /tmp/ktest-lustre.tar.gz 5s
PUT /tmp/ktest-lustre.tar.gz 5s
PUT /tmp/ktest-lustre.tar.gz 5s
PUT /tmp/ktest-lustre.tar.gz 5s
PUT /tmp/ktest-lustre.tar.gz 5s
PUT /tmp/ktest-lustre.tar.gz 4s
PUT /tmp/ktest_ml-miscvm:lustre_mainline_native_6nul3z18.tar 1s
PUT /tmp/ktest_ml-miscvm:lustre_mainline_native_6nul3z18.tar 1s
PUT /tmp/ktest_ml-miscvm:lustre_mainline_native_6nul3z18.tar 1s
PUT /tmp/ktest_ml-miscvm:lustre_mainline_native_6nul3z18.tar 1s
PUT /tmp/ktest_ml-miscvm:lustre_mainline_native_6nul3z18.tar 1s
PUT /tmp/ktest_ml-miscvm:lustre_mainline_native_6nul3z18.tar 1s
PUT /tmp/ktest_ml-miscvm:lustre_mainline_native_6nul3z18.tar 1s
PUT /tmp/ktest_ml-miscvm:lustre_mainline_native_6nul3z18.tar 1s
END ml-miscvm:boot run tests/fs/lustre/boot.ktest PASS 51s
END ml-miscvm:mgs-setup run tests/fs/lustre/mgs-setup.ktest PASS 60s
END ml-miscvm:sanity-4 run tests/fs/lustre/sanity/sanity-4.ktest PASS 89s
END ml-miscvm:sanity-1 run tests/fs/lustre/sanity/sanity-1.ktest PASS 91s
END ml-miscvm:sanity-2 run tests/fs/lustre/sanity/sanity-2.ktest PASS 92s
END ml-miscvm:llmount run tests/fs/lustre/llmount.ktest PASS 99s
END ml-miscvm:sanity-3 run tests/fs/lustre/sanity/sanity-3.ktest PASS 102s
END ml-miscvm:llog-unit run tests/fs/lustre/llog-unit.ktest FAIL 135s (exit code: 1)

============================================================
Final Results:
  checkpatch:checkpatch: FAIL (12s) (log: /var/www/ci-lustre/upstream-patch-review/14f3d47b19d007e9cefa6d438663dfc67452ceb3_checkpatch:checkpatch.log)
  u24:u24: PASS (39s) (log: /var/www/ci-lustre/upstream-patch-review/14f3d47b19d007e9cefa6d438663dfc67452ceb3_u24:u24.log)
  al2023:al2023: PASS (47s) (log: /var/www/ci-lustre/upstream-patch-review/14f3d47b19d007e9cefa6d438663dfc67452ceb3_al2023:al2023.log)
  ml-strict:lustre_mainline: FAIL (220s) (log: /var/www/ci-lustre/upstream-patch-review/14f3d47b19d007e9cefa6d438663dfc67452ceb3_ml-strict:lustre_mainline.log)
  ml:lustre_mainline: PASS (228s) (log: /var/www/ci-lustre/upstream-patch-review/14f3d47b19d007e9cefa6d438663dfc67452ceb3_ml:lustre_mainline.log)
  ml-miscvm:lustre_mainline_native: PASS (226s) (log: /var/www/ci-lustre/upstream-patch-review/14f3d47b19d007e9cefa6d438663dfc67452ceb3_ml-miscvm:lustre_mainline_native.log)
  ml-miscvm:boot: PASS (51s) (log: /var/www/ci-lustre/upstream-patch-review/14f3d47b19d007e9cefa6d438663dfc67452ceb3_ml-miscvm:boot.log)
  ml-miscvm:llmount: PASS (99s) (log: /var/www/ci-lustre/upstream-patch-review/14f3d47b19d007e9cefa6d438663dfc67452ceb3_ml-miscvm:llmount.log)
  ml-miscvm:llog-unit: FAIL (135s) (log: /var/www/ci-lustre/upstream-patch-review/14f3d47b19d007e9cefa6d438663dfc67452ceb3_ml-miscvm:llog-unit.log)
  ml-miscvm:mgs-setup: PASS (60s) (log: /var/www/ci-lustre/upstream-patch-review/14f3d47b19d007e9cefa6d438663dfc67452ceb3_ml-miscvm:mgs-setup.log)
  ml-miscvm:sanity-1: PASS (91s) (log: /var/www/ci-lustre/upstream-patch-review/14f3d47b19d007e9cefa6d438663dfc67452ceb3_ml-miscvm:sanity-1.log)
  ml-miscvm:sanity-2: PASS (92s) (log: /var/www/ci-lustre/upstream-patch-review/14f3d47b19d007e9cefa6d438663dfc67452ceb3_ml-miscvm:sanity-2.log)
  ml-miscvm:sanity-3: PASS (102s) (log: /var/www/ci-lustre/upstream-patch-review/14f3d47b19d007e9cefa6d438663dfc67452ceb3_ml-miscvm:sanity-3.log)
  ml-miscvm:sanity-4: PASS (89s) (log: /var/www/ci-lustre/upstream-patch-review/14f3d47b19d007e9cefa6d438663dfc67452ceb3_ml-miscvm:sanity-4.log)

Total execution time: 393s

Packed 6323 logs from /var/www/ci-lustre/upstream-patch-review into /home/ktest/ktest/local-site/local_data.js
Open /home/ktest/ktest/local-site/index.html in a browser
