WARNING:FILE_PATH_CHANGES: added, moved or deleted file(s), does MAINTAINERS need updating?
#2190: 
new file mode 100644

WARNING:TYPO_SPELLING: 'succesfully' may be misspelled - perhaps 'successfully'?
#2301: FILE: lustre/utils/lfs_find_parse.c:107:
+ * Return: 0 if argument string is succesfully processed, nonzero if any
                                    ^^^^^^^^^^^

WARNING:TYPO_SPELLING: 'seperated' may be misspelled - perhaps 'separated'?
#2895: FILE: lustre/utils/lfs_find_parse.c:701:
+		/* parse coma seperated list of symbolic representation */
 		              ^^^^^^^^^

WARNING:PREFER_FALLTHROUGH: Prefer 'fallthrough;' over fallthrough comment
#3288: FILE: lustre/utils/lfs_find_parse.c:1094:
+			/* no break, this falls through to 'B' for btime */

WARNING:PREFER_FALLTHROUGH: Prefer 'fallthrough;' over fallthrough comment
#3296: FILE: lustre/utils/lfs_find_parse.c:1102:
+			/* no break, this falls through to 'C' for ctime */

WARNING:PREFER_FALLTHROUGH: Prefer 'fallthrough;' over fallthrough comment
#3304: FILE: lustre/utils/lfs_find_parse.c:1110:
+			/* no break, this falls through to 'M' for mtime */

WARNING:STRNCPY: Prefer strscpy, strscpy_pad, or __nonstring over strncpy - see: https://github.com/KSPP/linux/issues/90
#3814: FILE: lustre/utils/lfs_find_parse.c:1620:
+				strncpy(buf, p1, len);

WARNING:DEEP_INDENTATION: Too many leading tabs - consider code refactoring
#3845: FILE: lustre/utils/lfs_find_parse.c:1651:
+						if (*p_num >= *p_alloc) {

WARNING:DEEP_INDENTATION: Too many leading tabs - consider code refactoring
#3849: FILE: lustre/utils/lfs_find_parse.c:1655:
+							if (tmp == NULL) {

WARNING:STRCPY: Prefer strscpy over strcpy - see: https://github.com/KSPP/linux/issues/88
#3858: FILE: lustre/utils/lfs_find_parse.c:1664:
+						strcpy((*pp_uuid)[(*p_num)++].uuid, buf);

WARNING:STRCPY: Prefer strscpy over strcpy - see: https://github.com/KSPP/linux/issues/88
#3862: FILE: lustre/utils/lfs_find_parse.c:1668:
+					strcpy((*pp_uuid)[(*p_num)++].uuid, buf);

WARNING:CONSTANT_COMPARISON: Comparisons should place the constant on the right side of the test
#3873: FILE: lustre/utils/lfs_find_parse.c:1679:
+#if LUSTRE_VERSION_CODE >= OBD_OCD_VERSION(2, 18, 53, 0)

total: 0 errors, 12 warnings, 4210 lines checked

NOTE: For some of the reported defects, checkpatch may be able to
      mechanically convert to the typical style using --fix or --fix-inplace.

Your patch has style problems, please review.

NOTE: If any of the errors are false positives, please report
      them to the maintainer, see CHECKPATCH in MAINTAINERS.
