CLI: ./pk --podman-socket unix:///run/podman/podman.sock --shared-filesystem /tmp --tarball-input job lustre-ci --output /var/www/ci-lustre/upstream-patch-review --git-hash 180c4f59f0adfb9ab0dcc413f68fae6ef1da04bc --change-id 64875_180c4f59f0adfb9ab0dcc413f68fae6ef1da04bc --subject LU-19783 lfsck: fix MDT orphan by LFSCK

Environment validated successfully
Note: custom LLVM is not synced in tarball input mode
Creating kernel tarball at /tmp/ktest-kernel.tar.gz...
Creating lustre tarball at /tmp/ktest-lustre.tar.gz...
Creating ZFS tarball at /tmp/ktest-zfs.tar.gz...
Executing 14 jobs
Jobs will start as soon as their dependencies are satisfied
Using tarball input mode

START al2023:al2023 build tests/fs/lustre/boot.ktest
START ml:lustre_mainline build tests/fs/lustre/boot.ktest
START checkpatch:checkpatch tool checkpatch
START u24:u24 build tests/fs/lustre/boot.ktest
START ml-miscvm:lustre_mainline_native build tests/fs/lustre/boot.ktest
START ml-strict:lustre_mainline build tests/fs/lustre/boot-strict.ktest
PUT /tmp/ktest-lustre.tar.gz 1s
PUT /tmp/ktest-lustre.tar.gz 1s
PUT /tmp/ktest-kernel.tar.gz 6s
PUT /tmp/ktest-kernel.tar.gz 6s
PUT /tmp/ktest-kernel.tar.gz 6s
PUT /tmp/ktest-kernel.tar.gz 7s
PUT /tmp/ktest-lustre.tar.gz 4s
PUT /tmp/ktest-lustre.tar.gz 3s
PUT /tmp/ktest-lustre.tar.gz 3s
PUT /tmp/ktest-lustre.tar.gz 4s
PUT /tmp/ktest-zfs.tar.gz 0s
PUT /tmp/ktest-zfs.tar.gz 0s
PUT /tmp/ktest-zfs.tar.gz 0s
END checkpatch:checkpatch tool checkpatch FAIL 14s (exit code: 1)
END u24:u24 build tests/fs/lustre/boot.ktest PASS 40s
END al2023:al2023 build tests/fs/lustre/boot.ktest PASS 45s
GET /tmp/ktest_ml-strict:lustre_mainline_p1sap19d.tar 10s
END ml-strict:lustre_mainline build tests/fs/lustre/boot-strict.ktest FAIL 207s (exit code: 1)
GET /tmp/ktest_ml-miscvm:lustre_mainline_native_gwk3jmj0.tar 0s
GET /tmp/ktest_ml:lustre_mainline_m4lc8jwz.tar 0s
END ml-miscvm:lustre_mainline_native build tests/fs/lustre/boot.ktest PASS 221s
START ml-miscvm:boot run tests/fs/lustre/boot.ktest
START ml-miscvm:llmount run tests/fs/lustre/llmount.ktest
START ml-miscvm:llog-unit run tests/fs/lustre/llog-unit.ktest
START ml-miscvm:mgs-setup run tests/fs/lustre/mgs-setup.ktest
START ml-miscvm:sanity-1 run tests/fs/lustre/sanity/sanity-1.ktest
START ml-miscvm:sanity-2 run tests/fs/lustre/sanity/sanity-2.ktest
START ml-miscvm:sanity-3 run tests/fs/lustre/sanity/sanity-3.ktest
START ml-miscvm:sanity-4 run tests/fs/lustre/sanity/sanity-4.ktest
END ml:lustre_mainline build tests/fs/lustre/boot.ktest PASS 222s
PUT /tmp/ktest-kernel.tar.gz 28s
PUT /tmp/ktest-kernel.tar.gz 27s
PUT /tmp/ktest-kernel.tar.gz 28s
PUT /tmp/ktest-kernel.tar.gz 28s
PUT /tmp/ktest-kernel.tar.gz 28s
PUT /tmp/ktest-kernel.tar.gz 28s
PUT /tmp/ktest-kernel.tar.gz 29s
PUT /tmp/ktest-kernel.tar.gz 29s
PUT /tmp/ktest-lustre.tar.gz 11s
PUT /tmp/ktest-lustre.tar.gz 11s
PUT /tmp/ktest-lustre.tar.gz 11s
PUT /tmp/ktest-lustre.tar.gz 11s
PUT /tmp/ktest-lustre.tar.gz 11s
PUT /tmp/ktest-lustre.tar.gz 11s
PUT /tmp/ktest-lustre.tar.gz 12s
PUT /tmp/ktest-lustre.tar.gz 12s
PUT /tmp/ktest_ml-miscvm:lustre_mainline_native_gwk3jmj0.tar 1s
PUT /tmp/ktest_ml-miscvm:lustre_mainline_native_gwk3jmj0.tar 1s
PUT /tmp/ktest_ml-miscvm:lustre_mainline_native_gwk3jmj0.tar 1s
PUT /tmp/ktest_ml-miscvm:lustre_mainline_native_gwk3jmj0.tar 1s
PUT /tmp/ktest_ml-miscvm:lustre_mainline_native_gwk3jmj0.tar 1s
PUT /tmp/ktest_ml-miscvm:lustre_mainline_native_gwk3jmj0.tar 1s
PUT /tmp/ktest_ml-miscvm:lustre_mainline_native_gwk3jmj0.tar 1s
PUT /tmp/ktest_ml-miscvm:lustre_mainline_native_gwk3jmj0.tar 1s
END ml-miscvm:boot run tests/fs/lustre/boot.ktest PASS 53s
END ml-miscvm:mgs-setup run tests/fs/lustre/mgs-setup.ktest PASS 64s
END ml-miscvm:sanity-3 run tests/fs/lustre/sanity/sanity-3.ktest PASS 92s
END ml-miscvm:sanity-1 run tests/fs/lustre/sanity/sanity-1.ktest PASS 94s
END ml-miscvm:sanity-4 run tests/fs/lustre/sanity/sanity-4.ktest PASS 95s
END ml-miscvm:llmount run tests/fs/lustre/llmount.ktest PASS 100s
END ml-miscvm:sanity-2 run tests/fs/lustre/sanity/sanity-2.ktest PASS 105s
END ml-miscvm:llog-unit run tests/fs/lustre/llog-unit.ktest FAIL 140s (exit code: 1)

============================================================
Final Results:
  checkpatch:checkpatch: FAIL (14s) (log: /var/www/ci-lustre/upstream-patch-review/180c4f59f0adfb9ab0dcc413f68fae6ef1da04bc_checkpatch:checkpatch.log)
  u24:u24: PASS (40s) (log: /var/www/ci-lustre/upstream-patch-review/180c4f59f0adfb9ab0dcc413f68fae6ef1da04bc_u24:u24.log)
  al2023:al2023: PASS (45s) (log: /var/www/ci-lustre/upstream-patch-review/180c4f59f0adfb9ab0dcc413f68fae6ef1da04bc_al2023:al2023.log)
  ml-strict:lustre_mainline: FAIL (207s) (log: /var/www/ci-lustre/upstream-patch-review/180c4f59f0adfb9ab0dcc413f68fae6ef1da04bc_ml-strict:lustre_mainline.log)
  ml:lustre_mainline: PASS (222s) (log: /var/www/ci-lustre/upstream-patch-review/180c4f59f0adfb9ab0dcc413f68fae6ef1da04bc_ml:lustre_mainline.log)
  ml-miscvm:lustre_mainline_native: PASS (221s) (log: /var/www/ci-lustre/upstream-patch-review/180c4f59f0adfb9ab0dcc413f68fae6ef1da04bc_ml-miscvm:lustre_mainline_native.log)
  ml-miscvm:boot: PASS (53s) (log: /var/www/ci-lustre/upstream-patch-review/180c4f59f0adfb9ab0dcc413f68fae6ef1da04bc_ml-miscvm:boot.log)
  ml-miscvm:llmount: PASS (100s) (log: /var/www/ci-lustre/upstream-patch-review/180c4f59f0adfb9ab0dcc413f68fae6ef1da04bc_ml-miscvm:llmount.log)
  ml-miscvm:llog-unit: FAIL (140s) (log: /var/www/ci-lustre/upstream-patch-review/180c4f59f0adfb9ab0dcc413f68fae6ef1da04bc_ml-miscvm:llog-unit.log)
  ml-miscvm:mgs-setup: PASS (64s) (log: /var/www/ci-lustre/upstream-patch-review/180c4f59f0adfb9ab0dcc413f68fae6ef1da04bc_ml-miscvm:mgs-setup.log)
  ml-miscvm:sanity-1: PASS (94s) (log: /var/www/ci-lustre/upstream-patch-review/180c4f59f0adfb9ab0dcc413f68fae6ef1da04bc_ml-miscvm:sanity-1.log)
  ml-miscvm:sanity-2: PASS (105s) (log: /var/www/ci-lustre/upstream-patch-review/180c4f59f0adfb9ab0dcc413f68fae6ef1da04bc_ml-miscvm:sanity-2.log)
  ml-miscvm:sanity-3: PASS (92s) (log: /var/www/ci-lustre/upstream-patch-review/180c4f59f0adfb9ab0dcc413f68fae6ef1da04bc_ml-miscvm:sanity-3.log)
  ml-miscvm:sanity-4: PASS (95s) (log: /var/www/ci-lustre/upstream-patch-review/180c4f59f0adfb9ab0dcc413f68fae6ef1da04bc_ml-miscvm:sanity-4.log)

Total execution time: 392s

Packed 5255 logs from /var/www/ci-lustre/upstream-patch-review into /home/ktest/ktest/local-site/local_data.js
Open /home/ktest/ktest/local-site/index.html in a browser
