CLI: ./pk --podman-socket unix:///run/podman/podman.sock --shared-filesystem /tmp --tarball-input job lustre-ci --output /var/www/ci-lustre/upstream-patch-review --git-hash 182ff46357518c7118476bc6bf3ae56719ab0d28 --change-id 66672_182ff46357518c7118476bc6bf3ae56719ab0d28 --subject LU-12668 ec: allow SEEK_DATA/HOLE on parity mirror lseek

Environment validated successfully
Note: custom LLVM is not synced in tarball input mode
Creating kernel tarball at /tmp/ktest-kernel.tar.gz...
Creating lustre tarball at /tmp/ktest-lustre.tar.gz...
Creating ZFS tarball at /tmp/ktest-zfs.tar.gz...
Executing 14 jobs
Jobs will start as soon as their dependencies are satisfied
Using tarball input mode

START checkpatch:checkpatch tool checkpatch
START u24:u24 build tests/fs/lustre/boot.ktest
START ml-miscvm:lustre_mainline_native build tests/fs/lustre/boot.ktest
START al2023:al2023 build tests/fs/lustre/boot.ktest
START ml:lustre_mainline build tests/fs/lustre/boot.ktest
START ml-strict:lustre_mainline build tests/fs/lustre/boot-strict.ktest
PUT /tmp/ktest-lustre.tar.gz 1s
PUT /tmp/ktest-lustre.tar.gz 2s
PUT /tmp/ktest-kernel.tar.gz 7s
PUT /tmp/ktest-kernel.tar.gz 7s
PUT /tmp/ktest-kernel.tar.gz 6s
PUT /tmp/ktest-kernel.tar.gz 7s
PUT /tmp/ktest-lustre.tar.gz 1s
PUT /tmp/ktest-lustre.tar.gz 1s
PUT /tmp/ktest-lustre.tar.gz 1s
PUT /tmp/ktest-lustre.tar.gz 1s
PUT /tmp/ktest-zfs.tar.gz 0s
PUT /tmp/ktest-zfs.tar.gz 0s
PUT /tmp/ktest-zfs.tar.gz 0s
END checkpatch:checkpatch tool checkpatch PASS 11s
END al2023:al2023 build tests/fs/lustre/boot.ktest PASS 54s
END u24:u24 build tests/fs/lustre/boot.ktest PASS 54s
GET /tmp/ktest_ml-strict:lustre_mainline_5eo2fek1.tar 8s
END ml-strict:lustre_mainline build tests/fs/lustre/boot-strict.ktest FAIL 174s (exit code: 1)
GET /tmp/ktest_ml:lustre_mainline_6qwr8k60.tar 0s
GET /tmp/ktest_ml-miscvm:lustre_mainline_native_go82rjbp.tar 0s
END ml:lustre_mainline build tests/fs/lustre/boot.ktest PASS 183s
END ml-miscvm:lustre_mainline_native build tests/fs/lustre/boot.ktest PASS 184s
START ml-miscvm:boot run tests/fs/lustre/boot.ktest
START ml-miscvm:llmount run tests/fs/lustre/llmount.ktest
START ml-miscvm:llog-unit run tests/fs/lustre/llog-unit.ktest
START ml-miscvm:mgs-setup run tests/fs/lustre/mgs-setup.ktest
START ml-miscvm:sanity-1 run tests/fs/lustre/sanity/sanity-1.ktest
START ml-miscvm:sanity-2 run tests/fs/lustre/sanity/sanity-2.ktest
START ml-miscvm:sanity-3 run tests/fs/lustre/sanity/sanity-3.ktest
START ml-miscvm:sanity-4 run tests/fs/lustre/sanity/sanity-4.ktest
PUT /tmp/ktest-kernel.tar.gz 28s
PUT /tmp/ktest-kernel.tar.gz 28s
PUT /tmp/ktest-kernel.tar.gz 28s
PUT /tmp/ktest-kernel.tar.gz 28s
PUT /tmp/ktest-kernel.tar.gz 28s
PUT /tmp/ktest-kernel.tar.gz 28s
PUT /tmp/ktest-kernel.tar.gz 28s
PUT /tmp/ktest-kernel.tar.gz 28s
PUT /tmp/ktest-lustre.tar.gz 8s
PUT /tmp/ktest-lustre.tar.gz 8s
PUT /tmp/ktest-lustre.tar.gz 7s
PUT /tmp/ktest-lustre.tar.gz 7s
PUT /tmp/ktest-lustre.tar.gz 7s
PUT /tmp/ktest-lustre.tar.gz 8s
PUT /tmp/ktest-lustre.tar.gz 8s
PUT /tmp/ktest-lustre.tar.gz 7s
PUT /tmp/ktest_ml-miscvm:lustre_mainline_native_go82rjbp.tar 0s
PUT /tmp/ktest_ml-miscvm:lustre_mainline_native_go82rjbp.tar 1s
PUT /tmp/ktest_ml-miscvm:lustre_mainline_native_go82rjbp.tar 1s
PUT /tmp/ktest_ml-miscvm:lustre_mainline_native_go82rjbp.tar 1s
PUT /tmp/ktest_ml-miscvm:lustre_mainline_native_go82rjbp.tar 1s
PUT /tmp/ktest_ml-miscvm:lustre_mainline_native_go82rjbp.tar 1s
PUT /tmp/ktest_ml-miscvm:lustre_mainline_native_go82rjbp.tar 1s
PUT /tmp/ktest_ml-miscvm:lustre_mainline_native_go82rjbp.tar 1s
END ml-miscvm:boot run tests/fs/lustre/boot.ktest PASS 73s
END ml-miscvm:mgs-setup run tests/fs/lustre/mgs-setup.ktest PASS 84s
END ml-miscvm:sanity-2 run tests/fs/lustre/sanity/sanity-2.ktest PASS 108s
END ml-miscvm:sanity-1 run tests/fs/lustre/sanity/sanity-1.ktest PASS 110s
END ml-miscvm:llmount run tests/fs/lustre/llmount.ktest PASS 122s
END ml-miscvm:sanity-4 run tests/fs/lustre/sanity/sanity-4.ktest PASS 124s
END ml-miscvm:sanity-3 run tests/fs/lustre/sanity/sanity-3.ktest PASS 125s
END ml-miscvm:llog-unit run tests/fs/lustre/llog-unit.ktest FAIL 187s (exit code: 1)

============================================================
Final Results:
  checkpatch:checkpatch: PASS (11s) (log: /var/www/ci-lustre/upstream-patch-review/182ff46357518c7118476bc6bf3ae56719ab0d28_checkpatch:checkpatch.log)
  u24:u24: PASS (54s) (log: /var/www/ci-lustre/upstream-patch-review/182ff46357518c7118476bc6bf3ae56719ab0d28_u24:u24.log)
  al2023:al2023: PASS (54s) (log: /var/www/ci-lustre/upstream-patch-review/182ff46357518c7118476bc6bf3ae56719ab0d28_al2023:al2023.log)
  ml-strict:lustre_mainline: FAIL (174s) (log: /var/www/ci-lustre/upstream-patch-review/182ff46357518c7118476bc6bf3ae56719ab0d28_ml-strict:lustre_mainline.log)
  ml:lustre_mainline: PASS (183s) (log: /var/www/ci-lustre/upstream-patch-review/182ff46357518c7118476bc6bf3ae56719ab0d28_ml:lustre_mainline.log)
  ml-miscvm:lustre_mainline_native: PASS (184s) (log: /var/www/ci-lustre/upstream-patch-review/182ff46357518c7118476bc6bf3ae56719ab0d28_ml-miscvm:lustre_mainline_native.log)
  ml-miscvm:boot: PASS (73s) (log: /var/www/ci-lustre/upstream-patch-review/182ff46357518c7118476bc6bf3ae56719ab0d28_ml-miscvm:boot.log)
  ml-miscvm:llmount: PASS (122s) (log: /var/www/ci-lustre/upstream-patch-review/182ff46357518c7118476bc6bf3ae56719ab0d28_ml-miscvm:llmount.log)
  ml-miscvm:llog-unit: FAIL (187s) (log: /var/www/ci-lustre/upstream-patch-review/182ff46357518c7118476bc6bf3ae56719ab0d28_ml-miscvm:llog-unit.log)
  ml-miscvm:mgs-setup: PASS (84s) (log: /var/www/ci-lustre/upstream-patch-review/182ff46357518c7118476bc6bf3ae56719ab0d28_ml-miscvm:mgs-setup.log)
  ml-miscvm:sanity-1: PASS (110s) (log: /var/www/ci-lustre/upstream-patch-review/182ff46357518c7118476bc6bf3ae56719ab0d28_ml-miscvm:sanity-1.log)
  ml-miscvm:sanity-2: PASS (108s) (log: /var/www/ci-lustre/upstream-patch-review/182ff46357518c7118476bc6bf3ae56719ab0d28_ml-miscvm:sanity-2.log)
  ml-miscvm:sanity-3: PASS (125s) (log: /var/www/ci-lustre/upstream-patch-review/182ff46357518c7118476bc6bf3ae56719ab0d28_ml-miscvm:sanity-3.log)
  ml-miscvm:sanity-4: PASS (124s) (log: /var/www/ci-lustre/upstream-patch-review/182ff46357518c7118476bc6bf3ae56719ab0d28_ml-miscvm:sanity-4.log)

Total execution time: 402s
