CLI: ./pk --podman-socket unix:///run/user/1000/podman/podman.sock --shared-filesystem /tmp --tarball-input job lustre-ci --output /var/www/ci-lustre/upstream-patch-review --git-hash 1a15c9464d561dfab59fa8313ad25c9854831596 --change-id 66081_1a15c9464d561dfab59fa8313ad25c9854831596 --subject LU-20296 gss: also force reconnect if ctx nego timeout

Environment validated successfully
Note: custom LLVM is not synced in tarball input mode
Creating kernel tarball at /tmp/ktest-kernel.tar.gz...
Creating lustre tarball at /tmp/ktest-lustre.tar.gz...
Creating ZFS tarball at /tmp/ktest-zfs.tar.gz...
Executing 14 jobs
Jobs will start as soon as their dependencies are satisfied
Using tarball input mode

START al2023:al2023 build tests/fs/lustre/boot.ktest
START ml-strict:lustre_mainline build tests/fs/lustre/boot-strict.ktest
START ml-miscvm:lustre_mainline_native build tests/fs/lustre/boot.ktest
START ml:lustre_mainline build tests/fs/lustre/boot.ktest
START checkpatch:checkpatch tool checkpatch
START u24:u24 build tests/fs/lustre/boot.ktest
PUT /tmp/ktest-lustre.tar.gz 1s
PUT /tmp/ktest-lustre.tar.gz 1s
PUT /tmp/ktest-kernel.tar.gz 6s
PUT /tmp/ktest-kernel.tar.gz 6s
PUT /tmp/ktest-kernel.tar.gz 7s
PUT /tmp/ktest-kernel.tar.gz 7s
PUT /tmp/ktest-lustre.tar.gz 3s
PUT /tmp/ktest-lustre.tar.gz 2s
PUT /tmp/ktest-lustre.tar.gz 2s
PUT /tmp/ktest-lustre.tar.gz 3s
PUT /tmp/ktest-zfs.tar.gz 0s
PUT /tmp/ktest-zfs.tar.gz 0s
PUT /tmp/ktest-zfs.tar.gz 0s
END checkpatch:checkpatch tool checkpatch FAIL 12s (exit code: 1)
END u24:u24 build tests/fs/lustre/boot.ktest PASS 37s
END al2023:al2023 build tests/fs/lustre/boot.ktest PASS 45s
GET /tmp/ktest_ml-strict:lustre_mainline_fhvue0l3.tar 9s
END ml-strict:lustre_mainline build tests/fs/lustre/boot-strict.ktest FAIL 179s (exit code: 1)
GET /tmp/ktest_ml-miscvm:lustre_mainline_native_5dylly2f.tar 0s
GET /tmp/ktest_ml:lustre_mainline_sww9njr2.tar 0s
END ml-miscvm:lustre_mainline_native build tests/fs/lustre/boot.ktest PASS 215s
START ml-miscvm:boot run tests/fs/lustre/boot.ktest
START ml-miscvm:llmount run tests/fs/lustre/llmount.ktest
START ml-miscvm:llog-unit run tests/fs/lustre/llog-unit.ktest
START ml-miscvm:mgs-setup run tests/fs/lustre/mgs-setup.ktest
START ml-miscvm:sanity-1 run tests/fs/lustre/sanity/sanity-1.ktest
START ml-miscvm:sanity-2 run tests/fs/lustre/sanity/sanity-2.ktest
START ml-miscvm:sanity-3 run tests/fs/lustre/sanity/sanity-3.ktest
START ml-miscvm:sanity-4 run tests/fs/lustre/sanity/sanity-4.ktest
END ml:lustre_mainline build tests/fs/lustre/boot.ktest PASS 216s
PUT /tmp/ktest-kernel.tar.gz 32s
PUT /tmp/ktest-kernel.tar.gz 32s
PUT /tmp/ktest-kernel.tar.gz 32s
PUT /tmp/ktest-kernel.tar.gz 32s
PUT /tmp/ktest-kernel.tar.gz 32s
PUT /tmp/ktest-kernel.tar.gz 32s
PUT /tmp/ktest-kernel.tar.gz 32s
PUT /tmp/ktest-kernel.tar.gz 33s
PUT /tmp/ktest-lustre.tar.gz 11s
PUT /tmp/ktest-lustre.tar.gz 11s
PUT /tmp/ktest-lustre.tar.gz 11s
PUT /tmp/ktest-lustre.tar.gz 12s
PUT /tmp/ktest-lustre.tar.gz 12s
PUT /tmp/ktest-lustre.tar.gz 11s
PUT /tmp/ktest-lustre.tar.gz 11s
PUT /tmp/ktest-lustre.tar.gz 12s
PUT /tmp/ktest_ml-miscvm:lustre_mainline_native_5dylly2f.tar 2s
PUT /tmp/ktest_ml-miscvm:lustre_mainline_native_5dylly2f.tar 2s
PUT /tmp/ktest_ml-miscvm:lustre_mainline_native_5dylly2f.tar 2s
PUT /tmp/ktest_ml-miscvm:lustre_mainline_native_5dylly2f.tar 2s
PUT /tmp/ktest_ml-miscvm:lustre_mainline_native_5dylly2f.tar 2s
PUT /tmp/ktest_ml-miscvm:lustre_mainline_native_5dylly2f.tar 2s
PUT /tmp/ktest_ml-miscvm:lustre_mainline_native_5dylly2f.tar 2s
PUT /tmp/ktest_ml-miscvm:lustre_mainline_native_5dylly2f.tar 2s
END ml-miscvm:boot run tests/fs/lustre/boot.ktest PASS 62s
END ml-miscvm:mgs-setup run tests/fs/lustre/mgs-setup.ktest PASS 71s
END ml-miscvm:sanity-4 run tests/fs/lustre/sanity/sanity-4.ktest PASS 100s
END ml-miscvm:sanity-1 run tests/fs/lustre/sanity/sanity-1.ktest PASS 103s
END ml-miscvm:sanity-2 run tests/fs/lustre/sanity/sanity-2.ktest PASS 104s
END ml-miscvm:llmount run tests/fs/lustre/llmount.ktest PASS 110s
END ml-miscvm:sanity-3 run tests/fs/lustre/sanity/sanity-3.ktest PASS 112s
END ml-miscvm:llog-unit run tests/fs/lustre/llog-unit.ktest FAIL 148s (exit code: 1)

============================================================
Final Results:
  checkpatch:checkpatch: FAIL (12s) (log: /var/www/ci-lustre/upstream-patch-review/1a15c9464d561dfab59fa8313ad25c9854831596_checkpatch:checkpatch.log)
  u24:u24: PASS (37s) (log: /var/www/ci-lustre/upstream-patch-review/1a15c9464d561dfab59fa8313ad25c9854831596_u24:u24.log)
  al2023:al2023: PASS (45s) (log: /var/www/ci-lustre/upstream-patch-review/1a15c9464d561dfab59fa8313ad25c9854831596_al2023:al2023.log)
  ml-strict:lustre_mainline: FAIL (179s) (log: /var/www/ci-lustre/upstream-patch-review/1a15c9464d561dfab59fa8313ad25c9854831596_ml-strict:lustre_mainline.log)
  ml:lustre_mainline: PASS (216s) (log: /var/www/ci-lustre/upstream-patch-review/1a15c9464d561dfab59fa8313ad25c9854831596_ml:lustre_mainline.log)
  ml-miscvm:lustre_mainline_native: PASS (215s) (log: /var/www/ci-lustre/upstream-patch-review/1a15c9464d561dfab59fa8313ad25c9854831596_ml-miscvm:lustre_mainline_native.log)
  ml-miscvm:boot: PASS (62s) (log: /var/www/ci-lustre/upstream-patch-review/1a15c9464d561dfab59fa8313ad25c9854831596_ml-miscvm:boot.log)
  ml-miscvm:llmount: PASS (110s) (log: /var/www/ci-lustre/upstream-patch-review/1a15c9464d561dfab59fa8313ad25c9854831596_ml-miscvm:llmount.log)
  ml-miscvm:llog-unit: FAIL (148s) (log: /var/www/ci-lustre/upstream-patch-review/1a15c9464d561dfab59fa8313ad25c9854831596_ml-miscvm:llog-unit.log)
  ml-miscvm:mgs-setup: PASS (71s) (log: /var/www/ci-lustre/upstream-patch-review/1a15c9464d561dfab59fa8313ad25c9854831596_ml-miscvm:mgs-setup.log)
  ml-miscvm:sanity-1: PASS (103s) (log: /var/www/ci-lustre/upstream-patch-review/1a15c9464d561dfab59fa8313ad25c9854831596_ml-miscvm:sanity-1.log)
  ml-miscvm:sanity-2: PASS (104s) (log: /var/www/ci-lustre/upstream-patch-review/1a15c9464d561dfab59fa8313ad25c9854831596_ml-miscvm:sanity-2.log)
  ml-miscvm:sanity-3: PASS (112s) (log: /var/www/ci-lustre/upstream-patch-review/1a15c9464d561dfab59fa8313ad25c9854831596_ml-miscvm:sanity-3.log)
  ml-miscvm:sanity-4: PASS (100s) (log: /var/www/ci-lustre/upstream-patch-review/1a15c9464d561dfab59fa8313ad25c9854831596_ml-miscvm:sanity-4.log)

Total execution time: 393s

Packed 2425 logs from /var/www/ci-lustre/upstream-patch-review into /home/ktest/ktest/local-site/local_data.js
Open /home/ktest/ktest/local-site/index.html in a browser
