CLI: ./pk --podman-socket unix:///run/podman/podman.sock --shared-filesystem /tmp --tarball-input job lustre-ci --output /var/www/ci-lustre/upstream-patch-review --git-hash 1a81246357a791937abb14de87f13a872898988b --change-id 67518_1a81246357a791937abb14de87f13a872898988b --subject LU-18687 build: normalize C flags in kernel Makefiles

Environment validated successfully
Note: custom LLVM is not synced in tarball input mode
Creating kernel tarball at /tmp/ktest-kernel.tar.gz...
Creating lustre tarball at /tmp/ktest-lustre.tar.gz...
Creating ZFS tarball at /tmp/ktest-zfs.tar.gz...
Executing 14 jobs
Jobs will start as soon as their dependencies are satisfied
Using tarball input mode

START checkpatch:checkpatch tool checkpatch
START ml:lustre_mainline build tests/fs/lustre/boot.ktest
START ml-strict:lustre_mainline build tests/fs/lustre/boot-strict.ktest
START ml-miscvm:lustre_mainline_native build tests/fs/lustre/boot.ktest
START al2023:al2023 build tests/fs/lustre/boot.ktest
START u24:u24 build tests/fs/lustre/boot.ktest
PUT /tmp/ktest-lustre.tar.gz 1s
PUT /tmp/ktest-lustre.tar.gz 2s
PUT /tmp/ktest-kernel.tar.gz 9s
PUT /tmp/ktest-kernel.tar.gz 9s
PUT /tmp/ktest-kernel.tar.gz 9s
PUT /tmp/ktest-kernel.tar.gz 9s
PUT /tmp/ktest-lustre.tar.gz 3s
PUT /tmp/ktest-lustre.tar.gz 3s
PUT /tmp/ktest-lustre.tar.gz 4s
PUT /tmp/ktest-lustre.tar.gz 4s
PUT /tmp/ktest-zfs.tar.gz 0s
PUT /tmp/ktest-zfs.tar.gz 0s
PUT /tmp/ktest-zfs.tar.gz 0s
END checkpatch:checkpatch tool checkpatch PASS 16s
END u24:u24 build tests/fs/lustre/boot.ktest FAIL 34s (exit code: 2)
END al2023:al2023 build tests/fs/lustre/boot.ktest FAIL 39s (exit code: 2)
GET /tmp/ktest_ml-strict:lustre_mainline_w9bdruhw.tar 2s
END ml-strict:lustre_mainline build tests/fs/lustre/boot-strict.ktest FAIL 156s (exit code: 1)
GET /tmp/ktest_ml:lustre_mainline_i0it3n03.tar 4s
GET /tmp/ktest_ml-miscvm:lustre_mainline_native_4hodm8yb.tar 4s
END ml:lustre_mainline build tests/fs/lustre/boot.ktest FAIL 162s (exit code: 1)
END ml-miscvm:lustre_mainline_native build tests/fs/lustre/boot.ktest FAIL 163s (exit code: 1)

============================================================
Final Results:
  checkpatch:checkpatch: PASS (16s) (log: /var/www/ci-lustre/upstream-patch-review/1a81246357a791937abb14de87f13a872898988b_checkpatch:checkpatch.log)
  u24:u24: FAIL (34s) (log: /var/www/ci-lustre/upstream-patch-review/1a81246357a791937abb14de87f13a872898988b_u24:u24.log)
  al2023:al2023: FAIL (39s) (log: /var/www/ci-lustre/upstream-patch-review/1a81246357a791937abb14de87f13a872898988b_al2023:al2023.log)
  ml-strict:lustre_mainline: FAIL (156s) (log: /var/www/ci-lustre/upstream-patch-review/1a81246357a791937abb14de87f13a872898988b_ml-strict:lustre_mainline.log)
  ml:lustre_mainline: FAIL (162s) (log: /var/www/ci-lustre/upstream-patch-review/1a81246357a791937abb14de87f13a872898988b_ml:lustre_mainline.log)
  ml-miscvm:lustre_mainline_native: FAIL (163s) (log: /var/www/ci-lustre/upstream-patch-review/1a81246357a791937abb14de87f13a872898988b_ml-miscvm:lustre_mainline_native.log)
  ml-miscvm:boot: SKIPPED (due to dependency failure)
  ml-miscvm:llmount: SKIPPED (due to dependency failure)
  ml-miscvm:llog-unit: SKIPPED (due to dependency failure)
  ml-miscvm:mgs-setup: SKIPPED (due to dependency failure)
  ml-miscvm:sanity-1: SKIPPED (due to dependency failure)
  ml-miscvm:sanity-2: SKIPPED (due to dependency failure)
  ml-miscvm:sanity-3: SKIPPED (due to dependency failure)
  ml-miscvm:sanity-4: SKIPPED (due to dependency failure)

Total execution time: 195s

Packed 8683 logs from /var/www/ci-lustre/upstream-patch-review into /home/ktest/ktest/local-site/local_data.js
Open /home/ktest/ktest/local-site/index.html in a browser
