WARNING:LONG_LINE_STRING: line length of 132 exceeds 100 columns
#612: FILE: lustre/lov/lov_io.c:283:
+		CERROR("%s:"DFID": cannot find known valid non-stale mirror, could be new server picked a mirror which this client "

WARNING:LONG_LINE_STRING: line length of 129 exceeds 100 columns
#714: FILE: lustre/lov/lov_io.c:509:
+			CERROR("%s:"DFID": no data component matching parity extent "DEXT" (parity mirror %u, data mirror %u)\n",

WARNING:LONG_LINE_STRING: line length of 108 exceeds 100 columns
#915: FILE: lustre/lov/lov_io.c:1473:
+				CDEBUG(D_INFO, DFID": stripe %u in comp %d is unavailable (%d): rc = %ld\n",

WARNING:LONG_LINE_STRING: line length of 107 exceeds 100 columns
#925: FILE: lustre/lov/lov_io.c:1483:
+				CDEBUG(D_INFO, DFID": stripe %u in comp %d is unavailable (%d): rc = %d\n",

WARNING:LONG_LINE_STRING: line length of 101 exceeds 100 columns
#960: FILE: lustre/lov/lov_io.c:1518:
+		CWARN("%s: "DFID": failed to find valid parity mirror for data mirror %d: rc = %d\n",

WARNING:LONG_LINE_STRING: line length of 107 exceeds 100 columns
#993: FILE: lustre/lov/lov_io.c:1551:
+			CWARN("%s: "DFID": too few parity (%d) components to recover data (%d): rc = %d\n",

WARNING:LONG_LINE_STRING: line length of 121 exceeds 100 columns
#1755: FILE: lustre/lov/lov_io.c:2394:
+		CWARN("%s: "DFID": failed to find valid data component covering file offset %llu, mirror: %d: rc = %d\n",

WARNING:LONG_LINE_STRING: line length of 101 exceeds 100 columns
#1763: FILE: lustre/lov/lov_io.c:2402:
+		CWARN("%s: "DFID": failed to find valid parity mirror for data mirror %d: rc = %d\n",

WARNING:LONG_LINE_STRING: line length of 131 exceeds 100 columns
#1848: FILE: lustre/lov/lov_io.c:2487:
+			CWARN("%s: "DFID": failed to find valid parity component covering file offset %llu, mirror: %d: rc = %d\n",

WARNING:LONG_LINE_STRING: line length of 135 exceeds 100 columns
#1896: FILE: lustre/lov/lov_io.c:2535:
+		CWARN("%s: "DFID": read cannot recovery because unavaible stripe number %d exceeds parity stripe number %d: rc = %d\n",

WARNING:LONG_LINE_STRING: line length of 127 exceeds 100 columns
#1903: FILE: lustre/lov/lov_io.c:2542:
+	CDEBUG(D_INODE, DFID": ec read comp %d err_nr %d (dcount %d pcount %d) from %llu to %llu, RGs %lu pgs_per_stripe %d\n",

WARNING:LONG_LINE_STRING: line length of 124 exceeds 100 columns
#2020: FILE: lustre/lov/lov_io.c:2659:
+			CWARN("%s: "DFID": too many unrecoverable stripes in raid set %d: err_nr %d > pcount %d: rc = %d\n",

WARNING:LONG_LINE_STRING: line length of 101 exceeds 100 columns
#2532: FILE: lustre/lov/lov_lock.c:289:
+			CDEBUG(D_INFO, DFID" to enqueue lock "DDESCR" for ec read on sub_index %x\n",

total: 0 errors, 13 warnings, 2928 lines checked

NOTE: For some of the reported defects, checkpatch may be able to
      mechanically convert to the typical style using --fix or --fix-inplace.

Your patch has style problems, please review.

NOTE: If any of the errors are false positives, please report
      them to the maintainer, see CHECKPATCH in MAINTAINERS.
