WARNING:SPLIT_STRING: quoted string split across lines
#213: FILE: lnet/lnet/lib-disc-view.c:59:
+		 "Externally supplied discovery visibility policies, "
+		 "comma-separated: servicenode,nodemap_nidrange (or none)");

WARNING:MEMORY_BARRIER: memory barrier without comment
#231: FILE: lnet/lnet/lib-disc-view.c:75:
+	unsigned long active = smp_load_acquire(&lnet_external_disc_active);

WARNING:MEMORY_BARRIER: memory barrier without comment
#262: FILE: lnet/lnet/lib-disc-view.c:117:
+		smp_store_release(&lnet_external_disc_active, state);

WARNING:LONG_LINE_STRING: line length of 181 exceeds 100 columns
#486: FILE: lnet/lnet/lib-disc-view.c:1403:
+		CERROR("nodemap nidrange discovery: %d NI(s) exceed lnet_interfaces_max=%d and get no discovery view; they are unreachable by discovery until the limit is raised\n",

WARNING:UNSPECIFIED_INT: Prefer 'unsigned int' to bare use of 'unsigned'
#2629: FILE: lustre/ptlrpc/wiretest.c:6771:
+		 (unsigned)NM_FL2_DISC_VISIBILITY);

WARNING:UNSPECIFIED_INT: Prefer 'unsigned int' to bare use of 'unsigned'
#2638: FILE: lustre/ptlrpc/wiretest.c:7450:
+		 (unsigned)LCFG_NODEMAP_DISC_VISIBILITY);

WARNING:LONG_LINE: line length of 113 exceeds 100 columns
#2893: FILE: lustre/tests/conf-sanity.sh:6448:
+	stack_trap 'do_facet mgs "$LCTL nodemap_del nr57n_b" >/dev/null 2>&1 || true; nidrange_test_cleanup' EXIT

WARNING:LONG_LINE_STRING: line length of 101 exceeds 100 columns
#2941: FILE: lustre/tests/conf-sanity.sh:6496:
+	error "view from $source through $seed did not converge: present='$present' absent='$absent'"

WARNING:LONG_LINE: line length of 102 exceeds 100 columns
#3271: FILE: lustre/tests/conf-sanity.sh:6826:
+	stack_trap "do_node '$mgshost' '$LNETCTL net del --net $mgs_net' >/dev/null 2>&1 || true" EXIT

WARNING:SPLIT_STRING: quoted string split across lines
#3399: FILE: lustre/utils/lctl.c:669:
+	 "valid properties: admin trusted map_mode squash_uid squash_gid "
+	 "squash_projid deny_unknown audit_mode forbid_encryption "

WARNING:SPLIT_STRING: quoted string split across lines
#3400: FILE: lustre/utils/lctl.c:670:
+	 "squash_projid deny_unknown audit_mode forbid_encryption "
+	 "readonly_mount rbac deny_mount child_raise_privileges "

WARNING:SPLIT_STRING: quoted string split across lines
#3401: FILE: lustre/utils/lctl.c:671:
+	 "readonly_mount rbac deny_mount child_raise_privileges "
+	 "gssonly_identification discovery_visibility"},

WARNING:UNSPECIFIED_INT: Prefer 'unsigned int' to bare use of 'unsigned'
#3447: FILE: lustre/utils/wiretest.c:6790:
+		 (unsigned)NM_FL2_DISC_VISIBILITY);

WARNING:UNSPECIFIED_INT: Prefer 'unsigned int' to bare use of 'unsigned'
#3456: FILE: lustre/utils/wiretest.c:7469:
+		 (unsigned)LCFG_NODEMAP_DISC_VISIBILITY);

total: 0 errors, 14 warnings, 3224 lines checked

NOTE: For some of the reported defects, checkpatch may be able to
      mechanically convert to the typical style using --fix or --fix-inplace.

Your patch has style problems, please review.

NOTE: If any of the errors are false positives, please report
      them to the maintainer, see CHECKPATCH in MAINTAINERS.
