CLI: ./pk --podman-socket unix:///run/user/1000/podman/podman.sock --shared-filesystem /tmp --tarball-input job lustre-ci --output /var/www/ci-lustre/upstream-patch-review --git-hash 1dc571599e94358dff3e88076f8ea6525af43052 --change-id 69447_1dc571599e94358dff3e88076f8ea6525af43052 --subject LU-20808 mdt: read the xattrs an IT_MDT_TO_MDT_READ names

Environment validated successfully
Note: custom LLVM is not synced in tarball input mode
Creating kernel tarball at /tmp/ktest-kernel.tar.gz...
Creating lustre tarball at /tmp/ktest-lustre.tar.gz...
Creating ZFS tarball at /tmp/ktest-zfs.tar.gz...
Executing 14 jobs
Jobs will start as soon as their dependencies are satisfied
Using tarball input mode

START ml:lustre_mainline build tests/fs/lustre/boot.ktest
START al2023:al2023 build tests/fs/lustre/boot.ktest
START ml-miscvm:lustre_mainline_native build tests/fs/lustre/boot.ktest
START u24:u24 build tests/fs/lustre/boot.ktest
START checkpatch:checkpatch tool checkpatch
START ml-strict:lustre_mainline build tests/fs/lustre/boot-strict.ktest
PUT /tmp/ktest-lustre.tar.gz 1s
PUT /tmp/ktest-lustre.tar.gz 1s
PUT /tmp/ktest-kernel.tar.gz 7s
PUT /tmp/ktest-kernel.tar.gz 7s
PUT /tmp/ktest-kernel.tar.gz 7s
PUT /tmp/ktest-kernel.tar.gz 7s
PUT /tmp/ktest-lustre.tar.gz 1s
PUT /tmp/ktest-lustre.tar.gz 1s
PUT /tmp/ktest-lustre.tar.gz 1s
PUT /tmp/ktest-lustre.tar.gz 1s
PUT /tmp/ktest-zfs.tar.gz 0s
PUT /tmp/ktest-zfs.tar.gz 0s
PUT /tmp/ktest-zfs.tar.gz 0s
END checkpatch:checkpatch tool checkpatch PASS 10s
END u24:u24 build tests/fs/lustre/boot.ktest PASS 34s
END al2023:al2023 build tests/fs/lustre/boot.ktest PASS 45s
GET /tmp/ktest_ml-strict:lustre_mainline_0r6kqd70.tar 3s
END ml-strict:lustre_mainline build tests/fs/lustre/boot-strict.ktest FAIL 199s (exit code: 1)
GET /tmp/ktest_ml:lustre_mainline_c5e5oola.tar 0s
GET /tmp/ktest_ml-miscvm:lustre_mainline_native_q_0zi5po.tar 0s
END ml:lustre_mainline build tests/fs/lustre/boot.ktest PASS 205s
END ml-miscvm:lustre_mainline_native build tests/fs/lustre/boot.ktest PASS 206s
START ml-miscvm:boot run tests/fs/lustre/boot.ktest
START ml-miscvm:llmount run tests/fs/lustre/llmount.ktest
START ml-miscvm:llog-unit run tests/fs/lustre/llog-unit.ktest
START ml-miscvm:mgs-setup run tests/fs/lustre/mgs-setup.ktest
START ml-miscvm:sanity-1 run tests/fs/lustre/sanity/sanity-1.ktest
START ml-miscvm:sanity-2 run tests/fs/lustre/sanity/sanity-2.ktest
START ml-miscvm:sanity-3 run tests/fs/lustre/sanity/sanity-3.ktest
START ml-miscvm:sanity-4 run tests/fs/lustre/sanity/sanity-4.ktest
PUT /tmp/ktest-kernel.tar.gz 23s
PUT /tmp/ktest-kernel.tar.gz 23s
PUT /tmp/ktest-kernel.tar.gz 23s
PUT /tmp/ktest-kernel.tar.gz 23s
PUT /tmp/ktest-kernel.tar.gz 24s
PUT /tmp/ktest-kernel.tar.gz 23s
PUT /tmp/ktest-kernel.tar.gz 23s
PUT /tmp/ktest-kernel.tar.gz 24s
PUT /tmp/ktest-lustre.tar.gz 5s
PUT /tmp/ktest-lustre.tar.gz 4s
PUT /tmp/ktest-lustre.tar.gz 5s
PUT /tmp/ktest-lustre.tar.gz 5s
PUT /tmp/ktest-lustre.tar.gz 5s
PUT /tmp/ktest-lustre.tar.gz 5s
PUT /tmp/ktest-lustre.tar.gz 5s
PUT /tmp/ktest-lustre.tar.gz 5s
PUT /tmp/ktest_ml-miscvm:lustre_mainline_native_q_0zi5po.tar 1s
PUT /tmp/ktest_ml-miscvm:lustre_mainline_native_q_0zi5po.tar 1s
PUT /tmp/ktest_ml-miscvm:lustre_mainline_native_q_0zi5po.tar 1s
PUT /tmp/ktest_ml-miscvm:lustre_mainline_native_q_0zi5po.tar 1s
PUT /tmp/ktest_ml-miscvm:lustre_mainline_native_q_0zi5po.tar 1s
PUT /tmp/ktest_ml-miscvm:lustre_mainline_native_q_0zi5po.tar 1s
PUT /tmp/ktest_ml-miscvm:lustre_mainline_native_q_0zi5po.tar 1s
PUT /tmp/ktest_ml-miscvm:lustre_mainline_native_q_0zi5po.tar 1s
END ml-miscvm:boot run tests/fs/lustre/boot.ktest PASS 42s
END ml-miscvm:mgs-setup run tests/fs/lustre/mgs-setup.ktest PASS 52s
END ml-miscvm:sanity-1 run tests/fs/lustre/sanity/sanity-1.ktest PASS 84s
END ml-miscvm:sanity-3 run tests/fs/lustre/sanity/sanity-3.ktest PASS 85s
END ml-miscvm:sanity-2 run tests/fs/lustre/sanity/sanity-2.ktest PASS 87s
END ml-miscvm:llmount run tests/fs/lustre/llmount.ktest PASS 89s
END ml-miscvm:sanity-4 run tests/fs/lustre/sanity/sanity-4.ktest PASS 94s
END ml-miscvm:llog-unit run tests/fs/lustre/llog-unit.ktest FAIL 129s (exit code: 1)

============================================================
Final Results:
  checkpatch:checkpatch: PASS (10s) (log: /var/www/ci-lustre/upstream-patch-review/1dc571599e94358dff3e88076f8ea6525af43052_checkpatch:checkpatch.log)
  u24:u24: PASS (34s) (log: /var/www/ci-lustre/upstream-patch-review/1dc571599e94358dff3e88076f8ea6525af43052_u24:u24.log)
  al2023:al2023: PASS (45s) (log: /var/www/ci-lustre/upstream-patch-review/1dc571599e94358dff3e88076f8ea6525af43052_al2023:al2023.log)
  ml-strict:lustre_mainline: FAIL (199s) (log: /var/www/ci-lustre/upstream-patch-review/1dc571599e94358dff3e88076f8ea6525af43052_ml-strict:lustre_mainline.log)
  ml:lustre_mainline: PASS (205s) (log: /var/www/ci-lustre/upstream-patch-review/1dc571599e94358dff3e88076f8ea6525af43052_ml:lustre_mainline.log)
  ml-miscvm:lustre_mainline_native: PASS (206s) (log: /var/www/ci-lustre/upstream-patch-review/1dc571599e94358dff3e88076f8ea6525af43052_ml-miscvm:lustre_mainline_native.log)
  ml-miscvm:boot: PASS (42s) (log: /var/www/ci-lustre/upstream-patch-review/1dc571599e94358dff3e88076f8ea6525af43052_ml-miscvm:boot.log)
  ml-miscvm:llmount: PASS (89s) (log: /var/www/ci-lustre/upstream-patch-review/1dc571599e94358dff3e88076f8ea6525af43052_ml-miscvm:llmount.log)
  ml-miscvm:llog-unit: FAIL (129s) (log: /var/www/ci-lustre/upstream-patch-review/1dc571599e94358dff3e88076f8ea6525af43052_ml-miscvm:llog-unit.log)
  ml-miscvm:mgs-setup: PASS (52s) (log: /var/www/ci-lustre/upstream-patch-review/1dc571599e94358dff3e88076f8ea6525af43052_ml-miscvm:mgs-setup.log)
  ml-miscvm:sanity-1: PASS (84s) (log: /var/www/ci-lustre/upstream-patch-review/1dc571599e94358dff3e88076f8ea6525af43052_ml-miscvm:sanity-1.log)
  ml-miscvm:sanity-2: PASS (87s) (log: /var/www/ci-lustre/upstream-patch-review/1dc571599e94358dff3e88076f8ea6525af43052_ml-miscvm:sanity-2.log)
  ml-miscvm:sanity-3: PASS (85s) (log: /var/www/ci-lustre/upstream-patch-review/1dc571599e94358dff3e88076f8ea6525af43052_ml-miscvm:sanity-3.log)
  ml-miscvm:sanity-4: PASS (94s) (log: /var/www/ci-lustre/upstream-patch-review/1dc571599e94358dff3e88076f8ea6525af43052_ml-miscvm:sanity-4.log)

Total execution time: 365s

Packed 415 logs from /var/www/ci-lustre/upstream-patch-review into /home/ktest/ktest/local-site/local_data.js
Open /home/ktest/ktest/local-site/index.html in a browser
