WARNING:LONG_LINE_STRING: line length of 127 exceeds 100 columns
#606: FILE: lustre/lov/lov_io.c:282:
+		CERROR(DFID": cannot find known valid non-stale mirror, could be new server picked a mirror which this client "

WARNING:LONG_LINE_STRING: line length of 124 exceeds 100 columns
#694: FILE: lustre/lov/lov_io.c:503:
+			CERROR(DFID": no data component matching parity extent "DEXT" (parity mirror %u, data mirror %u)\n",

WARNING:LONG_LINE_STRING: line length of 108 exceeds 100 columns
#909: FILE: lustre/lov/lov_io.c:1483:
+				CDEBUG(D_INFO, DFID": stripe %u in comp %d is unavailable (%d): rc = %ld\n",

WARNING:LONG_LINE_STRING: line length of 107 exceeds 100 columns
#919: FILE: lustre/lov/lov_io.c:1493:
+				CDEBUG(D_INFO, DFID": stripe %u in comp %d is unavailable (%d): rc = %d\n",

WARNING:LONG_LINE_STRING: line length of 101 exceeds 100 columns
#954: FILE: lustre/lov/lov_io.c:1528:
+		CWARN("%s: "DFID": failed to find valid parity mirror for data mirror %d: rc = %d\n",

WARNING:LONG_LINE_STRING: line length of 107 exceeds 100 columns
#987: FILE: lustre/lov/lov_io.c:1561:
+			CWARN("%s: "DFID": too few parity (%d) components to recover data (%d): rc = %d\n",

WARNING:LONG_LINE_STRING: line length of 121 exceeds 100 columns
#1756: FILE: lustre/lov/lov_io.c:2411:
+		CWARN("%s: "DFID": failed to find valid data component covering file offset %llu, mirror: %d: rc = %d\n",

WARNING:LONG_LINE_STRING: line length of 101 exceeds 100 columns
#1764: FILE: lustre/lov/lov_io.c:2419:
+		CWARN("%s: "DFID": failed to find valid parity mirror for data mirror %d: rc = %d\n",

WARNING:LONG_LINE_STRING: line length of 131 exceeds 100 columns
#1849: FILE: lustre/lov/lov_io.c:2504:
+			CWARN("%s: "DFID": failed to find valid parity component covering file offset %llu, mirror: %d: rc = %d\n",

WARNING:LONG_LINE_STRING: line length of 135 exceeds 100 columns
#1897: FILE: lustre/lov/lov_io.c:2552:
+		CWARN("%s: "DFID": read cannot recovery because unavaible stripe number %d exceeds parity stripe number %d: rc = %d\n",

WARNING:LONG_LINE_STRING: line length of 127 exceeds 100 columns
#1904: FILE: lustre/lov/lov_io.c:2559:
+	CDEBUG(D_INODE, DFID": ec read comp %d err_nr %d (dcount %d pcount %d) from %llu to %llu, RGs %lu pgs_per_stripe %d\n",

WARNING:LONG_LINE_STRING: line length of 124 exceeds 100 columns
#2021: FILE: lustre/lov/lov_io.c:2676:
+			CWARN("%s: "DFID": too many unrecoverable stripes in raid set %d: err_nr %d > pcount %d: rc = %d\n",

WARNING:LONG_LINE_STRING: line length of 101 exceeds 100 columns
#2509: FILE: lustre/lov/lov_lock.c:282:
+			CDEBUG(D_INFO, DFID" to enqueue lock "DDESCR" for ec read on sub_index %x\n",

total: 0 errors, 13 warnings, 2881 lines checked

NOTE: For some of the reported defects, checkpatch may be able to
      mechanically convert to the typical style using --fix or --fix-inplace.

Your patch has style problems, please review.

NOTE: If any of the errors are false positives, please report
      them to the maintainer, see CHECKPATCH in MAINTAINERS.
