CLI: ./pk --podman-socket unix:///run/podman/podman.sock --shared-filesystem /tmp --tarball-input job lustre-ci --output /var/www/ci-lustre/upstream-patch-review --git-hash 1f410a295fdd762e02afc4eade1b0549cd8cf15b --change-id 67604_1f410a295fdd762e02afc4eade1b0549cd8cf15b --subject LU-19722 llite: send NO_APPEND flag from client

Environment validated successfully
Note: custom LLVM is not synced in tarball input mode
Creating kernel tarball at /tmp/ktest-kernel.tar.gz...
Creating lustre tarball at /tmp/ktest-lustre.tar.gz...
Creating ZFS tarball at /tmp/ktest-zfs.tar.gz...
Executing 14 jobs
Jobs will start as soon as their dependencies are satisfied
Using tarball input mode

START al2023:al2023 build tests/fs/lustre/boot.ktest
START checkpatch:checkpatch tool checkpatch
START u24:u24 build tests/fs/lustre/boot.ktest
START ml-miscvm:lustre_mainline_native build tests/fs/lustre/boot.ktest
START ml:lustre_mainline build tests/fs/lustre/boot.ktest
START ml-strict:lustre_mainline build tests/fs/lustre/boot-strict.ktest
PUT /tmp/ktest-lustre.tar.gz 1s
PUT /tmp/ktest-lustre.tar.gz 1s
PUT /tmp/ktest-kernel.tar.gz 7s
PUT /tmp/ktest-kernel.tar.gz 7s
PUT /tmp/ktest-kernel.tar.gz 7s
PUT /tmp/ktest-kernel.tar.gz 7s
PUT /tmp/ktest-lustre.tar.gz 2s
PUT /tmp/ktest-lustre.tar.gz 2s
PUT /tmp/ktest-lustre.tar.gz 2s
PUT /tmp/ktest-lustre.tar.gz 2s
PUT /tmp/ktest-zfs.tar.gz 0s
PUT /tmp/ktest-zfs.tar.gz 0s
PUT /tmp/ktest-zfs.tar.gz 0s
END checkpatch:checkpatch tool checkpatch PASS 12s
END u24:u24 build tests/fs/lustre/boot.ktest PASS 41s
END al2023:al2023 build tests/fs/lustre/boot.ktest PASS 45s
GET /tmp/ktest_ml-strict:lustre_mainline_vcd5x2m8.tar 9s
END ml-strict:lustre_mainline build tests/fs/lustre/boot-strict.ktest FAIL 197s (exit code: 1)
GET /tmp/ktest_ml-miscvm:lustre_mainline_native_ka07a8hk.tar 0s
GET /tmp/ktest_ml:lustre_mainline_f5lmn12j.tar 0s
END ml-miscvm:lustre_mainline_native build tests/fs/lustre/boot.ktest PASS 203s
START ml-miscvm:boot run tests/fs/lustre/boot.ktest
START ml-miscvm:llmount run tests/fs/lustre/llmount.ktest
START ml-miscvm:llog-unit run tests/fs/lustre/llog-unit.ktest
START ml-miscvm:mgs-setup run tests/fs/lustre/mgs-setup.ktest
START ml-miscvm:sanity-1 run tests/fs/lustre/sanity/sanity-1.ktest
START ml-miscvm:sanity-2 run tests/fs/lustre/sanity/sanity-2.ktest
START ml-miscvm:sanity-3 run tests/fs/lustre/sanity/sanity-3.ktest
START ml-miscvm:sanity-4 run tests/fs/lustre/sanity/sanity-4.ktest
END ml:lustre_mainline build tests/fs/lustre/boot.ktest PASS 205s
PUT /tmp/ktest-kernel.tar.gz 30s
PUT /tmp/ktest-kernel.tar.gz 30s
PUT /tmp/ktest-kernel.tar.gz 30s
PUT /tmp/ktest-kernel.tar.gz 30s
PUT /tmp/ktest-kernel.tar.gz 30s
PUT /tmp/ktest-kernel.tar.gz 30s
PUT /tmp/ktest-kernel.tar.gz 31s
PUT /tmp/ktest-kernel.tar.gz 30s
PUT /tmp/ktest-lustre.tar.gz 11s
PUT /tmp/ktest-lustre.tar.gz 10s
PUT /tmp/ktest-lustre.tar.gz 10s
PUT /tmp/ktest-lustre.tar.gz 11s
PUT /tmp/ktest-lustre.tar.gz 11s
PUT /tmp/ktest-lustre.tar.gz 11s
PUT /tmp/ktest-lustre.tar.gz 11s
PUT /tmp/ktest-lustre.tar.gz 11s
PUT /tmp/ktest_ml-miscvm:lustre_mainline_native_ka07a8hk.tar 1s
PUT /tmp/ktest_ml-miscvm:lustre_mainline_native_ka07a8hk.tar 1s
PUT /tmp/ktest_ml-miscvm:lustre_mainline_native_ka07a8hk.tar 1s
PUT /tmp/ktest_ml-miscvm:lustre_mainline_native_ka07a8hk.tar 1s
PUT /tmp/ktest_ml-miscvm:lustre_mainline_native_ka07a8hk.tar 1s
PUT /tmp/ktest_ml-miscvm:lustre_mainline_native_ka07a8hk.tar 1s
PUT /tmp/ktest_ml-miscvm:lustre_mainline_native_ka07a8hk.tar 1s
PUT /tmp/ktest_ml-miscvm:lustre_mainline_native_ka07a8hk.tar 1s
END ml-miscvm:boot run tests/fs/lustre/boot.ktest PASS 55s
END ml-miscvm:mgs-setup run tests/fs/lustre/mgs-setup.ktest PASS 65s
END ml-miscvm:sanity-3 run tests/fs/lustre/sanity/sanity-3.ktest PASS 93s
END ml-miscvm:sanity-4 run tests/fs/lustre/sanity/sanity-4.ktest PASS 94s
END ml-miscvm:sanity-1 run tests/fs/lustre/sanity/sanity-1.ktest PASS 96s
END ml-miscvm:llmount run tests/fs/lustre/llmount.ktest PASS 104s
END ml-miscvm:sanity-2 run tests/fs/lustre/sanity/sanity-2.ktest PASS 106s
END ml-miscvm:llog-unit run tests/fs/lustre/llog-unit.ktest FAIL 141s (exit code: 1)

============================================================
Final Results:
  checkpatch:checkpatch: PASS (12s) (log: /var/www/ci-lustre/upstream-patch-review/1f410a295fdd762e02afc4eade1b0549cd8cf15b_checkpatch:checkpatch.log)
  u24:u24: PASS (41s) (log: /var/www/ci-lustre/upstream-patch-review/1f410a295fdd762e02afc4eade1b0549cd8cf15b_u24:u24.log)
  al2023:al2023: PASS (45s) (log: /var/www/ci-lustre/upstream-patch-review/1f410a295fdd762e02afc4eade1b0549cd8cf15b_al2023:al2023.log)
  ml-strict:lustre_mainline: FAIL (197s) (log: /var/www/ci-lustre/upstream-patch-review/1f410a295fdd762e02afc4eade1b0549cd8cf15b_ml-strict:lustre_mainline.log)
  ml:lustre_mainline: PASS (205s) (log: /var/www/ci-lustre/upstream-patch-review/1f410a295fdd762e02afc4eade1b0549cd8cf15b_ml:lustre_mainline.log)
  ml-miscvm:lustre_mainline_native: PASS (203s) (log: /var/www/ci-lustre/upstream-patch-review/1f410a295fdd762e02afc4eade1b0549cd8cf15b_ml-miscvm:lustre_mainline_native.log)
  ml-miscvm:boot: PASS (55s) (log: /var/www/ci-lustre/upstream-patch-review/1f410a295fdd762e02afc4eade1b0549cd8cf15b_ml-miscvm:boot.log)
  ml-miscvm:llmount: PASS (104s) (log: /var/www/ci-lustre/upstream-patch-review/1f410a295fdd762e02afc4eade1b0549cd8cf15b_ml-miscvm:llmount.log)
  ml-miscvm:llog-unit: FAIL (141s) (log: /var/www/ci-lustre/upstream-patch-review/1f410a295fdd762e02afc4eade1b0549cd8cf15b_ml-miscvm:llog-unit.log)
  ml-miscvm:mgs-setup: PASS (65s) (log: /var/www/ci-lustre/upstream-patch-review/1f410a295fdd762e02afc4eade1b0549cd8cf15b_ml-miscvm:mgs-setup.log)
  ml-miscvm:sanity-1: PASS (96s) (log: /var/www/ci-lustre/upstream-patch-review/1f410a295fdd762e02afc4eade1b0549cd8cf15b_ml-miscvm:sanity-1.log)
  ml-miscvm:sanity-2: PASS (106s) (log: /var/www/ci-lustre/upstream-patch-review/1f410a295fdd762e02afc4eade1b0549cd8cf15b_ml-miscvm:sanity-2.log)
  ml-miscvm:sanity-3: PASS (93s) (log: /var/www/ci-lustre/upstream-patch-review/1f410a295fdd762e02afc4eade1b0549cd8cf15b_ml-miscvm:sanity-3.log)
  ml-miscvm:sanity-4: PASS (94s) (log: /var/www/ci-lustre/upstream-patch-review/1f410a295fdd762e02afc4eade1b0549cd8cf15b_ml-miscvm:sanity-4.log)

Total execution time: 375s

Packed 4520 logs from /var/www/ci-lustre/upstream-patch-review into /home/ktest/ktest/local-site/local_data.js
Open /home/ktest/ktest/local-site/index.html in a browser
