00001 
00003 init: failed to load nvme_core
00003 init: failed to load nvme
00003 init: failed to load zfs
00003 LNetError: 1:0:(lib-socket.c:619:lnet_inet_enumerate()) lnet: Can't find any usable interfaces, rc = -ENOENT
00003 LNetError: Error -100 starting up LNI tcp
00004 LustreError: 1:0:(events.c:627:ptlrpc_init_portals()) network initialisation failed: rc = -100
00004 init: finit_module /lib/modules/7.0.0-ktest-1fbf6b8-6330a45-20260823-dirty/updates/ptlrpc.ko: Network is down
00004 init: failed to load lustre
00004 init: failed to load osd_zfs
00004 init: failed to load iwlwifi
00004 init: failed to load iwlmvm
00004 init: failed to load mt7921e
00004 init: failed to load i915
00004 init: failed to load nouveau
00008 Kernel version: 7.0.0-ktest-1fbf6b8-6330a45-20260823-dirty
00008 hook init_noop
00008 
00008 Running tests llog-unit
00008 
00008 ========= TEST   llog-unit
00009 /host/home/ktest/git/lustre-release/lustre/tests/test-framework.sh: line 6933: cd: HOME not set
00009 /host/home/ktest/git/lustre-release/lustre/tests/test-framework.sh: line 6933: cd: HOME not set
00009 /host/home/ktest/git/lustre-release/lustre/tests/test-framework.sh: line 6933: cd: HOME not set
00011 MGS_OS_VERSION_ID=24.04
00011 MGS_OS_ID=ubuntu
00011 MGS_OS_VERSION_CODE=402915328
00011 MGS_OS_ID_LIKE=debian ubuntu
00011 MDS1_OS_ID=ubuntu
00011 MDS1_OS_VERSION_CODE=402915328
00011 MDS1_OS_ID_LIKE=debian ubuntu
00011 MDS1_OS_VERSION_ID=24.04
00011 OST1_OS_VERSION_ID=24.04
00011 OST1_OS_VERSION_CODE=402915328
00011 OST1_OS_ID=ubuntu
00011 OST1_OS_ID_LIKE=debian ubuntu
00011 CLIENT_OS_VERSION_ID=24.04
00011 CLIENT_OS_ID_LIKE=debian ubuntu
00011 CLIENT_OS_ID=ubuntu
00011 CLIENT_OS_VERSION_CODE=402915328
00011 Loading modules from /host/home/ktest/git/lustre-release/lustre
00011 detected 16 online CPUs by sysfs
00011 MODOPTS_LIBCFS=
00011 libcfs will create CPU partition based on online CPUs
00012 LNet: Added LNI 10.0.2.15@tcp [8/256/0/180]
00012 gss/krb5 is not supported
00013 Lustre: Echo OBD driver; http://www.lustre.org/
00013 
00013 
00014 /host/home/ktest/git/lustre-release/lustre/tests/test-framework.sh: line 6933: cd: HOME not set
00014 /host/home/ktest/git/lustre-release/lustre/tests/test-framework.sh: line 6933: cd: HOME not set
00014 /host/home/ktest/git/lustre-release/lustre/tests/test-framework.sh: line 6933: cd: HOME not set
00017 Lustre: DEBUG MARKER: Attempt llog unit tests
00017 Lustre: 2176:0:(llog_test.c:2809:llog_test_device_init()) Setup llog-test device over MGS device
00017 Lustre: 2176:0:(llog_test.c:98:llog_test_1()) 1a: create a log with name: 92d8df34
00017 ------------[ cut here ]------------
00017 WARNING: /home/ktest/git/linux/include/linux/fs.h:889 at osd_create+0x9cf/0xcf0 [osd_wbcfs], CPU#6: lctl/2176
00017 Modules linked in: llog_test(O) mgs(O) osd_wbcfs(O) lustre(O) obdecho(O) mgc(O) mdc(O) lov(O) osc(O) lmv(O) ec(O) fid(O) fld(O) ptlrpc(O) efivarfs obdclass(O) ksocklnd(O) lnet(O) libcfs(O)
00017 CPU: 6 UID: 0 PID: 2176 Comm: lctl Tainted: G           O        7.0.0-ktest-1fbf6b8-6330a45-20260823-dirty #1 PREEMPT 
00017 Tainted: [O]=OOT_MODULE
00017 Hardware name: QEMU Standard PC (Q35 + ICH9, 2009), BIOS 2025.11-3ubuntu7 03/31/2026
00017 RIP: 0010:osd_create+0x9cf/0xcf0 [osd_wbcfs]
00017 Code: c7 c7 00 c6 7b a1 48 c7 c6 a0 42 7d a1 48 c7 c2 00 4c 7d a1 e8 82 dd 43 ff 48 c7 c7 00 c6 7b a1 e8 f6 6a 44 ff e9 fe fc ff ff <0f> 0b e9 a5 fa ff ff 48 c7 c1 80 44 5d a0 80 e1 07 80 c1 03 38 c1
00017 RSP: 0018:ffffc90005f877a0 EFLAGS: 00010246
00017 RAX: 0000000000000000 RBX: ffff88815ae36c00 RCX: 0000000000000046
00017 RDX: 0000000000000000 RSI: ffff8881924ba648 RDI: ffff888139474b18
00017 RBP: ffff8881924ba5b8 R08: ffffffff83a16803 R09: 1ffffffff0742d00
00017 R10: dffffc0000000000 R11: fffffbfff0742d01 R12: ffff88815ae37c00
00017 R13: dffffc0000000000 R14: 1ffff1102b5c6d80 R15: 1ffff1102b5c6f8f
00017 FS:  00007f78cb644940(0000) GS:ffff88831e72a000(0000) knlGS:0000000000000000
00017 CS:  0010 DS: 0000 ES: 0000 CR0: 0000000080050033
00017 CR2: 000055c1856cdb40 CR3: 0000000138a96000 CR4: 0000000000750eb0
00017 PKRU: 55555554
00017 Call Trace:
00017  <TASK>
00017  ? local_object_create+0x109/0x640 [obdclass]
00017  ? dt_write_lock+0x16d/0x2a0 [obdclass]
00017  ? llog_osd_create+0x356/0x1140 [obdclass]
00017  ? llog_create+0x2ed/0x530 [obdclass]
00017  ? llog_open_create+0x5af/0xb10 [obdclass]
00017  ? llog_run_tests+0x4bb/0x5ac0 [llog_test]
00017  ? get_random_u32+0x51/0x470
00017  ? get_random_u32+0x51/0x470
00017  ? _raw_spin_unlock+0x23/0x40
00017  ? __llog_ctxt_put+0x1c4/0x2f0 [obdclass]
00017  ? llog_test_device_init+0x503/0x840 [llog_test]
00017  ? obd_setup+0x559/0x960 [obdclass]
00017  ? class_setup+0xc7d/0x10e0 [obdclass]
00017  ? class_process_config+0x2edb/0x7cb0 [obdclass]
00017  ? class_handle_ioctl+0x2055/0x3590 [obdclass]
00017  ? obd_class_ioctl+0x1f6/0x3c0 [obdclass]
00017  ? __x64_sys_ioctl+0x961/0xe00
00017  ? _copy_to_user+0x3d/0x60
00017  ? __x64_sys_rt_sigaction+0x107/0x140
00017  ? do_syscall_64+0xc1/0x350
00017  ? entry_SYSCALL_64_after_hwframe+0x4b/0x53
00017  </TASK>
00017 ---[ end trace 0000000000000000 ]---
00017 Lustre: 2176:0:(llog_test.c:115:llog_test_1()) 1b: close newly-created log
00017 Lustre: 2176:0:(llog_test.c:146:llog_test_2()) 2a: re-open a log with name: 92d8df34
00017 Lustre: 2176:0:(llog_test.c:166:llog_test_2()) 2b: create a log without specified NAME & LOGID
00017 ------------[ cut here ]------------
00017 WARNING: /home/ktest/git/linux/include/linux/fs.h:889 at osd_create+0x9cf/0xcf0 [osd_wbcfs], CPU#6: lctl/2176
00017 Modules linked in: llog_test(O) mgs(O) osd_wbcfs(O) lustre(O) obdecho(O) mgc(O) mdc(O) lov(O) osc(O) lmv(O) ec(O) fid(O) fld(O) ptlrpc(O) efivarfs obdclass(O) ksocklnd(O) lnet(O) libcfs(O)
00017 CPU: 6 UID: 0 PID: 2176 Comm: lctl Tainted: G        W  O        7.0.0-ktest-1fbf6b8-6330a45-20260823-dirty #1 PREEMPT 
00017 Tainted: [W]=WARN, [O]=OOT_MODULE
00017 Hardware name: QEMU Standard PC (Q35 + ICH9, 2009), BIOS 2025.11-3ubuntu7 03/31/2026
00017 RIP: 0010:osd_create+0x9cf/0xcf0 [osd_wbcfs]
00017 Code: c7 c7 00 c6 7b a1 48 c7 c6 a0 42 7d a1 48 c7 c2 00 4c 7d a1 e8 82 dd 43 ff 48 c7 c7 00 c6 7b a1 e8 f6 6a 44 ff e9 fe fc ff ff <0f> 0b e9 a5 fa ff ff 48 c7 c1 80 44 5d a0 80 e1 07 80 c1 03 38 c1
00017 RSP: 0018:ffffc90005f877a0 EFLAGS: 00010246
00017 RAX: 0000000000000000 RBX: ffff88815ae30400 RCX: 0000000000000046
00017 RDX: 0000000000000000 RSI: ffff8881924b9f30 RDI: ffff888139474b18
00017 RBP: ffff8881924b9ea0 R08: ffffffff83a16803 R09: 1ffffffff0742d00
00017 R10: dffffc0000000000 R11: fffffbfff0742d01 R12: ffff88815ae37c00
00017 R13: dffffc0000000000 R14: 1ffff1102b5c6080 R15: 1ffff1102b5c6f8f
00017 FS:  00007f78cb644940(0000) GS:ffff88831e72a000(0000) knlGS:0000000000000000
00017 CS:  0010 DS: 0000 ES: 0000 CR0: 0000000080050033
00017 CR2: 000055c1856cdb40 CR3: 0000000138a96000 CR4: 0000000000750eb0
00017 PKRU: 55555554
00017 Call Trace:
00017  <TASK>
00017  ? local_object_create+0x109/0x640 [obdclass]
00017  ? dt_write_lock+0x16d/0x2a0 [obdclass]
00017  ? llog_osd_create+0x356/0x1140 [obdclass]
00017  ? llog_create+0x2ed/0x530 [obdclass]
00017  ? llog_open_create+0x5af/0xb10 [obdclass]
00017  ? llog_run_tests+0xd1a/0x5ac0 [llog_test]
00017  ? get_random_u32+0x51/0x470
00017  ? get_random_u32+0x51/0x470
00017  ? _raw_spin_unlock+0x23/0x40
00017  ? llog_test_device_init+0x503/0x840 [llog_test]
00017  ? obd_setup+0x559/0x960 [obdclass]
00017  ? class_setup+0xc7d/0x10e0 [obdclass]
00017  ? class_process_config+0x2edb/0x7cb0 [obdclass]
00017  ? class_handle_ioctl+0x2055/0x3590 [obdclass]
00017  ? obd_class_ioctl+0x1f6/0x3c0 [obdclass]
00017  ? __x64_sys_ioctl+0x961/0xe00
00017  ? _copy_to_user+0x3d/0x60
00017  ? __x64_sys_rt_sigaction+0x107/0x140
00017  ? do_syscall_64+0xc1/0x350
00017  ? entry_SYSCALL_64_after_hwframe+0x4b/0x53
00017  </TASK>
00017 ---[ end trace 0000000000000000 ]---
00017 Lustre: 2176:0:(llog_test.c:184:llog_test_2()) 2b: write 1 llog records, check llh_count
00017 Lustre: 2176:0:(llog_test.c:197:llog_test_2()) 2c: re-open the log by LOGID and verify llh_count
00017 Lustre: 2176:0:(llog_test.c:244:llog_test_2()) 2d: destroy this log
00017 Lustre: 2176:0:(llog_test.c:402:llog_test_3()) 3a: write 1023 fixed-size llog records
00017 Lustre: 2176:0:(llog_test.c:366:llog_test3_process()) test3: processing records from index 501 to the end
00017 Lustre: 2176:0:(llog_test.c:376:llog_test3_process()) test3: total 525 records processed with 0 paddings
00017 Lustre: 2176:0:(llog_test.c:458:llog_test_3()) 3b: write 566 variable size llog records
00017 Lustre: 2176:0:(llog_test.c:529:llog_test_3()) 3c: write records with variable size until BITMAP_SIZE, return -ENOSPC
00020 Lustre: 2176:0:(llog_test.c:552:llog_test_3()) 3c: wrote 63962 more records before end of llog is reached
00020 Lustre: 2176:0:(llog_test.c:581:llog_test_4()) 4a: create a catalog log with name: 92d8df35
00020 ------------[ cut here ]------------
00020 WARNING: /home/ktest/git/linux/include/linux/fs.h:889 at osd_create+0x9cf/0xcf0 [osd_wbcfs], CPU#6: lctl/2176
00020 Modules linked in: llog_test(O) mgs(O) osd_wbcfs(O) lustre(O) obdecho(O) mgc(O) mdc(O) lov(O) osc(O) lmv(O) ec(O) fid(O) fld(O) ptlrpc(O) efivarfs obdclass(O) ksocklnd(O) lnet(O) libcfs(O)
00020 CPU: 6 UID: 0 PID: 2176 Comm: lctl Tainted: G        W  O        7.0.0-ktest-1fbf6b8-6330a45-20260823-dirty #1 PREEMPT 
00020 Tainted: [W]=WARN, [O]=OOT_MODULE
00020 Hardware name: QEMU Standard PC (Q35 + ICH9, 2009), BIOS 2025.11-3ubuntu7 03/31/2026
00020 RIP: 0010:osd_create+0x9cf/0xcf0 [osd_wbcfs]
00020 Code: c7 c7 00 c6 7b a1 48 c7 c6 a0 42 7d a1 48 c7 c2 00 4c 7d a1 e8 82 dd 43 ff 48 c7 c7 00 c6 7b a1 e8 f6 6a 44 ff e9 fe fc ff ff <0f> 0b e9 a5 fa ff ff 48 c7 c1 80 44 5d a0 80 e1 07 80 c1 03 38 c1
00020 RSP: 0018:ffffc90005f877a0 EFLAGS: 00010246
00020 RAX: 0000000000000000 RBX: ffff888139c50400 RCX: 0000000000000046
00020 RDX: 0000000000000000 RSI: ffff8881924b9818 RDI: ffff888139474b18
00020 RBP: ffff8881924b9788 R08: ffffffff83a16803 R09: 1ffffffff0742d00
00020 R10: dffffc0000000000 R11: fffffbfff0742d01 R12: ffff88815ae37c00
00020 R13: dffffc0000000000 R14: 1ffff1102738a080 R15: 1ffff1102b5c6f8f
00020 FS:  00007f78cb644940(0000) GS:ffff88831e72a000(0000) knlGS:0000000000000000
00020 CS:  0010 DS: 0000 ES: 0000 CR0: 0000000080050033
00020 CR2: 000055c1856cdb40 CR3: 0000000138a96000 CR4: 0000000000750eb0
00020 PKRU: 55555554
00020 Call Trace:
00020  <TASK>
00020  ? local_object_create+0x109/0x640 [obdclass]
00020  ? dt_write_lock+0x16d/0x2a0 [obdclass]
00020  ? llog_osd_create+0x356/0x1140 [obdclass]
00020  ? llog_create+0x2ed/0x530 [obdclass]
00020  ? llog_open_create+0x5af/0xb10 [obdclass]
00020  ? llog_run_tests+0x2c0e/0x5ac0 [llog_test]
00020  ? get_random_u32+0x51/0x470
00020  ? llog_test_device_init+0x503/0x840 [llog_test]
00020  ? obd_setup+0x559/0x960 [obdclass]
00020  ? class_setup+0xc7d/0x10e0 [obdclass]
00020  ? class_process_config+0x2edb/0x7cb0 [obdclass]
00020  ? class_handle_ioctl+0x2055/0x3590 [obdclass]
00020  ? obd_class_ioctl+0x1f6/0x3c0 [obdclass]
00020  ? __x64_sys_ioctl+0x961/0xe00
00020  ? _copy_to_user+0x3d/0x60
00020  ? __x64_sys_rt_sigaction+0x107/0x140
00020  ? do_syscall_64+0xc1/0x350
00020  ? entry_SYSCALL_64_after_hwframe+0x4b/0x53
00020  </TASK>
00020 ---[ end trace 0000000000000000 ]---
00020 Lustre: 2176:0:(llog_test.c:596:llog_test_4()) 4b: write 1 record into the catalog
00020 ------------[ cut here ]------------
00020 WARNING: /home/ktest/git/linux/include/linux/fs.h:889 at osd_create+0x9cf/0xcf0 [osd_wbcfs], CPU#6: lctl/2176
00020 Modules linked in: llog_test(O) mgs(O) osd_wbcfs(O) lustre(O) obdecho(O) mgc(O) mdc(O) lov(O) osc(O) lmv(O) ec(O) fid(O) fld(O) ptlrpc(O) efivarfs obdclass(O) ksocklnd(O) lnet(O) libcfs(O)
00020 CPU: 6 UID: 0 PID: 2176 Comm: lctl Tainted: G        W  O        7.0.0-ktest-1fbf6b8-6330a45-20260823-dirty #1 PREEMPT 
00020 Tainted: [W]=WARN, [O]=OOT_MODULE
00020 Hardware name: QEMU Standard PC (Q35 + ICH9, 2009), BIOS 2025.11-3ubuntu7 03/31/2026
00020 RIP: 0010:osd_create+0x9cf/0xcf0 [osd_wbcfs]
00020 Code: c7 c7 00 c6 7b a1 48 c7 c6 a0 42 7d a1 48 c7 c2 00 4c 7d a1 e8 82 dd 43 ff 48 c7 c7 00 c6 7b a1 e8 f6 6a 44 ff e9 fe fc ff ff <0f> 0b e9 a5 fa ff ff 48 c7 c1 80 44 5d a0 80 e1 07 80 c1 03 38 c1
00020 RSP: 0018:ffffc90005f87640 EFLAGS: 00010246
00020 RAX: 0000000000000000 RBX: ffff888139c55c00 RCX: 0000000000000046
00020 RDX: 0000000000000000 RSI: ffff8881924b9100 RDI: ffff888139474b40
00020 RBP: ffff8881924b9070 R08: ffffffff83a16803 R09: 1ffffffff0742d00
00020 R10: dffffc0000000000 R11: fffffbfff0742d01 R12: ffff88815ae37c00
00020 R13: dffffc0000000000 R14: 1ffff1102738ab80 R15: 1ffff1102b5c6f8f
00020 FS:  00007f78cb644940(0000) GS:ffff88831e72a000(0000) knlGS:0000000000000000
00020 CS:  0010 DS: 0000 ES: 0000 CR0: 0000000080050033
00020 CR2: 000055c1856cdb40 CR3: 0000000138a96000 CR4: 0000000000750eb0
00020 PKRU: 55555554
00020 Call Trace:
00020  <TASK>
00020  ? local_object_create+0x109/0x640 [obdclass]
00020  ? dt_write_lock+0x16d/0x2a0 [obdclass]
00020  ? llog_osd_create+0x356/0x1140 [obdclass]
00020  ? llog_create+0x2ed/0x530 [obdclass]
00020  ? llog_cat_new_log+0x6c3/0x2bf0 [obdclass]
00020  ? llog_cat_add_rec+0x6ba/0x1960 [obdclass]
00020  ? llog_cat_add+0x451/0x890 [obdclass]
00020  ? llog_run_tests+0x2ff2/0x5ac0 [llog_test]
00020  ? get_random_u32+0x51/0x470
00020  ? llog_test_device_init+0x503/0x840 [llog_test]
00020  ? obd_setup+0x559/0x960 [obdclass]
00020  ? class_setup+0xc7d/0x10e0 [obdclass]
00020  ? class_process_config+0x2edb/0x7cb0 [obdclass]
00020  ? class_handle_ioctl+0x2055/0x3590 [obdclass]
00020  ? obd_class_ioctl+0x1f6/0x3c0 [obdclass]
00020  ? __x64_sys_ioctl+0x961/0xe00
00020  ? _copy_to_user+0x3d/0x60
00020  ? __x64_sys_rt_sigaction+0x107/0x140
00020  ? do_syscall_64+0xc1/0x350
00020  ? entry_SYSCALL_64_after_hwframe+0x4b/0x53
00020  </TASK>
00020 ---[ end trace 0000000000000000 ]---
00020 Lustre: 2176:0:(llog_test.c:623:llog_test_4()) 4c: cancel 1 log record
00020 Lustre: 2176:0:(llog_test.c:635:llog_test_4()) 4d: write 64767 more log records
00033 Lustre: 2176:0:(llog_test.c:1095:llog_test_7()) 7c: test llog_setattr64_rec
00033 ------------[ cut here ]------------
00033 WARNING: /home/ktest/git/linux/include/linux/fs.h:889 at osd_create+0x9cf/0xcf0 [osd_wbcfs], CPU#6: lctl/2176
00033 Modules linked in: llog_test(O) mgs(O) osd_wbcfs(O) lustre(O) obdecho(O) mgc(O) mdc(O) lov(O) osc(O) lmv(O) ec(O) fid(O) fld(O) ptlrpc(O) efivarfs obdclass(O) ksocklnd(O) lnet(O) libcfs(O)
00033 CPU: 6 UID: 0 PID: 2176 Comm: lctl Tainted: G        W  O        7.0.0-ktest-1fbf6b8-6330a45-20260823-dirty #1 PREEMPT 
00033 Tainted: [W]=WARN, [O]=OOT_MODULE
00033 Hardware name: QEMU Standard PC (Q35 + ICH9, 2009), BIOS 2025.11-3ubuntu7 03/31/2026
00033 RIP: 0010:osd_create+0x9cf/0xcf0 [osd_wbcfs]
00033 Code: c7 c7 00 c6 7b a1 48 c7 c6 a0 42 7d a1 48 c7 c2 00 4c 7d a1 e8 82 dd 43 ff 48 c7 c7 00 c6 7b a1 e8 f6 6a 44 ff e9 fe fc ff ff <0f> 0b e9 a5 fa ff ff 48 c7 c1 80 44 5d a0 80 e1 07 80 c1 03 38 c1
00033 RSP: 0018:ffffc90005f876f8 EFLAGS: 00010246
00033 RAX: 0000000000000000 RBX: ffff888137f20400 RCX: 0000000000000046
00033 RDX: 0000000000000000 RSI: ffff88813b61ed38 RDI: ffff888139474b18
00033 RBP: ffff88813b61eca8 R08: ffffffff83a16803 R09: 1ffffffff0742d00
00033 R10: dffffc0000000000 R11: fffffbfff0742d01 R12: ffff88815ae37c00
00033 R13: dffffc0000000000 R14: 1ffff11026fe4080 R15: 1ffff1102b5c6f8f
00033 FS:  00007f78cb644940(0000) GS:ffff88831e72a000(0000) knlGS:0000000000000000
00033 CS:  0010 DS: 0000 ES: 0000 CR0: 0000000080050033
00033 CR2: 000055c1856cdb40 CR3: 0000000138a96000 CR4: 0000000000750eb0
00033 PKRU: 55555554
00033 Call Trace:
00033  <TASK>
00033  ? local_object_create+0x109/0x640 [obdclass]
00033  ? dt_write_lock+0x16d/0x2a0 [obdclass]
00033  ? llog_osd_create+0x356/0x1140 [obdclass]
00033  ? llog_create+0x2ed/0x530 [obdclass]
00033  ? llog_open_create+0x5af/0xb10 [obdclass]
00033  ? llog_test_7_sub+0xea/0x1250 [llog_test]
00033  ? llog_test_7+0x4a4/0xf50 [llog_test]
00033  ? llog_run_tests+0x3614/0x5ac0 [llog_test]
00033  ? get_random_u32+0x51/0x470
00033  ? llog_test_device_init+0x503/0x840 [llog_test]
00033  ? obd_setup+0x559/0x960 [obdclass]
00033  ? class_setup+0xc7d/0x10e0 [obdclass]
00033  ? class_process_config+0x2edb/0x7cb0 [obdclass]
00033  ? class_handle_ioctl+0x2055/0x3590 [obdclass]
00033  ? obd_class_ioctl+0x1f6/0x3c0 [obdclass]
00033  ? __x64_sys_ioctl+0x961/0xe00
00033  ? _copy_to_user+0x3d/0x60
00033  ? __x64_sys_rt_sigaction+0x107/0x140
00033  ? do_syscall_64+0xc1/0x350
00033  ? entry_SYSCALL_64_after_hwframe+0x4b/0x53
00033  </TASK>
00033 ---[ end trace 0000000000000000 ]---
00037 Lustre: 2176:0:(llog_test.c:1106:llog_test_7()) 7d: test llog_size_change_rec
00037 ------------[ cut here ]------------
00037 WARNING: /home/ktest/git/linux/include/linux/fs.h:889 at osd_create+0x9cf/0xcf0 [osd_wbcfs], CPU#6: lctl/2176
00037 Modules linked in: llog_test(O) mgs(O) osd_wbcfs(O) lustre(O) obdecho(O) mgc(O) mdc(O) lov(O) osc(O) lmv(O) ec(O) fid(O) fld(O) ptlrpc(O) efivarfs obdclass(O) ksocklnd(O) lnet(O) libcfs(O)
00037 CPU: 6 UID: 0 PID: 2176 Comm: lctl Tainted: G        W  O        7.0.0-ktest-1fbf6b8-6330a45-20260823-dirty #1 PREEMPT 
00037 Tainted: [W]=WARN, [O]=OOT_MODULE
00037 Hardware name: QEMU Standard PC (Q35 + ICH9, 2009), BIOS 2025.11-3ubuntu7 03/31/2026
00037 RIP: 0010:osd_create+0x9cf/0xcf0 [osd_wbcfs]
00037 Code: c7 c7 00 c6 7b a1 48 c7 c6 a0 42 7d a1 48 c7 c2 00 4c 7d a1 e8 82 dd 43 ff 48 c7 c7 00 c6 7b a1 e8 f6 6a 44 ff e9 fe fc ff ff <0f> 0b e9 a5 fa ff ff 48 c7 c1 80 44 5d a0 80 e1 07 80 c1 03 38 c1
00037 RSP: 0018:ffffc90005f876f8 EFLAGS: 00010246
00037 RAX: 0000000000000000 RBX: ffff88811fb2f400 RCX: 0000000000000046
00037 RDX: 0000000000000000 RSI: ffff88813b61e620 RDI: ffff888139474b18
00037 RBP: ffff88813b61e590 R08: ffffffff83a16803 R09: 1ffffffff0742d00
00037 R10: dffffc0000000000 R11: fffffbfff0742d01 R12: ffff88815ae37c00
00037 R13: dffffc0000000000 R14: 1ffff11023f65e80 R15: 1ffff1102b5c6f8f
00037 FS:  00007f78cb644940(0000) GS:ffff88831e72a000(0000) knlGS:0000000000000000
00037 CS:  0010 DS: 0000 ES: 0000 CR0: 0000000080050033
00037 CR2: 000055c1856cdb40 CR3: 0000000138a96000 CR4: 0000000000750eb0
00037 PKRU: 55555554
00037 Call Trace:
00037  <TASK>
00037  ? local_object_create+0x109/0x640 [obdclass]
00037  ? dt_write_lock+0x16d/0x2a0 [obdclass]
00037  ? llog_osd_create+0x356/0x1140 [obdclass]
00037  ? llog_create+0x2ed/0x530 [obdclass]
00037  ? llog_open_create+0x5af/0xb10 [obdclass]
00037  ? llog_test_7_sub+0xea/0x1250 [llog_test]
00037  ? llog_test_7+0x5d5/0xf50 [llog_test]
00037  ? llog_run_tests+0x3614/0x5ac0 [llog_test]
00037  ? get_random_u32+0x51/0x470
00037  ? llog_test_device_init+0x503/0x840 [llog_test]
00037  ? obd_setup+0x559/0x960 [obdclass]
00037  ? class_setup+0xc7d/0x10e0 [obdclass]
00037  ? class_process_config+0x2edb/0x7cb0 [obdclass]
00037  ? class_handle_ioctl+0x2055/0x3590 [obdclass]
00037  ? obd_class_ioctl+0x1f6/0x3c0 [obdclass]
00037  ? __x64_sys_ioctl+0x961/0xe00
00037  ? _copy_to_user+0x3d/0x60
00037  ? __x64_sys_rt_sigaction+0x107/0x140
00037  ? do_syscall_64+0xc1/0x350
00037  ? entry_SYSCALL_64_after_hwframe+0x4b/0x53
00037  </TASK>
00037 ---[ end trace 0000000000000000 ]---
00042 Lustre: 2176:0:(llog_test.c:1117:llog_test_7()) 7e: test llog_changelog_rec
00042 ------------[ cut here ]------------
00042 WARNING: /home/ktest/git/linux/include/linux/fs.h:889 at osd_create+0x9cf/0xcf0 [osd_wbcfs], CPU#6: lctl/2176
00042 Modules linked in: llog_test(O) mgs(O) osd_wbcfs(O) lustre(O) obdecho(O) mgc(O) mdc(O) lov(O) osc(O) lmv(O) ec(O) fid(O) fld(O) ptlrpc(O) efivarfs obdclass(O) ksocklnd(O) lnet(O) libcfs(O)
00042 CPU: 6 UID: 0 PID: 2176 Comm: lctl Tainted: G        W  O        7.0.0-ktest-1fbf6b8-6330a45-20260823-dirty #1 PREEMPT 
00042 Tainted: [W]=WARN, [O]=OOT_MODULE
00042 Hardware name: QEMU Standard PC (Q35 + ICH9, 2009), BIOS 2025.11-3ubuntu7 03/31/2026
00042 RIP: 0010:osd_create+0x9cf/0xcf0 [osd_wbcfs]
00042 Code: c7 c7 00 c6 7b a1 48 c7 c6 a0 42 7d a1 48 c7 c2 00 4c 7d a1 e8 82 dd 43 ff 48 c7 c7 00 c6 7b a1 e8 f6 6a 44 ff e9 fe fc ff ff <0f> 0b e9 a5 fa ff ff 48 c7 c1 80 44 5d a0 80 e1 07 80 c1 03 38 c1
00042 RSP: 0018:ffffc90005f876f8 EFLAGS: 00010246
00042 RAX: 0000000000000000 RBX: ffff88819ac75800 RCX: 0000000000000046
00042 RDX: 0000000000000000 RSI: ffff88813b61df08 RDI: ffff888139474b18
00042 RBP: ffff88813b61de78 R08: ffffffff83a16803 R09: 1ffffffff0742d00
00042 R10: dffffc0000000000 R11: fffffbfff0742d01 R12: ffff88815ae37c00
00042 R13: dffffc0000000000 R14: 1ffff1103358eb00 R15: 1ffff1102b5c6f8f
00042 FS:  00007f78cb644940(0000) GS:ffff88831e72a000(0000) knlGS:0000000000000000
00042 CS:  0010 DS: 0000 ES: 0000 CR0: 0000000080050033
00042 CR2: 000055c1856cdb40 CR3: 0000000138a96000 CR4: 0000000000750eb0
00042 PKRU: 55555554
00042 Call Trace:
00042  <TASK>
00042  ? local_object_create+0x109/0x640 [obdclass]
00042  ? dt_write_lock+0x16d/0x2a0 [obdclass]
00042  ? llog_osd_create+0x356/0x1140 [obdclass]
00042  ? llog_create+0x2ed/0x530 [obdclass]
00042  ? llog_open_create+0x5af/0xb10 [obdclass]
00042  ? llog_test_7_sub+0xea/0x1250 [llog_test]
00042  ? llog_test_7+0x706/0xf50 [llog_test]
00042  ? llog_run_tests+0x3614/0x5ac0 [llog_test]
00042  ? get_random_u32+0x51/0x470
00042  ? llog_test_device_init+0x503/0x840 [llog_test]
00042  ? obd_setup+0x559/0x960 [obdclass]
00042  ? class_setup+0xc7d/0x10e0 [obdclass]
00042  ? class_process_config+0x2edb/0x7cb0 [obdclass]
00042  ? class_handle_ioctl+0x2055/0x3590 [obdclass]
00042  ? obd_class_ioctl+0x1f6/0x3c0 [obdclass]
00042  ? __x64_sys_ioctl+0x961/0xe00
00042  ? _copy_to_user+0x3d/0x60
00042  ? __x64_sys_rt_sigaction+0x107/0x140
00042  ? do_syscall_64+0xc1/0x350
00042  ? entry_SYSCALL_64_after_hwframe+0x4b/0x53
00042  </TASK>
00042 ---[ end trace 0000000000000000 ]---
00044 Lustre: 2176:0:(llog_test.c:1024:llog_test_7_sub()) 7_sub: records are not aligned, written 64071 from 64767
00046 Lustre: 2176:0:(llog_test.c:1129:llog_test_7()) 7f: test llog_changelog_user_rec2
00046 ------------[ cut here ]------------
00046 WARNING: /home/ktest/git/linux/include/linux/fs.h:889 at osd_create+0x9cf/0xcf0 [osd_wbcfs], CPU#3: lctl/2176
00046 Modules linked in: llog_test(O) mgs(O) osd_wbcfs(O) lustre(O) obdecho(O) mgc(O) mdc(O) lov(O) osc(O) lmv(O) ec(O) fid(O) fld(O) ptlrpc(O) efivarfs obdclass(O) ksocklnd(O) lnet(O) libcfs(O)
00046 CPU: 3 UID: 0 PID: 2176 Comm: lctl Tainted: G        W  O        7.0.0-ktest-1fbf6b8-6330a45-20260823-dirty #1 PREEMPT 
00046 Tainted: [W]=WARN, [O]=OOT_MODULE
00046 Hardware name: QEMU Standard PC (Q35 + ICH9, 2009), BIOS 2025.11-3ubuntu7 03/31/2026
00046 RIP: 0010:osd_create+0x9cf/0xcf0 [osd_wbcfs]
00046 Code: c7 c7 00 c6 7b a1 48 c7 c6 a0 42 7d a1 48 c7 c2 00 4c 7d a1 e8 82 dd 43 ff 48 c7 c7 00 c6 7b a1 e8 f6 6a 44 ff e9 fe fc ff ff <0f> 0b e9 a5 fa ff ff 48 c7 c1 80 44 5d a0 80 e1 07 80 c1 03 38 c1
00046 RSP: 0018:ffffc90005f876f8 EFLAGS: 00010246
00046 RAX: 0000000000000000 RBX: ffff88811b28e800 RCX: 0000000000000046
00046 RDX: 0000000000000000 RSI: ffff8881924bfb68 RDI: ffff888139474b18
00046 RBP: ffff8881924bfad8 R08: ffffffff83a16803 R09: 1ffffffff0742d00
00046 R10: dffffc0000000000 R11: fffffbfff0742d01 R12: ffff88815ae37c00
00046 R13: dffffc0000000000 R14: 1ffff11023651d00 R15: 1ffff1102b5c6f8f
00046 FS:  00007f78cb644940(0000) GS:ffff88831e5aa000(0000) knlGS:0000000000000000
00046 CS:  0010 DS: 0000 ES: 0000 CR0: 0000000080050033
00046 CR2: 000055760376bed8 CR3: 0000000138a96000 CR4: 0000000000750eb0
00046 PKRU: 55555554
00046 Call Trace:
00046  <TASK>
00046  ? local_object_create+0x109/0x640 [obdclass]
00046  ? dt_write_lock+0x16d/0x2a0 [obdclass]
00046  ? llog_osd_create+0x356/0x1140 [obdclass]
00046  ? llog_create+0x2ed/0x530 [obdclass]
00046  ? llog_open_create+0x5af/0xb10 [obdclass]
00046  ? llog_test_7_sub+0xea/0x1250 [llog_test]
00046  ? llog_test_7+0x837/0xf50 [llog_test]
00046  ? llog_run_tests+0x3614/0x5ac0 [llog_test]
00046  ? get_random_u32+0x51/0x470
00046  ? llog_test_device_init+0x503/0x840 [llog_test]
00046  ? obd_setup+0x559/0x960 [obdclass]
00046  ? class_setup+0xc7d/0x10e0 [obdclass]
00046  ? class_process_config+0x2edb/0x7cb0 [obdclass]
00046  ? class_handle_ioctl+0x2055/0x3590 [obdclass]
00046  ? obd_class_ioctl+0x1f6/0x3c0 [obdclass]
00046  ? __x64_sys_ioctl+0x961/0xe00
00046  ? _copy_to_user+0x3d/0x60
00046  ? __x64_sys_rt_sigaction+0x107/0x140
00046  ? do_syscall_64+0xc1/0x350
00046  ? entry_SYSCALL_64_after_hwframe+0x4b/0x53
00046  </TASK>
00046 ---[ end trace 0000000000000000 ]---
00049 Lustre: 2176:0:(llog_test.c:1024:llog_test_7_sub()) 7_sub: records are not aligned, written 64139 from 64767
00050 Lustre: 2176:0:(llog_test.c:1140:llog_test_7()) 7g: test llog_gen_rec
00050 ------------[ cut here ]------------
00050 WARNING: /home/ktest/git/linux/include/linux/fs.h:889 at osd_create+0x9cf/0xcf0 [osd_wbcfs], CPU#3: lctl/2176
00050 Modules linked in: llog_test(O) mgs(O) osd_wbcfs(O) lustre(O) obdecho(O) mgc(O) mdc(O) lov(O) osc(O) lmv(O) ec(O) fid(O) fld(O) ptlrpc(O) efivarfs obdclass(O) ksocklnd(O) lnet(O) libcfs(O)
00050 CPU: 3 UID: 0 PID: 2176 Comm: lctl Tainted: G        W  O        7.0.0-ktest-1fbf6b8-6330a45-20260823-dirty #1 PREEMPT 
00050 Tainted: [W]=WARN, [O]=OOT_MODULE
00050 Hardware name: QEMU Standard PC (Q35 + ICH9, 2009), BIOS 2025.11-3ubuntu7 03/31/2026
00050 RIP: 0010:osd_create+0x9cf/0xcf0 [osd_wbcfs]
00050 Code: c7 c7 00 c6 7b a1 48 c7 c6 a0 42 7d a1 48 c7 c2 00 4c 7d a1 e8 82 dd 43 ff 48 c7 c7 00 c6 7b a1 e8 f6 6a 44 ff e9 fe fc ff ff <0f> 0b e9 a5 fa ff ff 48 c7 c1 80 44 5d a0 80 e1 07 80 c1 03 38 c1
00050 RSP: 0018:ffffc90005f876f8 EFLAGS: 00010246
00050 RAX: 0000000000000000 RBX: ffff8882336c6000 RCX: 0000000000000046
00050 RDX: 0000000000000000 RSI: ffff8881924bf450 RDI: ffff888139474b18
00050 RBP: ffff8881924bf3c0 R08: ffffffff83a16803 R09: 1ffffffff0742d00
00050 R10: dffffc0000000000 R11: fffffbfff0742d01 R12: ffff88815ae37c00
00050 R13: dffffc0000000000 R14: 1ffff110466d8c00 R15: 1ffff1102b5c6f8f
00050 FS:  00007f78cb644940(0000) GS:ffff88831e5aa000(0000) knlGS:0000000000000000
00050 CS:  0010 DS: 0000 ES: 0000 CR0: 0000000080050033
00050 CR2: 000055760376bed8 CR3: 0000000138a96000 CR4: 0000000000750eb0
00050 PKRU: 55555554
00050 Call Trace:
00050  <TASK>
00050  ? local_object_create+0x109/0x640 [obdclass]
00050  ? dt_write_lock+0x16d/0x2a0 [obdclass]
00050  ? llog_osd_create+0x356/0x1140 [obdclass]
00050  ? llog_create+0x2ed/0x530 [obdclass]
00050  ? llog_open_create+0x5af/0xb10 [obdclass]
00050  ? llog_test_7_sub+0xea/0x1250 [llog_test]
00050  ? llog_test_7+0x968/0xf50 [llog_test]
00050  ? llog_run_tests+0x3614/0x5ac0 [llog_test]
00050  ? get_random_u32+0x51/0x470
00050  ? llog_test_device_init+0x503/0x840 [llog_test]
00050  ? obd_setup+0x559/0x960 [obdclass]
00050  ? class_setup+0xc7d/0x10e0 [obdclass]
00050  ? class_process_config+0x2edb/0x7cb0 [obdclass]
00050  ? class_handle_ioctl+0x2055/0x3590 [obdclass]
00050  ? obd_class_ioctl+0x1f6/0x3c0 [obdclass]
00050  ? __x64_sys_ioctl+0x961/0xe00
00050  ? _copy_to_user+0x3d/0x60
00050  ? __x64_sys_rt_sigaction+0x107/0x140
00050  ? do_syscall_64+0xc1/0x350
00050  ? entry_SYSCALL_64_after_hwframe+0x4b/0x53
00050  </TASK>
00050 ---[ end trace 0000000000000000 ]---
00055 Lustre: 2176:0:(llog_test.c:1151:llog_test_7()) 7h: test llog_setattr64_rec_v2
00055 ------------[ cut here ]------------
00055 WARNING: /home/ktest/git/linux/include/linux/fs.h:889 at osd_create+0x9cf/0xcf0 [osd_wbcfs], CPU#3: lctl/2176
00055 Modules linked in: llog_test(O) mgs(O) osd_wbcfs(O) lustre(O) obdecho(O) mgc(O) mdc(O) lov(O) osc(O) lmv(O) ec(O) fid(O) fld(O) ptlrpc(O) efivarfs obdclass(O) ksocklnd(O) lnet(O) libcfs(O)
00055 CPU: 3 UID: 0 PID: 2176 Comm: lctl Tainted: G        W  O        7.0.0-ktest-1fbf6b8-6330a45-20260823-dirty #1 PREEMPT 
00055 Tainted: [W]=WARN, [O]=OOT_MODULE
00055 Hardware name: QEMU Standard PC (Q35 + ICH9, 2009), BIOS 2025.11-3ubuntu7 03/31/2026
00055 RIP: 0010:osd_create+0x9cf/0xcf0 [osd_wbcfs]
00055 Code: c7 c7 00 c6 7b a1 48 c7 c6 a0 42 7d a1 48 c7 c2 00 4c 7d a1 e8 82 dd 43 ff 48 c7 c7 00 c6 7b a1 e8 f6 6a 44 ff e9 fe fc ff ff <0f> 0b e9 a5 fa ff ff 48 c7 c1 80 44 5d a0 80 e1 07 80 c1 03 38 c1
00055 RSP: 0018:ffffc90005f876f8 EFLAGS: 00010246
00055 RAX: 0000000000000000 RBX: ffff88810c108000 RCX: 0000000000000046
00055 RDX: 0000000000000000 RSI: ffff8881924bed38 RDI: ffff888139474b18
00055 RBP: ffff8881924beca8 R08: ffffffff83a16803 R09: 1ffffffff0742d00
00055 R10: dffffc0000000000 R11: fffffbfff0742d01 R12: ffff88815ae37c00
00055 R13: dffffc0000000000 R14: 1ffff11021821000 R15: 1ffff1102b5c6f8f
00055 FS:  00007f78cb644940(0000) GS:ffff88831e5aa000(0000) knlGS:0000000000000000
00055 CS:  0010 DS: 0000 ES: 0000 CR0: 0000000080050033
00055 CR2: 000055760376bed8 CR3: 0000000138a96000 CR4: 0000000000750eb0
00055 PKRU: 55555554
00055 Call Trace:
00055  <TASK>
00055  ? local_object_create+0x109/0x640 [obdclass]
00055  ? dt_write_lock+0x16d/0x2a0 [obdclass]
00055  ? llog_osd_create+0x356/0x1140 [obdclass]
00055  ? llog_create+0x2ed/0x530 [obdclass]
00055  ? llog_open_create+0x5af/0xb10 [obdclass]
00055  ? llog_test_7_sub+0xea/0x1250 [llog_test]
00055  ? llog_test_7+0xa99/0xf50 [llog_test]
00055  ? llog_run_tests+0x3614/0x5ac0 [llog_test]
00055  ? get_random_u32+0x51/0x470
00055  ? llog_test_device_init+0x503/0x840 [llog_test]
00055  ? obd_setup+0x559/0x960 [obdclass]
00055  ? class_setup+0xc7d/0x10e0 [obdclass]
00055  ? class_process_config+0x2edb/0x7cb0 [obdclass]
00055  ? class_handle_ioctl+0x2055/0x3590 [obdclass]
00055  ? obd_class_ioctl+0x1f6/0x3c0 [obdclass]
00055  ? __x64_sys_ioctl+0x961/0xe00
00055  ? _copy_to_user+0x3d/0x60
00055  ? __x64_sys_rt_sigaction+0x107/0x140
00055  ? do_syscall_64+0xc1/0x350
00055  ? entry_SYSCALL_64_after_hwframe+0x4b/0x53
00055  </TASK>
00055 ---[ end trace 0000000000000000 ]---
00057 Lustre: 2176:0:(llog_test.c:1024:llog_test_7_sub()) 7_sub: records are not aligned, written 64071 from 64767
00059 Lustre: 2176:0:(llog_test.c:1261:llog_test_8()) 8a: fill the first plain llog
00059 ------------[ cut here ]------------
00059 WARNING: /home/ktest/git/linux/include/linux/fs.h:889 at osd_create+0x9cf/0xcf0 [osd_wbcfs], CPU#3: lctl/2176
00059 Modules linked in: llog_test(O) mgs(O) osd_wbcfs(O) lustre(O) obdecho(O) mgc(O) mdc(O) lov(O) osc(O) lmv(O) ec(O) fid(O) fld(O) ptlrpc(O) efivarfs obdclass(O) ksocklnd(O) lnet(O) libcfs(O)
00059 CPU: 3 UID: 0 PID: 2176 Comm: lctl Tainted: G        W  O        7.0.0-ktest-1fbf6b8-6330a45-20260823-dirty #1 PREEMPT 
00059 Tainted: [W]=WARN, [O]=OOT_MODULE
00059 Hardware name: QEMU Standard PC (Q35 + ICH9, 2009), BIOS 2025.11-3ubuntu7 03/31/2026
00059 RIP: 0010:osd_create+0x9cf/0xcf0 [osd_wbcfs]
00059 Code: c7 c7 00 c6 7b a1 48 c7 c6 a0 42 7d a1 48 c7 c2 00 4c 7d a1 e8 82 dd 43 ff 48 c7 c7 00 c6 7b a1 e8 f6 6a 44 ff e9 fe fc ff ff <0f> 0b e9 a5 fa ff ff 48 c7 c1 80 44 5d a0 80 e1 07 80 c1 03 38 c1
00059 RSP: 0018:ffffc90005f874c8 EFLAGS: 00010246
00059 RAX: 0000000000000000 RBX: ffff88818f703000 RCX: 0000000000000046
00059 RDX: 0000000000000000 RSI: ffff8881924be620 RDI: ffff888139474b40
00059 RBP: ffff8881924be590 R08: ffffffff83a16803 R09: 1ffffffff0742d00
00059 R10: dffffc0000000000 R11: fffffbfff0742d01 R12: ffff88815ae37c00
00059 R13: dffffc0000000000 R14: 1ffff11031ee0600 R15: 1ffff1102b5c6f8f
00059 FS:  00007f78cb644940(0000) GS:ffff88831e5aa000(0000) knlGS:0000000000000000
00059 CS:  0010 DS: 0000 ES: 0000 CR0: 0000000080050033
00059 CR2: 000055760376bed8 CR3: 0000000138a96000 CR4: 0000000000750eb0
00059 PKRU: 55555554
00059 Call Trace:
00059  <TASK>
00059  ? local_object_create+0x109/0x640 [obdclass]
00059  ? dt_write_lock+0x16d/0x2a0 [obdclass]
00059  ? llog_osd_create+0x356/0x1140 [obdclass]
00059  ? llog_create+0x2ed/0x530 [obdclass]
00059  ? llog_cat_new_log+0x6c3/0x2bf0 [obdclass]
00059  ? llog_cat_add_rec+0x6ba/0x1960 [obdclass]
00059  ? llog_cat_add+0x451/0x890 [obdclass]
00059  ? llog_test_8+0x567/0x1c20 [llog_test]
00059  ? do_raw_spin_unlock+0x52/0x230
00059  ? _raw_spin_unlock+0x23/0x40
00059  ? __llog_ctxt_put+0x1c4/0x2f0 [obdclass]
00059  ? llog_run_tests+0x39a2/0x5ac0 [llog_test]
00059  ? get_random_u32+0x51/0x470
00059  ? llog_test_device_init+0x503/0x840 [llog_test]
00059  ? obd_setup+0x559/0x960 [obdclass]
00059  ? class_setup+0xc7d/0x10e0 [obdclass]
00059  ? class_process_config+0x2edb/0x7cb0 [obdclass]
00059  ? class_handle_ioctl+0x2055/0x3590 [obdclass]
00059  ? obd_class_ioctl+0x1f6/0x3c0 [obdclass]
00059  ? __x64_sys_ioctl+0x961/0xe00
00059  ? _copy_to_user+0x3d/0x60
00059  ? __x64_sys_rt_sigaction+0x107/0x140
00059  ? do_syscall_64+0xc1/0x350
00059  ? entry_SYSCALL_64_after_hwframe+0x4b/0x53
00059  </TASK>
00059 ---[ end trace 0000000000000000 ]---
00059 Lustre: 2176:0:(llog_test.c:1290:llog_test_8()) 8b: first llog [0x1:0x10:0x0]
00059 Lustre: 2176:0:(llog_test.c:1306:llog_test_8()) 8b: fill the second plain llog
00059 ------------[ cut here ]------------
00059 WARNING: /home/ktest/git/linux/include/linux/fs.h:889 at osd_create+0x9cf/0xcf0 [osd_wbcfs], CPU#3: lctl/2176
00059 Modules linked in: llog_test(O) mgs(O) osd_wbcfs(O) lustre(O) obdecho(O) mgc(O) mdc(O) lov(O) osc(O) lmv(O) ec(O) fid(O) fld(O) ptlrpc(O) efivarfs obdclass(O) ksocklnd(O) lnet(O) libcfs(O)
00059 CPU: 3 UID: 0 PID: 2176 Comm: lctl Tainted: G        W  O        7.0.0-ktest-1fbf6b8-6330a45-20260823-dirty #1 PREEMPT 
00059 Tainted: [W]=WARN, [O]=OOT_MODULE
00059 Hardware name: QEMU Standard PC (Q35 + ICH9, 2009), BIOS 2025.11-3ubuntu7 03/31/2026
00059 RIP: 0010:osd_create+0x9cf/0xcf0 [osd_wbcfs]
00059 Code: c7 c7 00 c6 7b a1 48 c7 c6 a0 42 7d a1 48 c7 c2 00 4c 7d a1 e8 82 dd 43 ff 48 c7 c7 00 c6 7b a1 e8 f6 6a 44 ff e9 fe fc ff ff <0f> 0b e9 a5 fa ff ff 48 c7 c1 80 44 5d a0 80 e1 07 80 c1 03 38 c1
00059 RSP: 0018:ffffc90005f874c8 EFLAGS: 00010246
00059 RAX: 0000000000000000 RBX: ffff88818f701800 RCX: 0000000000000046
00059 RDX: 0000000000000000 RSI: ffff8881924bdf08 RDI: ffff888139474b40
00059 RBP: ffff8881924bde78 R08: ffffffff83a16803 R09: 1ffffffff0742d00
00059 R10: dffffc0000000000 R11: fffffbfff0742d01 R12: ffff88815ae37c00
00059 R13: dffffc0000000000 R14: 1ffff11031ee0300 R15: 1ffff1102b5c6f8f
00059 FS:  00007f78cb644940(0000) GS:ffff88831e5aa000(0000) knlGS:0000000000000000
00059 CS:  0010 DS: 0000 ES: 0000 CR0: 0000000080050033
00059 CR2: 000055760376bed8 CR3: 0000000138a96000 CR4: 0000000000750eb0
00059 PKRU: 55555554
00059 Call Trace:
00059  <TASK>
00059  ? local_object_create+0x109/0x640 [obdclass]
00059  ? dt_write_lock+0x16d/0x2a0 [obdclass]
00059  ? llog_osd_create+0x356/0x1140 [obdclass]
00059  ? llog_create+0x2ed/0x530 [obdclass]
00059  ? llog_cat_new_log+0x6c3/0x2bf0 [obdclass]
00059  ? llog_cat_add_rec+0x6ba/0x1960 [obdclass]
00059  ? llog_cat_add+0x451/0x890 [obdclass]
00059  ? llog_test_8+0xd89/0x1c20 [llog_test]
00059  ? do_raw_spin_unlock+0x52/0x230
00059  ? _raw_spin_unlock+0x23/0x40
00059  ? __llog_ctxt_put+0x1c4/0x2f0 [obdclass]
00059  ? llog_run_tests+0x39a2/0x5ac0 [llog_test]
00059  ? get_random_u32+0x51/0x470
00059  ? llog_test_device_init+0x503/0x840 [llog_test]
00059  ? obd_setup+0x559/0x960 [obdclass]
00059  ? class_setup+0xc7d/0x10e0 [obdclass]
00059  ? class_process_config+0x2edb/0x7cb0 [obdclass]
00059  ? class_handle_ioctl+0x2055/0x3590 [obdclass]
00059  ? obd_class_ioctl+0x1f6/0x3c0 [obdclass]
00059  ? __x64_sys_ioctl+0x961/0xe00
00059  ? _copy_to_user+0x3d/0x60
00059  ? __x64_sys_rt_sigaction+0x107/0x140
00059  ? do_syscall_64+0xc1/0x350
00059  ? entry_SYSCALL_64_after_hwframe+0x4b/0x53
00059  </TASK>
00059 ---[ end trace 0000000000000000 ]---
00059 Lustre: 2176:0:(llog_test.c:1330:llog_test_8()) 8b: pin llog [0x1:0x12:0x0]
00059 Lustre: 2176:0:(llog_test.c:1333:llog_test_8()) 8b: clean first llog record in catalog
00059 Lustre: 2176:0:(llog_test.c:1344:llog_test_8()) 8c: corrupt first chunk in the middle
00059 Lustre: 2176:0:(llog_test.c:1347:llog_test_8()) 8c: corrupt second chunk at start
00059 Lustre: 2176:0:(llog_test.c:1350:llog_test_8()) 8d: count survived records
00059 Lustre: 2176:0:(llog_test.c:1380:llog_test_8()) 8d: close re-opened catalog
00059 Lustre: 2176:0:(llog_test.c:1441:llog_test_9()) 9a: test llog_logid_rec
00059 ------------[ cut here ]------------
00059 WARNING: /home/ktest/git/linux/include/linux/fs.h:889 at osd_create+0x9cf/0xcf0 [osd_wbcfs], CPU#3: lctl/2176
00059 Modules linked in: llog_test(O) mgs(O) osd_wbcfs(O) lustre(O) obdecho(O) mgc(O) mdc(O) lov(O) osc(O) lmv(O) ec(O) fid(O) fld(O) ptlrpc(O) efivarfs obdclass(O) ksocklnd(O) lnet(O) libcfs(O)
00059 CPU: 3 UID: 0 PID: 2176 Comm: lctl Tainted: G        W  O        7.0.0-ktest-1fbf6b8-6330a45-20260823-dirty #1 PREEMPT 
00059 Tainted: [W]=WARN, [O]=OOT_MODULE
00059 Hardware name: QEMU Standard PC (Q35 + ICH9, 2009), BIOS 2025.11-3ubuntu7 03/31/2026
00059 RIP: 0010:osd_create+0x9cf/0xcf0 [osd_wbcfs]
00059 Code: c7 c7 00 c6 7b a1 48 c7 c6 a0 42 7d a1 48 c7 c2 00 4c 7d a1 e8 82 dd 43 ff 48 c7 c7 00 c6 7b a1 e8 f6 6a 44 ff e9 fe fc ff ff <0f> 0b e9 a5 fa ff ff 48 c7 c1 80 44 5d a0 80 e1 07 80 c1 03 38 c1
00059 RSP: 0018:ffffc90005f87720 EFLAGS: 00010246
00059 RAX: 0000000000000000 RBX: ffff88819ac41400 RCX: 0000000000000046
00059 RDX: 0000000000000000 RSI: ffff8881924bd7f0 RDI: ffff888139474b18
00059 RBP: ffff8881924bd760 R08: ffffffff83a16803 R09: 1ffffffff0742d00
00059 R10: dffffc0000000000 R11: fffffbfff0742d01 R12: ffff88815ae37c00
00059 R13: dffffc0000000000 R14: 1ffff11033588280 R15: 1ffff1102b5c6f8f
00059 FS:  00007f78cb644940(0000) GS:ffff88831e5aa000(0000) knlGS:0000000000000000
00059 CS:  0010 DS: 0000 ES: 0000 CR0: 0000000080050033
00059 CR2: 000055760376bed8 CR3: 0000000138a96000 CR4: 0000000000750eb0
00059 PKRU: 55555554
00059 Call Trace:
00059  <TASK>
00059  ? local_object_create+0x109/0x640 [obdclass]
00059  ? dt_write_lock+0x16d/0x2a0 [obdclass]
00059  ? llog_osd_create+0x356/0x1140 [obdclass]
00059  ? llog_create+0x2ed/0x530 [obdclass]
00059  ? llog_open_create+0x5af/0xb10 [obdclass]
00059  ? llog_test_9_sub+0xd4/0x800 [llog_test]
00059  ? llog_test_9+0x242/0x960 [llog_test]
00059  ? llog_run_tests+0x3d64/0x5ac0 [llog_test]
00059  ? get_random_u32+0x51/0x470
00059  ? llog_test_device_init+0x503/0x840 [llog_test]
00059  ? obd_setup+0x559/0x960 [obdclass]
00059  ? class_setup+0xc7d/0x10e0 [obdclass]
00059  ? class_process_config+0x2edb/0x7cb0 [obdclass]
00059  ? class_handle_ioctl+0x2055/0x3590 [obdclass]
00059  ? obd_class_ioctl+0x1f6/0x3c0 [obdclass]
00059  ? __x64_sys_ioctl+0x961/0xe00
00059  ? _copy_to_user+0x3d/0x60
00059  ? __x64_sys_rt_sigaction+0x107/0x140
00059  ? do_syscall_64+0xc1/0x350
00059  ? entry_SYSCALL_64_after_hwframe+0x4b/0x53
00059  </TASK>
00059 ---[ end trace 0000000000000000 ]---
00059 Lustre: 2176:0:(llog_test.c:1425:llog_test_9_sub()) 9_sub: record type 1064553b in log 0x1:0x14:0x0
00059 Lustre: 2176:0:(llog_test.c:1452:llog_test_9()) 9b: test llog_obd_cfg_rec
00059 ------------[ cut here ]------------
00059 WARNING: /home/ktest/git/linux/include/linux/fs.h:889 at osd_create+0x9cf/0xcf0 [osd_wbcfs], CPU#3: lctl/2176
00059 Modules linked in: llog_test(O) mgs(O) osd_wbcfs(O) lustre(O) obdecho(O) mgc(O) mdc(O) lov(O) osc(O) lmv(O) ec(O) fid(O) fld(O) ptlrpc(O) efivarfs obdclass(O) ksocklnd(O) lnet(O) libcfs(O)
00059 CPU: 3 UID: 0 PID: 2176 Comm: lctl Tainted: G        W  O        7.0.0-ktest-1fbf6b8-6330a45-20260823-dirty #1 PREEMPT 
00059 Tainted: [W]=WARN, [O]=OOT_MODULE
00059 Hardware name: QEMU Standard PC (Q35 + ICH9, 2009), BIOS 2025.11-3ubuntu7 03/31/2026
00059 RIP: 0010:osd_create+0x9cf/0xcf0 [osd_wbcfs]
00059 Code: c7 c7 00 c6 7b a1 48 c7 c6 a0 42 7d a1 48 c7 c2 00 4c 7d a1 e8 82 dd 43 ff 48 c7 c7 00 c6 7b a1 e8 f6 6a 44 ff e9 fe fc ff ff <0f> 0b e9 a5 fa ff ff 48 c7 c1 80 44 5d a0 80 e1 07 80 c1 03 38 c1
00059 RSP: 0018:ffffc90005f87720 EFLAGS: 00010246
00059 RAX: 0000000000000000 RBX: ffff88819ac40800 RCX: 0000000000000046
00059 RDX: 0000000000000000 RSI: ffff8881924bd0d8 RDI: ffff888139474b18
00059 RBP: ffff8881924bd048 R08: ffffffff83a16803 R09: 1ffffffff0742d00
00059 R10: dffffc0000000000 R11: fffffbfff0742d01 R12: ffff88815ae37c00
00059 R13: dffffc0000000000 R14: 1ffff11033588100 R15: 1ffff1102b5c6f8f
00059 FS:  00007f78cb644940(0000) GS:ffff88831e5aa000(0000) knlGS:0000000000000000
00059 CS:  0010 DS: 0000 ES: 0000 CR0: 0000000080050033
00059 CR2: 000055760376bed8 CR3: 0000000138a96000 CR4: 0000000000750eb0
00059 PKRU: 55555554
00059 Call Trace:
00059  <TASK>
00059  ? local_object_create+0x109/0x640 [obdclass]
00059  ? dt_write_lock+0x16d/0x2a0 [obdclass]
00059  ? llog_osd_create+0x356/0x1140 [obdclass]
00059  ? llog_create+0x2ed/0x530 [obdclass]
00059  ? llog_open_create+0x5af/0xb10 [obdclass]
00059  ? llog_test_9_sub+0xd4/0x800 [llog_test]
00059  ? llog_test_9+0x373/0x960 [llog_test]
00059  ? llog_run_tests+0x3d64/0x5ac0 [llog_test]
00059  ? get_random_u32+0x51/0x470
00059  ? llog_test_device_init+0x503/0x840 [llog_test]
00059  ? obd_setup+0x559/0x960 [obdclass]
00059  ? class_setup+0xc7d/0x10e0 [obdclass]
00059  ? class_process_config+0x2edb/0x7cb0 [obdclass]
00059  ? class_handle_ioctl+0x2055/0x3590 [obdclass]
00059  ? obd_class_ioctl+0x1f6/0x3c0 [obdclass]
00059  ? __x64_sys_ioctl+0x961/0xe00
00059  ? _copy_to_user+0x3d/0x60
00059  ? __x64_sys_rt_sigaction+0x107/0x140
00059  ? do_syscall_64+0xc1/0x350
00059  ? entry_SYSCALL_64_after_hwframe+0x4b/0x53
00059  </TASK>
00059 ---[ end trace 0000000000000000 ]---
00059 Lustre: 2176:0:(llog_test.c:1463:llog_test_9()) 9c: test llog_changelog_rec
00059 ------------[ cut here ]------------
00059 WARNING: /home/ktest/git/linux/include/linux/fs.h:889 at osd_create+0x9cf/0xcf0 [osd_wbcfs], CPU#3: lctl/2176
00059 Modules linked in: llog_test(O) mgs(O) osd_wbcfs(O) lustre(O) obdecho(O) mgc(O) mdc(O) lov(O) osc(O) lmv(O) ec(O) fid(O) fld(O) ptlrpc(O) efivarfs obdclass(O) ksocklnd(O) lnet(O) libcfs(O)
00059 CPU: 3 UID: 0 PID: 2176 Comm: lctl Tainted: G        W  O        7.0.0-ktest-1fbf6b8-6330a45-20260823-dirty #1 PREEMPT 
00059 Tainted: [W]=WARN, [O]=OOT_MODULE
00059 Hardware name: QEMU Standard PC (Q35 + ICH9, 2009), BIOS 2025.11-3ubuntu7 03/31/2026
00059 RIP: 0010:osd_create+0x9cf/0xcf0 [osd_wbcfs]
00059 Code: c7 c7 00 c6 7b a1 48 c7 c6 a0 42 7d a1 48 c7 c2 00 4c 7d a1 e8 82 dd 43 ff 48 c7 c7 00 c6 7b a1 e8 f6 6a 44 ff e9 fe fc ff ff <0f> 0b e9 a5 fa ff ff 48 c7 c1 80 44 5d a0 80 e1 07 80 c1 03 38 c1
00059 RSP: 0018:ffffc90005f87720 EFLAGS: 00010246
00059 RAX: 0000000000000000 RBX: ffff88819ac40000 RCX: 0000000000000046
00059 RDX: 0000000000000000 RSI: ffff8881924bc9c0 RDI: ffff888139474b18
00059 RBP: ffff8881924bc930 R08: ffffffff83a16803 R09: 1ffffffff0742d00
00059 R10: dffffc0000000000 R11: fffffbfff0742d01 R12: ffff88815ae37c00
00059 R13: dffffc0000000000 R14: 1ffff11033588000 R15: 1ffff1102b5c6f8f
00059 FS:  00007f78cb644940(0000) GS:ffff88831e5aa000(0000) knlGS:0000000000000000
00059 CS:  0010 DS: 0000 ES: 0000 CR0: 0000000080050033
00059 CR2: 000055760376bed8 CR3: 0000000138a96000 CR4: 0000000000750eb0
00059 PKRU: 55555554
00059 Call Trace:
00059  <TASK>
00059  ? local_object_create+0x109/0x640 [obdclass]
00059  ? dt_write_lock+0x16d/0x2a0 [obdclass]
00059  ? llog_osd_create+0x356/0x1140 [obdclass]
00059  ? llog_create+0x2ed/0x530 [obdclass]
00059  ? llog_open_create+0x5af/0xb10 [obdclass]
00059  ? llog_test_9_sub+0xd4/0x800 [llog_test]
00059  ? llog_test_9+0x4a4/0x960 [llog_test]
00059  ? llog_run_tests+0x3d64/0x5ac0 [llog_test]
00059  ? get_random_u32+0x51/0x470
00059  ? llog_test_device_init+0x503/0x840 [llog_test]
00059  ? obd_setup+0x559/0x960 [obdclass]
00059  ? class_setup+0xc7d/0x10e0 [obdclass]
00059  ? class_process_config+0x2edb/0x7cb0 [obdclass]
00059  ? class_handle_ioctl+0x2055/0x3590 [obdclass]
00059  ? obd_class_ioctl+0x1f6/0x3c0 [obdclass]
00059  ? __x64_sys_ioctl+0x961/0xe00
00059  ? _copy_to_user+0x3d/0x60
00059  ? __x64_sys_rt_sigaction+0x107/0x140
00059  ? do_syscall_64+0xc1/0x350
00059  ? entry_SYSCALL_64_after_hwframe+0x4b/0x53
00059  </TASK>
00059 ---[ end trace 0000000000000000 ]---
00059 Lustre: 2176:0:(llog_test.c:1475:llog_test_9()) 9d: test llog_changelog_user_rec2
00059 ------------[ cut here ]------------
00059 WARNING: /home/ktest/git/linux/include/linux/fs.h:889 at osd_create+0x9cf/0xcf0 [osd_wbcfs], CPU#3: lctl/2176
00059 Modules linked in: llog_test(O) mgs(O) osd_wbcfs(O) lustre(O) obdecho(O) mgc(O) mdc(O) lov(O) osc(O) lmv(O) ec(O) fid(O) fld(O) ptlrpc(O) efivarfs obdclass(O) ksocklnd(O) lnet(O) libcfs(O)
00059 CPU: 3 UID: 0 PID: 2176 Comm: lctl Tainted: G        W  O        7.0.0-ktest-1fbf6b8-6330a45-20260823-dirty #1 PREEMPT 
00059 Tainted: [W]=WARN, [O]=OOT_MODULE
00059 Hardware name: QEMU Standard PC (Q35 + ICH9, 2009), BIOS 2025.11-3ubuntu7 03/31/2026
00059 RIP: 0010:osd_create+0x9cf/0xcf0 [osd_wbcfs]
00059 Code: c7 c7 00 c6 7b a1 48 c7 c6 a0 42 7d a1 48 c7 c2 00 4c 7d a1 e8 82 dd 43 ff 48 c7 c7 00 c6 7b a1 e8 f6 6a 44 ff e9 fe fc ff ff <0f> 0b e9 a5 fa ff ff 48 c7 c1 80 44 5d a0 80 e1 07 80 c1 03 38 c1
00059 RSP: 0018:ffffc90005f87720 EFLAGS: 00010246
00059 RAX: 0000000000000000 RBX: ffff88818f707800 RCX: 0000000000000046
00059 RDX: 0000000000000000 RSI: ffff8881924bc2a8 RDI: ffff888139474b18
00059 RBP: ffff8881924bc218 R08: ffffffff83a16803 R09: 1ffffffff0742d00
00059 R10: dffffc0000000000 R11: fffffbfff0742d01 R12: ffff88815ae37c00
00059 R13: dffffc0000000000 R14: 1ffff11031ee0f00 R15: 1ffff1102b5c6f8f
00059 FS:  00007f78cb644940(0000) GS:ffff88831e5aa000(0000) knlGS:0000000000000000
00059 CS:  0010 DS: 0000 ES: 0000 CR0: 0000000080050033
00059 CR2: 000055760376bed8 CR3: 0000000138a96000 CR4: 0000000000750eb0
00059 PKRU: 55555554
00059 Call Trace:
00059  <TASK>
00059  ? local_object_create+0x109/0x640 [obdclass]
00059  ? dt_write_lock+0x16d/0x2a0 [obdclass]
00059  ? llog_osd_create+0x356/0x1140 [obdclass]
00059  ? llog_create+0x2ed/0x530 [obdclass]
00059  ? llog_open_create+0x5af/0xb10 [obdclass]
00059  ? llog_test_9_sub+0xd4/0x800 [llog_test]
00059  ? llog_test_9+0x5d5/0x960 [llog_test]
00059  ? llog_run_tests+0x3d64/0x5ac0 [llog_test]
00059  ? get_random_u32+0x51/0x470
00059  ? llog_test_device_init+0x503/0x840 [llog_test]
00059  ? obd_setup+0x559/0x960 [obdclass]
00059  ? class_setup+0xc7d/0x10e0 [obdclass]
00059  ? class_process_config+0x2edb/0x7cb0 [obdclass]
00059  ? class_handle_ioctl+0x2055/0x3590 [obdclass]
00059  ? obd_class_ioctl+0x1f6/0x3c0 [obdclass]
00059  ? __x64_sys_ioctl+0x961/0xe00
00059  ? _copy_to_user+0x3d/0x60
00059  ? __x64_sys_rt_sigaction+0x107/0x140
00059  ? do_syscall_64+0xc1/0x350
00059  ? entry_SYSCALL_64_after_hwframe+0x4b/0x53
00059  </TASK>
00059 ---[ end trace 0000000000000000 ]---
00059 Lustre: 2176:0:(llog_test.c:1576:llog_test_10()) 10a: create a catalog log with name: 92d8df36
00059 ------------[ cut here ]------------
00059 WARNING: /home/ktest/git/linux/include/linux/fs.h:889 at osd_create+0x9cf/0xcf0 [osd_wbcfs], CPU#3: lctl/2176
00059 Modules linked in: llog_test(O) mgs(O) osd_wbcfs(O) lustre(O) obdecho(O) mgc(O) mdc(O) lov(O) osc(O) lmv(O) ec(O) fid(O) fld(O) ptlrpc(O) efivarfs obdclass(O) ksocklnd(O) lnet(O) libcfs(O)
00059 CPU: 3 UID: 0 PID: 2176 Comm: lctl Tainted: G        W  O        7.0.0-ktest-1fbf6b8-6330a45-20260823-dirty #1 PREEMPT 
00059 Tainted: [W]=WARN, [O]=OOT_MODULE
00059 Hardware name: QEMU Standard PC (Q35 + ICH9, 2009), BIOS 2025.11-3ubuntu7 03/31/2026
00059 RIP: 0010:osd_create+0x9cf/0xcf0 [osd_wbcfs]
00059 Code: c7 c7 00 c6 7b a1 48 c7 c6 a0 42 7d a1 48 c7 c2 00 4c 7d a1 e8 82 dd 43 ff 48 c7 c7 00 c6 7b a1 e8 f6 6a 44 ff e9 fe fc ff ff <0f> 0b e9 a5 fa ff ff 48 c7 c1 80 44 5d a0 80 e1 07 80 c1 03 38 c1
00059 RSP: 0018:ffffc90005f875d8 EFLAGS: 00010246
00059 RAX: 0000000000000000 RBX: ffff88818f707000 RCX: 0000000000000046
00059 RDX: 0000000000000000 RSI: ffff8881924bbb90 RDI: ffff888139474b18
00059 RBP: ffff8881924bbb00 R08: ffffffff83a16803 R09: 1ffffffff0742d00
00059 R10: dffffc0000000000 R11: fffffbfff0742d01 R12: ffff88815ae37c00
00059 R13: dffffc0000000000 R14: 1ffff11031ee0e00 R15: 1ffff1102b5c6f8f
00059 FS:  00007f78cb644940(0000) GS:ffff88831e5aa000(0000) knlGS:0000000000000000
00059 CS:  0010 DS: 0000 ES: 0000 CR0: 0000000080050033
00059 CR2: 000055760376bed8 CR3: 0000000138a96000 CR4: 0000000000750eb0
00059 PKRU: 55555554
00059 Call Trace:
00059  <TASK>
00059  ? local_object_create+0x109/0x640 [obdclass]
00059  ? dt_write_lock+0x16d/0x2a0 [obdclass]
00059  ? llog_osd_create+0x356/0x1140 [obdclass]
00059  ? llog_create+0x2ed/0x530 [obdclass]
00059  ? llog_open_create+0x5af/0xb10 [obdclass]
00059  ? llog_test_10+0x2e1/0x5600 [llog_test]
00059  ? lu_object_put+0xa64/0x1210 [obdclass]
00059  ? do_raw_spin_unlock+0x52/0x230
00059  ? _raw_spin_unlock+0x23/0x40
00059  ? __llog_ctxt_put+0x1c4/0x2f0 [obdclass]
00059  ? llog_run_tests+0x3f45/0x5ac0 [llog_test]
00059  ? get_random_u32+0x51/0x470
00059  ? llog_test_device_init+0x503/0x840 [llog_test]
00059  ? obd_setup+0x559/0x960 [obdclass]
00059  ? class_setup+0xc7d/0x10e0 [obdclass]
00059  ? class_process_config+0x2edb/0x7cb0 [obdclass]
00059  ? class_handle_ioctl+0x2055/0x3590 [obdclass]
00059  ? obd_class_ioctl+0x1f6/0x3c0 [obdclass]
00059  ? __x64_sys_ioctl+0x961/0xe00
00059  ? _copy_to_user+0x3d/0x60
00059  ? __x64_sys_rt_sigaction+0x107/0x140
00059  ? do_syscall_64+0xc1/0x350
00059  ? entry_SYSCALL_64_after_hwframe+0x4b/0x53
00059  </TASK>
00059 ---[ end trace 0000000000000000 ]---
00059 Lustre: 2176:0:(llog_test.c:1608:llog_test_10()) 10b: write 64767 log records
00059 ------------[ cut here ]------------
00059 WARNING: /home/ktest/git/linux/include/linux/fs.h:889 at osd_create+0x9cf/0xcf0 [osd_wbcfs], CPU#3: lctl/2176
00059 Modules linked in: llog_test(O) mgs(O) osd_wbcfs(O) lustre(O) obdecho(O) mgc(O) mdc(O) lov(O) osc(O) lmv(O) ec(O) fid(O) fld(O) ptlrpc(O) efivarfs obdclass(O) ksocklnd(O) lnet(O) libcfs(O)
00059 CPU: 3 UID: 0 PID: 2176 Comm: lctl Tainted: G        W  O        7.0.0-ktest-1fbf6b8-6330a45-20260823-dirty #1 PREEMPT 
00059 Tainted: [W]=WARN, [O]=OOT_MODULE
00059 Hardware name: QEMU Standard PC (Q35 + ICH9, 2009), BIOS 2025.11-3ubuntu7 03/31/2026
00059 RIP: 0010:osd_create+0x9cf/0xcf0 [osd_wbcfs]
00059 Code: c7 c7 00 c6 7b a1 48 c7 c6 a0 42 7d a1 48 c7 c2 00 4c 7d a1 e8 82 dd 43 ff 48 c7 c7 00 c6 7b a1 e8 f6 6a 44 ff e9 fe fc ff ff <0f> 0b e9 a5 fa ff ff 48 c7 c1 80 44 5d a0 80 e1 07 80 c1 03 38 c1
00059 RSP: 0018:ffffc90005f87478 EFLAGS: 00010246
00059 RAX: 0000000000000000 RBX: ffff88818f706800 RCX: 0000000000000046
00059 RDX: 0000000000000000 RSI: ffff8881924bb478 RDI: ffff888139474b40
00059 RBP: ffff8881924bb3e8 R08: ffffffff83a16803 R09: 1ffffffff0742d00
00059 R10: dffffc0000000000 R11: fffffbfff0742d01 R12: ffff88815ae37c00
00059 R13: dffffc0000000000 R14: 1ffff11031ee0d00 R15: 1ffff1102b5c6f8f
00059 FS:  00007f78cb644940(0000) GS:ffff88831e5aa000(0000) knlGS:0000000000000000
00059 CS:  0010 DS: 0000 ES: 0000 CR0: 0000000080050033
00059 CR2: 000055760376bed8 CR3: 0000000138a96000 CR4: 0000000000750eb0
00059 PKRU: 55555554
00059 Call Trace:
00059  <TASK>
00059  ? local_object_create+0x109/0x640 [obdclass]
00059  ? dt_write_lock+0x16d/0x2a0 [obdclass]
00059  ? llog_osd_create+0x356/0x1140 [obdclass]
00059  ? llog_create+0x2ed/0x530 [obdclass]
00059  ? llog_cat_new_log+0x6c3/0x2bf0 [obdclass]
00059  ? llog_cat_add_rec+0x6ba/0x1960 [obdclass]
00059  ? llog_cat_add+0x451/0x890 [obdclass]
00059  ? llog_test_10+0x91d/0x5600 [llog_test]
00059  ? lu_object_put+0xa64/0x1210 [obdclass]
00059  ? do_raw_spin_unlock+0x52/0x230
00059  ? _raw_spin_unlock+0x23/0x40
00059  ? __llog_ctxt_put+0x1c4/0x2f0 [obdclass]
00059  ? llog_run_tests+0x3f45/0x5ac0 [llog_test]
00059  ? get_random_u32+0x51/0x470
00059  ? llog_test_device_init+0x503/0x840 [llog_test]
00059  ? obd_setup+0x559/0x960 [obdclass]
00059  ? class_setup+0xc7d/0x10e0 [obdclass]
00059  ? class_process_config+0x2edb/0x7cb0 [obdclass]
00059  ? class_handle_ioctl+0x2055/0x3590 [obdclass]
00059  ? obd_class_ioctl+0x1f6/0x3c0 [obdclass]
00059  ? __x64_sys_ioctl+0x961/0xe00
00059  ? _copy_to_user+0x3d/0x60
00059  ? __x64_sys_rt_sigaction+0x107/0x140
00059  ? do_syscall_64+0xc1/0x350
00059  ? entry_SYSCALL_64_after_hwframe+0x4b/0x53
00059  </TASK>
00059 ---[ end trace 0000000000000000 ]---
00062 ------------[ cut here ]------------
00062 WARNING: /home/ktest/git/linux/include/linux/fs.h:889 at osd_create+0x9cf/0xcf0 [osd_wbcfs], CPU#3: lctl/2176
00062 Modules linked in: llog_test(O) mgs(O) osd_wbcfs(O) lustre(O) obdecho(O) mgc(O) mdc(O) lov(O) osc(O) lmv(O) ec(O) fid(O) fld(O) ptlrpc(O) efivarfs obdclass(O) ksocklnd(O) lnet(O) libcfs(O)
00062 CPU: 3 UID: 0 PID: 2176 Comm: lctl Tainted: G        W  O        7.0.0-ktest-1fbf6b8-6330a45-20260823-dirty #1 PREEMPT 
00062 Tainted: [W]=WARN, [O]=OOT_MODULE
00062 Hardware name: QEMU Standard PC (Q35 + ICH9, 2009), BIOS 2025.11-3ubuntu7 03/31/2026
00062 RIP: 0010:osd_create+0x9cf/0xcf0 [osd_wbcfs]
00062 Code: c7 c7 00 c6 7b a1 48 c7 c6 a0 42 7d a1 48 c7 c2 00 4c 7d a1 e8 82 dd 43 ff 48 c7 c7 00 c6 7b a1 e8 f6 6a 44 ff e9 fe fc ff ff <0f> 0b e9 a5 fa ff ff 48 c7 c1 80 44 5d a0 80 e1 07 80 c1 03 38 c1
00062 RSP: 0018:ffffc90005f87478 EFLAGS: 00010246
00062 RAX: 0000000000000000 RBX: ffff88819ac44000 RCX: 0000000000000046
00062 RDX: 0000000000000000 RSI: ffff8881924bad60 RDI: ffff888139474b40
00062 RBP: ffff8881924bacd0 R08: ffffffff83a16803 R09: 1ffffffff0742d00
00062 R10: dffffc0000000000 R11: fffffbfff0742d01 R12: ffff88815ae37c00
00062 R13: dffffc0000000000 R14: 1ffff11033588800 R15: 1ffff1102b5c6f8f
00062 FS:  00007f78cb644940(0000) GS:ffff88831e5aa000(0000) knlGS:0000000000000000
00062 CS:  0010 DS: 0000 ES: 0000 CR0: 0000000080050033
00062 CR2: 000055760376bed8 CR3: 0000000138a96000 CR4: 0000000000750eb0
00062 PKRU: 55555554
00062 Call Trace:
00062  <TASK>
00062  ? local_object_create+0x109/0x640 [obdclass]
00062  ? dt_write_lock+0x16d/0x2a0 [obdclass]
00062  ? llog_osd_create+0x356/0x1140 [obdclass]
00062  ? llog_create+0x2ed/0x530 [obdclass]
00062  ? llog_cat_new_log+0x6c3/0x2bf0 [obdclass]
00062  ? llog_cat_add_rec+0x6ba/0x1960 [obdclass]
00062  ? llog_cat_add+0x451/0x890 [obdclass]
00062  ? llog_test_10+0x91d/0x5600 [llog_test]
00062  ? lu_object_put+0xa64/0x1210 [obdclass]
00062  ? do_raw_spin_unlock+0x52/0x230
00062  ? _raw_spin_unlock+0x23/0x40
00062  ? __llog_ctxt_put+0x1c4/0x2f0 [obdclass]
00062  ? llog_run_tests+0x3f45/0x5ac0 [llog_test]
00062  ? get_random_u32+0x51/0x470
00062  ? llog_test_device_init+0x503/0x840 [llog_test]
00062  ? obd_setup+0x559/0x960 [obdclass]
00062  ? class_setup+0xc7d/0x10e0 [obdclass]
00062  ? class_process_config+0x2edb/0x7cb0 [obdclass]
00062  ? class_handle_ioctl+0x2055/0x3590 [obdclass]
00062  ? obd_class_ioctl+0x1f6/0x3c0 [obdclass]
00062  ? __x64_sys_ioctl+0x961/0xe00
00062  ? _copy_to_user+0x3d/0x60
00062  ? __x64_sys_rt_sigaction+0x107/0x140
00062  ? do_syscall_64+0xc1/0x350
00062  ? entry_SYSCALL_64_after_hwframe+0x4b/0x53
00062  </TASK>
00062 ---[ end trace 0000000000000000 ]---
00062 Lustre: 2176:0:(llog_test.c:1634:llog_test_10()) 10c: write 129534 more log records
00064 ------------[ cut here ]------------
00064 WARNING: /home/ktest/git/linux/include/linux/fs.h:889 at osd_create+0x9cf/0xcf0 [osd_wbcfs], CPU#3: lctl/2176
00064 Modules linked in: llog_test(O) mgs(O) osd_wbcfs(O) lustre(O) obdecho(O) mgc(O) mdc(O) lov(O) osc(O) lmv(O) ec(O) fid(O) fld(O) ptlrpc(O) efivarfs obdclass(O) ksocklnd(O) lnet(O) libcfs(O)
00064 CPU: 3 UID: 0 PID: 2176 Comm: lctl Tainted: G        W  O        7.0.0-ktest-1fbf6b8-6330a45-20260823-dirty #1 PREEMPT 
00064 Tainted: [W]=WARN, [O]=OOT_MODULE
00064 Hardware name: QEMU Standard PC (Q35 + ICH9, 2009), BIOS 2025.11-3ubuntu7 03/31/2026
00064 RIP: 0010:osd_create+0x9cf/0xcf0 [osd_wbcfs]
00064 Code: c7 c7 00 c6 7b a1 48 c7 c6 a0 42 7d a1 48 c7 c2 00 4c 7d a1 e8 82 dd 43 ff 48 c7 c7 00 c6 7b a1 e8 f6 6a 44 ff e9 fe fc ff ff <0f> 0b e9 a5 fa ff ff 48 c7 c1 80 44 5d a0 80 e1 07 80 c1 03 38 c1
00064 RSP: 0018:ffffc90005f87478 EFLAGS: 00010246
00064 RAX: 0000000000000000 RBX: ffff88813aed1400 RCX: 0000000000000046
00064 RDX: 0000000000000000 RSI: ffff8881081650d8 RDI: ffff888139474b40
00064 RBP: ffff888108165048 R08: ffffffff83a16803 R09: 1ffffffff0742d00
00064 R10: dffffc0000000000 R11: fffffbfff0742d01 R12: ffff88815ae37c00
00064 R13: dffffc0000000000 R14: 1ffff110275da280 R15: 1ffff1102b5c6f8f
00064 FS:  00007f78cb644940(0000) GS:ffff88831e5aa000(0000) knlGS:0000000000000000
00064 CS:  0010 DS: 0000 ES: 0000 CR0: 0000000080050033
00064 CR2: 000055760376bed8 CR3: 0000000138a96000 CR4: 0000000000750eb0
00064 PKRU: 55555554
00064 Call Trace:
00064  <TASK>
00064  ? local_object_create+0x109/0x640 [obdclass]
00064  ? dt_write_lock+0x16d/0x2a0 [obdclass]
00064  ? llog_osd_create+0x356/0x1140 [obdclass]
00064  ? llog_create+0x2ed/0x530 [obdclass]
00064  ? llog_cat_new_log+0x6c3/0x2bf0 [obdclass]
00064  ? llog_cat_add_rec+0x6ba/0x1960 [obdclass]
00064  ? llog_cat_add+0x451/0x890 [obdclass]
00064  ? llog_test_10+0xbd3/0x5600 [llog_test]
00064  ? lu_object_put+0xa64/0x1210 [obdclass]
00064  ? do_raw_spin_unlock+0x52/0x230
00064  ? _raw_spin_unlock+0x23/0x40
00064  ? __llog_ctxt_put+0x1c4/0x2f0 [obdclass]
00064  ? llog_run_tests+0x3f45/0x5ac0 [llog_test]
00064  ? get_random_u32+0x51/0x470
00064  ? llog_test_device_init+0x503/0x840 [llog_test]
00064  ? obd_setup+0x559/0x960 [obdclass]
00064  ? class_setup+0xc7d/0x10e0 [obdclass]
00064  ? class_process_config+0x2edb/0x7cb0 [obdclass]
00064  ? class_handle_ioctl+0x2055/0x3590 [obdclass]
00064  ? obd_class_ioctl+0x1f6/0x3c0 [obdclass]
00064  ? __x64_sys_ioctl+0x961/0xe00
00064  ? _copy_to_user+0x3d/0x60
00064  ? __x64_sys_rt_sigaction+0x107/0x140
00064  ? do_syscall_64+0xc1/0x350
00064  ? entry_SYSCALL_64_after_hwframe+0x4b/0x53
00064  </TASK>
00064 ---[ end trace 0000000000000000 ]---
00067 ------------[ cut here ]------------
00067 WARNING: /home/ktest/git/linux/include/linux/fs.h:889 at osd_create+0x9cf/0xcf0 [osd_wbcfs], CPU#3: lctl/2176
00067 Modules linked in: llog_test(O) mgs(O) osd_wbcfs(O) lustre(O) obdecho(O) mgc(O) mdc(O) lov(O) osc(O) lmv(O) ec(O) fid(O) fld(O) ptlrpc(O) efivarfs obdclass(O) ksocklnd(O) lnet(O) libcfs(O)
00067 CPU: 3 UID: 0 PID: 2176 Comm: lctl Tainted: G        W  O        7.0.0-ktest-1fbf6b8-6330a45-20260823-dirty #1 PREEMPT 
00067 Tainted: [W]=WARN, [O]=OOT_MODULE
00067 Hardware name: QEMU Standard PC (Q35 + ICH9, 2009), BIOS 2025.11-3ubuntu7 03/31/2026
00067 RIP: 0010:osd_create+0x9cf/0xcf0 [osd_wbcfs]
00067 Code: c7 c7 00 c6 7b a1 48 c7 c6 a0 42 7d a1 48 c7 c2 00 4c 7d a1 e8 82 dd 43 ff 48 c7 c7 00 c6 7b a1 e8 f6 6a 44 ff e9 fe fc ff ff <0f> 0b e9 a5 fa ff ff 48 c7 c1 80 44 5d a0 80 e1 07 80 c1 03 38 c1
00067 RSP: 0018:ffffc90005f87478 EFLAGS: 00010246
00067 RAX: 0000000000000000 RBX: ffff8881a08f7000 RCX: 0000000000000046
00067 RDX: 0000000000000000 RSI: ffff8881081649c0 RDI: ffff888139474b40
00067 RBP: ffff888108164930 R08: ffffffff83a16803 R09: 1ffffffff0742d00
00067 R10: dffffc0000000000 R11: fffffbfff0742d01 R12: ffff88815ae37c00
00067 R13: dffffc0000000000 R14: 1ffff1103411ee00 R15: 1ffff1102b5c6f8f
00067 FS:  00007f78cb644940(0000) GS:ffff88831e5aa000(0000) knlGS:0000000000000000
00067 CS:  0010 DS: 0000 ES: 0000 CR0: 0000000080050033
00067 CR2: 000055760376bed8 CR3: 0000000138a96000 CR4: 0000000000750eb0
00067 PKRU: 55555554
00067 Call Trace:
00067  <TASK>
00067  ? local_object_create+0x109/0x640 [obdclass]
00067  ? dt_write_lock+0x16d/0x2a0 [obdclass]
00067  ? llog_osd_create+0x356/0x1140 [obdclass]
00067  ? llog_create+0x2ed/0x530 [obdclass]
00067  ? llog_cat_new_log+0x6c3/0x2bf0 [obdclass]
00067  ? llog_cat_add_rec+0x6ba/0x1960 [obdclass]
00067  ? llog_cat_add+0x451/0x890 [obdclass]
00067  ? llog_test_10+0xbd3/0x5600 [llog_test]
00067  ? lu_object_put+0xa64/0x1210 [obdclass]
00067  ? do_raw_spin_unlock+0x52/0x230
00067  ? _raw_spin_unlock+0x23/0x40
00067  ? __llog_ctxt_put+0x1c4/0x2f0 [obdclass]
00067  ? llog_run_tests+0x3f45/0x5ac0 [llog_test]
00067  ? get_random_u32+0x51/0x470
00067  ? llog_test_device_init+0x503/0x840 [llog_test]
00067  ? obd_setup+0x559/0x960 [obdclass]
00067  ? class_setup+0xc7d/0x10e0 [obdclass]
00067  ? class_process_config+0x2edb/0x7cb0 [obdclass]
00067  ? class_handle_ioctl+0x2055/0x3590 [obdclass]
00067  ? obd_class_ioctl+0x1f6/0x3c0 [obdclass]
00067  ? __x64_sys_ioctl+0x961/0xe00
00067  ? _copy_to_user+0x3d/0x60
00067  ? __x64_sys_rt_sigaction+0x107/0x140
00067  ? do_syscall_64+0xc1/0x350
00067  ? entry_SYSCALL_64_after_hwframe+0x4b/0x53
00067  </TASK>
00067 ---[ end trace 0000000000000000 ]---
00067 Lustre: 2176:0:(llog_test.c:1666:llog_test_10()) 10c: write 64767 more log records
00069 Lustre: 2176:0:(llog_cat.c:80:llog_cat_new_log()) MGS: there are no more free slots in catalog 92d8df36
00069 LustreError: 2176:0:(llog_cat.c:593:llog_cat_add_rec()) MGS: initialization error: rc = -28
00069 Lustre: 2176:0:(llog_test.c:1692:llog_test_10()) 10c: wrote 64011 records then 756 failed with ENOSPC
00069 Lustre: 2176:0:(llog_test.c:1711:llog_test_10()) 10d: Cancel 64767 records, see one log zapped
00071 Lustre: 2176:0:(llog_test.c:1725:llog_test_10()) 10d: print the catalog entries.. we expect 3
00071 Lustre: 2198:0:(llog_test.c:700:cat_print_cb()) seeing record at index 2 - [0x1:0x19:0x0] in log [0xa:0x5:0x0]
00071 Lustre: 2176:0:(llog_test.c:1755:llog_test_10()) 10e: write 64767 more log records
00071 ------------[ cut here ]------------
00071 WARNING: /home/ktest/git/linux/include/linux/fs.h:889 at osd_create+0x9cf/0xcf0 [osd_wbcfs], CPU#3: lctl/2176
00071 Modules linked in: llog_test(O) mgs(O) osd_wbcfs(O) lustre(O) obdecho(O) mgc(O) mdc(O) lov(O) osc(O) lmv(O) ec(O) fid(O) fld(O) ptlrpc(O) efivarfs obdclass(O) ksocklnd(O) lnet(O) libcfs(O)
00071 CPU: 3 UID: 0 PID: 2176 Comm: lctl Tainted: G        W  O        7.0.0-ktest-1fbf6b8-6330a45-20260823-dirty #1 PREEMPT 
00071 Tainted: [W]=WARN, [O]=OOT_MODULE
00071 Hardware name: QEMU Standard PC (Q35 + ICH9, 2009), BIOS 2025.11-3ubuntu7 03/31/2026
00071 RIP: 0010:osd_create+0x9cf/0xcf0 [osd_wbcfs]
00071 Code: c7 c7 00 c6 7b a1 48 c7 c6 a0 42 7d a1 48 c7 c2 00 4c 7d a1 e8 82 dd 43 ff 48 c7 c7 00 c6 7b a1 e8 f6 6a 44 ff e9 fe fc ff ff <0f> 0b e9 a5 fa ff ff 48 c7 c1 80 44 5d a0 80 e1 07 80 c1 03 38 c1
00071 RSP: 0018:ffffc90005f87478 EFLAGS: 00010246
00071 RAX: 0000000000000000 RBX: ffff888282000000 RCX: 0000000000000046
00071 RDX: 0000000000000000 RSI: ffff8881081642a8 RDI: ffff888139474b40
00071 RBP: ffff888108164218 R08: ffffffff83a16803 R09: 1ffffffff0742d00
00071 R10: dffffc0000000000 R11: fffffbfff0742d01 R12: ffff88815ae37c00
00071 R13: dffffc0000000000 R14: 1ffff11050400000 R15: 1ffff1102b5c6f8f
00071 FS:  00007f78cb644940(0000) GS:ffff88831e5aa000(0000) knlGS:0000000000000000
00071 CS:  0010 DS: 0000 ES: 0000 CR0: 0000000080050033
00071 CR2: 000055760376bed8 CR3: 0000000138a96000 CR4: 0000000000750eb0
00071 PKRU: 55555554
00071 Call Trace:
00071  <TASK>
00071  ? local_object_create+0x109/0x640 [obdclass]
00071  ? dt_write_lock+0x16d/0x2a0 [obdclass]
00071  ? llog_osd_create+0x356/0x1140 [obdclass]
00071  ? llog_create+0x2ed/0x530 [obdclass]
00071  ? llog_cat_new_log+0x6c3/0x2bf0 [obdclass]
00071  ? llog_cat_add_rec+0x6ba/0x1960 [obdclass]
00071  ? llog_cat_add+0x451/0x890 [obdclass]
00071  ? llog_test_10+0x19aa/0x5600 [llog_test]
00071  ? lu_object_put+0xa64/0x1210 [obdclass]
00071  ? do_raw_spin_unlock+0x52/0x230
00071  ? _raw_spin_unlock+0x23/0x40
00071  ? __llog_ctxt_put+0x1c4/0x2f0 [obdclass]
00071  ? llog_run_tests+0x3f45/0x5ac0 [llog_test]
00071  ? get_random_u32+0x51/0x470
00071  ? llog_test_device_init+0x503/0x840 [llog_test]
00071  ? obd_setup+0x559/0x960 [obdclass]
00071  ? class_setup+0xc7d/0x10e0 [obdclass]
00071  ? class_process_config+0x2edb/0x7cb0 [obdclass]
00071  ? class_handle_ioctl+0x2055/0x3590 [obdclass]
00071  ? obd_class_ioctl+0x1f6/0x3c0 [obdclass]
00071  ? __x64_sys_ioctl+0x961/0xe00
00071  ? _copy_to_user+0x3d/0x60
00071  ? __x64_sys_rt_sigaction+0x107/0x140
00071  ? do_syscall_64+0xc1/0x350
00071  ? entry_SYSCALL_64_after_hwframe+0x4b/0x53
00071  </TASK>
00071 ---[ end trace 0000000000000000 ]---
00074 Lustre: 2176:0:(llog_cat.c:80:llog_cat_new_log()) MGS: there are no more free slots in catalog 92d8df36
00074 Lustre: 2176:0:(llog_cat.c:80:llog_cat_new_log()) Skipped 755 previous similar messages
00074 LustreError: 2176:0:(llog_cat.c:593:llog_cat_add_rec()) MGS: initialization error: rc = -28
00074 LustreError: 2176:0:(llog_cat.c:593:llog_cat_add_rec()) Skipped 755 previous similar messages
00074 Lustre: 2176:0:(llog_test.c:1781:llog_test_10()) 10e: wrote 64578 records then 189 failed with ENOSPC
00074 Lustre: 2176:0:(llog_test.c:1783:llog_test_10()) 10e: print the catalog entries.. we expect 4
00074 Lustre: 2176:0:(llog_cat.c:984:llog_cat_process_or_fork()) MGS: catlog [0xa:0x5:0x0] crosses index zero
00074 Lustre: 2176:0:(llog_test.c:700:cat_print_cb()) seeing record at index 2 - [0x1:0x19:0x0] in log [0xa:0x5:0x0]
00074 Lustre: 2176:0:(llog_test.c:700:cat_print_cb()) Skipped 2 previous similar messages
00074 Lustre: 2176:0:(llog_test.c:1819:llog_test_10()) 10e: catalog successfully wrap around, last_idx 1, first 1
00074 Lustre: 2176:0:(llog_test.c:1836:llog_test_10()) 10f: Cancel 64767 records, see one log zapped
00076 Lustre: 2176:0:(llog_test.c:1850:llog_test_10()) 10f: print the catalog entries.. we expect 3
00076 Lustre: 2176:0:(llog_cat.c:984:llog_cat_process_or_fork()) MGS: catlog [0xa:0x5:0x0] crosses index zero
00076 Lustre: 2176:0:(llog_cat.c:984:llog_cat_process_or_fork()) Skipped 1 previous similar message
00076 Lustre: 2176:0:(llog_test.c:1881:llog_test_10()) 10f: write 64767 more log records
00076 ------------[ cut here ]------------
00076 WARNING: /home/ktest/git/linux/include/linux/fs.h:889 at osd_create+0x9cf/0xcf0 [osd_wbcfs], CPU#3: lctl/2176
00076 Modules linked in: llog_test(O) mgs(O) osd_wbcfs(O) lustre(O) obdecho(O) mgc(O) mdc(O) lov(O) osc(O) lmv(O) ec(O) fid(O) fld(O) ptlrpc(O) efivarfs obdclass(O) ksocklnd(O) lnet(O) libcfs(O)
00076 CPU: 3 UID: 0 PID: 2176 Comm: lctl Tainted: G        W  O        7.0.0-ktest-1fbf6b8-6330a45-20260823-dirty #1 PREEMPT 
00076 Tainted: [W]=WARN, [O]=OOT_MODULE
00076 Hardware name: QEMU Standard PC (Q35 + ICH9, 2009), BIOS 2025.11-3ubuntu7 03/31/2026
00076 RIP: 0010:osd_create+0x9cf/0xcf0 [osd_wbcfs]
00076 Code: c7 c7 00 c6 7b a1 48 c7 c6 a0 42 7d a1 48 c7 c2 00 4c 7d a1 e8 82 dd 43 ff 48 c7 c7 00 c6 7b a1 e8 f6 6a 44 ff e9 fe fc ff ff <0f> 0b e9 a5 fa ff ff 48 c7 c1 80 44 5d a0 80 e1 07 80 c1 03 38 c1
00076 RSP: 0018:ffffc90005f87478 EFLAGS: 00010246
00076 RAX: 0000000000000000 RBX: ffff88814a0f3000 RCX: 0000000000000046
00076 RDX: 0000000000000000 RSI: ffff888108163b90 RDI: ffff888139474b40
00076 RBP: ffff888108163b00 R08: ffffffff83a16803 R09: 1ffffffff0742d00
00076 R10: dffffc0000000000 R11: fffffbfff0742d01 R12: ffff88815ae37c00
00076 R13: dffffc0000000000 R14: 1ffff1102941e600 R15: 1ffff1102b5c6f8f
00076 FS:  00007f78cb644940(0000) GS:ffff88831e5aa000(0000) knlGS:0000000000000000
00076 CS:  0010 DS: 0000 ES: 0000 CR0: 0000000080050033
00076 CR2: 000055760376bed8 CR3: 0000000138a96000 CR4: 0000000000750eb0
00076 PKRU: 55555554
00076 Call Trace:
00076  <TASK>
00076  ? local_object_create+0x109/0x640 [obdclass]
00076  ? dt_write_lock+0x16d/0x2a0 [obdclass]
00076  ? llog_osd_create+0x356/0x1140 [obdclass]
00076  ? llog_create+0x2ed/0x530 [obdclass]
00076  ? llog_cat_new_log+0x6c3/0x2bf0 [obdclass]
00076  ? llog_cat_add_rec+0x6ba/0x1960 [obdclass]
00076  ? llog_cat_add+0x451/0x890 [obdclass]
00076  ? llog_test_10+0x2c5e/0x5600 [llog_test]
00076  ? lu_object_put+0xa64/0x1210 [obdclass]
00076  ? do_raw_spin_unlock+0x52/0x230
00076  ? _raw_spin_unlock+0x23/0x40
00076  ? __llog_ctxt_put+0x1c4/0x2f0 [obdclass]
00076  ? llog_run_tests+0x3f45/0x5ac0 [llog_test]
00076  ? get_random_u32+0x51/0x470
00076  ? llog_test_device_init+0x503/0x840 [llog_test]
00076  ? obd_setup+0x559/0x960 [obdclass]
00076  ? class_setup+0xc7d/0x10e0 [obdclass]
00076  ? class_process_config+0x2edb/0x7cb0 [obdclass]
00076  ? class_handle_ioctl+0x2055/0x3590 [obdclass]
00076  ? obd_class_ioctl+0x1f6/0x3c0 [obdclass]
00076  ? __x64_sys_ioctl+0x961/0xe00
00076  ? _copy_to_user+0x3d/0x60
00076  ? __x64_sys_rt_sigaction+0x107/0x140
00076  ? do_syscall_64+0xc1/0x350
00076  ? entry_SYSCALL_64_after_hwframe+0x4b/0x53
00076  </TASK>
00076 ---[ end trace 0000000000000000 ]---
00078 Lustre: 2176:0:(llog_cat.c:80:llog_cat_new_log()) MGS: there are no more free slots in catalog 92d8df36
00078 Lustre: 2176:0:(llog_cat.c:80:llog_cat_new_log()) Skipped 188 previous similar messages
00078 LustreError: 2176:0:(llog_cat.c:593:llog_cat_add_rec()) MGS: initialization error: rc = -28
00078 LustreError: 2176:0:(llog_cat.c:593:llog_cat_add_rec()) Skipped 188 previous similar messages
00078 Lustre: 2176:0:(llog_test.c:1907:llog_test_10()) 10f: wrote 64578 records then 189 failed with ENOSPC
00078 Lustre: 2176:0:(llog_test.c:1953:llog_test_10()) 10g: Cancel 64767 records, see one log zapped
00078 Lustre: 2176:0:(llog_cat.c:984:llog_cat_process_or_fork()) MGS: catlog [0xa:0x5:0x0] crosses index zero
00080 Lustre: 2176:0:(llog_test.c:1965:llog_test_10()) 10g: print the catalog entries.. we expect 3
00080 Lustre: 2176:0:(llog_test.c:700:cat_print_cb()) seeing record at index 4 - [0x1:0x1b:0x0] in log [0xa:0x5:0x0]
00080 Lustre: 2176:0:(llog_test.c:700:cat_print_cb()) Skipped 6 previous similar messages
00080 Lustre: 2176:0:(llog_test.c:1995:llog_test_10()) 10g: Cancel 64767 records, see one log zapped
00082 Lustre: 2176:0:(llog_test.c:2009:llog_test_10()) 10g: print the catalog entries.. we expect 2
00082 Lustre: 2176:0:(llog_test.c:2047:llog_test_10()) 10g: Cancel 64767 records, see one log zapped
00084 Lustre: 2176:0:(llog_test.c:2061:llog_test_10()) 10g: print the catalog entries.. we expect 1
00084 Lustre: 2176:0:(llog_test.c:2087:llog_test_10()) 10g: llh_cat_idx has also successfully wrapped!
00084 Lustre: 2200:0:(llog_test.c:1535:cat_check_old_cb()) seeing record at index 2 - [0x1:0x1d:0x0] in log [0xa:0x5:0x0]
00085 Lustre: 2176:0:(llog_test.c:2111:llog_test_10()) 10h: write 64767 more log records
00085 ------------[ cut here ]------------
00085 WARNING: /home/ktest/git/linux/include/linux/fs.h:889 at osd_create+0x9cf/0xcf0 [osd_wbcfs], CPU#1: lctl/2176
00085 Modules linked in: llog_test(O) mgs(O) osd_wbcfs(O) lustre(O) obdecho(O) mgc(O) mdc(O) lov(O) osc(O) lmv(O) ec(O) fid(O) fld(O) ptlrpc(O) efivarfs obdclass(O) ksocklnd(O) lnet(O) libcfs(O)
00085 CPU: 1 UID: 0 PID: 2176 Comm: lctl Tainted: G        W  O        7.0.0-ktest-1fbf6b8-6330a45-20260823-dirty #1 PREEMPT 
00085 Tainted: [W]=WARN, [O]=OOT_MODULE
00085 Hardware name: QEMU Standard PC (Q35 + ICH9, 2009), BIOS 2025.11-3ubuntu7 03/31/2026
00085 RIP: 0010:osd_create+0x9cf/0xcf0 [osd_wbcfs]
00085 Code: c7 c7 00 c6 7b a1 48 c7 c6 a0 42 7d a1 48 c7 c2 00 4c 7d a1 e8 82 dd 43 ff 48 c7 c7 00 c6 7b a1 e8 f6 6a 44 ff e9 fe fc ff ff <0f> 0b e9 a5 fa ff ff 48 c7 c1 80 44 5d a0 80 e1 07 80 c1 03 38 c1
00085 RSP: 0018:ffffc90005f87478 EFLAGS: 00010246
00085 RAX: 0000000000000000 RBX: ffff888074102400 RCX: 0000000000000046
00085 RDX: 0000000000000000 RSI: ffff8881afd52648 RDI: ffff888139474b40
00085 RBP: ffff8881afd525b8 R08: ffffffff83a16803 R09: 1ffffffff0742d00
00085 R10: dffffc0000000000 R11: fffffbfff0742d01 R12: ffff88815ae37c00
00085 R13: dffffc0000000000 R14: 1ffff1100e820480 R15: 1ffff1102b5c6f8f
00085 FS:  00007f78cb644940(0000) GS:ffff88831e4aa000(0000) knlGS:0000000000000000
00085 CS:  0010 DS: 0000 ES: 0000 CR0: 0000000080050033
00085 CR2: 000055760376bed8 CR3: 0000000138a96000 CR4: 0000000000750eb0
00085 PKRU: 55555554
00085 Call Trace:
00085  <TASK>
00085  ? local_object_create+0x109/0x640 [obdclass]
00085  ? dt_write_lock+0x16d/0x2a0 [obdclass]
00085  ? llog_osd_create+0x356/0x1140 [obdclass]
00085  ? llog_create+0x2ed/0x530 [obdclass]
00085  ? llog_cat_new_log+0x6c3/0x2bf0 [obdclass]
00085  ? llog_cat_add_rec+0x6ba/0x1960 [obdclass]
00085  ? llog_cat_add+0x451/0x890 [obdclass]
00085  ? llog_test_10+0x50f8/0x5600 [llog_test]
00085  ? llog_test_9_sub+0x800/0x800 [llog_test]
00085  ? llog_run_tests+0x3f45/0x5ac0 [llog_test]
00085  ? get_random_u32+0x51/0x470
00085  ? llog_test_device_init+0x503/0x840 [llog_test]
00085  ? obd_setup+0x559/0x960 [obdclass]
00085  ? class_setup+0xc7d/0x10e0 [obdclass]
00085  ? class_process_config+0x2edb/0x7cb0 [obdclass]
00085  ? class_handle_ioctl+0x2055/0x3590 [obdclass]
00085  ? obd_class_ioctl+0x1f6/0x3c0 [obdclass]
00085  ? __x64_sys_ioctl+0x961/0xe00
00085  ? _copy_to_user+0x3d/0x60
00085  ? __x64_sys_rt_sigaction+0x107/0x140
00085  ? do_syscall_64+0xc1/0x350
00085  ? entry_SYSCALL_64_after_hwframe+0x4b/0x53
00085  </TASK>
00085 ---[ end trace 0000000000000000 ]---
00085 LustreError: 2176:0:(llog_osd.c:684:llog_osd_write_rec()) cfs_race id 1317 sleeping
00085 LustreError: 2200:0:(llog.c:690:llog_process_thread()) cfs_fail_race id 1317 waking
00085 LustreError: 2176:0:(llog_osd.c:684:llog_osd_write_rec()) cfs_fail_race id 1317 awake: rc=445
00087 LustreError: 2200:0:(llog.c:690:llog_process_thread()) cfs_fail_race id 1317 waking
00087 Lustre: 2200:0:(llog_test.c:1535:cat_check_old_cb()) seeing record at index 3 - [0x1:0x1e:0x0] in log [0xa:0x5:0x0]
00089 ------------[ cut here ]------------
00089 WARNING: /home/ktest/git/linux/include/linux/fs.h:889 at osd_create+0x9cf/0xcf0 [osd_wbcfs], CPU#1: lctl/2176
00089 Modules linked in: llog_test(O) mgs(O) osd_wbcfs(O) lustre(O) obdecho(O) mgc(O) mdc(O) lov(O) osc(O) lmv(O) ec(O) fid(O) fld(O) ptlrpc(O) efivarfs obdclass(O) ksocklnd(O) lnet(O) libcfs(O)
00089 CPU: 1 UID: 0 PID: 2176 Comm: lctl Tainted: G        W  O        7.0.0-ktest-1fbf6b8-6330a45-20260823-dirty #1 PREEMPT 
00089 Tainted: [W]=WARN, [O]=OOT_MODULE
00089 Hardware name: QEMU Standard PC (Q35 + ICH9, 2009), BIOS 2025.11-3ubuntu7 03/31/2026
00089 RIP: 0010:osd_create+0x9cf/0xcf0 [osd_wbcfs]
00089 Code: c7 c7 00 c6 7b a1 48 c7 c6 a0 42 7d a1 48 c7 c2 00 4c 7d a1 e8 82 dd 43 ff 48 c7 c7 00 c6 7b a1 e8 f6 6a 44 ff e9 fe fc ff ff <0f> 0b e9 a5 fa ff ff 48 c7 c1 80 44 5d a0 80 e1 07 80 c1 03 38 c1
00089 RSP: 0018:ffffc90005f87478 EFLAGS: 00010246
00089 RAX: 0000000000000000 RBX: ffff888013b9e000 RCX: 0000000000000046
00089 RDX: 0000000000000000 RSI: ffff8881afd51f30 RDI: ffff888139474b40
00089 RBP: ffff8881afd51ea0 R08: ffffffff83a16803 R09: 1ffffffff0742d00
00089 R10: dffffc0000000000 R11: fffffbfff0742d01 R12: ffff88815ae37c00
00089 R13: dffffc0000000000 R14: 1ffff11002773c00 R15: 1ffff1102b5c6f8f
00089 FS:  00007f78cb644940(0000) GS:ffff88831e4aa000(0000) knlGS:0000000000000000
00089 CS:  0010 DS: 0000 ES: 0000 CR0: 0000000080050033
00089 CR2: 000055760376bed8 CR3: 0000000138a96000 CR4: 0000000000750eb0
00089 PKRU: 55555554
00089 Call Trace:
00089  <TASK>
00089  ? local_object_create+0x109/0x640 [obdclass]
00089  ? dt_write_lock+0x16d/0x2a0 [obdclass]
00089  ? llog_osd_create+0x356/0x1140 [obdclass]
00089  ? llog_create+0x2ed/0x530 [obdclass]
00089  ? llog_cat_new_log+0x6c3/0x2bf0 [obdclass]
00089  ? llog_cat_add_rec+0x6ba/0x1960 [obdclass]
00089  ? llog_cat_add+0x451/0x890 [obdclass]
00089  ? llog_test_10+0x50f8/0x5600 [llog_test]
00089  ? llog_test_9_sub+0x800/0x800 [llog_test]
00089  ? llog_run_tests+0x3f45/0x5ac0 [llog_test]
00089  ? get_random_u32+0x51/0x470
00089  ? llog_test_device_init+0x503/0x840 [llog_test]
00089  ? obd_setup+0x559/0x960 [obdclass]
00089  ? class_setup+0xc7d/0x10e0 [obdclass]
00089  ? class_process_config+0x2edb/0x7cb0 [obdclass]
00089  ? class_handle_ioctl+0x2055/0x3590 [obdclass]
00089  ? obd_class_ioctl+0x1f6/0x3c0 [obdclass]
00089  ? __x64_sys_ioctl+0x961/0xe00
00089  ? _copy_to_user+0x3d/0x60
00089  ? __x64_sys_rt_sigaction+0x107/0x140
00089  ? do_syscall_64+0xc1/0x350
00089  ? entry_SYSCALL_64_after_hwframe+0x4b/0x53
00089  </TASK>
00089 ---[ end trace 0000000000000000 ]---
00089 LustreError: 2176:0:(llog_osd.c:684:llog_osd_write_rec()) cfs_fail_race id 1317 waking
00090 Lustre: 2176:0:(llog_test.c:2137:llog_test_10()) 10h: wrote 64767 records then 0 failed with ENOSPC
00090 Lustre: 2176:0:(llog_test.c:2150:llog_test_10()) 10: put newly-created catalog
00090 Lustre: 2176:0:(llog_test.c:2180:llog_test_11()) 11: create a plain nameless log
00090 ------------[ cut here ]------------
00090 WARNING: /home/ktest/git/linux/include/linux/fs.h:889 at osd_create+0x9cf/0xcf0 [osd_wbcfs], CPU#1: lctl/2176
00090 Modules linked in: llog_test(O) mgs(O) osd_wbcfs(O) lustre(O) obdecho(O) mgc(O) mdc(O) lov(O) osc(O) lmv(O) ec(O) fid(O) fld(O) ptlrpc(O) efivarfs obdclass(O) ksocklnd(O) lnet(O) libcfs(O)
00090 CPU: 1 UID: 0 PID: 2176 Comm: lctl Tainted: G        W  O        7.0.0-ktest-1fbf6b8-6330a45-20260823-dirty #1 PREEMPT 
00090 Tainted: [W]=WARN, [O]=OOT_MODULE
00090 Hardware name: QEMU Standard PC (Q35 + ICH9, 2009), BIOS 2025.11-3ubuntu7 03/31/2026
00090 RIP: 0010:osd_create+0x9cf/0xcf0 [osd_wbcfs]
00090 Code: c7 c7 00 c6 7b a1 48 c7 c6 a0 42 7d a1 48 c7 c2 00 4c 7d a1 e8 82 dd 43 ff 48 c7 c7 00 c6 7b a1 e8 f6 6a 44 ff e9 fe fc ff ff <0f> 0b e9 a5 fa ff ff 48 c7 c1 80 44 5d a0 80 e1 07 80 c1 03 38 c1
00090 RSP: 0018:ffffc90005f87680 EFLAGS: 00010246
00090 RAX: 0000000000000000 RBX: ffff888035e6e000 RCX: 0000000000000046
00090 RDX: 0000000000000000 RSI: ffff8881afd51818 RDI: ffff888139474b18
00090 RBP: ffff8881afd51788 R08: ffffffff83a16803 R09: 1ffffffff0742d00
00090 R10: dffffc0000000000 R11: fffffbfff0742d01 R12: ffff88815ae37c00
00090 R13: dffffc0000000000 R14: 1ffff11006bcdc00 R15: 1ffff1102b5c6f8f
00090 FS:  00007f78cb644940(0000) GS:ffff88831e4aa000(0000) knlGS:0000000000000000
00090 CS:  0010 DS: 0000 ES: 0000 CR0: 0000000080050033
00090 CR2: 000055760376bed8 CR3: 0000000138a96000 CR4: 0000000000750eb0
00090 PKRU: 55555554
00090 Call Trace:
00090  <TASK>
00090  ? local_object_create+0x109/0x640 [obdclass]
00090  ? dt_write_lock+0x16d/0x2a0 [obdclass]
00090  ? llog_osd_create+0x356/0x1140 [obdclass]
00090  ? llog_create+0x2ed/0x530 [obdclass]
00090  ? llog_open_create+0x5af/0xb10 [obdclass]
00090  ? llog_test_11+0x2a4/0x1130 [llog_test]
00090  ? llog_test_9_sub+0x800/0x800 [llog_test]
00090  ? llog_run_tests+0x41b0/0x5ac0 [llog_test]
00090  ? get_random_u32+0x51/0x470
00090  ? llog_test_device_init+0x503/0x840 [llog_test]
00090  ? obd_setup+0x559/0x960 [obdclass]
00090  ? class_setup+0xc7d/0x10e0 [obdclass]
00090  ? class_process_config+0x2edb/0x7cb0 [obdclass]
00090  ? class_handle_ioctl+0x2055/0x3590 [obdclass]
00090  ? obd_class_ioctl+0x1f6/0x3c0 [obdclass]
00090  ? __x64_sys_ioctl+0x961/0xe00
00090  ? _copy_to_user+0x3d/0x60
00090  ? __x64_sys_rt_sigaction+0x107/0x140
00090  ? do_syscall_64+0xc1/0x350
00090  ? entry_SYSCALL_64_after_hwframe+0x4b/0x53
00090  </TASK>
00090 ---[ end trace 0000000000000000 ]---
00090 Lustre: 2176:0:(llog_test.c:2205:llog_test_11()) 11: size 8216 in 0 blocks after 1 rec
00090 Lustre: 2176:0:(llog_test.c:2207:llog_test_11()) 11: add few records
00090 Lustre: 2176:0:(llog_test.c:2224:llog_test_11()) 11: size 10616 in 0 blocks with few recs
00090 lctl (2176): drop_caches: 3
00090 Lustre: 2176:0:(llog_test.c:2250:llog_test_11()) 11: re-open the log by LOGID and verify llh_count
00090 Lustre: 2176:0:(llog_test.c:2265:llog_test_11()) 11: size 10616 in 0 blocks after re-open
00090 Lustre: 2176:0:(llog_test.c:2355:llog_test_12()) 12: create a catalog log with name: 92d8df37
00090 ------------[ cut here ]------------
00090 WARNING: /home/ktest/git/linux/include/linux/fs.h:889 at osd_create+0x9cf/0xcf0 [osd_wbcfs], CPU#1: lctl/2176
00090 Modules linked in: llog_test(O) mgs(O) osd_wbcfs(O) lustre(O) obdecho(O) mgc(O) mdc(O) lov(O) osc(O) lmv(O) ec(O) fid(O) fld(O) ptlrpc(O) efivarfs obdclass(O) ksocklnd(O) lnet(O) libcfs(O)
00090 CPU: 1 UID: 0 PID: 2176 Comm: lctl Tainted: G        W  O        7.0.0-ktest-1fbf6b8-6330a45-20260823-dirty #1 PREEMPT 
00090 Tainted: [W]=WARN, [O]=OOT_MODULE
00090 Hardware name: QEMU Standard PC (Q35 + ICH9, 2009), BIOS 2025.11-3ubuntu7 03/31/2026
00090 RIP: 0010:osd_create+0x9cf/0xcf0 [osd_wbcfs]
00090 Code: c7 c7 00 c6 7b a1 48 c7 c6 a0 42 7d a1 48 c7 c2 00 4c 7d a1 e8 82 dd 43 ff 48 c7 c7 00 c6 7b a1 e8 f6 6a 44 ff e9 fe fc ff ff <0f> 0b e9 a5 fa ff ff 48 c7 c1 80 44 5d a0 80 e1 07 80 c1 03 38 c1
00090 RSP: 0018:ffffc90005f87678 EFLAGS: 00010246
00090 RAX: 0000000000000000 RBX: ffff888035e6f800 RCX: 0000000000000046
00090 RDX: 0000000000000000 RSI: ffff8881afd51100 RDI: ffff888139474b18
00090 RBP: ffff8881afd51070 R08: ffffffff83a16803 R09: 1ffffffff0742d00
00090 R10: dffffc0000000000 R11: fffffbfff0742d01 R12: ffff88815ae37c00
00090 R13: dffffc0000000000 R14: 1ffff11006bcdf00 R15: 1ffff1102b5c6f8f
00090 FS:  00007f78cb644940(0000) GS:ffff88831e4aa000(0000) knlGS:0000000000000000
00090 CS:  0010 DS: 0000 ES: 0000 CR0: 0000000080050033
00090 CR2: 000055760376bed8 CR3: 0000000138a96000 CR4: 0000000000750eb0
00090 PKRU: 55555554
00090 Call Trace:
00090  <TASK>
00090  ? local_object_create+0x109/0x640 [obdclass]
00090  ? dt_write_lock+0x16d/0x2a0 [obdclass]
00090  ? llog_osd_create+0x356/0x1140 [obdclass]
00090  ? llog_create+0x2ed/0x530 [obdclass]
00090  ? llog_open_create+0x5af/0xb10 [obdclass]
00090  ? llog_test_12+0x40f/0x2d90 [llog_test]
00090  ? llog_test_11+0xc14/0x1130 [llog_test]
00090  ? llog_run_tests+0x4434/0x5ac0 [llog_test]
00090  ? get_random_u32+0x51/0x470
00090  ? llog_test_device_init+0x503/0x840 [llog_test]
00090  ? obd_setup+0x559/0x960 [obdclass]
00090  ? class_setup+0xc7d/0x10e0 [obdclass]
00090  ? class_process_config+0x2edb/0x7cb0 [obdclass]
00090  ? class_handle_ioctl+0x2055/0x3590 [obdclass]
00090  ? obd_class_ioctl+0x1f6/0x3c0 [obdclass]
00090  ? __x64_sys_ioctl+0x961/0xe00
00090  ? _copy_to_user+0x3d/0x60
00090  ? __x64_sys_rt_sigaction+0x107/0x140
00090  ? do_syscall_64+0xc1/0x350
00090  ? entry_SYSCALL_64_after_hwframe+0x4b/0x53
00090  </TASK>
00090 ---[ end trace 0000000000000000 ]---
00090 ------------[ cut here ]------------
00090 WARNING: /home/ktest/git/linux/include/linux/fs.h:889 at osd_create+0x9cf/0xcf0 [osd_wbcfs], CPU#1: lctl/2176
00090 Modules linked in: llog_test(O) mgs(O) osd_wbcfs(O) lustre(O) obdecho(O) mgc(O) mdc(O) lov(O) osc(O) lmv(O) ec(O) fid(O) fld(O) ptlrpc(O) efivarfs obdclass(O) ksocklnd(O) lnet(O) libcfs(O)
00090 CPU: 1 UID: 0 PID: 2176 Comm: lctl Tainted: G        W  O        7.0.0-ktest-1fbf6b8-6330a45-20260823-dirty #1 PREEMPT 
00090 Tainted: [W]=WARN, [O]=OOT_MODULE
00090 Hardware name: QEMU Standard PC (Q35 + ICH9, 2009), BIOS 2025.11-3ubuntu7 03/31/2026
00090 RIP: 0010:osd_create+0x9cf/0xcf0 [osd_wbcfs]
00090 Code: c7 c7 00 c6 7b a1 48 c7 c6 a0 42 7d a1 48 c7 c2 00 4c 7d a1 e8 82 dd 43 ff 48 c7 c7 00 c6 7b a1 e8 f6 6a 44 ff e9 fe fc ff ff <0f> 0b e9 a5 fa ff ff 48 c7 c1 80 44 5d a0 80 e1 07 80 c1 03 38 c1
00090 RSP: 0018:ffffc90005f87518 EFLAGS: 00010246
00090 RAX: 0000000000000000 RBX: ffff888035e6f000 RCX: 0000000000000046
00090 RDX: 0000000000000000 RSI: ffff8881afd509e8 RDI: ffff888139474b40
00090 RBP: ffff8881afd50958 R08: ffffffff83a16803 R09: 1ffffffff0742d00
00090 R10: dffffc0000000000 R11: fffffbfff0742d01 R12: ffff88815ae37c00
00090 R13: dffffc0000000000 R14: 1ffff11006bcde00 R15: 1ffff1102b5c6f8f
00090 FS:  00007f78cb644940(0000) GS:ffff88831e4aa000(0000) knlGS:0000000000000000
00090 CS:  0010 DS: 0000 ES: 0000 CR0: 0000000080050033
00090 CR2: 000055760376bed8 CR3: 0000000138a96000 CR4: 0000000000750eb0
00090 PKRU: 55555554
00090 Call Trace:
00090  <TASK>
00090  ? local_object_create+0x109/0x640 [obdclass]
00090  ? dt_write_lock+0x16d/0x2a0 [obdclass]
00090  ? llog_osd_create+0x356/0x1140 [obdclass]
00090  ? llog_create+0x2ed/0x530 [obdclass]
00090  ? llog_cat_new_log+0x6c3/0x2bf0 [obdclass]
00090  ? llog_cat_add_rec+0x6ba/0x1960 [obdclass]
00090  ? llog_cat_add+0x451/0x890 [obdclass]
00090  ? llog_test_12+0x68f/0x2d90 [llog_test]
00090  ? llog_test_11+0xc14/0x1130 [llog_test]
00090  ? llog_run_tests+0x4434/0x5ac0 [llog_test]
00090  ? get_random_u32+0x51/0x470
00090  ? llog_test_device_init+0x503/0x840 [llog_test]
00090  ? obd_setup+0x559/0x960 [obdclass]
00090  ? class_setup+0xc7d/0x10e0 [obdclass]
00090  ? class_process_config+0x2edb/0x7cb0 [obdclass]
00090  ? class_handle_ioctl+0x2055/0x3590 [obdclass]
00090  ? obd_class_ioctl+0x1f6/0x3c0 [obdclass]
00090  ? __x64_sys_ioctl+0x961/0xe00
00090  ? _copy_to_user+0x3d/0x60
00090  ? __x64_sys_rt_sigaction+0x107/0x140
00090  ? do_syscall_64+0xc1/0x350
00090  ? entry_SYSCALL_64_after_hwframe+0x4b/0x53
00090  </TASK>
00090 ---[ end trace 0000000000000000 ]---
00090 Lustre: 12: truncate 24 bytes
00090 Lustre: 12: re-open and process the catalog
00090 LustreError: 2176:0:(llog_osd.c:1248:llog_osd_next_block()) MGS0000-osd: invalid llog tail at log id [0xa:0x6:0x0] offset 8232 last_rec idx 8704 tail idx 275010875 lrt len 1 read_size 40
00090 LustreError: 2176:0:(llog.c:886:llog_process_thread()) MGS: local llog is corrupted [0xa:0x6:0x0] catalog index 1 count 2
00090 Lustre: 12: try to add to the catalog
00090 ------------[ cut here ]------------
00090 WARNING: /home/ktest/git/linux/include/linux/fs.h:889 at osd_create+0x9cf/0xcf0 [osd_wbcfs], CPU#1: lctl/2176
00090 Modules linked in: llog_test(O) mgs(O) osd_wbcfs(O) lustre(O) obdecho(O) mgc(O) mdc(O) lov(O) osc(O) lmv(O) ec(O) fid(O) fld(O) ptlrpc(O) efivarfs obdclass(O) ksocklnd(O) lnet(O) libcfs(O)
00090 CPU: 1 UID: 0 PID: 2176 Comm: lctl Tainted: G        W  O        7.0.0-ktest-1fbf6b8-6330a45-20260823-dirty #1 PREEMPT 
00090 Tainted: [W]=WARN, [O]=OOT_MODULE
00090 Hardware name: QEMU Standard PC (Q35 + ICH9, 2009), BIOS 2025.11-3ubuntu7 03/31/2026
00090 RIP: 0010:osd_create+0x9cf/0xcf0 [osd_wbcfs]
00090 Code: c7 c7 00 c6 7b a1 48 c7 c6 a0 42 7d a1 48 c7 c2 00 4c 7d a1 e8 82 dd 43 ff 48 c7 c7 00 c6 7b a1 e8 f6 6a 44 ff e9 fe fc ff ff <0f> 0b e9 a5 fa ff ff 48 c7 c1 80 44 5d a0 80 e1 07 80 c1 03 38 c1
00090 RSP: 0018:ffffc90005f87518 EFLAGS: 00010246
00090 RAX: 0000000000000000 RBX: ffff88819db88400 RCX: 0000000000000046
00090 RDX: 0000000000000000 RSI: ffff8881afd502d0 RDI: ffff888139474b40
00090 RBP: ffff8881afd50240 R08: ffffffff83a16803 R09: 1ffffffff0742d00
00090 R10: dffffc0000000000 R11: fffffbfff0742d01 R12: ffff88815ae37c00
00090 R13: dffffc0000000000 R14: 1ffff11033b71080 R15: 1ffff1102b5c6f8f
00090 FS:  00007f78cb644940(0000) GS:ffff88831e4aa000(0000) knlGS:0000000000000000
00090 CS:  0010 DS: 0000 ES: 0000 CR0: 0000000080050033
00090 CR2: 000055760376bed8 CR3: 0000000138a96000 CR4: 0000000000750eb0
00090 PKRU: 55555554
00090 Call Trace:
00090  <TASK>
00090  ? local_object_create+0x109/0x640 [obdclass]
00090  ? dt_write_lock+0x16d/0x2a0 [obdclass]
00090  ? llog_osd_create+0x356/0x1140 [obdclass]
00090  ? llog_create+0x2ed/0x530 [obdclass]
00090  ? llog_cat_new_log+0x6c3/0x2bf0 [obdclass]
00090  ? llog_cat_add_rec+0x6ba/0x1960 [obdclass]
00090  ? llog_cat_add+0x451/0x890 [obdclass]
00090  ? llog_test_12+0xfdb/0x2d90 [llog_test]
00090  ? llog_run_tests+0x4434/0x5ac0 [llog_test]
00090  ? get_random_u32+0x51/0x470
00090  ? llog_test_device_init+0x503/0x840 [llog_test]
00090  ? obd_setup+0x559/0x960 [obdclass]
00090  ? class_setup+0xc7d/0x10e0 [obdclass]
00090  ? class_process_config+0x2edb/0x7cb0 [obdclass]
00090  ? class_handle_ioctl+0x2055/0x3590 [obdclass]
00090  ? obd_class_ioctl+0x1f6/0x3c0 [obdclass]
00090  ? __x64_sys_ioctl+0x961/0xe00
00090  ? _copy_to_user+0x3d/0x60
00090  ? __x64_sys_rt_sigaction+0x107/0x140
00090  ? do_syscall_64+0xc1/0x350
00090  ? entry_SYSCALL_64_after_hwframe+0x4b/0x53
00090  </TASK>
00090 ---[ end trace 0000000000000000 ]---
00090 LustreError: 2176:0:(llog_osd.c:1231:llog_osd_next_block()) MGS0000-osd: invalid llog tail at log id [0x6:0xa:0x0]:0 offset 8297 tail idx 603979776 lrt len 1074261 read_size 105
00090 ------------[ cut here ]------------
00090 WARNING: /home/ktest/git/linux/include/linux/fs.h:889 at osd_create+0x9cf/0xcf0 [osd_wbcfs], CPU#1: lctl/2176
00090 Modules linked in: llog_test(O) mgs(O) osd_wbcfs(O) lustre(O) obdecho(O) mgc(O) mdc(O) lov(O) osc(O) lmv(O) ec(O) fid(O) fld(O) ptlrpc(O) efivarfs obdclass(O) ksocklnd(O) lnet(O) libcfs(O)
00090 CPU: 1 UID: 0 PID: 2176 Comm: lctl Tainted: G        W  O        7.0.0-ktest-1fbf6b8-6330a45-20260823-dirty #1 PREEMPT 
00090 Tainted: [W]=WARN, [O]=OOT_MODULE
00090 Hardware name: QEMU Standard PC (Q35 + ICH9, 2009), BIOS 2025.11-3ubuntu7 03/31/2026
00090 RIP: 0010:osd_create+0x9cf/0xcf0 [osd_wbcfs]
00090 Code: c7 c7 00 c6 7b a1 48 c7 c6 a0 42 7d a1 48 c7 c2 00 4c 7d a1 e8 82 dd 43 ff 48 c7 c7 00 c6 7b a1 e8 f6 6a 44 ff e9 fe fc ff ff <0f> 0b e9 a5 fa ff ff 48 c7 c1 80 44 5d a0 80 e1 07 80 c1 03 38 c1
00090 RSP: 0018:ffffc90005f87518 EFLAGS: 00010246
00090 RAX: 0000000000000000 RBX: ffff88819db8a000 RCX: 0000000000000046
00090 RDX: 0000000000000000 RSI: ffff888108167b68 RDI: ffff888139474b40
00090 RBP: ffff888108167ad8 R08: ffffffff83a16803 R09: 1ffffffff0742d00
00090 R10: dffffc0000000000 R11: fffffbfff0742d01 R12: ffff88815ae37c00
00090 R13: dffffc0000000000 R14: 1ffff11033b71400 R15: 1ffff1102b5c6f8f
00090 FS:  00007f78cb644940(0000) GS:ffff88831e4aa000(0000) knlGS:0000000000000000
00090 CS:  0010 DS: 0000 ES: 0000 CR0: 0000000080050033
00090 CR2: 000055760376bed8 CR3: 0000000138a96000 CR4: 0000000000750eb0
00090 PKRU: 55555554
00090 Call Trace:
00090  <TASK>
00090  ? local_object_create+0x109/0x640 [obdclass]
00090  ? dt_write_lock+0x16d/0x2a0 [obdclass]
00090  ? llog_osd_create+0x356/0x1140 [obdclass]
00090  ? llog_create+0x2ed/0x530 [obdclass]
00090  ? llog_cat_new_log+0x6c3/0x2bf0 [obdclass]
00090  ? llog_cat_add_rec+0x6ba/0x1960 [obdclass]
00090  ? llog_cat_add+0x451/0x890 [obdclass]
00090  ? llog_test_12+0xfdb/0x2d90 [llog_test]
00090  ? llog_run_tests+0x4434/0x5ac0 [llog_test]
00090  ? get_random_u32+0x51/0x470
00090  ? llog_test_device_init+0x503/0x840 [llog_test]
00090  ? obd_setup+0x559/0x960 [obdclass]
00090  ? class_setup+0xc7d/0x10e0 [obdclass]
00090  ? class_process_config+0x2edb/0x7cb0 [obdclass]
00090  ? class_handle_ioctl+0x2055/0x3590 [obdclass]
00090  ? obd_class_ioctl+0x1f6/0x3c0 [obdclass]
00090  ? __x64_sys_ioctl+0x961/0xe00
00090  ? _copy_to_user+0x3d/0x60
00090  ? __x64_sys_rt_sigaction+0x107/0x140
00090  ? do_syscall_64+0xc1/0x350
00090  ? entry_SYSCALL_64_after_hwframe+0x4b/0x53
00090  </TASK>
00090 ---[ end trace 0000000000000000 ]---
00090 ==================================================================
00090 BUG: KASAN: slab-out-of-bounds in llog_osd_next_block+0x13e1/0x3340 [obdclass]
00090 Read of size 4 at addr ffff88823c763036 by task lctl/2176
00090 
00090 CPU: 1 UID: 0 PID: 2176 Comm: lctl Tainted: G        W  O        7.0.0-ktest-1fbf6b8-6330a45-20260823-dirty #1 PREEMPT 
00090 Tainted: [W]=WARN, [O]=OOT_MODULE
00090 Hardware name: QEMU Standard PC (Q35 + ICH9, 2009), BIOS 2025.11-3ubuntu7 03/31/2026
00090 Call Trace:
00090  <TASK>
00090  dump_stack_lvl+0x52/0x80
00090  print_report+0xbc/0x260
00090  ? llog_osd_next_block+0x13e1/0x3340 [obdclass]
00090  kasan_report+0xa2/0xd0
00090  ? llog_osd_next_block+0x13e1/0x3340 [obdclass]
00090  llog_osd_next_block+0x13e1/0x3340 [obdclass]
00090  ? local_trylock_acquire+0x23/0x70
00090  llog_process_thread+0xdd7/0x4f70 [obdclass]
00090  ? entry_SYSCALL_64_after_hwframe+0x4b/0x53
00090  ? task_work_add+0x177/0x210
00090  llog_process_or_fork+0x656/0xc90 [obdclass]
00090  ? llog_cat_process+0x30/0x30 [obdclass]
00090  llog_cat_process_or_fork+0x780/0xdb0 [obdclass]
00090  ? llog_cat_process+0x30/0x30 [obdclass]
00090  ? llog_cancel_rec_cb+0x450/0x450 [llog_test]
00090  llog_cat_process+0x24/0x30 [obdclass]
00090  llog_test_12+0xf58/0x2d90 [llog_test]
00090  llog_run_tests+0x4434/0x5ac0 [llog_test]
00090  ? get_random_u32+0x51/0x470
00090  llog_test_device_init+0x503/0x840 [llog_test]
00090  obd_setup+0x559/0x960 [obdclass]
00090  class_setup+0xc7d/0x10e0 [obdclass]
00090  class_process_config+0x2edb/0x7cb0 [obdclass]
00090  class_handle_ioctl+0x2055/0x3590 [obdclass]
00090  obd_class_ioctl+0x1f6/0x3c0 [obdclass]
00090  __x64_sys_ioctl+0x961/0xe00
00090  ? _copy_to_user+0x3d/0x60
00090  ? __x64_sys_rt_sigaction+0x107/0x140
00090  do_syscall_64+0xc1/0x350
00090  entry_SYSCALL_64_after_hwframe+0x4b/0x53
00090 RIP: 0033:0x7f78cb524e1d
00090 Code: 04 25 28 00 00 00 48 89 45 c8 31 c0 48 8d 45 10 c7 45 b0 10 00 00 00 48 89 45 b8 48 8d 45 d0 48 89 45 c0 b8 10 00 00 00 0f 05 <89> c2 3d 00 f0 ff ff 77 1a 48 8b 45 c8 64 48 2b 04 25 28 00 00 00
00090 RSP: 002b:00007ffc0f18dd20 EFLAGS: 00000246 ORIG_RAX: 0000000000000010
00090 RAX: ffffffffffffffda RBX: 00007f78cb7c41f0 RCX: 00007f78cb524e1d
00090 RDX: 00007ffc0f18e000 RSI: 00000000c00866b8 RDI: 0000000000000003
00090 RBP: 00007ffc0f18dd70 R08: 00007ffc0f18ddc0 R09: 00007ffc0f18e000
00090 R10: 000055c19d077930 R11: 0000000000000246 R12: 00007ffc0f18e000
00090 R13: 000055c1856bd822 R14: 0000000000000000 R15: 00007ffc0f190080
00090  </TASK>
00090 
00090 The buggy address belongs to the object at ffff88823c760000
00090  which belongs to the cache kmalloc-8k of size 8192
00090 The buggy address is located 4150 bytes to the right of
00090  allocated 8192-byte region [ffff88823c760000, ffff88823c762000)
00090 
00090 The buggy address belongs to the physical page:
00090 page: refcount:0 mapcount:0 mapping:0000000000000000 index:0x0 pfn:0x23c760
00090 head: order:3 mapcount:0 entire_mapcount:0 nr_pages_mapped:0 pincount:0
00090 flags: 0x8000000000000040(head|zone=2)
00090 page_type: f5(slab)
00090 raw: 8000000000000040 ffff888100042e00 dead000000000122 0000000000000000
00090 raw: 0000000000000000 0000400000020002 00000000f5000000 ffff88823c762010
00090 head: 8000000000000040 ffff888100042e00 dead000000000122 0000000000000000
00090 head: 0000000000000000 0000400000020002 00000000f5000000 ffff88823c762010
00090 head: 8000000000000003 ffffea0008f1d801 00000000ffffffff 00000000ffffffff
00090 head: ffffffffffffffff 0000000000000000 00000000ffffffff 0000000000000008
00090 page dumped because: kasan: bad access detected
00090 
00090 Memory state around the buggy address:
00090  ffff88823c762f00: fc fc fc fc fc fc fc fc fc fc fc fc fc fc fc fc
00090  ffff88823c762f80: fc fc fc fc fc fc fc fc fc fc fc fc fc fc fc fc
00090 >ffff88823c763000: fc fc fc fc fc fc fc fc fc fc fc fc fc fc fc fc
00090                                      ^
00090  ffff88823c763080: fc fc fc fc fc fc fc fc fc fc fc fc fc fc fc fc
00090  ffff88823c763100: fc fc fc fc fc fc fc fc fc fc fc fc fc fc fc fc
00090 ==================================================================
00090 Disabling lock debugging due to kernel taint
00090 Lustre: 2176:0:(llog_test.c:2464:llog_test_12()) 12: put newly-created catalog
00090 Lustre: 2176:0:(llog_test.c:2532:llog_test_13()) 13a: create a catalog log with name: 92d8df37
00090 Lustre: 2176:0:(llog_test.c:2548:llog_test_13()) 13b: write 1 record into the catalog
00090 LustreError: 2176:0:(llog_test.c:2559:llog_test_13()) 13b: found 8 plain llogs
00090 Lustre: 2176:0:(llog_test.c:2561:llog_test_13()) 13c: erase plain llog
00090 LustreError: 2176:0:(llog_cat.c:404:llog_cat_id2handle()) MGS: error opening log id [0x1:0x4f:0x0]: rc = -2
00090 Lustre: 2176:0:(llog_test.c:2581:llog_test_13()) 13d: forward process: found=1708 rc=0
00090 Lustre: 2176:0:(llog_test.c:2585:llog_test_13()) 13e: erase another plain llog
00090 Lustre: 2176:0:(llog_test.c:2605:llog_test_13()) 13e: backward process: found=1367 rc=0
00090 Lustre: 2176:0:(llog_test.c:2608:llog_test_13()) 13f: put newly-created catalog
00095 ========= FAILED TIMEOUT llog-unit in 240s
Error 1 at /home/ktest/ktest/lib/libktest.sh 524 from: "$ktest_dir/lib/supervisor" -S -F -T "$ktest_timeout" -b "$test_basename" -o "$test_logdir" -f "$test_basename.$(date -Iseconds).log" -- "${qemu_cmd[@]}", exiting
Error 1 at ./qlkbuild 194 from: "$ktest_dir/lib/supervisor" -S -F -T "$ktest_timeout" -b "$test_basename" -o "$test_logdir" -f "$test_basename.$(date -Iseconds).log" -- "${qemu_cmd[@]}", exiting
Error 1 at ./qlkbuild 1262 from: "$ktest_dir/lib/supervisor" -S -F -T "$ktest_timeout" -b "$test_basename" -o "$test_logdir" -f "$test_basename.$(date -Iseconds).log" -- "${qemu_cmd[@]}", exiting
