CLI: ./pk --podman-socket unix:///run/podman/podman.sock --shared-filesystem /tmp --tarball-input job mainline-zfs --output /var/www/ci-lustre/upstream-patch-review --git-hash 210996307c52017de7a2e05b5f52d53e5cb0d308_mainline-zfs --change-id master-next_210996307c52017de7a2e05b5f52d53e5cb0d308_mainline-zfs --subject [mainline-zfs] Staging branch for new changes

Environment validated successfully
Note: custom LLVM is not synced in tarball input mode
Creating kernel tarball at /tmp/ktest-kernel.tar.gz...
Creating lustre tarball at /tmp/ktest-lustre.tar.gz...
Creating ZFS tarball at /tmp/ktest-zfs.tar.gz...
Executing 11 jobs
Jobs will start as soon as their dependencies are satisfied
Using tarball input mode

START ml-zfs-llmount:lustre_mainline build tests/fs/lustre/llmount.ktest
START ml-zfs-miscvm:lustre_mainline_native build tests/fs/lustre/boot.ktest
PUT /tmp/ktest-kernel.tar.gz 5s
PUT /tmp/ktest-kernel.tar.gz 5s
PUT /tmp/ktest-lustre.tar.gz 0s
PUT /tmp/ktest-lustre.tar.gz 0s
PUT /tmp/ktest-zfs.tar.gz 0s
PUT /tmp/ktest-zfs.tar.gz 0s
GET /tmp/ktest_ml-zfs-llmount:lustre_mainline_24wkzo2c.tar 0s
GET /tmp/ktest_ml-zfs-miscvm:lustre_mainline_native_9smu9iv6.tar 0s
END ml-zfs-llmount:lustre_mainline build tests/fs/lustre/llmount.ktest PASS 188s
START ml-zfs-llmount:boot run tests/fs/lustre/llmount.ktest
END ml-zfs-miscvm:lustre_mainline_native build tests/fs/lustre/boot.ktest PASS 189s
START ml-zfs-miscvm:boot run tests/fs/lustre/boot.ktest
START ml-zfs-miscvm:llmount run tests/fs/lustre/llmount.ktest
START ml-zfs-miscvm:llog-unit run tests/fs/lustre/llog-unit.ktest
START ml-zfs-miscvm:mgs-setup run tests/fs/lustre/mgs-setup.ktest
START ml-zfs-miscvm:sanity-1 run tests/fs/lustre/sanity/sanity-1.ktest
START ml-zfs-miscvm:sanity-2 run tests/fs/lustre/sanity/sanity-2.ktest
START ml-zfs-miscvm:sanity-3 run tests/fs/lustre/sanity/sanity-3.ktest
START ml-zfs-miscvm:sanity-4 run tests/fs/lustre/sanity/sanity-4.ktest
PUT /tmp/ktest-kernel.tar.gz 11s
PUT /tmp/ktest-kernel.tar.gz 11s
PUT /tmp/ktest-kernel.tar.gz 11s
PUT /tmp/ktest-kernel.tar.gz 12s
PUT /tmp/ktest-kernel.tar.gz 12s
PUT /tmp/ktest-kernel.tar.gz 12s
PUT /tmp/ktest-kernel.tar.gz 12s
PUT /tmp/ktest-kernel.tar.gz 12s
PUT /tmp/ktest-kernel.tar.gz 12s
PUT /tmp/ktest-lustre.tar.gz 2s
PUT /tmp/ktest-lustre.tar.gz 2s
PUT /tmp/ktest-lustre.tar.gz 2s
PUT /tmp/ktest-lustre.tar.gz 2s
PUT /tmp/ktest-lustre.tar.gz 1s
PUT /tmp/ktest-lustre.tar.gz 2s
PUT /tmp/ktest-lustre.tar.gz 2s
PUT /tmp/ktest-lustre.tar.gz 2s
PUT /tmp/ktest-lustre.tar.gz 3s
PUT /tmp/ktest_ml-zfs-miscvm:lustre_mainline_native_9smu9iv6.tar 0s
PUT /tmp/ktest_ml-zfs-miscvm:lustre_mainline_native_9smu9iv6.tar 0s
PUT /tmp/ktest_ml-zfs-miscvm:lustre_mainline_native_9smu9iv6.tar 0s
PUT /tmp/ktest_ml-zfs-miscvm:lustre_mainline_native_9smu9iv6.tar 0s
PUT /tmp/ktest_ml-zfs-miscvm:lustre_mainline_native_9smu9iv6.tar 0s
PUT /tmp/ktest_ml-zfs-miscvm:lustre_mainline_native_9smu9iv6.tar 0s
PUT /tmp/ktest_ml-zfs-miscvm:lustre_mainline_native_9smu9iv6.tar 0s
PUT /tmp/ktest_ml-zfs-llmount:lustre_mainline_24wkzo2c.tar 0s
PUT /tmp/ktest_ml-zfs-miscvm:lustre_mainline_native_9smu9iv6.tar 0s
END ml-zfs-miscvm:boot run tests/fs/lustre/boot.ktest PASS 30s
END ml-zfs-miscvm:mgs-setup run tests/fs/lustre/mgs-setup.ktest PASS 41s
END ml-zfs-miscvm:sanity-1 run tests/fs/lustre/sanity/sanity-1.ktest PASS 66s
END ml-zfs-miscvm:sanity-3 run tests/fs/lustre/sanity/sanity-3.ktest PASS 67s
END ml-zfs-miscvm:llmount run tests/fs/lustre/llmount.ktest PASS 70s
END ml-zfs-llmount:boot run tests/fs/lustre/llmount.ktest PASS 74s
END ml-zfs-miscvm:sanity-2 run tests/fs/lustre/sanity/sanity-2.ktest PASS 77s
END ml-zfs-miscvm:sanity-4 run tests/fs/lustre/sanity/sanity-4.ktest PASS 94s
END ml-zfs-miscvm:llog-unit run tests/fs/lustre/llog-unit.ktest PASS 258s

============================================================
Final Results:
  ml-zfs-llmount:lustre_mainline: PASS (188s) (log: /var/www/ci-lustre/upstream-patch-review/210996307c52017de7a2e05b5f52d53e5cb0d308_mainline-zfs_ml-zfs-llmount:lustre_mainline.log)
  ml-zfs-llmount:boot: PASS (74s) (log: /var/www/ci-lustre/upstream-patch-review/210996307c52017de7a2e05b5f52d53e5cb0d308_mainline-zfs_ml-zfs-llmount:boot.log)
  ml-zfs-miscvm:lustre_mainline_native: PASS (189s) (log: /var/www/ci-lustre/upstream-patch-review/210996307c52017de7a2e05b5f52d53e5cb0d308_mainline-zfs_ml-zfs-miscvm:lustre_mainline_native.log)
  ml-zfs-miscvm:boot: PASS (30s) (log: /var/www/ci-lustre/upstream-patch-review/210996307c52017de7a2e05b5f52d53e5cb0d308_mainline-zfs_ml-zfs-miscvm:boot.log)
  ml-zfs-miscvm:llmount: PASS (70s) (log: /var/www/ci-lustre/upstream-patch-review/210996307c52017de7a2e05b5f52d53e5cb0d308_mainline-zfs_ml-zfs-miscvm:llmount.log)
  ml-zfs-miscvm:llog-unit: PASS (258s) (log: /var/www/ci-lustre/upstream-patch-review/210996307c52017de7a2e05b5f52d53e5cb0d308_mainline-zfs_ml-zfs-miscvm:llog-unit.log)
  ml-zfs-miscvm:mgs-setup: PASS (41s) (log: /var/www/ci-lustre/upstream-patch-review/210996307c52017de7a2e05b5f52d53e5cb0d308_mainline-zfs_ml-zfs-miscvm:mgs-setup.log)
  ml-zfs-miscvm:sanity-1: PASS (66s) (log: /var/www/ci-lustre/upstream-patch-review/210996307c52017de7a2e05b5f52d53e5cb0d308_mainline-zfs_ml-zfs-miscvm:sanity-1.log)
  ml-zfs-miscvm:sanity-2: PASS (77s) (log: /var/www/ci-lustre/upstream-patch-review/210996307c52017de7a2e05b5f52d53e5cb0d308_mainline-zfs_ml-zfs-miscvm:sanity-2.log)
  ml-zfs-miscvm:sanity-3: PASS (67s) (log: /var/www/ci-lustre/upstream-patch-review/210996307c52017de7a2e05b5f52d53e5cb0d308_mainline-zfs_ml-zfs-miscvm:sanity-3.log)
  ml-zfs-miscvm:sanity-4: PASS (94s) (log: /var/www/ci-lustre/upstream-patch-review/210996307c52017de7a2e05b5f52d53e5cb0d308_mainline-zfs_ml-zfs-miscvm:sanity-4.log)

Total execution time: 477s

Packed 130 logs from /var/www/ci-lustre/upstream-patch-review into /home/ktest/ktest/local-site/local_data.js
Open /home/ktest/ktest/local-site/index.html in a browser
