00001 
00002 init: failed to load nvme_core
00002 init: failed to load nvme
00004 LNetError: 1:0:(lib-socket.c:619:lnet_inet_enumerate()) lnet: Can't find any usable interfaces, rc = -ENOENT
00004 LNetError: Error -100 starting up LNI tcp
00004 LustreError: 1:0:(events.c:627:ptlrpc_init_portals()) network initialisation failed: rc = -100
00004 init: finit_module /lib/modules/7.0.0-ktest-2109963-6330a45-20260804-dirty/updates/ptlrpc.ko: Network is down
00004 init: failed to load lustre
00004 init: finit_module /lib/modules/7.0.0-ktest-2109963-6330a45-20260804-dirty/updates/lquota.ko: No such file or directory
00004 init: failed to load osd_zfs
00004 init: failed to load iwlwifi
00004 init: failed to load iwlmvm
00004 init: failed to load mt7921e
00004 init: failed to load i915
00004 init: failed to load nouveau
00014 tlp: vm.laptop_mode is deprecated. Ignoring setting.
00014 Kernel version: 7.0.0-ktest-2109963-6330a45-20260804-dirty
00014 hook init_noop
00014 
00014 Running tests llmount
00014 
00014 ========= TEST   llmount
00017 SETUP LUSTRE ... LNet: Added LNI 10.0.2.15@tcp [8/256/0/180]
00018 Lustre: Echo OBD driver; http://www.lustre.org/
00019 Lustre: 2144:0:(mdt_handler.c:64:mdt_max_mod_rpcs_per_client_set()) max_mod_rpcs_per_client is deprecated, set mdt.*.max_mod_rpcs_in_flight parameter instead
00019 Lustre: ctl-lustre-MDT0000: No data found on store. Initialize space.
00019 Lustre: lustre-MDT0000: new disk, initializing
00019 llog_process_th (2164) used greatest stack depth: 25528 bytes left
00019 Lustre: lustre-MDT0000: Imperative Recovery not enabled, recovery window 300-900
00019 Lustre: ctl-lustre-MDT0000: super-sequence allocation rc = 0 [0x0000000200000400-0x0000000240000400]:0:mdt
00019 Lustre: cli-ctl-lustre-MDT0001: Allocated super-sequence [0x0000000240000400-0x0000000280000400]:1:mdt]
00020 Lustre: lustre-OST0000: new disk, initializing
00020 Lustre: Skipped 1 previous similar message
00020 Lustre: srv-lustre-OST0000: No data found on store. Initialize space.
00020 Lustre: Skipped 2 previous similar messages
00020 Lustre: lustre-OST0000: Imperative Recovery not enabled, recovery window 300-900
00020 Lustre: Skipped 1 previous similar message
00029 Lustre: ctl-lustre-MDT0000: super-sequence allocation rc = 0 [0x0000000280000400-0x00000002c0000400]:0:ost
00029 Lustre: Skipped 1 previous similar message
00029 Lustre: cli-lustre-OST0000-super: Allocated super-sequence [0x0000000280000400-0x00000002c0000400]:0:ost]
00029 Lustre: lustre-OST0000-osc-MDT0000: update sequence from 0x100000000 to 0x280000401
00029 Lustre: lustre-OST0001-osc-MDT0000: update sequence from 0x100010000 to 0x2c0000401
00034 Lustre: lustre-MDT0000: local client 20699044-f373-4c83-ac12-1e154585b29a w/o recovery
00034 Lustre: Skipped 1 previous similar message
00034 Lustre: Mounted lustre-client - version 2.17.56_114_g2109963
00034 lustre-ktest (1971) used greatest stack depth: 24328 bytes left
00034 Lustre: 2743:0:(mdt_lproc.c:313:identity_upcall_store()) lustre-MDT0000: disable "identity_upcall" with ACL enabled maybe cause unexpected "EACCESS"
00035 20s
00045 CLEANUP LUSTRE ... Lustre: Unmounted lustre-client
00047 Lustre: server umount lustre-OST0000 complete
00050 LustreError: lustre-OST0000-osc-MDT0001: operation ost_statfs to node 0@lo failed: rc = -107
00050 Lustre: lustre-OST0000-osc-MDT0000: Connection to lustre-OST0000 (at 0@lo) was lost; in progress operations using this service will wait for recovery to complete
00050 LustreError: Skipped 1 previous similar message
00050 Lustre: lustre-OST0001: Not available for connect from 0@lo (stopping)
00050 Lustre: Skipped 1 previous similar message
00053 Lustre: server umount lustre-OST0001 complete
00055 LustreError: lustre-MDT0001-osp-MDT0000: operation mds_statfs to node 0@lo failed: rc = -107
00055 LustreError: Skipped 2 previous similar messages
00055 Lustre: lustre-MDT0001-osp-MDT0000: Connection to lustre-MDT0001 (at 0@lo) was lost; in progress operations using this service will wait for recovery to complete
00055 Lustre: Skipped 3 previous similar messages
00055 Lustre: lustre-MDT0001: Not available for connect from 0@lo (stopping)
00055 Lustre: server umount lustre-MDT0001 complete
00055 Lustre: server umount lustre-MDT0000 complete
00055 11s
00056 
00056 ========= PASSED llmount in 41s
00056 
00056 Passed: llmount
00056 Failed: 
00056 NOTICE: Automounting of tracing to debugfs is deprecated and will be removed in 2030
00056 Kernel version: 7.0.0-ktest-2109963-6330a45-20260804-dirty
00056 TEST SUCCESS
