CLI: ./pk --podman-socket unix:///run/podman/podman.sock --shared-filesystem /tmp --tarball-input job lustre-ci --output /var/www/ci-lustre/upstream-patch-review --git-hash 218a6f969c266b38755e5bec3a60aa551fa62cea --change-id 65994_218a6f969c266b38755e5bec3a60aa551fa62cea --subject LU-19276 llapi: add llapi_name_validate() helper

Environment validated successfully
Note: custom LLVM is not synced in tarball input mode
Creating kernel tarball at /tmp/ktest-kernel.tar.gz...
Creating lustre tarball at /tmp/ktest-lustre.tar.gz...
Creating ZFS tarball at /tmp/ktest-zfs.tar.gz...
Executing 14 jobs
Jobs will start as soon as their dependencies are satisfied
Using tarball input mode

START checkpatch:checkpatch tool checkpatch
START ml-miscvm:lustre_mainline_native build tests/fs/lustre/boot.ktest
START ml:lustre_mainline build tests/fs/lustre/boot.ktest
START al2023:al2023 build tests/fs/lustre/boot.ktest
START u24:u24 build tests/fs/lustre/boot.ktest
START ml-strict:lustre_mainline build tests/fs/lustre/boot-strict.ktest
PUT /tmp/ktest-lustre.tar.gz 1s
PUT /tmp/ktest-lustre.tar.gz 1s
PUT /tmp/ktest-kernel.tar.gz 6s
PUT /tmp/ktest-kernel.tar.gz 6s
PUT /tmp/ktest-kernel.tar.gz 6s
PUT /tmp/ktest-kernel.tar.gz 7s
PUT /tmp/ktest-lustre.tar.gz 1s
PUT /tmp/ktest-lustre.tar.gz 2s
PUT /tmp/ktest-lustre.tar.gz 1s
PUT /tmp/ktest-lustre.tar.gz 2s
PUT /tmp/ktest-zfs.tar.gz 0s
PUT /tmp/ktest-zfs.tar.gz 0s
PUT /tmp/ktest-zfs.tar.gz 0s
END checkpatch:checkpatch tool checkpatch FAIL 12s (exit code: 1)
END u24:u24 build tests/fs/lustre/boot.ktest FAIL 33s (exit code: 2)
END al2023:al2023 build tests/fs/lustre/boot.ktest FAIL 40s (exit code: 2)
GET /tmp/ktest_ml-strict:lustre_mainline_1r0xlzgp.tar 4s
END ml-strict:lustre_mainline build tests/fs/lustre/boot-strict.ktest FAIL 137s (exit code: 1)
GET /tmp/ktest_ml-miscvm:lustre_mainline_native_qy2tud3i.tar 6s
GET /tmp/ktest_ml:lustre_mainline_bjemiyrm.tar 6s
END ml-miscvm:lustre_mainline_native build tests/fs/lustre/boot.ktest FAIL 141s (exit code: 1)
END ml:lustre_mainline build tests/fs/lustre/boot.ktest FAIL 143s (exit code: 1)

============================================================
Final Results:
  checkpatch:checkpatch: FAIL (12s) (log: /var/www/ci-lustre/upstream-patch-review/218a6f969c266b38755e5bec3a60aa551fa62cea_checkpatch:checkpatch.log)
  u24:u24: FAIL (33s) (log: /var/www/ci-lustre/upstream-patch-review/218a6f969c266b38755e5bec3a60aa551fa62cea_u24:u24.log)
  al2023:al2023: FAIL (40s) (log: /var/www/ci-lustre/upstream-patch-review/218a6f969c266b38755e5bec3a60aa551fa62cea_al2023:al2023.log)
  ml-strict:lustre_mainline: FAIL (137s) (log: /var/www/ci-lustre/upstream-patch-review/218a6f969c266b38755e5bec3a60aa551fa62cea_ml-strict:lustre_mainline.log)
  ml:lustre_mainline: FAIL (143s) (log: /var/www/ci-lustre/upstream-patch-review/218a6f969c266b38755e5bec3a60aa551fa62cea_ml:lustre_mainline.log)
  ml-miscvm:lustre_mainline_native: FAIL (141s) (log: /var/www/ci-lustre/upstream-patch-review/218a6f969c266b38755e5bec3a60aa551fa62cea_ml-miscvm:lustre_mainline_native.log)
  ml-miscvm:boot: SKIPPED (due to dependency failure)
  ml-miscvm:llmount: SKIPPED (due to dependency failure)
  ml-miscvm:llog-unit: SKIPPED (due to dependency failure)
  ml-miscvm:mgs-setup: SKIPPED (due to dependency failure)
  ml-miscvm:sanity-1: SKIPPED (due to dependency failure)
  ml-miscvm:sanity-2: SKIPPED (due to dependency failure)
  ml-miscvm:sanity-3: SKIPPED (due to dependency failure)
  ml-miscvm:sanity-4: SKIPPED (due to dependency failure)

Total execution time: 171s

Packed 14505 logs from /var/www/ci-lustre/upstream-patch-review into /home/ktest/ktest/local-site/local_data.js
Open /home/ktest/ktest/local-site/index.html in a browser
