00000 
00002 init: failed to load nvme_core
00002 init: failed to load nvme
00002 init: failed to load zfs
00003 LNetError: 1:0:(lib-socket.c:619:lnet_inet_enumerate()) lnet: Can't find any usable interfaces, rc = -ENOENT
00003 LNetError: Error -100 starting up LNI tcp
00003 LustreError: 1:0:(events.c:627:ptlrpc_init_portals()) network initialisation failed: rc = -100
00004 init: finit_module /lib/modules/7.0.0-ktest-21b7818-6330a45-20260817-dirty/updates/ptlrpc.ko: Network is down
00004 init: failed to load lustre
00004 init: failed to load osd_zfs
00004 init: failed to load iwlwifi
00004 init: failed to load iwlmvm
00004 init: failed to load mt7921e
00004 init: failed to load i915
00004 init: failed to load nouveau
00007 tlp: vm.laptop_mode is deprecated. Ignoring setting.
00008 Kernel version: 7.0.0-ktest-21b7818-6330a45-20260817-dirty
00008 hook init_noop
00008 
00008 Running tests llmount
00008 
00008 ========= TEST   llmount
00012 SETUP LUSTRE ... LNet: Added LNI 10.0.2.15@tcp [8/256/0/180]
00013 Lustre: Echo OBD driver; http://www.lustre.org/
00013 Lustre: 1910:0:(mdt_handler.c:64:mdt_max_mod_rpcs_per_client_set()) max_mod_rpcs_per_client is deprecated, set mdt.*.max_mod_rpcs_in_flight parameter instead
00013 Lustre: ctl-lustre-MDT0000: No data found on store. Initialize space.
00013 Lustre: lustre-MDT0000: new disk, initializing
00013 Lustre: lustre-MDT0000: Imperative Recovery not enabled, recovery window 300-900
00013 Lustre: ctl-lustre-MDT0000: super-sequence allocation rc = 0 [0x0000000200000400-0x0000000240000400]:0:mdt
00013 Lustre: cli-ctl-lustre-MDT0001: Allocated super-sequence [0x0000000240000400-0x0000000280000400]:1:mdt]
00019 Lustre: ctl-lustre-MDT0000: super-sequence allocation rc = 0 [0x0000000280000400-0x00000002c0000400]:0:ost
00019 Lustre: Skipped 1 previous similar message
00019 Lustre: cli-lustre-OST0000-super: Allocated super-sequence [0x0000000280000400-0x00000002c0000400]:0:ost]
00019 Lustre: lustre-OST0000-osc-MDT0000: update sequence from 0x100000000 to 0x280000401
00019 Lustre: lustre-OST0001-osc-MDT0000: update sequence from 0x100010000 to 0x2c0000401
00040 Lustre: lustre-MDT0000: local client 96d25bc6-7ff8-4390-9146-4f5108df1d0e w/o recovery
00040 Lustre: Skipped 1 previous similar message
00040 Lustre: client wants to enable acl, but mdt not!
00040 Lustre: Mounted lustre-client - version 2.17.57
00040 lustre-ktest (1890) used greatest stack depth: 24224 bytes left
00040 32s
00050 CLEANUP LUSTRE ... Lustre: Unmounted lustre-client
00050 Lustre: server umount lustre-OST0000 complete
00050 Lustre: server umount lustre-OST0001 complete
00054 hrtimer: interrupt took 15830 ns
00055 LustreError: lustre-MDT0001-osp-MDT0000: operation mds_statfs to node 0@lo failed: rc = -107
00055 Lustre: lustre-MDT0001-osp-MDT0000: Connection to lustre-MDT0001 (at 0@lo) was lost; in progress operations using this service will wait for recovery to complete
00055 Lustre: lustre-MDT0001: Not available for connect from 0@lo (stopping)
00060 Lustre: server umount lustre-MDT0001 complete
00070 Lustre: server umount lustre-MDT0000 complete
00070 20s
00070 
00070 ========= PASSED llmount in 62s
00070 
00070 Passed: llmount
00070 Failed: 
00070 NOTICE: Automounting of tracing to debugfs is deprecated and will be removed in 2030
00070 Kernel version: 7.0.0-ktest-21b7818-6330a45-20260817-dirty
00070 TEST SUCCESS
