CLI: ./pk --podman-socket unix:///run/podman/podman.sock --shared-filesystem /tmp --tarball-input job lustre-ci --output /var/www/ci-lustre/upstream-patch-review --git-hash 2202cd57ecc3d650fd500d5b029aa3303d984f75 --change-id 66466_2202cd57ecc3d650fd500d5b029aa3303d984f75 --subject LU-18681 target: histogram of client reconnect times

Environment validated successfully
Note: custom LLVM is not synced in tarball input mode
Creating kernel tarball at /tmp/ktest-kernel.tar.gz...
Creating lustre tarball at /tmp/ktest-lustre.tar.gz...
Creating ZFS tarball at /tmp/ktest-zfs.tar.gz...
Executing 14 jobs
Jobs will start as soon as their dependencies are satisfied
Using tarball input mode

START u24:u24 build tests/fs/lustre/boot.ktest
START al2023:al2023 build tests/fs/lustre/boot.ktest
START ml:lustre_mainline build tests/fs/lustre/boot.ktest
START ml-strict:lustre_mainline build tests/fs/lustre/boot-strict.ktest
START checkpatch:checkpatch tool checkpatch
START ml-miscvm:lustre_mainline_native build tests/fs/lustre/boot.ktest
PUT /tmp/ktest-lustre.tar.gz 1s
PUT /tmp/ktest-lustre.tar.gz 1s
PUT /tmp/ktest-kernel.tar.gz 9s
PUT /tmp/ktest-kernel.tar.gz 9s
PUT /tmp/ktest-kernel.tar.gz 10s
PUT /tmp/ktest-kernel.tar.gz 10s
PUT /tmp/ktest-lustre.tar.gz 3s
PUT /tmp/ktest-lustre.tar.gz 3s
PUT /tmp/ktest-lustre.tar.gz 3s
PUT /tmp/ktest-lustre.tar.gz 3s
PUT /tmp/ktest-zfs.tar.gz 0s
PUT /tmp/ktest-zfs.tar.gz 0s
PUT /tmp/ktest-zfs.tar.gz 0s
END checkpatch:checkpatch tool checkpatch FAIL 16s (exit code: 1)
END u24:u24 build tests/fs/lustre/boot.ktest PASS 43s
END al2023:al2023 build tests/fs/lustre/boot.ktest PASS 49s
GET /tmp/ktest_ml-strict:lustre_mainline_6jmdcmbb.tar 7s
END ml-strict:lustre_mainline build tests/fs/lustre/boot-strict.ktest FAIL 192s (exit code: 1)
GET /tmp/ktest_ml-miscvm:lustre_mainline_native_a9017q38.tar 0s
GET /tmp/ktest_ml:lustre_mainline_wp9adlgu.tar 0s
END ml-miscvm:lustre_mainline_native build tests/fs/lustre/boot.ktest PASS 204s
START ml-miscvm:boot run tests/fs/lustre/boot.ktest
START ml-miscvm:llmount run tests/fs/lustre/llmount.ktest
START ml-miscvm:llog-unit run tests/fs/lustre/llog-unit.ktest
START ml-miscvm:mgs-setup run tests/fs/lustre/mgs-setup.ktest
START ml-miscvm:sanity-1 run tests/fs/lustre/sanity/sanity-1.ktest
START ml-miscvm:sanity-2 run tests/fs/lustre/sanity/sanity-2.ktest
START ml-miscvm:sanity-3 run tests/fs/lustre/sanity/sanity-3.ktest
START ml-miscvm:sanity-4 run tests/fs/lustre/sanity/sanity-4.ktest
END ml:lustre_mainline build tests/fs/lustre/boot.ktest PASS 206s
PUT /tmp/ktest-kernel.tar.gz 46s
PUT /tmp/ktest-kernel.tar.gz 46s
PUT /tmp/ktest-kernel.tar.gz 46s
PUT /tmp/ktest-kernel.tar.gz 46s
PUT /tmp/ktest-kernel.tar.gz 46s
PUT /tmp/ktest-kernel.tar.gz 47s
PUT /tmp/ktest-kernel.tar.gz 47s
PUT /tmp/ktest-kernel.tar.gz 47s
PUT /tmp/ktest-lustre.tar.gz 9s
PUT /tmp/ktest-lustre.tar.gz 9s
PUT /tmp/ktest-lustre.tar.gz 9s
PUT /tmp/ktest-lustre.tar.gz 10s
PUT /tmp/ktest-lustre.tar.gz 9s
PUT /tmp/ktest-lustre.tar.gz 9s
PUT /tmp/ktest-lustre.tar.gz 10s
PUT /tmp/ktest-lustre.tar.gz 10s
PUT /tmp/ktest_ml-miscvm:lustre_mainline_native_a9017q38.tar 0s
PUT /tmp/ktest_ml-miscvm:lustre_mainline_native_a9017q38.tar 0s
PUT /tmp/ktest_ml-miscvm:lustre_mainline_native_a9017q38.tar 0s
PUT /tmp/ktest_ml-miscvm:lustre_mainline_native_a9017q38.tar 0s
PUT /tmp/ktest_ml-miscvm:lustre_mainline_native_a9017q38.tar 0s
PUT /tmp/ktest_ml-miscvm:lustre_mainline_native_a9017q38.tar 0s
PUT /tmp/ktest_ml-miscvm:lustre_mainline_native_a9017q38.tar 0s
PUT /tmp/ktest_ml-miscvm:lustre_mainline_native_a9017q38.tar 0s
END ml-miscvm:boot run tests/fs/lustre/boot.ktest PASS 69s
END ml-miscvm:mgs-setup run tests/fs/lustre/mgs-setup.ktest PASS 78s
END ml-miscvm:sanity-1 run tests/fs/lustre/sanity/sanity-1.ktest PASS 107s
END ml-miscvm:sanity-2 run tests/fs/lustre/sanity/sanity-2.ktest PASS 108s
END ml-miscvm:llmount run tests/fs/lustre/llmount.ktest PASS 119s
END ml-miscvm:sanity-3 run tests/fs/lustre/sanity/sanity-3.ktest PASS 120s
END ml-miscvm:sanity-4 run tests/fs/lustre/sanity/sanity-4.ktest PASS 121s
END ml-miscvm:llog-unit run tests/fs/lustre/llog-unit.ktest FAIL 156s (exit code: 1)

============================================================
Final Results:
  checkpatch:checkpatch: FAIL (16s) (log: /var/www/ci-lustre/upstream-patch-review/2202cd57ecc3d650fd500d5b029aa3303d984f75_checkpatch:checkpatch.log)
  u24:u24: PASS (43s) (log: /var/www/ci-lustre/upstream-patch-review/2202cd57ecc3d650fd500d5b029aa3303d984f75_u24:u24.log)
  al2023:al2023: PASS (49s) (log: /var/www/ci-lustre/upstream-patch-review/2202cd57ecc3d650fd500d5b029aa3303d984f75_al2023:al2023.log)
  ml-strict:lustre_mainline: FAIL (192s) (log: /var/www/ci-lustre/upstream-patch-review/2202cd57ecc3d650fd500d5b029aa3303d984f75_ml-strict:lustre_mainline.log)
  ml:lustre_mainline: PASS (206s) (log: /var/www/ci-lustre/upstream-patch-review/2202cd57ecc3d650fd500d5b029aa3303d984f75_ml:lustre_mainline.log)
  ml-miscvm:lustre_mainline_native: PASS (204s) (log: /var/www/ci-lustre/upstream-patch-review/2202cd57ecc3d650fd500d5b029aa3303d984f75_ml-miscvm:lustre_mainline_native.log)
  ml-miscvm:boot: PASS (69s) (log: /var/www/ci-lustre/upstream-patch-review/2202cd57ecc3d650fd500d5b029aa3303d984f75_ml-miscvm:boot.log)
  ml-miscvm:llmount: PASS (119s) (log: /var/www/ci-lustre/upstream-patch-review/2202cd57ecc3d650fd500d5b029aa3303d984f75_ml-miscvm:llmount.log)
  ml-miscvm:llog-unit: FAIL (156s) (log: /var/www/ci-lustre/upstream-patch-review/2202cd57ecc3d650fd500d5b029aa3303d984f75_ml-miscvm:llog-unit.log)
  ml-miscvm:mgs-setup: PASS (78s) (log: /var/www/ci-lustre/upstream-patch-review/2202cd57ecc3d650fd500d5b029aa3303d984f75_ml-miscvm:mgs-setup.log)
  ml-miscvm:sanity-1: PASS (107s) (log: /var/www/ci-lustre/upstream-patch-review/2202cd57ecc3d650fd500d5b029aa3303d984f75_ml-miscvm:sanity-1.log)
  ml-miscvm:sanity-2: PASS (108s) (log: /var/www/ci-lustre/upstream-patch-review/2202cd57ecc3d650fd500d5b029aa3303d984f75_ml-miscvm:sanity-2.log)
  ml-miscvm:sanity-3: PASS (120s) (log: /var/www/ci-lustre/upstream-patch-review/2202cd57ecc3d650fd500d5b029aa3303d984f75_ml-miscvm:sanity-3.log)
  ml-miscvm:sanity-4: PASS (121s) (log: /var/www/ci-lustre/upstream-patch-review/2202cd57ecc3d650fd500d5b029aa3303d984f75_ml-miscvm:sanity-4.log)

Total execution time: 391s

Packed 1457 logs from /var/www/ci-lustre/upstream-patch-review into /home/ktest/ktest/local-site/local_data.js
Open /home/ktest/ktest/local-site/index.html in a browser
