CLI: ./pk --podman-socket unix:///run/podman/podman.sock --shared-filesystem /tmp --tarball-input job lustre-ci --output /var/www/ci-lustre/upstream-patch-review --git-hash 2207ccdd85fe220e3cd4624ba8cbbf1b01fad0c6 --change-id 67531_2207ccdd85fe220e3cd4624ba8cbbf1b01fad0c6 --subject LU-11714 tests: add debugging for sanity/133d

Environment validated successfully
Note: custom LLVM is not synced in tarball input mode
Creating kernel tarball at /tmp/ktest-kernel.tar.gz...
Creating lustre tarball at /tmp/ktest-lustre.tar.gz...
Creating ZFS tarball at /tmp/ktest-zfs.tar.gz...
Executing 14 jobs
Jobs will start as soon as their dependencies are satisfied
Using tarball input mode

START checkpatch:checkpatch tool checkpatch
START ml:lustre_mainline build tests/fs/lustre/boot.ktest
START al2023:al2023 build tests/fs/lustre/boot.ktest
START ml-miscvm:lustre_mainline_native build tests/fs/lustre/boot.ktest
START u24:u24 build tests/fs/lustre/boot.ktest
START ml-strict:lustre_mainline build tests/fs/lustre/boot-strict.ktest
PUT /tmp/ktest-lustre.tar.gz 1s
PUT /tmp/ktest-lustre.tar.gz 1s
PUT /tmp/ktest-kernel.tar.gz 11s
PUT /tmp/ktest-kernel.tar.gz 11s
PUT /tmp/ktest-kernel.tar.gz 11s
PUT /tmp/ktest-kernel.tar.gz 11s
PUT /tmp/ktest-lustre.tar.gz 1s
PUT /tmp/ktest-lustre.tar.gz 1s
PUT /tmp/ktest-lustre.tar.gz 1s
PUT /tmp/ktest-lustre.tar.gz 2s
PUT /tmp/ktest-zfs.tar.gz 0s
PUT /tmp/ktest-zfs.tar.gz 0s
PUT /tmp/ktest-zfs.tar.gz 0s
END checkpatch:checkpatch tool checkpatch PASS 15s
END u24:u24 build tests/fs/lustre/boot.ktest PASS 42s
END al2023:al2023 build tests/fs/lustre/boot.ktest PASS 46s
GET /tmp/ktest_ml:lustre_mainline_3wa2ctya.tar 0s
END ml:lustre_mainline build tests/fs/lustre/boot.ktest PASS 142s
GET /tmp/ktest_ml-miscvm:lustre_mainline_native_lzzaz0xn.tar 0s
END ml-miscvm:lustre_mainline_native build tests/fs/lustre/boot.ktest PASS 147s
START ml-miscvm:boot run tests/fs/lustre/boot.ktest
START ml-miscvm:llmount run tests/fs/lustre/llmount.ktest
START ml-miscvm:llog-unit run tests/fs/lustre/llog-unit.ktest
START ml-miscvm:mgs-setup run tests/fs/lustre/mgs-setup.ktest
START ml-miscvm:sanity-1 run tests/fs/lustre/sanity/sanity-1.ktest
START ml-miscvm:sanity-2 run tests/fs/lustre/sanity/sanity-2.ktest
START ml-miscvm:sanity-3 run tests/fs/lustre/sanity/sanity-3.ktest
START ml-miscvm:sanity-4 run tests/fs/lustre/sanity/sanity-4.ktest
GET /tmp/ktest_ml-strict:lustre_mainline_upm37_g8.tar 4s
END ml-strict:lustre_mainline build tests/fs/lustre/boot-strict.ktest FAIL 150s (exit code: 1)
PUT /tmp/ktest-kernel.tar.gz 24s
PUT /tmp/ktest-kernel.tar.gz 24s
PUT /tmp/ktest-kernel.tar.gz 24s
PUT /tmp/ktest-kernel.tar.gz 24s
PUT /tmp/ktest-kernel.tar.gz 21s
PUT /tmp/ktest-kernel.tar.gz 24s
PUT /tmp/ktest-kernel.tar.gz 22s
PUT /tmp/ktest-kernel.tar.gz 22s
PUT /tmp/ktest-lustre.tar.gz 5s
PUT /tmp/ktest-lustre.tar.gz 4s
PUT /tmp/ktest-lustre.tar.gz 4s
PUT /tmp/ktest-lustre.tar.gz 4s
PUT /tmp/ktest-lustre.tar.gz 4s
PUT /tmp/ktest-lustre.tar.gz 5s
PUT /tmp/ktest-lustre.tar.gz 5s
PUT /tmp/ktest-lustre.tar.gz 5s
PUT /tmp/ktest_ml-miscvm:lustre_mainline_native_lzzaz0xn.tar 0s
PUT /tmp/ktest_ml-miscvm:lustre_mainline_native_lzzaz0xn.tar 0s
PUT /tmp/ktest_ml-miscvm:lustre_mainline_native_lzzaz0xn.tar 0s
PUT /tmp/ktest_ml-miscvm:lustre_mainline_native_lzzaz0xn.tar 0s
PUT /tmp/ktest_ml-miscvm:lustre_mainline_native_lzzaz0xn.tar 0s
PUT /tmp/ktest_ml-miscvm:lustre_mainline_native_lzzaz0xn.tar 0s
PUT /tmp/ktest_ml-miscvm:lustre_mainline_native_lzzaz0xn.tar 0s
PUT /tmp/ktest_ml-miscvm:lustre_mainline_native_lzzaz0xn.tar 0s
END ml-miscvm:boot run tests/fs/lustre/boot.ktest PASS 40s
END ml-miscvm:mgs-setup run tests/fs/lustre/mgs-setup.ktest PASS 50s
END ml-miscvm:sanity-3 run tests/fs/lustre/sanity/sanity-3.ktest PASS 78s
END ml-miscvm:sanity-4 run tests/fs/lustre/sanity/sanity-4.ktest PASS 81s
END ml-miscvm:sanity-2 run tests/fs/lustre/sanity/sanity-2.ktest PASS 83s
END ml-miscvm:llmount run tests/fs/lustre/llmount.ktest PASS 88s
END ml-miscvm:sanity-1 run tests/fs/lustre/sanity/sanity-1.ktest PASS 92s
END ml-miscvm:llog-unit run tests/fs/lustre/llog-unit.ktest FAIL 128s (exit code: 1)

============================================================
Final Results:
  checkpatch:checkpatch: PASS (15s) (log: /var/www/ci-lustre/upstream-patch-review/2207ccdd85fe220e3cd4624ba8cbbf1b01fad0c6_checkpatch:checkpatch.log)
  u24:u24: PASS (42s) (log: /var/www/ci-lustre/upstream-patch-review/2207ccdd85fe220e3cd4624ba8cbbf1b01fad0c6_u24:u24.log)
  al2023:al2023: PASS (46s) (log: /var/www/ci-lustre/upstream-patch-review/2207ccdd85fe220e3cd4624ba8cbbf1b01fad0c6_al2023:al2023.log)
  ml-strict:lustre_mainline: FAIL (150s) (log: /var/www/ci-lustre/upstream-patch-review/2207ccdd85fe220e3cd4624ba8cbbf1b01fad0c6_ml-strict:lustre_mainline.log)
  ml:lustre_mainline: PASS (142s) (log: /var/www/ci-lustre/upstream-patch-review/2207ccdd85fe220e3cd4624ba8cbbf1b01fad0c6_ml:lustre_mainline.log)
  ml-miscvm:lustre_mainline_native: PASS (147s) (log: /var/www/ci-lustre/upstream-patch-review/2207ccdd85fe220e3cd4624ba8cbbf1b01fad0c6_ml-miscvm:lustre_mainline_native.log)
  ml-miscvm:boot: PASS (40s) (log: /var/www/ci-lustre/upstream-patch-review/2207ccdd85fe220e3cd4624ba8cbbf1b01fad0c6_ml-miscvm:boot.log)
  ml-miscvm:llmount: PASS (88s) (log: /var/www/ci-lustre/upstream-patch-review/2207ccdd85fe220e3cd4624ba8cbbf1b01fad0c6_ml-miscvm:llmount.log)
  ml-miscvm:llog-unit: FAIL (128s) (log: /var/www/ci-lustre/upstream-patch-review/2207ccdd85fe220e3cd4624ba8cbbf1b01fad0c6_ml-miscvm:llog-unit.log)
  ml-miscvm:mgs-setup: PASS (50s) (log: /var/www/ci-lustre/upstream-patch-review/2207ccdd85fe220e3cd4624ba8cbbf1b01fad0c6_ml-miscvm:mgs-setup.log)
  ml-miscvm:sanity-1: PASS (92s) (log: /var/www/ci-lustre/upstream-patch-review/2207ccdd85fe220e3cd4624ba8cbbf1b01fad0c6_ml-miscvm:sanity-1.log)
  ml-miscvm:sanity-2: PASS (83s) (log: /var/www/ci-lustre/upstream-patch-review/2207ccdd85fe220e3cd4624ba8cbbf1b01fad0c6_ml-miscvm:sanity-2.log)
  ml-miscvm:sanity-3: PASS (78s) (log: /var/www/ci-lustre/upstream-patch-review/2207ccdd85fe220e3cd4624ba8cbbf1b01fad0c6_ml-miscvm:sanity-3.log)
  ml-miscvm:sanity-4: PASS (81s) (log: /var/www/ci-lustre/upstream-patch-review/2207ccdd85fe220e3cd4624ba8cbbf1b01fad0c6_ml-miscvm:sanity-4.log)

Total execution time: 304s

Packed 10158 logs from /var/www/ci-lustre/upstream-patch-review into /home/ktest/ktest/local-site/local_data.js
Open /home/ktest/ktest/local-site/index.html in a browser
