00003 
00013 RDSEED32 is broken. Disabling the corresponding CPUID bit.
00018 init: failed to load nvme_core
00018 init: failed to load nvme
00018 init: failed to load zfs
00019 LNetError: 1:0:(lib-socket.c:619:lnet_inet_enumerate()) lnet: Can't find any usable interfaces, rc = -ENOENT
00019 LNetError: Error -100 starting up LNI tcp
00019 LustreError: 1:0:(events.c:627:ptlrpc_init_portals()) network initialisation failed: rc = -100
00020 init: finit_module /lib/modules/7.0.0-ktest-234df4f-6330a45-20260727-dirty/updates/ptlrpc.ko: Network is down
00020 init: failed to load lustre
00020 init: failed to load osd_zfs
00020 init: failed to load iwlwifi
00020 init: failed to load iwlmvm
00020 init: failed to load mt7921e
00020 init: failed to load i915
00020 init: failed to load nouveau
00032 tlp: vm.laptop_mode is deprecated. Ignoring setting.
00032 Kernel version: 7.0.0-ktest-234df4f-6330a45-20260727-dirty
00033 hook init_noop
00033 
00033 Running tests llmount
00033 
00033 ========= TEST   llmount
00038 SETUP LUSTRE ... LNet: Added LNI 10.0.2.15@tcp [8/256/0/180]
00039 Lustre: Echo OBD driver; http://www.lustre.org/
00040 Lustre: 1914:0:(mdt_handler.c:64:mdt_max_mod_rpcs_per_client_set()) max_mod_rpcs_per_client is deprecated, set mdt.*.max_mod_rpcs_in_flight parameter instead
00040 ------------[ cut here ]------------
00040 WARNING: /home/ktest/git/linux/include/linux/fs.h:889 at osd_create+0x9cf/0xcf0 [osd_wbcfs], CPU#2: ll_mgs_0002/1911
00040 Modules linked in: mdt(O) lquota(O) lfsck(O) mgs(O) osd_wbcfs(O) lustre(O) obdecho(O) mgc(O) mdc(O) lov(O) osc(O) lmv(O) ec(O) fid(O) fld(O) ptlrpc(O) efivarfs obdclass(O) ksocklnd(O) lnet(O) libcfs(O)
00040 CPU: 2 UID: 0 PID: 1911 Comm: ll_mgs_0002 Tainted: G           O        7.0.0-ktest-234df4f-6330a45-20260727-dirty #1 PREEMPT 
00040 Tainted: [O]=OOT_MODULE
00040 Hardware name: QEMU Standard PC (Q35 + ICH9, 2009), BIOS 2025.11-3ubuntu7 03/31/2026
00040 RIP: 0010:osd_create+0x9cf/0xcf0 [osd_wbcfs]
00040 Code: c7 c7 00 d6 af a1 48 c7 c6 a0 a2 72 a1 48 c7 c2 00 ac 72 a1 e8 82 dd 43 ff 48 c7 c7 00 d6 af a1 e8 f6 6a 44 ff e9 fe fc ff ff <0f> 0b e9 a5 fa ff ff 48 c7 c1 80 44 5d a0 80 e1 07 80 c1 03 38 c1
00040 RSP: 0018:ffffc90001c47750 EFLAGS: 00010246
00040 RAX: 0000000000000000 RBX: ffff888147314800 RCX: 0000000000000046
00040 RDX: 0000000000000000 RSI: ffff8881994e2648 RDI: ffff88818b714b68
00040 RBP: ffff8881994e25b8 R08: ffffffff83a16803 R09: 1ffffffff0742d00
00040 R10: dffffc0000000000 R11: fffffbfff0742d01 R12: ffff88813afe2800
00040 R13: dffffc0000000000 R14: 1ffff11028e62900 R15: 1ffff110275fc50f
00040 FS:  0000000000000000(0000) GS:ffff88831e52d000(0000) knlGS:0000000000000000
00040 CS:  0010 DS: 0000 ES: 0000 CR0: 0000000080050033
00040 CR2: 00007ff58bcee200 CR3: 0000000004274000 CR4: 0000000000750eb0
00040 PKRU: 55555554
00040 Call Trace:
00040  <TASK>
00040  ? local_object_create+0x109/0x640 [obdclass]
00040  ? dt_write_lock+0x16d/0x2a0 [obdclass]
00040  ? llog_osd_create+0x356/0x1140 [obdclass]
00040  ? llog_create+0x2ed/0x530 [obdclass]
00040  ? llog_open_create+0x5af/0xb10 [obdclass]
00040  ? mgs_find_or_make_fsdb_nolock+0x16d4/0x2d80 [mgs]
00040  ? class_find_param+0x25/0x70 [obdclass]
00040  ? mgs_find_or_make_fsdb+0xda/0x1f0 [mgs]
00040  ? mgs_target_reg+0x2333/0x4480 [mgs]
00040  ? tgt_request_handle+0x23ad/0x3d30 [ptlrpc]
00040  ? ptlrpc_main+0x6359/0x96f0 [ptlrpc]
00040  ? __kthread_parkme+0x73/0x130
00040  ? kthread+0x2cd/0x3a0
00040  ? ptlrpc_start_thread+0x1f10/0x1f10 [ptlrpc]
00040  ? kthread_unuse_mm+0x130/0x130
00040  ? ret_from_fork+0x18c/0x520
00040  ? kthread_unuse_mm+0x130/0x130
00040  ? ret_from_fork_asm+0x11/0x20
00040  </TASK>
00040 ---[ end trace 0000000000000000 ]---
00040 ------------[ cut here ]------------
00040 WARNING: /home/ktest/git/linux/include/linux/fs.h:889 at osd_create+0x9cf/0xcf0 [osd_wbcfs], CPU#2: ll_mgs_0002/1911
00040 Modules linked in: mdt(O) lquota(O) lfsck(O) mgs(O) osd_wbcfs(O) lustre(O) obdecho(O) mgc(O) mdc(O) lov(O) osc(O) lmv(O) ec(O) fid(O) fld(O) ptlrpc(O) efivarfs obdclass(O) ksocklnd(O) lnet(O) libcfs(O)
00040 CPU: 2 UID: 0 PID: 1911 Comm: ll_mgs_0002 Tainted: G        W  O        7.0.0-ktest-234df4f-6330a45-20260727-dirty #1 PREEMPT 
00040 Tainted: [W]=WARN, [O]=OOT_MODULE
00040 Hardware name: QEMU Standard PC (Q35 + ICH9, 2009), BIOS 2025.11-3ubuntu7 03/31/2026
00040 RIP: 0010:osd_create+0x9cf/0xcf0 [osd_wbcfs]
00040 Code: c7 c7 00 d6 af a1 48 c7 c6 a0 a2 72 a1 48 c7 c2 00 ac 72 a1 e8 82 dd 43 ff 48 c7 c7 00 d6 af a1 e8 f6 6a 44 ff e9 fe fc ff ff <0f> 0b e9 a5 fa ff ff 48 c7 c1 80 44 5d a0 80 e1 07 80 c1 03 38 c1
00040 RSP: 0018:ffffc90001c47698 EFLAGS: 00010246
00040 RAX: 0000000000000000 RBX: ffff888147315c00 RCX: 0000000000000046
00040 RDX: 0000000000000000 RSI: ffff8881994e1f30 RDI: ffff88818b714b68
00040 RBP: ffff8881994e1ea0 R08: ffffffff83a16803 R09: 1ffffffff0742d00
00040 R10: dffffc0000000000 R11: fffffbfff0742d01 R12: ffff88813afe2800
00040 R13: dffffc0000000000 R14: 1ffff11028e62b80 R15: 1ffff110275fc50f
00040 FS:  0000000000000000(0000) GS:ffff88831e52d000(0000) knlGS:0000000000000000
00040 CS:  0010 DS: 0000 ES: 0000 CR0: 0000000080050033
00040 CR2: 00007ff58bcee200 CR3: 0000000004274000 CR4: 0000000000750eb0
00040 PKRU: 55555554
00040 Call Trace:
00040  <TASK>
00040  ? local_object_create+0x109/0x640 [obdclass]
00040  ? dt_write_lock+0x16d/0x2a0 [obdclass]
00040  ? llog_osd_create+0x356/0x1140 [obdclass]
00040  ? llog_create+0x2ed/0x530 [obdclass]
00040  ? llog_open_create+0x5af/0xb10 [obdclass]
00040  ? record_start_log+0x348/0xa40 [mgs]
00040  ? mgs_write_log_lov+0x3ac/0xde0 [mgs]
00040  ? mgs_write_log_target+0x17a4/0x6ab0 [mgs]
00040  ? mgs_target_reg+0x254e/0x4480 [mgs]
00040  ? tgt_request_handle+0x23ad/0x3d30 [ptlrpc]
00040  ? ptlrpc_main+0x6359/0x96f0 [ptlrpc]
00040  ? __kthread_parkme+0x73/0x130
00040  ? kthread+0x2cd/0x3a0
00040  ? ptlrpc_start_thread+0x1f10/0x1f10 [ptlrpc]
00040  ? kthread_unuse_mm+0x130/0x130
00040  ? ret_from_fork+0x18c/0x520
00040  ? kthread_unuse_mm+0x130/0x130
00040  ? ret_from_fork_asm+0x11/0x20
00040  </TASK>
00040 ---[ end trace 0000000000000000 ]---
00040 ------------[ cut here ]------------
00040 WARNING: /home/ktest/git/linux/include/linux/fs.h:889 at osd_create+0x9cf/0xcf0 [osd_wbcfs], CPU#8: llog_process_th/1934
00040 Modules linked in: mdd(O) lod(O) mdt(O) lquota(O) lfsck(O) mgs(O) osd_wbcfs(O) lustre(O) obdecho(O) mgc(O) mdc(O) lov(O) osc(O) lmv(O) ec(O) fid(O) fld(O) ptlrpc(O) efivarfs obdclass(O) ksocklnd(O) lnet(O) libcfs(O)
00040 CPU: 8 UID: 0 PID: 1934 Comm: llog_process_th Tainted: G        W  O        7.0.0-ktest-234df4f-6330a45-20260727-dirty #1 PREEMPT 
00040 Tainted: [W]=WARN, [O]=OOT_MODULE
00040 Hardware name: QEMU Standard PC (Q35 + ICH9, 2009), BIOS 2025.11-3ubuntu7 03/31/2026
00040 RIP: 0010:osd_create+0x9cf/0xcf0 [osd_wbcfs]
00040 Code: c7 c7 00 d6 af a1 48 c7 c6 a0 a2 72 a1 48 c7 c2 00 ac 72 a1 e8 82 dd 43 ff 48 c7 c7 00 d6 af a1 e8 f6 6a 44 ff e9 fe fc ff ff <0f> 0b e9 a5 fa ff ff 48 c7 c1 80 44 5d a0 80 e1 07 80 c1 03 38 c1
00040 RSP: 0018:ffffc90001e07450 EFLAGS: 00010246
00040 RAX: 0000000000000000 RBX: ffff88817e0cfc00 RCX: 0000000000000046
00040 RDX: ffffffff84c41d40 RSI: ffff8881994e7b68 RDI: ffff888182274b18
00040 RBP: ffff8881994e7ad8 R08: 0000000000000001 R09: 0000000000000000
00040 R10: dffffc0000000000 R11: ffffed103329cf50 R12: ffff88818df30800
00040 R13: dffffc0000000000 R14: 1ffff1102fc19f80 R15: 1ffff920003c0ebf
00040 FS:  0000000000000000(0000) GS:ffff88831e82d000(0000) knlGS:0000000000000000
00040 CS:  0010 DS: 0000 ES: 0000 CR0: 0000000080050033
00040 CR2: 00007ff75498db68 CR3: 0000000004274000 CR4: 0000000000750eb0
00040 PKRU: 55555554
00040 Call Trace:
00040  <TASK>
00040  ? dt_find_or_create+0x81a/0x1170 [obdclass]
00040  ? fld_index_init+0x404/0x1610 [fld]
00040  ? is_module_address+0x1b/0x70
00040  ? is_module_address+0x5e/0x70
00040  ? __asan_memset+0x22/0x40
00040  ? fld_server_init+0x1d7/0x580 [fld]
00040  ? mdt_device_alloc+0x36b4/0x66c0 [mdt]
00040  ? __alloc_tagging_slab_alloc_hook+0x136/0x190
00040  ? obd_setup+0x25c/0x960 [obdclass]
00040  ? class_setup+0xc7d/0x10e0 [obdclass]
00040  ? class_process_config+0x2edb/0x7cb0 [obdclass]
00040  ? __kasan_kmalloc+0x72/0x80
00040  ? class_config_llog_handler+0x2954/0x4f80 [obdclass]
00040  ? class_config_llog_handler+0x2cea/0x4f80 [obdclass]
00040  ? lustre_cfg_rec_free+0x350/0x350 [obdclass]
00040  ? llog_process_thread+0x1fd2/0x4f70 [obdclass]
00040  ? _raw_spin_unlock+0x23/0x40
00040  ? llog_process_thread_daemonize+0x16d/0x1b0 [obdclass]
00040  ? kthread+0x2cd/0x3a0
00040  ? llog_process_or_fork+0xc90/0xc90 [obdclass]
00040  ? kthread_unuse_mm+0x130/0x130
00040  ? ret_from_fork+0x18c/0x520
00040  ? kthread_unuse_mm+0x130/0x130
00040  ? ret_from_fork_asm+0x11/0x20
00040  </TASK>
00040 ---[ end trace 0000000000000000 ]---
00040 ------------[ cut here ]------------
00040 WARNING: /home/ktest/git/linux/include/linux/fs.h:889 at osd_create+0x9cf/0xcf0 [osd_wbcfs], CPU#8: llog_process_th/1934
00040 Modules linked in: mdd(O) lod(O) mdt(O) lquota(O) lfsck(O) mgs(O) osd_wbcfs(O) lustre(O) obdecho(O) mgc(O) mdc(O) lov(O) osc(O) lmv(O) ec(O) fid(O) fld(O) ptlrpc(O) efivarfs obdclass(O) ksocklnd(O) lnet(O) libcfs(O)
00040 CPU: 8 UID: 0 PID: 1934 Comm: llog_process_th Tainted: G        W  O        7.0.0-ktest-234df4f-6330a45-20260727-dirty #1 PREEMPT 
00040 Tainted: [W]=WARN, [O]=OOT_MODULE
00040 Hardware name: QEMU Standard PC (Q35 + ICH9, 2009), BIOS 2025.11-3ubuntu7 03/31/2026
00040 RIP: 0010:osd_create+0x9cf/0xcf0 [osd_wbcfs]
00040 Code: c7 c7 00 d6 af a1 48 c7 c6 a0 a2 72 a1 48 c7 c2 00 ac 72 a1 e8 82 dd 43 ff 48 c7 c7 00 d6 af a1 e8 f6 6a 44 ff e9 fe fc ff ff <0f> 0b e9 a5 fa ff ff 48 c7 c1 80 44 5d a0 80 e1 07 80 c1 03 38 c1
00040 RSP: 0018:ffffc90001e07430 EFLAGS: 00010246
00040 RAX: 0000000000000000 RBX: ffff88817e0cec00 RCX: 0000000000000046
00040 RDX: 0000000000000000 RSI: ffff8881994e7450 RDI: ffff888182274b18
00040 RBP: ffff8881994e73c0 R08: ffffffff83a16803 R09: 1ffffffff0742d00
00040 R10: dffffc0000000000 R11: fffffbfff0742d01 R12: ffffc90001e07530
00040 R13: dffffc0000000000 R14: 1ffff1102fc19d80 R15: 1ffff920003c0ea4
00040 FS:  0000000000000000(0000) GS:ffff88831e82d000(0000) knlGS:0000000000000000
00040 CS:  0010 DS: 0000 ES: 0000 CR0: 0000000080050033
00040 CR2: 00007ff75498db68 CR3: 0000000004274000 CR4: 0000000000750eb0
00040 PKRU: 55555554
00040 Call Trace:
00040  <TASK>
00040  ? dt_find_or_create+0x81a/0x1170 [obdclass]
00040  ? seq_store_init+0x155/0x360 [fid]
00040  ? seq_server_init+0x290/0xba0 [fid]
00040  ? mdt_seq_init+0x513/0x1ef0 [mdt]
00040  ? fld_server_init+0x34e/0x580 [fld]
00040  ? mdt_device_alloc+0x39c5/0x66c0 [mdt]
00040  ? __alloc_tagging_slab_alloc_hook+0x136/0x190
00040  ? obd_setup+0x25c/0x960 [obdclass]
00040  ? class_setup+0xc7d/0x10e0 [obdclass]
00040  ? class_process_config+0x2edb/0x7cb0 [obdclass]
00040  ? __kasan_kmalloc+0x72/0x80
00040  ? class_config_llog_handler+0x2954/0x4f80 [obdclass]
00040  ? class_config_llog_handler+0x2cea/0x4f80 [obdclass]
00040  ? lustre_cfg_rec_free+0x350/0x350 [obdclass]
00040  ? llog_process_thread+0x1fd2/0x4f70 [obdclass]
00040  ? _raw_spin_unlock+0x23/0x40
00040  ? llog_process_thread_daemonize+0x16d/0x1b0 [obdclass]
00040  ? kthread+0x2cd/0x3a0
00040  ? llog_process_or_fork+0xc90/0xc90 [obdclass]
00040  ? kthread_unuse_mm+0x130/0x130
00040  ? ret_from_fork+0x18c/0x520
00040  ? kthread_unuse_mm+0x130/0x130
00040  ? ret_from_fork_asm+0x11/0x20
00040  </TASK>
00040 ---[ end trace 0000000000000000 ]---
00040 Lustre: ctl-lustre-MDT0000: No data found on store. Initialize space.
00040 ------------[ cut here ]------------
00040 WARNING: /home/ktest/git/linux/include/linux/fs.h:889 at osd_create+0x9cf/0xcf0 [osd_wbcfs], CPU#8: llog_process_th/1934
00040 Modules linked in: mdd(O) lod(O) mdt(O) lquota(O) lfsck(O) mgs(O) osd_wbcfs(O) lustre(O) obdecho(O) mgc(O) mdc(O) lov(O) osc(O) lmv(O) ec(O) fid(O) fld(O) ptlrpc(O) efivarfs obdclass(O) ksocklnd(O) lnet(O) libcfs(O)
00040 CPU: 8 UID: 0 PID: 1934 Comm: llog_process_th Tainted: G        W  O        7.0.0-ktest-234df4f-6330a45-20260727-dirty #1 PREEMPT 
00040 Tainted: [W]=WARN, [O]=OOT_MODULE
00040 Hardware name: QEMU Standard PC (Q35 + ICH9, 2009), BIOS 2025.11-3ubuntu7 03/31/2026
00040 RIP: 0010:osd_create+0x9cf/0xcf0 [osd_wbcfs]
00040 Code: c7 c7 00 d6 af a1 48 c7 c6 a0 a2 72 a1 48 c7 c2 00 ac 72 a1 e8 82 dd 43 ff 48 c7 c7 00 d6 af a1 e8 f6 6a 44 ff e9 fe fc ff ff <0f> 0b e9 a5 fa ff ff 48 c7 c1 80 44 5d a0 80 e1 07 80 c1 03 38 c1
00040 RSP: 0018:ffffc90001e07430 EFLAGS: 00010246
00040 RAX: 0000000000000000 RBX: ffff88817e0c8800 RCX: 0000000000000046
00040 RDX: 0000000000000000 RSI: ffff8881994e6d38 RDI: ffff888182274b18
00040 RBP: ffff8881994e6ca8 R08: ffffffff83a16803 R09: 1ffffffff0742d00
00040 R10: dffffc0000000000 R11: fffffbfff0742d01 R12: ffffc90001e07530
00040 R13: dffffc0000000000 R14: 1ffff1102fc19100 R15: 1ffff920003c0ea4
00040 FS:  0000000000000000(0000) GS:ffff88831e82d000(0000) knlGS:0000000000000000
00040 CS:  0010 DS: 0000 ES: 0000 CR0: 0000000080050033
00040 CR2: 00007ff75498db68 CR3: 0000000004274000 CR4: 0000000000750eb0
00040 PKRU: 55555554
00040 Call Trace:
00040  <TASK>
00040  ? dt_find_or_create+0x81a/0x1170 [obdclass]
00040  ? seq_store_init+0x155/0x360 [fid]
00040  ? seq_server_init+0x290/0xba0 [fid]
00040  ? mdt_seq_init+0x2c1/0x1ef0 [mdt]
00040  ? fld_server_init+0x34e/0x580 [fld]
00040  ? mdt_device_alloc+0x39c5/0x66c0 [mdt]
00040  ? __alloc_tagging_slab_alloc_hook+0x136/0x190
00040  ? obd_setup+0x25c/0x960 [obdclass]
00040  ? class_setup+0xc7d/0x10e0 [obdclass]
00040  ? class_process_config+0x2edb/0x7cb0 [obdclass]
00040  ? __kasan_kmalloc+0x72/0x80
00040  ? class_config_llog_handler+0x2954/0x4f80 [obdclass]
00040  ? class_config_llog_handler+0x2cea/0x4f80 [obdclass]
00040  ? lustre_cfg_rec_free+0x350/0x350 [obdclass]
00040  ? llog_process_thread+0x1fd2/0x4f70 [obdclass]
00040  ? _raw_spin_unlock+0x23/0x40
00040  ? llog_process_thread_daemonize+0x16d/0x1b0 [obdclass]
00040  ? kthread+0x2cd/0x3a0
00040  ? llog_process_or_fork+0xc90/0xc90 [obdclass]
00040  ? kthread_unuse_mm+0x130/0x130
00040  ? ret_from_fork+0x18c/0x520
00040  ? kthread_unuse_mm+0x130/0x130
00040  ? ret_from_fork_asm+0x11/0x20
00040  </TASK>
00040 ---[ end trace 0000000000000000 ]---
00040 ------------[ cut here ]------------
00040 WARNING: /home/ktest/git/linux/include/linux/fs.h:889 at osd_create+0x9cf/0xcf0 [osd_wbcfs], CPU#8: llog_process_th/1934
00040 Modules linked in: mdd(O) lod(O) mdt(O) lquota(O) lfsck(O) mgs(O) osd_wbcfs(O) lustre(O) obdecho(O) mgc(O) mdc(O) lov(O) osc(O) lmv(O) ec(O) fid(O) fld(O) ptlrpc(O) efivarfs obdclass(O) ksocklnd(O) lnet(O) libcfs(O)
00040 CPU: 8 UID: 0 PID: 1934 Comm: llog_process_th Tainted: G        W  O        7.0.0-ktest-234df4f-6330a45-20260727-dirty #1 PREEMPT 
00040 Tainted: [W]=WARN, [O]=OOT_MODULE
00040 Hardware name: QEMU Standard PC (Q35 + ICH9, 2009), BIOS 2025.11-3ubuntu7 03/31/2026
00040 RIP: 0010:osd_create+0x9cf/0xcf0 [osd_wbcfs]
00040 Code: c7 c7 00 d6 af a1 48 c7 c6 a0 a2 72 a1 48 c7 c2 00 ac 72 a1 e8 82 dd 43 ff 48 c7 c7 00 d6 af a1 e8 f6 6a 44 ff e9 fe fc ff ff <0f> 0b e9 a5 fa ff ff 48 c7 c1 80 44 5d a0 80 e1 07 80 c1 03 38 c1
00040 RSP: 0018:ffffc90001e07470 EFLAGS: 00010246
00040 RAX: 0000000000000000 RBX: ffff88814eda6000 RCX: 0000000000000046
00040 RDX: 0000000000000000 RSI: ffff8881994e6620 RDI: ffff888182274b18
00040 RBP: ffff8881994e6590 R08: ffffffff83a16803 R09: 1ffffffff0742d00
00040 R10: dffffc0000000000 R11: fffffbfff0742d01 R12: ffffc90001e075e0
00040 R13: dffffc0000000000 R14: 1ffff11029db4c00 R15: 1ffff920003c0ec9
00040 FS:  0000000000000000(0000) GS:ffff88831e82d000(0000) knlGS:0000000000000000
00040 CS:  0010 DS: 0000 ES: 0000 CR0: 0000000080050033
00040 CR2: 00007ff75498db68 CR3: 0000000004274000 CR4: 0000000000750eb0
00040 PKRU: 55555554
00040 Call Trace:
00040  <TASK>
00040  ? dt_find_or_create+0x81a/0x1170 [obdclass]
00040  ? tgt_init+0xb72/0x2a60 [ptlrpc]
00040  ? mdt_device_alloc+0x3ce7/0x66c0 [mdt]
00040  ? __alloc_tagging_slab_alloc_hook+0x136/0x190
00040  ? obd_setup+0x25c/0x960 [obdclass]
00040  ? class_setup+0xc7d/0x10e0 [obdclass]
00040  ? class_process_config+0x2edb/0x7cb0 [obdclass]
00040  ? __kasan_kmalloc+0x72/0x80
00040  ? class_config_llog_handler+0x2954/0x4f80 [obdclass]
00040  ? class_config_llog_handler+0x2cea/0x4f80 [obdclass]
00040  ? lustre_cfg_rec_free+0x350/0x350 [obdclass]
00040  ? llog_process_thread+0x1fd2/0x4f70 [obdclass]
00040  ? _raw_spin_unlock+0x23/0x40
00040  ? llog_process_thread_daemonize+0x16d/0x1b0 [obdclass]
00040  ? kthread+0x2cd/0x3a0
00040  ? llog_process_or_fork+0xc90/0xc90 [obdclass]
00040  ? kthread_unuse_mm+0x130/0x130
00040  ? ret_from_fork+0x18c/0x520
00040  ? kthread_unuse_mm+0x130/0x130
00040  ? ret_from_fork_asm+0x11/0x20
00040  </TASK>
00040 ---[ end trace 0000000000000000 ]---
00040 Lustre: lustre-MDT0000: new disk, initializing
00040 ------------[ cut here ]------------
00040 WARNING: /home/ktest/git/linux/include/linux/fs.h:889 at osd_create+0x9cf/0xcf0 [osd_wbcfs], CPU#8: llog_process_th/1934
00040 Modules linked in: mdd(O) lod(O) mdt(O) lquota(O) lfsck(O) mgs(O) osd_wbcfs(O) lustre(O) obdecho(O) mgc(O) mdc(O) lov(O) osc(O) lmv(O) ec(O) fid(O) fld(O) ptlrpc(O) efivarfs obdclass(O) ksocklnd(O) lnet(O) libcfs(O)
00040 CPU: 8 UID: 0 PID: 1934 Comm: llog_process_th Tainted: G        W  O        7.0.0-ktest-234df4f-6330a45-20260727-dirty #1 PREEMPT 
00040 Tainted: [W]=WARN, [O]=OOT_MODULE
00040 Hardware name: QEMU Standard PC (Q35 + ICH9, 2009), BIOS 2025.11-3ubuntu7 03/31/2026
00040 RIP: 0010:osd_create+0x9cf/0xcf0 [osd_wbcfs]
00040 Code: c7 c7 00 d6 af a1 48 c7 c6 a0 a2 72 a1 48 c7 c2 00 ac 72 a1 e8 82 dd 43 ff 48 c7 c7 00 d6 af a1 e8 f6 6a 44 ff e9 fe fc ff ff <0f> 0b e9 a5 fa ff ff 48 c7 c1 80 44 5d a0 80 e1 07 80 c1 03 38 c1
00040 RSP: 0018:ffffc90001e07470 EFLAGS: 00010246
00040 RAX: 0000000000000000 RBX: ffff88814eda2800 RCX: 0000000000000046
00040 RDX: 0000000000000000 RSI: ffff8881994e5f08 RDI: ffff888182274b18
00040 RBP: ffff8881994e5e78 R08: ffffffff83a16803 R09: 1ffffffff0742d00
00040 R10: dffffc0000000000 R11: fffffbfff0742d01 R12: ffffc90001e075e0
00040 R13: dffffc0000000000 R14: 1ffff11029db4500 R15: 1ffff920003c0ec9
00040 FS:  0000000000000000(0000) GS:ffff88831e82d000(0000) knlGS:0000000000000000
00040 CS:  0010 DS: 0000 ES: 0000 CR0: 0000000080050033
00040 CR2: 00007ff75498db68 CR3: 0000000004274000 CR4: 0000000000750eb0
00040 PKRU: 55555554
00040 Call Trace:
00040  <TASK>
00040  ? dt_find_or_create+0x81a/0x1170 [obdclass]
00040  ? tgt_init+0x1a98/0x2a60 [ptlrpc]
00040  ? mdt_device_alloc+0x3ce7/0x66c0 [mdt]
00040  ? __alloc_tagging_slab_alloc_hook+0x136/0x190
00040  ? obd_setup+0x25c/0x960 [obdclass]
00040  ? class_setup+0xc7d/0x10e0 [obdclass]
00040  ? class_process_config+0x2edb/0x7cb0 [obdclass]
00040  ? __kasan_kmalloc+0x72/0x80
00040  ? class_config_llog_handler+0x2954/0x4f80 [obdclass]
00040  ? class_config_llog_handler+0x2cea/0x4f80 [obdclass]
00040  ? lustre_cfg_rec_free+0x350/0x350 [obdclass]
00040  ? llog_process_thread+0x1fd2/0x4f70 [obdclass]
00040  ? _raw_spin_unlock+0x23/0x40
00040  ? llog_process_thread_daemonize+0x16d/0x1b0 [obdclass]
00040  ? kthread+0x2cd/0x3a0
00040  ? llog_process_or_fork+0xc90/0xc90 [obdclass]
00040  ? kthread_unuse_mm+0x130/0x130
00040  ? ret_from_fork+0x18c/0x520
00040  ? kthread_unuse_mm+0x130/0x130
00040  ? ret_from_fork_asm+0x11/0x20
00040  </TASK>
00040 ---[ end trace 0000000000000000 ]---
00040 ------------[ cut here ]------------
00040 WARNING: /home/ktest/git/linux/include/linux/fs.h:889 at osd_create+0x9cf/0xcf0 [osd_wbcfs], CPU#8: llog_process_th/1934
00040 Modules linked in: mdd(O) lod(O) mdt(O) lquota(O) lfsck(O) mgs(O) osd_wbcfs(O) lustre(O) obdecho(O) mgc(O) mdc(O) lov(O) osc(O) lmv(O) ec(O) fid(O) fld(O) ptlrpc(O) efivarfs obdclass(O) ksocklnd(O) lnet(O) libcfs(O)
00040 CPU: 8 UID: 0 PID: 1934 Comm: llog_process_th Tainted: G        W  O        7.0.0-ktest-234df4f-6330a45-20260727-dirty #1 PREEMPT 
00040 Tainted: [W]=WARN, [O]=OOT_MODULE
00040 Hardware name: QEMU Standard PC (Q35 + ICH9, 2009), BIOS 2025.11-3ubuntu7 03/31/2026
00040 RIP: 0010:osd_create+0x9cf/0xcf0 [osd_wbcfs]
00040 Code: c7 c7 00 d6 af a1 48 c7 c6 a0 a2 72 a1 48 c7 c2 00 ac 72 a1 e8 82 dd 43 ff 48 c7 c7 00 d6 af a1 e8 f6 6a 44 ff e9 fe fc ff ff <0f> 0b e9 a5 fa ff ff 48 c7 c1 80 44 5d a0 80 e1 07 80 c1 03 38 c1
00040 RSP: 0018:ffffc90001e07370 EFLAGS: 00010246
00040 RAX: 0000000000000000 RBX: ffff88817ea09400 RCX: 0000000000000046
00040 RDX: 0000000000000000 RSI: ffff8881994e57f0 RDI: ffff888182274b18
00040 RBP: ffff8881994e5760 R08: ffffffff83a16803 R09: 1ffffffff0742d00
00040 R10: dffffc0000000000 R11: fffffbfff0742d01 R12: ffff8881989ae418
00040 R13: dffffc0000000000 R14: 1ffff1102fd41280 R15: 1ffff11033135c92
00040 FS:  0000000000000000(0000) GS:ffff88831e82d000(0000) knlGS:0000000000000000
00040 CS:  0010 DS: 0000 ES: 0000 CR0: 0000000080050033
00040 CR2: 00007ff75498db68 CR3: 0000000004274000 CR4: 0000000000750eb0
00040 PKRU: 55555554
00040 Call Trace:
00040  <TASK>
00040  ? local_object_create+0x109/0x640 [obdclass]
00040  ? dt_write_lock+0x16d/0x2a0 [obdclass]
00040  ? __local_file_create+0xce4/0x1bc0 [obdclass]
00040  ? local_file_find_or_create+0x13c/0x1d0 [obdclass]
00040  ? lquota_disk_dir_find_create+0x31f/0xd10 [lquota]
00040  ? qmt_device_prepare+0x157/0x600 [lquota]
00040  ? mdt_quota_init+0x1a65/0x3220 [mdt]
00040  ? mdt_tunables_init+0x3e6/0x530 [mdt]
00040  ? mdt_device_alloc+0x46a6/0x66c0 [mdt]
00040  ? obd_setup+0x25c/0x960 [obdclass]
00040  ? class_setup+0xc7d/0x10e0 [obdclass]
00040  ? class_process_config+0x2edb/0x7cb0 [obdclass]
00040  ? __kasan_kmalloc+0x72/0x80
00040  ? class_config_llog_handler+0x2954/0x4f80 [obdclass]
00040  ? class_config_llog_handler+0x2cea/0x4f80 [obdclass]
00040  ? lustre_cfg_rec_free+0x350/0x350 [obdclass]
00040  ? llog_process_thread+0x1fd2/0x4f70 [obdclass]
00040  ? _raw_spin_unlock+0x23/0x40
00040  ? llog_process_thread_daemonize+0x16d/0x1b0 [obdclass]
00040  ? kthread+0x2cd/0x3a0
00040  ? llog_process_or_fork+0xc90/0xc90 [obdclass]
00040  ? kthread_unuse_mm+0x130/0x130
00040  ? ret_from_fork+0x18c/0x520
00040  ? kthread_unuse_mm+0x130/0x130
00040  ? ret_from_fork_asm+0x11/0x20
00040  </TASK>
00040 ---[ end trace 0000000000000000 ]---
00040 ------------[ cut here ]------------
00040 WARNING: /home/ktest/git/linux/include/linux/fs.h:889 at osd_create+0x9cf/0xcf0 [osd_wbcfs], CPU#8: llog_process_th/1934
00040 Modules linked in: mdd(O) lod(O) mdt(O) lquota(O) lfsck(O) mgs(O) osd_wbcfs(O) lustre(O) obdecho(O) mgc(O) mdc(O) lov(O) osc(O) lmv(O) ec(O) fid(O) fld(O) ptlrpc(O) efivarfs obdclass(O) ksocklnd(O) lnet(O) libcfs(O)
00040 CPU: 8 UID: 0 PID: 1934 Comm: llog_process_th Tainted: G        W  O        7.0.0-ktest-234df4f-6330a45-20260727-dirty #1 PREEMPT 
00040 Tainted: [W]=WARN, [O]=OOT_MODULE
00040 Hardware name: QEMU Standard PC (Q35 + ICH9, 2009), BIOS 2025.11-3ubuntu7 03/31/2026
00040 RIP: 0010:osd_create+0x9cf/0xcf0 [osd_wbcfs]
00040 Code: c7 c7 00 d6 af a1 48 c7 c6 a0 a2 72 a1 48 c7 c2 00 ac 72 a1 e8 82 dd 43 ff 48 c7 c7 00 d6 af a1 e8 f6 6a 44 ff e9 fe fc ff ff <0f> 0b e9 a5 fa ff ff 48 c7 c1 80 44 5d a0 80 e1 07 80 c1 03 38 c1
00040 RSP: 0018:ffffc90001e07270 EFLAGS: 00010246
00040 RAX: 0000000000000000 RBX: ffff88817ea0c400 RCX: 0000000000000046
00040 RDX: 0000000000000000 RSI: ffff8881994e50d8 RDI: ffff888182274b18
00040 RBP: ffff8881994e5048 R08: ffffffff83a16803 R09: 1ffffffff0742d00
00040 R10: dffffc0000000000 R11: fffffbfff0742d01 R12: ffff8881989ae418
00040 R13: dffffc0000000000 R14: 1ffff1102fd41880 R15: 1ffff11033135c92
00040 FS:  0000000000000000(0000) GS:ffff88831e82d000(0000) knlGS:0000000000000000
00040 CS:  0010 DS: 0000 ES: 0000 CR0: 0000000080050033
00040 CR2: 00007ff75498db68 CR3: 0000000004274000 CR4: 0000000000750eb0
00040 PKRU: 55555554
00040 Call Trace:
00040  <TASK>
00040  ? local_object_create+0x109/0x640 [obdclass]
00040  ? dt_write_lock+0x16d/0x2a0 [obdclass]
00040  ? __local_file_create+0xce4/0x1bc0 [obdclass]
00040  ? local_file_find_or_create+0x13c/0x1d0 [obdclass]
00040  ? lquota_disk_dir_find_create+0x31f/0xd10 [lquota]
00040  ? qmt_pool_prepare+0x3ee/0x16f0 [lquota]
00040  ? qmt_device_prepare+0x25f/0x600 [lquota]
00040  ? mdt_quota_init+0x1a65/0x3220 [mdt]
00040  ? mdt_tunables_init+0x3e6/0x530 [mdt]
00040  ? mdt_device_alloc+0x46a6/0x66c0 [mdt]
00040  ? obd_setup+0x25c/0x960 [obdclass]
00040  ? class_setup+0xc7d/0x10e0 [obdclass]
00040  ? class_process_config+0x2edb/0x7cb0 [obdclass]
00040  ? __kasan_kmalloc+0x72/0x80
00040  ? class_config_llog_handler+0x2954/0x4f80 [obdclass]
00040  ? class_config_llog_handler+0x2cea/0x4f80 [obdclass]
00040  ? lustre_cfg_rec_free+0x350/0x350 [obdclass]
00040  ? llog_process_thread+0x1fd2/0x4f70 [obdclass]
00040  ? _raw_spin_unlock+0x23/0x40
00040  ? llog_process_thread_daemonize+0x16d/0x1b0 [obdclass]
00040  ? kthread+0x2cd/0x3a0
00040  ? llog_process_or_fork+0xc90/0xc90 [obdclass]
00040  ? kthread_unuse_mm+0x130/0x130
00040  ? ret_from_fork+0x18c/0x520
00040  ? kthread_unuse_mm+0x130/0x130
00040  ? ret_from_fork_asm+0x11/0x20
00040  </TASK>
00040 ---[ end trace 0000000000000000 ]---
00040 ------------[ cut here ]------------
00040 WARNING: /home/ktest/git/linux/include/linux/fs.h:889 at osd_create+0x9cf/0xcf0 [osd_wbcfs], CPU#8: llog_process_th/1934
00040 Modules linked in: mdd(O) lod(O) mdt(O) lquota(O) lfsck(O) mgs(O) osd_wbcfs(O) lustre(O) obdecho(O) mgc(O) mdc(O) lov(O) osc(O) lmv(O) ec(O) fid(O) fld(O) ptlrpc(O) efivarfs obdclass(O) ksocklnd(O) lnet(O) libcfs(O)
00040 CPU: 8 UID: 0 PID: 1934 Comm: llog_process_th Tainted: G        W  O        7.0.0-ktest-234df4f-6330a45-20260727-dirty #1 PREEMPT 
00040 Tainted: [W]=WARN, [O]=OOT_MODULE
00040 Hardware name: QEMU Standard PC (Q35 + ICH9, 2009), BIOS 2025.11-3ubuntu7 03/31/2026
00040 RIP: 0010:osd_create+0x9cf/0xcf0 [osd_wbcfs]
00040 Code: c7 c7 00 d6 af a1 48 c7 c6 a0 a2 72 a1 48 c7 c2 00 ac 72 a1 e8 82 dd 43 ff 48 c7 c7 00 d6 af a1 e8 f6 6a 44 ff e9 fe fc ff ff <0f> 0b e9 a5 fa ff ff 48 c7 c1 80 44 5d a0 80 e1 07 80 c1 03 38 c1
00040 RSP: 0018:ffffc90001e07258 EFLAGS: 00010246
00040 RAX: 0000000000000000 RBX: ffff88817ea09000 RCX: 0000000000000046
00040 RDX: ffffffff84c41d40 RSI: ffff8881994e49c0 RDI: ffff888182274b18
00040 RBP: ffff8881994e4930 R08: 0000000000000001 R09: 0000000000000000
00040 R10: dffffc0000000000 R11: ffffed103329c91b R12: ffff8881989ae418
00040 R13: dffffc0000000000 R14: 1ffff1102fd41200 R15: 1ffff11033135c92
00040 FS:  0000000000000000(0000) GS:ffff88831e82d000(0000) knlGS:0000000000000000
00040 CS:  0010 DS: 0000 ES: 0000 CR0: 0000000080050033
00040 CR2: 00007ff75498db68 CR3: 0000000004274000 CR4: 0000000000750eb0
00040 PKRU: 55555554
00040 Call Trace:
00040  <TASK>
00040  ? local_object_create+0x109/0x640 [obdclass]
00040  ? dt_write_lock+0x16d/0x2a0 [obdclass]
00040  ? __local_file_create+0xce4/0x1bc0 [obdclass]
00040  ? local_index_find_or_create_with_fid+0x20d/0x3c0 [obdclass]
00040  ? lquota_disk_glb_find_create+0x3e7/0xe50 [lquota]
00040  ? qmt_pool_prepare+0x5af/0x16f0 [lquota]
00040  ? qmt_device_prepare+0x25f/0x600 [lquota]
00040  ? mdt_quota_init+0x1a65/0x3220 [mdt]
00040  ? mdt_tunables_init+0x3e6/0x530 [mdt]
00040  ? mdt_device_alloc+0x46a6/0x66c0 [mdt]
00040  ? obd_setup+0x25c/0x960 [obdclass]
00040  ? class_setup+0xc7d/0x10e0 [obdclass]
00040  ? class_process_config+0x2edb/0x7cb0 [obdclass]
00040  ? __kasan_kmalloc+0x72/0x80
00040  ? class_config_llog_handler+0x2954/0x4f80 [obdclass]
00040  ? class_config_llog_handler+0x2cea/0x4f80 [obdclass]
00040  ? lustre_cfg_rec_free+0x350/0x350 [obdclass]
00040  ? llog_process_thread+0x1fd2/0x4f70 [obdclass]
00040  ? _raw_spin_unlock+0x23/0x40
00040  ? llog_process_thread_daemonize+0x16d/0x1b0 [obdclass]
00040  ? kthread+0x2cd/0x3a0
00040  ? llog_process_or_fork+0xc90/0xc90 [obdclass]
00040  ? kthread_unuse_mm+0x130/0x130
00040  ? ret_from_fork+0x18c/0x520
00040  ? kthread_unuse_mm+0x130/0x130
00040  ? ret_from_fork_asm+0x11/0x20
00040  </TASK>
00040 ---[ end trace 0000000000000000 ]---
00040 ------------[ cut here ]------------
00040 WARNING: /home/ktest/git/linux/include/linux/fs.h:889 at osd_create+0x9cf/0xcf0 [osd_wbcfs], CPU#8: llog_process_th/1934
00040 Modules linked in: mdd(O) lod(O) mdt(O) lquota(O) lfsck(O) mgs(O) osd_wbcfs(O) lustre(O) obdecho(O) mgc(O) mdc(O) lov(O) osc(O) lmv(O) ec(O) fid(O) fld(O) ptlrpc(O) efivarfs obdclass(O) ksocklnd(O) lnet(O) libcfs(O)
00040 CPU: 8 UID: 0 PID: 1934 Comm: llog_process_th Tainted: G        W  O        7.0.0-ktest-234df4f-6330a45-20260727-dirty #1 PREEMPT 
00040 Tainted: [W]=WARN, [O]=OOT_MODULE
00040 Hardware name: QEMU Standard PC (Q35 + ICH9, 2009), BIOS 2025.11-3ubuntu7 03/31/2026
00040 RIP: 0010:osd_create+0x9cf/0xcf0 [osd_wbcfs]
00040 Code: c7 c7 00 d6 af a1 48 c7 c6 a0 a2 72 a1 48 c7 c2 00 ac 72 a1 e8 82 dd 43 ff 48 c7 c7 00 d6 af a1 e8 f6 6a 44 ff e9 fe fc ff ff <0f> 0b e9 a5 fa ff ff 48 c7 c1 80 44 5d a0 80 e1 07 80 c1 03 38 c1
00040 RSP: 0018:ffffc90001e07258 EFLAGS: 00010246
00040 RAX: 0000000000000000 RBX: ffff88814d592c00 RCX: 0000000000000046
00040 RDX: ffffffff84c41d40 RSI: ffff8881994e42a8 RDI: ffff888182274b18
00040 RBP: ffff8881994e4218 R08: 0000000000000001 R09: 0000000000000000
00040 R10: dffffc0000000000 R11: ffffed103329c838 R12: ffff8881989ae418
00040 R13: dffffc0000000000 R14: 1ffff11029ab2580 R15: 1ffff11033135c92
00040 FS:  0000000000000000(0000) GS:ffff88831e82d000(0000) knlGS:0000000000000000
00040 CS:  0010 DS: 0000 ES: 0000 CR0: 0000000080050033
00040 CR2: 00007ff75498db68 CR3: 0000000004274000 CR4: 0000000000750eb0
00040 PKRU: 55555554
00040 Call Trace:
00040  <TASK>
00040  ? local_object_create+0x109/0x640 [obdclass]
00040  ? dt_write_lock+0x16d/0x2a0 [obdclass]
00040  ? __local_file_create+0xce4/0x1bc0 [obdclass]
00040  ? local_index_find_or_create_with_fid+0x20d/0x3c0 [obdclass]
00040  ? lquota_disk_glb_find_create+0x3e7/0xe50 [lquota]
00040  ? lprocfs_seq_create+0x120/0x340 [obdclass]
00040  ? qmt_pool_prepare+0x5af/0x16f0 [lquota]
00040  ? qmt_device_prepare+0x25f/0x600 [lquota]
00040  ? mdt_quota_init+0x1a65/0x3220 [mdt]
00040  ? mdt_tunables_init+0x3e6/0x530 [mdt]
00040  ? mdt_device_alloc+0x46a6/0x66c0 [mdt]
00040  ? obd_setup+0x25c/0x960 [obdclass]
00040  ? class_setup+0xc7d/0x10e0 [obdclass]
00040  ? class_process_config+0x2edb/0x7cb0 [obdclass]
00040  ? __kasan_kmalloc+0x72/0x80
00040  ? class_config_llog_handler+0x2954/0x4f80 [obdclass]
00040  ? class_config_llog_handler+0x2cea/0x4f80 [obdclass]
00040  ? lustre_cfg_rec_free+0x350/0x350 [obdclass]
00040  ? llog_process_thread+0x1fd2/0x4f70 [obdclass]
00040  ? _raw_spin_unlock+0x23/0x40
00040  ? llog_process_thread_daemonize+0x16d/0x1b0 [obdclass]
00040  ? kthread+0x2cd/0x3a0
00040  ? llog_process_or_fork+0xc90/0xc90 [obdclass]
00040  ? kthread_unuse_mm+0x130/0x130
00040  ? ret_from_fork+0x18c/0x520
00040  ? kthread_unuse_mm+0x130/0x130
00040  ? ret_from_fork_asm+0x11/0x20
00040  </TASK>
00040 ---[ end trace 0000000000000000 ]---
00040 ------------[ cut here ]------------
00040 WARNING: /home/ktest/git/linux/include/linux/fs.h:889 at osd_create+0x9cf/0xcf0 [osd_wbcfs], CPU#8: llog_process_th/1934
00040 Modules linked in: mdd(O) lod(O) mdt(O) lquota(O) lfsck(O) mgs(O) osd_wbcfs(O) lustre(O) obdecho(O) mgc(O) mdc(O) lov(O) osc(O) lmv(O) ec(O) fid(O) fld(O) ptlrpc(O) efivarfs obdclass(O) ksocklnd(O) lnet(O) libcfs(O)
00040 CPU: 8 UID: 0 PID: 1934 Comm: llog_process_th Tainted: G        W  O        7.0.0-ktest-234df4f-6330a45-20260727-dirty #1 PREEMPT 
00040 Tainted: [W]=WARN, [O]=OOT_MODULE
00040 Hardware name: QEMU Standard PC (Q35 + ICH9, 2009), BIOS 2025.11-3ubuntu7 03/31/2026
00040 RIP: 0010:osd_create+0x9cf/0xcf0 [osd_wbcfs]
00040 Code: c7 c7 00 d6 af a1 48 c7 c6 a0 a2 72 a1 48 c7 c2 00 ac 72 a1 e8 82 dd 43 ff 48 c7 c7 00 d6 af a1 e8 f6 6a 44 ff e9 fe fc ff ff <0f> 0b e9 a5 fa ff ff 48 c7 c1 80 44 5d a0 80 e1 07 80 c1 03 38 c1
00040 RSP: 0018:ffffc90001e07258 EFLAGS: 00010246
00040 RAX: 0000000000000000 RBX: ffff88814d592800 RCX: 0000000000000046
00040 RDX: ffffffff84c41d40 RSI: ffff8881994e3b90 RDI: ffff888182274b18
00040 RBP: ffff8881994e3b00 R08: 0000000000000001 R09: 0000000000000000
00040 R10: dffffc0000000000 R11: ffffed103329c755 R12: ffff8881989ae418
00040 R13: dffffc0000000000 R14: 1ffff11029ab2500 R15: 1ffff11033135c92
00040 FS:  0000000000000000(0000) GS:ffff88831e82d000(0000) knlGS:0000000000000000
00040 CS:  0010 DS: 0000 ES: 0000 CR0: 0000000080050033
00040 CR2: 00007ff75498db68 CR3: 0000000004274000 CR4: 0000000000750eb0
00040 PKRU: 55555554
00040 Call Trace:
00040  <TASK>
00040  ? local_object_create+0x109/0x640 [obdclass]
00040  ? dt_write_lock+0x16d/0x2a0 [obdclass]
00040  ? __local_file_create+0xce4/0x1bc0 [obdclass]
00040  ? local_index_find_or_create_with_fid+0x20d/0x3c0 [obdclass]
00040  ? lquota_disk_glb_find_create+0x3e7/0xe50 [lquota]
00040  ? lprocfs_seq_create+0x120/0x340 [obdclass]
00040  ? qmt_pool_prepare+0x5af/0x16f0 [lquota]
00040  ? qmt_device_prepare+0x25f/0x600 [lquota]
00040  ? mdt_quota_init+0x1a65/0x3220 [mdt]
00040  ? mdt_tunables_init+0x3e6/0x530 [mdt]
00040  ? mdt_device_alloc+0x46a6/0x66c0 [mdt]
00040  ? obd_setup+0x25c/0x960 [obdclass]
00040  ? class_setup+0xc7d/0x10e0 [obdclass]
00040  ? class_process_config+0x2edb/0x7cb0 [obdclass]
00040  ? __kasan_kmalloc+0x72/0x80
00040  ? class_config_llog_handler+0x2954/0x4f80 [obdclass]
00040  ? class_config_llog_handler+0x2cea/0x4f80 [obdclass]
00040  ? lustre_cfg_rec_free+0x350/0x350 [obdclass]
00040  ? llog_process_thread+0x1fd2/0x4f70 [obdclass]
00040  ? _raw_spin_unlock+0x23/0x40
00040  ? llog_process_thread_daemonize+0x16d/0x1b0 [obdclass]
00040  ? kthread+0x2cd/0x3a0
00040  ? llog_process_or_fork+0xc90/0xc90 [obdclass]
00040  ? kthread_unuse_mm+0x130/0x130
00040  ? ret_from_fork+0x18c/0x520
00040  ? kthread_unuse_mm+0x130/0x130
00040  ? ret_from_fork_asm+0x11/0x20
00040  </TASK>
00040 ---[ end trace 0000000000000000 ]---
00040 ------------[ cut here ]------------
00040 WARNING: /home/ktest/git/linux/include/linux/fs.h:889 at osd_create+0x9cf/0xcf0 [osd_wbcfs], CPU#8: llog_process_th/1934
00040 Modules linked in: mdd(O) lod(O) mdt(O) lquota(O) lfsck(O) mgs(O) osd_wbcfs(O) lustre(O) obdecho(O) mgc(O) mdc(O) lov(O) osc(O) lmv(O) ec(O) fid(O) fld(O) ptlrpc(O) efivarfs obdclass(O) ksocklnd(O) lnet(O) libcfs(O)
00040 CPU: 8 UID: 0 PID: 1934 Comm: llog_process_th Tainted: G        W  O        7.0.0-ktest-234df4f-6330a45-20260727-dirty #1 PREEMPT 
00040 Tainted: [W]=WARN, [O]=OOT_MODULE
00040 Hardware name: QEMU Standard PC (Q35 + ICH9, 2009), BIOS 2025.11-3ubuntu7 03/31/2026
00040 RIP: 0010:osd_create+0x9cf/0xcf0 [osd_wbcfs]
00040 Code: c7 c7 00 d6 af a1 48 c7 c6 a0 a2 72 a1 48 c7 c2 00 ac 72 a1 e8 82 dd 43 ff 48 c7 c7 00 d6 af a1 e8 f6 6a 44 ff e9 fe fc ff ff <0f> 0b e9 a5 fa ff ff 48 c7 c1 80 44 5d a0 80 e1 07 80 c1 03 38 c1
00040 RSP: 0018:ffffc90001e07270 EFLAGS: 00010246
00040 RAX: 0000000000000000 RBX: ffff88817f10ac00 RCX: 0000000000000046
00040 RDX: 0000000000000000 RSI: ffff8881994e3478 RDI: ffff888182274b18
00040 RBP: ffff8881994e33e8 R08: ffffffff83a16803 R09: 1ffffffff0742d00
00040 R10: dffffc0000000000 R11: fffffbfff0742d01 R12: ffff8881989ae418
00040 R13: dffffc0000000000 R14: 1ffff1102fe21580 R15: 1ffff11033135c92
00040 FS:  0000000000000000(0000) GS:ffff88831e82d000(0000) knlGS:0000000000000000
00040 CS:  0010 DS: 0000 ES: 0000 CR0: 0000000080050033
00040 CR2: 00007ff75498db68 CR3: 0000000004274000 CR4: 0000000000750eb0
00040 PKRU: 55555554
00040 Call Trace:
00040  <TASK>
00040  ? local_object_create+0x109/0x640 [obdclass]
00040  ? dt_write_lock+0x16d/0x2a0 [obdclass]
00040  ? __local_file_create+0xce4/0x1bc0 [obdclass]
00040  ? local_file_find_or_create+0x13c/0x1d0 [obdclass]
00040  ? lquota_disk_dir_find_create+0x31f/0xd10 [lquota]
00040  ? qmt_pool_prepare+0x3ee/0x16f0 [lquota]
00040  ? qmt_device_prepare+0x25f/0x600 [lquota]
00040  ? mdt_quota_init+0x1a65/0x3220 [mdt]
00040  ? mdt_tunables_init+0x3e6/0x530 [mdt]
00040  ? mdt_device_alloc+0x46a6/0x66c0 [mdt]
00040  ? obd_setup+0x25c/0x960 [obdclass]
00040  ? class_setup+0xc7d/0x10e0 [obdclass]
00040  ? class_process_config+0x2edb/0x7cb0 [obdclass]
00040  ? __kasan_kmalloc+0x72/0x80
00040  ? class_config_llog_handler+0x2954/0x4f80 [obdclass]
00040  ? class_config_llog_handler+0x2cea/0x4f80 [obdclass]
00040  ? lustre_cfg_rec_free+0x350/0x350 [obdclass]
00040  ? llog_process_thread+0x1fd2/0x4f70 [obdclass]
00040  ? _raw_spin_unlock+0x23/0x40
00040  ? llog_process_thread_daemonize+0x16d/0x1b0 [obdclass]
00040  ? kthread+0x2cd/0x3a0
00040  ? llog_process_or_fork+0xc90/0xc90 [obdclass]
00040  ? kthread_unuse_mm+0x130/0x130
00040  ? ret_from_fork+0x18c/0x520
00040  ? kthread_unuse_mm+0x130/0x130
00040  ? ret_from_fork_asm+0x11/0x20
00040  </TASK>
00040 ---[ end trace 0000000000000000 ]---
00040 ------------[ cut here ]------------
00040 WARNING: /home/ktest/git/linux/include/linux/fs.h:889 at osd_create+0x9cf/0xcf0 [osd_wbcfs], CPU#8: llog_process_th/1934
00040 Modules linked in: mdd(O) lod(O) mdt(O) lquota(O) lfsck(O) mgs(O) osd_wbcfs(O) lustre(O) obdecho(O) mgc(O) mdc(O) lov(O) osc(O) lmv(O) ec(O) fid(O) fld(O) ptlrpc(O) efivarfs obdclass(O) ksocklnd(O) lnet(O) libcfs(O)
00040 CPU: 8 UID: 0 PID: 1934 Comm: llog_process_th Tainted: G        W  O        7.0.0-ktest-234df4f-6330a45-20260727-dirty #1 PREEMPT 
00040 Tainted: [W]=WARN, [O]=OOT_MODULE
00040 Hardware name: QEMU Standard PC (Q35 + ICH9, 2009), BIOS 2025.11-3ubuntu7 03/31/2026
00040 RIP: 0010:osd_create+0x9cf/0xcf0 [osd_wbcfs]
00040 Code: c7 c7 00 d6 af a1 48 c7 c6 a0 a2 72 a1 48 c7 c2 00 ac 72 a1 e8 82 dd 43 ff 48 c7 c7 00 d6 af a1 e8 f6 6a 44 ff e9 fe fc ff ff <0f> 0b e9 a5 fa ff ff 48 c7 c1 80 44 5d a0 80 e1 07 80 c1 03 38 c1
00040 RSP: 0018:ffffc90001e07258 EFLAGS: 00010246
00040 RAX: 0000000000000000 RBX: ffff88817f10a400 RCX: 0000000000000046
00040 RDX: ffffffff84c41d40 RSI: ffff8881994e2d60 RDI: ffff888182274b18
00040 RBP: ffff8881994e2cd0 R08: 0000000000000001 R09: 0000000000000000
00040 R10: dffffc0000000000 R11: ffffed103329c58f R12: ffff8881989ae418
00040 R13: dffffc0000000000 R14: 1ffff1102fe21480 R15: 1ffff11033135c92
00040 FS:  0000000000000000(0000) GS:ffff88831e82d000(0000) knlGS:0000000000000000
00040 CS:  0010 DS: 0000 ES: 0000 CR0: 0000000080050033
00040 CR2: 00007ff75498db68 CR3: 0000000004274000 CR4: 0000000000750eb0
00040 PKRU: 55555554
00040 Call Trace:
00040  <TASK>
00040  ? local_object_create+0x109/0x640 [obdclass]
00040  ? dt_write_lock+0x16d/0x2a0 [obdclass]
00040  ? __local_file_create+0xce4/0x1bc0 [obdclass]
00040  ? local_index_find_or_create_with_fid+0x20d/0x3c0 [obdclass]
00040  ? lquota_disk_glb_find_create+0x3e7/0xe50 [lquota]
00040  ? qmt_pool_prepare+0x5af/0x16f0 [lquota]
00040  ? qmt_device_prepare+0x25f/0x600 [lquota]
00040  ? mdt_quota_init+0x1a65/0x3220 [mdt]
00040  ? mdt_tunables_init+0x3e6/0x530 [mdt]
00040  ? mdt_device_alloc+0x46a6/0x66c0 [mdt]
00040  ? obd_setup+0x25c/0x960 [obdclass]
00040  ? class_setup+0xc7d/0x10e0 [obdclass]
00040  ? class_process_config+0x2edb/0x7cb0 [obdclass]
00040  ? __kasan_kmalloc+0x72/0x80
00040  ? class_config_llog_handler+0x2954/0x4f80 [obdclass]
00040  ? class_config_llog_handler+0x2cea/0x4f80 [obdclass]
00040  ? lustre_cfg_rec_free+0x350/0x350 [obdclass]
00040  ? llog_process_thread+0x1fd2/0x4f70 [obdclass]
00040  ? _raw_spin_unlock+0x23/0x40
00040  ? llog_process_thread_daemonize+0x16d/0x1b0 [obdclass]
00040  ? kthread+0x2cd/0x3a0
00040  ? llog_process_or_fork+0xc90/0xc90 [obdclass]
00040  ? kthread_unuse_mm+0x130/0x130
00040  ? ret_from_fork+0x18c/0x520
00040  ? kthread_unuse_mm+0x130/0x130
00040  ? ret_from_fork_asm+0x11/0x20
00040  </TASK>
00040 ---[ end trace 0000000000000000 ]---
00040 ------------[ cut here ]------------
00040 WARNING: /home/ktest/git/linux/include/linux/fs.h:889 at osd_create+0x9cf/0xcf0 [osd_wbcfs], CPU#8: llog_process_th/1934
00040 Modules linked in: mdd(O) lod(O) mdt(O) lquota(O) lfsck(O) mgs(O) osd_wbcfs(O) lustre(O) obdecho(O) mgc(O) mdc(O) lov(O) osc(O) lmv(O) ec(O) fid(O) fld(O) ptlrpc(O) efivarfs obdclass(O) ksocklnd(O) lnet(O) libcfs(O)
00040 CPU: 8 UID: 0 PID: 1934 Comm: llog_process_th Tainted: G        W  O        7.0.0-ktest-234df4f-6330a45-20260727-dirty #1 PREEMPT 
00040 Tainted: [W]=WARN, [O]=OOT_MODULE
00040 Hardware name: QEMU Standard PC (Q35 + ICH9, 2009), BIOS 2025.11-3ubuntu7 03/31/2026
00040 RIP: 0010:osd_create+0x9cf/0xcf0 [osd_wbcfs]
00040 Code: c7 c7 00 d6 af a1 48 c7 c6 a0 a2 72 a1 48 c7 c2 00 ac 72 a1 e8 82 dd 43 ff 48 c7 c7 00 d6 af a1 e8 f6 6a 44 ff e9 fe fc ff ff <0f> 0b e9 a5 fa ff ff 48 c7 c1 80 44 5d a0 80 e1 07 80 c1 03 38 c1
00040 RSP: 0018:ffffc90001e07258 EFLAGS: 00010246
00040 RAX: 0000000000000000 RBX: ffff88817e294000 RCX: 0000000000000046
00040 RDX: ffffffff84c41d40 RSI: ffff888137d8d0d8 RDI: ffff888182274b18
00040 RBP: ffff888137d8d048 R08: 0000000000000001 R09: 0000000000000000
00040 R10: dffffc0000000000 R11: ffffed1026fb19fe R12: ffff8881989ae418
00040 R13: dffffc0000000000 R14: 1ffff1102fc52800 R15: 1ffff11033135c92
00040 FS:  0000000000000000(0000) GS:ffff88831e82d000(0000) knlGS:0000000000000000
00040 CS:  0010 DS: 0000 ES: 0000 CR0: 0000000080050033
00040 CR2: 00007ff75498db68 CR3: 0000000004274000 CR4: 0000000000750eb0
00040 PKRU: 55555554
00040 Call Trace:
00040  <TASK>
00040  ? local_object_create+0x109/0x640 [obdclass]
00040  ? dt_write_lock+0x16d/0x2a0 [obdclass]
00040  ? __local_file_create+0xce4/0x1bc0 [obdclass]
00040  ? local_index_find_or_create_with_fid+0x20d/0x3c0 [obdclass]
00040  ? lquota_disk_glb_find_create+0x3e7/0xe50 [lquota]
00040  ? lprocfs_seq_create+0x120/0x340 [obdclass]
00040  ? qmt_pool_prepare+0x5af/0x16f0 [lquota]
00040  ? qmt_device_prepare+0x25f/0x600 [lquota]
00040  ? mdt_quota_init+0x1a65/0x3220 [mdt]
00040  ? mdt_tunables_init+0x3e6/0x530 [mdt]
00040  ? mdt_device_alloc+0x46a6/0x66c0 [mdt]
00040  ? obd_setup+0x25c/0x960 [obdclass]
00040  ? class_setup+0xc7d/0x10e0 [obdclass]
00040  ? class_process_config+0x2edb/0x7cb0 [obdclass]
00040  ? __kasan_kmalloc+0x72/0x80
00040  ? class_config_llog_handler+0x2954/0x4f80 [obdclass]
00040  ? class_config_llog_handler+0x2cea/0x4f80 [obdclass]
00040  ? lustre_cfg_rec_free+0x350/0x350 [obdclass]
00040  ? llog_process_thread+0x1fd2/0x4f70 [obdclass]
00040  ? _raw_spin_unlock+0x23/0x40
00040  ? llog_process_thread_daemonize+0x16d/0x1b0 [obdclass]
00040  ? kthread+0x2cd/0x3a0
00040  ? llog_process_or_fork+0xc90/0xc90 [obdclass]
00040  ? kthread_unuse_mm+0x130/0x130
00040  ? ret_from_fork+0x18c/0x520
00040  ? kthread_unuse_mm+0x130/0x130
00040  ? ret_from_fork_asm+0x11/0x20
00040  </TASK>
00040 ---[ end trace 0000000000000000 ]---
00040 ------------[ cut here ]------------
00040 WARNING: /home/ktest/git/linux/include/linux/fs.h:889 at osd_create+0x9cf/0xcf0 [osd_wbcfs], CPU#8: llog_process_th/1934
00040 Modules linked in: mdd(O) lod(O) mdt(O) lquota(O) lfsck(O) mgs(O) osd_wbcfs(O) lustre(O) obdecho(O) mgc(O) mdc(O) lov(O) osc(O) lmv(O) ec(O) fid(O) fld(O) ptlrpc(O) efivarfs obdclass(O) ksocklnd(O) lnet(O) libcfs(O)
00040 CPU: 8 UID: 0 PID: 1934 Comm: llog_process_th Tainted: G        W  O        7.0.0-ktest-234df4f-6330a45-20260727-dirty #1 PREEMPT 
00040 Tainted: [W]=WARN, [O]=OOT_MODULE
00040 Hardware name: QEMU Standard PC (Q35 + ICH9, 2009), BIOS 2025.11-3ubuntu7 03/31/2026
00040 RIP: 0010:osd_create+0x9cf/0xcf0 [osd_wbcfs]
00040 Code: c7 c7 00 d6 af a1 48 c7 c6 a0 a2 72 a1 48 c7 c2 00 ac 72 a1 e8 82 dd 43 ff 48 c7 c7 00 d6 af a1 e8 f6 6a 44 ff e9 fe fc ff ff <0f> 0b e9 a5 fa ff ff 48 c7 c1 80 44 5d a0 80 e1 07 80 c1 03 38 c1
00040 RSP: 0018:ffffc90001e07258 EFLAGS: 00010246
00040 RAX: 0000000000000000 RBX: ffff88811abb0c00 RCX: 0000000000000046
00040 RDX: ffffffff84c41d40 RSI: ffff888137d8c9c0 RDI: ffff888182274b18
00040 RBP: ffff888137d8c930 R08: 0000000000000001 R09: 0000000000000000
00040 R10: dffffc0000000000 R11: ffffed1026fb191b R12: ffff8881989ae418
00040 R13: dffffc0000000000 R14: 1ffff11023576180 R15: 1ffff11033135c92
00040 FS:  0000000000000000(0000) GS:ffff88831e82d000(0000) knlGS:0000000000000000
00040 CS:  0010 DS: 0000 ES: 0000 CR0: 0000000080050033
00040 CR2: 00007ff75498db68 CR3: 0000000004274000 CR4: 0000000000750eb0
00040 PKRU: 55555554
00040 Call Trace:
00040  <TASK>
00040  ? local_object_create+0x109/0x640 [obdclass]
00040  ? dt_write_lock+0x16d/0x2a0 [obdclass]
00040  ? __local_file_create+0xce4/0x1bc0 [obdclass]
00040  ? local_index_find_or_create_with_fid+0x20d/0x3c0 [obdclass]
00040  ? lquota_disk_glb_find_create+0x3e7/0xe50 [lquota]
00040  ? lprocfs_seq_create+0x120/0x340 [obdclass]
00040  ? qmt_pool_prepare+0x5af/0x16f0 [lquota]
00040  ? qmt_device_prepare+0x25f/0x600 [lquota]
00040  ? mdt_quota_init+0x1a65/0x3220 [mdt]
00040  ? mdt_tunables_init+0x3e6/0x530 [mdt]
00040  ? mdt_device_alloc+0x46a6/0x66c0 [mdt]
00040  ? obd_setup+0x25c/0x960 [obdclass]
00040  ? class_setup+0xc7d/0x10e0 [obdclass]
00040  ? class_process_config+0x2edb/0x7cb0 [obdclass]
00040  ? __kasan_kmalloc+0x72/0x80
00040  ? class_config_llog_handler+0x2954/0x4f80 [obdclass]
00040  ? class_config_llog_handler+0x2cea/0x4f80 [obdclass]
00040  ? lustre_cfg_rec_free+0x350/0x350 [obdclass]
00040  ? llog_process_thread+0x1fd2/0x4f70 [obdclass]
00040  ? _raw_spin_unlock+0x23/0x40
00040  ? llog_process_thread_daemonize+0x16d/0x1b0 [obdclass]
00040  ? kthread+0x2cd/0x3a0
00040  ? llog_process_or_fork+0xc90/0xc90 [obdclass]
00040  ? kthread_unuse_mm+0x130/0x130
00040  ? ret_from_fork+0x18c/0x520
00040  ? kthread_unuse_mm+0x130/0x130
00040  ? ret_from_fork_asm+0x11/0x20
00040  </TASK>
00040 ---[ end trace 0000000000000000 ]---
00040 ------------[ cut here ]------------
00040 WARNING: /home/ktest/git/linux/include/linux/fs.h:889 at osd_create+0x9cf/0xcf0 [osd_wbcfs], CPU#4: ll_mgs_0000/1909
00040 Modules linked in: osp(O) mdd(O) lod(O) mdt(O) lquota(O) lfsck(O) mgs(O) osd_wbcfs(O) lustre(O) obdecho(O) mgc(O) mdc(O) lov(O) osc(O) lmv(O) ec(O) fid(O) fld(O) ptlrpc(O) efivarfs obdclass(O) ksocklnd(O) lnet(O) libcfs(O)
00040 CPU: 4 UID: 0 PID: 1909 Comm: ll_mgs_0000 Tainted: G        W  O        7.0.0-ktest-234df4f-6330a45-20260727-dirty #1 PREEMPT 
00040 Tainted: [W]=WARN, [O]=OOT_MODULE
00040 Hardware name: QEMU Standard PC (Q35 + ICH9, 2009), BIOS 2025.11-3ubuntu7 03/31/2026
00040 RIP: 0010:osd_create+0x9cf/0xcf0 [osd_wbcfs]
00040 Code: c7 c7 00 d6 af a1 48 c7 c6 a0 a2 72 a1 48 c7 c2 00 ac 72 a1 e8 82 dd 43 ff 48 c7 c7 00 d6 af a1 e8 f6 6a 44 ff e9 fe fc ff ff <0f> 0b e9 a5 fa ff ff 48 c7 c1 80 44 5d a0 80 e1 07 80 c1 03 38 c1
00040 RSP: 0018:ffffc90001bd7700 EFLAGS: 00010246
00040 RAX: 0000000000000000 RBX: ffff888187f2c400 RCX: 0000000000000046
00040 RDX: 0000000000000000 RSI: ffff88818942a648 RDI: ffff88811e96aaa8
00040 RBP: ffff88818942a5b8 R08: ffffffff83a16803 R09: 1ffffffff0742d00
00040 R10: dffffc0000000000 R11: fffffbfff0742d01 R12: ffff88819058e418
00040 R13: dffffc0000000000 R14: 1ffff11030fe5880 R15: 1ffff110320b1c92
00040 FS:  0000000000000000(0000) GS:ffff88831e62d000(0000) knlGS:0000000000000000
00040 CS:  0010 DS: 0000 ES: 0000 CR0: 0000000080050033
00040 CR2: 00007fe9ed7e6194 CR3: 0000000004274000 CR4: 0000000000750eb0
00040 PKRU: 55555554
00040 Call Trace:
00040  <TASK>
00040  ? local_object_create+0x109/0x640 [obdclass]
00040  ? dt_write_lock+0x16d/0x2a0 [obdclass]
00040  ? __local_file_create+0xce4/0x1bc0 [obdclass]
00040  ? local_file_find_or_create+0x13c/0x1d0 [obdclass]
00040  ? mgs_ir_update+0x1ce1/0x3850 [mgs]
00040  ? mgs_target_reg+0xd98/0x4480 [mgs]
00040  ? tgt_request_handle+0x23ad/0x3d30 [ptlrpc]
00040  ? ptlrpc_main+0x6359/0x96f0 [ptlrpc]
00040  ? __kthread_parkme+0x73/0x130
00040  ? kthread+0x2cd/0x3a0
00040  ? ptlrpc_start_thread+0x1f10/0x1f10 [ptlrpc]
00040  ? kthread_unuse_mm+0x130/0x130
00040  ? ret_from_fork+0x18c/0x520
00040  ? kthread_unuse_mm+0x130/0x130
00040  ? ret_from_fork_asm+0x11/0x20
00040  </TASK>
00040 ---[ end trace 0000000000000000 ]---
00040 Lustre: lustre-MDT0000: Imperative Recovery not enabled, recovery window 300-900
00040 Lustre: ctl-lustre-MDT0000: super-sequence allocation rc = 0 [0x0000000200000400-0x0000000240000400]:0:mdt
00040 ------------[ cut here ]------------
00040 WARNING: /home/ktest/git/linux/include/linux/fs.h:889 at osd_create+0x9cf/0xcf0 [osd_wbcfs], CPU#7: lod0000_rec0000/1944
00040 Modules linked in: osp(O) mdd(O) lod(O) mdt(O) lquota(O) lfsck(O) mgs(O) osd_wbcfs(O) lustre(O) obdecho(O) mgc(O) mdc(O) lov(O) osc(O) lmv(O) ec(O) fid(O) fld(O) ptlrpc(O) efivarfs obdclass(O) ksocklnd(O) lnet(O) libcfs(O)
00040 CPU: 7 UID: 0 PID: 1944 Comm: lod0000_rec0000 Tainted: G        W  O        7.0.0-ktest-234df4f-6330a45-20260727-dirty #1 PREEMPT 
00040 Tainted: [W]=WARN, [O]=OOT_MODULE
00040 Hardware name: QEMU Standard PC (Q35 + ICH9, 2009), BIOS 2025.11-3ubuntu7 03/31/2026
00040 RIP: 0010:osd_create+0x9cf/0xcf0 [osd_wbcfs]
00040 Code: c7 c7 00 d6 af a1 48 c7 c6 a0 a2 72 a1 48 c7 c2 00 ac 72 a1 e8 82 dd 43 ff 48 c7 c7 00 d6 af a1 e8 f6 6a 44 ff e9 fe fc ff ff <0f> 0b e9 a5 fa ff ff 48 c7 c1 80 44 5d a0 80 e1 07 80 c1 03 38 c1
00040 RSP: 0018:ffffc900025f7b60 EFLAGS: 00010246
00040 RAX: 0000000000000000 RBX: ffff888148ac8000 RCX: 0000000000000046
00040 RDX: 0000000000000000 RSI: ffff88819d6a50d8 RDI: ffff88818943cb18
00040 RBP: ffff88819d6a5048 R08: ffffffff83a16803 R09: 1ffffffff0742d00
00040 R10: dffffc0000000000 R11: fffffbfff0742d01 R12: ffff888186304800
00040 R13: dffffc0000000000 R14: 1ffff11029159000 R15: 1ffff11030c6090f
00040 FS:  0000000000000000(0000) GS:ffff88831e7ad000(0000) knlGS:0000000000000000
00040 CS:  0010 DS: 0000 ES: 0000 CR0: 0000000080050033
00040 CR2: 00007ff3d36ee200 CR3: 0000000004274000 CR4: 0000000000750eb0
00040 PKRU: 55555554
00040 Call Trace:
00040  <TASK>
00040  ? llog_osd_create+0x645/0x1140 [obdclass]
00040  ? llog_create+0x2ed/0x530 [obdclass]
00040  ? llog_open_create+0x5af/0xb10 [obdclass]
00040  ? lod_sub_prep_llog+0xdfd/0x1b40 [lod]
00040  ? lod_sub_recovery_thread+0x316/0x18d0 [lod]
00040  ? __kthread_parkme+0x73/0x130
00040  ? kthread+0x2cd/0x3a0
00040  ? lod_sub_init_llog+0x1180/0x1180 [lod]
00040  ? kthread_unuse_mm+0x130/0x130
00040  ? ret_from_fork+0x18c/0x520
00040  ? kthread_unuse_mm+0x130/0x130
00040  ? ret_from_fork_asm+0x11/0x20
00040  </TASK>
00040 ---[ end trace 0000000000000000 ]---
00040 ------------[ cut here ]------------
00040 WARNING: /home/ktest/git/linux/include/linux/fs.h:889 at osd_create+0x9cf/0xcf0 [osd_wbcfs], CPU#4: ll_mgs_0000/1909
00040 Modules linked in: osp(O) mdd(O) lod(O) mdt(O) lquota(O) lfsck(O) mgs(O) osd_wbcfs(O) lustre(O) obdecho(O) mgc(O) mdc(O) lov(O) osc(O) lmv(O) ec(O) fid(O) fld(O) ptlrpc(O) efivarfs obdclass(O) ksocklnd(O) lnet(O) libcfs(O)
00040 CPU: 4 UID: 0 PID: 1909 Comm: ll_mgs_0000 Tainted: G        W  O        7.0.0-ktest-234df4f-6330a45-20260727-dirty #1 PREEMPT 
00040 Tainted: [W]=WARN, [O]=OOT_MODULE
00040 Hardware name: QEMU Standard PC (Q35 + ICH9, 2009), BIOS 2025.11-3ubuntu7 03/31/2026
00040 RIP: 0010:osd_create+0x9cf/0xcf0 [osd_wbcfs]
00040 Code: c7 c7 00 d6 af a1 48 c7 c6 a0 a2 72 a1 48 c7 c2 00 ac 72 a1 e8 82 dd 43 ff 48 c7 c7 00 d6 af a1 e8 f6 6a 44 ff e9 fe fc ff ff <0f> 0b e9 a5 fa ff ff 48 c7 c1 80 44 5d a0 80 e1 07 80 c1 03 38 c1
00040 RSP: 0018:ffffc90001bd7698 EFLAGS: 00010246
00040 RAX: 0000000000000000 RBX: ffff888187f2f000 RCX: 0000000000000046
00040 RDX: 0000000000000000 RSI: ffff888189429f30 RDI: ffff88811e96aaa8
00040 RBP: ffff888189429ea0 R08: ffffffff83a16803 R09: 1ffffffff0742d00
00040 R10: dffffc0000000000 R11: fffffbfff0742d01 R12: ffff88813e48f400
00040 R13: dffffc0000000000 R14: 1ffff11030fe5e00 R15: 1ffff11027c91e8f
00040 FS:  0000000000000000(0000) GS:ffff88831e62d000(0000) knlGS:0000000000000000
00040 CS:  0010 DS: 0000 ES: 0000 CR0: 0000000080050033
00040 CR2: 00007fe9ed7e6194 CR3: 0000000004274000 CR4: 0000000000750eb0
00040 PKRU: 55555554
00040 Call Trace:
00040  <TASK>
00040  ? local_object_create+0x109/0x640 [obdclass]
00040  ? dt_write_lock+0x16d/0x2a0 [obdclass]
00040  ? llog_osd_create+0x356/0x1140 [obdclass]
00040  ? llog_create+0x2ed/0x530 [obdclass]
00040  ? llog_open_create+0x5af/0xb10 [obdclass]
00040  ? record_start_log+0x348/0xa40 [mgs]
00040  ? mgs_write_log_lov+0x3ac/0xde0 [mgs]
00040  ? mgs_write_log_target+0x17a4/0x6ab0 [mgs]
00040  ? mgs_target_reg+0x254e/0x4480 [mgs]
00040  ? tgt_request_handle+0x23ad/0x3d30 [ptlrpc]
00040  ? ptlrpc_main+0x6359/0x96f0 [ptlrpc]
00040  ? __kthread_parkme+0x73/0x130
00040  ? kthread+0x2cd/0x3a0
00040  ? ptlrpc_start_thread+0x1f10/0x1f10 [ptlrpc]
00040  ? kthread_unuse_mm+0x130/0x130
00040  ? ret_from_fork+0x18c/0x520
00040  ? kthread_unuse_mm+0x130/0x130
00040  ? ret_from_fork_asm+0x11/0x20
00040  </TASK>
00040 ---[ end trace 0000000000000000 ]---
00040 ------------[ cut here ]------------
00040 WARNING: /home/ktest/git/linux/include/linux/fs.h:889 at osd_create+0x9cf/0xcf0 [osd_wbcfs], CPU#15: llog_process_th/1951
00040 Modules linked in: osp(O) mdd(O) lod(O) mdt(O) lquota(O) lfsck(O) mgs(O) osd_wbcfs(O) lustre(O) obdecho(O) mgc(O) mdc(O) lov(O) osc(O) lmv(O) ec(O) fid(O) fld(O) ptlrpc(O) efivarfs obdclass(O) ksocklnd(O) lnet(O) libcfs(O)
00040 CPU: 15 UID: 0 PID: 1951 Comm: llog_process_th Tainted: G        W  O        7.0.0-ktest-234df4f-6330a45-20260727-dirty #1 PREEMPT 
00040 Tainted: [W]=WARN, [O]=OOT_MODULE
00040 Hardware name: QEMU Standard PC (Q35 + ICH9, 2009), BIOS 2025.11-3ubuntu7 03/31/2026
00040 RIP: 0010:osd_create+0x9cf/0xcf0 [osd_wbcfs]
00040 Code: c7 c7 00 d6 af a1 48 c7 c6 a0 a2 72 a1 48 c7 c2 00 ac 72 a1 e8 82 dd 43 ff 48 c7 c7 00 d6 af a1 e8 f6 6a 44 ff e9 fe fc ff ff <0f> 0b e9 a5 fa ff ff 48 c7 c1 80 44 5d a0 80 e1 07 80 c1 03 38 c1
00040 RSP: 0018:ffffc90002627450 EFLAGS: 00010246
00040 RAX: 0000000000000000 RBX: ffff88818f827c00 RCX: 0000000000000046
00040 RDX: ffffffff84c41d40 RSI: ffff8881ab7d7b68 RDI: ffff88813e57aa58
00040 RBP: ffff8881ab7d7ad8 R08: 0000000000000001 R09: 0000000000000000
00040 R10: dffffc0000000000 R11: ffffed10356faf50 R12: ffff888120092000
00040 R13: dffffc0000000000 R14: 1ffff11031f04f80 R15: 1ffff920004c4ebf
00040 FS:  0000000000000000(0000) GS:ffff88831ebad000(0000) knlGS:0000000000000000
00040 CS:  0010 DS: 0000 ES: 0000 CR0: 0000000080050033
00040 CR2: 00007f6e2ccee200 CR3: 0000000004274000 CR4: 0000000000750eb0
00040 PKRU: 55555554
00040 Call Trace:
00040  <TASK>
00040  ? dt_find_or_create+0x81a/0x1170 [obdclass]
00040  ? fld_index_init+0x404/0x1610 [fld]
00040  ? is_module_address+0x1b/0x70
00040  ? is_module_address+0x5e/0x70
00040  ? __asan_memset+0x22/0x40
00040  ? fld_server_init+0x1d7/0x580 [fld]
00040  ? mdt_device_alloc+0x36b4/0x66c0 [mdt]
00040  ? __alloc_tagging_slab_alloc_hook+0x136/0x190
00040  ? obd_setup+0x25c/0x960 [obdclass]
00040  ? class_setup+0xc7d/0x10e0 [obdclass]
00040  ? class_process_config+0x2edb/0x7cb0 [obdclass]
00040  ? __kasan_kmalloc+0x72/0x80
00040  ? class_config_llog_handler+0x2954/0x4f80 [obdclass]
00040  ? class_config_llog_handler+0x2cea/0x4f80 [obdclass]
00040  ? lustre_cfg_rec_free+0x350/0x350 [obdclass]
00040  ? llog_process_thread+0x1fd2/0x4f70 [obdclass]
00040  ? _raw_spin_unlock+0x23/0x40
00040  ? llog_process_thread_daemonize+0x16d/0x1b0 [obdclass]
00040  ? kthread+0x2cd/0x3a0
00040  ? llog_process_or_fork+0xc90/0xc90 [obdclass]
00040  ? kthread_unuse_mm+0x130/0x130
00040  ? ret_from_fork+0x18c/0x520
00040  ? kthread_unuse_mm+0x130/0x130
00040  ? ret_from_fork_asm+0x11/0x20
00040  </TASK>
00040 ---[ end trace 0000000000000000 ]---
00040 ------------[ cut here ]------------
00040 WARNING: /home/ktest/git/linux/include/linux/fs.h:889 at osd_create+0x9cf/0xcf0 [osd_wbcfs], CPU#15: llog_process_th/1951
00040 Modules linked in: osp(O) mdd(O) lod(O) mdt(O) lquota(O) lfsck(O) mgs(O) osd_wbcfs(O) lustre(O) obdecho(O) mgc(O) mdc(O) lov(O) osc(O) lmv(O) ec(O) fid(O) fld(O) ptlrpc(O) efivarfs obdclass(O) ksocklnd(O) lnet(O) libcfs(O)
00040 CPU: 15 UID: 0 PID: 1951 Comm: llog_process_th Tainted: G        W  O        7.0.0-ktest-234df4f-6330a45-20260727-dirty #1 PREEMPT 
00040 Tainted: [W]=WARN, [O]=OOT_MODULE
00040 Hardware name: QEMU Standard PC (Q35 + ICH9, 2009), BIOS 2025.11-3ubuntu7 03/31/2026
00040 RIP: 0010:osd_create+0x9cf/0xcf0 [osd_wbcfs]
00040 Code: c7 c7 00 d6 af a1 48 c7 c6 a0 a2 72 a1 48 c7 c2 00 ac 72 a1 e8 82 dd 43 ff 48 c7 c7 00 d6 af a1 e8 f6 6a 44 ff e9 fe fc ff ff <0f> 0b e9 a5 fa ff ff 48 c7 c1 80 44 5d a0 80 e1 07 80 c1 03 38 c1
00040 RSP: 0018:ffffc90002627430 EFLAGS: 00010246
00040 RAX: 0000000000000000 RBX: ffff88818fb52800 RCX: 0000000000000046
00040 RDX: 0000000000000000 RSI: ffff8881ab7d7450 RDI: ffff88813e57aa58
00040 RBP: ffff8881ab7d73c0 R08: ffffffff83a16803 R09: 1ffffffff0742d00
00040 R10: dffffc0000000000 R11: fffffbfff0742d01 R12: ffffc90002627530
00040 R13: dffffc0000000000 R14: 1ffff11031f6a500 R15: 1ffff920004c4ea4
00040 FS:  0000000000000000(0000) GS:ffff88831ebad000(0000) knlGS:0000000000000000
00040 CS:  0010 DS: 0000 ES: 0000 CR0: 0000000080050033
00040 CR2: 00007f6e2ccee200 CR3: 0000000004274000 CR4: 0000000000750eb0
00040 PKRU: 55555554
00040 Call Trace:
00040  <TASK>
00040  ? dt_find_or_create+0x81a/0x1170 [obdclass]
00040  ? seq_store_init+0x155/0x360 [fid]
00040  ? seq_server_init+0x290/0xba0 [fid]
00040  ? mdt_seq_init+0x2c1/0x1ef0 [mdt]
00040  ? fld_server_init+0x34e/0x580 [fld]
00040  ? mdt_device_alloc+0x39c5/0x66c0 [mdt]
00040  ? __alloc_tagging_slab_alloc_hook+0x136/0x190
00040  ? obd_setup+0x25c/0x960 [obdclass]
00040  ? class_setup+0xc7d/0x10e0 [obdclass]
00040  ? class_process_config+0x2edb/0x7cb0 [obdclass]
00040  ? __kasan_kmalloc+0x72/0x80
00040  ? class_config_llog_handler+0x2954/0x4f80 [obdclass]
00040  ? class_config_llog_handler+0x2cea/0x4f80 [obdclass]
00040  ? lustre_cfg_rec_free+0x350/0x350 [obdclass]
00040  ? llog_process_thread+0x1fd2/0x4f70 [obdclass]
00040  ? _raw_spin_unlock+0x23/0x40
00040  ? llog_process_thread_daemonize+0x16d/0x1b0 [obdclass]
00040  ? kthread+0x2cd/0x3a0
00040  ? llog_process_or_fork+0xc90/0xc90 [obdclass]
00040  ? kthread_unuse_mm+0x130/0x130
00040  ? ret_from_fork+0x18c/0x520
00040  ? kthread_unuse_mm+0x130/0x130
00040  ? ret_from_fork_asm+0x11/0x20
00040  </TASK>
00040 ---[ end trace 0000000000000000 ]---
00065 Lustre: lustre-MDT0000: local client ce9549b8-6282-4818-ac80-18f8382ebfda w/o recovery
00065 Lustre: Skipped 1 previous similar message
00065 Lustre: client wants to enable acl, but mdt not!
00065 Lustre: Mounted lustre-client
00065 lustre-ktest (1894) used greatest stack depth: 24200 bytes left
00066 34s
00076 CLEANUP LUSTRE ... Lustre: Unmounted lustre-client
00076 Lustre: server umount lustre-OST0000 complete
00076 Lustre: server umount lustre-OST0001 complete
00080 LustreError: lustre-MDT0001-osp-MDT0000: operation mds_statfs to node 0@lo failed: rc = -107
00080 Lustre: lustre-MDT0001-osp-MDT0000: Connection to lustre-MDT0001 (at 0@lo) was lost; in progress operations using this service will wait for recovery to complete
00080 Lustre: lustre-MDT0001: Not available for connect from 0@lo (stopping)
00087 Lustre: server umount lustre-MDT0001 complete
00096 Lustre: server umount lustre-MDT0000 complete
00096 21s
00096 
00096 ========= PASSED llmount in 65s
00096 
00096 Passed: llmount
00096 Failed: 
00096 NOTICE: Automounting of tracing to debugfs is deprecated and will be removed in 2030
00096 Kernel version: 7.0.0-ktest-234df4f-6330a45-20260727-dirty
00096 TEST SUCCESS
