CLI: ./pk --podman-socket unix:///run/user/1000/podman/podman.sock --shared-filesystem /tmp --tarball-input job lustre-ci --output /var/www/ci-lustre/upstream-patch-review --git-hash 23a506449f565b6a8ec56d95e59fe29355bd4c90 --change-id 64927_23a506449f565b6a8ec56d95e59fe29355bd4c90 --subject LU-20016: Simple benchmark tool for EC computations

Environment validated successfully
Note: custom LLVM is not synced in tarball input mode
Creating kernel tarball at /tmp/ktest-kernel.tar.gz...
Creating lustre tarball at /tmp/ktest-lustre.tar.gz...
Creating ZFS tarball at /tmp/ktest-zfs.tar.gz...
Executing 14 jobs
Jobs will start as soon as their dependencies are satisfied
Using tarball input mode

START ml-strict:lustre_mainline build tests/fs/lustre/boot-strict.ktest
START al2023:al2023 build tests/fs/lustre/boot.ktest
START ml-miscvm:lustre_mainline_native build tests/fs/lustre/boot.ktest
START checkpatch:checkpatch tool checkpatch
START ml:lustre_mainline build tests/fs/lustre/boot.ktest
START u24:u24 build tests/fs/lustre/boot.ktest
PUT /tmp/ktest-lustre.tar.gz 1s
PUT /tmp/ktest-lustre.tar.gz 1s
PUT /tmp/ktest-kernel.tar.gz 6s
PUT /tmp/ktest-kernel.tar.gz 6s
PUT /tmp/ktest-kernel.tar.gz 6s
PUT /tmp/ktest-kernel.tar.gz 7s
PUT /tmp/ktest-lustre.tar.gz 1s
PUT /tmp/ktest-lustre.tar.gz 2s
PUT /tmp/ktest-lustre.tar.gz 1s
PUT /tmp/ktest-lustre.tar.gz 2s
PUT /tmp/ktest-zfs.tar.gz 0s
PUT /tmp/ktest-zfs.tar.gz 0s
PUT /tmp/ktest-zfs.tar.gz 0s
END checkpatch:checkpatch tool checkpatch FAIL 11s (exit code: 1)
END u24:u24 build tests/fs/lustre/boot.ktest FAIL 33s (exit code: 2)
END al2023:al2023 build tests/fs/lustre/boot.ktest FAIL 41s (exit code: 2)
GET /tmp/ktest_ml-strict:lustre_mainline_hxlvvi8w.tar 6s
GET /tmp/ktest_ml:lustre_mainline_l7xir24_.tar 6s
GET /tmp/ktest_ml-miscvm:lustre_mainline_native_ojc9jqoc.tar 6s
END ml-strict:lustre_mainline build tests/fs/lustre/boot-strict.ktest FAIL 145s (exit code: 1)
END ml:lustre_mainline build tests/fs/lustre/boot.ktest FAIL 146s (exit code: 1)
END ml-miscvm:lustre_mainline_native build tests/fs/lustre/boot.ktest FAIL 148s (exit code: 1)

============================================================
Final Results:
  checkpatch:checkpatch: FAIL (11s) (log: /var/www/ci-lustre/upstream-patch-review/23a506449f565b6a8ec56d95e59fe29355bd4c90_checkpatch:checkpatch.log)
  u24:u24: FAIL (33s) (log: /var/www/ci-lustre/upstream-patch-review/23a506449f565b6a8ec56d95e59fe29355bd4c90_u24:u24.log)
  al2023:al2023: FAIL (41s) (log: /var/www/ci-lustre/upstream-patch-review/23a506449f565b6a8ec56d95e59fe29355bd4c90_al2023:al2023.log)
  ml-strict:lustre_mainline: FAIL (145s) (log: /var/www/ci-lustre/upstream-patch-review/23a506449f565b6a8ec56d95e59fe29355bd4c90_ml-strict:lustre_mainline.log)
  ml:lustre_mainline: FAIL (146s) (log: /var/www/ci-lustre/upstream-patch-review/23a506449f565b6a8ec56d95e59fe29355bd4c90_ml:lustre_mainline.log)
  ml-miscvm:lustre_mainline_native: FAIL (148s) (log: /var/www/ci-lustre/upstream-patch-review/23a506449f565b6a8ec56d95e59fe29355bd4c90_ml-miscvm:lustre_mainline_native.log)
  ml-miscvm:boot: SKIPPED (due to dependency failure)
  ml-miscvm:llmount: SKIPPED (due to dependency failure)
  ml-miscvm:llog-unit: SKIPPED (due to dependency failure)
  ml-miscvm:mgs-setup: SKIPPED (due to dependency failure)
  ml-miscvm:sanity-1: SKIPPED (due to dependency failure)
  ml-miscvm:sanity-2: SKIPPED (due to dependency failure)
  ml-miscvm:sanity-3: SKIPPED (due to dependency failure)
  ml-miscvm:sanity-4: SKIPPED (due to dependency failure)

Total execution time: 178s

Packed 2168 logs from /var/www/ci-lustre/upstream-patch-review into /home/ktest/ktest/local-site/local_data.js
Open /home/ktest/ktest/local-site/index.html in a browser
