CLI: ./pk --podman-socket unix:///run/podman/podman.sock --shared-filesystem /tmp --tarball-input job lustre-ci --output /var/www/ci-lustre/upstream-patch-review --git-hash 2429b534b7ca015a90a0c227e3f7081faed42af2 --change-id 65061_2429b534b7ca015a90a0c227e3f7081faed42af2 --subject LU-19921 ptlrpc: add GSSIAM upcall operations and helper

Environment validated successfully
Note: custom LLVM is not synced in tarball input mode
Creating kernel tarball at /tmp/ktest-kernel.tar.gz...
Creating lustre tarball at /tmp/ktest-lustre.tar.gz...
Creating ZFS tarball at /tmp/ktest-zfs.tar.gz...
Executing 14 jobs
Jobs will start as soon as their dependencies are satisfied
Using tarball input mode

START ml:lustre_mainline build tests/fs/lustre/boot.ktest
START u24:u24 build tests/fs/lustre/boot.ktest
START al2023:al2023 build tests/fs/lustre/boot.ktest
START checkpatch:checkpatch tool checkpatch
START ml-miscvm:lustre_mainline_native build tests/fs/lustre/boot.ktest
START ml-strict:lustre_mainline build tests/fs/lustre/boot-strict.ktest
PUT /tmp/ktest-lustre.tar.gz 1s
PUT /tmp/ktest-lustre.tar.gz 2s
PUT /tmp/ktest-kernel.tar.gz 7s
PUT /tmp/ktest-kernel.tar.gz 7s
PUT /tmp/ktest-kernel.tar.gz 8s
PUT /tmp/ktest-kernel.tar.gz 8s
PUT /tmp/ktest-lustre.tar.gz 2s
PUT /tmp/ktest-lustre.tar.gz 3s
PUT /tmp/ktest-lustre.tar.gz 2s
PUT /tmp/ktest-lustre.tar.gz 2s
PUT /tmp/ktest-zfs.tar.gz 0s
PUT /tmp/ktest-zfs.tar.gz 0s
PUT /tmp/ktest-zfs.tar.gz 0s
END checkpatch:checkpatch tool checkpatch FAIL 14s (exit code: 1)
END u24:u24 build tests/fs/lustre/boot.ktest PASS 41s
END al2023:al2023 build tests/fs/lustre/boot.ktest PASS 46s
GET /tmp/ktest_ml-strict:lustre_mainline_lhqq0hri.tar 11s
END ml-strict:lustre_mainline build tests/fs/lustre/boot-strict.ktest FAIL 207s (exit code: 1)
GET /tmp/ktest_ml-miscvm:lustre_mainline_native_z1yqlj8j.tar 0s
GET /tmp/ktest_ml:lustre_mainline_zycqrq8n.tar 0s
END ml-miscvm:lustre_mainline_native build tests/fs/lustre/boot.ktest PASS 223s
START ml-miscvm:boot run tests/fs/lustre/boot.ktest
START ml-miscvm:llmount run tests/fs/lustre/llmount.ktest
START ml-miscvm:llog-unit run tests/fs/lustre/llog-unit.ktest
START ml-miscvm:mgs-setup run tests/fs/lustre/mgs-setup.ktest
START ml-miscvm:sanity-1 run tests/fs/lustre/sanity/sanity-1.ktest
START ml-miscvm:sanity-2 run tests/fs/lustre/sanity/sanity-2.ktest
START ml-miscvm:sanity-3 run tests/fs/lustre/sanity/sanity-3.ktest
START ml-miscvm:sanity-4 run tests/fs/lustre/sanity/sanity-4.ktest
END ml:lustre_mainline build tests/fs/lustre/boot.ktest PASS 225s
PUT /tmp/ktest-kernel.tar.gz 22s
PUT /tmp/ktest-kernel.tar.gz 22s
PUT /tmp/ktest-kernel.tar.gz 22s
PUT /tmp/ktest-kernel.tar.gz 22s
PUT /tmp/ktest-kernel.tar.gz 23s
PUT /tmp/ktest-kernel.tar.gz 22s
PUT /tmp/ktest-kernel.tar.gz 23s
PUT /tmp/ktest-kernel.tar.gz 23s
PUT /tmp/ktest-lustre.tar.gz 8s
PUT /tmp/ktest-lustre.tar.gz 8s
PUT /tmp/ktest-lustre.tar.gz 7s
PUT /tmp/ktest-lustre.tar.gz 7s
PUT /tmp/ktest-lustre.tar.gz 8s
PUT /tmp/ktest-lustre.tar.gz 7s
PUT /tmp/ktest-lustre.tar.gz 8s
PUT /tmp/ktest-lustre.tar.gz 8s
PUT /tmp/ktest_ml-miscvm:lustre_mainline_native_z1yqlj8j.tar 1s
PUT /tmp/ktest_ml-miscvm:lustre_mainline_native_z1yqlj8j.tar 1s
PUT /tmp/ktest_ml-miscvm:lustre_mainline_native_z1yqlj8j.tar 1s
PUT /tmp/ktest_ml-miscvm:lustre_mainline_native_z1yqlj8j.tar 1s
PUT /tmp/ktest_ml-miscvm:lustre_mainline_native_z1yqlj8j.tar 1s
PUT /tmp/ktest_ml-miscvm:lustre_mainline_native_z1yqlj8j.tar 1s
PUT /tmp/ktest_ml-miscvm:lustre_mainline_native_z1yqlj8j.tar 1s
PUT /tmp/ktest_ml-miscvm:lustre_mainline_native_z1yqlj8j.tar 1s
END ml-miscvm:boot run tests/fs/lustre/boot.ktest PASS 45s
END ml-miscvm:mgs-setup run tests/fs/lustre/mgs-setup.ktest PASS 55s
END ml-miscvm:sanity-1 run tests/fs/lustre/sanity/sanity-1.ktest PASS 81s
END ml-miscvm:sanity-3 run tests/fs/lustre/sanity/sanity-3.ktest PASS 83s
END ml-miscvm:sanity-4 run tests/fs/lustre/sanity/sanity-4.ktest PASS 85s
END ml-miscvm:sanity-2 run tests/fs/lustre/sanity/sanity-2.ktest PASS 86s
END ml-miscvm:llmount run tests/fs/lustre/llmount.ktest PASS 94s
END ml-miscvm:llog-unit run tests/fs/lustre/llog-unit.ktest FAIL 131s (exit code: 1)

============================================================
Final Results:
  checkpatch:checkpatch: FAIL (14s) (log: /var/www/ci-lustre/upstream-patch-review/2429b534b7ca015a90a0c227e3f7081faed42af2_checkpatch:checkpatch.log)
  u24:u24: PASS (41s) (log: /var/www/ci-lustre/upstream-patch-review/2429b534b7ca015a90a0c227e3f7081faed42af2_u24:u24.log)
  al2023:al2023: PASS (46s) (log: /var/www/ci-lustre/upstream-patch-review/2429b534b7ca015a90a0c227e3f7081faed42af2_al2023:al2023.log)
  ml-strict:lustre_mainline: FAIL (207s) (log: /var/www/ci-lustre/upstream-patch-review/2429b534b7ca015a90a0c227e3f7081faed42af2_ml-strict:lustre_mainline.log)
  ml:lustre_mainline: PASS (225s) (log: /var/www/ci-lustre/upstream-patch-review/2429b534b7ca015a90a0c227e3f7081faed42af2_ml:lustre_mainline.log)
  ml-miscvm:lustre_mainline_native: PASS (223s) (log: /var/www/ci-lustre/upstream-patch-review/2429b534b7ca015a90a0c227e3f7081faed42af2_ml-miscvm:lustre_mainline_native.log)
  ml-miscvm:boot: PASS (45s) (log: /var/www/ci-lustre/upstream-patch-review/2429b534b7ca015a90a0c227e3f7081faed42af2_ml-miscvm:boot.log)
  ml-miscvm:llmount: PASS (94s) (log: /var/www/ci-lustre/upstream-patch-review/2429b534b7ca015a90a0c227e3f7081faed42af2_ml-miscvm:llmount.log)
  ml-miscvm:llog-unit: FAIL (131s) (log: /var/www/ci-lustre/upstream-patch-review/2429b534b7ca015a90a0c227e3f7081faed42af2_ml-miscvm:llog-unit.log)
  ml-miscvm:mgs-setup: PASS (55s) (log: /var/www/ci-lustre/upstream-patch-review/2429b534b7ca015a90a0c227e3f7081faed42af2_ml-miscvm:mgs-setup.log)
  ml-miscvm:sanity-1: PASS (81s) (log: /var/www/ci-lustre/upstream-patch-review/2429b534b7ca015a90a0c227e3f7081faed42af2_ml-miscvm:sanity-1.log)
  ml-miscvm:sanity-2: PASS (86s) (log: /var/www/ci-lustre/upstream-patch-review/2429b534b7ca015a90a0c227e3f7081faed42af2_ml-miscvm:sanity-2.log)
  ml-miscvm:sanity-3: PASS (83s) (log: /var/www/ci-lustre/upstream-patch-review/2429b534b7ca015a90a0c227e3f7081faed42af2_ml-miscvm:sanity-3.log)
  ml-miscvm:sanity-4: PASS (85s) (log: /var/www/ci-lustre/upstream-patch-review/2429b534b7ca015a90a0c227e3f7081faed42af2_ml-miscvm:sanity-4.log)

Total execution time: 385s

Packed 5195 logs from /var/www/ci-lustre/upstream-patch-review into /home/ktest/ktest/local-site/local_data.js
Open /home/ktest/ktest/local-site/index.html in a browser
