CLI: ./pk --podman-socket unix:///run/podman/podman.sock --shared-filesystem /tmp --tarball-input job lustre-ci --output /var/www/ci-lustre/upstream-patch-review --git-hash 24a30bfb56c9418160e08f604b004ec9e6e00e32 --change-id 58514_24a30bfb56c9418160e08f604b004ec9e6e00e32 --subject LU-18842 lustreapi: create volatile file with a layout

Environment validated successfully
Note: custom LLVM is not synced in tarball input mode
Creating kernel tarball at /tmp/ktest-kernel.tar.gz...
Creating lustre tarball at /tmp/ktest-lustre.tar.gz...
Creating ZFS tarball at /tmp/ktest-zfs.tar.gz...
Executing 14 jobs
Jobs will start as soon as their dependencies are satisfied
Using tarball input mode

START u24:u24 build tests/fs/lustre/boot.ktest
START ml:lustre_mainline build tests/fs/lustre/boot.ktest
START checkpatch:checkpatch tool checkpatch
START ml-strict:lustre_mainline build tests/fs/lustre/boot-strict.ktest
START al2023:al2023 build tests/fs/lustre/boot.ktest
START ml-miscvm:lustre_mainline_native build tests/fs/lustre/boot.ktest
PUT /tmp/ktest-lustre.tar.gz 1s
PUT /tmp/ktest-lustre.tar.gz 1s
PUT /tmp/ktest-kernel.tar.gz 7s
PUT /tmp/ktest-kernel.tar.gz 7s
PUT /tmp/ktest-kernel.tar.gz 7s
PUT /tmp/ktest-kernel.tar.gz 7s
PUT /tmp/ktest-lustre.tar.gz 2s
PUT /tmp/ktest-lustre.tar.gz 2s
PUT /tmp/ktest-lustre.tar.gz 2s
PUT /tmp/ktest-lustre.tar.gz 2s
PUT /tmp/ktest-zfs.tar.gz 0s
PUT /tmp/ktest-zfs.tar.gz 0s
PUT /tmp/ktest-zfs.tar.gz 0s
END checkpatch:checkpatch tool checkpatch FAIL 12s (exit code: 1)
END u24:u24 build tests/fs/lustre/boot.ktest PASS 37s
END al2023:al2023 build tests/fs/lustre/boot.ktest PASS 45s
GET /tmp/ktest_ml-miscvm:lustre_mainline_native_910mf9ei.tar 0s
END ml-miscvm:lustre_mainline_native build tests/fs/lustre/boot.ktest PASS 142s
START ml-miscvm:boot run tests/fs/lustre/boot.ktest
START ml-miscvm:llmount run tests/fs/lustre/llmount.ktest
START ml-miscvm:llog-unit run tests/fs/lustre/llog-unit.ktest
START ml-miscvm:mgs-setup run tests/fs/lustre/mgs-setup.ktest
START ml-miscvm:sanity-1 run tests/fs/lustre/sanity/sanity-1.ktest
START ml-miscvm:sanity-2 run tests/fs/lustre/sanity/sanity-2.ktest
START ml-miscvm:sanity-3 run tests/fs/lustre/sanity/sanity-3.ktest
START ml-miscvm:sanity-4 run tests/fs/lustre/sanity/sanity-4.ktest
GET /tmp/ktest_ml:lustre_mainline_np9i43z6.tar 0s
END ml:lustre_mainline build tests/fs/lustre/boot.ktest PASS 145s
GET /tmp/ktest_ml-strict:lustre_mainline_uq5kqyx_.tar 8s
PUT /tmp/ktest-kernel.tar.gz 12s
PUT /tmp/ktest-kernel.tar.gz 16s
PUT /tmp/ktest-kernel.tar.gz 13s
PUT /tmp/ktest-kernel.tar.gz 14s
PUT /tmp/ktest-kernel.tar.gz 16s
PUT /tmp/ktest-kernel.tar.gz 14s
END ml-strict:lustre_mainline build tests/fs/lustre/boot-strict.ktest FAIL 161s (exit code: 1)
PUT /tmp/ktest-kernel.tar.gz 18s
PUT /tmp/ktest-kernel.tar.gz 18s
PUT /tmp/ktest-lustre.tar.gz 5s
PUT /tmp/ktest-lustre.tar.gz 5s
PUT /tmp/ktest-lustre.tar.gz 3s
PUT /tmp/ktest-lustre.tar.gz 5s
PUT /tmp/ktest-lustre.tar.gz 3s
PUT /tmp/ktest-lustre.tar.gz 9s
PUT /tmp/ktest-lustre.tar.gz 5s
PUT /tmp/ktest-lustre.tar.gz 5s
PUT /tmp/ktest_ml-miscvm:lustre_mainline_native_910mf9ei.tar 0s
PUT /tmp/ktest_ml-miscvm:lustre_mainline_native_910mf9ei.tar 0s
PUT /tmp/ktest_ml-miscvm:lustre_mainline_native_910mf9ei.tar 0s
PUT /tmp/ktest_ml-miscvm:lustre_mainline_native_910mf9ei.tar 0s
PUT /tmp/ktest_ml-miscvm:lustre_mainline_native_910mf9ei.tar 0s
PUT /tmp/ktest_ml-miscvm:lustre_mainline_native_910mf9ei.tar 0s
PUT /tmp/ktest_ml-miscvm:lustre_mainline_native_910mf9ei.tar 0s
PUT /tmp/ktest_ml-miscvm:lustre_mainline_native_910mf9ei.tar 0s
END ml-miscvm:boot run tests/fs/lustre/boot.ktest PASS 34s
END ml-miscvm:mgs-setup run tests/fs/lustre/mgs-setup.ktest PASS 46s
END ml-miscvm:sanity-1 run tests/fs/lustre/sanity/sanity-1.ktest PASS 72s
END ml-miscvm:sanity-2 run tests/fs/lustre/sanity/sanity-2.ktest PASS 73s
END ml-miscvm:sanity-3 run tests/fs/lustre/sanity/sanity-3.ktest PASS 75s
END ml-miscvm:sanity-4 run tests/fs/lustre/sanity/sanity-4.ktest PASS 76s
END ml-miscvm:llmount run tests/fs/lustre/llmount.ktest PASS 81s
END ml-miscvm:llog-unit run tests/fs/lustre/llog-unit.ktest FAIL 121s (exit code: 1)

============================================================
Final Results:
  checkpatch:checkpatch: FAIL (12s) (log: /var/www/ci-lustre/upstream-patch-review/24a30bfb56c9418160e08f604b004ec9e6e00e32_checkpatch:checkpatch.log)
  u24:u24: PASS (37s) (log: /var/www/ci-lustre/upstream-patch-review/24a30bfb56c9418160e08f604b004ec9e6e00e32_u24:u24.log)
  al2023:al2023: PASS (45s) (log: /var/www/ci-lustre/upstream-patch-review/24a30bfb56c9418160e08f604b004ec9e6e00e32_al2023:al2023.log)
  ml-strict:lustre_mainline: FAIL (161s) (log: /var/www/ci-lustre/upstream-patch-review/24a30bfb56c9418160e08f604b004ec9e6e00e32_ml-strict:lustre_mainline.log)
  ml:lustre_mainline: PASS (145s) (log: /var/www/ci-lustre/upstream-patch-review/24a30bfb56c9418160e08f604b004ec9e6e00e32_ml:lustre_mainline.log)
  ml-miscvm:lustre_mainline_native: PASS (142s) (log: /var/www/ci-lustre/upstream-patch-review/24a30bfb56c9418160e08f604b004ec9e6e00e32_ml-miscvm:lustre_mainline_native.log)
  ml-miscvm:boot: PASS (34s) (log: /var/www/ci-lustre/upstream-patch-review/24a30bfb56c9418160e08f604b004ec9e6e00e32_ml-miscvm:boot.log)
  ml-miscvm:llmount: PASS (81s) (log: /var/www/ci-lustre/upstream-patch-review/24a30bfb56c9418160e08f604b004ec9e6e00e32_ml-miscvm:llmount.log)
  ml-miscvm:llog-unit: FAIL (121s) (log: /var/www/ci-lustre/upstream-patch-review/24a30bfb56c9418160e08f604b004ec9e6e00e32_ml-miscvm:llog-unit.log)
  ml-miscvm:mgs-setup: PASS (46s) (log: /var/www/ci-lustre/upstream-patch-review/24a30bfb56c9418160e08f604b004ec9e6e00e32_ml-miscvm:mgs-setup.log)
  ml-miscvm:sanity-1: PASS (72s) (log: /var/www/ci-lustre/upstream-patch-review/24a30bfb56c9418160e08f604b004ec9e6e00e32_ml-miscvm:sanity-1.log)
  ml-miscvm:sanity-2: PASS (73s) (log: /var/www/ci-lustre/upstream-patch-review/24a30bfb56c9418160e08f604b004ec9e6e00e32_ml-miscvm:sanity-2.log)
  ml-miscvm:sanity-3: PASS (75s) (log: /var/www/ci-lustre/upstream-patch-review/24a30bfb56c9418160e08f604b004ec9e6e00e32_ml-miscvm:sanity-3.log)
  ml-miscvm:sanity-4: PASS (76s) (log: /var/www/ci-lustre/upstream-patch-review/24a30bfb56c9418160e08f604b004ec9e6e00e32_ml-miscvm:sanity-4.log)

Total execution time: 294s

Packed 3080 logs from /var/www/ci-lustre/upstream-patch-review into /home/ktest/ktest/local-site/local_data.js
Open /home/ktest/ktest/local-site/index.html in a browser
