WARNING:FILE_PATH_CHANGES: added, moved or deleted file(s), does MAINTAINERS need updating?
#2: 
new file mode 100644

WARNING:LONG_LINE_STRING: line length of 162 exceeds 100 columns
#318: FILE: lustre/mgs/mgs_handler.c:509:
+			LCONSOLE_ERROR("%s: New target registration disabled. Use 'lctl set_param allow_register=unlimited' to allow new target registrations.\n",

WARNING:LONG_LINE_STRING: line length of 170 exceeds 100 columns
#331: FILE: lustre/mgs/mgs_llog.c:673:
+			CERROR("%s: New filesystem registration disabled. Use 'lctl set_param allow_register=unlimited' to allow new filesystem registrations: rc = %d\n",

WARNING:LONG_LINE_STRING: line length of 149 exceeds 100 columns
#407: FILE: lustre/obdclass/obd_sysfs.c:153:
+	LCONSOLE_WARN("New MDT/OST registration window disabled. Use 'lctl set_param allow_register=<value>' to re-enable (default unit: hours).\n");

WARNING:LONG_LINE_STRING: line length of 150 exceeds 100 columns
#518: FILE: lustre/obdclass/obd_sysfs.c:260:
+		LCONSOLE_WARN("allow_register=%lu exceeds maximum timed window of 7 days (604800s). Use 7 days or less (e.g. 168h) or 'unlimited'.\n",

WARNING:LONG_LINE_STRING: line length of 134 exceeds 100 columns
#537: FILE: lustre/obdclass/obd_sysfs.c:279:
+		LCONSOLE_WARN("Registration timeout window started: %lu seconds. New targets can be registered during this window.\n",

total: 0 errors, 6 warnings, 924 lines checked

NOTE: For some of the reported defects, checkpatch may be able to
      mechanically convert to the typical style using --fix or --fix-inplace.

Your patch has style problems, please review.

NOTE: If any of the errors are false positives, please report
      them to the maintainer, see CHECKPATCH in MAINTAINERS.
