CLI: ./pk --podman-socket unix:///run/user/1000/podman/podman.sock --shared-filesystem /tmp --tarball-input job lustre-ci --output /var/www/ci-lustre/upstream-patch-review --git-hash 2701c1406493c4013cdabd9c44b54410e026b776 --change-id 69554_2701c1406493c4013cdabd9c44b54410e026b776 --subject LU-20920 obdclass: keep the lu_site shrinker to its budget

Environment validated successfully
Note: custom LLVM is not synced in tarball input mode
Creating kernel tarball at /tmp/ktest-kernel.tar.gz...
Creating lustre tarball at /tmp/ktest-lustre.tar.gz...
Creating ZFS tarball at /tmp/ktest-zfs.tar.gz...
Executing 14 jobs
Jobs will start as soon as their dependencies are satisfied
Using tarball input mode

START al2023:al2023 build tests/fs/lustre/boot.ktest
START ml:lustre_mainline build tests/fs/lustre/boot.ktest
START checkpatch:checkpatch tool checkpatch
START ml-strict:lustre_mainline build tests/fs/lustre/boot-strict.ktest
START u24:u24 build tests/fs/lustre/boot.ktest
START ml-miscvm:lustre_mainline_native build tests/fs/lustre/boot.ktest
PUT /tmp/ktest-lustre.tar.gz 1s
PUT /tmp/ktest-lustre.tar.gz 1s
PUT /tmp/ktest-kernel.tar.gz 7s
PUT /tmp/ktest-kernel.tar.gz 7s
PUT /tmp/ktest-kernel.tar.gz 7s
PUT /tmp/ktest-kernel.tar.gz 7s
PUT /tmp/ktest-lustre.tar.gz 3s
PUT /tmp/ktest-lustre.tar.gz 3s
PUT /tmp/ktest-lustre.tar.gz 3s
PUT /tmp/ktest-lustre.tar.gz 3s
PUT /tmp/ktest-zfs.tar.gz 0s
PUT /tmp/ktest-zfs.tar.gz 0s
PUT /tmp/ktest-zfs.tar.gz 0s
END checkpatch:checkpatch tool checkpatch PASS 13s
END u24:u24 build tests/fs/lustre/boot.ktest PASS 40s
END al2023:al2023 build tests/fs/lustre/boot.ktest PASS 48s
GET /tmp/ktest_ml-miscvm:lustre_mainline_native_i6jedeu4.tar 0s
END ml-miscvm:lustre_mainline_native build tests/fs/lustre/boot.ktest PASS 162s
START ml-miscvm:boot run tests/fs/lustre/boot.ktest
START ml-miscvm:llmount run tests/fs/lustre/llmount.ktest
START ml-miscvm:llog-unit run tests/fs/lustre/llog-unit.ktest
START ml-miscvm:mgs-setup run tests/fs/lustre/mgs-setup.ktest
START ml-miscvm:sanity-1 run tests/fs/lustre/sanity/sanity-1.ktest
START ml-miscvm:sanity-2 run tests/fs/lustre/sanity/sanity-2.ktest
START ml-miscvm:sanity-3 run tests/fs/lustre/sanity/sanity-3.ktest
START ml-miscvm:sanity-4 run tests/fs/lustre/sanity/sanity-4.ktest
GET /tmp/ktest_ml-strict:lustre_mainline_31g3jjto.tar 4s
END ml-strict:lustre_mainline build tests/fs/lustre/boot-strict.ktest FAIL 173s (exit code: 1)
GET /tmp/ktest_ml:lustre_mainline_2c6fyqh9.tar 3s
END ml:lustre_mainline build tests/fs/lustre/boot.ktest PASS 176s
PUT /tmp/ktest-kernel.tar.gz 54s
PUT /tmp/ktest-kernel.tar.gz 60s
PUT /tmp/ktest-kernel.tar.gz 62s
PUT /tmp/ktest-kernel.tar.gz 60s
PUT /tmp/ktest-kernel.tar.gz 60s
PUT /tmp/ktest-kernel.tar.gz 60s
PUT /tmp/ktest-kernel.tar.gz 63s
PUT /tmp/ktest-kernel.tar.gz 61s
PUT /tmp/ktest-lustre.tar.gz 16s
PUT /tmp/ktest-lustre.tar.gz 16s
PUT /tmp/ktest-lustre.tar.gz 15s
PUT /tmp/ktest-lustre.tar.gz 16s
PUT /tmp/ktest-lustre.tar.gz 15s
PUT /tmp/ktest-lustre.tar.gz 24s
PUT /tmp/ktest-lustre.tar.gz 15s
PUT /tmp/ktest-lustre.tar.gz 15s
PUT /tmp/ktest_ml-miscvm:lustre_mainline_native_i6jedeu4.tar 1s
PUT /tmp/ktest_ml-miscvm:lustre_mainline_native_i6jedeu4.tar 1s
PUT /tmp/ktest_ml-miscvm:lustre_mainline_native_i6jedeu4.tar 1s
PUT /tmp/ktest_ml-miscvm:lustre_mainline_native_i6jedeu4.tar 1s
PUT /tmp/ktest_ml-miscvm:lustre_mainline_native_i6jedeu4.tar 1s
PUT /tmp/ktest_ml-miscvm:lustre_mainline_native_i6jedeu4.tar 1s
PUT /tmp/ktest_ml-miscvm:lustre_mainline_native_i6jedeu4.tar 1s
PUT /tmp/ktest_ml-miscvm:lustre_mainline_native_i6jedeu4.tar 1s
END ml-miscvm:boot run tests/fs/lustre/boot.ktest PASS 103s
END ml-miscvm:mgs-setup run tests/fs/lustre/mgs-setup.ktest PASS 114s
END ml-miscvm:sanity-2 run tests/fs/lustre/sanity/sanity-2.ktest PASS 143s
END ml-miscvm:sanity-3 run tests/fs/lustre/sanity/sanity-3.ktest PASS 145s
END ml-miscvm:sanity-1 run tests/fs/lustre/sanity/sanity-1.ktest PASS 146s
END ml-miscvm:llmount run tests/fs/lustre/llmount.ktest PASS 151s
END ml-miscvm:sanity-4 run tests/fs/lustre/sanity/sanity-4.ktest PASS 155s
END ml-miscvm:llog-unit run tests/fs/lustre/llog-unit.ktest FAIL 190s (exit code: 1)

============================================================
Final Results:
  checkpatch:checkpatch: PASS (13s) (log: /var/www/ci-lustre/upstream-patch-review/2701c1406493c4013cdabd9c44b54410e026b776_checkpatch:checkpatch.log)
  u24:u24: PASS (40s) (log: /var/www/ci-lustre/upstream-patch-review/2701c1406493c4013cdabd9c44b54410e026b776_u24:u24.log)
  al2023:al2023: PASS (48s) (log: /var/www/ci-lustre/upstream-patch-review/2701c1406493c4013cdabd9c44b54410e026b776_al2023:al2023.log)
  ml-strict:lustre_mainline: FAIL (173s) (log: /var/www/ci-lustre/upstream-patch-review/2701c1406493c4013cdabd9c44b54410e026b776_ml-strict:lustre_mainline.log)
  ml:lustre_mainline: PASS (176s) (log: /var/www/ci-lustre/upstream-patch-review/2701c1406493c4013cdabd9c44b54410e026b776_ml:lustre_mainline.log)
  ml-miscvm:lustre_mainline_native: PASS (162s) (log: /var/www/ci-lustre/upstream-patch-review/2701c1406493c4013cdabd9c44b54410e026b776_ml-miscvm:lustre_mainline_native.log)
  ml-miscvm:boot: PASS (103s) (log: /var/www/ci-lustre/upstream-patch-review/2701c1406493c4013cdabd9c44b54410e026b776_ml-miscvm:boot.log)
  ml-miscvm:llmount: PASS (151s) (log: /var/www/ci-lustre/upstream-patch-review/2701c1406493c4013cdabd9c44b54410e026b776_ml-miscvm:llmount.log)
  ml-miscvm:llog-unit: FAIL (190s) (log: /var/www/ci-lustre/upstream-patch-review/2701c1406493c4013cdabd9c44b54410e026b776_ml-miscvm:llog-unit.log)
  ml-miscvm:mgs-setup: PASS (114s) (log: /var/www/ci-lustre/upstream-patch-review/2701c1406493c4013cdabd9c44b54410e026b776_ml-miscvm:mgs-setup.log)
  ml-miscvm:sanity-1: PASS (146s) (log: /var/www/ci-lustre/upstream-patch-review/2701c1406493c4013cdabd9c44b54410e026b776_ml-miscvm:sanity-1.log)
  ml-miscvm:sanity-2: PASS (143s) (log: /var/www/ci-lustre/upstream-patch-review/2701c1406493c4013cdabd9c44b54410e026b776_ml-miscvm:sanity-2.log)
  ml-miscvm:sanity-3: PASS (145s) (log: /var/www/ci-lustre/upstream-patch-review/2701c1406493c4013cdabd9c44b54410e026b776_ml-miscvm:sanity-3.log)
  ml-miscvm:sanity-4: PASS (155s) (log: /var/www/ci-lustre/upstream-patch-review/2701c1406493c4013cdabd9c44b54410e026b776_ml-miscvm:sanity-4.log)

Total execution time: 385s

Packed 7006 logs from /var/www/ci-lustre/upstream-patch-review into /home/ktest/ktest/local-site/local_data.js
Open /home/ktest/ktest/local-site/index.html in a browser
