WARNING:TYPO_SPELLING: 'occured' may be misspelled - perhaps 'occurred'?
#148: FILE: lustre/tests/sanity.sh:16302:
+		error "$((can2-can1)) cancel RPC occured."
 		                                 ^^^^^^^

WARNING:TYPO_SPELLING: 'occured' may be misspelled - perhaps 'occurred'?
#150: FILE: lustre/tests/sanity.sh:16304:
+		error "$((blk2-blk1)) blocking RPC occured."
 		                                   ^^^^^^^

WARNING:TYPO_SPELLING: 'occured' may be misspelled - perhaps 'occurred'?
#161: FILE: lustre/tests/sanity.sh:16331:
+		error "$((can2-can1)) cancel RPC occured."
 		                                 ^^^^^^^

WARNING:TYPO_SPELLING: 'occured' may be misspelled - perhaps 'occurred'?
#163: FILE: lustre/tests/sanity.sh:16333:
+		error "$((blk2-blk1)) blocking RPC occured."
 		                                   ^^^^^^^

WARNING:TYPO_SPELLING: 'occured' may be misspelled - perhaps 'occurred'?
#174: FILE: lustre/tests/sanity.sh:16363:
+		error "$((can2-can1)) cancel RPC occured."
 		                                 ^^^^^^^

WARNING:TYPO_SPELLING: 'occured' may be misspelled - perhaps 'occurred'?
#176: FILE: lustre/tests/sanity.sh:16365:
+		error "$((blk2-blk1)) blocking RPC occured."
 		                                   ^^^^^^^

WARNING:TYPO_SPELLING: 'occured' may be misspelled - perhaps 'occurred'?
#187: FILE: lustre/tests/sanity.sh:16393:
+		error "$((can2-can1)) cancel RPC occured."
 		                                 ^^^^^^^

WARNING:TYPO_SPELLING: 'occured' may be misspelled - perhaps 'occurred'?
#189: FILE: lustre/tests/sanity.sh:16395:
+		error "$((blk2-blk1)) blocking RPC occured."
 		                                   ^^^^^^^

WARNING:TYPO_SPELLING: 'occured' may be misspelled - perhaps 'occurred'?
#200: FILE: lustre/tests/sanity.sh:16435:
+		error "$((can2 - can1)) cancel RPC occured"
 		                                   ^^^^^^^

WARNING:TYPO_SPELLING: 'occured' may be misspelled - perhaps 'occurred'?
#202: FILE: lustre/tests/sanity.sh:16437:
+		error "$((blk2 - blk1)) blocking RPC occured"
 		                                     ^^^^^^^

WARNING:TYPO_SPELLING: 'occured' may be misspelled - perhaps 'occurred'?
#213: FILE: lustre/tests/sanity.sh:16476:
+		error "$((can2-can1)) cancel RPC occured."
 		                                 ^^^^^^^

WARNING:TYPO_SPELLING: 'occured' may be misspelled - perhaps 'occurred'?
#215: FILE: lustre/tests/sanity.sh:16478:
+		error "$((blk2-blk1)) blocking RPC occured."
 		                                   ^^^^^^^

total: 0 errors, 12 warnings, 202 lines checked

NOTE: For some of the reported defects, checkpatch may be able to
      mechanically convert to the typical style using --fix or --fix-inplace.

Your patch has style problems, please review.

NOTE: If any of the errors are false positives, please report
      them to the maintainer, see CHECKPATCH in MAINTAINERS.
