WARNING:LINE_SPACING: Missing a blank line after declarations
#73: FILE: lustre/obdclass/lprocfs_status_server.c:1627:
+		struct lprocfs_counter ctr;
+		lprocfs_stats_collect(stats, idx, &ctr);

WARNING:LINE_SPACING: Missing a blank line after declarations
#130: FILE: lustre/obdclass/lprocfs_status_server.c:1684:
+		struct lprocfs_counter *cntr;
+		if (strcmp(name, stats->ls_cnt_header[idx].lc_name))

WARNING:RETURN_VOID: void function return statements are not generally useful
#145: FILE: lustre/obdclass/lprocfs_status_server.c:1699:
+	return;
+}

WARNING:LINE_SPACING: Missing a blank line after declarations
#190: FILE: lustre/obdclass/lprocfs_status_server.c:1744:
+		char name[32];
+		if (!*p)

WARNING:SYMBOLIC_PERMS: Symbolic permissions 'S_IRUGO | S_IWUSR' are not preferred. Consider using octal permissions '0644'.
#241: FILE: lustre/ofd/ofd_dev.c:3258:
+					  S_IFREG | S_IRUGO | S_IWUSR);

WARNING:LINE_SPACING: Missing a blank line after declarations
#246: FILE: lustre/ofd/ofd_dev.c:3263:
+		struct obd_device_target *target = obd2obt(obd);
+		rc = lprocfs_load_stats(env, m->ofd_compr_stats_file,

total: 0 errors, 6 warnings, 417 lines checked

NOTE: For some of the reported defects, checkpatch may be able to
      mechanically convert to the typical style using --fix or --fix-inplace.

Your patch has style problems, please review.

NOTE: If any of the errors are false positives, please report
      them to the maintainer, see CHECKPATCH in MAINTAINERS.
