CLI: ./pk --podman-socket unix:///run/user/1000/podman/podman.sock --shared-filesystem /tmp --tarball-input job lustre-ci --output /var/www/ci-lustre/upstream-patch-review --git-hash 2a68c57b2305d943707bd0142f84a12de0fb2648 --change-id 69347_2a68c57b2305d943707bd0142f84a12de0fb2648 --subject LU-20853 build: Add systemd/systemd-dev to Build-Depends

Environment validated successfully
Note: custom LLVM is not synced in tarball input mode
Creating kernel tarball at /tmp/ktest-kernel.tar.gz...
Creating lustre tarball at /tmp/ktest-lustre.tar.gz...
Creating ZFS tarball at /tmp/ktest-zfs.tar.gz...
Executing 14 jobs
Jobs will start as soon as their dependencies are satisfied
Using tarball input mode

START ml:lustre_mainline build tests/fs/lustre/boot.ktest
START ml-strict:lustre_mainline build tests/fs/lustre/boot-strict.ktest
START u24:u24 build tests/fs/lustre/boot.ktest
START al2023:al2023 build tests/fs/lustre/boot.ktest
START checkpatch:checkpatch tool checkpatch
START ml-miscvm:lustre_mainline_native build tests/fs/lustre/boot.ktest
PUT /tmp/ktest-lustre.tar.gz 1s
PUT /tmp/ktest-lustre.tar.gz 1s
PUT /tmp/ktest-kernel.tar.gz 13s
PUT /tmp/ktest-kernel.tar.gz 13s
PUT /tmp/ktest-kernel.tar.gz 13s
PUT /tmp/ktest-kernel.tar.gz 14s
PUT /tmp/ktest-lustre.tar.gz 2s
PUT /tmp/ktest-lustre.tar.gz 1s
PUT /tmp/ktest-lustre.tar.gz 1s
PUT /tmp/ktest-lustre.tar.gz 2s
PUT /tmp/ktest-zfs.tar.gz 0s
PUT /tmp/ktest-zfs.tar.gz 0s
PUT /tmp/ktest-zfs.tar.gz 0s
END checkpatch:checkpatch tool checkpatch PASS 18s
END u24:u24 build tests/fs/lustre/boot.ktest PASS 43s
END al2023:al2023 build tests/fs/lustre/boot.ktest PASS 52s
GET /tmp/ktest_ml:lustre_mainline_jocl56mj.tar 0s
END ml:lustre_mainline build tests/fs/lustre/boot.ktest PASS 154s
GET /tmp/ktest_ml-miscvm:lustre_mainline_native_j600x0lj.tar 0s
GET /tmp/ktest_ml-strict:lustre_mainline_q0wwgbof.tar 5s
END ml-miscvm:lustre_mainline_native build tests/fs/lustre/boot.ktest PASS 156s
START ml-miscvm:boot run tests/fs/lustre/boot.ktest
START ml-miscvm:llmount run tests/fs/lustre/llmount.ktest
START ml-miscvm:llog-unit run tests/fs/lustre/llog-unit.ktest
START ml-miscvm:mgs-setup run tests/fs/lustre/mgs-setup.ktest
START ml-miscvm:sanity-1 run tests/fs/lustre/sanity/sanity-1.ktest
START ml-miscvm:sanity-2 run tests/fs/lustre/sanity/sanity-2.ktest
START ml-miscvm:sanity-3 run tests/fs/lustre/sanity/sanity-3.ktest
START ml-miscvm:sanity-4 run tests/fs/lustre/sanity/sanity-4.ktest
END ml-strict:lustre_mainline build tests/fs/lustre/boot-strict.ktest FAIL 158s (exit code: 1)
PUT /tmp/ktest-kernel.tar.gz 47s
PUT /tmp/ktest-kernel.tar.gz 48s
PUT /tmp/ktest-kernel.tar.gz 47s
PUT /tmp/ktest-kernel.tar.gz 48s
PUT /tmp/ktest-kernel.tar.gz 48s
PUT /tmp/ktest-kernel.tar.gz 48s
PUT /tmp/ktest-kernel.tar.gz 48s
PUT /tmp/ktest-kernel.tar.gz 49s
PUT /tmp/ktest-lustre.tar.gz 9s
PUT /tmp/ktest-lustre.tar.gz 9s
PUT /tmp/ktest-lustre.tar.gz 9s
PUT /tmp/ktest-lustre.tar.gz 9s
PUT /tmp/ktest-lustre.tar.gz 8s
PUT /tmp/ktest-lustre.tar.gz 8s
PUT /tmp/ktest-lustre.tar.gz 8s
PUT /tmp/ktest-lustre.tar.gz 8s
PUT /tmp/ktest_ml-miscvm:lustre_mainline_native_j600x0lj.tar 2s
PUT /tmp/ktest_ml-miscvm:lustre_mainline_native_j600x0lj.tar 2s
PUT /tmp/ktest_ml-miscvm:lustre_mainline_native_j600x0lj.tar 2s
PUT /tmp/ktest_ml-miscvm:lustre_mainline_native_j600x0lj.tar 2s
PUT /tmp/ktest_ml-miscvm:lustre_mainline_native_j600x0lj.tar 2s
PUT /tmp/ktest_ml-miscvm:lustre_mainline_native_j600x0lj.tar 2s
PUT /tmp/ktest_ml-miscvm:lustre_mainline_native_j600x0lj.tar 2s
PUT /tmp/ktest_ml-miscvm:lustre_mainline_native_j600x0lj.tar 2s
END ml-miscvm:boot run tests/fs/lustre/boot.ktest PASS 74s
END ml-miscvm:mgs-setup run tests/fs/lustre/mgs-setup.ktest PASS 83s
END ml-miscvm:sanity-3 run tests/fs/lustre/sanity/sanity-3.ktest PASS 114s
END ml-miscvm:sanity-2 run tests/fs/lustre/sanity/sanity-2.ktest PASS 115s
END ml-miscvm:sanity-4 run tests/fs/lustre/sanity/sanity-4.ktest PASS 117s
END ml-miscvm:sanity-1 run tests/fs/lustre/sanity/sanity-1.ktest PASS 118s
END ml-miscvm:llmount run tests/fs/lustre/llmount.ktest PASS 135s
END ml-miscvm:llog-unit run tests/fs/lustre/llog-unit.ktest FAIL 158s (exit code: 1)

============================================================
Final Results:
  checkpatch:checkpatch: PASS (18s) (log: /var/www/ci-lustre/upstream-patch-review/2a68c57b2305d943707bd0142f84a12de0fb2648_checkpatch:checkpatch.log)
  u24:u24: PASS (43s) (log: /var/www/ci-lustre/upstream-patch-review/2a68c57b2305d943707bd0142f84a12de0fb2648_u24:u24.log)
  al2023:al2023: PASS (52s) (log: /var/www/ci-lustre/upstream-patch-review/2a68c57b2305d943707bd0142f84a12de0fb2648_al2023:al2023.log)
  ml-strict:lustre_mainline: FAIL (158s) (log: /var/www/ci-lustre/upstream-patch-review/2a68c57b2305d943707bd0142f84a12de0fb2648_ml-strict:lustre_mainline.log)
  ml:lustre_mainline: PASS (154s) (log: /var/www/ci-lustre/upstream-patch-review/2a68c57b2305d943707bd0142f84a12de0fb2648_ml:lustre_mainline.log)
  ml-miscvm:lustre_mainline_native: PASS (156s) (log: /var/www/ci-lustre/upstream-patch-review/2a68c57b2305d943707bd0142f84a12de0fb2648_ml-miscvm:lustre_mainline_native.log)
  ml-miscvm:boot: PASS (74s) (log: /var/www/ci-lustre/upstream-patch-review/2a68c57b2305d943707bd0142f84a12de0fb2648_ml-miscvm:boot.log)
  ml-miscvm:llmount: PASS (135s) (log: /var/www/ci-lustre/upstream-patch-review/2a68c57b2305d943707bd0142f84a12de0fb2648_ml-miscvm:llmount.log)
  ml-miscvm:llog-unit: FAIL (158s) (log: /var/www/ci-lustre/upstream-patch-review/2a68c57b2305d943707bd0142f84a12de0fb2648_ml-miscvm:llog-unit.log)
  ml-miscvm:mgs-setup: PASS (83s) (log: /var/www/ci-lustre/upstream-patch-review/2a68c57b2305d943707bd0142f84a12de0fb2648_ml-miscvm:mgs-setup.log)
  ml-miscvm:sanity-1: PASS (118s) (log: /var/www/ci-lustre/upstream-patch-review/2a68c57b2305d943707bd0142f84a12de0fb2648_ml-miscvm:sanity-1.log)
  ml-miscvm:sanity-2: PASS (115s) (log: /var/www/ci-lustre/upstream-patch-review/2a68c57b2305d943707bd0142f84a12de0fb2648_ml-miscvm:sanity-2.log)
  ml-miscvm:sanity-3: PASS (114s) (log: /var/www/ci-lustre/upstream-patch-review/2a68c57b2305d943707bd0142f84a12de0fb2648_ml-miscvm:sanity-3.log)
  ml-miscvm:sanity-4: PASS (117s) (log: /var/www/ci-lustre/upstream-patch-review/2a68c57b2305d943707bd0142f84a12de0fb2648_ml-miscvm:sanity-4.log)

Total execution time: 343s

Packed 11990 logs from /var/www/ci-lustre/upstream-patch-review into /home/ktest/ktest/local-site/local_data.js
Open /home/ktest/ktest/local-site/index.html in a browser
