WARNING:LONG_LINE_STRING: line length of 132 exceeds 100 columns
#862: FILE: lustre/lov/lov_io.c:283:
+		CERROR("%s:"DFID": cannot find known valid non-stale mirror, could be new server picked a mirror which this client "

WARNING:LONG_LINE_STRING: line length of 129 exceeds 100 columns
#964: FILE: lustre/lov/lov_io.c:509:
+			CERROR("%s:"DFID": no data component matching parity extent "DEXT" (parity mirror %u, data mirror %u)\n",

WARNING:LONG_LINE_STRING: line length of 108 exceeds 100 columns
#1139: FILE: lustre/lov/lov_io.c:1483:
+				CDEBUG(D_INFO, DFID": stripe %u in comp %d is unavailable (%d): rc = %ld\n",

WARNING:LONG_LINE_STRING: line length of 107 exceeds 100 columns
#1149: FILE: lustre/lov/lov_io.c:1493:
+				CDEBUG(D_INFO, DFID": stripe %u in comp %d is unavailable (%d): rc = %d\n",

WARNING:LONG_LINE_STRING: line length of 101 exceeds 100 columns
#1184: FILE: lustre/lov/lov_io.c:1528:
+		CWARN("%s: "DFID": failed to find valid parity mirror for data mirror %d: rc = %d\n",

WARNING:LONG_LINE_STRING: line length of 107 exceeds 100 columns
#1217: FILE: lustre/lov/lov_io.c:1561:
+			CWARN("%s: "DFID": too few parity (%d) components to recover data (%d): rc = %d\n",

ERROR:CODE_INDENT: code indent should use tabs where possible
#1535: FILE: lustre/lov/lov_io.c:1960:
+^I^I^I^I        FGP_LOCK | FGP_ACCESSED | FGP_CREAT,$

ERROR:CODE_INDENT: code indent should use tabs where possible
#1536: FILE: lustre/lov/lov_io.c:1961:
+^I^I^I^I        mapping_gfp_mask(inode->i_mapping));$

ERROR:CODE_INDENT: code indent should use tabs where possible
#1641: FILE: lustre/lov/lov_io.c:2066:
+         */$

WARNING:LONG_LINE_STRING: line length of 121 exceeds 100 columns
#2310: FILE: lustre/lov/lov_io.c:2735:
+		CWARN("%s: "DFID": failed to find valid data component covering file offset %llu, mirror: %d: rc = %d\n",

WARNING:LONG_LINE_STRING: line length of 101 exceeds 100 columns
#2318: FILE: lustre/lov/lov_io.c:2743:
+		CWARN("%s: "DFID": failed to find valid parity mirror for data mirror %d: rc = %d\n",

WARNING:LONG_LINE_STRING: line length of 131 exceeds 100 columns
#2389: FILE: lustre/lov/lov_io.c:2814:
+			CWARN("%s: "DFID": failed to find valid parity component covering file offset %llu, mirror: %d: rc = %d\n",

WARNING:LONG_LINE_STRING: line length of 117 exceeds 100 columns
#2402: FILE: lustre/lov/lov_io.c:2827:
+	CDEBUG(D_INODE, DFID": ec read comp %d (dcount %d pcount %d) from %llu to %llu, RGs %lu pgs_per_stripe %d\n",

WARNING:LONG_LINE_STRING: line length of 124 exceeds 100 columns
#2521: FILE: lustre/lov/lov_io.c:2946:
+			CWARN("%s: "DFID": too many unrecoverable stripes in raid set %d: err_nr %d > pcount %d: rc = %d\n",

total: 3 errors, 11 warnings, 3314 lines checked

NOTE: For some of the reported defects, checkpatch may be able to
      mechanically convert to the typical style using --fix or --fix-inplace.

NOTE: Whitespace errors detected.
      You may wish to use scripts/cleanpatch or scripts/cleanfile

Your patch has style problems, please review.

NOTE: If any of the errors are false positives, please report
      them to the maintainer, see CHECKPATCH in MAINTAINERS.
