CLI: ./pk --podman-socket unix:///run/podman/podman.sock --shared-filesystem /tmp --tarball-input job lustre-ci --output /var/www/ci-lustre/upstream-patch-review --git-hash 2add358821f524d8f758da6523e6c4b2e795bba2 --change-id 68157_2add358821f524d8f758da6523e6c4b2e795bba2 --subject LU-20611 llapi: split the deciding half out of cb_find_init

Environment validated successfully
Note: custom LLVM is not synced in tarball input mode
Creating kernel tarball at /tmp/ktest-kernel.tar.gz...
Creating lustre tarball at /tmp/ktest-lustre.tar.gz...
Creating ZFS tarball at /tmp/ktest-zfs.tar.gz...
Executing 14 jobs
Jobs will start as soon as their dependencies are satisfied
Using tarball input mode

START ml-strict:lustre_mainline build tests/fs/lustre/boot-strict.ktest
START ml:lustre_mainline build tests/fs/lustre/boot.ktest
START u24:u24 build tests/fs/lustre/boot.ktest
START ml-miscvm:lustre_mainline_native build tests/fs/lustre/boot.ktest
START checkpatch:checkpatch tool checkpatch
START al2023:al2023 build tests/fs/lustre/boot.ktest
PUT /tmp/ktest-lustre.tar.gz 1s
PUT /tmp/ktest-lustre.tar.gz 1s
PUT /tmp/ktest-kernel.tar.gz 6s
PUT /tmp/ktest-kernel.tar.gz 7s
PUT /tmp/ktest-kernel.tar.gz 7s
PUT /tmp/ktest-kernel.tar.gz 7s
PUT /tmp/ktest-lustre.tar.gz 1s
PUT /tmp/ktest-lustre.tar.gz 1s
PUT /tmp/ktest-lustre.tar.gz 1s
PUT /tmp/ktest-lustre.tar.gz 1s
PUT /tmp/ktest-zfs.tar.gz 0s
PUT /tmp/ktest-zfs.tar.gz 0s
PUT /tmp/ktest-zfs.tar.gz 0s
END checkpatch:checkpatch tool checkpatch PASS 11s
END u24:u24 build tests/fs/lustre/boot.ktest PASS 36s
END al2023:al2023 build tests/fs/lustre/boot.ktest PASS 46s
GET /tmp/ktest_ml:lustre_mainline__7qfugk8.tar 0s
GET /tmp/ktest_ml-strict:lustre_mainline_o3nlma4u.tar 5s
END ml:lustre_mainline build tests/fs/lustre/boot.ktest PASS 143s
END ml-strict:lustre_mainline build tests/fs/lustre/boot-strict.ktest FAIL 145s (exit code: 1)
GET /tmp/ktest_ml-miscvm:lustre_mainline_native_ny12qhwr.tar 0s
END ml-miscvm:lustre_mainline_native build tests/fs/lustre/boot.ktest PASS 148s
START ml-miscvm:boot run tests/fs/lustre/boot.ktest
START ml-miscvm:llmount run tests/fs/lustre/llmount.ktest
START ml-miscvm:llog-unit run tests/fs/lustre/llog-unit.ktest
START ml-miscvm:mgs-setup run tests/fs/lustre/mgs-setup.ktest
START ml-miscvm:sanity-1 run tests/fs/lustre/sanity/sanity-1.ktest
START ml-miscvm:sanity-2 run tests/fs/lustre/sanity/sanity-2.ktest
START ml-miscvm:sanity-3 run tests/fs/lustre/sanity/sanity-3.ktest
START ml-miscvm:sanity-4 run tests/fs/lustre/sanity/sanity-4.ktest
PUT /tmp/ktest-kernel.tar.gz 13s
PUT /tmp/ktest-kernel.tar.gz 13s
PUT /tmp/ktest-kernel.tar.gz 13s
PUT /tmp/ktest-kernel.tar.gz 13s
PUT /tmp/ktest-kernel.tar.gz 13s
PUT /tmp/ktest-kernel.tar.gz 13s
PUT /tmp/ktest-kernel.tar.gz 14s
PUT /tmp/ktest-kernel.tar.gz 14s
PUT /tmp/ktest-lustre.tar.gz 3s
PUT /tmp/ktest-lustre.tar.gz 4s
PUT /tmp/ktest-lustre.tar.gz 3s
PUT /tmp/ktest-lustre.tar.gz 3s
PUT /tmp/ktest-lustre.tar.gz 3s
PUT /tmp/ktest-lustre.tar.gz 3s
PUT /tmp/ktest-lustre.tar.gz 3s
PUT /tmp/ktest-lustre.tar.gz 3s
PUT /tmp/ktest_ml-miscvm:lustre_mainline_native_ny12qhwr.tar 0s
PUT /tmp/ktest_ml-miscvm:lustre_mainline_native_ny12qhwr.tar 0s
PUT /tmp/ktest_ml-miscvm:lustre_mainline_native_ny12qhwr.tar 0s
PUT /tmp/ktest_ml-miscvm:lustre_mainline_native_ny12qhwr.tar 0s
PUT /tmp/ktest_ml-miscvm:lustre_mainline_native_ny12qhwr.tar 0s
PUT /tmp/ktest_ml-miscvm:lustre_mainline_native_ny12qhwr.tar 0s
PUT /tmp/ktest_ml-miscvm:lustre_mainline_native_ny12qhwr.tar 0s
PUT /tmp/ktest_ml-miscvm:lustre_mainline_native_ny12qhwr.tar 0s
END ml-miscvm:boot run tests/fs/lustre/boot.ktest PASS 29s
END ml-miscvm:mgs-setup run tests/fs/lustre/mgs-setup.ktest PASS 38s
END ml-miscvm:sanity-4 run tests/fs/lustre/sanity/sanity-4.ktest PASS 67s
END ml-miscvm:sanity-1 run tests/fs/lustre/sanity/sanity-1.ktest PASS 68s
END ml-miscvm:sanity-3 run tests/fs/lustre/sanity/sanity-3.ktest PASS 69s
END ml-miscvm:llmount run tests/fs/lustre/llmount.ktest PASS 78s
END ml-miscvm:sanity-2 run tests/fs/lustre/sanity/sanity-2.ktest PASS 79s
END ml-miscvm:llog-unit run tests/fs/lustre/llog-unit.ktest FAIL 117s (exit code: 1)

============================================================
Final Results:
  checkpatch:checkpatch: PASS (11s) (log: /var/www/ci-lustre/upstream-patch-review/2add358821f524d8f758da6523e6c4b2e795bba2_checkpatch:checkpatch.log)
  u24:u24: PASS (36s) (log: /var/www/ci-lustre/upstream-patch-review/2add358821f524d8f758da6523e6c4b2e795bba2_u24:u24.log)
  al2023:al2023: PASS (46s) (log: /var/www/ci-lustre/upstream-patch-review/2add358821f524d8f758da6523e6c4b2e795bba2_al2023:al2023.log)
  ml-strict:lustre_mainline: FAIL (145s) (log: /var/www/ci-lustre/upstream-patch-review/2add358821f524d8f758da6523e6c4b2e795bba2_ml-strict:lustre_mainline.log)
  ml:lustre_mainline: PASS (143s) (log: /var/www/ci-lustre/upstream-patch-review/2add358821f524d8f758da6523e6c4b2e795bba2_ml:lustre_mainline.log)
  ml-miscvm:lustre_mainline_native: PASS (148s) (log: /var/www/ci-lustre/upstream-patch-review/2add358821f524d8f758da6523e6c4b2e795bba2_ml-miscvm:lustre_mainline_native.log)
  ml-miscvm:boot: PASS (29s) (log: /var/www/ci-lustre/upstream-patch-review/2add358821f524d8f758da6523e6c4b2e795bba2_ml-miscvm:boot.log)
  ml-miscvm:llmount: PASS (78s) (log: /var/www/ci-lustre/upstream-patch-review/2add358821f524d8f758da6523e6c4b2e795bba2_ml-miscvm:llmount.log)
  ml-miscvm:llog-unit: FAIL (117s) (log: /var/www/ci-lustre/upstream-patch-review/2add358821f524d8f758da6523e6c4b2e795bba2_ml-miscvm:llog-unit.log)
  ml-miscvm:mgs-setup: PASS (38s) (log: /var/www/ci-lustre/upstream-patch-review/2add358821f524d8f758da6523e6c4b2e795bba2_ml-miscvm:mgs-setup.log)
  ml-miscvm:sanity-1: PASS (68s) (log: /var/www/ci-lustre/upstream-patch-review/2add358821f524d8f758da6523e6c4b2e795bba2_ml-miscvm:sanity-1.log)
  ml-miscvm:sanity-2: PASS (79s) (log: /var/www/ci-lustre/upstream-patch-review/2add358821f524d8f758da6523e6c4b2e795bba2_ml-miscvm:sanity-2.log)
  ml-miscvm:sanity-3: PASS (69s) (log: /var/www/ci-lustre/upstream-patch-review/2add358821f524d8f758da6523e6c4b2e795bba2_ml-miscvm:sanity-3.log)
  ml-miscvm:sanity-4: PASS (67s) (log: /var/www/ci-lustre/upstream-patch-review/2add358821f524d8f758da6523e6c4b2e795bba2_ml-miscvm:sanity-4.log)

Total execution time: 295s

Packed 11751 logs from /var/www/ci-lustre/upstream-patch-review into /home/ktest/ktest/local-site/local_data.js
Open /home/ktest/ktest/local-site/index.html in a browser
