WARNING:SPLIT_STRING: quoted string split across lines
#124: FILE: lustre/mgc/mgc_request.c:1523:
+			CERROR("%s: IR log %s: no NIDs in entry: version %llu, "
+			       "instance %u, index %u, length %u, nid_size %u, "

WARNING:SPLIT_STRING: quoted string split across lines
#125: FILE: lustre/mgc/mgc_request.c:1524:
+			       "instance %u, index %u, length %u, nid_size %u, "
+			       "nid_type %u, datalen %d\n",

WARNING:LONG_LINE_STRING: line length of 119 exceeds 100 columns
#137: FILE: lustre/mgc/mgc_request.c:1535:
+			CERROR("%s: IR log %s: entry too short: datalen %d, entry_len %d, nid_count %u, nid_size %u\n",

WARNING:LONG_LINE_STRING: line length of 117 exceeds 100 columns
#152: FILE: lustre/mgc/mgc_request.c:1549:
+			CERROR("%s: IR log %s: bad mne_length: length %u, entry_len %d, nid_count %u, nid_size %u\n",

WARNING:LONG_LINE_STRING: line length of 104 exceeds 100 columns
#162: FILE: lustre/mgc/mgc_request.c:1558:
+			CERROR("%s: IR log %s: datalen %d < mne_length %u, nid_count %u, nid_size %u\n",

WARNING:SPLIT_STRING: quoted string split across lines
#226: FILE: lustre/mgc/mgc_request.c:1633:
+				CERROR("%s: IR log %s: server_name2fsname(%s) "
+				       "failed: rc = %d\n",

WARNING:SPLIT_STRING: quoted string split across lines
#285: FILE: lustre/mgc/mgc_request.c:1846:
+			CERROR("%s: IR log %s: ealen 0 but not eof: "
+			       "mcr_size %llu, mcr_offset %llu\n",

WARNING:FILE_PATH_CHANGES: added, moved or deleted file(s), does MAINTAINERS need updating?
#734: 
new file mode 100644

ERROR:ASSIGN_IN_IF: do not use assignment in if condition
#845: FILE: lustre/utils/lustre_param.c:237:
+		else if ((tmp = strcasestr(path, ".MGC")))

total: 1 errors, 8 warnings, 770 lines checked

NOTE: For some of the reported defects, checkpatch may be able to
      mechanically convert to the typical style using --fix or --fix-inplace.

Your patch has style problems, please review.

NOTE: If any of the errors are false positives, please report
      them to the maintainer, see CHECKPATCH in MAINTAINERS.
