00004 
00013 RDSEED32 is broken. Disabling the corresponding CPUID bit.
00017 init: failed to load nvme_core
00017 init: failed to load nvme
00017 init: failed to load zfs
00018 LNetError: 1:0:(lib-socket.c:619:lnet_inet_enumerate()) lnet: Can't find any usable interfaces, rc = -ENOENT
00018 LNetError: Error -100 starting up LNI tcp
00019 LustreError: 1:0:(events.c:627:ptlrpc_init_portals()) network initialisation failed: rc = -100
00019 init: finit_module /lib/modules/7.0.0-ktest-2b8c50a-6330a45-20260728-dirty/updates/ptlrpc.ko: Network is down
00019 init: failed to load lustre
00019 init: failed to load osd_zfs
00019 init: failed to load iwlwifi
00019 init: failed to load iwlmvm
00019 init: failed to load mt7921e
00019 init: failed to load i915
00019 init: failed to load nouveau
00031 tlp: vm.laptop_mode is deprecated. Ignoring setting.
00031 Kernel version: 7.0.0-ktest-2b8c50a-6330a45-20260728-dirty
00032 hook init_noop
00032 
00032 Running tests llog-unit
00032 
00032 ========= TEST   llog-unit
00032 /host/home/ktest/git/lustre-release/lustre/tests/test-framework.sh: line 6933: cd: HOME not set
00032 /host/home/ktest/git/lustre-release/lustre/tests/test-framework.sh: line 6933: cd: HOME not set
00032 /host/home/ktest/git/lustre-release/lustre/tests/test-framework.sh: line 6933: cd: HOME not set
00036 MGS_OS_VERSION_ID=24.04
00036 MGS_OS_ID=ubuntu
00036 MGS_OS_VERSION_CODE=402915328
00036 MGS_OS_ID_LIKE=debian ubuntu
00036 MDS1_OS_ID=ubuntu
00036 MDS1_OS_VERSION_CODE=402915328
00036 MDS1_OS_ID_LIKE=debian ubuntu
00036 MDS1_OS_VERSION_ID=24.04
00036 OST1_OS_VERSION_ID=24.04
00036 OST1_OS_VERSION_CODE=402915328
00036 OST1_OS_ID=ubuntu
00036 OST1_OS_ID_LIKE=debian ubuntu
00036 CLIENT_OS_VERSION_ID=24.04
00036 CLIENT_OS_ID_LIKE=debian ubuntu
00036 CLIENT_OS_ID=ubuntu
00036 CLIENT_OS_VERSION_CODE=402915328
00037 Loading modules from /host/home/ktest/git/lustre-release/lustre
00037 detected 16 online CPUs by sysfs
00037 MODOPTS_LIBCFS=
00037 libcfs will create CPU partition based on online CPUs
00037 LNet: Added LNI 10.0.2.15@tcp [8/256/0/180]
00037 gss/krb5 is not supported
00038 Lustre: Echo OBD driver; http://www.lustre.org/
00038 
00038 
00039 /host/home/ktest/git/lustre-release/lustre/tests/test-framework.sh: line 6933: cd: HOME not set
00039 /host/home/ktest/git/lustre-release/lustre/tests/test-framework.sh: line 6933: cd: HOME not set
00039 /host/home/ktest/git/lustre-release/lustre/tests/test-framework.sh: line 6933: cd: HOME not set
00043 Lustre: DEBUG MARKER: Attempt llog unit tests
00043 Lustre: 2171:0:(llog_test.c:2809:llog_test_device_init()) Setup llog-test device over MGS device
00043 Lustre: 2171:0:(llog_test.c:98:llog_test_1()) 1a: create a log with name: ad427d25
00043 ------------[ cut here ]------------
00043 WARNING: /home/ktest/git/linux/include/linux/fs.h:889 at osd_create+0x9cf/0xcf0 [osd_wbcfs], CPU#0: lctl/2171
00043 Modules linked in: llog_test(O) mgs(O) osd_wbcfs(O) lustre(O) obdecho(O) mgc(O) mdc(O) lov(O) osc(O) lmv(O) ec(O) fid(O) fld(O) ptlrpc(O) efivarfs obdclass(O) ksocklnd(O) lnet(O) libcfs(O)
00043 CPU: 0 UID: 0 PID: 2171 Comm: lctl Tainted: G           O        7.0.0-ktest-2b8c50a-6330a45-20260728-dirty #1 PREEMPT 
00043 Tainted: [O]=OOT_MODULE
00043 Hardware name: QEMU Standard PC (Q35 + ICH9, 2009), BIOS 2025.11-3ubuntu7 03/31/2026
00043 RIP: 0010:osd_create+0x9cf/0xcf0 [osd_wbcfs]
00043 Code: c7 c7 00 d6 7c a1 48 c7 c6 a0 52 7e a1 48 c7 c2 00 5c 7e a1 e8 82 dd 43 ff 48 c7 c7 00 d6 7c a1 e8 c6 6a 44 ff e9 fe fc ff ff <0f> 0b e9 a5 fa ff ff 48 c7 c1 80 44 5d a0 80 e1 07 80 c1 03 38 c1
00043 RSP: 0018:ffffc90001c877a0 EFLAGS: 00010246
00043 RAX: 0000000000000000 RBX: ffff8881485a9800 RCX: 0000000000000046
00043 RDX: 0000000000000000 RSI: ffff888199422648 RDI: ffff888189a10998
00043 RBP: ffff8881994225b8 R08: ffffffff83a16803 R09: 1ffffffff0742d00
00043 R10: dffffc0000000000 R11: fffffbfff0742d01 R12: ffff8881485a8c00
00043 R13: dffffc0000000000 R14: 1ffff110290b5300 R15: 1ffff110290b518f
00043 FS:  00007f2506ab7940(0000) GS:ffff88831e42d000(0000) knlGS:0000000000000000
00043 CS:  0010 DS: 0000 ES: 0000 CR0: 0000000080050033
00043 CR2: 000055d065184b40 CR3: 0000000199666000 CR4: 0000000000750eb0
00043 PKRU: 55555554
00043 Call Trace:
00043  <TASK>
00043  ? local_object_create+0x109/0x640 [obdclass]
00043  ? dt_write_lock+0x16d/0x2a0 [obdclass]
00043  ? llog_osd_create+0x356/0x1140 [obdclass]
00043  ? llog_create+0x2ed/0x530 [obdclass]
00043  ? llog_open_create+0x5af/0xb10 [obdclass]
00043  ? llog_run_tests+0x4bb/0x5ac0 [llog_test]
00043  ? get_random_u32+0x51/0x470
00043  ? get_random_u32+0x51/0x470
00043  ? _raw_spin_unlock+0x23/0x40
00043  ? __llog_ctxt_put+0x1c4/0x2f0 [obdclass]
00043  ? llog_test_device_init+0x503/0x840 [llog_test]
00043  ? obd_setup+0x559/0x960 [obdclass]
00043  ? class_setup+0xc7d/0x10e0 [obdclass]
00043  ? class_process_config+0x2edb/0x7cb0 [obdclass]
00043  ? class_handle_ioctl+0x2055/0x3590 [obdclass]
00043  ? obd_class_ioctl+0x1f6/0x3c0 [obdclass]
00043  ? __x64_sys_ioctl+0x961/0xe00
00043  ? _copy_to_user+0x3d/0x60
00043  ? __x64_sys_rt_sigaction+0x107/0x140
00043  ? do_syscall_64+0xc1/0x350
00043  ? entry_SYSCALL_64_after_hwframe+0x4b/0x53
00043  </TASK>
00043 ---[ end trace 0000000000000000 ]---
00043 Lustre: 2171:0:(llog_test.c:115:llog_test_1()) 1b: close newly-created log
00043 Lustre: 2171:0:(llog_test.c:146:llog_test_2()) 2a: re-open a log with name: ad427d25
00043 Lustre: 2171:0:(llog_test.c:166:llog_test_2()) 2b: create a log without specified NAME & LOGID
00043 ------------[ cut here ]------------
00043 WARNING: /home/ktest/git/linux/include/linux/fs.h:889 at osd_create+0x9cf/0xcf0 [osd_wbcfs], CPU#0: lctl/2171
00043 Modules linked in: llog_test(O) mgs(O) osd_wbcfs(O) lustre(O) obdecho(O) mgc(O) mdc(O) lov(O) osc(O) lmv(O) ec(O) fid(O) fld(O) ptlrpc(O) efivarfs obdclass(O) ksocklnd(O) lnet(O) libcfs(O)
00043 CPU: 0 UID: 0 PID: 2171 Comm: lctl Tainted: G        W  O        7.0.0-ktest-2b8c50a-6330a45-20260728-dirty #1 PREEMPT 
00043 Tainted: [W]=WARN, [O]=OOT_MODULE
00043 Hardware name: QEMU Standard PC (Q35 + ICH9, 2009), BIOS 2025.11-3ubuntu7 03/31/2026
00043 RIP: 0010:osd_create+0x9cf/0xcf0 [osd_wbcfs]
00043 Code: c7 c7 00 d6 7c a1 48 c7 c6 a0 52 7e a1 48 c7 c2 00 5c 7e a1 e8 82 dd 43 ff 48 c7 c7 00 d6 7c a1 e8 c6 6a 44 ff e9 fe fc ff ff <0f> 0b e9 a5 fa ff ff 48 c7 c1 80 44 5d a0 80 e1 07 80 c1 03 38 c1
00043 RSP: 0018:ffffc90001c877a0 EFLAGS: 00010246
00043 RAX: 0000000000000000 RBX: ffff88817eba7800 RCX: 0000000000000046
00043 RDX: 0000000000000000 RSI: ffff888199421f30 RDI: ffff888189a10998
00043 RBP: ffff888199421ea0 R08: ffffffff83a16803 R09: 1ffffffff0742d00
00043 R10: dffffc0000000000 R11: fffffbfff0742d01 R12: ffff8881485a8c00
00043 R13: dffffc0000000000 R14: 1ffff1102fd74f00 R15: 1ffff110290b518f
00043 FS:  00007f2506ab7940(0000) GS:ffff88831e42d000(0000) knlGS:0000000000000000
00043 CS:  0010 DS: 0000 ES: 0000 CR0: 0000000080050033
00043 CR2: 000055d065184b40 CR3: 0000000199666000 CR4: 0000000000750eb0
00043 PKRU: 55555554
00043 Call Trace:
00043  <TASK>
00043  ? local_object_create+0x109/0x640 [obdclass]
00043  ? dt_write_lock+0x16d/0x2a0 [obdclass]
00043  ? llog_osd_create+0x356/0x1140 [obdclass]
00043  ? llog_create+0x2ed/0x530 [obdclass]
00043  ? llog_open_create+0x5af/0xb10 [obdclass]
00043  ? llog_run_tests+0xd1a/0x5ac0 [llog_test]
00043  ? get_random_u32+0x51/0x470
00043  ? get_random_u32+0x51/0x470
00043  ? _raw_spin_unlock+0x23/0x40
00043  ? llog_test_device_init+0x503/0x840 [llog_test]
00043  ? obd_setup+0x559/0x960 [obdclass]
00043  ? class_setup+0xc7d/0x10e0 [obdclass]
00043  ? class_process_config+0x2edb/0x7cb0 [obdclass]
00043  ? class_handle_ioctl+0x2055/0x3590 [obdclass]
00043  ? obd_class_ioctl+0x1f6/0x3c0 [obdclass]
00043  ? __x64_sys_ioctl+0x961/0xe00
00043  ? _copy_to_user+0x3d/0x60
00043  ? __x64_sys_rt_sigaction+0x107/0x140
00043  ? do_syscall_64+0xc1/0x350
00043  ? entry_SYSCALL_64_after_hwframe+0x4b/0x53
00043  </TASK>
00043 ---[ end trace 0000000000000000 ]---
00043 Lustre: 2171:0:(llog_test.c:184:llog_test_2()) 2b: write 1 llog records, check llh_count
00043 Lustre: 2171:0:(llog_test.c:197:llog_test_2()) 2c: re-open the log by LOGID and verify llh_count
00043 Lustre: 2171:0:(llog_test.c:244:llog_test_2()) 2d: destroy this log
00043 Lustre: 2171:0:(llog_test.c:402:llog_test_3()) 3a: write 1023 fixed-size llog records
00043 Lustre: 2171:0:(llog_test.c:366:llog_test3_process()) test3: processing records from index 501 to the end
00043 Lustre: 2171:0:(llog_test.c:376:llog_test3_process()) test3: total 525 records processed with 0 paddings
00043 Lustre: 2171:0:(llog_test.c:458:llog_test_3()) 3b: write 566 variable size llog records
00043 Lustre: 2171:0:(llog_test.c:529:llog_test_3()) 3c: write records with variable size until BITMAP_SIZE, return -ENOSPC
00065 Lustre: 2171:0:(llog_test.c:1095:llog_test_7()) 7c: test llog_setattr64_rec
00065 ------------[ cut here ]------------
00065 WARNING: /home/ktest/git/linux/include/linux/fs.h:889 at osd_create+0x9cf/0xcf0 [osd_wbcfs], CPU#2: lctl/2171
00065 Modules linked in: llog_test(O) mgs(O) osd_wbcfs(O) lustre(O) obdecho(O) mgc(O) mdc(O) lov(O) osc(O) lmv(O) ec(O) fid(O) fld(O) ptlrpc(O) efivarfs obdclass(O) ksocklnd(O) lnet(O) libcfs(O)
00065 CPU: 2 UID: 0 PID: 2171 Comm: lctl Tainted: G        W  O        7.0.0-ktest-2b8c50a-6330a45-20260728-dirty #1 PREEMPT 
00065 Tainted: [W]=WARN, [O]=OOT_MODULE
00065 Hardware name: QEMU Standard PC (Q35 + ICH9, 2009), BIOS 2025.11-3ubuntu7 03/31/2026
00065 RIP: 0010:osd_create+0x9cf/0xcf0 [osd_wbcfs]
00065 Code: c7 c7 00 d6 7c a1 48 c7 c6 a0 52 7e a1 48 c7 c2 00 5c 7e a1 e8 82 dd 43 ff 48 c7 c7 00 d6 7c a1 e8 c6 6a 44 ff e9 fe fc ff ff <0f> 0b e9 a5 fa ff ff 48 c7 c1 80 44 5d a0 80 e1 07 80 c1 03 38 c1
00065 RSP: 0018:ffffc90001c876f8 EFLAGS: 00010246
00065 RAX: 0000000000000000 RBX: ffff888141381400 RCX: 0000000000000046
00065 RDX: 0000000000000000 RSI: ffff8881994250d8 RDI: ffff888189a10998
00065 RBP: ffff888199425048 R08: ffffffff83a16803 R09: 1ffffffff0742d00
00065 R10: dffffc0000000000 R11: fffffbfff0742d01 R12: ffff8881485a8c00
00065 R13: dffffc0000000000 R14: 1ffff11028270280 R15: 1ffff110290b518f
00065 FS:  00007f2506ab7940(0000) GS:ffff88831e52d000(0000) knlGS:0000000000000000
00065 CS:  0010 DS: 0000 ES: 0000 CR0: 0000000080050033
00065 CR2: 00007faaf50053e8 CR3: 0000000199666000 CR4: 0000000000750eb0
00065 PKRU: 55555554
00065 Call Trace:
00065  <TASK>
00065  ? local_object_create+0x109/0x640 [obdclass]
00065  ? dt_write_lock+0x16d/0x2a0 [obdclass]
00065  ? llog_osd_create+0x356/0x1140 [obdclass]
00065  ? llog_create+0x2ed/0x530 [obdclass]
00065  ? llog_open_create+0x5af/0xb10 [obdclass]
00065  ? llog_test_7_sub+0xea/0x1250 [llog_test]
00065  ? llog_test_7+0x4a4/0xf50 [llog_test]
00065  ? llog_run_tests+0x3614/0x5ac0 [llog_test]
00065  ? get_random_u32+0x51/0x470
00065  ? llog_test_device_init+0x503/0x840 [llog_test]
00065  ? obd_setup+0x559/0x960 [obdclass]
00065  ? class_setup+0xc7d/0x10e0 [obdclass]
00065  ? class_process_config+0x2edb/0x7cb0 [obdclass]
00065  ? class_handle_ioctl+0x2055/0x3590 [obdclass]
00065  ? obd_class_ioctl+0x1f6/0x3c0 [obdclass]
00065  ? __x64_sys_ioctl+0x961/0xe00
00065  ? _copy_to_user+0x3d/0x60
00065  ? __x64_sys_rt_sigaction+0x107/0x140
00065  ? do_syscall_64+0xc1/0x350
00065  ? entry_SYSCALL_64_after_hwframe+0x4b/0x53
00065  </TASK>
00065 ---[ end trace 0000000000000000 ]---
00071 Lustre: 2171:0:(llog_test.c:1106:llog_test_7()) 7d: test llog_size_change_rec
00071 ------------[ cut here ]------------
00071 WARNING: /home/ktest/git/linux/include/linux/fs.h:889 at osd_create+0x9cf/0xcf0 [osd_wbcfs], CPU#2: lctl/2171
00071 Modules linked in: llog_test(O) mgs(O) osd_wbcfs(O) lustre(O) obdecho(O) mgc(O) mdc(O) lov(O) osc(O) lmv(O) ec(O) fid(O) fld(O) ptlrpc(O) efivarfs obdclass(O) ksocklnd(O) lnet(O) libcfs(O)
00071 CPU: 2 UID: 0 PID: 2171 Comm: lctl Tainted: G        W  O        7.0.0-ktest-2b8c50a-6330a45-20260728-dirty #1 PREEMPT 
00071 Tainted: [W]=WARN, [O]=OOT_MODULE
00071 Hardware name: QEMU Standard PC (Q35 + ICH9, 2009), BIOS 2025.11-3ubuntu7 03/31/2026
00071 RIP: 0010:osd_create+0x9cf/0xcf0 [osd_wbcfs]
00071 Code: c7 c7 00 d6 7c a1 48 c7 c6 a0 52 7e a1 48 c7 c2 00 5c 7e a1 e8 82 dd 43 ff 48 c7 c7 00 d6 7c a1 e8 c6 6a 44 ff e9 fe fc ff ff <0f> 0b e9 a5 fa ff ff 48 c7 c1 80 44 5d a0 80 e1 07 80 c1 03 38 c1
00071 RSP: 0018:ffffc90001c876f8 EFLAGS: 00010246
00071 RAX: 0000000000000000 RBX: ffff888197cf4c00 RCX: 0000000000000046
00071 RDX: 0000000000000000 RSI: ffff8881994249c0 RDI: ffff888189a10998
00071 RBP: ffff888199424930 R08: ffffffff83a16803 R09: 1ffffffff0742d00
00071 R10: dffffc0000000000 R11: fffffbfff0742d01 R12: ffff8881485a8c00
00071 R13: dffffc0000000000 R14: 1ffff11032f9e980 R15: 1ffff110290b518f
00071 FS:  00007f2506ab7940(0000) GS:ffff88831e52d000(0000) knlGS:0000000000000000
00071 CS:  0010 DS: 0000 ES: 0000 CR0: 0000000080050033
00071 CR2: 00007faaf50053e8 CR3: 0000000199666000 CR4: 0000000000750eb0
00071 PKRU: 55555554
00071 Call Trace:
00071  <TASK>
00071  ? local_object_create+0x109/0x640 [obdclass]
00071  ? dt_write_lock+0x16d/0x2a0 [obdclass]
00071  ? llog_osd_create+0x356/0x1140 [obdclass]
00071  ? llog_create+0x2ed/0x530 [obdclass]
00071  ? llog_open_create+0x5af/0xb10 [obdclass]
00071  ? llog_test_7_sub+0xea/0x1250 [llog_test]
00071  ? llog_test_7+0x5d5/0xf50 [llog_test]
00071  ? llog_run_tests+0x3614/0x5ac0 [llog_test]
00071  ? get_random_u32+0x51/0x470
00071  ? llog_test_device_init+0x503/0x840 [llog_test]
00071  ? obd_setup+0x559/0x960 [obdclass]
00071  ? class_setup+0xc7d/0x10e0 [obdclass]
00071  ? class_process_config+0x2edb/0x7cb0 [obdclass]
00071  ? class_handle_ioctl+0x2055/0x3590 [obdclass]
00071  ? obd_class_ioctl+0x1f6/0x3c0 [obdclass]
00071  ? __x64_sys_ioctl+0x961/0xe00
00071  ? _copy_to_user+0x3d/0x60
00071  ? __x64_sys_rt_sigaction+0x107/0x140
00071  ? do_syscall_64+0xc1/0x350
00071  ? entry_SYSCALL_64_after_hwframe+0x4b/0x53
00071  </TASK>
00071 ---[ end trace 0000000000000000 ]---
00078 Lustre: 2171:0:(llog_test.c:1117:llog_test_7()) 7e: test llog_changelog_rec
00078 ------------[ cut here ]------------
00078 WARNING: /home/ktest/git/linux/include/linux/fs.h:889 at osd_create+0x9cf/0xcf0 [osd_wbcfs], CPU#2: lctl/2171
00078 Modules linked in: llog_test(O) mgs(O) osd_wbcfs(O) lustre(O) obdecho(O) mgc(O) mdc(O) lov(O) osc(O) lmv(O) ec(O) fid(O) fld(O) ptlrpc(O) efivarfs obdclass(O) ksocklnd(O) lnet(O) libcfs(O)
00078 CPU: 2 UID: 0 PID: 2171 Comm: lctl Tainted: G        W  O        7.0.0-ktest-2b8c50a-6330a45-20260728-dirty #1 PREEMPT 
00078 Tainted: [W]=WARN, [O]=OOT_MODULE
00078 Hardware name: QEMU Standard PC (Q35 + ICH9, 2009), BIOS 2025.11-3ubuntu7 03/31/2026
00078 RIP: 0010:osd_create+0x9cf/0xcf0 [osd_wbcfs]
00078 Code: c7 c7 00 d6 7c a1 48 c7 c6 a0 52 7e a1 48 c7 c2 00 5c 7e a1 e8 82 dd 43 ff 48 c7 c7 00 d6 7c a1 e8 c6 6a 44 ff e9 fe fc ff ff <0f> 0b e9 a5 fa ff ff 48 c7 c1 80 44 5d a0 80 e1 07 80 c1 03 38 c1
00078 RSP: 0018:ffffc90001c876f8 EFLAGS: 00010246
00078 RAX: 0000000000000000 RBX: ffff888120582000 RCX: 0000000000000046
00078 RDX: 0000000000000000 RSI: ffff8881994242a8 RDI: ffff888189a10998
00078 RBP: ffff888199424218 R08: ffffffff83a16803 R09: 1ffffffff0742d00
00078 R10: dffffc0000000000 R11: fffffbfff0742d01 R12: ffff8881485a8c00
00078 R13: dffffc0000000000 R14: 1ffff110240b0400 R15: 1ffff110290b518f
00078 FS:  00007f2506ab7940(0000) GS:ffff88831e52d000(0000) knlGS:0000000000000000
00078 CS:  0010 DS: 0000 ES: 0000 CR0: 0000000080050033
00078 CR2: 00007faaf50053e8 CR3: 0000000199666000 CR4: 0000000000750eb0
00078 PKRU: 55555554
00078 Call Trace:
00078  <TASK>
00078  ? local_object_create+0x109/0x640 [obdclass]
00078  ? dt_write_lock+0x16d/0x2a0 [obdclass]
00078  ? llog_osd_create+0x356/0x1140 [obdclass]
00078  ? llog_create+0x2ed/0x530 [obdclass]
00078  ? llog_open_create+0x5af/0xb10 [obdclass]
00078  ? llog_test_7_sub+0xea/0x1250 [llog_test]
00078  ? llog_test_7+0x706/0xf50 [llog_test]
00078  ? llog_run_tests+0x3614/0x5ac0 [llog_test]
00078  ? get_random_u32+0x51/0x470
00078  ? llog_test_device_init+0x503/0x840 [llog_test]
00078  ? obd_setup+0x559/0x960 [obdclass]
00078  ? class_setup+0xc7d/0x10e0 [obdclass]
00078  ? class_process_config+0x2edb/0x7cb0 [obdclass]
00078  ? class_handle_ioctl+0x2055/0x3590 [obdclass]
00078  ? obd_class_ioctl+0x1f6/0x3c0 [obdclass]
00078  ? __x64_sys_ioctl+0x961/0xe00
00078  ? _copy_to_user+0x3d/0x60
00078  ? __x64_sys_rt_sigaction+0x107/0x140
00078  ? do_syscall_64+0xc1/0x350
00078  ? entry_SYSCALL_64_after_hwframe+0x4b/0x53
00078  </TASK>
00078 ---[ end trace 0000000000000000 ]---
00081 Lustre: 2171:0:(llog_test.c:1024:llog_test_7_sub()) 7_sub: records are not aligned, written 64071 from 64767
00083 Lustre: 2171:0:(llog_test.c:1129:llog_test_7()) 7f: test llog_changelog_user_rec2
00083 ------------[ cut here ]------------
00083 WARNING: /home/ktest/git/linux/include/linux/fs.h:889 at osd_create+0x9cf/0xcf0 [osd_wbcfs], CPU#2: lctl/2171
00083 Modules linked in: llog_test(O) mgs(O) osd_wbcfs(O) lustre(O) obdecho(O) mgc(O) mdc(O) lov(O) osc(O) lmv(O) ec(O) fid(O) fld(O) ptlrpc(O) efivarfs obdclass(O) ksocklnd(O) lnet(O) libcfs(O)
00083 CPU: 2 UID: 0 PID: 2171 Comm: lctl Tainted: G        W  O        7.0.0-ktest-2b8c50a-6330a45-20260728-dirty #1 PREEMPT 
00083 Tainted: [W]=WARN, [O]=OOT_MODULE
00083 Hardware name: QEMU Standard PC (Q35 + ICH9, 2009), BIOS 2025.11-3ubuntu7 03/31/2026
00083 RIP: 0010:osd_create+0x9cf/0xcf0 [osd_wbcfs]
00083 Code: c7 c7 00 d6 7c a1 48 c7 c6 a0 52 7e a1 48 c7 c2 00 5c 7e a1 e8 82 dd 43 ff 48 c7 c7 00 d6 7c a1 e8 c6 6a 44 ff e9 fe fc ff ff <0f> 0b e9 a5 fa ff ff 48 c7 c1 80 44 5d a0 80 e1 07 80 c1 03 38 c1
00083 RSP: 0018:ffffc90001c876f8 EFLAGS: 00010246
00083 RAX: 0000000000000000 RBX: ffff888190ea3c00 RCX: 0000000000000046
00083 RDX: 0000000000000000 RSI: ffff888199423b90 RDI: ffff888189a10998
00083 RBP: ffff888199423b00 R08: ffffffff83a16803 R09: 1ffffffff0742d00
00083 R10: dffffc0000000000 R11: fffffbfff0742d01 R12: ffff8881485a8c00
00083 R13: dffffc0000000000 R14: 1ffff110321d4780 R15: 1ffff110290b518f
00083 FS:  00007f2506ab7940(0000) GS:ffff88831e52d000(0000) knlGS:0000000000000000
00083 CS:  0010 DS: 0000 ES: 0000 CR0: 0000000080050033
00083 CR2: 00007faaf50053e8 CR3: 0000000199666000 CR4: 0000000000750eb0
00083 PKRU: 55555554
00083 Call Trace:
00083  <TASK>
00083  ? local_object_create+0x109/0x640 [obdclass]
00083  ? dt_write_lock+0x16d/0x2a0 [obdclass]
00083  ? llog_osd_create+0x356/0x1140 [obdclass]
00083  ? llog_create+0x2ed/0x530 [obdclass]
00083  ? llog_open_create+0x5af/0xb10 [obdclass]
00083  ? llog_test_7_sub+0xea/0x1250 [llog_test]
00083  ? llog_test_7+0x837/0xf50 [llog_test]
00083  ? llog_run_tests+0x3614/0x5ac0 [llog_test]
00083  ? get_random_u32+0x51/0x470
00083  ? llog_test_device_init+0x503/0x840 [llog_test]
00083  ? obd_setup+0x559/0x960 [obdclass]
00083  ? class_setup+0xc7d/0x10e0 [obdclass]
00083  ? class_process_config+0x2edb/0x7cb0 [obdclass]
00083  ? class_handle_ioctl+0x2055/0x3590 [obdclass]
00083  ? obd_class_ioctl+0x1f6/0x3c0 [obdclass]
00083  ? __x64_sys_ioctl+0x961/0xe00
00083  ? _copy_to_user+0x3d/0x60
00083  ? __x64_sys_rt_sigaction+0x107/0x140
00083  ? do_syscall_64+0xc1/0x350
00083  ? entry_SYSCALL_64_after_hwframe+0x4b/0x53
00083  </TASK>
00083 ---[ end trace 0000000000000000 ]---
00086 Lustre: 2171:0:(llog_test.c:1024:llog_test_7_sub()) 7_sub: records are not aligned, written 64139 from 64767
00088 Lustre: 2171:0:(llog_test.c:1140:llog_test_7()) 7g: test llog_gen_rec
00088 ------------[ cut here ]------------
00088 WARNING: /home/ktest/git/linux/include/linux/fs.h:889 at osd_create+0x9cf/0xcf0 [osd_wbcfs], CPU#2: lctl/2171
00088 Modules linked in: llog_test(O) mgs(O) osd_wbcfs(O) lustre(O) obdecho(O) mgc(O) mdc(O) lov(O) osc(O) lmv(O) ec(O) fid(O) fld(O) ptlrpc(O) efivarfs obdclass(O) ksocklnd(O) lnet(O) libcfs(O)
00088 CPU: 2 UID: 0 PID: 2171 Comm: lctl Tainted: G        W  O        7.0.0-ktest-2b8c50a-6330a45-20260728-dirty #1 PREEMPT 
00088 Tainted: [W]=WARN, [O]=OOT_MODULE
00088 Hardware name: QEMU Standard PC (Q35 + ICH9, 2009), BIOS 2025.11-3ubuntu7 03/31/2026
00088 RIP: 0010:osd_create+0x9cf/0xcf0 [osd_wbcfs]
00088 Code: c7 c7 00 d6 7c a1 48 c7 c6 a0 52 7e a1 48 c7 c2 00 5c 7e a1 e8 82 dd 43 ff 48 c7 c7 00 d6 7c a1 e8 c6 6a 44 ff e9 fe fc ff ff <0f> 0b e9 a5 fa ff ff 48 c7 c1 80 44 5d a0 80 e1 07 80 c1 03 38 c1
00088 RSP: 0018:ffffc90001c876f8 EFLAGS: 00010246
00088 RAX: 0000000000000000 RBX: ffff88819ce18800 RCX: 0000000000000046
00088 RDX: 0000000000000000 RSI: ffff888199423478 RDI: ffff888189a10998
00088 RBP: ffff8881994233e8 R08: ffffffff83a16803 R09: 1ffffffff0742d00
00088 R10: dffffc0000000000 R11: fffffbfff0742d01 R12: ffff8881485a8c00
00088 R13: dffffc0000000000 R14: 1ffff110339c3100 R15: 1ffff110290b518f
00088 FS:  00007f2506ab7940(0000) GS:ffff88831e52d000(0000) knlGS:0000000000000000
00088 CS:  0010 DS: 0000 ES: 0000 CR0: 0000000080050033
00088 CR2: 00007faaf50053e8 CR3: 0000000199666000 CR4: 0000000000750eb0
00088 PKRU: 55555554
00088 Call Trace:
00088  <TASK>
00088  ? local_object_create+0x109/0x640 [obdclass]
00088  ? dt_write_lock+0x16d/0x2a0 [obdclass]
00088  ? llog_osd_create+0x356/0x1140 [obdclass]
00088  ? llog_create+0x2ed/0x530 [obdclass]
00088  ? llog_open_create+0x5af/0xb10 [obdclass]
00088  ? llog_test_7_sub+0xea/0x1250 [llog_test]
00088  ? llog_test_7+0x968/0xf50 [llog_test]
00088  ? llog_run_tests+0x3614/0x5ac0 [llog_test]
00088  ? get_random_u32+0x51/0x470
00088  ? llog_test_device_init+0x503/0x840 [llog_test]
00088  ? obd_setup+0x559/0x960 [obdclass]
00088  ? class_setup+0xc7d/0x10e0 [obdclass]
00088  ? class_process_config+0x2edb/0x7cb0 [obdclass]
00088  ? class_handle_ioctl+0x2055/0x3590 [obdclass]
00088  ? obd_class_ioctl+0x1f6/0x3c0 [obdclass]
00088  ? __x64_sys_ioctl+0x961/0xe00
00088  ? _copy_to_user+0x3d/0x60
00088  ? __x64_sys_rt_sigaction+0x107/0x140
00088  ? do_syscall_64+0xc1/0x350
00088  ? entry_SYSCALL_64_after_hwframe+0x4b/0x53
00088  </TASK>
00088 ---[ end trace 0000000000000000 ]---
00094 Lustre: 2171:0:(llog_test.c:1151:llog_test_7()) 7h: test llog_setattr64_rec_v2
00094 ------------[ cut here ]------------
00094 WARNING: /home/ktest/git/linux/include/linux/fs.h:889 at osd_create+0x9cf/0xcf0 [osd_wbcfs], CPU#2: lctl/2171
00094 Modules linked in: llog_test(O) mgs(O) osd_wbcfs(O) lustre(O) obdecho(O) mgc(O) mdc(O) lov(O) osc(O) lmv(O) ec(O) fid(O) fld(O) ptlrpc(O) efivarfs obdclass(O) ksocklnd(O) lnet(O) libcfs(O)
00094 CPU: 2 UID: 0 PID: 2171 Comm: lctl Tainted: G        W  O        7.0.0-ktest-2b8c50a-6330a45-20260728-dirty #1 PREEMPT 
00094 Tainted: [W]=WARN, [O]=OOT_MODULE
00094 Hardware name: QEMU Standard PC (Q35 + ICH9, 2009), BIOS 2025.11-3ubuntu7 03/31/2026
00094 RIP: 0010:osd_create+0x9cf/0xcf0 [osd_wbcfs]
00094 Code: c7 c7 00 d6 7c a1 48 c7 c6 a0 52 7e a1 48 c7 c2 00 5c 7e a1 e8 82 dd 43 ff 48 c7 c7 00 d6 7c a1 e8 c6 6a 44 ff e9 fe fc ff ff <0f> 0b e9 a5 fa ff ff 48 c7 c1 80 44 5d a0 80 e1 07 80 c1 03 38 c1
00094 RSP: 0018:ffffc90001c876f8 EFLAGS: 00010246
00094 RAX: 0000000000000000 RBX: ffff88819b410c00 RCX: 0000000000000046
00094 RDX: 0000000000000000 RSI: ffff888199422d60 RDI: ffff888189a10998
00094 RBP: ffff888199422cd0 R08: ffffffff83a16803 R09: 1ffffffff0742d00
00094 R10: dffffc0000000000 R11: fffffbfff0742d01 R12: ffff8881485a8c00
00094 R13: dffffc0000000000 R14: 1ffff11033682180 R15: 1ffff110290b518f
00094 FS:  00007f2506ab7940(0000) GS:ffff88831e52d000(0000) knlGS:0000000000000000
00094 CS:  0010 DS: 0000 ES: 0000 CR0: 0000000080050033
00094 CR2: 00007faaf50053e8 CR3: 0000000199666000 CR4: 0000000000750eb0
00094 PKRU: 55555554
00094 Call Trace:
00094  <TASK>
00094  ? local_object_create+0x109/0x640 [obdclass]
00094  ? dt_write_lock+0x16d/0x2a0 [obdclass]
00094  ? llog_osd_create+0x356/0x1140 [obdclass]
00094  ? llog_create+0x2ed/0x530 [obdclass]
00094  ? llog_open_create+0x5af/0xb10 [obdclass]
00094  ? llog_test_7_sub+0xea/0x1250 [llog_test]
00094  ? llog_test_7+0xa99/0xf50 [llog_test]
00094  ? llog_run_tests+0x3614/0x5ac0 [llog_test]
00094  ? get_random_u32+0x51/0x470
00094  ? llog_test_device_init+0x503/0x840 [llog_test]
00094  ? obd_setup+0x559/0x960 [obdclass]
00094  ? class_setup+0xc7d/0x10e0 [obdclass]
00094  ? class_process_config+0x2edb/0x7cb0 [obdclass]
00094  ? class_handle_ioctl+0x2055/0x3590 [obdclass]
00094  ? obd_class_ioctl+0x1f6/0x3c0 [obdclass]
00094  ? __x64_sys_ioctl+0x961/0xe00
00094  ? _copy_to_user+0x3d/0x60
00094  ? __x64_sys_rt_sigaction+0x107/0x140
00094  ? do_syscall_64+0xc1/0x350
00094  ? entry_SYSCALL_64_after_hwframe+0x4b/0x53
00094  </TASK>
00094 ---[ end trace 0000000000000000 ]---
00098 Lustre: 2171:0:(llog_test.c:1024:llog_test_7_sub()) 7_sub: records are not aligned, written 64071 from 64767
00101 Lustre: 2171:0:(llog_test.c:1261:llog_test_8()) 8a: fill the first plain llog
00101 ------------[ cut here ]------------
00101 WARNING: /home/ktest/git/linux/include/linux/fs.h:889 at osd_create+0x9cf/0xcf0 [osd_wbcfs], CPU#2: lctl/2171
00101 Modules linked in: llog_test(O) mgs(O) osd_wbcfs(O) lustre(O) obdecho(O) mgc(O) mdc(O) lov(O) osc(O) lmv(O) ec(O) fid(O) fld(O) ptlrpc(O) efivarfs obdclass(O) ksocklnd(O) lnet(O) libcfs(O)
00101 CPU: 2 UID: 0 PID: 2171 Comm: lctl Tainted: G        W  O        7.0.0-ktest-2b8c50a-6330a45-20260728-dirty #1 PREEMPT 
00101 Tainted: [W]=WARN, [O]=OOT_MODULE
00101 Hardware name: QEMU Standard PC (Q35 + ICH9, 2009), BIOS 2025.11-3ubuntu7 03/31/2026
00101 RIP: 0010:osd_create+0x9cf/0xcf0 [osd_wbcfs]
00101 Code: c7 c7 00 d6 7c a1 48 c7 c6 a0 52 7e a1 48 c7 c2 00 5c 7e a1 e8 82 dd 43 ff 48 c7 c7 00 d6 7c a1 e8 c6 6a 44 ff e9 fe fc ff ff <0f> 0b e9 a5 fa ff ff 48 c7 c1 80 44 5d a0 80 e1 07 80 c1 03 38 c1
00101 RSP: 0018:ffffc90001c874c8 EFLAGS: 00010246
00101 RAX: 0000000000000000 RBX: ffff888190c9fc00 RCX: 0000000000000046
00101 RDX: 0000000000000000 RSI: ffff888139a750d8 RDI: ffff888189a109c0
00101 RBP: ffff888139a75048 R08: ffffffff83a16803 R09: 1ffffffff0742d00
00101 R10: dffffc0000000000 R11: fffffbfff0742d01 R12: ffff8881485a8c00
00101 R13: dffffc0000000000 R14: 1ffff11032193f80 R15: 1ffff110290b518f
00101 FS:  00007f2506ab7940(0000) GS:ffff88831e52d000(0000) knlGS:0000000000000000
00101 CS:  0010 DS: 0000 ES: 0000 CR0: 0000000080050033
00101 CR2: 00007faaf50053e8 CR3: 0000000199666000 CR4: 0000000000750eb0
00101 PKRU: 55555554
00101 Call Trace:
00101  <TASK>
00101  ? local_object_create+0x109/0x640 [obdclass]
00101  ? dt_write_lock+0x16d/0x2a0 [obdclass]
00101  ? llog_osd_create+0x356/0x1140 [obdclass]
00101  ? llog_create+0x2ed/0x530 [obdclass]
00101  ? llog_cat_new_log+0x6c3/0x2bf0 [obdclass]
00101  ? llog_cat_add_rec+0x6ba/0x1960 [obdclass]
00101  ? llog_cat_add+0x451/0x890 [obdclass]
00101  ? llog_test_8+0x567/0x1c20 [llog_test]
00101  ? do_raw_spin_unlock+0x52/0x230
00101  ? _raw_spin_unlock+0x23/0x40
00101  ? __llog_ctxt_put+0x1c4/0x2f0 [obdclass]
00101  ? llog_run_tests+0x39a2/0x5ac0 [llog_test]
00101  ? get_random_u32+0x51/0x470
00101  ? llog_test_device_init+0x503/0x840 [llog_test]
00101  ? obd_setup+0x559/0x960 [obdclass]
00101  ? class_setup+0xc7d/0x10e0 [obdclass]
00101  ? class_process_config+0x2edb/0x7cb0 [obdclass]
00101  ? class_handle_ioctl+0x2055/0x3590 [obdclass]
00101  ? obd_class_ioctl+0x1f6/0x3c0 [obdclass]
00101  ? __x64_sys_ioctl+0x961/0xe00
00101  ? _copy_to_user+0x3d/0x60
00101  ? __x64_sys_rt_sigaction+0x107/0x140
00101  ? do_syscall_64+0xc1/0x350
00101  ? entry_SYSCALL_64_after_hwframe+0x4b/0x53
00101  </TASK>
00101 ---[ end trace 0000000000000000 ]---
00101 Lustre: 2171:0:(llog_test.c:1290:llog_test_8()) 8b: first llog [0x1:0x10:0x0]
00101 Lustre: 2171:0:(llog_test.c:1306:llog_test_8()) 8b: fill the second plain llog
00101 ------------[ cut here ]------------
00101 WARNING: /home/ktest/git/linux/include/linux/fs.h:889 at osd_create+0x9cf/0xcf0 [osd_wbcfs], CPU#2: lctl/2171
00101 Modules linked in: llog_test(O) mgs(O) osd_wbcfs(O) lustre(O) obdecho(O) mgc(O) mdc(O) lov(O) osc(O) lmv(O) ec(O) fid(O) fld(O) ptlrpc(O) efivarfs obdclass(O) ksocklnd(O) lnet(O) libcfs(O)
00101 CPU: 2 UID: 0 PID: 2171 Comm: lctl Tainted: G        W  O        7.0.0-ktest-2b8c50a-6330a45-20260728-dirty #1 PREEMPT 
00101 Tainted: [W]=WARN, [O]=OOT_MODULE
00101 Hardware name: QEMU Standard PC (Q35 + ICH9, 2009), BIOS 2025.11-3ubuntu7 03/31/2026
00101 RIP: 0010:osd_create+0x9cf/0xcf0 [osd_wbcfs]
00101 Code: c7 c7 00 d6 7c a1 48 c7 c6 a0 52 7e a1 48 c7 c2 00 5c 7e a1 e8 82 dd 43 ff 48 c7 c7 00 d6 7c a1 e8 c6 6a 44 ff e9 fe fc ff ff <0f> 0b e9 a5 fa ff ff 48 c7 c1 80 44 5d a0 80 e1 07 80 c1 03 38 c1
00101 RSP: 0018:ffffc90001c874c8 EFLAGS: 00010246
00101 RAX: 0000000000000000 RBX: ffff888190c9e400 RCX: 0000000000000046
00101 RDX: 0000000000000000 RSI: ffff888139a749c0 RDI: ffff888189a109c0
00101 RBP: ffff888139a74930 R08: ffffffff83a16803 R09: 1ffffffff0742d00
00101 R10: dffffc0000000000 R11: fffffbfff0742d01 R12: ffff8881485a8c00
00101 R13: dffffc0000000000 R14: 1ffff11032193c80 R15: 1ffff110290b518f
00101 FS:  00007f2506ab7940(0000) GS:ffff88831e52d000(0000) knlGS:0000000000000000
00101 CS:  0010 DS: 0000 ES: 0000 CR0: 0000000080050033
00101 CR2: 00007faaf50053e8 CR3: 0000000199666000 CR4: 0000000000750eb0
00101 PKRU: 55555554
00101 Call Trace:
00101  <TASK>
00101  ? local_object_create+0x109/0x640 [obdclass]
00101  ? dt_write_lock+0x16d/0x2a0 [obdclass]
00101  ? llog_osd_create+0x356/0x1140 [obdclass]
00101  ? llog_create+0x2ed/0x530 [obdclass]
00101  ? llog_cat_new_log+0x6c3/0x2bf0 [obdclass]
00101  ? llog_cat_add_rec+0x6ba/0x1960 [obdclass]
00101  ? llog_cat_add+0x451/0x890 [obdclass]
00101  ? llog_test_8+0xd89/0x1c20 [llog_test]
00101  ? do_raw_spin_unlock+0x52/0x230
00101  ? _raw_spin_unlock+0x23/0x40
00101  ? __llog_ctxt_put+0x1c4/0x2f0 [obdclass]
00101  ? llog_run_tests+0x39a2/0x5ac0 [llog_test]
00101  ? get_random_u32+0x51/0x470
00101  ? llog_test_device_init+0x503/0x840 [llog_test]
00101  ? obd_setup+0x559/0x960 [obdclass]
00101  ? class_setup+0xc7d/0x10e0 [obdclass]
00101  ? class_process_config+0x2edb/0x7cb0 [obdclass]
00101  ? class_handle_ioctl+0x2055/0x3590 [obdclass]
00101  ? obd_class_ioctl+0x1f6/0x3c0 [obdclass]
00101  ? __x64_sys_ioctl+0x961/0xe00
00101  ? _copy_to_user+0x3d/0x60
00101  ? __x64_sys_rt_sigaction+0x107/0x140
00101  ? do_syscall_64+0xc1/0x350
00101  ? entry_SYSCALL_64_after_hwframe+0x4b/0x53
00101  </TASK>
00101 ---[ end trace 0000000000000000 ]---
00101 Lustre: 2171:0:(llog_test.c:1330:llog_test_8()) 8b: pin llog [0x1:0x12:0x0]
00101 Lustre: 2171:0:(llog_test.c:1333:llog_test_8()) 8b: clean first llog record in catalog
00101 Lustre: 2171:0:(llog_test.c:1344:llog_test_8()) 8c: corrupt first chunk in the middle
00101 Lustre: 2171:0:(llog_test.c:1347:llog_test_8()) 8c: corrupt second chunk at start
00101 Lustre: 2171:0:(llog_test.c:1350:llog_test_8()) 8d: count survived records
00101 Lustre: 2171:0:(llog_test.c:1380:llog_test_8()) 8d: close re-opened catalog
00101 Lustre: 2171:0:(llog_test.c:1441:llog_test_9()) 9a: test llog_logid_rec
00101 ------------[ cut here ]------------
00101 WARNING: /home/ktest/git/linux/include/linux/fs.h:889 at osd_create+0x9cf/0xcf0 [osd_wbcfs], CPU#2: lctl/2171
00101 Modules linked in: llog_test(O) mgs(O) osd_wbcfs(O) lustre(O) obdecho(O) mgc(O) mdc(O) lov(O) osc(O) lmv(O) ec(O) fid(O) fld(O) ptlrpc(O) efivarfs obdclass(O) ksocklnd(O) lnet(O) libcfs(O)
00101 CPU: 2 UID: 0 PID: 2171 Comm: lctl Tainted: G        W  O        7.0.0-ktest-2b8c50a-6330a45-20260728-dirty #1 PREEMPT 
00101 Tainted: [W]=WARN, [O]=OOT_MODULE
00101 Hardware name: QEMU Standard PC (Q35 + ICH9, 2009), BIOS 2025.11-3ubuntu7 03/31/2026
00101 RIP: 0010:osd_create+0x9cf/0xcf0 [osd_wbcfs]
00101 Code: c7 c7 00 d6 7c a1 48 c7 c6 a0 52 7e a1 48 c7 c2 00 5c 7e a1 e8 82 dd 43 ff 48 c7 c7 00 d6 7c a1 e8 c6 6a 44 ff e9 fe fc ff ff <0f> 0b e9 a5 fa ff ff 48 c7 c1 80 44 5d a0 80 e1 07 80 c1 03 38 c1
00101 RSP: 0018:ffffc90001c87720 EFLAGS: 00010246
00101 RAX: 0000000000000000 RBX: ffff88813fb9e000 RCX: 0000000000000046
00101 RDX: 0000000000000000 RSI: ffff888139a742a8 RDI: ffff888189a10998
00101 RBP: ffff888139a74218 R08: ffffffff83a16803 R09: 1ffffffff0742d00
00101 R10: dffffc0000000000 R11: fffffbfff0742d01 R12: ffff8881485a8c00
00101 R13: dffffc0000000000 R14: 1ffff11027f73c00 R15: 1ffff110290b518f
00101 FS:  00007f2506ab7940(0000) GS:ffff88831e52d000(0000) knlGS:0000000000000000
00101 CS:  0010 DS: 0000 ES: 0000 CR0: 0000000080050033
00101 CR2: 00007faaf50053e8 CR3: 0000000199666000 CR4: 0000000000750eb0
00101 PKRU: 55555554
00101 Call Trace:
00101  <TASK>
00101  ? local_object_create+0x109/0x640 [obdclass]
00101  ? dt_write_lock+0x16d/0x2a0 [obdclass]
00101  ? llog_osd_create+0x356/0x1140 [obdclass]
00101  ? llog_create+0x2ed/0x530 [obdclass]
00101  ? llog_open_create+0x5af/0xb10 [obdclass]
00101  ? llog_test_9_sub+0xd4/0x800 [llog_test]
00101  ? llog_test_9+0x242/0x960 [llog_test]
00101  ? llog_run_tests+0x3d64/0x5ac0 [llog_test]
00101  ? get_random_u32+0x51/0x470
00101  ? llog_test_device_init+0x503/0x840 [llog_test]
00101  ? obd_setup+0x559/0x960 [obdclass]
00101  ? class_setup+0xc7d/0x10e0 [obdclass]
00101  ? class_process_config+0x2edb/0x7cb0 [obdclass]
00101  ? class_handle_ioctl+0x2055/0x3590 [obdclass]
00101  ? obd_class_ioctl+0x1f6/0x3c0 [obdclass]
00101  ? __x64_sys_ioctl+0x961/0xe00
00101  ? _copy_to_user+0x3d/0x60
00101  ? __x64_sys_rt_sigaction+0x107/0x140
00101  ? do_syscall_64+0xc1/0x350
00101  ? entry_SYSCALL_64_after_hwframe+0x4b/0x53
00101  </TASK>
00101 ---[ end trace 0000000000000000 ]---
00101 Lustre: 2171:0:(llog_test.c:1425:llog_test_9_sub()) 9_sub: record type 1064553b in log 0x1:0x14:0x0
00101 Lustre: 2171:0:(llog_test.c:1452:llog_test_9()) 9b: test llog_obd_cfg_rec
00101 ------------[ cut here ]------------
00101 WARNING: /home/ktest/git/linux/include/linux/fs.h:889 at osd_create+0x9cf/0xcf0 [osd_wbcfs], CPU#2: lctl/2171
00101 Modules linked in: llog_test(O) mgs(O) osd_wbcfs(O) lustre(O) obdecho(O) mgc(O) mdc(O) lov(O) osc(O) lmv(O) ec(O) fid(O) fld(O) ptlrpc(O) efivarfs obdclass(O) ksocklnd(O) lnet(O) libcfs(O)
00101 CPU: 2 UID: 0 PID: 2171 Comm: lctl Tainted: G        W  O        7.0.0-ktest-2b8c50a-6330a45-20260728-dirty #1 PREEMPT 
00101 Tainted: [W]=WARN, [O]=OOT_MODULE
00101 Hardware name: QEMU Standard PC (Q35 + ICH9, 2009), BIOS 2025.11-3ubuntu7 03/31/2026
00101 RIP: 0010:osd_create+0x9cf/0xcf0 [osd_wbcfs]
00101 Code: c7 c7 00 d6 7c a1 48 c7 c6 a0 52 7e a1 48 c7 c2 00 5c 7e a1 e8 82 dd 43 ff 48 c7 c7 00 d6 7c a1 e8 c6 6a 44 ff e9 fe fc ff ff <0f> 0b e9 a5 fa ff ff 48 c7 c1 80 44 5d a0 80 e1 07 80 c1 03 38 c1
00101 RSP: 0018:ffffc90001c87720 EFLAGS: 00010246
00101 RAX: 0000000000000000 RBX: ffff88813fb9d400 RCX: 0000000000000046
00101 RDX: 0000000000000000 RSI: ffff888139a73b90 RDI: ffff888189a10998
00101 RBP: ffff888139a73b00 R08: ffffffff83a16803 R09: 1ffffffff0742d00
00101 R10: dffffc0000000000 R11: fffffbfff0742d01 R12: ffff8881485a8c00
00101 R13: dffffc0000000000 R14: 1ffff11027f73a80 R15: 1ffff110290b518f
00101 FS:  00007f2506ab7940(0000) GS:ffff88831e52d000(0000) knlGS:0000000000000000
00101 CS:  0010 DS: 0000 ES: 0000 CR0: 0000000080050033
00101 CR2: 00007faaf50053e8 CR3: 0000000199666000 CR4: 0000000000750eb0
00101 PKRU: 55555554
00101 Call Trace:
00101  <TASK>
00101  ? local_object_create+0x109/0x640 [obdclass]
00101  ? dt_write_lock+0x16d/0x2a0 [obdclass]
00101  ? llog_osd_create+0x356/0x1140 [obdclass]
00101  ? llog_create+0x2ed/0x530 [obdclass]
00101  ? llog_open_create+0x5af/0xb10 [obdclass]
00101  ? llog_test_9_sub+0xd4/0x800 [llog_test]
00101  ? llog_test_9+0x373/0x960 [llog_test]
00101  ? llog_run_tests+0x3d64/0x5ac0 [llog_test]
00101  ? get_random_u32+0x51/0x470
00101  ? llog_test_device_init+0x503/0x840 [llog_test]
00101  ? obd_setup+0x559/0x960 [obdclass]
00101  ? class_setup+0xc7d/0x10e0 [obdclass]
00101  ? class_process_config+0x2edb/0x7cb0 [obdclass]
00101  ? class_handle_ioctl+0x2055/0x3590 [obdclass]
00101  ? obd_class_ioctl+0x1f6/0x3c0 [obdclass]
00101  ? __x64_sys_ioctl+0x961/0xe00
00101  ? _copy_to_user+0x3d/0x60
00101  ? __x64_sys_rt_sigaction+0x107/0x140
00101  ? do_syscall_64+0xc1/0x350
00101  ? entry_SYSCALL_64_after_hwframe+0x4b/0x53
00101  </TASK>
00101 ---[ end trace 0000000000000000 ]---
00101 Lustre: 2171:0:(llog_test.c:1463:llog_test_9()) 9c: test llog_changelog_rec
00101 ------------[ cut here ]------------
00101 WARNING: /home/ktest/git/linux/include/linux/fs.h:889 at osd_create+0x9cf/0xcf0 [osd_wbcfs], CPU#2: lctl/2171
00101 Modules linked in: llog_test(O) mgs(O) osd_wbcfs(O) lustre(O) obdecho(O) mgc(O) mdc(O) lov(O) osc(O) lmv(O) ec(O) fid(O) fld(O) ptlrpc(O) efivarfs obdclass(O) ksocklnd(O) lnet(O) libcfs(O)
00101 CPU: 2 UID: 0 PID: 2171 Comm: lctl Tainted: G        W  O        7.0.0-ktest-2b8c50a-6330a45-20260728-dirty #1 PREEMPT 
00101 Tainted: [W]=WARN, [O]=OOT_MODULE
00101 Hardware name: QEMU Standard PC (Q35 + ICH9, 2009), BIOS 2025.11-3ubuntu7 03/31/2026
00101 RIP: 0010:osd_create+0x9cf/0xcf0 [osd_wbcfs]
00101 Code: c7 c7 00 d6 7c a1 48 c7 c6 a0 52 7e a1 48 c7 c2 00 5c 7e a1 e8 82 dd 43 ff 48 c7 c7 00 d6 7c a1 e8 c6 6a 44 ff e9 fe fc ff ff <0f> 0b e9 a5 fa ff ff 48 c7 c1 80 44 5d a0 80 e1 07 80 c1 03 38 c1
00101 RSP: 0018:ffffc90001c87720 EFLAGS: 00010246
00101 RAX: 0000000000000000 RBX: ffff88813fb9c800 RCX: 0000000000000046
00101 RDX: 0000000000000000 RSI: ffff888139a73478 RDI: ffff888189a10998
00101 RBP: ffff888139a733e8 R08: ffffffff83a16803 R09: 1ffffffff0742d00
00101 R10: dffffc0000000000 R11: fffffbfff0742d01 R12: ffff8881485a8c00
00101 R13: dffffc0000000000 R14: 1ffff11027f73900 R15: 1ffff110290b518f
00101 FS:  00007f2506ab7940(0000) GS:ffff88831e52d000(0000) knlGS:0000000000000000
00101 CS:  0010 DS: 0000 ES: 0000 CR0: 0000000080050033
00101 CR2: 00007faaf50053e8 CR3: 0000000199666000 CR4: 0000000000750eb0
00101 PKRU: 55555554
00101 Call Trace:
00101  <TASK>
00101  ? local_object_create+0x109/0x640 [obdclass]
00101  ? dt_write_lock+0x16d/0x2a0 [obdclass]
00101  ? llog_osd_create+0x356/0x1140 [obdclass]
00101  ? llog_create+0x2ed/0x530 [obdclass]
00101  ? llog_open_create+0x5af/0xb10 [obdclass]
00101  ? llog_test_9_sub+0xd4/0x800 [llog_test]
00101  ? llog_test_9+0x4a4/0x960 [llog_test]
00101  ? llog_run_tests+0x3d64/0x5ac0 [llog_test]
00101  ? get_random_u32+0x51/0x470
00101  ? llog_test_device_init+0x503/0x840 [llog_test]
00101  ? obd_setup+0x559/0x960 [obdclass]
00101  ? class_setup+0xc7d/0x10e0 [obdclass]
00101  ? class_process_config+0x2edb/0x7cb0 [obdclass]
00101  ? class_handle_ioctl+0x2055/0x3590 [obdclass]
00101  ? obd_class_ioctl+0x1f6/0x3c0 [obdclass]
00101  ? __x64_sys_ioctl+0x961/0xe00
00101  ? _copy_to_user+0x3d/0x60
00101  ? __x64_sys_rt_sigaction+0x107/0x140
00101  ? do_syscall_64+0xc1/0x350
00101  ? entry_SYSCALL_64_after_hwframe+0x4b/0x53
00101  </TASK>
00101 ---[ end trace 0000000000000000 ]---
00101 Lustre: 2171:0:(llog_test.c:1475:llog_test_9()) 9d: test llog_changelog_user_rec2
00101 ------------[ cut here ]------------
00101 WARNING: /home/ktest/git/linux/include/linux/fs.h:889 at osd_create+0x9cf/0xcf0 [osd_wbcfs], CPU#2: lctl/2171
00101 Modules linked in: llog_test(O) mgs(O) osd_wbcfs(O) lustre(O) obdecho(O) mgc(O) mdc(O) lov(O) osc(O) lmv(O) ec(O) fid(O) fld(O) ptlrpc(O) efivarfs obdclass(O) ksocklnd(O) lnet(O) libcfs(O)
00101 CPU: 2 UID: 0 PID: 2171 Comm: lctl Tainted: G        W  O        7.0.0-ktest-2b8c50a-6330a45-20260728-dirty #1 PREEMPT 
00101 Tainted: [W]=WARN, [O]=OOT_MODULE
00101 Hardware name: QEMU Standard PC (Q35 + ICH9, 2009), BIOS 2025.11-3ubuntu7 03/31/2026
00101 RIP: 0010:osd_create+0x9cf/0xcf0 [osd_wbcfs]
00101 Code: c7 c7 00 d6 7c a1 48 c7 c6 a0 52 7e a1 48 c7 c2 00 5c 7e a1 e8 82 dd 43 ff 48 c7 c7 00 d6 7c a1 e8 c6 6a 44 ff e9 fe fc ff ff <0f> 0b e9 a5 fa ff ff 48 c7 c1 80 44 5d a0 80 e1 07 80 c1 03 38 c1
00101 RSP: 0018:ffffc90001c87720 EFLAGS: 00010246
00101 RAX: 0000000000000000 RBX: ffff88813fb9c000 RCX: 0000000000000046
00101 RDX: 0000000000000000 RSI: ffff888139a72d60 RDI: ffff888189a10998
00101 RBP: ffff888139a72cd0 R08: ffffffff83a16803 R09: 1ffffffff0742d00
00101 R10: dffffc0000000000 R11: fffffbfff0742d01 R12: ffff8881485a8c00
00101 R13: dffffc0000000000 R14: 1ffff11027f73800 R15: 1ffff110290b518f
00101 FS:  00007f2506ab7940(0000) GS:ffff88831e52d000(0000) knlGS:0000000000000000
00101 CS:  0010 DS: 0000 ES: 0000 CR0: 0000000080050033
00101 CR2: 00007faaf50053e8 CR3: 0000000199666000 CR4: 0000000000750eb0
00101 PKRU: 55555554
00101 Call Trace:
00101  <TASK>
00101  ? local_object_create+0x109/0x640 [obdclass]
00101  ? dt_write_lock+0x16d/0x2a0 [obdclass]
00101  ? llog_osd_create+0x356/0x1140 [obdclass]
00101  ? llog_create+0x2ed/0x530 [obdclass]
00101  ? llog_open_create+0x5af/0xb10 [obdclass]
00101  ? llog_test_9_sub+0xd4/0x800 [llog_test]
00101  ? llog_test_9+0x5d5/0x960 [llog_test]
00101  ? llog_run_tests+0x3d64/0x5ac0 [llog_test]
00101  ? get_random_u32+0x51/0x470
00101  ? llog_test_device_init+0x503/0x840 [llog_test]
00101  ? obd_setup+0x559/0x960 [obdclass]
00101  ? class_setup+0xc7d/0x10e0 [obdclass]
00101  ? class_process_config+0x2edb/0x7cb0 [obdclass]
00101  ? class_handle_ioctl+0x2055/0x3590 [obdclass]
00101  ? obd_class_ioctl+0x1f6/0x3c0 [obdclass]
00101  ? __x64_sys_ioctl+0x961/0xe00
00101  ? _copy_to_user+0x3d/0x60
00101  ? __x64_sys_rt_sigaction+0x107/0x140
00101  ? do_syscall_64+0xc1/0x350
00101  ? entry_SYSCALL_64_after_hwframe+0x4b/0x53
00101  </TASK>
00101 ---[ end trace 0000000000000000 ]---
00101 Lustre: 2171:0:(llog_test.c:1576:llog_test_10()) 10a: create a catalog log with name: ad427d27
00101 ------------[ cut here ]------------
00101 WARNING: /home/ktest/git/linux/include/linux/fs.h:889 at osd_create+0x9cf/0xcf0 [osd_wbcfs], CPU#2: lctl/2171
00101 Modules linked in: llog_test(O) mgs(O) osd_wbcfs(O) lustre(O) obdecho(O) mgc(O) mdc(O) lov(O) osc(O) lmv(O) ec(O) fid(O) fld(O) ptlrpc(O) efivarfs obdclass(O) ksocklnd(O) lnet(O) libcfs(O)
00101 CPU: 2 UID: 0 PID: 2171 Comm: lctl Tainted: G        W  O        7.0.0-ktest-2b8c50a-6330a45-20260728-dirty #1 PREEMPT 
00101 Tainted: [W]=WARN, [O]=OOT_MODULE
00101 Hardware name: QEMU Standard PC (Q35 + ICH9, 2009), BIOS 2025.11-3ubuntu7 03/31/2026
00101 RIP: 0010:osd_create+0x9cf/0xcf0 [osd_wbcfs]
00101 Code: c7 c7 00 d6 7c a1 48 c7 c6 a0 52 7e a1 48 c7 c2 00 5c 7e a1 e8 82 dd 43 ff 48 c7 c7 00 d6 7c a1 e8 c6 6a 44 ff e9 fe fc ff ff <0f> 0b e9 a5 fa ff ff 48 c7 c1 80 44 5d a0 80 e1 07 80 c1 03 38 c1
00101 RSP: 0018:ffffc90001c875d8 EFLAGS: 00010246
00101 RAX: 0000000000000000 RBX: ffff88813fb9b800 RCX: 0000000000000046
00101 RDX: 0000000000000000 RSI: ffff888139a72648 RDI: ffff888189a10998
00101 RBP: ffff888139a725b8 R08: ffffffff83a16803 R09: 1ffffffff0742d00
00101 R10: dffffc0000000000 R11: fffffbfff0742d01 R12: ffff8881485a8c00
00101 R13: dffffc0000000000 R14: 1ffff11027f73700 R15: 1ffff110290b518f
00101 FS:  00007f2506ab7940(0000) GS:ffff88831e52d000(0000) knlGS:0000000000000000
00101 CS:  0010 DS: 0000 ES: 0000 CR0: 0000000080050033
00101 CR2: 00007faaf50053e8 CR3: 0000000199666000 CR4: 0000000000750eb0
00101 PKRU: 55555554
00101 Call Trace:
00101  <TASK>
00101  ? local_object_create+0x109/0x640 [obdclass]
00101  ? dt_write_lock+0x16d/0x2a0 [obdclass]
00101  ? llog_osd_create+0x356/0x1140 [obdclass]
00101  ? llog_create+0x2ed/0x530 [obdclass]
00101  ? llog_open_create+0x5af/0xb10 [obdclass]
00101  ? llog_test_10+0x2e1/0x5600 [llog_test]
00101  ? lu_object_put+0xa64/0x1210 [obdclass]
00101  ? do_raw_spin_unlock+0x52/0x230
00101  ? _raw_spin_unlock+0x23/0x40
00101  ? __llog_ctxt_put+0x1c4/0x2f0 [obdclass]
00101  ? llog_run_tests+0x3f45/0x5ac0 [llog_test]
00101  ? get_random_u32+0x51/0x470
00101  ? llog_test_device_init+0x503/0x840 [llog_test]
00101  ? obd_setup+0x559/0x960 [obdclass]
00101  ? class_setup+0xc7d/0x10e0 [obdclass]
00101  ? class_process_config+0x2edb/0x7cb0 [obdclass]
00101  ? class_handle_ioctl+0x2055/0x3590 [obdclass]
00101  ? obd_class_ioctl+0x1f6/0x3c0 [obdclass]
00101  ? __x64_sys_ioctl+0x961/0xe00
00101  ? _copy_to_user+0x3d/0x60
00101  ? __x64_sys_rt_sigaction+0x107/0x140
00101  ? do_syscall_64+0xc1/0x350
00101  ? entry_SYSCALL_64_after_hwframe+0x4b/0x53
00101  </TASK>
00101 ---[ end trace 0000000000000000 ]---
00101 Lustre: 2171:0:(llog_test.c:1608:llog_test_10()) 10b: write 64767 log records
00101 ------------[ cut here ]------------
00101 WARNING: /home/ktest/git/linux/include/linux/fs.h:889 at osd_create+0x9cf/0xcf0 [osd_wbcfs], CPU#2: lctl/2171
00101 Modules linked in: llog_test(O) mgs(O) osd_wbcfs(O) lustre(O) obdecho(O) mgc(O) mdc(O) lov(O) osc(O) lmv(O) ec(O) fid(O) fld(O) ptlrpc(O) efivarfs obdclass(O) ksocklnd(O) lnet(O) libcfs(O)
00101 CPU: 2 UID: 0 PID: 2171 Comm: lctl Tainted: G        W  O        7.0.0-ktest-2b8c50a-6330a45-20260728-dirty #1 PREEMPT 
00101 Tainted: [W]=WARN, [O]=OOT_MODULE
00101 Hardware name: QEMU Standard PC (Q35 + ICH9, 2009), BIOS 2025.11-3ubuntu7 03/31/2026
00101 RIP: 0010:osd_create+0x9cf/0xcf0 [osd_wbcfs]
00101 Code: c7 c7 00 d6 7c a1 48 c7 c6 a0 52 7e a1 48 c7 c2 00 5c 7e a1 e8 82 dd 43 ff 48 c7 c7 00 d6 7c a1 e8 c6 6a 44 ff e9 fe fc ff ff <0f> 0b e9 a5 fa ff ff 48 c7 c1 80 44 5d a0 80 e1 07 80 c1 03 38 c1
00101 RSP: 0018:ffffc90001c87478 EFLAGS: 00010246
00101 RAX: 0000000000000000 RBX: ffff888191d99000 RCX: 0000000000000046
00101 RDX: 0000000000000000 RSI: ffff888139a71f30 RDI: ffff888189a109c0
00101 RBP: ffff888139a71ea0 R08: ffffffff83a16803 R09: 1ffffffff0742d00
00101 R10: dffffc0000000000 R11: fffffbfff0742d01 R12: ffff8881485a8c00
00101 R13: dffffc0000000000 R14: 1ffff110323b3200 R15: 1ffff110290b518f
00101 FS:  00007f2506ab7940(0000) GS:ffff88831e52d000(0000) knlGS:0000000000000000
00101 CS:  0010 DS: 0000 ES: 0000 CR0: 0000000080050033
00101 CR2: 00007faaf50053e8 CR3: 0000000199666000 CR4: 0000000000750eb0
00101 PKRU: 55555554
00101 Call Trace:
00101  <TASK>
00101  ? local_object_create+0x109/0x640 [obdclass]
00101  ? dt_write_lock+0x16d/0x2a0 [obdclass]
00101  ? llog_osd_create+0x356/0x1140 [obdclass]
00101  ? llog_create+0x2ed/0x530 [obdclass]
00101  ? llog_cat_new_log+0x6c3/0x2bf0 [obdclass]
00101  ? llog_cat_add_rec+0x6ba/0x1960 [obdclass]
00101  ? llog_cat_add+0x451/0x890 [obdclass]
00101  ? llog_test_10+0x91d/0x5600 [llog_test]
00101  ? lu_object_put+0xa64/0x1210 [obdclass]
00101  ? do_raw_spin_unlock+0x52/0x230
00101  ? _raw_spin_unlock+0x23/0x40
00101  ? __llog_ctxt_put+0x1c4/0x2f0 [obdclass]
00101  ? llog_run_tests+0x3f45/0x5ac0 [llog_test]
00101  ? get_random_u32+0x51/0x470
00101  ? llog_test_device_init+0x503/0x840 [llog_test]
00101  ? obd_setup+0x559/0x960 [obdclass]
00101  ? class_setup+0xc7d/0x10e0 [obdclass]
00101  ? class_process_config+0x2edb/0x7cb0 [obdclass]
00101  ? class_handle_ioctl+0x2055/0x3590 [obdclass]
00101  ? obd_class_ioctl+0x1f6/0x3c0 [obdclass]
00101  ? __x64_sys_ioctl+0x961/0xe00
00101  ? _copy_to_user+0x3d/0x60
00101  ? __x64_sys_rt_sigaction+0x107/0x140
00101  ? do_syscall_64+0xc1/0x350
00101  ? entry_SYSCALL_64_after_hwframe+0x4b/0x53
00101  </TASK>
00101 ---[ end trace 0000000000000000 ]---
00105 ------------[ cut here ]------------
00105 WARNING: /home/ktest/git/linux/include/linux/fs.h:889 at osd_create+0x9cf/0xcf0 [osd_wbcfs], CPU#2: lctl/2171
00105 Modules linked in: llog_test(O) mgs(O) osd_wbcfs(O) lustre(O) obdecho(O) mgc(O) mdc(O) lov(O) osc(O) lmv(O) ec(O) fid(O) fld(O) ptlrpc(O) efivarfs obdclass(O) ksocklnd(O) lnet(O) libcfs(O)
00105 CPU: 2 UID: 0 PID: 2171 Comm: lctl Tainted: G        W  O        7.0.0-ktest-2b8c50a-6330a45-20260728-dirty #1 PREEMPT 
00105 Tainted: [W]=WARN, [O]=OOT_MODULE
00105 Hardware name: QEMU Standard PC (Q35 + ICH9, 2009), BIOS 2025.11-3ubuntu7 03/31/2026
00105 RIP: 0010:osd_create+0x9cf/0xcf0 [osd_wbcfs]
00105 Code: c7 c7 00 d6 7c a1 48 c7 c6 a0 52 7e a1 48 c7 c2 00 5c 7e a1 e8 82 dd 43 ff 48 c7 c7 00 d6 7c a1 e8 c6 6a 44 ff e9 fe fc ff ff <0f> 0b e9 a5 fa ff ff 48 c7 c1 80 44 5d a0 80 e1 07 80 c1 03 38 c1
00105 RSP: 0018:ffffc90001c87478 EFLAGS: 00010246
00105 RAX: 0000000000000000 RBX: ffff888191d98800 RCX: 0000000000000046
00105 RDX: 0000000000000000 RSI: ffff888139a71818 RDI: ffff888189a109c0
00105 RBP: ffff888139a71788 R08: ffffffff83a16803 R09: 1ffffffff0742d00
00105 R10: dffffc0000000000 R11: fffffbfff0742d01 R12: ffff8881485a8c00
00105 R13: dffffc0000000000 R14: 1ffff110323b3100 R15: 1ffff110290b518f
00105 FS:  00007f2506ab7940(0000) GS:ffff88831e52d000(0000) knlGS:0000000000000000
00105 CS:  0010 DS: 0000 ES: 0000 CR0: 0000000080050033
00105 CR2: 00007faaf50053e8 CR3: 0000000199666000 CR4: 0000000000750eb0
00105 PKRU: 55555554
00105 Call Trace:
00105  <TASK>
00105  ? local_object_create+0x109/0x640 [obdclass]
00105  ? dt_write_lock+0x16d/0x2a0 [obdclass]
00105  ? llog_osd_create+0x356/0x1140 [obdclass]
00105  ? llog_create+0x2ed/0x530 [obdclass]
00105  ? llog_cat_new_log+0x6c3/0x2bf0 [obdclass]
00105  ? llog_cat_add_rec+0x6ba/0x1960 [obdclass]
00105  ? llog_cat_add+0x451/0x890 [obdclass]
00105  ? llog_test_10+0x91d/0x5600 [llog_test]
00105  ? lu_object_put+0xa64/0x1210 [obdclass]
00105  ? do_raw_spin_unlock+0x52/0x230
00105  ? _raw_spin_unlock+0x23/0x40
00105  ? __llog_ctxt_put+0x1c4/0x2f0 [obdclass]
00105  ? llog_run_tests+0x3f45/0x5ac0 [llog_test]
00105  ? get_random_u32+0x51/0x470
00105  ? llog_test_device_init+0x503/0x840 [llog_test]
00105  ? obd_setup+0x559/0x960 [obdclass]
00105  ? class_setup+0xc7d/0x10e0 [obdclass]
00105  ? class_process_config+0x2edb/0x7cb0 [obdclass]
00105  ? class_handle_ioctl+0x2055/0x3590 [obdclass]
00105  ? obd_class_ioctl+0x1f6/0x3c0 [obdclass]
00105  ? __x64_sys_ioctl+0x961/0xe00
00105  ? _copy_to_user+0x3d/0x60
00105  ? __x64_sys_rt_sigaction+0x107/0x140
00105  ? do_syscall_64+0xc1/0x350
00105  ? entry_SYSCALL_64_after_hwframe+0x4b/0x53
00105  </TASK>
00105 ---[ end trace 0000000000000000 ]---
00105 Lustre: 2171:0:(llog_test.c:1634:llog_test_10()) 10c: write 129534 more log records
00109 ------------[ cut here ]------------
00109 WARNING: /home/ktest/git/linux/include/linux/fs.h:889 at osd_create+0x9cf/0xcf0 [osd_wbcfs], CPU#2: lctl/2171
00109 Modules linked in: llog_test(O) mgs(O) osd_wbcfs(O) lustre(O) obdecho(O) mgc(O) mdc(O) lov(O) osc(O) lmv(O) ec(O) fid(O) fld(O) ptlrpc(O) efivarfs obdclass(O) ksocklnd(O) lnet(O) libcfs(O)
00109 CPU: 2 UID: 0 PID: 2171 Comm: lctl Tainted: G        W  O        7.0.0-ktest-2b8c50a-6330a45-20260728-dirty #1 PREEMPT 
00109 Tainted: [W]=WARN, [O]=OOT_MODULE
00109 Hardware name: QEMU Standard PC (Q35 + ICH9, 2009), BIOS 2025.11-3ubuntu7 03/31/2026
00109 RIP: 0010:osd_create+0x9cf/0xcf0 [osd_wbcfs]
00109 Code: c7 c7 00 d6 7c a1 48 c7 c6 a0 52 7e a1 48 c7 c2 00 5c 7e a1 e8 82 dd 43 ff 48 c7 c7 00 d6 7c a1 e8 c6 6a 44 ff e9 fe fc ff ff <0f> 0b e9 a5 fa ff ff 48 c7 c1 80 44 5d a0 80 e1 07 80 c1 03 38 c1
00109 RSP: 0018:ffffc90001c87478 EFLAGS: 00010246
00109 RAX: 0000000000000000 RBX: ffff88811faf5400 RCX: 0000000000000046
00109 RDX: 0000000000000000 RSI: ffff888139a71100 RDI: ffff888189a109c0
00109 RBP: ffff888139a71070 R08: ffffffff83a16803 R09: 1ffffffff0742d00
00109 R10: dffffc0000000000 R11: fffffbfff0742d01 R12: ffff8881485a8c00
00109 R13: dffffc0000000000 R14: 1ffff11023f5ea80 R15: 1ffff110290b518f
00109 FS:  00007f2506ab7940(0000) GS:ffff88831e52d000(0000) knlGS:0000000000000000
00109 CS:  0010 DS: 0000 ES: 0000 CR0: 0000000080050033
00109 CR2: 00007faaf50053e8 CR3: 0000000199666000 CR4: 0000000000750eb0
00109 PKRU: 55555554
00109 Call Trace:
00109  <TASK>
00109  ? local_object_create+0x109/0x640 [obdclass]
00109  ? dt_write_lock+0x16d/0x2a0 [obdclass]
00109  ? llog_osd_create+0x356/0x1140 [obdclass]
00109  ? llog_create+0x2ed/0x530 [obdclass]
00109  ? llog_cat_new_log+0x6c3/0x2bf0 [obdclass]
00109  ? llog_cat_add_rec+0x6ba/0x1960 [obdclass]
00109  ? llog_cat_add+0x451/0x890 [obdclass]
00109  ? llog_test_10+0xbd3/0x5600 [llog_test]
00109  ? lu_object_put+0xa64/0x1210 [obdclass]
00109  ? do_raw_spin_unlock+0x52/0x230
00109  ? _raw_spin_unlock+0x23/0x40
00109  ? __llog_ctxt_put+0x1c4/0x2f0 [obdclass]
00109  ? llog_run_tests+0x3f45/0x5ac0 [llog_test]
00109  ? get_random_u32+0x51/0x470
00109  ? llog_test_device_init+0x503/0x840 [llog_test]
00109  ? obd_setup+0x559/0x960 [obdclass]
00109  ? class_setup+0xc7d/0x10e0 [obdclass]
00109  ? class_process_config+0x2edb/0x7cb0 [obdclass]
00109  ? class_handle_ioctl+0x2055/0x3590 [obdclass]
00109  ? obd_class_ioctl+0x1f6/0x3c0 [obdclass]
00109  ? __x64_sys_ioctl+0x961/0xe00
00109  ? _copy_to_user+0x3d/0x60
00109  ? __x64_sys_rt_sigaction+0x107/0x140
00109  ? do_syscall_64+0xc1/0x350
00109  ? entry_SYSCALL_64_after_hwframe+0x4b/0x53
00109  </TASK>
00109 ---[ end trace 0000000000000000 ]---
00112 ------------[ cut here ]------------
00112 WARNING: /home/ktest/git/linux/include/linux/fs.h:889 at osd_create+0x9cf/0xcf0 [osd_wbcfs], CPU#2: lctl/2171
00112 Modules linked in: llog_test(O) mgs(O) osd_wbcfs(O) lustre(O) obdecho(O) mgc(O) mdc(O) lov(O) osc(O) lmv(O) ec(O) fid(O) fld(O) ptlrpc(O) efivarfs obdclass(O) ksocklnd(O) lnet(O) libcfs(O)
00112 CPU: 2 UID: 0 PID: 2171 Comm: lctl Tainted: G        W  O        7.0.0-ktest-2b8c50a-6330a45-20260728-dirty #1 PREEMPT 
00112 Tainted: [W]=WARN, [O]=OOT_MODULE
00112 Hardware name: QEMU Standard PC (Q35 + ICH9, 2009), BIOS 2025.11-3ubuntu7 03/31/2026
00112 RIP: 0010:osd_create+0x9cf/0xcf0 [osd_wbcfs]
00112 Code: c7 c7 00 d6 7c a1 48 c7 c6 a0 52 7e a1 48 c7 c2 00 5c 7e a1 e8 82 dd 43 ff 48 c7 c7 00 d6 7c a1 e8 c6 6a 44 ff e9 fe fc ff ff <0f> 0b e9 a5 fa ff ff 48 c7 c1 80 44 5d a0 80 e1 07 80 c1 03 38 c1
00112 RSP: 0018:ffffc90001c87478 EFLAGS: 00010246
00112 RAX: 0000000000000000 RBX: ffff88818b288400 RCX: 0000000000000046
00112 RDX: 0000000000000000 RSI: ffff888139a709e8 RDI: ffff888189a109c0
00112 RBP: ffff888139a70958 R08: ffffffff83a16803 R09: 1ffffffff0742d00
00112 R10: dffffc0000000000 R11: fffffbfff0742d01 R12: ffff8881485a8c00
00112 R13: dffffc0000000000 R14: 1ffff11031651080 R15: 1ffff110290b518f
00112 FS:  00007f2506ab7940(0000) GS:ffff88831e52d000(0000) knlGS:0000000000000000
00112 CS:  0010 DS: 0000 ES: 0000 CR0: 0000000080050033
00112 CR2: 00007faaf50053e8 CR3: 0000000199666000 CR4: 0000000000750eb0
00112 PKRU: 55555554
00112 Call Trace:
00112  <TASK>
00112  ? local_object_create+0x109/0x640 [obdclass]
00112  ? dt_write_lock+0x16d/0x2a0 [obdclass]
00112  ? llog_osd_create+0x356/0x1140 [obdclass]
00112  ? llog_create+0x2ed/0x530 [obdclass]
00112  ? llog_cat_new_log+0x6c3/0x2bf0 [obdclass]
00112  ? llog_cat_add_rec+0x6ba/0x1960 [obdclass]
00112  ? llog_cat_add+0x451/0x890 [obdclass]
00112  ? llog_test_10+0xbd3/0x5600 [llog_test]
00112  ? lu_object_put+0xa64/0x1210 [obdclass]
00112  ? do_raw_spin_unlock+0x52/0x230
00112  ? _raw_spin_unlock+0x23/0x40
00112  ? __llog_ctxt_put+0x1c4/0x2f0 [obdclass]
00112  ? llog_run_tests+0x3f45/0x5ac0 [llog_test]
00112  ? get_random_u32+0x51/0x470
00112  ? llog_test_device_init+0x503/0x840 [llog_test]
00112  ? obd_setup+0x559/0x960 [obdclass]
00112  ? class_setup+0xc7d/0x10e0 [obdclass]
00112  ? class_process_config+0x2edb/0x7cb0 [obdclass]
00112  ? class_handle_ioctl+0x2055/0x3590 [obdclass]
00112  ? obd_class_ioctl+0x1f6/0x3c0 [obdclass]
00112  ? __x64_sys_ioctl+0x961/0xe00
00112  ? _copy_to_user+0x3d/0x60
00112  ? __x64_sys_rt_sigaction+0x107/0x140
00112  ? do_syscall_64+0xc1/0x350
00112  ? entry_SYSCALL_64_after_hwframe+0x4b/0x53
00112  </TASK>
00112 ---[ end trace 0000000000000000 ]---
00112 Lustre: 2171:0:(llog_test.c:1666:llog_test_10()) 10c: write 64767 more log records
00116 Lustre: 2171:0:(llog_cat.c:80:llog_cat_new_log()) MGS: there are no more free slots in catalog ad427d27
00116 LustreError: 2171:0:(llog_cat.c:593:llog_cat_add_rec()) MGS: initialization error: rc = -28
00116 Lustre: 2171:0:(llog_test.c:1692:llog_test_10()) 10c: wrote 64011 records then 756 failed with ENOSPC
00116 Lustre: 2171:0:(llog_test.c:1711:llog_test_10()) 10d: Cancel 64767 records, see one log zapped
00119 Lustre: 2171:0:(llog_test.c:1725:llog_test_10()) 10d: print the catalog entries.. we expect 3
00119 Lustre: 2192:0:(llog_test.c:700:cat_print_cb()) seeing record at index 2 - [0x1:0x19:0x0] in log [0xa:0x5:0x0]
00119 Lustre: 2171:0:(llog_test.c:1755:llog_test_10()) 10e: write 64767 more log records
00119 ------------[ cut here ]------------
00119 WARNING: /home/ktest/git/linux/include/linux/fs.h:889 at osd_create+0x9cf/0xcf0 [osd_wbcfs], CPU#2: lctl/2171
00119 Modules linked in: llog_test(O) mgs(O) osd_wbcfs(O) lustre(O) obdecho(O) mgc(O) mdc(O) lov(O) osc(O) lmv(O) ec(O) fid(O) fld(O) ptlrpc(O) efivarfs obdclass(O) ksocklnd(O) lnet(O) libcfs(O)
00119 CPU: 2 UID: 0 PID: 2171 Comm: lctl Tainted: G        W  O        7.0.0-ktest-2b8c50a-6330a45-20260728-dirty #1 PREEMPT 
00119 Tainted: [W]=WARN, [O]=OOT_MODULE
00119 Hardware name: QEMU Standard PC (Q35 + ICH9, 2009), BIOS 2025.11-3ubuntu7 03/31/2026
00119 RIP: 0010:osd_create+0x9cf/0xcf0 [osd_wbcfs]
00119 Code: c7 c7 00 d6 7c a1 48 c7 c6 a0 52 7e a1 48 c7 c2 00 5c 7e a1 e8 82 dd 43 ff 48 c7 c7 00 d6 7c a1 e8 c6 6a 44 ff e9 fe fc ff ff <0f> 0b e9 a5 fa ff ff 48 c7 c1 80 44 5d a0 80 e1 07 80 c1 03 38 c1
00119 RSP: 0018:ffffc90001c87478 EFLAGS: 00010246
00119 RAX: 0000000000000000 RBX: ffff888107a2dc00 RCX: 0000000000000046
00119 RDX: 0000000000000000 RSI: ffff888139a702d0 RDI: ffff888189a109c0
00119 RBP: ffff888139a70240 R08: ffffffff83a16803 R09: 1ffffffff0742d00
00119 R10: dffffc0000000000 R11: fffffbfff0742d01 R12: ffff8881485a8c00
00119 R13: dffffc0000000000 R14: 1ffff11020f45b80 R15: 1ffff110290b518f
00119 FS:  00007f2506ab7940(0000) GS:ffff88831e52d000(0000) knlGS:0000000000000000
00119 CS:  0010 DS: 0000 ES: 0000 CR0: 0000000080050033
00119 CR2: 00007faaf50053e8 CR3: 0000000199666000 CR4: 0000000000750eb0
00119 PKRU: 55555554
00119 Call Trace:
00119  <TASK>
00119  ? local_object_create+0x109/0x640 [obdclass]
00119  ? dt_write_lock+0x16d/0x2a0 [obdclass]
00119  ? llog_osd_create+0x356/0x1140 [obdclass]
00119  ? llog_create+0x2ed/0x530 [obdclass]
00119  ? llog_cat_new_log+0x6c3/0x2bf0 [obdclass]
00119  ? llog_cat_add_rec+0x6ba/0x1960 [obdclass]
00119  ? llog_cat_add+0x451/0x890 [obdclass]
00119  ? llog_test_10+0x19aa/0x5600 [llog_test]
00119  ? lu_object_put+0xa64/0x1210 [obdclass]
00119  ? do_raw_spin_unlock+0x52/0x230
00119  ? _raw_spin_unlock+0x23/0x40
00119  ? __llog_ctxt_put+0x1c4/0x2f0 [obdclass]
00119  ? llog_run_tests+0x3f45/0x5ac0 [llog_test]
00119  ? get_random_u32+0x51/0x470
00119  ? llog_test_device_init+0x503/0x840 [llog_test]
00119  ? obd_setup+0x559/0x960 [obdclass]
00119  ? class_setup+0xc7d/0x10e0 [obdclass]
00119  ? class_process_config+0x2edb/0x7cb0 [obdclass]
00119  ? class_handle_ioctl+0x2055/0x3590 [obdclass]
00119  ? obd_class_ioctl+0x1f6/0x3c0 [obdclass]
00119  ? __x64_sys_ioctl+0x961/0xe00
00119  ? _copy_to_user+0x3d/0x60
00119  ? __x64_sys_rt_sigaction+0x107/0x140
00119  ? do_syscall_64+0xc1/0x350
00119  ? entry_SYSCALL_64_after_hwframe+0x4b/0x53
00119  </TASK>
00119 ---[ end trace 0000000000000000 ]---
00122 Lustre: 2171:0:(llog_cat.c:80:llog_cat_new_log()) MGS: there are no more free slots in catalog ad427d27
00122 Lustre: 2171:0:(llog_cat.c:80:llog_cat_new_log()) Skipped 755 previous similar messages
00122 LustreError: 2171:0:(llog_cat.c:593:llog_cat_add_rec()) MGS: initialization error: rc = -28
00122 LustreError: 2171:0:(llog_cat.c:593:llog_cat_add_rec()) Skipped 755 previous similar messages
00122 Lustre: 2171:0:(llog_test.c:1781:llog_test_10()) 10e: wrote 64578 records then 189 failed with ENOSPC
00122 Lustre: 2171:0:(llog_test.c:1783:llog_test_10()) 10e: print the catalog entries.. we expect 4
00122 Lustre: 2171:0:(llog_cat.c:984:llog_cat_process_or_fork()) MGS: catlog [0xa:0x5:0x0] crosses index zero
00122 Lustre: 2171:0:(llog_test.c:700:cat_print_cb()) seeing record at index 2 - [0x1:0x19:0x0] in log [0xa:0x5:0x0]
00122 Lustre: 2171:0:(llog_test.c:700:cat_print_cb()) Skipped 2 previous similar messages
00122 Lustre: 2171:0:(llog_test.c:1819:llog_test_10()) 10e: catalog successfully wrap around, last_idx 1, first 1
00122 Lustre: 2171:0:(llog_test.c:1836:llog_test_10()) 10f: Cancel 64767 records, see one log zapped
00125 Lustre: 2171:0:(llog_test.c:1850:llog_test_10()) 10f: print the catalog entries.. we expect 3
00125 Lustre: 2171:0:(llog_cat.c:984:llog_cat_process_or_fork()) MGS: catlog [0xa:0x5:0x0] crosses index zero
00125 Lustre: 2171:0:(llog_cat.c:984:llog_cat_process_or_fork()) Skipped 1 previous similar message
00125 Lustre: 2171:0:(llog_test.c:1881:llog_test_10()) 10f: write 64767 more log records
00125 ------------[ cut here ]------------
00125 WARNING: /home/ktest/git/linux/include/linux/fs.h:889 at osd_create+0x9cf/0xcf0 [osd_wbcfs], CPU#2: lctl/2171
00125 Modules linked in: llog_test(O) mgs(O) osd_wbcfs(O) lustre(O) obdecho(O) mgc(O) mdc(O) lov(O) osc(O) lmv(O) ec(O) fid(O) fld(O) ptlrpc(O) efivarfs obdclass(O) ksocklnd(O) lnet(O) libcfs(O)
00125 CPU: 2 UID: 0 PID: 2171 Comm: lctl Tainted: G        W  O        7.0.0-ktest-2b8c50a-6330a45-20260728-dirty #1 PREEMPT 
00125 Tainted: [W]=WARN, [O]=OOT_MODULE
00125 Hardware name: QEMU Standard PC (Q35 + ICH9, 2009), BIOS 2025.11-3ubuntu7 03/31/2026
00125 RIP: 0010:osd_create+0x9cf/0xcf0 [osd_wbcfs]
00125 Code: c7 c7 00 d6 7c a1 48 c7 c6 a0 52 7e a1 48 c7 c2 00 5c 7e a1 e8 82 dd 43 ff 48 c7 c7 00 d6 7c a1 e8 c6 6a 44 ff e9 fe fc ff ff <0f> 0b e9 a5 fa ff ff 48 c7 c1 80 44 5d a0 80 e1 07 80 c1 03 38 c1
00125 RSP: 0018:ffffc90001c87478 EFLAGS: 00010246
00125 RAX: 0000000000000000 RBX: ffff88818b990400 RCX: 0000000000000046
00125 RDX: 0000000000000000 RSI: ffff88800670a648 RDI: ffff888189a109c0
00125 RBP: ffff88800670a5b8 R08: ffffffff83a16803 R09: 1ffffffff0742d00
00125 R10: dffffc0000000000 R11: fffffbfff0742d01 R12: ffff8881485a8c00
00125 R13: dffffc0000000000 R14: 1ffff11031732080 R15: 1ffff110290b518f
00125 FS:  00007f2506ab7940(0000) GS:ffff88831e52d000(0000) knlGS:0000000000000000
00125 CS:  0010 DS: 0000 ES: 0000 CR0: 0000000080050033
00125 CR2: 00007faaf50053e8 CR3: 0000000199666000 CR4: 0000000000750eb0
00125 PKRU: 55555554
00125 Call Trace:
00125  <TASK>
00125  ? local_object_create+0x109/0x640 [obdclass]
00125  ? dt_write_lock+0x16d/0x2a0 [obdclass]
00125  ? llog_osd_create+0x356/0x1140 [obdclass]
00125  ? llog_create+0x2ed/0x530 [obdclass]
00125  ? llog_cat_new_log+0x6c3/0x2bf0 [obdclass]
00125  ? llog_cat_add_rec+0x6ba/0x1960 [obdclass]
00125  ? llog_cat_add+0x451/0x890 [obdclass]
00125  ? llog_test_10+0x2c5e/0x5600 [llog_test]
00125  ? lu_object_put+0xa64/0x1210 [obdclass]
00125  ? do_raw_spin_unlock+0x52/0x230
00125  ? _raw_spin_unlock+0x23/0x40
00125  ? __llog_ctxt_put+0x1c4/0x2f0 [obdclass]
00125  ? llog_run_tests+0x3f45/0x5ac0 [llog_test]
00125  ? get_random_u32+0x51/0x470
00125  ? llog_test_device_init+0x503/0x840 [llog_test]
00125  ? obd_setup+0x559/0x960 [obdclass]
00125  ? class_setup+0xc7d/0x10e0 [obdclass]
00125  ? class_process_config+0x2edb/0x7cb0 [obdclass]
00125  ? class_handle_ioctl+0x2055/0x3590 [obdclass]
00125  ? obd_class_ioctl+0x1f6/0x3c0 [obdclass]
00125  ? __x64_sys_ioctl+0x961/0xe00
00125  ? _copy_to_user+0x3d/0x60
00125  ? __x64_sys_rt_sigaction+0x107/0x140
00125  ? do_syscall_64+0xc1/0x350
00125  ? entry_SYSCALL_64_after_hwframe+0x4b/0x53
00125  </TASK>
00125 ---[ end trace 0000000000000000 ]---
00129 Lustre: 2171:0:(llog_cat.c:80:llog_cat_new_log()) MGS: there are no more free slots in catalog ad427d27
00129 Lustre: 2171:0:(llog_cat.c:80:llog_cat_new_log()) Skipped 188 previous similar messages
00129 LustreError: 2171:0:(llog_cat.c:593:llog_cat_add_rec()) MGS: initialization error: rc = -28
00129 LustreError: 2171:0:(llog_cat.c:593:llog_cat_add_rec()) Skipped 188 previous similar messages
00129 Lustre: 2171:0:(llog_test.c:1907:llog_test_10()) 10f: wrote 64578 records then 189 failed with ENOSPC
00129 Lustre: 2171:0:(llog_test.c:1953:llog_test_10()) 10g: Cancel 64767 records, see one log zapped
00129 Lustre: 2171:0:(llog_cat.c:984:llog_cat_process_or_fork()) MGS: catlog [0xa:0x5:0x0] crosses index zero
00131 Lustre: 2171:0:(llog_test.c:1965:llog_test_10()) 10g: print the catalog entries.. we expect 3
00131 Lustre: 2171:0:(llog_cat.c:984:llog_cat_process_or_fork()) MGS: catlog [0xa:0x5:0x0] crosses index zero
00131 Lustre: 2171:0:(llog_test.c:700:cat_print_cb()) seeing record at index 4 - [0x1:0x1b:0x0] in log [0xa:0x5:0x0]
00131 Lustre: 2171:0:(llog_test.c:700:cat_print_cb()) Skipped 6 previous similar messages
00131 Lustre: 2171:0:(llog_test.c:1995:llog_test_10()) 10g: Cancel 64767 records, see one log zapped
00134 Lustre: 2171:0:(llog_test.c:2009:llog_test_10()) 10g: print the catalog entries.. we expect 2
00134 Lustre: 2171:0:(llog_test.c:2047:llog_test_10()) 10g: Cancel 64767 records, see one log zapped
00137 Lustre: 2171:0:(llog_test.c:2061:llog_test_10()) 10g: print the catalog entries.. we expect 1
00137 Lustre: 2171:0:(llog_test.c:2087:llog_test_10()) 10g: llh_cat_idx has also successfully wrapped!
00137 Lustre: 2204:0:(llog_test.c:1535:cat_check_old_cb()) seeing record at index 2 - [0x1:0x1d:0x0] in log [0xa:0x5:0x0]
00137 Lustre: 2171:0:(llog_test.c:2111:llog_test_10()) 10h: write 64767 more log records
00137 ------------[ cut here ]------------
00137 WARNING: /home/ktest/git/linux/include/linux/fs.h:889 at osd_create+0x9cf/0xcf0 [osd_wbcfs], CPU#2: lctl/2171
00137 Modules linked in: llog_test(O) mgs(O) osd_wbcfs(O) lustre(O) obdecho(O) mgc(O) mdc(O) lov(O) osc(O) lmv(O) ec(O) fid(O) fld(O) ptlrpc(O) efivarfs obdclass(O) ksocklnd(O) lnet(O) libcfs(O)
00137 CPU: 2 UID: 0 PID: 2171 Comm: lctl Tainted: G        W  O        7.0.0-ktest-2b8c50a-6330a45-20260728-dirty #1 PREEMPT 
00137 Tainted: [W]=WARN, [O]=OOT_MODULE
00137 Hardware name: QEMU Standard PC (Q35 + ICH9, 2009), BIOS 2025.11-3ubuntu7 03/31/2026
00137 RIP: 0010:osd_create+0x9cf/0xcf0 [osd_wbcfs]
00137 Code: c7 c7 00 d6 7c a1 48 c7 c6 a0 52 7e a1 48 c7 c2 00 5c 7e a1 e8 82 dd 43 ff 48 c7 c7 00 d6 7c a1 e8 c6 6a 44 ff e9 fe fc ff ff <0f> 0b e9 a5 fa ff ff 48 c7 c1 80 44 5d a0 80 e1 07 80 c1 03 38 c1
00137 RSP: 0018:ffffc90001c87478 EFLAGS: 00010246
00137 RAX: 0000000000000000 RBX: ffff888074ef0400 RCX: 0000000000000046
00137 RDX: 0000000000000000 RSI: ffff888006709f30 RDI: ffff888189a109c0
00137 RBP: ffff888006709ea0 R08: ffffffff83a16803 R09: 1ffffffff0742d00
00137 R10: dffffc0000000000 R11: fffffbfff0742d01 R12: ffff8881485a8c00
00137 R13: dffffc0000000000 R14: 1ffff1100e9de080 R15: 1ffff110290b518f
00137 FS:  00007f2506ab7940(0000) GS:ffff88831e52d000(0000) knlGS:0000000000000000
00137 CS:  0010 DS: 0000 ES: 0000 CR0: 0000000080050033
00137 CR2: 00007faaf50053e8 CR3: 0000000199666000 CR4: 0000000000750eb0
00137 PKRU: 55555554
00137 Call Trace:
00137  <TASK>
00137  ? local_object_create+0x109/0x640 [obdclass]
00137  ? dt_write_lock+0x16d/0x2a0 [obdclass]
00137  ? llog_osd_create+0x356/0x1140 [obdclass]
00137  ? llog_create+0x2ed/0x530 [obdclass]
00137  ? llog_cat_new_log+0x6c3/0x2bf0 [obdclass]
00137  ? llog_cat_add_rec+0x6ba/0x1960 [obdclass]
00137  ? llog_cat_add+0x451/0x890 [obdclass]
00137  ? llog_test_10+0x50f8/0x5600 [llog_test]
00137  ? llog_test_9_sub+0x800/0x800 [llog_test]
00137  ? llog_run_tests+0x3f45/0x5ac0 [llog_test]
00137  ? get_random_u32+0x51/0x470
00137  ? llog_test_device_init+0x503/0x840 [llog_test]
00137  ? obd_setup+0x559/0x960 [obdclass]
00137  ? class_setup+0xc7d/0x10e0 [obdclass]
00137  ? class_process_config+0x2edb/0x7cb0 [obdclass]
00137  ? class_handle_ioctl+0x2055/0x3590 [obdclass]
00137  ? obd_class_ioctl+0x1f6/0x3c0 [obdclass]
00137  ? __x64_sys_ioctl+0x961/0xe00
00137  ? _copy_to_user+0x3d/0x60
00137  ? __x64_sys_rt_sigaction+0x107/0x140
00137  ? do_syscall_64+0xc1/0x350
00137  ? entry_SYSCALL_64_after_hwframe+0x4b/0x53
00137  </TASK>
00137 ---[ end trace 0000000000000000 ]---
00137 LustreError: 2171:0:(llog_osd.c:684:llog_osd_write_rec()) cfs_race id 1317 sleeping
00138 LustreError: 2204:0:(llog.c:690:llog_process_thread()) cfs_fail_race id 1317 waking
00138 LustreError: 2171:0:(llog_osd.c:684:llog_osd_write_rec()) cfs_fail_race id 1317 awake: rc=443
00139 LustreError: 2204:0:(llog.c:690:llog_process_thread()) cfs_fail_race id 1317 waking
00139 Lustre: 2204:0:(llog_test.c:1535:cat_check_old_cb()) seeing record at index 3 - [0x1:0x1e:0x0] in log [0xa:0x5:0x0]
00143 ------------[ cut here ]------------
00143 WARNING: /home/ktest/git/linux/include/linux/fs.h:889 at osd_create+0x9cf/0xcf0 [osd_wbcfs], CPU#2: lctl/2171
00143 Modules linked in: llog_test(O) mgs(O) osd_wbcfs(O) lustre(O) obdecho(O) mgc(O) mdc(O) lov(O) osc(O) lmv(O) ec(O) fid(O) fld(O) ptlrpc(O) efivarfs obdclass(O) ksocklnd(O) lnet(O) libcfs(O)
00143 CPU: 2 UID: 0 PID: 2171 Comm: lctl Tainted: G        W  O        7.0.0-ktest-2b8c50a-6330a45-20260728-dirty #1 PREEMPT 
00143 Tainted: [W]=WARN, [O]=OOT_MODULE
00143 Hardware name: QEMU Standard PC (Q35 + ICH9, 2009), BIOS 2025.11-3ubuntu7 03/31/2026
00143 RIP: 0010:osd_create+0x9cf/0xcf0 [osd_wbcfs]
00143 Code: c7 c7 00 d6 7c a1 48 c7 c6 a0 52 7e a1 48 c7 c2 00 5c 7e a1 e8 82 dd 43 ff 48 c7 c7 00 d6 7c a1 e8 c6 6a 44 ff e9 fe fc ff ff <0f> 0b e9 a5 fa ff ff 48 c7 c1 80 44 5d a0 80 e1 07 80 c1 03 38 c1
00143 RSP: 0018:ffffc90001c87478 EFLAGS: 00010246
00143 RAX: 0000000000000000 RBX: ffff888013392c00 RCX: 0000000000000046
00143 RDX: 0000000000000000 RSI: ffff888006709818 RDI: ffff888189a109c0
00143 RBP: ffff888006709788 R08: ffffffff83a16803 R09: 1ffffffff0742d00
00143 R10: dffffc0000000000 R11: fffffbfff0742d01 R12: ffff8881485a8c00
00143 R13: dffffc0000000000 R14: 1ffff11002672580 R15: 1ffff110290b518f
00143 FS:  00007f2506ab7940(0000) GS:ffff88831e52d000(0000) knlGS:0000000000000000
00143 CS:  0010 DS: 0000 ES: 0000 CR0: 0000000080050033
00143 CR2: 00007faaf50053e8 CR3: 0000000199666000 CR4: 0000000000750eb0
00143 PKRU: 55555554
00143 Call Trace:
00143  <TASK>
00143  ? local_object_create+0x109/0x640 [obdclass]
00143  ? dt_write_lock+0x16d/0x2a0 [obdclass]
00143  ? llog_osd_create+0x356/0x1140 [obdclass]
00143  ? llog_create+0x2ed/0x530 [obdclass]
00143  ? llog_cat_new_log+0x6c3/0x2bf0 [obdclass]
00143  ? llog_cat_add_rec+0x6ba/0x1960 [obdclass]
00143  ? llog_cat_add+0x451/0x890 [obdclass]
00143  ? llog_test_10+0x50f8/0x5600 [llog_test]
00143  ? llog_test_9_sub+0x800/0x800 [llog_test]
00143  ? llog_run_tests+0x3f45/0x5ac0 [llog_test]
00143  ? get_random_u32+0x51/0x470
00143  ? llog_test_device_init+0x503/0x840 [llog_test]
00143  ? obd_setup+0x559/0x960 [obdclass]
00143  ? class_setup+0xc7d/0x10e0 [obdclass]
00143  ? class_process_config+0x2edb/0x7cb0 [obdclass]
00143  ? class_handle_ioctl+0x2055/0x3590 [obdclass]
00143  ? obd_class_ioctl+0x1f6/0x3c0 [obdclass]
00143  ? __x64_sys_ioctl+0x961/0xe00
00143  ? _copy_to_user+0x3d/0x60
00143  ? __x64_sys_rt_sigaction+0x107/0x140
00143  ? do_syscall_64+0xc1/0x350
00143  ? entry_SYSCALL_64_after_hwframe+0x4b/0x53
00143  </TASK>
00143 ---[ end trace 0000000000000000 ]---
00143 LustreError: 2171:0:(llog_osd.c:684:llog_osd_write_rec()) cfs_fail_race id 1317 waking
00144 Lustre: 2171:0:(llog_test.c:2137:llog_test_10()) 10h: wrote 64767 records then 0 failed with ENOSPC
00144 Lustre: 2171:0:(llog_test.c:2150:llog_test_10()) 10: put newly-created catalog
00144 Lustre: 2171:0:(llog_test.c:2180:llog_test_11()) 11: create a plain nameless log
00144 ------------[ cut here ]------------
00144 WARNING: /home/ktest/git/linux/include/linux/fs.h:889 at osd_create+0x9cf/0xcf0 [osd_wbcfs], CPU#2: lctl/2171
00144 Modules linked in: llog_test(O) mgs(O) osd_wbcfs(O) lustre(O) obdecho(O) mgc(O) mdc(O) lov(O) osc(O) lmv(O) ec(O) fid(O) fld(O) ptlrpc(O) efivarfs obdclass(O) ksocklnd(O) lnet(O) libcfs(O)
00144 CPU: 2 UID: 0 PID: 2171 Comm: lctl Tainted: G        W  O        7.0.0-ktest-2b8c50a-6330a45-20260728-dirty #1 PREEMPT 
00144 Tainted: [W]=WARN, [O]=OOT_MODULE
00144 Hardware name: QEMU Standard PC (Q35 + ICH9, 2009), BIOS 2025.11-3ubuntu7 03/31/2026
00144 RIP: 0010:osd_create+0x9cf/0xcf0 [osd_wbcfs]
00144 Code: c7 c7 00 d6 7c a1 48 c7 c6 a0 52 7e a1 48 c7 c2 00 5c 7e a1 e8 82 dd 43 ff 48 c7 c7 00 d6 7c a1 e8 c6 6a 44 ff e9 fe fc ff ff <0f> 0b e9 a5 fa ff ff 48 c7 c1 80 44 5d a0 80 e1 07 80 c1 03 38 c1
00144 RSP: 0018:ffffc90001c87680 EFLAGS: 00010246
00144 RAX: 0000000000000000 RBX: ffff8880347b2800 RCX: 0000000000000046
00144 RDX: 0000000000000000 RSI: ffff888006709100 RDI: ffff888189a10998
00144 RBP: ffff888006709070 R08: ffffffff83a16803 R09: 1ffffffff0742d00
00144 R10: dffffc0000000000 R11: fffffbfff0742d01 R12: ffff8881485a8c00
00144 R13: dffffc0000000000 R14: 1ffff110068f6500 R15: 1ffff110290b518f
00144 FS:  00007f2506ab7940(0000) GS:ffff88831e52d000(0000) knlGS:0000000000000000
00144 CS:  0010 DS: 0000 ES: 0000 CR0: 0000000080050033
00144 CR2: 00007faaf50053e8 CR3: 0000000199666000 CR4: 0000000000750eb0
00144 PKRU: 55555554
00144 Call Trace:
00144  <TASK>
00144  ? local_object_create+0x109/0x640 [obdclass]
00144  ? dt_write_lock+0x16d/0x2a0 [obdclass]
00144  ? llog_osd_create+0x356/0x1140 [obdclass]
00144  ? llog_create+0x2ed/0x530 [obdclass]
00144  ? llog_open_create+0x5af/0xb10 [obdclass]
00144  ? llog_test_11+0x2a4/0x1130 [llog_test]
00144  ? llog_test_9_sub+0x800/0x800 [llog_test]
00144  ? llog_run_tests+0x41b0/0x5ac0 [llog_test]
00144  ? get_random_u32+0x51/0x470
00144  ? llog_test_device_init+0x503/0x840 [llog_test]
00144  ? obd_setup+0x559/0x960 [obdclass]
00144  ? class_setup+0xc7d/0x10e0 [obdclass]
00144  ? class_process_config+0x2edb/0x7cb0 [obdclass]
00144  ? class_handle_ioctl+0x2055/0x3590 [obdclass]
00144  ? obd_class_ioctl+0x1f6/0x3c0 [obdclass]
00144  ? __x64_sys_ioctl+0x961/0xe00
00144  ? _copy_to_user+0x3d/0x60
00144  ? __x64_sys_rt_sigaction+0x107/0x140
00144  ? do_syscall_64+0xc1/0x350
00144  ? entry_SYSCALL_64_after_hwframe+0x4b/0x53
00144  </TASK>
00144 ---[ end trace 0000000000000000 ]---
00144 Lustre: 2171:0:(llog_test.c:2205:llog_test_11()) 11: size 8216 in 0 blocks after 1 rec
00144 Lustre: 2171:0:(llog_test.c:2207:llog_test_11()) 11: add few records
00144 Lustre: 2171:0:(llog_test.c:2224:llog_test_11()) 11: size 10616 in 0 blocks with few recs
00144 lctl (2171): drop_caches: 3
00144 Lustre: 2171:0:(llog_test.c:2250:llog_test_11()) 11: re-open the log by LOGID and verify llh_count
00144 Lustre: 2171:0:(llog_test.c:2265:llog_test_11()) 11: size 10616 in 0 blocks after re-open
00144 Lustre: 2171:0:(llog_test.c:2355:llog_test_12()) 12: create a catalog log with name: ad427d28
00144 ------------[ cut here ]------------
00144 WARNING: /home/ktest/git/linux/include/linux/fs.h:889 at osd_create+0x9cf/0xcf0 [osd_wbcfs], CPU#2: lctl/2171
00144 Modules linked in: llog_test(O) mgs(O) osd_wbcfs(O) lustre(O) obdecho(O) mgc(O) mdc(O) lov(O) osc(O) lmv(O) ec(O) fid(O) fld(O) ptlrpc(O) efivarfs obdclass(O) ksocklnd(O) lnet(O) libcfs(O)
00144 CPU: 2 UID: 0 PID: 2171 Comm: lctl Tainted: G        W  O        7.0.0-ktest-2b8c50a-6330a45-20260728-dirty #1 PREEMPT 
00144 Tainted: [W]=WARN, [O]=OOT_MODULE
00144 Hardware name: QEMU Standard PC (Q35 + ICH9, 2009), BIOS 2025.11-3ubuntu7 03/31/2026
00144 RIP: 0010:osd_create+0x9cf/0xcf0 [osd_wbcfs]
00144 Code: c7 c7 00 d6 7c a1 48 c7 c6 a0 52 7e a1 48 c7 c2 00 5c 7e a1 e8 82 dd 43 ff 48 c7 c7 00 d6 7c a1 e8 c6 6a 44 ff e9 fe fc ff ff <0f> 0b e9 a5 fa ff ff 48 c7 c1 80 44 5d a0 80 e1 07 80 c1 03 38 c1
00144 RSP: 0018:ffffc90001c87678 EFLAGS: 00010246
00144 RAX: 0000000000000000 RBX: ffff8880347b5400 RCX: 0000000000000046
00144 RDX: 0000000000000000 RSI: ffff8880067089e8 RDI: ffff888189a10998
00144 RBP: ffff888006708958 R08: ffffffff83a16803 R09: 1ffffffff0742d00
00144 R10: dffffc0000000000 R11: fffffbfff0742d01 R12: ffff8881485a8c00
00144 R13: dffffc0000000000 R14: 1ffff110068f6a80 R15: 1ffff110290b518f
00144 FS:  00007f2506ab7940(0000) GS:ffff88831e52d000(0000) knlGS:0000000000000000
00144 CS:  0010 DS: 0000 ES: 0000 CR0: 0000000080050033
00144 CR2: 00007faaf50053e8 CR3: 0000000199666000 CR4: 0000000000750eb0
00144 PKRU: 55555554
00144 Call Trace:
00144  <TASK>
00144  ? local_object_create+0x109/0x640 [obdclass]
00144  ? dt_write_lock+0x16d/0x2a0 [obdclass]
00144  ? llog_osd_create+0x356/0x1140 [obdclass]
00144  ? llog_create+0x2ed/0x530 [obdclass]
00144  ? llog_open_create+0x5af/0xb10 [obdclass]
00144  ? llog_test_12+0x40f/0x2d90 [llog_test]
00144  ? llog_test_11+0xc14/0x1130 [llog_test]
00144  ? llog_run_tests+0x4434/0x5ac0 [llog_test]
00144  ? get_random_u32+0x51/0x470
00144  ? llog_test_device_init+0x503/0x840 [llog_test]
00144  ? obd_setup+0x559/0x960 [obdclass]
00144  ? class_setup+0xc7d/0x10e0 [obdclass]
00144  ? class_process_config+0x2edb/0x7cb0 [obdclass]
00144  ? class_handle_ioctl+0x2055/0x3590 [obdclass]
00144  ? obd_class_ioctl+0x1f6/0x3c0 [obdclass]
00144  ? __x64_sys_ioctl+0x961/0xe00
00144  ? _copy_to_user+0x3d/0x60
00144  ? __x64_sys_rt_sigaction+0x107/0x140
00144  ? do_syscall_64+0xc1/0x350
00144  ? entry_SYSCALL_64_after_hwframe+0x4b/0x53
00144  </TASK>
00144 ---[ end trace 0000000000000000 ]---
00144 ------------[ cut here ]------------
00144 WARNING: /home/ktest/git/linux/include/linux/fs.h:889 at osd_create+0x9cf/0xcf0 [osd_wbcfs], CPU#2: lctl/2171
00144 Modules linked in: llog_test(O) mgs(O) osd_wbcfs(O) lustre(O) obdecho(O) mgc(O) mdc(O) lov(O) osc(O) lmv(O) ec(O) fid(O) fld(O) ptlrpc(O) efivarfs obdclass(O) ksocklnd(O) lnet(O) libcfs(O)
00144 CPU: 2 UID: 0 PID: 2171 Comm: lctl Tainted: G        W  O        7.0.0-ktest-2b8c50a-6330a45-20260728-dirty #1 PREEMPT 
00144 Tainted: [W]=WARN, [O]=OOT_MODULE
00144 Hardware name: QEMU Standard PC (Q35 + ICH9, 2009), BIOS 2025.11-3ubuntu7 03/31/2026
00144 RIP: 0010:osd_create+0x9cf/0xcf0 [osd_wbcfs]
00144 Code: c7 c7 00 d6 7c a1 48 c7 c6 a0 52 7e a1 48 c7 c2 00 5c 7e a1 e8 82 dd 43 ff 48 c7 c7 00 d6 7c a1 e8 c6 6a 44 ff e9 fe fc ff ff <0f> 0b e9 a5 fa ff ff 48 c7 c1 80 44 5d a0 80 e1 07 80 c1 03 38 c1
00144 RSP: 0018:ffffc90001c87518 EFLAGS: 00010246
00144 RAX: 0000000000000000 RBX: ffff888035435c00 RCX: 0000000000000046
00144 RDX: 0000000000000000 RSI: ffff8880067082d0 RDI: ffff888189a109c0
00144 RBP: ffff888006708240 R08: ffffffff83a16803 R09: 1ffffffff0742d00
00144 R10: dffffc0000000000 R11: fffffbfff0742d01 R12: ffff8881485a8c00
00144 R13: dffffc0000000000 R14: 1ffff11006a86b80 R15: 1ffff110290b518f
00144 FS:  00007f2506ab7940(0000) GS:ffff88831e52d000(0000) knlGS:0000000000000000
00144 CS:  0010 DS: 0000 ES: 0000 CR0: 0000000080050033
00144 CR2: 00007faaf50053e8 CR3: 0000000199666000 CR4: 0000000000750eb0
00144 PKRU: 55555554
00144 Call Trace:
00144  <TASK>
00144  ? local_object_create+0x109/0x640 [obdclass]
00144  ? dt_write_lock+0x16d/0x2a0 [obdclass]
00144  ? llog_osd_create+0x356/0x1140 [obdclass]
00144  ? llog_create+0x2ed/0x530 [obdclass]
00144  ? llog_cat_new_log+0x6c3/0x2bf0 [obdclass]
00144  ? llog_cat_add_rec+0x6ba/0x1960 [obdclass]
00144  ? llog_cat_add+0x451/0x890 [obdclass]
00144  ? llog_test_12+0x68f/0x2d90 [llog_test]
00144  ? llog_test_11+0xc14/0x1130 [llog_test]
00144  ? llog_run_tests+0x4434/0x5ac0 [llog_test]
00144  ? get_random_u32+0x51/0x470
00144  ? llog_test_device_init+0x503/0x840 [llog_test]
00144  ? obd_setup+0x559/0x960 [obdclass]
00144  ? class_setup+0xc7d/0x10e0 [obdclass]
00144  ? class_process_config+0x2edb/0x7cb0 [obdclass]
00144  ? class_handle_ioctl+0x2055/0x3590 [obdclass]
00144  ? obd_class_ioctl+0x1f6/0x3c0 [obdclass]
00144  ? __x64_sys_ioctl+0x961/0xe00
00144  ? _copy_to_user+0x3d/0x60
00144  ? __x64_sys_rt_sigaction+0x107/0x140
00144  ? do_syscall_64+0xc1/0x350
00144  ? entry_SYSCALL_64_after_hwframe+0x4b/0x53
00144  </TASK>
00144 ---[ end trace 0000000000000000 ]---
00144 Lustre: 12: truncate 24 bytes
00144 Lustre: 12: re-open and process the catalog
00144 LustreError: 2171:0:(llog_osd.c:1248:llog_osd_next_block()) MGS0000-osd: invalid llog tail at log id [0xa:0x6:0x0] offset 8232 last_rec idx 8704 tail idx 275010875 lrt len 1 read_size 40
00144 LustreError: 2171:0:(llog.c:886:llog_process_thread()) MGS: local llog is corrupted [0xa:0x6:0x0] catalog index 1 count 2
00144 Lustre: 12: try to add to the catalog
00144 ------------[ cut here ]------------
00144 WARNING: /home/ktest/git/linux/include/linux/fs.h:889 at osd_create+0x9cf/0xcf0 [osd_wbcfs], CPU#2: lctl/2171
00144 Modules linked in: llog_test(O) mgs(O) osd_wbcfs(O) lustre(O) obdecho(O) mgc(O) mdc(O) lov(O) osc(O) lmv(O) ec(O) fid(O) fld(O) ptlrpc(O) efivarfs obdclass(O) ksocklnd(O) lnet(O) libcfs(O)
00144 CPU: 2 UID: 0 PID: 2171 Comm: lctl Tainted: G        W  O        7.0.0-ktest-2b8c50a-6330a45-20260728-dirty #1 PREEMPT 
00144 Tainted: [W]=WARN, [O]=OOT_MODULE
00144 Hardware name: QEMU Standard PC (Q35 + ICH9, 2009), BIOS 2025.11-3ubuntu7 03/31/2026
00144 RIP: 0010:osd_create+0x9cf/0xcf0 [osd_wbcfs]
00144 Code: c7 c7 00 d6 7c a1 48 c7 c6 a0 52 7e a1 48 c7 c2 00 5c 7e a1 e8 82 dd 43 ff 48 c7 c7 00 d6 7c a1 e8 c6 6a 44 ff e9 fe fc ff ff <0f> 0b e9 a5 fa ff ff 48 c7 c1 80 44 5d a0 80 e1 07 80 c1 03 38 c1
00144 RSP: 0018:ffffc90001c87518 EFLAGS: 00010246
00144 RAX: 0000000000000000 RBX: ffff88813cf2cc00 RCX: 0000000000000046
00144 RDX: 0000000000000000 RSI: ffff888139a77b68 RDI: ffff888189a109c0
00144 RBP: ffff888139a77ad8 R08: ffffffff83a16803 R09: 1ffffffff0742d00
00144 R10: dffffc0000000000 R11: fffffbfff0742d01 R12: ffff8881485a8c00
00144 R13: dffffc0000000000 R14: 1ffff110279e5980 R15: 1ffff110290b518f
00144 FS:  00007f2506ab7940(0000) GS:ffff88831e52d000(0000) knlGS:0000000000000000
00144 CS:  0010 DS: 0000 ES: 0000 CR0: 0000000080050033
00144 CR2: 00007faaf50053e8 CR3: 0000000199666000 CR4: 0000000000750eb0
00144 PKRU: 55555554
00144 Call Trace:
00144  <TASK>
00144  ? local_object_create+0x109/0x640 [obdclass]
00144  ? dt_write_lock+0x16d/0x2a0 [obdclass]
00144  ? llog_osd_create+0x356/0x1140 [obdclass]
00144  ? llog_create+0x2ed/0x530 [obdclass]
00144  ? llog_cat_new_log+0x6c3/0x2bf0 [obdclass]
00144  ? llog_cat_add_rec+0x6ba/0x1960 [obdclass]
00144  ? llog_cat_add+0x451/0x890 [obdclass]
00144  ? llog_test_12+0xfdb/0x2d90 [llog_test]
00144  ? llog_run_tests+0x4434/0x5ac0 [llog_test]
00144  ? get_random_u32+0x51/0x470
00144  ? llog_test_device_init+0x503/0x840 [llog_test]
00144  ? obd_setup+0x559/0x960 [obdclass]
00144  ? class_setup+0xc7d/0x10e0 [obdclass]
00144  ? class_process_config+0x2edb/0x7cb0 [obdclass]
00144  ? class_handle_ioctl+0x2055/0x3590 [obdclass]
00144  ? obd_class_ioctl+0x1f6/0x3c0 [obdclass]
00144  ? __x64_sys_ioctl+0x961/0xe00
00144  ? _copy_to_user+0x3d/0x60
00144  ? __x64_sys_rt_sigaction+0x107/0x140
00144  ? do_syscall_64+0xc1/0x350
00144  ? entry_SYSCALL_64_after_hwframe+0x4b/0x53
00144  </TASK>
00144 ---[ end trace 0000000000000000 ]---
00144 LustreError: 2171:0:(llog_osd.c:1231:llog_osd_next_block()) MGS0000-osd: invalid llog tail at log id [0x6:0xa:0x0]:0 offset 8297 tail idx 603979776 lrt len 1074261 read_size 105
00144 ------------[ cut here ]------------
00144 WARNING: /home/ktest/git/linux/include/linux/fs.h:889 at osd_create+0x9cf/0xcf0 [osd_wbcfs], CPU#2: lctl/2171
00144 Modules linked in: llog_test(O) mgs(O) osd_wbcfs(O) lustre(O) obdecho(O) mgc(O) mdc(O) lov(O) osc(O) lmv(O) ec(O) fid(O) fld(O) ptlrpc(O) efivarfs obdclass(O) ksocklnd(O) lnet(O) libcfs(O)
00144 CPU: 2 UID: 0 PID: 2171 Comm: lctl Tainted: G        W  O        7.0.0-ktest-2b8c50a-6330a45-20260728-dirty #1 PREEMPT 
00144 Tainted: [W]=WARN, [O]=OOT_MODULE
00144 Hardware name: QEMU Standard PC (Q35 + ICH9, 2009), BIOS 2025.11-3ubuntu7 03/31/2026
00144 RIP: 0010:osd_create+0x9cf/0xcf0 [osd_wbcfs]
00144 Code: c7 c7 00 d6 7c a1 48 c7 c6 a0 52 7e a1 48 c7 c2 00 5c 7e a1 e8 82 dd 43 ff 48 c7 c7 00 d6 7c a1 e8 c6 6a 44 ff e9 fe fc ff ff <0f> 0b e9 a5 fa ff ff 48 c7 c1 80 44 5d a0 80 e1 07 80 c1 03 38 c1
00144 RSP: 0018:ffffc90001c87518 EFLAGS: 00010246
00144 RAX: 0000000000000000 RBX: ffff8881201e1c00 RCX: 0000000000000046
00144 RDX: 0000000000000000 RSI: ffff888139a77450 RDI: ffff888189a109c0
00144 RBP: ffff888139a773c0 R08: ffffffff83a16803 R09: 1ffffffff0742d00
00144 R10: dffffc0000000000 R11: fffffbfff0742d01 R12: ffff8881485a8c00
00144 R13: dffffc0000000000 R14: 1ffff1102403c380 R15: 1ffff110290b518f
00144 FS:  00007f2506ab7940(0000) GS:ffff88831e52d000(0000) knlGS:0000000000000000
00144 CS:  0010 DS: 0000 ES: 0000 CR0: 0000000080050033
00144 CR2: 00007faaf50053e8 CR3: 0000000199666000 CR4: 0000000000750eb0
00144 PKRU: 55555554
00144 Call Trace:
00144  <TASK>
00144  ? local_object_create+0x109/0x640 [obdclass]
00144  ? dt_write_lock+0x16d/0x2a0 [obdclass]
00144  ? llog_osd_create+0x356/0x1140 [obdclass]
00144  ? llog_create+0x2ed/0x530 [obdclass]
00144  ? llog_cat_new_log+0x6c3/0x2bf0 [obdclass]
00144  ? llog_cat_add_rec+0x6ba/0x1960 [obdclass]
00144  ? llog_cat_add+0x451/0x890 [obdclass]
00144  ? llog_test_12+0xfdb/0x2d90 [llog_test]
00144  ? llog_run_tests+0x4434/0x5ac0 [llog_test]
00144  ? get_random_u32+0x51/0x470
00144  ? llog_test_device_init+0x503/0x840 [llog_test]
00144  ? obd_setup+0x559/0x960 [obdclass]
00144  ? class_setup+0xc7d/0x10e0 [obdclass]
00144  ? class_process_config+0x2edb/0x7cb0 [obdclass]
00144  ? class_handle_ioctl+0x2055/0x3590 [obdclass]
00144  ? obd_class_ioctl+0x1f6/0x3c0 [obdclass]
00144  ? __x64_sys_ioctl+0x961/0xe00
00144  ? _copy_to_user+0x3d/0x60
00144  ? __x64_sys_rt_sigaction+0x107/0x140
00144  ? do_syscall_64+0xc1/0x350
00144  ? entry_SYSCALL_64_after_hwframe+0x4b/0x53
00144  </TASK>
00144 ---[ end trace 0000000000000000 ]---
00144 ==================================================================
00144 BUG: KASAN: slab-out-of-bounds in llog_osd_next_block+0x13e1/0x3340 [obdclass]
00144 Read of size 4 at addr ffff888244123036 by task lctl/2171
00144 
00144 CPU: 2 UID: 0 PID: 2171 Comm: lctl Tainted: G        W  O        7.0.0-ktest-2b8c50a-6330a45-20260728-dirty #1 PREEMPT 
00144 Tainted: [W]=WARN, [O]=OOT_MODULE
00144 Hardware name: QEMU Standard PC (Q35 + ICH9, 2009), BIOS 2025.11-3ubuntu7 03/31/2026
00144 Call Trace:
00144  <TASK>
00144  dump_stack_lvl+0x52/0x80
00144  print_report+0xbc/0x260
00144  ? llog_osd_next_block+0x13e1/0x3340 [obdclass]
00144  kasan_report+0xa2/0xd0
00144  ? llog_osd_next_block+0x13e1/0x3340 [obdclass]
00144  llog_osd_next_block+0x13e1/0x3340 [obdclass]
00144  ? local_trylock_acquire+0x23/0x70
00144  llog_process_thread+0xdd7/0x4f70 [obdclass]
00144  ? entry_SYSCALL_64_after_hwframe+0x4b/0x53
00144  ? task_work_add+0x177/0x210
00144  llog_process_or_fork+0x656/0xc90 [obdclass]
00144  ? llog_cat_process+0x30/0x30 [obdclass]
00144  llog_cat_process_or_fork+0x780/0xdb0 [obdclass]
00144  ? llog_cat_process+0x30/0x30 [obdclass]
00144  ? llog_cancel_rec_cb+0x450/0x450 [llog_test]
00144  llog_cat_process+0x24/0x30 [obdclass]
00144  llog_test_12+0xf58/0x2d90 [llog_test]
00144  llog_run_tests+0x4434/0x5ac0 [llog_test]
00144  ? get_random_u32+0x51/0x470
00144  llog_test_device_init+0x503/0x840 [llog_test]
00144  obd_setup+0x559/0x960 [obdclass]
00144  class_setup+0xc7d/0x10e0 [obdclass]
00144  class_process_config+0x2edb/0x7cb0 [obdclass]
00144  class_handle_ioctl+0x2055/0x3590 [obdclass]
00144  obd_class_ioctl+0x1f6/0x3c0 [obdclass]
00144  __x64_sys_ioctl+0x961/0xe00
00144  ? _copy_to_user+0x3d/0x60
00144  ? __x64_sys_rt_sigaction+0x107/0x140
00144  do_syscall_64+0xc1/0x350
00144  entry_SYSCALL_64_after_hwframe+0x4b/0x53
00144 RIP: 0033:0x7f2506924e1d
00144 Code: 04 25 28 00 00 00 48 89 45 c8 31 c0 48 8d 45 10 c7 45 b0 10 00 00 00 48 89 45 b8 48 8d 45 d0 48 89 45 c0 b8 10 00 00 00 0f 05 <89> c2 3d 00 f0 ff ff 77 1a 48 8b 45 c8 64 48 2b 04 25 28 00 00 00
00144 RSP: 002b:00007ffc527c5340 EFLAGS: 00000246 ORIG_RAX: 0000000000000010
00144 RAX: ffffffffffffffda RBX: 00007f2506c371f0 RCX: 00007f2506924e1d
00144 RDX: 00007ffc527c5620 RSI: 00000000c00866b8 RDI: 0000000000000003
00144 RBP: 00007ffc527c5390 R08: 00007ffc527c53e0 R09: 00007ffc527c5620
00144 R10: 000055d066366930 R11: 0000000000000246 R12: 00007ffc527c5620
00144 R13: 000055d065174822 R14: 0000000000000000 R15: 00007ffc527c76a0
00144  </TASK>
00144 
00144 The buggy address belongs to the object at ffff888244120000
00144  which belongs to the cache kmalloc-8k of size 8192
00144 The buggy address is located 4150 bytes to the right of
00144  allocated 8192-byte region [ffff888244120000, ffff888244122000)
00144 
00144 The buggy address belongs to the physical page:
00144 page: refcount:0 mapcount:0 mapping:0000000000000000 index:0x0 pfn:0x244120
00144 head: order:3 mapcount:0 entire_mapcount:0 nr_pages_mapped:0 pincount:0
00144 flags: 0x8000000000000040(head|zone=2)
00144 page_type: f5(slab)
00144 raw: 8000000000000040 ffff888100042e00 dead000000000122 0000000000000000
00144 raw: 0000000000000000 0000400000020002 00000000f5000000 ffff888244122010
00144 head: 8000000000000040 ffff888100042e00 dead000000000122 0000000000000000
00144 head: 0000000000000000 0000400000020002 00000000f5000000 ffff888244122010
00144 head: 8000000000000003 ffffea0009104801 00000000ffffffff 00000000ffffffff
00144 head: ffffffffffffffff 0000000000000000 00000000ffffffff 0000000000000008
00144 page dumped because: kasan: bad access detected
00144 
00144 Memory state around the buggy address:
00144  ffff888244122f00: fc fc fc fc fc fc fc fc fc fc fc fc fc fc fc fc
00144  ffff888244122f80: fc fc fc fc fc fc fc fc fc fc fc fc fc fc fc fc
00144 >ffff888244123000: fc fc fc fc fc fc fc fc fc fc fc fc fc fc fc fc
00144                                      ^
00144  ffff888244123080: fc fc fc fc fc fc fc fc fc fc fc fc fc fc fc fc
00144  ffff888244123100: fc fc fc fc fc fc fc fc fc fc fc fc fc fc fc fc
00144 ==================================================================
00144 Disabling lock debugging due to kernel taint
00144 Lustre: 2171:0:(llog_test.c:2464:llog_test_12()) 12: put newly-created catalog
00144 Lustre: 2171:0:(llog_test.c:2532:llog_test_13()) 13a: create a catalog log with name: ad427d28
00144 Lustre: 2171:0:(llog_test.c:2548:llog_test_13()) 13b: write 1 record into the catalog
00144 LustreError: 2171:0:(llog_test.c:2559:llog_test_13()) 13b: found 8 plain llogs
00144 Lustre: 2171:0:(llog_test.c:2561:llog_test_13()) 13c: erase plain llog
00144 LustreError: 2171:0:(llog_cat.c:404:llog_cat_id2handle()) MGS: error opening log id [0x1:0x4f:0x0]: rc = -2
00144 Lustre: 2171:0:(llog_test.c:2581:llog_test_13()) 13d: forward process: found=1708 rc=0
00144 Lustre: 2171:0:(llog_test.c:2585:llog_test_13()) 13e: erase another plain llog
00144 Lustre: 2171:0:(llog_test.c:2605:llog_test_13()) 13e: backward process: found=1367 rc=0
00144 Lustre: 2171:0:(llog_test.c:2608:llog_test_13()) 13f: put newly-created catalog
00149 ========= FAILED TIMEOUT llog-unit in 240s
Error 1 at /home/ktest/ktest/lib/libktest.sh 587 from: "$ktest_dir/lib/supervisor" -S -F -T "$ktest_timeout" -b "$test_basename" -o "$test_logdir" -f "$test_basename.$(date -Iseconds).log" -- "${qemu_cmd[@]}", exiting
Error 1 at ./qlkbuild 187 from: "$ktest_dir/lib/supervisor" -S -F -T "$ktest_timeout" -b "$test_basename" -o "$test_logdir" -f "$test_basename.$(date -Iseconds).log" -- "${qemu_cmd[@]}", exiting
Error 1 at ./qlkbuild 1202 from: "$ktest_dir/lib/supervisor" -S -F -T "$ktest_timeout" -b "$test_basename" -o "$test_logdir" -f "$test_basename.$(date -Iseconds).log" -- "${qemu_cmd[@]}", exiting
