00003 
00011 RDSEED32 is broken. Disabling the corresponding CPUID bit.
00015 init: failed to load nvme_core
00015 init: failed to load nvme
00015 init: failed to load zfs
00016 LNetError: 1:0:(lib-socket.c:619:lnet_inet_enumerate()) lnet: Can't find any usable interfaces, rc = -ENOENT
00016 LNetError: Error -100 starting up LNI tcp
00017 LustreError: 1:0:(events.c:627:ptlrpc_init_portals()) network initialisation failed: rc = -100
00017 init: finit_module /lib/modules/7.0.0-ktest-2c1cac8-6330a45-20260727-dirty/updates/ptlrpc.ko: Network is down
00017 init: failed to load lustre
00017 init: failed to load osd_zfs
00017 init: failed to load iwlwifi
00017 init: failed to load iwlmvm
00017 init: failed to load mt7921e
00017 init: failed to load i915
00017 init: failed to load nouveau
00030 tlp: vm.laptop_mode is deprecated. Ignoring setting.
00030 Kernel version: 7.0.0-ktest-2c1cac8-6330a45-20260727-dirty
00030 hook init_noop
00031 
00031 Running tests llmount
00031 
00031 ========= TEST   llmount
00036 SETUP LUSTRE ... LNet: Added LNI 10.0.2.15@tcp [8/256/0/180]
00037 Lustre: Echo OBD driver; http://www.lustre.org/
00037 Lustre: 1902:0:(mdt_handler.c:64:mdt_max_mod_rpcs_per_client_set()) max_mod_rpcs_per_client is deprecated, set mdt.*.max_mod_rpcs_in_flight parameter instead
00038 Lustre: ctl-lustre-MDT0000: No data found on store. Initialize space.
00038 Lustre: lustre-MDT0000: new disk, initializing
00038 Lustre: lustre-MDT0000: Imperative Recovery not enabled, recovery window 300-900
00038 Lustre: ctl-lustre-MDT0000: super-sequence allocation rc = 0 [0x0000000200000400-0x0000000240000400]:0:mdt
00038 Lustre: cli-ctl-lustre-MDT0001: Allocated super-sequence [0x0000000240000400-0x0000000280000400]:1:mdt]
00038 Lustre: lustre-OST0000: new disk, initializing
00038 Lustre: Skipped 1 previous similar message
00038 Lustre: srv-lustre-OST0000: No data found on store. Initialize space.
00038 Lustre: Skipped 2 previous similar messages
00038 Lustre: lustre-OST0000: Imperative Recovery not enabled, recovery window 300-900
00038 Lustre: Skipped 1 previous similar message
00045 Lustre: ctl-lustre-MDT0000: super-sequence allocation rc = 0 [0x0000000280000400-0x00000002c0000400]:0:ost
00045 Lustre: Skipped 1 previous similar message
00045 Lustre: cli-lustre-OST0000-super: Allocated super-sequence [0x0000000280000400-0x00000002c0000400]:0:ost]
00045 Lustre: lustre-OST0000-osc-MDT0000: update sequence from 0x100000000 to 0x280000401
00045 Lustre: lustre-OST0001-osc-MDT0000: update sequence from 0x100010000 to 0x2c0000401
00064 Lustre: lustre-MDT0000: local client 63516b01-e837-4067-9725-97a72353a885 w/o recovery
00064 Lustre: client wants to enable acl, but mdt not!
00064 Lustre: Mounted lustre-client
00064 lustre-ktest (1883) used greatest stack depth: 23664 bytes left
00064 35s
00074 CLEANUP LUSTRE ... Lustre: Unmounted lustre-client
00074 Lustre: server umount lustre-OST0000 complete
00074 Lustre: server umount lustre-OST0001 complete
00075 LustreError: lustre-MDT0001-osp-MDT0000: operation mds_statfs to node 0@lo failed: rc = -107
00075 Lustre: lustre-MDT0001-osp-MDT0000: Connection to lustre-MDT0001 (at 0@lo) was lost; in progress operations using this service will wait for recovery to complete
00075 Lustre: lustre-MDT0001: Not available for connect from 0@lo (stopping)
00084 Lustre: server umount lustre-MDT0001 complete
00094 Lustre: server umount lustre-MDT0000 complete
00094 20s
00095 
00095 ========= PASSED llmount in 65s
00095 
00095 Passed: llmount
00095 Failed: 
00095 NOTICE: Automounting of tracing to debugfs is deprecated and will be removed in 2030
00095 Kernel version: 7.0.0-ktest-2c1cac8-6330a45-20260727-dirty
00095 TEST SUCCESS
