WARNING:TYPO_SPELLING: 'superflous' may be misspelled - perhaps 'superfluous'?
#390: FILE: lustre/llite/vvp_io.c:1458:
+			 * a superflous page")
 			     ^^^^^^^^^^

WARNING:LONG_LINE_STRING: line length of 132 exceeds 100 columns
#709: FILE: lustre/lov/lov_io.c:283:
+		CERROR("%s:"DFID": cannot find known valid non-stale mirror, could be new server picked a mirror which this client "

WARNING:LONG_LINE_STRING: line length of 129 exceeds 100 columns
#811: FILE: lustre/lov/lov_io.c:509:
+			CERROR("%s:"DFID": no data component matching parity extent "DEXT" (parity mirror %u, data mirror %u)\n",

WARNING:LONG_LINE_STRING: line length of 108 exceeds 100 columns
#1030: FILE: lustre/lov/lov_io.c:1491:
+				CDEBUG(D_INFO, DFID": stripe %u in comp %d is unavailable (%d): rc = %ld\n",

WARNING:LONG_LINE_STRING: line length of 107 exceeds 100 columns
#1040: FILE: lustre/lov/lov_io.c:1501:
+				CDEBUG(D_INFO, DFID": stripe %u in comp %d is unavailable (%d): rc = %d\n",

WARNING:LONG_LINE_STRING: line length of 101 exceeds 100 columns
#1075: FILE: lustre/lov/lov_io.c:1536:
+		CWARN("%s: "DFID": failed to find valid parity mirror for data mirror %d: rc = %d\n",

WARNING:LONG_LINE_STRING: line length of 107 exceeds 100 columns
#1108: FILE: lustre/lov/lov_io.c:1569:
+			CWARN("%s: "DFID": too few parity (%d) components to recover data (%d): rc = %d\n",

ERROR:CODE_INDENT: code indent should use tabs where possible
#1414: FILE: lustre/lov/lov_io.c:1956:
+^I^I^I^I        FGP_LOCK | FGP_ACCESSED | FGP_CREAT,$

ERROR:CODE_INDENT: code indent should use tabs where possible
#1415: FILE: lustre/lov/lov_io.c:1957:
+^I^I^I^I        mapping_gfp_mask(inode->i_mapping));$

ERROR:CODE_INDENT: code indent should use tabs where possible
#1520: FILE: lustre/lov/lov_io.c:2062:
+         */$

WARNING:LONG_LINE_STRING: line length of 121 exceeds 100 columns
#2116: FILE: lustre/lov/lov_io.c:2658:
+		CWARN("%s: "DFID": failed to find valid data component covering file offset %llu, mirror: %d: rc = %d\n",

WARNING:LONG_LINE_STRING: line length of 101 exceeds 100 columns
#2124: FILE: lustre/lov/lov_io.c:2666:
+		CWARN("%s: "DFID": failed to find valid parity mirror for data mirror %d: rc = %d\n",

WARNING:LONG_LINE_STRING: line length of 131 exceeds 100 columns
#2195: FILE: lustre/lov/lov_io.c:2737:
+			CWARN("%s: "DFID": failed to find valid parity component covering file offset %llu, mirror: %d: rc = %d\n",

WARNING:LONG_LINE_STRING: line length of 127 exceeds 100 columns
#2208: FILE: lustre/lov/lov_io.c:2750:
+	CDEBUG(D_INODE, DFID": ec read comp %d err_nr %d (dcount %d pcount %d) from %llu to %llu, RGs %lu pgs_per_stripe %d\n",

WARNING:LONG_LINE_STRING: line length of 124 exceeds 100 columns
#2323: FILE: lustre/lov/lov_io.c:2865:
+			CWARN("%s: "DFID": too many unrecoverable stripes in raid set %d: err_nr %d > pcount %d: rc = %d\n",

WARNING:LONG_LINE_STRING: line length of 101 exceeds 100 columns
#2715: FILE: lustre/lov/lov_lock.c:289:
+			CDEBUG(D_INFO, DFID" to enqueue lock "DDESCR" for ec read on sub_index %x\n",

total: 3 errors, 13 warnings, 3115 lines checked

NOTE: For some of the reported defects, checkpatch may be able to
      mechanically convert to the typical style using --fix or --fix-inplace.

NOTE: Whitespace errors detected.
      You may wish to use scripts/cleanpatch or scripts/cleanfile

Your patch has style problems, please review.

NOTE: If any of the errors are false positives, please report
      them to the maintainer, see CHECKPATCH in MAINTAINERS.
