CLI: ./pk --podman-socket unix:///run/podman/podman.sock --shared-filesystem /tmp --tarball-input job lustre-ci --output /var/www/ci-lustre/upstream-patch-review --git-hash 300943c0a4a3537d2197989aa33fd06388f9afc6 --change-id 67792_300943c0a4a3537d2197989aa33fd06388f9afc6 --subject LU-19740 utils: Record tunefs.lustre commands to syslog

Environment validated successfully
Note: custom LLVM is not synced in tarball input mode
Creating kernel tarball at /tmp/ktest-kernel.tar.gz...
Creating lustre tarball at /tmp/ktest-lustre.tar.gz...
Creating ZFS tarball at /tmp/ktest-zfs.tar.gz...
Executing 14 jobs
Jobs will start as soon as their dependencies are satisfied
Using tarball input mode

START ml:lustre_mainline build tests/fs/lustre/boot.ktest
START ml-miscvm:lustre_mainline_native build tests/fs/lustre/boot.ktest
START ml-strict:lustre_mainline build tests/fs/lustre/boot-strict.ktest
START al2023:al2023 build tests/fs/lustre/boot.ktest
START checkpatch:checkpatch tool checkpatch
START u24:u24 build tests/fs/lustre/boot.ktest
PUT /tmp/ktest-lustre.tar.gz 1s
PUT /tmp/ktest-lustre.tar.gz 2s
PUT /tmp/ktest-kernel.tar.gz 6s
PUT /tmp/ktest-kernel.tar.gz 6s
PUT /tmp/ktest-kernel.tar.gz 6s
PUT /tmp/ktest-kernel.tar.gz 7s
PUT /tmp/ktest-lustre.tar.gz 1s
PUT /tmp/ktest-lustre.tar.gz 1s
PUT /tmp/ktest-lustre.tar.gz 1s
PUT /tmp/ktest-lustre.tar.gz 1s
PUT /tmp/ktest-zfs.tar.gz 0s
PUT /tmp/ktest-zfs.tar.gz 0s
PUT /tmp/ktest-zfs.tar.gz 0s
END checkpatch:checkpatch tool checkpatch FAIL 10s (exit code: 1)
END u24:u24 build tests/fs/lustre/boot.ktest PASS 37s
END al2023:al2023 build tests/fs/lustre/boot.ktest PASS 45s
GET /tmp/ktest_ml-miscvm:lustre_mainline_native_0h975_ix.tar 0s
GET /tmp/ktest_ml:lustre_mainline_8urc2sp1.tar 0s
END ml-miscvm:lustre_mainline_native build tests/fs/lustre/boot.ktest PASS 165s
START ml-miscvm:boot run tests/fs/lustre/boot.ktest
START ml-miscvm:llmount run tests/fs/lustre/llmount.ktest
START ml-miscvm:llog-unit run tests/fs/lustre/llog-unit.ktest
START ml-miscvm:mgs-setup run tests/fs/lustre/mgs-setup.ktest
START ml-miscvm:sanity-1 run tests/fs/lustre/sanity/sanity-1.ktest
START ml-miscvm:sanity-2 run tests/fs/lustre/sanity/sanity-2.ktest
START ml-miscvm:sanity-3 run tests/fs/lustre/sanity/sanity-3.ktest
START ml-miscvm:sanity-4 run tests/fs/lustre/sanity/sanity-4.ktest
GET /tmp/ktest_ml-strict:lustre_mainline_blbh0jbw.tar 5s
END ml:lustre_mainline build tests/fs/lustre/boot.ktest PASS 167s
END ml-strict:lustre_mainline build tests/fs/lustre/boot-strict.ktest FAIL 168s (exit code: 1)
PUT /tmp/ktest-kernel.tar.gz 10s
PUT /tmp/ktest-kernel.tar.gz 10s
PUT /tmp/ktest-kernel.tar.gz 10s
PUT /tmp/ktest-kernel.tar.gz 10s
PUT /tmp/ktest-kernel.tar.gz 10s
PUT /tmp/ktest-kernel.tar.gz 11s
PUT /tmp/ktest-kernel.tar.gz 11s
PUT /tmp/ktest-kernel.tar.gz 11s
PUT /tmp/ktest-lustre.tar.gz 2s
PUT /tmp/ktest-lustre.tar.gz 2s
PUT /tmp/ktest-lustre.tar.gz 2s
PUT /tmp/ktest-lustre.tar.gz 2s
PUT /tmp/ktest-lustre.tar.gz 2s
PUT /tmp/ktest-lustre.tar.gz 3s
PUT /tmp/ktest-lustre.tar.gz 2s
PUT /tmp/ktest-lustre.tar.gz 2s
PUT /tmp/ktest_ml-miscvm:lustre_mainline_native_0h975_ix.tar 0s
PUT /tmp/ktest_ml-miscvm:lustre_mainline_native_0h975_ix.tar 0s
PUT /tmp/ktest_ml-miscvm:lustre_mainline_native_0h975_ix.tar 0s
PUT /tmp/ktest_ml-miscvm:lustre_mainline_native_0h975_ix.tar 0s
PUT /tmp/ktest_ml-miscvm:lustre_mainline_native_0h975_ix.tar 0s
PUT /tmp/ktest_ml-miscvm:lustre_mainline_native_0h975_ix.tar 0s
PUT /tmp/ktest_ml-miscvm:lustre_mainline_native_0h975_ix.tar 0s
PUT /tmp/ktest_ml-miscvm:lustre_mainline_native_0h975_ix.tar 0s
END ml-miscvm:boot run tests/fs/lustre/boot.ktest PASS 27s
END ml-miscvm:mgs-setup run tests/fs/lustre/mgs-setup.ktest PASS 37s
END ml-miscvm:sanity-4 run tests/fs/lustre/sanity/sanity-4.ktest PASS 67s
END ml-miscvm:sanity-2 run tests/fs/lustre/sanity/sanity-2.ktest PASS 68s
END ml-miscvm:sanity-3 run tests/fs/lustre/sanity/sanity-3.ktest PASS 70s
END ml-miscvm:llmount run tests/fs/lustre/llmount.ktest PASS 76s
END ml-miscvm:sanity-1 run tests/fs/lustre/sanity/sanity-1.ktest PASS 78s
END ml-miscvm:llog-unit run tests/fs/lustre/llog-unit.ktest FAIL 114s (exit code: 1)

============================================================
Final Results:
  checkpatch:checkpatch: FAIL (10s) (log: /var/www/ci-lustre/upstream-patch-review/300943c0a4a3537d2197989aa33fd06388f9afc6_checkpatch:checkpatch.log)
  u24:u24: PASS (37s) (log: /var/www/ci-lustre/upstream-patch-review/300943c0a4a3537d2197989aa33fd06388f9afc6_u24:u24.log)
  al2023:al2023: PASS (45s) (log: /var/www/ci-lustre/upstream-patch-review/300943c0a4a3537d2197989aa33fd06388f9afc6_al2023:al2023.log)
  ml-strict:lustre_mainline: FAIL (168s) (log: /var/www/ci-lustre/upstream-patch-review/300943c0a4a3537d2197989aa33fd06388f9afc6_ml-strict:lustre_mainline.log)
  ml:lustre_mainline: PASS (167s) (log: /var/www/ci-lustre/upstream-patch-review/300943c0a4a3537d2197989aa33fd06388f9afc6_ml:lustre_mainline.log)
  ml-miscvm:lustre_mainline_native: PASS (165s) (log: /var/www/ci-lustre/upstream-patch-review/300943c0a4a3537d2197989aa33fd06388f9afc6_ml-miscvm:lustre_mainline_native.log)
  ml-miscvm:boot: PASS (27s) (log: /var/www/ci-lustre/upstream-patch-review/300943c0a4a3537d2197989aa33fd06388f9afc6_ml-miscvm:boot.log)
  ml-miscvm:llmount: PASS (76s) (log: /var/www/ci-lustre/upstream-patch-review/300943c0a4a3537d2197989aa33fd06388f9afc6_ml-miscvm:llmount.log)
  ml-miscvm:llog-unit: FAIL (114s) (log: /var/www/ci-lustre/upstream-patch-review/300943c0a4a3537d2197989aa33fd06388f9afc6_ml-miscvm:llog-unit.log)
  ml-miscvm:mgs-setup: PASS (37s) (log: /var/www/ci-lustre/upstream-patch-review/300943c0a4a3537d2197989aa33fd06388f9afc6_ml-miscvm:mgs-setup.log)
  ml-miscvm:sanity-1: PASS (78s) (log: /var/www/ci-lustre/upstream-patch-review/300943c0a4a3537d2197989aa33fd06388f9afc6_ml-miscvm:sanity-1.log)
  ml-miscvm:sanity-2: PASS (68s) (log: /var/www/ci-lustre/upstream-patch-review/300943c0a4a3537d2197989aa33fd06388f9afc6_ml-miscvm:sanity-2.log)
  ml-miscvm:sanity-3: PASS (70s) (log: /var/www/ci-lustre/upstream-patch-review/300943c0a4a3537d2197989aa33fd06388f9afc6_ml-miscvm:sanity-3.log)
  ml-miscvm:sanity-4: PASS (67s) (log: /var/www/ci-lustre/upstream-patch-review/300943c0a4a3537d2197989aa33fd06388f9afc6_ml-miscvm:sanity-4.log)

Total execution time: 310s

Packed 5024 logs from /var/www/ci-lustre/upstream-patch-review into /home/ktest/ktest/local-site/local_data.js
Open /home/ktest/ktest/local-site/index.html in a browser
