CLI: ./pk --podman-socket unix:///run/user/1000/podman/podman.sock --shared-filesystem /tmp --tarball-input job lustre-ci --output /var/www/ci-lustre/upstream-patch-review --git-hash 3097ad5d6fe369d635ee2120520ded981419d84a --change-id 68504_3097ad5d6fe369d635ee2120520ded981419d84a --subject LU-20661 ptlrpc: Lower CPU latency system wide

Environment validated successfully
Note: custom LLVM is not synced in tarball input mode
Creating kernel tarball at /tmp/ktest-kernel.tar.gz...
Creating lustre tarball at /tmp/ktest-lustre.tar.gz...
Creating ZFS tarball at /tmp/ktest-zfs.tar.gz...
Executing 14 jobs
Jobs will start as soon as their dependencies are satisfied
Using tarball input mode

START ml:lustre_mainline build tests/fs/lustre/boot.ktest
START u24:u24 build tests/fs/lustre/boot.ktest
START al2023:al2023 build tests/fs/lustre/boot.ktest
START ml-strict:lustre_mainline build tests/fs/lustre/boot-strict.ktest
START ml-miscvm:lustre_mainline_native build tests/fs/lustre/boot.ktest
START checkpatch:checkpatch tool checkpatch
PUT /tmp/ktest-lustre.tar.gz 1s
PUT /tmp/ktest-lustre.tar.gz 1s
PUT /tmp/ktest-kernel.tar.gz 10s
PUT /tmp/ktest-kernel.tar.gz 10s
PUT /tmp/ktest-kernel.tar.gz 10s
PUT /tmp/ktest-kernel.tar.gz 10s
PUT /tmp/ktest-lustre.tar.gz 3s
PUT /tmp/ktest-lustre.tar.gz 3s
PUT /tmp/ktest-lustre.tar.gz 3s
PUT /tmp/ktest-lustre.tar.gz 2s
PUT /tmp/ktest-zfs.tar.gz 1s
PUT /tmp/ktest-zfs.tar.gz 1s
PUT /tmp/ktest-zfs.tar.gz 1s
END checkpatch:checkpatch tool checkpatch FAIL 17s (exit code: 1)
END u24:u24 build tests/fs/lustre/boot.ktest PASS 46s
END al2023:al2023 build tests/fs/lustre/boot.ktest PASS 51s
GET /tmp/ktest_ml-strict:lustre_mainline_f4vmimhp.tar 9s
END ml-strict:lustre_mainline build tests/fs/lustre/boot-strict.ktest FAIL 219s (exit code: 1)
GET /tmp/ktest_ml-miscvm:lustre_mainline_native_fma657n_.tar 0s
GET /tmp/ktest_ml:lustre_mainline_92x6blk9.tar 0s
END ml-miscvm:lustre_mainline_native build tests/fs/lustre/boot.ktest PASS 234s
START ml-miscvm:boot run tests/fs/lustre/boot.ktest
START ml-miscvm:llmount run tests/fs/lustre/llmount.ktest
START ml-miscvm:llog-unit run tests/fs/lustre/llog-unit.ktest
START ml-miscvm:mgs-setup run tests/fs/lustre/mgs-setup.ktest
START ml-miscvm:sanity-1 run tests/fs/lustre/sanity/sanity-1.ktest
START ml-miscvm:sanity-2 run tests/fs/lustre/sanity/sanity-2.ktest
START ml-miscvm:sanity-3 run tests/fs/lustre/sanity/sanity-3.ktest
START ml-miscvm:sanity-4 run tests/fs/lustre/sanity/sanity-4.ktest
END ml:lustre_mainline build tests/fs/lustre/boot.ktest PASS 235s
PUT /tmp/ktest-kernel.tar.gz 36s
PUT /tmp/ktest-kernel.tar.gz 36s
PUT /tmp/ktest-kernel.tar.gz 37s
PUT /tmp/ktest-kernel.tar.gz 37s
PUT /tmp/ktest-kernel.tar.gz 37s
PUT /tmp/ktest-kernel.tar.gz 37s
PUT /tmp/ktest-kernel.tar.gz 37s
PUT /tmp/ktest-kernel.tar.gz 37s
PUT /tmp/ktest-lustre.tar.gz 12s
PUT /tmp/ktest-lustre.tar.gz 13s
PUT /tmp/ktest-lustre.tar.gz 13s
PUT /tmp/ktest-lustre.tar.gz 12s
PUT /tmp/ktest-lustre.tar.gz 13s
PUT /tmp/ktest-lustre.tar.gz 13s
PUT /tmp/ktest-lustre.tar.gz 13s
PUT /tmp/ktest-lustre.tar.gz 13s
PUT /tmp/ktest_ml-miscvm:lustre_mainline_native_fma657n_.tar 2s
PUT /tmp/ktest_ml-miscvm:lustre_mainline_native_fma657n_.tar 2s
PUT /tmp/ktest_ml-miscvm:lustre_mainline_native_fma657n_.tar 3s
PUT /tmp/ktest_ml-miscvm:lustre_mainline_native_fma657n_.tar 2s
PUT /tmp/ktest_ml-miscvm:lustre_mainline_native_fma657n_.tar 2s
PUT /tmp/ktest_ml-miscvm:lustre_mainline_native_fma657n_.tar 3s
PUT /tmp/ktest_ml-miscvm:lustre_mainline_native_fma657n_.tar 2s
PUT /tmp/ktest_ml-miscvm:lustre_mainline_native_fma657n_.tar 3s
END ml-miscvm:boot run tests/fs/lustre/boot.ktest PASS 67s
END ml-miscvm:mgs-setup run tests/fs/lustre/mgs-setup.ktest PASS 76s
END ml-miscvm:sanity-1 run tests/fs/lustre/sanity/sanity-1.ktest PASS 107s
END ml-miscvm:sanity-3 run tests/fs/lustre/sanity/sanity-3.ktest PASS 108s
END ml-miscvm:llmount run tests/fs/lustre/llmount.ktest PASS 116s
END ml-miscvm:sanity-4 run tests/fs/lustre/sanity/sanity-4.ktest PASS 118s
END ml-miscvm:sanity-2 run tests/fs/lustre/sanity/sanity-2.ktest PASS 121s
END ml-miscvm:llog-unit run tests/fs/lustre/llog-unit.ktest FAIL 154s (exit code: 1)

============================================================
Final Results:
  checkpatch:checkpatch: FAIL (17s) (log: /var/www/ci-lustre/upstream-patch-review/3097ad5d6fe369d635ee2120520ded981419d84a_checkpatch:checkpatch.log)
  u24:u24: PASS (46s) (log: /var/www/ci-lustre/upstream-patch-review/3097ad5d6fe369d635ee2120520ded981419d84a_u24:u24.log)
  al2023:al2023: PASS (51s) (log: /var/www/ci-lustre/upstream-patch-review/3097ad5d6fe369d635ee2120520ded981419d84a_al2023:al2023.log)
  ml-strict:lustre_mainline: FAIL (219s) (log: /var/www/ci-lustre/upstream-patch-review/3097ad5d6fe369d635ee2120520ded981419d84a_ml-strict:lustre_mainline.log)
  ml:lustre_mainline: PASS (235s) (log: /var/www/ci-lustre/upstream-patch-review/3097ad5d6fe369d635ee2120520ded981419d84a_ml:lustre_mainline.log)
  ml-miscvm:lustre_mainline_native: PASS (234s) (log: /var/www/ci-lustre/upstream-patch-review/3097ad5d6fe369d635ee2120520ded981419d84a_ml-miscvm:lustre_mainline_native.log)
  ml-miscvm:boot: PASS (67s) (log: /var/www/ci-lustre/upstream-patch-review/3097ad5d6fe369d635ee2120520ded981419d84a_ml-miscvm:boot.log)
  ml-miscvm:llmount: PASS (116s) (log: /var/www/ci-lustre/upstream-patch-review/3097ad5d6fe369d635ee2120520ded981419d84a_ml-miscvm:llmount.log)
  ml-miscvm:llog-unit: FAIL (154s) (log: /var/www/ci-lustre/upstream-patch-review/3097ad5d6fe369d635ee2120520ded981419d84a_ml-miscvm:llog-unit.log)
  ml-miscvm:mgs-setup: PASS (76s) (log: /var/www/ci-lustre/upstream-patch-review/3097ad5d6fe369d635ee2120520ded981419d84a_ml-miscvm:mgs-setup.log)
  ml-miscvm:sanity-1: PASS (107s) (log: /var/www/ci-lustre/upstream-patch-review/3097ad5d6fe369d635ee2120520ded981419d84a_ml-miscvm:sanity-1.log)
  ml-miscvm:sanity-2: PASS (121s) (log: /var/www/ci-lustre/upstream-patch-review/3097ad5d6fe369d635ee2120520ded981419d84a_ml-miscvm:sanity-2.log)
  ml-miscvm:sanity-3: PASS (108s) (log: /var/www/ci-lustre/upstream-patch-review/3097ad5d6fe369d635ee2120520ded981419d84a_ml-miscvm:sanity-3.log)
  ml-miscvm:sanity-4: PASS (118s) (log: /var/www/ci-lustre/upstream-patch-review/3097ad5d6fe369d635ee2120520ded981419d84a_ml-miscvm:sanity-4.log)

Total execution time: 419s

Packed 3880 logs from /var/www/ci-lustre/upstream-patch-review into /home/ktest/ktest/local-site/local_data.js
Open /home/ktest/ktest/local-site/index.html in a browser
