CLI: ./pk --podman-socket unix:///run/podman/podman.sock --shared-filesystem /tmp --tarball-input job lustre-ci --output /var/www/ci-lustre/upstream-patch-review --git-hash 30df19c9090e608eca7ae93987fb077951223992 --change-id 67911_30df19c9090e608eca7ae93987fb077951223992 --subject LU-20554 quota: preserve partial OST usage

Environment validated successfully
Note: custom LLVM is not synced in tarball input mode
Creating kernel tarball at /tmp/ktest-kernel.tar.gz...
Creating lustre tarball at /tmp/ktest-lustre.tar.gz...
Creating ZFS tarball at /tmp/ktest-zfs.tar.gz...
Executing 14 jobs
Jobs will start as soon as their dependencies are satisfied
Using tarball input mode

START ml:lustre_mainline build tests/fs/lustre/boot.ktest
START ml-strict:lustre_mainline build tests/fs/lustre/boot-strict.ktest
START al2023:al2023 build tests/fs/lustre/boot.ktest
START u24:u24 build tests/fs/lustre/boot.ktest
START checkpatch:checkpatch tool checkpatch
START ml-miscvm:lustre_mainline_native build tests/fs/lustre/boot.ktest
PUT /tmp/ktest-lustre.tar.gz 1s
PUT /tmp/ktest-lustre.tar.gz 1s
PUT /tmp/ktest-kernel.tar.gz 6s
PUT /tmp/ktest-kernel.tar.gz 7s
PUT /tmp/ktest-kernel.tar.gz 7s
PUT /tmp/ktest-kernel.tar.gz 7s
PUT /tmp/ktest-lustre.tar.gz 1s
PUT /tmp/ktest-lustre.tar.gz 1s
PUT /tmp/ktest-lustre.tar.gz 1s
PUT /tmp/ktest-lustre.tar.gz 1s
PUT /tmp/ktest-zfs.tar.gz 0s
PUT /tmp/ktest-zfs.tar.gz 0s
PUT /tmp/ktest-zfs.tar.gz 0s
END checkpatch:checkpatch tool checkpatch PASS 10s
END u24:u24 build tests/fs/lustre/boot.ktest PASS 36s
END al2023:al2023 build tests/fs/lustre/boot.ktest PASS 44s
GET /tmp/ktest_ml:lustre_mainline_bgof526y.tar 0s
END ml:lustre_mainline build tests/fs/lustre/boot.ktest PASS 141s
GET /tmp/ktest_ml-miscvm:lustre_mainline_native_3rrhp4fu.tar 0s
END ml-miscvm:lustre_mainline_native build tests/fs/lustre/boot.ktest PASS 143s
START ml-miscvm:boot run tests/fs/lustre/boot.ktest
START ml-miscvm:llmount run tests/fs/lustre/llmount.ktest
START ml-miscvm:llog-unit run tests/fs/lustre/llog-unit.ktest
START ml-miscvm:mgs-setup run tests/fs/lustre/mgs-setup.ktest
START ml-miscvm:sanity-1 run tests/fs/lustre/sanity/sanity-1.ktest
START ml-miscvm:sanity-2 run tests/fs/lustre/sanity/sanity-2.ktest
START ml-miscvm:sanity-3 run tests/fs/lustre/sanity/sanity-3.ktest
START ml-miscvm:sanity-4 run tests/fs/lustre/sanity/sanity-4.ktest
GET /tmp/ktest_ml-strict:lustre_mainline_dcyqszd4.tar 4s
END ml-strict:lustre_mainline build tests/fs/lustre/boot-strict.ktest FAIL 147s (exit code: 1)
PUT /tmp/ktest-kernel.tar.gz 10s
PUT /tmp/ktest-kernel.tar.gz 10s
PUT /tmp/ktest-kernel.tar.gz 10s
PUT /tmp/ktest-kernel.tar.gz 10s
PUT /tmp/ktest-kernel.tar.gz 10s
PUT /tmp/ktest-kernel.tar.gz 10s
PUT /tmp/ktest-kernel.tar.gz 10s
PUT /tmp/ktest-kernel.tar.gz 11s
PUT /tmp/ktest-lustre.tar.gz 2s
PUT /tmp/ktest-lustre.tar.gz 2s
PUT /tmp/ktest-lustre.tar.gz 1s
PUT /tmp/ktest-lustre.tar.gz 2s
PUT /tmp/ktest-lustre.tar.gz 1s
PUT /tmp/ktest-lustre.tar.gz 2s
PUT /tmp/ktest-lustre.tar.gz 2s
PUT /tmp/ktest-lustre.tar.gz 1s
PUT /tmp/ktest_ml-miscvm:lustre_mainline_native_3rrhp4fu.tar 0s
PUT /tmp/ktest_ml-miscvm:lustre_mainline_native_3rrhp4fu.tar 0s
PUT /tmp/ktest_ml-miscvm:lustre_mainline_native_3rrhp4fu.tar 0s
PUT /tmp/ktest_ml-miscvm:lustre_mainline_native_3rrhp4fu.tar 0s
PUT /tmp/ktest_ml-miscvm:lustre_mainline_native_3rrhp4fu.tar 0s
PUT /tmp/ktest_ml-miscvm:lustre_mainline_native_3rrhp4fu.tar 0s
PUT /tmp/ktest_ml-miscvm:lustre_mainline_native_3rrhp4fu.tar 0s
PUT /tmp/ktest_ml-miscvm:lustre_mainline_native_3rrhp4fu.tar 0s
END ml-miscvm:boot run tests/fs/lustre/boot.ktest PASS 24s
END ml-miscvm:mgs-setup run tests/fs/lustre/mgs-setup.ktest PASS 33s
END ml-miscvm:sanity-2 run tests/fs/lustre/sanity/sanity-2.ktest PASS 61s
END ml-miscvm:sanity-1 run tests/fs/lustre/sanity/sanity-1.ktest PASS 62s
END ml-miscvm:sanity-4 run tests/fs/lustre/sanity/sanity-4.ktest PASS 64s
END ml-miscvm:sanity-3 run tests/fs/lustre/sanity/sanity-3.ktest PASS 74s
END ml-miscvm:llmount run tests/fs/lustre/llmount.ktest PASS 84s
END ml-miscvm:llog-unit run tests/fs/lustre/llog-unit.ktest FAIL 109s (exit code: 1)

============================================================
Final Results:
  checkpatch:checkpatch: PASS (10s) (log: /var/www/ci-lustre/upstream-patch-review/30df19c9090e608eca7ae93987fb077951223992_checkpatch:checkpatch.log)
  u24:u24: PASS (36s) (log: /var/www/ci-lustre/upstream-patch-review/30df19c9090e608eca7ae93987fb077951223992_u24:u24.log)
  al2023:al2023: PASS (44s) (log: /var/www/ci-lustre/upstream-patch-review/30df19c9090e608eca7ae93987fb077951223992_al2023:al2023.log)
  ml-strict:lustre_mainline: FAIL (147s) (log: /var/www/ci-lustre/upstream-patch-review/30df19c9090e608eca7ae93987fb077951223992_ml-strict:lustre_mainline.log)
  ml:lustre_mainline: PASS (141s) (log: /var/www/ci-lustre/upstream-patch-review/30df19c9090e608eca7ae93987fb077951223992_ml:lustre_mainline.log)
  ml-miscvm:lustre_mainline_native: PASS (143s) (log: /var/www/ci-lustre/upstream-patch-review/30df19c9090e608eca7ae93987fb077951223992_ml-miscvm:lustre_mainline_native.log)
  ml-miscvm:boot: PASS (24s) (log: /var/www/ci-lustre/upstream-patch-review/30df19c9090e608eca7ae93987fb077951223992_ml-miscvm:boot.log)
  ml-miscvm:llmount: PASS (84s) (log: /var/www/ci-lustre/upstream-patch-review/30df19c9090e608eca7ae93987fb077951223992_ml-miscvm:llmount.log)
  ml-miscvm:llog-unit: FAIL (109s) (log: /var/www/ci-lustre/upstream-patch-review/30df19c9090e608eca7ae93987fb077951223992_ml-miscvm:llog-unit.log)
  ml-miscvm:mgs-setup: PASS (33s) (log: /var/www/ci-lustre/upstream-patch-review/30df19c9090e608eca7ae93987fb077951223992_ml-miscvm:mgs-setup.log)
  ml-miscvm:sanity-1: PASS (62s) (log: /var/www/ci-lustre/upstream-patch-review/30df19c9090e608eca7ae93987fb077951223992_ml-miscvm:sanity-1.log)
  ml-miscvm:sanity-2: PASS (61s) (log: /var/www/ci-lustre/upstream-patch-review/30df19c9090e608eca7ae93987fb077951223992_ml-miscvm:sanity-2.log)
  ml-miscvm:sanity-3: PASS (74s) (log: /var/www/ci-lustre/upstream-patch-review/30df19c9090e608eca7ae93987fb077951223992_ml-miscvm:sanity-3.log)
  ml-miscvm:sanity-4: PASS (64s) (log: /var/www/ci-lustre/upstream-patch-review/30df19c9090e608eca7ae93987fb077951223992_ml-miscvm:sanity-4.log)

Total execution time: 282s

Packed 16136 logs from /var/www/ci-lustre/upstream-patch-review into /home/ktest/ktest/local-site/local_data.js
Open /home/ktest/ktest/local-site/index.html in a browser
