CLI: ./pk --podman-socket unix:///run/user/1000/podman/podman.sock --shared-filesystem /tmp --tarball-input job lustre-ci --output /var/www/ci-lustre/upstream-patch-review --git-hash 31001a4fa99d39bbe6cbedb63b6f7aff4a9cb8f7 --change-id 69528_31001a4fa99d39bbe6cbedb63b6f7aff4a9cb8f7 --subject LU-20253 idl: reserve OBD_CONNECT2_RENAMEAT2 flag

Environment validated successfully
Note: custom LLVM is not synced in tarball input mode
Creating kernel tarball at /tmp/ktest-kernel.tar.gz...
Creating lustre tarball at /tmp/ktest-lustre.tar.gz...
Creating ZFS tarball at /tmp/ktest-zfs.tar.gz...
Executing 14 jobs
Jobs will start as soon as their dependencies are satisfied
Using tarball input mode

START ml-miscvm:lustre_mainline_native build tests/fs/lustre/boot.ktest
START u24:u24 build tests/fs/lustre/boot.ktest
START al2023:al2023 build tests/fs/lustre/boot.ktest
START ml:lustre_mainline build tests/fs/lustre/boot.ktest
START checkpatch:checkpatch tool checkpatch
START ml-strict:lustre_mainline build tests/fs/lustre/boot-strict.ktest
PUT /tmp/ktest-lustre.tar.gz 1s
PUT /tmp/ktest-lustre.tar.gz 2s
PUT /tmp/ktest-kernel.tar.gz 8s
PUT /tmp/ktest-kernel.tar.gz 8s
PUT /tmp/ktest-kernel.tar.gz 8s
PUT /tmp/ktest-kernel.tar.gz 9s
PUT /tmp/ktest-lustre.tar.gz 3s
PUT /tmp/ktest-lustre.tar.gz 3s
PUT /tmp/ktest-lustre.tar.gz 3s
PUT /tmp/ktest-lustre.tar.gz 3s
PUT /tmp/ktest-zfs.tar.gz 0s
PUT /tmp/ktest-zfs.tar.gz 0s
PUT /tmp/ktest-zfs.tar.gz 0s
END checkpatch:checkpatch tool checkpatch PASS 15s
END u24:u24 build tests/fs/lustre/boot.ktest PASS 43s
END al2023:al2023 build tests/fs/lustre/boot.ktest PASS 47s
GET /tmp/ktest_ml-strict:lustre_mainline_i2l9xuy5.tar 6s
END ml-strict:lustre_mainline build tests/fs/lustre/boot-strict.ktest FAIL 220s (exit code: 1)
GET /tmp/ktest_ml:lustre_mainline_a5vntpn0.tar 0s
END ml:lustre_mainline build tests/fs/lustre/boot.ktest PASS 240s
GET /tmp/ktest_ml-miscvm:lustre_mainline_native_82ictg0b.tar 0s
END ml-miscvm:lustre_mainline_native build tests/fs/lustre/boot.ktest PASS 242s
START ml-miscvm:boot run tests/fs/lustre/boot.ktest
START ml-miscvm:llmount run tests/fs/lustre/llmount.ktest
START ml-miscvm:llog-unit run tests/fs/lustre/llog-unit.ktest
START ml-miscvm:mgs-setup run tests/fs/lustre/mgs-setup.ktest
START ml-miscvm:sanity-1 run tests/fs/lustre/sanity/sanity-1.ktest
START ml-miscvm:sanity-2 run tests/fs/lustre/sanity/sanity-2.ktest
START ml-miscvm:sanity-3 run tests/fs/lustre/sanity/sanity-3.ktest
START ml-miscvm:sanity-4 run tests/fs/lustre/sanity/sanity-4.ktest
PUT /tmp/ktest-kernel.tar.gz 37s
PUT /tmp/ktest-kernel.tar.gz 37s
PUT /tmp/ktest-kernel.tar.gz 37s
PUT /tmp/ktest-kernel.tar.gz 37s
PUT /tmp/ktest-kernel.tar.gz 37s
PUT /tmp/ktest-kernel.tar.gz 37s
PUT /tmp/ktest-kernel.tar.gz 38s
PUT /tmp/ktest-kernel.tar.gz 38s
PUT /tmp/ktest-lustre.tar.gz 15s
PUT /tmp/ktest-lustre.tar.gz 15s
PUT /tmp/ktest-lustre.tar.gz 15s
PUT /tmp/ktest-lustre.tar.gz 14s
PUT /tmp/ktest-lustre.tar.gz 15s
PUT /tmp/ktest-lustre.tar.gz 15s
PUT /tmp/ktest-lustre.tar.gz 15s
PUT /tmp/ktest-lustre.tar.gz 16s
PUT /tmp/ktest_ml-miscvm:lustre_mainline_native_82ictg0b.tar 3s
PUT /tmp/ktest_ml-miscvm:lustre_mainline_native_82ictg0b.tar 2s
PUT /tmp/ktest_ml-miscvm:lustre_mainline_native_82ictg0b.tar 2s
PUT /tmp/ktest_ml-miscvm:lustre_mainline_native_82ictg0b.tar 3s
PUT /tmp/ktest_ml-miscvm:lustre_mainline_native_82ictg0b.tar 3s
PUT /tmp/ktest_ml-miscvm:lustre_mainline_native_82ictg0b.tar 3s
PUT /tmp/ktest_ml-miscvm:lustre_mainline_native_82ictg0b.tar 3s
PUT /tmp/ktest_ml-miscvm:lustre_mainline_native_82ictg0b.tar 3s
END ml-miscvm:boot run tests/fs/lustre/boot.ktest PASS 69s
END ml-miscvm:mgs-setup run tests/fs/lustre/mgs-setup.ktest PASS 78s
END ml-miscvm:sanity-4 run tests/fs/lustre/sanity/sanity-4.ktest PASS 106s
END ml-miscvm:sanity-1 run tests/fs/lustre/sanity/sanity-1.ktest PASS 108s
END ml-miscvm:llmount run tests/fs/lustre/llmount.ktest PASS 115s
END ml-miscvm:sanity-3 run tests/fs/lustre/sanity/sanity-3.ktest PASS 120s
END ml-miscvm:sanity-2 run tests/fs/lustre/sanity/sanity-2.ktest PASS 122s
END ml-miscvm:llog-unit run tests/fs/lustre/llog-unit.ktest FAIL 154s (exit code: 1)

============================================================
Final Results:
  checkpatch:checkpatch: PASS (15s) (log: /var/www/ci-lustre/upstream-patch-review/31001a4fa99d39bbe6cbedb63b6f7aff4a9cb8f7_checkpatch:checkpatch.log)
  u24:u24: PASS (43s) (log: /var/www/ci-lustre/upstream-patch-review/31001a4fa99d39bbe6cbedb63b6f7aff4a9cb8f7_u24:u24.log)
  al2023:al2023: PASS (47s) (log: /var/www/ci-lustre/upstream-patch-review/31001a4fa99d39bbe6cbedb63b6f7aff4a9cb8f7_al2023:al2023.log)
  ml-strict:lustre_mainline: FAIL (220s) (log: /var/www/ci-lustre/upstream-patch-review/31001a4fa99d39bbe6cbedb63b6f7aff4a9cb8f7_ml-strict:lustre_mainline.log)
  ml:lustre_mainline: PASS (240s) (log: /var/www/ci-lustre/upstream-patch-review/31001a4fa99d39bbe6cbedb63b6f7aff4a9cb8f7_ml:lustre_mainline.log)
  ml-miscvm:lustre_mainline_native: PASS (242s) (log: /var/www/ci-lustre/upstream-patch-review/31001a4fa99d39bbe6cbedb63b6f7aff4a9cb8f7_ml-miscvm:lustre_mainline_native.log)
  ml-miscvm:boot: PASS (69s) (log: /var/www/ci-lustre/upstream-patch-review/31001a4fa99d39bbe6cbedb63b6f7aff4a9cb8f7_ml-miscvm:boot.log)
  ml-miscvm:llmount: PASS (115s) (log: /var/www/ci-lustre/upstream-patch-review/31001a4fa99d39bbe6cbedb63b6f7aff4a9cb8f7_ml-miscvm:llmount.log)
  ml-miscvm:llog-unit: FAIL (154s) (log: /var/www/ci-lustre/upstream-patch-review/31001a4fa99d39bbe6cbedb63b6f7aff4a9cb8f7_ml-miscvm:llog-unit.log)
  ml-miscvm:mgs-setup: PASS (78s) (log: /var/www/ci-lustre/upstream-patch-review/31001a4fa99d39bbe6cbedb63b6f7aff4a9cb8f7_ml-miscvm:mgs-setup.log)
  ml-miscvm:sanity-1: PASS (108s) (log: /var/www/ci-lustre/upstream-patch-review/31001a4fa99d39bbe6cbedb63b6f7aff4a9cb8f7_ml-miscvm:sanity-1.log)
  ml-miscvm:sanity-2: PASS (122s) (log: /var/www/ci-lustre/upstream-patch-review/31001a4fa99d39bbe6cbedb63b6f7aff4a9cb8f7_ml-miscvm:sanity-2.log)
  ml-miscvm:sanity-3: PASS (120s) (log: /var/www/ci-lustre/upstream-patch-review/31001a4fa99d39bbe6cbedb63b6f7aff4a9cb8f7_ml-miscvm:sanity-3.log)
  ml-miscvm:sanity-4: PASS (106s) (log: /var/www/ci-lustre/upstream-patch-review/31001a4fa99d39bbe6cbedb63b6f7aff4a9cb8f7_ml-miscvm:sanity-4.log)

Total execution time: 428s

Packed 5296 logs from /var/www/ci-lustre/upstream-patch-review into /home/ktest/ktest/local-site/local_data.js
Open /home/ktest/ktest/local-site/index.html in a browser
