CLI: ./pk --podman-socket unix:///run/podman/podman.sock --shared-filesystem /tmp --tarball-input job lustre-ci --output /var/www/ci-lustre/upstream-patch-review --git-hash 31da8d066ed1840a551b81b15dc2ae1d0223b271 --change-id 67818_31da8d066ed1840a551b81b15dc2ae1d0223b271 --subject LU-20559 target: don't LBUG on exports of a failed mount

Environment validated successfully
Note: custom LLVM is not synced in tarball input mode
Creating kernel tarball at /tmp/ktest-kernel.tar.gz...
Creating lustre tarball at /tmp/ktest-lustre.tar.gz...
Creating ZFS tarball at /tmp/ktest-zfs.tar.gz...
Executing 14 jobs
Jobs will start as soon as their dependencies are satisfied
Using tarball input mode

START al2023:al2023 build tests/fs/lustre/boot.ktest
START ml-miscvm:lustre_mainline_native build tests/fs/lustre/boot.ktest
START ml:lustre_mainline build tests/fs/lustre/boot.ktest
START u24:u24 build tests/fs/lustre/boot.ktest
START checkpatch:checkpatch tool checkpatch
START ml-strict:lustre_mainline build tests/fs/lustre/boot-strict.ktest
PUT /tmp/ktest-lustre.tar.gz 1s
PUT /tmp/ktest-lustre.tar.gz 1s
PUT /tmp/ktest-kernel.tar.gz 6s
PUT /tmp/ktest-kernel.tar.gz 7s
PUT /tmp/ktest-kernel.tar.gz 7s
PUT /tmp/ktest-kernel.tar.gz 7s
PUT /tmp/ktest-lustre.tar.gz 3s
PUT /tmp/ktest-lustre.tar.gz 2s
PUT /tmp/ktest-lustre.tar.gz 3s
PUT /tmp/ktest-lustre.tar.gz 3s
PUT /tmp/ktest-zfs.tar.gz 0s
PUT /tmp/ktest-zfs.tar.gz 0s
PUT /tmp/ktest-zfs.tar.gz 0s
END checkpatch:checkpatch tool checkpatch PASS 13s
END u24:u24 build tests/fs/lustre/boot.ktest PASS 41s
END al2023:al2023 build tests/fs/lustre/boot.ktest PASS 47s
GET /tmp/ktest_ml:lustre_mainline_nh4s3yv1.tar 0s
GET /tmp/ktest_ml-miscvm:lustre_mainline_native_hslq1zla.tar 0s
END ml:lustre_mainline build tests/fs/lustre/boot.ktest PASS 175s
END ml-miscvm:lustre_mainline_native build tests/fs/lustre/boot.ktest PASS 176s
START ml-miscvm:boot run tests/fs/lustre/boot.ktest
START ml-miscvm:llmount run tests/fs/lustre/llmount.ktest
START ml-miscvm:llog-unit run tests/fs/lustre/llog-unit.ktest
START ml-miscvm:mgs-setup run tests/fs/lustre/mgs-setup.ktest
START ml-miscvm:sanity-1 run tests/fs/lustre/sanity/sanity-1.ktest
START ml-miscvm:sanity-2 run tests/fs/lustre/sanity/sanity-2.ktest
START ml-miscvm:sanity-3 run tests/fs/lustre/sanity/sanity-3.ktest
START ml-miscvm:sanity-4 run tests/fs/lustre/sanity/sanity-4.ktest
GET /tmp/ktest_ml-strict:lustre_mainline_qz31px2o.tar 9s
END ml-strict:lustre_mainline build tests/fs/lustre/boot-strict.ktest FAIL 184s (exit code: 1)
PUT /tmp/ktest-kernel.tar.gz 26s
PUT /tmp/ktest-kernel.tar.gz 26s
PUT /tmp/ktest-kernel.tar.gz 26s
PUT /tmp/ktest-kernel.tar.gz 26s
PUT /tmp/ktest-kernel.tar.gz 26s
PUT /tmp/ktest-kernel.tar.gz 26s
PUT /tmp/ktest-kernel.tar.gz 26s
PUT /tmp/ktest-kernel.tar.gz 26s
PUT /tmp/ktest-lustre.tar.gz 5s
PUT /tmp/ktest-lustre.tar.gz 5s
PUT /tmp/ktest-lustre.tar.gz 5s
PUT /tmp/ktest-lustre.tar.gz 6s
PUT /tmp/ktest-lustre.tar.gz 5s
PUT /tmp/ktest-lustre.tar.gz 5s
PUT /tmp/ktest-lustre.tar.gz 5s
PUT /tmp/ktest-lustre.tar.gz 5s
PUT /tmp/ktest_ml-miscvm:lustre_mainline_native_hslq1zla.tar 0s
PUT /tmp/ktest_ml-miscvm:lustre_mainline_native_hslq1zla.tar 0s
PUT /tmp/ktest_ml-miscvm:lustre_mainline_native_hslq1zla.tar 0s
PUT /tmp/ktest_ml-miscvm:lustre_mainline_native_hslq1zla.tar 0s
PUT /tmp/ktest_ml-miscvm:lustre_mainline_native_hslq1zla.tar 0s
PUT /tmp/ktest_ml-miscvm:lustre_mainline_native_hslq1zla.tar 0s
PUT /tmp/ktest_ml-miscvm:lustre_mainline_native_hslq1zla.tar 0s
PUT /tmp/ktest_ml-miscvm:lustre_mainline_native_hslq1zla.tar 0s
END ml-miscvm:boot run tests/fs/lustre/boot.ktest PASS 45s
END ml-miscvm:mgs-setup run tests/fs/lustre/mgs-setup.ktest PASS 53s
END ml-miscvm:sanity-1 run tests/fs/lustre/sanity/sanity-1.ktest PASS 84s
END ml-miscvm:sanity-4 run tests/fs/lustre/sanity/sanity-4.ktest PASS 85s
END ml-miscvm:sanity-2 run tests/fs/lustre/sanity/sanity-2.ktest PASS 87s
END ml-miscvm:llmount run tests/fs/lustre/llmount.ktest PASS 94s
END ml-miscvm:sanity-3 run tests/fs/lustre/sanity/sanity-3.ktest PASS 95s
END ml-miscvm:llog-unit run tests/fs/lustre/llog-unit.ktest FAIL 131s (exit code: 1)

============================================================
Final Results:
  checkpatch:checkpatch: PASS (13s) (log: /var/www/ci-lustre/upstream-patch-review/31da8d066ed1840a551b81b15dc2ae1d0223b271_checkpatch:checkpatch.log)
  u24:u24: PASS (41s) (log: /var/www/ci-lustre/upstream-patch-review/31da8d066ed1840a551b81b15dc2ae1d0223b271_u24:u24.log)
  al2023:al2023: PASS (47s) (log: /var/www/ci-lustre/upstream-patch-review/31da8d066ed1840a551b81b15dc2ae1d0223b271_al2023:al2023.log)
  ml-strict:lustre_mainline: FAIL (184s) (log: /var/www/ci-lustre/upstream-patch-review/31da8d066ed1840a551b81b15dc2ae1d0223b271_ml-strict:lustre_mainline.log)
  ml:lustre_mainline: PASS (175s) (log: /var/www/ci-lustre/upstream-patch-review/31da8d066ed1840a551b81b15dc2ae1d0223b271_ml:lustre_mainline.log)
  ml-miscvm:lustre_mainline_native: PASS (176s) (log: /var/www/ci-lustre/upstream-patch-review/31da8d066ed1840a551b81b15dc2ae1d0223b271_ml-miscvm:lustre_mainline_native.log)
  ml-miscvm:boot: PASS (45s) (log: /var/www/ci-lustre/upstream-patch-review/31da8d066ed1840a551b81b15dc2ae1d0223b271_ml-miscvm:boot.log)
  ml-miscvm:llmount: PASS (94s) (log: /var/www/ci-lustre/upstream-patch-review/31da8d066ed1840a551b81b15dc2ae1d0223b271_ml-miscvm:llmount.log)
  ml-miscvm:llog-unit: FAIL (131s) (log: /var/www/ci-lustre/upstream-patch-review/31da8d066ed1840a551b81b15dc2ae1d0223b271_ml-miscvm:llog-unit.log)
  ml-miscvm:mgs-setup: PASS (53s) (log: /var/www/ci-lustre/upstream-patch-review/31da8d066ed1840a551b81b15dc2ae1d0223b271_ml-miscvm:mgs-setup.log)
  ml-miscvm:sanity-1: PASS (84s) (log: /var/www/ci-lustre/upstream-patch-review/31da8d066ed1840a551b81b15dc2ae1d0223b271_ml-miscvm:sanity-1.log)
  ml-miscvm:sanity-2: PASS (87s) (log: /var/www/ci-lustre/upstream-patch-review/31da8d066ed1840a551b81b15dc2ae1d0223b271_ml-miscvm:sanity-2.log)
  ml-miscvm:sanity-3: PASS (95s) (log: /var/www/ci-lustre/upstream-patch-review/31da8d066ed1840a551b81b15dc2ae1d0223b271_ml-miscvm:sanity-3.log)
  ml-miscvm:sanity-4: PASS (85s) (log: /var/www/ci-lustre/upstream-patch-review/31da8d066ed1840a551b81b15dc2ae1d0223b271_ml-miscvm:sanity-4.log)

Total execution time: 339s

Packed 5466 logs from /var/www/ci-lustre/upstream-patch-review into /home/ktest/ktest/local-site/local_data.js
Open /home/ktest/ktest/local-site/index.html in a browser
