CLI: ./pk --podman-socket unix:///run/podman/podman.sock --shared-filesystem /tmp --tarball-input job lustre-ci --output /var/www/ci-lustre/upstream-patch-review --git-hash 3203d2f322bbf3e2db1c32ae837275cee27899d4 --change-id 58987_3203d2f322bbf3e2db1c32ae837275cee27899d4 --subject LU-17848 osd: deduplicate osd_map_remote_to_local()

Environment validated successfully
Note: custom LLVM is not synced in tarball input mode
Creating kernel tarball at /tmp/ktest-kernel.tar.gz...
Creating lustre tarball at /tmp/ktest-lustre.tar.gz...
Creating ZFS tarball at /tmp/ktest-zfs.tar.gz...
Executing 14 jobs
Jobs will start as soon as their dependencies are satisfied
Using tarball input mode

START ml:lustre_mainline build tests/fs/lustre/boot.ktest
START al2023:al2023 build tests/fs/lustre/boot.ktest
START u24:u24 build tests/fs/lustre/boot.ktest
START checkpatch:checkpatch tool checkpatch
START ml-strict:lustre_mainline build tests/fs/lustre/boot-strict.ktest
START ml-miscvm:lustre_mainline_native build tests/fs/lustre/boot.ktest
PUT /tmp/ktest-lustre.tar.gz 1s
PUT /tmp/ktest-lustre.tar.gz 1s
PUT /tmp/ktest-kernel.tar.gz 7s
PUT /tmp/ktest-kernel.tar.gz 7s
PUT /tmp/ktest-kernel.tar.gz 7s
PUT /tmp/ktest-kernel.tar.gz 7s
PUT /tmp/ktest-lustre.tar.gz 2s
PUT /tmp/ktest-lustre.tar.gz 2s
PUT /tmp/ktest-lustre.tar.gz 2s
PUT /tmp/ktest-lustre.tar.gz 2s
PUT /tmp/ktest-zfs.tar.gz 0s
PUT /tmp/ktest-zfs.tar.gz 0s
PUT /tmp/ktest-zfs.tar.gz 0s
END checkpatch:checkpatch tool checkpatch PASS 13s
END u24:u24 build tests/fs/lustre/boot.ktest PASS 40s
END al2023:al2023 build tests/fs/lustre/boot.ktest PASS 45s
GET /tmp/ktest_ml-strict:lustre_mainline_xik_w2fj.tar 5s
END ml-strict:lustre_mainline build tests/fs/lustre/boot-strict.ktest FAIL 170s (exit code: 1)
GET /tmp/ktest_ml:lustre_mainline_dbnrdkzb.tar 12s
END ml:lustre_mainline build tests/fs/lustre/boot.ktest PASS 171s
GET /tmp/ktest_ml-miscvm:lustre_mainline_native_5s6wz2zk.tar 1s
END ml-miscvm:lustre_mainline_native build tests/fs/lustre/boot.ktest PASS 173s
START ml-miscvm:boot run tests/fs/lustre/boot.ktest
START ml-miscvm:llmount run tests/fs/lustre/llmount.ktest
START ml-miscvm:llog-unit run tests/fs/lustre/llog-unit.ktest
START ml-miscvm:mgs-setup run tests/fs/lustre/mgs-setup.ktest
START ml-miscvm:sanity-1 run tests/fs/lustre/sanity/sanity-1.ktest
START ml-miscvm:sanity-2 run tests/fs/lustre/sanity/sanity-2.ktest
START ml-miscvm:sanity-3 run tests/fs/lustre/sanity/sanity-3.ktest
START ml-miscvm:sanity-4 run tests/fs/lustre/sanity/sanity-4.ktest
PUT /tmp/ktest-kernel.tar.gz 31s
PUT /tmp/ktest-kernel.tar.gz 31s
PUT /tmp/ktest-kernel.tar.gz 32s
PUT /tmp/ktest-kernel.tar.gz 31s
PUT /tmp/ktest-kernel.tar.gz 32s
PUT /tmp/ktest-kernel.tar.gz 32s
PUT /tmp/ktest-kernel.tar.gz 32s
PUT /tmp/ktest-kernel.tar.gz 32s
PUT /tmp/ktest-lustre.tar.gz 10s
PUT /tmp/ktest-lustre.tar.gz 10s
PUT /tmp/ktest-lustre.tar.gz 10s
PUT /tmp/ktest-lustre.tar.gz 10s
PUT /tmp/ktest-lustre.tar.gz 9s
PUT /tmp/ktest-lustre.tar.gz 10s
PUT /tmp/ktest-lustre.tar.gz 10s
PUT /tmp/ktest-lustre.tar.gz 11s
PUT /tmp/ktest_ml-miscvm:lustre_mainline_native_5s6wz2zk.tar 1s
PUT /tmp/ktest_ml-miscvm:lustre_mainline_native_5s6wz2zk.tar 1s
PUT /tmp/ktest_ml-miscvm:lustre_mainline_native_5s6wz2zk.tar 1s
PUT /tmp/ktest_ml-miscvm:lustre_mainline_native_5s6wz2zk.tar 1s
PUT /tmp/ktest_ml-miscvm:lustre_mainline_native_5s6wz2zk.tar 1s
PUT /tmp/ktest_ml-miscvm:lustre_mainline_native_5s6wz2zk.tar 1s
PUT /tmp/ktest_ml-miscvm:lustre_mainline_native_5s6wz2zk.tar 1s
PUT /tmp/ktest_ml-miscvm:lustre_mainline_native_5s6wz2zk.tar 1s
END ml-miscvm:boot run tests/fs/lustre/boot.ktest PASS 54s
END ml-miscvm:mgs-setup run tests/fs/lustre/mgs-setup.ktest PASS 64s
END ml-miscvm:sanity-2 run tests/fs/lustre/sanity/sanity-2.ktest PASS 94s
END ml-miscvm:sanity-1 run tests/fs/lustre/sanity/sanity-1.ktest PASS 96s
END ml-miscvm:llmount run tests/fs/lustre/llmount.ktest PASS 115s
END ml-miscvm:sanity-3 run tests/fs/lustre/sanity/sanity-3.ktest PASS 123s
END ml-miscvm:sanity-4 run tests/fs/lustre/sanity/sanity-4.ktest PASS 124s
END ml-miscvm:llog-unit run tests/fs/lustre/llog-unit.ktest FAIL 141s (exit code: 1)

============================================================
Final Results:
  checkpatch:checkpatch: PASS (13s) (log: /var/www/ci-lustre/upstream-patch-review/3203d2f322bbf3e2db1c32ae837275cee27899d4_checkpatch:checkpatch.log)
  u24:u24: PASS (40s) (log: /var/www/ci-lustre/upstream-patch-review/3203d2f322bbf3e2db1c32ae837275cee27899d4_u24:u24.log)
  al2023:al2023: PASS (45s) (log: /var/www/ci-lustre/upstream-patch-review/3203d2f322bbf3e2db1c32ae837275cee27899d4_al2023:al2023.log)
  ml-strict:lustre_mainline: FAIL (170s) (log: /var/www/ci-lustre/upstream-patch-review/3203d2f322bbf3e2db1c32ae837275cee27899d4_ml-strict:lustre_mainline.log)
  ml:lustre_mainline: PASS (171s) (log: /var/www/ci-lustre/upstream-patch-review/3203d2f322bbf3e2db1c32ae837275cee27899d4_ml:lustre_mainline.log)
  ml-miscvm:lustre_mainline_native: PASS (173s) (log: /var/www/ci-lustre/upstream-patch-review/3203d2f322bbf3e2db1c32ae837275cee27899d4_ml-miscvm:lustre_mainline_native.log)
  ml-miscvm:boot: PASS (54s) (log: /var/www/ci-lustre/upstream-patch-review/3203d2f322bbf3e2db1c32ae837275cee27899d4_ml-miscvm:boot.log)
  ml-miscvm:llmount: PASS (115s) (log: /var/www/ci-lustre/upstream-patch-review/3203d2f322bbf3e2db1c32ae837275cee27899d4_ml-miscvm:llmount.log)
  ml-miscvm:llog-unit: FAIL (141s) (log: /var/www/ci-lustre/upstream-patch-review/3203d2f322bbf3e2db1c32ae837275cee27899d4_ml-miscvm:llog-unit.log)
  ml-miscvm:mgs-setup: PASS (64s) (log: /var/www/ci-lustre/upstream-patch-review/3203d2f322bbf3e2db1c32ae837275cee27899d4_ml-miscvm:mgs-setup.log)
  ml-miscvm:sanity-1: PASS (96s) (log: /var/www/ci-lustre/upstream-patch-review/3203d2f322bbf3e2db1c32ae837275cee27899d4_ml-miscvm:sanity-1.log)
  ml-miscvm:sanity-2: PASS (94s) (log: /var/www/ci-lustre/upstream-patch-review/3203d2f322bbf3e2db1c32ae837275cee27899d4_ml-miscvm:sanity-2.log)
  ml-miscvm:sanity-3: PASS (123s) (log: /var/www/ci-lustre/upstream-patch-review/3203d2f322bbf3e2db1c32ae837275cee27899d4_ml-miscvm:sanity-3.log)
  ml-miscvm:sanity-4: PASS (124s) (log: /var/www/ci-lustre/upstream-patch-review/3203d2f322bbf3e2db1c32ae837275cee27899d4_ml-miscvm:sanity-4.log)

Total execution time: 344s

Packed 4175 logs from /var/www/ci-lustre/upstream-patch-review into /home/ktest/ktest/local-site/local_data.js
Open /home/ktest/ktest/local-site/index.html in a browser
