CLI: ./pk --podman-socket unix:///run/podman/podman.sock --shared-filesystem /tmp --tarball-input job lustre-ci --output /var/www/ci-lustre/upstream-patch-review --git-hash 32684f260cb4464b9180b66a0b4a3339dd06b696 --change-id 65628_32684f260cb4464b9180b66a0b4a3339dd06b696 --subject LU-20214 tests: no support for noacl in 6.0+

Environment validated successfully
Note: custom LLVM is not synced in tarball input mode
Creating kernel tarball at /tmp/ktest-kernel.tar.gz...
Creating lustre tarball at /tmp/ktest-lustre.tar.gz...
Creating ZFS tarball at /tmp/ktest-zfs.tar.gz...
Executing 14 jobs
Jobs will start as soon as their dependencies are satisfied
Using tarball input mode

START al2023:al2023 build tests/fs/lustre/boot.ktest
START ml:lustre_mainline build tests/fs/lustre/boot.ktest
START checkpatch:checkpatch tool checkpatch
START u24:u24 build tests/fs/lustre/boot.ktest
START ml-strict:lustre_mainline build tests/fs/lustre/boot-strict.ktest
START ml-miscvm:lustre_mainline_native build tests/fs/lustre/boot.ktest
PUT /tmp/ktest-lustre.tar.gz 2s
PUT /tmp/ktest-lustre.tar.gz 2s
PUT /tmp/ktest-kernel.tar.gz 6s
PUT /tmp/ktest-kernel.tar.gz 7s
PUT /tmp/ktest-kernel.tar.gz 7s
PUT /tmp/ktest-kernel.tar.gz 7s
PUT /tmp/ktest-lustre.tar.gz 3s
PUT /tmp/ktest-lustre.tar.gz 3s
PUT /tmp/ktest-lustre.tar.gz 3s
PUT /tmp/ktest-lustre.tar.gz 3s
PUT /tmp/ktest-zfs.tar.gz 0s
PUT /tmp/ktest-zfs.tar.gz 0s
PUT /tmp/ktest-zfs.tar.gz 0s
END checkpatch:checkpatch tool checkpatch FAIL 13s (exit code: 1)
END u24:u24 build tests/fs/lustre/boot.ktest PASS 41s
END al2023:al2023 build tests/fs/lustre/boot.ktest PASS 48s
GET /tmp/ktest_ml:lustre_mainline_v5bd03mo.tar 0s
END ml:lustre_mainline build tests/fs/lustre/boot.ktest PASS 166s
GET /tmp/ktest_ml-miscvm:lustre_mainline_native_7lal28wk.tar 0s
END ml-miscvm:lustre_mainline_native build tests/fs/lustre/boot.ktest PASS 168s
START ml-miscvm:boot run tests/fs/lustre/boot.ktest
START ml-miscvm:llmount run tests/fs/lustre/llmount.ktest
START ml-miscvm:llog-unit run tests/fs/lustre/llog-unit.ktest
START ml-miscvm:mgs-setup run tests/fs/lustre/mgs-setup.ktest
START ml-miscvm:sanity-1 run tests/fs/lustre/sanity/sanity-1.ktest
START ml-miscvm:sanity-2 run tests/fs/lustre/sanity/sanity-2.ktest
START ml-miscvm:sanity-3 run tests/fs/lustre/sanity/sanity-3.ktest
START ml-miscvm:sanity-4 run tests/fs/lustre/sanity/sanity-4.ktest
GET /tmp/ktest_ml-strict:lustre_mainline_hqd0y_im.tar 6s
END ml-strict:lustre_mainline build tests/fs/lustre/boot-strict.ktest FAIL 171s (exit code: 1)
PUT /tmp/ktest-kernel.tar.gz 25s
PUT /tmp/ktest-kernel.tar.gz 27s
PUT /tmp/ktest-kernel.tar.gz 27s
PUT /tmp/ktest-kernel.tar.gz 30s
PUT /tmp/ktest-kernel.tar.gz 28s
PUT /tmp/ktest-kernel.tar.gz 28s
PUT /tmp/ktest-kernel.tar.gz 28s
PUT /tmp/ktest-kernel.tar.gz 31s
PUT /tmp/ktest-lustre.tar.gz 6s
PUT /tmp/ktest-lustre.tar.gz 5s
PUT /tmp/ktest-lustre.tar.gz 6s
PUT /tmp/ktest-lustre.tar.gz 12s
PUT /tmp/ktest-lustre.tar.gz 6s
PUT /tmp/ktest-lustre.tar.gz 6s
PUT /tmp/ktest-lustre.tar.gz 6s
PUT /tmp/ktest-lustre.tar.gz 6s
PUT /tmp/ktest_ml-miscvm:lustre_mainline_native_7lal28wk.tar 0s
PUT /tmp/ktest_ml-miscvm:lustre_mainline_native_7lal28wk.tar 0s
PUT /tmp/ktest_ml-miscvm:lustre_mainline_native_7lal28wk.tar 0s
PUT /tmp/ktest_ml-miscvm:lustre_mainline_native_7lal28wk.tar 0s
PUT /tmp/ktest_ml-miscvm:lustre_mainline_native_7lal28wk.tar 0s
PUT /tmp/ktest_ml-miscvm:lustre_mainline_native_7lal28wk.tar 0s
PUT /tmp/ktest_ml-miscvm:lustre_mainline_native_7lal28wk.tar 0s
PUT /tmp/ktest_ml-miscvm:lustre_mainline_native_7lal28wk.tar 0s
END ml-miscvm:boot run tests/fs/lustre/boot.ktest PASS 48s
END ml-miscvm:mgs-setup run tests/fs/lustre/mgs-setup.ktest PASS 58s
END ml-miscvm:sanity-2 run tests/fs/lustre/sanity/sanity-2.ktest PASS 86s
END ml-miscvm:sanity-4 run tests/fs/lustre/sanity/sanity-4.ktest PASS 87s
END ml-miscvm:sanity-1 run tests/fs/lustre/sanity/sanity-1.ktest PASS 99s
END ml-miscvm:sanity-3 run tests/fs/lustre/sanity/sanity-3.ktest PASS 100s
END ml-miscvm:llmount run tests/fs/lustre/llmount.ktest PASS 108s
END ml-miscvm:llog-unit run tests/fs/lustre/llog-unit.ktest FAIL 135s (exit code: 1)

============================================================
Final Results:
  checkpatch:checkpatch: FAIL (13s) (log: /var/www/ci-lustre/upstream-patch-review/32684f260cb4464b9180b66a0b4a3339dd06b696_checkpatch:checkpatch.log)
  u24:u24: PASS (41s) (log: /var/www/ci-lustre/upstream-patch-review/32684f260cb4464b9180b66a0b4a3339dd06b696_u24:u24.log)
  al2023:al2023: PASS (48s) (log: /var/www/ci-lustre/upstream-patch-review/32684f260cb4464b9180b66a0b4a3339dd06b696_al2023:al2023.log)
  ml-strict:lustre_mainline: FAIL (171s) (log: /var/www/ci-lustre/upstream-patch-review/32684f260cb4464b9180b66a0b4a3339dd06b696_ml-strict:lustre_mainline.log)
  ml:lustre_mainline: PASS (166s) (log: /var/www/ci-lustre/upstream-patch-review/32684f260cb4464b9180b66a0b4a3339dd06b696_ml:lustre_mainline.log)
  ml-miscvm:lustre_mainline_native: PASS (168s) (log: /var/www/ci-lustre/upstream-patch-review/32684f260cb4464b9180b66a0b4a3339dd06b696_ml-miscvm:lustre_mainline_native.log)
  ml-miscvm:boot: PASS (48s) (log: /var/www/ci-lustre/upstream-patch-review/32684f260cb4464b9180b66a0b4a3339dd06b696_ml-miscvm:boot.log)
  ml-miscvm:llmount: PASS (108s) (log: /var/www/ci-lustre/upstream-patch-review/32684f260cb4464b9180b66a0b4a3339dd06b696_ml-miscvm:llmount.log)
  ml-miscvm:llog-unit: FAIL (135s) (log: /var/www/ci-lustre/upstream-patch-review/32684f260cb4464b9180b66a0b4a3339dd06b696_ml-miscvm:llog-unit.log)
  ml-miscvm:mgs-setup: PASS (58s) (log: /var/www/ci-lustre/upstream-patch-review/32684f260cb4464b9180b66a0b4a3339dd06b696_ml-miscvm:mgs-setup.log)
  ml-miscvm:sanity-1: PASS (99s) (log: /var/www/ci-lustre/upstream-patch-review/32684f260cb4464b9180b66a0b4a3339dd06b696_ml-miscvm:sanity-1.log)
  ml-miscvm:sanity-2: PASS (86s) (log: /var/www/ci-lustre/upstream-patch-review/32684f260cb4464b9180b66a0b4a3339dd06b696_ml-miscvm:sanity-2.log)
  ml-miscvm:sanity-3: PASS (100s) (log: /var/www/ci-lustre/upstream-patch-review/32684f260cb4464b9180b66a0b4a3339dd06b696_ml-miscvm:sanity-3.log)
  ml-miscvm:sanity-4: PASS (87s) (log: /var/www/ci-lustre/upstream-patch-review/32684f260cb4464b9180b66a0b4a3339dd06b696_ml-miscvm:sanity-4.log)

Total execution time: 334s

Packed 2983 logs from /var/www/ci-lustre/upstream-patch-review into /home/ktest/ktest/local-site/local_data.js
Open /home/ktest/ktest/local-site/index.html in a browser
