WARNING:DEEP_INDENTATION: Too many leading tabs - consider code refactoring
#387: FILE: lnet/utils/lnetctl.c:5628:
+						if (!ni_entry->nie_tunables_set &&

WARNING:DEEP_INDENTATION: Too many leading tabs - consider code refactoring
#391: FILE: lnet/utils/lnetctl.c:5632:
+						if (!ni_entry->nie_lnd_tunables_set &&

WARNING:DEEP_INDENTATION: Too many leading tabs - consider code refactoring
#396: FILE: lnet/utils/lnetctl.c:5637:
+						if (ni_entry->nie_tunables_set ||

WARNING:DEEP_INDENTATION: Too many leading tabs - consider code refactoring
#412: FILE: lnet/utils/lnetctl.c:5653:
+						if (rc < 0) {

WARNING:LONG_LINE_STRING: line length of 103 exceeds 100 columns
#875: FILE: lustre/tests/sanity-lnet.sh:2926:
+	log "Show warning if we try to set different tunables (not lnd_tunables) for NIs of a same net"

total: 0 errors, 5 warnings, 972 lines checked

NOTE: For some of the reported defects, checkpatch may be able to
      mechanically convert to the typical style using --fix or --fix-inplace.

Your patch has style problems, please review.

NOTE: If any of the errors are false positives, please report
      them to the maintainer, see CHECKPATCH in MAINTAINERS.
