CLI: ./pk --podman-socket unix:///run/user/1000/podman/podman.sock --shared-filesystem /tmp --tarball-input job lustre-ci --output /var/www/ci-lustre/upstream-patch-review --git-hash 3386ba4b684885dc5fab2b9b631879703fa99dfa --change-id 68726_3386ba4b684885dc5fab2b9b631879703fa99dfa --subject LU-20603 llapi: pull a scan's records in batches

Environment validated successfully
Note: custom LLVM is not synced in tarball input mode
Creating kernel tarball at /tmp/ktest-kernel.tar.gz...
Creating lustre tarball at /tmp/ktest-lustre.tar.gz...
Creating ZFS tarball at /tmp/ktest-zfs.tar.gz...
Executing 14 jobs
Jobs will start as soon as their dependencies are satisfied
Using tarball input mode

START ml-miscvm:lustre_mainline_native build tests/fs/lustre/boot.ktest
START ml:lustre_mainline build tests/fs/lustre/boot.ktest
START ml-strict:lustre_mainline build tests/fs/lustre/boot-strict.ktest
START u24:u24 build tests/fs/lustre/boot.ktest
START checkpatch:checkpatch tool checkpatch
START al2023:al2023 build tests/fs/lustre/boot.ktest
PUT /tmp/ktest-lustre.tar.gz 1s
PUT /tmp/ktest-lustre.tar.gz 1s
PUT /tmp/ktest-kernel.tar.gz 10s
PUT /tmp/ktest-kernel.tar.gz 10s
PUT /tmp/ktest-kernel.tar.gz 10s
PUT /tmp/ktest-kernel.tar.gz 10s
PUT /tmp/ktest-lustre.tar.gz 3s
PUT /tmp/ktest-lustre.tar.gz 3s
PUT /tmp/ktest-lustre.tar.gz 4s
PUT /tmp/ktest-lustre.tar.gz 4s
PUT /tmp/ktest-zfs.tar.gz 0s
PUT /tmp/ktest-zfs.tar.gz 0s
PUT /tmp/ktest-zfs.tar.gz 0s
END checkpatch:checkpatch tool checkpatch FAIL 17s (exit code: 1)
END u24:u24 build tests/fs/lustre/boot.ktest PASS 45s
END al2023:al2023 build tests/fs/lustre/boot.ktest PASS 50s
GET /tmp/ktest_ml-strict:lustre_mainline_qz4bt6iz.tar 5s
END ml-strict:lustre_mainline build tests/fs/lustre/boot-strict.ktest FAIL 172s (exit code: 1)
GET /tmp/ktest_ml-miscvm:lustre_mainline_native__wu6pjor.tar 2s
GET /tmp/ktest_ml:lustre_mainline_9hoqjgbj.tar 2s
END ml-miscvm:lustre_mainline_native build tests/fs/lustre/boot.ktest PASS 174s
START ml-miscvm:boot run tests/fs/lustre/boot.ktest
START ml-miscvm:llmount run tests/fs/lustre/llmount.ktest
START ml-miscvm:llog-unit run tests/fs/lustre/llog-unit.ktest
START ml-miscvm:mgs-setup run tests/fs/lustre/mgs-setup.ktest
START ml-miscvm:sanity-1 run tests/fs/lustre/sanity/sanity-1.ktest
START ml-miscvm:sanity-2 run tests/fs/lustre/sanity/sanity-2.ktest
START ml-miscvm:sanity-3 run tests/fs/lustre/sanity/sanity-3.ktest
START ml-miscvm:sanity-4 run tests/fs/lustre/sanity/sanity-4.ktest
END ml:lustre_mainline build tests/fs/lustre/boot.ktest PASS 175s
PUT /tmp/ktest-kernel.tar.gz 41s
PUT /tmp/ktest-kernel.tar.gz 41s
PUT /tmp/ktest-kernel.tar.gz 41s
PUT /tmp/ktest-kernel.tar.gz 41s
PUT /tmp/ktest-kernel.tar.gz 42s
PUT /tmp/ktest-kernel.tar.gz 42s
PUT /tmp/ktest-kernel.tar.gz 42s
PUT /tmp/ktest-kernel.tar.gz 42s
PUT /tmp/ktest-lustre.tar.gz 12s
PUT /tmp/ktest-lustre.tar.gz 12s
PUT /tmp/ktest-lustre.tar.gz 12s
PUT /tmp/ktest-lustre.tar.gz 11s
PUT /tmp/ktest-lustre.tar.gz 11s
PUT /tmp/ktest-lustre.tar.gz 12s
PUT /tmp/ktest-lustre.tar.gz 12s
PUT /tmp/ktest-lustre.tar.gz 12s
PUT /tmp/ktest_ml-miscvm:lustre_mainline_native__wu6pjor.tar 3s
PUT /tmp/ktest_ml-miscvm:lustre_mainline_native__wu6pjor.tar 3s
PUT /tmp/ktest_ml-miscvm:lustre_mainline_native__wu6pjor.tar 3s
PUT /tmp/ktest_ml-miscvm:lustre_mainline_native__wu6pjor.tar 3s
PUT /tmp/ktest_ml-miscvm:lustre_mainline_native__wu6pjor.tar 3s
PUT /tmp/ktest_ml-miscvm:lustre_mainline_native__wu6pjor.tar 3s
PUT /tmp/ktest_ml-miscvm:lustre_mainline_native__wu6pjor.tar 3s
PUT /tmp/ktest_ml-miscvm:lustre_mainline_native__wu6pjor.tar 3s
END ml-miscvm:boot run tests/fs/lustre/boot.ktest PASS 75s
END ml-miscvm:mgs-setup run tests/fs/lustre/mgs-setup.ktest PASS 80s
END ml-miscvm:sanity-3 run tests/fs/lustre/sanity/sanity-3.ktest PASS 110s
END ml-miscvm:sanity-2 run tests/fs/lustre/sanity/sanity-2.ktest PASS 111s
END ml-miscvm:sanity-1 run tests/fs/lustre/sanity/sanity-1.ktest PASS 112s
END ml-miscvm:sanity-4 run tests/fs/lustre/sanity/sanity-4.ktest PASS 114s
END ml-miscvm:llmount run tests/fs/lustre/llmount.ktest PASS 119s
END ml-miscvm:llog-unit run tests/fs/lustre/llog-unit.ktest FAIL 158s (exit code: 1)

============================================================
Final Results:
  checkpatch:checkpatch: FAIL (17s) (log: /var/www/ci-lustre/upstream-patch-review/3386ba4b684885dc5fab2b9b631879703fa99dfa_checkpatch:checkpatch.log)
  u24:u24: PASS (45s) (log: /var/www/ci-lustre/upstream-patch-review/3386ba4b684885dc5fab2b9b631879703fa99dfa_u24:u24.log)
  al2023:al2023: PASS (50s) (log: /var/www/ci-lustre/upstream-patch-review/3386ba4b684885dc5fab2b9b631879703fa99dfa_al2023:al2023.log)
  ml-strict:lustre_mainline: FAIL (172s) (log: /var/www/ci-lustre/upstream-patch-review/3386ba4b684885dc5fab2b9b631879703fa99dfa_ml-strict:lustre_mainline.log)
  ml:lustre_mainline: PASS (175s) (log: /var/www/ci-lustre/upstream-patch-review/3386ba4b684885dc5fab2b9b631879703fa99dfa_ml:lustre_mainline.log)
  ml-miscvm:lustre_mainline_native: PASS (174s) (log: /var/www/ci-lustre/upstream-patch-review/3386ba4b684885dc5fab2b9b631879703fa99dfa_ml-miscvm:lustre_mainline_native.log)
  ml-miscvm:boot: PASS (75s) (log: /var/www/ci-lustre/upstream-patch-review/3386ba4b684885dc5fab2b9b631879703fa99dfa_ml-miscvm:boot.log)
  ml-miscvm:llmount: PASS (119s) (log: /var/www/ci-lustre/upstream-patch-review/3386ba4b684885dc5fab2b9b631879703fa99dfa_ml-miscvm:llmount.log)
  ml-miscvm:llog-unit: FAIL (158s) (log: /var/www/ci-lustre/upstream-patch-review/3386ba4b684885dc5fab2b9b631879703fa99dfa_ml-miscvm:llog-unit.log)
  ml-miscvm:mgs-setup: PASS (80s) (log: /var/www/ci-lustre/upstream-patch-review/3386ba4b684885dc5fab2b9b631879703fa99dfa_ml-miscvm:mgs-setup.log)
  ml-miscvm:sanity-1: PASS (112s) (log: /var/www/ci-lustre/upstream-patch-review/3386ba4b684885dc5fab2b9b631879703fa99dfa_ml-miscvm:sanity-1.log)
  ml-miscvm:sanity-2: PASS (111s) (log: /var/www/ci-lustre/upstream-patch-review/3386ba4b684885dc5fab2b9b631879703fa99dfa_ml-miscvm:sanity-2.log)
  ml-miscvm:sanity-3: PASS (110s) (log: /var/www/ci-lustre/upstream-patch-review/3386ba4b684885dc5fab2b9b631879703fa99dfa_ml-miscvm:sanity-3.log)
  ml-miscvm:sanity-4: PASS (114s) (log: /var/www/ci-lustre/upstream-patch-review/3386ba4b684885dc5fab2b9b631879703fa99dfa_ml-miscvm:sanity-4.log)

Total execution time: 362s

Packed 3436 logs from /var/www/ci-lustre/upstream-patch-review into /home/ktest/ktest/local-site/local_data.js
Open /home/ktest/ktest/local-site/index.html in a browser
