CLI: ./pk --podman-socket unix:///run/user/1000/podman/podman.sock --shared-filesystem /tmp --tarball-input job lustre-ci --output /var/www/ci-lustre/upstream-patch-review --git-hash 33e983df5e8a5cb3b6f74a5bf2f7fa64dfe7c50a --change-id 54267_33e983df5e8a5cb3b6f74a5bf2f7fa64dfe7c50a --subject LU-17604 osc: rework resend logic

Environment validated successfully
Note: custom LLVM is not synced in tarball input mode
Creating kernel tarball at /tmp/ktest-kernel.tar.gz...
Creating lustre tarball at /tmp/ktest-lustre.tar.gz...
Creating ZFS tarball at /tmp/ktest-zfs.tar.gz...
Executing 14 jobs
Jobs will start as soon as their dependencies are satisfied
Using tarball input mode

START ml:lustre_mainline build tests/fs/lustre/boot.ktest
START ml-strict:lustre_mainline build tests/fs/lustre/boot-strict.ktest
START u24:u24 build tests/fs/lustre/boot.ktest
START checkpatch:checkpatch tool checkpatch
START al2023:al2023 build tests/fs/lustre/boot.ktest
START ml-miscvm:lustre_mainline_native build tests/fs/lustre/boot.ktest
PUT /tmp/ktest-lustre.tar.gz 1s
PUT /tmp/ktest-lustre.tar.gz 1s
PUT /tmp/ktest-kernel.tar.gz 6s
PUT /tmp/ktest-kernel.tar.gz 7s
PUT /tmp/ktest-kernel.tar.gz 7s
PUT /tmp/ktest-kernel.tar.gz 7s
PUT /tmp/ktest-lustre.tar.gz 5s
PUT /tmp/ktest-lustre.tar.gz 5s
PUT /tmp/ktest-lustre.tar.gz 5s
PUT /tmp/ktest-lustre.tar.gz 5s
PUT /tmp/ktest-zfs.tar.gz 1s
PUT /tmp/ktest-zfs.tar.gz 1s
PUT /tmp/ktest-zfs.tar.gz 1s
END checkpatch:checkpatch tool checkpatch FAIL 16s (exit code: 1)
END u24:u24 build tests/fs/lustre/boot.ktest FAIL 38s (exit code: 2)
END al2023:al2023 build tests/fs/lustre/boot.ktest FAIL 47s (exit code: 2)
GET /tmp/ktest_ml-miscvm:lustre_mainline_native_dwx113b9.tar 5s
GET /tmp/ktest_ml:lustre_mainline_gom0v_ik.tar 5s
GET /tmp/ktest_ml-strict:lustre_mainline_ppt2c463.tar 26s
END ml-miscvm:lustre_mainline_native build tests/fs/lustre/boot.ktest FAIL 219s (exit code: 1)
END ml-strict:lustre_mainline build tests/fs/lustre/boot-strict.ktest FAIL 221s (exit code: 1)
END ml:lustre_mainline build tests/fs/lustre/boot.ktest FAIL 223s (exit code: 1)

============================================================
Final Results:
  checkpatch:checkpatch: FAIL (16s) (log: /var/www/ci-lustre/upstream-patch-review/33e983df5e8a5cb3b6f74a5bf2f7fa64dfe7c50a_checkpatch:checkpatch.log)
  u24:u24: FAIL (38s) (log: /var/www/ci-lustre/upstream-patch-review/33e983df5e8a5cb3b6f74a5bf2f7fa64dfe7c50a_u24:u24.log)
  al2023:al2023: FAIL (47s) (log: /var/www/ci-lustre/upstream-patch-review/33e983df5e8a5cb3b6f74a5bf2f7fa64dfe7c50a_al2023:al2023.log)
  ml-strict:lustre_mainline: FAIL (221s) (log: /var/www/ci-lustre/upstream-patch-review/33e983df5e8a5cb3b6f74a5bf2f7fa64dfe7c50a_ml-strict:lustre_mainline.log)
  ml:lustre_mainline: FAIL (223s) (log: /var/www/ci-lustre/upstream-patch-review/33e983df5e8a5cb3b6f74a5bf2f7fa64dfe7c50a_ml:lustre_mainline.log)
  ml-miscvm:lustre_mainline_native: FAIL (219s) (log: /var/www/ci-lustre/upstream-patch-review/33e983df5e8a5cb3b6f74a5bf2f7fa64dfe7c50a_ml-miscvm:lustre_mainline_native.log)
  ml-miscvm:boot: SKIPPED (due to dependency failure)
  ml-miscvm:llmount: SKIPPED (due to dependency failure)
  ml-miscvm:llog-unit: SKIPPED (due to dependency failure)
  ml-miscvm:mgs-setup: SKIPPED (due to dependency failure)
  ml-miscvm:sanity-1: SKIPPED (due to dependency failure)
  ml-miscvm:sanity-2: SKIPPED (due to dependency failure)
  ml-miscvm:sanity-3: SKIPPED (due to dependency failure)
  ml-miscvm:sanity-4: SKIPPED (due to dependency failure)

Total execution time: 253s

Packed 3106 logs from /var/www/ci-lustre/upstream-patch-review into /home/ktest/ktest/local-site/local_data.js
Open /home/ktest/ktest/local-site/index.html in a browser
