CLI: ./pk --podman-socket unix:///run/podman/podman.sock --shared-filesystem /tmp --tarball-input job lustre-ci --output /var/www/ci-lustre/upstream-patch-review --git-hash 3596ed2dc634f2ce77a606bf87f3f0096040a30f --change-id 66590_3596ed2dc634f2ce77a606bf87f3f0096040a30f --subject LU-20352 lnet: better error reporting for md

Environment validated successfully
Note: custom LLVM is not synced in tarball input mode
Creating kernel tarball at /tmp/ktest-kernel.tar.gz...
Creating lustre tarball at /tmp/ktest-lustre.tar.gz...
Creating ZFS tarball at /tmp/ktest-zfs.tar.gz...
Executing 14 jobs
Jobs will start as soon as their dependencies are satisfied
Using tarball input mode

START ml-strict:lustre_mainline build tests/fs/lustre/boot-strict.ktest
START ml:lustre_mainline build tests/fs/lustre/boot.ktest
START u24:u24 build tests/fs/lustre/boot.ktest
START al2023:al2023 build tests/fs/lustre/boot.ktest
START ml-miscvm:lustre_mainline_native build tests/fs/lustre/boot.ktest
START checkpatch:checkpatch tool checkpatch
PUT /tmp/ktest-lustre.tar.gz 1s
PUT /tmp/ktest-lustre.tar.gz 1s
PUT /tmp/ktest-kernel.tar.gz 7s
PUT /tmp/ktest-kernel.tar.gz 7s
PUT /tmp/ktest-kernel.tar.gz 7s
PUT /tmp/ktest-kernel.tar.gz 7s
PUT /tmp/ktest-lustre.tar.gz 2s
PUT /tmp/ktest-lustre.tar.gz 2s
PUT /tmp/ktest-lustre.tar.gz 2s
PUT /tmp/ktest-lustre.tar.gz 2s
PUT /tmp/ktest-zfs.tar.gz 0s
PUT /tmp/ktest-zfs.tar.gz 0s
PUT /tmp/ktest-zfs.tar.gz 0s
END checkpatch:checkpatch tool checkpatch FAIL 12s (exit code: 1)
END al2023:al2023 build tests/fs/lustre/boot.ktest PASS 57s
END u24:u24 build tests/fs/lustre/boot.ktest PASS 65s
GET /tmp/ktest_ml-miscvm:lustre_mainline_native_c0rs2_7d.tar 5s
END ml-miscvm:lustre_mainline_native build tests/fs/lustre/boot.ktest FAIL 143s (exit code: 1)
GET /tmp/ktest_ml:lustre_mainline_svjz0ee7.tar 7s
GET /tmp/ktest_ml-strict:lustre_mainline_ruse2jf5.tar 8s
END ml:lustre_mainline build tests/fs/lustre/boot.ktest FAIL 148s (exit code: 1)
END ml-strict:lustre_mainline build tests/fs/lustre/boot-strict.ktest FAIL 150s (exit code: 1)

============================================================
Final Results:
  checkpatch:checkpatch: FAIL (12s) (log: /var/www/ci-lustre/upstream-patch-review/3596ed2dc634f2ce77a606bf87f3f0096040a30f_checkpatch:checkpatch.log)
  u24:u24: PASS (65s) (log: /var/www/ci-lustre/upstream-patch-review/3596ed2dc634f2ce77a606bf87f3f0096040a30f_u24:u24.log)
  al2023:al2023: PASS (57s) (log: /var/www/ci-lustre/upstream-patch-review/3596ed2dc634f2ce77a606bf87f3f0096040a30f_al2023:al2023.log)
  ml-strict:lustre_mainline: FAIL (150s) (log: /var/www/ci-lustre/upstream-patch-review/3596ed2dc634f2ce77a606bf87f3f0096040a30f_ml-strict:lustre_mainline.log)
  ml:lustre_mainline: FAIL (148s) (log: /var/www/ci-lustre/upstream-patch-review/3596ed2dc634f2ce77a606bf87f3f0096040a30f_ml:lustre_mainline.log)
  ml-miscvm:lustre_mainline_native: FAIL (143s) (log: /var/www/ci-lustre/upstream-patch-review/3596ed2dc634f2ce77a606bf87f3f0096040a30f_ml-miscvm:lustre_mainline_native.log)
  ml-miscvm:boot: SKIPPED (due to dependency failure)
  ml-miscvm:llmount: SKIPPED (due to dependency failure)
  ml-miscvm:llog-unit: SKIPPED (due to dependency failure)
  ml-miscvm:mgs-setup: SKIPPED (due to dependency failure)
  ml-miscvm:sanity-1: SKIPPED (due to dependency failure)
  ml-miscvm:sanity-2: SKIPPED (due to dependency failure)
  ml-miscvm:sanity-3: SKIPPED (due to dependency failure)
  ml-miscvm:sanity-4: SKIPPED (due to dependency failure)

Total execution time: 180s
