CLI: ./pk --podman-socket unix:///run/user/1000/podman/podman.sock --shared-filesystem /tmp --tarball-input job lustre-ci --output /var/www/ci-lustre/upstream-patch-review --git-hash 361434bec64dbb5f4799b745f8daa4cc9f295574 --change-id 69158_361434bec64dbb5f4799b745f8daa4cc9f295574 --subject LU-20817 lnet: spread unique portals over match tables

Environment validated successfully
Note: custom LLVM is not synced in tarball input mode
Creating kernel tarball at /tmp/ktest-kernel.tar.gz...
Creating lustre tarball at /tmp/ktest-lustre.tar.gz...
Creating ZFS tarball at /tmp/ktest-zfs.tar.gz...
Executing 14 jobs
Jobs will start as soon as their dependencies are satisfied
Using tarball input mode

START al2023:al2023 build tests/fs/lustre/boot.ktest
START ml-strict:lustre_mainline build tests/fs/lustre/boot-strict.ktest
START ml:lustre_mainline build tests/fs/lustre/boot.ktest
START ml-miscvm:lustre_mainline_native build tests/fs/lustre/boot.ktest
START checkpatch:checkpatch tool checkpatch
START u24:u24 build tests/fs/lustre/boot.ktest
PUT /tmp/ktest-lustre.tar.gz 1s
PUT /tmp/ktest-lustre.tar.gz 1s
PUT /tmp/ktest-kernel.tar.gz 8s
PUT /tmp/ktest-kernel.tar.gz 8s
PUT /tmp/ktest-kernel.tar.gz 8s
PUT /tmp/ktest-kernel.tar.gz 8s
PUT /tmp/ktest-lustre.tar.gz 5s
PUT /tmp/ktest-lustre.tar.gz 5s
PUT /tmp/ktest-lustre.tar.gz 5s
PUT /tmp/ktest-lustre.tar.gz 6s
PUT /tmp/ktest-zfs.tar.gz 1s
PUT /tmp/ktest-zfs.tar.gz 1s
PUT /tmp/ktest-zfs.tar.gz 1s
END checkpatch:checkpatch tool checkpatch PASS 17s
END u24:u24 build tests/fs/lustre/boot.ktest PASS 43s
END al2023:al2023 build tests/fs/lustre/boot.ktest PASS 47s
GET /tmp/ktest_ml-miscvm:lustre_mainline_native_vtk9r7y3.tar 0s
END ml-miscvm:lustre_mainline_native build tests/fs/lustre/boot.ktest PASS 141s
START ml-miscvm:boot run tests/fs/lustre/boot.ktest
START ml-miscvm:llmount run tests/fs/lustre/llmount.ktest
START ml-miscvm:llog-unit run tests/fs/lustre/llog-unit.ktest
START ml-miscvm:mgs-setup run tests/fs/lustre/mgs-setup.ktest
START ml-miscvm:sanity-1 run tests/fs/lustre/sanity/sanity-1.ktest
START ml-miscvm:sanity-2 run tests/fs/lustre/sanity/sanity-2.ktest
START ml-miscvm:sanity-3 run tests/fs/lustre/sanity/sanity-3.ktest
START ml-miscvm:sanity-4 run tests/fs/lustre/sanity/sanity-4.ktest
PUT /tmp/ktest-kernel.tar.gz 58s
PUT /tmp/ktest-kernel.tar.gz 57s
PUT /tmp/ktest-kernel.tar.gz 58s
PUT /tmp/ktest-kernel.tar.gz 58s
PUT /tmp/ktest-kernel.tar.gz 58s
PUT /tmp/ktest-kernel.tar.gz 58s
PUT /tmp/ktest-kernel.tar.gz 58s
PUT /tmp/ktest-kernel.tar.gz 59s
PUT /tmp/ktest-lustre.tar.gz 16s
PUT /tmp/ktest-lustre.tar.gz 15s
PUT /tmp/ktest-lustre.tar.gz 15s
PUT /tmp/ktest-lustre.tar.gz 15s
PUT /tmp/ktest-lustre.tar.gz 15s
PUT /tmp/ktest-lustre.tar.gz 15s
PUT /tmp/ktest-lustre.tar.gz 15s
PUT /tmp/ktest-lustre.tar.gz 15s
GET /tmp/ktest_ml-strict:lustre_mainline__y7cdqjs.tar 24s
PUT /tmp/ktest_ml-miscvm:lustre_mainline_native_vtk9r7y3.tar 3s
PUT /tmp/ktest_ml-miscvm:lustre_mainline_native_vtk9r7y3.tar 14s
END ml-strict:lustre_mainline build tests/fs/lustre/boot-strict.ktest FAIL 232s (exit code: 1)
PUT /tmp/ktest_ml-miscvm:lustre_mainline_native_vtk9r7y3.tar 16s
PUT /tmp/ktest_ml-miscvm:lustre_mainline_native_vtk9r7y3.tar 16s
PUT /tmp/ktest_ml-miscvm:lustre_mainline_native_vtk9r7y3.tar 16s
PUT /tmp/ktest_ml-miscvm:lustre_mainline_native_vtk9r7y3.tar 16s
PUT /tmp/ktest_ml-miscvm:lustre_mainline_native_vtk9r7y3.tar 16s
PUT /tmp/ktest_ml-miscvm:lustre_mainline_native_vtk9r7y3.tar 16s
GET /tmp/ktest_ml:lustre_mainline_m_t0iwo2.tar 0s
END ml:lustre_mainline build tests/fs/lustre/boot.ktest PASS 234s
END ml-miscvm:boot run tests/fs/lustre/boot.ktest PASS 102s
END ml-miscvm:mgs-setup run tests/fs/lustre/mgs-setup.ktest PASS 114s
END ml-miscvm:sanity-4 run tests/fs/lustre/sanity/sanity-4.ktest PASS 143s
END ml-miscvm:llmount run tests/fs/lustre/llmount.ktest PASS 150s
END ml-miscvm:sanity-2 run tests/fs/lustre/sanity/sanity-2.ktest PASS 155s
END ml-miscvm:sanity-1 run tests/fs/lustre/sanity/sanity-1.ktest PASS 156s
END ml-miscvm:sanity-3 run tests/fs/lustre/sanity/sanity-3.ktest PASS 158s
END ml-miscvm:llog-unit run tests/fs/lustre/llog-unit.ktest FAIL 188s (exit code: 1)

============================================================
Final Results:
  checkpatch:checkpatch: PASS (17s) (log: /var/www/ci-lustre/upstream-patch-review/361434bec64dbb5f4799b745f8daa4cc9f295574_checkpatch:checkpatch.log)
  u24:u24: PASS (43s) (log: /var/www/ci-lustre/upstream-patch-review/361434bec64dbb5f4799b745f8daa4cc9f295574_u24:u24.log)
  al2023:al2023: PASS (47s) (log: /var/www/ci-lustre/upstream-patch-review/361434bec64dbb5f4799b745f8daa4cc9f295574_al2023:al2023.log)
  ml-strict:lustre_mainline: FAIL (232s) (log: /var/www/ci-lustre/upstream-patch-review/361434bec64dbb5f4799b745f8daa4cc9f295574_ml-strict:lustre_mainline.log)
  ml:lustre_mainline: PASS (234s) (log: /var/www/ci-lustre/upstream-patch-review/361434bec64dbb5f4799b745f8daa4cc9f295574_ml:lustre_mainline.log)
  ml-miscvm:lustre_mainline_native: PASS (141s) (log: /var/www/ci-lustre/upstream-patch-review/361434bec64dbb5f4799b745f8daa4cc9f295574_ml-miscvm:lustre_mainline_native.log)
  ml-miscvm:boot: PASS (102s) (log: /var/www/ci-lustre/upstream-patch-review/361434bec64dbb5f4799b745f8daa4cc9f295574_ml-miscvm:boot.log)
  ml-miscvm:llmount: PASS (150s) (log: /var/www/ci-lustre/upstream-patch-review/361434bec64dbb5f4799b745f8daa4cc9f295574_ml-miscvm:llmount.log)
  ml-miscvm:llog-unit: FAIL (188s) (log: /var/www/ci-lustre/upstream-patch-review/361434bec64dbb5f4799b745f8daa4cc9f295574_ml-miscvm:llog-unit.log)
  ml-miscvm:mgs-setup: PASS (114s) (log: /var/www/ci-lustre/upstream-patch-review/361434bec64dbb5f4799b745f8daa4cc9f295574_ml-miscvm:mgs-setup.log)
  ml-miscvm:sanity-1: PASS (156s) (log: /var/www/ci-lustre/upstream-patch-review/361434bec64dbb5f4799b745f8daa4cc9f295574_ml-miscvm:sanity-1.log)
  ml-miscvm:sanity-2: PASS (155s) (log: /var/www/ci-lustre/upstream-patch-review/361434bec64dbb5f4799b745f8daa4cc9f295574_ml-miscvm:sanity-2.log)
  ml-miscvm:sanity-3: PASS (158s) (log: /var/www/ci-lustre/upstream-patch-review/361434bec64dbb5f4799b745f8daa4cc9f295574_ml-miscvm:sanity-3.log)
  ml-miscvm:sanity-4: PASS (143s) (log: /var/www/ci-lustre/upstream-patch-review/361434bec64dbb5f4799b745f8daa4cc9f295574_ml-miscvm:sanity-4.log)

Total execution time: 360s

Packed 5686 logs from /var/www/ci-lustre/upstream-patch-review into /home/ktest/ktest/local-site/local_data.js
Open /home/ktest/ktest/local-site/index.html in a browser
