WARNING:MULTISTATEMENT_MACRO_USE_DO_WHILE: Non-declarative macros with multiple statements should be enclosed in a do - while loop
#63: FILE: lustre/lov/lov_cl_internal.h:622:
+#define lov_foreach_io_layout(ind, lio, ext)				\
+	ind = lov_io_layout_at(lio, (ext)->e_start);			\
+	lov_foreach_io_layout_from(ind, lio, ext)

BUT SEE:

   do {} while (0) advice is over-stated in a few situations:

   The more obvious case is macros, like MODULE_PARM_DESC, invoked at
   file-scope, where C disallows code (it must be in functions).  See
   $exceptions if you have one to add by name.

   More troublesome is declarative macros used at top of new scope,
   like DECLARE_PER_CPU.  These might just compile with a do-while-0
   wrapper, but would be incorrect.  Most of these are handled by
   detecting struct,union,etc declaration primitives in $exceptions.

   Theres also macros called inside an if (block), which "return" an
   expression.  These cannot do-while, and need a ({}) wrapper.

   Enjoy this qualification while we work to improve our heuristics.

WARNING:VSPRINTF_SPECIFIER_PX: Using vsprintf specifier '%px' potentially exposes the kernel memory layout, if you don't really need the address please consider using '%p'.
#282: FILE: lustre/osc/osc_cache.c:714:
+	LASSERTF(olck != NULL, "io %px page %lu is not covered by lock\n",
+		 osc_env_io(env), index);

WARNING:UNSPECIFIED_INT: Prefer 'unsigned int' to bare use of 'unsigned'
#296: FILE: lustre/ptlrpc/wiretest.c:1891:
+		 (unsigned)LOV_PATTERN_ZEROSTART);

WARNING:FILE_PATH_CHANGES: added, moved or deleted file(s), does MAINTAINERS need updating?
#379: 
new file mode 100644

WARNING:LONG_LINE: line length of 102 exceeds 100 columns
#703: FILE: lustre/tests/sanity-zero.sh:320:
+	$LFS setstripe -E 10M -L raid0,zerostart -c2 -S 2M -E EOF -L raid0,zerostart -C 2 -S 2M  $DIR1

WARNING:LONG_LINE: line length of 102 exceeds 100 columns
#722: FILE: lustre/tests/sanity-zero.sh:339:
+	$LFS setstripe -E 10M -L raid0,zerostart -c2 -S 2M -E EOF -L raid0,zerostart -C 4 -S 2M  $DIR1

WARNING:SPLIT_STRING: quoted string split across lines
#772: FILE: lustre/utils/lfs.c:4901:
+					"%s %s: -C|--overstripe-count "
+					"incompatible with DoM/Foregin layout\n",

WARNING:UNNECESSARY_ELSE: else is not generally useful after a break or return
#790: FILE: lustre/utils/lfs.c:5446:
+				break;
+			} else {

WARNING:SPLIT_STRING: quoted string split across lines
#792: FILE: lustre/utils/lfs.c:5448:
+				fprintf(stderr, "layout %llx can't converted "
+					"to zerooffset\n", lsa.lsa_pattern);

WARNING:UNSPECIFIED_INT: Prefer 'unsigned int' to bare use of 'unsigned'
#858: FILE: lustre/utils/wiretest.c:1910:
+		 (unsigned)LOV_PATTERN_ZEROSTART);

total: 0 errors, 10 warnings, 766 lines checked

NOTE: For some of the reported defects, checkpatch may be able to
      mechanically convert to the typical style using --fix or --fix-inplace.

Your patch has style problems, please review.

NOTE: If any of the errors are false positives, please report
      them to the maintainer, see CHECKPATCH in MAINTAINERS.
