CLI: ./podman-ktest --podman-socket unix:///run/podman/podman.sock --shared-filesystem /tmp --tarball-input job lustre-ci --output /var/www/ci-lustre/upstream-patch-review --git-hash 37fc8dea0de5de286c1b766cb48a7a2f7acb0759 --change-id 66436_37fc8dea0de5de286c1b766cb48a7a2f7acb0759 --subject LU-12668 ec: ensure hole ranges for raidset parity

Environment validated successfully
Note: custom LLVM is not synced in tarball input mode
Creating kernel tarball at /tmp/ktest-kernel.tar.gz...
Creating lustre tarball at /tmp/ktest-lustre.tar.gz...
Creating ZFS tarball at /tmp/ktest-zfs.tar.gz...
Executing 14 jobs
Jobs will start as soon as their dependencies are satisfied
Using tarball input mode

START al2023:al2023 build tests/fs/lustre/boot.ktest
START checkpatch:checkpatch tool checkpatch
START u24:u24 build tests/fs/lustre/boot.ktest
START ml:lustre_mainline build tests/fs/lustre/boot.ktest
START ml-miscvm:lustre_mainline_native build tests/fs/lustre/boot.ktest
START ml-strict:lustre_mainline build tests/fs/lustre/boot-strict.ktest
PUT /tmp/ktest-lustre.tar.gz 1s
PUT /tmp/ktest-lustre.tar.gz 1s
PUT /tmp/ktest-kernel.tar.gz 15s
PUT /tmp/ktest-kernel.tar.gz 15s
PUT /tmp/ktest-kernel.tar.gz 15s
PUT /tmp/ktest-kernel.tar.gz 15s
PUT /tmp/ktest-lustre.tar.gz 2s
PUT /tmp/ktest-lustre.tar.gz 2s
PUT /tmp/ktest-lustre.tar.gz 2s
PUT /tmp/ktest-lustre.tar.gz 2s
PUT /tmp/ktest-zfs.tar.gz 0s
PUT /tmp/ktest-zfs.tar.gz 0s
PUT /tmp/ktest-zfs.tar.gz 0s
END checkpatch:checkpatch tool checkpatch PASS 20s
END al2023:al2023 build tests/fs/lustre/boot.ktest PASS 60s
END u24:u24 build tests/fs/lustre/boot.ktest PASS 61s
GET /tmp/ktest_ml-strict:lustre_mainline_5k5_5x2x.tar 10s
END ml-strict:lustre_mainline build tests/fs/lustre/boot-strict.ktest FAIL 187s (exit code: 1)
GET /tmp/ktest_ml-miscvm:lustre_mainline_native_advdqdzr.tar 0s
GET /tmp/ktest_ml:lustre_mainline_f7sd43wj.tar 0s
END ml-miscvm:lustre_mainline_native build tests/fs/lustre/boot.ktest PASS 200s
START ml-miscvm:boot run tests/fs/lustre/boot.ktest
START ml-miscvm:llmount run tests/fs/lustre/llmount.ktest
START ml-miscvm:llog-unit run tests/fs/lustre/llog-unit.ktest
START ml-miscvm:mgs-setup run tests/fs/lustre/mgs-setup.ktest
START ml-miscvm:sanity-1 run tests/fs/lustre/sanity/sanity-1.ktest
START ml-miscvm:sanity-2 run tests/fs/lustre/sanity/sanity-2.ktest
START ml-miscvm:sanity-3 run tests/fs/lustre/sanity/sanity-3.ktest
START ml-miscvm:sanity-4 run tests/fs/lustre/sanity/sanity-4.ktest
END ml:lustre_mainline build tests/fs/lustre/boot.ktest PASS 202s
PUT /tmp/ktest-kernel.tar.gz 31s
PUT /tmp/ktest-kernel.tar.gz 31s
PUT /tmp/ktest-kernel.tar.gz 31s
PUT /tmp/ktest-kernel.tar.gz 31s
PUT /tmp/ktest-kernel.tar.gz 31s
PUT /tmp/ktest-kernel.tar.gz 31s
PUT /tmp/ktest-kernel.tar.gz 31s
PUT /tmp/ktest-kernel.tar.gz 31s
PUT /tmp/ktest-lustre.tar.gz 8s
PUT /tmp/ktest-lustre.tar.gz 8s
PUT /tmp/ktest-lustre.tar.gz 8s
PUT /tmp/ktest-lustre.tar.gz 7s
PUT /tmp/ktest-lustre.tar.gz 8s
PUT /tmp/ktest-lustre.tar.gz 8s
PUT /tmp/ktest-lustre.tar.gz 8s
PUT /tmp/ktest-lustre.tar.gz 7s
PUT /tmp/ktest_ml-miscvm:lustre_mainline_native_advdqdzr.tar 0s
PUT /tmp/ktest_ml-miscvm:lustre_mainline_native_advdqdzr.tar 1s
PUT /tmp/ktest_ml-miscvm:lustre_mainline_native_advdqdzr.tar 1s
PUT /tmp/ktest_ml-miscvm:lustre_mainline_native_advdqdzr.tar 1s
PUT /tmp/ktest_ml-miscvm:lustre_mainline_native_advdqdzr.tar 1s
PUT /tmp/ktest_ml-miscvm:lustre_mainline_native_advdqdzr.tar 1s
PUT /tmp/ktest_ml-miscvm:lustre_mainline_native_advdqdzr.tar 1s
PUT /tmp/ktest_ml-miscvm:lustre_mainline_native_advdqdzr.tar 1s
END ml-miscvm:boot run tests/fs/lustre/boot.ktest PASS 79s
END ml-miscvm:mgs-setup run tests/fs/lustre/mgs-setup.ktest PASS 90s
END ml-miscvm:sanity-2 run tests/fs/lustre/sanity/sanity-2.ktest PASS 113s
END ml-miscvm:sanity-1 run tests/fs/lustre/sanity/sanity-1.ktest PASS 115s
END ml-miscvm:sanity-3 run tests/fs/lustre/sanity/sanity-3.ktest PASS 116s
END ml-miscvm:sanity-4 run tests/fs/lustre/sanity/sanity-4.ktest PASS 121s
END ml-miscvm:llmount run tests/fs/lustre/llmount.ktest PASS 129s
END ml-miscvm:llog-unit run tests/fs/lustre/llog-unit.ktest FAIL 178s (exit code: 1)

============================================================
Final Results:
  checkpatch:checkpatch: PASS (20s) (log: /var/www/ci-lustre/upstream-patch-review/37fc8dea0de5de286c1b766cb48a7a2f7acb0759_checkpatch:checkpatch.log)
  u24:u24: PASS (61s) (log: /var/www/ci-lustre/upstream-patch-review/37fc8dea0de5de286c1b766cb48a7a2f7acb0759_u24:u24.log)
  al2023:al2023: PASS (60s) (log: /var/www/ci-lustre/upstream-patch-review/37fc8dea0de5de286c1b766cb48a7a2f7acb0759_al2023:al2023.log)
  ml-strict:lustre_mainline: FAIL (187s) (log: /var/www/ci-lustre/upstream-patch-review/37fc8dea0de5de286c1b766cb48a7a2f7acb0759_ml-strict:lustre_mainline.log)
  ml:lustre_mainline: PASS (202s) (log: /var/www/ci-lustre/upstream-patch-review/37fc8dea0de5de286c1b766cb48a7a2f7acb0759_ml:lustre_mainline.log)
  ml-miscvm:lustre_mainline_native: PASS (200s) (log: /var/www/ci-lustre/upstream-patch-review/37fc8dea0de5de286c1b766cb48a7a2f7acb0759_ml-miscvm:lustre_mainline_native.log)
  ml-miscvm:boot: PASS (79s) (log: /var/www/ci-lustre/upstream-patch-review/37fc8dea0de5de286c1b766cb48a7a2f7acb0759_ml-miscvm:boot.log)
  ml-miscvm:llmount: PASS (129s) (log: /var/www/ci-lustre/upstream-patch-review/37fc8dea0de5de286c1b766cb48a7a2f7acb0759_ml-miscvm:llmount.log)
  ml-miscvm:llog-unit: FAIL (178s) (log: /var/www/ci-lustre/upstream-patch-review/37fc8dea0de5de286c1b766cb48a7a2f7acb0759_ml-miscvm:llog-unit.log)
  ml-miscvm:mgs-setup: PASS (90s) (log: /var/www/ci-lustre/upstream-patch-review/37fc8dea0de5de286c1b766cb48a7a2f7acb0759_ml-miscvm:mgs-setup.log)
  ml-miscvm:sanity-1: PASS (115s) (log: /var/www/ci-lustre/upstream-patch-review/37fc8dea0de5de286c1b766cb48a7a2f7acb0759_ml-miscvm:sanity-1.log)
  ml-miscvm:sanity-2: PASS (113s) (log: /var/www/ci-lustre/upstream-patch-review/37fc8dea0de5de286c1b766cb48a7a2f7acb0759_ml-miscvm:sanity-2.log)
  ml-miscvm:sanity-3: PASS (116s) (log: /var/www/ci-lustre/upstream-patch-review/37fc8dea0de5de286c1b766cb48a7a2f7acb0759_ml-miscvm:sanity-3.log)
  ml-miscvm:sanity-4: PASS (121s) (log: /var/www/ci-lustre/upstream-patch-review/37fc8dea0de5de286c1b766cb48a7a2f7acb0759_ml-miscvm:sanity-4.log)

Total execution time: 409s
