CLI: ./pk --podman-socket unix:///run/user/1000/podman/podman.sock --shared-filesystem /tmp --tarball-input job lustre-ci --output /var/www/ci-lustre/upstream-patch-review --git-hash 3882ab6c3f4d3ca8b42960f9701a52e4e306120f --change-id 63330_3882ab6c3f4d3ca8b42960f9701a52e4e306120f --subject LU-19403 llapi: Add device functions for nodemap

Environment validated successfully
Note: custom LLVM is not synced in tarball input mode
Creating kernel tarball at /tmp/ktest-kernel.tar.gz...
Creating lustre tarball at /tmp/ktest-lustre.tar.gz...
Creating ZFS tarball at /tmp/ktest-zfs.tar.gz...
Executing 14 jobs
Jobs will start as soon as their dependencies are satisfied
Using tarball input mode

START ml-strict:lustre_mainline build tests/fs/lustre/boot-strict.ktest
START u24:u24 build tests/fs/lustre/boot.ktest
START ml-miscvm:lustre_mainline_native build tests/fs/lustre/boot.ktest
START ml:lustre_mainline build tests/fs/lustre/boot.ktest
START checkpatch:checkpatch tool checkpatch
START al2023:al2023 build tests/fs/lustre/boot.ktest
PUT /tmp/ktest-lustre.tar.gz 1s
PUT /tmp/ktest-lustre.tar.gz 1s
PUT /tmp/ktest-kernel.tar.gz 7s
PUT /tmp/ktest-kernel.tar.gz 7s
PUT /tmp/ktest-kernel.tar.gz 7s
PUT /tmp/ktest-kernel.tar.gz 7s
PUT /tmp/ktest-lustre.tar.gz 4s
PUT /tmp/ktest-lustre.tar.gz 4s
PUT /tmp/ktest-lustre.tar.gz 4s
PUT /tmp/ktest-lustre.tar.gz 4s
PUT /tmp/ktest-zfs.tar.gz 0s
PUT /tmp/ktest-zfs.tar.gz 0s
PUT /tmp/ktest-zfs.tar.gz 0s
END checkpatch:checkpatch tool checkpatch FAIL 15s (exit code: 1)
END u24:u24 build tests/fs/lustre/boot.ktest PASS 42s
END al2023:al2023 build tests/fs/lustre/boot.ktest PASS 47s
GET /tmp/ktest_ml-miscvm:lustre_mainline_native_3xmqm0fn.tar 0s
END ml-miscvm:lustre_mainline_native build tests/fs/lustre/boot.ktest PASS 151s
START ml-miscvm:boot run tests/fs/lustre/boot.ktest
START ml-miscvm:llmount run tests/fs/lustre/llmount.ktest
START ml-miscvm:llog-unit run tests/fs/lustre/llog-unit.ktest
START ml-miscvm:mgs-setup run tests/fs/lustre/mgs-setup.ktest
START ml-miscvm:sanity-1 run tests/fs/lustre/sanity/sanity-1.ktest
START ml-miscvm:sanity-2 run tests/fs/lustre/sanity/sanity-2.ktest
START ml-miscvm:sanity-3 run tests/fs/lustre/sanity/sanity-3.ktest
START ml-miscvm:sanity-4 run tests/fs/lustre/sanity/sanity-4.ktest
GET /tmp/ktest_ml-strict:lustre_mainline_e70p9w9v.tar 29s
END ml-strict:lustre_mainline build tests/fs/lustre/boot-strict.ktest FAIL 208s (exit code: 1)
PUT /tmp/ktest-kernel.tar.gz 55s
PUT /tmp/ktest-kernel.tar.gz 54s
PUT /tmp/ktest-kernel.tar.gz 54s
PUT /tmp/ktest-kernel.tar.gz 55s
PUT /tmp/ktest-kernel.tar.gz 55s
PUT /tmp/ktest-kernel.tar.gz 55s
PUT /tmp/ktest-kernel.tar.gz 55s
PUT /tmp/ktest-kernel.tar.gz 56s
GET /tmp/ktest_ml:lustre_mainline__yzpdn4o.tar 4s
PUT /tmp/ktest-lustre.tar.gz 12s
PUT /tmp/ktest-lustre.tar.gz 13s
PUT /tmp/ktest-lustre.tar.gz 13s
PUT /tmp/ktest-lustre.tar.gz 14s
END ml:lustre_mainline build tests/fs/lustre/boot.ktest PASS 224s
PUT /tmp/ktest-lustre.tar.gz 15s
PUT /tmp/ktest-lustre.tar.gz 15s
PUT /tmp/ktest-lustre.tar.gz 14s
PUT /tmp/ktest-lustre.tar.gz 15s
PUT /tmp/ktest_ml-miscvm:lustre_mainline_native_3xmqm0fn.tar 4s
PUT /tmp/ktest_ml-miscvm:lustre_mainline_native_3xmqm0fn.tar 2s
PUT /tmp/ktest_ml-miscvm:lustre_mainline_native_3xmqm0fn.tar 5s
PUT /tmp/ktest_ml-miscvm:lustre_mainline_native_3xmqm0fn.tar 3s
PUT /tmp/ktest_ml-miscvm:lustre_mainline_native_3xmqm0fn.tar 2s
PUT /tmp/ktest_ml-miscvm:lustre_mainline_native_3xmqm0fn.tar 2s
PUT /tmp/ktest_ml-miscvm:lustre_mainline_native_3xmqm0fn.tar 3s
PUT /tmp/ktest_ml-miscvm:lustre_mainline_native_3xmqm0fn.tar 4s
END ml-miscvm:boot run tests/fs/lustre/boot.ktest PASS 88s
END ml-miscvm:mgs-setup run tests/fs/lustre/mgs-setup.ktest PASS 98s
END ml-miscvm:sanity-4 run tests/fs/lustre/sanity/sanity-4.ktest PASS 125s
END ml-miscvm:sanity-1 run tests/fs/lustre/sanity/sanity-1.ktest PASS 128s
END ml-miscvm:llmount run tests/fs/lustre/llmount.ktest PASS 135s
END ml-miscvm:sanity-2 run tests/fs/lustre/sanity/sanity-2.ktest PASS 139s
END ml-miscvm:sanity-3 run tests/fs/lustre/sanity/sanity-3.ktest PASS 141s
END ml-miscvm:llog-unit run tests/fs/lustre/llog-unit.ktest FAIL 174s (exit code: 1)

============================================================
Final Results:
  checkpatch:checkpatch: FAIL (15s) (log: /var/www/ci-lustre/upstream-patch-review/3882ab6c3f4d3ca8b42960f9701a52e4e306120f_checkpatch:checkpatch.log)
  u24:u24: PASS (42s) (log: /var/www/ci-lustre/upstream-patch-review/3882ab6c3f4d3ca8b42960f9701a52e4e306120f_u24:u24.log)
  al2023:al2023: PASS (47s) (log: /var/www/ci-lustre/upstream-patch-review/3882ab6c3f4d3ca8b42960f9701a52e4e306120f_al2023:al2023.log)
  ml-strict:lustre_mainline: FAIL (208s) (log: /var/www/ci-lustre/upstream-patch-review/3882ab6c3f4d3ca8b42960f9701a52e4e306120f_ml-strict:lustre_mainline.log)
  ml:lustre_mainline: PASS (224s) (log: /var/www/ci-lustre/upstream-patch-review/3882ab6c3f4d3ca8b42960f9701a52e4e306120f_ml:lustre_mainline.log)
  ml-miscvm:lustre_mainline_native: PASS (151s) (log: /var/www/ci-lustre/upstream-patch-review/3882ab6c3f4d3ca8b42960f9701a52e4e306120f_ml-miscvm:lustre_mainline_native.log)
  ml-miscvm:boot: PASS (88s) (log: /var/www/ci-lustre/upstream-patch-review/3882ab6c3f4d3ca8b42960f9701a52e4e306120f_ml-miscvm:boot.log)
  ml-miscvm:llmount: PASS (135s) (log: /var/www/ci-lustre/upstream-patch-review/3882ab6c3f4d3ca8b42960f9701a52e4e306120f_ml-miscvm:llmount.log)
  ml-miscvm:llog-unit: FAIL (174s) (log: /var/www/ci-lustre/upstream-patch-review/3882ab6c3f4d3ca8b42960f9701a52e4e306120f_ml-miscvm:llog-unit.log)
  ml-miscvm:mgs-setup: PASS (98s) (log: /var/www/ci-lustre/upstream-patch-review/3882ab6c3f4d3ca8b42960f9701a52e4e306120f_ml-miscvm:mgs-setup.log)
  ml-miscvm:sanity-1: PASS (128s) (log: /var/www/ci-lustre/upstream-patch-review/3882ab6c3f4d3ca8b42960f9701a52e4e306120f_ml-miscvm:sanity-1.log)
  ml-miscvm:sanity-2: PASS (139s) (log: /var/www/ci-lustre/upstream-patch-review/3882ab6c3f4d3ca8b42960f9701a52e4e306120f_ml-miscvm:sanity-2.log)
  ml-miscvm:sanity-3: PASS (141s) (log: /var/www/ci-lustre/upstream-patch-review/3882ab6c3f4d3ca8b42960f9701a52e4e306120f_ml-miscvm:sanity-3.log)
  ml-miscvm:sanity-4: PASS (125s) (log: /var/www/ci-lustre/upstream-patch-review/3882ab6c3f4d3ca8b42960f9701a52e4e306120f_ml-miscvm:sanity-4.log)

Total execution time: 355s

Packed 3085 logs from /var/www/ci-lustre/upstream-patch-review into /home/ktest/ktest/local-site/local_data.js
Open /home/ktest/ktest/local-site/index.html in a browser
