CLI: ./pk --podman-socket unix:///run/user/1000/podman/podman.sock --shared-filesystem /tmp --tarball-input job lustre-ci --output /var/www/ci-lustre/upstream-patch-review --git-hash 3887ccf87c42405344183b67fdf5b2e7ef09730b --change-id 68657_3887ccf87c42405344183b67fdf5b2e7ef09730b --subject LU-930 utils: reach the llite pages from "lctl help_param"

Environment validated successfully
Note: custom LLVM is not synced in tarball input mode
Creating kernel tarball at /tmp/ktest-kernel.tar.gz...
Creating lustre tarball at /tmp/ktest-lustre.tar.gz...
Creating ZFS tarball at /tmp/ktest-zfs.tar.gz...
Executing 14 jobs
Jobs will start as soon as their dependencies are satisfied
Using tarball input mode

START ml-strict:lustre_mainline build tests/fs/lustre/boot-strict.ktest
START al2023:al2023 build tests/fs/lustre/boot.ktest
START ml-miscvm:lustre_mainline_native build tests/fs/lustre/boot.ktest
START ml:lustre_mainline build tests/fs/lustre/boot.ktest
START checkpatch:checkpatch tool checkpatch
START u24:u24 build tests/fs/lustre/boot.ktest
PUT /tmp/ktest-lustre.tar.gz 1s
PUT /tmp/ktest-lustre.tar.gz 1s
PUT /tmp/ktest-kernel.tar.gz 6s
PUT /tmp/ktest-kernel.tar.gz 6s
PUT /tmp/ktest-kernel.tar.gz 6s
PUT /tmp/ktest-kernel.tar.gz 7s
PUT /tmp/ktest-lustre.tar.gz 4s
PUT /tmp/ktest-lustre.tar.gz 4s
PUT /tmp/ktest-lustre.tar.gz 4s
PUT /tmp/ktest-lustre.tar.gz 4s
PUT /tmp/ktest-zfs.tar.gz 0s
PUT /tmp/ktest-zfs.tar.gz 0s
PUT /tmp/ktest-zfs.tar.gz 0s
END checkpatch:checkpatch tool checkpatch PASS 13s
END u24:u24 build tests/fs/lustre/boot.ktest PASS 40s
END al2023:al2023 build tests/fs/lustre/boot.ktest PASS 48s
GET /tmp/ktest_ml-strict:lustre_mainline_3j9t2cha.tar 5s
END ml-strict:lustre_mainline build tests/fs/lustre/boot-strict.ktest FAIL 161s (exit code: 1)
GET /tmp/ktest_ml:lustre_mainline_stszfe4c.tar 2s
END ml:lustre_mainline build tests/fs/lustre/boot.ktest PASS 163s
GET /tmp/ktest_ml-miscvm:lustre_mainline_native_j738z5c_.tar 0s
END ml-miscvm:lustre_mainline_native build tests/fs/lustre/boot.ktest PASS 165s
START ml-miscvm:boot run tests/fs/lustre/boot.ktest
START ml-miscvm:llmount run tests/fs/lustre/llmount.ktest
START ml-miscvm:llog-unit run tests/fs/lustre/llog-unit.ktest
START ml-miscvm:mgs-setup run tests/fs/lustre/mgs-setup.ktest
START ml-miscvm:sanity-1 run tests/fs/lustre/sanity/sanity-1.ktest
START ml-miscvm:sanity-2 run tests/fs/lustre/sanity/sanity-2.ktest
START ml-miscvm:sanity-3 run tests/fs/lustre/sanity/sanity-3.ktest
START ml-miscvm:sanity-4 run tests/fs/lustre/sanity/sanity-4.ktest
PUT /tmp/ktest-kernel.tar.gz 32s
PUT /tmp/ktest-kernel.tar.gz 32s
PUT /tmp/ktest-kernel.tar.gz 32s
PUT /tmp/ktest-kernel.tar.gz 32s
PUT /tmp/ktest-kernel.tar.gz 32s
PUT /tmp/ktest-kernel.tar.gz 32s
PUT /tmp/ktest-kernel.tar.gz 32s
PUT /tmp/ktest-kernel.tar.gz 32s
PUT /tmp/ktest-lustre.tar.gz 10s
PUT /tmp/ktest-lustre.tar.gz 11s
PUT /tmp/ktest-lustre.tar.gz 10s
PUT /tmp/ktest-lustre.tar.gz 10s
PUT /tmp/ktest-lustre.tar.gz 11s
PUT /tmp/ktest-lustre.tar.gz 11s
PUT /tmp/ktest-lustre.tar.gz 11s
PUT /tmp/ktest-lustre.tar.gz 11s
PUT /tmp/ktest_ml-miscvm:lustre_mainline_native_j738z5c_.tar 2s
PUT /tmp/ktest_ml-miscvm:lustre_mainline_native_j738z5c_.tar 2s
PUT /tmp/ktest_ml-miscvm:lustre_mainline_native_j738z5c_.tar 2s
PUT /tmp/ktest_ml-miscvm:lustre_mainline_native_j738z5c_.tar 2s
PUT /tmp/ktest_ml-miscvm:lustre_mainline_native_j738z5c_.tar 2s
PUT /tmp/ktest_ml-miscvm:lustre_mainline_native_j738z5c_.tar 2s
PUT /tmp/ktest_ml-miscvm:lustre_mainline_native_j738z5c_.tar 2s
PUT /tmp/ktest_ml-miscvm:lustre_mainline_native_j738z5c_.tar 2s
END ml-miscvm:boot run tests/fs/lustre/boot.ktest PASS 59s
END ml-miscvm:mgs-setup run tests/fs/lustre/mgs-setup.ktest PASS 69s
END ml-miscvm:sanity-1 run tests/fs/lustre/sanity/sanity-1.ktest PASS 99s
END ml-miscvm:sanity-2 run tests/fs/lustre/sanity/sanity-2.ktest PASS 100s
END ml-miscvm:sanity-3 run tests/fs/lustre/sanity/sanity-3.ktest PASS 101s
END ml-miscvm:llmount run tests/fs/lustre/llmount.ktest PASS 109s
END ml-miscvm:sanity-4 run tests/fs/lustre/sanity/sanity-4.ktest PASS 110s
END ml-miscvm:llog-unit run tests/fs/lustre/llog-unit.ktest FAIL 145s (exit code: 1)

============================================================
Final Results:
  checkpatch:checkpatch: PASS (13s) (log: /var/www/ci-lustre/upstream-patch-review/3887ccf87c42405344183b67fdf5b2e7ef09730b_checkpatch:checkpatch.log)
  u24:u24: PASS (40s) (log: /var/www/ci-lustre/upstream-patch-review/3887ccf87c42405344183b67fdf5b2e7ef09730b_u24:u24.log)
  al2023:al2023: PASS (48s) (log: /var/www/ci-lustre/upstream-patch-review/3887ccf87c42405344183b67fdf5b2e7ef09730b_al2023:al2023.log)
  ml-strict:lustre_mainline: FAIL (161s) (log: /var/www/ci-lustre/upstream-patch-review/3887ccf87c42405344183b67fdf5b2e7ef09730b_ml-strict:lustre_mainline.log)
  ml:lustre_mainline: PASS (163s) (log: /var/www/ci-lustre/upstream-patch-review/3887ccf87c42405344183b67fdf5b2e7ef09730b_ml:lustre_mainline.log)
  ml-miscvm:lustre_mainline_native: PASS (165s) (log: /var/www/ci-lustre/upstream-patch-review/3887ccf87c42405344183b67fdf5b2e7ef09730b_ml-miscvm:lustre_mainline_native.log)
  ml-miscvm:boot: PASS (59s) (log: /var/www/ci-lustre/upstream-patch-review/3887ccf87c42405344183b67fdf5b2e7ef09730b_ml-miscvm:boot.log)
  ml-miscvm:llmount: PASS (109s) (log: /var/www/ci-lustre/upstream-patch-review/3887ccf87c42405344183b67fdf5b2e7ef09730b_ml-miscvm:llmount.log)
  ml-miscvm:llog-unit: FAIL (145s) (log: /var/www/ci-lustre/upstream-patch-review/3887ccf87c42405344183b67fdf5b2e7ef09730b_ml-miscvm:llog-unit.log)
  ml-miscvm:mgs-setup: PASS (69s) (log: /var/www/ci-lustre/upstream-patch-review/3887ccf87c42405344183b67fdf5b2e7ef09730b_ml-miscvm:mgs-setup.log)
  ml-miscvm:sanity-1: PASS (99s) (log: /var/www/ci-lustre/upstream-patch-review/3887ccf87c42405344183b67fdf5b2e7ef09730b_ml-miscvm:sanity-1.log)
  ml-miscvm:sanity-2: PASS (100s) (log: /var/www/ci-lustre/upstream-patch-review/3887ccf87c42405344183b67fdf5b2e7ef09730b_ml-miscvm:sanity-2.log)
  ml-miscvm:sanity-3: PASS (101s) (log: /var/www/ci-lustre/upstream-patch-review/3887ccf87c42405344183b67fdf5b2e7ef09730b_ml-miscvm:sanity-3.log)
  ml-miscvm:sanity-4: PASS (110s) (log: /var/www/ci-lustre/upstream-patch-review/3887ccf87c42405344183b67fdf5b2e7ef09730b_ml-miscvm:sanity-4.log)

Total execution time: 341s

Packed 4057 logs from /var/www/ci-lustre/upstream-patch-review into /home/ktest/ktest/local-site/local_data.js
Open /home/ktest/ktest/local-site/index.html in a browser
