00005 
00016 RDSEED32 is broken. Disabling the corresponding CPUID bit.
00020 init: failed to load nvme_core
00020 init: failed to load nvme
00020 init: failed to load zfs
00021 LNetError: 1:0:(lib-socket.c:619:lnet_inet_enumerate()) lnet: Can't find any usable interfaces, rc = -ENOENT
00021 LNetError: Error -100 starting up LNI tcp
00022 LustreError: 1:0:(events.c:627:ptlrpc_init_portals()) network initialisation failed: rc = -100
00022 init: finit_module /lib/modules/7.0.0-ktest-393298b-6330a45-20260727-dirty/updates/ptlrpc.ko: Network is down
00022 init: failed to load lustre
00022 init: failed to load osd_zfs
00022 init: failed to load iwlwifi
00022 init: failed to load iwlmvm
00022 init: failed to load mt7921e
00022 init: failed to load i915
00022 init: failed to load nouveau
00035 Kernel version: 7.0.0-ktest-393298b-6330a45-20260727-dirty
00035 hook init_noop
00036 
00036 Running tests llmount
00036 
00036 ========= TEST   llmount
00041 SETUP LUSTRE ... LNet: Added LNI 10.0.2.15@tcp [8/256/0/180]
00042 Lustre: Echo OBD driver; http://www.lustre.org/
00042 Lustre: 1918:0:(mdt_handler.c:64:mdt_max_mod_rpcs_per_client_set()) max_mod_rpcs_per_client is deprecated, set mdt.*.max_mod_rpcs_in_flight parameter instead
00043 Lustre: ctl-lustre-MDT0000: No data found on store. Initialize space.
00043 Lustre: lustre-MDT0000: new disk, initializing
00043 Lustre: lustre-MDT0000: Imperative Recovery not enabled, recovery window 300-900
00043 Lustre: ctl-lustre-MDT0000: super-sequence allocation rc = 0 [0x0000000200000400-0x0000000240000400]:0:mdt
00043 Lustre: cli-ctl-lustre-MDT0001: Allocated super-sequence [0x0000000240000400-0x0000000280000400]:1:mdt]
00044 Lustre: lustre-OST0000: new disk, initializing
00044 Lustre: Skipped 1 previous similar message
00044 Lustre: srv-lustre-OST0000: No data found on store. Initialize space.
00044 Lustre: Skipped 2 previous similar messages
00044 Lustre: lustre-OST0000: Imperative Recovery not enabled, recovery window 300-900
00044 Lustre: Skipped 1 previous similar message
00052 Lustre: ctl-lustre-MDT0000: super-sequence allocation rc = 0 [0x0000000280000400-0x00000002c0000400]:0:ost
00052 Lustre: Skipped 1 previous similar message
00052 Lustre: cli-lustre-OST0000-super: Allocated super-sequence [0x0000000280000400-0x00000002c0000400]:0:ost]
00052 Lustre: lustre-OST0000-osc-MDT0000: update sequence from 0x100000000 to 0x280000401
00052 Lustre: lustre-OST0001-osc-MDT0000: update sequence from 0x100010000 to 0x2c0000401
00057 Lustre: lustre-MDT0000: local client 768b4baf-3273-4d28-bc22-79a01bcf39cf w/o recovery
00057 Lustre: Skipped 1 previous similar message
00057 Lustre: client wants to enable acl, but mdt not!
00057 Lustre: Mounted lustre-client
00057 lustre-ktest (1899) used greatest stack depth: 24144 bytes left
00057 22s
00067 CLEANUP LUSTRE ... Lustre: Unmounted lustre-client
00067 Lustre: server umount lustre-OST0000 complete
00067 Lustre: server umount lustre-OST0001 complete
00072 LustreError: lustre-MDT0001-osp-MDT0000: operation mds_statfs to node 0@lo failed: rc = -107
00072 Lustre: lustre-MDT0001-osp-MDT0000: Connection to lustre-MDT0001 (at 0@lo) was lost; in progress operations using this service will wait for recovery to complete
00072 Lustre: lustre-MDT0001: Not available for connect from 0@lo (stopping)
00077 Lustre: server umount lustre-MDT0001 complete
00087 Lustre: server umount lustre-MDT0000 complete
00087 21s
00087 
00087 ========= PASSED llmount in 53s
00087 
00087 Passed: llmount
00087 Failed: 
00087 NOTICE: Automounting of tracing to debugfs is deprecated and will be removed in 2030
00087 Kernel version: 7.0.0-ktest-393298b-6330a45-20260727-dirty
00087 TEST SUCCESS
