Repository: /home/ktest/git/lustre-release

============================================================
                 Top Contributors (Names)
============================================================

=== Last month (since 1 month ago) ===
     65 Oleg Drokin
     15 Timothy Day
     13 Andreas Dilger
     11 Chris Horn
     10 Arshad Hussain
      9 Shaun Tancheff
      9 Di Wang
      7 Ronnie Sahlberg
      4 Shivaji Kant
      4 Patrick Farrell
      4 Minh Diep
      4 Jian Yu
      4 James Simmons
      3 Sohei Koyama
      3 Keguang Xu
      3 Jinshan Xiong
      3 Alexander Zarochentsev
      3 Alex Zhuravlev
      2 Yonatan Nachum
      2 Xiyang Wang
      2 Robert Read
      2 Mikhail Pershin
      2 Michael Margolin
      2 Marc Vef
      1 fvogdunc
      1 Xiao Yang
      1 Wei Liu
      1 Sergey Noskov
      1 Sebastien Buisson
      1 Roman Bolshakov
      1 Qian Yingjin
      1 Nikos Papakonstantinou
      1 Nikitas Angelinas
      1 Maximilian Dilger
      1 Matt Raso-Barnett
      1 Manish Regmi
      1 Hiroshi Nishida
      1 Emoly Liu
      1 Cyril Bordage
      1 Chell Laszlo
      1 Chakshu Kansal
      1 Bruno Faccini
      1 Bobi Jam
      1 Aurélien Cedeyn
      1 Artem Blagodarenko

=== Last 3 months (since 3 months ago) ===
     83 Oleg Drokin
     69 Timothy Day
     32 Andreas Dilger
     25 Arshad Hussain
     24 Chris Horn
     19 Ronnie Sahlberg
     14 Shaun Tancheff
     12 Sohei Koyama
     11 James Simmons
     11 Di Wang
      9 Patrick Farrell
      9 Marc Vef
      9 Jian Yu
      9 Alex Zhuravlev
      7 Yonatan Nachum
      5 Shivaji Kant
      5 Minh Diep
      5 Keguang Xu
      5 Jinshan Xiong
      5 Chakshu Kansal
      4 Robert Read
      4 Qian Yingjin
      4 Matt Raso-Barnett
      4 Emoly Liu
      3 Xiyang Wang
      3 Sebastien Buisson
      3 Manish Regmi
      3 Hiroshi Nishida
      3 Bruno Faccini
      3 Bobi Jam
      3 Aurélien Cedeyn
      3 Artem Blagodarenko
      3 Alexander Zarochentsev
      2 Xiao Yang
      2 Vitaly Fertman
      2 Vandana Rungta
      2 Nikos Papakonstantinou
      2 Mikhail Pershin
      2 Michael Margolin
      2 Maximilian Dilger
      2 Alexander Boyko
      1 fvogdunc
      1 Xinxia Qu
      1 Wei Liu
      1 Serguei Smirnov
      1 Sergey Noskov
      1 Sergey Cheremencev
      1 Roman Bolshakov
      1 Rahul Bansal
      1 Nikitas Angelinas

=== Last year (since 1 year ago) ===
    151 Andreas Dilger
    149 Timothy Day
    146 Arshad Hussain
    103 Oleg Drokin
     71 Alex Zhuravlev
     62 Shaun Tancheff
     58 Jian Yu
     52 Patrick Farrell
     51 Chris Horn
     47 James Simmons
     45 Sebastien Buisson
     38 Marc Vef
     31 Ronnie Sahlberg
     27 Sohei Koyama
     27 Chakshu Kansal
     22 Xiao Yang
     17 Mikhail Pershin
     15 Li Dongyang
     15 Di Wang
     13 Emoly Liu
     13 Bobi Jam
     12 Yonatan Nachum
     12 Sergey Cheremencev
     12 Qian Yingjin
     11 Lai Siyao
     11 Aurélien Cedeyn
     11 Alexey Lyashkov
     10 Minh Diep
     10 Keguang Xu
     10 Hongchao Zhang
      9 Frederick Dilger
      9 Bruno Faccini
      8 Nikos Papakonstantinou
      8 Artem Blagodarenko
      8 Alexander Boyko
      7 Serguei Smirnov
      7 Robert Read
      7 Jinshan Xiong
      7 Hiroshi Nishida
      7 Cyril Bordage
      7 Aurelien Degremont
      7 Abdul Halim
      6 Vitaly Fertman
      6 Etienne AUJAMES
      6 Alexander Zarochentsev
      5 Shivaji Kant
      5 Maximilian Dilger
      4 Matt Raso-Barnett
      3 Yang Sheng
      3 Xiyang Wang

=== Last 3 years (since 3 years ago) ===
    405 Arshad Hussain
    399 Timothy Day
    327 Andreas Dilger
    230 Shaun Tancheff
    182 Sebastien Buisson
    181 James Simmons
    170 Jian Yu
    170 Alex Zhuravlev
    165 Oleg Drokin
    164 Patrick Farrell
    121 Chris Horn
     86 Qian Yingjin
     75 Marc Vef
     72 Frederick Dilger
     53 Sergey Cheremencev
     53 Mikhail Pershin
     52 Bobi Jam
     46 Li Dongyang
     46 Emoly Liu
     44 Etienne AUJAMES
     43 Hongchao Zhang
     42 Ronnie Sahlberg
     39 Lai Siyao
     35 Serguei Smirnov
     34 Sohei Koyama
     31 Chakshu Kansal
     31 Alexey Lyashkov
     29 Alexander Boyko
     26 Yang Sheng
     24 Aurelien Degremont
     23 Alexander Zarochentsev
     22 Xiao Yang
     20 Bruno Faccini
     19 Vladimir Saveliev
     18 Di Wang
     17 Keguang Xu
     16 Rajeev Mishra
     16 Mr NeilBrown
     16 Artem Blagodarenko
     15 Frank Sehr
     14 Yonatan Nachum
     14 Maximilian Dilger
     14 Cyril Bordage
     13 Vitaly Fertman
     12 Lei Feng
     11 Minh Diep
     11 Aurélien Cedeyn
      9 Elena Gryaznova
      8 Robert Read
      8 Nikos Papakonstantinou


============================================================
          Top Contributors by Email Domain
============================================================

=== Last month (since 1 month ago) ===
     92 whamcloud.com
     37 thelustrecollective.com
     27 ddn.com
     16 google.com
     10 aeoncomputing.com
      7 hpe.com
      5 tancheff.com
      5 amazon.com
      4 infradead.org
      2 gmail.com
      1 proton.me
      1 nvidia.com

=== Last 3 months (since 3 months ago) ===
    153 whamcloud.com
    119 thelustrecollective.com
     69 ddn.com
     25 aeoncomputing.com
     21 google.com
     14 hpe.com
     14 amazon.com
     11 infradead.org
      7 gmail.com
      6 tancheff.com
      3 nvidia.com
      1 proton.me
      1 canonical.com

=== Last year (since 1 year ago) ===
    478 whamcloud.com
    250 thelustrecollective.com
    231 ddn.com
    146 aeoncomputing.com
    116 hpe.com
     80 amazon.com
     47 infradead.org
     26 google.com
     20 gmail.com
     17 nvidia.com
      9 cea.fr
      7 openchip.com
      6 tancheff.com
      3 brown.name
      2 oracle.com
      2 llnl.gov
      2 lanl.gov
      1 stanford.edu
      1 proton.me
      1 hpc2n.umu.se
      1 gluesys.com
      1 canonical.com
      1 163.com

=== Last 3 years (since 3 years ago) ===
   1404 whamcloud.com
    553 ddn.com
    483 hpe.com
    405 aeoncomputing.com
    338 amazon.com
    252 thelustrecollective.com
    181 infradead.org
     53 cea.fr
     45 nvidia.com
     40 oracle.com
     32 gmail.com
     27 google.com
     16 suse.de
     10 llnl.gov
      7 openchip.com
      7 lanl.gov
      6 tancheff.com
      6 microsoft.com
      4 hpc2n.umu.se
      3 linaro.org
      3 gluesys.com
      3 brown.name
      2 tintri.com
      2 stanford.edu
      2 cray.com
      2 1up.unl.edu
      1 zeniv.linux.org.uk
      1 proton.me
      1 ornl.gov
      1 intel.com
      1 iastate.edu
      1 eviden.com
      1 codewreck.org
      1 canonical.com
      1 atos.net
      1 163.com


============================================================
                 Top Reviewers (Names)
============================================================

=== Last month (since 1 month ago) ===
    129 Oleg Drokin
     92 Andreas Dilger
     64 James Simmons
     36 Arshad Hussain
     26 Timothy Day
     16 Sebastien Buisson
     13 Alex Zhuravlev
     11 Jian Yu
      9 Marc Vef
      9 Chris Horn
      8 Minh
      6 Pranjal Shrivastava
      6 Mikhail Pershin
      6 Cyril Bordage
      5 Keguang Xu
      5 Artem Blagodarenko
      4 Xinxia Qu
      4 Shaun Tancheff
      4 Alexey Lyashkov
      3 Xiao Yang
      3 Tom Sela
      3 Manish Regmi
      3 Jinshan Xiong
      3 Andrew Perepechko
      2 wangdi
      2 Sergey Cheremencev
      2 Ronnie Sahlberg
      2 Qian Yingjin
      2 Patrick Farrell
      2 Michael Margolin
      2 Maximilian Dilger
      2 Chakshu Kansal
      2 Alexander Boyko
      2 Alex Deiter
      1 kg.xu
      1 Zhenyu Xu
      1 Zanhua Huang
      1 Yonatan Nachum
      1 Sarah Liu
      1 Peter Jones
      1 Olaf Faaland
      1 Matt Raso-Barnett
      1 Li Dongyang
      1 Hongchao Zhang
      1 Etienne AUJAMES
      1 Emoly Liu
      1 Anjus George

=== Last 3 months (since 3 months ago) ===
    349 Oleg Drokin
    225 Andreas Dilger
    143 James Simmons
     77 Timothy Day
     67 Arshad Hussain
     34 Sebastien Buisson
     32 Alex Zhuravlev
     27 Shaun Tancheff
     26 Marc Vef
     24 Jian Yu
     24 Chris Horn
     13 Cyril Bordage
     12 Xinxia Qu
     12 Minh
     11 Mikhail Pershin
     11 Manish Regmi
      9 Keguang Xu
      8 Tom Sela
      8 Artem Blagodarenko
      7 Qian Yingjin
      7 Michael Margolin
      7 Alex Deiter
      6 Xiao Yang
      6 Pranjal Shrivastava
      6 Anjus George
      6 Alexey Lyashkov
      6 Alexander Boyko
      5 wangdi
      5 kg.xu
      5 Maximilian Dilger
      4 Zhenyu Xu
      4 Serguei Smirnov
      4 Sergey Cheremencev
      4 Ronnie Sahlberg
      4 Patrick Farrell
      4 Jinshan Xiong
      4 Alexander Zarochentsev
      3 Yonatan Nachum
      3 Hongchao Zhang
      3 Etienne AUJAMES
      3 Chakshu Kansal
      3 Andrew Perepechko
      2 Zanhua Huang
      2 Sarah Liu
      2 Li Dongyang
      2 Lai Siyao
      1 Yang Sheng
      1 Rahul Bansal
      1 Peter Jones
      1 Olaf Faaland

=== Last year (since 1 year ago) ===
   1332 Oleg Drokin
    896 Andreas Dilger
    387 James Simmons
    228 Arshad Hussain
    173 Timothy Day
    123 Marc Vef
    115 Jian Yu
    114 Sebastien Buisson
     91 Shaun Tancheff
     86 Anjus George
     86 Alex Zhuravlev
     56 Chris Horn
     48 Mikhail Pershin
     36 Alex Deiter
     32 Yang Sheng
     32 Serguei Smirnov
     29 Artem Blagodarenko
     28 Alexander Boyko
     26 Maximilian Dilger
     25 Chakshu Kansal
     24 Cyril Bordage
     22 Qian Yingjin
     21 Patrick Farrell
     20 Sergey Cheremencev
     19 Minh
     19 Li Dongyang
     19 Frederick Dilger
     17 Xinxia Qu
     17 Ronnie Sahlberg
     17 Lai Siyao
     17 Emoly Liu
     15 Manish Regmi
     14 Alexey Lyashkov
     14 Alexander Zarochentsev
     13 Xiao Yang
     13 Etienne AUJAMES
     12 Yonatan Nachum
     11 Hongchao Zhang
     11 Andrew Perepechko
     10 Keguang Xu
      9 wangdi
      9 kg.xu
      8 Tom Sela
      8 Rahul Bansal
      8 Michael Margolin
      8 Aurelien Degremont
      8 Akash B
      6 Zhenyu Xu
      6 Zanhua Huang
      6 Vitaliy Kuznetsov

=== Last 3 years (since 3 years ago) ===
   3707 Oleg Drokin
   2453 Andreas Dilger
    993 James Simmons
    566 Arshad Hussain
    500 Timothy Day
    313 Jian Yu
    267 Sebastien Buisson
    241 Shaun Tancheff
    195 Marc Vef
    194 Alex Zhuravlev
    180 Chris Horn
    134 Anjus George
    128 Patrick Farrell
    128 Frank Sehr
    123 Serguei Smirnov
    120 Yang Sheng
    118 Alex Deiter
    117 Petros Koutoupis
    114 Mikhail Pershin
     95 Qian Yingjin
     87 Lai Siyao
     83 Sergey Cheremencev
     81 Aurelien Degremont
     78 Cyril Bordage
     76 Alexander Boyko
     65 Artem Blagodarenko
     52 Li Dongyang
     52 Frederick Dilger
     49 Andrew Perepechko
     47 Hongchao Zhang
     44 Neil Brown
     43 Emoly Liu
     40 Li Xi
     40 Etienne AUJAMES
     38 Alexander Zarochentsev
     37 jsimmons
     35 Alexey Lyashkov
     34 Maximilian Dilger
     31 Zhenyu Xu
     31 Chakshu Kansal
     25 Andriy Skulysh
     23 Manish Regmi
     21 Feng Lei
     20 Caleb Carlson
     19 Minh
     18 Ronnie Sahlberg
     18 Max Wang
     17 Xinxia Qu
     16 Olaf Faaland
     15 Yonatan Nachum


============================================================
           Top Reviewers by Email Domain
============================================================

=== Last month (since 1 month ago) ===
    182 whamcloud.com
    134 thelustrecollective.com
     64 infradead.org
     50 ddn.com
     36 aeoncomputing.com
      9 hpe.com
      9 google.com
      7 amazon.com
      4 tancheff.com
      3 gmail.com
      1 rasobarnett.com
      1 ornl.gov
      1 llnl.gov

=== Last 3 months (since 3 months ago) ===
    477 whamcloud.com
    331 thelustrecollective.com
    143 infradead.org
    123 ddn.com
     67 aeoncomputing.com
     40 hpe.com
     20 amazon.com
     13 google.com
      9 gmail.com
      6 tancheff.com
      6 ornl.gov
      2 nvidia.com
      2 llnl.gov
      1 rasobarnett.com

=== Last year (since 1 year ago) ===
   2021 whamcloud.com
    935 thelustrecollective.com
    387 infradead.org
    362 ddn.com
    228 aeoncomputing.com
    199 hpe.com
     91 amazon.com
     86 ornl.gov
     43 dilger.ca
     27 gmail.com
     20 google.com
     13 nvidia.com
     10 llnl.gov
      6 tancheff.com
      5 cea.fr
      1 stanford.edu
      1 rasobarnett.com
      1 microsoft.com
      1 hpc2n.umu.se
      1 gluesys.com

=== Last 3 years (since 3 years ago) ===
   7037 whamcloud.com
   1030 infradead.org
    935 thelustrecollective.com
    889 ddn.com
    818 hpe.com
    566 aeoncomputing.com
    453 amazon.com
    135 ornl.gov
     95 nvidia.com
     49 oracle.com
     47 gmail.com
     43 suse.de
     43 dilger.ca
     30 llnl.gov
     20 hotmail.com
     20 google.com
     12 linaro.org
      9 cea.fr
      6 tancheff.com
      6 stanford.edu
      6 lanl.gov
      6 cray.com
      5 microsoft.com
      3 hpc2n.umu.se
      2 stibor.net
      1 rasobarnett.com
      1 gluesys.com
      1 brown.name

