CLI: ./pk --podman-socket unix:///run/user/1000/podman/podman.sock --shared-filesystem /tmp --tarball-input job mainline-zfs --output /var/www/ci-lustre/upstream-patch-review --git-hash 39332ca20a2ed0d9de3f164dfb254c67b80d3397_mainline-zfs --change-id master-next_39332ca20a2ed0d9de3f164dfb254c67b80d3397_mainline-zfs --subject [mainline-zfs] Staging branch for new changes

Environment validated successfully
Note: custom LLVM is not synced in tarball input mode
Creating kernel tarball at /tmp/ktest-kernel.tar.gz...
Creating lustre tarball at /tmp/ktest-lustre.tar.gz...
Creating ZFS tarball at /tmp/ktest-zfs.tar.gz...
Executing 11 jobs
Jobs will start as soon as their dependencies are satisfied
Using tarball input mode

START ml-zfs-llmount:lustre_mainline build tests/fs/lustre/llmount.ktest
START ml-zfs-miscvm:lustre_mainline_native build tests/fs/lustre/boot.ktest
PUT /tmp/ktest-kernel.tar.gz 5s
PUT /tmp/ktest-kernel.tar.gz 5s
PUT /tmp/ktest-lustre.tar.gz 0s
PUT /tmp/ktest-lustre.tar.gz 0s
PUT /tmp/ktest-zfs.tar.gz 0s
PUT /tmp/ktest-zfs.tar.gz 0s
GET /tmp/ktest_ml-zfs-miscvm:lustre_mainline_native_7r027lyw.tar 0s
GET /tmp/ktest_ml-zfs-llmount:lustre_mainline_5tmfu9dv.tar 0s
END ml-zfs-miscvm:lustre_mainline_native build tests/fs/lustre/boot.ktest PASS 186s
START ml-zfs-miscvm:boot run tests/fs/lustre/boot.ktest
START ml-zfs-miscvm:llmount run tests/fs/lustre/llmount.ktest
START ml-zfs-miscvm:llog-unit run tests/fs/lustre/llog-unit.ktest
START ml-zfs-miscvm:mgs-setup run tests/fs/lustre/mgs-setup.ktest
START ml-zfs-miscvm:sanity-1 run tests/fs/lustre/sanity/sanity-1.ktest
START ml-zfs-miscvm:sanity-2 run tests/fs/lustre/sanity/sanity-2.ktest
START ml-zfs-miscvm:sanity-3 run tests/fs/lustre/sanity/sanity-3.ktest
START ml-zfs-miscvm:sanity-4 run tests/fs/lustre/sanity/sanity-4.ktest
END ml-zfs-llmount:lustre_mainline build tests/fs/lustre/llmount.ktest PASS 187s
START ml-zfs-llmount:boot run tests/fs/lustre/llmount.ktest
PUT /tmp/ktest-kernel.tar.gz 11s
PUT /tmp/ktest-kernel.tar.gz 11s
PUT /tmp/ktest-kernel.tar.gz 11s
PUT /tmp/ktest-kernel.tar.gz 11s
PUT /tmp/ktest-kernel.tar.gz 11s
PUT /tmp/ktest-kernel.tar.gz 12s
PUT /tmp/ktest-kernel.tar.gz 12s
PUT /tmp/ktest-kernel.tar.gz 12s
PUT /tmp/ktest-kernel.tar.gz 12s
PUT /tmp/ktest-lustre.tar.gz 2s
PUT /tmp/ktest-lustre.tar.gz 1s
PUT /tmp/ktest-lustre.tar.gz 2s
PUT /tmp/ktest-lustre.tar.gz 2s
PUT /tmp/ktest-lustre.tar.gz 2s
PUT /tmp/ktest-lustre.tar.gz 3s
PUT /tmp/ktest-lustre.tar.gz 2s
PUT /tmp/ktest-lustre.tar.gz 2s
PUT /tmp/ktest-lustre.tar.gz 2s
PUT /tmp/ktest_ml-zfs-miscvm:lustre_mainline_native_7r027lyw.tar 0s
PUT /tmp/ktest_ml-zfs-miscvm:lustre_mainline_native_7r027lyw.tar 0s
PUT /tmp/ktest_ml-zfs-miscvm:lustre_mainline_native_7r027lyw.tar 0s
PUT /tmp/ktest_ml-zfs-miscvm:lustre_mainline_native_7r027lyw.tar 0s
PUT /tmp/ktest_ml-zfs-miscvm:lustre_mainline_native_7r027lyw.tar 0s
PUT /tmp/ktest_ml-zfs-miscvm:lustre_mainline_native_7r027lyw.tar 0s
PUT /tmp/ktest_ml-zfs-miscvm:lustre_mainline_native_7r027lyw.tar 0s
PUT /tmp/ktest_ml-zfs-llmount:lustre_mainline_5tmfu9dv.tar 0s
PUT /tmp/ktest_ml-zfs-miscvm:lustre_mainline_native_7r027lyw.tar 0s
END ml-zfs-miscvm:sanity-3 run tests/fs/lustre/sanity/sanity-3.ktest FAIL 66s (exit code: 1)
END ml-zfs-miscvm:boot run tests/fs/lustre/boot.ktest PASS 67s
END ml-zfs-miscvm:sanity-1 run tests/fs/lustre/sanity/sanity-1.ktest FAIL 70s (exit code: 1)
END ml-zfs-miscvm:sanity-2 run tests/fs/lustre/sanity/sanity-2.ktest FAIL 75s (exit code: 1)
END ml-zfs-miscvm:sanity-4 run tests/fs/lustre/sanity/sanity-4.ktest FAIL 76s (exit code: 1)
END ml-zfs-miscvm:mgs-setup run tests/fs/lustre/mgs-setup.ktest PASS 79s
END ml-zfs-miscvm:llmount run tests/fs/lustre/llmount.ktest PASS 109s
END ml-zfs-llmount:boot run tests/fs/lustre/llmount.ktest PASS 126s
END ml-zfs-miscvm:llog-unit run tests/fs/lustre/llog-unit.ktest FAIL 289s (exit code: 1)

============================================================
Final Results:
  ml-zfs-llmount:lustre_mainline: PASS (187s) (log: /var/www/ci-lustre/upstream-patch-review/39332ca20a2ed0d9de3f164dfb254c67b80d3397_mainline-zfs_ml-zfs-llmount:lustre_mainline.log)
  ml-zfs-llmount:boot: PASS (126s) (log: /var/www/ci-lustre/upstream-patch-review/39332ca20a2ed0d9de3f164dfb254c67b80d3397_mainline-zfs_ml-zfs-llmount:boot.log)
  ml-zfs-miscvm:lustre_mainline_native: PASS (186s) (log: /var/www/ci-lustre/upstream-patch-review/39332ca20a2ed0d9de3f164dfb254c67b80d3397_mainline-zfs_ml-zfs-miscvm:lustre_mainline_native.log)
  ml-zfs-miscvm:boot: PASS (67s) (log: /var/www/ci-lustre/upstream-patch-review/39332ca20a2ed0d9de3f164dfb254c67b80d3397_mainline-zfs_ml-zfs-miscvm:boot.log)
  ml-zfs-miscvm:llmount: PASS (109s) (log: /var/www/ci-lustre/upstream-patch-review/39332ca20a2ed0d9de3f164dfb254c67b80d3397_mainline-zfs_ml-zfs-miscvm:llmount.log)
  ml-zfs-miscvm:llog-unit: FAIL (289s) (log: /var/www/ci-lustre/upstream-patch-review/39332ca20a2ed0d9de3f164dfb254c67b80d3397_mainline-zfs_ml-zfs-miscvm:llog-unit.log)
  ml-zfs-miscvm:mgs-setup: PASS (79s) (log: /var/www/ci-lustre/upstream-patch-review/39332ca20a2ed0d9de3f164dfb254c67b80d3397_mainline-zfs_ml-zfs-miscvm:mgs-setup.log)
  ml-zfs-miscvm:sanity-1: FAIL (70s) (log: /var/www/ci-lustre/upstream-patch-review/39332ca20a2ed0d9de3f164dfb254c67b80d3397_mainline-zfs_ml-zfs-miscvm:sanity-1.log)
  ml-zfs-miscvm:sanity-2: FAIL (75s) (log: /var/www/ci-lustre/upstream-patch-review/39332ca20a2ed0d9de3f164dfb254c67b80d3397_mainline-zfs_ml-zfs-miscvm:sanity-2.log)
  ml-zfs-miscvm:sanity-3: FAIL (66s) (log: /var/www/ci-lustre/upstream-patch-review/39332ca20a2ed0d9de3f164dfb254c67b80d3397_mainline-zfs_ml-zfs-miscvm:sanity-3.log)
  ml-zfs-miscvm:sanity-4: FAIL (76s) (log: /var/www/ci-lustre/upstream-patch-review/39332ca20a2ed0d9de3f164dfb254c67b80d3397_mainline-zfs_ml-zfs-miscvm:sanity-4.log)

Total execution time: 505s

Packed 130 logs from /var/www/ci-lustre/upstream-patch-review into /home/ktest/ktest/local-site/local_data.js
Open /home/ktest/ktest/local-site/index.html in a browser
