CLI: ./pk --podman-socket unix:///run/podman/podman.sock --shared-filesystem /tmp --tarball-input job lustre-ci --output /var/www/ci-lustre/upstream-patch-review --git-hash 3a53ae1c591658a32ca799682e3f6234b8bb1e01 --change-id 68004_3a53ae1c591658a32ca799682e3f6234b8bb1e01 --subject LU-20592 llite: request dir layout in search_inode_for_lustre

Environment validated successfully
Note: custom LLVM is not synced in tarball input mode
Creating kernel tarball at /tmp/ktest-kernel.tar.gz...
Creating lustre tarball at /tmp/ktest-lustre.tar.gz...
Creating ZFS tarball at /tmp/ktest-zfs.tar.gz...
Executing 14 jobs
Jobs will start as soon as their dependencies are satisfied
Using tarball input mode

START u24:u24 build tests/fs/lustre/boot.ktest
START ml-miscvm:lustre_mainline_native build tests/fs/lustre/boot.ktest
START ml-strict:lustre_mainline build tests/fs/lustre/boot-strict.ktest
START al2023:al2023 build tests/fs/lustre/boot.ktest
START checkpatch:checkpatch tool checkpatch
START ml:lustre_mainline build tests/fs/lustre/boot.ktest
PUT /tmp/ktest-lustre.tar.gz 1s
PUT /tmp/ktest-lustre.tar.gz 1s
PUT /tmp/ktest-kernel.tar.gz 6s
PUT /tmp/ktest-kernel.tar.gz 7s
PUT /tmp/ktest-kernel.tar.gz 7s
PUT /tmp/ktest-kernel.tar.gz 7s
PUT /tmp/ktest-lustre.tar.gz 3s
PUT /tmp/ktest-lustre.tar.gz 3s
PUT /tmp/ktest-lustre.tar.gz 3s
PUT /tmp/ktest-lustre.tar.gz 3s
PUT /tmp/ktest-zfs.tar.gz 0s
PUT /tmp/ktest-zfs.tar.gz 0s
PUT /tmp/ktest-zfs.tar.gz 0s
END checkpatch:checkpatch tool checkpatch PASS 13s
END u24:u24 build tests/fs/lustre/boot.ktest PASS 39s
END al2023:al2023 build tests/fs/lustre/boot.ktest PASS 46s
GET /tmp/ktest_ml-miscvm:lustre_mainline_native_37z6kqt0.tar 0s
GET /tmp/ktest_ml:lustre_mainline_bqy0855b.tar 0s
END ml-miscvm:lustre_mainline_native build tests/fs/lustre/boot.ktest PASS 154s
START ml-miscvm:boot run tests/fs/lustre/boot.ktest
START ml-miscvm:llmount run tests/fs/lustre/llmount.ktest
START ml-miscvm:llog-unit run tests/fs/lustre/llog-unit.ktest
START ml-miscvm:mgs-setup run tests/fs/lustre/mgs-setup.ktest
START ml-miscvm:sanity-1 run tests/fs/lustre/sanity/sanity-1.ktest
START ml-miscvm:sanity-2 run tests/fs/lustre/sanity/sanity-2.ktest
START ml-miscvm:sanity-3 run tests/fs/lustre/sanity/sanity-3.ktest
START ml-miscvm:sanity-4 run tests/fs/lustre/sanity/sanity-4.ktest
GET /tmp/ktest_ml-strict:lustre_mainline_sohloi4r.tar 4s
END ml:lustre_mainline build tests/fs/lustre/boot.ktest PASS 156s
END ml-strict:lustre_mainline build tests/fs/lustre/boot-strict.ktest FAIL 157s (exit code: 1)
PUT /tmp/ktest-kernel.tar.gz 24s
PUT /tmp/ktest-kernel.tar.gz 24s
PUT /tmp/ktest-kernel.tar.gz 24s
PUT /tmp/ktest-kernel.tar.gz 24s
PUT /tmp/ktest-kernel.tar.gz 24s
PUT /tmp/ktest-kernel.tar.gz 24s
PUT /tmp/ktest-kernel.tar.gz 24s
PUT /tmp/ktest-kernel.tar.gz 25s
PUT /tmp/ktest-lustre.tar.gz 8s
PUT /tmp/ktest-lustre.tar.gz 7s
PUT /tmp/ktest-lustre.tar.gz 8s
PUT /tmp/ktest-lustre.tar.gz 7s
PUT /tmp/ktest-lustre.tar.gz 8s
PUT /tmp/ktest-lustre.tar.gz 7s
PUT /tmp/ktest-lustre.tar.gz 8s
PUT /tmp/ktest-lustre.tar.gz 8s
PUT /tmp/ktest_ml-miscvm:lustre_mainline_native_37z6kqt0.tar 0s
PUT /tmp/ktest_ml-miscvm:lustre_mainline_native_37z6kqt0.tar 0s
PUT /tmp/ktest_ml-miscvm:lustre_mainline_native_37z6kqt0.tar 0s
PUT /tmp/ktest_ml-miscvm:lustre_mainline_native_37z6kqt0.tar 0s
PUT /tmp/ktest_ml-miscvm:lustre_mainline_native_37z6kqt0.tar 0s
PUT /tmp/ktest_ml-miscvm:lustre_mainline_native_37z6kqt0.tar 0s
PUT /tmp/ktest_ml-miscvm:lustre_mainline_native_37z6kqt0.tar 0s
PUT /tmp/ktest_ml-miscvm:lustre_mainline_native_37z6kqt0.tar 0s
END ml-miscvm:boot run tests/fs/lustre/boot.ktest PASS 47s
END ml-miscvm:mgs-setup run tests/fs/lustre/mgs-setup.ktest PASS 57s
END ml-miscvm:sanity-4 run tests/fs/lustre/sanity/sanity-4.ktest PASS 83s
END ml-miscvm:sanity-3 run tests/fs/lustre/sanity/sanity-3.ktest PASS 85s
END ml-miscvm:sanity-1 run tests/fs/lustre/sanity/sanity-1.ktest PASS 97s
END ml-miscvm:sanity-2 run tests/fs/lustre/sanity/sanity-2.ktest PASS 98s
END ml-miscvm:llmount run tests/fs/lustre/llmount.ktest PASS 108s
END ml-miscvm:llog-unit run tests/fs/lustre/llog-unit.ktest PASS 158s

============================================================
Final Results:
  checkpatch:checkpatch: PASS (13s) (log: /var/www/ci-lustre/upstream-patch-review/3a53ae1c591658a32ca799682e3f6234b8bb1e01_checkpatch:checkpatch.log)
  u24:u24: PASS (39s) (log: /var/www/ci-lustre/upstream-patch-review/3a53ae1c591658a32ca799682e3f6234b8bb1e01_u24:u24.log)
  al2023:al2023: PASS (46s) (log: /var/www/ci-lustre/upstream-patch-review/3a53ae1c591658a32ca799682e3f6234b8bb1e01_al2023:al2023.log)
  ml-strict:lustre_mainline: FAIL (157s) (log: /var/www/ci-lustre/upstream-patch-review/3a53ae1c591658a32ca799682e3f6234b8bb1e01_ml-strict:lustre_mainline.log)
  ml:lustre_mainline: PASS (156s) (log: /var/www/ci-lustre/upstream-patch-review/3a53ae1c591658a32ca799682e3f6234b8bb1e01_ml:lustre_mainline.log)
  ml-miscvm:lustre_mainline_native: PASS (154s) (log: /var/www/ci-lustre/upstream-patch-review/3a53ae1c591658a32ca799682e3f6234b8bb1e01_ml-miscvm:lustre_mainline_native.log)
  ml-miscvm:boot: PASS (47s) (log: /var/www/ci-lustre/upstream-patch-review/3a53ae1c591658a32ca799682e3f6234b8bb1e01_ml-miscvm:boot.log)
  ml-miscvm:llmount: PASS (108s) (log: /var/www/ci-lustre/upstream-patch-review/3a53ae1c591658a32ca799682e3f6234b8bb1e01_ml-miscvm:llmount.log)
  ml-miscvm:llog-unit: PASS (158s) (log: /var/www/ci-lustre/upstream-patch-review/3a53ae1c591658a32ca799682e3f6234b8bb1e01_ml-miscvm:llog-unit.log)
  ml-miscvm:mgs-setup: PASS (57s) (log: /var/www/ci-lustre/upstream-patch-review/3a53ae1c591658a32ca799682e3f6234b8bb1e01_ml-miscvm:mgs-setup.log)
  ml-miscvm:sanity-1: PASS (97s) (log: /var/www/ci-lustre/upstream-patch-review/3a53ae1c591658a32ca799682e3f6234b8bb1e01_ml-miscvm:sanity-1.log)
  ml-miscvm:sanity-2: PASS (98s) (log: /var/www/ci-lustre/upstream-patch-review/3a53ae1c591658a32ca799682e3f6234b8bb1e01_ml-miscvm:sanity-2.log)
  ml-miscvm:sanity-3: PASS (85s) (log: /var/www/ci-lustre/upstream-patch-review/3a53ae1c591658a32ca799682e3f6234b8bb1e01_ml-miscvm:sanity-3.log)
  ml-miscvm:sanity-4: PASS (83s) (log: /var/www/ci-lustre/upstream-patch-review/3a53ae1c591658a32ca799682e3f6234b8bb1e01_ml-miscvm:sanity-4.log)

Total execution time: 343s

Packed 3372 logs from /var/www/ci-lustre/upstream-patch-review into /home/ktest/ktest/local-site/local_data.js
Open /home/ktest/ktest/local-site/index.html in a browser
