WARNING:SPLIT_STRING: quoted string split across lines
#95: FILE: lnet/lnet/lib-disc-view.c:58:
+		 "Required externally supplied discovery visibility policies, "
+		 "comma-separated: servicenode (or none)");

WARNING:MEMORY_BARRIER: memory barrier without comment
#121: FILE: lnet/lnet/lib-disc-view.c:84:
+	unsigned long ready = smp_load_acquire(&lnet_external_disc_ready);

WARNING:SPLIT_STRING: quoted string split across lines
#171: FILE: lnet/lnet/lib-disc-view.c:134:
+			CERROR("%s: empty external_disc_visibility policy: "
+			       "rc = %d\n", __func__, rc);

WARNING:SPLIT_STRING: quoted string split across lines
#178: FILE: lnet/lnet/lib-disc-view.c:141:
+				CERROR("%s: duplicate external_disc_visibility "
+				       "policy 'none': rc = %d\n",

WARNING:SPLIT_STRING: quoted string split across lines
#192: FILE: lnet/lnet/lib-disc-view.c:155:
+		CERROR("%s: unknown external_disc_visibility policy '%s': "
+		       "rc = %d\n", __func__, tok, rc);

WARNING:SPLIT_STRING: quoted string split across lines
#201: FILE: lnet/lnet/lib-disc-view.c:164:
+		CERROR("%s: external_disc_visibility 'none' cannot be combined: "
+		       "rc = %d\n", __func__, rc);

WARNING:LONG_LINE_STRING: line length of 186 exceeds 100 columns
#678: FILE: lnet/lnet/lib-disc-view.c:1289:
+		CERROR("servicenode discovery: %d ungrouped NI(s) exceed lnet_interfaces_max=%d and get no discovery view; they are unreachable by discovery until the limit is raised\n",

WARNING:MEMORY_BARRIER: memory barrier without comment
#1053: FILE: lnet/lnet/lib-disc-view.c:1744:
+		smp_store_release(&lnet_external_disc_required, required);

WARNING:MEMORY_BARRIER: memory barrier without comment
#1190: FILE: lnet/lnet/lib-disc-view.c:1881:
+			smp_store_release(&dv->dv_pbuf->pb_disc_view_ready, false);

WARNING:MEMORY_BARRIER: memory barrier without comment
#1227: FILE: lnet/lnet/lib-disc-view.c:1918:
+			smp_store_release(&dv->dv_pbuf->pb_disc_view_ready, true);

WARNING:STRCPY: Prefer strscpy over strcpy - see: https://github.com/KSPP/linux/issues/88
#1319: FILE: lnet/lnet/lib-disc-view.c:2010:
+	strcpy(svc->ds_name, name);

WARNING:MEMORY_BARRIER: memory barrier without comment
#1770: FILE: lnet/lnet/lib-disc-view.c:2595:
+	int count = smp_load_acquire(

WARNING:MEMORY_BARRIER: memory barrier without comment
#1839: FILE: lnet/lnet/lib-disc-view.c:2714:
+	int count = smp_load_acquire(

WARNING:MEMORY_BARRIER: memory barrier without comment
#2441: FILE: lnet/lnet/lib-disc-view.c:3506:
+		smp_wmb();

WARNING:MEMORY_BARRIER: memory barrier without comment
#2448: FILE: lnet/lnet/lib-disc-view.c:3513:
+		smp_store_release(&lnet_disc_active_policy_count,

total: 0 errors, 15 warnings, 2551 lines checked

NOTE: For some of the reported defects, checkpatch may be able to
      mechanically convert to the typical style using --fix or --fix-inplace.

Your patch has style problems, please review.

NOTE: If any of the errors are false positives, please report
      them to the maintainer, see CHECKPATCH in MAINTAINERS.
