CLI: ./pk --podman-socket unix:///run/podman/podman.sock --shared-filesystem /tmp --tarball-input job lustre-ci --output /var/www/ci-lustre/upstream-patch-review --git-hash 3cdb5cc9207b822439effac19abb416fed761385 --change-id 67520_3cdb5cc9207b822439effac19abb416fed761385 --subject LU-18687 build: silence spurious make target warnings

Environment validated successfully
Note: custom LLVM is not synced in tarball input mode
Creating kernel tarball at /tmp/ktest-kernel.tar.gz...
Creating lustre tarball at /tmp/ktest-lustre.tar.gz...
Creating ZFS tarball at /tmp/ktest-zfs.tar.gz...
Executing 14 jobs
Jobs will start as soon as their dependencies are satisfied
Using tarball input mode

START u24:u24 build tests/fs/lustre/boot.ktest
START al2023:al2023 build tests/fs/lustre/boot.ktest
START checkpatch:checkpatch tool checkpatch
START ml-strict:lustre_mainline build tests/fs/lustre/boot-strict.ktest
START ml:lustre_mainline build tests/fs/lustre/boot.ktest
START ml-miscvm:lustre_mainline_native build tests/fs/lustre/boot.ktest
PUT /tmp/ktest-lustre.tar.gz 1s
PUT /tmp/ktest-lustre.tar.gz 1s
PUT /tmp/ktest-kernel.tar.gz 7s
PUT /tmp/ktest-kernel.tar.gz 7s
PUT /tmp/ktest-kernel.tar.gz 7s
PUT /tmp/ktest-kernel.tar.gz 7s
PUT /tmp/ktest-lustre.tar.gz 1s
PUT /tmp/ktest-lustre.tar.gz 1s
PUT /tmp/ktest-lustre.tar.gz 1s
PUT /tmp/ktest-lustre.tar.gz 1s
PUT /tmp/ktest-zfs.tar.gz 0s
PUT /tmp/ktest-zfs.tar.gz 0s
PUT /tmp/ktest-zfs.tar.gz 0s
END checkpatch:checkpatch tool checkpatch PASS 11s
END al2023:al2023 build tests/fs/lustre/boot.ktest PASS 51s
END u24:u24 build tests/fs/lustre/boot.ktest PASS 53s
GET /tmp/ktest_ml-strict:lustre_mainline_tc9u4rp4.tar 7s
END ml-strict:lustre_mainline build tests/fs/lustre/boot-strict.ktest FAIL 166s (exit code: 1)
GET /tmp/ktest_ml:lustre_mainline_s1mb8v7n.tar 0s
GET /tmp/ktest_ml-miscvm:lustre_mainline_native_n11bksfb.tar 0s
END ml:lustre_mainline build tests/fs/lustre/boot.ktest PASS 168s
END ml-miscvm:lustre_mainline_native build tests/fs/lustre/boot.ktest PASS 169s
START ml-miscvm:boot run tests/fs/lustre/boot.ktest
START ml-miscvm:llmount run tests/fs/lustre/llmount.ktest
START ml-miscvm:llog-unit run tests/fs/lustre/llog-unit.ktest
START ml-miscvm:mgs-setup run tests/fs/lustre/mgs-setup.ktest
START ml-miscvm:sanity-1 run tests/fs/lustre/sanity/sanity-1.ktest
START ml-miscvm:sanity-2 run tests/fs/lustre/sanity/sanity-2.ktest
START ml-miscvm:sanity-3 run tests/fs/lustre/sanity/sanity-3.ktest
START ml-miscvm:sanity-4 run tests/fs/lustre/sanity/sanity-4.ktest
PUT /tmp/ktest-kernel.tar.gz 9s
PUT /tmp/ktest-kernel.tar.gz 9s
PUT /tmp/ktest-kernel.tar.gz 9s
PUT /tmp/ktest-kernel.tar.gz 9s
PUT /tmp/ktest-kernel.tar.gz 9s
PUT /tmp/ktest-kernel.tar.gz 9s
PUT /tmp/ktest-kernel.tar.gz 10s
PUT /tmp/ktest-kernel.tar.gz 9s
PUT /tmp/ktest-lustre.tar.gz 2s
PUT /tmp/ktest-lustre.tar.gz 2s
PUT /tmp/ktest-lustre.tar.gz 2s
PUT /tmp/ktest-lustre.tar.gz 2s
PUT /tmp/ktest-lustre.tar.gz 1s
PUT /tmp/ktest-lustre.tar.gz 2s
PUT /tmp/ktest-lustre.tar.gz 1s
PUT /tmp/ktest-lustre.tar.gz 2s
PUT /tmp/ktest_ml-miscvm:lustre_mainline_native_n11bksfb.tar 0s
PUT /tmp/ktest_ml-miscvm:lustre_mainline_native_n11bksfb.tar 0s
PUT /tmp/ktest_ml-miscvm:lustre_mainline_native_n11bksfb.tar 0s
PUT /tmp/ktest_ml-miscvm:lustre_mainline_native_n11bksfb.tar 0s
PUT /tmp/ktest_ml-miscvm:lustre_mainline_native_n11bksfb.tar 0s
PUT /tmp/ktest_ml-miscvm:lustre_mainline_native_n11bksfb.tar 0s
PUT /tmp/ktest_ml-miscvm:lustre_mainline_native_n11bksfb.tar 0s
PUT /tmp/ktest_ml-miscvm:lustre_mainline_native_n11bksfb.tar 0s
END ml-miscvm:boot run tests/fs/lustre/boot.ktest PASS 45s
END ml-miscvm:mgs-setup run tests/fs/lustre/mgs-setup.ktest PASS 58s
END ml-miscvm:sanity-1 run tests/fs/lustre/sanity/sanity-1.ktest PASS 84s
END ml-miscvm:llmount run tests/fs/lustre/llmount.ktest PASS 96s
END ml-miscvm:sanity-4 run tests/fs/lustre/sanity/sanity-4.ktest PASS 97s
END ml-miscvm:sanity-2 run tests/fs/lustre/sanity/sanity-2.ktest PASS 98s
END ml-miscvm:sanity-3 run tests/fs/lustre/sanity/sanity-3.ktest PASS 99s
END ml-miscvm:llog-unit run tests/fs/lustre/llog-unit.ktest FAIL 158s (exit code: 1)

============================================================
Final Results:
  checkpatch:checkpatch: PASS (11s) (log: /var/www/ci-lustre/upstream-patch-review/3cdb5cc9207b822439effac19abb416fed761385_checkpatch:checkpatch.log)
  u24:u24: PASS (53s) (log: /var/www/ci-lustre/upstream-patch-review/3cdb5cc9207b822439effac19abb416fed761385_u24:u24.log)
  al2023:al2023: PASS (51s) (log: /var/www/ci-lustre/upstream-patch-review/3cdb5cc9207b822439effac19abb416fed761385_al2023:al2023.log)
  ml-strict:lustre_mainline: FAIL (166s) (log: /var/www/ci-lustre/upstream-patch-review/3cdb5cc9207b822439effac19abb416fed761385_ml-strict:lustre_mainline.log)
  ml:lustre_mainline: PASS (168s) (log: /var/www/ci-lustre/upstream-patch-review/3cdb5cc9207b822439effac19abb416fed761385_ml:lustre_mainline.log)
  ml-miscvm:lustre_mainline_native: PASS (169s) (log: /var/www/ci-lustre/upstream-patch-review/3cdb5cc9207b822439effac19abb416fed761385_ml-miscvm:lustre_mainline_native.log)
  ml-miscvm:boot: PASS (45s) (log: /var/www/ci-lustre/upstream-patch-review/3cdb5cc9207b822439effac19abb416fed761385_ml-miscvm:boot.log)
  ml-miscvm:llmount: PASS (96s) (log: /var/www/ci-lustre/upstream-patch-review/3cdb5cc9207b822439effac19abb416fed761385_ml-miscvm:llmount.log)
  ml-miscvm:llog-unit: FAIL (158s) (log: /var/www/ci-lustre/upstream-patch-review/3cdb5cc9207b822439effac19abb416fed761385_ml-miscvm:llog-unit.log)
  ml-miscvm:mgs-setup: PASS (58s) (log: /var/www/ci-lustre/upstream-patch-review/3cdb5cc9207b822439effac19abb416fed761385_ml-miscvm:mgs-setup.log)
  ml-miscvm:sanity-1: PASS (84s) (log: /var/www/ci-lustre/upstream-patch-review/3cdb5cc9207b822439effac19abb416fed761385_ml-miscvm:sanity-1.log)
  ml-miscvm:sanity-2: PASS (98s) (log: /var/www/ci-lustre/upstream-patch-review/3cdb5cc9207b822439effac19abb416fed761385_ml-miscvm:sanity-2.log)
  ml-miscvm:sanity-3: PASS (99s) (log: /var/www/ci-lustre/upstream-patch-review/3cdb5cc9207b822439effac19abb416fed761385_ml-miscvm:sanity-3.log)
  ml-miscvm:sanity-4: PASS (97s) (log: /var/www/ci-lustre/upstream-patch-review/3cdb5cc9207b822439effac19abb416fed761385_ml-miscvm:sanity-4.log)

Total execution time: 357s
