00001 
00004 LNetError: 141:0:(lib-socket.c:619:lnet_inet_enumerate()) lnet: Can't find any usable interfaces, rc = -ENOENT
00004 LNetError: Error -100 starting up LNI tcp
00004 LustreError: 141:0:(events.c:627:ptlrpc_init_portals()) network initialisation failed: rc = -100
00009 tlp: vm.laptop_mode is deprecated. Ignoring setting.
00009 Kernel version: 7.0.0-ktest-3dd5107-6330a45-20260911-dirty
00010 hook init_noop
00010 
00010 Running tests llmount
00010 
00010 ========= TEST   llmount
00013 SETUP LUSTRE ... LNet: Added LNI 10.0.2.15@tcp [8/256/0/180]
00014 Lustre: Echo OBD driver; http://www.lustre.org/
00015 Lustre: 1920:0:(mdt_handler.c:64:mdt_max_mod_rpcs_per_client_set()) max_mod_rpcs_per_client is deprecated, set mdt.*.max_mod_rpcs_in_flight parameter instead
00015 Lustre: ctl-lustre-MDT0000: No data found on store. Initialize space.
00015 Lustre: lustre-MDT0000: new disk, initializing
00015 Lustre: lustre-MDT0000: Imperative Recovery not enabled, recovery window 300-900
00015 Lustre: ctl-lustre-MDT0000: super-sequence allocation rc = 0 [0x0000000200000400-0x0000000240000400]:0:mdt
00015 Lustre: cli-ctl-lustre-MDT0001: Allocated super-sequence [0x0000000240000400-0x0000000280000400]:1:mdt]
00025 Lustre: ctl-lustre-MDT0000: super-sequence allocation rc = 0 [0x0000000280000400-0x00000002c0000400]:0:ost
00025 Lustre: Skipped 1 previous similar message
00025 Lustre: cli-lustre-OST0000-super: Allocated super-sequence [0x0000000280000400-0x00000002c0000400]:0:ost]
00025 Lustre: lustre-OST0000-osc-MDT0000: update sequence from 0x100000000 to 0x280000401
00025 Lustre: lustre-OST0001-osc-MDT0000: update sequence from 0x100010000 to 0x2c0000401
00030 Lustre: lustre-MDT0000: local client 17a72c3b-b2af-4a22-9888-409b293ce92f w/o recovery
00030 Lustre: Skipped 1 previous similar message
00030 Lustre: client wants to enable acl, but mdt not!
00030 Lustre: Mounted lustre-client - version 2.17.57
00030 lustre-ktest (1901) used greatest stack depth: 24224 bytes left
00030 21s
00038 hrtimer: interrupt took 8475 ns
00040 CLEANUP LUSTRE ... Lustre: Unmounted lustre-client
00040 Lustre: server umount lustre-OST0000 complete
00041 Lustre: server umount lustre-OST0001 complete
00045 LustreError: lustre-MDT0001-osp-MDT0000: operation mds_statfs to node 0@lo failed: rc = -107
00045 Lustre: lustre-MDT0001-osp-MDT0000: Connection to lustre-MDT0001 (at 0@lo) was lost; in progress operations using this service will wait for recovery to complete
00045 Lustre: lustre-MDT0001: Not available for connect from 0@lo (stopping)
00051 Lustre: server umount lustre-MDT0001 complete
00062 Lustre: server umount lustre-MDT0000 complete
00062 22s
00063 
00063 ========= PASSED llmount in 53s
00063 
00063 Passed: llmount
00063 Failed: 
00063 NOTICE: Automounting of tracing to debugfs is deprecated and will be removed in 2030
00063 Kernel version: 7.0.0-ktest-3dd5107-6330a45-20260911-dirty
00063 TEST SUCCESS
