CLI: ./pk --podman-socket unix:///run/user/1000/podman/podman.sock --shared-filesystem /tmp --tarball-input job lustre-ci --output /var/www/ci-lustre/upstream-patch-review --git-hash 3df59e42d1d2064f40a82a2dc6c3d11dcbff9062 --change-id 68600_3df59e42d1d2064f40a82a2dc6c3d11dcbff9062 --subject LU-20354 quota: serve LQA usage from QMT cache

Environment validated successfully
Note: custom LLVM is not synced in tarball input mode
Creating kernel tarball at /tmp/ktest-kernel.tar.gz...
Creating lustre tarball at /tmp/ktest-lustre.tar.gz...
Creating ZFS tarball at /tmp/ktest-zfs.tar.gz...
Executing 14 jobs
Jobs will start as soon as their dependencies are satisfied
Using tarball input mode

START ml-strict:lustre_mainline build tests/fs/lustre/boot-strict.ktest
START u24:u24 build tests/fs/lustre/boot.ktest
START ml-miscvm:lustre_mainline_native build tests/fs/lustre/boot.ktest
START ml:lustre_mainline build tests/fs/lustre/boot.ktest
START checkpatch:checkpatch tool checkpatch
START al2023:al2023 build tests/fs/lustre/boot.ktest
PUT /tmp/ktest-lustre.tar.gz 1s
PUT /tmp/ktest-lustre.tar.gz 1s
PUT /tmp/ktest-kernel.tar.gz 10s
PUT /tmp/ktest-kernel.tar.gz 10s
PUT /tmp/ktest-kernel.tar.gz 10s
PUT /tmp/ktest-kernel.tar.gz 10s
PUT /tmp/ktest-lustre.tar.gz 3s
PUT /tmp/ktest-lustre.tar.gz 3s
PUT /tmp/ktest-lustre.tar.gz 3s
PUT /tmp/ktest-lustre.tar.gz 3s
PUT /tmp/ktest-zfs.tar.gz 0s
PUT /tmp/ktest-zfs.tar.gz 0s
PUT /tmp/ktest-zfs.tar.gz 0s
END checkpatch:checkpatch tool checkpatch FAIL 18s (exit code: 1)
END u24:u24 build tests/fs/lustre/boot.ktest PASS 44s
END al2023:al2023 build tests/fs/lustre/boot.ktest PASS 46s
GET /tmp/ktest_ml-strict:lustre_mainline_hkab5ffz.tar 5s
END ml-strict:lustre_mainline build tests/fs/lustre/boot-strict.ktest FAIL 166s (exit code: 1)
GET /tmp/ktest_ml:lustre_mainline__vs9g0xh.tar 2s
GET /tmp/ktest_ml-miscvm:lustre_mainline_native_gc71jyzj.tar 0s
END ml:lustre_mainline build tests/fs/lustre/boot.ktest PASS 168s
END ml-miscvm:lustre_mainline_native build tests/fs/lustre/boot.ktest PASS 169s
START ml-miscvm:boot run tests/fs/lustre/boot.ktest
START ml-miscvm:llmount run tests/fs/lustre/llmount.ktest
START ml-miscvm:llog-unit run tests/fs/lustre/llog-unit.ktest
START ml-miscvm:mgs-setup run tests/fs/lustre/mgs-setup.ktest
START ml-miscvm:sanity-1 run tests/fs/lustre/sanity/sanity-1.ktest
START ml-miscvm:sanity-2 run tests/fs/lustre/sanity/sanity-2.ktest
START ml-miscvm:sanity-3 run tests/fs/lustre/sanity/sanity-3.ktest
START ml-miscvm:sanity-4 run tests/fs/lustre/sanity/sanity-4.ktest
PUT /tmp/ktest-kernel.tar.gz 45s
PUT /tmp/ktest-kernel.tar.gz 45s
PUT /tmp/ktest-kernel.tar.gz 45s
PUT /tmp/ktest-kernel.tar.gz 45s
PUT /tmp/ktest-kernel.tar.gz 45s
PUT /tmp/ktest-kernel.tar.gz 46s
PUT /tmp/ktest-kernel.tar.gz 46s
PUT /tmp/ktest-kernel.tar.gz 46s
PUT /tmp/ktest-lustre.tar.gz 14s
PUT /tmp/ktest-lustre.tar.gz 15s
PUT /tmp/ktest-lustre.tar.gz 14s
PUT /tmp/ktest-lustre.tar.gz 14s
PUT /tmp/ktest-lustre.tar.gz 14s
PUT /tmp/ktest-lustre.tar.gz 15s
PUT /tmp/ktest-lustre.tar.gz 15s
PUT /tmp/ktest-lustre.tar.gz 14s
PUT /tmp/ktest_ml-miscvm:lustre_mainline_native_gc71jyzj.tar 1s
PUT /tmp/ktest_ml-miscvm:lustre_mainline_native_gc71jyzj.tar 1s
PUT /tmp/ktest_ml-miscvm:lustre_mainline_native_gc71jyzj.tar 1s
PUT /tmp/ktest_ml-miscvm:lustre_mainline_native_gc71jyzj.tar 1s
PUT /tmp/ktest_ml-miscvm:lustre_mainline_native_gc71jyzj.tar 1s
PUT /tmp/ktest_ml-miscvm:lustre_mainline_native_gc71jyzj.tar 1s
PUT /tmp/ktest_ml-miscvm:lustre_mainline_native_gc71jyzj.tar 1s
PUT /tmp/ktest_ml-miscvm:lustre_mainline_native_gc71jyzj.tar 1s
END ml-miscvm:boot run tests/fs/lustre/boot.ktest PASS 76s
END ml-miscvm:mgs-setup run tests/fs/lustre/mgs-setup.ktest PASS 85s
END ml-miscvm:sanity-2 run tests/fs/lustre/sanity/sanity-2.ktest PASS 111s
END ml-miscvm:sanity-3 run tests/fs/lustre/sanity/sanity-3.ktest PASS 113s
END ml-miscvm:sanity-1 run tests/fs/lustre/sanity/sanity-1.ktest PASS 114s
END ml-miscvm:sanity-4 run tests/fs/lustre/sanity/sanity-4.ktest PASS 115s
END ml-miscvm:llmount run tests/fs/lustre/llmount.ktest PASS 122s
END ml-miscvm:llog-unit run tests/fs/lustre/llog-unit.ktest FAIL 159s (exit code: 1)

============================================================
Final Results:
  checkpatch:checkpatch: FAIL (18s) (log: /var/www/ci-lustre/upstream-patch-review/3df59e42d1d2064f40a82a2dc6c3d11dcbff9062_checkpatch:checkpatch.log)
  u24:u24: PASS (44s) (log: /var/www/ci-lustre/upstream-patch-review/3df59e42d1d2064f40a82a2dc6c3d11dcbff9062_u24:u24.log)
  al2023:al2023: PASS (46s) (log: /var/www/ci-lustre/upstream-patch-review/3df59e42d1d2064f40a82a2dc6c3d11dcbff9062_al2023:al2023.log)
  ml-strict:lustre_mainline: FAIL (166s) (log: /var/www/ci-lustre/upstream-patch-review/3df59e42d1d2064f40a82a2dc6c3d11dcbff9062_ml-strict:lustre_mainline.log)
  ml:lustre_mainline: PASS (168s) (log: /var/www/ci-lustre/upstream-patch-review/3df59e42d1d2064f40a82a2dc6c3d11dcbff9062_ml:lustre_mainline.log)
  ml-miscvm:lustre_mainline_native: PASS (169s) (log: /var/www/ci-lustre/upstream-patch-review/3df59e42d1d2064f40a82a2dc6c3d11dcbff9062_ml-miscvm:lustre_mainline_native.log)
  ml-miscvm:boot: PASS (76s) (log: /var/www/ci-lustre/upstream-patch-review/3df59e42d1d2064f40a82a2dc6c3d11dcbff9062_ml-miscvm:boot.log)
  ml-miscvm:llmount: PASS (122s) (log: /var/www/ci-lustre/upstream-patch-review/3df59e42d1d2064f40a82a2dc6c3d11dcbff9062_ml-miscvm:llmount.log)
  ml-miscvm:llog-unit: FAIL (159s) (log: /var/www/ci-lustre/upstream-patch-review/3df59e42d1d2064f40a82a2dc6c3d11dcbff9062_ml-miscvm:llog-unit.log)
  ml-miscvm:mgs-setup: PASS (85s) (log: /var/www/ci-lustre/upstream-patch-review/3df59e42d1d2064f40a82a2dc6c3d11dcbff9062_ml-miscvm:mgs-setup.log)
  ml-miscvm:sanity-1: PASS (114s) (log: /var/www/ci-lustre/upstream-patch-review/3df59e42d1d2064f40a82a2dc6c3d11dcbff9062_ml-miscvm:sanity-1.log)
  ml-miscvm:sanity-2: PASS (111s) (log: /var/www/ci-lustre/upstream-patch-review/3df59e42d1d2064f40a82a2dc6c3d11dcbff9062_ml-miscvm:sanity-2.log)
  ml-miscvm:sanity-3: PASS (113s) (log: /var/www/ci-lustre/upstream-patch-review/3df59e42d1d2064f40a82a2dc6c3d11dcbff9062_ml-miscvm:sanity-3.log)
  ml-miscvm:sanity-4: PASS (115s) (log: /var/www/ci-lustre/upstream-patch-review/3df59e42d1d2064f40a82a2dc6c3d11dcbff9062_ml-miscvm:sanity-4.log)

Total execution time: 359s

Packed 1375 logs from /var/www/ci-lustre/upstream-patch-review into /home/ktest/ktest/local-site/local_data.js
Open /home/ktest/ktest/local-site/index.html in a browser
