CLI: ./pk --podman-socket unix:///run/user/1000/podman/podman.sock --shared-filesystem /tmp --tarball-input job lustre-ci --output /var/www/ci-lustre/upstream-patch-review --git-hash 3f4a0cf4a81995b5f15a1f3ed078b111282bbc2c --change-id 68812_3f4a0cf4a81995b5f15a1f3ed078b111282bbc2c --subject LU-20720 osd-ldiskfs: read the inode table, not the inodes

Environment validated successfully
Note: custom LLVM is not synced in tarball input mode
Creating kernel tarball at /tmp/ktest-kernel.tar.gz...
Creating lustre tarball at /tmp/ktest-lustre.tar.gz...
Creating ZFS tarball at /tmp/ktest-zfs.tar.gz...
Executing 14 jobs
Jobs will start as soon as their dependencies are satisfied
Using tarball input mode

START u24:u24 build tests/fs/lustre/boot.ktest
START ml-strict:lustre_mainline build tests/fs/lustre/boot-strict.ktest
START ml-miscvm:lustre_mainline_native build tests/fs/lustre/boot.ktest
START ml:lustre_mainline build tests/fs/lustre/boot.ktest
START checkpatch:checkpatch tool checkpatch
START al2023:al2023 build tests/fs/lustre/boot.ktest
PUT /tmp/ktest-lustre.tar.gz 10s
PUT /tmp/ktest-kernel.tar.gz 12s
PUT /tmp/ktest-kernel.tar.gz 12s
PUT /tmp/ktest-kernel.tar.gz 12s
PUT /tmp/ktest-kernel.tar.gz 12s
PUT /tmp/ktest-lustre.tar.gz 12s
PUT /tmp/ktest-lustre.tar.gz 2s
PUT /tmp/ktest-lustre.tar.gz 3s
PUT /tmp/ktest-lustre.tar.gz 3s
PUT /tmp/ktest-lustre.tar.gz 3s
PUT /tmp/ktest-zfs.tar.gz 1s
PUT /tmp/ktest-zfs.tar.gz 1s
PUT /tmp/ktest-zfs.tar.gz 1s
END checkpatch:checkpatch tool checkpatch FAIL 18s (exit code: 1)
END u24:u24 build tests/fs/lustre/boot.ktest PASS 53s
END al2023:al2023 build tests/fs/lustre/boot.ktest PASS 56s
GET /tmp/ktest_ml-strict:lustre_mainline_ryscp7m9.tar 5s
END ml-strict:lustre_mainline build tests/fs/lustre/boot-strict.ktest FAIL 227s (exit code: 1)
GET /tmp/ktest_ml-miscvm:lustre_mainline_native_14ieulqh.tar 0s
GET /tmp/ktest_ml:lustre_mainline_60cpa0mg.tar 0s
END ml-miscvm:lustre_mainline_native build tests/fs/lustre/boot.ktest PASS 235s
START ml-miscvm:boot run tests/fs/lustre/boot.ktest
START ml-miscvm:llmount run tests/fs/lustre/llmount.ktest
START ml-miscvm:llog-unit run tests/fs/lustre/llog-unit.ktest
START ml-miscvm:mgs-setup run tests/fs/lustre/mgs-setup.ktest
START ml-miscvm:sanity-1 run tests/fs/lustre/sanity/sanity-1.ktest
START ml-miscvm:sanity-2 run tests/fs/lustre/sanity/sanity-2.ktest
START ml-miscvm:sanity-3 run tests/fs/lustre/sanity/sanity-3.ktest
START ml-miscvm:sanity-4 run tests/fs/lustre/sanity/sanity-4.ktest
END ml:lustre_mainline build tests/fs/lustre/boot.ktest PASS 236s
PUT /tmp/ktest-kernel.tar.gz 49s
PUT /tmp/ktest-kernel.tar.gz 49s
PUT /tmp/ktest-kernel.tar.gz 49s
PUT /tmp/ktest-kernel.tar.gz 50s
PUT /tmp/ktest-kernel.tar.gz 50s
PUT /tmp/ktest-kernel.tar.gz 50s
PUT /tmp/ktest-kernel.tar.gz 50s
PUT /tmp/ktest-kernel.tar.gz 50s
PUT /tmp/ktest-lustre.tar.gz 15s
PUT /tmp/ktest-lustre.tar.gz 14s
PUT /tmp/ktest-lustre.tar.gz 14s
PUT /tmp/ktest-lustre.tar.gz 15s
PUT /tmp/ktest-lustre.tar.gz 14s
PUT /tmp/ktest-lustre.tar.gz 15s
PUT /tmp/ktest-lustre.tar.gz 15s
PUT /tmp/ktest-lustre.tar.gz 15s
PUT /tmp/ktest_ml-miscvm:lustre_mainline_native_14ieulqh.tar 2s
PUT /tmp/ktest_ml-miscvm:lustre_mainline_native_14ieulqh.tar 2s
PUT /tmp/ktest_ml-miscvm:lustre_mainline_native_14ieulqh.tar 3s
PUT /tmp/ktest_ml-miscvm:lustre_mainline_native_14ieulqh.tar 2s
PUT /tmp/ktest_ml-miscvm:lustre_mainline_native_14ieulqh.tar 3s
PUT /tmp/ktest_ml-miscvm:lustre_mainline_native_14ieulqh.tar 3s
PUT /tmp/ktest_ml-miscvm:lustre_mainline_native_14ieulqh.tar 3s
PUT /tmp/ktest_ml-miscvm:lustre_mainline_native_14ieulqh.tar 3s
END ml-miscvm:boot run tests/fs/lustre/boot.ktest PASS 82s
END ml-miscvm:mgs-setup run tests/fs/lustre/mgs-setup.ktest PASS 92s
END ml-miscvm:sanity-1 run tests/fs/lustre/sanity/sanity-1.ktest PASS 118s
END ml-miscvm:sanity-2 run tests/fs/lustre/sanity/sanity-2.ktest PASS 120s
END ml-miscvm:sanity-3 run tests/fs/lustre/sanity/sanity-3.ktest PASS 122s
END ml-miscvm:sanity-4 run tests/fs/lustre/sanity/sanity-4.ktest PASS 132s
END ml-miscvm:llmount run tests/fs/lustre/llmount.ktest PASS 134s
END ml-miscvm:llog-unit run tests/fs/lustre/llog-unit.ktest FAIL 168s (exit code: 1)

============================================================
Final Results:
  checkpatch:checkpatch: FAIL (18s) (log: /var/www/ci-lustre/upstream-patch-review/3f4a0cf4a81995b5f15a1f3ed078b111282bbc2c_checkpatch:checkpatch.log)
  u24:u24: PASS (53s) (log: /var/www/ci-lustre/upstream-patch-review/3f4a0cf4a81995b5f15a1f3ed078b111282bbc2c_u24:u24.log)
  al2023:al2023: PASS (56s) (log: /var/www/ci-lustre/upstream-patch-review/3f4a0cf4a81995b5f15a1f3ed078b111282bbc2c_al2023:al2023.log)
  ml-strict:lustre_mainline: FAIL (227s) (log: /var/www/ci-lustre/upstream-patch-review/3f4a0cf4a81995b5f15a1f3ed078b111282bbc2c_ml-strict:lustre_mainline.log)
  ml:lustre_mainline: PASS (236s) (log: /var/www/ci-lustre/upstream-patch-review/3f4a0cf4a81995b5f15a1f3ed078b111282bbc2c_ml:lustre_mainline.log)
  ml-miscvm:lustre_mainline_native: PASS (235s) (log: /var/www/ci-lustre/upstream-patch-review/3f4a0cf4a81995b5f15a1f3ed078b111282bbc2c_ml-miscvm:lustre_mainline_native.log)
  ml-miscvm:boot: PASS (82s) (log: /var/www/ci-lustre/upstream-patch-review/3f4a0cf4a81995b5f15a1f3ed078b111282bbc2c_ml-miscvm:boot.log)
  ml-miscvm:llmount: PASS (134s) (log: /var/www/ci-lustre/upstream-patch-review/3f4a0cf4a81995b5f15a1f3ed078b111282bbc2c_ml-miscvm:llmount.log)
  ml-miscvm:llog-unit: FAIL (168s) (log: /var/www/ci-lustre/upstream-patch-review/3f4a0cf4a81995b5f15a1f3ed078b111282bbc2c_ml-miscvm:llog-unit.log)
  ml-miscvm:mgs-setup: PASS (92s) (log: /var/www/ci-lustre/upstream-patch-review/3f4a0cf4a81995b5f15a1f3ed078b111282bbc2c_ml-miscvm:mgs-setup.log)
  ml-miscvm:sanity-1: PASS (118s) (log: /var/www/ci-lustre/upstream-patch-review/3f4a0cf4a81995b5f15a1f3ed078b111282bbc2c_ml-miscvm:sanity-1.log)
  ml-miscvm:sanity-2: PASS (120s) (log: /var/www/ci-lustre/upstream-patch-review/3f4a0cf4a81995b5f15a1f3ed078b111282bbc2c_ml-miscvm:sanity-2.log)
  ml-miscvm:sanity-3: PASS (122s) (log: /var/www/ci-lustre/upstream-patch-review/3f4a0cf4a81995b5f15a1f3ed078b111282bbc2c_ml-miscvm:sanity-3.log)
  ml-miscvm:sanity-4: PASS (132s) (log: /var/www/ci-lustre/upstream-patch-review/3f4a0cf4a81995b5f15a1f3ed078b111282bbc2c_ml-miscvm:sanity-4.log)

Total execution time: 433s

Packed 5023 logs from /var/www/ci-lustre/upstream-patch-review into /home/ktest/ktest/local-site/local_data.js
Open /home/ktest/ktest/local-site/index.html in a browser
