WARNING:FILE_PATH_CHANGES: added, moved or deleted file(s), does MAINTAINERS need updating?
#14: 
new file mode 100644

WARNING:VSPRINTF_SPECIFIER_PX: Using vsprintf specifier '%px' potentially exposes the kernel memory layout, if you don't really need the address please consider using '%p'.
#673: FILE: lustre/lod/lod_object.c:3678:
+	}
+
+	CDEBUG(D_INFO, "start merge %px %px\n", cur_lcm, merge_lcm);

WARNING:LONG_LINE_STRING: line length of 101 exceeds 100 columns
#1067: FILE: lustre/mdd/mdd_object.c:3253:
+			CERROR("%s: failed rollback of "DFID" layout: file state unknown: rc = %d\n",

WARNING:LONG_LINE_STRING: line length of 111 exceeds 100 columns
#1237: FILE: lustre/mdt/mdt_handler.c:2081:
+			CERROR("%s: cannot remove joined "DFID": layout is already moved to "DFID": rc = %d\n",

WARNING:MISSING_EOF_NEWLINE: adding a line without newline at end of file
#1904: FILE: lustre/utils/liblustreapi_join.c:188:
+}

total: 0 errors, 5 warnings, 1754 lines checked

NOTE: For some of the reported defects, checkpatch may be able to
      mechanically convert to the typical style using --fix or --fix-inplace.

Your patch has style problems, please review.

NOTE: If any of the errors are false positives, please report
      them to the maintainer, see CHECKPATCH in MAINTAINERS.
