WARNING:FILE_PATH_CHANGES: added, moved or deleted file(s), does MAINTAINERS need updating?
#2: 
new file mode 100644

WARNING:LONG_LINE_STRING: line length of 106 exceeds 100 columns
#1125: FILE: lustre/tests/sanity-quota.sh:8128:
+		error "cache serve still fanned out OST GETOQUOTA (before=$rpcs_before after=$rpcs_after)"

WARNING:LONG_LINE_STRING: line length of 108 exceeds 100 columns
#1152: FILE: lustre/tests/sanity-quota.sh:8153:
+		error "cache disabled did not fan out OST GETOQUOTA (before=$rpcs_before after=$rpcs_after)"

WARNING:LONG_LINE_STRING: line length of 106 exceeds 100 columns
#1157: FILE: lustre/tests/sanity-quota.sh:8158:
+		error "disabled cache still refreshed (fetch_rpc before=$fetch_before after=$fetch_after)"

WARNING:LONG_LINE_STRING: line length of 101 exceeds 100 columns
#1222: FILE: lustre/tests/sanity-quota.sh:8223:
+		error "remote MDT fetch used granted (before=$degraded_before after=$degraded_after)"

WARNING:LONG_LINE_STRING: line length of 105 exceeds 100 columns
#1224: FILE: lustre/tests/sanity-quota.sh:8225:
+		error "remote MDT fetch left usage unset (before=$fallback_before after=$fallback_after)"

total: 0 errors, 6 warnings, 1115 lines checked

NOTE: For some of the reported defects, checkpatch may be able to
      mechanically convert to the typical style using --fix or --fix-inplace.

Your patch has style problems, please review.

NOTE: If any of the errors are false positives, please report
      them to the maintainer, see CHECKPATCH in MAINTAINERS.
