WARNING:FILE_PATH_CHANGES: added, moved or deleted file(s), does MAINTAINERS need updating?
#58: 
new file mode 100755

WARNING:SPDX_LICENSE_TAG: Missing or malformed SPDX-License-Identifier tag in line 1
#185: FILE: lustre/tests/xfstests-fsx-src/fsx.c:1:
+/*

ERROR:TRAILING_WHITESPACE: trailing whitespace
#191: FILE: lustre/tests/xfstests-fsx-src/fsx.c:7:
+ *^IFile system exerciser. $

ERROR:GLOBAL_INITIALISERS: do not initialise globals to 0
#266: FILE: lustre/tests/xfstests-fsx-src/fsx.c:82:
+int			logptr = 0;	/* current position in log */

ERROR:GLOBAL_INITIALISERS: do not initialise globals to 0
#267: FILE: lustre/tests/xfstests-fsx-src/fsx.c:83:
+int			logcount = 0;	/* total ops */

ERROR:GLOBAL_INITIALISERS: do not initialise globals to 0
#340: FILE: lustre/tests/xfstests-fsx-src/fsx.c:156:
+int	dirpath = 0;			/* -P flag */

ERROR:GLOBAL_INITIALISERS: do not initialise globals to 0
#343: FILE: lustre/tests/xfstests-fsx-src/fsx.c:159:
+blksize_t	block_size = 0;

ERROR:GLOBAL_INITIALISERS: do not initialise globals to 0
#344: FILE: lustre/tests/xfstests-fsx-src/fsx.c:160:
+off_t		file_size = 0;

ERROR:GLOBAL_INITIALISERS: do not initialise globals to 0
#345: FILE: lustre/tests/xfstests-fsx-src/fsx.c:161:
+off_t		biggest = 0;

ERROR:GLOBAL_INITIALISERS: do not initialise globals to 0
#346: FILE: lustre/tests/xfstests-fsx-src/fsx.c:162:
+long long	testcalls = 0;		/* calls to function "test" */

ERROR:GLOBAL_INITIALISERS: do not initialise globals to 0
#348: FILE: lustre/tests/xfstests-fsx-src/fsx.c:164:
+long long	simulatedopcount = 0;	/* -b flag */

ERROR:GLOBAL_INITIALISERS: do not initialise globals to 0
#349: FILE: lustre/tests/xfstests-fsx-src/fsx.c:165:
+int	closeprob = 0;			/* -c flag */

ERROR:GLOBAL_INITIALISERS: do not initialise globals to 0
#350: FILE: lustre/tests/xfstests-fsx-src/fsx.c:166:
+int	debug = 0;			/* -d flag */

ERROR:GLOBAL_INITIALISERS: do not initialise globals to 0
#351: FILE: lustre/tests/xfstests-fsx-src/fsx.c:167:
+long long	debugstart = 0;		/* -D flag */

ERROR:GLOBAL_INITIALISERS: do not initialise globals to 0
#352: FILE: lustre/tests/xfstests-fsx-src/fsx.c:168:
+char	filldata = 0;			/* -g flag */

ERROR:GLOBAL_INITIALISERS: do not initialise globals to 0
#353: FILE: lustre/tests/xfstests-fsx-src/fsx.c:169:
+int	flush = 0;			/* -f flag */

ERROR:GLOBAL_INITIALISERS: do not initialise globals to 0
#354: FILE: lustre/tests/xfstests-fsx-src/fsx.c:170:
+int	do_fsync = 0;			/* -y flag */

ERROR:GLOBAL_INITIALISERS: do not initialise globals to 0
#358: FILE: lustre/tests/xfstests-fsx-src/fsx.c:174:
+int	quiet = 0;			/* -q flag */

ERROR:GLOBAL_INITIALISERS: do not initialise globals to 0
#359: FILE: lustre/tests/xfstests-fsx-src/fsx.c:175:
+long long	progressinterval = 0;	/* -p flag */

ERROR:GLOBAL_INITIALISERS: do not initialise globals to 0
#361: FILE: lustre/tests/xfstests-fsx-src/fsx.c:177:
+int	style = 0;			/* -s flag */

ERROR:GLOBAL_INITIALISERS: do not initialise globals to 0
#362: FILE: lustre/tests/xfstests-fsx-src/fsx.c:178:
+int	prealloc = 0;			/* -x flag */

ERROR:GLOBAL_INITIALISERS: do not initialise globals to 0
#367: FILE: lustre/tests/xfstests-fsx-src/fsx.c:183:
+int	lite = 0;			/* -L flag */

ERROR:GLOBAL_INITIALISERS: do not initialise globals to 0
#381: FILE: lustre/tests/xfstests-fsx-src/fsx.c:197:
+int	check_file = 0;			/* -X flag enables */

ERROR:GLOBAL_INITIALISERS: do not initialise globals to 0
#386: FILE: lustre/tests/xfstests-fsx-src/fsx.c:202:
+int	integrity = 0;			/* -i flag */

ERROR:GLOBAL_INITIALISERS: do not initialise globals to 0
#387: FILE: lustre/tests/xfstests-fsx-src/fsx.c:203:
+int	pollute_eof = 0;		/* -e flag */

ERROR:GLOBAL_INITIALISERS: do not initialise globals to 0
#388: FILE: lustre/tests/xfstests-fsx-src/fsx.c:204:
+int	fsxgoodfd = 0;

ERROR:GLOBAL_INITIALISERS: do not initialise globals to 0
#390: FILE: lustre/tests/xfstests-fsx-src/fsx.c:206:
+int	aio = 0;

ERROR:GLOBAL_INITIALISERS: do not initialise globals to 0
#391: FILE: lustre/tests/xfstests-fsx-src/fsx.c:207:
+int	uring = 0;

ERROR:GLOBAL_INITIALISERS: do not initialise globals to 0
#392: FILE: lustre/tests/xfstests-fsx-src/fsx.c:208:
+int	mark_nr = 0;

ERROR:GLOBAL_INITIALISERS: do not initialise globals to 0
#394: FILE: lustre/tests/xfstests-fsx-src/fsx.c:210:
+int	hugepages = 0;                  /* -h flag */

ERROR:GLOBAL_INITIALISERS: do not initialise globals to 0
#398: FILE: lustre/tests/xfstests-fsx-src/fsx.c:214:
+int awu_min = 0;

ERROR:GLOBAL_INITIALISERS: do not initialise globals to 0
#399: FILE: lustre/tests/xfstests-fsx-src/fsx.c:215:
+int awu_max = 0;

WARNING:UNSPECIFIED_INT: Prefer 'unsigned int' to bare use of 'unsigned'
#413: FILE: lustre/tests/xfstests-fsx-src/fsx.c:229:
+int fsx_rw(int rw, int fd, char *buf, unsigned len, unsigned offset, int flags);

WARNING:UNSPECIFIED_INT: Prefer 'unsigned int' to bare use of 'unsigned'
#413: FILE: lustre/tests/xfstests-fsx-src/fsx.c:229:
+int fsx_rw(int rw, int fd, char *buf, unsigned len, unsigned offset, int flags);

WARNING:AVOID_EXTERNS: externs should be avoided in .c files
#413: FILE: lustre/tests/xfstests-fsx-src/fsx.c:229:
+int fsx_rw(int rw, int fd, char *buf, unsigned len, unsigned offset, int flags);

ERROR:SPACING: space required after that ',' (ctx:VxV)
#416: FILE: lustre/tests/xfstests-fsx-src/fsx.c:232:
+#define fsxread(a,b,c,d,f)	fsx_rw(READ, a,b,c,d,f)
                  ^

ERROR:SPACING: space required after that ',' (ctx:VxV)
#416: FILE: lustre/tests/xfstests-fsx-src/fsx.c:232:
+#define fsxread(a,b,c,d,f)	fsx_rw(READ, a,b,c,d,f)
                    ^

ERROR:SPACING: space required after that ',' (ctx:VxV)
#416: FILE: lustre/tests/xfstests-fsx-src/fsx.c:232:
+#define fsxread(a,b,c,d,f)	fsx_rw(READ, a,b,c,d,f)
                      ^

ERROR:SPACING: space required after that ',' (ctx:VxV)
#416: FILE: lustre/tests/xfstests-fsx-src/fsx.c:232:
+#define fsxread(a,b,c,d,f)	fsx_rw(READ, a,b,c,d,f)
                        ^

ERROR:SPACING: space required after that ',' (ctx:VxV)
#416: FILE: lustre/tests/xfstests-fsx-src/fsx.c:232:
+#define fsxread(a,b,c,d,f)	fsx_rw(READ, a,b,c,d,f)
                           	              ^

ERROR:SPACING: space required after that ',' (ctx:VxV)
#416: FILE: lustre/tests/xfstests-fsx-src/fsx.c:232:
+#define fsxread(a,b,c,d,f)	fsx_rw(READ, a,b,c,d,f)
                           	                ^

ERROR:SPACING: space required after that ',' (ctx:VxV)
#416: FILE: lustre/tests/xfstests-fsx-src/fsx.c:232:
+#define fsxread(a,b,c,d,f)	fsx_rw(READ, a,b,c,d,f)
                           	                  ^

ERROR:SPACING: space required after that ',' (ctx:VxV)
#416: FILE: lustre/tests/xfstests-fsx-src/fsx.c:232:
+#define fsxread(a,b,c,d,f)	fsx_rw(READ, a,b,c,d,f)
                           	                    ^

ERROR:SPACING: space required after that ',' (ctx:VxV)
#417: FILE: lustre/tests/xfstests-fsx-src/fsx.c:233:
+#define fsxwrite(a,b,c,d,f)	fsx_rw(WRITE, a,b,c,d,f)
                   ^

ERROR:SPACING: space required after that ',' (ctx:VxV)
#417: FILE: lustre/tests/xfstests-fsx-src/fsx.c:233:
+#define fsxwrite(a,b,c,d,f)	fsx_rw(WRITE, a,b,c,d,f)
                     ^

ERROR:SPACING: space required after that ',' (ctx:VxV)
#417: FILE: lustre/tests/xfstests-fsx-src/fsx.c:233:
+#define fsxwrite(a,b,c,d,f)	fsx_rw(WRITE, a,b,c,d,f)
                       ^

ERROR:SPACING: space required after that ',' (ctx:VxV)
#417: FILE: lustre/tests/xfstests-fsx-src/fsx.c:233:
+#define fsxwrite(a,b,c,d,f)	fsx_rw(WRITE, a,b,c,d,f)
                         ^

ERROR:SPACING: space required after that ',' (ctx:VxV)
#417: FILE: lustre/tests/xfstests-fsx-src/fsx.c:233:
+#define fsxwrite(a,b,c,d,f)	fsx_rw(WRITE, a,b,c,d,f)
                            	               ^

ERROR:SPACING: space required after that ',' (ctx:VxV)
#417: FILE: lustre/tests/xfstests-fsx-src/fsx.c:233:
+#define fsxwrite(a,b,c,d,f)	fsx_rw(WRITE, a,b,c,d,f)
                            	                 ^

ERROR:SPACING: space required after that ',' (ctx:VxV)
#417: FILE: lustre/tests/xfstests-fsx-src/fsx.c:233:
+#define fsxwrite(a,b,c,d,f)	fsx_rw(WRITE, a,b,c,d,f)
                            	                   ^

ERROR:SPACING: space required after that ',' (ctx:VxV)
#417: FILE: lustre/tests/xfstests-fsx-src/fsx.c:233:
+#define fsxwrite(a,b,c,d,f)	fsx_rw(WRITE, a,b,c,d,f)
                            	                     ^

ERROR:GLOBAL_INITIALISERS: do not initialise globals to NULL
#421: FILE: lustre/tests/xfstests-fsx-src/fsx.c:237:
+const char *replayops = NULL;

ERROR:GLOBAL_INITIALISERS: do not initialise globals to NULL
#422: FILE: lustre/tests/xfstests-fsx-src/fsx.c:238:
+const char *recordops = NULL;

ERROR:GLOBAL_INITIALISERS: do not initialise globals to NULL
#423: FILE: lustre/tests/xfstests-fsx-src/fsx.c:239:
+FILE *	fsxlogf = NULL;

ERROR:POINTER_LOCATION: "foo *	bar" should be "foo *bar"
#423: FILE: lustre/tests/xfstests-fsx-src/fsx.c:239:
+FILE *	fsxlogf = NULL;

ERROR:GLOBAL_INITIALISERS: do not initialise globals to NULL
#424: FILE: lustre/tests/xfstests-fsx-src/fsx.c:240:
+FILE *	replayopsf = NULL;

ERROR:POINTER_LOCATION: "foo *	bar" should be "foo *bar"
#424: FILE: lustre/tests/xfstests-fsx-src/fsx.c:240:
+FILE *	replayopsf = NULL;

ERROR:GLOBAL_INITIALISERS: do not initialise globals to 0
#427: FILE: lustre/tests/xfstests-fsx-src/fsx.c:243:
+int closeopen = 0;

ERROR:OPEN_BRACE: open brace '{' following function definitions go on the next line
#451: FILE: lustre/tests/xfstests-fsx-src/fsx.c:267:
+void
+warn(const char * fmt, ...)  {

ERROR:POINTER_LOCATION: "foo * bar" should be "foo *bar"
#452: FILE: lustre/tests/xfstests-fsx-src/fsx.c:268:
+warn(const char * fmt, ...)  {

WARNING:LINE_SPACING: Missing a blank line after declarations
#454: FILE: lustre/tests/xfstests-fsx-src/fsx.c:270:
+	va_list ap;
+	va_start(ap, fmt);

WARNING:STATIC_CONST_CHAR_ARRAY: static const char * array should probably be static const char * const
#483: FILE: lustre/tests/xfstests-fsx-src/fsx.c:299:
+static const char *op_names[] = {

WARNING:ARRAY_SIZE: Prefer ARRAY_SIZE(op_names)
#508: FILE: lustre/tests/xfstests-fsx-src/fsx.c:324:
+	    operation < sizeof(op_names) / sizeof(op_names[0]))

WARNING:ARRAY_SIZE: Prefer ARRAY_SIZE(op_names)
#517: FILE: lustre/tests/xfstests-fsx-src/fsx.c:333:
+	for (i = 0; i < sizeof(op_names) / sizeof(op_names[0]); i++)

ERROR:SPACING: spaces required around that '>=' (ctx:WxV)
#634: FILE: lustre/tests/xfstests-fsx-src/fsx.c:450:
+				   badoff >=lp->args[2]) &&
 				          ^

WARNING:INDENTED_LABEL: labels should not be indented
#762: FILE: lustre/tests/xfstests-fsx-src/fsx.c:578:
+	    skipped:

WARNING:EMBEDDED_FUNCTION_NAME: Prefer using '"%s...", __func__' to using 'save_buffer', this function's name, in a string
#811: FILE: lustre/tests/xfstests-fsx-src/fsx.c:627:
+		prt("fsx flaw: overflow in save_buffer\n");

WARNING:LINE_SPACING: Missing a blank line after declarations
#816: FILE: lustre/tests/xfstests-fsx-src/fsx.c:632:
+		off_t size_by_seek = lseek(fd, (off_t)0, SEEK_END);
+		if (size_by_seek == (off_t)-1)

WARNING:EMBEDDED_FUNCTION_NAME: Prefer using '"%s...", __func__' to using 'save_buffer', this function's name, in a string
#817: FILE: lustre/tests/xfstests-fsx-src/fsx.c:633:
+			prterr("save_buffer: lseek eof");

WARNING:LONG_LINE: line length of 148 exceeds 100 columns
#819: FILE: lustre/tests/xfstests-fsx-src/fsx.c:635:
+			warn("save_buffer: .fsxgood file too short... will save 0x%llx bytes instead of 0x%llx\n", (unsigned long long)size_by_seek,

WARNING:EMBEDDED_FUNCTION_NAME: Prefer using '"%s...", __func__' to using 'save_buffer', this function's name, in a string
#819: FILE: lustre/tests/xfstests-fsx-src/fsx.c:635:
+			warn("save_buffer: .fsxgood file too short... will save 0x%llx bytes instead of 0x%llx\n", (unsigned long long)size_by_seek,

WARNING:EMBEDDED_FUNCTION_NAME: Prefer using '"%s...", __func__' to using 'save_buffer', this function's name, in a string
#827: FILE: lustre/tests/xfstests-fsx-src/fsx.c:643:
+		prterr("save_buffer: lseek 0");

ERROR:TRAILING_WHITESPACE: trailing whitespace
#828: FILE: lustre/tests/xfstests-fsx-src/fsx.c:644:
+^I$

WARNING:EMBEDDED_FUNCTION_NAME: Prefer using '"%s...", __func__' to using 'save_buffer', this function's name, in a string
#832: FILE: lustre/tests/xfstests-fsx-src/fsx.c:648:
+			prterr("save_buffer write");

WARNING:EMBEDDED_FUNCTION_NAME: Prefer using '"%s...", __func__' to using 'save_buffer', this function's name, in a string
#834: FILE: lustre/tests/xfstests-fsx-src/fsx.c:650:
+			warn("save_buffer: short write, 0x%x bytes instead of 0x%llx\n",

WARNING:UNSPECIFIED_INT: Prefer 'unsigned int' to bare use of 'unsigned'
#835: FILE: lustre/tests/xfstests-fsx-src/fsx.c:651:
+			     (unsigned)byteswritten,

ERROR:TRAILING_WHITESPACE: trailing whitespace
#845: FILE: lustre/tests/xfstests-fsx-src/fsx.c:661:
+^I$

ERROR:CODE_INDENT: code indent should use tabs where possible
#860: FILE: lustre/tests/xfstests-fsx-src/fsx.c:676:
+^I^I^I^I        *(((unsigned char *)(cp)) + 1)))$

WARNING:UNSPECIFIED_INT: Prefer 'unsigned int' to bare use of 'unsigned'
#900: FILE: lustre/tests/xfstests-fsx-src/fsx.c:716:
+check_buffers(char *buf, unsigned offset, unsigned size)

WARNING:UNSPECIFIED_INT: Prefer 'unsigned int' to bare use of 'unsigned'
#900: FILE: lustre/tests/xfstests-fsx-src/fsx.c:716:
+check_buffers(char *buf, unsigned offset, unsigned size)

WARNING:UNSPECIFIED_INT: Prefer 'unsigned int' to bare use of 'unsigned'
#903: FILE: lustre/tests/xfstests-fsx-src/fsx.c:719:
+	unsigned i = 0;

WARNING:UNSPECIFIED_INT: Prefer 'unsigned int' to bare use of 'unsigned'
#904: FILE: lustre/tests/xfstests-fsx-src/fsx.c:720:
+	unsigned n = 0;

WARNING:UNSPECIFIED_INT: Prefer 'unsigned int' to bare use of 'unsigned'
#905: FILE: lustre/tests/xfstests-fsx-src/fsx.c:721:
+	unsigned op = 0;

WARNING:UNSPECIFIED_INT: Prefer 'unsigned int' to bare use of 'unsigned'
#906: FILE: lustre/tests/xfstests-fsx-src/fsx.c:722:
+	unsigned bad = 0;

ERROR:CODE_INDENT: code indent should use tabs where possible
#916: FILE: lustre/tests/xfstests-fsx-src/fsx.c:732:
+^I^I^I        if (n < 16) {$

ERROR:CODE_INDENT: code indent should use tabs where possible
#918: FILE: lustre/tests/xfstests-fsx-src/fsx.c:734:
+^I^I^I^I        prt("0x%-8x  0x%04x  0x%04x  0x%x\n",$

WARNING:SPLIT_STRING: quoted string split across lines
#925: FILE: lustre/tests/xfstests-fsx-src/fsx.c:741:
+						prt("operation# (mod 256) for "
+						  "the bad data may be %u\n",

WARNING:UNSPECIFIED_INT: Prefer 'unsigned int' to bare use of 'unsigned'
#926: FILE: lustre/tests/xfstests-fsx-src/fsx.c:742:
+						((unsigned)op & 0xff));

WARNING:SPLIT_STRING: quoted string split across lines
#929: FILE: lustre/tests/xfstests-fsx-src/fsx.c:745:
+						prt("operation# (mod 256) for "
+						  "the bad data unknown, check"

WARNING:SPLIT_STRING: quoted string split across lines
#930: FILE: lustre/tests/xfstests-fsx-src/fsx.c:746:
+						  "the bad data unknown, check"
+						  " HOLE and EXTEND ops\n");

WARNING:EMBEDDED_FUNCTION_NAME: Prefer using '"%s...", __func__' to using 'check_size', this function's name, in a string
#951: FILE: lustre/tests/xfstests-fsx-src/fsx.c:767:
+		prterr("check_size: fstat");

WARNING:EMBEDDED_FUNCTION_NAME: Prefer using '"%s...", __func__' to using 'check_trunc_hack', this function's name, in a string
#982: FILE: lustre/tests/xfstests-fsx-src/fsx.c:798:
+		prterr("check_trunc_hack: ftruncate");

WARNING:UNSPECIFIED_INT: Prefer 'unsigned int' to bare use of 'unsigned'
#988: FILE: lustre/tests/xfstests-fsx-src/fsx.c:804:
+doflush(unsigned offset, unsigned size)

WARNING:UNSPECIFIED_INT: Prefer 'unsigned int' to bare use of 'unsigned'
#988: FILE: lustre/tests/xfstests-fsx-src/fsx.c:804:
+doflush(unsigned offset, unsigned size)

WARNING:UNSPECIFIED_INT: Prefer 'unsigned int' to bare use of 'unsigned'
#990: FILE: lustre/tests/xfstests-fsx-src/fsx.c:806:
+	unsigned pg_offset;

WARNING:UNSPECIFIED_INT: Prefer 'unsigned int' to bare use of 'unsigned'
#991: FILE: lustre/tests/xfstests-fsx-src/fsx.c:807:
+	unsigned map_size;

ERROR:ASSIGN_IN_IF: do not use assignment in if condition
#1000: FILE: lustre/tests/xfstests-fsx-src/fsx.c:816:
+	if ((p = (char *)mmap(0, map_size, PROT_READ | PROT_WRITE,

WARNING:EMBEDDED_FUNCTION_NAME: Prefer using '"%s...", __func__' to using 'doflush', this function's name, in a string
#1003: FILE: lustre/tests/xfstests-fsx-src/fsx.c:819:
+		prterr("doflush: mmap");

WARNING:EMBEDDED_FUNCTION_NAME: Prefer using '"%s...", __func__' to using 'doflush', this function's name, in a string
#1007: FILE: lustre/tests/xfstests-fsx-src/fsx.c:823:
+		prterr("doflush: msync");

WARNING:EMBEDDED_FUNCTION_NAME: Prefer using '"%s...", __func__' to using 'doflush', this function's name, in a string
#1011: FILE: lustre/tests/xfstests-fsx-src/fsx.c:827:
+		prterr("doflush: munmap");

WARNING:UNSPECIFIED_INT: Prefer 'unsigned int' to bare use of 'unsigned'
#1017: FILE: lustre/tests/xfstests-fsx-src/fsx.c:833:
+doread(unsigned offset, unsigned size, int flags)

WARNING:UNSPECIFIED_INT: Prefer 'unsigned int' to bare use of 'unsigned'
#1017: FILE: lustre/tests/xfstests-fsx-src/fsx.c:833:
+doread(unsigned offset, unsigned size, int flags)

WARNING:UNSPECIFIED_INT: Prefer 'unsigned int' to bare use of 'unsigned'
#1019: FILE: lustre/tests/xfstests-fsx-src/fsx.c:835:
+	unsigned iret;

WARNING:EMBEDDED_FUNCTION_NAME: Prefer using '"%s...", __func__' to using 'doread', this function's name, in a string
#1053: FILE: lustre/tests/xfstests-fsx-src/fsx.c:869:
+			prterr("doread: read");

WARNING:UNSPECIFIED_INT: Prefer 'unsigned int' to bare use of 'unsigned'
#1063: FILE: lustre/tests/xfstests-fsx-src/fsx.c:879:
+check_eofpage(char *s, unsigned offset, char *p, int size)

ERROR:TRAILING_WHITESPACE: trailing whitespace
#1071: FILE: lustre/tests/xfstests-fsx-src/fsx.c:887:
+^I * test to make sure the VM system provided 0's $

WARNING:LONG_LINE_STRING: line length of 102 exceeds 100 columns
#1081: FILE: lustre/tests/xfstests-fsx-src/fsx.c:897:
+			prt("Mapped %s: non-zero data past EOF (0x%llx) page offset 0x%x is 0x%04x\n",

WARNING:UNSPECIFIED_INT: Prefer 'unsigned int' to bare use of 'unsigned'
#1092: FILE: lustre/tests/xfstests-fsx-src/fsx.c:908:
+	unsigned offset = 0;

WARNING:UNSPECIFIED_INT: Prefer 'unsigned int' to bare use of 'unsigned'
#1093: FILE: lustre/tests/xfstests-fsx-src/fsx.c:909:
+	unsigned size = file_size;

WARNING:UNSPECIFIED_INT: Prefer 'unsigned int' to bare use of 'unsigned'
#1094: FILE: lustre/tests/xfstests-fsx-src/fsx.c:910:
+	unsigned map_offset;

WARNING:UNSPECIFIED_INT: Prefer 'unsigned int' to bare use of 'unsigned'
#1095: FILE: lustre/tests/xfstests-fsx-src/fsx.c:911:
+	unsigned map_size;

WARNING:UNSPECIFIED_INT: Prefer 'unsigned int' to bare use of 'unsigned'
#1097: FILE: lustre/tests/xfstests-fsx-src/fsx.c:913:
+	unsigned iret;

WARNING:EMBEDDED_FUNCTION_NAME: Prefer using '"%s...", __func__' to using 'check_contents', this function's name, in a string
#1114: FILE: lustre/tests/xfstests-fsx-src/fsx.c:930:
+			prterr("check_contents: read");

ERROR:CODE_INDENT: code indent should use tabs where possible
#1130: FILE: lustre/tests/xfstests-fsx-src/fsx.c:946:
+^I        prterr("check_contents: mmap");$

WARNING:EMBEDDED_FUNCTION_NAME: Prefer using '"%s...", __func__' to using 'check_contents', this function's name, in a string
#1130: FILE: lustre/tests/xfstests-fsx-src/fsx.c:946:
+	        prterr("check_contents: mmap");

WARNING:EMBEDDED_FUNCTION_NAME: Prefer using '"%s...", __func__' to using 'check_contents', this function's name, in a string
#1136: FILE: lustre/tests/xfstests-fsx-src/fsx.c:952:
+		prterr("check_contents: munmap");

WARNING:UNSPECIFIED_INT: Prefer 'unsigned int' to bare use of 'unsigned'
#1142: FILE: lustre/tests/xfstests-fsx-src/fsx.c:958:
+domapread(unsigned offset, unsigned size)

WARNING:UNSPECIFIED_INT: Prefer 'unsigned int' to bare use of 'unsigned'
#1142: FILE: lustre/tests/xfstests-fsx-src/fsx.c:958:
+domapread(unsigned offset, unsigned size)

WARNING:UNSPECIFIED_INT: Prefer 'unsigned int' to bare use of 'unsigned'
#1144: FILE: lustre/tests/xfstests-fsx-src/fsx.c:960:
+	unsigned pg_offset;

WARNING:UNSPECIFIED_INT: Prefer 'unsigned int' to bare use of 'unsigned'
#1145: FILE: lustre/tests/xfstests-fsx-src/fsx.c:961:
+	unsigned map_size;

ERROR:ASSIGN_IN_IF: do not use assignment in if condition
#1179: FILE: lustre/tests/xfstests-fsx-src/fsx.c:995:
+	if ((p = (char *)mmap(0, map_size, PROT_READ, MAP_SHARED, fd,

ERROR:CODE_INDENT: code indent should use tabs where possible
#1181: FILE: lustre/tests/xfstests-fsx-src/fsx.c:997:
+^I        prterr("domapread: mmap");$

WARNING:EMBEDDED_FUNCTION_NAME: Prefer using '"%s...", __func__' to using 'domapread', this function's name, in a string
#1181: FILE: lustre/tests/xfstests-fsx-src/fsx.c:997:
+	        prterr("domapread: mmap");

WARNING:EMBEDDED_FUNCTION_NAME: Prefer using '"%s...", __func__' to using 'domapread', this function's name, in a string
#1189: FILE: lustre/tests/xfstests-fsx-src/fsx.c:1005:
+		prterr("domapread: munmap");

WARNING:UNSPECIFIED_INT: Prefer 'unsigned int' to bare use of 'unsigned'
#1198: FILE: lustre/tests/xfstests-fsx-src/fsx.c:1014:
+gendata(char *original_buf, char *good_buf, unsigned offset, unsigned size)

WARNING:UNSPECIFIED_INT: Prefer 'unsigned int' to bare use of 'unsigned'
#1198: FILE: lustre/tests/xfstests-fsx-src/fsx.c:1014:
+gendata(char *original_buf, char *good_buf, unsigned offset, unsigned size)

WARNING:UNSPECIFIED_INT: Prefer 'unsigned int' to bare use of 'unsigned'
#1221: FILE: lustre/tests/xfstests-fsx-src/fsx.c:1037:
+	unsigned offset = file_size;

WARNING:UNSPECIFIED_INT: Prefer 'unsigned int' to bare use of 'unsigned'
#1222: FILE: lustre/tests/xfstests-fsx-src/fsx.c:1038:
+	unsigned pg_offset;

WARNING:UNSPECIFIED_INT: Prefer 'unsigned int' to bare use of 'unsigned'
#1223: FILE: lustre/tests/xfstests-fsx-src/fsx.c:1039:
+	unsigned write_size;

ERROR:ASSIGN_IN_IF: do not use assignment in if condition
#1251: FILE: lustre/tests/xfstests-fsx-src/fsx.c:1067:
+	if ((p = (char *)mmap(0, PAGE_SIZE, PROT_READ | PROT_WRITE,

WARNING:EMBEDDED_FUNCTION_NAME: Prefer using '"%s...", __func__' to using 'pollute_eofpage', this function's name, in a string
#1254: FILE: lustre/tests/xfstests-fsx-src/fsx.c:1070:
+		prterr("pollute_eofpage: mmap");

WARNING:EMBEDDED_FUNCTION_NAME: Prefer using '"%s...", __func__' to using 'pollute_eofpage', this function's name, in a string
#1266: FILE: lustre/tests/xfstests-fsx-src/fsx.c:1082:
+		prterr("pollute_eofpage: munmap");

WARNING:UNSPECIFIED_INT: Prefer 'unsigned int' to bare use of 'unsigned'
#1274: FILE: lustre/tests/xfstests-fsx-src/fsx.c:1090:
+update_file_size(unsigned offset, unsigned size)

WARNING:UNSPECIFIED_INT: Prefer 'unsigned int' to bare use of 'unsigned'
#1274: FILE: lustre/tests/xfstests-fsx-src/fsx.c:1090:
+update_file_size(unsigned offset, unsigned size)

WARNING:UNSPECIFIED_INT: Prefer 'unsigned int' to bare use of 'unsigned'
#1283: FILE: lustre/tests/xfstests-fsx-src/fsx.c:1099:
+static int is_power_of_2(unsigned n) {

ERROR:OPEN_BRACE: open brace '{' following function definitions go on the next line
#1283: FILE: lustre/tests/xfstests-fsx-src/fsx.c:1099:
+static int is_power_of_2(unsigned n) {

ERROR:OPEN_BRACE: open brace '{' following function definitions go on the next line
#1291: FILE: lustre/tests/xfstests-fsx-src/fsx.c:1107:
+static int rounddown_pow_of_2(int n) {

ERROR:TRAILING_STATEMENTS: trailing statements should be on next line
#1297: FILE: lustre/tests/xfstests-fsx-src/fsx.c:1113:
+	for (; (1 << i) < n; i++);

WARNING:UNSPECIFIED_INT: Prefer 'unsigned int' to bare use of 'unsigned'
#1303: FILE: lustre/tests/xfstests-fsx-src/fsx.c:1119:
+dowrite(unsigned offset, unsigned size, int flags)

WARNING:UNSPECIFIED_INT: Prefer 'unsigned int' to bare use of 'unsigned'
#1303: FILE: lustre/tests/xfstests-fsx-src/fsx.c:1119:
+dowrite(unsigned offset, unsigned size, int flags)

WARNING:UNSPECIFIED_INT: Prefer 'unsigned int' to bare use of 'unsigned'
#1305: FILE: lustre/tests/xfstests-fsx-src/fsx.c:1121:
+	unsigned iret;

WARNING:LONG_LINE: line length of 104 exceeds 100 columns
#1361: FILE: lustre/tests/xfstests-fsx-src/fsx.c:1177:
+		prt("%lld write\t0x%x thru\t0x%x\t(0x%x bytes)\tdontcache=%d atomic_wr=%d\n", testcalls,

WARNING:EMBEDDED_FUNCTION_NAME: Prefer using '"%s...", __func__' to using 'dowrite', this function's name, in a string
#1367: FILE: lustre/tests/xfstests-fsx-src/fsx.c:1183:
+			prterr("dowrite: write");

WARNING:BRACES: braces {} are not necessary for single statement blocks
#1379: FILE: lustre/tests/xfstests-fsx-src/fsx.c:1195:
+	if (flush) {
+		doflush(offset, size);
+	}

WARNING:UNSPECIFIED_INT: Prefer 'unsigned int' to bare use of 'unsigned'
#1386: FILE: lustre/tests/xfstests-fsx-src/fsx.c:1202:
+domapwrite(unsigned offset, unsigned size)

WARNING:UNSPECIFIED_INT: Prefer 'unsigned int' to bare use of 'unsigned'
#1386: FILE: lustre/tests/xfstests-fsx-src/fsx.c:1202:
+domapwrite(unsigned offset, unsigned size)

WARNING:UNSPECIFIED_INT: Prefer 'unsigned int' to bare use of 'unsigned'
#1388: FILE: lustre/tests/xfstests-fsx-src/fsx.c:1204:
+	unsigned pg_offset;

WARNING:UNSPECIFIED_INT: Prefer 'unsigned int' to bare use of 'unsigned'
#1389: FILE: lustre/tests/xfstests-fsx-src/fsx.c:1205:
+	unsigned map_size;

ERROR:CODE_INDENT: code indent should use tabs where possible
#1426: FILE: lustre/tests/xfstests-fsx-src/fsx.c:1242:
+^I        if (ftruncate(fd, file_size) == -1) {$

ERROR:CODE_INDENT: code indent should use tabs where possible
#1427: FILE: lustre/tests/xfstests-fsx-src/fsx.c:1243:
+^I^I        prterr("domapwrite: ftruncate");$

WARNING:EMBEDDED_FUNCTION_NAME: Prefer using '"%s...", __func__' to using 'domapwrite', this function's name, in a string
#1427: FILE: lustre/tests/xfstests-fsx-src/fsx.c:1243:
+		        prterr("domapwrite: ftruncate");

ERROR:ASSIGN_IN_IF: do not use assignment in if condition
#1434: FILE: lustre/tests/xfstests-fsx-src/fsx.c:1250:
+	if ((p = (char *)mmap(0, map_size, PROT_READ | PROT_WRITE,

ERROR:CODE_INDENT: code indent should use tabs where possible
#1437: FILE: lustre/tests/xfstests-fsx-src/fsx.c:1253:
+^I        prterr("domapwrite: mmap");$

WARNING:EMBEDDED_FUNCTION_NAME: Prefer using '"%s...", __func__' to using 'domapwrite', this function's name, in a string
#1437: FILE: lustre/tests/xfstests-fsx-src/fsx.c:1253:
+	        prterr("domapwrite: mmap");

WARNING:EMBEDDED_FUNCTION_NAME: Prefer using '"%s...", __func__' to using 'domapwrite', this function's name, in a string
#1442: FILE: lustre/tests/xfstests-fsx-src/fsx.c:1258:
+		prterr("domapwrite: msync");

WARNING:EMBEDDED_FUNCTION_NAME: Prefer using '"%s...", __func__' to using 'domapwrite', this function's name, in a string
#1449: FILE: lustre/tests/xfstests-fsx-src/fsx.c:1265:
+		prterr("domapwrite: munmap");

WARNING:UNSPECIFIED_INT: Prefer 'unsigned int' to bare use of 'unsigned'
#1456: FILE: lustre/tests/xfstests-fsx-src/fsx.c:1272:
+dotruncate(unsigned size)

ERROR:CODE_INDENT: code indent should use tabs where possible
#1483: FILE: lustre/tests/xfstests-fsx-src/fsx.c:1299:
+^I        prt("ftruncate1: %x\n", size);$

WARNING:EMBEDDED_FUNCTION_NAME: Prefer using '"%s...", __func__' to using 'dotruncate', this function's name, in a string
#1484: FILE: lustre/tests/xfstests-fsx-src/fsx.c:1300:
+		prterr("dotruncate: ftruncate");

WARNING:UNSPECIFIED_INT: Prefer 'unsigned int' to bare use of 'unsigned'
#1491: FILE: lustre/tests/xfstests-fsx-src/fsx.c:1307:
+do_punch_hole(unsigned offset, unsigned length)

WARNING:UNSPECIFIED_INT: Prefer 'unsigned int' to bare use of 'unsigned'
#1491: FILE: lustre/tests/xfstests-fsx-src/fsx.c:1307:
+do_punch_hole(unsigned offset, unsigned length)

WARNING:UNSPECIFIED_INT: Prefer 'unsigned int' to bare use of 'unsigned'
#1493: FILE: lustre/tests/xfstests-fsx-src/fsx.c:1309:
+	unsigned end_offset;

WARNING:EMBEDDED_FUNCTION_NAME: Prefer using '"%s...", __func__' to using 'do_punch_hole', this function's name, in a string
#1527: FILE: lustre/tests/xfstests-fsx-src/fsx.c:1343:
+		prterr("do_punch_hole: fallocate");

WARNING:UNSPECIFIED_INT: Prefer 'unsigned int' to bare use of 'unsigned'
#1540: FILE: lustre/tests/xfstests-fsx-src/fsx.c:1356:
+do_punch_hole(unsigned offset, unsigned length)

WARNING:UNSPECIFIED_INT: Prefer 'unsigned int' to bare use of 'unsigned'
#1540: FILE: lustre/tests/xfstests-fsx-src/fsx.c:1356:
+do_punch_hole(unsigned offset, unsigned length)

WARNING:RETURN_VOID: void function return statements are not generally useful
#1543: FILE: lustre/tests/xfstests-fsx-src/fsx.c:1359:
+	return;
+}

WARNING:UNSPECIFIED_INT: Prefer 'unsigned int' to bare use of 'unsigned'
#1548: FILE: lustre/tests/xfstests-fsx-src/fsx.c:1364:
+do_zero_range(unsigned offset, unsigned length, int keep_size)

WARNING:UNSPECIFIED_INT: Prefer 'unsigned int' to bare use of 'unsigned'
#1548: FILE: lustre/tests/xfstests-fsx-src/fsx.c:1364:
+do_zero_range(unsigned offset, unsigned length, int keep_size)

WARNING:UNSPECIFIED_INT: Prefer 'unsigned int' to bare use of 'unsigned'
#1550: FILE: lustre/tests/xfstests-fsx-src/fsx.c:1366:
+	unsigned end_offset;

WARNING:SPACE_BEFORE_TAB: please, no space before tabs
#1574: FILE: lustre/tests/xfstests-fsx-src/fsx.c:1390:
+^I * ^I0: allocate past EOF$

WARNING:SPACE_BEFORE_TAB: please, no space before tabs
#1575: FILE: lustre/tests/xfstests-fsx-src/fsx.c:1391:
+^I * ^I1: extending prealloc$

WARNING:SPACE_BEFORE_TAB: please, no space before tabs
#1576: FILE: lustre/tests/xfstests-fsx-src/fsx.c:1392:
+^I * ^I2: interior prealloc$

WARNING:EMBEDDED_FUNCTION_NAME: Prefer using '"%s...", __func__' to using 'do_zero_range', this function's name, in a string
#1595: FILE: lustre/tests/xfstests-fsx-src/fsx.c:1411:
+		prterr("do_zero_range: fallocate");

WARNING:UNSPECIFIED_INT: Prefer 'unsigned int' to bare use of 'unsigned'
#1604: FILE: lustre/tests/xfstests-fsx-src/fsx.c:1420:
+do_zero_range(unsigned offset, unsigned length, int keep_size)

WARNING:UNSPECIFIED_INT: Prefer 'unsigned int' to bare use of 'unsigned'
#1604: FILE: lustre/tests/xfstests-fsx-src/fsx.c:1420:
+do_zero_range(unsigned offset, unsigned length, int keep_size)

WARNING:RETURN_VOID: void function return statements are not generally useful
#1607: FILE: lustre/tests/xfstests-fsx-src/fsx.c:1423:
+	return;
+}

WARNING:UNSPECIFIED_INT: Prefer 'unsigned int' to bare use of 'unsigned'
#1612: FILE: lustre/tests/xfstests-fsx-src/fsx.c:1428:
+do_write_zeroes(unsigned offset, unsigned length)

WARNING:UNSPECIFIED_INT: Prefer 'unsigned int' to bare use of 'unsigned'
#1612: FILE: lustre/tests/xfstests-fsx-src/fsx.c:1428:
+do_write_zeroes(unsigned offset, unsigned length)

WARNING:UNSPECIFIED_INT: Prefer 'unsigned int' to bare use of 'unsigned'
#1614: FILE: lustre/tests/xfstests-fsx-src/fsx.c:1430:
+	unsigned end_offset;

WARNING:EMBEDDED_FUNCTION_NAME: Prefer using '"%s...", __func__' to using 'do_write_zeroes', this function's name, in a string
#1648: FILE: lustre/tests/xfstests-fsx-src/fsx.c:1464:
+		prterr("do_write_zeroes: fallocate");

WARNING:UNSPECIFIED_INT: Prefer 'unsigned int' to bare use of 'unsigned'
#1657: FILE: lustre/tests/xfstests-fsx-src/fsx.c:1473:
+do_write_zeroes(unsigned offset, unsigned length)

WARNING:UNSPECIFIED_INT: Prefer 'unsigned int' to bare use of 'unsigned'
#1657: FILE: lustre/tests/xfstests-fsx-src/fsx.c:1473:
+do_write_zeroes(unsigned offset, unsigned length)

WARNING:RETURN_VOID: void function return statements are not generally useful
#1660: FILE: lustre/tests/xfstests-fsx-src/fsx.c:1476:
+	return;
+}

WARNING:UNSPECIFIED_INT: Prefer 'unsigned int' to bare use of 'unsigned'
#1665: FILE: lustre/tests/xfstests-fsx-src/fsx.c:1481:
+do_collapse_range(unsigned offset, unsigned length)

WARNING:UNSPECIFIED_INT: Prefer 'unsigned int' to bare use of 'unsigned'
#1665: FILE: lustre/tests/xfstests-fsx-src/fsx.c:1481:
+do_collapse_range(unsigned offset, unsigned length)

WARNING:UNSPECIFIED_INT: Prefer 'unsigned int' to bare use of 'unsigned'
#1667: FILE: lustre/tests/xfstests-fsx-src/fsx.c:1483:
+	unsigned end_offset;

WARNING:EMBEDDED_FUNCTION_NAME: Prefer using '"%s...", __func__' to using 'do_collapse_range', this function's name, in a string
#1701: FILE: lustre/tests/xfstests-fsx-src/fsx.c:1517:
+		prterr("do_collapse_range: fallocate");

WARNING:UNSPECIFIED_INT: Prefer 'unsigned int' to bare use of 'unsigned'
#1712: FILE: lustre/tests/xfstests-fsx-src/fsx.c:1528:
+do_collapse_range(unsigned offset, unsigned length)

WARNING:UNSPECIFIED_INT: Prefer 'unsigned int' to bare use of 'unsigned'
#1712: FILE: lustre/tests/xfstests-fsx-src/fsx.c:1528:
+do_collapse_range(unsigned offset, unsigned length)

WARNING:RETURN_VOID: void function return statements are not generally useful
#1715: FILE: lustre/tests/xfstests-fsx-src/fsx.c:1531:
+	return;
+}

WARNING:UNSPECIFIED_INT: Prefer 'unsigned int' to bare use of 'unsigned'
#1720: FILE: lustre/tests/xfstests-fsx-src/fsx.c:1536:
+do_insert_range(unsigned offset, unsigned length)

WARNING:UNSPECIFIED_INT: Prefer 'unsigned int' to bare use of 'unsigned'
#1720: FILE: lustre/tests/xfstests-fsx-src/fsx.c:1536:
+do_insert_range(unsigned offset, unsigned length)

WARNING:UNSPECIFIED_INT: Prefer 'unsigned int' to bare use of 'unsigned'
#1722: FILE: lustre/tests/xfstests-fsx-src/fsx.c:1538:
+	unsigned end_offset;

WARNING:EMBEDDED_FUNCTION_NAME: Prefer using '"%s...", __func__' to using 'do_insert_range', this function's name, in a string
#1756: FILE: lustre/tests/xfstests-fsx-src/fsx.c:1572:
+		prterr("do_insert_range: fallocate");

WARNING:UNSPECIFIED_INT: Prefer 'unsigned int' to bare use of 'unsigned'
#1768: FILE: lustre/tests/xfstests-fsx-src/fsx.c:1584:
+do_insert_range(unsigned offset, unsigned length)

WARNING:UNSPECIFIED_INT: Prefer 'unsigned int' to bare use of 'unsigned'
#1768: FILE: lustre/tests/xfstests-fsx-src/fsx.c:1584:
+do_insert_range(unsigned offset, unsigned length)

WARNING:RETURN_VOID: void function return statements are not generally useful
#1771: FILE: lustre/tests/xfstests-fsx-src/fsx.c:1587:
+	return;
+}

WARNING:SPLIT_STRING: quoted string split across lines
#1790: FILE: lustre/tests/xfstests-fsx-src/fsx.c:1606:
+				"main: filesystem does not support "
+				"exchange range, disabling!\n");

WARNING:UNSPECIFIED_INT: Prefer 'unsigned int' to bare use of 'unsigned'
#1798: FILE: lustre/tests/xfstests-fsx-src/fsx.c:1614:
+do_exchange_range(unsigned offset, unsigned length, unsigned dest)

WARNING:UNSPECIFIED_INT: Prefer 'unsigned int' to bare use of 'unsigned'
#1798: FILE: lustre/tests/xfstests-fsx-src/fsx.c:1614:
+do_exchange_range(unsigned offset, unsigned length, unsigned dest)

WARNING:UNSPECIFIED_INT: Prefer 'unsigned int' to bare use of 'unsigned'
#1798: FILE: lustre/tests/xfstests-fsx-src/fsx.c:1614:
+do_exchange_range(unsigned offset, unsigned length, unsigned dest)

WARNING:EMBEDDED_FUNCTION_NAME: Prefer using '"%s...", __func__' to using 'do_exchange_range', this function's name, in a string
#1845: FILE: lustre/tests/xfstests-fsx-src/fsx.c:1661:
+		prterr("do_exchange_range: XFS_IOC_EXCHANGE_RANGE");

WARNING:UNSPECIFIED_INT: Prefer 'unsigned int' to bare use of 'unsigned'
#1865: FILE: lustre/tests/xfstests-fsx-src/fsx.c:1681:
+do_exchange_range(unsigned offset, unsigned length, unsigned dest)

WARNING:UNSPECIFIED_INT: Prefer 'unsigned int' to bare use of 'unsigned'
#1865: FILE: lustre/tests/xfstests-fsx-src/fsx.c:1681:
+do_exchange_range(unsigned offset, unsigned length, unsigned dest)

WARNING:UNSPECIFIED_INT: Prefer 'unsigned int' to bare use of 'unsigned'
#1865: FILE: lustre/tests/xfstests-fsx-src/fsx.c:1681:
+do_exchange_range(unsigned offset, unsigned length, unsigned dest)

WARNING:RETURN_VOID: void function return statements are not generally useful
#1868: FILE: lustre/tests/xfstests-fsx-src/fsx.c:1684:
+	return;
+}

WARNING:SPLIT_STRING: quoted string split across lines
#1884: FILE: lustre/tests/xfstests-fsx-src/fsx.c:1700:
+				"main: filesystem does not support "
+				"clone range, disabling!\n");

WARNING:UNSPECIFIED_INT: Prefer 'unsigned int' to bare use of 'unsigned'
#1892: FILE: lustre/tests/xfstests-fsx-src/fsx.c:1708:
+do_clone_range(unsigned offset, unsigned length, unsigned dest)

WARNING:UNSPECIFIED_INT: Prefer 'unsigned int' to bare use of 'unsigned'
#1892: FILE: lustre/tests/xfstests-fsx-src/fsx.c:1708:
+do_clone_range(unsigned offset, unsigned length, unsigned dest)

WARNING:UNSPECIFIED_INT: Prefer 'unsigned int' to bare use of 'unsigned'
#1892: FILE: lustre/tests/xfstests-fsx-src/fsx.c:1708:
+do_clone_range(unsigned offset, unsigned length, unsigned dest)

WARNING:EMBEDDED_FUNCTION_NAME: Prefer using '"%s...", __func__' to using 'do_clone_range', this function's name, in a string
#1939: FILE: lustre/tests/xfstests-fsx-src/fsx.c:1755:
+		prterr("do_clone_range: FICLONERANGE");

WARNING:UNSPECIFIED_INT: Prefer 'unsigned int' to bare use of 'unsigned'
#1954: FILE: lustre/tests/xfstests-fsx-src/fsx.c:1770:
+do_clone_range(unsigned offset, unsigned length, unsigned dest)

WARNING:UNSPECIFIED_INT: Prefer 'unsigned int' to bare use of 'unsigned'
#1954: FILE: lustre/tests/xfstests-fsx-src/fsx.c:1770:
+do_clone_range(unsigned offset, unsigned length, unsigned dest)

WARNING:UNSPECIFIED_INT: Prefer 'unsigned int' to bare use of 'unsigned'
#1954: FILE: lustre/tests/xfstests-fsx-src/fsx.c:1770:
+do_clone_range(unsigned offset, unsigned length, unsigned dest)

WARNING:RETURN_VOID: void function return statements are not generally useful
#1957: FILE: lustre/tests/xfstests-fsx-src/fsx.c:1773:
+	return;
+}

WARNING:ALLOC_ARRAY_ARGS: calloc uses number as first arg, sizeof is generally wrong
#1970: FILE: lustre/tests/xfstests-fsx-src/fsx.c:1786:
+	fdr = calloc(sizeof(struct file_dedupe_range_info) +

WARNING:SPLIT_STRING: quoted string split across lines
#2002: FILE: lustre/tests/xfstests-fsx-src/fsx.c:1818:
+				"main: filesystem does not support "
+				"dedupe range, disabling!\n");

WARNING:UNSPECIFIED_INT: Prefer 'unsigned int' to bare use of 'unsigned'
#2017: FILE: lustre/tests/xfstests-fsx-src/fsx.c:1833:
+do_dedupe_range(unsigned offset, unsigned length, unsigned dest)

WARNING:UNSPECIFIED_INT: Prefer 'unsigned int' to bare use of 'unsigned'
#2017: FILE: lustre/tests/xfstests-fsx-src/fsx.c:1833:
+do_dedupe_range(unsigned offset, unsigned length, unsigned dest)

WARNING:UNSPECIFIED_INT: Prefer 'unsigned int' to bare use of 'unsigned'
#2017: FILE: lustre/tests/xfstests-fsx-src/fsx.c:1833:
+do_dedupe_range(unsigned offset, unsigned length, unsigned dest)

WARNING:ALLOC_ARRAY_ARGS: calloc uses number as first arg, sizeof is generally wrong
#2048: FILE: lustre/tests/xfstests-fsx-src/fsx.c:1864:
+	fdr = calloc(sizeof(struct file_dedupe_range_info) +

WARNING:EMBEDDED_FUNCTION_NAME: Prefer using '"%s...", __func__' to using 'do_dedupe_range', this function's name, in a string
#2051: FILE: lustre/tests/xfstests-fsx-src/fsx.c:1867:
+		prterr("do_dedupe_range: malloc");

WARNING:EMBEDDED_FUNCTION_NAME: Prefer using '"%s...", __func__' to using 'do_dedupe_range', this function's name, in a string
#2065: FILE: lustre/tests/xfstests-fsx-src/fsx.c:1881:
+		prterr("do_dedupe_range(0): FIDEDUPERANGE");

WARNING:EMBEDDED_FUNCTION_NAME: Prefer using '"%s...", __func__' to using 'do_dedupe_range', this function's name, in a string
#2071: FILE: lustre/tests/xfstests-fsx-src/fsx.c:1887:
+		prterr("do_dedupe_range(1): FIDEDUPERANGE");

WARNING:UNSPECIFIED_INT: Prefer 'unsigned int' to bare use of 'unsigned'
#2086: FILE: lustre/tests/xfstests-fsx-src/fsx.c:1902:
+do_dedupe_range(unsigned offset, unsigned length, unsigned dest)

WARNING:UNSPECIFIED_INT: Prefer 'unsigned int' to bare use of 'unsigned'
#2086: FILE: lustre/tests/xfstests-fsx-src/fsx.c:1902:
+do_dedupe_range(unsigned offset, unsigned length, unsigned dest)

WARNING:UNSPECIFIED_INT: Prefer 'unsigned int' to bare use of 'unsigned'
#2086: FILE: lustre/tests/xfstests-fsx-src/fsx.c:1902:
+do_dedupe_range(unsigned offset, unsigned length, unsigned dest)

WARNING:RETURN_VOID: void function return statements are not generally useful
#2089: FILE: lustre/tests/xfstests-fsx-src/fsx.c:1905:
+	return;
+}

ERROR:OPEN_BRACE: open brace '{' following function definitions go on the next line
#2092: FILE: lustre/tests/xfstests-fsx-src/fsx.c:1908:
+int test_atomic_writes(void) {

WARNING:SPLIT_STRING: quoted string split across lines
#2100: FILE: lustre/tests/xfstests-fsx-src/fsx.c:1916:
+			fprintf(stderr, "main: atomic writes need O_DIRECT (-Z), "
+					"disabling!\n");

WARNING:SPLIT_STRING: quoted string split across lines
#2107: FILE: lustre/tests/xfstests-fsx-src/fsx.c:1923:
+		fprintf(stderr, "main: Statx failed with %d."
+			" Failed to determine atomic write limits, "

WARNING:SPLIT_STRING: quoted string split across lines
#2108: FILE: lustre/tests/xfstests-fsx-src/fsx.c:1924:
+			" Failed to determine atomic write limits, "
+			" disabling!\n", ret);

WARNING:SPLIT_STRING: quoted string split across lines
#2122: FILE: lustre/tests/xfstests-fsx-src/fsx.c:1938:
+		fprintf(stderr, "main: IO Stack does not support "
+				"atomic writes, disabling!\n");

WARNING:ENOSYS: ENOSYS means 'invalid syscall nr' and nothing else
#2133: FILE: lustre/tests/xfstests-fsx-src/fsx.c:1949:
+	    (errno == ENOSYS || errno == EOPNOTSUPP || errno == ENOTTY)) {

WARNING:SPLIT_STRING: quoted string split across lines
#2137: FILE: lustre/tests/xfstests-fsx-src/fsx.c:1953:
+				"main: filesystem does not support "
+				"copy range, disabling!\n");

WARNING:UNSPECIFIED_INT: Prefer 'unsigned int' to bare use of 'unsigned'
#2145: FILE: lustre/tests/xfstests-fsx-src/fsx.c:1961:
+do_copy_range(unsigned offset, unsigned length, unsigned dest)

WARNING:UNSPECIFIED_INT: Prefer 'unsigned int' to bare use of 'unsigned'
#2145: FILE: lustre/tests/xfstests-fsx-src/fsx.c:1961:
+do_copy_range(unsigned offset, unsigned length, unsigned dest)

WARNING:UNSPECIFIED_INT: Prefer 'unsigned int' to bare use of 'unsigned'
#2145: FILE: lustre/tests/xfstests-fsx-src/fsx.c:1961:
+do_copy_range(unsigned offset, unsigned length, unsigned dest)

WARNING:EMBEDDED_FUNCTION_NAME: Prefer using '"%s...", __func__' to using 'do_copy_range', this function's name, in a string
#2199: FILE: lustre/tests/xfstests-fsx-src/fsx.c:2015:
+			prt("do_copy_range: asked %u, copied %u??\n",

WARNING:EMBEDDED_FUNCTION_NAME: Prefer using '"%s...", __func__' to using 'do_copy_range', this function's name, in a string
#2208: FILE: lustre/tests/xfstests-fsx-src/fsx.c:2024:
+		prterr("do_copy_range:");

WARNING:UNSPECIFIED_INT: Prefer 'unsigned int' to bare use of 'unsigned'
#2223: FILE: lustre/tests/xfstests-fsx-src/fsx.c:2039:
+do_copy_range(unsigned offset, unsigned length, unsigned dest)

WARNING:UNSPECIFIED_INT: Prefer 'unsigned int' to bare use of 'unsigned'
#2223: FILE: lustre/tests/xfstests-fsx-src/fsx.c:2039:
+do_copy_range(unsigned offset, unsigned length, unsigned dest)

WARNING:UNSPECIFIED_INT: Prefer 'unsigned int' to bare use of 'unsigned'
#2223: FILE: lustre/tests/xfstests-fsx-src/fsx.c:2039:
+do_copy_range(unsigned offset, unsigned length, unsigned dest)

WARNING:RETURN_VOID: void function return statements are not generally useful
#2226: FILE: lustre/tests/xfstests-fsx-src/fsx.c:2042:
+	return;
+}

WARNING:UNSPECIFIED_INT: Prefer 'unsigned int' to bare use of 'unsigned'
#2232: FILE: lustre/tests/xfstests-fsx-src/fsx.c:2048:
+do_preallocate(unsigned offset, unsigned length, int keep_size, int unshare)

WARNING:UNSPECIFIED_INT: Prefer 'unsigned int' to bare use of 'unsigned'
#2232: FILE: lustre/tests/xfstests-fsx-src/fsx.c:2048:
+do_preallocate(unsigned offset, unsigned length, int keep_size, int unshare)

WARNING:UNSPECIFIED_INT: Prefer 'unsigned int' to bare use of 'unsigned'
#2234: FILE: lustre/tests/xfstests-fsx-src/fsx.c:2050:
+	unsigned end_offset;

ERROR:CODE_INDENT: code indent should use tabs where possible
#2249: FILE: lustre/tests/xfstests-fsx-src/fsx.c:2065:
+        if (length == 0) {$

WARNING:LEADING_SPACE: please, no spaces at the start of a line
#2249: FILE: lustre/tests/xfstests-fsx-src/fsx.c:2065:
+        if (length == 0) {$

ERROR:CODE_INDENT: code indent should use tabs where possible
#2250: FILE: lustre/tests/xfstests-fsx-src/fsx.c:2066:
+                if (!quiet && testcalls > simulatedopcount)$

WARNING:LEADING_SPACE: please, no spaces at the start of a line
#2250: FILE: lustre/tests/xfstests-fsx-src/fsx.c:2066:
+                if (!quiet && testcalls > simulatedopcount)$

ERROR:CODE_INDENT: code indent should use tabs where possible
#2251: FILE: lustre/tests/xfstests-fsx-src/fsx.c:2067:
+                        prt("skipping zero length fallocate\n");$

WARNING:LEADING_SPACE: please, no spaces at the start of a line
#2251: FILE: lustre/tests/xfstests-fsx-src/fsx.c:2067:
+                        prt("skipping zero length fallocate\n");$

ERROR:CODE_INDENT: code indent should use tabs where possible
#2252: FILE: lustre/tests/xfstests-fsx-src/fsx.c:2068:
+                log4(OP_FALLOCATE, offset, length, FL_SKIPPED | opflags);$

WARNING:LEADING_SPACE: please, no spaces at the start of a line
#2252: FILE: lustre/tests/xfstests-fsx-src/fsx.c:2068:
+                log4(OP_FALLOCATE, offset, length, FL_SKIPPED | opflags);$

ERROR:CODE_INDENT: code indent should use tabs where possible
#2253: FILE: lustre/tests/xfstests-fsx-src/fsx.c:2069:
+                return;$

WARNING:LEADING_SPACE: please, no spaces at the start of a line
#2253: FILE: lustre/tests/xfstests-fsx-src/fsx.c:2069:
+                return;$

ERROR:CODE_INDENT: code indent should use tabs where possible
#2254: FILE: lustre/tests/xfstests-fsx-src/fsx.c:2070:
+        }$

WARNING:LEADING_SPACE: please, no spaces at the start of a line
#2254: FILE: lustre/tests/xfstests-fsx-src/fsx.c:2070:
+        }$

WARNING:SPACE_BEFORE_TAB: please, no space before tabs
#2266: FILE: lustre/tests/xfstests-fsx-src/fsx.c:2082:
+^I * ^I0: allocate past EOF$

WARNING:SPACE_BEFORE_TAB: please, no space before tabs
#2267: FILE: lustre/tests/xfstests-fsx-src/fsx.c:2083:
+^I * ^I1: extending prealloc$

WARNING:SPACE_BEFORE_TAB: please, no space before tabs
#2268: FILE: lustre/tests/xfstests-fsx-src/fsx.c:2084:
+^I * ^I2: interior prealloc$

ERROR:TRAILING_WHITESPACE: trailing whitespace
#2279: FILE: lustre/tests/xfstests-fsx-src/fsx.c:2095:
+^I$

ERROR:CODE_INDENT: code indent should use tabs where possible
#2286: FILE: lustre/tests/xfstests-fsx-src/fsx.c:2102:
+^I        prt("fallocate: 0x%x to 0x%x\n", offset, offset + length);$

WARNING:EMBEDDED_FUNCTION_NAME: Prefer using '"%s...", __func__' to using 'do_preallocate', this function's name, in a string
#2287: FILE: lustre/tests/xfstests-fsx-src/fsx.c:2103:
+		prterr("do_preallocate: fallocate");

WARNING:UNSPECIFIED_INT: Prefer 'unsigned int' to bare use of 'unsigned'
#2293: FILE: lustre/tests/xfstests-fsx-src/fsx.c:2109:
+do_preallocate(unsigned offset, unsigned length, int keep_size, int unshare)

WARNING:UNSPECIFIED_INT: Prefer 'unsigned int' to bare use of 'unsigned'
#2293: FILE: lustre/tests/xfstests-fsx-src/fsx.c:2109:
+do_preallocate(unsigned offset, unsigned length, int keep_size, int unshare)

WARNING:RETURN_VOID: void function return statements are not generally useful
#2296: FILE: lustre/tests/xfstests-fsx-src/fsx.c:2112:
+	return;
+}

WARNING:SPLIT_STRING: quoted string split across lines
#2312: FILE: lustre/tests/xfstests-fsx-src/fsx.c:2128:
+				"main: filesystem does not support "
+				"dontcache IO, disabling!\n");

WARNING:EMBEDDED_FUNCTION_NAME: Prefer using '"%s...", __func__' to using 'writefileimage', this function's name, in a string
#2325: FILE: lustre/tests/xfstests-fsx-src/fsx.c:2141:
+		prterr("writefileimage: lseek");

WARNING:EMBEDDED_FUNCTION_NAME: Prefer using '"%s...", __func__' to using 'writefileimage', this function's name, in a string
#2331: FILE: lustre/tests/xfstests-fsx-src/fsx.c:2147:
+			prterr("writefileimage: write");

ERROR:CODE_INDENT: code indent should use tabs where possible
#2338: FILE: lustre/tests/xfstests-fsx-src/fsx.c:2154:
+^I        prt("ftruncate2: %llx\n", (unsigned long long)file_size);$

WARNING:EMBEDDED_FUNCTION_NAME: Prefer using '"%s...", __func__' to using 'writefileimage', this function's name, in a string
#2339: FILE: lustre/tests/xfstests-fsx-src/fsx.c:2155:
+		prterr("writefileimage: ftruncate");

ERROR:TRAILING_WHITESPACE: trailing whitespace
#2347: FILE: lustre/tests/xfstests-fsx-src/fsx.c:2163:
+{ $

WARNING:EMBEDDED_FUNCTION_NAME: Prefer using '"%s...", __func__' to using 'docloseopen', this function's name, in a string
#2354: FILE: lustre/tests/xfstests-fsx-src/fsx.c:2170:
+		prterr("docloseopen: close");

WARNING:EMBEDDED_FUNCTION_NAME: Prefer using '"%s...", __func__' to using 'docloseopen', this function's name, in a string
#2358: FILE: lustre/tests/xfstests-fsx-src/fsx.c:2174:
+		prterr("docloseopen: drop_caches");

WARNING:EMBEDDED_FUNCTION_NAME: Prefer using '"%s...", __func__' to using 'docloseopen', this function's name, in a string
#2363: FILE: lustre/tests/xfstests-fsx-src/fsx.c:2179:
+		prterr("docloseopen: open");

ERROR:SPACING: space required before the open parenthesis '('
#2601: FILE: lustre/tests/xfstests-fsx-src/fsx.c:2417:
+	switch(op) {

WARNING:EMBEDDED_FUNCTION_NAME: Prefer using '"%s...", __func__' to using 'test', this function's name, in a string
#2852: FILE: lustre/tests/xfstests-fsx-src/fsx.c:2668:
+		prterr("test: unknown operation");

WARNING:EMBEDDED_FUNCTION_NAME: Prefer using '"%s...", __func__' to using 'usage', this function's name, in a string
#2872: FILE: lustre/tests/xfstests-fsx-src/fsx.c:2688:
+	fprintf(stdout, "usage: %s",

WARNING:LINE_CONTINUATIONS: Avoid line continuations in quoted strings
#2873: FILE: lustre/tests/xfstests-fsx-src/fsx.c:2689:
+		"fsx [-adfhknqxyzBEFHIJKLORWXZ0Y]\n\

WARNING:LINE_CONTINUATIONS: Avoid line continuations in quoted strings
#2890: FILE: lustre/tests/xfstests-fsx-src/fsx.c:2706:
+"	-i logdev: do integrity testing, logdev is the dm log writes device\n\

WARNING:TYPO_SPELLING: 'messsages' may be misspelled - perhaps 'messages'?
#2891: FILE: lustre/tests/xfstests-fsx-src/fsx.c:2707:
+	-j logid: prefix debug log messsages with this id\n\
 	                           ^^^^^^^^^

WARNING:LINE_CONTINUATIONS: Avoid line continuations in quoted strings
#2905: FILE: lustre/tests/xfstests-fsx-src/fsx.c:2721:
+"	-w writebdy: 4096 would make writes page aligned (default 1)\n\

WARNING:LINE_CONTINUATIONS: Avoid line continuations in quoted strings
#2946: FILE: lustre/tests/xfstests-fsx-src/fsx.c:2762:
+"	-K: Do not use keep size\n\

WARNING:SPACE_BEFORE_TAB: please, no space before tabs
#3002: FILE: lustre/tests/xfstests-fsx-src/fsx.c:2818:
+struct iocb ^Iiocb;$

WARNING:LINE_SPACING: Missing a blank line after declarations
#3008: FILE: lustre/tests/xfstests-fsx-src/fsx.c:2824:
+	int ret;
+	ret = io_queue_init(QSZ, &io_ctx);

WARNING:EMBEDDED_FUNCTION_NAME: Prefer using '"%s...", __func__' to using 'aio_setup', this function's name, in a string
#3010: FILE: lustre/tests/xfstests-fsx-src/fsx.c:2826:
+		fprintf(stderr, "aio_setup: io_queue_init failed: %s\n",

ERROR:CODE_INDENT: code indent should use tabs where possible
#3011: FILE: lustre/tests/xfstests-fsx-src/fsx.c:2827:
+                        strerror(ret));$

WARNING:LEADING_SPACE: please, no spaces at the start of a line
#3011: FILE: lustre/tests/xfstests-fsx-src/fsx.c:2827:
+                        strerror(ret));$

ERROR:CODE_INDENT: code indent should use tabs where possible
#3012: FILE: lustre/tests/xfstests-fsx-src/fsx.c:2828:
+                return(-1);$

WARNING:LEADING_SPACE: please, no spaces at the start of a line
#3012: FILE: lustre/tests/xfstests-fsx-src/fsx.c:2828:
+                return(-1);$

ERROR:CODE_INDENT: code indent should use tabs where possible
#3013: FILE: lustre/tests/xfstests-fsx-src/fsx.c:2829:
+        }$

WARNING:LEADING_SPACE: please, no spaces at the start of a line
#3013: FILE: lustre/tests/xfstests-fsx-src/fsx.c:2829:
+        }$

ERROR:CODE_INDENT: code indent should use tabs where possible
#3014: FILE: lustre/tests/xfstests-fsx-src/fsx.c:2830:
+        return(0);$

WARNING:LEADING_SPACE: please, no spaces at the start of a line
#3014: FILE: lustre/tests/xfstests-fsx-src/fsx.c:2830:
+        return(0);$

WARNING:UNSPECIFIED_INT: Prefer 'unsigned int' to bare use of 'unsigned'
#3018: FILE: lustre/tests/xfstests-fsx-src/fsx.c:2834:
+aio_rw(int rw, int fd, char *buf, unsigned len, unsigned offset)

WARNING:UNSPECIFIED_INT: Prefer 'unsigned int' to bare use of 'unsigned'
#3018: FILE: lustre/tests/xfstests-fsx-src/fsx.c:2834:
+aio_rw(int rw, int fd, char *buf, unsigned len, unsigned offset)

WARNING:BRACES: braces {} are not necessary for any arm of this statement
#3026: FILE: lustre/tests/xfstests-fsx-src/fsx.c:2842:
+	if (rw == READ) {
[...]
+	} else {
[...]

WARNING:EMBEDDED_FUNCTION_NAME: Prefer using '"%s...", __func__' to using 'aio_rw', this function's name, in a string
#3037: FILE: lustre/tests/xfstests-fsx-src/fsx.c:2853:
+		fprintf(stderr, "aio_rw: io_submit failed: %s\n",

WARNING:EMBEDDED_FUNCTION_NAME: Prefer using '"%s...", __func__' to using 'aio_rw', this function's name, in a string
#3045: FILE: lustre/tests/xfstests-fsx-src/fsx.c:2861:
+			fprintf(stderr, "aio_rw: no events available\n");

WARNING:EMBEDDED_FUNCTION_NAME: Prefer using '"%s...", __func__' to using 'aio_rw', this function's name, in a string
#3048: FILE: lustre/tests/xfstests-fsx-src/fsx.c:2864:
+			fprintf(stderr, "aio_rw: io_getevents failed: %s\n",

ERROR:CODE_INDENT: code indent should use tabs where possible
#3049: FILE: lustre/tests/xfstests-fsx-src/fsx.c:2865:
+^I^I^I^I ^Istrerror(-ret));$

WARNING:SPACE_BEFORE_TAB: please, no space before tabs
#3049: FILE: lustre/tests/xfstests-fsx-src/fsx.c:2865:
+^I^I^I^I ^Istrerror(-ret));$

WARNING:TYPO_SPELLING: 'strucuture' may be misspelled - perhaps 'structure'?
#3056: FILE: lustre/tests/xfstests-fsx-src/fsx.c:2872:
+		 * However the kernel strucuture has it signed,
 		                      ^^^^^^^^^^

WARNING:EMBEDDED_FUNCTION_NAME: Prefer using '"%s...", __func__' to using 'aio_rw', this function's name, in a string
#3066: FILE: lustre/tests/xfstests-fsx-src/fsx.c:2882:
+			fprintf(stderr, "aio_rw: async io failed: %s\n",

WARNING:UNSPECIFIED_INT: Prefer 'unsigned int' to bare use of 'unsigned'
#3085: FILE: lustre/tests/xfstests-fsx-src/fsx.c:2901:
+aio_rw(int rw, int fd, char *buf, unsigned len, unsigned offset)

WARNING:UNSPECIFIED_INT: Prefer 'unsigned int' to bare use of 'unsigned'
#3085: FILE: lustre/tests/xfstests-fsx-src/fsx.c:2901:
+aio_rw(int rw, int fd, char *buf, unsigned len, unsigned offset)

WARNING:EMBEDDED_FUNCTION_NAME: Prefer using '"%s...", __func__' to using 'uring_setup', this function's name, in a string
#3104: FILE: lustre/tests/xfstests-fsx-src/fsx.c:2920:
+		fprintf(stderr, "uring_setup: io_uring_queue_init failed: %s\n",

WARNING:UNSPECIFIED_INT: Prefer 'unsigned int' to bare use of 'unsigned'
#3112: FILE: lustre/tests/xfstests-fsx-src/fsx.c:2928:
+uring_rw(int rw, int fd, char *buf, unsigned len, unsigned offset, int flags)

WARNING:UNSPECIFIED_INT: Prefer 'unsigned int' to bare use of 'unsigned'
#3112: FILE: lustre/tests/xfstests-fsx-src/fsx.c:2928:
+uring_rw(int rw, int fd, char *buf, unsigned len, unsigned offset, int flags)

WARNING:UNSPECIFIED_INT: Prefer 'unsigned int' to bare use of 'unsigned'
#3120: FILE: lustre/tests/xfstests-fsx-src/fsx.c:2936:
+	unsigned l = len;

WARNING:UNSPECIFIED_INT: Prefer 'unsigned int' to bare use of 'unsigned'
#3121: FILE: lustre/tests/xfstests-fsx-src/fsx.c:2937:
+	unsigned o = offset;

WARNING:EMBEDDED_FUNCTION_NAME: Prefer using '"%s...", __func__' to using 'uring_rw', this function's name, in a string
#3131: FILE: lustre/tests/xfstests-fsx-src/fsx.c:2947:
+			fprintf(stderr, "uring_rw: io_uring_get_sqe failed: %s\n",

WARNING:BRACES: braces {} are not necessary for any arm of this statement
#3138: FILE: lustre/tests/xfstests-fsx-src/fsx.c:2954:
+		if (rw == READ) {
[...]
+		} else {
[...]

WARNING:UNSPECIFIED_INT: Prefer 'unsigned int' to bare use of 'unsigned'
#3192: FILE: lustre/tests/xfstests-fsx-src/fsx.c:3008:
+uring_rw(int rw, int fd, char *buf, unsigned len, unsigned offset, int flags)

WARNING:UNSPECIFIED_INT: Prefer 'unsigned int' to bare use of 'unsigned'
#3192: FILE: lustre/tests/xfstests-fsx-src/fsx.c:3008:
+uring_rw(int rw, int fd, char *buf, unsigned len, unsigned offset, int flags)

WARNING:UNSPECIFIED_INT: Prefer 'unsigned int' to bare use of 'unsigned'
#3200: FILE: lustre/tests/xfstests-fsx-src/fsx.c:3016:
+fsx_rw(int rw, int fd, char *buf, unsigned len, unsigned offset, int flags)

WARNING:UNSPECIFIED_INT: Prefer 'unsigned int' to bare use of 'unsigned'
#3200: FILE: lustre/tests/xfstests-fsx-src/fsx.c:3016:
+fsx_rw(int rw, int fd, char *buf, unsigned len, unsigned offset, int flags)

WARNING:LINE_SPACING: Missing a blank line after declarations
#3226: FILE: lustre/tests/xfstests-fsx-src/fsx.c:3042:
+	int ret = 0;
+	if (!lite) {

WARNING:ENOSYS: ENOSYS means 'invalid syscall nr' and nothing else
#3228: FILE: lustre/tests/xfstests-fsx-src/fsx.c:3044:
+		    (errno == ENOSYS || errno == EOPNOTSUPP)) {

ERROR:SPACING: space required before the open parenthesis '('
#3229: FILE: lustre/tests/xfstests-fsx-src/fsx.c:3045:
+			if(!quiet)

WARNING:SPLIT_STRING: quoted string split across lines
#3232: FILE: lustre/tests/xfstests-fsx-src/fsx.c:3048:
+					"main: filesystem does not support "
+					"fallocate mode %s, disabling!\n",

ERROR:CODE_INDENT: code indent should use tabs where possible
#3279: FILE: lustre/tests/xfstests-fsx-src/fsx.c:3095:
+^I        collapse_hugepages();$

WARNING:STATIC_CONST_CHAR_ARRAY: const array should probably be static const
#3302: FILE: lustre/tests/xfstests-fsx-src/fsx.c:3118:
+	const char str[] = "Hugepagesize:";

WARNING:EMBEDDED_FUNCTION_NAME: Prefer using '"%s...", __func__' to using 'get_hugepage_size', this function's name, in a string
#3310: FILE: lustre/tests/xfstests-fsx-src/fsx.c:3126:
+		prterr("get_hugepage_size: fopen /proc/meminfo");

WARNING:NAKED_SSCANF: unchecked sscanf return value
#3315: FILE: lustre/tests/xfstests-fsx-src/fsx.c:3131:
+			sscanf(buffer + str_len, "%u", &hugepage_size);

WARNING:EMBEDDED_FUNCTION_NAME: Prefer using '"%s...", __func__' to using 'get_hugepage_size', this function's name, in a string
#3321: FILE: lustre/tests/xfstests-fsx-src/fsx.c:3137:
+		prterr("get_hugepage_size: failed to find "

WARNING:SPLIT_STRING: quoted string split across lines
#3322: FILE: lustre/tests/xfstests-fsx-src/fsx.c:3138:
+		prterr("get_hugepage_size: failed to find "
+			"hugepage size in /proc/meminfo\n");

WARNING:UNSPECIFIED_INT: Prefer 'unsigned int' to bare use of 'unsigned'
#3331: FILE: lustre/tests/xfstests-fsx-src/fsx.c:3147:
+init_hugepages_buf(unsigned len, int hugepage_size, int alignment, long *buf_size)

WARNING:LINE_SPACING: Missing a blank line after declarations
#3368: FILE: lustre/tests/xfstests-fsx-src/fsx.c:3184:
+		long hugepage_size = get_hugepage_size();
+		if (hugepage_size == -1) {

WARNING:SPLIT_STRING: quoted string split across lines
#3464: FILE: lustre/tests/xfstests-fsx-src/fsx.c:3280:
+			fprintf(stderr, "MADV_COLLAPSE not supported. "
+				"Can't support -h\n");

ERROR:CODE_INDENT: code indent should use tabs where possible
#3594: FILE: lustre/tests/xfstests-fsx-src/fsx.c:3410:
+^I^I        lite = 1;$

ERROR:CODE_INDENT: code indent should use tabs where possible
#3609: FILE: lustre/tests/xfstests-fsx-src/fsx.c:3425:
+                case 'R':$

WARNING:LEADING_SPACE: please, no spaces at the start of a line
#3609: FILE: lustre/tests/xfstests-fsx-src/fsx.c:3425:
+                case 'R':$

ERROR:CODE_INDENT: code indent should use tabs where possible
#3610: FILE: lustre/tests/xfstests-fsx-src/fsx.c:3426:
+                        mapped_reads = 0;$

WARNING:LEADING_SPACE: please, no spaces at the start of a line
#3610: FILE: lustre/tests/xfstests-fsx-src/fsx.c:3426:
+                        mapped_reads = 0;$

ERROR:CODE_INDENT: code indent should use tabs where possible
#3611: FILE: lustre/tests/xfstests-fsx-src/fsx.c:3427:
+                        break;$

WARNING:LEADING_SPACE: please, no spaces at the start of a line
#3611: FILE: lustre/tests/xfstests-fsx-src/fsx.c:3427:
+                        break;$

ERROR:CODE_INDENT: code indent should use tabs where possible
#3613: FILE: lustre/tests/xfstests-fsx-src/fsx.c:3429:
+                        seed = getnum(optarg, &endp);$

WARNING:LEADING_SPACE: please, no spaces at the start of a line
#3613: FILE: lustre/tests/xfstests-fsx-src/fsx.c:3429:
+                        seed = getnum(optarg, &endp);$

ERROR:CODE_INDENT: code indent should use tabs where possible
#3625: FILE: lustre/tests/xfstests-fsx-src/fsx.c:3441:
+^I^I        mapped_writes = 0;$

WARNING:EMBEDDED_FUNCTION_NAME: Prefer using '"%s...", __func__' to using 'main', this function's name, in a string
#3725: FILE: lustre/tests/xfstests-fsx-src/fsx.c:3541:
+			fprintf(stderr, "main: cannot prealloc, non XFS\n");

ERROR:TRAILING_WHITESPACE: trailing whitespace
#3769: FILE: lustre/tests/xfstests-fsx-src/fsx.c:3585:
+^Iif (aio) $

WARNING:LINE_SPACING: Missing a blank line after declarations
#3779: FILE: lustre/tests/xfstests-fsx-src/fsx.c:3595:
+		off_t ret;
+		file_size = maxfilelen = biggest = lseek(fd, (off_t)0, SEEK_END);

WARNING:EMBEDDED_FUNCTION_NAME: Prefer using '"%s...", __func__' to using 'main', this function's name, in a string
#3782: FILE: lustre/tests/xfstests-fsx-src/fsx.c:3598:
+			warn("main: lseek eof");

WARNING:EMBEDDED_FUNCTION_NAME: Prefer using '"%s...", __func__' to using 'main', this function's name, in a string
#3788: FILE: lustre/tests/xfstests-fsx-src/fsx.c:3604:
+			warn("main: lseek 0");

WARNING:EMBEDDED_FUNCTION_NAME: Prefer using '"%s...", __func__' to using 'main', this function's name, in a string
#3800: FILE: lustre/tests/xfstests-fsx-src/fsx.c:3616:
+				warn("main: error on write");

WARNING:EMBEDDED_FUNCTION_NAME: Prefer using '"%s...", __func__' to using 'main', this function's name, in a string
#3802: FILE: lustre/tests/xfstests-fsx-src/fsx.c:3618:
+				warn("main: short write, 0x%x bytes instead "

WARNING:SPLIT_STRING: quoted string split across lines
#3803: FILE: lustre/tests/xfstests-fsx-src/fsx.c:3619:
+				warn("main: short write, 0x%x bytes instead "
+					"of 0x%lx\n",

WARNING:UNSPECIFIED_INT: Prefer 'unsigned int' to bare use of 'unsigned'
#3804: FILE: lustre/tests/xfstests-fsx-src/fsx.c:3620:
+					(unsigned)written,

WARNING:EMBEDDED_FUNCTION_NAME: Prefer using '"%s...", __func__' to using 'main', this function's name, in a string
#3816: FILE: lustre/tests/xfstests-fsx-src/fsx.c:3632:
+				warn("main: error on read");

WARNING:SPDX_LICENSE_TAG: Improper SPDX comment style for 'lustre/tests/xfstests-fsx-src/global.h', please use '/*' instead
#3878: FILE: lustre/tests/xfstests-fsx-src/global.h:1:
+// SPDX-License-Identifier: GPL-2.0

WARNING:SPDX_LICENSE_TAG: Missing or malformed SPDX-License-Identifier tag in line 1
#3878: FILE: lustre/tests/xfstests-fsx-src/global.h:1:
+// SPDX-License-Identifier: GPL-2.0

ERROR:TRAILING_WHITESPACE: trailing whitespace
#3883: FILE: lustre/tests/xfstests-fsx-src/global.h:6:
+ $

WARNING:LEADING_SPACE: please, no spaces at the start of a line
#3883: FILE: lustre/tests/xfstests-fsx-src/global.h:6:
+ $

total: 102 errors, 254 warnings, 4068 lines checked

NOTE: For some of the reported defects, checkpatch may be able to
      mechanically convert to the typical style using --fix or --fix-inplace.

NOTE: Whitespace errors detected.
      You may wish to use scripts/cleanpatch or scripts/cleanfile

Your patch has style problems, please review.

NOTE: If any of the errors are false positives, please report
      them to the maintainer, see CHECKPATCH in MAINTAINERS.
