CLI: ./pk --podman-socket unix:///run/user/1000/podman/podman.sock --shared-filesystem /tmp --tarball-input job lustre-ci --output /var/www/ci-lustre/upstream-patch-review --git-hash 418dade087a766077c0b445fb95a96be9645e353 --change-id 67142_418dade087a766077c0b445fb95a96be9645e353 --subject LU-20290 lnet: add servicenode discovery visibility policy

Environment validated successfully
Note: custom LLVM is not synced in tarball input mode
Creating kernel tarball at /tmp/ktest-kernel.tar.gz...
Creating lustre tarball at /tmp/ktest-lustre.tar.gz...
Creating ZFS tarball at /tmp/ktest-zfs.tar.gz...
Executing 14 jobs
Jobs will start as soon as their dependencies are satisfied
Using tarball input mode

START ml-miscvm:lustre_mainline_native build tests/fs/lustre/boot.ktest
START ml-strict:lustre_mainline build tests/fs/lustre/boot-strict.ktest
START al2023:al2023 build tests/fs/lustre/boot.ktest
START ml:lustre_mainline build tests/fs/lustre/boot.ktest
START u24:u24 build tests/fs/lustre/boot.ktest
START checkpatch:checkpatch tool checkpatch
PUT /tmp/ktest-lustre.tar.gz 1s
PUT /tmp/ktest-lustre.tar.gz 2s
PUT /tmp/ktest-kernel.tar.gz 8s
PUT /tmp/ktest-kernel.tar.gz 9s
PUT /tmp/ktest-kernel.tar.gz 9s
PUT /tmp/ktest-kernel.tar.gz 9s
PUT /tmp/ktest-lustre.tar.gz 3s
PUT /tmp/ktest-lustre.tar.gz 3s
PUT /tmp/ktest-lustre.tar.gz 3s
PUT /tmp/ktest-lustre.tar.gz 3s
PUT /tmp/ktest-zfs.tar.gz 0s
PUT /tmp/ktest-zfs.tar.gz 0s
PUT /tmp/ktest-zfs.tar.gz 0s
END checkpatch:checkpatch tool checkpatch FAIL 15s (exit code: 1)
END u24:u24 build tests/fs/lustre/boot.ktest PASS 44s
END al2023:al2023 build tests/fs/lustre/boot.ktest PASS 48s
GET /tmp/ktest_ml-strict:lustre_mainline_talvk38z.tar 5s
END ml-strict:lustre_mainline build tests/fs/lustre/boot-strict.ktest FAIL 164s (exit code: 1)
GET /tmp/ktest_ml:lustre_mainline_gtj1bmjt.tar 0s
GET /tmp/ktest_ml-miscvm:lustre_mainline_native_k7971dc0.tar 0s
END ml:lustre_mainline build tests/fs/lustre/boot.ktest PASS 168s
END ml-miscvm:lustre_mainline_native build tests/fs/lustre/boot.ktest PASS 170s
START ml-miscvm:boot run tests/fs/lustre/boot.ktest
START ml-miscvm:llmount run tests/fs/lustre/llmount.ktest
START ml-miscvm:llog-unit run tests/fs/lustre/llog-unit.ktest
START ml-miscvm:mgs-setup run tests/fs/lustre/mgs-setup.ktest
START ml-miscvm:sanity-1 run tests/fs/lustre/sanity/sanity-1.ktest
START ml-miscvm:sanity-2 run tests/fs/lustre/sanity/sanity-2.ktest
START ml-miscvm:sanity-3 run tests/fs/lustre/sanity/sanity-3.ktest
START ml-miscvm:sanity-4 run tests/fs/lustre/sanity/sanity-4.ktest
PUT /tmp/ktest-kernel.tar.gz 58s
PUT /tmp/ktest-kernel.tar.gz 57s
PUT /tmp/ktest-kernel.tar.gz 58s
PUT /tmp/ktest-kernel.tar.gz 58s
PUT /tmp/ktest-kernel.tar.gz 58s
PUT /tmp/ktest-kernel.tar.gz 58s
PUT /tmp/ktest-kernel.tar.gz 58s
PUT /tmp/ktest-kernel.tar.gz 58s
PUT /tmp/ktest-lustre.tar.gz 14s
PUT /tmp/ktest-lustre.tar.gz 14s
PUT /tmp/ktest-lustre.tar.gz 14s
PUT /tmp/ktest-lustre.tar.gz 15s
PUT /tmp/ktest-lustre.tar.gz 15s
PUT /tmp/ktest-lustre.tar.gz 15s
PUT /tmp/ktest-lustre.tar.gz 14s
PUT /tmp/ktest-lustre.tar.gz 14s
PUT /tmp/ktest_ml-miscvm:lustre_mainline_native_k7971dc0.tar 1s
PUT /tmp/ktest_ml-miscvm:lustre_mainline_native_k7971dc0.tar 1s
PUT /tmp/ktest_ml-miscvm:lustre_mainline_native_k7971dc0.tar 1s
PUT /tmp/ktest_ml-miscvm:lustre_mainline_native_k7971dc0.tar 1s
PUT /tmp/ktest_ml-miscvm:lustre_mainline_native_k7971dc0.tar 1s
PUT /tmp/ktest_ml-miscvm:lustre_mainline_native_k7971dc0.tar 1s
PUT /tmp/ktest_ml-miscvm:lustre_mainline_native_k7971dc0.tar 1s
PUT /tmp/ktest_ml-miscvm:lustre_mainline_native_k7971dc0.tar 1s
END ml-miscvm:boot run tests/fs/lustre/boot.ktest PASS 87s
END ml-miscvm:mgs-setup run tests/fs/lustre/mgs-setup.ktest PASS 96s
END ml-miscvm:sanity-2 run tests/fs/lustre/sanity/sanity-2.ktest PASS 124s
END ml-miscvm:sanity-1 run tests/fs/lustre/sanity/sanity-1.ktest PASS 125s
END ml-miscvm:sanity-3 run tests/fs/lustre/sanity/sanity-3.ktest PASS 127s
END ml-miscvm:sanity-4 run tests/fs/lustre/sanity/sanity-4.ktest PASS 136s
END ml-miscvm:llmount run tests/fs/lustre/llmount.ktest PASS 148s
END ml-miscvm:llog-unit run tests/fs/lustre/llog-unit.ktest FAIL 171s (exit code: 1)

============================================================
Final Results:
  checkpatch:checkpatch: FAIL (15s) (log: /var/www/ci-lustre/upstream-patch-review/418dade087a766077c0b445fb95a96be9645e353_checkpatch:checkpatch.log)
  u24:u24: PASS (44s) (log: /var/www/ci-lustre/upstream-patch-review/418dade087a766077c0b445fb95a96be9645e353_u24:u24.log)
  al2023:al2023: PASS (48s) (log: /var/www/ci-lustre/upstream-patch-review/418dade087a766077c0b445fb95a96be9645e353_al2023:al2023.log)
  ml-strict:lustre_mainline: FAIL (164s) (log: /var/www/ci-lustre/upstream-patch-review/418dade087a766077c0b445fb95a96be9645e353_ml-strict:lustre_mainline.log)
  ml:lustre_mainline: PASS (168s) (log: /var/www/ci-lustre/upstream-patch-review/418dade087a766077c0b445fb95a96be9645e353_ml:lustre_mainline.log)
  ml-miscvm:lustre_mainline_native: PASS (170s) (log: /var/www/ci-lustre/upstream-patch-review/418dade087a766077c0b445fb95a96be9645e353_ml-miscvm:lustre_mainline_native.log)
  ml-miscvm:boot: PASS (87s) (log: /var/www/ci-lustre/upstream-patch-review/418dade087a766077c0b445fb95a96be9645e353_ml-miscvm:boot.log)
  ml-miscvm:llmount: PASS (148s) (log: /var/www/ci-lustre/upstream-patch-review/418dade087a766077c0b445fb95a96be9645e353_ml-miscvm:llmount.log)
  ml-miscvm:llog-unit: FAIL (171s) (log: /var/www/ci-lustre/upstream-patch-review/418dade087a766077c0b445fb95a96be9645e353_ml-miscvm:llog-unit.log)
  ml-miscvm:mgs-setup: PASS (96s) (log: /var/www/ci-lustre/upstream-patch-review/418dade087a766077c0b445fb95a96be9645e353_ml-miscvm:mgs-setup.log)
  ml-miscvm:sanity-1: PASS (125s) (log: /var/www/ci-lustre/upstream-patch-review/418dade087a766077c0b445fb95a96be9645e353_ml-miscvm:sanity-1.log)
  ml-miscvm:sanity-2: PASS (124s) (log: /var/www/ci-lustre/upstream-patch-review/418dade087a766077c0b445fb95a96be9645e353_ml-miscvm:sanity-2.log)
  ml-miscvm:sanity-3: PASS (127s) (log: /var/www/ci-lustre/upstream-patch-review/418dade087a766077c0b445fb95a96be9645e353_ml-miscvm:sanity-3.log)
  ml-miscvm:sanity-4: PASS (136s) (log: /var/www/ci-lustre/upstream-patch-review/418dade087a766077c0b445fb95a96be9645e353_ml-miscvm:sanity-4.log)

Total execution time: 372s

Packed 6788 logs from /var/www/ci-lustre/upstream-patch-review into /home/ktest/ktest/local-site/local_data.js
Open /home/ktest/ktest/local-site/index.html in a browser
