CLI: ./pk --podman-socket unix:///run/podman/podman.sock --shared-filesystem /tmp --tarball-input job lustre-ci --output /var/www/ci-lustre/upstream-patch-review --git-hash 427da027396e0fbb4ccda049f5a6f9cc6e6b52b8 --change-id 62757_427da027396e0fbb4ccda049f5a6f9cc6e6b52b8 --subject LU-12669 ec: recover data from parity

Environment validated successfully
Note: custom LLVM is not synced in tarball input mode
Creating kernel tarball at /tmp/ktest-kernel.tar.gz...
Creating lustre tarball at /tmp/ktest-lustre.tar.gz...
Creating ZFS tarball at /tmp/ktest-zfs.tar.gz...
Executing 14 jobs
Jobs will start as soon as their dependencies are satisfied
Using tarball input mode

START ml-strict:lustre_mainline build tests/fs/lustre/boot-strict.ktest
START ml-miscvm:lustre_mainline_native build tests/fs/lustre/boot.ktest
START ml:lustre_mainline build tests/fs/lustre/boot.ktest
START al2023:al2023 build tests/fs/lustre/boot.ktest
START checkpatch:checkpatch tool checkpatch
START u24:u24 build tests/fs/lustre/boot.ktest
PUT /tmp/ktest-lustre.tar.gz 1s
PUT /tmp/ktest-lustre.tar.gz 1s
PUT /tmp/ktest-kernel.tar.gz 17s
PUT /tmp/ktest-kernel.tar.gz 17s
PUT /tmp/ktest-kernel.tar.gz 17s
PUT /tmp/ktest-kernel.tar.gz 17s
PUT /tmp/ktest-lustre.tar.gz 2s
PUT /tmp/ktest-lustre.tar.gz 2s
PUT /tmp/ktest-lustre.tar.gz 2s
PUT /tmp/ktest-lustre.tar.gz 2s
PUT /tmp/ktest-zfs.tar.gz 0s
PUT /tmp/ktest-zfs.tar.gz 0s
PUT /tmp/ktest-zfs.tar.gz 0s
END checkpatch:checkpatch tool checkpatch FAIL 24s (exit code: 1)
END u24:u24 build tests/fs/lustre/boot.ktest PASS 50s
END al2023:al2023 build tests/fs/lustre/boot.ktest PASS 55s
GET /tmp/ktest_ml-strict:lustre_mainline_h4vgy5ar.tar 5s
END ml-strict:lustre_mainline build tests/fs/lustre/boot-strict.ktest FAIL 230s (exit code: 1)
GET /tmp/ktest_ml:lustre_mainline_hyt7ta_k.tar 11s
END ml:lustre_mainline build tests/fs/lustre/boot.ktest PASS 238s
GET /tmp/ktest_ml-miscvm:lustre_mainline_native_3m9dqpwx.tar 13s
END ml-miscvm:lustre_mainline_native build tests/fs/lustre/boot.ktest PASS 239s
START ml-miscvm:boot run tests/fs/lustre/boot.ktest
START ml-miscvm:llmount run tests/fs/lustre/llmount.ktest
START ml-miscvm:llog-unit run tests/fs/lustre/llog-unit.ktest
START ml-miscvm:mgs-setup run tests/fs/lustre/mgs-setup.ktest
START ml-miscvm:sanity-1 run tests/fs/lustre/sanity/sanity-1.ktest
START ml-miscvm:sanity-2 run tests/fs/lustre/sanity/sanity-2.ktest
START ml-miscvm:sanity-3 run tests/fs/lustre/sanity/sanity-3.ktest
START ml-miscvm:sanity-4 run tests/fs/lustre/sanity/sanity-4.ktest
PUT /tmp/ktest-kernel.tar.gz 24s
PUT /tmp/ktest-kernel.tar.gz 24s
PUT /tmp/ktest-kernel.tar.gz 24s
PUT /tmp/ktest-kernel.tar.gz 24s
PUT /tmp/ktest-kernel.tar.gz 24s
PUT /tmp/ktest-kernel.tar.gz 24s
PUT /tmp/ktest-kernel.tar.gz 24s
PUT /tmp/ktest-kernel.tar.gz 24s
PUT /tmp/ktest-lustre.tar.gz 8s
PUT /tmp/ktest-lustre.tar.gz 7s
PUT /tmp/ktest-lustre.tar.gz 7s
PUT /tmp/ktest-lustre.tar.gz 8s
PUT /tmp/ktest-lustre.tar.gz 7s
PUT /tmp/ktest-lustre.tar.gz 7s
PUT /tmp/ktest-lustre.tar.gz 7s
PUT /tmp/ktest-lustre.tar.gz 8s
PUT /tmp/ktest_ml-miscvm:lustre_mainline_native_3m9dqpwx.tar 1s
PUT /tmp/ktest_ml-miscvm:lustre_mainline_native_3m9dqpwx.tar 0s
PUT /tmp/ktest_ml-miscvm:lustre_mainline_native_3m9dqpwx.tar 0s
PUT /tmp/ktest_ml-miscvm:lustre_mainline_native_3m9dqpwx.tar 0s
PUT /tmp/ktest_ml-miscvm:lustre_mainline_native_3m9dqpwx.tar 0s
PUT /tmp/ktest_ml-miscvm:lustre_mainline_native_3m9dqpwx.tar 1s
PUT /tmp/ktest_ml-miscvm:lustre_mainline_native_3m9dqpwx.tar 0s
PUT /tmp/ktest_ml-miscvm:lustre_mainline_native_3m9dqpwx.tar 1s
END ml-miscvm:boot run tests/fs/lustre/boot.ktest PASS 44s
END ml-miscvm:mgs-setup run tests/fs/lustre/mgs-setup.ktest PASS 55s
END ml-miscvm:sanity-3 run tests/fs/lustre/sanity/sanity-3.ktest PASS 83s
END ml-miscvm:llmount run tests/fs/lustre/llmount.ktest PASS 92s
END ml-miscvm:sanity-2 run tests/fs/lustre/sanity/sanity-2.ktest PASS 95s
END ml-miscvm:sanity-4 run tests/fs/lustre/sanity/sanity-4.ktest PASS 96s
END ml-miscvm:sanity-1 run tests/fs/lustre/sanity/sanity-1.ktest PASS 98s
END ml-miscvm:llog-unit run tests/fs/lustre/llog-unit.ktest FAIL 132s (exit code: 1)

============================================================
Final Results:
  checkpatch:checkpatch: FAIL (24s) (log: /var/www/ci-lustre/upstream-patch-review/427da027396e0fbb4ccda049f5a6f9cc6e6b52b8_checkpatch:checkpatch.log)
  u24:u24: PASS (50s) (log: /var/www/ci-lustre/upstream-patch-review/427da027396e0fbb4ccda049f5a6f9cc6e6b52b8_u24:u24.log)
  al2023:al2023: PASS (55s) (log: /var/www/ci-lustre/upstream-patch-review/427da027396e0fbb4ccda049f5a6f9cc6e6b52b8_al2023:al2023.log)
  ml-strict:lustre_mainline: FAIL (230s) (log: /var/www/ci-lustre/upstream-patch-review/427da027396e0fbb4ccda049f5a6f9cc6e6b52b8_ml-strict:lustre_mainline.log)
  ml:lustre_mainline: PASS (238s) (log: /var/www/ci-lustre/upstream-patch-review/427da027396e0fbb4ccda049f5a6f9cc6e6b52b8_ml:lustre_mainline.log)
  ml-miscvm:lustre_mainline_native: PASS (239s) (log: /var/www/ci-lustre/upstream-patch-review/427da027396e0fbb4ccda049f5a6f9cc6e6b52b8_ml-miscvm:lustre_mainline_native.log)
  ml-miscvm:boot: PASS (44s) (log: /var/www/ci-lustre/upstream-patch-review/427da027396e0fbb4ccda049f5a6f9cc6e6b52b8_ml-miscvm:boot.log)
  ml-miscvm:llmount: PASS (92s) (log: /var/www/ci-lustre/upstream-patch-review/427da027396e0fbb4ccda049f5a6f9cc6e6b52b8_ml-miscvm:llmount.log)
  ml-miscvm:llog-unit: FAIL (132s) (log: /var/www/ci-lustre/upstream-patch-review/427da027396e0fbb4ccda049f5a6f9cc6e6b52b8_ml-miscvm:llog-unit.log)
  ml-miscvm:mgs-setup: PASS (55s) (log: /var/www/ci-lustre/upstream-patch-review/427da027396e0fbb4ccda049f5a6f9cc6e6b52b8_ml-miscvm:mgs-setup.log)
  ml-miscvm:sanity-1: PASS (98s) (log: /var/www/ci-lustre/upstream-patch-review/427da027396e0fbb4ccda049f5a6f9cc6e6b52b8_ml-miscvm:sanity-1.log)
  ml-miscvm:sanity-2: PASS (95s) (log: /var/www/ci-lustre/upstream-patch-review/427da027396e0fbb4ccda049f5a6f9cc6e6b52b8_ml-miscvm:sanity-2.log)
  ml-miscvm:sanity-3: PASS (83s) (log: /var/www/ci-lustre/upstream-patch-review/427da027396e0fbb4ccda049f5a6f9cc6e6b52b8_ml-miscvm:sanity-3.log)
  ml-miscvm:sanity-4: PASS (96s) (log: /var/www/ci-lustre/upstream-patch-review/427da027396e0fbb4ccda049f5a6f9cc6e6b52b8_ml-miscvm:sanity-4.log)

Total execution time: 402s

Packed 1967 logs from /var/www/ci-lustre/upstream-patch-review into /home/ktest/ktest/local-site/local_data.js
Open /home/ktest/ktest/local-site/index.html in a browser
