WARNING:TYPO_SPELLING: 'superflous' may be misspelled - perhaps 'superfluous'?
#362: FILE: lustre/llite/vvp_io.c:1446:
+			 * a superflous page")
 			     ^^^^^^^^^^

WARNING:LONG_LINE_STRING: line length of 132 exceeds 100 columns
#658: FILE: lustre/lov/lov_io.c:283:
+		CERROR("%s:"DFID": cannot find known valid non-stale mirror, could be new server picked a mirror which this client "

WARNING:LONG_LINE_STRING: line length of 129 exceeds 100 columns
#760: FILE: lustre/lov/lov_io.c:509:
+			CERROR("%s:"DFID": no data component matching parity extent "DEXT" (parity mirror %u, data mirror %u)\n",

WARNING:LONG_LINE_STRING: line length of 108 exceeds 100 columns
#979: FILE: lustre/lov/lov_io.c:1491:
+				CDEBUG(D_INFO, DFID": stripe %u in comp %d is unavailable (%d): rc = %ld\n",

WARNING:LONG_LINE_STRING: line length of 107 exceeds 100 columns
#989: FILE: lustre/lov/lov_io.c:1501:
+				CDEBUG(D_INFO, DFID": stripe %u in comp %d is unavailable (%d): rc = %d\n",

WARNING:LONG_LINE_STRING: line length of 101 exceeds 100 columns
#1024: FILE: lustre/lov/lov_io.c:1536:
+		CWARN("%s: "DFID": failed to find valid parity mirror for data mirror %d: rc = %d\n",

WARNING:LONG_LINE_STRING: line length of 107 exceeds 100 columns
#1057: FILE: lustre/lov/lov_io.c:1569:
+			CWARN("%s: "DFID": too few parity (%d) components to recover data (%d): rc = %d\n",

WARNING:LONG_LINE_STRING: line length of 121 exceeds 100 columns
#1838: FILE: lustre/lov/lov_io.c:2431:
+		CWARN("%s: "DFID": failed to find valid data component covering file offset %llu, mirror: %d: rc = %d\n",

WARNING:LONG_LINE_STRING: line length of 101 exceeds 100 columns
#1846: FILE: lustre/lov/lov_io.c:2439:
+		CWARN("%s: "DFID": failed to find valid parity mirror for data mirror %d: rc = %d\n",

WARNING:LONG_LINE_STRING: line length of 131 exceeds 100 columns
#1931: FILE: lustre/lov/lov_io.c:2524:
+			CWARN("%s: "DFID": failed to find valid parity component covering file offset %llu, mirror: %d: rc = %d\n",

WARNING:LONG_LINE_STRING: line length of 127 exceeds 100 columns
#1961: FILE: lustre/lov/lov_io.c:2554:
+	CDEBUG(D_INODE, DFID": ec read comp %d err_nr %d (dcount %d pcount %d) from %llu to %llu, RGs %lu pgs_per_stripe %d\n",

WARNING:LONG_LINE_STRING: line length of 124 exceeds 100 columns
#2077: FILE: lustre/lov/lov_io.c:2670:
+			CWARN("%s: "DFID": too many unrecoverable stripes in raid set %d: err_nr %d > pcount %d: rc = %d\n",

WARNING:BLOCK_COMMENT_STYLE: Block comments use a trailing */ on a separate line
#2139: FILE: lustre/lov/lov_io.c:2732:
+			 * fine to reuse it in the per-page error array below. */

WARNING:LONG_LINE_STRING: line length of 101 exceeds 100 columns
#2585: FILE: lustre/lov/lov_lock.c:289:
+			CDEBUG(D_INFO, DFID" to enqueue lock "DDESCR" for ec read on sub_index %x\n",

total: 0 errors, 14 warnings, 2988 lines checked

NOTE: For some of the reported defects, checkpatch may be able to
      mechanically convert to the typical style using --fix or --fix-inplace.

Your patch has style problems, please review.

NOTE: If any of the errors are false positives, please report
      them to the maintainer, see CHECKPATCH in MAINTAINERS.
