CLI: ./pk --podman-socket unix:///run/user/1000/podman/podman.sock --shared-filesystem /tmp --tarball-input job lustre-ci --output /var/www/ci-lustre/upstream-patch-review --git-hash 431ae1c7d884531cb71410b6b282893f2dd1a2a4 --change-id 68163_431ae1c7d884531cb71410b6b282893f2dd1a2a4 --subject LU-20613 llapi: ZFS backend for llapi_scan_device

Environment validated successfully
Note: custom LLVM is not synced in tarball input mode
Creating kernel tarball at /tmp/ktest-kernel.tar.gz...
Creating lustre tarball at /tmp/ktest-lustre.tar.gz...
Creating ZFS tarball at /tmp/ktest-zfs.tar.gz...
Executing 14 jobs
Jobs will start as soon as their dependencies are satisfied
Using tarball input mode

START ml-strict:lustre_mainline build tests/fs/lustre/boot-strict.ktest
START u24:u24 build tests/fs/lustre/boot.ktest
START checkpatch:checkpatch tool checkpatch
START ml:lustre_mainline build tests/fs/lustre/boot.ktest
START al2023:al2023 build tests/fs/lustre/boot.ktest
START ml-miscvm:lustre_mainline_native build tests/fs/lustre/boot.ktest
PUT /tmp/ktest-lustre.tar.gz 1s
PUT /tmp/ktest-lustre.tar.gz 1s
PUT /tmp/ktest-kernel.tar.gz 8s
PUT /tmp/ktest-kernel.tar.gz 8s
PUT /tmp/ktest-kernel.tar.gz 9s
PUT /tmp/ktest-kernel.tar.gz 9s
PUT /tmp/ktest-lustre.tar.gz 2s
PUT /tmp/ktest-lustre.tar.gz 2s
PUT /tmp/ktest-lustre.tar.gz 2s
PUT /tmp/ktest-lustre.tar.gz 2s
PUT /tmp/ktest-zfs.tar.gz 0s
PUT /tmp/ktest-zfs.tar.gz 0s
PUT /tmp/ktest-zfs.tar.gz 0s
END checkpatch:checkpatch tool checkpatch FAIL 15s (exit code: 1)
END u24:u24 build tests/fs/lustre/boot.ktest PASS 41s
END al2023:al2023 build tests/fs/lustre/boot.ktest PASS 46s
GET /tmp/ktest_ml-miscvm:lustre_mainline_native_omlyth2y.tar 0s
END ml-miscvm:lustre_mainline_native build tests/fs/lustre/boot.ktest PASS 159s
START ml-miscvm:boot run tests/fs/lustre/boot.ktest
START ml-miscvm:llmount run tests/fs/lustre/llmount.ktest
START ml-miscvm:llog-unit run tests/fs/lustre/llog-unit.ktest
START ml-miscvm:mgs-setup run tests/fs/lustre/mgs-setup.ktest
START ml-miscvm:sanity-1 run tests/fs/lustre/sanity/sanity-1.ktest
START ml-miscvm:sanity-2 run tests/fs/lustre/sanity/sanity-2.ktest
START ml-miscvm:sanity-3 run tests/fs/lustre/sanity/sanity-3.ktest
START ml-miscvm:sanity-4 run tests/fs/lustre/sanity/sanity-4.ktest
GET /tmp/ktest_ml-strict:lustre_mainline_iih2tnyw.tar 6s
END ml-strict:lustre_mainline build tests/fs/lustre/boot-strict.ktest FAIL 210s (exit code: 1)
PUT /tmp/ktest-kernel.tar.gz 51s
PUT /tmp/ktest-kernel.tar.gz 51s
PUT /tmp/ktest-kernel.tar.gz 51s
PUT /tmp/ktest-kernel.tar.gz 52s
PUT /tmp/ktest-kernel.tar.gz 52s
PUT /tmp/ktest-kernel.tar.gz 52s
PUT /tmp/ktest-kernel.tar.gz 52s
PUT /tmp/ktest-kernel.tar.gz 53s
GET /tmp/ktest_ml:lustre_mainline_hws3hdcr.tar 14s
PUT /tmp/ktest-lustre.tar.gz 13s
PUT /tmp/ktest-lustre.tar.gz 13s
PUT /tmp/ktest-lustre.tar.gz 13s
PUT /tmp/ktest-lustre.tar.gz 13s
PUT /tmp/ktest-lustre.tar.gz 13s
PUT /tmp/ktest-lustre.tar.gz 13s
PUT /tmp/ktest-lustre.tar.gz 12s
PUT /tmp/ktest-lustre.tar.gz 14s
END ml:lustre_mainline build tests/fs/lustre/boot.ktest PASS 226s
PUT /tmp/ktest_ml-miscvm:lustre_mainline_native_omlyth2y.tar 4s
PUT /tmp/ktest_ml-miscvm:lustre_mainline_native_omlyth2y.tar 4s
PUT /tmp/ktest_ml-miscvm:lustre_mainline_native_omlyth2y.tar 4s
PUT /tmp/ktest_ml-miscvm:lustre_mainline_native_omlyth2y.tar 4s
PUT /tmp/ktest_ml-miscvm:lustre_mainline_native_omlyth2y.tar 4s
PUT /tmp/ktest_ml-miscvm:lustre_mainline_native_omlyth2y.tar 4s
PUT /tmp/ktest_ml-miscvm:lustre_mainline_native_omlyth2y.tar 4s
PUT /tmp/ktest_ml-miscvm:lustre_mainline_native_omlyth2y.tar 4s
END ml-miscvm:boot run tests/fs/lustre/boot.ktest PASS 84s
END ml-miscvm:mgs-setup run tests/fs/lustre/mgs-setup.ktest PASS 92s
END ml-miscvm:sanity-2 run tests/fs/lustre/sanity/sanity-2.ktest PASS 122s
END ml-miscvm:sanity-3 run tests/fs/lustre/sanity/sanity-3.ktest PASS 124s
END ml-miscvm:sanity-1 run tests/fs/lustre/sanity/sanity-1.ktest PASS 125s
END ml-miscvm:llmount run tests/fs/lustre/llmount.ktest PASS 131s
END ml-miscvm:sanity-4 run tests/fs/lustre/sanity/sanity-4.ktest PASS 132s
END ml-miscvm:llog-unit run tests/fs/lustre/llog-unit.ktest FAIL 168s (exit code: 1)

============================================================
Final Results:
  checkpatch:checkpatch: FAIL (15s) (log: /var/www/ci-lustre/upstream-patch-review/431ae1c7d884531cb71410b6b282893f2dd1a2a4_checkpatch:checkpatch.log)
  u24:u24: PASS (41s) (log: /var/www/ci-lustre/upstream-patch-review/431ae1c7d884531cb71410b6b282893f2dd1a2a4_u24:u24.log)
  al2023:al2023: PASS (46s) (log: /var/www/ci-lustre/upstream-patch-review/431ae1c7d884531cb71410b6b282893f2dd1a2a4_al2023:al2023.log)
  ml-strict:lustre_mainline: FAIL (210s) (log: /var/www/ci-lustre/upstream-patch-review/431ae1c7d884531cb71410b6b282893f2dd1a2a4_ml-strict:lustre_mainline.log)
  ml:lustre_mainline: PASS (226s) (log: /var/www/ci-lustre/upstream-patch-review/431ae1c7d884531cb71410b6b282893f2dd1a2a4_ml:lustre_mainline.log)
  ml-miscvm:lustre_mainline_native: PASS (159s) (log: /var/www/ci-lustre/upstream-patch-review/431ae1c7d884531cb71410b6b282893f2dd1a2a4_ml-miscvm:lustre_mainline_native.log)
  ml-miscvm:boot: PASS (84s) (log: /var/www/ci-lustre/upstream-patch-review/431ae1c7d884531cb71410b6b282893f2dd1a2a4_ml-miscvm:boot.log)
  ml-miscvm:llmount: PASS (131s) (log: /var/www/ci-lustre/upstream-patch-review/431ae1c7d884531cb71410b6b282893f2dd1a2a4_ml-miscvm:llmount.log)
  ml-miscvm:llog-unit: FAIL (168s) (log: /var/www/ci-lustre/upstream-patch-review/431ae1c7d884531cb71410b6b282893f2dd1a2a4_ml-miscvm:llog-unit.log)
  ml-miscvm:mgs-setup: PASS (92s) (log: /var/www/ci-lustre/upstream-patch-review/431ae1c7d884531cb71410b6b282893f2dd1a2a4_ml-miscvm:mgs-setup.log)
  ml-miscvm:sanity-1: PASS (125s) (log: /var/www/ci-lustre/upstream-patch-review/431ae1c7d884531cb71410b6b282893f2dd1a2a4_ml-miscvm:sanity-1.log)
  ml-miscvm:sanity-2: PASS (122s) (log: /var/www/ci-lustre/upstream-patch-review/431ae1c7d884531cb71410b6b282893f2dd1a2a4_ml-miscvm:sanity-2.log)
  ml-miscvm:sanity-3: PASS (124s) (log: /var/www/ci-lustre/upstream-patch-review/431ae1c7d884531cb71410b6b282893f2dd1a2a4_ml-miscvm:sanity-3.log)
  ml-miscvm:sanity-4: PASS (132s) (log: /var/www/ci-lustre/upstream-patch-review/431ae1c7d884531cb71410b6b282893f2dd1a2a4_ml-miscvm:sanity-4.log)

Total execution time: 358s

Packed 4626 logs from /var/www/ci-lustre/upstream-patch-review into /home/ktest/ktest/local-site/local_data.js
Open /home/ktest/ktest/local-site/index.html in a browser
