CLI: ./pk --podman-socket unix:///run/podman/podman.sock --shared-filesystem /tmp --tarball-input job distro --output /var/www/ci-lustre/upstream-patch-review --git-hash 4322543e7e2814ea25420426ab24540dca76cbf7_distro --change-id master_4322543e7e2814ea25420426ab24540dca76cbf7_distro --subject [distro] Main development branch

Environment validated successfully
Note: custom LLVM is not synced in tarball input mode
Creating lustre tarball at /tmp/ktest-lustre.tar.gz...
Creating ZFS tarball at /tmp/ktest-zfs.tar.gz...
Executing 21 jobs
Jobs will start as soon as their dependencies are satisfied
Using tarball input mode

START al2:al2 build tests/fs/lustre/boot.ktest
START al2023-dkms:al2023-dkms
START u26-pkg:u26-pkg package tests/fs/lustre/boot.ktest
START rocky10:rocky10 build tests/fs/lustre/boot.ktest
START rocky10-dkms:rocky10-dkms
START u24-dkms:u24-dkms
START al2023-pkg:al2023-pkg package tests/fs/lustre/boot.ktest
START rocky10-pkg:rocky10-pkg package tests/fs/lustre/boot.ktest
START u26-dkms:u26-dkms
START rocky8-dkms:rocky8-dkms
START al2-pkg:al2-pkg package tests/fs/lustre/boot.ktest
START u24-pkg:u24-pkg package tests/fs/lustre/boot.ktest
START rocky9-pkg:rocky9-pkg package tests/fs/lustre/boot.ktest
START u26:u26 build tests/fs/lustre/boot.ktest
START al2023:al2023 build tests/fs/lustre/boot.ktest
START rocky8-pkg:rocky8-pkg package tests/fs/lustre/boot.ktest
START u24:u24 build tests/fs/lustre/boot.ktest
START rocky9:rocky9 build tests/fs/lustre/boot.ktest
START rocky9-dkms:rocky9-dkms
START al2-dkms:al2-dkms
START rocky8:rocky8 build tests/fs/lustre/boot.ktest
PUT /tmp/ktest-lustre.tar.gz 1s
PUT /tmp/ktest-lustre.tar.gz 1s
PUT /tmp/ktest-lustre.tar.gz 1s
PUT /tmp/ktest-lustre.tar.gz 1s
PUT /tmp/ktest-lustre.tar.gz 1s
PUT /tmp/ktest-lustre.tar.gz 1s
PUT /tmp/ktest-lustre.tar.gz 1s
PUT /tmp/ktest-lustre.tar.gz 1s
PUT /tmp/ktest-lustre.tar.gz 1s
PUT /tmp/ktest-lustre.tar.gz 1s
END al2023-pkg:al2023-pkg package tests/fs/lustre/boot.ktest FAIL 54s (exit code: 2)
PUT /tmp/ktest-lustre.tar.gz 1s
END al2:al2 build tests/fs/lustre/boot.ktest FAIL 63s (exit code: 2)
PUT /tmp/ktest-lustre.tar.gz 1s
END rocky8-dkms:rocky8-dkms dkms tests/fs/lustre/boot.ktest PASS 94s
PUT /tmp/ktest-lustre.tar.gz 1s
END rocky10-dkms:rocky10-dkms dkms tests/fs/lustre/boot.ktest PASS 102s
PUT /tmp/ktest-lustre.tar.gz 1s
END al2-pkg:al2-pkg package tests/fs/lustre/boot.ktest FAIL 62s (exit code: 2)
PUT /tmp/ktest-lustre.tar.gz 2s
END al2023-dkms:al2023-dkms dkms tests/fs/lustre/boot.ktest PASS 121s
PUT /tmp/ktest-lustre.tar.gz 1s
END u24-dkms:u24-dkms dkms tests/fs/lustre/boot.ktest FAIL 124s (exit code: 2)
PUT /tmp/ktest-lustre.tar.gz 1s
END rocky10:rocky10 build tests/fs/lustre/boot.ktest PASS 133s
PUT /tmp/ktest-lustre.tar.gz 1s
END u26-dkms:u26-dkms dkms tests/fs/lustre/boot.ktest FAIL 153s (exit code: 2)
PUT /tmp/ktest-lustre.tar.gz 2s
END u26:u26 build tests/fs/lustre/boot.ktest PASS 141s
PUT /tmp/ktest-lustre.tar.gz 2s
END u24:u24 build tests/fs/lustre/boot.ktest PASS 132s
PUT /tmp/ktest-lustre.tar.gz 2s
END al2023:al2023 build tests/fs/lustre/boot.ktest PASS 145s
END rocky9-dkms:rocky9-dkms dkms tests/fs/lustre/boot.ktest PASS 110s
END rocky10-pkg:rocky10-pkg package tests/fs/lustre/boot.ktest PASS 288s
END rocky9:rocky9 build tests/fs/lustre/boot.ktest PASS 155s
END rocky8:rocky8 build tests/fs/lustre/boot.ktest PASS 49s
END al2-dkms:al2-dkms dkms tests/fs/lustre/boot.ktest PASS 72s
END rocky8-pkg:rocky8-pkg package tests/fs/lustre/boot.ktest PASS 214s
END rocky9-pkg:rocky9-pkg package tests/fs/lustre/boot.ktest PASS 245s
END u26-pkg:u26-pkg package tests/fs/lustre/boot.ktest PASS 347s
END u24-pkg:u24-pkg package tests/fs/lustre/boot.ktest PASS 311s

============================================================
Final Results:
  al2:al2: FAIL (63s) (log: /var/www/ci-lustre/upstream-patch-review/4322543e7e2814ea25420426ab24540dca76cbf7_distro_al2:al2.log)
  al2-pkg:al2-pkg: FAIL (62s) (log: /var/www/ci-lustre/upstream-patch-review/4322543e7e2814ea25420426ab24540dca76cbf7_distro_al2-pkg:al2-pkg.log)
  al2-dkms:al2-dkms: PASS (72s) (log: /var/www/ci-lustre/upstream-patch-review/4322543e7e2814ea25420426ab24540dca76cbf7_distro_al2-dkms:al2-dkms.log)
  al2023:al2023: PASS (145s) (log: /var/www/ci-lustre/upstream-patch-review/4322543e7e2814ea25420426ab24540dca76cbf7_distro_al2023:al2023.log)
  al2023-pkg:al2023-pkg: FAIL (54s) (log: /var/www/ci-lustre/upstream-patch-review/4322543e7e2814ea25420426ab24540dca76cbf7_distro_al2023-pkg:al2023-pkg.log)
  al2023-dkms:al2023-dkms: PASS (121s) (log: /var/www/ci-lustre/upstream-patch-review/4322543e7e2814ea25420426ab24540dca76cbf7_distro_al2023-dkms:al2023-dkms.log)
  rocky8:rocky8: PASS (49s) (log: /var/www/ci-lustre/upstream-patch-review/4322543e7e2814ea25420426ab24540dca76cbf7_distro_rocky8:rocky8.log)
  rocky8-pkg:rocky8-pkg: PASS (214s) (log: /var/www/ci-lustre/upstream-patch-review/4322543e7e2814ea25420426ab24540dca76cbf7_distro_rocky8-pkg:rocky8-pkg.log)
  rocky8-dkms:rocky8-dkms: PASS (94s) (log: /var/www/ci-lustre/upstream-patch-review/4322543e7e2814ea25420426ab24540dca76cbf7_distro_rocky8-dkms:rocky8-dkms.log)
  rocky9:rocky9: PASS (155s) (log: /var/www/ci-lustre/upstream-patch-review/4322543e7e2814ea25420426ab24540dca76cbf7_distro_rocky9:rocky9.log)
  rocky9-pkg:rocky9-pkg: PASS (245s) (log: /var/www/ci-lustre/upstream-patch-review/4322543e7e2814ea25420426ab24540dca76cbf7_distro_rocky9-pkg:rocky9-pkg.log)
  rocky9-dkms:rocky9-dkms: PASS (110s) (log: /var/www/ci-lustre/upstream-patch-review/4322543e7e2814ea25420426ab24540dca76cbf7_distro_rocky9-dkms:rocky9-dkms.log)
  rocky10:rocky10: PASS (133s) (log: /var/www/ci-lustre/upstream-patch-review/4322543e7e2814ea25420426ab24540dca76cbf7_distro_rocky10:rocky10.log)
  rocky10-pkg:rocky10-pkg: PASS (288s) (log: /var/www/ci-lustre/upstream-patch-review/4322543e7e2814ea25420426ab24540dca76cbf7_distro_rocky10-pkg:rocky10-pkg.log)
  rocky10-dkms:rocky10-dkms: PASS (102s) (log: /var/www/ci-lustre/upstream-patch-review/4322543e7e2814ea25420426ab24540dca76cbf7_distro_rocky10-dkms:rocky10-dkms.log)
  u24:u24: PASS (132s) (log: /var/www/ci-lustre/upstream-patch-review/4322543e7e2814ea25420426ab24540dca76cbf7_distro_u24:u24.log)
  u24-pkg:u24-pkg: PASS (311s) (log: /var/www/ci-lustre/upstream-patch-review/4322543e7e2814ea25420426ab24540dca76cbf7_distro_u24-pkg:u24-pkg.log)
  u24-dkms:u24-dkms: FAIL (124s) (log: /var/www/ci-lustre/upstream-patch-review/4322543e7e2814ea25420426ab24540dca76cbf7_distro_u24-dkms:u24-dkms.log)
  u26:u26: PASS (141s) (log: /var/www/ci-lustre/upstream-patch-review/4322543e7e2814ea25420426ab24540dca76cbf7_distro_u26:u26.log)
  u26-pkg:u26-pkg: PASS (347s) (log: /var/www/ci-lustre/upstream-patch-review/4322543e7e2814ea25420426ab24540dca76cbf7_distro_u26-pkg:u26-pkg.log)
  u26-dkms:u26-dkms: FAIL (153s) (log: /var/www/ci-lustre/upstream-patch-review/4322543e7e2814ea25420426ab24540dca76cbf7_distro_u26-dkms:u26-dkms.log)

Total execution time: 382s

Packed 41 logs from /var/www/ci-lustre/upstream-patch-review into /home/ktest/ktest/local-site/local_data.js
Open /home/ktest/ktest/local-site/index.html in a browser
