CLI: ./pk --podman-socket unix:///run/podman/podman.sock --shared-filesystem /tmp --tarball-input job mainline-zfs --output /var/www/ci-lustre/upstream-patch-review --git-hash 4322543e7e2814ea25420426ab24540dca76cbf7_mainline-zfs --change-id master_4322543e7e2814ea25420426ab24540dca76cbf7_mainline-zfs --subject [mainline-zfs] Main development branch

Environment validated successfully
Note: custom LLVM is not synced in tarball input mode
Creating kernel tarball at /tmp/ktest-kernel.tar.gz...
Creating lustre tarball at /tmp/ktest-lustre.tar.gz...
Creating ZFS tarball at /tmp/ktest-zfs.tar.gz...
Executing 11 jobs
Jobs will start as soon as their dependencies are satisfied
Using tarball input mode

START ml-zfs-llmount:lustre_mainline build tests/fs/lustre/llmount.ktest
START ml-zfs-miscvm:lustre_mainline_native build tests/fs/lustre/boot.ktest
PUT /tmp/ktest-kernel.tar.gz 5s
PUT /tmp/ktest-kernel.tar.gz 5s
PUT /tmp/ktest-lustre.tar.gz 0s
PUT /tmp/ktest-lustre.tar.gz 0s
PUT /tmp/ktest-zfs.tar.gz 0s
PUT /tmp/ktest-zfs.tar.gz 0s
GET /tmp/ktest_ml-zfs-llmount:lustre_mainline_jqevkkkk.tar 0s
GET /tmp/ktest_ml-zfs-miscvm:lustre_mainline_native_ykp2vtj1.tar 0s
END ml-zfs-llmount:lustre_mainline build tests/fs/lustre/llmount.ktest PASS 183s
START ml-zfs-llmount:boot run tests/fs/lustre/llmount.ktest
END ml-zfs-miscvm:lustre_mainline_native build tests/fs/lustre/boot.ktest PASS 184s
START ml-zfs-miscvm:boot run tests/fs/lustre/boot.ktest
START ml-zfs-miscvm:llmount run tests/fs/lustre/llmount.ktest
START ml-zfs-miscvm:llog-unit run tests/fs/lustre/llog-unit.ktest
START ml-zfs-miscvm:mgs-setup run tests/fs/lustre/mgs-setup.ktest
START ml-zfs-miscvm:sanity-1 run tests/fs/lustre/sanity/sanity-1.ktest
START ml-zfs-miscvm:sanity-2 run tests/fs/lustre/sanity/sanity-2.ktest
START ml-zfs-miscvm:sanity-3 run tests/fs/lustre/sanity/sanity-3.ktest
START ml-zfs-miscvm:sanity-4 run tests/fs/lustre/sanity/sanity-4.ktest
PUT /tmp/ktest-kernel.tar.gz 16s
PUT /tmp/ktest-kernel.tar.gz 16s
PUT /tmp/ktest-kernel.tar.gz 16s
PUT /tmp/ktest-kernel.tar.gz 16s
PUT /tmp/ktest-kernel.tar.gz 17s
PUT /tmp/ktest-kernel.tar.gz 17s
PUT /tmp/ktest-kernel.tar.gz 17s
PUT /tmp/ktest-kernel.tar.gz 17s
PUT /tmp/ktest-kernel.tar.gz 17s
PUT /tmp/ktest-lustre.tar.gz 3s
PUT /tmp/ktest-lustre.tar.gz 4s
PUT /tmp/ktest-lustre.tar.gz 4s
PUT /tmp/ktest-lustre.tar.gz 3s
PUT /tmp/ktest-lustre.tar.gz 4s
PUT /tmp/ktest-lustre.tar.gz 4s
PUT /tmp/ktest-lustre.tar.gz 4s
PUT /tmp/ktest-lustre.tar.gz 4s
PUT /tmp/ktest-lustre.tar.gz 4s
PUT /tmp/ktest_ml-zfs-llmount:lustre_mainline_jqevkkkk.tar 0s
PUT /tmp/ktest_ml-zfs-miscvm:lustre_mainline_native_ykp2vtj1.tar 0s
PUT /tmp/ktest_ml-zfs-miscvm:lustre_mainline_native_ykp2vtj1.tar 0s
PUT /tmp/ktest_ml-zfs-miscvm:lustre_mainline_native_ykp2vtj1.tar 0s
PUT /tmp/ktest_ml-zfs-miscvm:lustre_mainline_native_ykp2vtj1.tar 0s
PUT /tmp/ktest_ml-zfs-miscvm:lustre_mainline_native_ykp2vtj1.tar 0s
PUT /tmp/ktest_ml-zfs-miscvm:lustre_mainline_native_ykp2vtj1.tar 0s
PUT /tmp/ktest_ml-zfs-miscvm:lustre_mainline_native_ykp2vtj1.tar 0s
PUT /tmp/ktest_ml-zfs-miscvm:lustre_mainline_native_ykp2vtj1.tar 0s
END ml-zfs-miscvm:boot run tests/fs/lustre/boot.ktest PASS 35s
END ml-zfs-miscvm:mgs-setup run tests/fs/lustre/mgs-setup.ktest PASS 42s
END ml-zfs-miscvm:sanity-3 run tests/fs/lustre/sanity/sanity-3.ktest PASS 68s
END ml-zfs-miscvm:sanity-4 run tests/fs/lustre/sanity/sanity-4.ktest PASS 69s
END ml-zfs-miscvm:sanity-1 run tests/fs/lustre/sanity/sanity-1.ktest PASS 80s
END ml-zfs-miscvm:sanity-2 run tests/fs/lustre/sanity/sanity-2.ktest PASS 85s
END ml-zfs-miscvm:llmount run tests/fs/lustre/llmount.ktest PASS 88s
END ml-zfs-llmount:boot run tests/fs/lustre/llmount.ktest PASS 93s
END ml-zfs-miscvm:llog-unit run tests/fs/lustre/llog-unit.ktest FAIL 264s (exit code: 1)

============================================================
Final Results:
  ml-zfs-llmount:lustre_mainline: PASS (183s) (log: /var/www/ci-lustre/upstream-patch-review/4322543e7e2814ea25420426ab24540dca76cbf7_mainline-zfs_ml-zfs-llmount:lustre_mainline.log)
  ml-zfs-llmount:boot: PASS (93s) (log: /var/www/ci-lustre/upstream-patch-review/4322543e7e2814ea25420426ab24540dca76cbf7_mainline-zfs_ml-zfs-llmount:boot.log)
  ml-zfs-miscvm:lustre_mainline_native: PASS (184s) (log: /var/www/ci-lustre/upstream-patch-review/4322543e7e2814ea25420426ab24540dca76cbf7_mainline-zfs_ml-zfs-miscvm:lustre_mainline_native.log)
  ml-zfs-miscvm:boot: PASS (35s) (log: /var/www/ci-lustre/upstream-patch-review/4322543e7e2814ea25420426ab24540dca76cbf7_mainline-zfs_ml-zfs-miscvm:boot.log)
  ml-zfs-miscvm:llmount: PASS (88s) (log: /var/www/ci-lustre/upstream-patch-review/4322543e7e2814ea25420426ab24540dca76cbf7_mainline-zfs_ml-zfs-miscvm:llmount.log)
  ml-zfs-miscvm:llog-unit: FAIL (264s) (log: /var/www/ci-lustre/upstream-patch-review/4322543e7e2814ea25420426ab24540dca76cbf7_mainline-zfs_ml-zfs-miscvm:llog-unit.log)
  ml-zfs-miscvm:mgs-setup: PASS (42s) (log: /var/www/ci-lustre/upstream-patch-review/4322543e7e2814ea25420426ab24540dca76cbf7_mainline-zfs_ml-zfs-miscvm:mgs-setup.log)
  ml-zfs-miscvm:sanity-1: PASS (80s) (log: /var/www/ci-lustre/upstream-patch-review/4322543e7e2814ea25420426ab24540dca76cbf7_mainline-zfs_ml-zfs-miscvm:sanity-1.log)
  ml-zfs-miscvm:sanity-2: PASS (85s) (log: /var/www/ci-lustre/upstream-patch-review/4322543e7e2814ea25420426ab24540dca76cbf7_mainline-zfs_ml-zfs-miscvm:sanity-2.log)
  ml-zfs-miscvm:sanity-3: PASS (68s) (log: /var/www/ci-lustre/upstream-patch-review/4322543e7e2814ea25420426ab24540dca76cbf7_mainline-zfs_ml-zfs-miscvm:sanity-3.log)
  ml-zfs-miscvm:sanity-4: PASS (69s) (log: /var/www/ci-lustre/upstream-patch-review/4322543e7e2814ea25420426ab24540dca76cbf7_mainline-zfs_ml-zfs-miscvm:sanity-4.log)

Total execution time: 478s

Packed 65 logs from /var/www/ci-lustre/upstream-patch-review into /home/ktest/ktest/local-site/local_data.js
Open /home/ktest/ktest/local-site/index.html in a browser
