00003 
00013 RDSEED32 is broken. Disabling the corresponding CPUID bit.
00017 init: failed to load nvme_core
00017 init: failed to load nvme
00017 init: failed to load zfs
00018 LNetError: 1:0:(lib-socket.c:619:lnet_inet_enumerate()) lnet: Can't find any usable interfaces, rc = -ENOENT
00018 LNetError: Error -100 starting up LNI tcp
00019 LustreError: 1:0:(events.c:627:ptlrpc_init_portals()) network initialisation failed: rc = -100
00019 init: finit_module /lib/modules/7.0.0-ktest-43795f2-6330a45-20260728-dirty/updates/ptlrpc.ko: Network is down
00019 init: failed to load lustre
00019 init: failed to load osd_zfs
00019 init: failed to load iwlwifi
00019 init: failed to load iwlmvm
00019 init: failed to load mt7921e
00019 init: failed to load i915
00019 init: failed to load nouveau
00031 tlp: vm.laptop_mode is deprecated. Ignoring setting.
00031 Kernel version: 7.0.0-ktest-43795f2-6330a45-20260728-dirty
00032 hook init_noop
00032 
00032 Running tests llog-unit
00032 
00032 ========= TEST   llog-unit
00032 /host/home/ktest/git/lustre-release/lustre/tests/test-framework.sh: line 6933: cd: HOME not set
00032 /host/home/ktest/git/lustre-release/lustre/tests/test-framework.sh: line 6933: cd: HOME not set
00032 /host/home/ktest/git/lustre-release/lustre/tests/test-framework.sh: line 6933: cd: HOME not set
00036 MGS_OS_VERSION_ID=24.04
00036 MGS_OS_ID=ubuntu
00036 MGS_OS_VERSION_CODE=402915328
00036 MGS_OS_ID_LIKE=debian ubuntu
00036 MDS1_OS_ID=ubuntu
00036 MDS1_OS_VERSION_CODE=402915328
00036 MDS1_OS_ID_LIKE=debian ubuntu
00036 MDS1_OS_VERSION_ID=24.04
00036 OST1_OS_VERSION_ID=24.04
00036 OST1_OS_VERSION_CODE=402915328
00036 OST1_OS_ID=ubuntu
00036 OST1_OS_ID_LIKE=debian ubuntu
00036 CLIENT_OS_VERSION_ID=24.04
00036 CLIENT_OS_ID_LIKE=debian ubuntu
00036 CLIENT_OS_ID=ubuntu
00036 CLIENT_OS_VERSION_CODE=402915328
00037 Loading modules from /host/home/ktest/git/lustre-release/lustre
00037 detected 16 online CPUs by sysfs
00037 MODOPTS_LIBCFS=
00037 libcfs will create CPU partition based on online CPUs
00037 LNet: Added LNI 10.0.2.15@tcp [8/256/0/180]
00038 gss/krb5 is not supported
00038 Lustre: Echo OBD driver; http://www.lustre.org/
00039 
00039 
00064 Lustre: 2176:0:(llog_test.c:1095:llog_test_7()) 7c: test llog_setattr64_rec
00064 ------------[ cut here ]------------
00064 WARNING: /home/ktest/git/linux/include/linux/fs.h:889 at osd_create+0x9cf/0xcf0 [osd_wbcfs], CPU#2: lctl/2176
00064 Modules linked in: llog_test(O) mgs(O) osd_wbcfs(O) lustre(O) obdecho(O) mgc(O) mdc(O) lov(O) osc(O) lmv(O) ec(O) fid(O) fld(O) ptlrpc(O) efivarfs obdclass(O) ksocklnd(O) lnet(O) libcfs(O)
00064 CPU: 2 UID: 0 PID: 2176 Comm: lctl Tainted: G        W  O        7.0.0-ktest-43795f2-6330a45-20260728-dirty #1 PREEMPT 
00064 Tainted: [W]=WARN, [O]=OOT_MODULE
00064 Hardware name: QEMU Standard PC (Q35 + ICH9, 2009), BIOS 2025.11-3ubuntu7 03/31/2026
00064 RIP: 0010:osd_create+0x9cf/0xcf0 [osd_wbcfs]
00064 Code: c7 c7 00 d6 af a1 48 c7 c6 a0 82 77 a1 48 c7 c2 00 8c 77 a1 e8 52 f1 43 ff 48 c7 c7 00 d6 af a1 e8 46 81 44 ff e9 fe fc ff ff <0f> 0b e9 a5 fa ff ff 48 c7 c1 80 44 5d a0 80 e1 07 80 c1 03 38 c1
00064 RSP: 0018:ffffc90001eb76e8 EFLAGS: 00010246
00064 RAX: 0000000000000000 RBX: ffff888197747400 RCX: 0000000000000046
00064 RDX: 0000000000000000 RSI: ffff8881988a42a8 RDI: ffff88819b5d4b18
00064 RBP: ffff8881988a4218 R08: ffffffff83a16803 R09: 1ffffffff0742d00
00064 R10: dffffc0000000000 R11: fffffbfff0742d01 R12: ffff88817cb98000
00064 R13: dffffc0000000000 R14: 1ffff11032ee8e80 R15: 1ffff1102f97300f
00064 FS:  00007fa9ee237940(0000) GS:ffff88831e52d000(0000) knlGS:0000000000000000
00064 CS:  0010 DS: 0000 ES: 0000 CR0: 0000000080050033
00064 CR2: 0000563b53d767b0 CR3: 000000018d31f000 CR4: 0000000000750eb0
00064 PKRU: 55555554
00064 Call Trace:
00064  <TASK>
00064  ? local_object_create+0x109/0x640 [obdclass]
00064  ? dt_write_lock+0x16d/0x2a0 [obdclass]
00064  ? llog_osd_create+0x356/0x10d0 [obdclass]
00064  ? llog_create+0x2ed/0x530 [obdclass]
00064  ? llog_open_create+0x6e7/0xb30 [obdclass]
00064  ? llog_test_7_sub+0xea/0x1250 [llog_test]
00064  ? llog_test_7+0x4a4/0xf50 [llog_test]
00064  ? llog_run_tests+0x3614/0x5ac0 [llog_test]
00064  ? get_random_u32+0x51/0x470
00064  ? llog_test_device_init+0x6e8/0xa20 [llog_test]
00064  ? obd_setup+0x54d/0x950 [obdclass]
00064  ? class_setup+0xc7d/0x10e0 [obdclass]
00064  ? class_process_config+0x2edb/0x7cb0 [obdclass]
00064  ? class_handle_ioctl+0x2055/0x3590 [obdclass]
00064  ? obd_class_ioctl+0x1f6/0x3c0 [obdclass]
00064  ? __x64_sys_ioctl+0x961/0xe00
00064  ? _copy_to_user+0x3d/0x60
00064  ? __x64_sys_rt_sigaction+0x107/0x140
00064  ? do_syscall_64+0xc1/0x350
00064  ? entry_SYSCALL_64_after_hwframe+0x4b/0x53
00064  </TASK>
00064 ---[ end trace 0000000000000000 ]---
00070 Lustre: 2176:0:(llog_test.c:1106:llog_test_7()) 7d: test llog_size_change_rec
00070 ------------[ cut here ]------------
00070 WARNING: /home/ktest/git/linux/include/linux/fs.h:889 at osd_create+0x9cf/0xcf0 [osd_wbcfs], CPU#2: lctl/2176
00070 Modules linked in: llog_test(O) mgs(O) osd_wbcfs(O) lustre(O) obdecho(O) mgc(O) mdc(O) lov(O) osc(O) lmv(O) ec(O) fid(O) fld(O) ptlrpc(O) efivarfs obdclass(O) ksocklnd(O) lnet(O) libcfs(O)
00070 CPU: 2 UID: 0 PID: 2176 Comm: lctl Tainted: G        W  O        7.0.0-ktest-43795f2-6330a45-20260728-dirty #1 PREEMPT 
00070 Tainted: [W]=WARN, [O]=OOT_MODULE
00070 Hardware name: QEMU Standard PC (Q35 + ICH9, 2009), BIOS 2025.11-3ubuntu7 03/31/2026
00070 RIP: 0010:osd_create+0x9cf/0xcf0 [osd_wbcfs]
00070 Code: c7 c7 00 d6 af a1 48 c7 c6 a0 82 77 a1 48 c7 c2 00 8c 77 a1 e8 52 f1 43 ff 48 c7 c7 00 d6 af a1 e8 46 81 44 ff e9 fe fc ff ff <0f> 0b e9 a5 fa ff ff 48 c7 c1 80 44 5d a0 80 e1 07 80 c1 03 38 c1
00070 RSP: 0018:ffffc90001eb76e8 EFLAGS: 00010246
00070 RAX: 0000000000000000 RBX: ffff8881974f3000 RCX: 0000000000000046
00070 RDX: 0000000000000000 RSI: ffff8881988a3b90 RDI: ffff88819b5d4b18
00070 RBP: ffff8881988a3b00 R08: ffffffff83a16803 R09: 1ffffffff0742d00
00070 R10: dffffc0000000000 R11: fffffbfff0742d01 R12: ffff88817cb98000
00070 R13: dffffc0000000000 R14: 1ffff11032e9e600 R15: 1ffff1102f97300f
00070 FS:  00007fa9ee237940(0000) GS:ffff88831e52d000(0000) knlGS:0000000000000000
00070 CS:  0010 DS: 0000 ES: 0000 CR0: 0000000080050033
00070 CR2: 0000563b53d767b0 CR3: 000000018d31f000 CR4: 0000000000750eb0
00070 PKRU: 55555554
00070 Call Trace:
00070  <TASK>
00070  ? local_object_create+0x109/0x640 [obdclass]
00070  ? dt_write_lock+0x16d/0x2a0 [obdclass]
00070  ? llog_osd_create+0x356/0x10d0 [obdclass]
00070  ? llog_create+0x2ed/0x530 [obdclass]
00070  ? llog_open_create+0x6e7/0xb30 [obdclass]
00070  ? llog_test_7_sub+0xea/0x1250 [llog_test]
00070  ? llog_test_7+0x5d5/0xf50 [llog_test]
00070  ? llog_run_tests+0x3614/0x5ac0 [llog_test]
00070  ? get_random_u32+0x51/0x470
00070  ? llog_test_device_init+0x6e8/0xa20 [llog_test]
00070  ? obd_setup+0x54d/0x950 [obdclass]
00070  ? class_setup+0xc7d/0x10e0 [obdclass]
00070  ? class_process_config+0x2edb/0x7cb0 [obdclass]
00070  ? class_handle_ioctl+0x2055/0x3590 [obdclass]
00070  ? obd_class_ioctl+0x1f6/0x3c0 [obdclass]
00070  ? __x64_sys_ioctl+0x961/0xe00
00070  ? _copy_to_user+0x3d/0x60
00070  ? __x64_sys_rt_sigaction+0x107/0x140
00070  ? do_syscall_64+0xc1/0x350
00070  ? entry_SYSCALL_64_after_hwframe+0x4b/0x53
00070  </TASK>
00070 ---[ end trace 0000000000000000 ]---
00079 clocksource: Long readout interval, skipping watchdog check: cs_nsec: 1115099687 wd_nsec: 1115099860
00080 Lustre: 2176:0:(llog_test.c:1117:llog_test_7()) 7e: test llog_changelog_rec
00080 ------------[ cut here ]------------
00080 WARNING: /home/ktest/git/linux/include/linux/fs.h:889 at osd_create+0x9cf/0xcf0 [osd_wbcfs], CPU#2: lctl/2176
00080 Modules linked in: llog_test(O) mgs(O) osd_wbcfs(O) lustre(O) obdecho(O) mgc(O) mdc(O) lov(O) osc(O) lmv(O) ec(O) fid(O) fld(O) ptlrpc(O) efivarfs obdclass(O) ksocklnd(O) lnet(O) libcfs(O)
00080 CPU: 2 UID: 0 PID: 2176 Comm: lctl Tainted: G        W  O        7.0.0-ktest-43795f2-6330a45-20260728-dirty #1 PREEMPT 
00080 Tainted: [W]=WARN, [O]=OOT_MODULE
00080 Hardware name: QEMU Standard PC (Q35 + ICH9, 2009), BIOS 2025.11-3ubuntu7 03/31/2026
00080 RIP: 0010:osd_create+0x9cf/0xcf0 [osd_wbcfs]
00080 Code: c7 c7 00 d6 af a1 48 c7 c6 a0 82 77 a1 48 c7 c2 00 8c 77 a1 e8 52 f1 43 ff 48 c7 c7 00 d6 af a1 e8 46 81 44 ff e9 fe fc ff ff <0f> 0b e9 a5 fa ff ff 48 c7 c1 80 44 5d a0 80 e1 07 80 c1 03 38 c1
00080 RSP: 0018:ffffc90001eb76e8 EFLAGS: 00010246
00080 RAX: 0000000000000000 RBX: ffff8881a0b7c400 RCX: 0000000000000046
00080 RDX: 0000000000000000 RSI: ffff8881988a3478 RDI: ffff88819b5d4b18
00080 RBP: ffff8881988a33e8 R08: ffffffff83a16803 R09: 1ffffffff0742d00
00080 R10: dffffc0000000000 R11: fffffbfff0742d01 R12: ffff88817cb98000
00080 R13: dffffc0000000000 R14: 1ffff1103416f880 R15: 1ffff1102f97300f
00080 FS:  00007fa9ee237940(0000) GS:ffff88831e52d000(0000) knlGS:0000000000000000
00080 CS:  0010 DS: 0000 ES: 0000 CR0: 0000000080050033
00080 CR2: 0000563b53d767b0 CR3: 000000018d31f000 CR4: 0000000000750eb0
00080 PKRU: 55555554
00080 Call Trace:
00080  <TASK>
00080  ? local_object_create+0x109/0x640 [obdclass]
00080  ? dt_write_lock+0x16d/0x2a0 [obdclass]
00080  ? llog_osd_create+0x356/0x10d0 [obdclass]
00080  ? llog_create+0x2ed/0x530 [obdclass]
00080  ? llog_open_create+0x6e7/0xb30 [obdclass]
00080  ? llog_test_7_sub+0xea/0x1250 [llog_test]
00080  ? llog_test_7+0x706/0xf50 [llog_test]
00080  ? llog_run_tests+0x3614/0x5ac0 [llog_test]
00080  ? get_random_u32+0x51/0x470
00080  ? llog_test_device_init+0x6e8/0xa20 [llog_test]
00080  ? obd_setup+0x54d/0x950 [obdclass]
00080  ? class_setup+0xc7d/0x10e0 [obdclass]
00080  ? class_process_config+0x2edb/0x7cb0 [obdclass]
00080  ? class_handle_ioctl+0x2055/0x3590 [obdclass]
00080  ? obd_class_ioctl+0x1f6/0x3c0 [obdclass]
00080  ? __x64_sys_ioctl+0x961/0xe00
00080  ? _copy_to_user+0x3d/0x60
00080  ? __x64_sys_rt_sigaction+0x107/0x140
00080  ? do_syscall_64+0xc1/0x350
00080  ? entry_SYSCALL_64_after_hwframe+0x4b/0x53
00080  </TASK>
00080 ---[ end trace 0000000000000000 ]---
00083 Lustre: 2176:0:(llog_test.c:1024:llog_test_7_sub()) 7_sub: records are not aligned, written 64071 from 64767
00085 Lustre: 2176:0:(llog_test.c:1129:llog_test_7()) 7f: test llog_changelog_user_rec2
00085 ------------[ cut here ]------------
00085 WARNING: /home/ktest/git/linux/include/linux/fs.h:889 at osd_create+0x9cf/0xcf0 [osd_wbcfs], CPU#2: lctl/2176
00085 Modules linked in: llog_test(O) mgs(O) osd_wbcfs(O) lustre(O) obdecho(O) mgc(O) mdc(O) lov(O) osc(O) lmv(O) ec(O) fid(O) fld(O) ptlrpc(O) efivarfs obdclass(O) ksocklnd(O) lnet(O) libcfs(O)
00085 CPU: 2 UID: 0 PID: 2176 Comm: lctl Tainted: G        W  O        7.0.0-ktest-43795f2-6330a45-20260728-dirty #1 PREEMPT 
00085 Tainted: [W]=WARN, [O]=OOT_MODULE
00085 Hardware name: QEMU Standard PC (Q35 + ICH9, 2009), BIOS 2025.11-3ubuntu7 03/31/2026
00085 RIP: 0010:osd_create+0x9cf/0xcf0 [osd_wbcfs]
00085 Code: c7 c7 00 d6 af a1 48 c7 c6 a0 82 77 a1 48 c7 c2 00 8c 77 a1 e8 52 f1 43 ff 48 c7 c7 00 d6 af a1 e8 46 81 44 ff e9 fe fc ff ff <0f> 0b e9 a5 fa ff ff 48 c7 c1 80 44 5d a0 80 e1 07 80 c1 03 38 c1
00085 RSP: 0018:ffffc90001eb76e8 EFLAGS: 00010246
00085 RAX: 0000000000000000 RBX: ffff88819ac7e800 RCX: 0000000000000046
00085 RDX: 0000000000000000 RSI: ffff8881988a2d60 RDI: ffff88819b5d4b18
00085 RBP: ffff8881988a2cd0 R08: ffffffff83a16803 R09: 1ffffffff0742d00
00085 R10: dffffc0000000000 R11: fffffbfff0742d01 R12: ffff88817cb98000
00085 R13: dffffc0000000000 R14: 1ffff1103358fd00 R15: 1ffff1102f97300f
00085 FS:  00007fa9ee237940(0000) GS:ffff88831e52d000(0000) knlGS:0000000000000000
00085 CS:  0010 DS: 0000 ES: 0000 CR0: 0000000080050033
00085 CR2: 0000563b53d767b0 CR3: 000000018d31f000 CR4: 0000000000750eb0
00085 PKRU: 55555554
00085 Call Trace:
00085  <TASK>
00085  ? local_object_create+0x109/0x640 [obdclass]
00085  ? dt_write_lock+0x16d/0x2a0 [obdclass]
00085  ? llog_osd_create+0x356/0x10d0 [obdclass]
00085  ? llog_create+0x2ed/0x530 [obdclass]
00085  ? llog_open_create+0x6e7/0xb30 [obdclass]
00085  ? llog_test_7_sub+0xea/0x1250 [llog_test]
00085  ? llog_test_7+0x837/0xf50 [llog_test]
00085  ? llog_run_tests+0x3614/0x5ac0 [llog_test]
00085  ? get_random_u32+0x51/0x470
00085  ? llog_test_device_init+0x6e8/0xa20 [llog_test]
00085  ? obd_setup+0x54d/0x950 [obdclass]
00085  ? class_setup+0xc7d/0x10e0 [obdclass]
00085  ? class_process_config+0x2edb/0x7cb0 [obdclass]
00085  ? class_handle_ioctl+0x2055/0x3590 [obdclass]
00085  ? obd_class_ioctl+0x1f6/0x3c0 [obdclass]
00085  ? __x64_sys_ioctl+0x961/0xe00
00085  ? _copy_to_user+0x3d/0x60
00085  ? __x64_sys_rt_sigaction+0x107/0x140
00085  ? do_syscall_64+0xc1/0x350
00085  ? entry_SYSCALL_64_after_hwframe+0x4b/0x53
00085  </TASK>
00085 ---[ end trace 0000000000000000 ]---
00090 Lustre: 2176:0:(llog_test.c:1024:llog_test_7_sub()) 7_sub: records are not aligned, written 64139 from 64767
00092 Lustre: 2176:0:(llog_test.c:1140:llog_test_7()) 7g: test llog_gen_rec
00092 ------------[ cut here ]------------
00092 WARNING: /home/ktest/git/linux/include/linux/fs.h:889 at osd_create+0x9cf/0xcf0 [osd_wbcfs], CPU#2: lctl/2176
00092 Modules linked in: llog_test(O) mgs(O) osd_wbcfs(O) lustre(O) obdecho(O) mgc(O) mdc(O) lov(O) osc(O) lmv(O) ec(O) fid(O) fld(O) ptlrpc(O) efivarfs obdclass(O) ksocklnd(O) lnet(O) libcfs(O)
00092 CPU: 2 UID: 0 PID: 2176 Comm: lctl Tainted: G        W  O        7.0.0-ktest-43795f2-6330a45-20260728-dirty #1 PREEMPT 
00092 Tainted: [W]=WARN, [O]=OOT_MODULE
00092 Hardware name: QEMU Standard PC (Q35 + ICH9, 2009), BIOS 2025.11-3ubuntu7 03/31/2026
00092 RIP: 0010:osd_create+0x9cf/0xcf0 [osd_wbcfs]
00092 Code: c7 c7 00 d6 af a1 48 c7 c6 a0 82 77 a1 48 c7 c2 00 8c 77 a1 e8 52 f1 43 ff 48 c7 c7 00 d6 af a1 e8 46 81 44 ff e9 fe fc ff ff <0f> 0b e9 a5 fa ff ff 48 c7 c1 80 44 5d a0 80 e1 07 80 c1 03 38 c1
00092 RSP: 0018:ffffc90001eb76e8 EFLAGS: 00010246
00092 RAX: 0000000000000000 RBX: ffff888138578c00 RCX: 0000000000000046
00092 RDX: 0000000000000000 RSI: ffff8881988a2648 RDI: ffff88819b5d4b18
00092 RBP: ffff8881988a25b8 R08: ffffffff83a16803 R09: 1ffffffff0742d00
00092 R10: dffffc0000000000 R11: fffffbfff0742d01 R12: ffff88817cb98000
00092 R13: dffffc0000000000 R14: 1ffff110270af180 R15: 1ffff1102f97300f
00092 FS:  00007fa9ee237940(0000) GS:ffff88831e52d000(0000) knlGS:0000000000000000
00092 CS:  0010 DS: 0000 ES: 0000 CR0: 0000000080050033
00092 CR2: 0000563b53d767b0 CR3: 000000018d31f000 CR4: 0000000000750eb0
00092 PKRU: 55555554
00092 Call Trace:
00092  <TASK>
00092  ? local_object_create+0x109/0x640 [obdclass]
00092  ? dt_write_lock+0x16d/0x2a0 [obdclass]
00092  ? llog_osd_create+0x356/0x10d0 [obdclass]
00092  ? llog_create+0x2ed/0x530 [obdclass]
00092  ? llog_open_create+0x6e7/0xb30 [obdclass]
00092  ? llog_test_7_sub+0xea/0x1250 [llog_test]
00092  ? llog_test_7+0x968/0xf50 [llog_test]
00092  ? llog_run_tests+0x3614/0x5ac0 [llog_test]
00092  ? get_random_u32+0x51/0x470
00092  ? llog_test_device_init+0x6e8/0xa20 [llog_test]
00092  ? obd_setup+0x54d/0x950 [obdclass]
00092  ? class_setup+0xc7d/0x10e0 [obdclass]
00092  ? class_process_config+0x2edb/0x7cb0 [obdclass]
00092  ? class_handle_ioctl+0x2055/0x3590 [obdclass]
00092  ? obd_class_ioctl+0x1f6/0x3c0 [obdclass]
00092  ? __x64_sys_ioctl+0x961/0xe00
00092  ? _copy_to_user+0x3d/0x60
00092  ? __x64_sys_rt_sigaction+0x107/0x140
00092  ? do_syscall_64+0xc1/0x350
00092  ? entry_SYSCALL_64_after_hwframe+0x4b/0x53
00092  </TASK>
00092 ---[ end trace 0000000000000000 ]---
00098 Lustre: 2176:0:(llog_test.c:1151:llog_test_7()) 7h: test llog_setattr64_rec_v2
00098 ------------[ cut here ]------------
00098 WARNING: /home/ktest/git/linux/include/linux/fs.h:889 at osd_create+0x9cf/0xcf0 [osd_wbcfs], CPU#2: lctl/2176
00098 Modules linked in: llog_test(O) mgs(O) osd_wbcfs(O) lustre(O) obdecho(O) mgc(O) mdc(O) lov(O) osc(O) lmv(O) ec(O) fid(O) fld(O) ptlrpc(O) efivarfs obdclass(O) ksocklnd(O) lnet(O) libcfs(O)
00098 CPU: 2 UID: 0 PID: 2176 Comm: lctl Tainted: G        W  O        7.0.0-ktest-43795f2-6330a45-20260728-dirty #1 PREEMPT 
00098 Tainted: [W]=WARN, [O]=OOT_MODULE
00098 Hardware name: QEMU Standard PC (Q35 + ICH9, 2009), BIOS 2025.11-3ubuntu7 03/31/2026
00098 RIP: 0010:osd_create+0x9cf/0xcf0 [osd_wbcfs]
00098 Code: c7 c7 00 d6 af a1 48 c7 c6 a0 82 77 a1 48 c7 c2 00 8c 77 a1 e8 52 f1 43 ff 48 c7 c7 00 d6 af a1 e8 46 81 44 ff e9 fe fc ff ff <0f> 0b e9 a5 fa ff ff 48 c7 c1 80 44 5d a0 80 e1 07 80 c1 03 38 c1
00098 RSP: 0018:ffffc90001eb76e8 EFLAGS: 00010246
00098 RAX: 0000000000000000 RBX: ffff88818f214000 RCX: 0000000000000046
00098 RDX: 0000000000000000 RSI: ffff8881988a1f30 RDI: ffff88819b5d4b18
00098 RBP: ffff8881988a1ea0 R08: ffffffff83a16803 R09: 1ffffffff0742d00
00098 R10: dffffc0000000000 R11: fffffbfff0742d01 R12: ffff88817cb98000
00098 R13: dffffc0000000000 R14: 1ffff11031e42800 R15: 1ffff1102f97300f
00098 FS:  00007fa9ee237940(0000) GS:ffff88831e52d000(0000) knlGS:0000000000000000
00098 CS:  0010 DS: 0000 ES: 0000 CR0: 0000000080050033
00098 CR2: 0000563b53d767b0 CR3: 000000018d31f000 CR4: 0000000000750eb0
00098 PKRU: 55555554
00098 Call Trace:
00098  <TASK>
00098  ? local_object_create+0x109/0x640 [obdclass]
00098  ? dt_write_lock+0x16d/0x2a0 [obdclass]
00098  ? llog_osd_create+0x356/0x10d0 [obdclass]
00098  ? llog_create+0x2ed/0x530 [obdclass]
00098  ? llog_open_create+0x6e7/0xb30 [obdclass]
00098  ? llog_test_7_sub+0xea/0x1250 [llog_test]
00098  ? llog_test_7+0xa99/0xf50 [llog_test]
00098  ? llog_run_tests+0x3614/0x5ac0 [llog_test]
00098  ? get_random_u32+0x51/0x470
00098  ? llog_test_device_init+0x6e8/0xa20 [llog_test]
00098  ? obd_setup+0x54d/0x950 [obdclass]
00098  ? class_setup+0xc7d/0x10e0 [obdclass]
00098  ? class_process_config+0x2edb/0x7cb0 [obdclass]
00098  ? class_handle_ioctl+0x2055/0x3590 [obdclass]
00098  ? obd_class_ioctl+0x1f6/0x3c0 [obdclass]
00098  ? __x64_sys_ioctl+0x961/0xe00
00098  ? _copy_to_user+0x3d/0x60
00098  ? __x64_sys_rt_sigaction+0x107/0x140
00098  ? do_syscall_64+0xc1/0x350
00098  ? entry_SYSCALL_64_after_hwframe+0x4b/0x53
00098  </TASK>
00098 ---[ end trace 0000000000000000 ]---
00101 Lustre: 2176:0:(llog_test.c:1024:llog_test_7_sub()) 7_sub: records are not aligned, written 64071 from 64767
00103 Lustre: 2176:0:(llog_test.c:1260:llog_test_8()) 8a: fill the first plain llog
00103 ------------[ cut here ]------------
00103 WARNING: /home/ktest/git/linux/include/linux/fs.h:889 at osd_create+0x9cf/0xcf0 [osd_wbcfs], CPU#13: lctl/2176
00103 Modules linked in: llog_test(O) mgs(O) osd_wbcfs(O) lustre(O) obdecho(O) mgc(O) mdc(O) lov(O) osc(O) lmv(O) ec(O) fid(O) fld(O) ptlrpc(O) efivarfs obdclass(O) ksocklnd(O) lnet(O) libcfs(O)
00103 CPU: 13 UID: 0 PID: 2176 Comm: lctl Tainted: G        W  O        7.0.0-ktest-43795f2-6330a45-20260728-dirty #1 PREEMPT 
00103 Tainted: [W]=WARN, [O]=OOT_MODULE
00103 Hardware name: QEMU Standard PC (Q35 + ICH9, 2009), BIOS 2025.11-3ubuntu7 03/31/2026
00103 RIP: 0010:osd_create+0x9cf/0xcf0 [osd_wbcfs]
00103 Code: c7 c7 00 d6 af a1 48 c7 c6 a0 82 77 a1 48 c7 c2 00 8c 77 a1 e8 52 f1 43 ff 48 c7 c7 00 d6 af a1 e8 46 81 44 ff e9 fe fc ff ff <0f> 0b e9 a5 fa ff ff 48 c7 c1 80 44 5d a0 80 e1 07 80 c1 03 38 c1
00103 RSP: 0018:ffffc90001eb74c8 EFLAGS: 00010246
00103 RAX: 0000000000000000 RBX: ffff888138794400 RCX: 0000000000000046
00103 RDX: 0000000000000000 RSI: ffff888186a9df08 RDI: ffff88819b5d4b40
00103 RBP: ffff888186a9de78 R08: ffffffff83a16803 R09: 1ffffffff0742d00
00103 R10: dffffc0000000000 R11: fffffbfff0742d01 R12: ffff88817cb98000
00103 R13: dffffc0000000000 R14: 1ffff110270f2880 R15: 1ffff1102f97300f
00103 FS:  00007fa9ee237940(0000) GS:ffff88831eaad000(0000) knlGS:0000000000000000
00103 CS:  0010 DS: 0000 ES: 0000 CR0: 0000000080050033
00103 CR2: 00007fb143f09b68 CR3: 000000018d31f000 CR4: 0000000000750eb0
00103 PKRU: 55555554
00103 Call Trace:
00103  <TASK>
00103  ? local_object_create+0x109/0x640 [obdclass]
00103  ? dt_write_lock+0x16d/0x2a0 [obdclass]
00103  ? llog_osd_create+0x356/0x10d0 [obdclass]
00103  ? llog_create+0x2ed/0x530 [obdclass]
00103  ? llog_cat_new_log+0x6d1/0x2970 [obdclass]
00103  ? llog_cat_add_rec+0x6ba/0x1960 [obdclass]
00103  ? llog_cat_add+0x499/0x7a0 [obdclass]
00103  ? llog_test_8+0x567/0x1c20 [llog_test]
00103  ? do_raw_spin_unlock+0x52/0x230
00103  ? _raw_spin_unlock+0x23/0x40
00103  ? __llog_ctxt_put+0x1c4/0x2f0 [obdclass]
00103  ? llog_run_tests+0x39a2/0x5ac0 [llog_test]
00103  ? get_random_u32+0x51/0x470
00103  ? llog_test_device_init+0x6e8/0xa20 [llog_test]
00103  ? obd_setup+0x54d/0x950 [obdclass]
00103  ? class_setup+0xc7d/0x10e0 [obdclass]
00103  ? class_process_config+0x2edb/0x7cb0 [obdclass]
00103  ? class_handle_ioctl+0x2055/0x3590 [obdclass]
00103  ? obd_class_ioctl+0x1f6/0x3c0 [obdclass]
00103  ? __x64_sys_ioctl+0x961/0xe00
00103  ? _copy_to_user+0x3d/0x60
00103  ? __x64_sys_rt_sigaction+0x107/0x140
00103  ? do_syscall_64+0xc1/0x350
00103  ? entry_SYSCALL_64_after_hwframe+0x4b/0x53
00103  </TASK>
00103 ---[ end trace 0000000000000000 ]---
00103 Lustre: 2176:0:(llog_test.c:1289:llog_test_8()) 8b: first llog [0x1:0x10:0x0]
00103 Lustre: 2176:0:(llog_test.c:1305:llog_test_8()) 8b: fill the second plain llog
00103 ------------[ cut here ]------------
00103 WARNING: /home/ktest/git/linux/include/linux/fs.h:889 at osd_create+0x9cf/0xcf0 [osd_wbcfs], CPU#13: lctl/2176
00103 Modules linked in: llog_test(O) mgs(O) osd_wbcfs(O) lustre(O) obdecho(O) mgc(O) mdc(O) lov(O) osc(O) lmv(O) ec(O) fid(O) fld(O) ptlrpc(O) efivarfs obdclass(O) ksocklnd(O) lnet(O) libcfs(O)
00103 CPU: 13 UID: 0 PID: 2176 Comm: lctl Tainted: G        W  O        7.0.0-ktest-43795f2-6330a45-20260728-dirty #1 PREEMPT 
00103 Tainted: [W]=WARN, [O]=OOT_MODULE
00103 Hardware name: QEMU Standard PC (Q35 + ICH9, 2009), BIOS 2025.11-3ubuntu7 03/31/2026
00103 RIP: 0010:osd_create+0x9cf/0xcf0 [osd_wbcfs]
00103 Code: c7 c7 00 d6 af a1 48 c7 c6 a0 82 77 a1 48 c7 c2 00 8c 77 a1 e8 52 f1 43 ff 48 c7 c7 00 d6 af a1 e8 46 81 44 ff e9 fe fc ff ff <0f> 0b e9 a5 fa ff ff 48 c7 c1 80 44 5d a0 80 e1 07 80 c1 03 38 c1
00103 RSP: 0018:ffffc90001eb74c8 EFLAGS: 00010246
00103 RAX: 0000000000000000 RBX: ffff888194908400 RCX: 0000000000000046
00103 RDX: 0000000000000000 RSI: ffff888186a9d7f0 RDI: ffff88819b5d4b40
00103 RBP: ffff888186a9d760 R08: ffffffff83a16803 R09: 1ffffffff0742d00
00103 R10: dffffc0000000000 R11: fffffbfff0742d01 R12: ffff88817cb98000
00103 R13: dffffc0000000000 R14: 1ffff11032921080 R15: 1ffff1102f97300f
00103 FS:  00007fa9ee237940(0000) GS:ffff88831eaad000(0000) knlGS:0000000000000000
00103 CS:  0010 DS: 0000 ES: 0000 CR0: 0000000080050033
00103 CR2: 00007fb143f09b68 CR3: 000000018d31f000 CR4: 0000000000750eb0
00103 PKRU: 55555554
00103 Call Trace:
00103  <TASK>
00103  ? local_object_create+0x109/0x640 [obdclass]
00103  ? dt_write_lock+0x16d/0x2a0 [obdclass]
00103  ? llog_osd_create+0x356/0x10d0 [obdclass]
00103  ? llog_create+0x2ed/0x530 [obdclass]
00103  ? llog_cat_new_log+0x6d1/0x2970 [obdclass]
00103  ? llog_cat_add_rec+0x6ba/0x1960 [obdclass]
00103  ? llog_cat_add+0x499/0x7a0 [obdclass]
00103  ? llog_test_8+0xd89/0x1c20 [llog_test]
00103  ? do_raw_spin_unlock+0x52/0x230
00103  ? _raw_spin_unlock+0x23/0x40
00103  ? __llog_ctxt_put+0x1c4/0x2f0 [obdclass]
00103  ? llog_run_tests+0x39a2/0x5ac0 [llog_test]
00103  ? get_random_u32+0x51/0x470
00103  ? llog_test_device_init+0x6e8/0xa20 [llog_test]
00103  ? obd_setup+0x54d/0x950 [obdclass]
00103  ? class_setup+0xc7d/0x10e0 [obdclass]
00103  ? class_process_config+0x2edb/0x7cb0 [obdclass]
00103  ? class_handle_ioctl+0x2055/0x3590 [obdclass]
00103  ? obd_class_ioctl+0x1f6/0x3c0 [obdclass]
00103  ? __x64_sys_ioctl+0x961/0xe00
00103  ? _copy_to_user+0x3d/0x60
00103  ? __x64_sys_rt_sigaction+0x107/0x140
00103  ? do_syscall_64+0xc1/0x350
00103  ? entry_SYSCALL_64_after_hwframe+0x4b/0x53
00103  </TASK>
00103 ---[ end trace 0000000000000000 ]---
00103 Lustre: 2176:0:(llog_test.c:1329:llog_test_8()) 8b: pin llog [0x1:0x12:0x0]
00103 Lustre: 2176:0:(llog_test.c:1332:llog_test_8()) 8b: clean first llog record in catalog
00103 Lustre: 2176:0:(llog_test.c:1343:llog_test_8()) 8c: corrupt first chunk in the middle
00103 Lustre: 2176:0:(llog_test.c:1346:llog_test_8()) 8c: corrupt second chunk at start
00103 Lustre: 2176:0:(llog_test.c:1349:llog_test_8()) 8d: count survived records
00103 Lustre: 2176:0:(llog_test.c:1379:llog_test_8()) 8d: close re-opened catalog
00103 Lustre: 2176:0:(llog_test.c:1440:llog_test_9()) 9a: test llog_logid_rec
00103 ------------[ cut here ]------------
00103 WARNING: /home/ktest/git/linux/include/linux/fs.h:889 at osd_create+0x9cf/0xcf0 [osd_wbcfs], CPU#13: lctl/2176
00103 Modules linked in: llog_test(O) mgs(O) osd_wbcfs(O) lustre(O) obdecho(O) mgc(O) mdc(O) lov(O) osc(O) lmv(O) ec(O) fid(O) fld(O) ptlrpc(O) efivarfs obdclass(O) ksocklnd(O) lnet(O) libcfs(O)
00103 CPU: 13 UID: 0 PID: 2176 Comm: lctl Tainted: G        W  O        7.0.0-ktest-43795f2-6330a45-20260728-dirty #1 PREEMPT 
00103 Tainted: [W]=WARN, [O]=OOT_MODULE
00103 Hardware name: QEMU Standard PC (Q35 + ICH9, 2009), BIOS 2025.11-3ubuntu7 03/31/2026
00103 RIP: 0010:osd_create+0x9cf/0xcf0 [osd_wbcfs]
00103 Code: c7 c7 00 d6 af a1 48 c7 c6 a0 82 77 a1 48 c7 c2 00 8c 77 a1 e8 52 f1 43 ff 48 c7 c7 00 d6 af a1 e8 46 81 44 ff e9 fe fc ff ff <0f> 0b e9 a5 fa ff ff 48 c7 c1 80 44 5d a0 80 e1 07 80 c1 03 38 c1
00103 RSP: 0018:ffffc90001eb7710 EFLAGS: 00010246
00103 RAX: 0000000000000000 RBX: ffff888194909c00 RCX: 0000000000000046
00103 RDX: 0000000000000000 RSI: ffff888186a9d0d8 RDI: ffff88819b5d4b18
00103 RBP: ffff888186a9d048 R08: ffffffff83a16803 R09: 1ffffffff0742d00
00103 R10: dffffc0000000000 R11: fffffbfff0742d01 R12: ffff88817cb98000
00103 R13: dffffc0000000000 R14: 1ffff11032921380 R15: 1ffff1102f97300f
00103 FS:  00007fa9ee237940(0000) GS:ffff88831eaad000(0000) knlGS:0000000000000000
00103 CS:  0010 DS: 0000 ES: 0000 CR0: 0000000080050033
00103 CR2: 00007fb143f09b68 CR3: 000000018d31f000 CR4: 0000000000750eb0
00103 PKRU: 55555554
00103 Call Trace:
00103  <TASK>
00103  ? local_object_create+0x109/0x640 [obdclass]
00103  ? dt_write_lock+0x16d/0x2a0 [obdclass]
00103  ? llog_osd_create+0x356/0x10d0 [obdclass]
00103  ? llog_create+0x2ed/0x530 [obdclass]
00103  ? llog_open_create+0x6e7/0xb30 [obdclass]
00103  ? llog_test_9_sub+0xd4/0x800 [llog_test]
00103  ? llog_test_9+0x242/0x960 [llog_test]
00103  ? llog_run_tests+0x3d64/0x5ac0 [llog_test]
00103  ? get_random_u32+0x51/0x470
00103  ? llog_test_device_init+0x6e8/0xa20 [llog_test]
00103  ? obd_setup+0x54d/0x950 [obdclass]
00103  ? class_setup+0xc7d/0x10e0 [obdclass]
00103  ? class_process_config+0x2edb/0x7cb0 [obdclass]
00103  ? class_handle_ioctl+0x2055/0x3590 [obdclass]
00103  ? obd_class_ioctl+0x1f6/0x3c0 [obdclass]
00103  ? __x64_sys_ioctl+0x961/0xe00
00103  ? _copy_to_user+0x3d/0x60
00103  ? __x64_sys_rt_sigaction+0x107/0x140
00103  ? do_syscall_64+0xc1/0x350
00103  ? entry_SYSCALL_64_after_hwframe+0x4b/0x53
00103  </TASK>
00103 ---[ end trace 0000000000000000 ]---
00103 Lustre: 2176:0:(llog_test.c:1424:llog_test_9_sub()) 9_sub: record type 1064553b in log 0x1:0x14:0x0
00103 Lustre: 2176:0:(llog_test.c:1451:llog_test_9()) 9b: test llog_obd_cfg_rec
00103 ------------[ cut here ]------------
00103 WARNING: /home/ktest/git/linux/include/linux/fs.h:889 at osd_create+0x9cf/0xcf0 [osd_wbcfs], CPU#13: lctl/2176
00103 Modules linked in: llog_test(O) mgs(O) osd_wbcfs(O) lustre(O) obdecho(O) mgc(O) mdc(O) lov(O) osc(O) lmv(O) ec(O) fid(O) fld(O) ptlrpc(O) efivarfs obdclass(O) ksocklnd(O) lnet(O) libcfs(O)
00103 CPU: 13 UID: 0 PID: 2176 Comm: lctl Tainted: G        W  O        7.0.0-ktest-43795f2-6330a45-20260728-dirty #1 PREEMPT 
00103 Tainted: [W]=WARN, [O]=OOT_MODULE
00103 Hardware name: QEMU Standard PC (Q35 + ICH9, 2009), BIOS 2025.11-3ubuntu7 03/31/2026
00103 RIP: 0010:osd_create+0x9cf/0xcf0 [osd_wbcfs]
00103 Code: c7 c7 00 d6 af a1 48 c7 c6 a0 82 77 a1 48 c7 c2 00 8c 77 a1 e8 52 f1 43 ff 48 c7 c7 00 d6 af a1 e8 46 81 44 ff e9 fe fc ff ff <0f> 0b e9 a5 fa ff ff 48 c7 c1 80 44 5d a0 80 e1 07 80 c1 03 38 c1
00103 RSP: 0018:ffffc90001eb7710 EFLAGS: 00010246
00103 RAX: 0000000000000000 RBX: ffff888194909000 RCX: 0000000000000046
00103 RDX: 0000000000000000 RSI: ffff888186a9c9c0 RDI: ffff88819b5d4b18
00103 RBP: ffff888186a9c930 R08: ffffffff83a16803 R09: 1ffffffff0742d00
00103 R10: dffffc0000000000 R11: fffffbfff0742d01 R12: ffff88817cb98000
00103 R13: dffffc0000000000 R14: 1ffff11032921200 R15: 1ffff1102f97300f
00103 FS:  00007fa9ee237940(0000) GS:ffff88831eaad000(0000) knlGS:0000000000000000
00103 CS:  0010 DS: 0000 ES: 0000 CR0: 0000000080050033
00103 CR2: 00007fb143f09b68 CR3: 000000018d31f000 CR4: 0000000000750eb0
00103 PKRU: 55555554
00103 Call Trace:
00103  <TASK>
00103  ? local_object_create+0x109/0x640 [obdclass]
00103  ? dt_write_lock+0x16d/0x2a0 [obdclass]
00103  ? llog_osd_create+0x356/0x10d0 [obdclass]
00103  ? llog_create+0x2ed/0x530 [obdclass]
00103  ? llog_open_create+0x6e7/0xb30 [obdclass]
00103  ? llog_test_9_sub+0xd4/0x800 [llog_test]
00103  ? llog_test_9+0x373/0x960 [llog_test]
00103  ? llog_run_tests+0x3d64/0x5ac0 [llog_test]
00103  ? get_random_u32+0x51/0x470
00103  ? llog_test_device_init+0x6e8/0xa20 [llog_test]
00103  ? obd_setup+0x54d/0x950 [obdclass]
00103  ? class_setup+0xc7d/0x10e0 [obdclass]
00103  ? class_process_config+0x2edb/0x7cb0 [obdclass]
00103  ? class_handle_ioctl+0x2055/0x3590 [obdclass]
00103  ? obd_class_ioctl+0x1f6/0x3c0 [obdclass]
00103  ? __x64_sys_ioctl+0x961/0xe00
00103  ? _copy_to_user+0x3d/0x60
00103  ? __x64_sys_rt_sigaction+0x107/0x140
00103  ? do_syscall_64+0xc1/0x350
00103  ? entry_SYSCALL_64_after_hwframe+0x4b/0x53
00103  </TASK>
00103 ---[ end trace 0000000000000000 ]---
00103 Lustre: 2176:0:(llog_test.c:1462:llog_test_9()) 9c: test llog_changelog_rec
00103 ------------[ cut here ]------------
00103 WARNING: /home/ktest/git/linux/include/linux/fs.h:889 at osd_create+0x9cf/0xcf0 [osd_wbcfs], CPU#13: lctl/2176
00103 Modules linked in: llog_test(O) mgs(O) osd_wbcfs(O) lustre(O) obdecho(O) mgc(O) mdc(O) lov(O) osc(O) lmv(O) ec(O) fid(O) fld(O) ptlrpc(O) efivarfs obdclass(O) ksocklnd(O) lnet(O) libcfs(O)
00103 CPU: 13 UID: 0 PID: 2176 Comm: lctl Tainted: G        W  O        7.0.0-ktest-43795f2-6330a45-20260728-dirty #1 PREEMPT 
00103 Tainted: [W]=WARN, [O]=OOT_MODULE
00103 Hardware name: QEMU Standard PC (Q35 + ICH9, 2009), BIOS 2025.11-3ubuntu7 03/31/2026
00103 RIP: 0010:osd_create+0x9cf/0xcf0 [osd_wbcfs]
00103 Code: c7 c7 00 d6 af a1 48 c7 c6 a0 82 77 a1 48 c7 c2 00 8c 77 a1 e8 52 f1 43 ff 48 c7 c7 00 d6 af a1 e8 46 81 44 ff e9 fe fc ff ff <0f> 0b e9 a5 fa ff ff 48 c7 c1 80 44 5d a0 80 e1 07 80 c1 03 38 c1
00103 RSP: 0018:ffffc90001eb7710 EFLAGS: 00010246
00103 RAX: 0000000000000000 RBX: ffff88819490e400 RCX: 0000000000000046
00103 RDX: 0000000000000000 RSI: ffff888186a9c2a8 RDI: ffff88819b5d4b18
00103 RBP: ffff888186a9c218 R08: ffffffff83a16803 R09: 1ffffffff0742d00
00103 R10: dffffc0000000000 R11: fffffbfff0742d01 R12: ffff88817cb98000
00103 R13: dffffc0000000000 R14: 1ffff11032921c80 R15: 1ffff1102f97300f
00103 FS:  00007fa9ee237940(0000) GS:ffff88831eaad000(0000) knlGS:0000000000000000
00103 CS:  0010 DS: 0000 ES: 0000 CR0: 0000000080050033
00103 CR2: 00007fb143f09b68 CR3: 000000018d31f000 CR4: 0000000000750eb0
00103 PKRU: 55555554
00103 Call Trace:
00103  <TASK>
00103  ? local_object_create+0x109/0x640 [obdclass]
00103  ? dt_write_lock+0x16d/0x2a0 [obdclass]
00103  ? llog_osd_create+0x356/0x10d0 [obdclass]
00103  ? llog_create+0x2ed/0x530 [obdclass]
00103  ? llog_open_create+0x6e7/0xb30 [obdclass]
00103  ? llog_test_9_sub+0xd4/0x800 [llog_test]
00103  ? llog_test_9+0x4a4/0x960 [llog_test]
00103  ? llog_run_tests+0x3d64/0x5ac0 [llog_test]
00103  ? get_random_u32+0x51/0x470
00103  ? llog_test_device_init+0x6e8/0xa20 [llog_test]
00103  ? obd_setup+0x54d/0x950 [obdclass]
00103  ? class_setup+0xc7d/0x10e0 [obdclass]
00103  ? class_process_config+0x2edb/0x7cb0 [obdclass]
00103  ? class_handle_ioctl+0x2055/0x3590 [obdclass]
00103  ? obd_class_ioctl+0x1f6/0x3c0 [obdclass]
00103  ? __x64_sys_ioctl+0x961/0xe00
00103  ? _copy_to_user+0x3d/0x60
00103  ? __x64_sys_rt_sigaction+0x107/0x140
00103  ? do_syscall_64+0xc1/0x350
00103  ? entry_SYSCALL_64_after_hwframe+0x4b/0x53
00103  </TASK>
00103 ---[ end trace 0000000000000000 ]---
00103 Lustre: 2176:0:(llog_test.c:1474:llog_test_9()) 9d: test llog_changelog_user_rec2
00103 ------------[ cut here ]------------
00103 WARNING: /home/ktest/git/linux/include/linux/fs.h:889 at osd_create+0x9cf/0xcf0 [osd_wbcfs], CPU#13: lctl/2176
00103 Modules linked in: llog_test(O) mgs(O) osd_wbcfs(O) lustre(O) obdecho(O) mgc(O) mdc(O) lov(O) osc(O) lmv(O) ec(O) fid(O) fld(O) ptlrpc(O) efivarfs obdclass(O) ksocklnd(O) lnet(O) libcfs(O)
00103 CPU: 13 UID: 0 PID: 2176 Comm: lctl Tainted: G        W  O        7.0.0-ktest-43795f2-6330a45-20260728-dirty #1 PREEMPT 
00103 Tainted: [W]=WARN, [O]=OOT_MODULE
00103 Hardware name: QEMU Standard PC (Q35 + ICH9, 2009), BIOS 2025.11-3ubuntu7 03/31/2026
00103 RIP: 0010:osd_create+0x9cf/0xcf0 [osd_wbcfs]
00103 Code: c7 c7 00 d6 af a1 48 c7 c6 a0 82 77 a1 48 c7 c2 00 8c 77 a1 e8 52 f1 43 ff 48 c7 c7 00 d6 af a1 e8 46 81 44 ff e9 fe fc ff ff <0f> 0b e9 a5 fa ff ff 48 c7 c1 80 44 5d a0 80 e1 07 80 c1 03 38 c1
00103 RSP: 0018:ffffc90001eb7710 EFLAGS: 00010246
00103 RAX: 0000000000000000 RBX: ffff88819490dc00 RCX: 0000000000000046
00103 RDX: 0000000000000000 RSI: ffff888186a9bb90 RDI: ffff88819b5d4b18
00103 RBP: ffff888186a9bb00 R08: ffffffff83a16803 R09: 1ffffffff0742d00
00103 R10: dffffc0000000000 R11: fffffbfff0742d01 R12: ffff88817cb98000
00103 R13: dffffc0000000000 R14: 1ffff11032921b80 R15: 1ffff1102f97300f
00103 FS:  00007fa9ee237940(0000) GS:ffff88831eaad000(0000) knlGS:0000000000000000
00103 CS:  0010 DS: 0000 ES: 0000 CR0: 0000000080050033
00103 CR2: 00007fb143f09b68 CR3: 000000018d31f000 CR4: 0000000000750eb0
00103 PKRU: 55555554
00103 Call Trace:
00103  <TASK>
00103  ? local_object_create+0x109/0x640 [obdclass]
00103  ? dt_write_lock+0x16d/0x2a0 [obdclass]
00103  ? llog_osd_create+0x356/0x10d0 [obdclass]
00103  ? llog_create+0x2ed/0x530 [obdclass]
00103  ? llog_open_create+0x6e7/0xb30 [obdclass]
00103  ? llog_test_9_sub+0xd4/0x800 [llog_test]
00103  ? llog_test_9+0x5d5/0x960 [llog_test]
00103  ? llog_run_tests+0x3d64/0x5ac0 [llog_test]
00103  ? get_random_u32+0x51/0x470
00103  ? llog_test_device_init+0x6e8/0xa20 [llog_test]
00103  ? obd_setup+0x54d/0x950 [obdclass]
00103  ? class_setup+0xc7d/0x10e0 [obdclass]
00103  ? class_process_config+0x2edb/0x7cb0 [obdclass]
00103  ? class_handle_ioctl+0x2055/0x3590 [obdclass]
00103  ? obd_class_ioctl+0x1f6/0x3c0 [obdclass]
00103  ? __x64_sys_ioctl+0x961/0xe00
00103  ? _copy_to_user+0x3d/0x60
00103  ? __x64_sys_rt_sigaction+0x107/0x140
00103  ? do_syscall_64+0xc1/0x350
00103  ? entry_SYSCALL_64_after_hwframe+0x4b/0x53
00103  </TASK>
00103 ---[ end trace 0000000000000000 ]---
00103 Lustre: 2176:0:(llog_test.c:1575:llog_test_10()) 10a: create a catalog log with name: 4f5e3d74
00103 ------------[ cut here ]------------
00103 WARNING: /home/ktest/git/linux/include/linux/fs.h:889 at osd_create+0x9cf/0xcf0 [osd_wbcfs], CPU#13: lctl/2176
00103 Modules linked in: llog_test(O) mgs(O) osd_wbcfs(O) lustre(O) obdecho(O) mgc(O) mdc(O) lov(O) osc(O) lmv(O) ec(O) fid(O) fld(O) ptlrpc(O) efivarfs obdclass(O) ksocklnd(O) lnet(O) libcfs(O)
00103 CPU: 13 UID: 0 PID: 2176 Comm: lctl Tainted: G        W  O        7.0.0-ktest-43795f2-6330a45-20260728-dirty #1 PREEMPT 
00103 Tainted: [W]=WARN, [O]=OOT_MODULE
00103 Hardware name: QEMU Standard PC (Q35 + ICH9, 2009), BIOS 2025.11-3ubuntu7 03/31/2026
00103 RIP: 0010:osd_create+0x9cf/0xcf0 [osd_wbcfs]
00103 Code: c7 c7 00 d6 af a1 48 c7 c6 a0 82 77 a1 48 c7 c2 00 8c 77 a1 e8 52 f1 43 ff 48 c7 c7 00 d6 af a1 e8 46 81 44 ff e9 fe fc ff ff <0f> 0b e9 a5 fa ff ff 48 c7 c1 80 44 5d a0 80 e1 07 80 c1 03 38 c1
00103 RSP: 0018:ffffc90001eb75c8 EFLAGS: 00010246
00103 RAX: 0000000000000000 RBX: ffff88819490d400 RCX: 0000000000000046
00103 RDX: 0000000000000000 RSI: ffff888186a9b478 RDI: ffff88819b5d4b18
00103 RBP: ffff888186a9b3e8 R08: ffffffff83a16803 R09: 1ffffffff0742d00
00103 R10: dffffc0000000000 R11: fffffbfff0742d01 R12: ffff88817cb98000
00103 R13: dffffc0000000000 R14: 1ffff11032921a80 R15: 1ffff1102f97300f
00103 FS:  00007fa9ee237940(0000) GS:ffff88831eaad000(0000) knlGS:0000000000000000
00103 CS:  0010 DS: 0000 ES: 0000 CR0: 0000000080050033
00103 CR2: 00007fb143f09b68 CR3: 000000018d31f000 CR4: 0000000000750eb0
00103 PKRU: 55555554
00103 Call Trace:
00103  <TASK>
00103  ? local_object_create+0x109/0x640 [obdclass]
00103  ? dt_write_lock+0x16d/0x2a0 [obdclass]
00103  ? llog_osd_create+0x356/0x10d0 [obdclass]
00103  ? llog_create+0x2ed/0x530 [obdclass]
00103  ? llog_open_create+0x6e7/0xb30 [obdclass]
00103  ? llog_test_10+0x2e1/0x5520 [llog_test]
00103  ? lu_object_put+0xa64/0x1210 [obdclass]
00103  ? do_raw_spin_unlock+0x52/0x230
00103  ? _raw_spin_unlock+0x23/0x40
00103  ? __llog_ctxt_put+0x1c4/0x2f0 [obdclass]
00103  ? llog_run_tests+0x3f45/0x5ac0 [llog_test]
00103  ? get_random_u32+0x51/0x470
00103  ? llog_test_device_init+0x6e8/0xa20 [llog_test]
00103  ? obd_setup+0x54d/0x950 [obdclass]
00103  ? class_setup+0xc7d/0x10e0 [obdclass]
00103  ? class_process_config+0x2edb/0x7cb0 [obdclass]
00103  ? class_handle_ioctl+0x2055/0x3590 [obdclass]
00103  ? obd_class_ioctl+0x1f6/0x3c0 [obdclass]
00103  ? __x64_sys_ioctl+0x961/0xe00
00103  ? _copy_to_user+0x3d/0x60
00103  ? __x64_sys_rt_sigaction+0x107/0x140
00103  ? do_syscall_64+0xc1/0x350
00103  ? entry_SYSCALL_64_after_hwframe+0x4b/0x53
00103  </TASK>
00103 ---[ end trace 0000000000000000 ]---
00103 Lustre: 2176:0:(llog_test.c:1605:llog_test_10()) 10b: write 64767 log records
00103 ------------[ cut here ]------------
00103 WARNING: /home/ktest/git/linux/include/linux/fs.h:889 at osd_create+0x9cf/0xcf0 [osd_wbcfs], CPU#13: lctl/2176
00103 Modules linked in: llog_test(O) mgs(O) osd_wbcfs(O) lustre(O) obdecho(O) mgc(O) mdc(O) lov(O) osc(O) lmv(O) ec(O) fid(O) fld(O) ptlrpc(O) efivarfs obdclass(O) ksocklnd(O) lnet(O) libcfs(O)
00103 CPU: 13 UID: 0 PID: 2176 Comm: lctl Tainted: G        W  O        7.0.0-ktest-43795f2-6330a45-20260728-dirty #1 PREEMPT 
00103 Tainted: [W]=WARN, [O]=OOT_MODULE
00103 Hardware name: QEMU Standard PC (Q35 + ICH9, 2009), BIOS 2025.11-3ubuntu7 03/31/2026
00103 RIP: 0010:osd_create+0x9cf/0xcf0 [osd_wbcfs]
00103 Code: c7 c7 00 d6 af a1 48 c7 c6 a0 82 77 a1 48 c7 c2 00 8c 77 a1 e8 52 f1 43 ff 48 c7 c7 00 d6 af a1 e8 46 81 44 ff e9 fe fc ff ff <0f> 0b e9 a5 fa ff ff 48 c7 c1 80 44 5d a0 80 e1 07 80 c1 03 38 c1
00103 RSP: 0018:ffffc90001eb7478 EFLAGS: 00010246
00103 RAX: 0000000000000000 RBX: ffff88819490cc00 RCX: 0000000000000046
00103 RDX: 0000000000000000 RSI: ffff888186a9ad60 RDI: ffff88819b5d4b40
00103 RBP: ffff888186a9acd0 R08: ffffffff83a16803 R09: 1ffffffff0742d00
00103 R10: dffffc0000000000 R11: fffffbfff0742d01 R12: ffff88817cb98000
00103 R13: dffffc0000000000 R14: 1ffff11032921980 R15: 1ffff1102f97300f
00103 FS:  00007fa9ee237940(0000) GS:ffff88831eaad000(0000) knlGS:0000000000000000
00103 CS:  0010 DS: 0000 ES: 0000 CR0: 0000000080050033
00103 CR2: 00007fb143f09b68 CR3: 000000018d31f000 CR4: 0000000000750eb0
00103 PKRU: 55555554
00103 Call Trace:
00103  <TASK>
00103  ? local_object_create+0x109/0x640 [obdclass]
00103  ? dt_write_lock+0x16d/0x2a0 [obdclass]
00103  ? llog_osd_create+0x356/0x10d0 [obdclass]
00103  ? llog_create+0x2ed/0x530 [obdclass]
00103  ? llog_cat_new_log+0x6d1/0x2970 [obdclass]
00103  ? llog_cat_add_rec+0x6ba/0x1960 [obdclass]
00103  ? llog_cat_add+0x499/0x7a0 [obdclass]
00103  ? llog_test_10+0x6d0/0x5520 [llog_test]
00103  ? lu_object_put+0xa64/0x1210 [obdclass]
00103  ? do_raw_spin_unlock+0x52/0x230
00103  ? _raw_spin_unlock+0x23/0x40
00103  ? __llog_ctxt_put+0x1c4/0x2f0 [obdclass]
00103  ? llog_run_tests+0x3f45/0x5ac0 [llog_test]
00103  ? get_random_u32+0x51/0x470
00103  ? llog_test_device_init+0x6e8/0xa20 [llog_test]
00103  ? obd_setup+0x54d/0x950 [obdclass]
00103  ? class_setup+0xc7d/0x10e0 [obdclass]
00103  ? class_process_config+0x2edb/0x7cb0 [obdclass]
00103  ? class_handle_ioctl+0x2055/0x3590 [obdclass]
00103  ? obd_class_ioctl+0x1f6/0x3c0 [obdclass]
00103  ? __x64_sys_ioctl+0x961/0xe00
00103  ? _copy_to_user+0x3d/0x60
00103  ? __x64_sys_rt_sigaction+0x107/0x140
00103  ? do_syscall_64+0xc1/0x350
00103  ? entry_SYSCALL_64_after_hwframe+0x4b/0x53
00103  </TASK>
00103 ---[ end trace 0000000000000000 ]---
00107 ------------[ cut here ]------------
00107 WARNING: /home/ktest/git/linux/include/linux/fs.h:889 at osd_create+0x9cf/0xcf0 [osd_wbcfs], CPU#13: lctl/2176
00107 Modules linked in: llog_test(O) mgs(O) osd_wbcfs(O) lustre(O) obdecho(O) mgc(O) mdc(O) lov(O) osc(O) lmv(O) ec(O) fid(O) fld(O) ptlrpc(O) efivarfs obdclass(O) ksocklnd(O) lnet(O) libcfs(O)
00107 CPU: 13 UID: 0 PID: 2176 Comm: lctl Tainted: G        W  O        7.0.0-ktest-43795f2-6330a45-20260728-dirty #1 PREEMPT 
00107 Tainted: [W]=WARN, [O]=OOT_MODULE
00107 Hardware name: QEMU Standard PC (Q35 + ICH9, 2009), BIOS 2025.11-3ubuntu7 03/31/2026
00107 RIP: 0010:osd_create+0x9cf/0xcf0 [osd_wbcfs]
00107 Code: c7 c7 00 d6 af a1 48 c7 c6 a0 82 77 a1 48 c7 c2 00 8c 77 a1 e8 52 f1 43 ff 48 c7 c7 00 d6 af a1 e8 46 81 44 ff e9 fe fc ff ff <0f> 0b e9 a5 fa ff ff 48 c7 c1 80 44 5d a0 80 e1 07 80 c1 03 38 c1
00107 RSP: 0018:ffffc90001eb7478 EFLAGS: 00010246
00107 RAX: 0000000000000000 RBX: ffff88819490c400 RCX: 0000000000000046
00107 RDX: 0000000000000000 RSI: ffff8882660f2648 RDI: ffff88819b5d4b40
00107 RBP: ffff8882660f25b8 R08: ffffffff83a16803 R09: 1ffffffff0742d00
00107 R10: dffffc0000000000 R11: fffffbfff0742d01 R12: ffff88817cb98000
00107 R13: dffffc0000000000 R14: 1ffff11032921880 R15: 1ffff1102f97300f
00107 FS:  00007fa9ee237940(0000) GS:ffff88831eaad000(0000) knlGS:0000000000000000
00107 CS:  0010 DS: 0000 ES: 0000 CR0: 0000000080050033
00107 CR2: 00007fb143f09b68 CR3: 000000018d31f000 CR4: 0000000000750eb0
00107 PKRU: 55555554
00107 Call Trace:
00107  <TASK>
00107  ? local_object_create+0x109/0x640 [obdclass]
00107  ? dt_write_lock+0x16d/0x2a0 [obdclass]
00107  ? llog_osd_create+0x356/0x10d0 [obdclass]
00107  ? llog_create+0x2ed/0x530 [obdclass]
00107  ? llog_cat_new_log+0x6d1/0x2970 [obdclass]
00107  ? llog_cat_add_rec+0x6ba/0x1960 [obdclass]
00107  ? llog_cat_add+0x499/0x7a0 [obdclass]
00107  ? llog_test_10+0x6d0/0x5520 [llog_test]
00107  ? lu_object_put+0xa64/0x1210 [obdclass]
00107  ? do_raw_spin_unlock+0x52/0x230
00107  ? _raw_spin_unlock+0x23/0x40
00107  ? __llog_ctxt_put+0x1c4/0x2f0 [obdclass]
00107  ? llog_run_tests+0x3f45/0x5ac0 [llog_test]
00107  ? get_random_u32+0x51/0x470
00107  ? llog_test_device_init+0x6e8/0xa20 [llog_test]
00107  ? obd_setup+0x54d/0x950 [obdclass]
00107  ? class_setup+0xc7d/0x10e0 [obdclass]
00107  ? class_process_config+0x2edb/0x7cb0 [obdclass]
00107  ? class_handle_ioctl+0x2055/0x3590 [obdclass]
00107  ? obd_class_ioctl+0x1f6/0x3c0 [obdclass]
00107  ? __x64_sys_ioctl+0x961/0xe00
00107  ? _copy_to_user+0x3d/0x60
00107  ? __x64_sys_rt_sigaction+0x107/0x140
00107  ? do_syscall_64+0xc1/0x350
00107  ? entry_SYSCALL_64_after_hwframe+0x4b/0x53
00107  </TASK>
00107 ---[ end trace 0000000000000000 ]---
00107 Lustre: 2176:0:(llog_test.c:1631:llog_test_10()) 10c: write 129534 more log records
00110 ------------[ cut here ]------------
00110 WARNING: /home/ktest/git/linux/include/linux/fs.h:889 at osd_create+0x9cf/0xcf0 [osd_wbcfs], CPU#13: lctl/2176
00110 Modules linked in: llog_test(O) mgs(O) osd_wbcfs(O) lustre(O) obdecho(O) mgc(O) mdc(O) lov(O) osc(O) lmv(O) ec(O) fid(O) fld(O) ptlrpc(O) efivarfs obdclass(O) ksocklnd(O) lnet(O) libcfs(O)
00110 CPU: 13 UID: 0 PID: 2176 Comm: lctl Tainted: G        W  O        7.0.0-ktest-43795f2-6330a45-20260728-dirty #1 PREEMPT 
00110 Tainted: [W]=WARN, [O]=OOT_MODULE
00110 Hardware name: QEMU Standard PC (Q35 + ICH9, 2009), BIOS 2025.11-3ubuntu7 03/31/2026
00110 RIP: 0010:osd_create+0x9cf/0xcf0 [osd_wbcfs]
00110 Code: c7 c7 00 d6 af a1 48 c7 c6 a0 82 77 a1 48 c7 c2 00 8c 77 a1 e8 52 f1 43 ff 48 c7 c7 00 d6 af a1 e8 46 81 44 ff e9 fe fc ff ff <0f> 0b e9 a5 fa ff ff 48 c7 c1 80 44 5d a0 80 e1 07 80 c1 03 38 c1
00110 RSP: 0018:ffffc90001eb7478 EFLAGS: 00010246
00110 RAX: 0000000000000000 RBX: ffff8882660ea000 RCX: 0000000000000046
00110 RDX: 0000000000000000 RSI: ffff8882660f1f30 RDI: ffff88819b5d4b40
00110 RBP: ffff8882660f1ea0 R08: ffffffff83a16803 R09: 1ffffffff0742d00
00110 R10: dffffc0000000000 R11: fffffbfff0742d01 R12: ffff88817cb98000
00110 R13: dffffc0000000000 R14: 1ffff1104cc1d400 R15: 1ffff1102f97300f
00110 FS:  00007fa9ee237940(0000) GS:ffff88831eaad000(0000) knlGS:0000000000000000
00110 CS:  0010 DS: 0000 ES: 0000 CR0: 0000000080050033
00110 CR2: 00007fb143f09b68 CR3: 000000018d31f000 CR4: 0000000000750eb0
00110 PKRU: 55555554
00110 Call Trace:
00110  <TASK>
00110  ? local_object_create+0x109/0x640 [obdclass]
00110  ? dt_write_lock+0x16d/0x2a0 [obdclass]
00110  ? llog_osd_create+0x356/0x10d0 [obdclass]
00110  ? llog_create+0x2ed/0x530 [obdclass]
00110  ? llog_cat_new_log+0x6d1/0x2970 [obdclass]
00110  ? llog_cat_add_rec+0x6ba/0x1960 [obdclass]
00110  ? llog_cat_add+0x499/0x7a0 [obdclass]
00110  ? llog_test_10+0x986/0x5520 [llog_test]
00110  ? lu_object_put+0xa64/0x1210 [obdclass]
00110  ? do_raw_spin_unlock+0x52/0x230
00110  ? _raw_spin_unlock+0x23/0x40
00110  ? __llog_ctxt_put+0x1c4/0x2f0 [obdclass]
00110  ? llog_run_tests+0x3f45/0x5ac0 [llog_test]
00110  ? get_random_u32+0x51/0x470
00110  ? llog_test_device_init+0x6e8/0xa20 [llog_test]
00110  ? obd_setup+0x54d/0x950 [obdclass]
00110  ? class_setup+0xc7d/0x10e0 [obdclass]
00110  ? class_process_config+0x2edb/0x7cb0 [obdclass]
00110  ? class_handle_ioctl+0x2055/0x3590 [obdclass]
00110  ? obd_class_ioctl+0x1f6/0x3c0 [obdclass]
00110  ? __x64_sys_ioctl+0x961/0xe00
00110  ? _copy_to_user+0x3d/0x60
00110  ? __x64_sys_rt_sigaction+0x107/0x140
00110  ? do_syscall_64+0xc1/0x350
00110  ? entry_SYSCALL_64_after_hwframe+0x4b/0x53
00110  </TASK>
00110 ---[ end trace 0000000000000000 ]---
00114 ------------[ cut here ]------------
00114 WARNING: /home/ktest/git/linux/include/linux/fs.h:889 at osd_create+0x9cf/0xcf0 [osd_wbcfs], CPU#13: lctl/2176
00114 Modules linked in: llog_test(O) mgs(O) osd_wbcfs(O) lustre(O) obdecho(O) mgc(O) mdc(O) lov(O) osc(O) lmv(O) ec(O) fid(O) fld(O) ptlrpc(O) efivarfs obdclass(O) ksocklnd(O) lnet(O) libcfs(O)
00114 CPU: 13 UID: 0 PID: 2176 Comm: lctl Tainted: G        W  O        7.0.0-ktest-43795f2-6330a45-20260728-dirty #1 PREEMPT 
00114 Tainted: [W]=WARN, [O]=OOT_MODULE
00114 Hardware name: QEMU Standard PC (Q35 + ICH9, 2009), BIOS 2025.11-3ubuntu7 03/31/2026
00114 RIP: 0010:osd_create+0x9cf/0xcf0 [osd_wbcfs]
00114 Code: c7 c7 00 d6 af a1 48 c7 c6 a0 82 77 a1 48 c7 c2 00 8c 77 a1 e8 52 f1 43 ff 48 c7 c7 00 d6 af a1 e8 46 81 44 ff e9 fe fc ff ff <0f> 0b e9 a5 fa ff ff 48 c7 c1 80 44 5d a0 80 e1 07 80 c1 03 38 c1
00114 RSP: 0018:ffffc90001eb7478 EFLAGS: 00010246
00114 RAX: 0000000000000000 RBX: ffff888272a04400 RCX: 0000000000000046
00114 RDX: 0000000000000000 RSI: ffff8882660f1818 RDI: ffff88819b5d4b40
00114 RBP: ffff8882660f1788 R08: ffffffff83a16803 R09: 1ffffffff0742d00
00114 R10: dffffc0000000000 R11: fffffbfff0742d01 R12: ffff88817cb98000
00114 R13: dffffc0000000000 R14: 1ffff1104e540880 R15: 1ffff1102f97300f
00114 FS:  00007fa9ee237940(0000) GS:ffff88831eaad000(0000) knlGS:0000000000000000
00114 CS:  0010 DS: 0000 ES: 0000 CR0: 0000000080050033
00114 CR2: 00007fb143f09b68 CR3: 000000018d31f000 CR4: 0000000000750eb0
00114 PKRU: 55555554
00114 Call Trace:
00114  <TASK>
00114  ? local_object_create+0x109/0x640 [obdclass]
00114  ? dt_write_lock+0x16d/0x2a0 [obdclass]
00114  ? llog_osd_create+0x356/0x10d0 [obdclass]
00114  ? llog_create+0x2ed/0x530 [obdclass]
00114  ? llog_cat_new_log+0x6d1/0x2970 [obdclass]
00114  ? llog_cat_add_rec+0x6ba/0x1960 [obdclass]
00114  ? llog_cat_add+0x499/0x7a0 [obdclass]
00114  ? llog_test_10+0x986/0x5520 [llog_test]
00114  ? lu_object_put+0xa64/0x1210 [obdclass]
00114  ? do_raw_spin_unlock+0x52/0x230
00114  ? _raw_spin_unlock+0x23/0x40
00114  ? __llog_ctxt_put+0x1c4/0x2f0 [obdclass]
00114  ? llog_run_tests+0x3f45/0x5ac0 [llog_test]
00114  ? get_random_u32+0x51/0x470
00114  ? llog_test_device_init+0x6e8/0xa20 [llog_test]
00114  ? obd_setup+0x54d/0x950 [obdclass]
00114  ? class_setup+0xc7d/0x10e0 [obdclass]
00114  ? class_process_config+0x2edb/0x7cb0 [obdclass]
00114  ? class_handle_ioctl+0x2055/0x3590 [obdclass]
00114  ? obd_class_ioctl+0x1f6/0x3c0 [obdclass]
00114  ? __x64_sys_ioctl+0x961/0xe00
00114  ? _copy_to_user+0x3d/0x60
00114  ? __x64_sys_rt_sigaction+0x107/0x140
00114  ? do_syscall_64+0xc1/0x350
00114  ? entry_SYSCALL_64_after_hwframe+0x4b/0x53
00114  </TASK>
00114 ---[ end trace 0000000000000000 ]---
00114 Lustre: 2176:0:(llog_test.c:1663:llog_test_10()) 10c: write 64767 more log records
00117 Lustre: 2176:0:(llog_cat.c:80:llog_cat_new_log()) MGS: there are no more free slots in catalog 4f5e3d74
00117 LustreError: 2176:0:(llog_cat.c:588:llog_cat_add_rec()) MGS: initialization error: rc = -28
00117 Lustre: 2176:0:(llog_test.c:1689:llog_test_10()) 10c: wrote 64011 records then 756 failed with ENOSPC
00117 Lustre: 2176:0:(llog_test.c:1708:llog_test_10()) 10d: Cancel 64767 records, see one log zapped
00120 Lustre: 2176:0:(llog_test.c:1722:llog_test_10()) 10d: print the catalog entries.. we expect 3
00120 Lustre: 2200:0:(llog_test.c:700:cat_print_cb()) seeing record at index 2 - [0x1:0x19:0x0] in log [0xa:0x5:0x0]
00120 Lustre: 2176:0:(llog_test.c:1752:llog_test_10()) 10e: write 64767 more log records
00120 ------------[ cut here ]------------
00120 WARNING: /home/ktest/git/linux/include/linux/fs.h:889 at osd_create+0x9cf/0xcf0 [osd_wbcfs], CPU#13: lctl/2176
00120 Modules linked in: llog_test(O) mgs(O) osd_wbcfs(O) lustre(O) obdecho(O) mgc(O) mdc(O) lov(O) osc(O) lmv(O) ec(O) fid(O) fld(O) ptlrpc(O) efivarfs obdclass(O) ksocklnd(O) lnet(O) libcfs(O)
00120 CPU: 13 UID: 0 PID: 2176 Comm: lctl Tainted: G        W  O        7.0.0-ktest-43795f2-6330a45-20260728-dirty #1 PREEMPT 
00120 Tainted: [W]=WARN, [O]=OOT_MODULE
00120 Hardware name: QEMU Standard PC (Q35 + ICH9, 2009), BIOS 2025.11-3ubuntu7 03/31/2026
00120 RIP: 0010:osd_create+0x9cf/0xcf0 [osd_wbcfs]
00120 Code: c7 c7 00 d6 af a1 48 c7 c6 a0 82 77 a1 48 c7 c2 00 8c 77 a1 e8 52 f1 43 ff 48 c7 c7 00 d6 af a1 e8 46 81 44 ff e9 fe fc ff ff <0f> 0b e9 a5 fa ff ff 48 c7 c1 80 44 5d a0 80 e1 07 80 c1 03 38 c1
00120 RSP: 0018:ffffc90001eb7478 EFLAGS: 00010246
00120 RAX: 0000000000000000 RBX: ffff88827f75c400 RCX: 0000000000000046
00120 RDX: 0000000000000000 RSI: ffff8882660f1100 RDI: ffff88819b5d4b40
00120 RBP: ffff8882660f1070 R08: ffffffff83a16803 R09: 1ffffffff0742d00
00120 R10: dffffc0000000000 R11: fffffbfff0742d01 R12: ffff88817cb98000
00120 R13: dffffc0000000000 R14: 1ffff1104feeb880 R15: 1ffff1102f97300f
00120 FS:  00007fa9ee237940(0000) GS:ffff88831eaad000(0000) knlGS:0000000000000000
00120 CS:  0010 DS: 0000 ES: 0000 CR0: 0000000080050033
00120 CR2: 00007fb143f09b68 CR3: 000000018d31f000 CR4: 0000000000750eb0
00120 PKRU: 55555554
00120 Call Trace:
00120  <TASK>
00120  ? local_object_create+0x109/0x640 [obdclass]
00120  ? dt_write_lock+0x16d/0x2a0 [obdclass]
00120  ? llog_osd_create+0x356/0x10d0 [obdclass]
00120  ? llog_create+0x2ed/0x530 [obdclass]
00120  ? llog_cat_new_log+0x6d1/0x2970 [obdclass]
00120  ? llog_cat_add_rec+0x6ba/0x1960 [obdclass]
00120  ? llog_cat_add+0x499/0x7a0 [obdclass]
00120  ? llog_test_10+0x1844/0x5520 [llog_test]
00120  ? lu_object_put+0xa64/0x1210 [obdclass]
00120  ? do_raw_spin_unlock+0x52/0x230
00120  ? _raw_spin_unlock+0x23/0x40
00120  ? __llog_ctxt_put+0x1c4/0x2f0 [obdclass]
00120  ? llog_run_tests+0x3f45/0x5ac0 [llog_test]
00120  ? get_random_u32+0x51/0x470
00120  ? llog_test_device_init+0x6e8/0xa20 [llog_test]
00120  ? obd_setup+0x54d/0x950 [obdclass]
00120  ? class_setup+0xc7d/0x10e0 [obdclass]
00120  ? class_process_config+0x2edb/0x7cb0 [obdclass]
00120  ? class_handle_ioctl+0x2055/0x3590 [obdclass]
00120  ? obd_class_ioctl+0x1f6/0x3c0 [obdclass]
00120  ? __x64_sys_ioctl+0x961/0xe00
00120  ? _copy_to_user+0x3d/0x60
00120  ? __x64_sys_rt_sigaction+0x107/0x140
00120  ? do_syscall_64+0xc1/0x350
00120  ? entry_SYSCALL_64_after_hwframe+0x4b/0x53
00120  </TASK>
00120 ---[ end trace 0000000000000000 ]---
00123 Lustre: 2176:0:(llog_cat.c:80:llog_cat_new_log()) MGS: there are no more free slots in catalog 4f5e3d74
00123 Lustre: 2176:0:(llog_cat.c:80:llog_cat_new_log()) Skipped 755 previous similar messages
00123 LustreError: 2176:0:(llog_cat.c:588:llog_cat_add_rec()) MGS: initialization error: rc = -28
00123 LustreError: 2176:0:(llog_cat.c:588:llog_cat_add_rec()) Skipped 755 previous similar messages
00123 Lustre: 2176:0:(llog_test.c:1778:llog_test_10()) 10e: wrote 64578 records then 189 failed with ENOSPC
00123 Lustre: 2176:0:(llog_test.c:1780:llog_test_10()) 10e: print the catalog entries.. we expect 4
00123 Lustre: 2176:0:(llog_cat.c:977:llog_cat_process_or_fork()) MGS: catlog [0xa:0x5:0x0] crosses index zero
00123 Lustre: 2176:0:(llog_test.c:700:cat_print_cb()) seeing record at index 2 - [0x1:0x19:0x0] in log [0xa:0x5:0x0]
00123 Lustre: 2176:0:(llog_test.c:700:cat_print_cb()) Skipped 2 previous similar messages
00123 Lustre: 2176:0:(llog_test.c:1816:llog_test_10()) 10e: catalog successfully wrap around, last_idx 1, first 1
00123 Lustre: 2176:0:(llog_test.c:1833:llog_test_10()) 10f: Cancel 64767 records, see one log zapped
00125 Lustre: 2176:0:(llog_test.c:1847:llog_test_10()) 10f: print the catalog entries.. we expect 3
00125 Lustre: 2176:0:(llog_cat.c:977:llog_cat_process_or_fork()) MGS: catlog [0xa:0x5:0x0] crosses index zero
00125 Lustre: 2176:0:(llog_cat.c:977:llog_cat_process_or_fork()) Skipped 1 previous similar message
00125 Lustre: 2176:0:(llog_test.c:1878:llog_test_10()) 10f: write 64767 more log records
00125 ------------[ cut here ]------------
00125 WARNING: /home/ktest/git/linux/include/linux/fs.h:889 at osd_create+0x9cf/0xcf0 [osd_wbcfs], CPU#13: lctl/2176
00125 Modules linked in: llog_test(O) mgs(O) osd_wbcfs(O) lustre(O) obdecho(O) mgc(O) mdc(O) lov(O) osc(O) lmv(O) ec(O) fid(O) fld(O) ptlrpc(O) efivarfs obdclass(O) ksocklnd(O) lnet(O) libcfs(O)
00125 CPU: 13 UID: 0 PID: 2176 Comm: lctl Tainted: G        W  O        7.0.0-ktest-43795f2-6330a45-20260728-dirty #1 PREEMPT 
00125 Tainted: [W]=WARN, [O]=OOT_MODULE
00125 Hardware name: QEMU Standard PC (Q35 + ICH9, 2009), BIOS 2025.11-3ubuntu7 03/31/2026
00125 RIP: 0010:osd_create+0x9cf/0xcf0 [osd_wbcfs]
00125 Code: c7 c7 00 d6 af a1 48 c7 c6 a0 82 77 a1 48 c7 c2 00 8c 77 a1 e8 52 f1 43 ff 48 c7 c7 00 d6 af a1 e8 46 81 44 ff e9 fe fc ff ff <0f> 0b e9 a5 fa ff ff 48 c7 c1 80 44 5d a0 80 e1 07 80 c1 03 38 c1
00125 RSP: 0018:ffffc90001eb7478 EFLAGS: 00010246
00125 RAX: 0000000000000000 RBX: ffff88828c37e400 RCX: 0000000000000046
00125 RDX: 0000000000000000 RSI: ffff8882660f09e8 RDI: ffff88819b5d4b40
00125 RBP: ffff8882660f0958 R08: ffffffff83a16803 R09: 1ffffffff0742d00
00125 R10: dffffc0000000000 R11: fffffbfff0742d01 R12: ffff88817cb98000
00125 R13: dffffc0000000000 R14: 1ffff1105186fc80 R15: 1ffff1102f97300f
00125 FS:  00007fa9ee237940(0000) GS:ffff88831eaad000(0000) knlGS:0000000000000000
00125 CS:  0010 DS: 0000 ES: 0000 CR0: 0000000080050033
00125 CR2: 00007fb143f09b68 CR3: 000000018d31f000 CR4: 0000000000750eb0
00125 PKRU: 55555554
00125 Call Trace:
00125  <TASK>
00125  ? local_object_create+0x109/0x640 [obdclass]
00125  ? dt_write_lock+0x16d/0x2a0 [obdclass]
00125  ? llog_osd_create+0x356/0x10d0 [obdclass]
00125  ? llog_create+0x2ed/0x530 [obdclass]
00125  ? llog_cat_new_log+0x6d1/0x2970 [obdclass]
00125  ? llog_cat_add_rec+0x6ba/0x1960 [obdclass]
00125  ? llog_cat_add+0x499/0x7a0 [obdclass]
00125  ? llog_test_10+0x2b62/0x5520 [llog_test]
00125  ? lu_object_put+0xa64/0x1210 [obdclass]
00125  ? do_raw_spin_unlock+0x52/0x230
00125  ? _raw_spin_unlock+0x23/0x40
00125  ? __llog_ctxt_put+0x1c4/0x2f0 [obdclass]
00125  ? llog_run_tests+0x3f45/0x5ac0 [llog_test]
00125  ? get_random_u32+0x51/0x470
00125  ? llog_test_device_init+0x6e8/0xa20 [llog_test]
00125  ? obd_setup+0x54d/0x950 [obdclass]
00125  ? class_setup+0xc7d/0x10e0 [obdclass]
00125  ? class_process_config+0x2edb/0x7cb0 [obdclass]
00125  ? class_handle_ioctl+0x2055/0x3590 [obdclass]
00125  ? obd_class_ioctl+0x1f6/0x3c0 [obdclass]
00125  ? __x64_sys_ioctl+0x961/0xe00
00125  ? _copy_to_user+0x3d/0x60
00125  ? __x64_sys_rt_sigaction+0x107/0x140
00125  ? do_syscall_64+0xc1/0x350
00125  ? entry_SYSCALL_64_after_hwframe+0x4b/0x53
00125  </TASK>
00125 ---[ end trace 0000000000000000 ]---
00129 Lustre: 2176:0:(llog_cat.c:80:llog_cat_new_log()) MGS: there are no more free slots in catalog 4f5e3d74
00129 Lustre: 2176:0:(llog_cat.c:80:llog_cat_new_log()) Skipped 188 previous similar messages
00129 LustreError: 2176:0:(llog_cat.c:588:llog_cat_add_rec()) MGS: initialization error: rc = -28
00129 LustreError: 2176:0:(llog_cat.c:588:llog_cat_add_rec()) Skipped 188 previous similar messages
00129 Lustre: 2176:0:(llog_test.c:1904:llog_test_10()) 10f: wrote 64578 records then 189 failed with ENOSPC
00129 Lustre: 2176:0:(llog_test.c:1950:llog_test_10()) 10g: Cancel 64767 records, see one log zapped
00129 Lustre: 2176:0:(llog_cat.c:977:llog_cat_process_or_fork()) MGS: catlog [0xa:0x5:0x0] crosses index zero
00131 Lustre: 2176:0:(llog_test.c:1962:llog_test_10()) 10g: print the catalog entries.. we expect 3
00131 Lustre: 2176:0:(llog_cat.c:977:llog_cat_process_or_fork()) MGS: catlog [0xa:0x5:0x0] crosses index zero
00131 Lustre: 2176:0:(llog_test.c:700:cat_print_cb()) seeing record at index 4 - [0x1:0x1b:0x0] in log [0xa:0x5:0x0]
00131 Lustre: 2176:0:(llog_test.c:700:cat_print_cb()) Skipped 6 previous similar messages
00131 Lustre: 2176:0:(llog_test.c:1992:llog_test_10()) 10g: Cancel 64767 records, see one log zapped
00134 Lustre: 2176:0:(llog_test.c:2006:llog_test_10()) 10g: print the catalog entries.. we expect 2
00134 Lustre: 2176:0:(llog_test.c:2044:llog_test_10()) 10g: Cancel 64767 records, see one log zapped
00136 Lustre: 2176:0:(llog_test.c:2058:llog_test_10()) 10g: print the catalog entries.. we expect 1
00136 Lustre: 2176:0:(llog_test.c:2084:llog_test_10()) 10g: llh_cat_idx has also successfully wrapped!
00136 Lustre: 2202:0:(llog_test.c:1534:cat_check_old_cb()) seeing record at index 2 - [0x1:0x1d:0x0] in log [0xa:0x5:0x0]
00137 Lustre: 2176:0:(llog_test.c:2108:llog_test_10()) 10h: write 64767 more log records
00137 ------------[ cut here ]------------
00137 WARNING: /home/ktest/git/linux/include/linux/fs.h:889 at osd_create+0x9cf/0xcf0 [osd_wbcfs], CPU#13: lctl/2176
00137 Modules linked in: llog_test(O) mgs(O) osd_wbcfs(O) lustre(O) obdecho(O) mgc(O) mdc(O) lov(O) osc(O) lmv(O) ec(O) fid(O) fld(O) ptlrpc(O) efivarfs obdclass(O) ksocklnd(O) lnet(O) libcfs(O)
00137 CPU: 13 UID: 0 PID: 2176 Comm: lctl Tainted: G        W  O        7.0.0-ktest-43795f2-6330a45-20260728-dirty #1 PREEMPT 
00137 Tainted: [W]=WARN, [O]=OOT_MODULE
00137 Hardware name: QEMU Standard PC (Q35 + ICH9, 2009), BIOS 2025.11-3ubuntu7 03/31/2026
00137 RIP: 0010:osd_create+0x9cf/0xcf0 [osd_wbcfs]
00137 Code: c7 c7 00 d6 af a1 48 c7 c6 a0 82 77 a1 48 c7 c2 00 8c 77 a1 e8 52 f1 43 ff 48 c7 c7 00 d6 af a1 e8 46 81 44 ff e9 fe fc ff ff <0f> 0b e9 a5 fa ff ff 48 c7 c1 80 44 5d a0 80 e1 07 80 c1 03 38 c1
00137 RSP: 0018:ffffc90001eb7478 EFLAGS: 00010246
00137 RAX: 0000000000000000 RBX: ffff8880735eb400 RCX: 0000000000000046
00137 RDX: 0000000000000000 RSI: ffff8882660f02d0 RDI: ffff88819b5d4b40
00137 RBP: ffff8882660f0240 R08: ffffffff83a16803 R09: 1ffffffff0742d00
00137 R10: dffffc0000000000 R11: fffffbfff0742d01 R12: ffff88817cb98000
00137 R13: dffffc0000000000 R14: 1ffff1100e6bd680 R15: 1ffff1102f97300f
00137 FS:  00007fa9ee237940(0000) GS:ffff88831eaad000(0000) knlGS:0000000000000000
00137 CS:  0010 DS: 0000 ES: 0000 CR0: 0000000080050033
00137 CR2: 00007fb143f09b68 CR3: 000000018d31f000 CR4: 0000000000750eb0
00137 PKRU: 55555554
00137 Call Trace:
00137  <TASK>
00137  ? local_object_create+0x109/0x640 [obdclass]
00137  ? dt_write_lock+0x16d/0x2a0 [obdclass]
00137  ? llog_osd_create+0x356/0x10d0 [obdclass]
00137  ? llog_create+0x2ed/0x530 [obdclass]
00137  ? llog_cat_new_log+0x6d1/0x2970 [obdclass]
00137  ? llog_cat_add_rec+0x6ba/0x1960 [obdclass]
00137  ? llog_cat_add+0x499/0x7a0 [obdclass]
00137  ? llog_test_10+0x5016/0x5520 [llog_test]
00137  ? llog_test_9_sub+0x800/0x800 [llog_test]
00137  ? llog_run_tests+0x3f45/0x5ac0 [llog_test]
00137  ? get_random_u32+0x51/0x470
00137  ? llog_test_device_init+0x6e8/0xa20 [llog_test]
00137  ? obd_setup+0x54d/0x950 [obdclass]
00137  ? class_setup+0xc7d/0x10e0 [obdclass]
00137  ? class_process_config+0x2edb/0x7cb0 [obdclass]
00137  ? class_handle_ioctl+0x2055/0x3590 [obdclass]
00137  ? obd_class_ioctl+0x1f6/0x3c0 [obdclass]
00137  ? __x64_sys_ioctl+0x961/0xe00
00137  ? _copy_to_user+0x3d/0x60
00137  ? __x64_sys_rt_sigaction+0x107/0x140
00137  ? do_syscall_64+0xc1/0x350
00137  ? entry_SYSCALL_64_after_hwframe+0x4b/0x53
00137  </TASK>
00137 ---[ end trace 0000000000000000 ]---
00137 LustreError: 2176:0:(llog_osd.c:684:llog_osd_write_rec()) cfs_race id 1317 sleeping
00137 LustreError: 2202:0:(llog.c:685:llog_process_thread()) cfs_fail_race id 1317 waking
00137 LustreError: 2176:0:(llog_osd.c:684:llog_osd_write_rec()) cfs_fail_race id 1317 awake: rc=444
00139 LustreError: 2202:0:(llog.c:685:llog_process_thread()) cfs_fail_race id 1317 waking
00139 Lustre: 2202:0:(llog_test.c:1534:cat_check_old_cb()) seeing record at index 3 - [0x1:0x1e:0x0] in log [0xa:0x5:0x0]
00142 ------------[ cut here ]------------
00142 WARNING: /home/ktest/git/linux/include/linux/fs.h:889 at osd_create+0x9cf/0xcf0 [osd_wbcfs], CPU#13: lctl/2176
00142 Modules linked in: llog_test(O) mgs(O) osd_wbcfs(O) lustre(O) obdecho(O) mgc(O) mdc(O) lov(O) osc(O) lmv(O) ec(O) fid(O) fld(O) ptlrpc(O) efivarfs obdclass(O) ksocklnd(O) lnet(O) libcfs(O)
00142 CPU: 13 UID: 0 PID: 2176 Comm: lctl Tainted: G        W  O        7.0.0-ktest-43795f2-6330a45-20260728-dirty #1 PREEMPT 
00142 Tainted: [W]=WARN, [O]=OOT_MODULE
00142 Hardware name: QEMU Standard PC (Q35 + ICH9, 2009), BIOS 2025.11-3ubuntu7 03/31/2026
00142 RIP: 0010:osd_create+0x9cf/0xcf0 [osd_wbcfs]
00142 Code: c7 c7 00 d6 af a1 48 c7 c6 a0 82 77 a1 48 c7 c2 00 8c 77 a1 e8 52 f1 43 ff 48 c7 c7 00 d6 af a1 e8 46 81 44 ff e9 fe fc ff ff <0f> 0b e9 a5 fa ff ff 48 c7 c1 80 44 5d a0 80 e1 07 80 c1 03 38 c1
00142 RSP: 0018:ffffc90001eb7478 EFLAGS: 00010246
00142 RAX: 0000000000000000 RBX: ffff888014302000 RCX: 0000000000000046
00142 RDX: 0000000000000000 RSI: ffff8881988a7b68 RDI: ffff88819b5d4b40
00142 RBP: ffff8881988a7ad8 R08: ffffffff83a16803 R09: 1ffffffff0742d00
00142 R10: dffffc0000000000 R11: fffffbfff0742d01 R12: ffff88817cb98000
00142 R13: dffffc0000000000 R14: 1ffff11002860400 R15: 1ffff1102f97300f
00142 FS:  00007fa9ee237940(0000) GS:ffff88831eaad000(0000) knlGS:0000000000000000
00142 CS:  0010 DS: 0000 ES: 0000 CR0: 0000000080050033
00142 CR2: 00007fb143f09b68 CR3: 000000018d31f000 CR4: 0000000000750eb0
00142 PKRU: 55555554
00142 Call Trace:
00142  <TASK>
00142  ? local_object_create+0x109/0x640 [obdclass]
00142  ? dt_write_lock+0x16d/0x2a0 [obdclass]
00142  ? llog_osd_create+0x356/0x10d0 [obdclass]
00142  ? llog_create+0x2ed/0x530 [obdclass]
00142  ? llog_cat_new_log+0x6d1/0x2970 [obdclass]
00142  ? llog_cat_add_rec+0x6ba/0x1960 [obdclass]
00142  ? llog_cat_add+0x499/0x7a0 [obdclass]
00142  ? llog_test_10+0x5016/0x5520 [llog_test]
00142  ? llog_test_9_sub+0x800/0x800 [llog_test]
00142  ? llog_run_tests+0x3f45/0x5ac0 [llog_test]
00142  ? get_random_u32+0x51/0x470
00142  ? llog_test_device_init+0x6e8/0xa20 [llog_test]
00142  ? obd_setup+0x54d/0x950 [obdclass]
00142  ? class_setup+0xc7d/0x10e0 [obdclass]
00142  ? class_process_config+0x2edb/0x7cb0 [obdclass]
00142  ? class_handle_ioctl+0x2055/0x3590 [obdclass]
00142  ? obd_class_ioctl+0x1f6/0x3c0 [obdclass]
00142  ? __x64_sys_ioctl+0x961/0xe00
00142  ? _copy_to_user+0x3d/0x60
00142  ? __x64_sys_rt_sigaction+0x107/0x140
00142  ? do_syscall_64+0xc1/0x350
00142  ? entry_SYSCALL_64_after_hwframe+0x4b/0x53
00142  </TASK>
00142 ---[ end trace 0000000000000000 ]---
00142 LustreError: 2176:0:(llog_osd.c:684:llog_osd_write_rec()) cfs_fail_race id 1317 waking
00143 Lustre: 2176:0:(llog_test.c:2134:llog_test_10()) 10h: wrote 64767 records then 0 failed with ENOSPC
00143 Lustre: 2176:0:(llog_test.c:2147:llog_test_10()) 10: put newly-created catalog
00143 Lustre: 2176:0:(llog_test.c:2177:llog_test_11()) 11: create a plain nameless log
00143 ------------[ cut here ]------------
00143 WARNING: /home/ktest/git/linux/include/linux/fs.h:889 at osd_create+0x9cf/0xcf0 [osd_wbcfs], CPU#13: lctl/2176
00143 Modules linked in: llog_test(O) mgs(O) osd_wbcfs(O) lustre(O) obdecho(O) mgc(O) mdc(O) lov(O) osc(O) lmv(O) ec(O) fid(O) fld(O) ptlrpc(O) efivarfs obdclass(O) ksocklnd(O) lnet(O) libcfs(O)
00143 CPU: 13 UID: 0 PID: 2176 Comm: lctl Tainted: G        W  O        7.0.0-ktest-43795f2-6330a45-20260728-dirty #1 PREEMPT 
00143 Tainted: [W]=WARN, [O]=OOT_MODULE
00143 Hardware name: QEMU Standard PC (Q35 + ICH9, 2009), BIOS 2025.11-3ubuntu7 03/31/2026
00143 RIP: 0010:osd_create+0x9cf/0xcf0 [osd_wbcfs]
00143 Code: c7 c7 00 d6 af a1 48 c7 c6 a0 82 77 a1 48 c7 c2 00 8c 77 a1 e8 52 f1 43 ff 48 c7 c7 00 d6 af a1 e8 46 81 44 ff e9 fe fc ff ff <0f> 0b e9 a5 fa ff ff 48 c7 c1 80 44 5d a0 80 e1 07 80 c1 03 38 c1
00143 RSP: 0018:ffffc90001eb7670 EFLAGS: 00010246
00143 RAX: 0000000000000000 RBX: ffff888035535c00 RCX: 0000000000000046
00143 RDX: 0000000000000000 RSI: ffff8881988a7450 RDI: ffff88819b5d4b18
00143 RBP: ffff8881988a73c0 R08: ffffffff83a16803 R09: 1ffffffff0742d00
00143 R10: dffffc0000000000 R11: fffffbfff0742d01 R12: ffff88817cb98000
00143 R13: dffffc0000000000 R14: 1ffff11006aa6b80 R15: 1ffff1102f97300f
00143 FS:  00007fa9ee237940(0000) GS:ffff88831eaad000(0000) knlGS:0000000000000000
00143 CS:  0010 DS: 0000 ES: 0000 CR0: 0000000080050033
00143 CR2: 00007fb143f09b68 CR3: 000000018d31f000 CR4: 0000000000750eb0
00143 PKRU: 55555554
00143 Call Trace:
00143  <TASK>
00143  ? local_object_create+0x109/0x640 [obdclass]
00143  ? dt_write_lock+0x16d/0x2a0 [obdclass]
00143  ? llog_osd_create+0x356/0x10d0 [obdclass]
00143  ? llog_create+0x2ed/0x530 [obdclass]
00143  ? llog_open_create+0x6e7/0xb30 [obdclass]
00143  ? llog_test_11+0x2a4/0x1130 [llog_test]
00143  ? llog_test_9_sub+0x800/0x800 [llog_test]
00143  ? llog_run_tests+0x41b0/0x5ac0 [llog_test]
00143  ? get_random_u32+0x51/0x470
00143  ? llog_test_device_init+0x6e8/0xa20 [llog_test]
00143  ? obd_setup+0x54d/0x950 [obdclass]
00143  ? class_setup+0xc7d/0x10e0 [obdclass]
00143  ? class_process_config+0x2edb/0x7cb0 [obdclass]
00143  ? class_handle_ioctl+0x2055/0x3590 [obdclass]
00143  ? obd_class_ioctl+0x1f6/0x3c0 [obdclass]
00143  ? __x64_sys_ioctl+0x961/0xe00
00143  ? _copy_to_user+0x3d/0x60
00143  ? __x64_sys_rt_sigaction+0x107/0x140
00143  ? do_syscall_64+0xc1/0x350
00143  ? entry_SYSCALL_64_after_hwframe+0x4b/0x53
00143  </TASK>
00143 ---[ end trace 0000000000000000 ]---
00143 Lustre: 2176:0:(llog_test.c:2202:llog_test_11()) 11: size 8216 in 0 blocks after 1 rec
00143 Lustre: 2176:0:(llog_test.c:2204:llog_test_11()) 11: add few records
00143 Lustre: 2176:0:(llog_test.c:2221:llog_test_11()) 11: size 10616 in 0 blocks with few recs
00143 lctl (2176): drop_caches: 3
00143 Lustre: 2176:0:(llog_test.c:2247:llog_test_11()) 11: re-open the log by LOGID and verify llh_count
00143 Lustre: 2176:0:(llog_test.c:2262:llog_test_11()) 11: size 10616 in 0 blocks after re-open
00143 Lustre: 2176:0:(llog_test.c:2352:llog_test_12()) 12: create a catalog log with name: 4f5e3d75
00143 ------------[ cut here ]------------
00143 WARNING: /home/ktest/git/linux/include/linux/fs.h:889 at osd_create+0x9cf/0xcf0 [osd_wbcfs], CPU#13: lctl/2176
00143 Modules linked in: llog_test(O) mgs(O) osd_wbcfs(O) lustre(O) obdecho(O) mgc(O) mdc(O) lov(O) osc(O) lmv(O) ec(O) fid(O) fld(O) ptlrpc(O) efivarfs obdclass(O) ksocklnd(O) lnet(O) libcfs(O)
00143 CPU: 13 UID: 0 PID: 2176 Comm: lctl Tainted: G        W  O        7.0.0-ktest-43795f2-6330a45-20260728-dirty #1 PREEMPT 
00143 Tainted: [W]=WARN, [O]=OOT_MODULE
00143 Hardware name: QEMU Standard PC (Q35 + ICH9, 2009), BIOS 2025.11-3ubuntu7 03/31/2026
00143 RIP: 0010:osd_create+0x9cf/0xcf0 [osd_wbcfs]
00143 Code: c7 c7 00 d6 af a1 48 c7 c6 a0 82 77 a1 48 c7 c2 00 8c 77 a1 e8 52 f1 43 ff 48 c7 c7 00 d6 af a1 e8 46 81 44 ff e9 fe fc ff ff <0f> 0b e9 a5 fa ff ff 48 c7 c1 80 44 5d a0 80 e1 07 80 c1 03 38 c1
00143 RSP: 0018:ffffc90001eb7648 EFLAGS: 00010246
00143 RAX: 0000000000000000 RBX: ffff8881ba758400 RCX: 0000000000000046
00143 RDX: 0000000000000000 RSI: ffff8881988a6d38 RDI: ffff88819b5d4b18
00143 RBP: ffff8881988a6ca8 R08: ffffffff83a16803 R09: 1ffffffff0742d00
00143 R10: dffffc0000000000 R11: fffffbfff0742d01 R12: ffff88817cb98000
00143 R13: dffffc0000000000 R14: 1ffff110374eb080 R15: 1ffff1102f97300f
00143 FS:  00007fa9ee237940(0000) GS:ffff88831eaad000(0000) knlGS:0000000000000000
00143 CS:  0010 DS: 0000 ES: 0000 CR0: 0000000080050033
00143 CR2: 00007fb143f09b68 CR3: 000000018d31f000 CR4: 0000000000750eb0
00143 PKRU: 55555554
00143 Call Trace:
00143  <TASK>
00143  ? local_object_create+0x109/0x640 [obdclass]
00143  ? dt_write_lock+0x16d/0x2a0 [obdclass]
00143  ? llog_osd_create+0x356/0x10d0 [obdclass]
00143  ? llog_create+0x2ed/0x530 [obdclass]
00143  ? llog_open_create+0x6e7/0xb30 [obdclass]
00143  ? llog_test_12+0x402/0x2d90 [llog_test]
00143  ? llog_test_11+0xc14/0x1130 [llog_test]
00143  ? llog_run_tests+0x4434/0x5ac0 [llog_test]
00143  ? get_random_u32+0x51/0x470
00143  ? llog_test_device_init+0x6e8/0xa20 [llog_test]
00143  ? obd_setup+0x54d/0x950 [obdclass]
00143  ? class_setup+0xc7d/0x10e0 [obdclass]
00143  ? class_process_config+0x2edb/0x7cb0 [obdclass]
00143  ? class_handle_ioctl+0x2055/0x3590 [obdclass]
00143  ? obd_class_ioctl+0x1f6/0x3c0 [obdclass]
00143  ? __x64_sys_ioctl+0x961/0xe00
00143  ? _copy_to_user+0x3d/0x60
00143  ? __x64_sys_rt_sigaction+0x107/0x140
00143  ? do_syscall_64+0xc1/0x350
00143  ? entry_SYSCALL_64_after_hwframe+0x4b/0x53
00143  </TASK>
00143 ---[ end trace 0000000000000000 ]---
00143 ------------[ cut here ]------------
00143 WARNING: /home/ktest/git/linux/include/linux/fs.h:889 at osd_create+0x9cf/0xcf0 [osd_wbcfs], CPU#13: lctl/2176
00143 Modules linked in: llog_test(O) mgs(O) osd_wbcfs(O) lustre(O) obdecho(O) mgc(O) mdc(O) lov(O) osc(O) lmv(O) ec(O) fid(O) fld(O) ptlrpc(O) efivarfs obdclass(O) ksocklnd(O) lnet(O) libcfs(O)
00143 CPU: 13 UID: 0 PID: 2176 Comm: lctl Tainted: G        W  O        7.0.0-ktest-43795f2-6330a45-20260728-dirty #1 PREEMPT 
00143 Tainted: [W]=WARN, [O]=OOT_MODULE
00143 Hardware name: QEMU Standard PC (Q35 + ICH9, 2009), BIOS 2025.11-3ubuntu7 03/31/2026
00143 RIP: 0010:osd_create+0x9cf/0xcf0 [osd_wbcfs]
00143 Code: c7 c7 00 d6 af a1 48 c7 c6 a0 82 77 a1 48 c7 c2 00 8c 77 a1 e8 52 f1 43 ff 48 c7 c7 00 d6 af a1 e8 46 81 44 ff e9 fe fc ff ff <0f> 0b e9 a5 fa ff ff 48 c7 c1 80 44 5d a0 80 e1 07 80 c1 03 38 c1
00143 RSP: 0018:ffffc90001eb74f8 EFLAGS: 00010246
00143 RAX: 0000000000000000 RBX: ffff8881ba75dc00 RCX: 0000000000000046
00143 RDX: 0000000000000000 RSI: ffff8881988a6620 RDI: ffff88819b5d4b40
00143 RBP: ffff8881988a6590 R08: ffffffff83a16803 R09: 1ffffffff0742d00
00143 R10: dffffc0000000000 R11: fffffbfff0742d01 R12: ffff88817cb98000
00143 R13: dffffc0000000000 R14: 1ffff110374ebb80 R15: 1ffff1102f97300f
00143 FS:  00007fa9ee237940(0000) GS:ffff88831eaad000(0000) knlGS:0000000000000000
00143 CS:  0010 DS: 0000 ES: 0000 CR0: 0000000080050033
00143 CR2: 00007fb143f09b68 CR3: 000000018d31f000 CR4: 0000000000750eb0
00143 PKRU: 55555554
00143 Call Trace:
00143  <TASK>
00143  ? local_object_create+0x109/0x640 [obdclass]
00143  ? dt_write_lock+0x16d/0x2a0 [obdclass]
00143  ? llog_osd_create+0x356/0x10d0 [obdclass]
00143  ? llog_create+0x2ed/0x530 [obdclass]
00143  ? llog_cat_new_log+0x6d1/0x2970 [obdclass]
00143  ? llog_cat_add_rec+0x6ba/0x1960 [obdclass]
00143  ? llog_cat_add+0x499/0x7a0 [obdclass]
00143  ? llog_test_12+0x683/0x2d90 [llog_test]
00143  ? llog_test_11+0xc14/0x1130 [llog_test]
00143  ? llog_run_tests+0x4434/0x5ac0 [llog_test]
00143  ? get_random_u32+0x51/0x470
00143  ? llog_test_device_init+0x6e8/0xa20 [llog_test]
00143  ? obd_setup+0x54d/0x950 [obdclass]
00143  ? class_setup+0xc7d/0x10e0 [obdclass]
00143  ? class_process_config+0x2edb/0x7cb0 [obdclass]
00143  ? class_handle_ioctl+0x2055/0x3590 [obdclass]
00143  ? obd_class_ioctl+0x1f6/0x3c0 [obdclass]
00143  ? __x64_sys_ioctl+0x961/0xe00
00143  ? _copy_to_user+0x3d/0x60
00143  ? __x64_sys_rt_sigaction+0x107/0x140
00143  ? do_syscall_64+0xc1/0x350
00143  ? entry_SYSCALL_64_after_hwframe+0x4b/0x53
00143  </TASK>
00143 ---[ end trace 0000000000000000 ]---
00143 Lustre: 12: truncate 24 bytes
00143 Lustre: 12: re-open and process the catalog
00143 LustreError: 2176:0:(llog_osd.c:1247:llog_osd_next_block()) MGS0000-osd: invalid llog tail at log id [0xa:0x6:0x0] offset 8232 last_rec idx 8704 tail idx 275010875 lrt len 1 read_size 40
00143 LustreError: 2176:0:(llog.c:881:llog_process_thread()) MGS: local llog is corrupted [0xa:0x6:0x0] catalog index 1 count 2
00143 Lustre: 12: try to add to the catalog
00143 ------------[ cut here ]------------
00143 WARNING: /home/ktest/git/linux/include/linux/fs.h:889 at osd_create+0x9cf/0xcf0 [osd_wbcfs], CPU#13: lctl/2176
00143 Modules linked in: llog_test(O) mgs(O) osd_wbcfs(O) lustre(O) obdecho(O) mgc(O) mdc(O) lov(O) osc(O) lmv(O) ec(O) fid(O) fld(O) ptlrpc(O) efivarfs obdclass(O) ksocklnd(O) lnet(O) libcfs(O)
00143 CPU: 13 UID: 0 PID: 2176 Comm: lctl Tainted: G        W  O        7.0.0-ktest-43795f2-6330a45-20260728-dirty #1 PREEMPT 
00143 Tainted: [W]=WARN, [O]=OOT_MODULE
00143 Hardware name: QEMU Standard PC (Q35 + ICH9, 2009), BIOS 2025.11-3ubuntu7 03/31/2026
00143 RIP: 0010:osd_create+0x9cf/0xcf0 [osd_wbcfs]
00143 Code: c7 c7 00 d6 af a1 48 c7 c6 a0 82 77 a1 48 c7 c2 00 8c 77 a1 e8 52 f1 43 ff 48 c7 c7 00 d6 af a1 e8 46 81 44 ff e9 fe fc ff ff <0f> 0b e9 a5 fa ff ff 48 c7 c1 80 44 5d a0 80 e1 07 80 c1 03 38 c1
00143 RSP: 0018:ffffc90001eb74f8 EFLAGS: 00010246
00143 RAX: 0000000000000000 RBX: ffff8881881c2400 RCX: 0000000000000046
00143 RDX: 0000000000000000 RSI: ffff8881988a5f08 RDI: ffff88819b5d4b40
00143 RBP: ffff8881988a5e78 R08: ffffffff83a16803 R09: 1ffffffff0742d00
00143 R10: dffffc0000000000 R11: fffffbfff0742d01 R12: ffff88817cb98000
00143 R13: dffffc0000000000 R14: 1ffff11031038480 R15: 1ffff1102f97300f
00143 FS:  00007fa9ee237940(0000) GS:ffff88831eaad000(0000) knlGS:0000000000000000
00143 CS:  0010 DS: 0000 ES: 0000 CR0: 0000000080050033
00143 CR2: 00007fb143f09b68 CR3: 000000018d31f000 CR4: 0000000000750eb0
00143 PKRU: 55555554
00143 Call Trace:
00143  <TASK>
00143  ? local_object_create+0x109/0x640 [obdclass]
00143  ? dt_write_lock+0x16d/0x2a0 [obdclass]
00143  ? llog_osd_create+0x356/0x10d0 [obdclass]
00143  ? llog_create+0x2ed/0x530 [obdclass]
00143  ? llog_cat_new_log+0x6d1/0x2970 [obdclass]
00143  ? llog_cat_add_rec+0x6ba/0x1960 [obdclass]
00143  ? llog_cat_add+0x499/0x7a0 [obdclass]
00143  ? llog_test_12+0x1471/0x2d90 [llog_test]
00143  ? llog_run_tests+0x4434/0x5ac0 [llog_test]
00143  ? get_random_u32+0x51/0x470
00143  ? llog_test_device_init+0x6e8/0xa20 [llog_test]
00143  ? obd_setup+0x54d/0x950 [obdclass]
00143  ? class_setup+0xc7d/0x10e0 [obdclass]
00143  ? class_process_config+0x2edb/0x7cb0 [obdclass]
00143  ? class_handle_ioctl+0x2055/0x3590 [obdclass]
00143  ? obd_class_ioctl+0x1f6/0x3c0 [obdclass]
00143  ? __x64_sys_ioctl+0x961/0xe00
00143  ? _copy_to_user+0x3d/0x60
00143  ? __x64_sys_rt_sigaction+0x107/0x140
00143  ? do_syscall_64+0xc1/0x350
00143  ? entry_SYSCALL_64_after_hwframe+0x4b/0x53
00143  </TASK>
00143 ---[ end trace 0000000000000000 ]---
00143 LustreError: 2176:0:(llog_osd.c:1230:llog_osd_next_block()) MGS0000-osd: invalid llog tail at log id [0x6:0xa:0x0]:0 offset 8297 tail idx 603979776 lrt len 1074261 read_size 105
00143 ------------[ cut here ]------------
00143 WARNING: /home/ktest/git/linux/include/linux/fs.h:889 at osd_create+0x9cf/0xcf0 [osd_wbcfs], CPU#13: lctl/2176
00143 Modules linked in: llog_test(O) mgs(O) osd_wbcfs(O) lustre(O) obdecho(O) mgc(O) mdc(O) lov(O) osc(O) lmv(O) ec(O) fid(O) fld(O) ptlrpc(O) efivarfs obdclass(O) ksocklnd(O) lnet(O) libcfs(O)
00143 CPU: 13 UID: 0 PID: 2176 Comm: lctl Tainted: G        W  O        7.0.0-ktest-43795f2-6330a45-20260728-dirty #1 PREEMPT 
00143 Tainted: [W]=WARN, [O]=OOT_MODULE
00143 Hardware name: QEMU Standard PC (Q35 + ICH9, 2009), BIOS 2025.11-3ubuntu7 03/31/2026
00143 RIP: 0010:osd_create+0x9cf/0xcf0 [osd_wbcfs]
00143 Code: c7 c7 00 d6 af a1 48 c7 c6 a0 82 77 a1 48 c7 c2 00 8c 77 a1 e8 52 f1 43 ff 48 c7 c7 00 d6 af a1 e8 46 81 44 ff e9 fe fc ff ff <0f> 0b e9 a5 fa ff ff 48 c7 c1 80 44 5d a0 80 e1 07 80 c1 03 38 c1
00143 RSP: 0018:ffffc90001eb74f8 EFLAGS: 00010246
00143 RAX: 0000000000000000 RBX: ffff8881ba75f000 RCX: 0000000000000046
00143 RDX: 0000000000000000 RSI: ffff8881988a57f0 RDI: ffff88819b5d4b40
00143 RBP: ffff8881988a5760 R08: ffffffff83a16803 R09: 1ffffffff0742d00
00143 R10: dffffc0000000000 R11: fffffbfff0742d01 R12: ffff88817cb98000
00143 R13: dffffc0000000000 R14: 1ffff110374ebe00 R15: 1ffff1102f97300f
00143 FS:  00007fa9ee237940(0000) GS:ffff88831eaad000(0000) knlGS:0000000000000000
00143 CS:  0010 DS: 0000 ES: 0000 CR0: 0000000080050033
00143 CR2: 00007fb143f09b68 CR3: 000000018d31f000 CR4: 0000000000750eb0
00143 PKRU: 55555554
00143 Call Trace:
00143  <TASK>
00143  ? local_object_create+0x109/0x640 [obdclass]
00143  ? dt_write_lock+0x16d/0x2a0 [obdclass]
00143  ? llog_osd_create+0x356/0x10d0 [obdclass]
00143  ? llog_create+0x2ed/0x530 [obdclass]
00143  ? llog_cat_new_log+0x6d1/0x2970 [obdclass]
00143  ? llog_cat_add_rec+0x6ba/0x1960 [obdclass]
00143  ? llog_cat_add+0x499/0x7a0 [obdclass]
00143  ? llog_test_12+0x1471/0x2d90 [llog_test]
00143  ? llog_run_tests+0x4434/0x5ac0 [llog_test]
00143  ? get_random_u32+0x51/0x470
00143  ? llog_test_device_init+0x6e8/0xa20 [llog_test]
00143  ? obd_setup+0x54d/0x950 [obdclass]
00143  ? class_setup+0xc7d/0x10e0 [obdclass]
00143  ? class_process_config+0x2edb/0x7cb0 [obdclass]
00143  ? class_handle_ioctl+0x2055/0x3590 [obdclass]
00143  ? obd_class_ioctl+0x1f6/0x3c0 [obdclass]
00143  ? __x64_sys_ioctl+0x961/0xe00
00143  ? _copy_to_user+0x3d/0x60
00143  ? __x64_sys_rt_sigaction+0x107/0x140
00143  ? do_syscall_64+0xc1/0x350
00143  ? entry_SYSCALL_64_after_hwframe+0x4b/0x53
00143  </TASK>
00143 ---[ end trace 0000000000000000 ]---
00143 ==================================================================
00143 BUG: KASAN: use-after-free in llog_osd_next_block+0x1368/0x3080 [obdclass]
00143 Read of size 4 at addr ffff8881bb52f036 by task lctl/2176
00143 
00143 CPU: 13 UID: 0 PID: 2176 Comm: lctl Tainted: G        W  O        7.0.0-ktest-43795f2-6330a45-20260728-dirty #1 PREEMPT 
00143 Tainted: [W]=WARN, [O]=OOT_MODULE
00143 Hardware name: QEMU Standard PC (Q35 + ICH9, 2009), BIOS 2025.11-3ubuntu7 03/31/2026
00143 Call Trace:
00143  <TASK>
00143  dump_stack_lvl+0x52/0x80
00143  print_report+0xbc/0x260
00143  ? llog_osd_next_block+0x1368/0x3080 [obdclass]
00143  kasan_report+0xa2/0xd0
00143  ? llog_osd_next_block+0x1368/0x3080 [obdclass]
00143  llog_osd_next_block+0x1368/0x3080 [obdclass]
00143  llog_process_thread+0xdd7/0x4f70 [obdclass]
00143  ? entry_SYSCALL_64_after_hwframe+0x4b/0x53
00143  ? task_work_add+0x177/0x210
00143  llog_process_or_fork+0x656/0xc90 [obdclass]
00143  ? llog_cat_process+0x30/0x30 [obdclass]
00143  llog_cat_process_or_fork+0x780/0xdb0 [obdclass]
00143  ? llog_cat_process+0x30/0x30 [obdclass]
00143  ? llog_cancel_rec_cb+0x450/0x450 [llog_test]
00143  llog_cat_process+0x24/0x30 [obdclass]
00143  llog_test_12+0x13ee/0x2d90 [llog_test]
00143  llog_run_tests+0x4434/0x5ac0 [llog_test]
00143  ? get_random_u32+0x51/0x470
00143  llog_test_device_init+0x6e8/0xa20 [llog_test]
00143  obd_setup+0x54d/0x950 [obdclass]
00143  class_setup+0xc7d/0x10e0 [obdclass]
00143  class_process_config+0x2edb/0x7cb0 [obdclass]
00143  class_handle_ioctl+0x2055/0x3590 [obdclass]
00143  obd_class_ioctl+0x1f6/0x3c0 [obdclass]
00143  __x64_sys_ioctl+0x961/0xe00
00143  ? _copy_to_user+0x3d/0x60
00143  ? __x64_sys_rt_sigaction+0x107/0x140
00143  do_syscall_64+0xc1/0x350
00143  entry_SYSCALL_64_after_hwframe+0x4b/0x53
00143 RIP: 0033:0x7fa9ee124e1d
00143 Code: 04 25 28 00 00 00 48 89 45 c8 31 c0 48 8d 45 10 c7 45 b0 10 00 00 00 48 89 45 b8 48 8d 45 d0 48 89 45 c0 b8 10 00 00 00 0f 05 <89> c2 3d 00 f0 ff ff 77 1a 48 8b 45 c8 64 48 2b 04 25 28 00 00 00
00143 RSP: 002b:00007ffeffe92b20 EFLAGS: 00000246 ORIG_RAX: 0000000000000010
00143 RAX: ffffffffffffffda RBX: 00007fa9ee46c1f0 RCX: 00007fa9ee124e1d
00143 RDX: 00007ffeffe92e00 RSI: 00000000c00866b8 RDI: 0000000000000003
00143 RBP: 00007ffeffe92b70 R08: 00007ffeffe92bc0 R09: 00007ffeffe92e00
00143 R10: 000055c94a5bc930 R11: 0000000000000246 R12: 00007ffeffe92e00
00143 R13: 000055c916f01822 R14: 0000000000000000 R15: 00007ffeffe94e80
00143  </TASK>
00143 
00143 The buggy address belongs to the physical page:
00143 page: refcount:0 mapcount:0 mapping:0000000000000000 index:0xffffffffffffffff pfn:0x1bb52f
00143 flags: 0x8000000000000000(zone=2)
00143 raw: 8000000000000000 0000000000000000 00000000ffffffff 0000000000000000
00143 raw: ffffffffffffffff 0000000000000000 00000000ffffffff 0000000000000000
00143 page dumped because: kasan: bad access detected
00143 
00143 Memory state around the buggy address:
00143  ffff8881bb52ef00: ff ff ff ff ff ff ff ff ff ff ff ff ff ff ff ff
00143  ffff8881bb52ef80: ff ff ff ff ff ff ff ff ff ff ff ff ff ff ff ff
00143 >ffff8881bb52f000: ff ff ff ff ff ff ff ff ff ff ff ff ff ff ff ff
00143                                      ^
00143  ffff8881bb52f080: ff ff ff ff ff ff ff ff ff ff ff ff ff ff ff ff
00143  ffff8881bb52f100: ff ff ff ff ff ff ff ff ff ff ff ff ff ff ff ff
00143 ==================================================================
00143 Disabling lock debugging due to kernel taint
00143 Lustre: 2176:0:(llog_test.c:2461:llog_test_12()) 12: put newly-created catalog
00143 Lustre: 2176:0:(llog_test.c:2529:llog_test_13()) 13a: create a catalog log with name: 4f5e3d75
00143 Lustre: 2176:0:(llog_test.c:2545:llog_test_13()) 13b: write 1 record into the catalog
00143 LustreError: 2176:0:(llog_test.c:2556:llog_test_13()) 13b: found 8 plain llogs
00143 Lustre: 2176:0:(llog_test.c:2558:llog_test_13()) 13c: erase plain llog
00143 LustreError: 2176:0:(llog_cat.c:399:llog_cat_id2handle()) MGS: error opening log id [0x1:0x4f:0x0]: rc = -2
00143 Lustre: 2176:0:(llog_test.c:2578:llog_test_13()) 13d: forward process: found=1708 rc=0
00143 Lustre: 2176:0:(llog_test.c:2582:llog_test_13()) 13e: erase another plain llog
00143 Lustre: 2176:0:(llog_test.c:2602:llog_test_13()) 13e: backward process: found=1367 rc=0
00143 Lustre: 2176:0:(llog_test.c:2605:llog_test_13()) 13f: put newly-created catalog
00148 ========= FAILED TIMEOUT llog-unit in 240s
Error 1 at /home/ktest/ktest/lib/libktest.sh 587 from: "$ktest_dir/lib/supervisor" -S -F -T "$ktest_timeout" -b "$test_basename" -o "$test_logdir" -f "$test_basename.$(date -Iseconds).log" -- "${qemu_cmd[@]}", exiting
Error 1 at ./qlkbuild 187 from: "$ktest_dir/lib/supervisor" -S -F -T "$ktest_timeout" -b "$test_basename" -o "$test_logdir" -f "$test_basename.$(date -Iseconds).log" -- "${qemu_cmd[@]}", exiting
Error 1 at ./qlkbuild 1202 from: "$ktest_dir/lib/supervisor" -S -F -T "$ktest_timeout" -b "$test_basename" -o "$test_logdir" -f "$test_basename.$(date -Iseconds).log" -- "${qemu_cmd[@]}", exiting
