WARNING:DEEP_INDENTATION: Too many leading tabs - consider code refactoring
#1193: FILE: lustre/utils/liblustreapi_param.c:757:
+						if (version) {

WARNING:DEEP_INDENTATION: Too many leading tabs - consider code refactoring
#1197: FILE: lustre/utils/liblustreapi_param.c:761:
+						} else {

WARNING:STRNCPY: Prefer strscpy, strscpy_pad, or __nonstring over strncpy - see: https://github.com/KSPP/linux/issues/90
#1244: FILE: lustre/utils/liblustreapi_param.c:805:
+		strncpy(source, pattern, len);

WARNING:DEEP_INDENTATION: Too many leading tabs - consider code refactoring
#1378: FILE: lustre/utils/liblustreapi_param.c:1418:
+						if (rc == 0) {

WARNING:DEEP_INDENTATION: Too many leading tabs - consider code refactoring
#1383: FILE: lustre/utils/liblustreapi_param.c:1423:
+						if (nb_entries >= list_size) {

WARNING:DEEP_INDENTATION: Too many leading tabs - consider code refactoring
#1389: FILE: lustre/utils/liblustreapi_param.c:1429:
+						if (!pool_print) {

WARNING:DEEP_INDENTATION: Too many leading tabs - consider code refactoring
#1390: FILE: lustre/utils/liblustreapi_param.c:1430:
+							if (used + strlen(value) + 1 >

WARNING:STRCPY: Prefer strscpy over strcpy - see: https://github.com/KSPP/linux/issues/88
#1396: FILE: lustre/utils/liblustreapi_param.c:1436:
+							strcpy(buffer + used, value);

WARNING:DEEP_INDENTATION: Too many leading tabs - consider code refactoring
#1400: FILE: lustre/utils/liblustreapi_param.c:1440:
+						} else {

WARNING:STRCPY: Prefer strscpy over strcpy - see: https://github.com/KSPP/linux/issues/88
#1454: FILE: lustre/utils/liblustreapi_param.c:1494:
+		strcpy(buffer + used, buf);

WARNING:DEEP_INDENTATION: Too many leading tabs - consider code refactoring
#1545: FILE: lustre/utils/liblustreapi_param.c:1585:
+						if (rc == 0) {

WARNING:DEEP_INDENTATION: Too many leading tabs - consider code refactoring
#1550: FILE: lustre/utils/liblustreapi_param.c:1590:
+						if (nb_entries >= list_size) {

WARNING:DEEP_INDENTATION: Too many leading tabs - consider code refactoring
#1557: FILE: lustre/utils/liblustreapi_param.c:1597:
+						if (used + strlen(value) +

total: 0 errors, 13 warnings, 1545 lines checked

NOTE: For some of the reported defects, checkpatch may be able to
      mechanically convert to the typical style using --fix or --fix-inplace.

Your patch has style problems, please review.

NOTE: If any of the errors are false positives, please report
      them to the maintainer, see CHECKPATCH in MAINTAINERS.
