CLI: ./pk --podman-socket unix:///run/podman/podman.sock --shared-filesystem /tmp --tarball-input job lustre-ci --output /var/www/ci-lustre/upstream-patch-review --git-hash 458ba6d61844b4dc44b324b26441a7faa6552970 --change-id 66266_458ba6d61844b4dc44b324b26441a7faa6552970 --subject LU-10026 osc: clear oi_write_osclock in lock fini func

Environment validated successfully
Note: custom LLVM is not synced in tarball input mode
Creating kernel tarball at /tmp/ktest-kernel.tar.gz...
Creating lustre tarball at /tmp/ktest-lustre.tar.gz...
Creating ZFS tarball at /tmp/ktest-zfs.tar.gz...
Executing 14 jobs
Jobs will start as soon as their dependencies are satisfied
Using tarball input mode

START ml-miscvm:lustre_mainline_native build tests/fs/lustre/boot.ktest
START checkpatch:checkpatch tool checkpatch
START ml-strict:lustre_mainline build tests/fs/lustre/boot-strict.ktest
START al2023:al2023 build tests/fs/lustre/boot.ktest
START u24:u24 build tests/fs/lustre/boot.ktest
START ml:lustre_mainline build tests/fs/lustre/boot.ktest
PUT /tmp/ktest-lustre.tar.gz 1s
PUT /tmp/ktest-lustre.tar.gz 1s
PUT /tmp/ktest-kernel.tar.gz 7s
PUT /tmp/ktest-kernel.tar.gz 7s
PUT /tmp/ktest-kernel.tar.gz 7s
PUT /tmp/ktest-kernel.tar.gz 7s
PUT /tmp/ktest-lustre.tar.gz 1s
PUT /tmp/ktest-lustre.tar.gz 1s
PUT /tmp/ktest-lustre.tar.gz 2s
PUT /tmp/ktest-lustre.tar.gz 2s
PUT /tmp/ktest-zfs.tar.gz 0s
PUT /tmp/ktest-zfs.tar.gz 0s
PUT /tmp/ktest-zfs.tar.gz 0s
END checkpatch:checkpatch tool checkpatch PASS 12s
END u24:u24 build tests/fs/lustre/boot.ktest PASS 38s
END al2023:al2023 build tests/fs/lustre/boot.ktest PASS 44s
GET /tmp/ktest_ml-miscvm:lustre_mainline_native_xu1_t7lz.tar 6s
GET /tmp/ktest_ml:lustre_mainline_ct0esj4h.tar 6s
GET /tmp/ktest_ml-strict:lustre_mainline_pqixv4bl.tar 6s
END ml-miscvm:lustre_mainline_native build tests/fs/lustre/boot.ktest FAIL 148s (exit code: 1)
END ml:lustre_mainline build tests/fs/lustre/boot.ktest FAIL 149s (exit code: 1)
END ml-strict:lustre_mainline build tests/fs/lustre/boot-strict.ktest FAIL 151s (exit code: 1)

============================================================
Final Results:
  checkpatch:checkpatch: PASS (12s) (log: /var/www/ci-lustre/upstream-patch-review/458ba6d61844b4dc44b324b26441a7faa6552970_checkpatch:checkpatch.log)
  u24:u24: PASS (38s) (log: /var/www/ci-lustre/upstream-patch-review/458ba6d61844b4dc44b324b26441a7faa6552970_u24:u24.log)
  al2023:al2023: PASS (44s) (log: /var/www/ci-lustre/upstream-patch-review/458ba6d61844b4dc44b324b26441a7faa6552970_al2023:al2023.log)
  ml-strict:lustre_mainline: FAIL (151s) (log: /var/www/ci-lustre/upstream-patch-review/458ba6d61844b4dc44b324b26441a7faa6552970_ml-strict:lustre_mainline.log)
  ml:lustre_mainline: FAIL (149s) (log: /var/www/ci-lustre/upstream-patch-review/458ba6d61844b4dc44b324b26441a7faa6552970_ml:lustre_mainline.log)
  ml-miscvm:lustre_mainline_native: FAIL (148s) (log: /var/www/ci-lustre/upstream-patch-review/458ba6d61844b4dc44b324b26441a7faa6552970_ml-miscvm:lustre_mainline_native.log)
  ml-miscvm:boot: SKIPPED (due to dependency failure)
  ml-miscvm:llmount: SKIPPED (due to dependency failure)
  ml-miscvm:llog-unit: SKIPPED (due to dependency failure)
  ml-miscvm:mgs-setup: SKIPPED (due to dependency failure)
  ml-miscvm:sanity-1: SKIPPED (due to dependency failure)
  ml-miscvm:sanity-2: SKIPPED (due to dependency failure)
  ml-miscvm:sanity-3: SKIPPED (due to dependency failure)
  ml-miscvm:sanity-4: SKIPPED (due to dependency failure)

Total execution time: 180s

Packed 18283 logs from /var/www/ci-lustre/upstream-patch-review into /home/ktest/ktest/local-site/local_data.js
Open /home/ktest/ktest/local-site/index.html in a browser
