CLI: ./pk --podman-socket unix:///run/user/1000/podman/podman.sock --shared-filesystem /tmp --tarball-input job lustre-ci --output /var/www/ci-lustre/upstream-patch-review --git-hash 45b96a3f6bfb54c1d8c52bdf8c26e571850f9fe3 --change-id 68420_45b96a3f6bfb54c1d8c52bdf8c26e571850f9fe3 --subject LU-20650 tests: sanity cases for find's changelog flags

Environment validated successfully
Note: custom LLVM is not synced in tarball input mode
Creating kernel tarball at /tmp/ktest-kernel.tar.gz...
Creating lustre tarball at /tmp/ktest-lustre.tar.gz...
Creating ZFS tarball at /tmp/ktest-zfs.tar.gz...
Executing 14 jobs
Jobs will start as soon as their dependencies are satisfied
Using tarball input mode

START ml-strict:lustre_mainline build tests/fs/lustre/boot-strict.ktest
START checkpatch:checkpatch tool checkpatch
START ml:lustre_mainline build tests/fs/lustre/boot.ktest
START ml-miscvm:lustre_mainline_native build tests/fs/lustre/boot.ktest
START u24:u24 build tests/fs/lustre/boot.ktest
START al2023:al2023 build tests/fs/lustre/boot.ktest
PUT /tmp/ktest-lustre.tar.gz 1s
PUT /tmp/ktest-lustre.tar.gz 2s
PUT /tmp/ktest-kernel.tar.gz 9s
PUT /tmp/ktest-kernel.tar.gz 9s
PUT /tmp/ktest-kernel.tar.gz 10s
PUT /tmp/ktest-kernel.tar.gz 10s
PUT /tmp/ktest-lustre.tar.gz 2s
PUT /tmp/ktest-lustre.tar.gz 2s
PUT /tmp/ktest-lustre.tar.gz 2s
PUT /tmp/ktest-lustre.tar.gz 2s
PUT /tmp/ktest-zfs.tar.gz 0s
PUT /tmp/ktest-zfs.tar.gz 0s
PUT /tmp/ktest-zfs.tar.gz 0s
END checkpatch:checkpatch tool checkpatch PASS 14s
END u24:u24 build tests/fs/lustre/boot.ktest PASS 39s
END al2023:al2023 build tests/fs/lustre/boot.ktest PASS 48s
GET /tmp/ktest_ml-strict:lustre_mainline_tz317n9t.tar 5s
END ml-strict:lustre_mainline build tests/fs/lustre/boot-strict.ktest FAIL 153s (exit code: 1)
GET /tmp/ktest_ml:lustre_mainline_l44c1pby.tar 0s
GET /tmp/ktest_ml-miscvm:lustre_mainline_native__kvveyam.tar 0s
END ml:lustre_mainline build tests/fs/lustre/boot.ktest PASS 167s
END ml-miscvm:lustre_mainline_native build tests/fs/lustre/boot.ktest PASS 169s
START ml-miscvm:boot run tests/fs/lustre/boot.ktest
START ml-miscvm:llmount run tests/fs/lustre/llmount.ktest
START ml-miscvm:llog-unit run tests/fs/lustre/llog-unit.ktest
START ml-miscvm:mgs-setup run tests/fs/lustre/mgs-setup.ktest
START ml-miscvm:sanity-1 run tests/fs/lustre/sanity/sanity-1.ktest
START ml-miscvm:sanity-2 run tests/fs/lustre/sanity/sanity-2.ktest
START ml-miscvm:sanity-3 run tests/fs/lustre/sanity/sanity-3.ktest
START ml-miscvm:sanity-4 run tests/fs/lustre/sanity/sanity-4.ktest
PUT /tmp/ktest-kernel.tar.gz 39s
PUT /tmp/ktest-kernel.tar.gz 39s
PUT /tmp/ktest-kernel.tar.gz 39s
PUT /tmp/ktest-kernel.tar.gz 39s
PUT /tmp/ktest-kernel.tar.gz 39s
PUT /tmp/ktest-kernel.tar.gz 40s
PUT /tmp/ktest-kernel.tar.gz 40s
PUT /tmp/ktest-kernel.tar.gz 40s
PUT /tmp/ktest-lustre.tar.gz 14s
PUT /tmp/ktest-lustre.tar.gz 13s
PUT /tmp/ktest-lustre.tar.gz 14s
PUT /tmp/ktest-lustre.tar.gz 13s
PUT /tmp/ktest-lustre.tar.gz 13s
PUT /tmp/ktest-lustre.tar.gz 13s
PUT /tmp/ktest-lustre.tar.gz 13s
PUT /tmp/ktest-lustre.tar.gz 13s
PUT /tmp/ktest_ml-miscvm:lustre_mainline_native__kvveyam.tar 3s
PUT /tmp/ktest_ml-miscvm:lustre_mainline_native__kvveyam.tar 3s
PUT /tmp/ktest_ml-miscvm:lustre_mainline_native__kvveyam.tar 3s
PUT /tmp/ktest_ml-miscvm:lustre_mainline_native__kvveyam.tar 3s
PUT /tmp/ktest_ml-miscvm:lustre_mainline_native__kvveyam.tar 3s
PUT /tmp/ktest_ml-miscvm:lustre_mainline_native__kvveyam.tar 3s
PUT /tmp/ktest_ml-miscvm:lustre_mainline_native__kvveyam.tar 3s
PUT /tmp/ktest_ml-miscvm:lustre_mainline_native__kvveyam.tar 3s
END ml-miscvm:boot run tests/fs/lustre/boot.ktest PASS 70s
END ml-miscvm:mgs-setup run tests/fs/lustre/mgs-setup.ktest PASS 80s
END ml-miscvm:sanity-4 run tests/fs/lustre/sanity/sanity-4.ktest PASS 108s
END ml-miscvm:sanity-3 run tests/fs/lustre/sanity/sanity-3.ktest PASS 110s
END ml-miscvm:sanity-1 run tests/fs/lustre/sanity/sanity-1.ktest PASS 111s
END ml-miscvm:llmount run tests/fs/lustre/llmount.ktest PASS 117s
END ml-miscvm:sanity-2 run tests/fs/lustre/sanity/sanity-2.ktest PASS 120s
END ml-miscvm:llog-unit run tests/fs/lustre/llog-unit.ktest FAIL 156s (exit code: 1)

============================================================
Final Results:
  checkpatch:checkpatch: PASS (14s) (log: /var/www/ci-lustre/upstream-patch-review/45b96a3f6bfb54c1d8c52bdf8c26e571850f9fe3_checkpatch:checkpatch.log)
  u24:u24: PASS (39s) (log: /var/www/ci-lustre/upstream-patch-review/45b96a3f6bfb54c1d8c52bdf8c26e571850f9fe3_u24:u24.log)
  al2023:al2023: PASS (48s) (log: /var/www/ci-lustre/upstream-patch-review/45b96a3f6bfb54c1d8c52bdf8c26e571850f9fe3_al2023:al2023.log)
  ml-strict:lustre_mainline: FAIL (153s) (log: /var/www/ci-lustre/upstream-patch-review/45b96a3f6bfb54c1d8c52bdf8c26e571850f9fe3_ml-strict:lustre_mainline.log)
  ml:lustre_mainline: PASS (167s) (log: /var/www/ci-lustre/upstream-patch-review/45b96a3f6bfb54c1d8c52bdf8c26e571850f9fe3_ml:lustre_mainline.log)
  ml-miscvm:lustre_mainline_native: PASS (169s) (log: /var/www/ci-lustre/upstream-patch-review/45b96a3f6bfb54c1d8c52bdf8c26e571850f9fe3_ml-miscvm:lustre_mainline_native.log)
  ml-miscvm:boot: PASS (70s) (log: /var/www/ci-lustre/upstream-patch-review/45b96a3f6bfb54c1d8c52bdf8c26e571850f9fe3_ml-miscvm:boot.log)
  ml-miscvm:llmount: PASS (117s) (log: /var/www/ci-lustre/upstream-patch-review/45b96a3f6bfb54c1d8c52bdf8c26e571850f9fe3_ml-miscvm:llmount.log)
  ml-miscvm:llog-unit: FAIL (156s) (log: /var/www/ci-lustre/upstream-patch-review/45b96a3f6bfb54c1d8c52bdf8c26e571850f9fe3_ml-miscvm:llog-unit.log)
  ml-miscvm:mgs-setup: PASS (80s) (log: /var/www/ci-lustre/upstream-patch-review/45b96a3f6bfb54c1d8c52bdf8c26e571850f9fe3_ml-miscvm:mgs-setup.log)
  ml-miscvm:sanity-1: PASS (111s) (log: /var/www/ci-lustre/upstream-patch-review/45b96a3f6bfb54c1d8c52bdf8c26e571850f9fe3_ml-miscvm:sanity-1.log)
  ml-miscvm:sanity-2: PASS (120s) (log: /var/www/ci-lustre/upstream-patch-review/45b96a3f6bfb54c1d8c52bdf8c26e571850f9fe3_ml-miscvm:sanity-2.log)
  ml-miscvm:sanity-3: PASS (110s) (log: /var/www/ci-lustre/upstream-patch-review/45b96a3f6bfb54c1d8c52bdf8c26e571850f9fe3_ml-miscvm:sanity-3.log)
  ml-miscvm:sanity-4: PASS (108s) (log: /var/www/ci-lustre/upstream-patch-review/45b96a3f6bfb54c1d8c52bdf8c26e571850f9fe3_ml-miscvm:sanity-4.log)

Total execution time: 355s

Packed 4492 logs from /var/www/ci-lustre/upstream-patch-review into /home/ktest/ktest/local-site/local_data.js
Open /home/ktest/ktest/local-site/index.html in a browser
