WARNING:CONSTANT_COMPARISON: Comparisons should place the constant on the right side of the test
#108: FILE: lustre/osd-ldiskfs/osd_internal.h:949:
+#if LUSTRE_VERSION_CODE < OBD_OCD_VERSION(2, 18, 53, 0)

WARNING:MACRO_ARG_UNUSED: Argument 'osd' is not used in function-like macro
#112: FILE: lustre/osd-ldiskfs/osd_internal.h:953:
+#define osd_symlink_brw_stats(osd) do {} while (0)

WARNING:CONSTANT_COMPARISON: Comparisons should place the constant on the right side of the test
#136: FILE: lustre/osd-ldiskfs/osd_lproc.c:39:
+#if LUSTRE_VERSION_CODE < OBD_OCD_VERSION(2, 18, 53, 0)

WARNING:CONSTANT_COMPARISON: Comparisons should place the constant on the right side of the test
#202: FILE: lustre/osd-ldiskfs/osd_lproc.c:917:
+#if LUSTRE_VERSION_CODE < OBD_OCD_VERSION(2, 18, 53, 0)

WARNING:CONSTANT_COMPARISON: Comparisons should place the constant on the right side of the test
#234: FILE: lustre/osd-ldiskfs/osd_lproc.c:944:
+#if LUSTRE_VERSION_CODE < OBD_OCD_VERSION(2, 18, 53, 0)

WARNING:CONSTANT_COMPARISON: Comparisons should place the constant on the right side of the test
#303: FILE: lustre/osd-zfs/osd_internal.h:628:
+#if LUSTRE_VERSION_CODE < OBD_OCD_VERSION(2, 18, 53, 0)

WARNING:MACRO_ARG_UNUSED: Argument 'osd' is not used in function-like macro
#307: FILE: lustre/osd-zfs/osd_internal.h:632:
+#define osd_symlink_brw_stats(osd) do {} while (0)

WARNING:CONSTANT_COMPARISON: Comparisons should place the constant on the right side of the test
#325: FILE: lustre/osd-zfs/osd_lproc.c:26:
+#if LUSTRE_VERSION_CODE < OBD_OCD_VERSION(2, 18, 53, 0)

WARNING:CONSTANT_COMPARISON: Comparisons should place the constant on the right side of the test
#386: FILE: lustre/osd-zfs/osd_lproc.c:502:
+#if LUSTRE_VERSION_CODE < OBD_OCD_VERSION(2, 18, 53, 0)

WARNING:CONSTANT_COMPARISON: Comparisons should place the constant on the right side of the test
#415: FILE: lustre/osd-zfs/osd_lproc.c:526:
+#if LUSTRE_VERSION_CODE < OBD_OCD_VERSION(2, 18, 53, 0)

WARNING:CONST_STRUCT: struct kobj_type should normally be const
#765: FILE: lustre/quota/qmt_internal.h:169:
+	struct kobj_type	qpi_ktype;

WARNING:CONST_STRUCT: struct kobj_type should normally be const
#1036: FILE: lustre/quota/qsd_internal.h:111:
+	struct kobj_type	qsd_ktype;

total: 0 errors, 12 warnings, 1418 lines checked

NOTE: For some of the reported defects, checkpatch may be able to
      mechanically convert to the typical style using --fix or --fix-inplace.

Your patch has style problems, please review.

NOTE: If any of the errors are false positives, please report
      them to the maintainer, see CHECKPATCH in MAINTAINERS.
