CLI: ./pk --podman-socket unix:///run/user/1000/podman/podman.sock --shared-filesystem /tmp --tarball-input job lustre-ci --output /var/www/ci-lustre/upstream-patch-review --git-hash 46ae9a69350b0e8f27d01964f5b29c5c499174f1 --change-id 69484_46ae9a69350b0e8f27d01964f5b29c5c499174f1 --subject LU-20886 o2iblnd: use the FastReg key for immediate payload

Environment validated successfully
Note: custom LLVM is not synced in tarball input mode
Creating kernel tarball at /tmp/ktest-kernel.tar.gz...
Creating lustre tarball at /tmp/ktest-lustre.tar.gz...
Creating ZFS tarball at /tmp/ktest-zfs.tar.gz...
Executing 14 jobs
Jobs will start as soon as their dependencies are satisfied
Using tarball input mode

START ml:lustre_mainline build tests/fs/lustre/boot.ktest
START al2023:al2023 build tests/fs/lustre/boot.ktest
START ml-strict:lustre_mainline build tests/fs/lustre/boot-strict.ktest
START checkpatch:checkpatch tool checkpatch
START ml-miscvm:lustre_mainline_native build tests/fs/lustre/boot.ktest
START u24:u24 build tests/fs/lustre/boot.ktest
PUT /tmp/ktest-lustre.tar.gz 1s
PUT /tmp/ktest-lustre.tar.gz 1s
PUT /tmp/ktest-kernel.tar.gz 7s
PUT /tmp/ktest-kernel.tar.gz 7s
PUT /tmp/ktest-kernel.tar.gz 7s
PUT /tmp/ktest-kernel.tar.gz 7s
PUT /tmp/ktest-lustre.tar.gz 4s
PUT /tmp/ktest-lustre.tar.gz 4s
PUT /tmp/ktest-lustre.tar.gz 4s
PUT /tmp/ktest-lustre.tar.gz 4s
PUT /tmp/ktest-zfs.tar.gz 0s
PUT /tmp/ktest-zfs.tar.gz 0s
PUT /tmp/ktest-zfs.tar.gz 1s
END checkpatch:checkpatch tool checkpatch PASS 14s
END u24:u24 build tests/fs/lustre/boot.ktest PASS 40s
END al2023:al2023 build tests/fs/lustre/boot.ktest PASS 48s
GET /tmp/ktest_ml-miscvm:lustre_mainline_native_bdqecpa3.tar 0s
END ml-miscvm:lustre_mainline_native build tests/fs/lustre/boot.ktest PASS 150s
START ml-miscvm:boot run tests/fs/lustre/boot.ktest
START ml-miscvm:llmount run tests/fs/lustre/llmount.ktest
START ml-miscvm:llog-unit run tests/fs/lustre/llog-unit.ktest
START ml-miscvm:mgs-setup run tests/fs/lustre/mgs-setup.ktest
START ml-miscvm:sanity-1 run tests/fs/lustre/sanity/sanity-1.ktest
START ml-miscvm:sanity-2 run tests/fs/lustre/sanity/sanity-2.ktest
START ml-miscvm:sanity-3 run tests/fs/lustre/sanity/sanity-3.ktest
START ml-miscvm:sanity-4 run tests/fs/lustre/sanity/sanity-4.ktest
PUT /tmp/ktest-kernel.tar.gz 33s
PUT /tmp/ktest-kernel.tar.gz 33s
PUT /tmp/ktest-kernel.tar.gz 33s
PUT /tmp/ktest-kernel.tar.gz 33s
PUT /tmp/ktest-kernel.tar.gz 33s
PUT /tmp/ktest-kernel.tar.gz 33s
PUT /tmp/ktest-kernel.tar.gz 33s
PUT /tmp/ktest-kernel.tar.gz 34s
PUT /tmp/ktest-lustre.tar.gz 10s
GET /tmp/ktest_ml-strict:lustre_mainline_77bi1eid.tar 37s
PUT /tmp/ktest-lustre.tar.gz 19s
PUT /tmp/ktest-lustre.tar.gz 20s
PUT /tmp/ktest-lustre.tar.gz 20s
PUT /tmp/ktest-lustre.tar.gz 19s
PUT /tmp/ktest-lustre.tar.gz 19s
PUT /tmp/ktest-lustre.tar.gz 20s
PUT /tmp/ktest-lustre.tar.gz 19s
END ml-strict:lustre_mainline build tests/fs/lustre/boot-strict.ktest FAIL 206s (exit code: 1)
PUT /tmp/ktest_ml-miscvm:lustre_mainline_native_bdqecpa3.tar 13s
PUT /tmp/ktest_ml-miscvm:lustre_mainline_native_bdqecpa3.tar 4s
PUT /tmp/ktest_ml-miscvm:lustre_mainline_native_bdqecpa3.tar 4s
PUT /tmp/ktest_ml-miscvm:lustre_mainline_native_bdqecpa3.tar 4s
PUT /tmp/ktest_ml-miscvm:lustre_mainline_native_bdqecpa3.tar 4s
PUT /tmp/ktest_ml-miscvm:lustre_mainline_native_bdqecpa3.tar 4s
PUT /tmp/ktest_ml-miscvm:lustre_mainline_native_bdqecpa3.tar 4s
PUT /tmp/ktest_ml-miscvm:lustre_mainline_native_bdqecpa3.tar 4s
GET /tmp/ktest_ml:lustre_mainline_sb78gpn5.tar 0s
END ml:lustre_mainline build tests/fs/lustre/boot.ktest PASS 216s
END ml-miscvm:boot run tests/fs/lustre/boot.ktest PASS 71s
END ml-miscvm:mgs-setup run tests/fs/lustre/mgs-setup.ktest PASS 82s
END ml-miscvm:sanity-4 run tests/fs/lustre/sanity/sanity-4.ktest PASS 112s
END ml-miscvm:sanity-3 run tests/fs/lustre/sanity/sanity-3.ktest PASS 114s
END ml-miscvm:sanity-2 run tests/fs/lustre/sanity/sanity-2.ktest PASS 116s
END ml-miscvm:sanity-1 run tests/fs/lustre/sanity/sanity-1.ktest PASS 123s
END ml-miscvm:llmount run tests/fs/lustre/llmount.ktest PASS 133s
END ml-miscvm:llog-unit run tests/fs/lustre/llog-unit.ktest FAIL 157s (exit code: 1)

============================================================
Final Results:
  checkpatch:checkpatch: PASS (14s) (log: /var/www/ci-lustre/upstream-patch-review/46ae9a69350b0e8f27d01964f5b29c5c499174f1_checkpatch:checkpatch.log)
  u24:u24: PASS (40s) (log: /var/www/ci-lustre/upstream-patch-review/46ae9a69350b0e8f27d01964f5b29c5c499174f1_u24:u24.log)
  al2023:al2023: PASS (48s) (log: /var/www/ci-lustre/upstream-patch-review/46ae9a69350b0e8f27d01964f5b29c5c499174f1_al2023:al2023.log)
  ml-strict:lustre_mainline: FAIL (206s) (log: /var/www/ci-lustre/upstream-patch-review/46ae9a69350b0e8f27d01964f5b29c5c499174f1_ml-strict:lustre_mainline.log)
  ml:lustre_mainline: PASS (216s) (log: /var/www/ci-lustre/upstream-patch-review/46ae9a69350b0e8f27d01964f5b29c5c499174f1_ml:lustre_mainline.log)
  ml-miscvm:lustre_mainline_native: PASS (150s) (log: /var/www/ci-lustre/upstream-patch-review/46ae9a69350b0e8f27d01964f5b29c5c499174f1_ml-miscvm:lustre_mainline_native.log)
  ml-miscvm:boot: PASS (71s) (log: /var/www/ci-lustre/upstream-patch-review/46ae9a69350b0e8f27d01964f5b29c5c499174f1_ml-miscvm:boot.log)
  ml-miscvm:llmount: PASS (133s) (log: /var/www/ci-lustre/upstream-patch-review/46ae9a69350b0e8f27d01964f5b29c5c499174f1_ml-miscvm:llmount.log)
  ml-miscvm:llog-unit: FAIL (157s) (log: /var/www/ci-lustre/upstream-patch-review/46ae9a69350b0e8f27d01964f5b29c5c499174f1_ml-miscvm:llog-unit.log)
  ml-miscvm:mgs-setup: PASS (82s) (log: /var/www/ci-lustre/upstream-patch-review/46ae9a69350b0e8f27d01964f5b29c5c499174f1_ml-miscvm:mgs-setup.log)
  ml-miscvm:sanity-1: PASS (123s) (log: /var/www/ci-lustre/upstream-patch-review/46ae9a69350b0e8f27d01964f5b29c5c499174f1_ml-miscvm:sanity-1.log)
  ml-miscvm:sanity-2: PASS (116s) (log: /var/www/ci-lustre/upstream-patch-review/46ae9a69350b0e8f27d01964f5b29c5c499174f1_ml-miscvm:sanity-2.log)
  ml-miscvm:sanity-3: PASS (114s) (log: /var/www/ci-lustre/upstream-patch-review/46ae9a69350b0e8f27d01964f5b29c5c499174f1_ml-miscvm:sanity-3.log)
  ml-miscvm:sanity-4: PASS (112s) (log: /var/www/ci-lustre/upstream-patch-review/46ae9a69350b0e8f27d01964f5b29c5c499174f1_ml-miscvm:sanity-4.log)

Total execution time: 339s

Packed 3841 logs from /var/www/ci-lustre/upstream-patch-review into /home/ktest/ktest/local-site/local_data.js
Open /home/ktest/ktest/local-site/index.html in a browser
