00002 
00005 LNetError: 152:0:(lib-socket.c:619:lnet_inet_enumerate()) lnet: Can't find any usable interfaces, rc = -ENOENT
00005 LNetError: Error -100 starting up LNI tcp
00006 LustreError: 152:0:(events.c:632:ptlrpc_init_portals()) network initialisation failed: rc = -100
00014 tlp: vm.laptop_mode is deprecated. Ignoring setting.
00014 Kernel version: 7.0.0-ktest-47638ad-6330a45-20260909-dirty
00014 hook init_noop
00015 
00015 Running tests llmount
00015 
00015 ========= TEST   llmount
00020 SETUP LUSTRE ... LNet: Added LNI 10.0.2.15@tcp [8/256/0/180]
00021 Lustre: Echo OBD driver; http://www.lustre.org/
00021 
00021 ============================================
00021 WARNING: possible recursive locking detected
00021 7.0.0-ktest-47638ad-6330a45-20260909-dirty #1 Tainted: G           O       
00021 --------------------------------------------
00021 lustre-ktest/1974 is trying to acquire lock:
00021 ffff888105ae03f0 (sb_writers#11){.+.+}-{0:0}, at: kernel_write+0xf4/0x300
00021 
00021 but task is already holding lock:
00021 ffff888105ae03f0 (sb_writers#11){.+.+}-{0:0}, at: local_oid_storage_init+0x120d/0x2420 [obdclass]
00021 
00021 other info that might help us debug this:
00021  Possible unsafe locking scenario:
00021 
00021        CPU0
00021        ----
00021   lock(sb_writers#11);
00021   lock(sb_writers#11);
00021 
00021  *** DEADLOCK ***
00021 
00021  May be due to missing lock nesting notation
00021 
00021 4 locks held by lustre-ktest/1974:
00021  #0: ffff888105a180e0 (&type->s_umount_key#42/1){+.+.}-{4:4}, at: alloc_super+0x181/0x850
00021  #1: ffff88819dd265d8 (&ls->ls_los_mutex){+.+.}-{4:4}, at: local_oid_storage_init+0x1b7/0x2420 [obdclass]
00021  #2: ffff888105ae03f0 (sb_writers#11){.+.+}-{0:0}, at: local_oid_storage_init+0x120d/0x2420 [obdclass]
00021  #3: ffff88819de034b0 (&obj->oo_dt.dd_sem){+.+.}-{4:4}, at: dt_write_lock+0x16d/0x2a0 [obdclass]
00021 
00021 stack backtrace:
00021 CPU: 5 UID: 0 PID: 1974 Comm: lustre-ktest Tainted: G           O        7.0.0-ktest-47638ad-6330a45-20260909-dirty #1 PREEMPT 
00021 Tainted: [O]=OOT_MODULE
00021 Hardware name: QEMU Standard PC (Q35 + ICH9, 2009), BIOS 2025.11-3ubuntu7 03/31/2026
00021 Call Trace:
00021  <TASK>
00021  dump_stack_lvl+0x6d/0xa0
00021  print_deadlock_bug+0x273/0x290
00021  __lock_acquire+0x128f/0x2a30
00021  ? lock_acquire+0xe7/0x2a0
00021  lock_acquire+0xe7/0x2a0
00021  ? kernel_write+0xf4/0x300
00021  sb_start_write+0x42/0x130
00021  ? kernel_write+0xf4/0x300
00021  kernel_write+0xf4/0x300
00021  ? alloc_file_pseudo+0x114/0x180
00021  osd_write+0x4a2/0x720 [osd_wbcfs]
00021  dt_record_write+0xea/0x3e0 [obdclass]
00021  local_oid_storage_init+0x19c0/0x2420 [obdclass]
00021  mgs_fs_setup+0x206/0x1140 [mgs]
00021  ? ldlm_namespace_new+0x16b8/0x1f30 [ptlrpc]
00021  mgs_device_alloc+0x10b6/0x25b0 [mgs]
00021  ? keys_fill+0x3c7/0x420 [obdclass]
00021  ? lu_context_init+0x2c4/0x3b0 [obdclass]
00021  obd_setup+0x26d/0x950 [obdclass]
00021  class_setup+0xc7d/0x10e0 [obdclass]
00021  lustre_start_simple+0xe68/0x1b50 [obdclass]
00021  server_fill_super+0x1852/0x2f70 [ptlrpc]
00021  ? lustre_init_lsi+0x330/0x6c0 [obdclass]
00021  lustre_tgt_fill_super+0x273/0x730 [ptlrpc]
00021  ? lustre_tgt_get_tree+0x20/0x20 [ptlrpc]
00021  get_tree_nodev+0x9e/0x110
00021  vfs_get_tree+0x86/0x200
00021  do_new_mount+0x1ee/0xa10
00021  __x64_sys_mount+0x2a9/0x350
00021  do_syscall_64+0xda/0x430
00021  ? entry_SYSCALL_64_after_hwframe+0x4b/0x53
00021  entry_SYSCALL_64_after_hwframe+0x4b/0x53
00021 RIP: 0033:0x5600a9251f51
00021 Code: 60 83 fb 01 41 89 de 41 83 d6 00 44 89 74 24 68 b8 a5 00 00 00 4c 89 e7 48 89 ee 48 8b 54 24 18 45 31 d2 4c 8b 44 24 10 0f 05 <48> 3d 01 f0 ff ff 0f 82 89 02 00 00 f7 d8 89 44 24 28 44 89 f0 ff
00021 RSP: 002b:00007fff7619f160 EFLAGS: 00000246 ORIG_RAX: 00000000000000a5
00021 RAX: ffffffffffffffda RBX: 0000000000000000 RCX: 00005600a9251f51
00021 RDX: 00005600cb9c98f0 RSI: 00005600cb9c9c00 RDI: 00005600cb9c97a0
00021 RBP: 00005600cb9c9c00 R08: 00005600cb9c9730 R09: 0000000000000060
00021 R10: 0000000000000000 R11: 0000000000000246 R12: 00005600cb9c97a0
00021 R13: 00007fff7619f378 R14: 0000000000000001 R15: 000000000000000d
00021  </TASK>
00021 Lustre: 1993:0:(mdt_handler.c:64:mdt_max_mod_rpcs_per_client_set()) max_mod_rpcs_per_client is deprecated, set mdt.*.max_mod_rpcs_in_flight parameter instead
00021 Lustre: ctl-lustre-MDT0000: No data found on store. Initialize space.
00021 Lustre: lustre-MDT0000: new disk, initializing
00021 Lustre: lustre-MDT0000: Imperative Recovery not enabled, recovery window 300-900
00021 Lustre: ctl-lustre-MDT0000: super-sequence allocation rc = 0 [0x0000000200000400-0x0000000240000400]:0:mdt
00021 Lustre: cli-ctl-lustre-MDT0001: Allocated super-sequence [0x0000000240000400-0x0000000280000400]:1:mdt]
00028 Lustre: ctl-lustre-MDT0000: super-sequence allocation rc = 0 [0x0000000280000400-0x00000002c0000400]:0:ost
00028 Lustre: Skipped 1 previous similar message
00028 Lustre: cli-lustre-OST0000-super: Allocated super-sequence [0x0000000280000400-0x00000002c0000400]:0:ost]
00028 Lustre: lustre-OST0000-osc-MDT0000: update sequence from 0x100000000 to 0x280000401
00028 Lustre: lustre-OST0001-osc-MDT0000: update sequence from 0x100010000 to 0x2c0000401
00033 Lustre: lustre-MDT0000: local client 22cd6432-64f7-4518-a051-5cc2ecb226ad w/o recovery
00033 Lustre: client wants to enable acl, but mdt not!
00033 Lustre: Mounted lustre-client - version 2.17.58
00033 lustre-ktest (1974) used greatest stack depth: 24096 bytes left
00033 19s
00044 CLEANUP LUSTRE ... Lustre: Unmounted lustre-client
00044 Lustre: server umount lustre-OST0000 complete
00044 Lustre: server umount lustre-OST0001 complete
00049 LustreError: lustre-MDT0001-osp-MDT0000: operation mds_statfs to node 0@lo failed: rc = -107
00049 Lustre: lustre-MDT0001-osp-MDT0000: Connection to lustre-MDT0001 (at 0@lo) was lost; in progress operations using this service will wait for recovery to complete
00049 Lustre: lustre-MDT0001: Not available for connect from 0@lo (stopping)
00054 Lustre: server umount lustre-MDT0001 complete
00064 Lustre: server umount lustre-MDT0000 complete
00064 21s
00064 Error 1 at /host/home/ktest/ktest/tests/prelude.sh 416 from: grep -E -q -e "kernel BUG at" -e "WARNING:" -e "\bBUG:" -e "Oops:" -e "possible recursive locking detected" -e "Internal error" -e "(INFO|ERR): suspicious RCU usage" -e "INFO: possible circular locking dependency detected" -e "general protection fault:" -e "BUG .* remaining" -e "UBSAN:", exiting
00064 Error 1 at /host/home/ktest/ktest/tests/prelude.sh 435 from: ( set -e; run_test $i ), exiting
00064 
00064 ========= FAILED llmount in 50s
00064 
00064 Passed: 
00064 Failed: llmount
00064 Error 1 at /host/home/ktest/ktest/tests/prelude.sh 544 from: return ${#tests_failed[@]}, exiting
00064 Error 1 at /host/home/ktest/ktest/tests/fs/lustre/llmount.ktest 33 from: return ${#tests_failed[@]}, exiting
00064 Error 1 at /host/home/ktest/ktest/tests/test-libs.sh 95 from: . $(dirname $(readlink -e ${BASH_SOURCE[2]}))/$fname, exiting
00064 Error 1 at /host/home/ktest/ktest/tests/fs/lustre/../../lockdep-base.sh 15 from: . $(dirname $(readlink -e ${BASH_SOURCE[2]}))/$fname, exiting
00064 NOTICE: Automounting of tracing to debugfs is deprecated and will be removed in 2030
00064 Kernel version: 7.0.0-ktest-47638ad-6330a45-20260909-dirty
00064 TEST FAILED
Error 1 at /home/ktest/ktest/lib/libktest.sh 527 from: "$ktest_dir/lib/supervisor" -S -F -T "$ktest_timeout" -b "$test_basename" -o "$test_logdir" -f "$test_basename.$(date -Iseconds).log" -- "${qemu_cmd[@]}", exiting
Error 1 at ./qlkbuild 194 from: "$ktest_dir/lib/supervisor" -S -F -T "$ktest_timeout" -b "$test_basename" -o "$test_logdir" -f "$test_basename.$(date -Iseconds).log" -- "${qemu_cmd[@]}", exiting
Error 1 at ./qlkbuild 1262 from: "$ktest_dir/lib/supervisor" -S -F -T "$ktest_timeout" -b "$test_basename" -o "$test_logdir" -f "$test_basename.$(date -Iseconds).log" -- "${qemu_cmd[@]}", exiting
