00001 
00004 LNetError: 152:0:(lib-socket.c:619:lnet_inet_enumerate()) lnet: Can't find any usable interfaces, rc = -ENOENT
00005 LNetError: Error -100 starting up LNI tcp
00005 LustreError: 152:0:(events.c:632:ptlrpc_init_portals()) network initialisation failed: rc = -100
00012 tlp: vm.laptop_mode is deprecated. Ignoring setting.
00012 Kernel version: 7.0.0-ktest-47638ad-6330a45-20260915-dirty
00013 hook init_noop
00013 
00013 Running tests mgs-setup
00013 
00013 ========= TEST   mgs-setup
00013 /host/home/ktest/git/lustre-release/lustre/tests/test-framework.sh: line 7016: cd: HOME not set
00013 /host/home/ktest/git/lustre-release/lustre/tests/test-framework.sh: line 7016: cd: HOME not set
00013 /host/home/ktest/git/lustre-release/lustre/tests/test-framework.sh: line 7016: cd: HOME not set
00016 MGS_OS_VERSION_ID=24.04
00016 MGS_OS_ID=ubuntu
00016 MGS_OS_VERSION_CODE=402915328
00016 MGS_OS_ID_LIKE=debian ubuntu
00016 MDS1_OS_ID=ubuntu
00016 MDS1_OS_VERSION_CODE=402915328
00016 MDS1_OS_ID_LIKE=debian ubuntu
00016 MDS1_OS_VERSION_ID=24.04
00016 OST1_OS_VERSION_ID=24.04
00016 OST1_OS_VERSION_CODE=402915328
00016 OST1_OS_ID=ubuntu
00016 OST1_OS_ID_LIKE=debian ubuntu
00016 CLIENT_OS_VERSION_ID=24.04
00016 CLIENT_OS_ID_LIKE=debian ubuntu
00016 CLIENT_OS_ID=ubuntu
00016 CLIENT_OS_VERSION_CODE=402915328
00017 Loading modules from /host/home/ktest/git/lustre-release/lustre
00017 detected 16 online CPUs by sysfs
00017 MODOPTS_LIBCFS=
00017 libcfs will create CPU partition based on online CPUs
00018 LNet: Added LNI 10.0.2.15@tcp [8/256/0/180]
00018 gss/krb5 is not supported
00019 Lustre: Echo OBD driver; http://www.lustre.org/
00019 '/usr/sbin/mount.lustre_tgt' -> 'mount.lustre'
00020 
00020 
00020 ============================================
00020 WARNING: possible recursive locking detected
00020 7.0.0-ktest-47638ad-6330a45-20260915-dirty #1 Tainted: G           O       
00020 --------------------------------------------
00020 lustre-ktest/1946 is trying to acquire lock:
00020 ffff8882029f03f0 (sb_writers#11){.+.+}-{0:0}, at: kernel_write+0xf4/0x300
00020 
00020 but task is already holding lock:
00020 ffff8882029f03f0 (sb_writers#11){.+.+}-{0:0}, at: local_oid_storage_init+0x120d/0x2420 [obdclass]
00020 
00020 other info that might help us debug this:
00020  Possible unsafe locking scenario:
00020 
00020        CPU0
00020        ----
00020   lock(sb_writers#11);
00020   lock(sb_writers#11);
00020 
00020  *** DEADLOCK ***
00020 
00020  May be due to missing lock nesting notation
00020 
00020 4 locks held by lustre-ktest/1946:
00020  #0: ffff8882029f20e0 (&type->s_umount_key#42/1){+.+.}-{4:4}, at: alloc_super+0x181/0x850
00020  #1: ffff8881a3d8d9d8 (&ls->ls_los_mutex){+.+.}-{4:4}, at: local_oid_storage_init+0x1b7/0x2420 [obdclass]
00020  #2: ffff8882029f03f0 (sb_writers#11){.+.+}-{0:0}, at: local_oid_storage_init+0x120d/0x2420 [obdclass]
00020  #3: ffff8881a3d8d0b0 (&obj->oo_dt.dd_sem){+.+.}-{4:4}, at: dt_write_lock+0x16d/0x2a0 [obdclass]
00020 
00020 stack backtrace:
00020 CPU: 2 UID: 0 PID: 1946 Comm: lustre-ktest Tainted: G           O        7.0.0-ktest-47638ad-6330a45-20260915-dirty #1 PREEMPT 
00020 Tainted: [O]=OOT_MODULE
00020 Hardware name: QEMU Standard PC (Q35 + ICH9, 2009), BIOS 2025.11-3ubuntu7 03/31/2026
00020 Call Trace:
00020  <TASK>
00020  dump_stack_lvl+0x6d/0xa0
00020  print_deadlock_bug+0x273/0x290
00020  __lock_acquire+0x128f/0x2a30
00020  lock_acquire+0xe7/0x2a0
00020  ? kernel_write+0xf4/0x300
00020  sb_start_write+0x42/0x130
00020  ? kernel_write+0xf4/0x300
00020  kernel_write+0xf4/0x300
00020  ? alloc_file_pseudo+0x114/0x180
00020  osd_write+0x4a2/0x720 [osd_wbcfs]
00020  dt_record_write+0xea/0x3e0 [obdclass]
00020  local_oid_storage_init+0x19c0/0x2420 [obdclass]
00020  mgs_fs_setup+0x206/0x1140 [mgs]
00020  ? ldlm_namespace_new+0x16b8/0x1f30 [ptlrpc]
00020  mgs_device_alloc+0x10b6/0x25b0 [mgs]
00020  ? keys_fill+0x3c7/0x420 [obdclass]
00020  ? lu_context_init+0x2c4/0x3b0 [obdclass]
00020  obd_setup+0x26d/0x950 [obdclass]
00020  class_setup+0xc7d/0x10e0 [obdclass]
00020  lustre_start_simple+0xe68/0x1b50 [obdclass]
00020  server_fill_super+0x1852/0x2f70 [ptlrpc]
00020  ? lustre_init_lsi+0x330/0x6c0 [obdclass]
00020  lustre_tgt_fill_super+0x273/0x730 [ptlrpc]
00020  ? lustre_tgt_get_tree+0x20/0x20 [ptlrpc]
00020  get_tree_nodev+0x9e/0x110
00020  vfs_get_tree+0x86/0x200
00020  do_new_mount+0x1ee/0xa10
00020  __x64_sys_mount+0x2a9/0x350
00020  do_syscall_64+0xda/0x430
00020  ? entry_SYSCALL_64_after_hwframe+0x4b/0x53
00020  entry_SYSCALL_64_after_hwframe+0x4b/0x53
00020 RIP: 0033:0x56140221ef51
00020 Code: 60 83 fb 01 41 89 de 41 83 d6 00 44 89 74 24 68 b8 a5 00 00 00 4c 89 e7 48 89 ee 48 8b 54 24 18 45 31 d2 4c 8b 44 24 10 0f 05 <48> 3d 01 f0 ff ff 0f 82 89 02 00 00 f7 d8 89 44 24 28 44 89 f0 ff
00020 RSP: 002b:00007ffcf3424440 EFLAGS: 00000246 ORIG_RAX: 00000000000000a5
00020 RAX: ffffffffffffffda RBX: 0000000000000000 RCX: 000056140221ef51
00020 RDX: 00005614149b1af0 RSI: 00005614149aec00 RDI: 00005614149b1ad0
00020 RBP: 00005614149aec00 R08: 00005614149aec30 R09: 0000000000000040
00020 R10: 0000000000000000 R11: 0000000000000246 R12: 00005614149b1ad0
00020 R13: 00007ffcf3424628 R14: 0000000000000001 R15: 000000000000000d
00020  </TASK>
00020 
00025 
00025 
00025 
00025 Lustre: server umount MGS0000 complete
00025 
00025 Removed directory: /mnt/lustre-yZKSNM-MGS0000
00025 Error 1 at /host/home/ktest/ktest/tests/prelude.sh 416 from: grep -E -q -e "kernel BUG at" -e "WARNING:" -e "\bBUG:" -e "Oops:" -e "possible recursive locking detected" -e "Internal error" -e "(INFO|ERR): suspicious RCU usage" -e "INFO: possible circular locking dependency detected" -e "general protection fault:" -e "BUG .* remaining" -e "UBSAN:", exiting
00025 Error 1 at /host/home/ktest/ktest/tests/prelude.sh 435 from: ( set -e; run_test $i ), exiting
00025 
00025 ========= FAILED mgs-setup in 13s
00025 
00025 Passed: 
00025 Failed: mgs-setup
00025 Error 1 at /host/home/ktest/ktest/tests/prelude.sh 544 from: return ${#tests_failed[@]}, exiting
00025 Error 1 at /host/home/ktest/ktest/tests/fs/lustre/mgs-setup.ktest 34 from: return ${#tests_failed[@]}, exiting
00025 Error 1 at /host/home/ktest/ktest/tests/test-libs.sh 95 from: . $(dirname $(readlink -e ${BASH_SOURCE[2]}))/$fname, exiting
00025 Error 1 at /host/home/ktest/ktest/tests/fs/lustre/../../lockdep-base.sh 15 from: . $(dirname $(readlink -e ${BASH_SOURCE[2]}))/$fname, exiting
00025 NOTICE: Automounting of tracing to debugfs is deprecated and will be removed in 2030
00025 Kernel version: 7.0.0-ktest-47638ad-6330a45-20260915-dirty
00025 TEST FAILED
Error 1 at /home/ktest/ktest/lib/libktest.sh 527 from: "$ktest_dir/lib/supervisor" -S -F -T "$ktest_timeout" -b "$test_basename" -o "$test_logdir" -f "$test_basename.$(date -Iseconds).log" -- "${qemu_cmd[@]}", exiting
Error 1 at ./qlkbuild 194 from: "$ktest_dir/lib/supervisor" -S -F -T "$ktest_timeout" -b "$test_basename" -o "$test_logdir" -f "$test_basename.$(date -Iseconds).log" -- "${qemu_cmd[@]}", exiting
Error 1 at ./qlkbuild 1262 from: "$ktest_dir/lib/supervisor" -S -F -T "$ktest_timeout" -b "$test_basename" -o "$test_logdir" -f "$test_basename.$(date -Iseconds).log" -- "${qemu_cmd[@]}", exiting
