CLI: ./pk --podman-socket unix:///run/user/1000/podman/podman.sock --shared-filesystem /tmp --tarball-input job distro --output /var/www/ci-lustre/upstream-patch-review --git-hash 47638add78158a74441ed3e56392f5a720cef764_distro --change-id master_47638add78158a74441ed3e56392f5a720cef764_distro --subject [distro] Main development branch

Environment validated successfully
Note: custom LLVM is not synced in tarball input mode
Creating lustre tarball at /tmp/ktest-lustre.tar.gz...
Creating ZFS tarball at /tmp/ktest-zfs.tar.gz...
Executing 21 jobs
Jobs will start as soon as their dependencies are satisfied
Using tarball input mode

START al2-pkg:al2-pkg package tests/fs/lustre/boot.ktest
START rocky9-pkg:rocky9-pkg package tests/fs/lustre/boot.ktest
START u24-pkg:u24-pkg package tests/fs/lustre/boot.ktest
START rocky8:rocky8 build tests/fs/lustre/boot.ktest
START rocky8-pkg:rocky8-pkg package tests/fs/lustre/boot.ktest
START u26:u26 build tests/fs/lustre/boot.ktest
START rocky10:rocky10 build tests/fs/lustre/boot.ktest
START al2023:al2023 build tests/fs/lustre/boot.ktest
START u24-dkms:u24-dkms
START u26-pkg:u26-pkg package tests/fs/lustre/boot.ktest
START al2023-pkg:al2023-pkg package tests/fs/lustre/boot.ktest
START al2:al2 build tests/fs/lustre/boot.ktest
START rocky8-dkms:rocky8-dkms
START rocky9:rocky9 build tests/fs/lustre/boot.ktest
START rocky10-dkms:rocky10-dkms
START al2023-dkms:al2023-dkms
START al2-dkms:al2-dkms
START rocky9-dkms:rocky9-dkms
START u24:u24 build tests/fs/lustre/boot.ktest
START rocky10-pkg:rocky10-pkg package tests/fs/lustre/boot.ktest
START u26-dkms:u26-dkms
PUT /tmp/ktest-lustre.tar.gz 1s
PUT /tmp/ktest-lustre.tar.gz 1s
PUT /tmp/ktest-lustre.tar.gz 1s
PUT /tmp/ktest-lustre.tar.gz 1s
PUT /tmp/ktest-lustre.tar.gz 1s
PUT /tmp/ktest-lustre.tar.gz 1s
PUT /tmp/ktest-lustre.tar.gz 1s
PUT /tmp/ktest-lustre.tar.gz 1s
PUT /tmp/ktest-lustre.tar.gz 1s
PUT /tmp/ktest-lustre.tar.gz 1s
END al2-pkg:al2-pkg package tests/fs/lustre/boot.ktest FAIL 44s (exit code: 2)
PUT /tmp/ktest-lustre.tar.gz 1s
END rocky8:rocky8 build tests/fs/lustre/boot.ktest PASS 96s
PUT /tmp/ktest-lustre.tar.gz 1s
END al2023-pkg:al2023-pkg package tests/fs/lustre/boot.ktest FAIL 82s (exit code: 2)
PUT /tmp/ktest-lustre.tar.gz 1s
END al2023:al2023 build tests/fs/lustre/boot.ktest PASS 142s
END u26:u26 build tests/fs/lustre/boot.ktest PASS 144s
PUT /tmp/ktest-lustre.tar.gz 1s
PUT /tmp/ktest-lustre.tar.gz 1s
END al2:al2 build tests/fs/lustre/boot.ktest FAIL 121s (exit code: 2)
END rocky10:rocky10 build tests/fs/lustre/boot.ktest PASS 220s
PUT /tmp/ktest-lustre.tar.gz 2s
PUT /tmp/ktest-lustre.tar.gz 1s
END rocky9:rocky9 build tests/fs/lustre/boot.ktest PASS 103s
PUT /tmp/ktest-lustre.tar.gz 1s
END rocky8-dkms:rocky8-dkms dkms tests/fs/lustre/boot.ktest PASS 123s
PUT /tmp/ktest-lustre.tar.gz 0s
END rocky10-dkms:rocky10-dkms dkms tests/fs/lustre/boot.ktest PASS 112s
PUT /tmp/ktest-lustre.tar.gz 1s
END u24-dkms:u24-dkms dkms tests/fs/lustre/boot.ktest PASS 284s
PUT /tmp/ktest-lustre.tar.gz 1s
END al2-dkms:al2-dkms dkms tests/fs/lustre/boot.ktest PASS 67s
END rocky9-pkg:rocky9-pkg package tests/fs/lustre/boot.ktest PASS 288s
END u24:u24 build tests/fs/lustre/boot.ktest PASS 41s
END rocky8-pkg:rocky8-pkg package tests/fs/lustre/boot.ktest PASS 292s
END al2023-dkms:al2023-dkms dkms tests/fs/lustre/boot.ktest PASS 83s
END rocky9-dkms:rocky9-dkms dkms tests/fs/lustre/boot.ktest PASS 67s
END u24-pkg:u24-pkg package tests/fs/lustre/boot.ktest PASS 371s
END rocky10-pkg:rocky10-pkg package tests/fs/lustre/boot.ktest PASS 129s
END u26-pkg:u26-pkg package tests/fs/lustre/boot.ktest PASS 386s
END u26-dkms:u26-dkms dkms tests/fs/lustre/boot.ktest PASS 126s

============================================================
Final Results:
  al2:al2: FAIL (121s) (log: /var/www/ci-lustre/upstream-patch-review/47638add78158a74441ed3e56392f5a720cef764_distro_al2:al2.log)
  al2-pkg:al2-pkg: FAIL (44s) (log: /var/www/ci-lustre/upstream-patch-review/47638add78158a74441ed3e56392f5a720cef764_distro_al2-pkg:al2-pkg.log)
  al2-dkms:al2-dkms: PASS (67s) (log: /var/www/ci-lustre/upstream-patch-review/47638add78158a74441ed3e56392f5a720cef764_distro_al2-dkms:al2-dkms.log)
  al2023:al2023: PASS (142s) (log: /var/www/ci-lustre/upstream-patch-review/47638add78158a74441ed3e56392f5a720cef764_distro_al2023:al2023.log)
  al2023-pkg:al2023-pkg: FAIL (82s) (log: /var/www/ci-lustre/upstream-patch-review/47638add78158a74441ed3e56392f5a720cef764_distro_al2023-pkg:al2023-pkg.log)
  al2023-dkms:al2023-dkms: PASS (83s) (log: /var/www/ci-lustre/upstream-patch-review/47638add78158a74441ed3e56392f5a720cef764_distro_al2023-dkms:al2023-dkms.log)
  rocky8:rocky8: PASS (96s) (log: /var/www/ci-lustre/upstream-patch-review/47638add78158a74441ed3e56392f5a720cef764_distro_rocky8:rocky8.log)
  rocky8-pkg:rocky8-pkg: PASS (292s) (log: /var/www/ci-lustre/upstream-patch-review/47638add78158a74441ed3e56392f5a720cef764_distro_rocky8-pkg:rocky8-pkg.log)
  rocky8-dkms:rocky8-dkms: PASS (123s) (log: /var/www/ci-lustre/upstream-patch-review/47638add78158a74441ed3e56392f5a720cef764_distro_rocky8-dkms:rocky8-dkms.log)
  rocky9:rocky9: PASS (103s) (log: /var/www/ci-lustre/upstream-patch-review/47638add78158a74441ed3e56392f5a720cef764_distro_rocky9:rocky9.log)
  rocky9-pkg:rocky9-pkg: PASS (288s) (log: /var/www/ci-lustre/upstream-patch-review/47638add78158a74441ed3e56392f5a720cef764_distro_rocky9-pkg:rocky9-pkg.log)
  rocky9-dkms:rocky9-dkms: PASS (67s) (log: /var/www/ci-lustre/upstream-patch-review/47638add78158a74441ed3e56392f5a720cef764_distro_rocky9-dkms:rocky9-dkms.log)
  rocky10:rocky10: PASS (220s) (log: /var/www/ci-lustre/upstream-patch-review/47638add78158a74441ed3e56392f5a720cef764_distro_rocky10:rocky10.log)
  rocky10-pkg:rocky10-pkg: PASS (129s) (log: /var/www/ci-lustre/upstream-patch-review/47638add78158a74441ed3e56392f5a720cef764_distro_rocky10-pkg:rocky10-pkg.log)
  rocky10-dkms:rocky10-dkms: PASS (112s) (log: /var/www/ci-lustre/upstream-patch-review/47638add78158a74441ed3e56392f5a720cef764_distro_rocky10-dkms:rocky10-dkms.log)
  u24:u24: PASS (41s) (log: /var/www/ci-lustre/upstream-patch-review/47638add78158a74441ed3e56392f5a720cef764_distro_u24:u24.log)
  u24-pkg:u24-pkg: PASS (371s) (log: /var/www/ci-lustre/upstream-patch-review/47638add78158a74441ed3e56392f5a720cef764_distro_u24-pkg:u24-pkg.log)
  u24-dkms:u24-dkms: PASS (284s) (log: /var/www/ci-lustre/upstream-patch-review/47638add78158a74441ed3e56392f5a720cef764_distro_u24-dkms:u24-dkms.log)
  u26:u26: PASS (144s) (log: /var/www/ci-lustre/upstream-patch-review/47638add78158a74441ed3e56392f5a720cef764_distro_u26:u26.log)
  u26-pkg:u26-pkg: PASS (386s) (log: /var/www/ci-lustre/upstream-patch-review/47638add78158a74441ed3e56392f5a720cef764_distro_u26-pkg:u26-pkg.log)
  u26-dkms:u26-dkms: PASS (126s) (log: /var/www/ci-lustre/upstream-patch-review/47638add78158a74441ed3e56392f5a720cef764_distro_u26-dkms:u26-dkms.log)

Total execution time: 419s

Packed 41 logs from /var/www/ci-lustre/upstream-patch-review into /home/ktest/ktest/local-site/local_data.js
Open /home/ktest/ktest/local-site/index.html in a browser
