00001 
00005 LNetError: 141:0:(lib-socket.c:619:lnet_inet_enumerate()) lnet: Can't find any usable interfaces, rc = -ENOENT
00005 LNetError: Error -100 starting up LNI tcp
00005 LustreError: 141:0:(events.c:632:ptlrpc_init_portals()) network initialisation failed: rc = -100
00006 LNetError: 141:0:(lib-socket.c:619:lnet_inet_enumerate()) lnet: Can't find any usable interfaces, rc = -ENOENT
00006 LNetError: Error -100 starting up LNI tcp
00006 LustreError: 141:0:(events.c:632:ptlrpc_init_portals()) network initialisation failed: rc = -100
00011 tlp: vm.laptop_mode is deprecated. Ignoring setting.
00011 Kernel version: 7.0.0-ktest-47638ad-6330a45-20260909-dirty
00012 hook init_noop
00012 
00012 Running tests boot
00012 
00012 ========= TEST   boot
00012 boot
00012 
00012 ========= PASSED boot in 0s
00012 
00012 Passed: boot
00012 Failed: 
00012 NOTICE: Automounting of tracing to debugfs is deprecated and will be removed in 2030
00012 Kernel version: 7.0.0-ktest-47638ad-6330a45-20260909-dirty
00012 TEST SUCCESS
