00001 
00005 LNetError: 152:0:(lib-socket.c:619:lnet_inet_enumerate()) lnet: Can't find any usable interfaces, rc = -ENOENT
00005 LNetError: Error -100 starting up LNI tcp
00006 LustreError: 152:0:(events.c:632:ptlrpc_init_portals()) network initialisation failed: rc = -100
00006 LNetError: 152:0:(lib-socket.c:619:lnet_inet_enumerate()) lnet: Can't find any usable interfaces, rc = -ENOENT
00006 LNetError: Error -100 starting up LNI tcp
00006 LustreError: 152:0:(events.c:632:ptlrpc_init_portals()) network initialisation failed: rc = -100
00012 tlp: vm.laptop_mode is deprecated. Ignoring setting.
00012 Kernel version: 7.0.0-ktest-47638ad-6330a45-20260909-dirty
00012 hook init_noop
00013 
00013 Running tests mgs-setup
00013 
00013 ========= TEST   mgs-setup
00013 /host/home/ktest/git/lustre-release/lustre/tests/test-framework.sh: line 7016: cd: HOME not set
00013 /host/home/ktest/git/lustre-release/lustre/tests/test-framework.sh: line 7016: cd: HOME not set
00013 /host/home/ktest/git/lustre-release/lustre/tests/test-framework.sh: line 7016: cd: HOME not set
00014 MGS_OS_VERSION_ID=24.04
00014 MGS_OS_ID=ubuntu
00014 MGS_OS_VERSION_CODE=402915328
00014 MGS_OS_ID_LIKE=debian ubuntu
00014 MDS1_OS_ID=ubuntu
00014 MDS1_OS_VERSION_CODE=402915328
00014 MDS1_OS_ID_LIKE=debian ubuntu
00014 MDS1_OS_VERSION_ID=24.04
00014 OST1_OS_VERSION_ID=24.04
00014 OST1_OS_VERSION_CODE=402915328
00014 OST1_OS_ID=ubuntu
00014 OST1_OS_ID_LIKE=debian ubuntu
00015 CLIENT_OS_VERSION_ID=24.04
00015 CLIENT_OS_ID_LIKE=debian ubuntu
00015 CLIENT_OS_ID=ubuntu
00015 CLIENT_OS_VERSION_CODE=402915328
00015 Loading modules from /host/home/ktest/git/lustre-release/lustre
00015 detected 16 online CPUs by sysfs
00015 MODOPTS_LIBCFS=
00015 libcfs will create CPU partition based on online CPUs
00015 LNet: Added LNI 10.0.2.15@tcp [8/256/0/180]
00015 gss/krb5 is not supported
00016 Lustre: Echo OBD driver; http://www.lustre.org/
00016 '/usr/sbin/mount.lustre_tgt' -> 'mount.lustre'
00016 
00016 
00016 
00017 
00022 
00022 
00022 
00022 Lustre: server umount MGS0000 complete
00022 
00022 Removed directory: /mnt/lustre-F42iip-MGS0000
00022 
00022 ========= PASSED mgs-setup in 10s
00022 
00022 Passed: mgs-setup
00022 Failed: 
00022 NOTICE: Automounting of tracing to debugfs is deprecated and will be removed in 2030
00022 Kernel version: 7.0.0-ktest-47638ad-6330a45-20260909-dirty
00022 TEST SUCCESS
