CLI: ./pk --podman-socket unix:///run/user/1000/podman/podman.sock --shared-filesystem /tmp --tarball-input job lustre-ci --output /var/www/ci-lustre/upstream-patch-review --git-hash 47d393a50924d2723d2f669e2de8ec448c0f4239 --change-id 69136_47d393a50924d2723d2f669e2de8ec448c0f4239 --subject LU-14144 utils: remove "lctl modules" command

Environment validated successfully
Note: custom LLVM is not synced in tarball input mode
Creating kernel tarball at /tmp/ktest-kernel.tar.gz...
Creating lustre tarball at /tmp/ktest-lustre.tar.gz...
Creating ZFS tarball at /tmp/ktest-zfs.tar.gz...
Executing 14 jobs
Jobs will start as soon as their dependencies are satisfied
Using tarball input mode

START ml:lustre_mainline build tests/fs/lustre/boot.ktest
START checkpatch:checkpatch tool checkpatch
START u24:u24 build tests/fs/lustre/boot.ktest
START ml-strict:lustre_mainline build tests/fs/lustre/boot-strict.ktest
START al2023:al2023 build tests/fs/lustre/boot.ktest
START ml-miscvm:lustre_mainline_native build tests/fs/lustre/boot.ktest
PUT /tmp/ktest-lustre.tar.gz 1s
PUT /tmp/ktest-lustre.tar.gz 2s
PUT /tmp/ktest-kernel.tar.gz 7s
PUT /tmp/ktest-kernel.tar.gz 7s
PUT /tmp/ktest-kernel.tar.gz 7s
PUT /tmp/ktest-kernel.tar.gz 7s
PUT /tmp/ktest-lustre.tar.gz 3s
PUT /tmp/ktest-lustre.tar.gz 3s
PUT /tmp/ktest-lustre.tar.gz 3s
PUT /tmp/ktest-lustre.tar.gz 3s
PUT /tmp/ktest-zfs.tar.gz 0s
PUT /tmp/ktest-zfs.tar.gz 0s
PUT /tmp/ktest-zfs.tar.gz 0s
END checkpatch:checkpatch tool checkpatch PASS 13s
END u24:u24 build tests/fs/lustre/boot.ktest FAIL 35s (exit code: 2)
END al2023:al2023 build tests/fs/lustre/boot.ktest FAIL 45s (exit code: 2)
GET /tmp/ktest_ml-miscvm:lustre_mainline_native_vazqyv4o.tar 9s
END ml-miscvm:lustre_mainline_native build tests/fs/lustre/boot.ktest FAIL 143s (exit code: 1)
GET /tmp/ktest_ml-strict:lustre_mainline_egdanuy2.tar 4s
GET /tmp/ktest_ml:lustre_mainline_fb695tjk.tar 4s
END ml-strict:lustre_mainline build tests/fs/lustre/boot-strict.ktest FAIL 151s (exit code: 1)
END ml:lustre_mainline build tests/fs/lustre/boot.ktest FAIL 153s (exit code: 1)

============================================================
Final Results:
  checkpatch:checkpatch: PASS (13s) (log: /var/www/ci-lustre/upstream-patch-review/47d393a50924d2723d2f669e2de8ec448c0f4239_checkpatch:checkpatch.log)
  u24:u24: FAIL (35s) (log: /var/www/ci-lustre/upstream-patch-review/47d393a50924d2723d2f669e2de8ec448c0f4239_u24:u24.log)
  al2023:al2023: FAIL (45s) (log: /var/www/ci-lustre/upstream-patch-review/47d393a50924d2723d2f669e2de8ec448c0f4239_al2023:al2023.log)
  ml-strict:lustre_mainline: FAIL (151s) (log: /var/www/ci-lustre/upstream-patch-review/47d393a50924d2723d2f669e2de8ec448c0f4239_ml-strict:lustre_mainline.log)
  ml:lustre_mainline: FAIL (153s) (log: /var/www/ci-lustre/upstream-patch-review/47d393a50924d2723d2f669e2de8ec448c0f4239_ml:lustre_mainline.log)
  ml-miscvm:lustre_mainline_native: FAIL (143s) (log: /var/www/ci-lustre/upstream-patch-review/47d393a50924d2723d2f669e2de8ec448c0f4239_ml-miscvm:lustre_mainline_native.log)
  ml-miscvm:boot: SKIPPED (due to dependency failure)
  ml-miscvm:llmount: SKIPPED (due to dependency failure)
  ml-miscvm:llog-unit: SKIPPED (due to dependency failure)
  ml-miscvm:mgs-setup: SKIPPED (due to dependency failure)
  ml-miscvm:sanity-1: SKIPPED (due to dependency failure)
  ml-miscvm:sanity-2: SKIPPED (due to dependency failure)
  ml-miscvm:sanity-3: SKIPPED (due to dependency failure)
  ml-miscvm:sanity-4: SKIPPED (due to dependency failure)

Total execution time: 184s

Packed 5012 logs from /var/www/ci-lustre/upstream-patch-review into /home/ktest/ktest/local-site/local_data.js
Open /home/ktest/ktest/local-site/index.html in a browser
