CLI: ./pk --podman-socket unix:///run/user/1000/podman/podman.sock --shared-filesystem /tmp --tarball-input job lustre-ci --output /var/www/ci-lustre/upstream-patch-review --git-hash 48975455ffd82f8c53aee5019b0f7b13549838db --change-id 65465_48975455ffd82f8c53aee5019b0f7b13549838db --subject LU-20184 nrs: extend TBF rate to support bandwidth (BPS) mode

Environment validated successfully
Note: custom LLVM is not synced in tarball input mode
Creating kernel tarball at /tmp/ktest-kernel.tar.gz...
Creating lustre tarball at /tmp/ktest-lustre.tar.gz...
Creating ZFS tarball at /tmp/ktest-zfs.tar.gz...
Executing 14 jobs
Jobs will start as soon as their dependencies are satisfied
Using tarball input mode

START ml-strict:lustre_mainline build tests/fs/lustre/boot-strict.ktest
START ml-miscvm:lustre_mainline_native build tests/fs/lustre/boot.ktest
START ml:lustre_mainline build tests/fs/lustre/boot.ktest
START u24:u24 build tests/fs/lustre/boot.ktest
START checkpatch:checkpatch tool checkpatch
START al2023:al2023 build tests/fs/lustre/boot.ktest
PUT /tmp/ktest-lustre.tar.gz 1s
PUT /tmp/ktest-lustre.tar.gz 1s
PUT /tmp/ktest-kernel.tar.gz 9s
PUT /tmp/ktest-kernel.tar.gz 10s
PUT /tmp/ktest-kernel.tar.gz 10s
PUT /tmp/ktest-kernel.tar.gz 10s
PUT /tmp/ktest-lustre.tar.gz 5s
PUT /tmp/ktest-lustre.tar.gz 5s
PUT /tmp/ktest-lustre.tar.gz 5s
PUT /tmp/ktest-lustre.tar.gz 5s
PUT /tmp/ktest-zfs.tar.gz 0s
PUT /tmp/ktest-zfs.tar.gz 1s
PUT /tmp/ktest-zfs.tar.gz 1s
END checkpatch:checkpatch tool checkpatch PASS 18s
END u24:u24 build tests/fs/lustre/boot.ktest PASS 44s
END al2023:al2023 build tests/fs/lustre/boot.ktest PASS 51s
GET /tmp/ktest_ml-strict:lustre_mainline_ogap4_kr.tar 4s
END ml-strict:lustre_mainline build tests/fs/lustre/boot-strict.ktest FAIL 179s (exit code: 1)
GET /tmp/ktest_ml-miscvm:lustre_mainline_native_15_lxzdd.tar 0s
GET /tmp/ktest_ml:lustre_mainline__frmy68c.tar 0s
END ml-miscvm:lustre_mainline_native build tests/fs/lustre/boot.ktest PASS 199s
START ml-miscvm:boot run tests/fs/lustre/boot.ktest
START ml-miscvm:llmount run tests/fs/lustre/llmount.ktest
START ml-miscvm:llog-unit run tests/fs/lustre/llog-unit.ktest
START ml-miscvm:mgs-setup run tests/fs/lustre/mgs-setup.ktest
START ml-miscvm:sanity-1 run tests/fs/lustre/sanity/sanity-1.ktest
START ml-miscvm:sanity-2 run tests/fs/lustre/sanity/sanity-2.ktest
START ml-miscvm:sanity-3 run tests/fs/lustre/sanity/sanity-3.ktest
START ml-miscvm:sanity-4 run tests/fs/lustre/sanity/sanity-4.ktest
END ml:lustre_mainline build tests/fs/lustre/boot.ktest PASS 200s
PUT /tmp/ktest-kernel.tar.gz 34s
PUT /tmp/ktest-kernel.tar.gz 34s
PUT /tmp/ktest-kernel.tar.gz 34s
PUT /tmp/ktest-kernel.tar.gz 34s
PUT /tmp/ktest-kernel.tar.gz 35s
PUT /tmp/ktest-kernel.tar.gz 34s
PUT /tmp/ktest-kernel.tar.gz 35s
PUT /tmp/ktest-kernel.tar.gz 35s
PUT /tmp/ktest-lustre.tar.gz 11s
PUT /tmp/ktest-lustre.tar.gz 11s
PUT /tmp/ktest-lustre.tar.gz 10s
PUT /tmp/ktest-lustre.tar.gz 10s
PUT /tmp/ktest-lustre.tar.gz 10s
PUT /tmp/ktest-lustre.tar.gz 11s
PUT /tmp/ktest-lustre.tar.gz 11s
PUT /tmp/ktest-lustre.tar.gz 11s
PUT /tmp/ktest_ml-miscvm:lustre_mainline_native_15_lxzdd.tar 2s
PUT /tmp/ktest_ml-miscvm:lustre_mainline_native_15_lxzdd.tar 2s
PUT /tmp/ktest_ml-miscvm:lustre_mainline_native_15_lxzdd.tar 2s
PUT /tmp/ktest_ml-miscvm:lustre_mainline_native_15_lxzdd.tar 2s
PUT /tmp/ktest_ml-miscvm:lustre_mainline_native_15_lxzdd.tar 2s
PUT /tmp/ktest_ml-miscvm:lustre_mainline_native_15_lxzdd.tar 2s
PUT /tmp/ktest_ml-miscvm:lustre_mainline_native_15_lxzdd.tar 2s
PUT /tmp/ktest_ml-miscvm:lustre_mainline_native_15_lxzdd.tar 3s
END ml-miscvm:boot run tests/fs/lustre/boot.ktest PASS 63s
END ml-miscvm:mgs-setup run tests/fs/lustre/mgs-setup.ktest PASS 71s
END ml-miscvm:sanity-2 run tests/fs/lustre/sanity/sanity-2.ktest PASS 103s
END ml-miscvm:sanity-3 run tests/fs/lustre/sanity/sanity-3.ktest PASS 105s
END ml-miscvm:sanity-4 run tests/fs/lustre/sanity/sanity-4.ktest PASS 106s
END ml-miscvm:sanity-1 run tests/fs/lustre/sanity/sanity-1.ktest PASS 107s
END ml-miscvm:llmount run tests/fs/lustre/llmount.ktest PASS 123s
END ml-miscvm:llog-unit run tests/fs/lustre/llog-unit.ktest FAIL 149s (exit code: 1)

============================================================
Final Results:
  checkpatch:checkpatch: PASS (18s) (log: /var/www/ci-lustre/upstream-patch-review/48975455ffd82f8c53aee5019b0f7b13549838db_checkpatch:checkpatch.log)
  u24:u24: PASS (44s) (log: /var/www/ci-lustre/upstream-patch-review/48975455ffd82f8c53aee5019b0f7b13549838db_u24:u24.log)
  al2023:al2023: PASS (51s) (log: /var/www/ci-lustre/upstream-patch-review/48975455ffd82f8c53aee5019b0f7b13549838db_al2023:al2023.log)
  ml-strict:lustre_mainline: FAIL (179s) (log: /var/www/ci-lustre/upstream-patch-review/48975455ffd82f8c53aee5019b0f7b13549838db_ml-strict:lustre_mainline.log)
  ml:lustre_mainline: PASS (200s) (log: /var/www/ci-lustre/upstream-patch-review/48975455ffd82f8c53aee5019b0f7b13549838db_ml:lustre_mainline.log)
  ml-miscvm:lustre_mainline_native: PASS (199s) (log: /var/www/ci-lustre/upstream-patch-review/48975455ffd82f8c53aee5019b0f7b13549838db_ml-miscvm:lustre_mainline_native.log)
  ml-miscvm:boot: PASS (63s) (log: /var/www/ci-lustre/upstream-patch-review/48975455ffd82f8c53aee5019b0f7b13549838db_ml-miscvm:boot.log)
  ml-miscvm:llmount: PASS (123s) (log: /var/www/ci-lustre/upstream-patch-review/48975455ffd82f8c53aee5019b0f7b13549838db_ml-miscvm:llmount.log)
  ml-miscvm:llog-unit: FAIL (149s) (log: /var/www/ci-lustre/upstream-patch-review/48975455ffd82f8c53aee5019b0f7b13549838db_ml-miscvm:llog-unit.log)
  ml-miscvm:mgs-setup: PASS (71s) (log: /var/www/ci-lustre/upstream-patch-review/48975455ffd82f8c53aee5019b0f7b13549838db_ml-miscvm:mgs-setup.log)
  ml-miscvm:sanity-1: PASS (107s) (log: /var/www/ci-lustre/upstream-patch-review/48975455ffd82f8c53aee5019b0f7b13549838db_ml-miscvm:sanity-1.log)
  ml-miscvm:sanity-2: PASS (103s) (log: /var/www/ci-lustre/upstream-patch-review/48975455ffd82f8c53aee5019b0f7b13549838db_ml-miscvm:sanity-2.log)
  ml-miscvm:sanity-3: PASS (105s) (log: /var/www/ci-lustre/upstream-patch-review/48975455ffd82f8c53aee5019b0f7b13549838db_ml-miscvm:sanity-3.log)
  ml-miscvm:sanity-4: PASS (106s) (log: /var/www/ci-lustre/upstream-patch-review/48975455ffd82f8c53aee5019b0f7b13549838db_ml-miscvm:sanity-4.log)

Total execution time: 379s

Packed 4951 logs from /var/www/ci-lustre/upstream-patch-review into /home/ktest/ktest/local-site/local_data.js
Open /home/ktest/ktest/local-site/index.html in a browser
