00001 
00002 init: failed to load nvme_core
00002 init: failed to load nvme
00002 init: failed to load zfs
00003 LNetError: 1:0:(lib-socket.c:619:lnet_inet_enumerate()) lnet: Can't find any usable interfaces, rc = -ENOENT
00003 LNetError: Error -100 starting up LNI tcp
00003 LustreError: 1:0:(events.c:627:ptlrpc_init_portals()) network initialisation failed: rc = -100
00004 init: finit_module /lib/modules/7.0.0-ktest-48bc1fe-6330a45-20260729-dirty/updates/ptlrpc.ko: Network is down
00004 init: failed to load lustre
00004 init: failed to load osd_zfs
00004 init: failed to load iwlwifi
00004 init: failed to load iwlmvm
00004 init: failed to load mt7921e
00004 init: failed to load i915
00004 init: failed to load nouveau
00007 tlp: vm.laptop_mode is deprecated. Ignoring setting.
00007 Kernel version: 7.0.0-ktest-48bc1fe-6330a45-20260729-dirty
00008 hook init_noop
00008 
00008 Running tests llog-unit
00008 
00008 ========= TEST   llog-unit
00008 /host/home/ktest/git/lustre-release/lustre/tests/test-framework.sh: line 6933: cd: HOME not set
00008 /host/home/ktest/git/lustre-release/lustre/tests/test-framework.sh: line 6933: cd: HOME not set
00008 /host/home/ktest/git/lustre-release/lustre/tests/test-framework.sh: line 6933: cd: HOME not set
00010 MGS_OS_VERSION_ID=24.04
00010 MGS_OS_ID=ubuntu
00010 MGS_OS_VERSION_CODE=402915328
00010 MGS_OS_ID_LIKE=debian ubuntu
00010 MDS1_OS_ID=ubuntu
00010 MDS1_OS_VERSION_CODE=402915328
00010 MDS1_OS_ID_LIKE=debian ubuntu
00010 MDS1_OS_VERSION_ID=24.04
00010 OST1_OS_VERSION_ID=24.04
00010 OST1_OS_VERSION_CODE=402915328
00010 OST1_OS_ID=ubuntu
00010 OST1_OS_ID_LIKE=debian ubuntu
00010 CLIENT_OS_VERSION_ID=24.04
00010 CLIENT_OS_ID_LIKE=debian ubuntu
00010 CLIENT_OS_ID=ubuntu
00010 CLIENT_OS_VERSION_CODE=402915328
00011 Loading modules from /host/home/ktest/git/lustre-release/lustre
00011 detected 16 online CPUs by sysfs
00011 MODOPTS_LIBCFS=
00011 libcfs will create CPU partition based on online CPUs
00011 LNet: Added LNI 10.0.2.15@tcp [8/256/0/180]
00011 gss/krb5 is not supported
00012 Lustre: Echo OBD driver; http://www.lustre.org/
00013 
00013 
00013 /host/home/ktest/git/lustre-release/lustre/tests/test-framework.sh: line 6933: cd: HOME not set
00013 /host/home/ktest/git/lustre-release/lustre/tests/test-framework.sh: line 6933: cd: HOME not set
00013 /host/home/ktest/git/lustre-release/lustre/tests/test-framework.sh: line 6933: cd: HOME not set
00016 Lustre: DEBUG MARKER: Attempt llog unit tests
00016 Lustre: 2174:0:(llog_test.c:2809:llog_test_device_init()) Setup llog-test device over MGS device
00016 Lustre: 2174:0:(llog_test.c:98:llog_test_1()) 1a: create a log with name: de075f4d
00016 ------------[ cut here ]------------
00016 WARNING: /home/ktest/git/linux/include/linux/fs.h:889 at osd_create+0x9cf/0xcf0 [osd_wbcfs], CPU#14: lctl/2174
00016 Modules linked in: llog_test(O) mgs(O) osd_wbcfs(O) lustre(O) obdecho(O) mgc(O) mdc(O) lov(O) osc(O) lmv(O) ec(O) fid(O) fld(O) ptlrpc(O) efivarfs obdclass(O) ksocklnd(O) lnet(O) libcfs(O)
00016 CPU: 14 UID: 0 PID: 2174 Comm: lctl Tainted: G           O        7.0.0-ktest-48bc1fe-6330a45-20260729-dirty #1 PREEMPT 
00016 Tainted: [O]=OOT_MODULE
00016 Hardware name: QEMU Standard PC (Q35 + ICH9, 2009), BIOS 2025.11-3ubuntu7 03/31/2026
00016 RIP: 0010:osd_create+0x9cf/0xcf0 [osd_wbcfs]
00016 Code: c7 c7 00 c6 7b a1 48 c7 c6 a0 42 7d a1 48 c7 c2 00 4c 7d a1 e8 82 dd 43 ff 48 c7 c7 00 c6 7b a1 e8 f6 6a 44 ff e9 fe fc ff ff <0f> 0b e9 a5 fa ff ff 48 c7 c1 80 44 5d a0 80 e1 07 80 c1 03 38 c1
00016 RSP: 0018:ffffc90001a777a0 EFLAGS: 00010246
00016 RAX: 0000000000000000 RBX: ffff888137fa3000 RCX: 0000000000000046
00016 RDX: 0000000000000000 RSI: ffff88818fd12648 RDI: ffff8881392ecb18
00016 RBP: ffff88818fd125b8 R08: ffffffff83a16803 R09: 1ffffffff0742d00
00016 R10: dffffc0000000000 R11: fffffbfff0742d01 R12: ffff888167bc8800
00016 R13: dffffc0000000000 R14: 1ffff11026ff4600 R15: 1ffff1102cf7910f
00016 FS:  00007f21f146a940(0000) GS:ffff88831eb2a000(0000) knlGS:0000000000000000
00016 CS:  0010 DS: 0000 ES: 0000 CR0: 0000000080050033
00016 CR2: 000055f81e300b40 CR3: 0000000107c86000 CR4: 0000000000750eb0
00016 PKRU: 55555554
00016 Call Trace:
00016  <TASK>
00016  ? local_object_create+0x109/0x640 [obdclass]
00016  ? dt_write_lock+0x16d/0x2a0 [obdclass]
00016  ? llog_osd_create+0x356/0x1140 [obdclass]
00016  ? llog_create+0x2ed/0x530 [obdclass]
00016  ? llog_open_create+0x5af/0xb10 [obdclass]
00016  ? llog_run_tests+0x4bb/0x5ac0 [llog_test]
00016  ? get_random_u32+0x51/0x470
00016  ? get_random_u32+0x51/0x470
00016  ? _raw_spin_unlock+0x23/0x40
00016  ? __llog_ctxt_put+0x1c4/0x2f0 [obdclass]
00016  ? llog_test_device_init+0x503/0x840 [llog_test]
00016  ? obd_setup+0x559/0x960 [obdclass]
00016  ? class_setup+0xc7d/0x10e0 [obdclass]
00016  ? class_process_config+0x2edb/0x7cb0 [obdclass]
00016  ? class_handle_ioctl+0x2055/0x3590 [obdclass]
00016  ? obd_class_ioctl+0x1f6/0x3c0 [obdclass]
00016  ? __x64_sys_ioctl+0x961/0xe00
00016  ? _copy_to_user+0x3d/0x60
00016  ? __x64_sys_rt_sigaction+0x107/0x140
00016  ? do_syscall_64+0xc1/0x350
00016  ? entry_SYSCALL_64_after_hwframe+0x4b/0x53
00016  </TASK>
00016 ---[ end trace 0000000000000000 ]---
00016 Lustre: 2174:0:(llog_test.c:115:llog_test_1()) 1b: close newly-created log
00016 Lustre: 2174:0:(llog_test.c:146:llog_test_2()) 2a: re-open a log with name: de075f4d
00016 Lustre: 2174:0:(llog_test.c:166:llog_test_2()) 2b: create a log without specified NAME & LOGID
00016 ------------[ cut here ]------------
00016 WARNING: /home/ktest/git/linux/include/linux/fs.h:889 at osd_create+0x9cf/0xcf0 [osd_wbcfs], CPU#14: lctl/2174
00016 Modules linked in: llog_test(O) mgs(O) osd_wbcfs(O) lustre(O) obdecho(O) mgc(O) mdc(O) lov(O) osc(O) lmv(O) ec(O) fid(O) fld(O) ptlrpc(O) efivarfs obdclass(O) ksocklnd(O) lnet(O) libcfs(O)
00016 CPU: 14 UID: 0 PID: 2174 Comm: lctl Tainted: G        W  O        7.0.0-ktest-48bc1fe-6330a45-20260729-dirty #1 PREEMPT 
00016 Tainted: [W]=WARN, [O]=OOT_MODULE
00016 Hardware name: QEMU Standard PC (Q35 + ICH9, 2009), BIOS 2025.11-3ubuntu7 03/31/2026
00016 RIP: 0010:osd_create+0x9cf/0xcf0 [osd_wbcfs]
00016 Code: c7 c7 00 c6 7b a1 48 c7 c6 a0 42 7d a1 48 c7 c2 00 4c 7d a1 e8 82 dd 43 ff 48 c7 c7 00 c6 7b a1 e8 f6 6a 44 ff e9 fe fc ff ff <0f> 0b e9 a5 fa ff ff 48 c7 c1 80 44 5d a0 80 e1 07 80 c1 03 38 c1
00016 RSP: 0018:ffffc90001a777a0 EFLAGS: 00010246
00016 RAX: 0000000000000000 RBX: ffff888137fa1c00 RCX: 0000000000000046
00016 RDX: 0000000000000000 RSI: ffff88818fd11f30 RDI: ffff8881392ecb18
00016 RBP: ffff88818fd11ea0 R08: ffffffff83a16803 R09: 1ffffffff0742d00
00016 R10: dffffc0000000000 R11: fffffbfff0742d01 R12: ffff888167bc8800
00016 R13: dffffc0000000000 R14: 1ffff11026ff4380 R15: 1ffff1102cf7910f
00016 FS:  00007f21f146a940(0000) GS:ffff88831eb2a000(0000) knlGS:0000000000000000
00016 CS:  0010 DS: 0000 ES: 0000 CR0: 0000000080050033
00016 CR2: 000055f81e300b40 CR3: 0000000107c86000 CR4: 0000000000750eb0
00016 PKRU: 55555554
00016 Call Trace:
00016  <TASK>
00016  ? local_object_create+0x109/0x640 [obdclass]
00016  ? dt_write_lock+0x16d/0x2a0 [obdclass]
00016  ? llog_osd_create+0x356/0x1140 [obdclass]
00016  ? llog_create+0x2ed/0x530 [obdclass]
00016  ? llog_open_create+0x5af/0xb10 [obdclass]
00016  ? llog_run_tests+0xd1a/0x5ac0 [llog_test]
00016  ? get_random_u32+0x51/0x470
00016  ? get_random_u32+0x51/0x470
00016  ? _raw_spin_unlock+0x23/0x40
00016  ? llog_test_device_init+0x503/0x840 [llog_test]
00016  ? obd_setup+0x559/0x960 [obdclass]
00016  ? class_setup+0xc7d/0x10e0 [obdclass]
00016  ? class_process_config+0x2edb/0x7cb0 [obdclass]
00016  ? class_handle_ioctl+0x2055/0x3590 [obdclass]
00016  ? obd_class_ioctl+0x1f6/0x3c0 [obdclass]
00016  ? __x64_sys_ioctl+0x961/0xe00
00016  ? _copy_to_user+0x3d/0x60
00016  ? __x64_sys_rt_sigaction+0x107/0x140
00016  ? do_syscall_64+0xc1/0x350
00016  ? entry_SYSCALL_64_after_hwframe+0x4b/0x53
00016  </TASK>
00016 ---[ end trace 0000000000000000 ]---
00016 Lustre: 2174:0:(llog_test.c:184:llog_test_2()) 2b: write 1 llog records, check llh_count
00016 Lustre: 2174:0:(llog_test.c:197:llog_test_2()) 2c: re-open the log by LOGID and verify llh_count
00016 Lustre: 2174:0:(llog_test.c:244:llog_test_2()) 2d: destroy this log
00016 Lustre: 2174:0:(llog_test.c:402:llog_test_3()) 3a: write 1023 fixed-size llog records
00017 Lustre: 2174:0:(llog_test.c:366:llog_test3_process()) test3: processing records from index 501 to the end
00017 Lustre: 2174:0:(llog_test.c:376:llog_test3_process()) test3: total 525 records processed with 0 paddings
00017 Lustre: 2174:0:(llog_test.c:458:llog_test_3()) 3b: write 566 variable size llog records
00017 Lustre: 2174:0:(llog_test.c:529:llog_test_3()) 3c: write records with variable size until BITMAP_SIZE, return -ENOSPC
00019 Lustre: 2174:0:(llog_test.c:552:llog_test_3()) 3c: wrote 63962 more records before end of llog is reached
00019 Lustre: 2174:0:(llog_test.c:581:llog_test_4()) 4a: create a catalog log with name: de075f4e
00019 ------------[ cut here ]------------
00019 WARNING: /home/ktest/git/linux/include/linux/fs.h:889 at osd_create+0x9cf/0xcf0 [osd_wbcfs], CPU#10: lctl/2174
00019 Modules linked in: llog_test(O) mgs(O) osd_wbcfs(O) lustre(O) obdecho(O) mgc(O) mdc(O) lov(O) osc(O) lmv(O) ec(O) fid(O) fld(O) ptlrpc(O) efivarfs obdclass(O) ksocklnd(O) lnet(O) libcfs(O)
00019 CPU: 10 UID: 0 PID: 2174 Comm: lctl Tainted: G        W  O        7.0.0-ktest-48bc1fe-6330a45-20260729-dirty #1 PREEMPT 
00019 Tainted: [W]=WARN, [O]=OOT_MODULE
00019 Hardware name: QEMU Standard PC (Q35 + ICH9, 2009), BIOS 2025.11-3ubuntu7 03/31/2026
00019 RIP: 0010:osd_create+0x9cf/0xcf0 [osd_wbcfs]
00019 Code: c7 c7 00 c6 7b a1 48 c7 c6 a0 42 7d a1 48 c7 c2 00 4c 7d a1 e8 82 dd 43 ff 48 c7 c7 00 c6 7b a1 e8 f6 6a 44 ff e9 fe fc ff ff <0f> 0b e9 a5 fa ff ff 48 c7 c1 80 44 5d a0 80 e1 07 80 c1 03 38 c1
00019 RSP: 0018:ffffc90001a777a0 EFLAGS: 00010246
00019 RAX: 0000000000000000 RBX: ffff888139aaac00 RCX: 0000000000000046
00019 RDX: 0000000000000000 RSI: ffff88818fd17b68 RDI: ffff8881392ecb18
00019 RBP: ffff88818fd17ad8 R08: ffffffff83a16803 R09: 1ffffffff0742d00
00019 R10: dffffc0000000000 R11: fffffbfff0742d01 R12: ffff888167bc8800
00019 R13: dffffc0000000000 R14: 1ffff11027355580 R15: 1ffff1102cf7910f
00019 FS:  00007f21f146a940(0000) GS:ffff88831e92a000(0000) knlGS:0000000000000000
00019 CS:  0010 DS: 0000 ES: 0000 CR0: 0000000080050033
00019 CR2: 00007fc2a56ee200 CR3: 0000000107c86000 CR4: 0000000000750eb0
00019 PKRU: 55555554
00019 Call Trace:
00019  <TASK>
00019  ? local_object_create+0x109/0x640 [obdclass]
00019  ? dt_write_lock+0x16d/0x2a0 [obdclass]
00019  ? llog_osd_create+0x356/0x1140 [obdclass]
00019  ? llog_create+0x2ed/0x530 [obdclass]
00019  ? llog_open_create+0x5af/0xb10 [obdclass]
00019  ? llog_run_tests+0x2c0e/0x5ac0 [llog_test]
00019  ? get_random_u32+0x51/0x470
00019  ? llog_test_device_init+0x503/0x840 [llog_test]
00019  ? obd_setup+0x559/0x960 [obdclass]
00019  ? class_setup+0xc7d/0x10e0 [obdclass]
00019  ? class_process_config+0x2edb/0x7cb0 [obdclass]
00019  ? class_handle_ioctl+0x2055/0x3590 [obdclass]
00019  ? obd_class_ioctl+0x1f6/0x3c0 [obdclass]
00019  ? __x64_sys_ioctl+0x961/0xe00
00019  ? _copy_to_user+0x3d/0x60
00019  ? __x64_sys_rt_sigaction+0x107/0x140
00019  ? do_syscall_64+0xc1/0x350
00019  ? entry_SYSCALL_64_after_hwframe+0x4b/0x53
00019  </TASK>
00019 ---[ end trace 0000000000000000 ]---
00019 Lustre: 2174:0:(llog_test.c:596:llog_test_4()) 4b: write 1 record into the catalog
00019 ------------[ cut here ]------------
00019 WARNING: /home/ktest/git/linux/include/linux/fs.h:889 at osd_create+0x9cf/0xcf0 [osd_wbcfs], CPU#10: lctl/2174
00019 Modules linked in: llog_test(O) mgs(O) osd_wbcfs(O) lustre(O) obdecho(O) mgc(O) mdc(O) lov(O) osc(O) lmv(O) ec(O) fid(O) fld(O) ptlrpc(O) efivarfs obdclass(O) ksocklnd(O) lnet(O) libcfs(O)
00019 CPU: 10 UID: 0 PID: 2174 Comm: lctl Tainted: G        W  O        7.0.0-ktest-48bc1fe-6330a45-20260729-dirty #1 PREEMPT 
00019 Tainted: [W]=WARN, [O]=OOT_MODULE
00019 Hardware name: QEMU Standard PC (Q35 + ICH9, 2009), BIOS 2025.11-3ubuntu7 03/31/2026
00019 RIP: 0010:osd_create+0x9cf/0xcf0 [osd_wbcfs]
00019 Code: c7 c7 00 c6 7b a1 48 c7 c6 a0 42 7d a1 48 c7 c2 00 4c 7d a1 e8 82 dd 43 ff 48 c7 c7 00 c6 7b a1 e8 f6 6a 44 ff e9 fe fc ff ff <0f> 0b e9 a5 fa ff ff 48 c7 c1 80 44 5d a0 80 e1 07 80 c1 03 38 c1
00019 RSP: 0018:ffffc90001a77640 EFLAGS: 00010246
00019 RAX: 0000000000000000 RBX: ffff888139aaa400 RCX: 0000000000000046
00019 RDX: 0000000000000000 RSI: ffff88818fd17450 RDI: ffff8881392ecb40
00019 RBP: ffff88818fd173c0 R08: ffffffff83a16803 R09: 1ffffffff0742d00
00019 R10: dffffc0000000000 R11: fffffbfff0742d01 R12: ffff888167bc8800
00019 R13: dffffc0000000000 R14: 1ffff11027355480 R15: 1ffff1102cf7910f
00019 FS:  00007f21f146a940(0000) GS:ffff88831e92a000(0000) knlGS:0000000000000000
00019 CS:  0010 DS: 0000 ES: 0000 CR0: 0000000080050033
00019 CR2: 00007fc2a56ee200 CR3: 0000000107c86000 CR4: 0000000000750eb0
00019 PKRU: 55555554
00019 Call Trace:
00019  <TASK>
00019  ? local_object_create+0x109/0x640 [obdclass]
00019  ? dt_write_lock+0x16d/0x2a0 [obdclass]
00019  ? llog_osd_create+0x356/0x1140 [obdclass]
00019  ? llog_create+0x2ed/0x530 [obdclass]
00019  ? llog_cat_new_log+0x6c3/0x2bf0 [obdclass]
00019  ? llog_cat_add_rec+0x6ba/0x1960 [obdclass]
00019  ? llog_cat_add+0x451/0x890 [obdclass]
00019  ? llog_run_tests+0x2ff2/0x5ac0 [llog_test]
00019  ? get_random_u32+0x51/0x470
00019  ? llog_test_device_init+0x503/0x840 [llog_test]
00019  ? obd_setup+0x559/0x960 [obdclass]
00019  ? class_setup+0xc7d/0x10e0 [obdclass]
00019  ? class_process_config+0x2edb/0x7cb0 [obdclass]
00019  ? class_handle_ioctl+0x2055/0x3590 [obdclass]
00019  ? obd_class_ioctl+0x1f6/0x3c0 [obdclass]
00019  ? __x64_sys_ioctl+0x961/0xe00
00019  ? _copy_to_user+0x3d/0x60
00019  ? __x64_sys_rt_sigaction+0x107/0x140
00019  ? do_syscall_64+0xc1/0x350
00019  ? entry_SYSCALL_64_after_hwframe+0x4b/0x53
00019  </TASK>
00019 ---[ end trace 0000000000000000 ]---
00019 Lustre: 2174:0:(llog_test.c:623:llog_test_4()) 4c: cancel 1 log record
00019 Lustre: 2174:0:(llog_test.c:635:llog_test_4()) 4d: write 64767 more log records
00050 Lustre: 2174:0:(llog_test.c:1024:llog_test_7_sub()) 7_sub: records are not aligned, written 64139 from 64767
00052 Lustre: 2174:0:(llog_test.c:1140:llog_test_7()) 7g: test llog_gen_rec
00052 ------------[ cut here ]------------
00052 WARNING: /home/ktest/git/linux/include/linux/fs.h:889 at osd_create+0x9cf/0xcf0 [osd_wbcfs], CPU#10: lctl/2174
00052 Modules linked in: llog_test(O) mgs(O) osd_wbcfs(O) lustre(O) obdecho(O) mgc(O) mdc(O) lov(O) osc(O) lmv(O) ec(O) fid(O) fld(O) ptlrpc(O) efivarfs obdclass(O) ksocklnd(O) lnet(O) libcfs(O)
00052 CPU: 10 UID: 0 PID: 2174 Comm: lctl Tainted: G        W  O        7.0.0-ktest-48bc1fe-6330a45-20260729-dirty #1 PREEMPT 
00052 Tainted: [W]=WARN, [O]=OOT_MODULE
00052 Hardware name: QEMU Standard PC (Q35 + ICH9, 2009), BIOS 2025.11-3ubuntu7 03/31/2026
00052 RIP: 0010:osd_create+0x9cf/0xcf0 [osd_wbcfs]
00052 Code: c7 c7 00 c6 7b a1 48 c7 c6 a0 42 7d a1 48 c7 c2 00 4c 7d a1 e8 82 dd 43 ff 48 c7 c7 00 c6 7b a1 e8 f6 6a 44 ff e9 fe fc ff ff <0f> 0b e9 a5 fa ff ff 48 c7 c1 80 44 5d a0 80 e1 07 80 c1 03 38 c1
00052 RSP: 0018:ffffc90001a776f8 EFLAGS: 00010246
00052 RAX: 0000000000000000 RBX: ffff888161f30400 RCX: 0000000000000046
00052 RDX: 0000000000000000 RSI: ffff88818fd13478 RDI: ffff8881392ecb18
00052 RBP: ffff88818fd133e8 R08: ffffffff83a16803 R09: 1ffffffff0742d00
00052 R10: dffffc0000000000 R11: fffffbfff0742d01 R12: ffff888167bc8800
00052 R13: dffffc0000000000 R14: 1ffff1102c3e6080 R15: 1ffff1102cf7910f
00052 FS:  00007f21f146a940(0000) GS:ffff88831e92a000(0000) knlGS:0000000000000000
00052 CS:  0010 DS: 0000 ES: 0000 CR0: 0000000080050033
00052 CR2: 00007fc2a56ee200 CR3: 0000000107c86000 CR4: 0000000000750eb0
00052 PKRU: 55555554
00052 Call Trace:
00052  <TASK>
00052  ? local_object_create+0x109/0x640 [obdclass]
00052  ? dt_write_lock+0x16d/0x2a0 [obdclass]
00052  ? llog_osd_create+0x356/0x1140 [obdclass]
00052  ? llog_create+0x2ed/0x530 [obdclass]
00052  ? llog_open_create+0x5af/0xb10 [obdclass]
00052  ? llog_test_7_sub+0xea/0x1250 [llog_test]
00052  ? llog_test_7+0x968/0xf50 [llog_test]
00052  ? llog_run_tests+0x3614/0x5ac0 [llog_test]
00052  ? get_random_u32+0x51/0x470
00052  ? llog_test_device_init+0x503/0x840 [llog_test]
00052  ? obd_setup+0x559/0x960 [obdclass]
00052  ? class_setup+0xc7d/0x10e0 [obdclass]
00052  ? class_process_config+0x2edb/0x7cb0 [obdclass]
00052  ? class_handle_ioctl+0x2055/0x3590 [obdclass]
00052  ? obd_class_ioctl+0x1f6/0x3c0 [obdclass]
00052  ? __x64_sys_ioctl+0x961/0xe00
00052  ? _copy_to_user+0x3d/0x60
00052  ? __x64_sys_rt_sigaction+0x107/0x140
00052  ? do_syscall_64+0xc1/0x350
00052  ? entry_SYSCALL_64_after_hwframe+0x4b/0x53
00052  </TASK>
00052 ---[ end trace 0000000000000000 ]---
00057 Lustre: 2174:0:(llog_test.c:1151:llog_test_7()) 7h: test llog_setattr64_rec_v2
00057 ------------[ cut here ]------------
00057 WARNING: /home/ktest/git/linux/include/linux/fs.h:889 at osd_create+0x9cf/0xcf0 [osd_wbcfs], CPU#10: lctl/2174
00057 Modules linked in: llog_test(O) mgs(O) osd_wbcfs(O) lustre(O) obdecho(O) mgc(O) mdc(O) lov(O) osc(O) lmv(O) ec(O) fid(O) fld(O) ptlrpc(O) efivarfs obdclass(O) ksocklnd(O) lnet(O) libcfs(O)
00057 CPU: 10 UID: 0 PID: 2174 Comm: lctl Tainted: G        W  O        7.0.0-ktest-48bc1fe-6330a45-20260729-dirty #1 PREEMPT 
00057 Tainted: [W]=WARN, [O]=OOT_MODULE
00057 Hardware name: QEMU Standard PC (Q35 + ICH9, 2009), BIOS 2025.11-3ubuntu7 03/31/2026
00057 RIP: 0010:osd_create+0x9cf/0xcf0 [osd_wbcfs]
00057 Code: c7 c7 00 c6 7b a1 48 c7 c6 a0 42 7d a1 48 c7 c2 00 4c 7d a1 e8 82 dd 43 ff 48 c7 c7 00 c6 7b a1 e8 f6 6a 44 ff e9 fe fc ff ff <0f> 0b e9 a5 fa ff ff 48 c7 c1 80 44 5d a0 80 e1 07 80 c1 03 38 c1
00057 RSP: 0018:ffffc90001a776f8 EFLAGS: 00010246
00057 RAX: 0000000000000000 RBX: ffff88819c909800 RCX: 0000000000000046
00057 RDX: 0000000000000000 RSI: ffff88818fd12d60 RDI: ffff8881392ecb18
00057 RBP: ffff88818fd12cd0 R08: ffffffff83a16803 R09: 1ffffffff0742d00
00057 R10: dffffc0000000000 R11: fffffbfff0742d01 R12: ffff888167bc8800
00057 R13: dffffc0000000000 R14: 1ffff11033921300 R15: 1ffff1102cf7910f
00057 FS:  00007f21f146a940(0000) GS:ffff88831e92a000(0000) knlGS:0000000000000000
00057 CS:  0010 DS: 0000 ES: 0000 CR0: 0000000080050033
00057 CR2: 00007fc2a56ee200 CR3: 0000000107c86000 CR4: 0000000000750eb0
00057 PKRU: 55555554
00057 Call Trace:
00057  <TASK>
00057  ? local_object_create+0x109/0x640 [obdclass]
00057  ? dt_write_lock+0x16d/0x2a0 [obdclass]
00057  ? llog_osd_create+0x356/0x1140 [obdclass]
00057  ? llog_create+0x2ed/0x530 [obdclass]
00057  ? llog_open_create+0x5af/0xb10 [obdclass]
00057  ? llog_test_7_sub+0xea/0x1250 [llog_test]
00057  ? llog_test_7+0xa99/0xf50 [llog_test]
00057  ? llog_run_tests+0x3614/0x5ac0 [llog_test]
00057  ? get_random_u32+0x51/0x470
00057  ? llog_test_device_init+0x503/0x840 [llog_test]
00057  ? obd_setup+0x559/0x960 [obdclass]
00057  ? class_setup+0xc7d/0x10e0 [obdclass]
00057  ? class_process_config+0x2edb/0x7cb0 [obdclass]
00057  ? class_handle_ioctl+0x2055/0x3590 [obdclass]
00057  ? obd_class_ioctl+0x1f6/0x3c0 [obdclass]
00057  ? __x64_sys_ioctl+0x961/0xe00
00057  ? _copy_to_user+0x3d/0x60
00057  ? __x64_sys_rt_sigaction+0x107/0x140
00057  ? do_syscall_64+0xc1/0x350
00057  ? entry_SYSCALL_64_after_hwframe+0x4b/0x53
00057  </TASK>
00057 ---[ end trace 0000000000000000 ]---
00059 Lustre: 2174:0:(llog_test.c:1024:llog_test_7_sub()) 7_sub: records are not aligned, written 64071 from 64767
00061 Lustre: 2174:0:(llog_test.c:1261:llog_test_8()) 8a: fill the first plain llog
00061 ------------[ cut here ]------------
00061 WARNING: /home/ktest/git/linux/include/linux/fs.h:889 at osd_create+0x9cf/0xcf0 [osd_wbcfs], CPU#10: lctl/2174
00061 Modules linked in: llog_test(O) mgs(O) osd_wbcfs(O) lustre(O) obdecho(O) mgc(O) mdc(O) lov(O) osc(O) lmv(O) ec(O) fid(O) fld(O) ptlrpc(O) efivarfs obdclass(O) ksocklnd(O) lnet(O) libcfs(O)
00061 CPU: 10 UID: 0 PID: 2174 Comm: lctl Tainted: G        W  O        7.0.0-ktest-48bc1fe-6330a45-20260729-dirty #1 PREEMPT 
00061 Tainted: [W]=WARN, [O]=OOT_MODULE
00061 Hardware name: QEMU Standard PC (Q35 + ICH9, 2009), BIOS 2025.11-3ubuntu7 03/31/2026
00061 RIP: 0010:osd_create+0x9cf/0xcf0 [osd_wbcfs]
00061 Code: c7 c7 00 c6 7b a1 48 c7 c6 a0 42 7d a1 48 c7 c2 00 4c 7d a1 e8 82 dd 43 ff 48 c7 c7 00 c6 7b a1 e8 f6 6a 44 ff e9 fe fc ff ff <0f> 0b e9 a5 fa ff ff 48 c7 c1 80 44 5d a0 80 e1 07 80 c1 03 38 c1
00061 RSP: 0018:ffffc90001a774c8 EFLAGS: 00010246
00061 RAX: 0000000000000000 RBX: ffff88819f44c000 RCX: 0000000000000046
00061 RDX: 0000000000000000 RSI: ffff888139dc50d8 RDI: ffff8881392ecb40
00061 RBP: ffff888139dc5048 R08: ffffffff83a16803 R09: 1ffffffff0742d00
00061 R10: dffffc0000000000 R11: fffffbfff0742d01 R12: ffff888167bc8800
00061 R13: dffffc0000000000 R14: 1ffff11033e89800 R15: 1ffff1102cf7910f
00061 FS:  00007f21f146a940(0000) GS:ffff88831e92a000(0000) knlGS:0000000000000000
00061 CS:  0010 DS: 0000 ES: 0000 CR0: 0000000080050033
00061 CR2: 00007fc2a56ee200 CR3: 0000000107c86000 CR4: 0000000000750eb0
00061 PKRU: 55555554
00061 Call Trace:
00061  <TASK>
00061  ? local_object_create+0x109/0x640 [obdclass]
00061  ? dt_write_lock+0x16d/0x2a0 [obdclass]
00061  ? llog_osd_create+0x356/0x1140 [obdclass]
00061  ? llog_create+0x2ed/0x530 [obdclass]
00061  ? llog_cat_new_log+0x6c3/0x2bf0 [obdclass]
00061  ? llog_cat_add_rec+0x6ba/0x1960 [obdclass]
00061  ? llog_cat_add+0x451/0x890 [obdclass]
00061  ? llog_test_8+0x567/0x1c20 [llog_test]
00061  ? do_raw_spin_unlock+0x52/0x230
00061  ? _raw_spin_unlock+0x23/0x40
00061  ? __llog_ctxt_put+0x1c4/0x2f0 [obdclass]
00061  ? llog_run_tests+0x39a2/0x5ac0 [llog_test]
00061  ? get_random_u32+0x51/0x470
00061  ? llog_test_device_init+0x503/0x840 [llog_test]
00061  ? obd_setup+0x559/0x960 [obdclass]
00061  ? class_setup+0xc7d/0x10e0 [obdclass]
00061  ? class_process_config+0x2edb/0x7cb0 [obdclass]
00061  ? class_handle_ioctl+0x2055/0x3590 [obdclass]
00061  ? obd_class_ioctl+0x1f6/0x3c0 [obdclass]
00061  ? __x64_sys_ioctl+0x961/0xe00
00061  ? _copy_to_user+0x3d/0x60
00061  ? __x64_sys_rt_sigaction+0x107/0x140
00061  ? do_syscall_64+0xc1/0x350
00061  ? entry_SYSCALL_64_after_hwframe+0x4b/0x53
00061  </TASK>
00061 ---[ end trace 0000000000000000 ]---
00061 Lustre: 2174:0:(llog_test.c:1290:llog_test_8()) 8b: first llog [0x1:0x10:0x0]
00061 Lustre: 2174:0:(llog_test.c:1306:llog_test_8()) 8b: fill the second plain llog
00061 ------------[ cut here ]------------
00061 WARNING: /home/ktest/git/linux/include/linux/fs.h:889 at osd_create+0x9cf/0xcf0 [osd_wbcfs], CPU#10: lctl/2174
00061 Modules linked in: llog_test(O) mgs(O) osd_wbcfs(O) lustre(O) obdecho(O) mgc(O) mdc(O) lov(O) osc(O) lmv(O) ec(O) fid(O) fld(O) ptlrpc(O) efivarfs obdclass(O) ksocklnd(O) lnet(O) libcfs(O)
00061 CPU: 10 UID: 0 PID: 2174 Comm: lctl Tainted: G        W  O        7.0.0-ktest-48bc1fe-6330a45-20260729-dirty #1 PREEMPT 
00061 Tainted: [W]=WARN, [O]=OOT_MODULE
00061 Hardware name: QEMU Standard PC (Q35 + ICH9, 2009), BIOS 2025.11-3ubuntu7 03/31/2026
00061 RIP: 0010:osd_create+0x9cf/0xcf0 [osd_wbcfs]
00061 Code: c7 c7 00 c6 7b a1 48 c7 c6 a0 42 7d a1 48 c7 c2 00 4c 7d a1 e8 82 dd 43 ff 48 c7 c7 00 c6 7b a1 e8 f6 6a 44 ff e9 fe fc ff ff <0f> 0b e9 a5 fa ff ff 48 c7 c1 80 44 5d a0 80 e1 07 80 c1 03 38 c1
00061 RSP: 0018:ffffc90001a774c8 EFLAGS: 00010246
00061 RAX: 0000000000000000 RBX: ffff8881992b8800 RCX: 0000000000000046
00061 RDX: 0000000000000000 RSI: ffff888139dc49c0 RDI: ffff8881392ecb40
00061 RBP: ffff888139dc4930 R08: ffffffff83a16803 R09: 1ffffffff0742d00
00061 R10: dffffc0000000000 R11: fffffbfff0742d01 R12: ffff888167bc8800
00061 R13: dffffc0000000000 R14: 1ffff11033257100 R15: 1ffff1102cf7910f
00061 FS:  00007f21f146a940(0000) GS:ffff88831e92a000(0000) knlGS:0000000000000000
00061 CS:  0010 DS: 0000 ES: 0000 CR0: 0000000080050033
00061 CR2: 00007fc2a56ee200 CR3: 0000000107c86000 CR4: 0000000000750eb0
00061 PKRU: 55555554
00061 Call Trace:
00061  <TASK>
00061  ? local_object_create+0x109/0x640 [obdclass]
00061  ? dt_write_lock+0x16d/0x2a0 [obdclass]
00061  ? llog_osd_create+0x356/0x1140 [obdclass]
00061  ? llog_create+0x2ed/0x530 [obdclass]
00061  ? llog_cat_new_log+0x6c3/0x2bf0 [obdclass]
00061  ? llog_cat_add_rec+0x6ba/0x1960 [obdclass]
00061  ? llog_cat_add+0x451/0x890 [obdclass]
00061  ? llog_test_8+0xd89/0x1c20 [llog_test]
00061  ? do_raw_spin_unlock+0x52/0x230
00061  ? _raw_spin_unlock+0x23/0x40
00061  ? __llog_ctxt_put+0x1c4/0x2f0 [obdclass]
00061  ? llog_run_tests+0x39a2/0x5ac0 [llog_test]
00061  ? get_random_u32+0x51/0x470
00061  ? llog_test_device_init+0x503/0x840 [llog_test]
00061  ? obd_setup+0x559/0x960 [obdclass]
00061  ? class_setup+0xc7d/0x10e0 [obdclass]
00061  ? class_process_config+0x2edb/0x7cb0 [obdclass]
00061  ? class_handle_ioctl+0x2055/0x3590 [obdclass]
00061  ? obd_class_ioctl+0x1f6/0x3c0 [obdclass]
00061  ? __x64_sys_ioctl+0x961/0xe00
00061  ? _copy_to_user+0x3d/0x60
00061  ? __x64_sys_rt_sigaction+0x107/0x140
00061  ? do_syscall_64+0xc1/0x350
00061  ? entry_SYSCALL_64_after_hwframe+0x4b/0x53
00061  </TASK>
00061 ---[ end trace 0000000000000000 ]---
00061 Lustre: 2174:0:(llog_test.c:1330:llog_test_8()) 8b: pin llog [0x1:0x12:0x0]
00061 Lustre: 2174:0:(llog_test.c:1333:llog_test_8()) 8b: clean first llog record in catalog
00061 Lustre: 2174:0:(llog_test.c:1344:llog_test_8()) 8c: corrupt first chunk in the middle
00061 Lustre: 2174:0:(llog_test.c:1347:llog_test_8()) 8c: corrupt second chunk at start
00061 Lustre: 2174:0:(llog_test.c:1350:llog_test_8()) 8d: count survived records
00061 Lustre: 2174:0:(llog_test.c:1380:llog_test_8()) 8d: close re-opened catalog
00061 Lustre: 2174:0:(llog_test.c:1441:llog_test_9()) 9a: test llog_logid_rec
00061 ------------[ cut here ]------------
00061 WARNING: /home/ktest/git/linux/include/linux/fs.h:889 at osd_create+0x9cf/0xcf0 [osd_wbcfs], CPU#10: lctl/2174
00061 Modules linked in: llog_test(O) mgs(O) osd_wbcfs(O) lustre(O) obdecho(O) mgc(O) mdc(O) lov(O) osc(O) lmv(O) ec(O) fid(O) fld(O) ptlrpc(O) efivarfs obdclass(O) ksocklnd(O) lnet(O) libcfs(O)
00061 CPU: 10 UID: 0 PID: 2174 Comm: lctl Tainted: G        W  O        7.0.0-ktest-48bc1fe-6330a45-20260729-dirty #1 PREEMPT 
00061 Tainted: [W]=WARN, [O]=OOT_MODULE
00061 Hardware name: QEMU Standard PC (Q35 + ICH9, 2009), BIOS 2025.11-3ubuntu7 03/31/2026
00061 RIP: 0010:osd_create+0x9cf/0xcf0 [osd_wbcfs]
00061 Code: c7 c7 00 c6 7b a1 48 c7 c6 a0 42 7d a1 48 c7 c2 00 4c 7d a1 e8 82 dd 43 ff 48 c7 c7 00 c6 7b a1 e8 f6 6a 44 ff e9 fe fc ff ff <0f> 0b e9 a5 fa ff ff 48 c7 c1 80 44 5d a0 80 e1 07 80 c1 03 38 c1
00061 RSP: 0018:ffffc90001a77720 EFLAGS: 00010246
00061 RAX: 0000000000000000 RBX: ffff8881992ba000 RCX: 0000000000000046
00061 RDX: 0000000000000000 RSI: ffff888139dc42a8 RDI: ffff8881392ecb18
00061 RBP: ffff888139dc4218 R08: ffffffff83a16803 R09: 1ffffffff0742d00
00061 R10: dffffc0000000000 R11: fffffbfff0742d01 R12: ffff888167bc8800
00061 R13: dffffc0000000000 R14: 1ffff11033257400 R15: 1ffff1102cf7910f
00061 FS:  00007f21f146a940(0000) GS:ffff88831e92a000(0000) knlGS:0000000000000000
00061 CS:  0010 DS: 0000 ES: 0000 CR0: 0000000080050033
00061 CR2: 00007fc2a56ee200 CR3: 0000000107c86000 CR4: 0000000000750eb0
00061 PKRU: 55555554
00061 Call Trace:
00061  <TASK>
00061  ? local_object_create+0x109/0x640 [obdclass]
00061  ? dt_write_lock+0x16d/0x2a0 [obdclass]
00061  ? llog_osd_create+0x356/0x1140 [obdclass]
00061  ? llog_create+0x2ed/0x530 [obdclass]
00061  ? llog_open_create+0x5af/0xb10 [obdclass]
00061  ? llog_test_9_sub+0xd4/0x800 [llog_test]
00061  ? llog_test_9+0x242/0x960 [llog_test]
00061  ? llog_run_tests+0x3d64/0x5ac0 [llog_test]
00061  ? get_random_u32+0x51/0x470
00061  ? llog_test_device_init+0x503/0x840 [llog_test]
00061  ? obd_setup+0x559/0x960 [obdclass]
00061  ? class_setup+0xc7d/0x10e0 [obdclass]
00061  ? class_process_config+0x2edb/0x7cb0 [obdclass]
00061  ? class_handle_ioctl+0x2055/0x3590 [obdclass]
00061  ? obd_class_ioctl+0x1f6/0x3c0 [obdclass]
00061  ? __x64_sys_ioctl+0x961/0xe00
00061  ? _copy_to_user+0x3d/0x60
00061  ? __x64_sys_rt_sigaction+0x107/0x140
00061  ? do_syscall_64+0xc1/0x350
00061  ? entry_SYSCALL_64_after_hwframe+0x4b/0x53
00061  </TASK>
00061 ---[ end trace 0000000000000000 ]---
00061 Lustre: 2174:0:(llog_test.c:1425:llog_test_9_sub()) 9_sub: record type 1064553b in log 0x1:0x14:0x0
00061 Lustre: 2174:0:(llog_test.c:1452:llog_test_9()) 9b: test llog_obd_cfg_rec
00061 ------------[ cut here ]------------
00061 WARNING: /home/ktest/git/linux/include/linux/fs.h:889 at osd_create+0x9cf/0xcf0 [osd_wbcfs], CPU#10: lctl/2174
00061 Modules linked in: llog_test(O) mgs(O) osd_wbcfs(O) lustre(O) obdecho(O) mgc(O) mdc(O) lov(O) osc(O) lmv(O) ec(O) fid(O) fld(O) ptlrpc(O) efivarfs obdclass(O) ksocklnd(O) lnet(O) libcfs(O)
00061 CPU: 10 UID: 0 PID: 2174 Comm: lctl Tainted: G        W  O        7.0.0-ktest-48bc1fe-6330a45-20260729-dirty #1 PREEMPT 
00061 Tainted: [W]=WARN, [O]=OOT_MODULE
00061 Hardware name: QEMU Standard PC (Q35 + ICH9, 2009), BIOS 2025.11-3ubuntu7 03/31/2026
00061 RIP: 0010:osd_create+0x9cf/0xcf0 [osd_wbcfs]
00061 Code: c7 c7 00 c6 7b a1 48 c7 c6 a0 42 7d a1 48 c7 c2 00 4c 7d a1 e8 82 dd 43 ff 48 c7 c7 00 c6 7b a1 e8 f6 6a 44 ff e9 fe fc ff ff <0f> 0b e9 a5 fa ff ff 48 c7 c1 80 44 5d a0 80 e1 07 80 c1 03 38 c1
00061 RSP: 0018:ffffc90001a77720 EFLAGS: 00010246
00061 RAX: 0000000000000000 RBX: ffff8881992bf400 RCX: 0000000000000046
00061 RDX: 0000000000000000 RSI: ffff888139dc3b90 RDI: ffff8881392ecb18
00061 RBP: ffff888139dc3b00 R08: ffffffff83a16803 R09: 1ffffffff0742d00
00061 R10: dffffc0000000000 R11: fffffbfff0742d01 R12: ffff888167bc8800
00061 R13: dffffc0000000000 R14: 1ffff11033257e80 R15: 1ffff1102cf7910f
00061 FS:  00007f21f146a940(0000) GS:ffff88831e92a000(0000) knlGS:0000000000000000
00061 CS:  0010 DS: 0000 ES: 0000 CR0: 0000000080050033
00061 CR2: 00007fc2a56ee200 CR3: 0000000107c86000 CR4: 0000000000750eb0
00061 PKRU: 55555554
00061 Call Trace:
00061  <TASK>
00061  ? local_object_create+0x109/0x640 [obdclass]
00061  ? dt_write_lock+0x16d/0x2a0 [obdclass]
00061  ? llog_osd_create+0x356/0x1140 [obdclass]
00061  ? llog_create+0x2ed/0x530 [obdclass]
00061  ? llog_open_create+0x5af/0xb10 [obdclass]
00061  ? llog_test_9_sub+0xd4/0x800 [llog_test]
00061  ? llog_test_9+0x373/0x960 [llog_test]
00061  ? llog_run_tests+0x3d64/0x5ac0 [llog_test]
00061  ? get_random_u32+0x51/0x470
00061  ? llog_test_device_init+0x503/0x840 [llog_test]
00061  ? obd_setup+0x559/0x960 [obdclass]
00061  ? class_setup+0xc7d/0x10e0 [obdclass]
00061  ? class_process_config+0x2edb/0x7cb0 [obdclass]
00061  ? class_handle_ioctl+0x2055/0x3590 [obdclass]
00061  ? obd_class_ioctl+0x1f6/0x3c0 [obdclass]
00061  ? __x64_sys_ioctl+0x961/0xe00
00061  ? _copy_to_user+0x3d/0x60
00061  ? __x64_sys_rt_sigaction+0x107/0x140
00061  ? do_syscall_64+0xc1/0x350
00061  ? entry_SYSCALL_64_after_hwframe+0x4b/0x53
00061  </TASK>
00061 ---[ end trace 0000000000000000 ]---
00061 Lustre: 2174:0:(llog_test.c:1463:llog_test_9()) 9c: test llog_changelog_rec
00061 ------------[ cut here ]------------
00061 WARNING: /home/ktest/git/linux/include/linux/fs.h:889 at osd_create+0x9cf/0xcf0 [osd_wbcfs], CPU#10: lctl/2174
00061 Modules linked in: llog_test(O) mgs(O) osd_wbcfs(O) lustre(O) obdecho(O) mgc(O) mdc(O) lov(O) osc(O) lmv(O) ec(O) fid(O) fld(O) ptlrpc(O) efivarfs obdclass(O) ksocklnd(O) lnet(O) libcfs(O)
00061 CPU: 10 UID: 0 PID: 2174 Comm: lctl Tainted: G        W  O        7.0.0-ktest-48bc1fe-6330a45-20260729-dirty #1 PREEMPT 
00061 Tainted: [W]=WARN, [O]=OOT_MODULE
00061 Hardware name: QEMU Standard PC (Q35 + ICH9, 2009), BIOS 2025.11-3ubuntu7 03/31/2026
00061 RIP: 0010:osd_create+0x9cf/0xcf0 [osd_wbcfs]
00061 Code: c7 c7 00 c6 7b a1 48 c7 c6 a0 42 7d a1 48 c7 c2 00 4c 7d a1 e8 82 dd 43 ff 48 c7 c7 00 c6 7b a1 e8 f6 6a 44 ff e9 fe fc ff ff <0f> 0b e9 a5 fa ff ff 48 c7 c1 80 44 5d a0 80 e1 07 80 c1 03 38 c1
00061 RSP: 0018:ffffc90001a77720 EFLAGS: 00010246
00061 RAX: 0000000000000000 RBX: ffff8881992bec00 RCX: 0000000000000046
00061 RDX: 0000000000000000 RSI: ffff888139dc3478 RDI: ffff8881392ecb18
00061 RBP: ffff888139dc33e8 R08: ffffffff83a16803 R09: 1ffffffff0742d00
00061 R10: dffffc0000000000 R11: fffffbfff0742d01 R12: ffff888167bc8800
00061 R13: dffffc0000000000 R14: 1ffff11033257d80 R15: 1ffff1102cf7910f
00061 FS:  00007f21f146a940(0000) GS:ffff88831e92a000(0000) knlGS:0000000000000000
00061 CS:  0010 DS: 0000 ES: 0000 CR0: 0000000080050033
00061 CR2: 00007fc2a56ee200 CR3: 0000000107c86000 CR4: 0000000000750eb0
00061 PKRU: 55555554
00061 Call Trace:
00061  <TASK>
00061  ? local_object_create+0x109/0x640 [obdclass]
00061  ? dt_write_lock+0x16d/0x2a0 [obdclass]
00061  ? llog_osd_create+0x356/0x1140 [obdclass]
00061  ? llog_create+0x2ed/0x530 [obdclass]
00061  ? llog_open_create+0x5af/0xb10 [obdclass]
00061  ? llog_test_9_sub+0xd4/0x800 [llog_test]
00061  ? llog_test_9+0x4a4/0x960 [llog_test]
00061  ? llog_run_tests+0x3d64/0x5ac0 [llog_test]
00061  ? get_random_u32+0x51/0x470
00061  ? llog_test_device_init+0x503/0x840 [llog_test]
00061  ? obd_setup+0x559/0x960 [obdclass]
00061  ? class_setup+0xc7d/0x10e0 [obdclass]
00061  ? class_process_config+0x2edb/0x7cb0 [obdclass]
00061  ? class_handle_ioctl+0x2055/0x3590 [obdclass]
00061  ? obd_class_ioctl+0x1f6/0x3c0 [obdclass]
00061  ? __x64_sys_ioctl+0x961/0xe00
00061  ? _copy_to_user+0x3d/0x60
00061  ? __x64_sys_rt_sigaction+0x107/0x140
00061  ? do_syscall_64+0xc1/0x350
00061  ? entry_SYSCALL_64_after_hwframe+0x4b/0x53
00061  </TASK>
00061 ---[ end trace 0000000000000000 ]---
00061 Lustre: 2174:0:(llog_test.c:1475:llog_test_9()) 9d: test llog_changelog_user_rec2
00061 ------------[ cut here ]------------
00061 WARNING: /home/ktest/git/linux/include/linux/fs.h:889 at osd_create+0x9cf/0xcf0 [osd_wbcfs], CPU#10: lctl/2174
00061 Modules linked in: llog_test(O) mgs(O) osd_wbcfs(O) lustre(O) obdecho(O) mgc(O) mdc(O) lov(O) osc(O) lmv(O) ec(O) fid(O) fld(O) ptlrpc(O) efivarfs obdclass(O) ksocklnd(O) lnet(O) libcfs(O)
00061 CPU: 10 UID: 0 PID: 2174 Comm: lctl Tainted: G        W  O        7.0.0-ktest-48bc1fe-6330a45-20260729-dirty #1 PREEMPT 
00061 Tainted: [W]=WARN, [O]=OOT_MODULE
00061 Hardware name: QEMU Standard PC (Q35 + ICH9, 2009), BIOS 2025.11-3ubuntu7 03/31/2026
00061 RIP: 0010:osd_create+0x9cf/0xcf0 [osd_wbcfs]
00061 Code: c7 c7 00 c6 7b a1 48 c7 c6 a0 42 7d a1 48 c7 c2 00 4c 7d a1 e8 82 dd 43 ff 48 c7 c7 00 c6 7b a1 e8 f6 6a 44 ff e9 fe fc ff ff <0f> 0b e9 a5 fa ff ff 48 c7 c1 80 44 5d a0 80 e1 07 80 c1 03 38 c1
00061 RSP: 0018:ffffc90001a77720 EFLAGS: 00010246
00061 RAX: 0000000000000000 RBX: ffff8881992be400 RCX: 0000000000000046
00061 RDX: 0000000000000000 RSI: ffff888139dc2d60 RDI: ffff8881392ecb18
00061 RBP: ffff888139dc2cd0 R08: ffffffff83a16803 R09: 1ffffffff0742d00
00061 R10: dffffc0000000000 R11: fffffbfff0742d01 R12: ffff888167bc8800
00061 R13: dffffc0000000000 R14: 1ffff11033257c80 R15: 1ffff1102cf7910f
00061 FS:  00007f21f146a940(0000) GS:ffff88831e92a000(0000) knlGS:0000000000000000
00061 CS:  0010 DS: 0000 ES: 0000 CR0: 0000000080050033
00061 CR2: 00007fc2a56ee200 CR3: 0000000107c86000 CR4: 0000000000750eb0
00061 PKRU: 55555554
00061 Call Trace:
00061  <TASK>
00061  ? local_object_create+0x109/0x640 [obdclass]
00061  ? dt_write_lock+0x16d/0x2a0 [obdclass]
00061  ? llog_osd_create+0x356/0x1140 [obdclass]
00061  ? llog_create+0x2ed/0x530 [obdclass]
00061  ? llog_open_create+0x5af/0xb10 [obdclass]
00061  ? llog_test_9_sub+0xd4/0x800 [llog_test]
00061  ? llog_test_9+0x5d5/0x960 [llog_test]
00061  ? llog_run_tests+0x3d64/0x5ac0 [llog_test]
00061  ? get_random_u32+0x51/0x470
00061  ? llog_test_device_init+0x503/0x840 [llog_test]
00061  ? obd_setup+0x559/0x960 [obdclass]
00061  ? class_setup+0xc7d/0x10e0 [obdclass]
00061  ? class_process_config+0x2edb/0x7cb0 [obdclass]
00061  ? class_handle_ioctl+0x2055/0x3590 [obdclass]
00061  ? obd_class_ioctl+0x1f6/0x3c0 [obdclass]
00061  ? __x64_sys_ioctl+0x961/0xe00
00061  ? _copy_to_user+0x3d/0x60
00061  ? __x64_sys_rt_sigaction+0x107/0x140
00061  ? do_syscall_64+0xc1/0x350
00061  ? entry_SYSCALL_64_after_hwframe+0x4b/0x53
00061  </TASK>
00061 ---[ end trace 0000000000000000 ]---
00061 Lustre: 2174:0:(llog_test.c:1576:llog_test_10()) 10a: create a catalog log with name: de075f4f
00061 ------------[ cut here ]------------
00061 WARNING: /home/ktest/git/linux/include/linux/fs.h:889 at osd_create+0x9cf/0xcf0 [osd_wbcfs], CPU#10: lctl/2174
00061 Modules linked in: llog_test(O) mgs(O) osd_wbcfs(O) lustre(O) obdecho(O) mgc(O) mdc(O) lov(O) osc(O) lmv(O) ec(O) fid(O) fld(O) ptlrpc(O) efivarfs obdclass(O) ksocklnd(O) lnet(O) libcfs(O)
00061 CPU: 10 UID: 0 PID: 2174 Comm: lctl Tainted: G        W  O        7.0.0-ktest-48bc1fe-6330a45-20260729-dirty #1 PREEMPT 
00061 Tainted: [W]=WARN, [O]=OOT_MODULE
00061 Hardware name: QEMU Standard PC (Q35 + ICH9, 2009), BIOS 2025.11-3ubuntu7 03/31/2026
00061 RIP: 0010:osd_create+0x9cf/0xcf0 [osd_wbcfs]
00061 Code: c7 c7 00 c6 7b a1 48 c7 c6 a0 42 7d a1 48 c7 c2 00 4c 7d a1 e8 82 dd 43 ff 48 c7 c7 00 c6 7b a1 e8 f6 6a 44 ff e9 fe fc ff ff <0f> 0b e9 a5 fa ff ff 48 c7 c1 80 44 5d a0 80 e1 07 80 c1 03 38 c1
00061 RSP: 0018:ffffc90001a775d8 EFLAGS: 00010246
00061 RAX: 0000000000000000 RBX: ffff8881992bdc00 RCX: 0000000000000046
00061 RDX: 0000000000000000 RSI: ffff888139dc2648 RDI: ffff8881392ecb18
00061 RBP: ffff888139dc25b8 R08: ffffffff83a16803 R09: 1ffffffff0742d00
00061 R10: dffffc0000000000 R11: fffffbfff0742d01 R12: ffff888167bc8800
00061 R13: dffffc0000000000 R14: 1ffff11033257b80 R15: 1ffff1102cf7910f
00061 FS:  00007f21f146a940(0000) GS:ffff88831e92a000(0000) knlGS:0000000000000000
00061 CS:  0010 DS: 0000 ES: 0000 CR0: 0000000080050033
00061 CR2: 00007fc2a56ee200 CR3: 0000000107c86000 CR4: 0000000000750eb0
00061 PKRU: 55555554
00061 Call Trace:
00061  <TASK>
00061  ? local_object_create+0x109/0x640 [obdclass]
00061  ? dt_write_lock+0x16d/0x2a0 [obdclass]
00061  ? llog_osd_create+0x356/0x1140 [obdclass]
00061  ? llog_create+0x2ed/0x530 [obdclass]
00061  ? llog_open_create+0x5af/0xb10 [obdclass]
00061  ? llog_test_10+0x2e1/0x5600 [llog_test]
00061  ? lu_object_put+0xa64/0x1210 [obdclass]
00061  ? do_raw_spin_unlock+0x52/0x230
00061  ? _raw_spin_unlock+0x23/0x40
00061  ? __llog_ctxt_put+0x1c4/0x2f0 [obdclass]
00061  ? llog_run_tests+0x3f45/0x5ac0 [llog_test]
00061  ? get_random_u32+0x51/0x470
00061  ? llog_test_device_init+0x503/0x840 [llog_test]
00061  ? obd_setup+0x559/0x960 [obdclass]
00061  ? class_setup+0xc7d/0x10e0 [obdclass]
00061  ? class_process_config+0x2edb/0x7cb0 [obdclass]
00061  ? class_handle_ioctl+0x2055/0x3590 [obdclass]
00061  ? obd_class_ioctl+0x1f6/0x3c0 [obdclass]
00061  ? __x64_sys_ioctl+0x961/0xe00
00061  ? _copy_to_user+0x3d/0x60
00061  ? __x64_sys_rt_sigaction+0x107/0x140
00061  ? do_syscall_64+0xc1/0x350
00061  ? entry_SYSCALL_64_after_hwframe+0x4b/0x53
00061  </TASK>
00061 ---[ end trace 0000000000000000 ]---
00061 Lustre: 2174:0:(llog_test.c:1608:llog_test_10()) 10b: write 64767 log records
00061 ------------[ cut here ]------------
00061 WARNING: /home/ktest/git/linux/include/linux/fs.h:889 at osd_create+0x9cf/0xcf0 [osd_wbcfs], CPU#10: lctl/2174
00061 Modules linked in: llog_test(O) mgs(O) osd_wbcfs(O) lustre(O) obdecho(O) mgc(O) mdc(O) lov(O) osc(O) lmv(O) ec(O) fid(O) fld(O) ptlrpc(O) efivarfs obdclass(O) ksocklnd(O) lnet(O) libcfs(O)
00061 CPU: 10 UID: 0 PID: 2174 Comm: lctl Tainted: G        W  O        7.0.0-ktest-48bc1fe-6330a45-20260729-dirty #1 PREEMPT 
00061 Tainted: [W]=WARN, [O]=OOT_MODULE
00061 Hardware name: QEMU Standard PC (Q35 + ICH9, 2009), BIOS 2025.11-3ubuntu7 03/31/2026
00061 RIP: 0010:osd_create+0x9cf/0xcf0 [osd_wbcfs]
00061 Code: c7 c7 00 c6 7b a1 48 c7 c6 a0 42 7d a1 48 c7 c2 00 4c 7d a1 e8 82 dd 43 ff 48 c7 c7 00 c6 7b a1 e8 f6 6a 44 ff e9 fe fc ff ff <0f> 0b e9 a5 fa ff ff 48 c7 c1 80 44 5d a0 80 e1 07 80 c1 03 38 c1
00061 RSP: 0018:ffffc90001a77478 EFLAGS: 00010246
00061 RAX: 0000000000000000 RBX: ffff8881992bd400 RCX: 0000000000000046
00061 RDX: 0000000000000000 RSI: ffff888139dc1f30 RDI: ffff8881392ecb40
00061 RBP: ffff888139dc1ea0 R08: ffffffff83a16803 R09: 1ffffffff0742d00
00061 R10: dffffc0000000000 R11: fffffbfff0742d01 R12: ffff888167bc8800
00061 R13: dffffc0000000000 R14: 1ffff11033257a80 R15: 1ffff1102cf7910f
00061 FS:  00007f21f146a940(0000) GS:ffff88831e92a000(0000) knlGS:0000000000000000
00061 CS:  0010 DS: 0000 ES: 0000 CR0: 0000000080050033
00061 CR2: 00007fc2a56ee200 CR3: 0000000107c86000 CR4: 0000000000750eb0
00061 PKRU: 55555554
00061 Call Trace:
00061  <TASK>
00061  ? local_object_create+0x109/0x640 [obdclass]
00061  ? dt_write_lock+0x16d/0x2a0 [obdclass]
00061  ? llog_osd_create+0x356/0x1140 [obdclass]
00061  ? llog_create+0x2ed/0x530 [obdclass]
00061  ? llog_cat_new_log+0x6c3/0x2bf0 [obdclass]
00061  ? llog_cat_add_rec+0x6ba/0x1960 [obdclass]
00061  ? llog_cat_add+0x451/0x890 [obdclass]
00061  ? llog_test_10+0x91d/0x5600 [llog_test]
00061  ? lu_object_put+0xa64/0x1210 [obdclass]
00061  ? do_raw_spin_unlock+0x52/0x230
00061  ? _raw_spin_unlock+0x23/0x40
00061  ? __llog_ctxt_put+0x1c4/0x2f0 [obdclass]
00061  ? llog_run_tests+0x3f45/0x5ac0 [llog_test]
00061  ? get_random_u32+0x51/0x470
00061  ? llog_test_device_init+0x503/0x840 [llog_test]
00061  ? obd_setup+0x559/0x960 [obdclass]
00061  ? class_setup+0xc7d/0x10e0 [obdclass]
00061  ? class_process_config+0x2edb/0x7cb0 [obdclass]
00061  ? class_handle_ioctl+0x2055/0x3590 [obdclass]
00061  ? obd_class_ioctl+0x1f6/0x3c0 [obdclass]
00061  ? __x64_sys_ioctl+0x961/0xe00
00061  ? _copy_to_user+0x3d/0x60
00061  ? __x64_sys_rt_sigaction+0x107/0x140
00061  ? do_syscall_64+0xc1/0x350
00061  ? entry_SYSCALL_64_after_hwframe+0x4b/0x53
00061  </TASK>
00061 ---[ end trace 0000000000000000 ]---
00064 ------------[ cut here ]------------
00064 WARNING: /home/ktest/git/linux/include/linux/fs.h:889 at osd_create+0x9cf/0xcf0 [osd_wbcfs], CPU#10: lctl/2174
00064 Modules linked in: llog_test(O) mgs(O) osd_wbcfs(O) lustre(O) obdecho(O) mgc(O) mdc(O) lov(O) osc(O) lmv(O) ec(O) fid(O) fld(O) ptlrpc(O) efivarfs obdclass(O) ksocklnd(O) lnet(O) libcfs(O)
00064 CPU: 10 UID: 0 PID: 2174 Comm: lctl Tainted: G        W  O        7.0.0-ktest-48bc1fe-6330a45-20260729-dirty #1 PREEMPT 
00064 Tainted: [W]=WARN, [O]=OOT_MODULE
00064 Hardware name: QEMU Standard PC (Q35 + ICH9, 2009), BIOS 2025.11-3ubuntu7 03/31/2026
00064 RIP: 0010:osd_create+0x9cf/0xcf0 [osd_wbcfs]
00064 Code: c7 c7 00 c6 7b a1 48 c7 c6 a0 42 7d a1 48 c7 c2 00 4c 7d a1 e8 82 dd 43 ff 48 c7 c7 00 c6 7b a1 e8 f6 6a 44 ff e9 fe fc ff ff <0f> 0b e9 a5 fa ff ff 48 c7 c1 80 44 5d a0 80 e1 07 80 c1 03 38 c1
00064 RSP: 0018:ffffc90001a77478 EFLAGS: 00010246
00064 RAX: 0000000000000000 RBX: ffff8881992bcc00 RCX: 0000000000000046
00064 RDX: 0000000000000000 RSI: ffff888139dc1818 RDI: ffff8881392ecb40
00064 RBP: ffff888139dc1788 R08: ffffffff83a16803 R09: 1ffffffff0742d00
00064 R10: dffffc0000000000 R11: fffffbfff0742d01 R12: ffff888167bc8800
00064 R13: dffffc0000000000 R14: 1ffff11033257980 R15: 1ffff1102cf7910f
00064 FS:  00007f21f146a940(0000) GS:ffff88831e92a000(0000) knlGS:0000000000000000
00064 CS:  0010 DS: 0000 ES: 0000 CR0: 0000000080050033
00064 CR2: 00007fc2a56ee200 CR3: 0000000107c86000 CR4: 0000000000750eb0
00064 PKRU: 55555554
00064 Call Trace:
00064  <TASK>
00064  ? local_object_create+0x109/0x640 [obdclass]
00064  ? dt_write_lock+0x16d/0x2a0 [obdclass]
00064  ? llog_osd_create+0x356/0x1140 [obdclass]
00064  ? llog_create+0x2ed/0x530 [obdclass]
00064  ? llog_cat_new_log+0x6c3/0x2bf0 [obdclass]
00064  ? llog_cat_add_rec+0x6ba/0x1960 [obdclass]
00064  ? llog_cat_add+0x451/0x890 [obdclass]
00064  ? llog_test_10+0x91d/0x5600 [llog_test]
00064  ? lu_object_put+0xa64/0x1210 [obdclass]
00064  ? do_raw_spin_unlock+0x52/0x230
00064  ? _raw_spin_unlock+0x23/0x40
00064  ? __llog_ctxt_put+0x1c4/0x2f0 [obdclass]
00064  ? llog_run_tests+0x3f45/0x5ac0 [llog_test]
00064  ? get_random_u32+0x51/0x470
00064  ? llog_test_device_init+0x503/0x840 [llog_test]
00064  ? obd_setup+0x559/0x960 [obdclass]
00064  ? class_setup+0xc7d/0x10e0 [obdclass]
00064  ? class_process_config+0x2edb/0x7cb0 [obdclass]
00064  ? class_handle_ioctl+0x2055/0x3590 [obdclass]
00064  ? obd_class_ioctl+0x1f6/0x3c0 [obdclass]
00064  ? __x64_sys_ioctl+0x961/0xe00
00064  ? _copy_to_user+0x3d/0x60
00064  ? __x64_sys_rt_sigaction+0x107/0x140
00064  ? do_syscall_64+0xc1/0x350
00064  ? entry_SYSCALL_64_after_hwframe+0x4b/0x53
00064  </TASK>
00064 ---[ end trace 0000000000000000 ]---
00064 Lustre: 2174:0:(llog_test.c:1634:llog_test_10()) 10c: write 129534 more log records
00066 ------------[ cut here ]------------
00066 WARNING: /home/ktest/git/linux/include/linux/fs.h:889 at osd_create+0x9cf/0xcf0 [osd_wbcfs], CPU#10: lctl/2174
00066 Modules linked in: llog_test(O) mgs(O) osd_wbcfs(O) lustre(O) obdecho(O) mgc(O) mdc(O) lov(O) osc(O) lmv(O) ec(O) fid(O) fld(O) ptlrpc(O) efivarfs obdclass(O) ksocklnd(O) lnet(O) libcfs(O)
00066 CPU: 10 UID: 0 PID: 2174 Comm: lctl Tainted: G        W  O        7.0.0-ktest-48bc1fe-6330a45-20260729-dirty #1 PREEMPT 
00066 Tainted: [W]=WARN, [O]=OOT_MODULE
00066 Hardware name: QEMU Standard PC (Q35 + ICH9, 2009), BIOS 2025.11-3ubuntu7 03/31/2026
00066 RIP: 0010:osd_create+0x9cf/0xcf0 [osd_wbcfs]
00066 Code: c7 c7 00 c6 7b a1 48 c7 c6 a0 42 7d a1 48 c7 c2 00 4c 7d a1 e8 82 dd 43 ff 48 c7 c7 00 c6 7b a1 e8 f6 6a 44 ff e9 fe fc ff ff <0f> 0b e9 a5 fa ff ff 48 c7 c1 80 44 5d a0 80 e1 07 80 c1 03 38 c1
00066 RSP: 0018:ffffc90001a77478 EFLAGS: 00010246
00066 RAX: 0000000000000000 RBX: ffff8881a5b11000 RCX: 0000000000000046
00066 RDX: 0000000000000000 RSI: ffff888139dc1100 RDI: ffff8881392ecb40
00066 RBP: ffff888139dc1070 R08: ffffffff83a16803 R09: 1ffffffff0742d00
00066 R10: dffffc0000000000 R11: fffffbfff0742d01 R12: ffff888167bc8800
00066 R13: dffffc0000000000 R14: 1ffff11034b62200 R15: 1ffff1102cf7910f
00066 FS:  00007f21f146a940(0000) GS:ffff88831e92a000(0000) knlGS:0000000000000000
00066 CS:  0010 DS: 0000 ES: 0000 CR0: 0000000080050033
00066 CR2: 00007fc2a56ee200 CR3: 0000000107c86000 CR4: 0000000000750eb0
00066 PKRU: 55555554
00066 Call Trace:
00066  <TASK>
00066  ? local_object_create+0x109/0x640 [obdclass]
00066  ? dt_write_lock+0x16d/0x2a0 [obdclass]
00066  ? llog_osd_create+0x356/0x1140 [obdclass]
00066  ? llog_create+0x2ed/0x530 [obdclass]
00066  ? llog_cat_new_log+0x6c3/0x2bf0 [obdclass]
00066  ? llog_cat_add_rec+0x6ba/0x1960 [obdclass]
00066  ? llog_cat_add+0x451/0x890 [obdclass]
00066  ? llog_test_10+0xbd3/0x5600 [llog_test]
00066  ? lu_object_put+0xa64/0x1210 [obdclass]
00066  ? do_raw_spin_unlock+0x52/0x230
00066  ? _raw_spin_unlock+0x23/0x40
00066  ? __llog_ctxt_put+0x1c4/0x2f0 [obdclass]
00066  ? llog_run_tests+0x3f45/0x5ac0 [llog_test]
00066  ? get_random_u32+0x51/0x470
00066  ? llog_test_device_init+0x503/0x840 [llog_test]
00066  ? obd_setup+0x559/0x960 [obdclass]
00066  ? class_setup+0xc7d/0x10e0 [obdclass]
00066  ? class_process_config+0x2edb/0x7cb0 [obdclass]
00066  ? class_handle_ioctl+0x2055/0x3590 [obdclass]
00066  ? obd_class_ioctl+0x1f6/0x3c0 [obdclass]
00066  ? __x64_sys_ioctl+0x961/0xe00
00066  ? _copy_to_user+0x3d/0x60
00066  ? __x64_sys_rt_sigaction+0x107/0x140
00066  ? do_syscall_64+0xc1/0x350
00066  ? entry_SYSCALL_64_after_hwframe+0x4b/0x53
00066  </TASK>
00066 ---[ end trace 0000000000000000 ]---
00069 ------------[ cut here ]------------
00069 WARNING: /home/ktest/git/linux/include/linux/fs.h:889 at osd_create+0x9cf/0xcf0 [osd_wbcfs], CPU#10: lctl/2174
00069 Modules linked in: llog_test(O) mgs(O) osd_wbcfs(O) lustre(O) obdecho(O) mgc(O) mdc(O) lov(O) osc(O) lmv(O) ec(O) fid(O) fld(O) ptlrpc(O) efivarfs obdclass(O) ksocklnd(O) lnet(O) libcfs(O)
00069 CPU: 10 UID: 0 PID: 2174 Comm: lctl Tainted: G        W  O        7.0.0-ktest-48bc1fe-6330a45-20260729-dirty #1 PREEMPT 
00069 Tainted: [W]=WARN, [O]=OOT_MODULE
00069 Hardware name: QEMU Standard PC (Q35 + ICH9, 2009), BIOS 2025.11-3ubuntu7 03/31/2026
00069 RIP: 0010:osd_create+0x9cf/0xcf0 [osd_wbcfs]
00069 Code: c7 c7 00 c6 7b a1 48 c7 c6 a0 42 7d a1 48 c7 c2 00 4c 7d a1 e8 82 dd 43 ff 48 c7 c7 00 c6 7b a1 e8 f6 6a 44 ff e9 fe fc ff ff <0f> 0b e9 a5 fa ff ff 48 c7 c1 80 44 5d a0 80 e1 07 80 c1 03 38 c1
00069 RSP: 0018:ffffc90001a77478 EFLAGS: 00010246
00069 RAX: 0000000000000000 RBX: ffff88813f775c00 RCX: 0000000000000046
00069 RDX: 0000000000000000 RSI: ffff888139dc09e8 RDI: ffff8881392ecb40
00069 RBP: ffff888139dc0958 R08: ffffffff83a16803 R09: 1ffffffff0742d00
00069 R10: dffffc0000000000 R11: fffffbfff0742d01 R12: ffff888167bc8800
00069 R13: dffffc0000000000 R14: 1ffff11027eeeb80 R15: 1ffff1102cf7910f
00069 FS:  00007f21f146a940(0000) GS:ffff88831e92a000(0000) knlGS:0000000000000000
00069 CS:  0010 DS: 0000 ES: 0000 CR0: 0000000080050033
00069 CR2: 00007fc2a56ee200 CR3: 0000000107c86000 CR4: 0000000000750eb0
00069 PKRU: 55555554
00069 Call Trace:
00069  <TASK>
00069  ? local_object_create+0x109/0x640 [obdclass]
00069  ? dt_write_lock+0x16d/0x2a0 [obdclass]
00069  ? llog_osd_create+0x356/0x1140 [obdclass]
00069  ? llog_create+0x2ed/0x530 [obdclass]
00069  ? llog_cat_new_log+0x6c3/0x2bf0 [obdclass]
00069  ? llog_cat_add_rec+0x6ba/0x1960 [obdclass]
00069  ? llog_cat_add+0x451/0x890 [obdclass]
00069  ? llog_test_10+0xbd3/0x5600 [llog_test]
00069  ? lu_object_put+0xa64/0x1210 [obdclass]
00069  ? do_raw_spin_unlock+0x52/0x230
00069  ? _raw_spin_unlock+0x23/0x40
00069  ? __llog_ctxt_put+0x1c4/0x2f0 [obdclass]
00069  ? llog_run_tests+0x3f45/0x5ac0 [llog_test]
00069  ? get_random_u32+0x51/0x470
00069  ? llog_test_device_init+0x503/0x840 [llog_test]
00069  ? obd_setup+0x559/0x960 [obdclass]
00069  ? class_setup+0xc7d/0x10e0 [obdclass]
00069  ? class_process_config+0x2edb/0x7cb0 [obdclass]
00069  ? class_handle_ioctl+0x2055/0x3590 [obdclass]
00069  ? obd_class_ioctl+0x1f6/0x3c0 [obdclass]
00069  ? __x64_sys_ioctl+0x961/0xe00
00069  ? _copy_to_user+0x3d/0x60
00069  ? __x64_sys_rt_sigaction+0x107/0x140
00069  ? do_syscall_64+0xc1/0x350
00069  ? entry_SYSCALL_64_after_hwframe+0x4b/0x53
00069  </TASK>
00069 ---[ end trace 0000000000000000 ]---
00069 Lustre: 2174:0:(llog_test.c:1666:llog_test_10()) 10c: write 64767 more log records
00072 Lustre: 2174:0:(llog_cat.c:80:llog_cat_new_log()) MGS: there are no more free slots in catalog de075f4f
00072 LustreError: 2174:0:(llog_cat.c:593:llog_cat_add_rec()) MGS: initialization error: rc = -28
00072 Lustre: 2174:0:(llog_test.c:1692:llog_test_10()) 10c: wrote 64011 records then 756 failed with ENOSPC
00072 Lustre: 2174:0:(llog_test.c:1711:llog_test_10()) 10d: Cancel 64767 records, see one log zapped
00074 Lustre: 2174:0:(llog_test.c:1725:llog_test_10()) 10d: print the catalog entries.. we expect 3
00074 Lustre: 2197:0:(llog_test.c:700:cat_print_cb()) seeing record at index 2 - [0x1:0x19:0x0] in log [0xa:0x5:0x0]
00074 Lustre: 2174:0:(llog_test.c:1755:llog_test_10()) 10e: write 64767 more log records
00074 ------------[ cut here ]------------
00074 WARNING: /home/ktest/git/linux/include/linux/fs.h:889 at osd_create+0x9cf/0xcf0 [osd_wbcfs], CPU#10: lctl/2174
00074 Modules linked in: llog_test(O) mgs(O) osd_wbcfs(O) lustre(O) obdecho(O) mgc(O) mdc(O) lov(O) osc(O) lmv(O) ec(O) fid(O) fld(O) ptlrpc(O) efivarfs obdclass(O) ksocklnd(O) lnet(O) libcfs(O)
00074 CPU: 10 UID: 0 PID: 2174 Comm: lctl Tainted: G        W  O        7.0.0-ktest-48bc1fe-6330a45-20260729-dirty #1 PREEMPT 
00074 Tainted: [W]=WARN, [O]=OOT_MODULE
00074 Hardware name: QEMU Standard PC (Q35 + ICH9, 2009), BIOS 2025.11-3ubuntu7 03/31/2026
00074 RIP: 0010:osd_create+0x9cf/0xcf0 [osd_wbcfs]
00074 Code: c7 c7 00 c6 7b a1 48 c7 c6 a0 42 7d a1 48 c7 c2 00 4c 7d a1 e8 82 dd 43 ff 48 c7 c7 00 c6 7b a1 e8 f6 6a 44 ff e9 fe fc ff ff <0f> 0b e9 a5 fa ff ff 48 c7 c1 80 44 5d a0 80 e1 07 80 c1 03 38 c1
00074 RSP: 0018:ffffc90001a77478 EFLAGS: 00010246
00074 RAX: 0000000000000000 RBX: ffff88819b0d9c00 RCX: 0000000000000046
00074 RDX: 0000000000000000 RSI: ffff888139dc02d0 RDI: ffff8881392ecb40
00074 RBP: ffff888139dc0240 R08: ffffffff83a16803 R09: 1ffffffff0742d00
00074 R10: dffffc0000000000 R11: fffffbfff0742d01 R12: ffff888167bc8800
00074 R13: dffffc0000000000 R14: 1ffff1103361b380 R15: 1ffff1102cf7910f
00074 FS:  00007f21f146a940(0000) GS:ffff88831e92a000(0000) knlGS:0000000000000000
00074 CS:  0010 DS: 0000 ES: 0000 CR0: 0000000080050033
00074 CR2: 00007fc2a56ee200 CR3: 0000000107c86000 CR4: 0000000000750eb0
00074 PKRU: 55555554
00074 Call Trace:
00074  <TASK>
00074  ? local_object_create+0x109/0x640 [obdclass]
00074  ? dt_write_lock+0x16d/0x2a0 [obdclass]
00074  ? llog_osd_create+0x356/0x1140 [obdclass]
00074  ? llog_create+0x2ed/0x530 [obdclass]
00074  ? llog_cat_new_log+0x6c3/0x2bf0 [obdclass]
00074  ? llog_cat_add_rec+0x6ba/0x1960 [obdclass]
00074  ? llog_cat_add+0x451/0x890 [obdclass]
00074  ? llog_test_10+0x19aa/0x5600 [llog_test]
00074  ? lu_object_put+0xa64/0x1210 [obdclass]
00074  ? do_raw_spin_unlock+0x52/0x230
00074  ? _raw_spin_unlock+0x23/0x40
00074  ? __llog_ctxt_put+0x1c4/0x2f0 [obdclass]
00074  ? llog_run_tests+0x3f45/0x5ac0 [llog_test]
00074  ? get_random_u32+0x51/0x470
00074  ? llog_test_device_init+0x503/0x840 [llog_test]
00074  ? obd_setup+0x559/0x960 [obdclass]
00074  ? class_setup+0xc7d/0x10e0 [obdclass]
00074  ? class_process_config+0x2edb/0x7cb0 [obdclass]
00074  ? class_handle_ioctl+0x2055/0x3590 [obdclass]
00074  ? obd_class_ioctl+0x1f6/0x3c0 [obdclass]
00074  ? __x64_sys_ioctl+0x961/0xe00
00074  ? _copy_to_user+0x3d/0x60
00074  ? __x64_sys_rt_sigaction+0x107/0x140
00074  ? do_syscall_64+0xc1/0x350
00074  ? entry_SYSCALL_64_after_hwframe+0x4b/0x53
00074  </TASK>
00074 ---[ end trace 0000000000000000 ]---
00077 Lustre: 2174:0:(llog_cat.c:80:llog_cat_new_log()) MGS: there are no more free slots in catalog de075f4f
00077 Lustre: 2174:0:(llog_cat.c:80:llog_cat_new_log()) Skipped 755 previous similar messages
00077 LustreError: 2174:0:(llog_cat.c:593:llog_cat_add_rec()) MGS: initialization error: rc = -28
00077 LustreError: 2174:0:(llog_cat.c:593:llog_cat_add_rec()) Skipped 755 previous similar messages
00077 Lustre: 2174:0:(llog_test.c:1781:llog_test_10()) 10e: wrote 64578 records then 189 failed with ENOSPC
00077 Lustre: 2174:0:(llog_test.c:1783:llog_test_10()) 10e: print the catalog entries.. we expect 4
00077 Lustre: 2174:0:(llog_cat.c:984:llog_cat_process_or_fork()) MGS: catlog [0xa:0x5:0x0] crosses index zero
00077 Lustre: 2174:0:(llog_test.c:700:cat_print_cb()) seeing record at index 2 - [0x1:0x19:0x0] in log [0xa:0x5:0x0]
00077 Lustre: 2174:0:(llog_test.c:700:cat_print_cb()) Skipped 2 previous similar messages
00077 Lustre: 2174:0:(llog_test.c:1819:llog_test_10()) 10e: catalog successfully wrap around, last_idx 1, first 1
00077 Lustre: 2174:0:(llog_test.c:1836:llog_test_10()) 10f: Cancel 64767 records, see one log zapped
00079 Lustre: 2174:0:(llog_test.c:1850:llog_test_10()) 10f: print the catalog entries.. we expect 3
00079 Lustre: 2174:0:(llog_cat.c:984:llog_cat_process_or_fork()) MGS: catlog [0xa:0x5:0x0] crosses index zero
00079 Lustre: 2174:0:(llog_cat.c:984:llog_cat_process_or_fork()) Skipped 1 previous similar message
00079 Lustre: 2174:0:(llog_test.c:1881:llog_test_10()) 10f: write 64767 more log records
00079 ------------[ cut here ]------------
00079 WARNING: /home/ktest/git/linux/include/linux/fs.h:889 at osd_create+0x9cf/0xcf0 [osd_wbcfs], CPU#10: lctl/2174
00079 Modules linked in: llog_test(O) mgs(O) osd_wbcfs(O) lustre(O) obdecho(O) mgc(O) mdc(O) lov(O) osc(O) lmv(O) ec(O) fid(O) fld(O) ptlrpc(O) efivarfs obdclass(O) ksocklnd(O) lnet(O) libcfs(O)
00079 CPU: 10 UID: 0 PID: 2174 Comm: lctl Tainted: G        W  O        7.0.0-ktest-48bc1fe-6330a45-20260729-dirty #1 PREEMPT 
00079 Tainted: [W]=WARN, [O]=OOT_MODULE
00079 Hardware name: QEMU Standard PC (Q35 + ICH9, 2009), BIOS 2025.11-3ubuntu7 03/31/2026
00079 RIP: 0010:osd_create+0x9cf/0xcf0 [osd_wbcfs]
00079 Code: c7 c7 00 c6 7b a1 48 c7 c6 a0 42 7d a1 48 c7 c2 00 4c 7d a1 e8 82 dd 43 ff 48 c7 c7 00 c6 7b a1 e8 f6 6a 44 ff e9 fe fc ff ff <0f> 0b e9 a5 fa ff ff 48 c7 c1 80 44 5d a0 80 e1 07 80 c1 03 38 c1
00079 RSP: 0018:ffffc90001a77478 EFLAGS: 00010246
00079 RAX: 0000000000000000 RBX: ffff88828eb7f000 RCX: 0000000000000046
00079 RDX: 0000000000000000 RSI: ffff888005d52648 RDI: ffff8881392ecb40
00079 RBP: ffff888005d525b8 R08: ffffffff83a16803 R09: 1ffffffff0742d00
00079 R10: dffffc0000000000 R11: fffffbfff0742d01 R12: ffff888167bc8800
00079 R13: dffffc0000000000 R14: 1ffff11051d6fe00 R15: 1ffff1102cf7910f
00079 FS:  00007f21f146a940(0000) GS:ffff88831e92a000(0000) knlGS:0000000000000000
00079 CS:  0010 DS: 0000 ES: 0000 CR0: 0000000080050033
00079 CR2: 00007fc2a56ee200 CR3: 0000000107c86000 CR4: 0000000000750eb0
00079 PKRU: 55555554
00079 Call Trace:
00079  <TASK>
00079  ? local_object_create+0x109/0x640 [obdclass]
00079  ? dt_write_lock+0x16d/0x2a0 [obdclass]
00079  ? llog_osd_create+0x356/0x1140 [obdclass]
00079  ? llog_create+0x2ed/0x530 [obdclass]
00079  ? llog_cat_new_log+0x6c3/0x2bf0 [obdclass]
00079  ? llog_cat_add_rec+0x6ba/0x1960 [obdclass]
00079  ? llog_cat_add+0x451/0x890 [obdclass]
00079  ? llog_test_10+0x2c5e/0x5600 [llog_test]
00079  ? lu_object_put+0xa64/0x1210 [obdclass]
00079  ? do_raw_spin_unlock+0x52/0x230
00079  ? _raw_spin_unlock+0x23/0x40
00079  ? __llog_ctxt_put+0x1c4/0x2f0 [obdclass]
00079  ? llog_run_tests+0x3f45/0x5ac0 [llog_test]
00079  ? get_random_u32+0x51/0x470
00079  ? llog_test_device_init+0x503/0x840 [llog_test]
00079  ? obd_setup+0x559/0x960 [obdclass]
00079  ? class_setup+0xc7d/0x10e0 [obdclass]
00079  ? class_process_config+0x2edb/0x7cb0 [obdclass]
00079  ? class_handle_ioctl+0x2055/0x3590 [obdclass]
00079  ? obd_class_ioctl+0x1f6/0x3c0 [obdclass]
00079  ? __x64_sys_ioctl+0x961/0xe00
00079  ? _copy_to_user+0x3d/0x60
00079  ? __x64_sys_rt_sigaction+0x107/0x140
00079  ? do_syscall_64+0xc1/0x350
00079  ? entry_SYSCALL_64_after_hwframe+0x4b/0x53
00079  </TASK>
00079 ---[ end trace 0000000000000000 ]---
00082 Lustre: 2174:0:(llog_cat.c:80:llog_cat_new_log()) MGS: there are no more free slots in catalog de075f4f
00082 Lustre: 2174:0:(llog_cat.c:80:llog_cat_new_log()) Skipped 188 previous similar messages
00082 LustreError: 2174:0:(llog_cat.c:593:llog_cat_add_rec()) MGS: initialization error: rc = -28
00082 LustreError: 2174:0:(llog_cat.c:593:llog_cat_add_rec()) Skipped 188 previous similar messages
00082 Lustre: 2174:0:(llog_test.c:1907:llog_test_10()) 10f: wrote 64578 records then 189 failed with ENOSPC
00082 Lustre: 2174:0:(llog_test.c:1953:llog_test_10()) 10g: Cancel 64767 records, see one log zapped
00082 Lustre: 2174:0:(llog_cat.c:984:llog_cat_process_or_fork()) MGS: catlog [0xa:0x5:0x0] crosses index zero
00084 Lustre: 2174:0:(llog_test.c:1965:llog_test_10()) 10g: print the catalog entries.. we expect 3
00084 Lustre: 2174:0:(llog_cat.c:984:llog_cat_process_or_fork()) MGS: catlog [0xa:0x5:0x0] crosses index zero
00084 Lustre: 2174:0:(llog_test.c:700:cat_print_cb()) seeing record at index 4 - [0x1:0x1b:0x0] in log [0xa:0x5:0x0]
00084 Lustre: 2174:0:(llog_test.c:700:cat_print_cb()) Skipped 6 previous similar messages
00084 Lustre: 2174:0:(llog_test.c:1995:llog_test_10()) 10g: Cancel 64767 records, see one log zapped
00086 Lustre: 2174:0:(llog_test.c:2009:llog_test_10()) 10g: print the catalog entries.. we expect 2
00086 Lustre: 2174:0:(llog_test.c:2047:llog_test_10()) 10g: Cancel 64767 records, see one log zapped
00088 Lustre: 2174:0:(llog_test.c:2061:llog_test_10()) 10g: print the catalog entries.. we expect 1
00088 Lustre: 2174:0:(llog_test.c:2087:llog_test_10()) 10g: llh_cat_idx has also successfully wrapped!
00088 Lustre: 2199:0:(llog_test.c:1535:cat_check_old_cb()) seeing record at index 2 - [0x1:0x1d:0x0] in log [0xa:0x5:0x0]
00088 Lustre: 2174:0:(llog_test.c:2111:llog_test_10()) 10h: write 64767 more log records
00088 ------------[ cut here ]------------
00088 WARNING: /home/ktest/git/linux/include/linux/fs.h:889 at osd_create+0x9cf/0xcf0 [osd_wbcfs], CPU#10: lctl/2174
00088 Modules linked in: llog_test(O) mgs(O) osd_wbcfs(O) lustre(O) obdecho(O) mgc(O) mdc(O) lov(O) osc(O) lmv(O) ec(O) fid(O) fld(O) ptlrpc(O) efivarfs obdclass(O) ksocklnd(O) lnet(O) libcfs(O)
00088 CPU: 10 UID: 0 PID: 2174 Comm: lctl Tainted: G        W  O        7.0.0-ktest-48bc1fe-6330a45-20260729-dirty #1 PREEMPT 
00088 Tainted: [W]=WARN, [O]=OOT_MODULE
00088 Hardware name: QEMU Standard PC (Q35 + ICH9, 2009), BIOS 2025.11-3ubuntu7 03/31/2026
00088 RIP: 0010:osd_create+0x9cf/0xcf0 [osd_wbcfs]
00088 Code: c7 c7 00 c6 7b a1 48 c7 c6 a0 42 7d a1 48 c7 c2 00 4c 7d a1 e8 82 dd 43 ff 48 c7 c7 00 c6 7b a1 e8 f6 6a 44 ff e9 fe fc ff ff <0f> 0b e9 a5 fa ff ff 48 c7 c1 80 44 5d a0 80 e1 07 80 c1 03 38 c1
00088 RSP: 0018:ffffc90001a77478 EFLAGS: 00010246
00088 RAX: 0000000000000000 RBX: ffff888074ee2400 RCX: 0000000000000046
00088 RDX: 0000000000000000 RSI: ffff888005d51f30 RDI: ffff8881392ecb40
00088 RBP: ffff888005d51ea0 R08: ffffffff83a16803 R09: 1ffffffff0742d00
00088 R10: dffffc0000000000 R11: fffffbfff0742d01 R12: ffff888167bc8800
00088 R13: dffffc0000000000 R14: 1ffff1100e9dc480 R15: 1ffff1102cf7910f
00088 FS:  00007f21f146a940(0000) GS:ffff88831e92a000(0000) knlGS:0000000000000000
00088 CS:  0010 DS: 0000 ES: 0000 CR0: 0000000080050033
00088 CR2: 00007fc2a56ee200 CR3: 0000000107c86000 CR4: 0000000000750eb0
00088 PKRU: 55555554
00088 Call Trace:
00088  <TASK>
00088  ? local_object_create+0x109/0x640 [obdclass]
00088  ? dt_write_lock+0x16d/0x2a0 [obdclass]
00088  ? llog_osd_create+0x356/0x1140 [obdclass]
00088  ? llog_create+0x2ed/0x530 [obdclass]
00088  ? llog_cat_new_log+0x6c3/0x2bf0 [obdclass]
00088  ? llog_cat_add_rec+0x6ba/0x1960 [obdclass]
00088  ? llog_cat_add+0x451/0x890 [obdclass]
00088  ? llog_test_10+0x50f8/0x5600 [llog_test]
00088  ? llog_test_9_sub+0x800/0x800 [llog_test]
00088  ? llog_run_tests+0x3f45/0x5ac0 [llog_test]
00088  ? get_random_u32+0x51/0x470
00088  ? llog_test_device_init+0x503/0x840 [llog_test]
00088  ? obd_setup+0x559/0x960 [obdclass]
00088  ? class_setup+0xc7d/0x10e0 [obdclass]
00088  ? class_process_config+0x2edb/0x7cb0 [obdclass]
00088  ? class_handle_ioctl+0x2055/0x3590 [obdclass]
00088  ? obd_class_ioctl+0x1f6/0x3c0 [obdclass]
00088  ? __x64_sys_ioctl+0x961/0xe00
00088  ? _copy_to_user+0x3d/0x60
00088  ? __x64_sys_rt_sigaction+0x107/0x140
00088  ? do_syscall_64+0xc1/0x350
00088  ? entry_SYSCALL_64_after_hwframe+0x4b/0x53
00088  </TASK>
00088 ---[ end trace 0000000000000000 ]---
00088 LustreError: 2174:0:(llog_osd.c:684:llog_osd_write_rec()) cfs_race id 1317 sleeping
00089 LustreError: 2199:0:(llog.c:690:llog_process_thread()) cfs_fail_race id 1317 waking
00089 LustreError: 2174:0:(llog_osd.c:684:llog_osd_write_rec()) cfs_fail_race id 1317 awake: rc=445
00090 LustreError: 2199:0:(llog.c:690:llog_process_thread()) cfs_fail_race id 1317 waking
00090 Lustre: 2199:0:(llog_test.c:1535:cat_check_old_cb()) seeing record at index 3 - [0x1:0x1e:0x0] in log [0xa:0x5:0x0]
00093 ------------[ cut here ]------------
00093 WARNING: /home/ktest/git/linux/include/linux/fs.h:889 at osd_create+0x9cf/0xcf0 [osd_wbcfs], CPU#10: lctl/2174
00093 Modules linked in: llog_test(O) mgs(O) osd_wbcfs(O) lustre(O) obdecho(O) mgc(O) mdc(O) lov(O) osc(O) lmv(O) ec(O) fid(O) fld(O) ptlrpc(O) efivarfs obdclass(O) ksocklnd(O) lnet(O) libcfs(O)
00093 CPU: 10 UID: 0 PID: 2174 Comm: lctl Tainted: G        W  O        7.0.0-ktest-48bc1fe-6330a45-20260729-dirty #1 PREEMPT 
00093 Tainted: [W]=WARN, [O]=OOT_MODULE
00093 Hardware name: QEMU Standard PC (Q35 + ICH9, 2009), BIOS 2025.11-3ubuntu7 03/31/2026
00093 RIP: 0010:osd_create+0x9cf/0xcf0 [osd_wbcfs]
00093 Code: c7 c7 00 c6 7b a1 48 c7 c6 a0 42 7d a1 48 c7 c2 00 4c 7d a1 e8 82 dd 43 ff 48 c7 c7 00 c6 7b a1 e8 f6 6a 44 ff e9 fe fc ff ff <0f> 0b e9 a5 fa ff ff 48 c7 c1 80 44 5d a0 80 e1 07 80 c1 03 38 c1
00093 RSP: 0018:ffffc90001a77478 EFLAGS: 00010246
00093 RAX: 0000000000000000 RBX: ffff88801312a000 RCX: 0000000000000046
00093 RDX: 0000000000000000 RSI: ffff888005d51818 RDI: ffff8881392ecb40
00093 RBP: ffff888005d51788 R08: ffffffff83a16803 R09: 1ffffffff0742d00
00093 R10: dffffc0000000000 R11: fffffbfff0742d01 R12: ffff888167bc8800
00093 R13: dffffc0000000000 R14: 1ffff11002625400 R15: 1ffff1102cf7910f
00093 FS:  00007f21f146a940(0000) GS:ffff88831e92a000(0000) knlGS:0000000000000000
00093 CS:  0010 DS: 0000 ES: 0000 CR0: 0000000080050033
00093 CR2: 00007fc2a56ee200 CR3: 0000000107c86000 CR4: 0000000000750eb0
00093 PKRU: 55555554
00093 Call Trace:
00093  <TASK>
00093  ? local_object_create+0x109/0x640 [obdclass]
00093  ? dt_write_lock+0x16d/0x2a0 [obdclass]
00093  ? llog_osd_create+0x356/0x1140 [obdclass]
00093  ? llog_create+0x2ed/0x530 [obdclass]
00093  ? llog_cat_new_log+0x6c3/0x2bf0 [obdclass]
00093  ? llog_cat_add_rec+0x6ba/0x1960 [obdclass]
00093  ? llog_cat_add+0x451/0x890 [obdclass]
00093  ? llog_test_10+0x50f8/0x5600 [llog_test]
00093  ? llog_test_9_sub+0x800/0x800 [llog_test]
00093  ? llog_run_tests+0x3f45/0x5ac0 [llog_test]
00093  ? get_random_u32+0x51/0x470
00093  ? llog_test_device_init+0x503/0x840 [llog_test]
00093  ? obd_setup+0x559/0x960 [obdclass]
00093  ? class_setup+0xc7d/0x10e0 [obdclass]
00093  ? class_process_config+0x2edb/0x7cb0 [obdclass]
00093  ? class_handle_ioctl+0x2055/0x3590 [obdclass]
00093  ? obd_class_ioctl+0x1f6/0x3c0 [obdclass]
00093  ? __x64_sys_ioctl+0x961/0xe00
00093  ? _copy_to_user+0x3d/0x60
00093  ? __x64_sys_rt_sigaction+0x107/0x140
00093  ? do_syscall_64+0xc1/0x350
00093  ? entry_SYSCALL_64_after_hwframe+0x4b/0x53
00093  </TASK>
00093 ---[ end trace 0000000000000000 ]---
00093 LustreError: 2174:0:(llog_osd.c:684:llog_osd_write_rec()) cfs_fail_race id 1317 waking
00094 Lustre: 2174:0:(llog_test.c:2137:llog_test_10()) 10h: wrote 64767 records then 0 failed with ENOSPC
00094 Lustre: 2174:0:(llog_test.c:2150:llog_test_10()) 10: put newly-created catalog
00094 Lustre: 2174:0:(llog_test.c:2180:llog_test_11()) 11: create a plain nameless log
00094 ------------[ cut here ]------------
00094 WARNING: /home/ktest/git/linux/include/linux/fs.h:889 at osd_create+0x9cf/0xcf0 [osd_wbcfs], CPU#10: lctl/2174
00094 Modules linked in: llog_test(O) mgs(O) osd_wbcfs(O) lustre(O) obdecho(O) mgc(O) mdc(O) lov(O) osc(O) lmv(O) ec(O) fid(O) fld(O) ptlrpc(O) efivarfs obdclass(O) ksocklnd(O) lnet(O) libcfs(O)
00094 CPU: 10 UID: 0 PID: 2174 Comm: lctl Tainted: G        W  O        7.0.0-ktest-48bc1fe-6330a45-20260729-dirty #1 PREEMPT 
00094 Tainted: [W]=WARN, [O]=OOT_MODULE
00094 Hardware name: QEMU Standard PC (Q35 + ICH9, 2009), BIOS 2025.11-3ubuntu7 03/31/2026
00094 RIP: 0010:osd_create+0x9cf/0xcf0 [osd_wbcfs]
00094 Code: c7 c7 00 c6 7b a1 48 c7 c6 a0 42 7d a1 48 c7 c2 00 4c 7d a1 e8 82 dd 43 ff 48 c7 c7 00 c6 7b a1 e8 f6 6a 44 ff e9 fe fc ff ff <0f> 0b e9 a5 fa ff ff 48 c7 c1 80 44 5d a0 80 e1 07 80 c1 03 38 c1
00094 RSP: 0018:ffffc90001a77680 EFLAGS: 00010246
00094 RAX: 0000000000000000 RBX: ffff88803455a000 RCX: 0000000000000046
00094 RDX: 0000000000000000 RSI: ffff888005d51100 RDI: ffff8881392ecb18
00094 RBP: ffff888005d51070 R08: ffffffff83a16803 R09: 1ffffffff0742d00
00094 R10: dffffc0000000000 R11: fffffbfff0742d01 R12: ffff888167bc8800
00094 R13: dffffc0000000000 R14: 1ffff110068ab400 R15: 1ffff1102cf7910f
00094 FS:  00007f21f146a940(0000) GS:ffff88831e92a000(0000) knlGS:0000000000000000
00094 CS:  0010 DS: 0000 ES: 0000 CR0: 0000000080050033
00094 CR2: 00007fc2a56ee200 CR3: 0000000107c86000 CR4: 0000000000750eb0
00094 PKRU: 55555554
00094 Call Trace:
00094  <TASK>
00094  ? local_object_create+0x109/0x640 [obdclass]
00094  ? dt_write_lock+0x16d/0x2a0 [obdclass]
00094  ? llog_osd_create+0x356/0x1140 [obdclass]
00094  ? llog_create+0x2ed/0x530 [obdclass]
00094  ? llog_open_create+0x5af/0xb10 [obdclass]
00094  ? llog_test_11+0x2a4/0x1130 [llog_test]
00094  ? llog_test_9_sub+0x800/0x800 [llog_test]
00094  ? llog_run_tests+0x41b0/0x5ac0 [llog_test]
00094  ? get_random_u32+0x51/0x470
00094  ? llog_test_device_init+0x503/0x840 [llog_test]
00094  ? obd_setup+0x559/0x960 [obdclass]
00094  ? class_setup+0xc7d/0x10e0 [obdclass]
00094  ? class_process_config+0x2edb/0x7cb0 [obdclass]
00094  ? class_handle_ioctl+0x2055/0x3590 [obdclass]
00094  ? obd_class_ioctl+0x1f6/0x3c0 [obdclass]
00094  ? __x64_sys_ioctl+0x961/0xe00
00094  ? _copy_to_user+0x3d/0x60
00094  ? __x64_sys_rt_sigaction+0x107/0x140
00094  ? do_syscall_64+0xc1/0x350
00094  ? entry_SYSCALL_64_after_hwframe+0x4b/0x53
00094  </TASK>
00094 ---[ end trace 0000000000000000 ]---
00094 Lustre: 2174:0:(llog_test.c:2205:llog_test_11()) 11: size 8216 in 0 blocks after 1 rec
00094 Lustre: 2174:0:(llog_test.c:2207:llog_test_11()) 11: add few records
00094 Lustre: 2174:0:(llog_test.c:2224:llog_test_11()) 11: size 10616 in 0 blocks with few recs
00094 lctl (2174): drop_caches: 3
00094 Lustre: 2174:0:(llog_test.c:2250:llog_test_11()) 11: re-open the log by LOGID and verify llh_count
00094 Lustre: 2174:0:(llog_test.c:2265:llog_test_11()) 11: size 10616 in 0 blocks after re-open
00094 Lustre: 2174:0:(llog_test.c:2355:llog_test_12()) 12: create a catalog log with name: de075f50
00094 ------------[ cut here ]------------
00094 WARNING: /home/ktest/git/linux/include/linux/fs.h:889 at osd_create+0x9cf/0xcf0 [osd_wbcfs], CPU#10: lctl/2174
00094 Modules linked in: llog_test(O) mgs(O) osd_wbcfs(O) lustre(O) obdecho(O) mgc(O) mdc(O) lov(O) osc(O) lmv(O) ec(O) fid(O) fld(O) ptlrpc(O) efivarfs obdclass(O) ksocklnd(O) lnet(O) libcfs(O)
00094 CPU: 10 UID: 0 PID: 2174 Comm: lctl Tainted: G        W  O        7.0.0-ktest-48bc1fe-6330a45-20260729-dirty #1 PREEMPT 
00094 Tainted: [W]=WARN, [O]=OOT_MODULE
00094 Hardware name: QEMU Standard PC (Q35 + ICH9, 2009), BIOS 2025.11-3ubuntu7 03/31/2026
00094 RIP: 0010:osd_create+0x9cf/0xcf0 [osd_wbcfs]
00094 Code: c7 c7 00 c6 7b a1 48 c7 c6 a0 42 7d a1 48 c7 c2 00 4c 7d a1 e8 82 dd 43 ff 48 c7 c7 00 c6 7b a1 e8 f6 6a 44 ff e9 fe fc ff ff <0f> 0b e9 a5 fa ff ff 48 c7 c1 80 44 5d a0 80 e1 07 80 c1 03 38 c1
00094 RSP: 0018:ffffc90001a77678 EFLAGS: 00010246
00094 RAX: 0000000000000000 RBX: ffff88803455cc00 RCX: 0000000000000046
00094 RDX: 0000000000000000 RSI: ffff888005d509e8 RDI: ffff8881392ecb18
00094 RBP: ffff888005d50958 R08: ffffffff83a16803 R09: 1ffffffff0742d00
00094 R10: dffffc0000000000 R11: fffffbfff0742d01 R12: ffff888167bc8800
00094 R13: dffffc0000000000 R14: 1ffff110068ab980 R15: 1ffff1102cf7910f
00094 FS:  00007f21f146a940(0000) GS:ffff88831e92a000(0000) knlGS:0000000000000000
00094 CS:  0010 DS: 0000 ES: 0000 CR0: 0000000080050033
00094 CR2: 00007fc2a56ee200 CR3: 0000000107c86000 CR4: 0000000000750eb0
00094 PKRU: 55555554
00094 Call Trace:
00094  <TASK>
00094  ? local_object_create+0x109/0x640 [obdclass]
00094  ? dt_write_lock+0x16d/0x2a0 [obdclass]
00094  ? llog_osd_create+0x356/0x1140 [obdclass]
00094  ? llog_create+0x2ed/0x530 [obdclass]
00094  ? llog_open_create+0x5af/0xb10 [obdclass]
00094  ? llog_test_12+0x40f/0x2d90 [llog_test]
00094  ? llog_test_11+0xc14/0x1130 [llog_test]
00094  ? llog_run_tests+0x4434/0x5ac0 [llog_test]
00094  ? get_random_u32+0x51/0x470
00094  ? llog_test_device_init+0x503/0x840 [llog_test]
00094  ? obd_setup+0x559/0x960 [obdclass]
00094  ? class_setup+0xc7d/0x10e0 [obdclass]
00094  ? class_process_config+0x2edb/0x7cb0 [obdclass]
00094  ? class_handle_ioctl+0x2055/0x3590 [obdclass]
00094  ? obd_class_ioctl+0x1f6/0x3c0 [obdclass]
00094  ? __x64_sys_ioctl+0x961/0xe00
00094  ? _copy_to_user+0x3d/0x60
00094  ? __x64_sys_rt_sigaction+0x107/0x140
00094  ? do_syscall_64+0xc1/0x350
00094  ? entry_SYSCALL_64_after_hwframe+0x4b/0x53
00094  </TASK>
00094 ---[ end trace 0000000000000000 ]---
00094 ------------[ cut here ]------------
00094 WARNING: /home/ktest/git/linux/include/linux/fs.h:889 at osd_create+0x9cf/0xcf0 [osd_wbcfs], CPU#10: lctl/2174
00094 Modules linked in: llog_test(O) mgs(O) osd_wbcfs(O) lustre(O) obdecho(O) mgc(O) mdc(O) lov(O) osc(O) lmv(O) ec(O) fid(O) fld(O) ptlrpc(O) efivarfs obdclass(O) ksocklnd(O) lnet(O) libcfs(O)
00094 CPU: 10 UID: 0 PID: 2174 Comm: lctl Tainted: G        W  O        7.0.0-ktest-48bc1fe-6330a45-20260729-dirty #1 PREEMPT 
00094 Tainted: [W]=WARN, [O]=OOT_MODULE
00094 Hardware name: QEMU Standard PC (Q35 + ICH9, 2009), BIOS 2025.11-3ubuntu7 03/31/2026
00094 RIP: 0010:osd_create+0x9cf/0xcf0 [osd_wbcfs]
00094 Code: c7 c7 00 c6 7b a1 48 c7 c6 a0 42 7d a1 48 c7 c2 00 4c 7d a1 e8 82 dd 43 ff 48 c7 c7 00 c6 7b a1 e8 f6 6a 44 ff e9 fe fc ff ff <0f> 0b e9 a5 fa ff ff 48 c7 c1 80 44 5d a0 80 e1 07 80 c1 03 38 c1
00094 RSP: 0018:ffffc90001a77518 EFLAGS: 00010246
00094 RAX: 0000000000000000 RBX: ffff88803455c400 RCX: 0000000000000046
00094 RDX: 0000000000000000 RSI: ffff888005d502d0 RDI: ffff8881392ecb40
00094 RBP: ffff888005d50240 R08: ffffffff83a16803 R09: 1ffffffff0742d00
00094 R10: dffffc0000000000 R11: fffffbfff0742d01 R12: ffff888167bc8800
00094 R13: dffffc0000000000 R14: 1ffff110068ab880 R15: 1ffff1102cf7910f
00094 FS:  00007f21f146a940(0000) GS:ffff88831e92a000(0000) knlGS:0000000000000000
00094 CS:  0010 DS: 0000 ES: 0000 CR0: 0000000080050033
00094 CR2: 00007fc2a56ee200 CR3: 0000000107c86000 CR4: 0000000000750eb0
00094 PKRU: 55555554
00094 Call Trace:
00094  <TASK>
00094  ? local_object_create+0x109/0x640 [obdclass]
00094  ? dt_write_lock+0x16d/0x2a0 [obdclass]
00094  ? llog_osd_create+0x356/0x1140 [obdclass]
00094  ? llog_create+0x2ed/0x530 [obdclass]
00094  ? llog_cat_new_log+0x6c3/0x2bf0 [obdclass]
00094  ? llog_cat_add_rec+0x6ba/0x1960 [obdclass]
00094  ? llog_cat_add+0x451/0x890 [obdclass]
00094  ? llog_test_12+0x68f/0x2d90 [llog_test]
00094  ? llog_test_11+0xc14/0x1130 [llog_test]
00094  ? llog_run_tests+0x4434/0x5ac0 [llog_test]
00094  ? get_random_u32+0x51/0x470
00094  ? llog_test_device_init+0x503/0x840 [llog_test]
00094  ? obd_setup+0x559/0x960 [obdclass]
00094  ? class_setup+0xc7d/0x10e0 [obdclass]
00094  ? class_process_config+0x2edb/0x7cb0 [obdclass]
00094  ? class_handle_ioctl+0x2055/0x3590 [obdclass]
00094  ? obd_class_ioctl+0x1f6/0x3c0 [obdclass]
00094  ? __x64_sys_ioctl+0x961/0xe00
00094  ? _copy_to_user+0x3d/0x60
00094  ? __x64_sys_rt_sigaction+0x107/0x140
00094  ? do_syscall_64+0xc1/0x350
00094  ? entry_SYSCALL_64_after_hwframe+0x4b/0x53
00094  </TASK>
00094 ---[ end trace 0000000000000000 ]---
00094 Lustre: 12: truncate 24 bytes
00094 Lustre: 12: re-open and process the catalog
00094 LustreError: 2174:0:(llog_osd.c:1248:llog_osd_next_block()) MGS0000-osd: invalid llog tail at log id [0xa:0x6:0x0] offset 8232 last_rec idx 8704 tail idx 275010875 lrt len 1 read_size 40
00094 LustreError: 2174:0:(llog.c:886:llog_process_thread()) MGS: local llog is corrupted [0xa:0x6:0x0] catalog index 1 count 2
00094 Lustre: 12: try to add to the catalog
00094 ------------[ cut here ]------------
00094 WARNING: /home/ktest/git/linux/include/linux/fs.h:889 at osd_create+0x9cf/0xcf0 [osd_wbcfs], CPU#10: lctl/2174
00094 Modules linked in: llog_test(O) mgs(O) osd_wbcfs(O) lustre(O) obdecho(O) mgc(O) mdc(O) lov(O) osc(O) lmv(O) ec(O) fid(O) fld(O) ptlrpc(O) efivarfs obdclass(O) ksocklnd(O) lnet(O) libcfs(O)
00094 CPU: 10 UID: 0 PID: 2174 Comm: lctl Tainted: G        W  O        7.0.0-ktest-48bc1fe-6330a45-20260729-dirty #1 PREEMPT 
00094 Tainted: [W]=WARN, [O]=OOT_MODULE
00094 Hardware name: QEMU Standard PC (Q35 + ICH9, 2009), BIOS 2025.11-3ubuntu7 03/31/2026
00094 RIP: 0010:osd_create+0x9cf/0xcf0 [osd_wbcfs]
00094 Code: c7 c7 00 c6 7b a1 48 c7 c6 a0 42 7d a1 48 c7 c2 00 4c 7d a1 e8 82 dd 43 ff 48 c7 c7 00 c6 7b a1 e8 f6 6a 44 ff e9 fe fc ff ff <0f> 0b e9 a5 fa ff ff 48 c7 c1 80 44 5d a0 80 e1 07 80 c1 03 38 c1
00094 RSP: 0018:ffffc90001a77518 EFLAGS: 00010246
00094 RAX: 0000000000000000 RBX: ffff888034c12400 RCX: 0000000000000046
00094 RDX: 0000000000000000 RSI: ffff888139dc7b68 RDI: ffff8881392ecb40
00094 RBP: ffff888139dc7ad8 R08: ffffffff83a16803 R09: 1ffffffff0742d00
00094 R10: dffffc0000000000 R11: fffffbfff0742d01 R12: ffff888167bc8800
00094 R13: dffffc0000000000 R14: 1ffff11006982480 R15: 1ffff1102cf7910f
00094 FS:  00007f21f146a940(0000) GS:ffff88831e92a000(0000) knlGS:0000000000000000
00094 CS:  0010 DS: 0000 ES: 0000 CR0: 0000000080050033
00094 CR2: 00007fc2a56ee200 CR3: 0000000107c86000 CR4: 0000000000750eb0
00094 PKRU: 55555554
00094 Call Trace:
00094  <TASK>
00094  ? local_object_create+0x109/0x640 [obdclass]
00094  ? dt_write_lock+0x16d/0x2a0 [obdclass]
00094  ? llog_osd_create+0x356/0x1140 [obdclass]
00094  ? llog_create+0x2ed/0x530 [obdclass]
00094  ? llog_cat_new_log+0x6c3/0x2bf0 [obdclass]
00094  ? llog_cat_add_rec+0x6ba/0x1960 [obdclass]
00094  ? llog_cat_add+0x451/0x890 [obdclass]
00094  ? llog_test_12+0xfdb/0x2d90 [llog_test]
00094  ? llog_run_tests+0x4434/0x5ac0 [llog_test]
00094  ? get_random_u32+0x51/0x470
00094  ? llog_test_device_init+0x503/0x840 [llog_test]
00094  ? obd_setup+0x559/0x960 [obdclass]
00094  ? class_setup+0xc7d/0x10e0 [obdclass]
00094  ? class_process_config+0x2edb/0x7cb0 [obdclass]
00094  ? class_handle_ioctl+0x2055/0x3590 [obdclass]
00094  ? obd_class_ioctl+0x1f6/0x3c0 [obdclass]
00094  ? __x64_sys_ioctl+0x961/0xe00
00094  ? _copy_to_user+0x3d/0x60
00094  ? __x64_sys_rt_sigaction+0x107/0x140
00094  ? do_syscall_64+0xc1/0x350
00094  ? entry_SYSCALL_64_after_hwframe+0x4b/0x53
00094  </TASK>
00094 ---[ end trace 0000000000000000 ]---
00094 LustreError: 2174:0:(llog_osd.c:1231:llog_osd_next_block()) MGS0000-osd: invalid llog tail at log id [0x6:0xa:0x0]:0 offset 8297 tail idx 603979776 lrt len 1074261 read_size 105
00094 ------------[ cut here ]------------
00094 WARNING: /home/ktest/git/linux/include/linux/fs.h:889 at osd_create+0x9cf/0xcf0 [osd_wbcfs], CPU#10: lctl/2174
00094 Modules linked in: llog_test(O) mgs(O) osd_wbcfs(O) lustre(O) obdecho(O) mgc(O) mdc(O) lov(O) osc(O) lmv(O) ec(O) fid(O) fld(O) ptlrpc(O) efivarfs obdclass(O) ksocklnd(O) lnet(O) libcfs(O)
00094 CPU: 10 UID: 0 PID: 2174 Comm: lctl Tainted: G        W  O        7.0.0-ktest-48bc1fe-6330a45-20260729-dirty #1 PREEMPT 
00094 Tainted: [W]=WARN, [O]=OOT_MODULE
00094 Hardware name: QEMU Standard PC (Q35 + ICH9, 2009), BIOS 2025.11-3ubuntu7 03/31/2026
00094 RIP: 0010:osd_create+0x9cf/0xcf0 [osd_wbcfs]
00094 Code: c7 c7 00 c6 7b a1 48 c7 c6 a0 42 7d a1 48 c7 c2 00 4c 7d a1 e8 82 dd 43 ff 48 c7 c7 00 c6 7b a1 e8 f6 6a 44 ff e9 fe fc ff ff <0f> 0b e9 a5 fa ff ff 48 c7 c1 80 44 5d a0 80 e1 07 80 c1 03 38 c1
00094 RSP: 0018:ffffc90001a77518 EFLAGS: 00010246
00094 RAX: 0000000000000000 RBX: ffff888139054400 RCX: 0000000000000046
00094 RDX: 0000000000000000 RSI: ffff888139dc7450 RDI: ffff8881392ecb40
00094 RBP: ffff888139dc73c0 R08: ffffffff83a16803 R09: 1ffffffff0742d00
00094 R10: dffffc0000000000 R11: fffffbfff0742d01 R12: ffff888167bc8800
00094 R13: dffffc0000000000 R14: 1ffff1102720a880 R15: 1ffff1102cf7910f
00094 FS:  00007f21f146a940(0000) GS:ffff88831e92a000(0000) knlGS:0000000000000000
00094 CS:  0010 DS: 0000 ES: 0000 CR0: 0000000080050033
00094 CR2: 00007fc2a56ee200 CR3: 0000000107c86000 CR4: 0000000000750eb0
00094 PKRU: 55555554
00094 Call Trace:
00094  <TASK>
00094  ? local_object_create+0x109/0x640 [obdclass]
00094  ? dt_write_lock+0x16d/0x2a0 [obdclass]
00094  ? llog_osd_create+0x356/0x1140 [obdclass]
00094  ? llog_create+0x2ed/0x530 [obdclass]
00094  ? llog_cat_new_log+0x6c3/0x2bf0 [obdclass]
00094  ? llog_cat_add_rec+0x6ba/0x1960 [obdclass]
00094  ? llog_cat_add+0x451/0x890 [obdclass]
00094  ? llog_test_12+0xfdb/0x2d90 [llog_test]
00094  ? llog_run_tests+0x4434/0x5ac0 [llog_test]
00094  ? get_random_u32+0x51/0x470
00094  ? llog_test_device_init+0x503/0x840 [llog_test]
00094  ? obd_setup+0x559/0x960 [obdclass]
00094  ? class_setup+0xc7d/0x10e0 [obdclass]
00094  ? class_process_config+0x2edb/0x7cb0 [obdclass]
00094  ? class_handle_ioctl+0x2055/0x3590 [obdclass]
00094  ? obd_class_ioctl+0x1f6/0x3c0 [obdclass]
00094  ? __x64_sys_ioctl+0x961/0xe00
00094  ? _copy_to_user+0x3d/0x60
00094  ? __x64_sys_rt_sigaction+0x107/0x140
00094  ? do_syscall_64+0xc1/0x350
00094  ? entry_SYSCALL_64_after_hwframe+0x4b/0x53
00094  </TASK>
00094 ---[ end trace 0000000000000000 ]---
00094 ==================================================================
00094 BUG: KASAN: slab-out-of-bounds in llog_osd_next_block+0x13e1/0x3340 [obdclass]
00094 Read of size 4 at addr ffff888243da3036 by task lctl/2174
00094 
00094 CPU: 10 UID: 0 PID: 2174 Comm: lctl Tainted: G        W  O        7.0.0-ktest-48bc1fe-6330a45-20260729-dirty #1 PREEMPT 
00094 Tainted: [W]=WARN, [O]=OOT_MODULE
00094 Hardware name: QEMU Standard PC (Q35 + ICH9, 2009), BIOS 2025.11-3ubuntu7 03/31/2026
00094 Call Trace:
00094  <TASK>
00094  dump_stack_lvl+0x52/0x80
00094  print_report+0xbc/0x260
00094  ? llog_osd_next_block+0x13e1/0x3340 [obdclass]
00094  kasan_report+0xa2/0xd0
00094  ? llog_osd_next_block+0x13e1/0x3340 [obdclass]
00094  llog_osd_next_block+0x13e1/0x3340 [obdclass]
00094  ? local_trylock_acquire+0x23/0x70
00094  llog_process_thread+0xdd7/0x4f70 [obdclass]
00094  ? entry_SYSCALL_64_after_hwframe+0x4b/0x53
00094  ? task_work_add+0x177/0x210
00094  llog_process_or_fork+0x656/0xc90 [obdclass]
00094  ? llog_cat_process+0x30/0x30 [obdclass]
00094  llog_cat_process_or_fork+0x780/0xdb0 [obdclass]
00094  ? llog_cat_process+0x30/0x30 [obdclass]
00094  ? llog_cancel_rec_cb+0x450/0x450 [llog_test]
00094  llog_cat_process+0x24/0x30 [obdclass]
00094  llog_test_12+0xf58/0x2d90 [llog_test]
00094  llog_run_tests+0x4434/0x5ac0 [llog_test]
00094  ? get_random_u32+0x51/0x470
00094  llog_test_device_init+0x503/0x840 [llog_test]
00094  obd_setup+0x559/0x960 [obdclass]
00094  class_setup+0xc7d/0x10e0 [obdclass]
00094  class_process_config+0x2edb/0x7cb0 [obdclass]
00094  class_handle_ioctl+0x2055/0x3590 [obdclass]
00094  obd_class_ioctl+0x1f6/0x3c0 [obdclass]
00094  __x64_sys_ioctl+0x961/0xe00
00094  ? _copy_to_user+0x3d/0x60
00094  ? __x64_sys_rt_sigaction+0x107/0x140
00094  do_syscall_64+0xc1/0x350
00094  entry_SYSCALL_64_after_hwframe+0x4b/0x53
00094 RIP: 0033:0x7f21f1324e1d
00094 Code: 04 25 28 00 00 00 48 89 45 c8 31 c0 48 8d 45 10 c7 45 b0 10 00 00 00 48 89 45 b8 48 8d 45 d0 48 89 45 c0 b8 10 00 00 00 0f 05 <89> c2 3d 00 f0 ff ff 77 1a 48 8b 45 c8 64 48 2b 04 25 28 00 00 00
00094 RSP: 002b:00007ffea1913bd0 EFLAGS: 00000246 ORIG_RAX: 0000000000000010
00094 RAX: ffffffffffffffda RBX: 00007f21f16d31f0 RCX: 00007f21f1324e1d
00094 RDX: 00007ffea1913eb0 RSI: 00000000c00866b8 RDI: 0000000000000003
00094 RBP: 00007ffea1913c20 R08: 00007ffea1913c70 R09: 00007ffea1913eb0
00094 R10: 000055f8250ca930 R11: 0000000000000246 R12: 00007ffea1913eb0
00094 R13: 000055f81e2f0822 R14: 0000000000000000 R15: 00007ffea1915f30
00094  </TASK>
00094 
00094 The buggy address belongs to the object at ffff888243da0000
00094  which belongs to the cache kmalloc-8k of size 8192
00094 The buggy address is located 4150 bytes to the right of
00094  allocated 8192-byte region [ffff888243da0000, ffff888243da2000)
00094 
00094 The buggy address belongs to the physical page:
00094 page: refcount:0 mapcount:0 mapping:0000000000000000 index:0x0 pfn:0x243da0
00094 head: order:3 mapcount:0 entire_mapcount:0 nr_pages_mapped:0 pincount:0
00094 flags: 0x8000000000000040(head|zone=2)
00094 page_type: f5(slab)
00094 raw: 8000000000000040 ffff888100042e00 dead000000000122 0000000000000000
00094 raw: 0000000000000000 0000400000020002 00000000f5000000 ffff888243da2010
00094 head: 8000000000000040 ffff888100042e00 dead000000000122 0000000000000000
00094 head: 0000000000000000 0000400000020002 00000000f5000000 ffff888243da2010
00094 head: 8000000000000003 ffffea00090f6801 00000000ffffffff 00000000ffffffff
00094 head: ffffffffffffffff 0000000000000000 00000000ffffffff 0000000000000008
00094 page dumped because: kasan: bad access detected
00094 
00094 Memory state around the buggy address:
00094  ffff888243da2f00: fc fc fc fc fc fc fc fc fc fc fc fc fc fc fc fc
00094  ffff888243da2f80: fc fc fc fc fc fc fc fc fc fc fc fc fc fc fc fc
00094 >ffff888243da3000: fc fc fc fc fc fc fc fc fc fc fc fc fc fc fc fc
00094                                      ^
00094  ffff888243da3080: fc fc fc fc fc fc fc fc fc fc fc fc fc fc fc fc
00094  ffff888243da3100: fc fc fc fc fc fc fc fc fc fc fc fc fc fc fc fc
00094 ==================================================================
00094 Disabling lock debugging due to kernel taint
00094 Lustre: 2174:0:(llog_test.c:2464:llog_test_12()) 12: put newly-created catalog
00094 Lustre: 2174:0:(llog_test.c:2532:llog_test_13()) 13a: create a catalog log with name: de075f50
00094 Lustre: 2174:0:(llog_test.c:2548:llog_test_13()) 13b: write 1 record into the catalog
00094 LustreError: 2174:0:(llog_test.c:2559:llog_test_13()) 13b: found 8 plain llogs
00094 Lustre: 2174:0:(llog_test.c:2561:llog_test_13()) 13c: erase plain llog
00094 LustreError: 2174:0:(llog_cat.c:404:llog_cat_id2handle()) MGS: error opening log id [0x1:0x4f:0x0]: rc = -2
00094 Lustre: 2174:0:(llog_test.c:2581:llog_test_13()) 13d: forward process: found=1708 rc=0
00094 Lustre: 2174:0:(llog_test.c:2585:llog_test_13()) 13e: erase another plain llog
00094 Lustre: 2174:0:(llog_test.c:2605:llog_test_13()) 13e: backward process: found=1367 rc=0
00094 Lustre: 2174:0:(llog_test.c:2608:llog_test_13()) 13f: put newly-created catalog
00099 ========= FAILED TIMEOUT llog-unit in 240s
Error 1 at /home/ktest/ktest/lib/libktest.sh 587 from: "$ktest_dir/lib/supervisor" -S -F -T "$ktest_timeout" -b "$test_basename" -o "$test_logdir" -f "$test_basename.$(date -Iseconds).log" -- "${qemu_cmd[@]}", exiting
Error 1 at ./qlkbuild 187 from: "$ktest_dir/lib/supervisor" -S -F -T "$ktest_timeout" -b "$test_basename" -o "$test_logdir" -f "$test_basename.$(date -Iseconds).log" -- "${qemu_cmd[@]}", exiting
Error 1 at ./qlkbuild 1202 from: "$ktest_dir/lib/supervisor" -S -F -T "$ktest_timeout" -b "$test_basename" -o "$test_logdir" -f "$test_basename.$(date -Iseconds).log" -- "${qemu_cmd[@]}", exiting
