CLI: ./pk --podman-socket unix:///run/user/1000/podman/podman.sock --shared-filesystem /tmp --tarball-input job distro --output /var/www/ci-lustre/upstream-patch-review --git-hash 4a7bddaf15ceb6d4fbe9e54cef4e2cf23a98263f_distro --change-id master_4a7bddaf15ceb6d4fbe9e54cef4e2cf23a98263f_distro --subject [distro] Main development branch

Environment validated successfully
Note: custom LLVM is not synced in tarball input mode
Creating lustre tarball at /tmp/ktest-lustre.tar.gz...
Creating ZFS tarball at /tmp/ktest-zfs.tar.gz...
Executing 21 jobs
Jobs will start as soon as their dependencies are satisfied
Using tarball input mode

START al2023-pkg:al2023-pkg package tests/fs/lustre/boot.ktest
START rocky10-pkg:rocky10-pkg package tests/fs/lustre/boot.ktest
START rocky9-pkg:rocky9-pkg package tests/fs/lustre/boot.ktest
START u26-pkg:u26-pkg package tests/fs/lustre/boot.ktest
START rocky9-dkms:rocky9-dkms
START u24-pkg:u24-pkg package tests/fs/lustre/boot.ktest
START rocky8-dkms:rocky8-dkms
START rocky8:rocky8 build tests/fs/lustre/boot.ktest
START al2:al2 build tests/fs/lustre/boot.ktest
START rocky8-pkg:rocky8-pkg package tests/fs/lustre/boot.ktest
START u24-dkms:u24-dkms
START al2-pkg:al2-pkg package tests/fs/lustre/boot.ktest
START u26-dkms:u26-dkms
START rocky10:rocky10 build tests/fs/lustre/boot.ktest
START al2-dkms:al2-dkms
START rocky9:rocky9 build tests/fs/lustre/boot.ktest
START rocky10-dkms:rocky10-dkms
START u24:u24 build tests/fs/lustre/boot.ktest
START u26:u26 build tests/fs/lustre/boot.ktest
START al2023:al2023 build tests/fs/lustre/boot.ktest
START al2023-dkms:al2023-dkms
PUT /tmp/ktest-lustre.tar.gz 2s
PUT /tmp/ktest-lustre.tar.gz 2s
PUT /tmp/ktest-lustre.tar.gz 2s
PUT /tmp/ktest-lustre.tar.gz 2s
PUT /tmp/ktest-lustre.tar.gz 2s
PUT /tmp/ktest-lustre.tar.gz 2s
PUT /tmp/ktest-lustre.tar.gz 2s
PUT /tmp/ktest-lustre.tar.gz 2s
PUT /tmp/ktest-lustre.tar.gz 2s
PUT /tmp/ktest-lustre.tar.gz 2s
END rocky10-pkg:rocky10-pkg package tests/fs/lustre/boot.ktest FAIL 51s (exit code: 2)
END al2023-pkg:al2023-pkg package tests/fs/lustre/boot.ktest FAIL 53s (exit code: 2)
PUT /tmp/ktest-lustre.tar.gz 2s
PUT /tmp/ktest-lustre.tar.gz 2s
END al2:al2 build tests/fs/lustre/boot.ktest FAIL 68s (exit code: 2)
END rocky8:rocky8 build tests/fs/lustre/boot.ktest PASS 69s
PUT /tmp/ktest-lustre.tar.gz 4s
PUT /tmp/ktest-lustre.tar.gz 4s
END rocky9-dkms:rocky9-dkms dkms tests/fs/lustre/boot.ktest PASS 90s
PUT /tmp/ktest-lustre.tar.gz 2s
END rocky8-dkms:rocky8-dkms dkms tests/fs/lustre/boot.ktest PASS 99s
PUT /tmp/ktest-lustre.tar.gz 2s
END al2-pkg:al2-pkg package tests/fs/lustre/boot.ktest FAIL 58s (exit code: 2)
PUT /tmp/ktest-lustre.tar.gz 2s
END al2-dkms:al2-dkms dkms tests/fs/lustre/boot.ktest PASS 96s
PUT /tmp/ktest-lustre.tar.gz 2s
END rocky10-dkms:rocky10-dkms dkms tests/fs/lustre/boot.ktest PASS 112s
PUT /tmp/ktest-lustre.tar.gz 3s
END rocky10:rocky10 build tests/fs/lustre/boot.ktest PASS 187s
PUT /tmp/ktest-lustre.tar.gz 3s
END rocky9:rocky9 build tests/fs/lustre/boot.ktest PASS 161s
END rocky8-pkg:rocky8-pkg package tests/fs/lustre/boot.ktest PASS 262s
END rocky9-pkg:rocky9-pkg package tests/fs/lustre/boot.ktest PASS 263s
PUT /tmp/ktest-lustre.tar.gz 2s
END u24:u24 build tests/fs/lustre/boot.ktest PASS 81s
END u26:u26 build tests/fs/lustre/boot.ktest PASS 65s
END u24-dkms:u24-dkms dkms tests/fs/lustre/boot.ktest PASS 261s
END al2023:al2023 build tests/fs/lustre/boot.ktest PASS 57s
END u26-dkms:u26-dkms dkms tests/fs/lustre/boot.ktest PASS 275s
END al2023-dkms:al2023-dkms dkms tests/fs/lustre/boot.ktest PASS 83s
END u24-pkg:u24-pkg package tests/fs/lustre/boot.ktest PASS 363s
END u26-pkg:u26-pkg package tests/fs/lustre/boot.ktest PASS 367s

============================================================
Final Results:
  al2:al2: FAIL (68s) (log: /var/www/ci-lustre/upstream-patch-review/4a7bddaf15ceb6d4fbe9e54cef4e2cf23a98263f_distro_al2:al2.log)
  al2-pkg:al2-pkg: FAIL (58s) (log: /var/www/ci-lustre/upstream-patch-review/4a7bddaf15ceb6d4fbe9e54cef4e2cf23a98263f_distro_al2-pkg:al2-pkg.log)
  al2-dkms:al2-dkms: PASS (96s) (log: /var/www/ci-lustre/upstream-patch-review/4a7bddaf15ceb6d4fbe9e54cef4e2cf23a98263f_distro_al2-dkms:al2-dkms.log)
  al2023:al2023: PASS (57s) (log: /var/www/ci-lustre/upstream-patch-review/4a7bddaf15ceb6d4fbe9e54cef4e2cf23a98263f_distro_al2023:al2023.log)
  al2023-pkg:al2023-pkg: FAIL (53s) (log: /var/www/ci-lustre/upstream-patch-review/4a7bddaf15ceb6d4fbe9e54cef4e2cf23a98263f_distro_al2023-pkg:al2023-pkg.log)
  al2023-dkms:al2023-dkms: PASS (83s) (log: /var/www/ci-lustre/upstream-patch-review/4a7bddaf15ceb6d4fbe9e54cef4e2cf23a98263f_distro_al2023-dkms:al2023-dkms.log)
  rocky8:rocky8: PASS (69s) (log: /var/www/ci-lustre/upstream-patch-review/4a7bddaf15ceb6d4fbe9e54cef4e2cf23a98263f_distro_rocky8:rocky8.log)
  rocky8-pkg:rocky8-pkg: PASS (262s) (log: /var/www/ci-lustre/upstream-patch-review/4a7bddaf15ceb6d4fbe9e54cef4e2cf23a98263f_distro_rocky8-pkg:rocky8-pkg.log)
  rocky8-dkms:rocky8-dkms: PASS (99s) (log: /var/www/ci-lustre/upstream-patch-review/4a7bddaf15ceb6d4fbe9e54cef4e2cf23a98263f_distro_rocky8-dkms:rocky8-dkms.log)
  rocky9:rocky9: PASS (161s) (log: /var/www/ci-lustre/upstream-patch-review/4a7bddaf15ceb6d4fbe9e54cef4e2cf23a98263f_distro_rocky9:rocky9.log)
  rocky9-pkg:rocky9-pkg: PASS (263s) (log: /var/www/ci-lustre/upstream-patch-review/4a7bddaf15ceb6d4fbe9e54cef4e2cf23a98263f_distro_rocky9-pkg:rocky9-pkg.log)
  rocky9-dkms:rocky9-dkms: PASS (90s) (log: /var/www/ci-lustre/upstream-patch-review/4a7bddaf15ceb6d4fbe9e54cef4e2cf23a98263f_distro_rocky9-dkms:rocky9-dkms.log)
  rocky10:rocky10: PASS (187s) (log: /var/www/ci-lustre/upstream-patch-review/4a7bddaf15ceb6d4fbe9e54cef4e2cf23a98263f_distro_rocky10:rocky10.log)
  rocky10-pkg:rocky10-pkg: FAIL (51s) (log: /var/www/ci-lustre/upstream-patch-review/4a7bddaf15ceb6d4fbe9e54cef4e2cf23a98263f_distro_rocky10-pkg:rocky10-pkg.log)
  rocky10-dkms:rocky10-dkms: PASS (112s) (log: /var/www/ci-lustre/upstream-patch-review/4a7bddaf15ceb6d4fbe9e54cef4e2cf23a98263f_distro_rocky10-dkms:rocky10-dkms.log)
  u24:u24: PASS (81s) (log: /var/www/ci-lustre/upstream-patch-review/4a7bddaf15ceb6d4fbe9e54cef4e2cf23a98263f_distro_u24:u24.log)
  u24-pkg:u24-pkg: PASS (363s) (log: /var/www/ci-lustre/upstream-patch-review/4a7bddaf15ceb6d4fbe9e54cef4e2cf23a98263f_distro_u24-pkg:u24-pkg.log)
  u24-dkms:u24-dkms: PASS (261s) (log: /var/www/ci-lustre/upstream-patch-review/4a7bddaf15ceb6d4fbe9e54cef4e2cf23a98263f_distro_u24-dkms:u24-dkms.log)
  u26:u26: PASS (65s) (log: /var/www/ci-lustre/upstream-patch-review/4a7bddaf15ceb6d4fbe9e54cef4e2cf23a98263f_distro_u26:u26.log)
  u26-pkg:u26-pkg: PASS (367s) (log: /var/www/ci-lustre/upstream-patch-review/4a7bddaf15ceb6d4fbe9e54cef4e2cf23a98263f_distro_u26-pkg:u26-pkg.log)
  u26-dkms:u26-dkms: PASS (275s) (log: /var/www/ci-lustre/upstream-patch-review/4a7bddaf15ceb6d4fbe9e54cef4e2cf23a98263f_distro_u26-dkms:u26-dkms.log)

Total execution time: 377s

Packed 9563 logs from /var/www/ci-lustre/upstream-patch-review into /home/ktest/ktest/local-site/local_data.js
Open /home/ktest/ktest/local-site/index.html in a browser
