CLI: ./pk --podman-socket unix:///run/user/1000/podman/podman.sock --shared-filesystem /tmp --tarball-input job lustre-ci --output /var/www/ci-lustre/upstream-patch-review --git-hash 4a8ba2615bc9a5ee5e8d3877f6fdc7d3a61ae42c --change-id 65465_4a8ba2615bc9a5ee5e8d3877f6fdc7d3a61ae42c --subject LU-20184 nrs: extend TBF rate to support bandwidth (BPS) mode

Environment validated successfully
Note: custom LLVM is not synced in tarball input mode
Creating kernel tarball at /tmp/ktest-kernel.tar.gz...
Creating lustre tarball at /tmp/ktest-lustre.tar.gz...
Creating ZFS tarball at /tmp/ktest-zfs.tar.gz...
Executing 14 jobs
Jobs will start as soon as their dependencies are satisfied
Using tarball input mode

START ml-miscvm:lustre_mainline_native build tests/fs/lustre/boot.ktest
START al2023:al2023 build tests/fs/lustre/boot.ktest
START u24:u24 build tests/fs/lustre/boot.ktest
START ml-strict:lustre_mainline build tests/fs/lustre/boot-strict.ktest
START checkpatch:checkpatch tool checkpatch
START ml:lustre_mainline build tests/fs/lustre/boot.ktest
PUT /tmp/ktest-lustre.tar.gz 1s
PUT /tmp/ktest-lustre.tar.gz 1s
PUT /tmp/ktest-kernel.tar.gz 7s
PUT /tmp/ktest-kernel.tar.gz 7s
PUT /tmp/ktest-kernel.tar.gz 7s
PUT /tmp/ktest-kernel.tar.gz 7s
PUT /tmp/ktest-lustre.tar.gz 3s
PUT /tmp/ktest-lustre.tar.gz 3s
PUT /tmp/ktest-lustre.tar.gz 4s
PUT /tmp/ktest-lustre.tar.gz 3s
PUT /tmp/ktest-zfs.tar.gz 0s
PUT /tmp/ktest-zfs.tar.gz 0s
PUT /tmp/ktest-zfs.tar.gz 0s
END checkpatch:checkpatch tool checkpatch PASS 13s
END u24:u24 build tests/fs/lustre/boot.ktest PASS 40s
END al2023:al2023 build tests/fs/lustre/boot.ktest PASS 45s
GET /tmp/ktest_ml-strict:lustre_mainline_a94r8nsm.tar 7s
END ml-strict:lustre_mainline build tests/fs/lustre/boot-strict.ktest FAIL 210s (exit code: 1)
GET /tmp/ktest_ml-miscvm:lustre_mainline_native_0fiyprv2.tar 0s
GET /tmp/ktest_ml:lustre_mainline_eb6ohcxn.tar 0s
END ml-miscvm:lustre_mainline_native build tests/fs/lustre/boot.ktest PASS 223s
START ml-miscvm:boot run tests/fs/lustre/boot.ktest
START ml-miscvm:llmount run tests/fs/lustre/llmount.ktest
START ml-miscvm:llog-unit run tests/fs/lustre/llog-unit.ktest
START ml-miscvm:mgs-setup run tests/fs/lustre/mgs-setup.ktest
START ml-miscvm:sanity-1 run tests/fs/lustre/sanity/sanity-1.ktest
START ml-miscvm:sanity-2 run tests/fs/lustre/sanity/sanity-2.ktest
START ml-miscvm:sanity-3 run tests/fs/lustre/sanity/sanity-3.ktest
START ml-miscvm:sanity-4 run tests/fs/lustre/sanity/sanity-4.ktest
END ml:lustre_mainline build tests/fs/lustre/boot.ktest PASS 224s
PUT /tmp/ktest-kernel.tar.gz 50s
PUT /tmp/ktest-kernel.tar.gz 50s
PUT /tmp/ktest-kernel.tar.gz 50s
PUT /tmp/ktest-kernel.tar.gz 50s
PUT /tmp/ktest-kernel.tar.gz 50s
PUT /tmp/ktest-kernel.tar.gz 50s
PUT /tmp/ktest-kernel.tar.gz 50s
PUT /tmp/ktest-kernel.tar.gz 51s
PUT /tmp/ktest-lustre.tar.gz 12s
PUT /tmp/ktest-lustre.tar.gz 11s
PUT /tmp/ktest-lustre.tar.gz 12s
PUT /tmp/ktest-lustre.tar.gz 12s
PUT /tmp/ktest-lustre.tar.gz 12s
PUT /tmp/ktest-lustre.tar.gz 11s
PUT /tmp/ktest-lustre.tar.gz 11s
PUT /tmp/ktest-lustre.tar.gz 12s
PUT /tmp/ktest_ml-miscvm:lustre_mainline_native_0fiyprv2.tar 4s
PUT /tmp/ktest_ml-miscvm:lustre_mainline_native_0fiyprv2.tar 4s
PUT /tmp/ktest_ml-miscvm:lustre_mainline_native_0fiyprv2.tar 4s
PUT /tmp/ktest_ml-miscvm:lustre_mainline_native_0fiyprv2.tar 4s
PUT /tmp/ktest_ml-miscvm:lustre_mainline_native_0fiyprv2.tar 4s
PUT /tmp/ktest_ml-miscvm:lustre_mainline_native_0fiyprv2.tar 4s
PUT /tmp/ktest_ml-miscvm:lustre_mainline_native_0fiyprv2.tar 4s
PUT /tmp/ktest_ml-miscvm:lustre_mainline_native_0fiyprv2.tar 4s
END ml-miscvm:boot run tests/fs/lustre/boot.ktest PASS 81s
END ml-miscvm:mgs-setup run tests/fs/lustre/mgs-setup.ktest PASS 91s
END ml-miscvm:sanity-4 run tests/fs/lustre/sanity/sanity-4.ktest PASS 119s
END ml-miscvm:sanity-3 run tests/fs/lustre/sanity/sanity-3.ktest PASS 121s
END ml-miscvm:llmount run tests/fs/lustre/llmount.ktest PASS 128s
END ml-miscvm:sanity-1 run tests/fs/lustre/sanity/sanity-1.ktest PASS 132s
END ml-miscvm:sanity-2 run tests/fs/lustre/sanity/sanity-2.ktest PASS 134s
END ml-miscvm:llog-unit run tests/fs/lustre/llog-unit.ktest FAIL 168s (exit code: 1)

============================================================
Final Results:
  checkpatch:checkpatch: PASS (13s) (log: /var/www/ci-lustre/upstream-patch-review/4a8ba2615bc9a5ee5e8d3877f6fdc7d3a61ae42c_checkpatch:checkpatch.log)
  u24:u24: PASS (40s) (log: /var/www/ci-lustre/upstream-patch-review/4a8ba2615bc9a5ee5e8d3877f6fdc7d3a61ae42c_u24:u24.log)
  al2023:al2023: PASS (45s) (log: /var/www/ci-lustre/upstream-patch-review/4a8ba2615bc9a5ee5e8d3877f6fdc7d3a61ae42c_al2023:al2023.log)
  ml-strict:lustre_mainline: FAIL (210s) (log: /var/www/ci-lustre/upstream-patch-review/4a8ba2615bc9a5ee5e8d3877f6fdc7d3a61ae42c_ml-strict:lustre_mainline.log)
  ml:lustre_mainline: PASS (224s) (log: /var/www/ci-lustre/upstream-patch-review/4a8ba2615bc9a5ee5e8d3877f6fdc7d3a61ae42c_ml:lustre_mainline.log)
  ml-miscvm:lustre_mainline_native: PASS (223s) (log: /var/www/ci-lustre/upstream-patch-review/4a8ba2615bc9a5ee5e8d3877f6fdc7d3a61ae42c_ml-miscvm:lustre_mainline_native.log)
  ml-miscvm:boot: PASS (81s) (log: /var/www/ci-lustre/upstream-patch-review/4a8ba2615bc9a5ee5e8d3877f6fdc7d3a61ae42c_ml-miscvm:boot.log)
  ml-miscvm:llmount: PASS (128s) (log: /var/www/ci-lustre/upstream-patch-review/4a8ba2615bc9a5ee5e8d3877f6fdc7d3a61ae42c_ml-miscvm:llmount.log)
  ml-miscvm:llog-unit: FAIL (168s) (log: /var/www/ci-lustre/upstream-patch-review/4a8ba2615bc9a5ee5e8d3877f6fdc7d3a61ae42c_ml-miscvm:llog-unit.log)
  ml-miscvm:mgs-setup: PASS (91s) (log: /var/www/ci-lustre/upstream-patch-review/4a8ba2615bc9a5ee5e8d3877f6fdc7d3a61ae42c_ml-miscvm:mgs-setup.log)
  ml-miscvm:sanity-1: PASS (132s) (log: /var/www/ci-lustre/upstream-patch-review/4a8ba2615bc9a5ee5e8d3877f6fdc7d3a61ae42c_ml-miscvm:sanity-1.log)
  ml-miscvm:sanity-2: PASS (134s) (log: /var/www/ci-lustre/upstream-patch-review/4a8ba2615bc9a5ee5e8d3877f6fdc7d3a61ae42c_ml-miscvm:sanity-2.log)
  ml-miscvm:sanity-3: PASS (121s) (log: /var/www/ci-lustre/upstream-patch-review/4a8ba2615bc9a5ee5e8d3877f6fdc7d3a61ae42c_ml-miscvm:sanity-3.log)
  ml-miscvm:sanity-4: PASS (119s) (log: /var/www/ci-lustre/upstream-patch-review/4a8ba2615bc9a5ee5e8d3877f6fdc7d3a61ae42c_ml-miscvm:sanity-4.log)

Total execution time: 421s

Packed 2590 logs from /var/www/ci-lustre/upstream-patch-review into /home/ktest/ktest/local-site/local_data.js
Open /home/ktest/ktest/local-site/index.html in a browser
