WARNING:FILE_PATH_CHANGES: added, moved or deleted file(s), does MAINTAINERS need updating?
#14: 
new file mode 100644

WARNING:LONG_LINE_STRING: line length of 116 exceeds 100 columns
#1019: FILE: lustre/mdd/mdd_object.c:3112:
+			CDEBUG(D_LAYOUT, "cannot swap layouts with DOM component, use migration instead: rc = %d\n",

WARNING:LONG_LINE_STRING: line length of 110 exceeds 100 columns
#1041: FILE: lustre/mdd/mdd_object.c:3120:
+			       "%s: cannot swap "DFID" layout: OST to DOM migration not supported: rc = %d\n",

WARNING:LONG_LINE_STRING: line length of 120 exceeds 100 columns
#1048: FILE: lustre/mdd/mdd_object.c:3127:
+			       "%s: cannot swap "DFID" layout: new layout must have same DoM component size: rc = %d\n",

WARNING:TYPO_SPELLING: 'existant' may be misspelled - perhaps 'existent'?
#1057: FILE: lustre/mdd/mdd_object.c:3134:
+	/* swapping 2 non existant layouts is a success, unless this is a
 	                  ^^^^^^^^

WARNING:PREFER_FALLTHROUGH: Prefer 'fallthrough;' over fallthrough comment
#1134: FILE: lustre/mdd/mdd_object.c:3228:
+		 * parent file. Fall through to declare/xattr LOV set only.

WARNING:TYPO_SPELLING: 'informations' may be misspelled - perhaps 'information'?
#1142: FILE: lustre/mdd/mdd_object.c:3231:
+		/* Full layout swap - set the file specific informations in lmm */
 		                                            ^^^^^^^^^^^^

WARNING:LONG_LINE_STRING: line length of 111 exceeds 100 columns
#1346: FILE: lustre/mdd/mdd_object.c:3443:
+					CERROR("%s: failed to undo single-stripe swap for rollback: rc = %d\n",

WARNING:BLOCK_COMMENT_STYLE: Block comments use a trailing */ on a separate line
#1482: FILE: lustre/mdt/mdt_handler.c:1953:
+	 * stay bound to the msl payload as sorted at the client. */

WARNING:REPEATED_WORD: Possible repeated word: 'objid'
#1863: FILE: lustre/tests/sanity-pfl.sh:2874:
+	# "lfs getstripe -v" prints the plain "obdidx objid objid group"

WARNING:REPEATED_WORD: Possible repeated word: 'objid'
#1939: FILE: lustre/tests/sanity-pfl.sh:2950:
+	# "obdidx objid objid group" format

total: 0 errors, 11 warnings, 2203 lines checked

NOTE: For some of the reported defects, checkpatch may be able to
      mechanically convert to the typical style using --fix or --fix-inplace.

Your patch has style problems, please review.

NOTE: If any of the errors are false positives, please report
      them to the maintainer, see CHECKPATCH in MAINTAINERS.
