CLI: ./pk --podman-socket unix:///run/user/1000/podman/podman.sock --shared-filesystem /tmp --tarball-input job lustre-ci --output /var/www/ci-lustre/upstream-patch-review --git-hash 4c906c268a8b8000451c34e5d04de8189a40e8f3 --change-id 67873_4c906c268a8b8000451c34e5d04de8189a40e8f3 --subject LU-20559 misc: fix the --disable-libcfs-assert build

Environment validated successfully
Note: custom LLVM is not synced in tarball input mode
Creating kernel tarball at /tmp/ktest-kernel.tar.gz...
Creating lustre tarball at /tmp/ktest-lustre.tar.gz...
Creating ZFS tarball at /tmp/ktest-zfs.tar.gz...
Executing 14 jobs
Jobs will start as soon as their dependencies are satisfied
Using tarball input mode

START checkpatch:checkpatch tool checkpatch
START u24:u24 build tests/fs/lustre/boot.ktest
START al2023:al2023 build tests/fs/lustre/boot.ktest
START ml:lustre_mainline build tests/fs/lustre/boot.ktest
START ml-miscvm:lustre_mainline_native build tests/fs/lustre/boot.ktest
START ml-strict:lustre_mainline build tests/fs/lustre/boot-strict.ktest
PUT /tmp/ktest-lustre.tar.gz 1s
PUT /tmp/ktest-lustre.tar.gz 1s
PUT /tmp/ktest-kernel.tar.gz 7s
PUT /tmp/ktest-kernel.tar.gz 7s
PUT /tmp/ktest-kernel.tar.gz 7s
PUT /tmp/ktest-kernel.tar.gz 7s
PUT /tmp/ktest-lustre.tar.gz 3s
PUT /tmp/ktest-lustre.tar.gz 3s
PUT /tmp/ktest-lustre.tar.gz 3s
PUT /tmp/ktest-lustre.tar.gz 4s
PUT /tmp/ktest-zfs.tar.gz 0s
PUT /tmp/ktest-zfs.tar.gz 0s
PUT /tmp/ktest-zfs.tar.gz 0s
END checkpatch:checkpatch tool checkpatch FAIL 15s (exit code: 1)
END u24:u24 build tests/fs/lustre/boot.ktest PASS 42s
END al2023:al2023 build tests/fs/lustre/boot.ktest PASS 44s
GET /tmp/ktest_ml-strict:lustre_mainline_hckb32oz.tar 6s
END ml-strict:lustre_mainline build tests/fs/lustre/boot-strict.ktest FAIL 217s (exit code: 1)
GET /tmp/ktest_ml:lustre_mainline_5b22w3yj.tar 0s
GET /tmp/ktest_ml-miscvm:lustre_mainline_native_8p2daglv.tar 0s
END ml:lustre_mainline build tests/fs/lustre/boot.ktest PASS 232s
END ml-miscvm:lustre_mainline_native build tests/fs/lustre/boot.ktest PASS 233s
START ml-miscvm:boot run tests/fs/lustre/boot.ktest
START ml-miscvm:llmount run tests/fs/lustre/llmount.ktest
START ml-miscvm:llog-unit run tests/fs/lustre/llog-unit.ktest
START ml-miscvm:mgs-setup run tests/fs/lustre/mgs-setup.ktest
START ml-miscvm:sanity-1 run tests/fs/lustre/sanity/sanity-1.ktest
START ml-miscvm:sanity-2 run tests/fs/lustre/sanity/sanity-2.ktest
START ml-miscvm:sanity-3 run tests/fs/lustre/sanity/sanity-3.ktest
START ml-miscvm:sanity-4 run tests/fs/lustre/sanity/sanity-4.ktest
PUT /tmp/ktest-kernel.tar.gz 37s
PUT /tmp/ktest-kernel.tar.gz 37s
PUT /tmp/ktest-kernel.tar.gz 38s
PUT /tmp/ktest-kernel.tar.gz 38s
PUT /tmp/ktest-kernel.tar.gz 38s
PUT /tmp/ktest-kernel.tar.gz 38s
PUT /tmp/ktest-kernel.tar.gz 38s
PUT /tmp/ktest-kernel.tar.gz 39s
PUT /tmp/ktest-lustre.tar.gz 21s
PUT /tmp/ktest-lustre.tar.gz 20s
PUT /tmp/ktest-lustre.tar.gz 20s
PUT /tmp/ktest-lustre.tar.gz 20s
PUT /tmp/ktest-lustre.tar.gz 21s
PUT /tmp/ktest-lustre.tar.gz 20s
PUT /tmp/ktest-lustre.tar.gz 20s
PUT /tmp/ktest-lustre.tar.gz 20s
PUT /tmp/ktest_ml-miscvm:lustre_mainline_native_8p2daglv.tar 4s
PUT /tmp/ktest_ml-miscvm:lustre_mainline_native_8p2daglv.tar 4s
PUT /tmp/ktest_ml-miscvm:lustre_mainline_native_8p2daglv.tar 4s
PUT /tmp/ktest_ml-miscvm:lustre_mainline_native_8p2daglv.tar 4s
PUT /tmp/ktest_ml-miscvm:lustre_mainline_native_8p2daglv.tar 4s
PUT /tmp/ktest_ml-miscvm:lustre_mainline_native_8p2daglv.tar 4s
PUT /tmp/ktest_ml-miscvm:lustre_mainline_native_8p2daglv.tar 4s
PUT /tmp/ktest_ml-miscvm:lustre_mainline_native_8p2daglv.tar 4s
END ml-miscvm:boot run tests/fs/lustre/boot.ktest PASS 76s
END ml-miscvm:mgs-setup run tests/fs/lustre/mgs-setup.ktest PASS 86s
END ml-miscvm:sanity-3 run tests/fs/lustre/sanity/sanity-3.ktest PASS 113s
END ml-miscvm:sanity-1 run tests/fs/lustre/sanity/sanity-1.ktest PASS 115s
END ml-miscvm:llmount run tests/fs/lustre/llmount.ktest PASS 125s
END ml-miscvm:sanity-4 run tests/fs/lustre/sanity/sanity-4.ktest PASS 126s
END ml-miscvm:sanity-2 run tests/fs/lustre/sanity/sanity-2.ktest PASS 127s
END ml-miscvm:llog-unit run tests/fs/lustre/llog-unit.ktest FAIL 161s (exit code: 1)

============================================================
Final Results:
  checkpatch:checkpatch: FAIL (15s) (log: /var/www/ci-lustre/upstream-patch-review/4c906c268a8b8000451c34e5d04de8189a40e8f3_checkpatch:checkpatch.log)
  u24:u24: PASS (42s) (log: /var/www/ci-lustre/upstream-patch-review/4c906c268a8b8000451c34e5d04de8189a40e8f3_u24:u24.log)
  al2023:al2023: PASS (44s) (log: /var/www/ci-lustre/upstream-patch-review/4c906c268a8b8000451c34e5d04de8189a40e8f3_al2023:al2023.log)
  ml-strict:lustre_mainline: FAIL (217s) (log: /var/www/ci-lustre/upstream-patch-review/4c906c268a8b8000451c34e5d04de8189a40e8f3_ml-strict:lustre_mainline.log)
  ml:lustre_mainline: PASS (232s) (log: /var/www/ci-lustre/upstream-patch-review/4c906c268a8b8000451c34e5d04de8189a40e8f3_ml:lustre_mainline.log)
  ml-miscvm:lustre_mainline_native: PASS (233s) (log: /var/www/ci-lustre/upstream-patch-review/4c906c268a8b8000451c34e5d04de8189a40e8f3_ml-miscvm:lustre_mainline_native.log)
  ml-miscvm:boot: PASS (76s) (log: /var/www/ci-lustre/upstream-patch-review/4c906c268a8b8000451c34e5d04de8189a40e8f3_ml-miscvm:boot.log)
  ml-miscvm:llmount: PASS (125s) (log: /var/www/ci-lustre/upstream-patch-review/4c906c268a8b8000451c34e5d04de8189a40e8f3_ml-miscvm:llmount.log)
  ml-miscvm:llog-unit: FAIL (161s) (log: /var/www/ci-lustre/upstream-patch-review/4c906c268a8b8000451c34e5d04de8189a40e8f3_ml-miscvm:llog-unit.log)
  ml-miscvm:mgs-setup: PASS (86s) (log: /var/www/ci-lustre/upstream-patch-review/4c906c268a8b8000451c34e5d04de8189a40e8f3_ml-miscvm:mgs-setup.log)
  ml-miscvm:sanity-1: PASS (115s) (log: /var/www/ci-lustre/upstream-patch-review/4c906c268a8b8000451c34e5d04de8189a40e8f3_ml-miscvm:sanity-1.log)
  ml-miscvm:sanity-2: PASS (127s) (log: /var/www/ci-lustre/upstream-patch-review/4c906c268a8b8000451c34e5d04de8189a40e8f3_ml-miscvm:sanity-2.log)
  ml-miscvm:sanity-3: PASS (113s) (log: /var/www/ci-lustre/upstream-patch-review/4c906c268a8b8000451c34e5d04de8189a40e8f3_ml-miscvm:sanity-3.log)
  ml-miscvm:sanity-4: PASS (126s) (log: /var/www/ci-lustre/upstream-patch-review/4c906c268a8b8000451c34e5d04de8189a40e8f3_ml-miscvm:sanity-4.log)

Total execution time: 426s

Packed 5521 logs from /var/www/ci-lustre/upstream-patch-review into /home/ktest/ktest/local-site/local_data.js
Open /home/ktest/ktest/local-site/index.html in a browser
