00004 
00013 RDSEED32 is broken. Disabling the corresponding CPUID bit.
00018 init: failed to load nvme_core
00018 init: failed to load nvme
00018 init: failed to load zfs
00019 LNetError: 1:0:(lib-socket.c:619:lnet_inet_enumerate()) lnet: Can't find any usable interfaces, rc = -ENOENT
00019 LNetError: Error -100 starting up LNI tcp
00019 LustreError: 1:0:(events.c:627:ptlrpc_init_portals()) network initialisation failed: rc = -100
00020 init: finit_module /lib/modules/7.0.0-ktest-4ca7e22-6330a45-20260727-dirty/updates/ptlrpc.ko: Network is down
00020 init: failed to load lustre
00020 init: failed to load osd_zfs
00020 init: failed to load iwlwifi
00020 init: failed to load iwlmvm
00020 init: failed to load mt7921e
00020 init: failed to load i915
00020 init: failed to load nouveau
00033 Kernel version: 7.0.0-ktest-4ca7e22-6330a45-20260727-dirty
00033 tlp: vm.laptop_mode is deprecated. Ignoring setting.
00034 hook init_noop
00034 
00034 Running tests mgs-setup
00034 
00034 ========= TEST   mgs-setup
00034 /host/home/ktest/git/lustre-release/lustre/tests/test-framework.sh: line 6963: cd: HOME not set
00034 /host/home/ktest/git/lustre-release/lustre/tests/test-framework.sh: line 6963: cd: HOME not set
00035 /host/home/ktest/git/lustre-release/lustre/tests/test-framework.sh: line 6963: cd: HOME not set
00038 MGS_OS_VERSION_ID=24.04
00038 MGS_OS_ID=ubuntu
00038 MGS_OS_VERSION_CODE=402915328
00038 MGS_OS_ID_LIKE=debian ubuntu
00038 MDS1_OS_ID=ubuntu
00038 MDS1_OS_VERSION_CODE=402915328
00038 MDS1_OS_ID_LIKE=debian ubuntu
00038 MDS1_OS_VERSION_ID=24.04
00038 OST1_OS_VERSION_ID=24.04
00038 OST1_OS_VERSION_CODE=402915328
00038 OST1_OS_ID=ubuntu
00038 OST1_OS_ID_LIKE=debian ubuntu
00038 CLIENT_OS_VERSION_ID=24.04
00038 CLIENT_OS_ID_LIKE=debian ubuntu
00038 CLIENT_OS_ID=ubuntu
00038 CLIENT_OS_VERSION_CODE=402915328
00038 Loading modules from /host/home/ktest/git/lustre-release/lustre
00038 detected 16 online CPUs by sysfs
00038 MODOPTS_LIBCFS=
00038 libcfs will create CPU partition based on online CPUs
00039 LNet: Added LNI 10.0.2.15@tcp [8/256/0/180]
00039 gss/krb5 is not supported
00040 Lustre: Echo OBD driver; http://www.lustre.org/
00040 
00040 
00045 
00045 
00045 
00045 Lustre: server umount MGS0000 complete
00045 
00045 Removed directory: /mnt/lustre-OMALLE-MGS0000
00046 
00046 ========= PASSED mgs-setup in 12s
00046 
00046 Passed: mgs-setup
00046 Failed: 
00046 NOTICE: Automounting of tracing to debugfs is deprecated and will be removed in 2030
00046 Kernel version: 7.0.0-ktest-4ca7e22-6330a45-20260727-dirty
00046 TEST SUCCESS
