WARNING:TYPO_SPELLING: 'consistant' may be misspelled - perhaps 'consistent'?
#523: FILE: lustre/ldlm/ldlm_resource.c:101:
+	/* result is not strictly consistant */
 	                          ^^^^^^^^^^

WARNING:SUSPECT_CODE_INDENT: suspect code indent for conditional statements (8, 17)
#963: FILE: lustre/ldlm/ldlm_resource.c:1630:
+	if (res2) {
+		 if (atomic_dec_and_test(&res->lr_ns_bucket->nsb_count) &&

WARNING:TABSTOP: Statements should start on a tabstop
#964: FILE: lustre/ldlm/ldlm_resource.c:1631:
+		 if (atomic_dec_and_test(&res->lr_ns_bucket->nsb_count) &&

ERROR:SPACING: spaces required around that ':' (ctx:VxE)
#1392: FILE: lustre/osc/osc_cache.c:645:
+							res ? PTR_ERR(res):
 							                  ^

total: 1 errors, 3 warnings, 1524 lines checked

NOTE: For some of the reported defects, checkpatch may be able to
      mechanically convert to the typical style using --fix or --fix-inplace.

Your patch has style problems, please review.

NOTE: If any of the errors are false positives, please report
      them to the maintainer, see CHECKPATCH in MAINTAINERS.
