CLI: ./pk --podman-socket unix:///run/user/1000/podman/podman.sock --shared-filesystem /tmp --tarball-input job lustre-ci --output /var/www/ci-lustre/upstream-patch-review --git-hash 4cff36f7ea822e483648c6a6473599057d735225 --change-id 68833_4cff36f7ea822e483648c6a6473599057d735225 --subject LU-20669 snapshot: set "trusted.snap" xattr on mirror objects

Environment validated successfully
Note: custom LLVM is not synced in tarball input mode
Creating kernel tarball at /tmp/ktest-kernel.tar.gz...
Creating lustre tarball at /tmp/ktest-lustre.tar.gz...
Creating ZFS tarball at /tmp/ktest-zfs.tar.gz...
Executing 14 jobs
Jobs will start as soon as their dependencies are satisfied
Using tarball input mode

START u24:u24 build tests/fs/lustre/boot.ktest
START ml-miscvm:lustre_mainline_native build tests/fs/lustre/boot.ktest
START ml-strict:lustre_mainline build tests/fs/lustre/boot-strict.ktest
START checkpatch:checkpatch tool checkpatch
START ml:lustre_mainline build tests/fs/lustre/boot.ktest
START al2023:al2023 build tests/fs/lustre/boot.ktest
PUT /tmp/ktest-lustre.tar.gz 1s
PUT /tmp/ktest-lustre.tar.gz 1s
PUT /tmp/ktest-kernel.tar.gz 7s
PUT /tmp/ktest-kernel.tar.gz 7s
PUT /tmp/ktest-kernel.tar.gz 7s
PUT /tmp/ktest-kernel.tar.gz 7s
PUT /tmp/ktest-lustre.tar.gz 4s
PUT /tmp/ktest-lustre.tar.gz 4s
PUT /tmp/ktest-lustre.tar.gz 4s
PUT /tmp/ktest-lustre.tar.gz 4s
PUT /tmp/ktest-zfs.tar.gz 0s
PUT /tmp/ktest-zfs.tar.gz 0s
PUT /tmp/ktest-zfs.tar.gz 0s
END checkpatch:checkpatch tool checkpatch FAIL 15s (exit code: 1)
END u24:u24 build tests/fs/lustre/boot.ktest PASS 41s
END al2023:al2023 build tests/fs/lustre/boot.ktest PASS 45s
GET /tmp/ktest_ml-strict:lustre_mainline_s3422qj9.tar 10s
END ml-strict:lustre_mainline build tests/fs/lustre/boot-strict.ktest FAIL 199s (exit code: 1)
GET /tmp/ktest_ml-miscvm:lustre_mainline_native_bnowi73c.tar 0s
GET /tmp/ktest_ml:lustre_mainline__xy5rpp7.tar 0s
END ml-miscvm:lustre_mainline_native build tests/fs/lustre/boot.ktest PASS 217s
START ml-miscvm:boot run tests/fs/lustre/boot.ktest
START ml-miscvm:llmount run tests/fs/lustre/llmount.ktest
START ml-miscvm:llog-unit run tests/fs/lustre/llog-unit.ktest
START ml-miscvm:mgs-setup run tests/fs/lustre/mgs-setup.ktest
START ml-miscvm:sanity-1 run tests/fs/lustre/sanity/sanity-1.ktest
START ml-miscvm:sanity-2 run tests/fs/lustre/sanity/sanity-2.ktest
START ml-miscvm:sanity-3 run tests/fs/lustre/sanity/sanity-3.ktest
START ml-miscvm:sanity-4 run tests/fs/lustre/sanity/sanity-4.ktest
END ml:lustre_mainline build tests/fs/lustre/boot.ktest PASS 219s
PUT /tmp/ktest-kernel.tar.gz 53s
PUT /tmp/ktest-kernel.tar.gz 53s
PUT /tmp/ktest-kernel.tar.gz 53s
PUT /tmp/ktest-kernel.tar.gz 54s
PUT /tmp/ktest-kernel.tar.gz 54s
PUT /tmp/ktest-kernel.tar.gz 54s
PUT /tmp/ktest-kernel.tar.gz 54s
PUT /tmp/ktest-kernel.tar.gz 54s
PUT /tmp/ktest-lustre.tar.gz 17s
PUT /tmp/ktest-lustre.tar.gz 17s
PUT /tmp/ktest-lustre.tar.gz 16s
PUT /tmp/ktest-lustre.tar.gz 17s
PUT /tmp/ktest-lustre.tar.gz 17s
PUT /tmp/ktest-lustre.tar.gz 17s
PUT /tmp/ktest-lustre.tar.gz 16s
PUT /tmp/ktest-lustre.tar.gz 16s
PUT /tmp/ktest_ml-miscvm:lustre_mainline_native_bnowi73c.tar 0s
PUT /tmp/ktest_ml-miscvm:lustre_mainline_native_bnowi73c.tar 0s
PUT /tmp/ktest_ml-miscvm:lustre_mainline_native_bnowi73c.tar 0s
PUT /tmp/ktest_ml-miscvm:lustre_mainline_native_bnowi73c.tar 0s
PUT /tmp/ktest_ml-miscvm:lustre_mainline_native_bnowi73c.tar 0s
PUT /tmp/ktest_ml-miscvm:lustre_mainline_native_bnowi73c.tar 0s
PUT /tmp/ktest_ml-miscvm:lustre_mainline_native_bnowi73c.tar 0s
PUT /tmp/ktest_ml-miscvm:lustre_mainline_native_bnowi73c.tar 0s
END ml-miscvm:boot run tests/fs/lustre/boot.ktest PASS 86s
END ml-miscvm:mgs-setup run tests/fs/lustre/mgs-setup.ktest PASS 95s
END ml-miscvm:sanity-4 run tests/fs/lustre/sanity/sanity-4.ktest PASS 126s
END ml-miscvm:sanity-2 run tests/fs/lustre/sanity/sanity-2.ktest PASS 127s
END ml-miscvm:sanity-3 run tests/fs/lustre/sanity/sanity-3.ktest PASS 128s
END ml-miscvm:sanity-1 run tests/fs/lustre/sanity/sanity-1.ktest PASS 137s
END ml-miscvm:llmount run tests/fs/lustre/llmount.ktest PASS 146s
END ml-miscvm:llog-unit run tests/fs/lustre/llog-unit.ktest FAIL 172s (exit code: 1)

============================================================
Final Results:
  checkpatch:checkpatch: FAIL (15s) (log: /var/www/ci-lustre/upstream-patch-review/4cff36f7ea822e483648c6a6473599057d735225_checkpatch:checkpatch.log)
  u24:u24: PASS (41s) (log: /var/www/ci-lustre/upstream-patch-review/4cff36f7ea822e483648c6a6473599057d735225_u24:u24.log)
  al2023:al2023: PASS (45s) (log: /var/www/ci-lustre/upstream-patch-review/4cff36f7ea822e483648c6a6473599057d735225_al2023:al2023.log)
  ml-strict:lustre_mainline: FAIL (199s) (log: /var/www/ci-lustre/upstream-patch-review/4cff36f7ea822e483648c6a6473599057d735225_ml-strict:lustre_mainline.log)
  ml:lustre_mainline: PASS (219s) (log: /var/www/ci-lustre/upstream-patch-review/4cff36f7ea822e483648c6a6473599057d735225_ml:lustre_mainline.log)
  ml-miscvm:lustre_mainline_native: PASS (217s) (log: /var/www/ci-lustre/upstream-patch-review/4cff36f7ea822e483648c6a6473599057d735225_ml-miscvm:lustre_mainline_native.log)
  ml-miscvm:boot: PASS (86s) (log: /var/www/ci-lustre/upstream-patch-review/4cff36f7ea822e483648c6a6473599057d735225_ml-miscvm:boot.log)
  ml-miscvm:llmount: PASS (146s) (log: /var/www/ci-lustre/upstream-patch-review/4cff36f7ea822e483648c6a6473599057d735225_ml-miscvm:llmount.log)
  ml-miscvm:llog-unit: FAIL (172s) (log: /var/www/ci-lustre/upstream-patch-review/4cff36f7ea822e483648c6a6473599057d735225_ml-miscvm:llog-unit.log)
  ml-miscvm:mgs-setup: PASS (95s) (log: /var/www/ci-lustre/upstream-patch-review/4cff36f7ea822e483648c6a6473599057d735225_ml-miscvm:mgs-setup.log)
  ml-miscvm:sanity-1: PASS (137s) (log: /var/www/ci-lustre/upstream-patch-review/4cff36f7ea822e483648c6a6473599057d735225_ml-miscvm:sanity-1.log)
  ml-miscvm:sanity-2: PASS (127s) (log: /var/www/ci-lustre/upstream-patch-review/4cff36f7ea822e483648c6a6473599057d735225_ml-miscvm:sanity-2.log)
  ml-miscvm:sanity-3: PASS (128s) (log: /var/www/ci-lustre/upstream-patch-review/4cff36f7ea822e483648c6a6473599057d735225_ml-miscvm:sanity-3.log)
  ml-miscvm:sanity-4: PASS (126s) (log: /var/www/ci-lustre/upstream-patch-review/4cff36f7ea822e483648c6a6473599057d735225_ml-miscvm:sanity-4.log)

Total execution time: 420s

Packed 5495 logs from /var/www/ci-lustre/upstream-patch-review into /home/ktest/ktest/local-site/local_data.js
Open /home/ktest/ktest/local-site/index.html in a browser
