00001 
00004 LNetError: 152:0:(lib-socket.c:619:lnet_inet_enumerate()) lnet: Can't find any usable interfaces, rc = -ENOENT
00004 LNetError: Error -100 starting up LNI tcp
00005 LustreError: 152:0:(events.c:632:ptlrpc_init_portals()) network initialisation failed: rc = -100
00016 tlp: vm.laptop_mode is deprecated. Ignoring setting.
00016 Kernel version: 7.0.0-ktest-4e8c366-6330a45-20260910-dirty
00016 hook init_noop
00016 
00016 Running tests boot
00016 
00016 ========= TEST   boot
00016 boot
00017 
00017 ========= PASSED boot in 0s
00017 
00017 Passed: boot
00017 Failed: 
00017 NOTICE: Automounting of tracing to debugfs is deprecated and will be removed in 2030
00017 Kernel version: 7.0.0-ktest-4e8c366-6330a45-20260910-dirty
00017 TEST SUCCESS
