00004 
00013 RDSEED32 is broken. Disabling the corresponding CPUID bit.
00017 init: failed to load nvme_core
00017 init: failed to load nvme
00017 init: failed to load zfs
00019 LNetError: 1:0:(lib-socket.c:619:lnet_inet_enumerate()) lnet: Can't find any usable interfaces, rc = -ENOENT
00019 LNetError: Error -100 starting up LNI tcp
00019 LustreError: 1:0:(events.c:627:ptlrpc_init_portals()) network initialisation failed: rc = -100
00020 init: finit_module /lib/modules/7.0.0-ktest-4f94a6e-6330a45-20260727-dirty/updates/ptlrpc.ko: Network is down
00020 init: failed to load lustre
00020 init: failed to load osd_zfs
00020 init: failed to load iwlwifi
00020 init: failed to load iwlmvm
00020 init: failed to load mt7921e
00020 init: failed to load i915
00020 init: failed to load nouveau
00033 tlp: vm.laptop_mode is deprecated. Ignoring setting.
00033 Kernel version: 7.0.0-ktest-4f94a6e-6330a45-20260727-dirty
00033 hook init_noop
00034 
00034 Running tests llmount
00034 
00034 ========= TEST   llmount
00065 Lustre: lustre-MDT0000: local client 21d11928-7797-45d1-87dc-e7f7e41215fc w/o recovery
00065 Lustre: client wants to enable acl, but mdt not!
00065 Lustre: Mounted lustre-client
00065 lustre-ktest (1893) used greatest stack depth: 24216 bytes left
00065 32s
00075 CLEANUP LUSTRE ... Lustre: Unmounted lustre-client
00075 Lustre: server umount lustre-OST0000 complete
00075 Lustre: server umount lustre-OST0001 complete
00085 Lustre: server umount lustre-MDT0001 complete
00095 Lustre: server umount lustre-MDT0000 complete
00095 20s
00096 
00096 ========= PASSED llmount in 62s
00096 
00096 Passed: llmount
00096 Failed: 
00096 NOTICE: Automounting of tracing to debugfs is deprecated and will be removed in 2030
00096 Kernel version: 7.0.0-ktest-4f94a6e-6330a45-20260727-dirty
00096 TEST SUCCESS
