CLI: ./pk --podman-socket unix:///run/podman/podman.sock --shared-filesystem /tmp --tarball-input job lustre-ci --output /var/www/ci-lustre/upstream-patch-review --git-hash 4faaf1edd04cfe4b0efe73400258baaa28ff495a --change-id 64320_4faaf1edd04cfe4b0efe73400258baaa28ff495a --subject LU-19921 target: verify GSSIAM tokens on the target

Environment validated successfully
Note: custom LLVM is not synced in tarball input mode
Creating kernel tarball at /tmp/ktest-kernel.tar.gz...
Creating lustre tarball at /tmp/ktest-lustre.tar.gz...
Creating ZFS tarball at /tmp/ktest-zfs.tar.gz...
Executing 14 jobs
Jobs will start as soon as their dependencies are satisfied
Using tarball input mode

START al2023:al2023 build tests/fs/lustre/boot.ktest
START ml-strict:lustre_mainline build tests/fs/lustre/boot-strict.ktest
START ml:lustre_mainline build tests/fs/lustre/boot.ktest
START ml-miscvm:lustre_mainline_native build tests/fs/lustre/boot.ktest
START checkpatch:checkpatch tool checkpatch
START u24:u24 build tests/fs/lustre/boot.ktest
PUT /tmp/ktest-lustre.tar.gz 1s
PUT /tmp/ktest-lustre.tar.gz 1s
PUT /tmp/ktest-kernel.tar.gz 7s
PUT /tmp/ktest-kernel.tar.gz 7s
PUT /tmp/ktest-kernel.tar.gz 7s
PUT /tmp/ktest-kernel.tar.gz 7s
PUT /tmp/ktest-lustre.tar.gz 2s
PUT /tmp/ktest-lustre.tar.gz 2s
PUT /tmp/ktest-lustre.tar.gz 1s
PUT /tmp/ktest-lustre.tar.gz 1s
PUT /tmp/ktest-zfs.tar.gz 0s
PUT /tmp/ktest-zfs.tar.gz 0s
PUT /tmp/ktest-zfs.tar.gz 0s
END checkpatch:checkpatch tool checkpatch FAIL 13s (exit code: 1)
END u24:u24 build tests/fs/lustre/boot.ktest PASS 36s
END al2023:al2023 build tests/fs/lustre/boot.ktest PASS 45s
GET /tmp/ktest_ml-miscvm:lustre_mainline_native_i1ta8zeg.tar 0s
END ml-miscvm:lustre_mainline_native build tests/fs/lustre/boot.ktest PASS 142s
START ml-miscvm:boot run tests/fs/lustre/boot.ktest
START ml-miscvm:llmount run tests/fs/lustre/llmount.ktest
START ml-miscvm:llog-unit run tests/fs/lustre/llog-unit.ktest
START ml-miscvm:mgs-setup run tests/fs/lustre/mgs-setup.ktest
START ml-miscvm:sanity-1 run tests/fs/lustre/sanity/sanity-1.ktest
START ml-miscvm:sanity-2 run tests/fs/lustre/sanity/sanity-2.ktest
START ml-miscvm:sanity-3 run tests/fs/lustre/sanity/sanity-3.ktest
START ml-miscvm:sanity-4 run tests/fs/lustre/sanity/sanity-4.ktest
GET /tmp/ktest_ml-strict:lustre_mainline_s0i_kguo.tar 14s
PUT /tmp/ktest-kernel.tar.gz 21s
PUT /tmp/ktest-kernel.tar.gz 24s
END ml-strict:lustre_mainline build tests/fs/lustre/boot-strict.ktest FAIL 169s (exit code: 1)
PUT /tmp/ktest-kernel.tar.gz 26s
PUT /tmp/ktest-kernel.tar.gz 27s
PUT /tmp/ktest-kernel.tar.gz 27s
PUT /tmp/ktest-kernel.tar.gz 27s
PUT /tmp/ktest-kernel.tar.gz 27s
GET /tmp/ktest_ml:lustre_mainline_cw0z06bz.tar 25s
PUT /tmp/ktest-kernel.tar.gz 27s
END ml:lustre_mainline build tests/fs/lustre/boot.ktest PASS 172s
PUT /tmp/ktest-lustre.tar.gz 10s
PUT /tmp/ktest-lustre.tar.gz 14s
PUT /tmp/ktest-lustre.tar.gz 8s
PUT /tmp/ktest-lustre.tar.gz 7s
PUT /tmp/ktest-lustre.tar.gz 7s
PUT /tmp/ktest-lustre.tar.gz 7s
PUT /tmp/ktest-lustre.tar.gz 7s
PUT /tmp/ktest-lustre.tar.gz 7s
PUT /tmp/ktest_ml-miscvm:lustre_mainline_native_i1ta8zeg.tar 1s
PUT /tmp/ktest_ml-miscvm:lustre_mainline_native_i1ta8zeg.tar 1s
PUT /tmp/ktest_ml-miscvm:lustre_mainline_native_i1ta8zeg.tar 1s
PUT /tmp/ktest_ml-miscvm:lustre_mainline_native_i1ta8zeg.tar 1s
PUT /tmp/ktest_ml-miscvm:lustre_mainline_native_i1ta8zeg.tar 1s
PUT /tmp/ktest_ml-miscvm:lustre_mainline_native_i1ta8zeg.tar 1s
PUT /tmp/ktest_ml-miscvm:lustre_mainline_native_i1ta8zeg.tar 1s
PUT /tmp/ktest_ml-miscvm:lustre_mainline_native_i1ta8zeg.tar 1s
END ml-miscvm:boot run tests/fs/lustre/boot.ktest PASS 48s
END ml-miscvm:mgs-setup run tests/fs/lustre/mgs-setup.ktest PASS 58s
END ml-miscvm:sanity-1 run tests/fs/lustre/sanity/sanity-1.ktest PASS 85s
END ml-miscvm:sanity-2 run tests/fs/lustre/sanity/sanity-2.ktest PASS 87s
END ml-miscvm:sanity-4 run tests/fs/lustre/sanity/sanity-4.ktest PASS 97s
END ml-miscvm:llmount run tests/fs/lustre/llmount.ktest PASS 98s
END ml-miscvm:sanity-3 run tests/fs/lustre/sanity/sanity-3.ktest PASS 99s
END ml-miscvm:llog-unit run tests/fs/lustre/llog-unit.ktest FAIL 133s (exit code: 1)

============================================================
Final Results:
  checkpatch:checkpatch: FAIL (13s) (log: /var/www/ci-lustre/upstream-patch-review/4faaf1edd04cfe4b0efe73400258baaa28ff495a_checkpatch:checkpatch.log)
  u24:u24: PASS (36s) (log: /var/www/ci-lustre/upstream-patch-review/4faaf1edd04cfe4b0efe73400258baaa28ff495a_u24:u24.log)
  al2023:al2023: PASS (45s) (log: /var/www/ci-lustre/upstream-patch-review/4faaf1edd04cfe4b0efe73400258baaa28ff495a_al2023:al2023.log)
  ml-strict:lustre_mainline: FAIL (169s) (log: /var/www/ci-lustre/upstream-patch-review/4faaf1edd04cfe4b0efe73400258baaa28ff495a_ml-strict:lustre_mainline.log)
  ml:lustre_mainline: PASS (172s) (log: /var/www/ci-lustre/upstream-patch-review/4faaf1edd04cfe4b0efe73400258baaa28ff495a_ml:lustre_mainline.log)
  ml-miscvm:lustre_mainline_native: PASS (142s) (log: /var/www/ci-lustre/upstream-patch-review/4faaf1edd04cfe4b0efe73400258baaa28ff495a_ml-miscvm:lustre_mainline_native.log)
  ml-miscvm:boot: PASS (48s) (log: /var/www/ci-lustre/upstream-patch-review/4faaf1edd04cfe4b0efe73400258baaa28ff495a_ml-miscvm:boot.log)
  ml-miscvm:llmount: PASS (98s) (log: /var/www/ci-lustre/upstream-patch-review/4faaf1edd04cfe4b0efe73400258baaa28ff495a_ml-miscvm:llmount.log)
  ml-miscvm:llog-unit: FAIL (133s) (log: /var/www/ci-lustre/upstream-patch-review/4faaf1edd04cfe4b0efe73400258baaa28ff495a_ml-miscvm:llog-unit.log)
  ml-miscvm:mgs-setup: PASS (58s) (log: /var/www/ci-lustre/upstream-patch-review/4faaf1edd04cfe4b0efe73400258baaa28ff495a_ml-miscvm:mgs-setup.log)
  ml-miscvm:sanity-1: PASS (85s) (log: /var/www/ci-lustre/upstream-patch-review/4faaf1edd04cfe4b0efe73400258baaa28ff495a_ml-miscvm:sanity-1.log)
  ml-miscvm:sanity-2: PASS (87s) (log: /var/www/ci-lustre/upstream-patch-review/4faaf1edd04cfe4b0efe73400258baaa28ff495a_ml-miscvm:sanity-2.log)
  ml-miscvm:sanity-3: PASS (99s) (log: /var/www/ci-lustre/upstream-patch-review/4faaf1edd04cfe4b0efe73400258baaa28ff495a_ml-miscvm:sanity-3.log)
  ml-miscvm:sanity-4: PASS (97s) (log: /var/www/ci-lustre/upstream-patch-review/4faaf1edd04cfe4b0efe73400258baaa28ff495a_ml-miscvm:sanity-4.log)

Total execution time: 304s

Packed 14043 logs from /var/www/ci-lustre/upstream-patch-review into /home/ktest/ktest/local-site/local_data.js
Open /home/ktest/ktest/local-site/index.html in a browser
