CLI: ./pk --podman-socket unix:///run/user/1000/podman/podman.sock --shared-filesystem /tmp --tarball-input job lustre-ci --output /var/www/ci-lustre/upstream-patch-review --git-hash 501196c1677503accf488a81336096b5c9f64bed --change-id 64548_501196c1677503accf488a81336096b5c9f64bed --subject LU-19403 llapi: Move nodemap new and del functions

Environment validated successfully
Note: custom LLVM is not synced in tarball input mode
Creating kernel tarball at /tmp/ktest-kernel.tar.gz...
Creating lustre tarball at /tmp/ktest-lustre.tar.gz...
Creating ZFS tarball at /tmp/ktest-zfs.tar.gz...
Executing 14 jobs
Jobs will start as soon as their dependencies are satisfied
Using tarball input mode

START checkpatch:checkpatch tool checkpatch
START al2023:al2023 build tests/fs/lustre/boot.ktest
START u24:u24 build tests/fs/lustre/boot.ktest
START ml:lustre_mainline build tests/fs/lustre/boot.ktest
START ml-miscvm:lustre_mainline_native build tests/fs/lustre/boot.ktest
START ml-strict:lustre_mainline build tests/fs/lustre/boot-strict.ktest
PUT /tmp/ktest-lustre.tar.gz 1s
PUT /tmp/ktest-lustre.tar.gz 1s
PUT /tmp/ktest-kernel.tar.gz 8s
PUT /tmp/ktest-kernel.tar.gz 8s
PUT /tmp/ktest-kernel.tar.gz 8s
PUT /tmp/ktest-kernel.tar.gz 8s
PUT /tmp/ktest-lustre.tar.gz 4s
PUT /tmp/ktest-lustre.tar.gz 3s
PUT /tmp/ktest-lustre.tar.gz 3s
PUT /tmp/ktest-lustre.tar.gz 3s
PUT /tmp/ktest-zfs.tar.gz 0s
PUT /tmp/ktest-zfs.tar.gz 0s
PUT /tmp/ktest-zfs.tar.gz 0s
END checkpatch:checkpatch tool checkpatch FAIL 15s (exit code: 1)
END u24:u24 build tests/fs/lustre/boot.ktest PASS 41s
END al2023:al2023 build tests/fs/lustre/boot.ktest PASS 47s
GET /tmp/ktest_ml-strict:lustre_mainline_hh4ab_d7.tar 5s
END ml-strict:lustre_mainline build tests/fs/lustre/boot-strict.ktest FAIL 164s (exit code: 1)
GET /tmp/ktest_ml-miscvm:lustre_mainline_native_zwv4vhbw.tar 12s
END ml-miscvm:lustre_mainline_native build tests/fs/lustre/boot.ktest PASS 167s
START ml-miscvm:boot run tests/fs/lustre/boot.ktest
START ml-miscvm:llmount run tests/fs/lustre/llmount.ktest
START ml-miscvm:llog-unit run tests/fs/lustre/llog-unit.ktest
START ml-miscvm:mgs-setup run tests/fs/lustre/mgs-setup.ktest
START ml-miscvm:sanity-1 run tests/fs/lustre/sanity/sanity-1.ktest
START ml-miscvm:sanity-2 run tests/fs/lustre/sanity/sanity-2.ktest
START ml-miscvm:sanity-3 run tests/fs/lustre/sanity/sanity-3.ktest
START ml-miscvm:sanity-4 run tests/fs/lustre/sanity/sanity-4.ktest
GET /tmp/ktest_ml:lustre_mainline_6qtzlr5a.tar 2s
END ml:lustre_mainline build tests/fs/lustre/boot.ktest PASS 169s
PUT /tmp/ktest-kernel.tar.gz 37s
PUT /tmp/ktest-kernel.tar.gz 35s
PUT /tmp/ktest-kernel.tar.gz 36s
PUT /tmp/ktest-kernel.tar.gz 35s
PUT /tmp/ktest-kernel.tar.gz 35s
PUT /tmp/ktest-kernel.tar.gz 36s
PUT /tmp/ktest-kernel.tar.gz 36s
PUT /tmp/ktest-kernel.tar.gz 36s
PUT /tmp/ktest-lustre.tar.gz 12s
PUT /tmp/ktest-lustre.tar.gz 13s
PUT /tmp/ktest-lustre.tar.gz 12s
PUT /tmp/ktest-lustre.tar.gz 13s
PUT /tmp/ktest-lustre.tar.gz 12s
PUT /tmp/ktest-lustre.tar.gz 13s
PUT /tmp/ktest-lustre.tar.gz 12s
PUT /tmp/ktest-lustre.tar.gz 12s
PUT /tmp/ktest_ml-miscvm:lustre_mainline_native_zwv4vhbw.tar 2s
PUT /tmp/ktest_ml-miscvm:lustre_mainline_native_zwv4vhbw.tar 2s
PUT /tmp/ktest_ml-miscvm:lustre_mainline_native_zwv4vhbw.tar 2s
PUT /tmp/ktest_ml-miscvm:lustre_mainline_native_zwv4vhbw.tar 2s
PUT /tmp/ktest_ml-miscvm:lustre_mainline_native_zwv4vhbw.tar 2s
PUT /tmp/ktest_ml-miscvm:lustre_mainline_native_zwv4vhbw.tar 2s
PUT /tmp/ktest_ml-miscvm:lustre_mainline_native_zwv4vhbw.tar 2s
PUT /tmp/ktest_ml-miscvm:lustre_mainline_native_zwv4vhbw.tar 2s
END ml-miscvm:boot run tests/fs/lustre/boot.ktest PASS 66s
END ml-miscvm:mgs-setup run tests/fs/lustre/mgs-setup.ktest PASS 75s
END ml-miscvm:sanity-3 run tests/fs/lustre/sanity/sanity-3.ktest PASS 104s
END ml-miscvm:sanity-1 run tests/fs/lustre/sanity/sanity-1.ktest PASS 107s
END ml-miscvm:sanity-2 run tests/fs/lustre/sanity/sanity-2.ktest PASS 109s
END ml-miscvm:llmount run tests/fs/lustre/llmount.ktest PASS 112s
END ml-miscvm:sanity-4 run tests/fs/lustre/sanity/sanity-4.ktest PASS 117s
END ml-miscvm:llog-unit run tests/fs/lustre/llog-unit.ktest FAIL 151s (exit code: 1)

============================================================
Final Results:
  checkpatch:checkpatch: FAIL (15s) (log: /var/www/ci-lustre/upstream-patch-review/501196c1677503accf488a81336096b5c9f64bed_checkpatch:checkpatch.log)
  u24:u24: PASS (41s) (log: /var/www/ci-lustre/upstream-patch-review/501196c1677503accf488a81336096b5c9f64bed_u24:u24.log)
  al2023:al2023: PASS (47s) (log: /var/www/ci-lustre/upstream-patch-review/501196c1677503accf488a81336096b5c9f64bed_al2023:al2023.log)
  ml-strict:lustre_mainline: FAIL (164s) (log: /var/www/ci-lustre/upstream-patch-review/501196c1677503accf488a81336096b5c9f64bed_ml-strict:lustre_mainline.log)
  ml:lustre_mainline: PASS (169s) (log: /var/www/ci-lustre/upstream-patch-review/501196c1677503accf488a81336096b5c9f64bed_ml:lustre_mainline.log)
  ml-miscvm:lustre_mainline_native: PASS (167s) (log: /var/www/ci-lustre/upstream-patch-review/501196c1677503accf488a81336096b5c9f64bed_ml-miscvm:lustre_mainline_native.log)
  ml-miscvm:boot: PASS (66s) (log: /var/www/ci-lustre/upstream-patch-review/501196c1677503accf488a81336096b5c9f64bed_ml-miscvm:boot.log)
  ml-miscvm:llmount: PASS (112s) (log: /var/www/ci-lustre/upstream-patch-review/501196c1677503accf488a81336096b5c9f64bed_ml-miscvm:llmount.log)
  ml-miscvm:llog-unit: FAIL (151s) (log: /var/www/ci-lustre/upstream-patch-review/501196c1677503accf488a81336096b5c9f64bed_ml-miscvm:llog-unit.log)
  ml-miscvm:mgs-setup: PASS (75s) (log: /var/www/ci-lustre/upstream-patch-review/501196c1677503accf488a81336096b5c9f64bed_ml-miscvm:mgs-setup.log)
  ml-miscvm:sanity-1: PASS (107s) (log: /var/www/ci-lustre/upstream-patch-review/501196c1677503accf488a81336096b5c9f64bed_ml-miscvm:sanity-1.log)
  ml-miscvm:sanity-2: PASS (109s) (log: /var/www/ci-lustre/upstream-patch-review/501196c1677503accf488a81336096b5c9f64bed_ml-miscvm:sanity-2.log)
  ml-miscvm:sanity-3: PASS (104s) (log: /var/www/ci-lustre/upstream-patch-review/501196c1677503accf488a81336096b5c9f64bed_ml-miscvm:sanity-3.log)
  ml-miscvm:sanity-4: PASS (117s) (log: /var/www/ci-lustre/upstream-patch-review/501196c1677503accf488a81336096b5c9f64bed_ml-miscvm:sanity-4.log)

Total execution time: 349s

Packed 4424 logs from /var/www/ci-lustre/upstream-patch-review into /home/ktest/ktest/local-site/local_data.js
Open /home/ktest/ktest/local-site/index.html in a browser
