CLI: ./podman-ktest --podman-socket unix:///run/podman/podman.sock --shared-filesystem /tmp --tarball-input job lustre-ci --output /var/www/ci-lustre/upstream-patch-review --git-hash 503e5fe3501a2e8dff21389ee851ac3d100e4910 --change-id 57809_503e5fe3501a2e8dff21389ee851ac3d100e4910 --subject LU-18456 mdd: add option to enable/disable Trash Can

Environment validated successfully
Note: custom LLVM is not synced in tarball input mode
Creating kernel tarball at /tmp/ktest-kernel.tar.gz...
Creating lustre tarball at /tmp/ktest-lustre.tar.gz...
Creating ZFS tarball at /tmp/ktest-zfs.tar.gz...
Executing 14 jobs
Jobs will start as soon as their dependencies are satisfied
Using tarball input mode

START ml-miscvm:lustre_mainline_native build tests/fs/lustre/boot.ktest
START ml:lustre_mainline build tests/fs/lustre/boot.ktest
START ml-strict:lustre_mainline build tests/fs/lustre/boot-strict.ktest
START u24:u24 build tests/fs/lustre/boot.ktest
START al2023:al2023 build tests/fs/lustre/boot.ktest
START checkpatch:checkpatch tool checkpatch
PUT /tmp/ktest-lustre.tar.gz 1s
PUT /tmp/ktest-lustre.tar.gz 2s
PUT /tmp/ktest-kernel.tar.gz 8s
PUT /tmp/ktest-kernel.tar.gz 8s
PUT /tmp/ktest-kernel.tar.gz 8s
PUT /tmp/ktest-kernel.tar.gz 8s
PUT /tmp/ktest-lustre.tar.gz 4s
PUT /tmp/ktest-lustre.tar.gz 3s
PUT /tmp/ktest-lustre.tar.gz 4s
PUT /tmp/ktest-lustre.tar.gz 4s
PUT /tmp/ktest-zfs.tar.gz 0s
PUT /tmp/ktest-zfs.tar.gz 0s
PUT /tmp/ktest-zfs.tar.gz 0s
END checkpatch:checkpatch tool checkpatch PASS 15s
END al2023:al2023 build tests/fs/lustre/boot.ktest PASS 61s
END u24:u24 build tests/fs/lustre/boot.ktest PASS 65s
GET /tmp/ktest_ml:lustre_mainline_3ef236bm.tar 4s
END ml:lustre_mainline build tests/fs/lustre/boot.ktest FAIL 144s (exit code: 1)
GET /tmp/ktest_ml-strict:lustre_mainline_nkm871x3.tar 4s
GET /tmp/ktest_ml-miscvm:lustre_mainline_native__nazma3b.tar 4s
END ml-strict:lustre_mainline build tests/fs/lustre/boot-strict.ktest FAIL 154s (exit code: 1)
END ml-miscvm:lustre_mainline_native build tests/fs/lustre/boot.ktest FAIL 156s (exit code: 1)

============================================================
Final Results:
  checkpatch:checkpatch: PASS (15s) (log: /var/www/ci-lustre/upstream-patch-review/503e5fe3501a2e8dff21389ee851ac3d100e4910_checkpatch:checkpatch.log)
  u24:u24: PASS (65s) (log: /var/www/ci-lustre/upstream-patch-review/503e5fe3501a2e8dff21389ee851ac3d100e4910_u24:u24.log)
  al2023:al2023: PASS (61s) (log: /var/www/ci-lustre/upstream-patch-review/503e5fe3501a2e8dff21389ee851ac3d100e4910_al2023:al2023.log)
  ml-strict:lustre_mainline: FAIL (154s) (log: /var/www/ci-lustre/upstream-patch-review/503e5fe3501a2e8dff21389ee851ac3d100e4910_ml-strict:lustre_mainline.log)
  ml:lustre_mainline: FAIL (144s) (log: /var/www/ci-lustre/upstream-patch-review/503e5fe3501a2e8dff21389ee851ac3d100e4910_ml:lustre_mainline.log)
  ml-miscvm:lustre_mainline_native: FAIL (156s) (log: /var/www/ci-lustre/upstream-patch-review/503e5fe3501a2e8dff21389ee851ac3d100e4910_ml-miscvm:lustre_mainline_native.log)
  ml-miscvm:boot: SKIPPED (due to dependency failure)
  ml-miscvm:llmount: SKIPPED (due to dependency failure)
  ml-miscvm:llog-unit: SKIPPED (due to dependency failure)
  ml-miscvm:mgs-setup: SKIPPED (due to dependency failure)
  ml-miscvm:sanity-1: SKIPPED (due to dependency failure)
  ml-miscvm:sanity-2: SKIPPED (due to dependency failure)
  ml-miscvm:sanity-3: SKIPPED (due to dependency failure)
  ml-miscvm:sanity-4: SKIPPED (due to dependency failure)

Total execution time: 186s
