CLI: ./pk --podman-socket unix:///run/podman/podman.sock --shared-filesystem /tmp --tarball-input job lustre-ci --output /var/www/ci-lustre/upstream-patch-review --git-hash 5041647ed5a54231a8589422ebc0016a43755cba --change-id 67835_5041647ed5a54231a8589422ebc0016a43755cba --subject LU-20264 llite: resolve new-inode owner on the client

Environment validated successfully
Note: custom LLVM is not synced in tarball input mode
Creating kernel tarball at /tmp/ktest-kernel.tar.gz...
Creating lustre tarball at /tmp/ktest-lustre.tar.gz...
Creating ZFS tarball at /tmp/ktest-zfs.tar.gz...
Executing 14 jobs
Jobs will start as soon as their dependencies are satisfied
Using tarball input mode

START ml:lustre_mainline build tests/fs/lustre/boot.ktest
START ml-strict:lustre_mainline build tests/fs/lustre/boot-strict.ktest
START u24:u24 build tests/fs/lustre/boot.ktest
START checkpatch:checkpatch tool checkpatch
START ml-miscvm:lustre_mainline_native build tests/fs/lustre/boot.ktest
START al2023:al2023 build tests/fs/lustre/boot.ktest
PUT /tmp/ktest-lustre.tar.gz 1s
PUT /tmp/ktest-lustre.tar.gz 2s
PUT /tmp/ktest-kernel.tar.gz 8s
PUT /tmp/ktest-kernel.tar.gz 8s
PUT /tmp/ktest-kernel.tar.gz 8s
PUT /tmp/ktest-kernel.tar.gz 9s
PUT /tmp/ktest-lustre.tar.gz 3s
PUT /tmp/ktest-lustre.tar.gz 3s
PUT /tmp/ktest-lustre.tar.gz 3s
PUT /tmp/ktest-lustre.tar.gz 2s
PUT /tmp/ktest-zfs.tar.gz 0s
PUT /tmp/ktest-zfs.tar.gz 0s
PUT /tmp/ktest-zfs.tar.gz 0s
END checkpatch:checkpatch tool checkpatch FAIL 14s (exit code: 1)
END u24:u24 build tests/fs/lustre/boot.ktest PASS 42s
END al2023:al2023 build tests/fs/lustre/boot.ktest PASS 47s
GET /tmp/ktest_ml-strict:lustre_mainline_2jjbco0o.tar 6s
END ml-strict:lustre_mainline build tests/fs/lustre/boot-strict.ktest FAIL 173s (exit code: 1)
GET /tmp/ktest_ml:lustre_mainline_7g_aqeak.tar 0s
GET /tmp/ktest_ml-miscvm:lustre_mainline_native_31o9basx.tar 0s
END ml:lustre_mainline build tests/fs/lustre/boot.ktest PASS 178s
END ml-miscvm:lustre_mainline_native build tests/fs/lustre/boot.ktest PASS 179s
START ml-miscvm:boot run tests/fs/lustre/boot.ktest
START ml-miscvm:llmount run tests/fs/lustre/llmount.ktest
START ml-miscvm:llog-unit run tests/fs/lustre/llog-unit.ktest
START ml-miscvm:mgs-setup run tests/fs/lustre/mgs-setup.ktest
START ml-miscvm:sanity-1 run tests/fs/lustre/sanity/sanity-1.ktest
START ml-miscvm:sanity-2 run tests/fs/lustre/sanity/sanity-2.ktest
START ml-miscvm:sanity-3 run tests/fs/lustre/sanity/sanity-3.ktest
START ml-miscvm:sanity-4 run tests/fs/lustre/sanity/sanity-4.ktest
PUT /tmp/ktest-kernel.tar.gz 16s
PUT /tmp/ktest-kernel.tar.gz 16s
PUT /tmp/ktest-kernel.tar.gz 16s
PUT /tmp/ktest-kernel.tar.gz 16s
PUT /tmp/ktest-kernel.tar.gz 16s
PUT /tmp/ktest-kernel.tar.gz 16s
PUT /tmp/ktest-kernel.tar.gz 17s
PUT /tmp/ktest-kernel.tar.gz 17s
PUT /tmp/ktest-lustre.tar.gz 4s
PUT /tmp/ktest-lustre.tar.gz 4s
PUT /tmp/ktest-lustre.tar.gz 4s
PUT /tmp/ktest-lustre.tar.gz 4s
PUT /tmp/ktest-lustre.tar.gz 5s
PUT /tmp/ktest-lustre.tar.gz 5s
PUT /tmp/ktest-lustre.tar.gz 4s
PUT /tmp/ktest-lustre.tar.gz 4s
PUT /tmp/ktest_ml-miscvm:lustre_mainline_native_31o9basx.tar 0s
PUT /tmp/ktest_ml-miscvm:lustre_mainline_native_31o9basx.tar 0s
PUT /tmp/ktest_ml-miscvm:lustre_mainline_native_31o9basx.tar 0s
PUT /tmp/ktest_ml-miscvm:lustre_mainline_native_31o9basx.tar 0s
PUT /tmp/ktest_ml-miscvm:lustre_mainline_native_31o9basx.tar 0s
PUT /tmp/ktest_ml-miscvm:lustre_mainline_native_31o9basx.tar 0s
PUT /tmp/ktest_ml-miscvm:lustre_mainline_native_31o9basx.tar 0s
PUT /tmp/ktest_ml-miscvm:lustre_mainline_native_31o9basx.tar 0s
END ml-miscvm:boot run tests/fs/lustre/boot.ktest PASS 32s
END ml-miscvm:mgs-setup run tests/fs/lustre/mgs-setup.ktest PASS 43s
END ml-miscvm:sanity-2 run tests/fs/lustre/sanity/sanity-2.ktest PASS 72s
END ml-miscvm:sanity-1 run tests/fs/lustre/sanity/sanity-1.ktest PASS 73s
END ml-miscvm:sanity-4 run tests/fs/lustre/sanity/sanity-4.ktest PASS 74s
END ml-miscvm:sanity-3 run tests/fs/lustre/sanity/sanity-3.ktest PASS 75s
END ml-miscvm:llmount run tests/fs/lustre/llmount.ktest PASS 83s
END ml-miscvm:llog-unit run tests/fs/lustre/llog-unit.ktest FAIL 121s (exit code: 1)

============================================================
Final Results:
  checkpatch:checkpatch: FAIL (14s) (log: /var/www/ci-lustre/upstream-patch-review/5041647ed5a54231a8589422ebc0016a43755cba_checkpatch:checkpatch.log)
  u24:u24: PASS (42s) (log: /var/www/ci-lustre/upstream-patch-review/5041647ed5a54231a8589422ebc0016a43755cba_u24:u24.log)
  al2023:al2023: PASS (47s) (log: /var/www/ci-lustre/upstream-patch-review/5041647ed5a54231a8589422ebc0016a43755cba_al2023:al2023.log)
  ml-strict:lustre_mainline: FAIL (173s) (log: /var/www/ci-lustre/upstream-patch-review/5041647ed5a54231a8589422ebc0016a43755cba_ml-strict:lustre_mainline.log)
  ml:lustre_mainline: PASS (178s) (log: /var/www/ci-lustre/upstream-patch-review/5041647ed5a54231a8589422ebc0016a43755cba_ml:lustre_mainline.log)
  ml-miscvm:lustre_mainline_native: PASS (179s) (log: /var/www/ci-lustre/upstream-patch-review/5041647ed5a54231a8589422ebc0016a43755cba_ml-miscvm:lustre_mainline_native.log)
  ml-miscvm:boot: PASS (32s) (log: /var/www/ci-lustre/upstream-patch-review/5041647ed5a54231a8589422ebc0016a43755cba_ml-miscvm:boot.log)
  ml-miscvm:llmount: PASS (83s) (log: /var/www/ci-lustre/upstream-patch-review/5041647ed5a54231a8589422ebc0016a43755cba_ml-miscvm:llmount.log)
  ml-miscvm:llog-unit: FAIL (121s) (log: /var/www/ci-lustre/upstream-patch-review/5041647ed5a54231a8589422ebc0016a43755cba_ml-miscvm:llog-unit.log)
  ml-miscvm:mgs-setup: PASS (43s) (log: /var/www/ci-lustre/upstream-patch-review/5041647ed5a54231a8589422ebc0016a43755cba_ml-miscvm:mgs-setup.log)
  ml-miscvm:sanity-1: PASS (73s) (log: /var/www/ci-lustre/upstream-patch-review/5041647ed5a54231a8589422ebc0016a43755cba_ml-miscvm:sanity-1.log)
  ml-miscvm:sanity-2: PASS (72s) (log: /var/www/ci-lustre/upstream-patch-review/5041647ed5a54231a8589422ebc0016a43755cba_ml-miscvm:sanity-2.log)
  ml-miscvm:sanity-3: PASS (75s) (log: /var/www/ci-lustre/upstream-patch-review/5041647ed5a54231a8589422ebc0016a43755cba_ml-miscvm:sanity-3.log)
  ml-miscvm:sanity-4: PASS (74s) (log: /var/www/ci-lustre/upstream-patch-review/5041647ed5a54231a8589422ebc0016a43755cba_ml-miscvm:sanity-4.log)

Total execution time: 332s

Packed 5556 logs from /var/www/ci-lustre/upstream-patch-review into /home/ktest/ktest/local-site/local_data.js
Open /home/ktest/ktest/local-site/index.html in a browser
