CLI: ./pk --podman-socket unix:///run/podman/podman.sock --shared-filesystem /tmp --tarball-input job lustre-ci --output /var/www/ci-lustre/upstream-patch-review --git-hash 509d97ccb10aa3ff0ed81917d561716f59da8a26 --change-id 64319_509d97ccb10aa3ff0ed81917d561716f59da8a26 --subject LU-19921 ptlrpc: add SEC_CTX_INIT ctx RPC handler

Environment validated successfully
Note: custom LLVM is not synced in tarball input mode
Creating kernel tarball at /tmp/ktest-kernel.tar.gz...
Creating lustre tarball at /tmp/ktest-lustre.tar.gz...
Creating ZFS tarball at /tmp/ktest-zfs.tar.gz...
Executing 14 jobs
Jobs will start as soon as their dependencies are satisfied
Using tarball input mode

START checkpatch:checkpatch tool checkpatch
START ml:lustre_mainline build tests/fs/lustre/boot.ktest
START al2023:al2023 build tests/fs/lustre/boot.ktest
START ml-strict:lustre_mainline build tests/fs/lustre/boot-strict.ktest
START ml-miscvm:lustre_mainline_native build tests/fs/lustre/boot.ktest
START u24:u24 build tests/fs/lustre/boot.ktest
PUT /tmp/ktest-lustre.tar.gz 1s
PUT /tmp/ktest-lustre.tar.gz 1s
PUT /tmp/ktest-kernel.tar.gz 9s
PUT /tmp/ktest-kernel.tar.gz 9s
PUT /tmp/ktest-kernel.tar.gz 9s
PUT /tmp/ktest-kernel.tar.gz 10s
PUT /tmp/ktest-lustre.tar.gz 2s
PUT /tmp/ktest-lustre.tar.gz 3s
PUT /tmp/ktest-lustre.tar.gz 2s
PUT /tmp/ktest-lustre.tar.gz 2s
PUT /tmp/ktest-zfs.tar.gz 0s
PUT /tmp/ktest-zfs.tar.gz 0s
PUT /tmp/ktest-zfs.tar.gz 0s
END checkpatch:checkpatch tool checkpatch FAIL 16s (exit code: 1)
END u24:u24 build tests/fs/lustre/boot.ktest PASS 40s
END al2023:al2023 build tests/fs/lustre/boot.ktest PASS 46s
GET /tmp/ktest_ml-strict:lustre_mainline_m1om5ikq.tar 4s
END ml-strict:lustre_mainline build tests/fs/lustre/boot-strict.ktest FAIL 210s (exit code: 1)
GET /tmp/ktest_ml-miscvm:lustre_mainline_native_wozynooo.tar 2s
GET /tmp/ktest_ml:lustre_mainline_5rr4wuus.tar 2s
END ml-miscvm:lustre_mainline_native build tests/fs/lustre/boot.ktest PASS 211s
START ml-miscvm:boot run tests/fs/lustre/boot.ktest
START ml-miscvm:llmount run tests/fs/lustre/llmount.ktest
START ml-miscvm:llog-unit run tests/fs/lustre/llog-unit.ktest
START ml-miscvm:mgs-setup run tests/fs/lustre/mgs-setup.ktest
START ml-miscvm:sanity-1 run tests/fs/lustre/sanity/sanity-1.ktest
START ml-miscvm:sanity-2 run tests/fs/lustre/sanity/sanity-2.ktest
START ml-miscvm:sanity-3 run tests/fs/lustre/sanity/sanity-3.ktest
START ml-miscvm:sanity-4 run tests/fs/lustre/sanity/sanity-4.ktest
END ml:lustre_mainline build tests/fs/lustre/boot.ktest PASS 212s
PUT /tmp/ktest-kernel.tar.gz 15s
PUT /tmp/ktest-kernel.tar.gz 15s
PUT /tmp/ktest-kernel.tar.gz 15s
PUT /tmp/ktest-kernel.tar.gz 16s
PUT /tmp/ktest-kernel.tar.gz 16s
PUT /tmp/ktest-kernel.tar.gz 16s
PUT /tmp/ktest-kernel.tar.gz 16s
PUT /tmp/ktest-kernel.tar.gz 16s
PUT /tmp/ktest-lustre.tar.gz 5s
PUT /tmp/ktest-lustre.tar.gz 5s
PUT /tmp/ktest-lustre.tar.gz 4s
PUT /tmp/ktest-lustre.tar.gz 4s
PUT /tmp/ktest-lustre.tar.gz 5s
PUT /tmp/ktest-lustre.tar.gz 4s
PUT /tmp/ktest-lustre.tar.gz 4s
PUT /tmp/ktest-lustre.tar.gz 5s
PUT /tmp/ktest_ml-miscvm:lustre_mainline_native_wozynooo.tar 0s
PUT /tmp/ktest_ml-miscvm:lustre_mainline_native_wozynooo.tar 0s
PUT /tmp/ktest_ml-miscvm:lustre_mainline_native_wozynooo.tar 0s
PUT /tmp/ktest_ml-miscvm:lustre_mainline_native_wozynooo.tar 0s
PUT /tmp/ktest_ml-miscvm:lustre_mainline_native_wozynooo.tar 0s
PUT /tmp/ktest_ml-miscvm:lustre_mainline_native_wozynooo.tar 0s
PUT /tmp/ktest_ml-miscvm:lustre_mainline_native_wozynooo.tar 0s
PUT /tmp/ktest_ml-miscvm:lustre_mainline_native_wozynooo.tar 0s
END ml-miscvm:boot run tests/fs/lustre/boot.ktest PASS 33s
END ml-miscvm:mgs-setup run tests/fs/lustre/mgs-setup.ktest PASS 44s
END ml-miscvm:sanity-2 run tests/fs/lustre/sanity/sanity-2.ktest PASS 71s
END ml-miscvm:sanity-4 run tests/fs/lustre/sanity/sanity-4.ktest PASS 73s
END ml-miscvm:sanity-3 run tests/fs/lustre/sanity/sanity-3.ktest PASS 74s
END ml-miscvm:sanity-1 run tests/fs/lustre/sanity/sanity-1.ktest PASS 83s
END ml-miscvm:llmount run tests/fs/lustre/llmount.ktest PASS 93s
END ml-miscvm:llog-unit run tests/fs/lustre/llog-unit.ktest FAIL 119s (exit code: 1)

============================================================
Final Results:
  checkpatch:checkpatch: FAIL (16s) (log: /var/www/ci-lustre/upstream-patch-review/509d97ccb10aa3ff0ed81917d561716f59da8a26_checkpatch:checkpatch.log)
  u24:u24: PASS (40s) (log: /var/www/ci-lustre/upstream-patch-review/509d97ccb10aa3ff0ed81917d561716f59da8a26_u24:u24.log)
  al2023:al2023: PASS (46s) (log: /var/www/ci-lustre/upstream-patch-review/509d97ccb10aa3ff0ed81917d561716f59da8a26_al2023:al2023.log)
  ml-strict:lustre_mainline: FAIL (210s) (log: /var/www/ci-lustre/upstream-patch-review/509d97ccb10aa3ff0ed81917d561716f59da8a26_ml-strict:lustre_mainline.log)
  ml:lustre_mainline: PASS (212s) (log: /var/www/ci-lustre/upstream-patch-review/509d97ccb10aa3ff0ed81917d561716f59da8a26_ml:lustre_mainline.log)
  ml-miscvm:lustre_mainline_native: PASS (211s) (log: /var/www/ci-lustre/upstream-patch-review/509d97ccb10aa3ff0ed81917d561716f59da8a26_ml-miscvm:lustre_mainline_native.log)
  ml-miscvm:boot: PASS (33s) (log: /var/www/ci-lustre/upstream-patch-review/509d97ccb10aa3ff0ed81917d561716f59da8a26_ml-miscvm:boot.log)
  ml-miscvm:llmount: PASS (93s) (log: /var/www/ci-lustre/upstream-patch-review/509d97ccb10aa3ff0ed81917d561716f59da8a26_ml-miscvm:llmount.log)
  ml-miscvm:llog-unit: FAIL (119s) (log: /var/www/ci-lustre/upstream-patch-review/509d97ccb10aa3ff0ed81917d561716f59da8a26_ml-miscvm:llog-unit.log)
  ml-miscvm:mgs-setup: PASS (44s) (log: /var/www/ci-lustre/upstream-patch-review/509d97ccb10aa3ff0ed81917d561716f59da8a26_ml-miscvm:mgs-setup.log)
  ml-miscvm:sanity-1: PASS (83s) (log: /var/www/ci-lustre/upstream-patch-review/509d97ccb10aa3ff0ed81917d561716f59da8a26_ml-miscvm:sanity-1.log)
  ml-miscvm:sanity-2: PASS (71s) (log: /var/www/ci-lustre/upstream-patch-review/509d97ccb10aa3ff0ed81917d561716f59da8a26_ml-miscvm:sanity-2.log)
  ml-miscvm:sanity-3: PASS (74s) (log: /var/www/ci-lustre/upstream-patch-review/509d97ccb10aa3ff0ed81917d561716f59da8a26_ml-miscvm:sanity-3.log)
  ml-miscvm:sanity-4: PASS (73s) (log: /var/www/ci-lustre/upstream-patch-review/509d97ccb10aa3ff0ed81917d561716f59da8a26_ml-miscvm:sanity-4.log)

Total execution time: 360s

Packed 18624 logs from /var/www/ci-lustre/upstream-patch-review into /home/ktest/ktest/local-site/local_data.js
Open /home/ktest/ktest/local-site/index.html in a browser
