CLI: ./podman-ktest --podman-socket unix:///run/podman/podman.sock --shared-filesystem /tmp --tarball-input job lustre-ci --output /var/www/ci-lustre/upstream-patch-review --git-hash 5181c026e1a6ce951888eab1c130a16f910198f4 --change-id 66466_5181c026e1a6ce951888eab1c130a16f910198f4 --subject LU-18681 target: histogram of client reconnect times

Environment validated successfully
Note: custom LLVM is not synced in tarball input mode
Creating kernel tarball at /tmp/ktest-kernel.tar.gz...
Creating lustre tarball at /tmp/ktest-lustre.tar.gz...
Creating ZFS tarball at /tmp/ktest-zfs.tar.gz...
Executing 14 jobs
Jobs will start as soon as their dependencies are satisfied
Using tarball input mode

START al2023:al2023 build tests/fs/lustre/boot.ktest
START ml-strict:lustre_mainline build tests/fs/lustre/boot-strict.ktest
START checkpatch:checkpatch tool checkpatch
START ml-miscvm:lustre_mainline_native build tests/fs/lustre/boot.ktest
START u24:u24 build tests/fs/lustre/boot.ktest
START ml:lustre_mainline build tests/fs/lustre/boot.ktest
PUT /tmp/ktest-lustre.tar.gz 1s
PUT /tmp/ktest-lustre.tar.gz 1s
PUT /tmp/ktest-kernel.tar.gz 7s
PUT /tmp/ktest-kernel.tar.gz 7s
PUT /tmp/ktest-kernel.tar.gz 7s
PUT /tmp/ktest-kernel.tar.gz 8s
PUT /tmp/ktest-lustre.tar.gz 3s
PUT /tmp/ktest-lustre.tar.gz 3s
PUT /tmp/ktest-lustre.tar.gz 3s
PUT /tmp/ktest-lustre.tar.gz 3s
PUT /tmp/ktest-zfs.tar.gz 0s
PUT /tmp/ktest-zfs.tar.gz 0s
PUT /tmp/ktest-zfs.tar.gz 0s
END checkpatch:checkpatch tool checkpatch FAIL 14s (exit code: 1)
END al2023:al2023 build tests/fs/lustre/boot.ktest PASS 55s
END u24:u24 build tests/fs/lustre/boot.ktest PASS 56s
GET /tmp/ktest_ml-strict:lustre_mainline_qwl59ovx.tar 9s
END ml-strict:lustre_mainline build tests/fs/lustre/boot-strict.ktest FAIL 218s (exit code: 1)
GET /tmp/ktest_ml:lustre_mainline_vsz9g45j.tar 0s
GET /tmp/ktest_ml-miscvm:lustre_mainline_native_d907dznp.tar 0s
END ml:lustre_mainline build tests/fs/lustre/boot.ktest PASS 232s
END ml-miscvm:lustre_mainline_native build tests/fs/lustre/boot.ktest PASS 234s
START ml-miscvm:boot run tests/fs/lustre/boot.ktest
START ml-miscvm:llmount run tests/fs/lustre/llmount.ktest
START ml-miscvm:llog-unit run tests/fs/lustre/llog-unit.ktest
START ml-miscvm:mgs-setup run tests/fs/lustre/mgs-setup.ktest
START ml-miscvm:sanity-1 run tests/fs/lustre/sanity/sanity-1.ktest
START ml-miscvm:sanity-2 run tests/fs/lustre/sanity/sanity-2.ktest
START ml-miscvm:sanity-3 run tests/fs/lustre/sanity/sanity-3.ktest
START ml-miscvm:sanity-4 run tests/fs/lustre/sanity/sanity-4.ktest
PUT /tmp/ktest-kernel.tar.gz 31s
PUT /tmp/ktest-kernel.tar.gz 31s
PUT /tmp/ktest-kernel.tar.gz 31s
PUT /tmp/ktest-kernel.tar.gz 31s
PUT /tmp/ktest-kernel.tar.gz 32s
PUT /tmp/ktest-kernel.tar.gz 31s
PUT /tmp/ktest-kernel.tar.gz 32s
PUT /tmp/ktest-kernel.tar.gz 32s
PUT /tmp/ktest-lustre.tar.gz 12s
PUT /tmp/ktest-lustre.tar.gz 11s
PUT /tmp/ktest-lustre.tar.gz 11s
PUT /tmp/ktest-lustre.tar.gz 12s
PUT /tmp/ktest-lustre.tar.gz 12s
PUT /tmp/ktest-lustre.tar.gz 11s
PUT /tmp/ktest-lustre.tar.gz 11s
PUT /tmp/ktest-lustre.tar.gz 12s
PUT /tmp/ktest_ml-miscvm:lustre_mainline_native_d907dznp.tar 1s
PUT /tmp/ktest_ml-miscvm:lustre_mainline_native_d907dznp.tar 1s
PUT /tmp/ktest_ml-miscvm:lustre_mainline_native_d907dznp.tar 1s
PUT /tmp/ktest_ml-miscvm:lustre_mainline_native_d907dznp.tar 1s
PUT /tmp/ktest_ml-miscvm:lustre_mainline_native_d907dznp.tar 1s
PUT /tmp/ktest_ml-miscvm:lustre_mainline_native_d907dznp.tar 1s
PUT /tmp/ktest_ml-miscvm:lustre_mainline_native_d907dznp.tar 1s
PUT /tmp/ktest_ml-miscvm:lustre_mainline_native_d907dznp.tar 1s
END ml-miscvm:boot run tests/fs/lustre/boot.ktest PASS 80s
END ml-miscvm:mgs-setup run tests/fs/lustre/mgs-setup.ktest PASS 93s
END ml-miscvm:sanity-3 run tests/fs/lustre/sanity/sanity-3.ktest PASS 111s
END ml-miscvm:sanity-1 run tests/fs/lustre/sanity/sanity-1.ktest PASS 116s
END ml-miscvm:sanity-4 run tests/fs/lustre/sanity/sanity-4.ktest PASS 130s
END ml-miscvm:sanity-2 run tests/fs/lustre/sanity/sanity-2.ktest PASS 131s
END ml-miscvm:llmount run tests/fs/lustre/llmount.ktest PASS 144s
END ml-miscvm:llog-unit run tests/fs/lustre/llog-unit.ktest FAIL 190s (exit code: 1)

============================================================
Final Results:
  checkpatch:checkpatch: FAIL (14s) (log: /var/www/ci-lustre/upstream-patch-review/5181c026e1a6ce951888eab1c130a16f910198f4_checkpatch:checkpatch.log)
  u24:u24: PASS (56s) (log: /var/www/ci-lustre/upstream-patch-review/5181c026e1a6ce951888eab1c130a16f910198f4_u24:u24.log)
  al2023:al2023: PASS (55s) (log: /var/www/ci-lustre/upstream-patch-review/5181c026e1a6ce951888eab1c130a16f910198f4_al2023:al2023.log)
  ml-strict:lustre_mainline: FAIL (218s) (log: /var/www/ci-lustre/upstream-patch-review/5181c026e1a6ce951888eab1c130a16f910198f4_ml-strict:lustre_mainline.log)
  ml:lustre_mainline: PASS (232s) (log: /var/www/ci-lustre/upstream-patch-review/5181c026e1a6ce951888eab1c130a16f910198f4_ml:lustre_mainline.log)
  ml-miscvm:lustre_mainline_native: PASS (234s) (log: /var/www/ci-lustre/upstream-patch-review/5181c026e1a6ce951888eab1c130a16f910198f4_ml-miscvm:lustre_mainline_native.log)
  ml-miscvm:boot: PASS (80s) (log: /var/www/ci-lustre/upstream-patch-review/5181c026e1a6ce951888eab1c130a16f910198f4_ml-miscvm:boot.log)
  ml-miscvm:llmount: PASS (144s) (log: /var/www/ci-lustre/upstream-patch-review/5181c026e1a6ce951888eab1c130a16f910198f4_ml-miscvm:llmount.log)
  ml-miscvm:llog-unit: FAIL (190s) (log: /var/www/ci-lustre/upstream-patch-review/5181c026e1a6ce951888eab1c130a16f910198f4_ml-miscvm:llog-unit.log)
  ml-miscvm:mgs-setup: PASS (93s) (log: /var/www/ci-lustre/upstream-patch-review/5181c026e1a6ce951888eab1c130a16f910198f4_ml-miscvm:mgs-setup.log)
  ml-miscvm:sanity-1: PASS (116s) (log: /var/www/ci-lustre/upstream-patch-review/5181c026e1a6ce951888eab1c130a16f910198f4_ml-miscvm:sanity-1.log)
  ml-miscvm:sanity-2: PASS (131s) (log: /var/www/ci-lustre/upstream-patch-review/5181c026e1a6ce951888eab1c130a16f910198f4_ml-miscvm:sanity-2.log)
  ml-miscvm:sanity-3: PASS (111s) (log: /var/www/ci-lustre/upstream-patch-review/5181c026e1a6ce951888eab1c130a16f910198f4_ml-miscvm:sanity-3.log)
  ml-miscvm:sanity-4: PASS (130s) (log: /var/www/ci-lustre/upstream-patch-review/5181c026e1a6ce951888eab1c130a16f910198f4_ml-miscvm:sanity-4.log)

Total execution time: 453s
