CLI: ./pk --podman-socket unix:///run/user/1000/podman/podman.sock --shared-filesystem /tmp --tarball-input job lustre-ci --output /var/www/ci-lustre/upstream-patch-review --git-hash 51ce68dde8d789644e834162fa830fa9560beecf --change-id 51271_51ce68dde8d789644e834162fa830fa9560beecf --subject LU-4959 parser: make help work like git

Environment validated successfully
Note: custom LLVM is not synced in tarball input mode
Creating kernel tarball at /tmp/ktest-kernel.tar.gz...
Creating lustre tarball at /tmp/ktest-lustre.tar.gz...
Creating ZFS tarball at /tmp/ktest-zfs.tar.gz...
Executing 14 jobs
Jobs will start as soon as their dependencies are satisfied
Using tarball input mode

START u24:u24 build tests/fs/lustre/boot.ktest
START ml:lustre_mainline build tests/fs/lustre/boot.ktest
START al2023:al2023 build tests/fs/lustre/boot.ktest
START ml-miscvm:lustre_mainline_native build tests/fs/lustre/boot.ktest
START ml-strict:lustre_mainline build tests/fs/lustre/boot-strict.ktest
START checkpatch:checkpatch tool checkpatch
PUT /tmp/ktest-lustre.tar.gz 1s
PUT /tmp/ktest-lustre.tar.gz 1s
PUT /tmp/ktest-kernel.tar.gz 7s
PUT /tmp/ktest-kernel.tar.gz 7s
PUT /tmp/ktest-kernel.tar.gz 7s
PUT /tmp/ktest-kernel.tar.gz 8s
PUT /tmp/ktest-lustre.tar.gz 2s
PUT /tmp/ktest-lustre.tar.gz 2s
PUT /tmp/ktest-lustre.tar.gz 3s
PUT /tmp/ktest-lustre.tar.gz 3s
PUT /tmp/ktest-zfs.tar.gz 0s
PUT /tmp/ktest-zfs.tar.gz 0s
PUT /tmp/ktest-zfs.tar.gz 0s
END checkpatch:checkpatch tool checkpatch PASS 13s
END u24:u24 build tests/fs/lustre/boot.ktest PASS 37s
END al2023:al2023 build tests/fs/lustre/boot.ktest PASS 47s
GET /tmp/ktest_ml-strict:lustre_mainline_5edkfx36.tar 9s
END ml-strict:lustre_mainline build tests/fs/lustre/boot-strict.ktest FAIL 147s (exit code: 1)
GET /tmp/ktest_ml-miscvm:lustre_mainline_native_ztzha81y.tar 0s
GET /tmp/ktest_ml:lustre_mainline_uh8jr9me.tar 0s
END ml-miscvm:lustre_mainline_native build tests/fs/lustre/boot.ktest PASS 165s
START ml-miscvm:boot run tests/fs/lustre/boot.ktest
START ml-miscvm:llmount run tests/fs/lustre/llmount.ktest
START ml-miscvm:llog-unit run tests/fs/lustre/llog-unit.ktest
START ml-miscvm:mgs-setup run tests/fs/lustre/mgs-setup.ktest
START ml-miscvm:sanity-1 run tests/fs/lustre/sanity/sanity-1.ktest
START ml-miscvm:sanity-2 run tests/fs/lustre/sanity/sanity-2.ktest
START ml-miscvm:sanity-3 run tests/fs/lustre/sanity/sanity-3.ktest
START ml-miscvm:sanity-4 run tests/fs/lustre/sanity/sanity-4.ktest
END ml:lustre_mainline build tests/fs/lustre/boot.ktest PASS 167s
PUT /tmp/ktest-kernel.tar.gz 53s
PUT /tmp/ktest-kernel.tar.gz 53s
PUT /tmp/ktest-kernel.tar.gz 53s
PUT /tmp/ktest-kernel.tar.gz 54s
PUT /tmp/ktest-kernel.tar.gz 53s
PUT /tmp/ktest-kernel.tar.gz 54s
PUT /tmp/ktest-kernel.tar.gz 54s
PUT /tmp/ktest-kernel.tar.gz 54s
PUT /tmp/ktest-lustre.tar.gz 9s
PUT /tmp/ktest-lustre.tar.gz 9s
PUT /tmp/ktest-lustre.tar.gz 9s
PUT /tmp/ktest-lustre.tar.gz 8s
PUT /tmp/ktest-lustre.tar.gz 9s
PUT /tmp/ktest-lustre.tar.gz 9s
PUT /tmp/ktest-lustre.tar.gz 8s
PUT /tmp/ktest-lustre.tar.gz 9s
PUT /tmp/ktest_ml-miscvm:lustre_mainline_native_ztzha81y.tar 2s
PUT /tmp/ktest_ml-miscvm:lustre_mainline_native_ztzha81y.tar 2s
PUT /tmp/ktest_ml-miscvm:lustre_mainline_native_ztzha81y.tar 2s
PUT /tmp/ktest_ml-miscvm:lustre_mainline_native_ztzha81y.tar 2s
PUT /tmp/ktest_ml-miscvm:lustre_mainline_native_ztzha81y.tar 2s
PUT /tmp/ktest_ml-miscvm:lustre_mainline_native_ztzha81y.tar 2s
PUT /tmp/ktest_ml-miscvm:lustre_mainline_native_ztzha81y.tar 2s
PUT /tmp/ktest_ml-miscvm:lustre_mainline_native_ztzha81y.tar 2s
END ml-miscvm:boot run tests/fs/lustre/boot.ktest PASS 79s
END ml-miscvm:mgs-setup run tests/fs/lustre/mgs-setup.ktest PASS 88s
END ml-miscvm:sanity-2 run tests/fs/lustre/sanity/sanity-2.ktest PASS 118s
END ml-miscvm:sanity-4 run tests/fs/lustre/sanity/sanity-4.ktest PASS 119s
END ml-miscvm:sanity-3 run tests/fs/lustre/sanity/sanity-3.ktest PASS 121s
END ml-miscvm:sanity-1 run tests/fs/lustre/sanity/sanity-1.ktest PASS 131s
END ml-miscvm:llmount run tests/fs/lustre/llmount.ktest PASS 139s
END ml-miscvm:llog-unit run tests/fs/lustre/llog-unit.ktest FAIL 164s (exit code: 1)

============================================================
Final Results:
  checkpatch:checkpatch: PASS (13s) (log: /var/www/ci-lustre/upstream-patch-review/51ce68dde8d789644e834162fa830fa9560beecf_checkpatch:checkpatch.log)
  u24:u24: PASS (37s) (log: /var/www/ci-lustre/upstream-patch-review/51ce68dde8d789644e834162fa830fa9560beecf_u24:u24.log)
  al2023:al2023: PASS (47s) (log: /var/www/ci-lustre/upstream-patch-review/51ce68dde8d789644e834162fa830fa9560beecf_al2023:al2023.log)
  ml-strict:lustre_mainline: FAIL (147s) (log: /var/www/ci-lustre/upstream-patch-review/51ce68dde8d789644e834162fa830fa9560beecf_ml-strict:lustre_mainline.log)
  ml:lustre_mainline: PASS (167s) (log: /var/www/ci-lustre/upstream-patch-review/51ce68dde8d789644e834162fa830fa9560beecf_ml:lustre_mainline.log)
  ml-miscvm:lustre_mainline_native: PASS (165s) (log: /var/www/ci-lustre/upstream-patch-review/51ce68dde8d789644e834162fa830fa9560beecf_ml-miscvm:lustre_mainline_native.log)
  ml-miscvm:boot: PASS (79s) (log: /var/www/ci-lustre/upstream-patch-review/51ce68dde8d789644e834162fa830fa9560beecf_ml-miscvm:boot.log)
  ml-miscvm:llmount: PASS (139s) (log: /var/www/ci-lustre/upstream-patch-review/51ce68dde8d789644e834162fa830fa9560beecf_ml-miscvm:llmount.log)
  ml-miscvm:llog-unit: FAIL (164s) (log: /var/www/ci-lustre/upstream-patch-review/51ce68dde8d789644e834162fa830fa9560beecf_ml-miscvm:llog-unit.log)
  ml-miscvm:mgs-setup: PASS (88s) (log: /var/www/ci-lustre/upstream-patch-review/51ce68dde8d789644e834162fa830fa9560beecf_ml-miscvm:mgs-setup.log)
  ml-miscvm:sanity-1: PASS (131s) (log: /var/www/ci-lustre/upstream-patch-review/51ce68dde8d789644e834162fa830fa9560beecf_ml-miscvm:sanity-1.log)
  ml-miscvm:sanity-2: PASS (118s) (log: /var/www/ci-lustre/upstream-patch-review/51ce68dde8d789644e834162fa830fa9560beecf_ml-miscvm:sanity-2.log)
  ml-miscvm:sanity-3: PASS (121s) (log: /var/www/ci-lustre/upstream-patch-review/51ce68dde8d789644e834162fa830fa9560beecf_ml-miscvm:sanity-3.log)
  ml-miscvm:sanity-4: PASS (119s) (log: /var/www/ci-lustre/upstream-patch-review/51ce68dde8d789644e834162fa830fa9560beecf_ml-miscvm:sanity-4.log)

Total execution time: 358s

Packed 11548 logs from /var/www/ci-lustre/upstream-patch-review into /home/ktest/ktest/local-site/local_data.js
Open /home/ktest/ktest/local-site/index.html in a browser
