CLI: ./pk --podman-socket unix:///run/user/1000/podman/podman.sock --shared-filesystem /tmp --tarball-input job lustre-ci --output /var/www/ci-lustre/upstream-patch-review --git-hash 52d6b8e837056e0e3f2e58314d4628ae606c3a17 --change-id 69556_52d6b8e837056e0e3f2e58314d4628ae606c3a17 --subject LU-20896 osd-zfs: serialize LMA flag update in osd_attr_set

Environment validated successfully
Note: custom LLVM is not synced in tarball input mode
Creating kernel tarball at /tmp/ktest-kernel.tar.gz...
Creating lustre tarball at /tmp/ktest-lustre.tar.gz...
Creating ZFS tarball at /tmp/ktest-zfs.tar.gz...
Executing 14 jobs
Jobs will start as soon as their dependencies are satisfied
Using tarball input mode

START ml:lustre_mainline build tests/fs/lustre/boot.ktest
START ml-strict:lustre_mainline build tests/fs/lustre/boot-strict.ktest
START al2023:al2023 build tests/fs/lustre/boot.ktest
START u24:u24 build tests/fs/lustre/boot.ktest
START ml-miscvm:lustre_mainline_native build tests/fs/lustre/boot.ktest
START checkpatch:checkpatch tool checkpatch
PUT /tmp/ktest-lustre.tar.gz 1s
PUT /tmp/ktest-lustre.tar.gz 2s
PUT /tmp/ktest-kernel.tar.gz 13s
PUT /tmp/ktest-kernel.tar.gz 13s
PUT /tmp/ktest-kernel.tar.gz 13s
PUT /tmp/ktest-kernel.tar.gz 13s
PUT /tmp/ktest-lustre.tar.gz 4s
PUT /tmp/ktest-lustre.tar.gz 5s
PUT /tmp/ktest-lustre.tar.gz 5s
PUT /tmp/ktest-lustre.tar.gz 5s
PUT /tmp/ktest-zfs.tar.gz 0s
PUT /tmp/ktest-zfs.tar.gz 1s
PUT /tmp/ktest-zfs.tar.gz 1s
END checkpatch:checkpatch tool checkpatch PASS 22s
END u24:u24 build tests/fs/lustre/boot.ktest PASS 45s
END al2023:al2023 build tests/fs/lustre/boot.ktest PASS 53s
GET /tmp/ktest_ml:lustre_mainline_sz113a2c.tar 0s
END ml:lustre_mainline build tests/fs/lustre/boot.ktest PASS 154s
GET /tmp/ktest_ml-miscvm:lustre_mainline_native_k5cu4l98.tar 0s
GET /tmp/ktest_ml-strict:lustre_mainline_280vasxf.tar 5s
END ml-miscvm:lustre_mainline_native build tests/fs/lustre/boot.ktest PASS 156s
START ml-miscvm:boot run tests/fs/lustre/boot.ktest
START ml-miscvm:llmount run tests/fs/lustre/llmount.ktest
START ml-miscvm:llog-unit run tests/fs/lustre/llog-unit.ktest
START ml-miscvm:mgs-setup run tests/fs/lustre/mgs-setup.ktest
START ml-miscvm:sanity-1 run tests/fs/lustre/sanity/sanity-1.ktest
START ml-miscvm:sanity-2 run tests/fs/lustre/sanity/sanity-2.ktest
START ml-miscvm:sanity-3 run tests/fs/lustre/sanity/sanity-3.ktest
START ml-miscvm:sanity-4 run tests/fs/lustre/sanity/sanity-4.ktest
END ml-strict:lustre_mainline build tests/fs/lustre/boot-strict.ktest FAIL 159s (exit code: 1)
PUT /tmp/ktest-kernel.tar.gz 39s
PUT /tmp/ktest-kernel.tar.gz 40s
PUT /tmp/ktest-kernel.tar.gz 39s
PUT /tmp/ktest-kernel.tar.gz 40s
PUT /tmp/ktest-kernel.tar.gz 40s
PUT /tmp/ktest-kernel.tar.gz 40s
PUT /tmp/ktest-kernel.tar.gz 40s
PUT /tmp/ktest-kernel.tar.gz 41s
PUT /tmp/ktest-lustre.tar.gz 13s
PUT /tmp/ktest-lustre.tar.gz 14s
PUT /tmp/ktest-lustre.tar.gz 14s
PUT /tmp/ktest-lustre.tar.gz 13s
PUT /tmp/ktest-lustre.tar.gz 13s
PUT /tmp/ktest-lustre.tar.gz 14s
PUT /tmp/ktest-lustre.tar.gz 13s
PUT /tmp/ktest-lustre.tar.gz 14s
PUT /tmp/ktest_ml-miscvm:lustre_mainline_native_k5cu4l98.tar 2s
PUT /tmp/ktest_ml-miscvm:lustre_mainline_native_k5cu4l98.tar 2s
PUT /tmp/ktest_ml-miscvm:lustre_mainline_native_k5cu4l98.tar 2s
PUT /tmp/ktest_ml-miscvm:lustre_mainline_native_k5cu4l98.tar 2s
PUT /tmp/ktest_ml-miscvm:lustre_mainline_native_k5cu4l98.tar 3s
PUT /tmp/ktest_ml-miscvm:lustre_mainline_native_k5cu4l98.tar 3s
PUT /tmp/ktest_ml-miscvm:lustre_mainline_native_k5cu4l98.tar 2s
PUT /tmp/ktest_ml-miscvm:lustre_mainline_native_k5cu4l98.tar 2s
END ml-miscvm:boot run tests/fs/lustre/boot.ktest PASS 72s
END ml-miscvm:mgs-setup run tests/fs/lustre/mgs-setup.ktest PASS 82s
END ml-miscvm:sanity-4 run tests/fs/lustre/sanity/sanity-4.ktest PASS 110s
END ml-miscvm:sanity-1 run tests/fs/lustre/sanity/sanity-1.ktest PASS 124s
END ml-miscvm:sanity-3 run tests/fs/lustre/sanity/sanity-3.ktest PASS 125s
END ml-miscvm:sanity-2 run tests/fs/lustre/sanity/sanity-2.ktest PASS 126s
END ml-miscvm:llmount run tests/fs/lustre/llmount.ktest PASS 131s
END ml-miscvm:llog-unit run tests/fs/lustre/llog-unit.ktest FAIL 157s (exit code: 1)

============================================================
Final Results:
  checkpatch:checkpatch: PASS (22s) (log: /var/www/ci-lustre/upstream-patch-review/52d6b8e837056e0e3f2e58314d4628ae606c3a17_checkpatch:checkpatch.log)
  u24:u24: PASS (45s) (log: /var/www/ci-lustre/upstream-patch-review/52d6b8e837056e0e3f2e58314d4628ae606c3a17_u24:u24.log)
  al2023:al2023: PASS (53s) (log: /var/www/ci-lustre/upstream-patch-review/52d6b8e837056e0e3f2e58314d4628ae606c3a17_al2023:al2023.log)
  ml-strict:lustre_mainline: FAIL (159s) (log: /var/www/ci-lustre/upstream-patch-review/52d6b8e837056e0e3f2e58314d4628ae606c3a17_ml-strict:lustre_mainline.log)
  ml:lustre_mainline: PASS (154s) (log: /var/www/ci-lustre/upstream-patch-review/52d6b8e837056e0e3f2e58314d4628ae606c3a17_ml:lustre_mainline.log)
  ml-miscvm:lustre_mainline_native: PASS (156s) (log: /var/www/ci-lustre/upstream-patch-review/52d6b8e837056e0e3f2e58314d4628ae606c3a17_ml-miscvm:lustre_mainline_native.log)
  ml-miscvm:boot: PASS (72s) (log: /var/www/ci-lustre/upstream-patch-review/52d6b8e837056e0e3f2e58314d4628ae606c3a17_ml-miscvm:boot.log)
  ml-miscvm:llmount: PASS (131s) (log: /var/www/ci-lustre/upstream-patch-review/52d6b8e837056e0e3f2e58314d4628ae606c3a17_ml-miscvm:llmount.log)
  ml-miscvm:llog-unit: FAIL (157s) (log: /var/www/ci-lustre/upstream-patch-review/52d6b8e837056e0e3f2e58314d4628ae606c3a17_ml-miscvm:llog-unit.log)
  ml-miscvm:mgs-setup: PASS (82s) (log: /var/www/ci-lustre/upstream-patch-review/52d6b8e837056e0e3f2e58314d4628ae606c3a17_ml-miscvm:mgs-setup.log)
  ml-miscvm:sanity-1: PASS (124s) (log: /var/www/ci-lustre/upstream-patch-review/52d6b8e837056e0e3f2e58314d4628ae606c3a17_ml-miscvm:sanity-1.log)
  ml-miscvm:sanity-2: PASS (126s) (log: /var/www/ci-lustre/upstream-patch-review/52d6b8e837056e0e3f2e58314d4628ae606c3a17_ml-miscvm:sanity-2.log)
  ml-miscvm:sanity-3: PASS (125s) (log: /var/www/ci-lustre/upstream-patch-review/52d6b8e837056e0e3f2e58314d4628ae606c3a17_ml-miscvm:sanity-3.log)
  ml-miscvm:sanity-4: PASS (110s) (log: /var/www/ci-lustre/upstream-patch-review/52d6b8e837056e0e3f2e58314d4628ae606c3a17_ml-miscvm:sanity-4.log)

Total execution time: 345s

Packed 7486 logs from /var/www/ci-lustre/upstream-patch-review into /home/ktest/ktest/local-site/local_data.js
Open /home/ktest/ktest/local-site/index.html in a browser
