CLI: ./pk --podman-socket unix:///run/podman/podman.sock --shared-filesystem /tmp --tarball-input job lustre-ci --output /var/www/ci-lustre/upstream-patch-review --git-hash 53465d111349d3ec1b05bb23603fe7b2da62a32d --change-id 67823_53465d111349d3ec1b05bb23603fe7b2da62a32d --subject LU-20559 target: keep client bitmap updates out of assertions

Environment validated successfully
Note: custom LLVM is not synced in tarball input mode
Creating kernel tarball at /tmp/ktest-kernel.tar.gz...
Creating lustre tarball at /tmp/ktest-lustre.tar.gz...
Creating ZFS tarball at /tmp/ktest-zfs.tar.gz...
Executing 14 jobs
Jobs will start as soon as their dependencies are satisfied
Using tarball input mode

START u24:u24 build tests/fs/lustre/boot.ktest
START ml-strict:lustre_mainline build tests/fs/lustre/boot-strict.ktest
START ml:lustre_mainline build tests/fs/lustre/boot.ktest
START al2023:al2023 build tests/fs/lustre/boot.ktest
START ml-miscvm:lustre_mainline_native build tests/fs/lustre/boot.ktest
START checkpatch:checkpatch tool checkpatch
PUT /tmp/ktest-lustre.tar.gz 1s
PUT /tmp/ktest-lustre.tar.gz 1s
PUT /tmp/ktest-kernel.tar.gz 7s
PUT /tmp/ktest-kernel.tar.gz 7s
PUT /tmp/ktest-kernel.tar.gz 8s
PUT /tmp/ktest-kernel.tar.gz 8s
PUT /tmp/ktest-lustre.tar.gz 2s
PUT /tmp/ktest-lustre.tar.gz 2s
PUT /tmp/ktest-lustre.tar.gz 2s
PUT /tmp/ktest-lustre.tar.gz 2s
PUT /tmp/ktest-zfs.tar.gz 0s
PUT /tmp/ktest-zfs.tar.gz 0s
PUT /tmp/ktest-zfs.tar.gz 0s
END checkpatch:checkpatch tool checkpatch PASS 13s
END u24:u24 build tests/fs/lustre/boot.ktest PASS 40s
END al2023:al2023 build tests/fs/lustre/boot.ktest PASS 44s
GET /tmp/ktest_ml:lustre_mainline_okf37t8d.tar 0s
GET /tmp/ktest_ml-miscvm:lustre_mainline_native_d65fxgwd.tar 0s
END ml:lustre_mainline build tests/fs/lustre/boot.ktest PASS 174s
END ml-miscvm:lustre_mainline_native build tests/fs/lustre/boot.ktest PASS 175s
START ml-miscvm:boot run tests/fs/lustre/boot.ktest
START ml-miscvm:llmount run tests/fs/lustre/llmount.ktest
START ml-miscvm:llog-unit run tests/fs/lustre/llog-unit.ktest
START ml-miscvm:mgs-setup run tests/fs/lustre/mgs-setup.ktest
START ml-miscvm:sanity-1 run tests/fs/lustre/sanity/sanity-1.ktest
START ml-miscvm:sanity-2 run tests/fs/lustre/sanity/sanity-2.ktest
START ml-miscvm:sanity-3 run tests/fs/lustre/sanity/sanity-3.ktest
START ml-miscvm:sanity-4 run tests/fs/lustre/sanity/sanity-4.ktest
GET /tmp/ktest_ml-strict:lustre_mainline_c99qac4u.tar 7s
END ml-strict:lustre_mainline build tests/fs/lustre/boot-strict.ktest FAIL 184s (exit code: 1)
PUT /tmp/ktest-kernel.tar.gz 39s
PUT /tmp/ktest-kernel.tar.gz 40s
PUT /tmp/ktest-kernel.tar.gz 40s
PUT /tmp/ktest-kernel.tar.gz 40s
PUT /tmp/ktest-kernel.tar.gz 40s
PUT /tmp/ktest-kernel.tar.gz 40s
PUT /tmp/ktest-kernel.tar.gz 40s
PUT /tmp/ktest-kernel.tar.gz 40s
PUT /tmp/ktest-lustre.tar.gz 10s
PUT /tmp/ktest-lustre.tar.gz 10s
PUT /tmp/ktest-lustre.tar.gz 10s
PUT /tmp/ktest-lustre.tar.gz 10s
PUT /tmp/ktest-lustre.tar.gz 10s
PUT /tmp/ktest-lustre.tar.gz 10s
PUT /tmp/ktest-lustre.tar.gz 11s
PUT /tmp/ktest-lustre.tar.gz 10s
PUT /tmp/ktest_ml-miscvm:lustre_mainline_native_d65fxgwd.tar 0s
PUT /tmp/ktest_ml-miscvm:lustre_mainline_native_d65fxgwd.tar 0s
PUT /tmp/ktest_ml-miscvm:lustre_mainline_native_d65fxgwd.tar 0s
PUT /tmp/ktest_ml-miscvm:lustre_mainline_native_d65fxgwd.tar 0s
PUT /tmp/ktest_ml-miscvm:lustre_mainline_native_d65fxgwd.tar 0s
PUT /tmp/ktest_ml-miscvm:lustre_mainline_native_d65fxgwd.tar 0s
PUT /tmp/ktest_ml-miscvm:lustre_mainline_native_d65fxgwd.tar 0s
PUT /tmp/ktest_ml-miscvm:lustre_mainline_native_d65fxgwd.tar 0s
END ml-miscvm:boot run tests/fs/lustre/boot.ktest PASS 63s
END ml-miscvm:mgs-setup run tests/fs/lustre/mgs-setup.ktest PASS 73s
END ml-miscvm:sanity-2 run tests/fs/lustre/sanity/sanity-2.ktest PASS 101s
END ml-miscvm:sanity-3 run tests/fs/lustre/sanity/sanity-3.ktest PASS 102s
END ml-miscvm:sanity-4 run tests/fs/lustre/sanity/sanity-4.ktest PASS 104s
END ml-miscvm:sanity-1 run tests/fs/lustre/sanity/sanity-1.ktest PASS 112s
END ml-miscvm:llmount run tests/fs/lustre/llmount.ktest PASS 124s
END ml-miscvm:llog-unit run tests/fs/lustre/llog-unit.ktest FAIL 149s (exit code: 1)

============================================================
Final Results:
  checkpatch:checkpatch: PASS (13s) (log: /var/www/ci-lustre/upstream-patch-review/53465d111349d3ec1b05bb23603fe7b2da62a32d_checkpatch:checkpatch.log)
  u24:u24: PASS (40s) (log: /var/www/ci-lustre/upstream-patch-review/53465d111349d3ec1b05bb23603fe7b2da62a32d_u24:u24.log)
  al2023:al2023: PASS (44s) (log: /var/www/ci-lustre/upstream-patch-review/53465d111349d3ec1b05bb23603fe7b2da62a32d_al2023:al2023.log)
  ml-strict:lustre_mainline: FAIL (184s) (log: /var/www/ci-lustre/upstream-patch-review/53465d111349d3ec1b05bb23603fe7b2da62a32d_ml-strict:lustre_mainline.log)
  ml:lustre_mainline: PASS (174s) (log: /var/www/ci-lustre/upstream-patch-review/53465d111349d3ec1b05bb23603fe7b2da62a32d_ml:lustre_mainline.log)
  ml-miscvm:lustre_mainline_native: PASS (175s) (log: /var/www/ci-lustre/upstream-patch-review/53465d111349d3ec1b05bb23603fe7b2da62a32d_ml-miscvm:lustre_mainline_native.log)
  ml-miscvm:boot: PASS (63s) (log: /var/www/ci-lustre/upstream-patch-review/53465d111349d3ec1b05bb23603fe7b2da62a32d_ml-miscvm:boot.log)
  ml-miscvm:llmount: PASS (124s) (log: /var/www/ci-lustre/upstream-patch-review/53465d111349d3ec1b05bb23603fe7b2da62a32d_ml-miscvm:llmount.log)
  ml-miscvm:llog-unit: FAIL (149s) (log: /var/www/ci-lustre/upstream-patch-review/53465d111349d3ec1b05bb23603fe7b2da62a32d_ml-miscvm:llog-unit.log)
  ml-miscvm:mgs-setup: PASS (73s) (log: /var/www/ci-lustre/upstream-patch-review/53465d111349d3ec1b05bb23603fe7b2da62a32d_ml-miscvm:mgs-setup.log)
  ml-miscvm:sanity-1: PASS (112s) (log: /var/www/ci-lustre/upstream-patch-review/53465d111349d3ec1b05bb23603fe7b2da62a32d_ml-miscvm:sanity-1.log)
  ml-miscvm:sanity-2: PASS (101s) (log: /var/www/ci-lustre/upstream-patch-review/53465d111349d3ec1b05bb23603fe7b2da62a32d_ml-miscvm:sanity-2.log)
  ml-miscvm:sanity-3: PASS (102s) (log: /var/www/ci-lustre/upstream-patch-review/53465d111349d3ec1b05bb23603fe7b2da62a32d_ml-miscvm:sanity-3.log)
  ml-miscvm:sanity-4: PASS (104s) (log: /var/www/ci-lustre/upstream-patch-review/53465d111349d3ec1b05bb23603fe7b2da62a32d_ml-miscvm:sanity-4.log)

Total execution time: 355s

Packed 6171 logs from /var/www/ci-lustre/upstream-patch-review into /home/ktest/ktest/local-site/local_data.js
Open /home/ktest/ktest/local-site/index.html in a browser
