CLI: ./pk --podman-socket unix:///run/user/1000/podman/podman.sock --shared-filesystem /tmp --tarball-input job lustre-ci --output /var/www/ci-lustre/upstream-patch-review --git-hash 5366d9c177d208d5fcac8469c5e0f4eab4ee514f --change-id 60141_5366d9c177d208d5fcac8469c5e0f4eab4ee514f --subject LU-11520 tests: add run_test_should/must_fail()

Environment validated successfully
Note: custom LLVM is not synced in tarball input mode
Creating kernel tarball at /tmp/ktest-kernel.tar.gz...
Creating lustre tarball at /tmp/ktest-lustre.tar.gz...
Creating ZFS tarball at /tmp/ktest-zfs.tar.gz...
Executing 14 jobs
Jobs will start as soon as their dependencies are satisfied
Using tarball input mode

START u24:u24 build tests/fs/lustre/boot.ktest
START checkpatch:checkpatch tool checkpatch
START ml:lustre_mainline build tests/fs/lustre/boot.ktest
START ml-strict:lustre_mainline build tests/fs/lustre/boot-strict.ktest
START al2023:al2023 build tests/fs/lustre/boot.ktest
START ml-miscvm:lustre_mainline_native build tests/fs/lustre/boot.ktest
PUT /tmp/ktest-lustre.tar.gz 1s
PUT /tmp/ktest-lustre.tar.gz 1s
PUT /tmp/ktest-kernel.tar.gz 15s
PUT /tmp/ktest-kernel.tar.gz 15s
PUT /tmp/ktest-kernel.tar.gz 15s
PUT /tmp/ktest-kernel.tar.gz 15s
PUT /tmp/ktest-lustre.tar.gz 2s
PUT /tmp/ktest-lustre.tar.gz 2s
PUT /tmp/ktest-lustre.tar.gz 2s
PUT /tmp/ktest-lustre.tar.gz 2s
PUT /tmp/ktest-zfs.tar.gz 0s
PUT /tmp/ktest-zfs.tar.gz 0s
PUT /tmp/ktest-zfs.tar.gz 0s
END checkpatch:checkpatch tool checkpatch PASS 20s
END u24:u24 build tests/fs/lustre/boot.ktest PASS 47s
END al2023:al2023 build tests/fs/lustre/boot.ktest PASS 52s
GET /tmp/ktest_ml:lustre_mainline_4wm5xndn.tar 0s
END ml:lustre_mainline build tests/fs/lustre/boot.ktest PASS 166s
GET /tmp/ktest_ml-strict:lustre_mainline_ekimadft.tar 5s
END ml-strict:lustre_mainline build tests/fs/lustre/boot-strict.ktest FAIL 171s (exit code: 1)
GET /tmp/ktest_ml-miscvm:lustre_mainline_native_vnbngo_n.tar 0s
END ml-miscvm:lustre_mainline_native build tests/fs/lustre/boot.ktest PASS 181s
START ml-miscvm:boot run tests/fs/lustre/boot.ktest
START ml-miscvm:llmount run tests/fs/lustre/llmount.ktest
START ml-miscvm:llog-unit run tests/fs/lustre/llog-unit.ktest
START ml-miscvm:mgs-setup run tests/fs/lustre/mgs-setup.ktest
START ml-miscvm:sanity-1 run tests/fs/lustre/sanity/sanity-1.ktest
START ml-miscvm:sanity-2 run tests/fs/lustre/sanity/sanity-2.ktest
START ml-miscvm:sanity-3 run tests/fs/lustre/sanity/sanity-3.ktest
START ml-miscvm:sanity-4 run tests/fs/lustre/sanity/sanity-4.ktest
PUT /tmp/ktest-kernel.tar.gz 36s
PUT /tmp/ktest-kernel.tar.gz 36s
PUT /tmp/ktest-kernel.tar.gz 36s
PUT /tmp/ktest-kernel.tar.gz 37s
PUT /tmp/ktest-kernel.tar.gz 37s
PUT /tmp/ktest-kernel.tar.gz 37s
PUT /tmp/ktest-kernel.tar.gz 37s
PUT /tmp/ktest-kernel.tar.gz 37s
PUT /tmp/ktest-lustre.tar.gz 14s
PUT /tmp/ktest-lustre.tar.gz 14s
PUT /tmp/ktest-lustre.tar.gz 14s
PUT /tmp/ktest-lustre.tar.gz 13s
PUT /tmp/ktest-lustre.tar.gz 14s
PUT /tmp/ktest-lustre.tar.gz 14s
PUT /tmp/ktest-lustre.tar.gz 13s
PUT /tmp/ktest-lustre.tar.gz 14s
PUT /tmp/ktest_ml-miscvm:lustre_mainline_native_vnbngo_n.tar 3s
PUT /tmp/ktest_ml-miscvm:lustre_mainline_native_vnbngo_n.tar 3s
PUT /tmp/ktest_ml-miscvm:lustre_mainline_native_vnbngo_n.tar 3s
PUT /tmp/ktest_ml-miscvm:lustre_mainline_native_vnbngo_n.tar 3s
PUT /tmp/ktest_ml-miscvm:lustre_mainline_native_vnbngo_n.tar 3s
PUT /tmp/ktest_ml-miscvm:lustre_mainline_native_vnbngo_n.tar 3s
PUT /tmp/ktest_ml-miscvm:lustre_mainline_native_vnbngo_n.tar 3s
PUT /tmp/ktest_ml-miscvm:lustre_mainline_native_vnbngo_n.tar 3s
END ml-miscvm:boot run tests/fs/lustre/boot.ktest PASS 67s
END ml-miscvm:mgs-setup run tests/fs/lustre/mgs-setup.ktest PASS 78s
END ml-miscvm:sanity-3 run tests/fs/lustre/sanity/sanity-3.ktest PASS 108s
END ml-miscvm:sanity-2 run tests/fs/lustre/sanity/sanity-2.ktest PASS 109s
END ml-miscvm:sanity-1 run tests/fs/lustre/sanity/sanity-1.ktest PASS 110s
END ml-miscvm:sanity-4 run tests/fs/lustre/sanity/sanity-4.ktest PASS 112s
END ml-miscvm:llmount run tests/fs/lustre/llmount.ktest PASS 127s
END ml-miscvm:llog-unit run tests/fs/lustre/llog-unit.ktest FAIL 152s (exit code: 1)

============================================================
Final Results:
  checkpatch:checkpatch: PASS (20s) (log: /var/www/ci-lustre/upstream-patch-review/5366d9c177d208d5fcac8469c5e0f4eab4ee514f_checkpatch:checkpatch.log)
  u24:u24: PASS (47s) (log: /var/www/ci-lustre/upstream-patch-review/5366d9c177d208d5fcac8469c5e0f4eab4ee514f_u24:u24.log)
  al2023:al2023: PASS (52s) (log: /var/www/ci-lustre/upstream-patch-review/5366d9c177d208d5fcac8469c5e0f4eab4ee514f_al2023:al2023.log)
  ml-strict:lustre_mainline: FAIL (171s) (log: /var/www/ci-lustre/upstream-patch-review/5366d9c177d208d5fcac8469c5e0f4eab4ee514f_ml-strict:lustre_mainline.log)
  ml:lustre_mainline: PASS (166s) (log: /var/www/ci-lustre/upstream-patch-review/5366d9c177d208d5fcac8469c5e0f4eab4ee514f_ml:lustre_mainline.log)
  ml-miscvm:lustre_mainline_native: PASS (181s) (log: /var/www/ci-lustre/upstream-patch-review/5366d9c177d208d5fcac8469c5e0f4eab4ee514f_ml-miscvm:lustre_mainline_native.log)
  ml-miscvm:boot: PASS (67s) (log: /var/www/ci-lustre/upstream-patch-review/5366d9c177d208d5fcac8469c5e0f4eab4ee514f_ml-miscvm:boot.log)
  ml-miscvm:llmount: PASS (127s) (log: /var/www/ci-lustre/upstream-patch-review/5366d9c177d208d5fcac8469c5e0f4eab4ee514f_ml-miscvm:llmount.log)
  ml-miscvm:llog-unit: FAIL (152s) (log: /var/www/ci-lustre/upstream-patch-review/5366d9c177d208d5fcac8469c5e0f4eab4ee514f_ml-miscvm:llog-unit.log)
  ml-miscvm:mgs-setup: PASS (78s) (log: /var/www/ci-lustre/upstream-patch-review/5366d9c177d208d5fcac8469c5e0f4eab4ee514f_ml-miscvm:mgs-setup.log)
  ml-miscvm:sanity-1: PASS (110s) (log: /var/www/ci-lustre/upstream-patch-review/5366d9c177d208d5fcac8469c5e0f4eab4ee514f_ml-miscvm:sanity-1.log)
  ml-miscvm:sanity-2: PASS (109s) (log: /var/www/ci-lustre/upstream-patch-review/5366d9c177d208d5fcac8469c5e0f4eab4ee514f_ml-miscvm:sanity-2.log)
  ml-miscvm:sanity-3: PASS (108s) (log: /var/www/ci-lustre/upstream-patch-review/5366d9c177d208d5fcac8469c5e0f4eab4ee514f_ml-miscvm:sanity-3.log)
  ml-miscvm:sanity-4: PASS (112s) (log: /var/www/ci-lustre/upstream-patch-review/5366d9c177d208d5fcac8469c5e0f4eab4ee514f_ml-miscvm:sanity-4.log)

Total execution time: 364s

Packed 4859 logs from /var/www/ci-lustre/upstream-patch-review into /home/ktest/ktest/local-site/local_data.js
Open /home/ktest/ktest/local-site/index.html in a browser
