CLI: ./podman-ktest --podman-socket unix:///run/podman/podman.sock --shared-filesystem /tmp --tarball-input job lustre-ci --output /var/www/ci-lustre/upstream-patch-review --git-hash 53692da8449ee3663bc32e798178012695e962ed --change-id 66466_53692da8449ee3663bc32e798178012695e962ed --subject LU-18681 target: histogram of client reconnect times

Environment validated successfully
Note: custom LLVM is not synced in tarball input mode
Creating kernel tarball at /tmp/ktest-kernel.tar.gz...
Creating lustre tarball at /tmp/ktest-lustre.tar.gz...
Creating ZFS tarball at /tmp/ktest-zfs.tar.gz...
Executing 14 jobs
Jobs will start as soon as their dependencies are satisfied
Using tarball input mode

START checkpatch:checkpatch tool checkpatch
START ml:lustre_mainline build tests/fs/lustre/boot.ktest
START ml-strict:lustre_mainline build tests/fs/lustre/boot-strict.ktest
START al2023:al2023 build tests/fs/lustre/boot.ktest
START ml-miscvm:lustre_mainline_native build tests/fs/lustre/boot.ktest
START u24:u24 build tests/fs/lustre/boot.ktest
PUT /tmp/ktest-lustre.tar.gz 1s
PUT /tmp/ktest-lustre.tar.gz 1s
PUT /tmp/ktest-kernel.tar.gz 8s
PUT /tmp/ktest-kernel.tar.gz 9s
PUT /tmp/ktest-kernel.tar.gz 9s
PUT /tmp/ktest-kernel.tar.gz 9s
PUT /tmp/ktest-lustre.tar.gz 4s
PUT /tmp/ktest-lustre.tar.gz 4s
PUT /tmp/ktest-lustre.tar.gz 4s
PUT /tmp/ktest-lustre.tar.gz 4s
PUT /tmp/ktest-zfs.tar.gz 0s
PUT /tmp/ktest-zfs.tar.gz 1s
PUT /tmp/ktest-zfs.tar.gz 1s
END checkpatch:checkpatch tool checkpatch FAIL 16s (exit code: 1)
END al2023:al2023 build tests/fs/lustre/boot.ktest FAIL 59s (exit code: 2)
END u24:u24 build tests/fs/lustre/boot.ktest FAIL 59s (exit code: 2)
GET /tmp/ktest_ml-strict:lustre_mainline_eqajm770.tar 4s
END ml-strict:lustre_mainline build tests/fs/lustre/boot-strict.ktest FAIL 169s (exit code: 1)
GET /tmp/ktest_ml:lustre_mainline_9izt16nq.tar 14s
GET /tmp/ktest_ml-miscvm:lustre_mainline_native_swtisxo4.tar 14s
END ml:lustre_mainline build tests/fs/lustre/boot.ktest FAIL 181s (exit code: 1)
END ml-miscvm:lustre_mainline_native build tests/fs/lustre/boot.ktest FAIL 182s (exit code: 1)

============================================================
Final Results:
  checkpatch:checkpatch: FAIL (16s) (log: /var/www/ci-lustre/upstream-patch-review/53692da8449ee3663bc32e798178012695e962ed_checkpatch:checkpatch.log)
  u24:u24: FAIL (59s) (log: /var/www/ci-lustre/upstream-patch-review/53692da8449ee3663bc32e798178012695e962ed_u24:u24.log)
  al2023:al2023: FAIL (59s) (log: /var/www/ci-lustre/upstream-patch-review/53692da8449ee3663bc32e798178012695e962ed_al2023:al2023.log)
  ml-strict:lustre_mainline: FAIL (169s) (log: /var/www/ci-lustre/upstream-patch-review/53692da8449ee3663bc32e798178012695e962ed_ml-strict:lustre_mainline.log)
  ml:lustre_mainline: FAIL (181s) (log: /var/www/ci-lustre/upstream-patch-review/53692da8449ee3663bc32e798178012695e962ed_ml:lustre_mainline.log)
  ml-miscvm:lustre_mainline_native: FAIL (182s) (log: /var/www/ci-lustre/upstream-patch-review/53692da8449ee3663bc32e798178012695e962ed_ml-miscvm:lustre_mainline_native.log)
  ml-miscvm:boot: SKIPPED (due to dependency failure)
  ml-miscvm:llmount: SKIPPED (due to dependency failure)
  ml-miscvm:llog-unit: SKIPPED (due to dependency failure)
  ml-miscvm:mgs-setup: SKIPPED (due to dependency failure)
  ml-miscvm:sanity-1: SKIPPED (due to dependency failure)
  ml-miscvm:sanity-2: SKIPPED (due to dependency failure)
  ml-miscvm:sanity-3: SKIPPED (due to dependency failure)
  ml-miscvm:sanity-4: SKIPPED (due to dependency failure)

Total execution time: 212s
