CLI: ./pk --podman-socket unix:///run/podman/podman.sock --shared-filesystem /tmp --tarball-input job lustre-ci --output /var/www/ci-lustre/upstream-patch-review --git-hash 54d2d24c2274e3fea55e7986e4b61d2eb536bfba --change-id 68349_54d2d24c2274e3fea55e7986e4b61d2eb536bfba --subject LU-10026 osc: limit compression chunks in RPC

Environment validated successfully
Note: custom LLVM is not synced in tarball input mode
Creating kernel tarball at /tmp/ktest-kernel.tar.gz...
Creating lustre tarball at /tmp/ktest-lustre.tar.gz...
Creating ZFS tarball at /tmp/ktest-zfs.tar.gz...
Executing 14 jobs
Jobs will start as soon as their dependencies are satisfied
Using tarball input mode

START u24:u24 build tests/fs/lustre/boot.ktest
START al2023:al2023 build tests/fs/lustre/boot.ktest
START ml-strict:lustre_mainline build tests/fs/lustre/boot-strict.ktest
START ml:lustre_mainline build tests/fs/lustre/boot.ktest
START ml-miscvm:lustre_mainline_native build tests/fs/lustre/boot.ktest
START checkpatch:checkpatch tool checkpatch
PUT /tmp/ktest-lustre.tar.gz 1s
PUT /tmp/ktest-lustre.tar.gz 1s
PUT /tmp/ktest-kernel.tar.gz 7s
PUT /tmp/ktest-kernel.tar.gz 7s
PUT /tmp/ktest-kernel.tar.gz 7s
PUT /tmp/ktest-kernel.tar.gz 7s
PUT /tmp/ktest-lustre.tar.gz 1s
PUT /tmp/ktest-lustre.tar.gz 1s
PUT /tmp/ktest-lustre.tar.gz 2s
PUT /tmp/ktest-lustre.tar.gz 2s
PUT /tmp/ktest-zfs.tar.gz 0s
PUT /tmp/ktest-zfs.tar.gz 0s
PUT /tmp/ktest-zfs.tar.gz 0s
END checkpatch:checkpatch tool checkpatch FAIL 12s (exit code: 1)
END u24:u24 build tests/fs/lustre/boot.ktest PASS 38s
END al2023:al2023 build tests/fs/lustre/boot.ktest PASS 45s
GET /tmp/ktest_ml-miscvm:lustre_mainline_native_rpgho6jt.tar 4s
GET /tmp/ktest_ml:lustre_mainline_0nvq3o_z.tar 5s
GET /tmp/ktest_ml-strict:lustre_mainline_9w5y4i8c.tar 5s
END ml-miscvm:lustre_mainline_native build tests/fs/lustre/boot.ktest FAIL 145s (exit code: 1)
END ml:lustre_mainline build tests/fs/lustre/boot.ktest FAIL 147s (exit code: 1)
END ml-strict:lustre_mainline build tests/fs/lustre/boot-strict.ktest FAIL 148s (exit code: 1)

============================================================
Final Results:
  checkpatch:checkpatch: FAIL (12s) (log: /var/www/ci-lustre/upstream-patch-review/54d2d24c2274e3fea55e7986e4b61d2eb536bfba_checkpatch:checkpatch.log)
  u24:u24: PASS (38s) (log: /var/www/ci-lustre/upstream-patch-review/54d2d24c2274e3fea55e7986e4b61d2eb536bfba_u24:u24.log)
  al2023:al2023: PASS (45s) (log: /var/www/ci-lustre/upstream-patch-review/54d2d24c2274e3fea55e7986e4b61d2eb536bfba_al2023:al2023.log)
  ml-strict:lustre_mainline: FAIL (148s) (log: /var/www/ci-lustre/upstream-patch-review/54d2d24c2274e3fea55e7986e4b61d2eb536bfba_ml-strict:lustre_mainline.log)
  ml:lustre_mainline: FAIL (147s) (log: /var/www/ci-lustre/upstream-patch-review/54d2d24c2274e3fea55e7986e4b61d2eb536bfba_ml:lustre_mainline.log)
  ml-miscvm:lustre_mainline_native: FAIL (145s) (log: /var/www/ci-lustre/upstream-patch-review/54d2d24c2274e3fea55e7986e4b61d2eb536bfba_ml-miscvm:lustre_mainline_native.log)
  ml-miscvm:boot: SKIPPED (due to dependency failure)
  ml-miscvm:llmount: SKIPPED (due to dependency failure)
  ml-miscvm:llog-unit: SKIPPED (due to dependency failure)
  ml-miscvm:mgs-setup: SKIPPED (due to dependency failure)
  ml-miscvm:sanity-1: SKIPPED (due to dependency failure)
  ml-miscvm:sanity-2: SKIPPED (due to dependency failure)
  ml-miscvm:sanity-3: SKIPPED (due to dependency failure)
  ml-miscvm:sanity-4: SKIPPED (due to dependency failure)

Total execution time: 178s

Packed 18857 logs from /var/www/ci-lustre/upstream-patch-review into /home/ktest/ktest/local-site/local_data.js
Open /home/ktest/ktest/local-site/index.html in a browser
