WARNING:BLOCK_COMMENT_STYLE: Block comments use a trailing */ on a separate line
#852: FILE: lustre/quota/qmt_internal.h:415:
+ * so the next refresh retries the proxy fetch soon. */

WARNING:FUNCTION_ARGUMENTS: function definition argument 'const struct lu_env *' should also have an identifier name
#861: FILE: lustre/quota/qmt_internal.h:560:
+int qmt_refresh_lqe_usg(const struct lu_env *, struct qmt_device *,

WARNING:FUNCTION_ARGUMENTS: function definition argument 'struct qmt_device *' should also have an identifier name
#861: FILE: lustre/quota/qmt_internal.h:560:
+int qmt_refresh_lqe_usg(const struct lu_env *, struct qmt_device *,

WARNING:FUNCTION_ARGUMENTS: function definition argument 'struct lquota_entry *' should also have an identifier name
#861: FILE: lustre/quota/qmt_internal.h:560:
+int qmt_refresh_lqe_usg(const struct lu_env *, struct qmt_device *,

WARNING:FUNCTION_ARGUMENTS: function definition argument 'time64_t' should also have an identifier name
#861: FILE: lustre/quota/qmt_internal.h:560:
+int qmt_refresh_lqe_usg(const struct lu_env *, struct qmt_device *,

total: 0 errors, 5 warnings, 854 lines checked

NOTE: For some of the reported defects, checkpatch may be able to
      mechanically convert to the typical style using --fix or --fix-inplace.

Your patch has style problems, please review.

NOTE: If any of the errors are false positives, please report
      them to the maintainer, see CHECKPATCH in MAINTAINERS.
