CLI: ./pk --podman-socket unix:///run/user/1000/podman/podman.sock --shared-filesystem /tmp --tarball-input job distro --output /var/www/ci-lustre/upstream-patch-review --git-hash 550451c0e4b902a87d580b261bb4a90a4ab8c981_distro --change-id master_550451c0e4b902a87d580b261bb4a90a4ab8c981_distro --subject [distro] Main development branch

Environment validated successfully
Note: custom LLVM is not synced in tarball input mode
Creating lustre tarball at /tmp/ktest-lustre.tar.gz...
Creating ZFS tarball at /tmp/ktest-zfs.tar.gz...
Executing 21 jobs
Jobs will start as soon as their dependencies are satisfied
Using tarball input mode

START u24:u24 build tests/fs/lustre/boot.ktest
START rocky8:rocky8 build tests/fs/lustre/boot.ktest
START rocky9:rocky9 build tests/fs/lustre/boot.ktest
START u26-pkg:u26-pkg package tests/fs/lustre/boot.ktest
START al2023-pkg:al2023-pkg package tests/fs/lustre/boot.ktest
START al2023:al2023 build tests/fs/lustre/boot.ktest
START al2023-dkms:al2023-dkms
START al2-pkg:al2-pkg package tests/fs/lustre/boot.ktest
START u24-pkg:u24-pkg package tests/fs/lustre/boot.ktest
START al2-dkms:al2-dkms
START rocky8-pkg:rocky8-pkg package tests/fs/lustre/boot.ktest
START u24-dkms:u24-dkms
START u26-dkms:u26-dkms
START rocky9-dkms:rocky9-dkms
START rocky10-dkms:rocky10-dkms
START u26:u26 build tests/fs/lustre/boot.ktest
START al2:al2 build tests/fs/lustre/boot.ktest
START rocky10:rocky10 build tests/fs/lustre/boot.ktest
START rocky8-dkms:rocky8-dkms
START rocky9-pkg:rocky9-pkg package tests/fs/lustre/boot.ktest
START rocky10-pkg:rocky10-pkg package tests/fs/lustre/boot.ktest
PUT /tmp/ktest-lustre.tar.gz 2s
PUT /tmp/ktest-lustre.tar.gz 2s
PUT /tmp/ktest-lustre.tar.gz 2s
PUT /tmp/ktest-lustre.tar.gz 2s
PUT /tmp/ktest-lustre.tar.gz 2s
PUT /tmp/ktest-lustre.tar.gz 2s
PUT /tmp/ktest-lustre.tar.gz 2s
PUT /tmp/ktest-lustre.tar.gz 2s
PUT /tmp/ktest-lustre.tar.gz 2s
PUT /tmp/ktest-lustre.tar.gz 2s
END al2-pkg:al2-pkg package tests/fs/lustre/boot.ktest FAIL 50s (exit code: 2)
PUT /tmp/ktest-lustre.tar.gz 2s
END al2023-pkg:al2023-pkg package tests/fs/lustre/boot.ktest FAIL 59s (exit code: 2)
PUT /tmp/ktest-lustre.tar.gz 2s
END al2-dkms:al2-dkms dkms tests/fs/lustre/boot.ktest PASS 85s
PUT /tmp/ktest-lustre.tar.gz 2s
END u24:u24 build tests/fs/lustre/boot.ktest PASS 92s
PUT /tmp/ktest-lustre.tar.gz 2s
END rocky8:rocky8 build tests/fs/lustre/boot.ktest PASS 105s
PUT /tmp/ktest-lustre.tar.gz 3s
END al2023:al2023 build tests/fs/lustre/boot.ktest PASS 122s
PUT /tmp/ktest-lustre.tar.gz 3s
END al2023-dkms:al2023-dkms dkms tests/fs/lustre/boot.ktest PASS 133s
PUT /tmp/ktest-lustre.tar.gz 4s
END rocky9:rocky9 build tests/fs/lustre/boot.ktest PASS 157s
PUT /tmp/ktest-lustre.tar.gz 4s
END rocky9-dkms:rocky9-dkms dkms tests/fs/lustre/boot.ktest PASS 116s
PUT /tmp/ktest-lustre.tar.gz 4s
END rocky10-dkms:rocky10-dkms dkms tests/fs/lustre/boot.ktest PASS 121s
PUT /tmp/ktest-lustre.tar.gz 6s
END u26:u26 build tests/fs/lustre/boot.ktest PASS 120s
PUT /tmp/ktest-lustre.tar.gz 4s
END al2:al2 build tests/fs/lustre/boot.ktest FAIL 114s (exit code: 2)
END rocky10:rocky10 build tests/fs/lustre/boot.ktest PASS 133s
END u24-dkms:u24-dkms dkms tests/fs/lustre/boot.ktest PASS 243s
END rocky8-pkg:rocky8-pkg package tests/fs/lustre/boot.ktest PASS 258s
END rocky8-dkms:rocky8-dkms dkms tests/fs/lustre/boot.ktest PASS 108s
END u26-dkms:u26-dkms dkms tests/fs/lustre/boot.ktest PASS 279s
END u24-pkg:u24-pkg package tests/fs/lustre/boot.ktest PASS 384s
END u26-pkg:u26-pkg package tests/fs/lustre/boot.ktest PASS 391s
END rocky9-pkg:rocky9-pkg package tests/fs/lustre/boot.ktest PASS 166s
END rocky10-pkg:rocky10-pkg package tests/fs/lustre/boot.ktest PASS 157s

============================================================
Final Results:
  al2:al2: FAIL (114s) (log: /var/www/ci-lustre/upstream-patch-review/550451c0e4b902a87d580b261bb4a90a4ab8c981_distro_al2:al2.log)
  al2-pkg:al2-pkg: FAIL (50s) (log: /var/www/ci-lustre/upstream-patch-review/550451c0e4b902a87d580b261bb4a90a4ab8c981_distro_al2-pkg:al2-pkg.log)
  al2-dkms:al2-dkms: PASS (85s) (log: /var/www/ci-lustre/upstream-patch-review/550451c0e4b902a87d580b261bb4a90a4ab8c981_distro_al2-dkms:al2-dkms.log)
  al2023:al2023: PASS (122s) (log: /var/www/ci-lustre/upstream-patch-review/550451c0e4b902a87d580b261bb4a90a4ab8c981_distro_al2023:al2023.log)
  al2023-pkg:al2023-pkg: FAIL (59s) (log: /var/www/ci-lustre/upstream-patch-review/550451c0e4b902a87d580b261bb4a90a4ab8c981_distro_al2023-pkg:al2023-pkg.log)
  al2023-dkms:al2023-dkms: PASS (133s) (log: /var/www/ci-lustre/upstream-patch-review/550451c0e4b902a87d580b261bb4a90a4ab8c981_distro_al2023-dkms:al2023-dkms.log)
  rocky8:rocky8: PASS (105s) (log: /var/www/ci-lustre/upstream-patch-review/550451c0e4b902a87d580b261bb4a90a4ab8c981_distro_rocky8:rocky8.log)
  rocky8-pkg:rocky8-pkg: PASS (258s) (log: /var/www/ci-lustre/upstream-patch-review/550451c0e4b902a87d580b261bb4a90a4ab8c981_distro_rocky8-pkg:rocky8-pkg.log)
  rocky8-dkms:rocky8-dkms: PASS (108s) (log: /var/www/ci-lustre/upstream-patch-review/550451c0e4b902a87d580b261bb4a90a4ab8c981_distro_rocky8-dkms:rocky8-dkms.log)
  rocky9:rocky9: PASS (157s) (log: /var/www/ci-lustre/upstream-patch-review/550451c0e4b902a87d580b261bb4a90a4ab8c981_distro_rocky9:rocky9.log)
  rocky9-pkg:rocky9-pkg: PASS (166s) (log: /var/www/ci-lustre/upstream-patch-review/550451c0e4b902a87d580b261bb4a90a4ab8c981_distro_rocky9-pkg:rocky9-pkg.log)
  rocky9-dkms:rocky9-dkms: PASS (116s) (log: /var/www/ci-lustre/upstream-patch-review/550451c0e4b902a87d580b261bb4a90a4ab8c981_distro_rocky9-dkms:rocky9-dkms.log)
  rocky10:rocky10: PASS (133s) (log: /var/www/ci-lustre/upstream-patch-review/550451c0e4b902a87d580b261bb4a90a4ab8c981_distro_rocky10:rocky10.log)
  rocky10-pkg:rocky10-pkg: PASS (157s) (log: /var/www/ci-lustre/upstream-patch-review/550451c0e4b902a87d580b261bb4a90a4ab8c981_distro_rocky10-pkg:rocky10-pkg.log)
  rocky10-dkms:rocky10-dkms: PASS (121s) (log: /var/www/ci-lustre/upstream-patch-review/550451c0e4b902a87d580b261bb4a90a4ab8c981_distro_rocky10-dkms:rocky10-dkms.log)
  u24:u24: PASS (92s) (log: /var/www/ci-lustre/upstream-patch-review/550451c0e4b902a87d580b261bb4a90a4ab8c981_distro_u24:u24.log)
  u24-pkg:u24-pkg: PASS (384s) (log: /var/www/ci-lustre/upstream-patch-review/550451c0e4b902a87d580b261bb4a90a4ab8c981_distro_u24-pkg:u24-pkg.log)
  u24-dkms:u24-dkms: PASS (243s) (log: /var/www/ci-lustre/upstream-patch-review/550451c0e4b902a87d580b261bb4a90a4ab8c981_distro_u24-dkms:u24-dkms.log)
  u26:u26: PASS (120s) (log: /var/www/ci-lustre/upstream-patch-review/550451c0e4b902a87d580b261bb4a90a4ab8c981_distro_u26:u26.log)
  u26-pkg:u26-pkg: PASS (391s) (log: /var/www/ci-lustre/upstream-patch-review/550451c0e4b902a87d580b261bb4a90a4ab8c981_distro_u26-pkg:u26-pkg.log)
  u26-dkms:u26-dkms: PASS (279s) (log: /var/www/ci-lustre/upstream-patch-review/550451c0e4b902a87d580b261bb4a90a4ab8c981_distro_u26-dkms:u26-dkms.log)

Total execution time: 408s

Packed 5695 logs from /var/www/ci-lustre/upstream-patch-review into /home/ktest/ktest/local-site/local_data.js
Open /home/ktest/ktest/local-site/index.html in a browser
