CLI: ./pk --podman-socket unix:///run/user/1000/podman/podman.sock --shared-filesystem /tmp --tarball-input job mainline-zfs --output /var/www/ci-lustre/upstream-patch-review --git-hash 550451c0e4b902a87d580b261bb4a90a4ab8c981_mainline-zfs --change-id master_550451c0e4b902a87d580b261bb4a90a4ab8c981_mainline-zfs --subject [mainline-zfs] Main development branch

Environment validated successfully
Note: custom LLVM is not synced in tarball input mode
Creating kernel tarball at /tmp/ktest-kernel.tar.gz...
Creating lustre tarball at /tmp/ktest-lustre.tar.gz...
Creating ZFS tarball at /tmp/ktest-zfs.tar.gz...
Executing 11 jobs
Jobs will start as soon as their dependencies are satisfied
Using tarball input mode

START ml-zfs-miscvm:lustre_mainline_native build tests/fs/lustre/boot.ktest
START ml-zfs-llmount:lustre_mainline build tests/fs/lustre/llmount.ktest
PUT /tmp/ktest-kernel.tar.gz 5s
PUT /tmp/ktest-kernel.tar.gz 5s
PUT /tmp/ktest-lustre.tar.gz 1s
PUT /tmp/ktest-lustre.tar.gz 0s
PUT /tmp/ktest-zfs.tar.gz 0s
PUT /tmp/ktest-zfs.tar.gz 0s
GET /tmp/ktest_ml-zfs-miscvm:lustre_mainline_native_ep5kl6xc.tar 0s
END ml-zfs-miscvm:lustre_mainline_native build tests/fs/lustre/boot.ktest PASS 188s
START ml-zfs-miscvm:boot run tests/fs/lustre/boot.ktest
START ml-zfs-miscvm:llmount run tests/fs/lustre/llmount.ktest
START ml-zfs-miscvm:llog-unit run tests/fs/lustre/llog-unit.ktest
START ml-zfs-miscvm:mgs-setup run tests/fs/lustre/mgs-setup.ktest
START ml-zfs-miscvm:sanity-1 run tests/fs/lustre/sanity/sanity-1.ktest
START ml-zfs-miscvm:sanity-2 run tests/fs/lustre/sanity/sanity-2.ktest
START ml-zfs-miscvm:sanity-3 run tests/fs/lustre/sanity/sanity-3.ktest
START ml-zfs-miscvm:sanity-4 run tests/fs/lustre/sanity/sanity-4.ktest
GET /tmp/ktest_ml-zfs-llmount:lustre_mainline_6__04v5p.tar 2s
END ml-zfs-llmount:lustre_mainline build tests/fs/lustre/llmount.ktest PASS 190s
START ml-zfs-llmount:boot run tests/fs/lustre/llmount.ktest
PUT /tmp/ktest-kernel.tar.gz 18s
PUT /tmp/ktest-kernel.tar.gz 24s
PUT /tmp/ktest-kernel.tar.gz 24s
PUT /tmp/ktest-kernel.tar.gz 24s
PUT /tmp/ktest-kernel.tar.gz 24s
PUT /tmp/ktest-kernel.tar.gz 25s
PUT /tmp/ktest-kernel.tar.gz 25s
PUT /tmp/ktest-kernel.tar.gz 25s
PUT /tmp/ktest-kernel.tar.gz 25s
PUT /tmp/ktest-lustre.tar.gz 10s
PUT /tmp/ktest-lustre.tar.gz 10s
PUT /tmp/ktest-lustre.tar.gz 9s
PUT /tmp/ktest-lustre.tar.gz 18s
PUT /tmp/ktest-lustre.tar.gz 10s
PUT /tmp/ktest-lustre.tar.gz 10s
PUT /tmp/ktest-lustre.tar.gz 10s
PUT /tmp/ktest-lustre.tar.gz 10s
PUT /tmp/ktest-lustre.tar.gz 10s
PUT /tmp/ktest_ml-zfs-miscvm:lustre_mainline_native_ep5kl6xc.tar 3s
PUT /tmp/ktest_ml-zfs-miscvm:lustre_mainline_native_ep5kl6xc.tar 3s
PUT /tmp/ktest_ml-zfs-miscvm:lustre_mainline_native_ep5kl6xc.tar 3s
PUT /tmp/ktest_ml-zfs-miscvm:lustre_mainline_native_ep5kl6xc.tar 3s
PUT /tmp/ktest_ml-zfs-llmount:lustre_mainline_6__04v5p.tar 3s
PUT /tmp/ktest_ml-zfs-miscvm:lustre_mainline_native_ep5kl6xc.tar 3s
PUT /tmp/ktest_ml-zfs-miscvm:lustre_mainline_native_ep5kl6xc.tar 3s
PUT /tmp/ktest_ml-zfs-miscvm:lustre_mainline_native_ep5kl6xc.tar 3s
PUT /tmp/ktest_ml-zfs-miscvm:lustre_mainline_native_ep5kl6xc.tar 3s
END ml-zfs-miscvm:sanity-3 run tests/fs/lustre/sanity/sanity-3.ktest FAIL 53s (exit code: 1)
END ml-zfs-miscvm:sanity-2 run tests/fs/lustre/sanity/sanity-2.ktest FAIL 55s (exit code: 1)
END ml-zfs-miscvm:boot run tests/fs/lustre/boot.ktest PASS 56s
END ml-zfs-miscvm:sanity-1 run tests/fs/lustre/sanity/sanity-1.ktest FAIL 58s (exit code: 1)
END ml-zfs-miscvm:sanity-4 run tests/fs/lustre/sanity/sanity-4.ktest FAIL 59s (exit code: 1)
END ml-zfs-miscvm:mgs-setup run tests/fs/lustre/mgs-setup.ktest PASS 64s
END ml-zfs-miscvm:llmount run tests/fs/lustre/llmount.ktest PASS 92s
END ml-zfs-llmount:boot run tests/fs/lustre/llmount.ktest PASS 107s
END ml-zfs-miscvm:llog-unit run tests/fs/lustre/llog-unit.ktest FAIL 277s (exit code: 1)

============================================================
Final Results:
  ml-zfs-llmount:lustre_mainline: PASS (190s) (log: /var/www/ci-lustre/upstream-patch-review/550451c0e4b902a87d580b261bb4a90a4ab8c981_mainline-zfs_ml-zfs-llmount:lustre_mainline.log)
  ml-zfs-llmount:boot: PASS (107s) (log: /var/www/ci-lustre/upstream-patch-review/550451c0e4b902a87d580b261bb4a90a4ab8c981_mainline-zfs_ml-zfs-llmount:boot.log)
  ml-zfs-miscvm:lustre_mainline_native: PASS (188s) (log: /var/www/ci-lustre/upstream-patch-review/550451c0e4b902a87d580b261bb4a90a4ab8c981_mainline-zfs_ml-zfs-miscvm:lustre_mainline_native.log)
  ml-zfs-miscvm:boot: PASS (56s) (log: /var/www/ci-lustre/upstream-patch-review/550451c0e4b902a87d580b261bb4a90a4ab8c981_mainline-zfs_ml-zfs-miscvm:boot.log)
  ml-zfs-miscvm:llmount: PASS (92s) (log: /var/www/ci-lustre/upstream-patch-review/550451c0e4b902a87d580b261bb4a90a4ab8c981_mainline-zfs_ml-zfs-miscvm:llmount.log)
  ml-zfs-miscvm:llog-unit: FAIL (277s) (log: /var/www/ci-lustre/upstream-patch-review/550451c0e4b902a87d580b261bb4a90a4ab8c981_mainline-zfs_ml-zfs-miscvm:llog-unit.log)
  ml-zfs-miscvm:mgs-setup: PASS (64s) (log: /var/www/ci-lustre/upstream-patch-review/550451c0e4b902a87d580b261bb4a90a4ab8c981_mainline-zfs_ml-zfs-miscvm:mgs-setup.log)
  ml-zfs-miscvm:sanity-1: FAIL (58s) (log: /var/www/ci-lustre/upstream-patch-review/550451c0e4b902a87d580b261bb4a90a4ab8c981_mainline-zfs_ml-zfs-miscvm:sanity-1.log)
  ml-zfs-miscvm:sanity-2: FAIL (55s) (log: /var/www/ci-lustre/upstream-patch-review/550451c0e4b902a87d580b261bb4a90a4ab8c981_mainline-zfs_ml-zfs-miscvm:sanity-2.log)
  ml-zfs-miscvm:sanity-3: FAIL (53s) (log: /var/www/ci-lustre/upstream-patch-review/550451c0e4b902a87d580b261bb4a90a4ab8c981_mainline-zfs_ml-zfs-miscvm:sanity-3.log)
  ml-zfs-miscvm:sanity-4: FAIL (59s) (log: /var/www/ci-lustre/upstream-patch-review/550451c0e4b902a87d580b261bb4a90a4ab8c981_mainline-zfs_ml-zfs-miscvm:sanity-4.log)

Total execution time: 497s

Packed 5719 logs from /var/www/ci-lustre/upstream-patch-review into /home/ktest/ktest/local-site/local_data.js
Open /home/ktest/ktest/local-site/index.html in a browser
