CLI: ./pk --podman-socket unix:///run/user/1000/podman/podman.sock --shared-filesystem /tmp --tarball-input job lustre-ci-branch --output /var/www/ci-lustre/upstream-patch-review --git-hash 550451c0e4b902a87d580b261bb4a90a4ab8c981_lustre-ci-branch --change-id master_550451c0e4b902a87d580b261bb4a90a4ab8c981_lustre-ci-branch --subject [lustre-ci-branch] Main development branch

Environment validated successfully
Note: custom LLVM is not synced in tarball input mode
Creating kernel tarball at /tmp/ktest-kernel.tar.gz...
Creating lustre tarball at /tmp/ktest-lustre.tar.gz...
Creating ZFS tarball at /tmp/ktest-zfs.tar.gz...
Executing 18 jobs
Jobs will start as soon as their dependencies are satisfied
Using tarball input mode

START kernel-doc:kernel-doc tool kernel_doc_helper.sh
START contributions:contributions tool contributions
START u24:u24 build tests/fs/lustre/boot.ktest
START llvm-checks:cc-plugin build tests/fs/lustre/boot.ktest
START ml:lustre_mainline build tests/fs/lustre/boot.ktest
START ml-miscvm:lustre_mainline_native build tests/fs/lustre/boot.ktest
START checkpatch-parallel:checkpatch-parallel tool checkpatch-parallel
START al2023:al2023 build tests/fs/lustre/boot.ktest
START license-status:license-status tool license-status
START ml-strict:lustre_mainline build tests/fs/lustre/boot-strict.ktest
PUT /tmp/ktest-lustre.tar.gz 2s
PUT /tmp/ktest-lustre.tar.gz 5s
PUT /tmp/ktest-kernel.tar.gz 20s
PUT /tmp/ktest-kernel.tar.gz 20s
PUT /tmp/ktest-kernel.tar.gz 20s
PUT /tmp/ktest-kernel.tar.gz 20s
PUT /tmp/ktest-kernel.tar.gz 21s
PUT /tmp/ktest-kernel.tar.gz 21s
PUT /tmp/ktest-kernel.tar.gz 21s
PUT /tmp/ktest-kernel.tar.gz 21s
PUT /tmp/ktest-lustre.tar.gz 13s
PUT /tmp/ktest-lustre.tar.gz 12s
PUT /tmp/ktest-lustre.tar.gz 13s
PUT /tmp/ktest-lustre.tar.gz 13s
PUT /tmp/ktest-lustre.tar.gz 12s
PUT /tmp/ktest-lustre.tar.gz 13s
PUT /tmp/ktest-lustre.tar.gz 12s
PUT /tmp/ktest-lustre.tar.gz 13s
PUT /tmp/ktest-zfs.tar.gz 2s
PUT /tmp/ktest-zfs.tar.gz 2s
PUT /tmp/ktest-zfs.tar.gz 2s
PUT /tmp/ktest-zfs.tar.gz 2s
END contributions:contributions tool contributions PASS 39s
END license-status:license-status tool license-status FAIL 42s (exit code: 1)
END kernel-doc:kernel-doc tool kernel_doc_helper.sh PASS 45s
END u24:u24 build tests/fs/lustre/boot.ktest PASS 63s
END al2023:al2023 build tests/fs/lustre/boot.ktest PASS 79s
END checkpatch-parallel:checkpatch-parallel tool checkpatch-parallel PASS 90s
GET /tmp/ktest_ml-strict:lustre_mainline_0vojq_op.tar 11s
GET /tmp/ktest_ml-miscvm:lustre_mainline_native_qwbwt_k5.tar 1s
GET /tmp/ktest_ml:lustre_mainline_6h8j6se8.tar 2s
END ml-strict:lustre_mainline build tests/fs/lustre/boot-strict.ktest FAIL 249s (exit code: 1)
END ml-miscvm:lustre_mainline_native build tests/fs/lustre/boot.ktest PASS 251s
START ml-miscvm:boot run tests/fs/lustre/boot.ktest
START ml-miscvm:llmount run tests/fs/lustre/llmount.ktest
START ml-miscvm:llog-unit run tests/fs/lustre/llog-unit.ktest
START ml-miscvm:mgs-setup run tests/fs/lustre/mgs-setup.ktest
START ml-miscvm:sanity-1 run tests/fs/lustre/sanity/sanity-1.ktest
START ml-miscvm:sanity-2 run tests/fs/lustre/sanity/sanity-2.ktest
START ml-miscvm:sanity-3 run tests/fs/lustre/sanity/sanity-3.ktest
START ml-miscvm:sanity-4 run tests/fs/lustre/sanity/sanity-4.ktest
END ml:lustre_mainline build tests/fs/lustre/boot.ktest PASS 253s
END llvm-checks:cc-plugin build tests/fs/lustre/boot.ktest PASS 257s
PUT /tmp/ktest-kernel.tar.gz 31s
PUT /tmp/ktest-kernel.tar.gz 31s
PUT /tmp/ktest-kernel.tar.gz 31s
PUT /tmp/ktest-kernel.tar.gz 31s
PUT /tmp/ktest-kernel.tar.gz 31s
PUT /tmp/ktest-kernel.tar.gz 32s
PUT /tmp/ktest-kernel.tar.gz 32s
PUT /tmp/ktest-kernel.tar.gz 32s
PUT /tmp/ktest-lustre.tar.gz 15s
PUT /tmp/ktest-lustre.tar.gz 16s
PUT /tmp/ktest-lustre.tar.gz 16s
PUT /tmp/ktest-lustre.tar.gz 15s
PUT /tmp/ktest-lustre.tar.gz 15s
PUT /tmp/ktest-lustre.tar.gz 16s
PUT /tmp/ktest-lustre.tar.gz 16s
PUT /tmp/ktest-lustre.tar.gz 16s
PUT /tmp/ktest_ml-miscvm:lustre_mainline_native_qwbwt_k5.tar 3s
PUT /tmp/ktest_ml-miscvm:lustre_mainline_native_qwbwt_k5.tar 3s
PUT /tmp/ktest_ml-miscvm:lustre_mainline_native_qwbwt_k5.tar 3s
PUT /tmp/ktest_ml-miscvm:lustre_mainline_native_qwbwt_k5.tar 3s
PUT /tmp/ktest_ml-miscvm:lustre_mainline_native_qwbwt_k5.tar 3s
PUT /tmp/ktest_ml-miscvm:lustre_mainline_native_qwbwt_k5.tar 3s
PUT /tmp/ktest_ml-miscvm:lustre_mainline_native_qwbwt_k5.tar 3s
PUT /tmp/ktest_ml-miscvm:lustre_mainline_native_qwbwt_k5.tar 3s
END ml-miscvm:boot run tests/fs/lustre/boot.ktest PASS 70s
END ml-miscvm:mgs-setup run tests/fs/lustre/mgs-setup.ktest PASS 80s
END ml-miscvm:sanity-2 run tests/fs/lustre/sanity/sanity-2.ktest PASS 109s
END ml-miscvm:sanity-4 run tests/fs/lustre/sanity/sanity-4.ktest PASS 111s
END ml-miscvm:llmount run tests/fs/lustre/llmount.ktest PASS 119s
END ml-miscvm:sanity-1 run tests/fs/lustre/sanity/sanity-1.ktest PASS 121s
END ml-miscvm:sanity-3 run tests/fs/lustre/sanity/sanity-3.ktest PASS 122s
END ml-miscvm:llog-unit run tests/fs/lustre/llog-unit.ktest FAIL 156s (exit code: 1)

============================================================
Final Results:
  checkpatch-parallel:checkpatch-parallel: PASS (90s) (log: /var/www/ci-lustre/upstream-patch-review/550451c0e4b902a87d580b261bb4a90a4ab8c981_lustre-ci-branch_checkpatch-parallel:checkpatch-parallel.log)
  contributions:contributions: PASS (39s) (log: /var/www/ci-lustre/upstream-patch-review/550451c0e4b902a87d580b261bb4a90a4ab8c981_lustre-ci-branch_contributions:contributions.log)
  license-status:license-status: FAIL (42s) (log: /var/www/ci-lustre/upstream-patch-review/550451c0e4b902a87d580b261bb4a90a4ab8c981_lustre-ci-branch_license-status:license-status.log)
  kernel-doc:kernel-doc: PASS (45s) (log: /var/www/ci-lustre/upstream-patch-review/550451c0e4b902a87d580b261bb4a90a4ab8c981_lustre-ci-branch_kernel-doc:kernel-doc.log)
  u24:u24: PASS (63s) (log: /var/www/ci-lustre/upstream-patch-review/550451c0e4b902a87d580b261bb4a90a4ab8c981_lustre-ci-branch_u24:u24.log)
  al2023:al2023: PASS (79s) (log: /var/www/ci-lustre/upstream-patch-review/550451c0e4b902a87d580b261bb4a90a4ab8c981_lustre-ci-branch_al2023:al2023.log)
  ml-strict:lustre_mainline: FAIL (249s) (log: /var/www/ci-lustre/upstream-patch-review/550451c0e4b902a87d580b261bb4a90a4ab8c981_lustre-ci-branch_ml-strict:lustre_mainline.log)
  ml:lustre_mainline: PASS (253s) (log: /var/www/ci-lustre/upstream-patch-review/550451c0e4b902a87d580b261bb4a90a4ab8c981_lustre-ci-branch_ml:lustre_mainline.log)
  llvm-checks:cc-plugin: PASS (257s) (log: /var/www/ci-lustre/upstream-patch-review/550451c0e4b902a87d580b261bb4a90a4ab8c981_lustre-ci-branch_llvm-checks:cc-plugin.log)
  ml-miscvm:lustre_mainline_native: PASS (251s) (log: /var/www/ci-lustre/upstream-patch-review/550451c0e4b902a87d580b261bb4a90a4ab8c981_lustre-ci-branch_ml-miscvm:lustre_mainline_native.log)
  ml-miscvm:boot: PASS (70s) (log: /var/www/ci-lustre/upstream-patch-review/550451c0e4b902a87d580b261bb4a90a4ab8c981_lustre-ci-branch_ml-miscvm:boot.log)
  ml-miscvm:llmount: PASS (119s) (log: /var/www/ci-lustre/upstream-patch-review/550451c0e4b902a87d580b261bb4a90a4ab8c981_lustre-ci-branch_ml-miscvm:llmount.log)
  ml-miscvm:llog-unit: FAIL (156s) (log: /var/www/ci-lustre/upstream-patch-review/550451c0e4b902a87d580b261bb4a90a4ab8c981_lustre-ci-branch_ml-miscvm:llog-unit.log)
  ml-miscvm:mgs-setup: PASS (80s) (log: /var/www/ci-lustre/upstream-patch-review/550451c0e4b902a87d580b261bb4a90a4ab8c981_lustre-ci-branch_ml-miscvm:mgs-setup.log)
  ml-miscvm:sanity-1: PASS (121s) (log: /var/www/ci-lustre/upstream-patch-review/550451c0e4b902a87d580b261bb4a90a4ab8c981_lustre-ci-branch_ml-miscvm:sanity-1.log)
  ml-miscvm:sanity-2: PASS (109s) (log: /var/www/ci-lustre/upstream-patch-review/550451c0e4b902a87d580b261bb4a90a4ab8c981_lustre-ci-branch_ml-miscvm:sanity-2.log)
  ml-miscvm:sanity-3: PASS (122s) (log: /var/www/ci-lustre/upstream-patch-review/550451c0e4b902a87d580b261bb4a90a4ab8c981_lustre-ci-branch_ml-miscvm:sanity-3.log)
  ml-miscvm:sanity-4: PASS (111s) (log: /var/www/ci-lustre/upstream-patch-review/550451c0e4b902a87d580b261bb4a90a4ab8c981_lustre-ci-branch_ml-miscvm:sanity-4.log)

Total execution time: 437s

Packed 5673 logs from /var/www/ci-lustre/upstream-patch-review into /home/ktest/ktest/local-site/local_data.js
Open /home/ktest/ktest/local-site/index.html in a browser
