CLI: ./pk --podman-socket unix:///run/user/1000/podman/podman.sock --shared-filesystem /tmp --tarball-input job mainline-lockdep --output /var/www/ci-lustre/upstream-patch-review --git-hash 550451c0e4b902a87d580b261bb4a90a4ab8c981_mainline-lockdep --change-id master_550451c0e4b902a87d580b261bb4a90a4ab8c981_mainline-lockdep --subject [mainline-lockdep] Main development branch

Environment validated successfully
Note: custom LLVM is not synced in tarball input mode
Creating kernel tarball at /tmp/ktest-kernel.tar.gz...
Creating lustre tarball at /tmp/ktest-lustre.tar.gz...
Creating ZFS tarball at /tmp/ktest-zfs.tar.gz...
Executing 11 jobs
Jobs will start as soon as their dependencies are satisfied
Using tarball input mode

START ml-lockdep-miscvm:lustre_mainline_native build tests/fs/lustre/lockdep-boot.ktest
START ml-lockdep-llmount:lustre_mainline build tests/fs/lustre/lockdep-llmount.ktest
PUT /tmp/ktest-kernel.tar.gz 5s
PUT /tmp/ktest-kernel.tar.gz 5s
PUT /tmp/ktest-lustre.tar.gz 1s
PUT /tmp/ktest-lustre.tar.gz 0s
PUT /tmp/ktest-zfs.tar.gz 0s
PUT /tmp/ktest-zfs.tar.gz 0s
GET /tmp/ktest_ml-lockdep-miscvm:lustre_mainline_native_m4qugs5v.tar 0s
GET /tmp/ktest_ml-lockdep-llmount:lustre_mainline_spqybcex.tar 0s
END ml-lockdep-miscvm:lustre_mainline_native build tests/fs/lustre/lockdep-boot.ktest PASS 152s
START ml-lockdep-miscvm:boot run tests/fs/lustre/lockdep-boot.ktest
START ml-lockdep-miscvm:llmount run tests/fs/lustre/lockdep-llmount.ktest
START ml-lockdep-miscvm:llog-unit run tests/fs/lustre/lockdep-llog-unit.ktest
START ml-lockdep-miscvm:mgs-setup run tests/fs/lustre/lockdep-mgs-setup.ktest
START ml-lockdep-miscvm:sanity-1 run tests/fs/lustre/sanity/lockdep-sanity-1.ktest
START ml-lockdep-miscvm:sanity-2 run tests/fs/lustre/sanity/lockdep-sanity-2.ktest
START ml-lockdep-miscvm:sanity-3 run tests/fs/lustre/sanity/lockdep-sanity-3.ktest
START ml-lockdep-miscvm:sanity-4 run tests/fs/lustre/sanity/lockdep-sanity-4.ktest
END ml-lockdep-llmount:lustre_mainline build tests/fs/lustre/lockdep-llmount.ktest PASS 153s
START ml-lockdep-llmount:boot run tests/fs/lustre/lockdep-llmount.ktest
PUT /tmp/ktest-kernel.tar.gz 41s
PUT /tmp/ktest-kernel.tar.gz 41s
PUT /tmp/ktest-kernel.tar.gz 41s
PUT /tmp/ktest-kernel.tar.gz 42s
PUT /tmp/ktest-kernel.tar.gz 41s
PUT /tmp/ktest-kernel.tar.gz 42s
PUT /tmp/ktest-kernel.tar.gz 42s
PUT /tmp/ktest-kernel.tar.gz 42s
PUT /tmp/ktest-kernel.tar.gz 43s
PUT /tmp/ktest-lustre.tar.gz 15s
PUT /tmp/ktest-lustre.tar.gz 16s
PUT /tmp/ktest-lustre.tar.gz 16s
PUT /tmp/ktest-lustre.tar.gz 15s
PUT /tmp/ktest-lustre.tar.gz 15s
PUT /tmp/ktest-lustre.tar.gz 15s
PUT /tmp/ktest-lustre.tar.gz 15s
PUT /tmp/ktest-lustre.tar.gz 15s
PUT /tmp/ktest-lustre.tar.gz 15s
PUT /tmp/ktest_ml-lockdep-miscvm:lustre_mainline_native_m4qugs5v.tar 3s
PUT /tmp/ktest_ml-lockdep-miscvm:lustre_mainline_native_m4qugs5v.tar 3s
PUT /tmp/ktest_ml-lockdep-miscvm:lustre_mainline_native_m4qugs5v.tar 3s
PUT /tmp/ktest_ml-lockdep-miscvm:lustre_mainline_native_m4qugs5v.tar 3s
PUT /tmp/ktest_ml-lockdep-miscvm:lustre_mainline_native_m4qugs5v.tar 3s
PUT /tmp/ktest_ml-lockdep-miscvm:lustre_mainline_native_m4qugs5v.tar 3s
PUT /tmp/ktest_ml-lockdep-miscvm:lustre_mainline_native_m4qugs5v.tar 3s
PUT /tmp/ktest_ml-lockdep-llmount:lustre_mainline_spqybcex.tar 3s
PUT /tmp/ktest_ml-lockdep-miscvm:lustre_mainline_native_m4qugs5v.tar 3s
END ml-lockdep-miscvm:boot run tests/fs/lustre/lockdep-boot.ktest PASS 79s
END ml-lockdep-miscvm:sanity-1 run tests/fs/lustre/sanity/lockdep-sanity-1.ktest FAIL 84s (exit code: 1)
END ml-lockdep-miscvm:sanity-4 run tests/fs/lustre/sanity/lockdep-sanity-4.ktest FAIL 85s (exit code: 1)
END ml-lockdep-miscvm:sanity-2 run tests/fs/lustre/sanity/lockdep-sanity-2.ktest FAIL 87s (exit code: 1)
END ml-lockdep-miscvm:sanity-3 run tests/fs/lustre/sanity/lockdep-sanity-3.ktest FAIL 88s (exit code: 1)
END ml-lockdep-miscvm:mgs-setup run tests/fs/lustre/lockdep-mgs-setup.ktest FAIL 90s (exit code: 1)
END ml-lockdep-llmount:boot run tests/fs/lustre/lockdep-llmount.ktest FAIL 126s (exit code: 1)
END ml-lockdep-miscvm:llmount run tests/fs/lustre/lockdep-llmount.ktest FAIL 129s (exit code: 1)
END ml-lockdep-miscvm:llog-unit run tests/fs/lustre/lockdep-llog-unit.ktest FAIL 151s (exit code: 1)

============================================================
Final Results:
  ml-lockdep-llmount:lustre_mainline: PASS (153s) (log: /var/www/ci-lustre/upstream-patch-review/550451c0e4b902a87d580b261bb4a90a4ab8c981_mainline-lockdep_ml-lockdep-llmount:lustre_mainline.log)
  ml-lockdep-llmount:boot: FAIL (126s) (log: /var/www/ci-lustre/upstream-patch-review/550451c0e4b902a87d580b261bb4a90a4ab8c981_mainline-lockdep_ml-lockdep-llmount:boot.log)
  ml-lockdep-miscvm:lustre_mainline_native: PASS (152s) (log: /var/www/ci-lustre/upstream-patch-review/550451c0e4b902a87d580b261bb4a90a4ab8c981_mainline-lockdep_ml-lockdep-miscvm:lustre_mainline_native.log)
  ml-lockdep-miscvm:boot: PASS (79s) (log: /var/www/ci-lustre/upstream-patch-review/550451c0e4b902a87d580b261bb4a90a4ab8c981_mainline-lockdep_ml-lockdep-miscvm:boot.log)
  ml-lockdep-miscvm:llmount: FAIL (129s) (log: /var/www/ci-lustre/upstream-patch-review/550451c0e4b902a87d580b261bb4a90a4ab8c981_mainline-lockdep_ml-lockdep-miscvm:llmount.log)
  ml-lockdep-miscvm:llog-unit: FAIL (151s) (log: /var/www/ci-lustre/upstream-patch-review/550451c0e4b902a87d580b261bb4a90a4ab8c981_mainline-lockdep_ml-lockdep-miscvm:llog-unit.log)
  ml-lockdep-miscvm:mgs-setup: FAIL (90s) (log: /var/www/ci-lustre/upstream-patch-review/550451c0e4b902a87d580b261bb4a90a4ab8c981_mainline-lockdep_ml-lockdep-miscvm:mgs-setup.log)
  ml-lockdep-miscvm:sanity-1: FAIL (84s) (log: /var/www/ci-lustre/upstream-patch-review/550451c0e4b902a87d580b261bb4a90a4ab8c981_mainline-lockdep_ml-lockdep-miscvm:sanity-1.log)
  ml-lockdep-miscvm:sanity-2: FAIL (87s) (log: /var/www/ci-lustre/upstream-patch-review/550451c0e4b902a87d580b261bb4a90a4ab8c981_mainline-lockdep_ml-lockdep-miscvm:sanity-2.log)
  ml-lockdep-miscvm:sanity-3: FAIL (88s) (log: /var/www/ci-lustre/upstream-patch-review/550451c0e4b902a87d580b261bb4a90a4ab8c981_mainline-lockdep_ml-lockdep-miscvm:sanity-3.log)
  ml-lockdep-miscvm:sanity-4: FAIL (85s) (log: /var/www/ci-lustre/upstream-patch-review/550451c0e4b902a87d580b261bb4a90a4ab8c981_mainline-lockdep_ml-lockdep-miscvm:sanity-4.log)

Total execution time: 335s

Packed 5707 logs from /var/www/ci-lustre/upstream-patch-review into /home/ktest/ktest/local-site/local_data.js
Open /home/ktest/ktest/local-site/index.html in a browser
