00002 
00004 LNetError: 152:0:(lib-socket.c:619:lnet_inet_enumerate()) lnet: Can't find any usable interfaces, rc = -ENOENT
00004 LNetError: Error -100 starting up LNI tcp
00005 LustreError: 152:0:(events.c:632:ptlrpc_init_portals()) network initialisation failed: rc = -100
00014 tlp: vm.laptop_mode is deprecated. Ignoring setting.
00014 Kernel version: 7.0.0-ktest-550451c-6330a45-20260922-dirty
00014 hook init_noop
00014 
00014 Running tests mgs-setup
00014 
00014 ========= TEST   mgs-setup
00015 /host/home/ktest/git/lustre-release/lustre/tests/test-framework.sh: line 7030: cd: HOME not set
00015 /host/home/ktest/git/lustre-release/lustre/tests/test-framework.sh: line 7030: cd: HOME not set
00015 /host/home/ktest/git/lustre-release/lustre/tests/test-framework.sh: line 7030: cd: HOME not set
00016 MGS_OS_VERSION_ID=24.04
00016 MGS_OS_ID=ubuntu
00016 MGS_OS_VERSION_CODE=402915328
00016 MGS_OS_ID_LIKE=debian ubuntu
00017 MDS1_OS_ID=ubuntu
00017 MDS1_OS_VERSION_CODE=402915328
00017 MDS1_OS_ID_LIKE=debian ubuntu
00017 MDS1_OS_VERSION_ID=24.04
00017 OST1_OS_VERSION_ID=24.04
00017 OST1_OS_VERSION_CODE=402915328
00017 OST1_OS_ID=ubuntu
00017 OST1_OS_ID_LIKE=debian ubuntu
00017 CLIENT_OS_VERSION_ID=24.04
00017 CLIENT_OS_ID_LIKE=debian ubuntu
00017 CLIENT_OS_ID=ubuntu
00017 CLIENT_OS_VERSION_CODE=402915328
00017 Loading modules from /host/home/ktest/git/lustre-release/lustre
00017 detected 16 online CPUs by sysfs
00017 MODOPTS_LIBCFS=
00017 libcfs will create CPU partition based on online CPUs
00018 LNet: Added LNI 10.0.2.15@tcp [8/256/0/180]
00018 gss/krb5 is not supported
00019 Lustre: Echo OBD driver; http://www.lustre.org/
00019 '/usr/sbin/mount.lustre_tgt' -> 'mount.lustre'
00019 
00019 
00024 
00024 
00024 
00024 Lustre: server umount MGS0000 complete
00024 
00024 Removed directory: /mnt/lustre-eYzRrt-MGS0000
00024 
00024 ========= PASSED mgs-setup in 11s
00024 
00024 Passed: mgs-setup
00024 Failed: 
00024 NOTICE: Automounting of tracing to debugfs is deprecated and will be removed in 2030
00024 Kernel version: 7.0.0-ktest-550451c-6330a45-20260922-dirty
00024 TEST SUCCESS
