CLI: ./pk --podman-socket unix:///run/user/1000/podman/podman.sock --shared-filesystem /tmp --tarball-input job lustre-ci --output /var/www/ci-lustre/upstream-patch-review --git-hash 55c3ad269032976b86b71632f484af5bc0273734 --change-id 68158_55c3ad269032976b86b71632f484af5bc0273734 --subject LU-20611 lfs: share find's predicate parsing

Environment validated successfully
Note: custom LLVM is not synced in tarball input mode
Creating kernel tarball at /tmp/ktest-kernel.tar.gz...
Creating lustre tarball at /tmp/ktest-lustre.tar.gz...
Creating ZFS tarball at /tmp/ktest-zfs.tar.gz...
Executing 14 jobs
Jobs will start as soon as their dependencies are satisfied
Using tarball input mode

START ml-miscvm:lustre_mainline_native build tests/fs/lustre/boot.ktest
START ml-strict:lustre_mainline build tests/fs/lustre/boot-strict.ktest
START ml:lustre_mainline build tests/fs/lustre/boot.ktest
START al2023:al2023 build tests/fs/lustre/boot.ktest
START u24:u24 build tests/fs/lustre/boot.ktest
START checkpatch:checkpatch tool checkpatch
PUT /tmp/ktest-lustre.tar.gz 1s
PUT /tmp/ktest-lustre.tar.gz 2s
PUT /tmp/ktest-kernel.tar.gz 15s
PUT /tmp/ktest-kernel.tar.gz 15s
PUT /tmp/ktest-kernel.tar.gz 15s
PUT /tmp/ktest-kernel.tar.gz 15s
PUT /tmp/ktest-lustre.tar.gz 2s
PUT /tmp/ktest-lustre.tar.gz 2s
PUT /tmp/ktest-lustre.tar.gz 2s
PUT /tmp/ktest-lustre.tar.gz 2s
PUT /tmp/ktest-zfs.tar.gz 0s
PUT /tmp/ktest-zfs.tar.gz 0s
PUT /tmp/ktest-zfs.tar.gz 0s
END checkpatch:checkpatch tool checkpatch FAIL 21s (exit code: 1)
END u24:u24 build tests/fs/lustre/boot.ktest PASS 48s
END al2023:al2023 build tests/fs/lustre/boot.ktest PASS 54s
GET /tmp/ktest_ml-strict:lustre_mainline_g_qp3dbb.tar 5s
END ml-strict:lustre_mainline build tests/fs/lustre/boot-strict.ktest FAIL 178s (exit code: 1)
GET /tmp/ktest_ml:lustre_mainline_7wa6h0j7.tar 2s
GET /tmp/ktest_ml-miscvm:lustre_mainline_native_tca5p2u2.tar 0s
END ml:lustre_mainline build tests/fs/lustre/boot.ktest PASS 180s
END ml-miscvm:lustre_mainline_native build tests/fs/lustre/boot.ktest PASS 181s
START ml-miscvm:boot run tests/fs/lustre/boot.ktest
START ml-miscvm:llmount run tests/fs/lustre/llmount.ktest
START ml-miscvm:llog-unit run tests/fs/lustre/llog-unit.ktest
START ml-miscvm:mgs-setup run tests/fs/lustre/mgs-setup.ktest
START ml-miscvm:sanity-1 run tests/fs/lustre/sanity/sanity-1.ktest
START ml-miscvm:sanity-2 run tests/fs/lustre/sanity/sanity-2.ktest
START ml-miscvm:sanity-3 run tests/fs/lustre/sanity/sanity-3.ktest
START ml-miscvm:sanity-4 run tests/fs/lustre/sanity/sanity-4.ktest
PUT /tmp/ktest-kernel.tar.gz 57s
PUT /tmp/ktest-kernel.tar.gz 56s
PUT /tmp/ktest-kernel.tar.gz 57s
PUT /tmp/ktest-kernel.tar.gz 57s
PUT /tmp/ktest-kernel.tar.gz 57s
PUT /tmp/ktest-kernel.tar.gz 57s
PUT /tmp/ktest-kernel.tar.gz 57s
PUT /tmp/ktest-kernel.tar.gz 58s
PUT /tmp/ktest-lustre.tar.gz 9s
PUT /tmp/ktest-lustre.tar.gz 8s
PUT /tmp/ktest-lustre.tar.gz 9s
PUT /tmp/ktest-lustre.tar.gz 9s
PUT /tmp/ktest-lustre.tar.gz 9s
PUT /tmp/ktest-lustre.tar.gz 9s
PUT /tmp/ktest-lustre.tar.gz 8s
PUT /tmp/ktest-lustre.tar.gz 9s
PUT /tmp/ktest_ml-miscvm:lustre_mainline_native_tca5p2u2.tar 1s
PUT /tmp/ktest_ml-miscvm:lustre_mainline_native_tca5p2u2.tar 1s
PUT /tmp/ktest_ml-miscvm:lustre_mainline_native_tca5p2u2.tar 1s
PUT /tmp/ktest_ml-miscvm:lustre_mainline_native_tca5p2u2.tar 1s
PUT /tmp/ktest_ml-miscvm:lustre_mainline_native_tca5p2u2.tar 1s
PUT /tmp/ktest_ml-miscvm:lustre_mainline_native_tca5p2u2.tar 1s
PUT /tmp/ktest_ml-miscvm:lustre_mainline_native_tca5p2u2.tar 1s
PUT /tmp/ktest_ml-miscvm:lustre_mainline_native_tca5p2u2.tar 1s
END ml-miscvm:boot run tests/fs/lustre/boot.ktest PASS 80s
END ml-miscvm:mgs-setup run tests/fs/lustre/mgs-setup.ktest PASS 90s
END ml-miscvm:sanity-4 run tests/fs/lustre/sanity/sanity-4.ktest PASS 119s
END ml-miscvm:sanity-2 run tests/fs/lustre/sanity/sanity-2.ktest PASS 120s
END ml-miscvm:sanity-3 run tests/fs/lustre/sanity/sanity-3.ktest PASS 121s
END ml-miscvm:sanity-1 run tests/fs/lustre/sanity/sanity-1.ktest PASS 123s
END ml-miscvm:llmount run tests/fs/lustre/llmount.ktest PASS 130s
END ml-miscvm:llog-unit run tests/fs/lustre/llog-unit.ktest FAIL 166s (exit code: 1)

============================================================
Final Results:
  checkpatch:checkpatch: FAIL (21s) (log: /var/www/ci-lustre/upstream-patch-review/55c3ad269032976b86b71632f484af5bc0273734_checkpatch:checkpatch.log)
  u24:u24: PASS (48s) (log: /var/www/ci-lustre/upstream-patch-review/55c3ad269032976b86b71632f484af5bc0273734_u24:u24.log)
  al2023:al2023: PASS (54s) (log: /var/www/ci-lustre/upstream-patch-review/55c3ad269032976b86b71632f484af5bc0273734_al2023:al2023.log)
  ml-strict:lustre_mainline: FAIL (178s) (log: /var/www/ci-lustre/upstream-patch-review/55c3ad269032976b86b71632f484af5bc0273734_ml-strict:lustre_mainline.log)
  ml:lustre_mainline: PASS (180s) (log: /var/www/ci-lustre/upstream-patch-review/55c3ad269032976b86b71632f484af5bc0273734_ml:lustre_mainline.log)
  ml-miscvm:lustre_mainline_native: PASS (181s) (log: /var/www/ci-lustre/upstream-patch-review/55c3ad269032976b86b71632f484af5bc0273734_ml-miscvm:lustre_mainline_native.log)
  ml-miscvm:boot: PASS (80s) (log: /var/www/ci-lustre/upstream-patch-review/55c3ad269032976b86b71632f484af5bc0273734_ml-miscvm:boot.log)
  ml-miscvm:llmount: PASS (130s) (log: /var/www/ci-lustre/upstream-patch-review/55c3ad269032976b86b71632f484af5bc0273734_ml-miscvm:llmount.log)
  ml-miscvm:llog-unit: FAIL (166s) (log: /var/www/ci-lustre/upstream-patch-review/55c3ad269032976b86b71632f484af5bc0273734_ml-miscvm:llog-unit.log)
  ml-miscvm:mgs-setup: PASS (90s) (log: /var/www/ci-lustre/upstream-patch-review/55c3ad269032976b86b71632f484af5bc0273734_ml-miscvm:mgs-setup.log)
  ml-miscvm:sanity-1: PASS (123s) (log: /var/www/ci-lustre/upstream-patch-review/55c3ad269032976b86b71632f484af5bc0273734_ml-miscvm:sanity-1.log)
  ml-miscvm:sanity-2: PASS (120s) (log: /var/www/ci-lustre/upstream-patch-review/55c3ad269032976b86b71632f484af5bc0273734_ml-miscvm:sanity-2.log)
  ml-miscvm:sanity-3: PASS (121s) (log: /var/www/ci-lustre/upstream-patch-review/55c3ad269032976b86b71632f484af5bc0273734_ml-miscvm:sanity-3.log)
  ml-miscvm:sanity-4: PASS (119s) (log: /var/www/ci-lustre/upstream-patch-review/55c3ad269032976b86b71632f484af5bc0273734_ml-miscvm:sanity-4.log)

Total execution time: 378s

Packed 5956 logs from /var/www/ci-lustre/upstream-patch-review into /home/ktest/ktest/local-site/local_data.js
Open /home/ktest/ktest/local-site/index.html in a browser
