CLI: ./pk --podman-socket unix:///run/user/1000/podman/podman.sock --shared-filesystem /tmp --tarball-input job lustre-ci --output /var/www/ci-lustre/upstream-patch-review --git-hash 569731d4d9571cee6a9910832e03dd3540e35865 --change-id 56434_569731d4d9571cee6a9910832e03dd3540e35865 --subject LU-18231 obd: change obd_recovery_expired into OBDF_RECOVERY_EXPIRED

Environment validated successfully
Note: custom LLVM is not synced in tarball input mode
Creating kernel tarball at /tmp/ktest-kernel.tar.gz...
Creating lustre tarball at /tmp/ktest-lustre.tar.gz...
Creating ZFS tarball at /tmp/ktest-zfs.tar.gz...
Executing 14 jobs
Jobs will start as soon as their dependencies are satisfied
Using tarball input mode

START ml:lustre_mainline build tests/fs/lustre/boot.ktest
START u24:u24 build tests/fs/lustre/boot.ktest
START checkpatch:checkpatch tool checkpatch
START ml-miscvm:lustre_mainline_native build tests/fs/lustre/boot.ktest
START al2023:al2023 build tests/fs/lustre/boot.ktest
START ml-strict:lustre_mainline build tests/fs/lustre/boot-strict.ktest
PUT /tmp/ktest-lustre.tar.gz 1s
PUT /tmp/ktest-lustre.tar.gz 2s
PUT /tmp/ktest-kernel.tar.gz 9s
PUT /tmp/ktest-kernel.tar.gz 9s
PUT /tmp/ktest-kernel.tar.gz 9s
PUT /tmp/ktest-kernel.tar.gz 9s
PUT /tmp/ktest-lustre.tar.gz 6s
PUT /tmp/ktest-lustre.tar.gz 5s
PUT /tmp/ktest-lustre.tar.gz 6s
PUT /tmp/ktest-lustre.tar.gz 5s
PUT /tmp/ktest-zfs.tar.gz 1s
PUT /tmp/ktest-zfs.tar.gz 1s
PUT /tmp/ktest-zfs.tar.gz 1s
END checkpatch:checkpatch tool checkpatch PASS 19s
END u24:u24 build tests/fs/lustre/boot.ktest PASS 44s
END al2023:al2023 build tests/fs/lustre/boot.ktest PASS 48s
GET /tmp/ktest_ml-strict:lustre_mainline_jb095xip.tar 8s
END ml-strict:lustre_mainline build tests/fs/lustre/boot-strict.ktest FAIL 207s (exit code: 1)
GET /tmp/ktest_ml:lustre_mainline_n41temsa.tar 0s
GET /tmp/ktest_ml-miscvm:lustre_mainline_native_09eia49_.tar 0s
END ml:lustre_mainline build tests/fs/lustre/boot.ktest PASS 229s
END ml-miscvm:lustre_mainline_native build tests/fs/lustre/boot.ktest PASS 230s
START ml-miscvm:boot run tests/fs/lustre/boot.ktest
START ml-miscvm:llmount run tests/fs/lustre/llmount.ktest
START ml-miscvm:llog-unit run tests/fs/lustre/llog-unit.ktest
START ml-miscvm:mgs-setup run tests/fs/lustre/mgs-setup.ktest
START ml-miscvm:sanity-1 run tests/fs/lustre/sanity/sanity-1.ktest
START ml-miscvm:sanity-2 run tests/fs/lustre/sanity/sanity-2.ktest
START ml-miscvm:sanity-3 run tests/fs/lustre/sanity/sanity-3.ktest
START ml-miscvm:sanity-4 run tests/fs/lustre/sanity/sanity-4.ktest
PUT /tmp/ktest-kernel.tar.gz 29s
PUT /tmp/ktest-kernel.tar.gz 29s
PUT /tmp/ktest-kernel.tar.gz 29s
PUT /tmp/ktest-kernel.tar.gz 29s
PUT /tmp/ktest-kernel.tar.gz 30s
PUT /tmp/ktest-kernel.tar.gz 30s
PUT /tmp/ktest-kernel.tar.gz 30s
PUT /tmp/ktest-kernel.tar.gz 30s
PUT /tmp/ktest-lustre.tar.gz 11s
PUT /tmp/ktest-lustre.tar.gz 10s
PUT /tmp/ktest-lustre.tar.gz 11s
PUT /tmp/ktest-lustre.tar.gz 10s
PUT /tmp/ktest-lustre.tar.gz 11s
PUT /tmp/ktest-lustre.tar.gz 11s
PUT /tmp/ktest-lustre.tar.gz 10s
PUT /tmp/ktest-lustre.tar.gz 10s
PUT /tmp/ktest_ml-miscvm:lustre_mainline_native_09eia49_.tar 2s
PUT /tmp/ktest_ml-miscvm:lustre_mainline_native_09eia49_.tar 2s
PUT /tmp/ktest_ml-miscvm:lustre_mainline_native_09eia49_.tar 2s
PUT /tmp/ktest_ml-miscvm:lustre_mainline_native_09eia49_.tar 2s
PUT /tmp/ktest_ml-miscvm:lustre_mainline_native_09eia49_.tar 2s
PUT /tmp/ktest_ml-miscvm:lustre_mainline_native_09eia49_.tar 2s
PUT /tmp/ktest_ml-miscvm:lustre_mainline_native_09eia49_.tar 2s
PUT /tmp/ktest_ml-miscvm:lustre_mainline_native_09eia49_.tar 2s
END ml-miscvm:boot run tests/fs/lustre/boot.ktest PASS 56s
END ml-miscvm:mgs-setup run tests/fs/lustre/mgs-setup.ktest PASS 67s
END ml-miscvm:sanity-1 run tests/fs/lustre/sanity/sanity-1.ktest PASS 95s
END ml-miscvm:sanity-2 run tests/fs/lustre/sanity/sanity-2.ktest PASS 96s
END ml-miscvm:sanity-3 run tests/fs/lustre/sanity/sanity-3.ktest PASS 98s
END ml-miscvm:sanity-4 run tests/fs/lustre/sanity/sanity-4.ktest PASS 107s
END ml-miscvm:llmount run tests/fs/lustre/llmount.ktest PASS 116s
END ml-miscvm:llog-unit run tests/fs/lustre/llog-unit.ktest FAIL 142s (exit code: 1)

============================================================
Final Results:
  checkpatch:checkpatch: PASS (19s) (log: /var/www/ci-lustre/upstream-patch-review/569731d4d9571cee6a9910832e03dd3540e35865_checkpatch:checkpatch.log)
  u24:u24: PASS (44s) (log: /var/www/ci-lustre/upstream-patch-review/569731d4d9571cee6a9910832e03dd3540e35865_u24:u24.log)
  al2023:al2023: PASS (48s) (log: /var/www/ci-lustre/upstream-patch-review/569731d4d9571cee6a9910832e03dd3540e35865_al2023:al2023.log)
  ml-strict:lustre_mainline: FAIL (207s) (log: /var/www/ci-lustre/upstream-patch-review/569731d4d9571cee6a9910832e03dd3540e35865_ml-strict:lustre_mainline.log)
  ml:lustre_mainline: PASS (229s) (log: /var/www/ci-lustre/upstream-patch-review/569731d4d9571cee6a9910832e03dd3540e35865_ml:lustre_mainline.log)
  ml-miscvm:lustre_mainline_native: PASS (230s) (log: /var/www/ci-lustre/upstream-patch-review/569731d4d9571cee6a9910832e03dd3540e35865_ml-miscvm:lustre_mainline_native.log)
  ml-miscvm:boot: PASS (56s) (log: /var/www/ci-lustre/upstream-patch-review/569731d4d9571cee6a9910832e03dd3540e35865_ml-miscvm:boot.log)
  ml-miscvm:llmount: PASS (116s) (log: /var/www/ci-lustre/upstream-patch-review/569731d4d9571cee6a9910832e03dd3540e35865_ml-miscvm:llmount.log)
  ml-miscvm:llog-unit: FAIL (142s) (log: /var/www/ci-lustre/upstream-patch-review/569731d4d9571cee6a9910832e03dd3540e35865_ml-miscvm:llog-unit.log)
  ml-miscvm:mgs-setup: PASS (67s) (log: /var/www/ci-lustre/upstream-patch-review/569731d4d9571cee6a9910832e03dd3540e35865_ml-miscvm:mgs-setup.log)
  ml-miscvm:sanity-1: PASS (95s) (log: /var/www/ci-lustre/upstream-patch-review/569731d4d9571cee6a9910832e03dd3540e35865_ml-miscvm:sanity-1.log)
  ml-miscvm:sanity-2: PASS (96s) (log: /var/www/ci-lustre/upstream-patch-review/569731d4d9571cee6a9910832e03dd3540e35865_ml-miscvm:sanity-2.log)
  ml-miscvm:sanity-3: PASS (98s) (log: /var/www/ci-lustre/upstream-patch-review/569731d4d9571cee6a9910832e03dd3540e35865_ml-miscvm:sanity-3.log)
  ml-miscvm:sanity-4: PASS (107s) (log: /var/www/ci-lustre/upstream-patch-review/569731d4d9571cee6a9910832e03dd3540e35865_ml-miscvm:sanity-4.log)

Total execution time: 403s

Packed 6937 logs from /var/www/ci-lustre/upstream-patch-review into /home/ktest/ktest/local-site/local_data.js
Open /home/ktest/ktest/local-site/index.html in a browser
