CLI: ./pk --podman-socket unix:///run/user/1000/podman/podman.sock --shared-filesystem /tmp --tarball-input job lustre-ci --output /var/www/ci-lustre/upstream-patch-review --git-hash 5850056c5bc8f2fe98ac07427f3d8d354ee84efb --change-id 68474_5850056c5bc8f2fe98ac07427f3d8d354ee84efb --subject LU-19916 mgs: do not offer a target with no MGS as an MGS

Environment validated successfully
Note: custom LLVM is not synced in tarball input mode
Creating kernel tarball at /tmp/ktest-kernel.tar.gz...
Creating lustre tarball at /tmp/ktest-lustre.tar.gz...
Creating ZFS tarball at /tmp/ktest-zfs.tar.gz...
Executing 14 jobs
Jobs will start as soon as their dependencies are satisfied
Using tarball input mode

START al2023:al2023 build tests/fs/lustre/boot.ktest
START checkpatch:checkpatch tool checkpatch
START ml-miscvm:lustre_mainline_native build tests/fs/lustre/boot.ktest
START ml:lustre_mainline build tests/fs/lustre/boot.ktest
START u24:u24 build tests/fs/lustre/boot.ktest
START ml-strict:lustre_mainline build tests/fs/lustre/boot-strict.ktest
PUT /tmp/ktest-lustre.tar.gz 1s
PUT /tmp/ktest-lustre.tar.gz 1s
PUT /tmp/ktest-kernel.tar.gz 17s
PUT /tmp/ktest-kernel.tar.gz 17s
PUT /tmp/ktest-kernel.tar.gz 17s
PUT /tmp/ktest-kernel.tar.gz 17s
PUT /tmp/ktest-lustre.tar.gz 2s
PUT /tmp/ktest-lustre.tar.gz 2s
PUT /tmp/ktest-lustre.tar.gz 2s
PUT /tmp/ktest-lustre.tar.gz 2s
PUT /tmp/ktest-zfs.tar.gz 0s
PUT /tmp/ktest-zfs.tar.gz 0s
PUT /tmp/ktest-zfs.tar.gz 0s
END checkpatch:checkpatch tool checkpatch PASS 23s
END u24:u24 build tests/fs/lustre/boot.ktest PASS 46s
END al2023:al2023 build tests/fs/lustre/boot.ktest PASS 56s
GET /tmp/ktest_ml-strict:lustre_mainline_5h5wmm8q.tar 5s
GET /tmp/ktest_ml-miscvm:lustre_mainline_native_v8zctgkz.tar 4s
END ml-strict:lustre_mainline build tests/fs/lustre/boot-strict.ktest FAIL 225s (exit code: 1)
END ml-miscvm:lustre_mainline_native build tests/fs/lustre/boot.ktest PASS 226s
START ml-miscvm:boot run tests/fs/lustre/boot.ktest
START ml-miscvm:llmount run tests/fs/lustre/llmount.ktest
START ml-miscvm:llog-unit run tests/fs/lustre/llog-unit.ktest
START ml-miscvm:mgs-setup run tests/fs/lustre/mgs-setup.ktest
START ml-miscvm:sanity-1 run tests/fs/lustre/sanity/sanity-1.ktest
START ml-miscvm:sanity-2 run tests/fs/lustre/sanity/sanity-2.ktest
START ml-miscvm:sanity-3 run tests/fs/lustre/sanity/sanity-3.ktest
START ml-miscvm:sanity-4 run tests/fs/lustre/sanity/sanity-4.ktest
GET /tmp/ktest_ml:lustre_mainline_36ws3_od.tar 8s
END ml:lustre_mainline build tests/fs/lustre/boot.ktest PASS 229s
PUT /tmp/ktest-kernel.tar.gz 41s
PUT /tmp/ktest-kernel.tar.gz 40s
PUT /tmp/ktest-kernel.tar.gz 40s
PUT /tmp/ktest-kernel.tar.gz 40s
PUT /tmp/ktest-kernel.tar.gz 40s
PUT /tmp/ktest-kernel.tar.gz 40s
PUT /tmp/ktest-kernel.tar.gz 40s
PUT /tmp/ktest-kernel.tar.gz 41s
PUT /tmp/ktest-lustre.tar.gz 15s
PUT /tmp/ktest-lustre.tar.gz 14s
PUT /tmp/ktest-lustre.tar.gz 14s
PUT /tmp/ktest-lustre.tar.gz 15s
PUT /tmp/ktest-lustre.tar.gz 15s
PUT /tmp/ktest-lustre.tar.gz 14s
PUT /tmp/ktest-lustre.tar.gz 15s
PUT /tmp/ktest-lustre.tar.gz 15s
PUT /tmp/ktest_ml-miscvm:lustre_mainline_native_v8zctgkz.tar 2s
PUT /tmp/ktest_ml-miscvm:lustre_mainline_native_v8zctgkz.tar 2s
PUT /tmp/ktest_ml-miscvm:lustre_mainline_native_v8zctgkz.tar 2s
PUT /tmp/ktest_ml-miscvm:lustre_mainline_native_v8zctgkz.tar 2s
PUT /tmp/ktest_ml-miscvm:lustre_mainline_native_v8zctgkz.tar 2s
PUT /tmp/ktest_ml-miscvm:lustre_mainline_native_v8zctgkz.tar 2s
PUT /tmp/ktest_ml-miscvm:lustre_mainline_native_v8zctgkz.tar 2s
PUT /tmp/ktest_ml-miscvm:lustre_mainline_native_v8zctgkz.tar 2s
END ml-miscvm:boot run tests/fs/lustre/boot.ktest PASS 73s
END ml-miscvm:mgs-setup run tests/fs/lustre/mgs-setup.ktest PASS 82s
END ml-miscvm:sanity-1 run tests/fs/lustre/sanity/sanity-1.ktest PASS 111s
END ml-miscvm:sanity-4 run tests/fs/lustre/sanity/sanity-4.ktest PASS 113s
END ml-miscvm:sanity-3 run tests/fs/lustre/sanity/sanity-3.ktest PASS 114s
END ml-miscvm:sanity-2 run tests/fs/lustre/sanity/sanity-2.ktest PASS 116s
END ml-miscvm:llmount run tests/fs/lustre/llmount.ktest PASS 122s
END ml-miscvm:llog-unit run tests/fs/lustre/llog-unit.ktest FAIL 158s (exit code: 1)

============================================================
Final Results:
  checkpatch:checkpatch: PASS (23s) (log: /var/www/ci-lustre/upstream-patch-review/5850056c5bc8f2fe98ac07427f3d8d354ee84efb_checkpatch:checkpatch.log)
  u24:u24: PASS (46s) (log: /var/www/ci-lustre/upstream-patch-review/5850056c5bc8f2fe98ac07427f3d8d354ee84efb_u24:u24.log)
  al2023:al2023: PASS (56s) (log: /var/www/ci-lustre/upstream-patch-review/5850056c5bc8f2fe98ac07427f3d8d354ee84efb_al2023:al2023.log)
  ml-strict:lustre_mainline: FAIL (225s) (log: /var/www/ci-lustre/upstream-patch-review/5850056c5bc8f2fe98ac07427f3d8d354ee84efb_ml-strict:lustre_mainline.log)
  ml:lustre_mainline: PASS (229s) (log: /var/www/ci-lustre/upstream-patch-review/5850056c5bc8f2fe98ac07427f3d8d354ee84efb_ml:lustre_mainline.log)
  ml-miscvm:lustre_mainline_native: PASS (226s) (log: /var/www/ci-lustre/upstream-patch-review/5850056c5bc8f2fe98ac07427f3d8d354ee84efb_ml-miscvm:lustre_mainline_native.log)
  ml-miscvm:boot: PASS (73s) (log: /var/www/ci-lustre/upstream-patch-review/5850056c5bc8f2fe98ac07427f3d8d354ee84efb_ml-miscvm:boot.log)
  ml-miscvm:llmount: PASS (122s) (log: /var/www/ci-lustre/upstream-patch-review/5850056c5bc8f2fe98ac07427f3d8d354ee84efb_ml-miscvm:llmount.log)
  ml-miscvm:llog-unit: FAIL (158s) (log: /var/www/ci-lustre/upstream-patch-review/5850056c5bc8f2fe98ac07427f3d8d354ee84efb_ml-miscvm:llog-unit.log)
  ml-miscvm:mgs-setup: PASS (82s) (log: /var/www/ci-lustre/upstream-patch-review/5850056c5bc8f2fe98ac07427f3d8d354ee84efb_ml-miscvm:mgs-setup.log)
  ml-miscvm:sanity-1: PASS (111s) (log: /var/www/ci-lustre/upstream-patch-review/5850056c5bc8f2fe98ac07427f3d8d354ee84efb_ml-miscvm:sanity-1.log)
  ml-miscvm:sanity-2: PASS (116s) (log: /var/www/ci-lustre/upstream-patch-review/5850056c5bc8f2fe98ac07427f3d8d354ee84efb_ml-miscvm:sanity-2.log)
  ml-miscvm:sanity-3: PASS (114s) (log: /var/www/ci-lustre/upstream-patch-review/5850056c5bc8f2fe98ac07427f3d8d354ee84efb_ml-miscvm:sanity-3.log)
  ml-miscvm:sanity-4: PASS (113s) (log: /var/www/ci-lustre/upstream-patch-review/5850056c5bc8f2fe98ac07427f3d8d354ee84efb_ml-miscvm:sanity-4.log)

Total execution time: 416s

Packed 5941 logs from /var/www/ci-lustre/upstream-patch-review into /home/ktest/ktest/local-site/local_data.js
Open /home/ktest/ktest/local-site/index.html in a browser
