CLI: ./pk --podman-socket unix:///run/user/1000/podman/podman.sock --shared-filesystem /tmp --tarball-input job lustre-ci --output /var/www/ci-lustre/upstream-patch-review --git-hash 5a43f843c47408fa570a00969ee659f7cfe219cb --change-id 69111_5a43f843c47408fa570a00969ee659f7cfe219cb --subject LU-20797 llite: add SET I/O scope ioctl

Environment validated successfully
Note: custom LLVM is not synced in tarball input mode
Creating kernel tarball at /tmp/ktest-kernel.tar.gz...
Creating lustre tarball at /tmp/ktest-lustre.tar.gz...
Creating ZFS tarball at /tmp/ktest-zfs.tar.gz...
Executing 14 jobs
Jobs will start as soon as their dependencies are satisfied
Using tarball input mode

START al2023:al2023 build tests/fs/lustre/boot.ktest
START ml-miscvm:lustre_mainline_native build tests/fs/lustre/boot.ktest
START checkpatch:checkpatch tool checkpatch
START u24:u24 build tests/fs/lustre/boot.ktest
START ml-strict:lustre_mainline build tests/fs/lustre/boot-strict.ktest
START ml:lustre_mainline build tests/fs/lustre/boot.ktest
PUT /tmp/ktest-lustre.tar.gz 1s
PUT /tmp/ktest-lustre.tar.gz 1s
PUT /tmp/ktest-kernel.tar.gz 7s
PUT /tmp/ktest-kernel.tar.gz 7s
PUT /tmp/ktest-kernel.tar.gz 7s
PUT /tmp/ktest-kernel.tar.gz 7s
PUT /tmp/ktest-lustre.tar.gz 3s
PUT /tmp/ktest-lustre.tar.gz 4s
PUT /tmp/ktest-lustre.tar.gz 3s
PUT /tmp/ktest-lustre.tar.gz 3s
PUT /tmp/ktest-zfs.tar.gz 0s
PUT /tmp/ktest-zfs.tar.gz 0s
PUT /tmp/ktest-zfs.tar.gz 0s
END checkpatch:checkpatch tool checkpatch FAIL 15s (exit code: 1)
END u24:u24 build tests/fs/lustre/boot.ktest PASS 39s
END al2023:al2023 build tests/fs/lustre/boot.ktest PASS 45s
GET /tmp/ktest_ml-strict:lustre_mainline_xsn4zvk9.tar 4s
END ml-strict:lustre_mainline build tests/fs/lustre/boot-strict.ktest FAIL 163s (exit code: 1)
GET /tmp/ktest_ml-miscvm:lustre_mainline_native_kc61at4i.tar 0s
END ml-miscvm:lustre_mainline_native build tests/fs/lustre/boot.ktest PASS 177s
START ml-miscvm:boot run tests/fs/lustre/boot.ktest
START ml-miscvm:llmount run tests/fs/lustre/llmount.ktest
START ml-miscvm:llog-unit run tests/fs/lustre/llog-unit.ktest
START ml-miscvm:mgs-setup run tests/fs/lustre/mgs-setup.ktest
START ml-miscvm:sanity-1 run tests/fs/lustre/sanity/sanity-1.ktest
START ml-miscvm:sanity-2 run tests/fs/lustre/sanity/sanity-2.ktest
START ml-miscvm:sanity-3 run tests/fs/lustre/sanity/sanity-3.ktest
START ml-miscvm:sanity-4 run tests/fs/lustre/sanity/sanity-4.ktest
PUT /tmp/ktest-kernel.tar.gz 39s
PUT /tmp/ktest-kernel.tar.gz 38s
PUT /tmp/ktest-kernel.tar.gz 38s
PUT /tmp/ktest-kernel.tar.gz 39s
PUT /tmp/ktest-kernel.tar.gz 39s
PUT /tmp/ktest-kernel.tar.gz 39s
PUT /tmp/ktest-kernel.tar.gz 40s
PUT /tmp/ktest-kernel.tar.gz 40s
GET /tmp/ktest_ml:lustre_mainline_4oikiiua.tar 2s
END ml:lustre_mainline build tests/fs/lustre/boot.ktest PASS 221s
PUT /tmp/ktest-lustre.tar.gz 12s
PUT /tmp/ktest-lustre.tar.gz 13s
PUT /tmp/ktest-lustre.tar.gz 12s
PUT /tmp/ktest-lustre.tar.gz 13s
PUT /tmp/ktest-lustre.tar.gz 12s
PUT /tmp/ktest-lustre.tar.gz 12s
PUT /tmp/ktest-lustre.tar.gz 12s
PUT /tmp/ktest-lustre.tar.gz 12s
PUT /tmp/ktest_ml-miscvm:lustre_mainline_native_kc61at4i.tar 2s
PUT /tmp/ktest_ml-miscvm:lustre_mainline_native_kc61at4i.tar 2s
PUT /tmp/ktest_ml-miscvm:lustre_mainline_native_kc61at4i.tar 2s
PUT /tmp/ktest_ml-miscvm:lustre_mainline_native_kc61at4i.tar 2s
PUT /tmp/ktest_ml-miscvm:lustre_mainline_native_kc61at4i.tar 2s
PUT /tmp/ktest_ml-miscvm:lustre_mainline_native_kc61at4i.tar 2s
PUT /tmp/ktest_ml-miscvm:lustre_mainline_native_kc61at4i.tar 2s
PUT /tmp/ktest_ml-miscvm:lustre_mainline_native_kc61at4i.tar 2s
END ml-miscvm:boot run tests/fs/lustre/boot.ktest PASS 67s
END ml-miscvm:mgs-setup run tests/fs/lustre/mgs-setup.ktest PASS 76s
END ml-miscvm:sanity-3 run tests/fs/lustre/sanity/sanity-3.ktest PASS 105s
END ml-miscvm:sanity-1 run tests/fs/lustre/sanity/sanity-1.ktest PASS 106s
END ml-miscvm:sanity-2 run tests/fs/lustre/sanity/sanity-2.ktest PASS 108s
END ml-miscvm:sanity-4 run tests/fs/lustre/sanity/sanity-4.ktest PASS 116s
END ml-miscvm:llmount run tests/fs/lustre/llmount.ktest PASS 127s
END ml-miscvm:llog-unit run tests/fs/lustre/llog-unit.ktest FAIL 153s (exit code: 1)

============================================================
Final Results:
  checkpatch:checkpatch: FAIL (15s) (log: /var/www/ci-lustre/upstream-patch-review/5a43f843c47408fa570a00969ee659f7cfe219cb_checkpatch:checkpatch.log)
  u24:u24: PASS (39s) (log: /var/www/ci-lustre/upstream-patch-review/5a43f843c47408fa570a00969ee659f7cfe219cb_u24:u24.log)
  al2023:al2023: PASS (45s) (log: /var/www/ci-lustre/upstream-patch-review/5a43f843c47408fa570a00969ee659f7cfe219cb_al2023:al2023.log)
  ml-strict:lustre_mainline: FAIL (163s) (log: /var/www/ci-lustre/upstream-patch-review/5a43f843c47408fa570a00969ee659f7cfe219cb_ml-strict:lustre_mainline.log)
  ml:lustre_mainline: PASS (221s) (log: /var/www/ci-lustre/upstream-patch-review/5a43f843c47408fa570a00969ee659f7cfe219cb_ml:lustre_mainline.log)
  ml-miscvm:lustre_mainline_native: PASS (177s) (log: /var/www/ci-lustre/upstream-patch-review/5a43f843c47408fa570a00969ee659f7cfe219cb_ml-miscvm:lustre_mainline_native.log)
  ml-miscvm:boot: PASS (67s) (log: /var/www/ci-lustre/upstream-patch-review/5a43f843c47408fa570a00969ee659f7cfe219cb_ml-miscvm:boot.log)
  ml-miscvm:llmount: PASS (127s) (log: /var/www/ci-lustre/upstream-patch-review/5a43f843c47408fa570a00969ee659f7cfe219cb_ml-miscvm:llmount.log)
  ml-miscvm:llog-unit: FAIL (153s) (log: /var/www/ci-lustre/upstream-patch-review/5a43f843c47408fa570a00969ee659f7cfe219cb_ml-miscvm:llog-unit.log)
  ml-miscvm:mgs-setup: PASS (76s) (log: /var/www/ci-lustre/upstream-patch-review/5a43f843c47408fa570a00969ee659f7cfe219cb_ml-miscvm:mgs-setup.log)
  ml-miscvm:sanity-1: PASS (106s) (log: /var/www/ci-lustre/upstream-patch-review/5a43f843c47408fa570a00969ee659f7cfe219cb_ml-miscvm:sanity-1.log)
  ml-miscvm:sanity-2: PASS (108s) (log: /var/www/ci-lustre/upstream-patch-review/5a43f843c47408fa570a00969ee659f7cfe219cb_ml-miscvm:sanity-2.log)
  ml-miscvm:sanity-3: PASS (105s) (log: /var/www/ci-lustre/upstream-patch-review/5a43f843c47408fa570a00969ee659f7cfe219cb_ml-miscvm:sanity-3.log)
  ml-miscvm:sanity-4: PASS (116s) (log: /var/www/ci-lustre/upstream-patch-review/5a43f843c47408fa570a00969ee659f7cfe219cb_ml-miscvm:sanity-4.log)

Total execution time: 361s

Packed 4156 logs from /var/www/ci-lustre/upstream-patch-review into /home/ktest/ktest/local-site/local_data.js
Open /home/ktest/ktest/local-site/index.html in a browser
