CLI: ./pk --podman-socket unix:///run/user/1000/podman/podman.sock --shared-filesystem /tmp --tarball-input job lustre-ci --output /var/www/ci-lustre/upstream-patch-review --git-hash 5ebe7e16b23021788a2af06176d180becff799c9 --change-id 66672_5ebe7e16b23021788a2af06176d180becff799c9 --subject LU-12668 ec: allow SEEK_DATA/HOLE on parity mirror lseek

Environment validated successfully
Note: custom LLVM is not synced in tarball input mode
Creating kernel tarball at /tmp/ktest-kernel.tar.gz...
Creating lustre tarball at /tmp/ktest-lustre.tar.gz...
Creating ZFS tarball at /tmp/ktest-zfs.tar.gz...
Executing 14 jobs
Jobs will start as soon as their dependencies are satisfied
Using tarball input mode

START checkpatch:checkpatch tool checkpatch
START u24:u24 build tests/fs/lustre/boot.ktest
START ml:lustre_mainline build tests/fs/lustre/boot.ktest
START ml-strict:lustre_mainline build tests/fs/lustre/boot-strict.ktest
START al2023:al2023 build tests/fs/lustre/boot.ktest
START ml-miscvm:lustre_mainline_native build tests/fs/lustre/boot.ktest
PUT /tmp/ktest-lustre.tar.gz 1s
PUT /tmp/ktest-lustre.tar.gz 1s
PUT /tmp/ktest-kernel.tar.gz 6s
PUT /tmp/ktest-kernel.tar.gz 6s
PUT /tmp/ktest-kernel.tar.gz 6s
PUT /tmp/ktest-kernel.tar.gz 6s
PUT /tmp/ktest-lustre.tar.gz 4s
PUT /tmp/ktest-lustre.tar.gz 4s
PUT /tmp/ktest-lustre.tar.gz 4s
PUT /tmp/ktest-lustre.tar.gz 4s
PUT /tmp/ktest-zfs.tar.gz 0s
PUT /tmp/ktest-zfs.tar.gz 0s
PUT /tmp/ktest-zfs.tar.gz 0s
END checkpatch:checkpatch tool checkpatch PASS 13s
END u24:u24 build tests/fs/lustre/boot.ktest PASS 42s
END al2023:al2023 build tests/fs/lustre/boot.ktest PASS 46s
GET /tmp/ktest_ml-strict:lustre_mainline_iwya2_up.tar 9s
END ml-strict:lustre_mainline build tests/fs/lustre/boot-strict.ktest FAIL 195s (exit code: 1)
GET /tmp/ktest_ml-miscvm:lustre_mainline_native_wik962gd.tar 0s
GET /tmp/ktest_ml:lustre_mainline_qvynq7wu.tar 0s
END ml-miscvm:lustre_mainline_native build tests/fs/lustre/boot.ktest PASS 218s
START ml-miscvm:boot run tests/fs/lustre/boot.ktest
START ml-miscvm:llmount run tests/fs/lustre/llmount.ktest
START ml-miscvm:llog-unit run tests/fs/lustre/llog-unit.ktest
START ml-miscvm:mgs-setup run tests/fs/lustre/mgs-setup.ktest
START ml-miscvm:sanity-1 run tests/fs/lustre/sanity/sanity-1.ktest
START ml-miscvm:sanity-2 run tests/fs/lustre/sanity/sanity-2.ktest
START ml-miscvm:sanity-3 run tests/fs/lustre/sanity/sanity-3.ktest
START ml-miscvm:sanity-4 run tests/fs/lustre/sanity/sanity-4.ktest
END ml:lustre_mainline build tests/fs/lustre/boot.ktest PASS 219s
PUT /tmp/ktest-kernel.tar.gz 31s
PUT /tmp/ktest-kernel.tar.gz 31s
PUT /tmp/ktest-kernel.tar.gz 31s
PUT /tmp/ktest-kernel.tar.gz 31s
PUT /tmp/ktest-kernel.tar.gz 31s
PUT /tmp/ktest-kernel.tar.gz 32s
PUT /tmp/ktest-kernel.tar.gz 32s
PUT /tmp/ktest-kernel.tar.gz 32s
PUT /tmp/ktest-lustre.tar.gz 9s
PUT /tmp/ktest-lustre.tar.gz 9s
PUT /tmp/ktest-lustre.tar.gz 9s
PUT /tmp/ktest-lustre.tar.gz 9s
PUT /tmp/ktest-lustre.tar.gz 9s
PUT /tmp/ktest-lustre.tar.gz 8s
PUT /tmp/ktest-lustre.tar.gz 9s
PUT /tmp/ktest-lustre.tar.gz 8s
PUT /tmp/ktest_ml-miscvm:lustre_mainline_native_wik962gd.tar 2s
PUT /tmp/ktest_ml-miscvm:lustre_mainline_native_wik962gd.tar 2s
PUT /tmp/ktest_ml-miscvm:lustre_mainline_native_wik962gd.tar 2s
PUT /tmp/ktest_ml-miscvm:lustre_mainline_native_wik962gd.tar 2s
PUT /tmp/ktest_ml-miscvm:lustre_mainline_native_wik962gd.tar 2s
PUT /tmp/ktest_ml-miscvm:lustre_mainline_native_wik962gd.tar 2s
PUT /tmp/ktest_ml-miscvm:lustre_mainline_native_wik962gd.tar 2s
PUT /tmp/ktest_ml-miscvm:lustre_mainline_native_wik962gd.tar 2s
END ml-miscvm:boot run tests/fs/lustre/boot.ktest PASS 57s
END ml-miscvm:mgs-setup run tests/fs/lustre/mgs-setup.ktest PASS 66s
END ml-miscvm:sanity-3 run tests/fs/lustre/sanity/sanity-3.ktest PASS 95s
END ml-miscvm:sanity-1 run tests/fs/lustre/sanity/sanity-1.ktest PASS 97s
END ml-miscvm:sanity-2 run tests/fs/lustre/sanity/sanity-2.ktest PASS 98s
END ml-miscvm:sanity-4 run tests/fs/lustre/sanity/sanity-4.ktest PASS 110s
END ml-miscvm:llmount run tests/fs/lustre/llmount.ktest PASS 118s
END ml-miscvm:llog-unit run tests/fs/lustre/llog-unit.ktest FAIL 143s (exit code: 1)

============================================================
Final Results:
  checkpatch:checkpatch: PASS (13s) (log: /var/www/ci-lustre/upstream-patch-review/5ebe7e16b23021788a2af06176d180becff799c9_checkpatch:checkpatch.log)
  u24:u24: PASS (42s) (log: /var/www/ci-lustre/upstream-patch-review/5ebe7e16b23021788a2af06176d180becff799c9_u24:u24.log)
  al2023:al2023: PASS (46s) (log: /var/www/ci-lustre/upstream-patch-review/5ebe7e16b23021788a2af06176d180becff799c9_al2023:al2023.log)
  ml-strict:lustre_mainline: FAIL (195s) (log: /var/www/ci-lustre/upstream-patch-review/5ebe7e16b23021788a2af06176d180becff799c9_ml-strict:lustre_mainline.log)
  ml:lustre_mainline: PASS (219s) (log: /var/www/ci-lustre/upstream-patch-review/5ebe7e16b23021788a2af06176d180becff799c9_ml:lustre_mainline.log)
  ml-miscvm:lustre_mainline_native: PASS (218s) (log: /var/www/ci-lustre/upstream-patch-review/5ebe7e16b23021788a2af06176d180becff799c9_ml-miscvm:lustre_mainline_native.log)
  ml-miscvm:boot: PASS (57s) (log: /var/www/ci-lustre/upstream-patch-review/5ebe7e16b23021788a2af06176d180becff799c9_ml-miscvm:boot.log)
  ml-miscvm:llmount: PASS (118s) (log: /var/www/ci-lustre/upstream-patch-review/5ebe7e16b23021788a2af06176d180becff799c9_ml-miscvm:llmount.log)
  ml-miscvm:llog-unit: FAIL (143s) (log: /var/www/ci-lustre/upstream-patch-review/5ebe7e16b23021788a2af06176d180becff799c9_ml-miscvm:llog-unit.log)
  ml-miscvm:mgs-setup: PASS (66s) (log: /var/www/ci-lustre/upstream-patch-review/5ebe7e16b23021788a2af06176d180becff799c9_ml-miscvm:mgs-setup.log)
  ml-miscvm:sanity-1: PASS (97s) (log: /var/www/ci-lustre/upstream-patch-review/5ebe7e16b23021788a2af06176d180becff799c9_ml-miscvm:sanity-1.log)
  ml-miscvm:sanity-2: PASS (98s) (log: /var/www/ci-lustre/upstream-patch-review/5ebe7e16b23021788a2af06176d180becff799c9_ml-miscvm:sanity-2.log)
  ml-miscvm:sanity-3: PASS (95s) (log: /var/www/ci-lustre/upstream-patch-review/5ebe7e16b23021788a2af06176d180becff799c9_ml-miscvm:sanity-3.log)
  ml-miscvm:sanity-4: PASS (110s) (log: /var/www/ci-lustre/upstream-patch-review/5ebe7e16b23021788a2af06176d180becff799c9_ml-miscvm:sanity-4.log)

Total execution time: 392s

Packed 2245 logs from /var/www/ci-lustre/upstream-patch-review into /home/ktest/ktest/local-site/local_data.js
Open /home/ktest/ktest/local-site/index.html in a browser
