CLI: ./pk --podman-socket unix:///run/podman/podman.sock --shared-filesystem /tmp --tarball-input job lustre-ci --output /var/www/ci-lustre/upstream-patch-review --git-hash 5f6ab2d58cf5958282c47610caeccdd23d17210f --change-id 66553_5f6ab2d58cf5958282c47610caeccdd23d17210f --subject LU-1158 tests: enable nanosecond timestamp test

Environment validated successfully
Note: custom LLVM is not synced in tarball input mode
Creating kernel tarball at /tmp/ktest-kernel.tar.gz...
Creating lustre tarball at /tmp/ktest-lustre.tar.gz...
Creating ZFS tarball at /tmp/ktest-zfs.tar.gz...
Executing 14 jobs
Jobs will start as soon as their dependencies are satisfied
Using tarball input mode

START al2023:al2023 build tests/fs/lustre/boot.ktest
START ml-miscvm:lustre_mainline_native build tests/fs/lustre/boot.ktest
START u24:u24 build tests/fs/lustre/boot.ktest
START checkpatch:checkpatch tool checkpatch
START ml-strict:lustre_mainline build tests/fs/lustre/boot-strict.ktest
START ml:lustre_mainline build tests/fs/lustre/boot.ktest
PUT /tmp/ktest-lustre.tar.gz 1s
PUT /tmp/ktest-lustre.tar.gz 1s
PUT /tmp/ktest-kernel.tar.gz 7s
PUT /tmp/ktest-kernel.tar.gz 7s
PUT /tmp/ktest-kernel.tar.gz 7s
PUT /tmp/ktest-kernel.tar.gz 7s
PUT /tmp/ktest-lustre.tar.gz 1s
PUT /tmp/ktest-lustre.tar.gz 1s
PUT /tmp/ktest-lustre.tar.gz 1s
PUT /tmp/ktest-lustre.tar.gz 1s
PUT /tmp/ktest-zfs.tar.gz 0s
PUT /tmp/ktest-zfs.tar.gz 0s
PUT /tmp/ktest-zfs.tar.gz 0s
END checkpatch:checkpatch tool checkpatch FAIL 11s (exit code: 1)
END u24:u24 build tests/fs/lustre/boot.ktest PASS 35s
END al2023:al2023 build tests/fs/lustre/boot.ktest PASS 45s
GET /tmp/ktest_ml-strict:lustre_mainline_g4s054vy.tar 4s
END ml-strict:lustre_mainline build tests/fs/lustre/boot-strict.ktest FAIL 197s (exit code: 1)
GET /tmp/ktest_ml:lustre_mainline_mcrtqw6y.tar 1s
GET /tmp/ktest_ml-miscvm:lustre_mainline_native_at1fea9u.tar 0s
END ml:lustre_mainline build tests/fs/lustre/boot.ktest PASS 199s
END ml-miscvm:lustre_mainline_native build tests/fs/lustre/boot.ktest PASS 200s
START ml-miscvm:boot run tests/fs/lustre/boot.ktest
START ml-miscvm:llmount run tests/fs/lustre/llmount.ktest
START ml-miscvm:llog-unit run tests/fs/lustre/llog-unit.ktest
START ml-miscvm:mgs-setup run tests/fs/lustre/mgs-setup.ktest
START ml-miscvm:sanity-1 run tests/fs/lustre/sanity/sanity-1.ktest
START ml-miscvm:sanity-2 run tests/fs/lustre/sanity/sanity-2.ktest
START ml-miscvm:sanity-3 run tests/fs/lustre/sanity/sanity-3.ktest
START ml-miscvm:sanity-4 run tests/fs/lustre/sanity/sanity-4.ktest
PUT /tmp/ktest-kernel.tar.gz 10s
PUT /tmp/ktest-kernel.tar.gz 10s
PUT /tmp/ktest-kernel.tar.gz 10s
PUT /tmp/ktest-kernel.tar.gz 10s
PUT /tmp/ktest-kernel.tar.gz 10s
PUT /tmp/ktest-kernel.tar.gz 10s
PUT /tmp/ktest-kernel.tar.gz 11s
PUT /tmp/ktest-kernel.tar.gz 11s
PUT /tmp/ktest-lustre.tar.gz 2s
PUT /tmp/ktest-lustre.tar.gz 2s
PUT /tmp/ktest-lustre.tar.gz 2s
PUT /tmp/ktest-lustre.tar.gz 2s
PUT /tmp/ktest-lustre.tar.gz 2s
PUT /tmp/ktest-lustre.tar.gz 3s
PUT /tmp/ktest-lustre.tar.gz 2s
PUT /tmp/ktest-lustre.tar.gz 2s
PUT /tmp/ktest_ml-miscvm:lustre_mainline_native_at1fea9u.tar 0s
PUT /tmp/ktest_ml-miscvm:lustre_mainline_native_at1fea9u.tar 0s
PUT /tmp/ktest_ml-miscvm:lustre_mainline_native_at1fea9u.tar 0s
PUT /tmp/ktest_ml-miscvm:lustre_mainline_native_at1fea9u.tar 0s
PUT /tmp/ktest_ml-miscvm:lustre_mainline_native_at1fea9u.tar 0s
PUT /tmp/ktest_ml-miscvm:lustre_mainline_native_at1fea9u.tar 0s
PUT /tmp/ktest_ml-miscvm:lustre_mainline_native_at1fea9u.tar 0s
PUT /tmp/ktest_ml-miscvm:lustre_mainline_native_at1fea9u.tar 0s
END ml-miscvm:boot run tests/fs/lustre/boot.ktest PASS 24s
END ml-miscvm:mgs-setup run tests/fs/lustre/mgs-setup.ktest PASS 35s
END ml-miscvm:sanity-1 run tests/fs/lustre/sanity/sanity-1.ktest PASS 61s
END ml-miscvm:sanity-3 run tests/fs/lustre/sanity/sanity-3.ktest PASS 63s
END ml-miscvm:sanity-2 run tests/fs/lustre/sanity/sanity-2.ktest PASS 65s
END ml-miscvm:sanity-4 run tests/fs/lustre/sanity/sanity-4.ktest PASS 73s
END ml-miscvm:llmount run tests/fs/lustre/llmount.ktest PASS 74s
END ml-miscvm:llog-unit run tests/fs/lustre/llog-unit.ktest FAIL 112s (exit code: 1)

============================================================
Final Results:
  checkpatch:checkpatch: FAIL (11s) (log: /var/www/ci-lustre/upstream-patch-review/5f6ab2d58cf5958282c47610caeccdd23d17210f_checkpatch:checkpatch.log)
  u24:u24: PASS (35s) (log: /var/www/ci-lustre/upstream-patch-review/5f6ab2d58cf5958282c47610caeccdd23d17210f_u24:u24.log)
  al2023:al2023: PASS (45s) (log: /var/www/ci-lustre/upstream-patch-review/5f6ab2d58cf5958282c47610caeccdd23d17210f_al2023:al2023.log)
  ml-strict:lustre_mainline: FAIL (197s) (log: /var/www/ci-lustre/upstream-patch-review/5f6ab2d58cf5958282c47610caeccdd23d17210f_ml-strict:lustre_mainline.log)
  ml:lustre_mainline: PASS (199s) (log: /var/www/ci-lustre/upstream-patch-review/5f6ab2d58cf5958282c47610caeccdd23d17210f_ml:lustre_mainline.log)
  ml-miscvm:lustre_mainline_native: PASS (200s) (log: /var/www/ci-lustre/upstream-patch-review/5f6ab2d58cf5958282c47610caeccdd23d17210f_ml-miscvm:lustre_mainline_native.log)
  ml-miscvm:boot: PASS (24s) (log: /var/www/ci-lustre/upstream-patch-review/5f6ab2d58cf5958282c47610caeccdd23d17210f_ml-miscvm:boot.log)
  ml-miscvm:llmount: PASS (74s) (log: /var/www/ci-lustre/upstream-patch-review/5f6ab2d58cf5958282c47610caeccdd23d17210f_ml-miscvm:llmount.log)
  ml-miscvm:llog-unit: FAIL (112s) (log: /var/www/ci-lustre/upstream-patch-review/5f6ab2d58cf5958282c47610caeccdd23d17210f_ml-miscvm:llog-unit.log)
  ml-miscvm:mgs-setup: PASS (35s) (log: /var/www/ci-lustre/upstream-patch-review/5f6ab2d58cf5958282c47610caeccdd23d17210f_ml-miscvm:mgs-setup.log)
  ml-miscvm:sanity-1: PASS (61s) (log: /var/www/ci-lustre/upstream-patch-review/5f6ab2d58cf5958282c47610caeccdd23d17210f_ml-miscvm:sanity-1.log)
  ml-miscvm:sanity-2: PASS (65s) (log: /var/www/ci-lustre/upstream-patch-review/5f6ab2d58cf5958282c47610caeccdd23d17210f_ml-miscvm:sanity-2.log)
  ml-miscvm:sanity-3: PASS (63s) (log: /var/www/ci-lustre/upstream-patch-review/5f6ab2d58cf5958282c47610caeccdd23d17210f_ml-miscvm:sanity-3.log)
  ml-miscvm:sanity-4: PASS (73s) (log: /var/www/ci-lustre/upstream-patch-review/5f6ab2d58cf5958282c47610caeccdd23d17210f_ml-miscvm:sanity-4.log)

Total execution time: 343s

Packed 6768 logs from /var/www/ci-lustre/upstream-patch-review into /home/ktest/ktest/local-site/local_data.js
Open /home/ktest/ktest/local-site/index.html in a browser
