CLI: ./pk --podman-socket unix:///run/podman/podman.sock --shared-filesystem /tmp --tarball-input job lustre-ci --output /var/www/ci-lustre/upstream-patch-review --git-hash 601fd3309d66868985323fc452bd479a343f6b40 --change-id 68156_601fd3309d66868985323fc452bd479a343f6b40 --subject LU-20606 llapi: scan an ldiskfs target directly

Environment validated successfully
Note: custom LLVM is not synced in tarball input mode
Creating kernel tarball at /tmp/ktest-kernel.tar.gz...
Creating lustre tarball at /tmp/ktest-lustre.tar.gz...
Creating ZFS tarball at /tmp/ktest-zfs.tar.gz...
Executing 14 jobs
Jobs will start as soon as their dependencies are satisfied
Using tarball input mode

START u24:u24 build tests/fs/lustre/boot.ktest
START ml-strict:lustre_mainline build tests/fs/lustre/boot-strict.ktest
START al2023:al2023 build tests/fs/lustre/boot.ktest
START ml-miscvm:lustre_mainline_native build tests/fs/lustre/boot.ktest
START ml:lustre_mainline build tests/fs/lustre/boot.ktest
START checkpatch:checkpatch tool checkpatch
PUT /tmp/ktest-lustre.tar.gz 1s
PUT /tmp/ktest-lustre.tar.gz 1s
PUT /tmp/ktest-kernel.tar.gz 8s
PUT /tmp/ktest-kernel.tar.gz 8s
PUT /tmp/ktest-kernel.tar.gz 9s
PUT /tmp/ktest-kernel.tar.gz 9s
PUT /tmp/ktest-lustre.tar.gz 2s
PUT /tmp/ktest-lustre.tar.gz 2s
PUT /tmp/ktest-lustre.tar.gz 2s
PUT /tmp/ktest-lustre.tar.gz 2s
PUT /tmp/ktest-zfs.tar.gz 0s
PUT /tmp/ktest-zfs.tar.gz 0s
PUT /tmp/ktest-zfs.tar.gz 0s
END checkpatch:checkpatch tool checkpatch FAIL 15s (exit code: 1)
END u24:u24 build tests/fs/lustre/boot.ktest PASS 40s
END al2023:al2023 build tests/fs/lustre/boot.ktest PASS 47s
GET /tmp/ktest_ml:lustre_mainline_rqcj9pl5.tar 0s
END ml:lustre_mainline build tests/fs/lustre/boot.ktest PASS 151s
GET /tmp/ktest_ml-miscvm:lustre_mainline_native_8p721qdw.tar 1s
END ml-miscvm:lustre_mainline_native build tests/fs/lustre/boot.ktest PASS 152s
START ml-miscvm:boot run tests/fs/lustre/boot.ktest
START ml-miscvm:llmount run tests/fs/lustre/llmount.ktest
START ml-miscvm:llog-unit run tests/fs/lustre/llog-unit.ktest
START ml-miscvm:mgs-setup run tests/fs/lustre/mgs-setup.ktest
START ml-miscvm:sanity-1 run tests/fs/lustre/sanity/sanity-1.ktest
START ml-miscvm:sanity-2 run tests/fs/lustre/sanity/sanity-2.ktest
START ml-miscvm:sanity-3 run tests/fs/lustre/sanity/sanity-3.ktest
START ml-miscvm:sanity-4 run tests/fs/lustre/sanity/sanity-4.ktest
GET /tmp/ktest_ml-strict:lustre_mainline_b5o7_y8_.tar 5s
END ml-strict:lustre_mainline build tests/fs/lustre/boot-strict.ktest FAIL 156s (exit code: 1)
PUT /tmp/ktest-kernel.tar.gz 22s
PUT /tmp/ktest-kernel.tar.gz 22s
PUT /tmp/ktest-kernel.tar.gz 22s
PUT /tmp/ktest-kernel.tar.gz 22s
PUT /tmp/ktest-kernel.tar.gz 22s
PUT /tmp/ktest-kernel.tar.gz 22s
PUT /tmp/ktest-kernel.tar.gz 23s
PUT /tmp/ktest-kernel.tar.gz 23s
PUT /tmp/ktest-lustre.tar.gz 4s
PUT /tmp/ktest-lustre.tar.gz 4s
PUT /tmp/ktest-lustre.tar.gz 4s
PUT /tmp/ktest-lustre.tar.gz 4s
PUT /tmp/ktest-lustre.tar.gz 5s
PUT /tmp/ktest-lustre.tar.gz 5s
PUT /tmp/ktest-lustre.tar.gz 5s
PUT /tmp/ktest-lustre.tar.gz 4s
PUT /tmp/ktest_ml-miscvm:lustre_mainline_native_8p721qdw.tar 0s
PUT /tmp/ktest_ml-miscvm:lustre_mainline_native_8p721qdw.tar 0s
PUT /tmp/ktest_ml-miscvm:lustre_mainline_native_8p721qdw.tar 0s
PUT /tmp/ktest_ml-miscvm:lustre_mainline_native_8p721qdw.tar 0s
PUT /tmp/ktest_ml-miscvm:lustre_mainline_native_8p721qdw.tar 0s
PUT /tmp/ktest_ml-miscvm:lustre_mainline_native_8p721qdw.tar 0s
PUT /tmp/ktest_ml-miscvm:lustre_mainline_native_8p721qdw.tar 0s
PUT /tmp/ktest_ml-miscvm:lustre_mainline_native_8p721qdw.tar 0s
END ml-miscvm:boot run tests/fs/lustre/boot.ktest PASS 40s
END ml-miscvm:mgs-setup run tests/fs/lustre/mgs-setup.ktest PASS 48s
END ml-miscvm:sanity-4 run tests/fs/lustre/sanity/sanity-4.ktest PASS 78s
END ml-miscvm:sanity-1 run tests/fs/lustre/sanity/sanity-1.ktest PASS 80s
END ml-miscvm:sanity-2 run tests/fs/lustre/sanity/sanity-2.ktest PASS 82s
END ml-miscvm:sanity-3 run tests/fs/lustre/sanity/sanity-3.ktest PASS 89s
END ml-miscvm:llmount run tests/fs/lustre/llmount.ktest PASS 102s
END ml-miscvm:llog-unit run tests/fs/lustre/llog-unit.ktest FAIL 131s (exit code: 1)

============================================================
Final Results:
  checkpatch:checkpatch: FAIL (15s) (log: /var/www/ci-lustre/upstream-patch-review/601fd3309d66868985323fc452bd479a343f6b40_checkpatch:checkpatch.log)
  u24:u24: PASS (40s) (log: /var/www/ci-lustre/upstream-patch-review/601fd3309d66868985323fc452bd479a343f6b40_u24:u24.log)
  al2023:al2023: PASS (47s) (log: /var/www/ci-lustre/upstream-patch-review/601fd3309d66868985323fc452bd479a343f6b40_al2023:al2023.log)
  ml-strict:lustre_mainline: FAIL (156s) (log: /var/www/ci-lustre/upstream-patch-review/601fd3309d66868985323fc452bd479a343f6b40_ml-strict:lustre_mainline.log)
  ml:lustre_mainline: PASS (151s) (log: /var/www/ci-lustre/upstream-patch-review/601fd3309d66868985323fc452bd479a343f6b40_ml:lustre_mainline.log)
  ml-miscvm:lustre_mainline_native: PASS (152s) (log: /var/www/ci-lustre/upstream-patch-review/601fd3309d66868985323fc452bd479a343f6b40_ml-miscvm:lustre_mainline_native.log)
  ml-miscvm:boot: PASS (40s) (log: /var/www/ci-lustre/upstream-patch-review/601fd3309d66868985323fc452bd479a343f6b40_ml-miscvm:boot.log)
  ml-miscvm:llmount: PASS (102s) (log: /var/www/ci-lustre/upstream-patch-review/601fd3309d66868985323fc452bd479a343f6b40_ml-miscvm:llmount.log)
  ml-miscvm:llog-unit: FAIL (131s) (log: /var/www/ci-lustre/upstream-patch-review/601fd3309d66868985323fc452bd479a343f6b40_ml-miscvm:llog-unit.log)
  ml-miscvm:mgs-setup: PASS (48s) (log: /var/www/ci-lustre/upstream-patch-review/601fd3309d66868985323fc452bd479a343f6b40_ml-miscvm:mgs-setup.log)
  ml-miscvm:sanity-1: PASS (80s) (log: /var/www/ci-lustre/upstream-patch-review/601fd3309d66868985323fc452bd479a343f6b40_ml-miscvm:sanity-1.log)
  ml-miscvm:sanity-2: PASS (82s) (log: /var/www/ci-lustre/upstream-patch-review/601fd3309d66868985323fc452bd479a343f6b40_ml-miscvm:sanity-2.log)
  ml-miscvm:sanity-3: PASS (89s) (log: /var/www/ci-lustre/upstream-patch-review/601fd3309d66868985323fc452bd479a343f6b40_ml-miscvm:sanity-3.log)
  ml-miscvm:sanity-4: PASS (78s) (log: /var/www/ci-lustre/upstream-patch-review/601fd3309d66868985323fc452bd479a343f6b40_ml-miscvm:sanity-4.log)

Total execution time: 312s

Packed 10053 logs from /var/www/ci-lustre/upstream-patch-review into /home/ktest/ktest/local-site/local_data.js
Open /home/ktest/ktest/local-site/index.html in a browser
