CLI: ./pk --podman-socket unix:///run/podman/podman.sock --shared-filesystem /tmp --tarball-input job lustre-ci --output /var/www/ci-lustre/upstream-patch-review --git-hash 60361523c68be91eb8a730ca496e7f1622e09d91 --change-id 65064_60361523c68be91eb8a730ca496e7f1622e09d91 --subject LU-19921 target: move target tunables to tgt_lproc.c

Environment validated successfully
Note: custom LLVM is not synced in tarball input mode
Creating kernel tarball at /tmp/ktest-kernel.tar.gz...
Creating lustre tarball at /tmp/ktest-lustre.tar.gz...
Creating ZFS tarball at /tmp/ktest-zfs.tar.gz...
Executing 14 jobs
Jobs will start as soon as their dependencies are satisfied
Using tarball input mode

START checkpatch:checkpatch tool checkpatch
START ml-miscvm:lustre_mainline_native build tests/fs/lustre/boot.ktest
START ml:lustre_mainline build tests/fs/lustre/boot.ktest
START al2023:al2023 build tests/fs/lustre/boot.ktest
START ml-strict:lustre_mainline build tests/fs/lustre/boot-strict.ktest
START u24:u24 build tests/fs/lustre/boot.ktest
PUT /tmp/ktest-lustre.tar.gz 1s
PUT /tmp/ktest-lustre.tar.gz 2s
PUT /tmp/ktest-kernel.tar.gz 6s
PUT /tmp/ktest-kernel.tar.gz 6s
PUT /tmp/ktest-kernel.tar.gz 7s
PUT /tmp/ktest-kernel.tar.gz 7s
PUT /tmp/ktest-lustre.tar.gz 4s
PUT /tmp/ktest-lustre.tar.gz 3s
PUT /tmp/ktest-lustre.tar.gz 3s
PUT /tmp/ktest-lustre.tar.gz 3s
PUT /tmp/ktest-zfs.tar.gz 0s
PUT /tmp/ktest-zfs.tar.gz 0s
PUT /tmp/ktest-zfs.tar.gz 0s
END checkpatch:checkpatch tool checkpatch FAIL 14s (exit code: 1)
END u24:u24 build tests/fs/lustre/boot.ktest PASS 38s
END al2023:al2023 build tests/fs/lustre/boot.ktest PASS 48s
GET /tmp/ktest_ml:lustre_mainline_020bpv2g.tar 0s
GET /tmp/ktest_ml-miscvm:lustre_mainline_native_9n9mmrdk.tar 0s
END ml:lustre_mainline build tests/fs/lustre/boot.ktest PASS 195s
END ml-miscvm:lustre_mainline_native build tests/fs/lustre/boot.ktest PASS 197s
START ml-miscvm:boot run tests/fs/lustre/boot.ktest
START ml-miscvm:llmount run tests/fs/lustre/llmount.ktest
START ml-miscvm:llog-unit run tests/fs/lustre/llog-unit.ktest
START ml-miscvm:mgs-setup run tests/fs/lustre/mgs-setup.ktest
START ml-miscvm:sanity-1 run tests/fs/lustre/sanity/sanity-1.ktest
START ml-miscvm:sanity-2 run tests/fs/lustre/sanity/sanity-2.ktest
START ml-miscvm:sanity-3 run tests/fs/lustre/sanity/sanity-3.ktest
START ml-miscvm:sanity-4 run tests/fs/lustre/sanity/sanity-4.ktest
GET /tmp/ktest_ml-strict:lustre_mainline_ssq7nhpq.tar 7s
END ml-strict:lustre_mainline build tests/fs/lustre/boot-strict.ktest FAIL 205s (exit code: 1)
PUT /tmp/ktest-kernel.tar.gz 37s
PUT /tmp/ktest-kernel.tar.gz 37s
PUT /tmp/ktest-kernel.tar.gz 37s
PUT /tmp/ktest-kernel.tar.gz 37s
PUT /tmp/ktest-kernel.tar.gz 37s
PUT /tmp/ktest-kernel.tar.gz 38s
PUT /tmp/ktest-kernel.tar.gz 37s
PUT /tmp/ktest-kernel.tar.gz 37s
PUT /tmp/ktest-lustre.tar.gz 6s
PUT /tmp/ktest-lustre.tar.gz 7s
PUT /tmp/ktest-lustre.tar.gz 6s
PUT /tmp/ktest-lustre.tar.gz 7s
PUT /tmp/ktest-lustre.tar.gz 6s
PUT /tmp/ktest-lustre.tar.gz 6s
PUT /tmp/ktest-lustre.tar.gz 6s
PUT /tmp/ktest-lustre.tar.gz 6s
PUT /tmp/ktest_ml-miscvm:lustre_mainline_native_9n9mmrdk.tar 0s
PUT /tmp/ktest_ml-miscvm:lustre_mainline_native_9n9mmrdk.tar 0s
PUT /tmp/ktest_ml-miscvm:lustre_mainline_native_9n9mmrdk.tar 0s
PUT /tmp/ktest_ml-miscvm:lustre_mainline_native_9n9mmrdk.tar 0s
PUT /tmp/ktest_ml-miscvm:lustre_mainline_native_9n9mmrdk.tar 0s
PUT /tmp/ktest_ml-miscvm:lustre_mainline_native_9n9mmrdk.tar 0s
PUT /tmp/ktest_ml-miscvm:lustre_mainline_native_9n9mmrdk.tar 0s
PUT /tmp/ktest_ml-miscvm:lustre_mainline_native_9n9mmrdk.tar 0s
END ml-miscvm:boot run tests/fs/lustre/boot.ktest PASS 56s
END ml-miscvm:mgs-setup run tests/fs/lustre/mgs-setup.ktest PASS 65s
END ml-miscvm:sanity-4 run tests/fs/lustre/sanity/sanity-4.ktest PASS 93s
END ml-miscvm:sanity-3 run tests/fs/lustre/sanity/sanity-3.ktest PASS 94s
END ml-miscvm:sanity-2 run tests/fs/lustre/sanity/sanity-2.ktest PASS 96s
END ml-miscvm:llmount run tests/fs/lustre/llmount.ktest PASS 105s
END ml-miscvm:sanity-1 run tests/fs/lustre/sanity/sanity-1.ktest PASS 106s
END ml-miscvm:llog-unit run tests/fs/lustre/llog-unit.ktest FAIL 142s (exit code: 1)

============================================================
Final Results:
  checkpatch:checkpatch: FAIL (14s) (log: /var/www/ci-lustre/upstream-patch-review/60361523c68be91eb8a730ca496e7f1622e09d91_checkpatch:checkpatch.log)
  u24:u24: PASS (38s) (log: /var/www/ci-lustre/upstream-patch-review/60361523c68be91eb8a730ca496e7f1622e09d91_u24:u24.log)
  al2023:al2023: PASS (48s) (log: /var/www/ci-lustre/upstream-patch-review/60361523c68be91eb8a730ca496e7f1622e09d91_al2023:al2023.log)
  ml-strict:lustre_mainline: FAIL (205s) (log: /var/www/ci-lustre/upstream-patch-review/60361523c68be91eb8a730ca496e7f1622e09d91_ml-strict:lustre_mainline.log)
  ml:lustre_mainline: PASS (195s) (log: /var/www/ci-lustre/upstream-patch-review/60361523c68be91eb8a730ca496e7f1622e09d91_ml:lustre_mainline.log)
  ml-miscvm:lustre_mainline_native: PASS (197s) (log: /var/www/ci-lustre/upstream-patch-review/60361523c68be91eb8a730ca496e7f1622e09d91_ml-miscvm:lustre_mainline_native.log)
  ml-miscvm:boot: PASS (56s) (log: /var/www/ci-lustre/upstream-patch-review/60361523c68be91eb8a730ca496e7f1622e09d91_ml-miscvm:boot.log)
  ml-miscvm:llmount: PASS (105s) (log: /var/www/ci-lustre/upstream-patch-review/60361523c68be91eb8a730ca496e7f1622e09d91_ml-miscvm:llmount.log)
  ml-miscvm:llog-unit: FAIL (142s) (log: /var/www/ci-lustre/upstream-patch-review/60361523c68be91eb8a730ca496e7f1622e09d91_ml-miscvm:llog-unit.log)
  ml-miscvm:mgs-setup: PASS (65s) (log: /var/www/ci-lustre/upstream-patch-review/60361523c68be91eb8a730ca496e7f1622e09d91_ml-miscvm:mgs-setup.log)
  ml-miscvm:sanity-1: PASS (106s) (log: /var/www/ci-lustre/upstream-patch-review/60361523c68be91eb8a730ca496e7f1622e09d91_ml-miscvm:sanity-1.log)
  ml-miscvm:sanity-2: PASS (96s) (log: /var/www/ci-lustre/upstream-patch-review/60361523c68be91eb8a730ca496e7f1622e09d91_ml-miscvm:sanity-2.log)
  ml-miscvm:sanity-3: PASS (94s) (log: /var/www/ci-lustre/upstream-patch-review/60361523c68be91eb8a730ca496e7f1622e09d91_ml-miscvm:sanity-3.log)
  ml-miscvm:sanity-4: PASS (93s) (log: /var/www/ci-lustre/upstream-patch-review/60361523c68be91eb8a730ca496e7f1622e09d91_ml-miscvm:sanity-4.log)

Total execution time: 370s

Packed 5989 logs from /var/www/ci-lustre/upstream-patch-review into /home/ktest/ktest/local-site/local_data.js
Open /home/ktest/ktest/local-site/index.html in a browser
