CLI: ./pk --podman-socket unix:///run/podman/podman.sock --shared-filesystem /tmp --tarball-input job lustre-ci --output /var/www/ci-lustre/upstream-patch-review --git-hash 6085841722bab5bbc6a8da8ac89191960bc7d03a --change-id 61978_6085841722bab5bbc6a8da8ac89191960bc7d03a --subject LU-18456 tcu: delay trash creation ".lustre/trash/MDTXXXX"

Environment validated successfully
Note: custom LLVM is not synced in tarball input mode
Creating kernel tarball at /tmp/ktest-kernel.tar.gz...
Creating lustre tarball at /tmp/ktest-lustre.tar.gz...
Creating ZFS tarball at /tmp/ktest-zfs.tar.gz...
Executing 14 jobs
Jobs will start as soon as their dependencies are satisfied
Using tarball input mode

START u24:u24 build tests/fs/lustre/boot.ktest
START ml:lustre_mainline build tests/fs/lustre/boot.ktest
START ml-miscvm:lustre_mainline_native build tests/fs/lustre/boot.ktest
START al2023:al2023 build tests/fs/lustre/boot.ktest
START checkpatch:checkpatch tool checkpatch
START ml-strict:lustre_mainline build tests/fs/lustre/boot-strict.ktest
PUT /tmp/ktest-lustre.tar.gz 1s
PUT /tmp/ktest-lustre.tar.gz 1s
PUT /tmp/ktest-kernel.tar.gz 7s
PUT /tmp/ktest-kernel.tar.gz 7s
PUT /tmp/ktest-kernel.tar.gz 7s
PUT /tmp/ktest-kernel.tar.gz 8s
PUT /tmp/ktest-lustre.tar.gz 2s
PUT /tmp/ktest-lustre.tar.gz 2s
PUT /tmp/ktest-lustre.tar.gz 2s
PUT /tmp/ktest-lustre.tar.gz 2s
PUT /tmp/ktest-zfs.tar.gz 0s
PUT /tmp/ktest-zfs.tar.gz 0s
PUT /tmp/ktest-zfs.tar.gz 0s
END checkpatch:checkpatch tool checkpatch FAIL 14s (exit code: 1)
END u24:u24 build tests/fs/lustre/boot.ktest PASS 39s
END al2023:al2023 build tests/fs/lustre/boot.ktest PASS 46s
GET /tmp/ktest_ml:lustre_mainline_tydlb6aw.tar 0s
END ml:lustre_mainline build tests/fs/lustre/boot.ktest PASS 151s
GET /tmp/ktest_ml-miscvm:lustre_mainline_native_eaxyxnfw.tar 1s
END ml-miscvm:lustre_mainline_native build tests/fs/lustre/boot.ktest PASS 152s
START ml-miscvm:boot run tests/fs/lustre/boot.ktest
START ml-miscvm:llmount run tests/fs/lustre/llmount.ktest
START ml-miscvm:llog-unit run tests/fs/lustre/llog-unit.ktest
START ml-miscvm:mgs-setup run tests/fs/lustre/mgs-setup.ktest
START ml-miscvm:sanity-1 run tests/fs/lustre/sanity/sanity-1.ktest
START ml-miscvm:sanity-2 run tests/fs/lustre/sanity/sanity-2.ktest
START ml-miscvm:sanity-3 run tests/fs/lustre/sanity/sanity-3.ktest
START ml-miscvm:sanity-4 run tests/fs/lustre/sanity/sanity-4.ktest
GET /tmp/ktest_ml-strict:lustre_mainline_pvnh3qvi.tar 4s
END ml-strict:lustre_mainline build tests/fs/lustre/boot-strict.ktest FAIL 155s (exit code: 1)
PUT /tmp/ktest-kernel.tar.gz 46s
PUT /tmp/ktest-kernel.tar.gz 46s
PUT /tmp/ktest-kernel.tar.gz 46s
PUT /tmp/ktest-kernel.tar.gz 46s
PUT /tmp/ktest-kernel.tar.gz 47s
PUT /tmp/ktest-kernel.tar.gz 47s
PUT /tmp/ktest-kernel.tar.gz 47s
PUT /tmp/ktest-kernel.tar.gz 47s
PUT /tmp/ktest-lustre.tar.gz 5s
PUT /tmp/ktest-lustre.tar.gz 4s
PUT /tmp/ktest-lustre.tar.gz 4s
PUT /tmp/ktest-lustre.tar.gz 4s
PUT /tmp/ktest-lustre.tar.gz 5s
PUT /tmp/ktest-lustre.tar.gz 4s
PUT /tmp/ktest-lustre.tar.gz 4s
PUT /tmp/ktest-lustre.tar.gz 4s
PUT /tmp/ktest_ml-miscvm:lustre_mainline_native_eaxyxnfw.tar 0s
PUT /tmp/ktest_ml-miscvm:lustre_mainline_native_eaxyxnfw.tar 0s
PUT /tmp/ktest_ml-miscvm:lustre_mainline_native_eaxyxnfw.tar 0s
PUT /tmp/ktest_ml-miscvm:lustre_mainline_native_eaxyxnfw.tar 0s
PUT /tmp/ktest_ml-miscvm:lustre_mainline_native_eaxyxnfw.tar 0s
PUT /tmp/ktest_ml-miscvm:lustre_mainline_native_eaxyxnfw.tar 0s
PUT /tmp/ktest_ml-miscvm:lustre_mainline_native_eaxyxnfw.tar 0s
PUT /tmp/ktest_ml-miscvm:lustre_mainline_native_eaxyxnfw.tar 0s
END ml-miscvm:boot run tests/fs/lustre/boot.ktest PASS 65s
END ml-miscvm:mgs-setup run tests/fs/lustre/mgs-setup.ktest PASS 75s
END ml-miscvm:sanity-2 run tests/fs/lustre/sanity/sanity-2.ktest PASS 102s
END ml-miscvm:sanity-1 run tests/fs/lustre/sanity/sanity-1.ktest PASS 105s
END ml-miscvm:sanity-3 run tests/fs/lustre/sanity/sanity-3.ktest PASS 106s
END ml-miscvm:sanity-4 run tests/fs/lustre/sanity/sanity-4.ktest PASS 107s
END ml-miscvm:llmount run tests/fs/lustre/llmount.ktest PASS 126s
END ml-miscvm:llog-unit run tests/fs/lustre/llog-unit.ktest FAIL 151s (exit code: 1)

============================================================
Final Results:
  checkpatch:checkpatch: FAIL (14s) (log: /var/www/ci-lustre/upstream-patch-review/6085841722bab5bbc6a8da8ac89191960bc7d03a_checkpatch:checkpatch.log)
  u24:u24: PASS (39s) (log: /var/www/ci-lustre/upstream-patch-review/6085841722bab5bbc6a8da8ac89191960bc7d03a_u24:u24.log)
  al2023:al2023: PASS (46s) (log: /var/www/ci-lustre/upstream-patch-review/6085841722bab5bbc6a8da8ac89191960bc7d03a_al2023:al2023.log)
  ml-strict:lustre_mainline: FAIL (155s) (log: /var/www/ci-lustre/upstream-patch-review/6085841722bab5bbc6a8da8ac89191960bc7d03a_ml-strict:lustre_mainline.log)
  ml:lustre_mainline: PASS (151s) (log: /var/www/ci-lustre/upstream-patch-review/6085841722bab5bbc6a8da8ac89191960bc7d03a_ml:lustre_mainline.log)
  ml-miscvm:lustre_mainline_native: PASS (152s) (log: /var/www/ci-lustre/upstream-patch-review/6085841722bab5bbc6a8da8ac89191960bc7d03a_ml-miscvm:lustre_mainline_native.log)
  ml-miscvm:boot: PASS (65s) (log: /var/www/ci-lustre/upstream-patch-review/6085841722bab5bbc6a8da8ac89191960bc7d03a_ml-miscvm:boot.log)
  ml-miscvm:llmount: PASS (126s) (log: /var/www/ci-lustre/upstream-patch-review/6085841722bab5bbc6a8da8ac89191960bc7d03a_ml-miscvm:llmount.log)
  ml-miscvm:llog-unit: FAIL (151s) (log: /var/www/ci-lustre/upstream-patch-review/6085841722bab5bbc6a8da8ac89191960bc7d03a_ml-miscvm:llog-unit.log)
  ml-miscvm:mgs-setup: PASS (75s) (log: /var/www/ci-lustre/upstream-patch-review/6085841722bab5bbc6a8da8ac89191960bc7d03a_ml-miscvm:mgs-setup.log)
  ml-miscvm:sanity-1: PASS (105s) (log: /var/www/ci-lustre/upstream-patch-review/6085841722bab5bbc6a8da8ac89191960bc7d03a_ml-miscvm:sanity-1.log)
  ml-miscvm:sanity-2: PASS (102s) (log: /var/www/ci-lustre/upstream-patch-review/6085841722bab5bbc6a8da8ac89191960bc7d03a_ml-miscvm:sanity-2.log)
  ml-miscvm:sanity-3: PASS (106s) (log: /var/www/ci-lustre/upstream-patch-review/6085841722bab5bbc6a8da8ac89191960bc7d03a_ml-miscvm:sanity-3.log)
  ml-miscvm:sanity-4: PASS (107s) (log: /var/www/ci-lustre/upstream-patch-review/6085841722bab5bbc6a8da8ac89191960bc7d03a_ml-miscvm:sanity-4.log)

Total execution time: 335s

Packed 4362 logs from /var/www/ci-lustre/upstream-patch-review into /home/ktest/ktest/local-site/local_data.js
Open /home/ktest/ktest/local-site/index.html in a browser
