WARNING:FILE_PATH_CHANGES: added, moved or deleted file(s), does MAINTAINERS need updating?
#2186: 
new file mode 100644

WARNING:TYPO_SPELLING: 'succesfully' may be misspelled - perhaps 'successfully'?
#2298: FILE: lustre/utils/lfs_find_parse.c:108:
+ * Return: 0 if argument string is succesfully processed, nonzero if any
                                    ^^^^^^^^^^^

WARNING:TYPO_SPELLING: 'seperated' may be misspelled - perhaps 'separated'?
#2892: FILE: lustre/utils/lfs_find_parse.c:702:
+		/* parse coma seperated list of symbolic representation */
 		              ^^^^^^^^^

WARNING:PREFER_FALLTHROUGH: Prefer 'fallthrough;' over fallthrough comment
#3309: FILE: lustre/utils/lfs_find_parse.c:1119:
+			/* no break, this falls through to 'B' for btime */

WARNING:PREFER_FALLTHROUGH: Prefer 'fallthrough;' over fallthrough comment
#3317: FILE: lustre/utils/lfs_find_parse.c:1127:
+			/* no break, this falls through to 'C' for ctime */

WARNING:PREFER_FALLTHROUGH: Prefer 'fallthrough;' over fallthrough comment
#3325: FILE: lustre/utils/lfs_find_parse.c:1135:
+			/* no break, this falls through to 'M' for mtime */

WARNING:STRNCPY: Prefer strscpy, strscpy_pad, or __nonstring over strncpy - see: https://github.com/KSPP/linux/issues/90
#3835: FILE: lustre/utils/lfs_find_parse.c:1645:
+				strncpy(buf, p1, len);

WARNING:DEEP_INDENTATION: Too many leading tabs - consider code refactoring
#3866: FILE: lustre/utils/lfs_find_parse.c:1676:
+						if (*p_num >= *p_alloc) {

WARNING:DEEP_INDENTATION: Too many leading tabs - consider code refactoring
#3870: FILE: lustre/utils/lfs_find_parse.c:1680:
+							if (tmp == NULL) {

WARNING:STRCPY: Prefer strscpy over strcpy - see: https://github.com/KSPP/linux/issues/88
#3879: FILE: lustre/utils/lfs_find_parse.c:1689:
+						strcpy((*pp_uuid)[(*p_num)++].uuid, buf);

WARNING:STRCPY: Prefer strscpy over strcpy - see: https://github.com/KSPP/linux/issues/88
#3883: FILE: lustre/utils/lfs_find_parse.c:1693:
+					strcpy((*pp_uuid)[(*p_num)++].uuid, buf);

WARNING:CONSTANT_COMPARISON: Comparisons should place the constant on the right side of the test
#3894: FILE: lustre/utils/lfs_find_parse.c:1704:
+#if LUSTRE_VERSION_CODE >= OBD_OCD_VERSION(2, 18, 53, 0)

total: 0 errors, 12 warnings, 4273 lines checked

NOTE: For some of the reported defects, checkpatch may be able to
      mechanically convert to the typical style using --fix or --fix-inplace.

Your patch has style problems, please review.

NOTE: If any of the errors are false positives, please report
      them to the maintainer, see CHECKPATCH in MAINTAINERS.
