CLI: ./pk --podman-socket unix:///run/user/1000/podman/podman.sock --shared-filesystem /tmp --tarball-input job lustre-ci --output /var/www/ci-lustre/upstream-patch-review --git-hash 618f284a7a9f95f451ccd1621186b37c8386ce68 --change-id 67973_618f284a7a9f95f451ccd1621186b37c8386ce68 --subject LU-20589 llite: fail IO when the restart budget runs out

Environment validated successfully
Note: custom LLVM is not synced in tarball input mode
Creating kernel tarball at /tmp/ktest-kernel.tar.gz...
Creating lustre tarball at /tmp/ktest-lustre.tar.gz...
Creating ZFS tarball at /tmp/ktest-zfs.tar.gz...
Executing 14 jobs
Jobs will start as soon as their dependencies are satisfied
Using tarball input mode

START u24:u24 build tests/fs/lustre/boot.ktest
START ml:lustre_mainline build tests/fs/lustre/boot.ktest
START al2023:al2023 build tests/fs/lustre/boot.ktest
START ml-miscvm:lustre_mainline_native build tests/fs/lustre/boot.ktest
START checkpatch:checkpatch tool checkpatch
START ml-strict:lustre_mainline build tests/fs/lustre/boot-strict.ktest
PUT /tmp/ktest-lustre.tar.gz 1s
PUT /tmp/ktest-lustre.tar.gz 1s
PUT /tmp/ktest-kernel.tar.gz 14s
PUT /tmp/ktest-kernel.tar.gz 14s
PUT /tmp/ktest-kernel.tar.gz 14s
PUT /tmp/ktest-kernel.tar.gz 14s
PUT /tmp/ktest-lustre.tar.gz 2s
PUT /tmp/ktest-lustre.tar.gz 1s
PUT /tmp/ktest-lustre.tar.gz 2s
PUT /tmp/ktest-lustre.tar.gz 2s
PUT /tmp/ktest-zfs.tar.gz 0s
PUT /tmp/ktest-zfs.tar.gz 0s
PUT /tmp/ktest-zfs.tar.gz 0s
END checkpatch:checkpatch tool checkpatch FAIL 19s (exit code: 1)
END u24:u24 build tests/fs/lustre/boot.ktest PASS 43s
END al2023:al2023 build tests/fs/lustre/boot.ktest PASS 47s
GET /tmp/ktest_ml-strict:lustre_mainline_f0hlj6ok.tar 4s
END ml-strict:lustre_mainline build tests/fs/lustre/boot-strict.ktest FAIL 156s (exit code: 1)
GET /tmp/ktest_ml-miscvm:lustre_mainline_native_5gdqqcrh.tar 0s
GET /tmp/ktest_ml:lustre_mainline_c3zd69rv.tar 0s
END ml-miscvm:lustre_mainline_native build tests/fs/lustre/boot.ktest PASS 167s
START ml-miscvm:boot run tests/fs/lustre/boot.ktest
START ml-miscvm:llmount run tests/fs/lustre/llmount.ktest
START ml-miscvm:llog-unit run tests/fs/lustre/llog-unit.ktest
START ml-miscvm:mgs-setup run tests/fs/lustre/mgs-setup.ktest
START ml-miscvm:sanity-1 run tests/fs/lustre/sanity/sanity-1.ktest
START ml-miscvm:sanity-2 run tests/fs/lustre/sanity/sanity-2.ktest
START ml-miscvm:sanity-3 run tests/fs/lustre/sanity/sanity-3.ktest
START ml-miscvm:sanity-4 run tests/fs/lustre/sanity/sanity-4.ktest
END ml:lustre_mainline build tests/fs/lustre/boot.ktest PASS 168s
PUT /tmp/ktest-kernel.tar.gz 30s
PUT /tmp/ktest-kernel.tar.gz 30s
PUT /tmp/ktest-kernel.tar.gz 30s
PUT /tmp/ktest-kernel.tar.gz 30s
PUT /tmp/ktest-kernel.tar.gz 30s
PUT /tmp/ktest-kernel.tar.gz 30s
PUT /tmp/ktest-kernel.tar.gz 30s
PUT /tmp/ktest-kernel.tar.gz 31s
PUT /tmp/ktest-lustre.tar.gz 9s
PUT /tmp/ktest-lustre.tar.gz 10s
PUT /tmp/ktest-lustre.tar.gz 10s
PUT /tmp/ktest-lustre.tar.gz 9s
PUT /tmp/ktest-lustre.tar.gz 9s
PUT /tmp/ktest-lustre.tar.gz 9s
PUT /tmp/ktest-lustre.tar.gz 10s
PUT /tmp/ktest-lustre.tar.gz 9s
PUT /tmp/ktest_ml-miscvm:lustre_mainline_native_5gdqqcrh.tar 2s
PUT /tmp/ktest_ml-miscvm:lustre_mainline_native_5gdqqcrh.tar 2s
PUT /tmp/ktest_ml-miscvm:lustre_mainline_native_5gdqqcrh.tar 2s
PUT /tmp/ktest_ml-miscvm:lustre_mainline_native_5gdqqcrh.tar 2s
PUT /tmp/ktest_ml-miscvm:lustre_mainline_native_5gdqqcrh.tar 2s
PUT /tmp/ktest_ml-miscvm:lustre_mainline_native_5gdqqcrh.tar 2s
PUT /tmp/ktest_ml-miscvm:lustre_mainline_native_5gdqqcrh.tar 2s
PUT /tmp/ktest_ml-miscvm:lustre_mainline_native_5gdqqcrh.tar 2s
END ml-miscvm:boot run tests/fs/lustre/boot.ktest PASS 56s
END ml-miscvm:mgs-setup run tests/fs/lustre/mgs-setup.ktest PASS 66s
END ml-miscvm:sanity-4 run tests/fs/lustre/sanity/sanity-4.ktest PASS 96s
END ml-miscvm:sanity-3 run tests/fs/lustre/sanity/sanity-3.ktest PASS 97s
END ml-miscvm:sanity-2 run tests/fs/lustre/sanity/sanity-2.ktest PASS 98s
END ml-miscvm:sanity-1 run tests/fs/lustre/sanity/sanity-1.ktest PASS 100s
END ml-miscvm:llmount run tests/fs/lustre/llmount.ktest PASS 105s
END ml-miscvm:llog-unit run tests/fs/lustre/llog-unit.ktest FAIL 142s (exit code: 1)

============================================================
Final Results:
  checkpatch:checkpatch: FAIL (19s) (log: /var/www/ci-lustre/upstream-patch-review/618f284a7a9f95f451ccd1621186b37c8386ce68_checkpatch:checkpatch.log)
  u24:u24: PASS (43s) (log: /var/www/ci-lustre/upstream-patch-review/618f284a7a9f95f451ccd1621186b37c8386ce68_u24:u24.log)
  al2023:al2023: PASS (47s) (log: /var/www/ci-lustre/upstream-patch-review/618f284a7a9f95f451ccd1621186b37c8386ce68_al2023:al2023.log)
  ml-strict:lustre_mainline: FAIL (156s) (log: /var/www/ci-lustre/upstream-patch-review/618f284a7a9f95f451ccd1621186b37c8386ce68_ml-strict:lustre_mainline.log)
  ml:lustre_mainline: PASS (168s) (log: /var/www/ci-lustre/upstream-patch-review/618f284a7a9f95f451ccd1621186b37c8386ce68_ml:lustre_mainline.log)
  ml-miscvm:lustre_mainline_native: PASS (167s) (log: /var/www/ci-lustre/upstream-patch-review/618f284a7a9f95f451ccd1621186b37c8386ce68_ml-miscvm:lustre_mainline_native.log)
  ml-miscvm:boot: PASS (56s) (log: /var/www/ci-lustre/upstream-patch-review/618f284a7a9f95f451ccd1621186b37c8386ce68_ml-miscvm:boot.log)
  ml-miscvm:llmount: PASS (105s) (log: /var/www/ci-lustre/upstream-patch-review/618f284a7a9f95f451ccd1621186b37c8386ce68_ml-miscvm:llmount.log)
  ml-miscvm:llog-unit: FAIL (142s) (log: /var/www/ci-lustre/upstream-patch-review/618f284a7a9f95f451ccd1621186b37c8386ce68_ml-miscvm:llog-unit.log)
  ml-miscvm:mgs-setup: PASS (66s) (log: /var/www/ci-lustre/upstream-patch-review/618f284a7a9f95f451ccd1621186b37c8386ce68_ml-miscvm:mgs-setup.log)
  ml-miscvm:sanity-1: PASS (100s) (log: /var/www/ci-lustre/upstream-patch-review/618f284a7a9f95f451ccd1621186b37c8386ce68_ml-miscvm:sanity-1.log)
  ml-miscvm:sanity-2: PASS (98s) (log: /var/www/ci-lustre/upstream-patch-review/618f284a7a9f95f451ccd1621186b37c8386ce68_ml-miscvm:sanity-2.log)
  ml-miscvm:sanity-3: PASS (97s) (log: /var/www/ci-lustre/upstream-patch-review/618f284a7a9f95f451ccd1621186b37c8386ce68_ml-miscvm:sanity-3.log)
  ml-miscvm:sanity-4: PASS (96s) (log: /var/www/ci-lustre/upstream-patch-review/618f284a7a9f95f451ccd1621186b37c8386ce68_ml-miscvm:sanity-4.log)

Total execution time: 339s

Packed 1720 logs from /var/www/ci-lustre/upstream-patch-review into /home/ktest/ktest/local-site/local_data.js
Open /home/ktest/ktest/local-site/index.html in a browser
