CLI: ./pk --podman-socket unix:///run/podman/podman.sock --shared-filesystem /tmp --tarball-input job lustre-ci --output /var/www/ci-lustre/upstream-patch-review --git-hash 62212471e629ec72b5d9f9187e76b6dcc3733ae1 --change-id 64321_62212471e629ec72b5d9f9187e76b6dcc3733ae1 --subject LU-19921 ptlrpc: register gssiam policy

Environment validated successfully
Note: custom LLVM is not synced in tarball input mode
Creating kernel tarball at /tmp/ktest-kernel.tar.gz...
Creating lustre tarball at /tmp/ktest-lustre.tar.gz...
Creating ZFS tarball at /tmp/ktest-zfs.tar.gz...
Executing 14 jobs
Jobs will start as soon as their dependencies are satisfied
Using tarball input mode

START al2023:al2023 build tests/fs/lustre/boot.ktest
START ml:lustre_mainline build tests/fs/lustre/boot.ktest
START ml-strict:lustre_mainline build tests/fs/lustre/boot-strict.ktest
START ml-miscvm:lustre_mainline_native build tests/fs/lustre/boot.ktest
START checkpatch:checkpatch tool checkpatch
START u24:u24 build tests/fs/lustre/boot.ktest
PUT /tmp/ktest-lustre.tar.gz 1s
PUT /tmp/ktest-lustre.tar.gz 1s
PUT /tmp/ktest-kernel.tar.gz 8s
PUT /tmp/ktest-kernel.tar.gz 8s
PUT /tmp/ktest-kernel.tar.gz 8s
PUT /tmp/ktest-kernel.tar.gz 8s
PUT /tmp/ktest-lustre.tar.gz 2s
PUT /tmp/ktest-lustre.tar.gz 2s
PUT /tmp/ktest-lustre.tar.gz 3s
PUT /tmp/ktest-lustre.tar.gz 3s
PUT /tmp/ktest-zfs.tar.gz 0s
PUT /tmp/ktest-zfs.tar.gz 0s
PUT /tmp/ktest-zfs.tar.gz 0s
END checkpatch:checkpatch tool checkpatch PASS 13s
END u24:u24 build tests/fs/lustre/boot.ktest PASS 43s
END al2023:al2023 build tests/fs/lustre/boot.ktest PASS 46s
GET /tmp/ktest_ml:lustre_mainline_95w6hman.tar 0s
END ml:lustre_mainline build tests/fs/lustre/boot.ktest PASS 150s
GET /tmp/ktest_ml-miscvm:lustre_mainline_native_87gsrkk8.tar 0s
END ml-miscvm:lustre_mainline_native build tests/fs/lustre/boot.ktest PASS 153s
START ml-miscvm:boot run tests/fs/lustre/boot.ktest
START ml-miscvm:llmount run tests/fs/lustre/llmount.ktest
START ml-miscvm:llog-unit run tests/fs/lustre/llog-unit.ktest
START ml-miscvm:mgs-setup run tests/fs/lustre/mgs-setup.ktest
START ml-miscvm:sanity-1 run tests/fs/lustre/sanity/sanity-1.ktest
START ml-miscvm:sanity-2 run tests/fs/lustre/sanity/sanity-2.ktest
START ml-miscvm:sanity-3 run tests/fs/lustre/sanity/sanity-3.ktest
START ml-miscvm:sanity-4 run tests/fs/lustre/sanity/sanity-4.ktest
GET /tmp/ktest_ml-strict:lustre_mainline_xv_i01qc.tar 5s
END ml-strict:lustre_mainline build tests/fs/lustre/boot-strict.ktest FAIL 156s (exit code: 1)
PUT /tmp/ktest-kernel.tar.gz 31s
PUT /tmp/ktest-kernel.tar.gz 32s
PUT /tmp/ktest-kernel.tar.gz 32s
PUT /tmp/ktest-kernel.tar.gz 32s
PUT /tmp/ktest-kernel.tar.gz 32s
PUT /tmp/ktest-kernel.tar.gz 32s
PUT /tmp/ktest-kernel.tar.gz 33s
PUT /tmp/ktest-kernel.tar.gz 32s
PUT /tmp/ktest-lustre.tar.gz 8s
PUT /tmp/ktest-lustre.tar.gz 10s
PUT /tmp/ktest-lustre.tar.gz 8s
PUT /tmp/ktest-lustre.tar.gz 8s
PUT /tmp/ktest-lustre.tar.gz 9s
PUT /tmp/ktest-lustre.tar.gz 9s
PUT /tmp/ktest-lustre.tar.gz 9s
PUT /tmp/ktest-lustre.tar.gz 9s
PUT /tmp/ktest_ml-miscvm:lustre_mainline_native_87gsrkk8.tar 1s
PUT /tmp/ktest_ml-miscvm:lustre_mainline_native_87gsrkk8.tar 1s
PUT /tmp/ktest_ml-miscvm:lustre_mainline_native_87gsrkk8.tar 0s
PUT /tmp/ktest_ml-miscvm:lustre_mainline_native_87gsrkk8.tar 1s
PUT /tmp/ktest_ml-miscvm:lustre_mainline_native_87gsrkk8.tar 1s
PUT /tmp/ktest_ml-miscvm:lustre_mainline_native_87gsrkk8.tar 1s
PUT /tmp/ktest_ml-miscvm:lustre_mainline_native_87gsrkk8.tar 1s
PUT /tmp/ktest_ml-miscvm:lustre_mainline_native_87gsrkk8.tar 1s
END ml-miscvm:boot run tests/fs/lustre/boot.ktest PASS 54s
END ml-miscvm:mgs-setup run tests/fs/lustre/mgs-setup.ktest PASS 63s
END ml-miscvm:sanity-1 run tests/fs/lustre/sanity/sanity-1.ktest PASS 91s
END ml-miscvm:sanity-4 run tests/fs/lustre/sanity/sanity-4.ktest PASS 93s
END ml-miscvm:sanity-3 run tests/fs/lustre/sanity/sanity-3.ktest PASS 95s
END ml-miscvm:sanity-2 run tests/fs/lustre/sanity/sanity-2.ktest PASS 103s
END ml-miscvm:llmount run tests/fs/lustre/llmount.ktest PASS 114s
END ml-miscvm:llog-unit run tests/fs/lustre/llog-unit.ktest FAIL 140s (exit code: 1)

============================================================
Final Results:
  checkpatch:checkpatch: PASS (13s) (log: /var/www/ci-lustre/upstream-patch-review/62212471e629ec72b5d9f9187e76b6dcc3733ae1_checkpatch:checkpatch.log)
  u24:u24: PASS (43s) (log: /var/www/ci-lustre/upstream-patch-review/62212471e629ec72b5d9f9187e76b6dcc3733ae1_u24:u24.log)
  al2023:al2023: PASS (46s) (log: /var/www/ci-lustre/upstream-patch-review/62212471e629ec72b5d9f9187e76b6dcc3733ae1_al2023:al2023.log)
  ml-strict:lustre_mainline: FAIL (156s) (log: /var/www/ci-lustre/upstream-patch-review/62212471e629ec72b5d9f9187e76b6dcc3733ae1_ml-strict:lustre_mainline.log)
  ml:lustre_mainline: PASS (150s) (log: /var/www/ci-lustre/upstream-patch-review/62212471e629ec72b5d9f9187e76b6dcc3733ae1_ml:lustre_mainline.log)
  ml-miscvm:lustre_mainline_native: PASS (153s) (log: /var/www/ci-lustre/upstream-patch-review/62212471e629ec72b5d9f9187e76b6dcc3733ae1_ml-miscvm:lustre_mainline_native.log)
  ml-miscvm:boot: PASS (54s) (log: /var/www/ci-lustre/upstream-patch-review/62212471e629ec72b5d9f9187e76b6dcc3733ae1_ml-miscvm:boot.log)
  ml-miscvm:llmount: PASS (114s) (log: /var/www/ci-lustre/upstream-patch-review/62212471e629ec72b5d9f9187e76b6dcc3733ae1_ml-miscvm:llmount.log)
  ml-miscvm:llog-unit: FAIL (140s) (log: /var/www/ci-lustre/upstream-patch-review/62212471e629ec72b5d9f9187e76b6dcc3733ae1_ml-miscvm:llog-unit.log)
  ml-miscvm:mgs-setup: PASS (63s) (log: /var/www/ci-lustre/upstream-patch-review/62212471e629ec72b5d9f9187e76b6dcc3733ae1_ml-miscvm:mgs-setup.log)
  ml-miscvm:sanity-1: PASS (91s) (log: /var/www/ci-lustre/upstream-patch-review/62212471e629ec72b5d9f9187e76b6dcc3733ae1_ml-miscvm:sanity-1.log)
  ml-miscvm:sanity-2: PASS (103s) (log: /var/www/ci-lustre/upstream-patch-review/62212471e629ec72b5d9f9187e76b6dcc3733ae1_ml-miscvm:sanity-2.log)
  ml-miscvm:sanity-3: PASS (95s) (log: /var/www/ci-lustre/upstream-patch-review/62212471e629ec72b5d9f9187e76b6dcc3733ae1_ml-miscvm:sanity-3.log)
  ml-miscvm:sanity-4: PASS (93s) (log: /var/www/ci-lustre/upstream-patch-review/62212471e629ec72b5d9f9187e76b6dcc3733ae1_ml-miscvm:sanity-4.log)

Total execution time: 323s

Packed 2949 logs from /var/www/ci-lustre/upstream-patch-review into /home/ktest/ktest/local-site/local_data.js
Open /home/ktest/ktest/local-site/index.html in a browser
