CLI: ./pk --podman-socket unix:///run/podman/podman.sock --shared-filesystem /tmp --tarball-input job lustre-ci --output /var/www/ci-lustre/upstream-patch-review --git-hash 6340f3c8d245db92c27b86bedddea73b47949f5a --change-id 66081_6340f3c8d245db92c27b86bedddea73b47949f5a --subject LU-20296 ptlrpc: also force reconnect if ctx nego timeout

Environment validated successfully
Note: custom LLVM is not synced in tarball input mode
Creating kernel tarball at /tmp/ktest-kernel.tar.gz...
Creating lustre tarball at /tmp/ktest-lustre.tar.gz...
Creating ZFS tarball at /tmp/ktest-zfs.tar.gz...
Executing 14 jobs
Jobs will start as soon as their dependencies are satisfied
Using tarball input mode

START ml:lustre_mainline build tests/fs/lustre/boot.ktest
START al2023:al2023 build tests/fs/lustre/boot.ktest
START ml-strict:lustre_mainline build tests/fs/lustre/boot-strict.ktest
START ml-miscvm:lustre_mainline_native build tests/fs/lustre/boot.ktest
START u24:u24 build tests/fs/lustre/boot.ktest
START checkpatch:checkpatch tool checkpatch
PUT /tmp/ktest-lustre.tar.gz 1s
PUT /tmp/ktest-lustre.tar.gz 1s
PUT /tmp/ktest-kernel.tar.gz 6s
PUT /tmp/ktest-kernel.tar.gz 6s
PUT /tmp/ktest-kernel.tar.gz 6s
PUT /tmp/ktest-kernel.tar.gz 6s
PUT /tmp/ktest-lustre.tar.gz 1s
PUT /tmp/ktest-lustre.tar.gz 1s
PUT /tmp/ktest-lustre.tar.gz 1s
PUT /tmp/ktest-lustre.tar.gz 1s
PUT /tmp/ktest-zfs.tar.gz 0s
PUT /tmp/ktest-zfs.tar.gz 0s
PUT /tmp/ktest-zfs.tar.gz 0s
END checkpatch:checkpatch tool checkpatch PASS 10s
END u24:u24 build tests/fs/lustre/boot.ktest PASS 36s
END al2023:al2023 build tests/fs/lustre/boot.ktest PASS 44s
GET /tmp/ktest_ml-miscvm:lustre_mainline_native_ofhtz4ku.tar 0s
GET /tmp/ktest_ml:lustre_mainline_h9a99bnn.tar 0s
END ml-miscvm:lustre_mainline_native build tests/fs/lustre/boot.ktest PASS 190s
START ml-miscvm:boot run tests/fs/lustre/boot.ktest
START ml-miscvm:llmount run tests/fs/lustre/llmount.ktest
START ml-miscvm:llog-unit run tests/fs/lustre/llog-unit.ktest
START ml-miscvm:mgs-setup run tests/fs/lustre/mgs-setup.ktest
START ml-miscvm:sanity-1 run tests/fs/lustre/sanity/sanity-1.ktest
START ml-miscvm:sanity-2 run tests/fs/lustre/sanity/sanity-2.ktest
START ml-miscvm:sanity-3 run tests/fs/lustre/sanity/sanity-3.ktest
START ml-miscvm:sanity-4 run tests/fs/lustre/sanity/sanity-4.ktest
END ml:lustre_mainline build tests/fs/lustre/boot.ktest PASS 191s
GET /tmp/ktest_ml-strict:lustre_mainline_3uyyfgjv.tar 6s
END ml-strict:lustre_mainline build tests/fs/lustre/boot-strict.ktest FAIL 195s (exit code: 1)
PUT /tmp/ktest-kernel.tar.gz 19s
PUT /tmp/ktest-kernel.tar.gz 19s
PUT /tmp/ktest-kernel.tar.gz 20s
PUT /tmp/ktest-kernel.tar.gz 20s
PUT /tmp/ktest-kernel.tar.gz 20s
PUT /tmp/ktest-kernel.tar.gz 20s
PUT /tmp/ktest-kernel.tar.gz 16s
PUT /tmp/ktest-kernel.tar.gz 20s
PUT /tmp/ktest-lustre.tar.gz 4s
PUT /tmp/ktest-lustre.tar.gz 4s
PUT /tmp/ktest-lustre.tar.gz 4s
PUT /tmp/ktest-lustre.tar.gz 3s
PUT /tmp/ktest-lustre.tar.gz 4s
PUT /tmp/ktest-lustre.tar.gz 4s
PUT /tmp/ktest-lustre.tar.gz 3s
PUT /tmp/ktest-lustre.tar.gz 4s
PUT /tmp/ktest_ml-miscvm:lustre_mainline_native_ofhtz4ku.tar 0s
PUT /tmp/ktest_ml-miscvm:lustre_mainline_native_ofhtz4ku.tar 0s
PUT /tmp/ktest_ml-miscvm:lustre_mainline_native_ofhtz4ku.tar 0s
PUT /tmp/ktest_ml-miscvm:lustre_mainline_native_ofhtz4ku.tar 0s
PUT /tmp/ktest_ml-miscvm:lustre_mainline_native_ofhtz4ku.tar 0s
PUT /tmp/ktest_ml-miscvm:lustre_mainline_native_ofhtz4ku.tar 0s
PUT /tmp/ktest_ml-miscvm:lustre_mainline_native_ofhtz4ku.tar 0s
PUT /tmp/ktest_ml-miscvm:lustre_mainline_native_ofhtz4ku.tar 0s
END ml-miscvm:boot run tests/fs/lustre/boot.ktest PASS 37s
END ml-miscvm:mgs-setup run tests/fs/lustre/mgs-setup.ktest PASS 47s
END ml-miscvm:sanity-4 run tests/fs/lustre/sanity/sanity-4.ktest PASS 74s
END ml-miscvm:sanity-3 run tests/fs/lustre/sanity/sanity-3.ktest PASS 75s
END ml-miscvm:llmount run tests/fs/lustre/llmount.ktest PASS 84s
END ml-miscvm:sanity-2 run tests/fs/lustre/sanity/sanity-2.ktest PASS 87s
END ml-miscvm:sanity-1 run tests/fs/lustre/sanity/sanity-1.ktest PASS 89s
END ml-miscvm:llog-unit run tests/fs/lustre/llog-unit.ktest FAIL 123s (exit code: 1)

============================================================
Final Results:
  checkpatch:checkpatch: PASS (10s) (log: /var/www/ci-lustre/upstream-patch-review/6340f3c8d245db92c27b86bedddea73b47949f5a_checkpatch:checkpatch.log)
  u24:u24: PASS (36s) (log: /var/www/ci-lustre/upstream-patch-review/6340f3c8d245db92c27b86bedddea73b47949f5a_u24:u24.log)
  al2023:al2023: PASS (44s) (log: /var/www/ci-lustre/upstream-patch-review/6340f3c8d245db92c27b86bedddea73b47949f5a_al2023:al2023.log)
  ml-strict:lustre_mainline: FAIL (195s) (log: /var/www/ci-lustre/upstream-patch-review/6340f3c8d245db92c27b86bedddea73b47949f5a_ml-strict:lustre_mainline.log)
  ml:lustre_mainline: PASS (191s) (log: /var/www/ci-lustre/upstream-patch-review/6340f3c8d245db92c27b86bedddea73b47949f5a_ml:lustre_mainline.log)
  ml-miscvm:lustre_mainline_native: PASS (190s) (log: /var/www/ci-lustre/upstream-patch-review/6340f3c8d245db92c27b86bedddea73b47949f5a_ml-miscvm:lustre_mainline_native.log)
  ml-miscvm:boot: PASS (37s) (log: /var/www/ci-lustre/upstream-patch-review/6340f3c8d245db92c27b86bedddea73b47949f5a_ml-miscvm:boot.log)
  ml-miscvm:llmount: PASS (84s) (log: /var/www/ci-lustre/upstream-patch-review/6340f3c8d245db92c27b86bedddea73b47949f5a_ml-miscvm:llmount.log)
  ml-miscvm:llog-unit: FAIL (123s) (log: /var/www/ci-lustre/upstream-patch-review/6340f3c8d245db92c27b86bedddea73b47949f5a_ml-miscvm:llog-unit.log)
  ml-miscvm:mgs-setup: PASS (47s) (log: /var/www/ci-lustre/upstream-patch-review/6340f3c8d245db92c27b86bedddea73b47949f5a_ml-miscvm:mgs-setup.log)
  ml-miscvm:sanity-1: PASS (89s) (log: /var/www/ci-lustre/upstream-patch-review/6340f3c8d245db92c27b86bedddea73b47949f5a_ml-miscvm:sanity-1.log)
  ml-miscvm:sanity-2: PASS (87s) (log: /var/www/ci-lustre/upstream-patch-review/6340f3c8d245db92c27b86bedddea73b47949f5a_ml-miscvm:sanity-2.log)
  ml-miscvm:sanity-3: PASS (75s) (log: /var/www/ci-lustre/upstream-patch-review/6340f3c8d245db92c27b86bedddea73b47949f5a_ml-miscvm:sanity-3.log)
  ml-miscvm:sanity-4: PASS (74s) (log: /var/www/ci-lustre/upstream-patch-review/6340f3c8d245db92c27b86bedddea73b47949f5a_ml-miscvm:sanity-4.log)

Total execution time: 343s

Packed 4117 logs from /var/www/ci-lustre/upstream-patch-review into /home/ktest/ktest/local-site/local_data.js
Open /home/ktest/ktest/local-site/index.html in a browser
