00001 
00003 init: failed to load nvme_core
00003 init: failed to load nvme
00003 init: failed to load zfs
00003 LNetError: 1:0:(lib-socket.c:619:lnet_inet_enumerate()) lnet: Can't find any usable interfaces, rc = -ENOENT
00003 LNetError: Error -100 starting up LNI tcp
00004 LustreError: 1:0:(events.c:627:ptlrpc_init_portals()) network initialisation failed: rc = -100
00005 init: finit_module /lib/modules/7.0.0-ktest-6340f3c-6330a45-20260805-dirty/updates/ptlrpc.ko: Network is down
00005 init: failed to load lustre
00005 init: failed to load osd_zfs
00005 init: failed to load iwlwifi
00005 init: failed to load iwlmvm
00005 init: failed to load mt7921e
00005 init: failed to load i915
00005 init: failed to load nouveau
00008 tlp: vm.laptop_mode is deprecated. Ignoring setting.
00008 Kernel version: 7.0.0-ktest-6340f3c-6330a45-20260805-dirty
00008 hook init_noop
00008 
00008 Running tests llog-unit
00008 
00008 ========= TEST   llog-unit
00009 /host/home/ktest/git/lustre-release/lustre/tests/test-framework.sh: line 6933: cd: HOME not set
00009 /host/home/ktest/git/lustre-release/lustre/tests/test-framework.sh: line 6933: cd: HOME not set
00009 /host/home/ktest/git/lustre-release/lustre/tests/test-framework.sh: line 6933: cd: HOME not set
00011 MGS_OS_VERSION_ID=24.04
00011 MGS_OS_ID=ubuntu
00011 MGS_OS_VERSION_CODE=402915328
00011 MGS_OS_ID_LIKE=debian ubuntu
00011 MDS1_OS_ID=ubuntu
00011 MDS1_OS_VERSION_CODE=402915328
00011 MDS1_OS_ID_LIKE=debian ubuntu
00011 MDS1_OS_VERSION_ID=24.04
00011 OST1_OS_VERSION_ID=24.04
00011 OST1_OS_VERSION_CODE=402915328
00011 OST1_OS_ID=ubuntu
00011 OST1_OS_ID_LIKE=debian ubuntu
00011 CLIENT_OS_VERSION_ID=24.04
00011 CLIENT_OS_ID_LIKE=debian ubuntu
00011 CLIENT_OS_ID=ubuntu
00011 CLIENT_OS_VERSION_CODE=402915328
00011 Loading modules from /host/home/ktest/git/lustre-release/lustre
00011 detected 16 online CPUs by sysfs
00011 MODOPTS_LIBCFS=
00011 libcfs will create CPU partition based on online CPUs
00012 LNet: Added LNI 10.0.2.15@tcp [8/256/0/180]
00012 gss/krb5 is not supported
00013 Lustre: Echo OBD driver; http://www.lustre.org/
00013 
00013 
00014 /host/home/ktest/git/lustre-release/lustre/tests/test-framework.sh: line 6933: cd: HOME not set
00014 /host/home/ktest/git/lustre-release/lustre/tests/test-framework.sh: line 6933: cd: HOME not set
00014 /host/home/ktest/git/lustre-release/lustre/tests/test-framework.sh: line 6933: cd: HOME not set
00017 Lustre: DEBUG MARKER: Attempt llog unit tests
00017 Lustre: 2179:0:(llog_test.c:2809:llog_test_device_init()) Setup llog-test device over MGS device
00017 Lustre: 2179:0:(llog_test.c:98:llog_test_1()) 1a: create a log with name: 7294edd1
00017 ------------[ cut here ]------------
00017 WARNING: /home/ktest/git/linux/include/linux/fs.h:889 at osd_create+0x9cf/0xcf0 [osd_wbcfs], CPU#13: lctl/2179
00017 Modules linked in: llog_test(O) mgs(O) osd_wbcfs(O) lustre(O) obdecho(O) mgc(O) mdc(O) lov(O) osc(O) lmv(O) ec(O) fid(O) fld(O) ptlrpc(O) efivarfs obdclass(O) ksocklnd(O) lnet(O) libcfs(O)
00017 CPU: 13 UID: 0 PID: 2179 Comm: lctl Tainted: G           O        7.0.0-ktest-6340f3c-6330a45-20260805-dirty #1 PREEMPT 
00017 Tainted: [O]=OOT_MODULE
00017 Hardware name: QEMU Standard PC (Q35 + ICH9, 2009), BIOS 2025.11-3ubuntu7 03/31/2026
00017 RIP: 0010:osd_create+0x9cf/0xcf0 [osd_wbcfs]
00017 Code: c7 c7 00 86 7c a1 48 c7 c6 a0 02 7e a1 48 c7 c2 00 0c 7e a1 e8 82 dd 43 ff 48 c7 c7 00 86 7c a1 e8 f6 6a 44 ff e9 fe fc ff ff <0f> 0b e9 a5 fa ff ff 48 c7 c1 80 44 5d a0 80 e1 07 80 c1 03 38 c1
00017 RSP: 0018:ffffc90001b4f7a0 EFLAGS: 00010246
00017 RAX: 0000000000000000 RBX: ffff888170132c00 RCX: 0000000000000046
00017 RDX: 0000000000000000 RSI: ffff888195caa648 RDI: ffff888191720998
00017 RBP: ffff888195caa5b8 R08: ffffffff83a16803 R09: 1ffffffff0742d00
00017 R10: dffffc0000000000 R11: fffffbfff0742d01 R12: ffff888170134400
00017 R13: dffffc0000000000 R14: 1ffff1102e026580 R15: 1ffff1102e02688f
00017 FS:  00007fb8884de940(0000) GS:ffff88831eaaa000(0000) knlGS:0000000000000000
00017 CS:  0010 DS: 0000 ES: 0000 CR0: 0000000080050033
00017 CR2: 0000555a623b6b40 CR3: 00000001a29fc000 CR4: 0000000000750eb0
00017 PKRU: 55555554
00017 Call Trace:
00017  <TASK>
00017  ? local_object_create+0x109/0x640 [obdclass]
00017  ? dt_write_lock+0x16d/0x2a0 [obdclass]
00017  ? llog_osd_create+0x356/0x1140 [obdclass]
00017  ? llog_create+0x2ed/0x530 [obdclass]
00017  ? llog_open_create+0x5af/0xb10 [obdclass]
00017  ? llog_run_tests+0x4bb/0x5ac0 [llog_test]
00017  ? get_random_u32+0x51/0x470
00017  ? get_random_u32+0x51/0x470
00017  ? _raw_spin_unlock+0x23/0x40
00017  ? __llog_ctxt_put+0x1c4/0x2f0 [obdclass]
00017  ? llog_test_device_init+0x503/0x840 [llog_test]
00017  ? obd_setup+0x559/0x960 [obdclass]
00017  ? class_setup+0xc7d/0x10e0 [obdclass]
00017  ? class_process_config+0x2edb/0x7cb0 [obdclass]
00017  ? class_handle_ioctl+0x2055/0x3590 [obdclass]
00017  ? obd_class_ioctl+0x1f6/0x3c0 [obdclass]
00017  ? __x64_sys_ioctl+0x961/0xe00
00017  ? _copy_to_user+0x3d/0x60
00017  ? __x64_sys_rt_sigaction+0x107/0x140
00017  ? do_syscall_64+0xc1/0x350
00017  ? entry_SYSCALL_64_after_hwframe+0x4b/0x53
00017  </TASK>
00017 ---[ end trace 0000000000000000 ]---
00017 Lustre: 2179:0:(llog_test.c:115:llog_test_1()) 1b: close newly-created log
00017 Lustre: 2179:0:(llog_test.c:146:llog_test_2()) 2a: re-open a log with name: 7294edd1
00017 Lustre: 2179:0:(llog_test.c:166:llog_test_2()) 2b: create a log without specified NAME & LOGID
00017 ------------[ cut here ]------------
00017 WARNING: /home/ktest/git/linux/include/linux/fs.h:889 at osd_create+0x9cf/0xcf0 [osd_wbcfs], CPU#13: lctl/2179
00017 Modules linked in: llog_test(O) mgs(O) osd_wbcfs(O) lustre(O) obdecho(O) mgc(O) mdc(O) lov(O) osc(O) lmv(O) ec(O) fid(O) fld(O) ptlrpc(O) efivarfs obdclass(O) ksocklnd(O) lnet(O) libcfs(O)
00017 CPU: 13 UID: 0 PID: 2179 Comm: lctl Tainted: G        W  O        7.0.0-ktest-6340f3c-6330a45-20260805-dirty #1 PREEMPT 
00017 Tainted: [W]=WARN, [O]=OOT_MODULE
00017 Hardware name: QEMU Standard PC (Q35 + ICH9, 2009), BIOS 2025.11-3ubuntu7 03/31/2026
00017 RIP: 0010:osd_create+0x9cf/0xcf0 [osd_wbcfs]
00017 Code: c7 c7 00 86 7c a1 48 c7 c6 a0 02 7e a1 48 c7 c2 00 0c 7e a1 e8 82 dd 43 ff 48 c7 c7 00 86 7c a1 e8 f6 6a 44 ff e9 fe fc ff ff <0f> 0b e9 a5 fa ff ff 48 c7 c1 80 44 5d a0 80 e1 07 80 c1 03 38 c1
00017 RSP: 0018:ffffc90001b4f7a0 EFLAGS: 00010246
00017 RAX: 0000000000000000 RBX: ffff8881703cc800 RCX: 0000000000000046
00017 RDX: 0000000000000000 RSI: ffff888195ca9f30 RDI: ffff888191720998
00017 RBP: ffff888195ca9ea0 R08: ffffffff83a16803 R09: 1ffffffff0742d00
00017 R10: dffffc0000000000 R11: fffffbfff0742d01 R12: ffff888170134400
00017 R13: dffffc0000000000 R14: 1ffff1102e079900 R15: 1ffff1102e02688f
00017 FS:  00007fb8884de940(0000) GS:ffff88831eaaa000(0000) knlGS:0000000000000000
00017 CS:  0010 DS: 0000 ES: 0000 CR0: 0000000080050033
00017 CR2: 0000555a623b6b40 CR3: 00000001a29fc000 CR4: 0000000000750eb0
00017 PKRU: 55555554
00017 Call Trace:
00017  <TASK>
00017  ? local_object_create+0x109/0x640 [obdclass]
00017  ? dt_write_lock+0x16d/0x2a0 [obdclass]
00017  ? llog_osd_create+0x356/0x1140 [obdclass]
00017  ? llog_create+0x2ed/0x530 [obdclass]
00017  ? llog_open_create+0x5af/0xb10 [obdclass]
00017  ? llog_run_tests+0xd1a/0x5ac0 [llog_test]
00017  ? get_random_u32+0x51/0x470
00017  ? get_random_u32+0x51/0x470
00017  ? _raw_spin_unlock+0x23/0x40
00017  ? llog_test_device_init+0x503/0x840 [llog_test]
00017  ? obd_setup+0x559/0x960 [obdclass]
00017  ? class_setup+0xc7d/0x10e0 [obdclass]
00017  ? class_process_config+0x2edb/0x7cb0 [obdclass]
00017  ? class_handle_ioctl+0x2055/0x3590 [obdclass]
00017  ? obd_class_ioctl+0x1f6/0x3c0 [obdclass]
00017  ? __x64_sys_ioctl+0x961/0xe00
00017  ? _copy_to_user+0x3d/0x60
00017  ? __x64_sys_rt_sigaction+0x107/0x140
00017  ? do_syscall_64+0xc1/0x350
00017  ? entry_SYSCALL_64_after_hwframe+0x4b/0x53
00017  </TASK>
00017 ---[ end trace 0000000000000000 ]---
00017 Lustre: 2179:0:(llog_test.c:184:llog_test_2()) 2b: write 1 llog records, check llh_count
00017 Lustre: 2179:0:(llog_test.c:197:llog_test_2()) 2c: re-open the log by LOGID and verify llh_count
00017 Lustre: 2179:0:(llog_test.c:244:llog_test_2()) 2d: destroy this log
00017 Lustre: 2179:0:(llog_test.c:402:llog_test_3()) 3a: write 1023 fixed-size llog records
00017 Lustre: 2179:0:(llog_test.c:366:llog_test3_process()) test3: processing records from index 501 to the end
00017 Lustre: 2179:0:(llog_test.c:376:llog_test3_process()) test3: total 525 records processed with 0 paddings
00017 Lustre: 2179:0:(llog_test.c:458:llog_test_3()) 3b: write 566 variable size llog records
00017 Lustre: 2179:0:(llog_test.c:529:llog_test_3()) 3c: write records with variable size until BITMAP_SIZE, return -ENOSPC
00020 Lustre: 2179:0:(llog_test.c:552:llog_test_3()) 3c: wrote 63962 more records before end of llog is reached
00020 Lustre: 2179:0:(llog_test.c:581:llog_test_4()) 4a: create a catalog log with name: 7294edd2
00020 ------------[ cut here ]------------
00020 WARNING: /home/ktest/git/linux/include/linux/fs.h:889 at osd_create+0x9cf/0xcf0 [osd_wbcfs], CPU#13: lctl/2179
00020 Modules linked in: llog_test(O) mgs(O) osd_wbcfs(O) lustre(O) obdecho(O) mgc(O) mdc(O) lov(O) osc(O) lmv(O) ec(O) fid(O) fld(O) ptlrpc(O) efivarfs obdclass(O) ksocklnd(O) lnet(O) libcfs(O)
00020 CPU: 13 UID: 0 PID: 2179 Comm: lctl Tainted: G        W  O        7.0.0-ktest-6340f3c-6330a45-20260805-dirty #1 PREEMPT 
00020 Tainted: [W]=WARN, [O]=OOT_MODULE
00020 Hardware name: QEMU Standard PC (Q35 + ICH9, 2009), BIOS 2025.11-3ubuntu7 03/31/2026
00020 RIP: 0010:osd_create+0x9cf/0xcf0 [osd_wbcfs]
00020 Code: c7 c7 00 86 7c a1 48 c7 c6 a0 02 7e a1 48 c7 c2 00 0c 7e a1 e8 82 dd 43 ff 48 c7 c7 00 86 7c a1 e8 f6 6a 44 ff e9 fe fc ff ff <0f> 0b e9 a5 fa ff ff 48 c7 c1 80 44 5d a0 80 e1 07 80 c1 03 38 c1
00020 RSP: 0018:ffffc90001b4f7a0 EFLAGS: 00010246
00020 RAX: 0000000000000000 RBX: ffff888137d16c00 RCX: 0000000000000046
00020 RDX: 0000000000000000 RSI: ffff888195ca9818 RDI: ffff888191720998
00020 RBP: ffff888195ca9788 R08: ffffffff83a16803 R09: 1ffffffff0742d00
00020 R10: dffffc0000000000 R11: fffffbfff0742d01 R12: ffff888170134400
00020 R13: dffffc0000000000 R14: 1ffff11026fa2d80 R15: 1ffff1102e02688f
00020 FS:  00007fb8884de940(0000) GS:ffff88831eaaa000(0000) knlGS:0000000000000000
00020 CS:  0010 DS: 0000 ES: 0000 CR0: 0000000080050033
00020 CR2: 0000555a623b6b40 CR3: 00000001a29fc000 CR4: 0000000000750eb0
00020 PKRU: 55555554
00020 Call Trace:
00020  <TASK>
00020  ? local_object_create+0x109/0x640 [obdclass]
00020  ? dt_write_lock+0x16d/0x2a0 [obdclass]
00020  ? llog_osd_create+0x356/0x1140 [obdclass]
00020  ? llog_create+0x2ed/0x530 [obdclass]
00020  ? llog_open_create+0x5af/0xb10 [obdclass]
00020  ? llog_run_tests+0x2c0e/0x5ac0 [llog_test]
00020  ? get_random_u32+0x51/0x470
00020  ? llog_test_device_init+0x503/0x840 [llog_test]
00020  ? obd_setup+0x559/0x960 [obdclass]
00020  ? class_setup+0xc7d/0x10e0 [obdclass]
00020  ? class_process_config+0x2edb/0x7cb0 [obdclass]
00020  ? class_handle_ioctl+0x2055/0x3590 [obdclass]
00020  ? obd_class_ioctl+0x1f6/0x3c0 [obdclass]
00020  ? __x64_sys_ioctl+0x961/0xe00
00020  ? _copy_to_user+0x3d/0x60
00020  ? __x64_sys_rt_sigaction+0x107/0x140
00020  ? do_syscall_64+0xc1/0x350
00020  ? entry_SYSCALL_64_after_hwframe+0x4b/0x53
00020  </TASK>
00020 ---[ end trace 0000000000000000 ]---
00020 Lustre: 2179:0:(llog_test.c:596:llog_test_4()) 4b: write 1 record into the catalog
00020 ------------[ cut here ]------------
00020 WARNING: /home/ktest/git/linux/include/linux/fs.h:889 at osd_create+0x9cf/0xcf0 [osd_wbcfs], CPU#13: lctl/2179
00020 Modules linked in: llog_test(O) mgs(O) osd_wbcfs(O) lustre(O) obdecho(O) mgc(O) mdc(O) lov(O) osc(O) lmv(O) ec(O) fid(O) fld(O) ptlrpc(O) efivarfs obdclass(O) ksocklnd(O) lnet(O) libcfs(O)
00020 CPU: 13 UID: 0 PID: 2179 Comm: lctl Tainted: G        W  O        7.0.0-ktest-6340f3c-6330a45-20260805-dirty #1 PREEMPT 
00020 Tainted: [W]=WARN, [O]=OOT_MODULE
00020 Hardware name: QEMU Standard PC (Q35 + ICH9, 2009), BIOS 2025.11-3ubuntu7 03/31/2026
00020 RIP: 0010:osd_create+0x9cf/0xcf0 [osd_wbcfs]
00020 Code: c7 c7 00 86 7c a1 48 c7 c6 a0 02 7e a1 48 c7 c2 00 0c 7e a1 e8 82 dd 43 ff 48 c7 c7 00 86 7c a1 e8 f6 6a 44 ff e9 fe fc ff ff <0f> 0b e9 a5 fa ff ff 48 c7 c1 80 44 5d a0 80 e1 07 80 c1 03 38 c1
00020 RSP: 0018:ffffc90001b4f640 EFLAGS: 00010246
00020 RAX: 0000000000000000 RBX: ffff888137d29800 RCX: 0000000000000046
00020 RDX: 0000000000000000 RSI: ffff888195ca9100 RDI: ffff8881917209c0
00020 RBP: ffff888195ca9070 R08: ffffffff83a16803 R09: 1ffffffff0742d00
00020 R10: dffffc0000000000 R11: fffffbfff0742d01 R12: ffff888170134400
00020 R13: dffffc0000000000 R14: 1ffff11026fa5300 R15: 1ffff1102e02688f
00020 FS:  00007fb8884de940(0000) GS:ffff88831eaaa000(0000) knlGS:0000000000000000
00020 CS:  0010 DS: 0000 ES: 0000 CR0: 0000000080050033
00020 CR2: 0000555a623b6b40 CR3: 00000001a29fc000 CR4: 0000000000750eb0
00020 PKRU: 55555554
00020 Call Trace:
00020  <TASK>
00020  ? local_object_create+0x109/0x640 [obdclass]
00020  ? dt_write_lock+0x16d/0x2a0 [obdclass]
00020  ? llog_osd_create+0x356/0x1140 [obdclass]
00020  ? llog_create+0x2ed/0x530 [obdclass]
00020  ? llog_cat_new_log+0x6c3/0x2bf0 [obdclass]
00020  ? llog_cat_add_rec+0x6ba/0x1960 [obdclass]
00020  ? llog_cat_add+0x451/0x890 [obdclass]
00020  ? llog_run_tests+0x2ff2/0x5ac0 [llog_test]
00020  ? get_random_u32+0x51/0x470
00020  ? llog_test_device_init+0x503/0x840 [llog_test]
00020  ? obd_setup+0x559/0x960 [obdclass]
00020  ? class_setup+0xc7d/0x10e0 [obdclass]
00020  ? class_process_config+0x2edb/0x7cb0 [obdclass]
00020  ? class_handle_ioctl+0x2055/0x3590 [obdclass]
00020  ? obd_class_ioctl+0x1f6/0x3c0 [obdclass]
00020  ? __x64_sys_ioctl+0x961/0xe00
00020  ? _copy_to_user+0x3d/0x60
00020  ? __x64_sys_rt_sigaction+0x107/0x140
00020  ? do_syscall_64+0xc1/0x350
00020  ? entry_SYSCALL_64_after_hwframe+0x4b/0x53
00020  </TASK>
00020 ---[ end trace 0000000000000000 ]---
00020 Lustre: 2179:0:(llog_test.c:623:llog_test_4()) 4c: cancel 1 log record
00020 Lustre: 2179:0:(llog_test.c:635:llog_test_4()) 4d: write 64767 more log records
00022 ------------[ cut here ]------------
00022 WARNING: /home/ktest/git/linux/include/linux/fs.h:889 at osd_create+0x9cf/0xcf0 [osd_wbcfs], CPU#13: lctl/2179
00022 Modules linked in: llog_test(O) mgs(O) osd_wbcfs(O) lustre(O) obdecho(O) mgc(O) mdc(O) lov(O) osc(O) lmv(O) ec(O) fid(O) fld(O) ptlrpc(O) efivarfs obdclass(O) ksocklnd(O) lnet(O) libcfs(O)
00022 CPU: 13 UID: 0 PID: 2179 Comm: lctl Tainted: G        W  O        7.0.0-ktest-6340f3c-6330a45-20260805-dirty #1 PREEMPT 
00022 Tainted: [W]=WARN, [O]=OOT_MODULE
00022 Hardware name: QEMU Standard PC (Q35 + ICH9, 2009), BIOS 2025.11-3ubuntu7 03/31/2026
00022 RIP: 0010:osd_create+0x9cf/0xcf0 [osd_wbcfs]
00022 Code: c7 c7 00 86 7c a1 48 c7 c6 a0 02 7e a1 48 c7 c2 00 0c 7e a1 e8 82 dd 43 ff 48 c7 c7 00 86 7c a1 e8 f6 6a 44 ff e9 fe fc ff ff <0f> 0b e9 a5 fa ff ff 48 c7 c1 80 44 5d a0 80 e1 07 80 c1 03 38 c1
00022 RSP: 0018:ffffc90001b4f640 EFLAGS: 00010246
00022 RAX: 0000000000000000 RBX: ffff888137d29000 RCX: 0000000000000046
00022 RDX: 0000000000000000 RSI: ffff888195ca89e8 RDI: ffff8881917209c0
00022 RBP: ffff888195ca8958 R08: ffffffff83a16803 R09: 1ffffffff0742d00
00022 R10: dffffc0000000000 R11: fffffbfff0742d01 R12: ffff888170134400
00022 R13: dffffc0000000000 R14: 1ffff11026fa5200 R15: 1ffff1102e02688f
00022 FS:  00007fb8884de940(0000) GS:ffff88831eaaa000(0000) knlGS:0000000000000000
00022 CS:  0010 DS: 0000 ES: 0000 CR0: 0000000080050033
00022 CR2: 0000555a623b6b40 CR3: 00000001a29fc000 CR4: 0000000000750eb0
00022 PKRU: 55555554
00022 Call Trace:
00022  <TASK>
00022  ? local_object_create+0x109/0x640 [obdclass]
00022  ? dt_write_lock+0x16d/0x2a0 [obdclass]
00022  ? llog_osd_create+0x356/0x1140 [obdclass]
00022  ? llog_create+0x2ed/0x530 [obdclass]
00022  ? llog_cat_new_log+0x6c3/0x2bf0 [obdclass]
00022  ? llog_cat_add_rec+0x6ba/0x1960 [obdclass]
00022  ? llog_cat_add+0x451/0x890 [obdclass]
00022  ? llog_run_tests+0x40d3/0x5ac0 [llog_test]
00022  ? get_random_u32+0x51/0x470
00022  ? llog_test_device_init+0x503/0x840 [llog_test]
00022  ? obd_setup+0x559/0x960 [obdclass]
00022  ? class_setup+0xc7d/0x10e0 [obdclass]
00022  ? class_process_config+0x2edb/0x7cb0 [obdclass]
00022  ? class_handle_ioctl+0x2055/0x3590 [obdclass]
00022  ? obd_class_ioctl+0x1f6/0x3c0 [obdclass]
00022  ? __x64_sys_ioctl+0x961/0xe00
00022  ? _copy_to_user+0x3d/0x60
00022  ? __x64_sys_rt_sigaction+0x107/0x140
00022  ? do_syscall_64+0xc1/0x350
00022  ? entry_SYSCALL_64_after_hwframe+0x4b/0x53
00022  </TASK>
00022 ---[ end trace 0000000000000000 ]---
00022 Lustre: 2179:0:(llog_test.c:651:llog_test_4()) 4e: add 5 large records, one record per block
00022 Lustre: 2179:0:(llog_test.c:671:llog_test_4()) 4f: put newly-created catalog
00022 Lustre: 2179:0:(llog_test.c:770:llog_test_5()) 5a: re-open catalog by id
00022 Lustre: 2179:0:(llog_test.c:783:llog_test_5()) 5b: print the catalog entries.. we expect 2
00022 Lustre: 2185:0:(llog_test.c:700:cat_print_cb()) seeing record at index 1 - [0x1:0x3:0x0] in log [0xa:0x4:0x0]
00022 Lustre: 2179:0:(llog_test.c:795:llog_test_5()) 5c: Cancel 64767 records, see one log zapped
00043 Lustre: 2179:0:(llog_test.c:1117:llog_test_7()) 7e: test llog_changelog_rec
00043 ------------[ cut here ]------------
00043 WARNING: /home/ktest/git/linux/include/linux/fs.h:889 at osd_create+0x9cf/0xcf0 [osd_wbcfs], CPU#13: lctl/2179
00043 Modules linked in: llog_test(O) mgs(O) osd_wbcfs(O) lustre(O) obdecho(O) mgc(O) mdc(O) lov(O) osc(O) lmv(O) ec(O) fid(O) fld(O) ptlrpc(O) efivarfs obdclass(O) ksocklnd(O) lnet(O) libcfs(O)
00043 CPU: 13 UID: 0 PID: 2179 Comm: lctl Tainted: G        W  O        7.0.0-ktest-6340f3c-6330a45-20260805-dirty #1 PREEMPT 
00043 Tainted: [W]=WARN, [O]=OOT_MODULE
00043 Hardware name: QEMU Standard PC (Q35 + ICH9, 2009), BIOS 2025.11-3ubuntu7 03/31/2026
00043 RIP: 0010:osd_create+0x9cf/0xcf0 [osd_wbcfs]
00043 Code: c7 c7 00 86 7c a1 48 c7 c6 a0 02 7e a1 48 c7 c2 00 0c 7e a1 e8 82 dd 43 ff 48 c7 c7 00 86 7c a1 e8 f6 6a 44 ff e9 fe fc ff ff <0f> 0b e9 a5 fa ff ff 48 c7 c1 80 44 5d a0 80 e1 07 80 c1 03 38 c1
00043 RSP: 0018:ffffc90001b4f6f8 EFLAGS: 00010246
00043 RAX: 0000000000000000 RBX: ffff88816eaf7800 RCX: 0000000000000046
00043 RDX: 0000000000000000 RSI: ffff88819b385f08 RDI: ffff888191720998
00043 RBP: ffff88819b385e78 R08: ffffffff83a16803 R09: 1ffffffff0742d00
00043 R10: dffffc0000000000 R11: fffffbfff0742d01 R12: ffff888170134400
00043 R13: dffffc0000000000 R14: 1ffff1102dd5ef00 R15: 1ffff1102e02688f
00043 FS:  00007fb8884de940(0000) GS:ffff88831eaaa000(0000) knlGS:0000000000000000
00043 CS:  0010 DS: 0000 ES: 0000 CR0: 0000000080050033
00043 CR2: 0000555a623b6b40 CR3: 00000001a29fc000 CR4: 0000000000750eb0
00043 PKRU: 55555554
00043 Call Trace:
00043  <TASK>
00043  ? local_object_create+0x109/0x640 [obdclass]
00043  ? dt_write_lock+0x16d/0x2a0 [obdclass]
00043  ? llog_osd_create+0x356/0x1140 [obdclass]
00043  ? llog_create+0x2ed/0x530 [obdclass]
00043  ? llog_open_create+0x5af/0xb10 [obdclass]
00043  ? llog_test_7_sub+0xea/0x1250 [llog_test]
00043  ? llog_test_7+0x706/0xf50 [llog_test]
00043  ? llog_run_tests+0x3614/0x5ac0 [llog_test]
00043  ? get_random_u32+0x51/0x470
00043  ? llog_test_device_init+0x503/0x840 [llog_test]
00043  ? obd_setup+0x559/0x960 [obdclass]
00043  ? class_setup+0xc7d/0x10e0 [obdclass]
00043  ? class_process_config+0x2edb/0x7cb0 [obdclass]
00043  ? class_handle_ioctl+0x2055/0x3590 [obdclass]
00043  ? obd_class_ioctl+0x1f6/0x3c0 [obdclass]
00043  ? __x64_sys_ioctl+0x961/0xe00
00043  ? _copy_to_user+0x3d/0x60
00043  ? __x64_sys_rt_sigaction+0x107/0x140
00043  ? do_syscall_64+0xc1/0x350
00043  ? entry_SYSCALL_64_after_hwframe+0x4b/0x53
00043  </TASK>
00043 ---[ end trace 0000000000000000 ]---
00046 Lustre: 2179:0:(llog_test.c:1024:llog_test_7_sub()) 7_sub: records are not aligned, written 64071 from 64767
00048 Lustre: 2179:0:(llog_test.c:1129:llog_test_7()) 7f: test llog_changelog_user_rec2
00048 ------------[ cut here ]------------
00048 WARNING: /home/ktest/git/linux/include/linux/fs.h:889 at osd_create+0x9cf/0xcf0 [osd_wbcfs], CPU#3: lctl/2179
00048 Modules linked in: llog_test(O) mgs(O) osd_wbcfs(O) lustre(O) obdecho(O) mgc(O) mdc(O) lov(O) osc(O) lmv(O) ec(O) fid(O) fld(O) ptlrpc(O) efivarfs obdclass(O) ksocklnd(O) lnet(O) libcfs(O)
00048 CPU: 3 UID: 0 PID: 2179 Comm: lctl Tainted: G        W  O        7.0.0-ktest-6340f3c-6330a45-20260805-dirty #1 PREEMPT 
00048 Tainted: [W]=WARN, [O]=OOT_MODULE
00048 Hardware name: QEMU Standard PC (Q35 + ICH9, 2009), BIOS 2025.11-3ubuntu7 03/31/2026
00048 RIP: 0010:osd_create+0x9cf/0xcf0 [osd_wbcfs]
00048 Code: c7 c7 00 86 7c a1 48 c7 c6 a0 02 7e a1 48 c7 c2 00 0c 7e a1 e8 82 dd 43 ff 48 c7 c7 00 86 7c a1 e8 f6 6a 44 ff e9 fe fc ff ff <0f> 0b e9 a5 fa ff ff 48 c7 c1 80 44 5d a0 80 e1 07 80 c1 03 38 c1
00048 RSP: 0018:ffffc90001b4f6f8 EFLAGS: 00010246
00048 RAX: 0000000000000000 RBX: ffff88811f7b6400 RCX: 0000000000000046
00048 RDX: 0000000000000000 RSI: ffff888195cafb68 RDI: ffff888191720998
00048 RBP: ffff888195cafad8 R08: ffffffff83a16803 R09: 1ffffffff0742d00
00048 R10: dffffc0000000000 R11: fffffbfff0742d01 R12: ffff888170134400
00048 R13: dffffc0000000000 R14: 1ffff11023ef6c80 R15: 1ffff1102e02688f
00048 FS:  00007fb8884de940(0000) GS:ffff88831e5aa000(0000) knlGS:0000000000000000
00048 CS:  0010 DS: 0000 ES: 0000 CR0: 0000000080050033
00048 CR2: 00007f3fb1032270 CR3: 00000001a29fc000 CR4: 0000000000750eb0
00048 PKRU: 55555554
00048 Call Trace:
00048  <TASK>
00048  ? local_object_create+0x109/0x640 [obdclass]
00048  ? dt_write_lock+0x16d/0x2a0 [obdclass]
00048  ? llog_osd_create+0x356/0x1140 [obdclass]
00048  ? llog_create+0x2ed/0x530 [obdclass]
00048  ? llog_open_create+0x5af/0xb10 [obdclass]
00048  ? llog_test_7_sub+0xea/0x1250 [llog_test]
00048  ? llog_test_7+0x837/0xf50 [llog_test]
00048  ? llog_run_tests+0x3614/0x5ac0 [llog_test]
00048  ? get_random_u32+0x51/0x470
00048  ? llog_test_device_init+0x503/0x840 [llog_test]
00048  ? obd_setup+0x559/0x960 [obdclass]
00048  ? class_setup+0xc7d/0x10e0 [obdclass]
00048  ? class_process_config+0x2edb/0x7cb0 [obdclass]
00048  ? class_handle_ioctl+0x2055/0x3590 [obdclass]
00048  ? obd_class_ioctl+0x1f6/0x3c0 [obdclass]
00048  ? __x64_sys_ioctl+0x961/0xe00
00048  ? _copy_to_user+0x3d/0x60
00048  ? __x64_sys_rt_sigaction+0x107/0x140
00048  ? do_syscall_64+0xc1/0x350
00048  ? entry_SYSCALL_64_after_hwframe+0x4b/0x53
00048  </TASK>
00048 ---[ end trace 0000000000000000 ]---
00051 Lustre: 2179:0:(llog_test.c:1024:llog_test_7_sub()) 7_sub: records are not aligned, written 64139 from 64767
00052 Lustre: 2179:0:(llog_test.c:1140:llog_test_7()) 7g: test llog_gen_rec
00052 ------------[ cut here ]------------
00052 WARNING: /home/ktest/git/linux/include/linux/fs.h:889 at osd_create+0x9cf/0xcf0 [osd_wbcfs], CPU#3: lctl/2179
00052 Modules linked in: llog_test(O) mgs(O) osd_wbcfs(O) lustre(O) obdecho(O) mgc(O) mdc(O) lov(O) osc(O) lmv(O) ec(O) fid(O) fld(O) ptlrpc(O) efivarfs obdclass(O) ksocklnd(O) lnet(O) libcfs(O)
00052 CPU: 3 UID: 0 PID: 2179 Comm: lctl Tainted: G        W  O        7.0.0-ktest-6340f3c-6330a45-20260805-dirty #1 PREEMPT 
00052 Tainted: [W]=WARN, [O]=OOT_MODULE
00052 Hardware name: QEMU Standard PC (Q35 + ICH9, 2009), BIOS 2025.11-3ubuntu7 03/31/2026
00052 RIP: 0010:osd_create+0x9cf/0xcf0 [osd_wbcfs]
00052 Code: c7 c7 00 86 7c a1 48 c7 c6 a0 02 7e a1 48 c7 c2 00 0c 7e a1 e8 82 dd 43 ff 48 c7 c7 00 86 7c a1 e8 f6 6a 44 ff e9 fe fc ff ff <0f> 0b e9 a5 fa ff ff 48 c7 c1 80 44 5d a0 80 e1 07 80 c1 03 38 c1
00052 RSP: 0018:ffffc90001b4f6f8 EFLAGS: 00010246
00052 RAX: 0000000000000000 RBX: ffff888234c2e000 RCX: 0000000000000046
00052 RDX: 0000000000000000 RSI: ffff888195caf450 RDI: ffff888191720998
00052 RBP: ffff888195caf3c0 R08: ffffffff83a16803 R09: 1ffffffff0742d00
00052 R10: dffffc0000000000 R11: fffffbfff0742d01 R12: ffff888170134400
00052 R13: dffffc0000000000 R14: 1ffff11046985c00 R15: 1ffff1102e02688f
00052 FS:  00007fb8884de940(0000) GS:ffff88831e5aa000(0000) knlGS:0000000000000000
00052 CS:  0010 DS: 0000 ES: 0000 CR0: 0000000080050033
00052 CR2: 00007f3fb1032270 CR3: 00000001a29fc000 CR4: 0000000000750eb0
00052 PKRU: 55555554
00052 Call Trace:
00052  <TASK>
00052  ? local_object_create+0x109/0x640 [obdclass]
00052  ? dt_write_lock+0x16d/0x2a0 [obdclass]
00052  ? llog_osd_create+0x356/0x1140 [obdclass]
00052  ? llog_create+0x2ed/0x530 [obdclass]
00052  ? llog_open_create+0x5af/0xb10 [obdclass]
00052  ? llog_test_7_sub+0xea/0x1250 [llog_test]
00052  ? llog_test_7+0x968/0xf50 [llog_test]
00052  ? llog_run_tests+0x3614/0x5ac0 [llog_test]
00052  ? get_random_u32+0x51/0x470
00052  ? llog_test_device_init+0x503/0x840 [llog_test]
00052  ? obd_setup+0x559/0x960 [obdclass]
00052  ? class_setup+0xc7d/0x10e0 [obdclass]
00052  ? class_process_config+0x2edb/0x7cb0 [obdclass]
00052  ? class_handle_ioctl+0x2055/0x3590 [obdclass]
00052  ? obd_class_ioctl+0x1f6/0x3c0 [obdclass]
00052  ? __x64_sys_ioctl+0x961/0xe00
00052  ? _copy_to_user+0x3d/0x60
00052  ? __x64_sys_rt_sigaction+0x107/0x140
00052  ? do_syscall_64+0xc1/0x350
00052  ? entry_SYSCALL_64_after_hwframe+0x4b/0x53
00052  </TASK>
00052 ---[ end trace 0000000000000000 ]---
00056 Lustre: 2179:0:(llog_test.c:1151:llog_test_7()) 7h: test llog_setattr64_rec_v2
00056 ------------[ cut here ]------------
00056 WARNING: /home/ktest/git/linux/include/linux/fs.h:889 at osd_create+0x9cf/0xcf0 [osd_wbcfs], CPU#3: lctl/2179
00056 Modules linked in: llog_test(O) mgs(O) osd_wbcfs(O) lustre(O) obdecho(O) mgc(O) mdc(O) lov(O) osc(O) lmv(O) ec(O) fid(O) fld(O) ptlrpc(O) efivarfs obdclass(O) ksocklnd(O) lnet(O) libcfs(O)
00056 CPU: 3 UID: 0 PID: 2179 Comm: lctl Tainted: G        W  O        7.0.0-ktest-6340f3c-6330a45-20260805-dirty #1 PREEMPT 
00056 Tainted: [W]=WARN, [O]=OOT_MODULE
00056 Hardware name: QEMU Standard PC (Q35 + ICH9, 2009), BIOS 2025.11-3ubuntu7 03/31/2026
00056 RIP: 0010:osd_create+0x9cf/0xcf0 [osd_wbcfs]
00056 Code: c7 c7 00 86 7c a1 48 c7 c6 a0 02 7e a1 48 c7 c2 00 0c 7e a1 e8 82 dd 43 ff 48 c7 c7 00 86 7c a1 e8 f6 6a 44 ff e9 fe fc ff ff <0f> 0b e9 a5 fa ff ff 48 c7 c1 80 44 5d a0 80 e1 07 80 c1 03 38 c1
00056 RSP: 0018:ffffc90001b4f6f8 EFLAGS: 00010246
00056 RAX: 0000000000000000 RBX: ffff888141379400 RCX: 0000000000000046
00056 RDX: 0000000000000000 RSI: ffff888195caed38 RDI: ffff888191720998
00056 RBP: ffff888195caeca8 R08: ffffffff83a16803 R09: 1ffffffff0742d00
00056 R10: dffffc0000000000 R11: fffffbfff0742d01 R12: ffff888170134400
00056 R13: dffffc0000000000 R14: 1ffff1102826f280 R15: 1ffff1102e02688f
00056 FS:  00007fb8884de940(0000) GS:ffff88831e5aa000(0000) knlGS:0000000000000000
00056 CS:  0010 DS: 0000 ES: 0000 CR0: 0000000080050033
00056 CR2: 00007f3fb1032270 CR3: 00000001a29fc000 CR4: 0000000000750eb0
00056 PKRU: 55555554
00056 Call Trace:
00056  <TASK>
00056  ? local_object_create+0x109/0x640 [obdclass]
00056  ? dt_write_lock+0x16d/0x2a0 [obdclass]
00056  ? llog_osd_create+0x356/0x1140 [obdclass]
00056  ? llog_create+0x2ed/0x530 [obdclass]
00056  ? llog_open_create+0x5af/0xb10 [obdclass]
00056  ? llog_test_7_sub+0xea/0x1250 [llog_test]
00056  ? llog_test_7+0xa99/0xf50 [llog_test]
00056  ? llog_run_tests+0x3614/0x5ac0 [llog_test]
00056  ? get_random_u32+0x51/0x470
00056  ? llog_test_device_init+0x503/0x840 [llog_test]
00056  ? obd_setup+0x559/0x960 [obdclass]
00056  ? class_setup+0xc7d/0x10e0 [obdclass]
00056  ? class_process_config+0x2edb/0x7cb0 [obdclass]
00056  ? class_handle_ioctl+0x2055/0x3590 [obdclass]
00056  ? obd_class_ioctl+0x1f6/0x3c0 [obdclass]
00056  ? __x64_sys_ioctl+0x961/0xe00
00056  ? _copy_to_user+0x3d/0x60
00056  ? __x64_sys_rt_sigaction+0x107/0x140
00056  ? do_syscall_64+0xc1/0x350
00056  ? entry_SYSCALL_64_after_hwframe+0x4b/0x53
00056  </TASK>
00056 ---[ end trace 0000000000000000 ]---
00059 Lustre: 2179:0:(llog_test.c:1024:llog_test_7_sub()) 7_sub: records are not aligned, written 64071 from 64767
00061 Lustre: 2179:0:(llog_test.c:1261:llog_test_8()) 8a: fill the first plain llog
00061 ------------[ cut here ]------------
00061 WARNING: /home/ktest/git/linux/include/linux/fs.h:889 at osd_create+0x9cf/0xcf0 [osd_wbcfs], CPU#3: lctl/2179
00061 Modules linked in: llog_test(O) mgs(O) osd_wbcfs(O) lustre(O) obdecho(O) mgc(O) mdc(O) lov(O) osc(O) lmv(O) ec(O) fid(O) fld(O) ptlrpc(O) efivarfs obdclass(O) ksocklnd(O) lnet(O) libcfs(O)
00061 CPU: 3 UID: 0 PID: 2179 Comm: lctl Tainted: G        W  O        7.0.0-ktest-6340f3c-6330a45-20260805-dirty #1 PREEMPT 
00061 Tainted: [W]=WARN, [O]=OOT_MODULE
00061 Hardware name: QEMU Standard PC (Q35 + ICH9, 2009), BIOS 2025.11-3ubuntu7 03/31/2026
00061 RIP: 0010:osd_create+0x9cf/0xcf0 [osd_wbcfs]
00061 Code: c7 c7 00 86 7c a1 48 c7 c6 a0 02 7e a1 48 c7 c2 00 0c 7e a1 e8 82 dd 43 ff 48 c7 c7 00 86 7c a1 e8 f6 6a 44 ff e9 fe fc ff ff <0f> 0b e9 a5 fa ff ff 48 c7 c1 80 44 5d a0 80 e1 07 80 c1 03 38 c1
00061 RSP: 0018:ffffc90001b4f4c8 EFLAGS: 00010246
00061 RAX: 0000000000000000 RBX: ffff8881364c1800 RCX: 0000000000000046
00061 RDX: 0000000000000000 RSI: ffff888195cae620 RDI: ffff8881917209c0
00061 RBP: ffff888195cae590 R08: ffffffff83a16803 R09: 1ffffffff0742d00
00061 R10: dffffc0000000000 R11: fffffbfff0742d01 R12: ffff888170134400
00061 R13: dffffc0000000000 R14: 1ffff11026c98300 R15: 1ffff1102e02688f
00061 FS:  00007fb8884de940(0000) GS:ffff88831e5aa000(0000) knlGS:0000000000000000
00061 CS:  0010 DS: 0000 ES: 0000 CR0: 0000000080050033
00061 CR2: 00007f3fb1032270 CR3: 00000001a29fc000 CR4: 0000000000750eb0
00061 PKRU: 55555554
00061 Call Trace:
00061  <TASK>
00061  ? local_object_create+0x109/0x640 [obdclass]
00061  ? dt_write_lock+0x16d/0x2a0 [obdclass]
00061  ? llog_osd_create+0x356/0x1140 [obdclass]
00061  ? llog_create+0x2ed/0x530 [obdclass]
00061  ? llog_cat_new_log+0x6c3/0x2bf0 [obdclass]
00061  ? llog_cat_add_rec+0x6ba/0x1960 [obdclass]
00061  ? llog_cat_add+0x451/0x890 [obdclass]
00061  ? llog_test_8+0x567/0x1c20 [llog_test]
00061  ? do_raw_spin_unlock+0x52/0x230
00061  ? _raw_spin_unlock+0x23/0x40
00061  ? __llog_ctxt_put+0x1c4/0x2f0 [obdclass]
00061  ? llog_run_tests+0x39a2/0x5ac0 [llog_test]
00061  ? get_random_u32+0x51/0x470
00061  ? llog_test_device_init+0x503/0x840 [llog_test]
00061  ? obd_setup+0x559/0x960 [obdclass]
00061  ? class_setup+0xc7d/0x10e0 [obdclass]
00061  ? class_process_config+0x2edb/0x7cb0 [obdclass]
00061  ? class_handle_ioctl+0x2055/0x3590 [obdclass]
00061  ? obd_class_ioctl+0x1f6/0x3c0 [obdclass]
00061  ? __x64_sys_ioctl+0x961/0xe00
00061  ? _copy_to_user+0x3d/0x60
00061  ? __x64_sys_rt_sigaction+0x107/0x140
00061  ? do_syscall_64+0xc1/0x350
00061  ? entry_SYSCALL_64_after_hwframe+0x4b/0x53
00061  </TASK>
00061 ---[ end trace 0000000000000000 ]---
00061 Lustre: 2179:0:(llog_test.c:1290:llog_test_8()) 8b: first llog [0x1:0x10:0x0]
00061 Lustre: 2179:0:(llog_test.c:1306:llog_test_8()) 8b: fill the second plain llog
00061 ------------[ cut here ]------------
00061 WARNING: /home/ktest/git/linux/include/linux/fs.h:889 at osd_create+0x9cf/0xcf0 [osd_wbcfs], CPU#3: lctl/2179
00061 Modules linked in: llog_test(O) mgs(O) osd_wbcfs(O) lustre(O) obdecho(O) mgc(O) mdc(O) lov(O) osc(O) lmv(O) ec(O) fid(O) fld(O) ptlrpc(O) efivarfs obdclass(O) ksocklnd(O) lnet(O) libcfs(O)
00061 CPU: 3 UID: 0 PID: 2179 Comm: lctl Tainted: G        W  O        7.0.0-ktest-6340f3c-6330a45-20260805-dirty #1 PREEMPT 
00061 Tainted: [W]=WARN, [O]=OOT_MODULE
00061 Hardware name: QEMU Standard PC (Q35 + ICH9, 2009), BIOS 2025.11-3ubuntu7 03/31/2026
00061 RIP: 0010:osd_create+0x9cf/0xcf0 [osd_wbcfs]
00061 Code: c7 c7 00 86 7c a1 48 c7 c6 a0 02 7e a1 48 c7 c2 00 0c 7e a1 e8 82 dd 43 ff 48 c7 c7 00 86 7c a1 e8 f6 6a 44 ff e9 fe fc ff ff <0f> 0b e9 a5 fa ff ff 48 c7 c1 80 44 5d a0 80 e1 07 80 c1 03 38 c1
00061 RSP: 0018:ffffc90001b4f4c8 EFLAGS: 00010246
00061 RAX: 0000000000000000 RBX: ffff8881364c6000 RCX: 0000000000000046
00061 RDX: 0000000000000000 RSI: ffff888195cadf08 RDI: ffff8881917209c0
00061 RBP: ffff888195cade78 R08: ffffffff83a16803 R09: 1ffffffff0742d00
00061 R10: dffffc0000000000 R11: fffffbfff0742d01 R12: ffff888170134400
00061 R13: dffffc0000000000 R14: 1ffff11026c98c00 R15: 1ffff1102e02688f
00061 FS:  00007fb8884de940(0000) GS:ffff88831e5aa000(0000) knlGS:0000000000000000
00061 CS:  0010 DS: 0000 ES: 0000 CR0: 0000000080050033
00061 CR2: 00007f3fb1032270 CR3: 00000001a29fc000 CR4: 0000000000750eb0
00061 PKRU: 55555554
00061 Call Trace:
00061  <TASK>
00061  ? local_object_create+0x109/0x640 [obdclass]
00061  ? dt_write_lock+0x16d/0x2a0 [obdclass]
00061  ? llog_osd_create+0x356/0x1140 [obdclass]
00061  ? llog_create+0x2ed/0x530 [obdclass]
00061  ? llog_cat_new_log+0x6c3/0x2bf0 [obdclass]
00061  ? llog_cat_add_rec+0x6ba/0x1960 [obdclass]
00061  ? llog_cat_add+0x451/0x890 [obdclass]
00061  ? llog_test_8+0xd89/0x1c20 [llog_test]
00061  ? do_raw_spin_unlock+0x52/0x230
00061  ? _raw_spin_unlock+0x23/0x40
00061  ? __llog_ctxt_put+0x1c4/0x2f0 [obdclass]
00061  ? llog_run_tests+0x39a2/0x5ac0 [llog_test]
00061  ? get_random_u32+0x51/0x470
00061  ? llog_test_device_init+0x503/0x840 [llog_test]
00061  ? obd_setup+0x559/0x960 [obdclass]
00061  ? class_setup+0xc7d/0x10e0 [obdclass]
00061  ? class_process_config+0x2edb/0x7cb0 [obdclass]
00061  ? class_handle_ioctl+0x2055/0x3590 [obdclass]
00061  ? obd_class_ioctl+0x1f6/0x3c0 [obdclass]
00061  ? __x64_sys_ioctl+0x961/0xe00
00061  ? _copy_to_user+0x3d/0x60
00061  ? __x64_sys_rt_sigaction+0x107/0x140
00061  ? do_syscall_64+0xc1/0x350
00061  ? entry_SYSCALL_64_after_hwframe+0x4b/0x53
00061  </TASK>
00061 ---[ end trace 0000000000000000 ]---
00061 Lustre: 2179:0:(llog_test.c:1330:llog_test_8()) 8b: pin llog [0x1:0x12:0x0]
00061 Lustre: 2179:0:(llog_test.c:1333:llog_test_8()) 8b: clean first llog record in catalog
00061 Lustre: 2179:0:(llog_test.c:1344:llog_test_8()) 8c: corrupt first chunk in the middle
00061 Lustre: 2179:0:(llog_test.c:1347:llog_test_8()) 8c: corrupt second chunk at start
00061 Lustre: 2179:0:(llog_test.c:1350:llog_test_8()) 8d: count survived records
00061 Lustre: 2179:0:(llog_test.c:1380:llog_test_8()) 8d: close re-opened catalog
00061 Lustre: 2179:0:(llog_test.c:1441:llog_test_9()) 9a: test llog_logid_rec
00061 ------------[ cut here ]------------
00061 WARNING: /home/ktest/git/linux/include/linux/fs.h:889 at osd_create+0x9cf/0xcf0 [osd_wbcfs], CPU#3: lctl/2179
00061 Modules linked in: llog_test(O) mgs(O) osd_wbcfs(O) lustre(O) obdecho(O) mgc(O) mdc(O) lov(O) osc(O) lmv(O) ec(O) fid(O) fld(O) ptlrpc(O) efivarfs obdclass(O) ksocklnd(O) lnet(O) libcfs(O)
00061 CPU: 3 UID: 0 PID: 2179 Comm: lctl Tainted: G        W  O        7.0.0-ktest-6340f3c-6330a45-20260805-dirty #1 PREEMPT 
00061 Tainted: [W]=WARN, [O]=OOT_MODULE
00061 Hardware name: QEMU Standard PC (Q35 + ICH9, 2009), BIOS 2025.11-3ubuntu7 03/31/2026
00061 RIP: 0010:osd_create+0x9cf/0xcf0 [osd_wbcfs]
00061 Code: c7 c7 00 86 7c a1 48 c7 c6 a0 02 7e a1 48 c7 c2 00 0c 7e a1 e8 82 dd 43 ff 48 c7 c7 00 86 7c a1 e8 f6 6a 44 ff e9 fe fc ff ff <0f> 0b e9 a5 fa ff ff 48 c7 c1 80 44 5d a0 80 e1 07 80 c1 03 38 c1
00061 RSP: 0018:ffffc90001b4f720 EFLAGS: 00010246
00061 RAX: 0000000000000000 RBX: ffff8881364c7800 RCX: 0000000000000046
00061 RDX: 0000000000000000 RSI: ffff888195cad7f0 RDI: ffff888191720998
00061 RBP: ffff888195cad760 R08: ffffffff83a16803 R09: 1ffffffff0742d00
00061 R10: dffffc0000000000 R11: fffffbfff0742d01 R12: ffff888170134400
00061 R13: dffffc0000000000 R14: 1ffff11026c98f00 R15: 1ffff1102e02688f
00061 FS:  00007fb8884de940(0000) GS:ffff88831e5aa000(0000) knlGS:0000000000000000
00061 CS:  0010 DS: 0000 ES: 0000 CR0: 0000000080050033
00061 CR2: 00007f3fb1032270 CR3: 00000001a29fc000 CR4: 0000000000750eb0
00061 PKRU: 55555554
00061 Call Trace:
00061  <TASK>
00061  ? local_object_create+0x109/0x640 [obdclass]
00061  ? dt_write_lock+0x16d/0x2a0 [obdclass]
00061  ? llog_osd_create+0x356/0x1140 [obdclass]
00061  ? llog_create+0x2ed/0x530 [obdclass]
00061  ? llog_open_create+0x5af/0xb10 [obdclass]
00061  ? llog_test_9_sub+0xd4/0x800 [llog_test]
00061  ? llog_test_9+0x242/0x960 [llog_test]
00061  ? llog_run_tests+0x3d64/0x5ac0 [llog_test]
00061  ? get_random_u32+0x51/0x470
00061  ? llog_test_device_init+0x503/0x840 [llog_test]
00061  ? obd_setup+0x559/0x960 [obdclass]
00061  ? class_setup+0xc7d/0x10e0 [obdclass]
00061  ? class_process_config+0x2edb/0x7cb0 [obdclass]
00061  ? class_handle_ioctl+0x2055/0x3590 [obdclass]
00061  ? obd_class_ioctl+0x1f6/0x3c0 [obdclass]
00061  ? __x64_sys_ioctl+0x961/0xe00
00061  ? _copy_to_user+0x3d/0x60
00061  ? __x64_sys_rt_sigaction+0x107/0x140
00061  ? do_syscall_64+0xc1/0x350
00061  ? entry_SYSCALL_64_after_hwframe+0x4b/0x53
00061  </TASK>
00061 ---[ end trace 0000000000000000 ]---
00061 Lustre: 2179:0:(llog_test.c:1425:llog_test_9_sub()) 9_sub: record type 1064553b in log 0x1:0x14:0x0
00061 Lustre: 2179:0:(llog_test.c:1452:llog_test_9()) 9b: test llog_obd_cfg_rec
00061 ------------[ cut here ]------------
00061 WARNING: /home/ktest/git/linux/include/linux/fs.h:889 at osd_create+0x9cf/0xcf0 [osd_wbcfs], CPU#3: lctl/2179
00061 Modules linked in: llog_test(O) mgs(O) osd_wbcfs(O) lustre(O) obdecho(O) mgc(O) mdc(O) lov(O) osc(O) lmv(O) ec(O) fid(O) fld(O) ptlrpc(O) efivarfs obdclass(O) ksocklnd(O) lnet(O) libcfs(O)
00061 CPU: 3 UID: 0 PID: 2179 Comm: lctl Tainted: G        W  O        7.0.0-ktest-6340f3c-6330a45-20260805-dirty #1 PREEMPT 
00061 Tainted: [W]=WARN, [O]=OOT_MODULE
00061 Hardware name: QEMU Standard PC (Q35 + ICH9, 2009), BIOS 2025.11-3ubuntu7 03/31/2026
00061 RIP: 0010:osd_create+0x9cf/0xcf0 [osd_wbcfs]
00061 Code: c7 c7 00 86 7c a1 48 c7 c6 a0 02 7e a1 48 c7 c2 00 0c 7e a1 e8 82 dd 43 ff 48 c7 c7 00 86 7c a1 e8 f6 6a 44 ff e9 fe fc ff ff <0f> 0b e9 a5 fa ff ff 48 c7 c1 80 44 5d a0 80 e1 07 80 c1 03 38 c1
00061 RSP: 0018:ffffc90001b4f720 EFLAGS: 00010246
00061 RAX: 0000000000000000 RBX: ffff8881364c6c00 RCX: 0000000000000046
00061 RDX: 0000000000000000 RSI: ffff888195cad0d8 RDI: ffff888191720998
00061 RBP: ffff888195cad048 R08: ffffffff83a16803 R09: 1ffffffff0742d00
00061 R10: dffffc0000000000 R11: fffffbfff0742d01 R12: ffff888170134400
00061 R13: dffffc0000000000 R14: 1ffff11026c98d80 R15: 1ffff1102e02688f
00061 FS:  00007fb8884de940(0000) GS:ffff88831e5aa000(0000) knlGS:0000000000000000
00061 CS:  0010 DS: 0000 ES: 0000 CR0: 0000000080050033
00061 CR2: 00007f3fb1032270 CR3: 00000001a29fc000 CR4: 0000000000750eb0
00061 PKRU: 55555554
00061 Call Trace:
00061  <TASK>
00061  ? local_object_create+0x109/0x640 [obdclass]
00061  ? dt_write_lock+0x16d/0x2a0 [obdclass]
00061  ? llog_osd_create+0x356/0x1140 [obdclass]
00061  ? llog_create+0x2ed/0x530 [obdclass]
00061  ? llog_open_create+0x5af/0xb10 [obdclass]
00061  ? llog_test_9_sub+0xd4/0x800 [llog_test]
00061  ? llog_test_9+0x373/0x960 [llog_test]
00061  ? llog_run_tests+0x3d64/0x5ac0 [llog_test]
00061  ? get_random_u32+0x51/0x470
00061  ? llog_test_device_init+0x503/0x840 [llog_test]
00061  ? obd_setup+0x559/0x960 [obdclass]
00061  ? class_setup+0xc7d/0x10e0 [obdclass]
00061  ? class_process_config+0x2edb/0x7cb0 [obdclass]
00061  ? class_handle_ioctl+0x2055/0x3590 [obdclass]
00061  ? obd_class_ioctl+0x1f6/0x3c0 [obdclass]
00061  ? __x64_sys_ioctl+0x961/0xe00
00061  ? _copy_to_user+0x3d/0x60
00061  ? __x64_sys_rt_sigaction+0x107/0x140
00061  ? do_syscall_64+0xc1/0x350
00061  ? entry_SYSCALL_64_after_hwframe+0x4b/0x53
00061  </TASK>
00061 ---[ end trace 0000000000000000 ]---
00061 Lustre: 2179:0:(llog_test.c:1463:llog_test_9()) 9c: test llog_changelog_rec
00061 ------------[ cut here ]------------
00061 WARNING: /home/ktest/git/linux/include/linux/fs.h:889 at osd_create+0x9cf/0xcf0 [osd_wbcfs], CPU#3: lctl/2179
00061 Modules linked in: llog_test(O) mgs(O) osd_wbcfs(O) lustre(O) obdecho(O) mgc(O) mdc(O) lov(O) osc(O) lmv(O) ec(O) fid(O) fld(O) ptlrpc(O) efivarfs obdclass(O) ksocklnd(O) lnet(O) libcfs(O)
00061 CPU: 3 UID: 0 PID: 2179 Comm: lctl Tainted: G        W  O        7.0.0-ktest-6340f3c-6330a45-20260805-dirty #1 PREEMPT 
00061 Tainted: [W]=WARN, [O]=OOT_MODULE
00061 Hardware name: QEMU Standard PC (Q35 + ICH9, 2009), BIOS 2025.11-3ubuntu7 03/31/2026
00061 RIP: 0010:osd_create+0x9cf/0xcf0 [osd_wbcfs]
00061 Code: c7 c7 00 86 7c a1 48 c7 c6 a0 02 7e a1 48 c7 c2 00 0c 7e a1 e8 82 dd 43 ff 48 c7 c7 00 86 7c a1 e8 f6 6a 44 ff e9 fe fc ff ff <0f> 0b e9 a5 fa ff ff 48 c7 c1 80 44 5d a0 80 e1 07 80 c1 03 38 c1
00061 RSP: 0018:ffffc90001b4f720 EFLAGS: 00010246
00061 RAX: 0000000000000000 RBX: ffff8881a5f6c400 RCX: 0000000000000046
00061 RDX: 0000000000000000 RSI: ffff888195cac9c0 RDI: ffff888191720998
00061 RBP: ffff888195cac930 R08: ffffffff83a16803 R09: 1ffffffff0742d00
00061 R10: dffffc0000000000 R11: fffffbfff0742d01 R12: ffff888170134400
00061 R13: dffffc0000000000 R14: 1ffff11034bed880 R15: 1ffff1102e02688f
00061 FS:  00007fb8884de940(0000) GS:ffff88831e5aa000(0000) knlGS:0000000000000000
00061 CS:  0010 DS: 0000 ES: 0000 CR0: 0000000080050033
00061 CR2: 00007f3fb1032270 CR3: 00000001a29fc000 CR4: 0000000000750eb0
00061 PKRU: 55555554
00061 Call Trace:
00061  <TASK>
00061  ? local_object_create+0x109/0x640 [obdclass]
00061  ? dt_write_lock+0x16d/0x2a0 [obdclass]
00061  ? llog_osd_create+0x356/0x1140 [obdclass]
00061  ? llog_create+0x2ed/0x530 [obdclass]
00061  ? llog_open_create+0x5af/0xb10 [obdclass]
00061  ? llog_test_9_sub+0xd4/0x800 [llog_test]
00061  ? llog_test_9+0x4a4/0x960 [llog_test]
00061  ? llog_run_tests+0x3d64/0x5ac0 [llog_test]
00061  ? get_random_u32+0x51/0x470
00061  ? llog_test_device_init+0x503/0x840 [llog_test]
00061  ? obd_setup+0x559/0x960 [obdclass]
00061  ? class_setup+0xc7d/0x10e0 [obdclass]
00061  ? class_process_config+0x2edb/0x7cb0 [obdclass]
00061  ? class_handle_ioctl+0x2055/0x3590 [obdclass]
00061  ? obd_class_ioctl+0x1f6/0x3c0 [obdclass]
00061  ? __x64_sys_ioctl+0x961/0xe00
00061  ? _copy_to_user+0x3d/0x60
00061  ? __x64_sys_rt_sigaction+0x107/0x140
00061  ? do_syscall_64+0xc1/0x350
00061  ? entry_SYSCALL_64_after_hwframe+0x4b/0x53
00061  </TASK>
00061 ---[ end trace 0000000000000000 ]---
00061 Lustre: 2179:0:(llog_test.c:1475:llog_test_9()) 9d: test llog_changelog_user_rec2
00061 ------------[ cut here ]------------
00061 WARNING: /home/ktest/git/linux/include/linux/fs.h:889 at osd_create+0x9cf/0xcf0 [osd_wbcfs], CPU#3: lctl/2179
00061 Modules linked in: llog_test(O) mgs(O) osd_wbcfs(O) lustre(O) obdecho(O) mgc(O) mdc(O) lov(O) osc(O) lmv(O) ec(O) fid(O) fld(O) ptlrpc(O) efivarfs obdclass(O) ksocklnd(O) lnet(O) libcfs(O)
00061 CPU: 3 UID: 0 PID: 2179 Comm: lctl Tainted: G        W  O        7.0.0-ktest-6340f3c-6330a45-20260805-dirty #1 PREEMPT 
00061 Tainted: [W]=WARN, [O]=OOT_MODULE
00061 Hardware name: QEMU Standard PC (Q35 + ICH9, 2009), BIOS 2025.11-3ubuntu7 03/31/2026
00061 RIP: 0010:osd_create+0x9cf/0xcf0 [osd_wbcfs]
00061 Code: c7 c7 00 86 7c a1 48 c7 c6 a0 02 7e a1 48 c7 c2 00 0c 7e a1 e8 82 dd 43 ff 48 c7 c7 00 86 7c a1 e8 f6 6a 44 ff e9 fe fc ff ff <0f> 0b e9 a5 fa ff ff 48 c7 c1 80 44 5d a0 80 e1 07 80 c1 03 38 c1
00061 RSP: 0018:ffffc90001b4f720 EFLAGS: 00010246
00061 RAX: 0000000000000000 RBX: ffff8881a5f6bc00 RCX: 0000000000000046
00061 RDX: 0000000000000000 RSI: ffff888195cac2a8 RDI: ffff888191720998
00061 RBP: ffff888195cac218 R08: ffffffff83a16803 R09: 1ffffffff0742d00
00061 R10: dffffc0000000000 R11: fffffbfff0742d01 R12: ffff888170134400
00061 R13: dffffc0000000000 R14: 1ffff11034bed780 R15: 1ffff1102e02688f
00061 FS:  00007fb8884de940(0000) GS:ffff88831e5aa000(0000) knlGS:0000000000000000
00061 CS:  0010 DS: 0000 ES: 0000 CR0: 0000000080050033
00061 CR2: 00007f3fb1032270 CR3: 00000001a29fc000 CR4: 0000000000750eb0
00061 PKRU: 55555554
00061 Call Trace:
00061  <TASK>
00061  ? local_object_create+0x109/0x640 [obdclass]
00061  ? dt_write_lock+0x16d/0x2a0 [obdclass]
00061  ? llog_osd_create+0x356/0x1140 [obdclass]
00061  ? llog_create+0x2ed/0x530 [obdclass]
00061  ? llog_open_create+0x5af/0xb10 [obdclass]
00061  ? llog_test_9_sub+0xd4/0x800 [llog_test]
00061  ? llog_test_9+0x5d5/0x960 [llog_test]
00061  ? llog_run_tests+0x3d64/0x5ac0 [llog_test]
00061  ? get_random_u32+0x51/0x470
00061  ? llog_test_device_init+0x503/0x840 [llog_test]
00061  ? obd_setup+0x559/0x960 [obdclass]
00061  ? class_setup+0xc7d/0x10e0 [obdclass]
00061  ? class_process_config+0x2edb/0x7cb0 [obdclass]
00061  ? class_handle_ioctl+0x2055/0x3590 [obdclass]
00061  ? obd_class_ioctl+0x1f6/0x3c0 [obdclass]
00061  ? __x64_sys_ioctl+0x961/0xe00
00061  ? _copy_to_user+0x3d/0x60
00061  ? __x64_sys_rt_sigaction+0x107/0x140
00061  ? do_syscall_64+0xc1/0x350
00061  ? entry_SYSCALL_64_after_hwframe+0x4b/0x53
00061  </TASK>
00061 ---[ end trace 0000000000000000 ]---
00061 Lustre: 2179:0:(llog_test.c:1576:llog_test_10()) 10a: create a catalog log with name: 7294edd3
00061 ------------[ cut here ]------------
00061 WARNING: /home/ktest/git/linux/include/linux/fs.h:889 at osd_create+0x9cf/0xcf0 [osd_wbcfs], CPU#3: lctl/2179
00061 Modules linked in: llog_test(O) mgs(O) osd_wbcfs(O) lustre(O) obdecho(O) mgc(O) mdc(O) lov(O) osc(O) lmv(O) ec(O) fid(O) fld(O) ptlrpc(O) efivarfs obdclass(O) ksocklnd(O) lnet(O) libcfs(O)
00061 CPU: 3 UID: 0 PID: 2179 Comm: lctl Tainted: G        W  O        7.0.0-ktest-6340f3c-6330a45-20260805-dirty #1 PREEMPT 
00061 Tainted: [W]=WARN, [O]=OOT_MODULE
00061 Hardware name: QEMU Standard PC (Q35 + ICH9, 2009), BIOS 2025.11-3ubuntu7 03/31/2026
00061 RIP: 0010:osd_create+0x9cf/0xcf0 [osd_wbcfs]
00061 Code: c7 c7 00 86 7c a1 48 c7 c6 a0 02 7e a1 48 c7 c2 00 0c 7e a1 e8 82 dd 43 ff 48 c7 c7 00 86 7c a1 e8 f6 6a 44 ff e9 fe fc ff ff <0f> 0b e9 a5 fa ff ff 48 c7 c1 80 44 5d a0 80 e1 07 80 c1 03 38 c1
00061 RSP: 0018:ffffc90001b4f5d8 EFLAGS: 00010246
00061 RAX: 0000000000000000 RBX: ffff8881a5f6b400 RCX: 0000000000000046
00061 RDX: 0000000000000000 RSI: ffff888195cabb90 RDI: ffff888191720998
00061 RBP: ffff888195cabb00 R08: ffffffff83a16803 R09: 1ffffffff0742d00
00061 R10: dffffc0000000000 R11: fffffbfff0742d01 R12: ffff888170134400
00061 R13: dffffc0000000000 R14: 1ffff11034bed680 R15: 1ffff1102e02688f
00061 FS:  00007fb8884de940(0000) GS:ffff88831e5aa000(0000) knlGS:0000000000000000
00061 CS:  0010 DS: 0000 ES: 0000 CR0: 0000000080050033
00061 CR2: 00007f3fb1032270 CR3: 00000001a29fc000 CR4: 0000000000750eb0
00061 PKRU: 55555554
00061 Call Trace:
00061  <TASK>
00061  ? local_object_create+0x109/0x640 [obdclass]
00061  ? dt_write_lock+0x16d/0x2a0 [obdclass]
00061  ? llog_osd_create+0x356/0x1140 [obdclass]
00061  ? llog_create+0x2ed/0x530 [obdclass]
00061  ? llog_open_create+0x5af/0xb10 [obdclass]
00061  ? llog_test_10+0x2e1/0x5600 [llog_test]
00061  ? lu_object_put+0xa64/0x1210 [obdclass]
00061  ? do_raw_spin_unlock+0x52/0x230
00061  ? _raw_spin_unlock+0x23/0x40
00061  ? __llog_ctxt_put+0x1c4/0x2f0 [obdclass]
00061  ? llog_run_tests+0x3f45/0x5ac0 [llog_test]
00061  ? get_random_u32+0x51/0x470
00061  ? llog_test_device_init+0x503/0x840 [llog_test]
00061  ? obd_setup+0x559/0x960 [obdclass]
00061  ? class_setup+0xc7d/0x10e0 [obdclass]
00061  ? class_process_config+0x2edb/0x7cb0 [obdclass]
00061  ? class_handle_ioctl+0x2055/0x3590 [obdclass]
00061  ? obd_class_ioctl+0x1f6/0x3c0 [obdclass]
00061  ? __x64_sys_ioctl+0x961/0xe00
00061  ? _copy_to_user+0x3d/0x60
00061  ? __x64_sys_rt_sigaction+0x107/0x140
00061  ? do_syscall_64+0xc1/0x350
00061  ? entry_SYSCALL_64_after_hwframe+0x4b/0x53
00061  </TASK>
00061 ---[ end trace 0000000000000000 ]---
00061 Lustre: 2179:0:(llog_test.c:1608:llog_test_10()) 10b: write 64767 log records
00061 ------------[ cut here ]------------
00061 WARNING: /home/ktest/git/linux/include/linux/fs.h:889 at osd_create+0x9cf/0xcf0 [osd_wbcfs], CPU#3: lctl/2179
00061 Modules linked in: llog_test(O) mgs(O) osd_wbcfs(O) lustre(O) obdecho(O) mgc(O) mdc(O) lov(O) osc(O) lmv(O) ec(O) fid(O) fld(O) ptlrpc(O) efivarfs obdclass(O) ksocklnd(O) lnet(O) libcfs(O)
00061 CPU: 3 UID: 0 PID: 2179 Comm: lctl Tainted: G        W  O        7.0.0-ktest-6340f3c-6330a45-20260805-dirty #1 PREEMPT 
00061 Tainted: [W]=WARN, [O]=OOT_MODULE
00061 Hardware name: QEMU Standard PC (Q35 + ICH9, 2009), BIOS 2025.11-3ubuntu7 03/31/2026
00061 RIP: 0010:osd_create+0x9cf/0xcf0 [osd_wbcfs]
00061 Code: c7 c7 00 86 7c a1 48 c7 c6 a0 02 7e a1 48 c7 c2 00 0c 7e a1 e8 82 dd 43 ff 48 c7 c7 00 86 7c a1 e8 f6 6a 44 ff e9 fe fc ff ff <0f> 0b e9 a5 fa ff ff 48 c7 c1 80 44 5d a0 80 e1 07 80 c1 03 38 c1
00061 RSP: 0018:ffffc90001b4f478 EFLAGS: 00010246
00061 RAX: 0000000000000000 RBX: ffff8881a5f6ac00 RCX: 0000000000000046
00061 RDX: 0000000000000000 RSI: ffff888195cab478 RDI: ffff8881917209c0
00061 RBP: ffff888195cab3e8 R08: ffffffff83a16803 R09: 1ffffffff0742d00
00061 R10: dffffc0000000000 R11: fffffbfff0742d01 R12: ffff888170134400
00061 R13: dffffc0000000000 R14: 1ffff11034bed580 R15: 1ffff1102e02688f
00061 FS:  00007fb8884de940(0000) GS:ffff88831e5aa000(0000) knlGS:0000000000000000
00061 CS:  0010 DS: 0000 ES: 0000 CR0: 0000000080050033
00061 CR2: 00007f3fb1032270 CR3: 00000001a29fc000 CR4: 0000000000750eb0
00061 PKRU: 55555554
00061 Call Trace:
00061  <TASK>
00061  ? local_object_create+0x109/0x640 [obdclass]
00061  ? dt_write_lock+0x16d/0x2a0 [obdclass]
00061  ? llog_osd_create+0x356/0x1140 [obdclass]
00061  ? llog_create+0x2ed/0x530 [obdclass]
00061  ? llog_cat_new_log+0x6c3/0x2bf0 [obdclass]
00061  ? llog_cat_add_rec+0x6ba/0x1960 [obdclass]
00061  ? llog_cat_add+0x451/0x890 [obdclass]
00061  ? llog_test_10+0x91d/0x5600 [llog_test]
00061  ? lu_object_put+0xa64/0x1210 [obdclass]
00061  ? do_raw_spin_unlock+0x52/0x230
00061  ? _raw_spin_unlock+0x23/0x40
00061  ? __llog_ctxt_put+0x1c4/0x2f0 [obdclass]
00061  ? llog_run_tests+0x3f45/0x5ac0 [llog_test]
00061  ? get_random_u32+0x51/0x470
00061  ? llog_test_device_init+0x503/0x840 [llog_test]
00061  ? obd_setup+0x559/0x960 [obdclass]
00061  ? class_setup+0xc7d/0x10e0 [obdclass]
00061  ? class_process_config+0x2edb/0x7cb0 [obdclass]
00061  ? class_handle_ioctl+0x2055/0x3590 [obdclass]
00061  ? obd_class_ioctl+0x1f6/0x3c0 [obdclass]
00061  ? __x64_sys_ioctl+0x961/0xe00
00061  ? _copy_to_user+0x3d/0x60
00061  ? __x64_sys_rt_sigaction+0x107/0x140
00061  ? do_syscall_64+0xc1/0x350
00061  ? entry_SYSCALL_64_after_hwframe+0x4b/0x53
00061  </TASK>
00061 ---[ end trace 0000000000000000 ]---
00063 ------------[ cut here ]------------
00063 WARNING: /home/ktest/git/linux/include/linux/fs.h:889 at osd_create+0x9cf/0xcf0 [osd_wbcfs], CPU#3: lctl/2179
00063 Modules linked in: llog_test(O) mgs(O) osd_wbcfs(O) lustre(O) obdecho(O) mgc(O) mdc(O) lov(O) osc(O) lmv(O) ec(O) fid(O) fld(O) ptlrpc(O) efivarfs obdclass(O) ksocklnd(O) lnet(O) libcfs(O)
00063 CPU: 3 UID: 0 PID: 2179 Comm: lctl Tainted: G        W  O        7.0.0-ktest-6340f3c-6330a45-20260805-dirty #1 PREEMPT 
00063 Tainted: [W]=WARN, [O]=OOT_MODULE
00063 Hardware name: QEMU Standard PC (Q35 + ICH9, 2009), BIOS 2025.11-3ubuntu7 03/31/2026
00063 RIP: 0010:osd_create+0x9cf/0xcf0 [osd_wbcfs]
00063 Code: c7 c7 00 86 7c a1 48 c7 c6 a0 02 7e a1 48 c7 c2 00 0c 7e a1 e8 82 dd 43 ff 48 c7 c7 00 86 7c a1 e8 f6 6a 44 ff e9 fe fc ff ff <0f> 0b e9 a5 fa ff ff 48 c7 c1 80 44 5d a0 80 e1 07 80 c1 03 38 c1
00063 RSP: 0018:ffffc90001b4f478 EFLAGS: 00010246
00063 RAX: 0000000000000000 RBX: ffff8881a5f6a400 RCX: 0000000000000046
00063 RDX: 0000000000000000 RSI: ffff888195caad60 RDI: ffff8881917209c0
00063 RBP: ffff888195caacd0 R08: ffffffff83a16803 R09: 1ffffffff0742d00
00063 R10: dffffc0000000000 R11: fffffbfff0742d01 R12: ffff888170134400
00063 R13: dffffc0000000000 R14: 1ffff11034bed480 R15: 1ffff1102e02688f
00063 FS:  00007fb8884de940(0000) GS:ffff88831e5aa000(0000) knlGS:0000000000000000
00063 CS:  0010 DS: 0000 ES: 0000 CR0: 0000000080050033
00063 CR2: 00007f3fb1032270 CR3: 00000001a29fc000 CR4: 0000000000750eb0
00063 PKRU: 55555554
00063 Call Trace:
00063  <TASK>
00063  ? local_object_create+0x109/0x640 [obdclass]
00063  ? dt_write_lock+0x16d/0x2a0 [obdclass]
00063  ? llog_osd_create+0x356/0x1140 [obdclass]
00063  ? llog_create+0x2ed/0x530 [obdclass]
00063  ? llog_cat_new_log+0x6c3/0x2bf0 [obdclass]
00063  ? llog_cat_add_rec+0x6ba/0x1960 [obdclass]
00063  ? llog_cat_add+0x451/0x890 [obdclass]
00063  ? llog_test_10+0x91d/0x5600 [llog_test]
00063  ? lu_object_put+0xa64/0x1210 [obdclass]
00063  ? do_raw_spin_unlock+0x52/0x230
00063  ? _raw_spin_unlock+0x23/0x40
00063  ? __llog_ctxt_put+0x1c4/0x2f0 [obdclass]
00063  ? llog_run_tests+0x3f45/0x5ac0 [llog_test]
00063  ? get_random_u32+0x51/0x470
00063  ? llog_test_device_init+0x503/0x840 [llog_test]
00063  ? obd_setup+0x559/0x960 [obdclass]
00063  ? class_setup+0xc7d/0x10e0 [obdclass]
00063  ? class_process_config+0x2edb/0x7cb0 [obdclass]
00063  ? class_handle_ioctl+0x2055/0x3590 [obdclass]
00063  ? obd_class_ioctl+0x1f6/0x3c0 [obdclass]
00063  ? __x64_sys_ioctl+0x961/0xe00
00063  ? _copy_to_user+0x3d/0x60
00063  ? __x64_sys_rt_sigaction+0x107/0x140
00063  ? do_syscall_64+0xc1/0x350
00063  ? entry_SYSCALL_64_after_hwframe+0x4b/0x53
00063  </TASK>
00063 ---[ end trace 0000000000000000 ]---
00063 Lustre: 2179:0:(llog_test.c:1634:llog_test_10()) 10c: write 129534 more log records
00066 ------------[ cut here ]------------
00066 WARNING: /home/ktest/git/linux/include/linux/fs.h:889 at osd_create+0x9cf/0xcf0 [osd_wbcfs], CPU#3: lctl/2179
00066 Modules linked in: llog_test(O) mgs(O) osd_wbcfs(O) lustre(O) obdecho(O) mgc(O) mdc(O) lov(O) osc(O) lmv(O) ec(O) fid(O) fld(O) ptlrpc(O) efivarfs obdclass(O) ksocklnd(O) lnet(O) libcfs(O)
00066 CPU: 3 UID: 0 PID: 2179 Comm: lctl Tainted: G        W  O        7.0.0-ktest-6340f3c-6330a45-20260805-dirty #1 PREEMPT 
00066 Tainted: [W]=WARN, [O]=OOT_MODULE
00066 Hardware name: QEMU Standard PC (Q35 + ICH9, 2009), BIOS 2025.11-3ubuntu7 03/31/2026
00066 RIP: 0010:osd_create+0x9cf/0xcf0 [osd_wbcfs]
00066 Code: c7 c7 00 86 7c a1 48 c7 c6 a0 02 7e a1 48 c7 c2 00 0c 7e a1 e8 82 dd 43 ff 48 c7 c7 00 86 7c a1 e8 f6 6a 44 ff e9 fe fc ff ff <0f> 0b e9 a5 fa ff ff 48 c7 c1 80 44 5d a0 80 e1 07 80 c1 03 38 c1
00066 RSP: 0018:ffffc90001b4f478 EFLAGS: 00010246
00066 RAX: 0000000000000000 RBX: ffff888138c8f000 RCX: 0000000000000046
00066 RDX: 0000000000000000 RSI: ffff8881a0e350d8 RDI: ffff8881917209c0
00066 RBP: ffff8881a0e35048 R08: ffffffff83a16803 R09: 1ffffffff0742d00
00066 R10: dffffc0000000000 R11: fffffbfff0742d01 R12: ffff888170134400
00066 R13: dffffc0000000000 R14: 1ffff11027191e00 R15: 1ffff1102e02688f
00066 FS:  00007fb8884de940(0000) GS:ffff88831e5aa000(0000) knlGS:0000000000000000
00066 CS:  0010 DS: 0000 ES: 0000 CR0: 0000000080050033
00066 CR2: 00007f3fb1032270 CR3: 00000001a29fc000 CR4: 0000000000750eb0
00066 PKRU: 55555554
00066 Call Trace:
00066  <TASK>
00066  ? local_object_create+0x109/0x640 [obdclass]
00066  ? dt_write_lock+0x16d/0x2a0 [obdclass]
00066  ? llog_osd_create+0x356/0x1140 [obdclass]
00066  ? llog_create+0x2ed/0x530 [obdclass]
00066  ? llog_cat_new_log+0x6c3/0x2bf0 [obdclass]
00066  ? llog_cat_add_rec+0x6ba/0x1960 [obdclass]
00066  ? llog_cat_add+0x451/0x890 [obdclass]
00066  ? llog_test_10+0xbd3/0x5600 [llog_test]
00066  ? lu_object_put+0xa64/0x1210 [obdclass]
00066  ? do_raw_spin_unlock+0x52/0x230
00066  ? _raw_spin_unlock+0x23/0x40
00066  ? __llog_ctxt_put+0x1c4/0x2f0 [obdclass]
00066  ? llog_run_tests+0x3f45/0x5ac0 [llog_test]
00066  ? get_random_u32+0x51/0x470
00066  ? llog_test_device_init+0x503/0x840 [llog_test]
00066  ? obd_setup+0x559/0x960 [obdclass]
00066  ? class_setup+0xc7d/0x10e0 [obdclass]
00066  ? class_process_config+0x2edb/0x7cb0 [obdclass]
00066  ? class_handle_ioctl+0x2055/0x3590 [obdclass]
00066  ? obd_class_ioctl+0x1f6/0x3c0 [obdclass]
00066  ? __x64_sys_ioctl+0x961/0xe00
00066  ? _copy_to_user+0x3d/0x60
00066  ? __x64_sys_rt_sigaction+0x107/0x140
00066  ? do_syscall_64+0xc1/0x350
00066  ? entry_SYSCALL_64_after_hwframe+0x4b/0x53
00066  </TASK>
00066 ---[ end trace 0000000000000000 ]---
00069 ------------[ cut here ]------------
00069 WARNING: /home/ktest/git/linux/include/linux/fs.h:889 at osd_create+0x9cf/0xcf0 [osd_wbcfs], CPU#3: lctl/2179
00069 Modules linked in: llog_test(O) mgs(O) osd_wbcfs(O) lustre(O) obdecho(O) mgc(O) mdc(O) lov(O) osc(O) lmv(O) ec(O) fid(O) fld(O) ptlrpc(O) efivarfs obdclass(O) ksocklnd(O) lnet(O) libcfs(O)
00069 CPU: 3 UID: 0 PID: 2179 Comm: lctl Tainted: G        W  O        7.0.0-ktest-6340f3c-6330a45-20260805-dirty #1 PREEMPT 
00069 Tainted: [W]=WARN, [O]=OOT_MODULE
00069 Hardware name: QEMU Standard PC (Q35 + ICH9, 2009), BIOS 2025.11-3ubuntu7 03/31/2026
00069 RIP: 0010:osd_create+0x9cf/0xcf0 [osd_wbcfs]
00069 Code: c7 c7 00 86 7c a1 48 c7 c6 a0 02 7e a1 48 c7 c2 00 0c 7e a1 e8 82 dd 43 ff 48 c7 c7 00 86 7c a1 e8 f6 6a 44 ff e9 fe fc ff ff <0f> 0b e9 a5 fa ff ff 48 c7 c1 80 44 5d a0 80 e1 07 80 c1 03 38 c1
00069 RSP: 0018:ffffc90001b4f478 EFLAGS: 00010246
00069 RAX: 0000000000000000 RBX: ffff88816f46b000 RCX: 0000000000000046
00069 RDX: 0000000000000000 RSI: ffff8881a0e349c0 RDI: ffff8881917209c0
00069 RBP: ffff8881a0e34930 R08: ffffffff83a16803 R09: 1ffffffff0742d00
00069 R10: dffffc0000000000 R11: fffffbfff0742d01 R12: ffff888170134400
00069 R13: dffffc0000000000 R14: 1ffff1102de8d600 R15: 1ffff1102e02688f
00069 FS:  00007fb8884de940(0000) GS:ffff88831e5aa000(0000) knlGS:0000000000000000
00069 CS:  0010 DS: 0000 ES: 0000 CR0: 0000000080050033
00069 CR2: 00007f3fb1032270 CR3: 00000001a29fc000 CR4: 0000000000750eb0
00069 PKRU: 55555554
00069 Call Trace:
00069  <TASK>
00069  ? local_object_create+0x109/0x640 [obdclass]
00069  ? dt_write_lock+0x16d/0x2a0 [obdclass]
00069  ? llog_osd_create+0x356/0x1140 [obdclass]
00069  ? llog_create+0x2ed/0x530 [obdclass]
00069  ? llog_cat_new_log+0x6c3/0x2bf0 [obdclass]
00069  ? llog_cat_add_rec+0x6ba/0x1960 [obdclass]
00069  ? llog_cat_add+0x451/0x890 [obdclass]
00069  ? llog_test_10+0xbd3/0x5600 [llog_test]
00069  ? lu_object_put+0xa64/0x1210 [obdclass]
00069  ? do_raw_spin_unlock+0x52/0x230
00069  ? _raw_spin_unlock+0x23/0x40
00069  ? __llog_ctxt_put+0x1c4/0x2f0 [obdclass]
00069  ? llog_run_tests+0x3f45/0x5ac0 [llog_test]
00069  ? get_random_u32+0x51/0x470
00069  ? llog_test_device_init+0x503/0x840 [llog_test]
00069  ? obd_setup+0x559/0x960 [obdclass]
00069  ? class_setup+0xc7d/0x10e0 [obdclass]
00069  ? class_process_config+0x2edb/0x7cb0 [obdclass]
00069  ? class_handle_ioctl+0x2055/0x3590 [obdclass]
00069  ? obd_class_ioctl+0x1f6/0x3c0 [obdclass]
00069  ? __x64_sys_ioctl+0x961/0xe00
00069  ? _copy_to_user+0x3d/0x60
00069  ? __x64_sys_rt_sigaction+0x107/0x140
00069  ? do_syscall_64+0xc1/0x350
00069  ? entry_SYSCALL_64_after_hwframe+0x4b/0x53
00069  </TASK>
00069 ---[ end trace 0000000000000000 ]---
00069 Lustre: 2179:0:(llog_test.c:1666:llog_test_10()) 10c: write 64767 more log records
00071 Lustre: 2179:0:(llog_cat.c:80:llog_cat_new_log()) MGS: there are no more free slots in catalog 7294edd3
00071 LustreError: 2179:0:(llog_cat.c:593:llog_cat_add_rec()) MGS: initialization error: rc = -28
00071 Lustre: 2179:0:(llog_test.c:1692:llog_test_10()) 10c: wrote 64011 records then 756 failed with ENOSPC
00071 Lustre: 2179:0:(llog_test.c:1711:llog_test_10()) 10d: Cancel 64767 records, see one log zapped
00073 Lustre: 2179:0:(llog_test.c:1725:llog_test_10()) 10d: print the catalog entries.. we expect 3
00073 Lustre: 2200:0:(llog_test.c:700:cat_print_cb()) seeing record at index 2 - [0x1:0x19:0x0] in log [0xa:0x5:0x0]
00073 Lustre: 2179:0:(llog_test.c:1755:llog_test_10()) 10e: write 64767 more log records
00073 ------------[ cut here ]------------
00073 WARNING: /home/ktest/git/linux/include/linux/fs.h:889 at osd_create+0x9cf/0xcf0 [osd_wbcfs], CPU#3: lctl/2179
00073 Modules linked in: llog_test(O) mgs(O) osd_wbcfs(O) lustre(O) obdecho(O) mgc(O) mdc(O) lov(O) osc(O) lmv(O) ec(O) fid(O) fld(O) ptlrpc(O) efivarfs obdclass(O) ksocklnd(O) lnet(O) libcfs(O)
00073 CPU: 3 UID: 0 PID: 2179 Comm: lctl Tainted: G        W  O        7.0.0-ktest-6340f3c-6330a45-20260805-dirty #1 PREEMPT 
00073 Tainted: [W]=WARN, [O]=OOT_MODULE
00073 Hardware name: QEMU Standard PC (Q35 + ICH9, 2009), BIOS 2025.11-3ubuntu7 03/31/2026
00073 RIP: 0010:osd_create+0x9cf/0xcf0 [osd_wbcfs]
00073 Code: c7 c7 00 86 7c a1 48 c7 c6 a0 02 7e a1 48 c7 c2 00 0c 7e a1 e8 82 dd 43 ff 48 c7 c7 00 86 7c a1 e8 f6 6a 44 ff e9 fe fc ff ff <0f> 0b e9 a5 fa ff ff 48 c7 c1 80 44 5d a0 80 e1 07 80 c1 03 38 c1
00073 RSP: 0018:ffffc90001b4f478 EFLAGS: 00010246
00073 RAX: 0000000000000000 RBX: ffff88819c80d400 RCX: 0000000000000046
00073 RDX: 0000000000000000 RSI: ffff8881a0e342a8 RDI: ffff8881917209c0
00073 RBP: ffff8881a0e34218 R08: ffffffff83a16803 R09: 1ffffffff0742d00
00073 R10: dffffc0000000000 R11: fffffbfff0742d01 R12: ffff888170134400
00073 R13: dffffc0000000000 R14: 1ffff11033901a80 R15: 1ffff1102e02688f
00073 FS:  00007fb8884de940(0000) GS:ffff88831e5aa000(0000) knlGS:0000000000000000
00073 CS:  0010 DS: 0000 ES: 0000 CR0: 0000000080050033
00073 CR2: 00007f3fb1032270 CR3: 00000001a29fc000 CR4: 0000000000750eb0
00073 PKRU: 55555554
00073 Call Trace:
00073  <TASK>
00073  ? local_object_create+0x109/0x640 [obdclass]
00073  ? dt_write_lock+0x16d/0x2a0 [obdclass]
00073  ? llog_osd_create+0x356/0x1140 [obdclass]
00073  ? llog_create+0x2ed/0x530 [obdclass]
00073  ? llog_cat_new_log+0x6c3/0x2bf0 [obdclass]
00073  ? llog_cat_add_rec+0x6ba/0x1960 [obdclass]
00073  ? llog_cat_add+0x451/0x890 [obdclass]
00073  ? llog_test_10+0x19aa/0x5600 [llog_test]
00073  ? lu_object_put+0xa64/0x1210 [obdclass]
00073  ? do_raw_spin_unlock+0x52/0x230
00073  ? _raw_spin_unlock+0x23/0x40
00073  ? __llog_ctxt_put+0x1c4/0x2f0 [obdclass]
00073  ? llog_run_tests+0x3f45/0x5ac0 [llog_test]
00073  ? get_random_u32+0x51/0x470
00073  ? llog_test_device_init+0x503/0x840 [llog_test]
00073  ? obd_setup+0x559/0x960 [obdclass]
00073  ? class_setup+0xc7d/0x10e0 [obdclass]
00073  ? class_process_config+0x2edb/0x7cb0 [obdclass]
00073  ? class_handle_ioctl+0x2055/0x3590 [obdclass]
00073  ? obd_class_ioctl+0x1f6/0x3c0 [obdclass]
00073  ? __x64_sys_ioctl+0x961/0xe00
00073  ? _copy_to_user+0x3d/0x60
00073  ? __x64_sys_rt_sigaction+0x107/0x140
00073  ? do_syscall_64+0xc1/0x350
00073  ? entry_SYSCALL_64_after_hwframe+0x4b/0x53
00073  </TASK>
00073 ---[ end trace 0000000000000000 ]---
00076 Lustre: 2179:0:(llog_cat.c:80:llog_cat_new_log()) MGS: there are no more free slots in catalog 7294edd3
00076 Lustre: 2179:0:(llog_cat.c:80:llog_cat_new_log()) Skipped 755 previous similar messages
00076 LustreError: 2179:0:(llog_cat.c:593:llog_cat_add_rec()) MGS: initialization error: rc = -28
00076 LustreError: 2179:0:(llog_cat.c:593:llog_cat_add_rec()) Skipped 755 previous similar messages
00076 Lustre: 2179:0:(llog_test.c:1781:llog_test_10()) 10e: wrote 64578 records then 189 failed with ENOSPC
00076 Lustre: 2179:0:(llog_test.c:1783:llog_test_10()) 10e: print the catalog entries.. we expect 4
00076 Lustre: 2179:0:(llog_cat.c:984:llog_cat_process_or_fork()) MGS: catlog [0xa:0x5:0x0] crosses index zero
00076 Lustre: 2179:0:(llog_test.c:700:cat_print_cb()) seeing record at index 2 - [0x1:0x19:0x0] in log [0xa:0x5:0x0]
00076 Lustre: 2179:0:(llog_test.c:700:cat_print_cb()) Skipped 2 previous similar messages
00076 Lustre: 2179:0:(llog_test.c:1819:llog_test_10()) 10e: catalog successfully wrap around, last_idx 1, first 1
00076 Lustre: 2179:0:(llog_test.c:1836:llog_test_10()) 10f: Cancel 64767 records, see one log zapped
00078 Lustre: 2179:0:(llog_test.c:1850:llog_test_10()) 10f: print the catalog entries.. we expect 3
00078 Lustre: 2179:0:(llog_cat.c:984:llog_cat_process_or_fork()) MGS: catlog [0xa:0x5:0x0] crosses index zero
00078 Lustre: 2179:0:(llog_cat.c:984:llog_cat_process_or_fork()) Skipped 1 previous similar message
00078 Lustre: 2179:0:(llog_test.c:1881:llog_test_10()) 10f: write 64767 more log records
00078 ------------[ cut here ]------------
00078 WARNING: /home/ktest/git/linux/include/linux/fs.h:889 at osd_create+0x9cf/0xcf0 [osd_wbcfs], CPU#3: lctl/2179
00078 Modules linked in: llog_test(O) mgs(O) osd_wbcfs(O) lustre(O) obdecho(O) mgc(O) mdc(O) lov(O) osc(O) lmv(O) ec(O) fid(O) fld(O) ptlrpc(O) efivarfs obdclass(O) ksocklnd(O) lnet(O) libcfs(O)
00078 CPU: 3 UID: 0 PID: 2179 Comm: lctl Tainted: G        W  O        7.0.0-ktest-6340f3c-6330a45-20260805-dirty #1 PREEMPT 
00078 Tainted: [W]=WARN, [O]=OOT_MODULE
00078 Hardware name: QEMU Standard PC (Q35 + ICH9, 2009), BIOS 2025.11-3ubuntu7 03/31/2026
00078 RIP: 0010:osd_create+0x9cf/0xcf0 [osd_wbcfs]
00078 Code: c7 c7 00 86 7c a1 48 c7 c6 a0 02 7e a1 48 c7 c2 00 0c 7e a1 e8 82 dd 43 ff 48 c7 c7 00 86 7c a1 e8 f6 6a 44 ff e9 fe fc ff ff <0f> 0b e9 a5 fa ff ff 48 c7 c1 80 44 5d a0 80 e1 07 80 c1 03 38 c1
00078 RSP: 0018:ffffc90001b4f478 EFLAGS: 00010246
00078 RAX: 0000000000000000 RBX: ffff88828f987c00 RCX: 0000000000000046
00078 RDX: 0000000000000000 RSI: ffff8881a0e33b90 RDI: ffff8881917209c0
00078 RBP: ffff8881a0e33b00 R08: ffffffff83a16803 R09: 1ffffffff0742d00
00078 R10: dffffc0000000000 R11: fffffbfff0742d01 R12: ffff888170134400
00078 R13: dffffc0000000000 R14: 1ffff11051f30f80 R15: 1ffff1102e02688f
00078 FS:  00007fb8884de940(0000) GS:ffff88831e5aa000(0000) knlGS:0000000000000000
00078 CS:  0010 DS: 0000 ES: 0000 CR0: 0000000080050033
00078 CR2: 00007f3fb1032270 CR3: 00000001a29fc000 CR4: 0000000000750eb0
00078 PKRU: 55555554
00078 Call Trace:
00078  <TASK>
00078  ? local_object_create+0x109/0x640 [obdclass]
00078  ? dt_write_lock+0x16d/0x2a0 [obdclass]
00078  ? llog_osd_create+0x356/0x1140 [obdclass]
00078  ? llog_create+0x2ed/0x530 [obdclass]
00078  ? llog_cat_new_log+0x6c3/0x2bf0 [obdclass]
00078  ? llog_cat_add_rec+0x6ba/0x1960 [obdclass]
00078  ? llog_cat_add+0x451/0x890 [obdclass]
00078  ? llog_test_10+0x2c5e/0x5600 [llog_test]
00078  ? lu_object_put+0xa64/0x1210 [obdclass]
00078  ? do_raw_spin_unlock+0x52/0x230
00078  ? _raw_spin_unlock+0x23/0x40
00078  ? __llog_ctxt_put+0x1c4/0x2f0 [obdclass]
00078  ? llog_run_tests+0x3f45/0x5ac0 [llog_test]
00078  ? get_random_u32+0x51/0x470
00078  ? llog_test_device_init+0x503/0x840 [llog_test]
00078  ? obd_setup+0x559/0x960 [obdclass]
00078  ? class_setup+0xc7d/0x10e0 [obdclass]
00078  ? class_process_config+0x2edb/0x7cb0 [obdclass]
00078  ? class_handle_ioctl+0x2055/0x3590 [obdclass]
00078  ? obd_class_ioctl+0x1f6/0x3c0 [obdclass]
00078  ? __x64_sys_ioctl+0x961/0xe00
00078  ? _copy_to_user+0x3d/0x60
00078  ? __x64_sys_rt_sigaction+0x107/0x140
00078  ? do_syscall_64+0xc1/0x350
00078  ? entry_SYSCALL_64_after_hwframe+0x4b/0x53
00078  </TASK>
00078 ---[ end trace 0000000000000000 ]---
00080 Lustre: 2179:0:(llog_cat.c:80:llog_cat_new_log()) MGS: there are no more free slots in catalog 7294edd3
00080 Lustre: 2179:0:(llog_cat.c:80:llog_cat_new_log()) Skipped 188 previous similar messages
00080 LustreError: 2179:0:(llog_cat.c:593:llog_cat_add_rec()) MGS: initialization error: rc = -28
00080 LustreError: 2179:0:(llog_cat.c:593:llog_cat_add_rec()) Skipped 188 previous similar messages
00080 Lustre: 2179:0:(llog_test.c:1907:llog_test_10()) 10f: wrote 64578 records then 189 failed with ENOSPC
00080 Lustre: 2179:0:(llog_test.c:1953:llog_test_10()) 10g: Cancel 64767 records, see one log zapped
00080 Lustre: 2179:0:(llog_cat.c:984:llog_cat_process_or_fork()) MGS: catlog [0xa:0x5:0x0] crosses index zero
00082 Lustre: 2179:0:(llog_test.c:1965:llog_test_10()) 10g: print the catalog entries.. we expect 3
00082 Lustre: 2179:0:(llog_cat.c:984:llog_cat_process_or_fork()) MGS: catlog [0xa:0x5:0x0] crosses index zero
00082 Lustre: 2179:0:(llog_test.c:700:cat_print_cb()) seeing record at index 4 - [0x1:0x1b:0x0] in log [0xa:0x5:0x0]
00082 Lustre: 2179:0:(llog_test.c:700:cat_print_cb()) Skipped 6 previous similar messages
00082 Lustre: 2179:0:(llog_test.c:1995:llog_test_10()) 10g: Cancel 64767 records, see one log zapped
00084 Lustre: 2179:0:(llog_test.c:2009:llog_test_10()) 10g: print the catalog entries.. we expect 2
00084 Lustre: 2179:0:(llog_test.c:2047:llog_test_10()) 10g: Cancel 64767 records, see one log zapped
00087 Lustre: 2179:0:(llog_test.c:2061:llog_test_10()) 10g: print the catalog entries.. we expect 1
00087 Lustre: 2179:0:(llog_test.c:2087:llog_test_10()) 10g: llh_cat_idx has also successfully wrapped!
00087 Lustre: 2213:0:(llog_test.c:1535:cat_check_old_cb()) seeing record at index 2 - [0x1:0x1d:0x0] in log [0xa:0x5:0x0]
00087 Lustre: 2179:0:(llog_test.c:2111:llog_test_10()) 10h: write 64767 more log records
00087 ------------[ cut here ]------------
00087 WARNING: /home/ktest/git/linux/include/linux/fs.h:889 at osd_create+0x9cf/0xcf0 [osd_wbcfs], CPU#3: lctl/2179
00087 Modules linked in: llog_test(O) mgs(O) osd_wbcfs(O) lustre(O) obdecho(O) mgc(O) mdc(O) lov(O) osc(O) lmv(O) ec(O) fid(O) fld(O) ptlrpc(O) efivarfs obdclass(O) ksocklnd(O) lnet(O) libcfs(O)
00087 CPU: 3 UID: 0 PID: 2179 Comm: lctl Tainted: G        W  O        7.0.0-ktest-6340f3c-6330a45-20260805-dirty #1 PREEMPT 
00087 Tainted: [W]=WARN, [O]=OOT_MODULE
00087 Hardware name: QEMU Standard PC (Q35 + ICH9, 2009), BIOS 2025.11-3ubuntu7 03/31/2026
00087 RIP: 0010:osd_create+0x9cf/0xcf0 [osd_wbcfs]
00087 Code: c7 c7 00 86 7c a1 48 c7 c6 a0 02 7e a1 48 c7 c2 00 0c 7e a1 e8 82 dd 43 ff 48 c7 c7 00 86 7c a1 e8 f6 6a 44 ff e9 fe fc ff ff <0f> 0b e9 a5 fa ff ff 48 c7 c1 80 44 5d a0 80 e1 07 80 c1 03 38 c1
00087 RSP: 0018:ffffc90001b4f478 EFLAGS: 00010246
00087 RAX: 0000000000000000 RBX: ffff8880747f5000 RCX: 0000000000000046
00087 RDX: 0000000000000000 RSI: ffff8881a0e33478 RDI: ffff8881917209c0
00087 RBP: ffff8881a0e333e8 R08: ffffffff83a16803 R09: 1ffffffff0742d00
00087 R10: dffffc0000000000 R11: fffffbfff0742d01 R12: ffff888170134400
00087 R13: dffffc0000000000 R14: 1ffff1100e8fea00 R15: 1ffff1102e02688f
00087 FS:  00007fb8884de940(0000) GS:ffff88831e5aa000(0000) knlGS:0000000000000000
00087 CS:  0010 DS: 0000 ES: 0000 CR0: 0000000080050033
00087 CR2: 00007f3fb1032270 CR3: 00000001a29fc000 CR4: 0000000000750eb0
00087 PKRU: 55555554
00087 Call Trace:
00087  <TASK>
00087  ? local_object_create+0x109/0x640 [obdclass]
00087  ? dt_write_lock+0x16d/0x2a0 [obdclass]
00087  ? llog_osd_create+0x356/0x1140 [obdclass]
00087  ? llog_create+0x2ed/0x530 [obdclass]
00087  ? llog_cat_new_log+0x6c3/0x2bf0 [obdclass]
00087  ? llog_cat_add_rec+0x6ba/0x1960 [obdclass]
00087  ? llog_cat_add+0x451/0x890 [obdclass]
00087  ? llog_test_10+0x50f8/0x5600 [llog_test]
00087  ? llog_test_9_sub+0x800/0x800 [llog_test]
00087  ? llog_run_tests+0x3f45/0x5ac0 [llog_test]
00087  ? get_random_u32+0x51/0x470
00087  ? llog_test_device_init+0x503/0x840 [llog_test]
00087  ? obd_setup+0x559/0x960 [obdclass]
00087  ? class_setup+0xc7d/0x10e0 [obdclass]
00087  ? class_process_config+0x2edb/0x7cb0 [obdclass]
00087  ? class_handle_ioctl+0x2055/0x3590 [obdclass]
00087  ? obd_class_ioctl+0x1f6/0x3c0 [obdclass]
00087  ? __x64_sys_ioctl+0x961/0xe00
00087  ? _copy_to_user+0x3d/0x60
00087  ? __x64_sys_rt_sigaction+0x107/0x140
00087  ? do_syscall_64+0xc1/0x350
00087  ? entry_SYSCALL_64_after_hwframe+0x4b/0x53
00087  </TASK>
00087 ---[ end trace 0000000000000000 ]---
00087 LustreError: 2179:0:(llog_osd.c:684:llog_osd_write_rec()) cfs_race id 1317 sleeping
00088 LustreError: 2213:0:(llog.c:690:llog_process_thread()) cfs_fail_race id 1317 waking
00088 LustreError: 2179:0:(llog_osd.c:684:llog_osd_write_rec()) cfs_fail_race id 1317 awake: rc=447
00089 LustreError: 2213:0:(llog.c:690:llog_process_thread()) cfs_fail_race id 1317 waking
00089 Lustre: 2213:0:(llog_test.c:1535:cat_check_old_cb()) seeing record at index 3 - [0x1:0x1e:0x0] in log [0xa:0x5:0x0]
00091 ------------[ cut here ]------------
00091 WARNING: /home/ktest/git/linux/include/linux/fs.h:889 at osd_create+0x9cf/0xcf0 [osd_wbcfs], CPU#3: lctl/2179
00091 Modules linked in: llog_test(O) mgs(O) osd_wbcfs(O) lustre(O) obdecho(O) mgc(O) mdc(O) lov(O) osc(O) lmv(O) ec(O) fid(O) fld(O) ptlrpc(O) efivarfs obdclass(O) ksocklnd(O) lnet(O) libcfs(O)
00091 CPU: 3 UID: 0 PID: 2179 Comm: lctl Tainted: G        W  O        7.0.0-ktest-6340f3c-6330a45-20260805-dirty #1 PREEMPT 
00091 Tainted: [W]=WARN, [O]=OOT_MODULE
00091 Hardware name: QEMU Standard PC (Q35 + ICH9, 2009), BIOS 2025.11-3ubuntu7 03/31/2026
00091 RIP: 0010:osd_create+0x9cf/0xcf0 [osd_wbcfs]
00091 Code: c7 c7 00 86 7c a1 48 c7 c6 a0 02 7e a1 48 c7 c2 00 0c 7e a1 e8 82 dd 43 ff 48 c7 c7 00 86 7c a1 e8 f6 6a 44 ff e9 fe fc ff ff <0f> 0b e9 a5 fa ff ff 48 c7 c1 80 44 5d a0 80 e1 07 80 c1 03 38 c1
00091 RSP: 0018:ffffc90001b4f478 EFLAGS: 00010246
00091 RAX: 0000000000000000 RBX: ffff888013771000 RCX: 0000000000000046
00091 RDX: 0000000000000000 RSI: ffff8881a0e32d60 RDI: ffff8881917209c0
00091 RBP: ffff8881a0e32cd0 R08: ffffffff83a16803 R09: 1ffffffff0742d00
00091 R10: dffffc0000000000 R11: fffffbfff0742d01 R12: ffff888170134400
00091 R13: dffffc0000000000 R14: 1ffff110026ee200 R15: 1ffff1102e02688f
00091 FS:  00007fb8884de940(0000) GS:ffff88831e5aa000(0000) knlGS:0000000000000000
00091 CS:  0010 DS: 0000 ES: 0000 CR0: 0000000080050033
00091 CR2: 00007f3fb1032270 CR3: 00000001a29fc000 CR4: 0000000000750eb0
00091 PKRU: 55555554
00091 Call Trace:
00091  <TASK>
00091  ? local_object_create+0x109/0x640 [obdclass]
00091  ? dt_write_lock+0x16d/0x2a0 [obdclass]
00091  ? llog_osd_create+0x356/0x1140 [obdclass]
00091  ? llog_create+0x2ed/0x530 [obdclass]
00091  ? llog_cat_new_log+0x6c3/0x2bf0 [obdclass]
00091  ? llog_cat_add_rec+0x6ba/0x1960 [obdclass]
00091  ? llog_cat_add+0x451/0x890 [obdclass]
00091  ? llog_test_10+0x50f8/0x5600 [llog_test]
00091  ? llog_test_9_sub+0x800/0x800 [llog_test]
00091  ? llog_run_tests+0x3f45/0x5ac0 [llog_test]
00091  ? get_random_u32+0x51/0x470
00091  ? llog_test_device_init+0x503/0x840 [llog_test]
00091  ? obd_setup+0x559/0x960 [obdclass]
00091  ? class_setup+0xc7d/0x10e0 [obdclass]
00091  ? class_process_config+0x2edb/0x7cb0 [obdclass]
00091  ? class_handle_ioctl+0x2055/0x3590 [obdclass]
00091  ? obd_class_ioctl+0x1f6/0x3c0 [obdclass]
00091  ? __x64_sys_ioctl+0x961/0xe00
00091  ? _copy_to_user+0x3d/0x60
00091  ? __x64_sys_rt_sigaction+0x107/0x140
00091  ? do_syscall_64+0xc1/0x350
00091  ? entry_SYSCALL_64_after_hwframe+0x4b/0x53
00091  </TASK>
00091 ---[ end trace 0000000000000000 ]---
00091 LustreError: 2179:0:(llog_osd.c:684:llog_osd_write_rec()) cfs_fail_race id 1317 waking
00092 Lustre: 2179:0:(llog_test.c:2137:llog_test_10()) 10h: wrote 64767 records then 0 failed with ENOSPC
00092 Lustre: 2179:0:(llog_test.c:2150:llog_test_10()) 10: put newly-created catalog
00092 Lustre: 2179:0:(llog_test.c:2180:llog_test_11()) 11: create a plain nameless log
00092 ------------[ cut here ]------------
00092 WARNING: /home/ktest/git/linux/include/linux/fs.h:889 at osd_create+0x9cf/0xcf0 [osd_wbcfs], CPU#3: lctl/2179
00092 Modules linked in: llog_test(O) mgs(O) osd_wbcfs(O) lustre(O) obdecho(O) mgc(O) mdc(O) lov(O) osc(O) lmv(O) ec(O) fid(O) fld(O) ptlrpc(O) efivarfs obdclass(O) ksocklnd(O) lnet(O) libcfs(O)
00092 CPU: 3 UID: 0 PID: 2179 Comm: lctl Tainted: G        W  O        7.0.0-ktest-6340f3c-6330a45-20260805-dirty #1 PREEMPT 
00092 Tainted: [W]=WARN, [O]=OOT_MODULE
00092 Hardware name: QEMU Standard PC (Q35 + ICH9, 2009), BIOS 2025.11-3ubuntu7 03/31/2026
00092 RIP: 0010:osd_create+0x9cf/0xcf0 [osd_wbcfs]
00092 Code: c7 c7 00 86 7c a1 48 c7 c6 a0 02 7e a1 48 c7 c2 00 0c 7e a1 e8 82 dd 43 ff 48 c7 c7 00 86 7c a1 e8 f6 6a 44 ff e9 fe fc ff ff <0f> 0b e9 a5 fa ff ff 48 c7 c1 80 44 5d a0 80 e1 07 80 c1 03 38 c1
00092 RSP: 0018:ffffc90001b4f680 EFLAGS: 00010246
00092 RAX: 0000000000000000 RBX: ffff888033f96c00 RCX: 0000000000000046
00092 RDX: 0000000000000000 RSI: ffff8881a0e32648 RDI: ffff888191720998
00092 RBP: ffff8881a0e325b8 R08: ffffffff83a16803 R09: 1ffffffff0742d00
00092 R10: dffffc0000000000 R11: fffffbfff0742d01 R12: ffff888170134400
00092 R13: dffffc0000000000 R14: 1ffff110067f2d80 R15: 1ffff1102e02688f
00092 FS:  00007fb8884de940(0000) GS:ffff88831e5aa000(0000) knlGS:0000000000000000
00092 CS:  0010 DS: 0000 ES: 0000 CR0: 0000000080050033
00092 CR2: 00007f3fb1032270 CR3: 00000001a29fc000 CR4: 0000000000750eb0
00092 PKRU: 55555554
00092 Call Trace:
00092  <TASK>
00092  ? local_object_create+0x109/0x640 [obdclass]
00092  ? dt_write_lock+0x16d/0x2a0 [obdclass]
00092  ? llog_osd_create+0x356/0x1140 [obdclass]
00092  ? llog_create+0x2ed/0x530 [obdclass]
00092  ? llog_open_create+0x5af/0xb10 [obdclass]
00092  ? llog_test_11+0x2a4/0x1130 [llog_test]
00092  ? llog_test_9_sub+0x800/0x800 [llog_test]
00092  ? llog_run_tests+0x41b0/0x5ac0 [llog_test]
00092  ? get_random_u32+0x51/0x470
00092  ? llog_test_device_init+0x503/0x840 [llog_test]
00092  ? obd_setup+0x559/0x960 [obdclass]
00092  ? class_setup+0xc7d/0x10e0 [obdclass]
00092  ? class_process_config+0x2edb/0x7cb0 [obdclass]
00092  ? class_handle_ioctl+0x2055/0x3590 [obdclass]
00092  ? obd_class_ioctl+0x1f6/0x3c0 [obdclass]
00092  ? __x64_sys_ioctl+0x961/0xe00
00092  ? _copy_to_user+0x3d/0x60
00092  ? __x64_sys_rt_sigaction+0x107/0x140
00092  ? do_syscall_64+0xc1/0x350
00092  ? entry_SYSCALL_64_after_hwframe+0x4b/0x53
00092  </TASK>
00092 ---[ end trace 0000000000000000 ]---
00092 Lustre: 2179:0:(llog_test.c:2205:llog_test_11()) 11: size 8216 in 0 blocks after 1 rec
00092 Lustre: 2179:0:(llog_test.c:2207:llog_test_11()) 11: add few records
00092 Lustre: 2179:0:(llog_test.c:2224:llog_test_11()) 11: size 10616 in 0 blocks with few recs
00092 lctl (2179): drop_caches: 3
00092 Lustre: 2179:0:(llog_test.c:2250:llog_test_11()) 11: re-open the log by LOGID and verify llh_count
00092 Lustre: 2179:0:(llog_test.c:2265:llog_test_11()) 11: size 10616 in 0 blocks after re-open
00092 Lustre: 2179:0:(llog_test.c:2355:llog_test_12()) 12: create a catalog log with name: 7294edd4
00092 ------------[ cut here ]------------
00092 WARNING: /home/ktest/git/linux/include/linux/fs.h:889 at osd_create+0x9cf/0xcf0 [osd_wbcfs], CPU#3: lctl/2179
00092 Modules linked in: llog_test(O) mgs(O) osd_wbcfs(O) lustre(O) obdecho(O) mgc(O) mdc(O) lov(O) osc(O) lmv(O) ec(O) fid(O) fld(O) ptlrpc(O) efivarfs obdclass(O) ksocklnd(O) lnet(O) libcfs(O)
00092 CPU: 3 UID: 0 PID: 2179 Comm: lctl Tainted: G        W  O        7.0.0-ktest-6340f3c-6330a45-20260805-dirty #1 PREEMPT 
00092 Tainted: [W]=WARN, [O]=OOT_MODULE
00092 Hardware name: QEMU Standard PC (Q35 + ICH9, 2009), BIOS 2025.11-3ubuntu7 03/31/2026
00092 RIP: 0010:osd_create+0x9cf/0xcf0 [osd_wbcfs]
00092 Code: c7 c7 00 86 7c a1 48 c7 c6 a0 02 7e a1 48 c7 c2 00 0c 7e a1 e8 82 dd 43 ff 48 c7 c7 00 86 7c a1 e8 f6 6a 44 ff e9 fe fc ff ff <0f> 0b e9 a5 fa ff ff 48 c7 c1 80 44 5d a0 80 e1 07 80 c1 03 38 c1
00092 RSP: 0018:ffffc90001b4f678 EFLAGS: 00010246
00092 RAX: 0000000000000000 RBX: ffff888034c14800 RCX: 0000000000000046
00092 RDX: 0000000000000000 RSI: ffff8881a0e31f30 RDI: ffff888191720998
00092 RBP: ffff8881a0e31ea0 R08: ffffffff83a16803 R09: 1ffffffff0742d00
00092 R10: dffffc0000000000 R11: fffffbfff0742d01 R12: ffff888170134400
00092 R13: dffffc0000000000 R14: 1ffff11006982900 R15: 1ffff1102e02688f
00092 FS:  00007fb8884de940(0000) GS:ffff88831e5aa000(0000) knlGS:0000000000000000
00092 CS:  0010 DS: 0000 ES: 0000 CR0: 0000000080050033
00092 CR2: 00007f3fb1032270 CR3: 00000001a29fc000 CR4: 0000000000750eb0
00092 PKRU: 55555554
00092 Call Trace:
00092  <TASK>
00092  ? local_object_create+0x109/0x640 [obdclass]
00092  ? dt_write_lock+0x16d/0x2a0 [obdclass]
00092  ? llog_osd_create+0x356/0x1140 [obdclass]
00092  ? llog_create+0x2ed/0x530 [obdclass]
00092  ? llog_open_create+0x5af/0xb10 [obdclass]
00092  ? llog_test_12+0x40f/0x2d90 [llog_test]
00092  ? llog_test_11+0xc14/0x1130 [llog_test]
00092  ? llog_run_tests+0x4434/0x5ac0 [llog_test]
00092  ? get_random_u32+0x51/0x470
00092  ? llog_test_device_init+0x503/0x840 [llog_test]
00092  ? obd_setup+0x559/0x960 [obdclass]
00092  ? class_setup+0xc7d/0x10e0 [obdclass]
00092  ? class_process_config+0x2edb/0x7cb0 [obdclass]
00092  ? class_handle_ioctl+0x2055/0x3590 [obdclass]
00092  ? obd_class_ioctl+0x1f6/0x3c0 [obdclass]
00092  ? __x64_sys_ioctl+0x961/0xe00
00092  ? _copy_to_user+0x3d/0x60
00092  ? __x64_sys_rt_sigaction+0x107/0x140
00092  ? do_syscall_64+0xc1/0x350
00092  ? entry_SYSCALL_64_after_hwframe+0x4b/0x53
00092  </TASK>
00092 ---[ end trace 0000000000000000 ]---
00092 ------------[ cut here ]------------
00092 WARNING: /home/ktest/git/linux/include/linux/fs.h:889 at osd_create+0x9cf/0xcf0 [osd_wbcfs], CPU#3: lctl/2179
00092 Modules linked in: llog_test(O) mgs(O) osd_wbcfs(O) lustre(O) obdecho(O) mgc(O) mdc(O) lov(O) osc(O) lmv(O) ec(O) fid(O) fld(O) ptlrpc(O) efivarfs obdclass(O) ksocklnd(O) lnet(O) libcfs(O)
00092 CPU: 3 UID: 0 PID: 2179 Comm: lctl Tainted: G        W  O        7.0.0-ktest-6340f3c-6330a45-20260805-dirty #1 PREEMPT 
00092 Tainted: [W]=WARN, [O]=OOT_MODULE
00092 Hardware name: QEMU Standard PC (Q35 + ICH9, 2009), BIOS 2025.11-3ubuntu7 03/31/2026
00092 RIP: 0010:osd_create+0x9cf/0xcf0 [osd_wbcfs]
00092 Code: c7 c7 00 86 7c a1 48 c7 c6 a0 02 7e a1 48 c7 c2 00 0c 7e a1 e8 82 dd 43 ff 48 c7 c7 00 86 7c a1 e8 f6 6a 44 ff e9 fe fc ff ff <0f> 0b e9 a5 fa ff ff 48 c7 c1 80 44 5d a0 80 e1 07 80 c1 03 38 c1
00092 RSP: 0018:ffffc90001b4f518 EFLAGS: 00010246
00092 RAX: 0000000000000000 RBX: ffff888034c14000 RCX: 0000000000000046
00092 RDX: 0000000000000000 RSI: ffff8881a0e31818 RDI: ffff8881917209c0
00092 RBP: ffff8881a0e31788 R08: ffffffff83a16803 R09: 1ffffffff0742d00
00092 R10: dffffc0000000000 R11: fffffbfff0742d01 R12: ffff888170134400
00092 R13: dffffc0000000000 R14: 1ffff11006982800 R15: 1ffff1102e02688f
00092 FS:  00007fb8884de940(0000) GS:ffff88831e5aa000(0000) knlGS:0000000000000000
00092 CS:  0010 DS: 0000 ES: 0000 CR0: 0000000080050033
00092 CR2: 00007f3fb1032270 CR3: 00000001a29fc000 CR4: 0000000000750eb0
00092 PKRU: 55555554
00092 Call Trace:
00092  <TASK>
00092  ? local_object_create+0x109/0x640 [obdclass]
00092  ? dt_write_lock+0x16d/0x2a0 [obdclass]
00092  ? llog_osd_create+0x356/0x1140 [obdclass]
00092  ? llog_create+0x2ed/0x530 [obdclass]
00092  ? llog_cat_new_log+0x6c3/0x2bf0 [obdclass]
00092  ? llog_cat_add_rec+0x6ba/0x1960 [obdclass]
00092  ? llog_cat_add+0x451/0x890 [obdclass]
00092  ? llog_test_12+0x68f/0x2d90 [llog_test]
00092  ? llog_test_11+0xc14/0x1130 [llog_test]
00092  ? llog_run_tests+0x4434/0x5ac0 [llog_test]
00092  ? get_random_u32+0x51/0x470
00092  ? llog_test_device_init+0x503/0x840 [llog_test]
00092  ? obd_setup+0x559/0x960 [obdclass]
00092  ? class_setup+0xc7d/0x10e0 [obdclass]
00092  ? class_process_config+0x2edb/0x7cb0 [obdclass]
00092  ? class_handle_ioctl+0x2055/0x3590 [obdclass]
00092  ? obd_class_ioctl+0x1f6/0x3c0 [obdclass]
00092  ? __x64_sys_ioctl+0x961/0xe00
00092  ? _copy_to_user+0x3d/0x60
00092  ? __x64_sys_rt_sigaction+0x107/0x140
00092  ? do_syscall_64+0xc1/0x350
00092  ? entry_SYSCALL_64_after_hwframe+0x4b/0x53
00092  </TASK>
00092 ---[ end trace 0000000000000000 ]---
00092 Lustre: 12: truncate 24 bytes
00092 Lustre: 12: re-open and process the catalog
00092 LustreError: 2179:0:(llog_osd.c:1248:llog_osd_next_block()) MGS0000-osd: invalid llog tail at log id [0xa:0x6:0x0] offset 8232 last_rec idx 8704 tail idx 275010875 lrt len 1 read_size 40
00092 LustreError: 2179:0:(llog.c:886:llog_process_thread()) MGS: local llog is corrupted [0xa:0x6:0x0] catalog index 1 count 2
00092 Lustre: 12: try to add to the catalog
00092 ------------[ cut here ]------------
00092 WARNING: /home/ktest/git/linux/include/linux/fs.h:889 at osd_create+0x9cf/0xcf0 [osd_wbcfs], CPU#3: lctl/2179
00092 Modules linked in: llog_test(O) mgs(O) osd_wbcfs(O) lustre(O) obdecho(O) mgc(O) mdc(O) lov(O) osc(O) lmv(O) ec(O) fid(O) fld(O) ptlrpc(O) efivarfs obdclass(O) ksocklnd(O) lnet(O) libcfs(O)
00092 CPU: 3 UID: 0 PID: 2179 Comm: lctl Tainted: G        W  O        7.0.0-ktest-6340f3c-6330a45-20260805-dirty #1 PREEMPT 
00092 Tainted: [W]=WARN, [O]=OOT_MODULE
00092 Hardware name: QEMU Standard PC (Q35 + ICH9, 2009), BIOS 2025.11-3ubuntu7 03/31/2026
00092 RIP: 0010:osd_create+0x9cf/0xcf0 [osd_wbcfs]
00092 Code: c7 c7 00 86 7c a1 48 c7 c6 a0 02 7e a1 48 c7 c2 00 0c 7e a1 e8 82 dd 43 ff 48 c7 c7 00 86 7c a1 e8 f6 6a 44 ff e9 fe fc ff ff <0f> 0b e9 a5 fa ff ff 48 c7 c1 80 44 5d a0 80 e1 07 80 c1 03 38 c1
00092 RSP: 0018:ffffc90001b4f518 EFLAGS: 00010246
00092 RAX: 0000000000000000 RBX: ffff888034c16c00 RCX: 0000000000000046
00092 RDX: 0000000000000000 RSI: ffff8881a0e31100 RDI: ffff8881917209c0
00092 RBP: ffff8881a0e31070 R08: ffffffff83a16803 R09: 1ffffffff0742d00
00092 R10: dffffc0000000000 R11: fffffbfff0742d01 R12: ffff888170134400
00092 R13: dffffc0000000000 R14: 1ffff11006982d80 R15: 1ffff1102e02688f
00092 FS:  00007fb8884de940(0000) GS:ffff88831e5aa000(0000) knlGS:0000000000000000
00092 CS:  0010 DS: 0000 ES: 0000 CR0: 0000000080050033
00092 CR2: 00007f3fb1032270 CR3: 00000001a29fc000 CR4: 0000000000750eb0
00092 PKRU: 55555554
00092 Call Trace:
00092  <TASK>
00092  ? local_object_create+0x109/0x640 [obdclass]
00092  ? dt_write_lock+0x16d/0x2a0 [obdclass]
00092  ? llog_osd_create+0x356/0x1140 [obdclass]
00092  ? llog_create+0x2ed/0x530 [obdclass]
00092  ? llog_cat_new_log+0x6c3/0x2bf0 [obdclass]
00092  ? llog_cat_add_rec+0x6ba/0x1960 [obdclass]
00092  ? llog_cat_add+0x451/0x890 [obdclass]
00092  ? llog_test_12+0xfdb/0x2d90 [llog_test]
00092  ? llog_run_tests+0x4434/0x5ac0 [llog_test]
00092  ? get_random_u32+0x51/0x470
00092  ? llog_test_device_init+0x503/0x840 [llog_test]
00092  ? obd_setup+0x559/0x960 [obdclass]
00092  ? class_setup+0xc7d/0x10e0 [obdclass]
00092  ? class_process_config+0x2edb/0x7cb0 [obdclass]
00092  ? class_handle_ioctl+0x2055/0x3590 [obdclass]
00092  ? obd_class_ioctl+0x1f6/0x3c0 [obdclass]
00092  ? __x64_sys_ioctl+0x961/0xe00
00092  ? _copy_to_user+0x3d/0x60
00092  ? __x64_sys_rt_sigaction+0x107/0x140
00092  ? do_syscall_64+0xc1/0x350
00092  ? entry_SYSCALL_64_after_hwframe+0x4b/0x53
00092  </TASK>
00092 ---[ end trace 0000000000000000 ]---
00092 LustreError: 2179:0:(llog_osd.c:1231:llog_osd_next_block()) MGS0000-osd: invalid llog tail at log id [0x6:0xa:0x0]:0 offset 8297 tail idx 603979776 lrt len 1074261 read_size 105
00092 ------------[ cut here ]------------
00092 WARNING: /home/ktest/git/linux/include/linux/fs.h:889 at osd_create+0x9cf/0xcf0 [osd_wbcfs], CPU#3: lctl/2179
00092 Modules linked in: llog_test(O) mgs(O) osd_wbcfs(O) lustre(O) obdecho(O) mgc(O) mdc(O) lov(O) osc(O) lmv(O) ec(O) fid(O) fld(O) ptlrpc(O) efivarfs obdclass(O) ksocklnd(O) lnet(O) libcfs(O)
00092 CPU: 3 UID: 0 PID: 2179 Comm: lctl Tainted: G        W  O        7.0.0-ktest-6340f3c-6330a45-20260805-dirty #1 PREEMPT 
00092 Tainted: [W]=WARN, [O]=OOT_MODULE
00092 Hardware name: QEMU Standard PC (Q35 + ICH9, 2009), BIOS 2025.11-3ubuntu7 03/31/2026
00092 RIP: 0010:osd_create+0x9cf/0xcf0 [osd_wbcfs]
00092 Code: c7 c7 00 86 7c a1 48 c7 c6 a0 02 7e a1 48 c7 c2 00 0c 7e a1 e8 82 dd 43 ff 48 c7 c7 00 86 7c a1 e8 f6 6a 44 ff e9 fe fc ff ff <0f> 0b e9 a5 fa ff ff 48 c7 c1 80 44 5d a0 80 e1 07 80 c1 03 38 c1
00092 RSP: 0018:ffffc90001b4f518 EFLAGS: 00010246
00092 RAX: 0000000000000000 RBX: ffff88815c2ec400 RCX: 0000000000000046
00092 RDX: 0000000000000000 RSI: ffff8881a0e309e8 RDI: ffff8881917209c0
00092 RBP: ffff8881a0e30958 R08: ffffffff83a16803 R09: 1ffffffff0742d00
00092 R10: dffffc0000000000 R11: fffffbfff0742d01 R12: ffff888170134400
00092 R13: dffffc0000000000 R14: 1ffff1102b85d880 R15: 1ffff1102e02688f
00092 FS:  00007fb8884de940(0000) GS:ffff88831e5aa000(0000) knlGS:0000000000000000
00092 CS:  0010 DS: 0000 ES: 0000 CR0: 0000000080050033
00092 CR2: 00007f3fb1032270 CR3: 00000001a29fc000 CR4: 0000000000750eb0
00092 PKRU: 55555554
00092 Call Trace:
00092  <TASK>
00092  ? local_object_create+0x109/0x640 [obdclass]
00092  ? dt_write_lock+0x16d/0x2a0 [obdclass]
00092  ? llog_osd_create+0x356/0x1140 [obdclass]
00092  ? llog_create+0x2ed/0x530 [obdclass]
00092  ? llog_cat_new_log+0x6c3/0x2bf0 [obdclass]
00092  ? llog_cat_add_rec+0x6ba/0x1960 [obdclass]
00092  ? llog_cat_add+0x451/0x890 [obdclass]
00092  ? llog_test_12+0xfdb/0x2d90 [llog_test]
00092  ? llog_run_tests+0x4434/0x5ac0 [llog_test]
00092  ? get_random_u32+0x51/0x470
00092  ? llog_test_device_init+0x503/0x840 [llog_test]
00092  ? obd_setup+0x559/0x960 [obdclass]
00092  ? class_setup+0xc7d/0x10e0 [obdclass]
00092  ? class_process_config+0x2edb/0x7cb0 [obdclass]
00092  ? class_handle_ioctl+0x2055/0x3590 [obdclass]
00092  ? obd_class_ioctl+0x1f6/0x3c0 [obdclass]
00092  ? __x64_sys_ioctl+0x961/0xe00
00092  ? _copy_to_user+0x3d/0x60
00092  ? __x64_sys_rt_sigaction+0x107/0x140
00092  ? do_syscall_64+0xc1/0x350
00092  ? entry_SYSCALL_64_after_hwframe+0x4b/0x53
00092  </TASK>
00092 ---[ end trace 0000000000000000 ]---
00092 ==================================================================
00092 BUG: KASAN: use-after-free in llog_osd_next_block+0x13e1/0x3340 [obdclass]
00092 Read of size 4 at addr ffff8881c178f036 by task lctl/2179
00092 
00092 CPU: 3 UID: 0 PID: 2179 Comm: lctl Tainted: G        W  O        7.0.0-ktest-6340f3c-6330a45-20260805-dirty #1 PREEMPT 
00092 Tainted: [W]=WARN, [O]=OOT_MODULE
00092 Hardware name: QEMU Standard PC (Q35 + ICH9, 2009), BIOS 2025.11-3ubuntu7 03/31/2026
00092 Call Trace:
00092  <TASK>
00092  dump_stack_lvl+0x52/0x80
00092  print_report+0xbc/0x260
00092  ? llog_osd_next_block+0x13e1/0x3340 [obdclass]
00092  kasan_report+0xa2/0xd0
00092  ? llog_osd_next_block+0x13e1/0x3340 [obdclass]
00092  llog_osd_next_block+0x13e1/0x3340 [obdclass]
00092  llog_process_thread+0xdd7/0x4f70 [obdclass]
00092  ? entry_SYSCALL_64_after_hwframe+0x4b/0x53
00092  ? task_work_add+0x177/0x210
00092  llog_process_or_fork+0x656/0xc90 [obdclass]
00092  ? llog_cat_process+0x30/0x30 [obdclass]
00092  llog_cat_process_or_fork+0x780/0xdb0 [obdclass]
00092  ? llog_cat_process+0x30/0x30 [obdclass]
00092  ? llog_cancel_rec_cb+0x450/0x450 [llog_test]
00092  llog_cat_process+0x24/0x30 [obdclass]
00092  llog_test_12+0xf58/0x2d90 [llog_test]
00092  llog_run_tests+0x4434/0x5ac0 [llog_test]
00092  ? get_random_u32+0x51/0x470
00092  llog_test_device_init+0x503/0x840 [llog_test]
00092  obd_setup+0x559/0x960 [obdclass]
00092  class_setup+0xc7d/0x10e0 [obdclass]
00092  class_process_config+0x2edb/0x7cb0 [obdclass]
00092  class_handle_ioctl+0x2055/0x3590 [obdclass]
00092  obd_class_ioctl+0x1f6/0x3c0 [obdclass]
00092  __x64_sys_ioctl+0x961/0xe00
00092  ? _copy_to_user+0x3d/0x60
00092  ? __x64_sys_rt_sigaction+0x107/0x140
00092  do_syscall_64+0xc1/0x350
00092  entry_SYSCALL_64_after_hwframe+0x4b/0x53
00092 RIP: 0033:0x7fb888724e1d
00092 Code: 04 25 28 00 00 00 48 89 45 c8 31 c0 48 8d 45 10 c7 45 b0 10 00 00 00 48 89 45 b8 48 8d 45 d0 48 89 45 c0 b8 10 00 00 00 0f 05 <89> c2 3d 00 f0 ff ff 77 1a 48 8b 45 c8 64 48 2b 04 25 28 00 00 00
00092 RSP: 002b:00007fff69e265d0 EFLAGS: 00000246 ORIG_RAX: 0000000000000010
00092 RAX: ffffffffffffffda RBX: 00007fb8889591f0 RCX: 00007fb888724e1d
00092 RDX: 00007fff69e268b0 RSI: 00000000c00866b8 RDI: 0000000000000003
00092 RBP: 00007fff69e26620 R08: 00007fff69e26670 R09: 00007fff69e268b0
00092 R10: 0000555a98d54930 R11: 0000000000000246 R12: 00007fff69e268b0
00092 R13: 0000555a623a6822 R14: 0000000000000000 R15: 00007fff69e28930
00092  </TASK>
00092 
00092 The buggy address belongs to the physical page:
00092 page: refcount:0 mapcount:0 mapping:0000000000000000 index:0xffffffffffffffff pfn:0x1c178f
00092 flags: 0x8000000000000000(zone=2)
00092 raw: 8000000000000000 0000000000000000 00000000ffffffff 0000000000000000
00092 raw: ffffffffffffffff 0000000000000000 00000000ffffffff 0000000000000000
00092 page dumped because: kasan: bad access detected
00092 
00092 Memory state around the buggy address:
00092  ffff8881c178ef00: ff ff ff ff ff ff ff ff ff ff ff ff ff ff ff ff
00092  ffff8881c178ef80: ff ff ff ff ff ff ff ff ff ff ff ff ff ff ff ff
00092 >ffff8881c178f000: ff ff ff ff ff ff ff ff ff ff ff ff ff ff ff ff
00092                                      ^
00092  ffff8881c178f080: ff ff ff ff ff ff ff ff ff ff ff ff ff ff ff ff
00092  ffff8881c178f100: ff ff ff ff ff ff ff ff ff ff ff ff ff ff ff ff
00092 ==================================================================
00092 Disabling lock debugging due to kernel taint
00092 Lustre: 2179:0:(llog_test.c:2464:llog_test_12()) 12: put newly-created catalog
00092 Lustre: 2179:0:(llog_test.c:2532:llog_test_13()) 13a: create a catalog log with name: 7294edd4
00092 Lustre: 2179:0:(llog_test.c:2548:llog_test_13()) 13b: write 1 record into the catalog
00093 LustreError: 2179:0:(llog_test.c:2559:llog_test_13()) 13b: found 8 plain llogs
00093 Lustre: 2179:0:(llog_test.c:2561:llog_test_13()) 13c: erase plain llog
00093 LustreError: 2179:0:(llog_cat.c:404:llog_cat_id2handle()) MGS: error opening log id [0x1:0x4f:0x0]: rc = -2
00093 Lustre: 2179:0:(llog_test.c:2581:llog_test_13()) 13d: forward process: found=1708 rc=0
00093 Lustre: 2179:0:(llog_test.c:2585:llog_test_13()) 13e: erase another plain llog
00093 Lustre: 2179:0:(llog_test.c:2605:llog_test_13()) 13e: backward process: found=1367 rc=0
00093 Lustre: 2179:0:(llog_test.c:2608:llog_test_13()) 13f: put newly-created catalog
00097 ========= FAILED TIMEOUT llog-unit in 240s
Error 1 at /home/ktest/ktest/lib/libktest.sh 587 from: "$ktest_dir/lib/supervisor" -S -F -T "$ktest_timeout" -b "$test_basename" -o "$test_logdir" -f "$test_basename.$(date -Iseconds).log" -- "${qemu_cmd[@]}", exiting
Error 1 at ./qlkbuild 187 from: "$ktest_dir/lib/supervisor" -S -F -T "$ktest_timeout" -b "$test_basename" -o "$test_logdir" -f "$test_basename.$(date -Iseconds).log" -- "${qemu_cmd[@]}", exiting
Error 1 at ./qlkbuild 1202 from: "$ktest_dir/lib/supervisor" -S -F -T "$ktest_timeout" -b "$test_basename" -o "$test_logdir" -f "$test_basename.$(date -Iseconds).log" -- "${qemu_cmd[@]}", exiting
