00000 
00002 init: failed to load nvme_core
00002 init: failed to load nvme
00002 init: failed to load zfs
00002 LNetError: 1:0:(lib-socket.c:619:lnet_inet_enumerate()) lnet: Can't find any usable interfaces, rc = -ENOENT
00002 LNetError: Error -100 starting up LNI tcp
00003 LustreError: 1:0:(events.c:627:ptlrpc_init_portals()) network initialisation failed: rc = -100
00003 init: finit_module /lib/modules/7.0.0-ktest-648ccb0-6330a45-20260731-dirty/updates/ptlrpc.ko: Network is down
00003 init: failed to load lustre
00003 init: failed to load osd_zfs
00003 init: failed to load iwlwifi
00003 init: failed to load iwlmvm
00003 init: failed to load mt7921e
00003 init: failed to load i915
00003 init: failed to load nouveau
00007 tlp: vm.laptop_mode is deprecated. Ignoring setting.
00007 Kernel version: 7.0.0-ktest-648ccb0-6330a45-20260731-dirty
00007 hook init_noop
00007 
00007 Running tests llmount
00007 
00007 ========= TEST   llmount
00011 SETUP LUSTRE ... LNet: Added LNI 10.0.2.15@tcp [8/256/0/180]
00012 Lustre: Echo OBD driver; http://www.lustre.org/
00012 Lustre: 1891:0:(mdt_handler.c:64:mdt_max_mod_rpcs_per_client_set()) max_mod_rpcs_per_client is deprecated, set mdt.*.max_mod_rpcs_in_flight parameter instead
00012 Lustre: ctl-lustre-MDT0000: No data found on store. Initialize space.
00012 Lustre: lustre-MDT0000: new disk, initializing
00012 Lustre: lustre-MDT0000: Imperative Recovery not enabled, recovery window 300-900
00012 LustreError: 1871:0:(obd_target.h:61:obd2obt()) ASSERTION( obt->obt_magic == 0xBDDECEAE ) failed: 
00012 LustreError: 1871:0:(obd_target.h:61:obd2obt()) LBUG
00012 CPU: 5 UID: 0 PID: 1871 Comm: lustre-ktest Tainted: G           O        7.0.0-ktest-648ccb0-6330a45-20260731-dirty #1 PREEMPT 
00012 Tainted: [O]=OOT_MODULE
00012 Hardware name: QEMU Standard PC (Q35 + ICH9, 2009), BIOS 2025.11-3ubuntu7 03/31/2026
00012 Call Trace:
00012  <TASK>
00012  dump_stack_lvl+0x52/0x80
00012  lbug_with_loc+0x33/0xa0 [libcfs]
00012  mdd_prepare+0x119/0x3980 [mdd]
00012  ? alloc_slab_obj_exts+0xab/0x160
00012  ? __alloc_tagging_slab_alloc_hook+0x136/0x190
00012  ? __up_read+0x1ba/0x5e0
00012  ? keys_fill+0x3c7/0x420 [obdclass]
00012  ? keys_fill+0x3c7/0x420 [obdclass]
00012  mdt_prepare+0x156/0x8c0 [mdt]
00012  server_start_targets+0x1383/0x2660 [ptlrpc]
00012  ? up_write+0x145/0x390
00012  ? ptlrpc_pinger_add_import+0x487/0x740 [ptlrpc]
00012  ? client_connect_import+0x69a/0xe70 [ptlrpc]
00012  ? lustre_start_mgc+0x1698/0x2700 [obdclass]
00012  ? lustre_start_mgc+0x18e9/0x2700 [obdclass]
00012  ? kfree+0x1b5/0x530
00012  ? lustre_start_mgc+0x18e9/0x2700 [obdclass]
00012  ? lustre_cfg_rec_free+0x350/0x350 [obdclass]
00012  server_fill_super+0x1ab8/0x2f70 [ptlrpc]
00012  ? lustre_init_lsi+0x330/0x6c0 [obdclass]
00012  lustre_tgt_fill_super+0x273/0x730 [ptlrpc]
00012  ? lustre_tgt_get_tree+0x20/0x20 [ptlrpc]
00012  get_tree_nodev+0x9e/0x110
00012  vfs_get_tree+0x86/0x200
00012  do_new_mount+0x1ee/0x9a0
00012  __x64_sys_mount+0x290/0x330
00012  do_syscall_64+0xc1/0x350
00012  entry_SYSCALL_64_after_hwframe+0x4b/0x53
00012 RIP: 0033:0x561a2834f066
00012 Code: 60 83 fb 01 41 89 de 41 83 d6 00 44 89 74 24 68 b8 a5 00 00 00 4c 89 e7 48 89 ee 48 8b 54 24 18 45 31 d2 4c 8b 44 24 10 0f 05 <48> 3d 01 f0 ff ff 0f 82 89 02 00 00 f7 d8 89 44 24 28 44 89 f0 ff
00012 RSP: 002b:00007ffd6edbc340 EFLAGS: 00000246 ORIG_RAX: 00000000000000a5
00012 RAX: ffffffffffffffda RBX: 0000000000000000 RCX: 0000561a2834f066
00012 RDX: 0000561a5d21d8f0 RSI: 0000561a5d21dc00 RDI: 0000561a5d21d7a0
00012 RBP: 0000561a5d21dc00 R08: 0000561a5d21d730 R09: 0000000000000060
00012 R10: 0000000000000000 R11: 0000000000000246 R12: 0000561a5d21d7a0
00012 R13: 00007ffd6edbc558 R14: 0000000000000001 R15: 000000000000000d
00012  </TASK>
00012 Kernel panic - not syncing: LBUG
00012 CPU: 5 UID: 0 PID: 1871 Comm: lustre-ktest Tainted: G           O        7.0.0-ktest-648ccb0-6330a45-20260731-dirty #1 PREEMPT 
00012 Tainted: [O]=OOT_MODULE
00012 Hardware name: QEMU Standard PC (Q35 + ICH9, 2009), BIOS 2025.11-3ubuntu7 03/31/2026
00012 Call Trace:
00012  <TASK>
00012  vpanic+0x161/0x420
00012  panic+0x60/0x60
00012  ? __printk_cpu_sync_put+0x4d/0x60
00012  lbug_with_loc+0x8a/0xa0 [libcfs]
00012  mdd_prepare+0x119/0x3980 [mdd]
00012  ? alloc_slab_obj_exts+0xab/0x160
00012  ? __alloc_tagging_slab_alloc_hook+0x136/0x190
00012  ? __up_read+0x1ba/0x5e0
00012  ? keys_fill+0x3c7/0x420 [obdclass]
00012  ? keys_fill+0x3c7/0x420 [obdclass]
00012  mdt_prepare+0x156/0x8c0 [mdt]
00012  server_start_targets+0x1383/0x2660 [ptlrpc]
00012  ? up_write+0x145/0x390
00012  ? ptlrpc_pinger_add_import+0x487/0x740 [ptlrpc]
00012  ? client_connect_import+0x69a/0xe70 [ptlrpc]
00012  ? lustre_start_mgc+0x1698/0x2700 [obdclass]
00012  ? lustre_start_mgc+0x18e9/0x2700 [obdclass]
00012  ? kfree+0x1b5/0x530
00012  ? lustre_start_mgc+0x18e9/0x2700 [obdclass]
00012  ? lustre_cfg_rec_free+0x350/0x350 [obdclass]
00012  server_fill_super+0x1ab8/0x2f70 [ptlrpc]
00012  ? lustre_init_lsi+0x330/0x6c0 [obdclass]
00012  lustre_tgt_fill_super+0x273/0x730 [ptlrpc]
00012  ? lustre_tgt_get_tree+0x20/0x20 [ptlrpc]
00012  get_tree_nodev+0x9e/0x110
00012  vfs_get_tree+0x86/0x200
00012  do_new_mount+0x1ee/0x9a0
00012  __x64_sys_mount+0x290/0x330
00012  do_syscall_64+0xc1/0x350
00012  entry_SYSCALL_64_after_hwframe+0x4b/0x53
00012 RIP: 0033:0x561a2834f066
00012 Code: 60 83 fb 01 41 89 de 41 83 d6 00 44 89 74 24 68 b8 a5 00 00 00 4c 89 e7 48 89 ee 48 8b 54 24 18 45 31 d2 4c 8b 44 24 10 0f 05 <48> 3d 01 f0 ff ff 0f 82 89 02 00 00 f7 d8 89 44 24 28 44 89 f0 ff
00012 RSP: 002b:00007ffd6edbc340 EFLAGS: 00000246 ORIG_RAX: 00000000000000a5
00012 RAX: ffffffffffffffda RBX: 0000000000000000 RCX: 0000561a2834f066
00012 RDX: 0000561a5d21d8f0 RSI: 0000561a5d21dc00 RDI: 0000561a5d21d7a0
00012 RBP: 0000561a5d21dc00 R08: 0000561a5d21d730 R09: 0000000000000060
00012 R10: 0000000000000000 R11: 0000000000000246 R12: 0000561a5d21d7a0
00012 R13: 00007ffd6edbc558 R14: 0000000000000001 R15: 000000000000000d
00012  </TASK>
00012 Kernel Offset: disabled
00012 ---[ end Kernel panic - not syncing: LBUG ]---
00017 ========= FAILED TIMEOUT llmount in 240s
Error 1 at /home/ktest/ktest/lib/libktest.sh 587 from: "$ktest_dir/lib/supervisor" -S -F -T "$ktest_timeout" -b "$test_basename" -o "$test_logdir" -f "$test_basename.$(date -Iseconds).log" -- "${qemu_cmd[@]}", exiting
Error 1 at ./qlkbuild 187 from: "$ktest_dir/lib/supervisor" -S -F -T "$ktest_timeout" -b "$test_basename" -o "$test_logdir" -f "$test_basename.$(date -Iseconds).log" -- "${qemu_cmd[@]}", exiting
Error 1 at ./qlkbuild 1202 from: "$ktest_dir/lib/supervisor" -S -F -T "$ktest_timeout" -b "$test_basename" -o "$test_logdir" -f "$test_basename.$(date -Iseconds).log" -- "${qemu_cmd[@]}", exiting
