CLI: ./pk --podman-socket unix:///run/podman/podman.sock --shared-filesystem /tmp --tarball-input job lustre-ci --output /var/www/ci-lustre/upstream-patch-review --git-hash 648ccb04d8d0238e43facb585410cb686a379f1d --change-id 67650_648ccb04d8d0238e43facb585410cb686a379f1d --subject LU-18681 mdd: no obd_obt_init() for mdd_object_alloc()

Environment validated successfully
Note: custom LLVM is not synced in tarball input mode
Creating kernel tarball at /tmp/ktest-kernel.tar.gz...
Creating lustre tarball at /tmp/ktest-lustre.tar.gz...
Creating ZFS tarball at /tmp/ktest-zfs.tar.gz...
Executing 14 jobs
Jobs will start as soon as their dependencies are satisfied
Using tarball input mode

START al2023:al2023 build tests/fs/lustre/boot.ktest
START ml-miscvm:lustre_mainline_native build tests/fs/lustre/boot.ktest
START checkpatch:checkpatch tool checkpatch
START ml-strict:lustre_mainline build tests/fs/lustre/boot-strict.ktest
START ml:lustre_mainline build tests/fs/lustre/boot.ktest
START u24:u24 build tests/fs/lustre/boot.ktest
PUT /tmp/ktest-lustre.tar.gz 1s
PUT /tmp/ktest-lustre.tar.gz 1s
PUT /tmp/ktest-kernel.tar.gz 11s
PUT /tmp/ktest-kernel.tar.gz 11s
PUT /tmp/ktest-kernel.tar.gz 11s
PUT /tmp/ktest-kernel.tar.gz 11s
PUT /tmp/ktest-lustre.tar.gz 4s
PUT /tmp/ktest-lustre.tar.gz 4s
PUT /tmp/ktest-lustre.tar.gz 4s
PUT /tmp/ktest-lustre.tar.gz 4s
PUT /tmp/ktest-zfs.tar.gz 0s
PUT /tmp/ktest-zfs.tar.gz 0s
PUT /tmp/ktest-zfs.tar.gz 0s
END checkpatch:checkpatch tool checkpatch PASS 18s
END u24:u24 build tests/fs/lustre/boot.ktest PASS 43s
END al2023:al2023 build tests/fs/lustre/boot.ktest PASS 48s
GET /tmp/ktest_ml-strict:lustre_mainline_nsx2o_mo.tar 10s
END ml-strict:lustre_mainline build tests/fs/lustre/boot-strict.ktest FAIL 167s (exit code: 1)
GET /tmp/ktest_ml-miscvm:lustre_mainline_native_8xyshz6l.tar 0s
GET /tmp/ktest_ml:lustre_mainline__jln8_u9.tar 0s
END ml-miscvm:lustre_mainline_native build tests/fs/lustre/boot.ktest PASS 176s
START ml-miscvm:boot run tests/fs/lustre/boot.ktest
START ml-miscvm:llmount run tests/fs/lustre/llmount.ktest
START ml-miscvm:llog-unit run tests/fs/lustre/llog-unit.ktest
START ml-miscvm:mgs-setup run tests/fs/lustre/mgs-setup.ktest
START ml-miscvm:sanity-1 run tests/fs/lustre/sanity/sanity-1.ktest
START ml-miscvm:sanity-2 run tests/fs/lustre/sanity/sanity-2.ktest
START ml-miscvm:sanity-3 run tests/fs/lustre/sanity/sanity-3.ktest
START ml-miscvm:sanity-4 run tests/fs/lustre/sanity/sanity-4.ktest
END ml:lustre_mainline build tests/fs/lustre/boot.ktest PASS 177s
PUT /tmp/ktest-kernel.tar.gz 30s
PUT /tmp/ktest-kernel.tar.gz 30s
PUT /tmp/ktest-kernel.tar.gz 30s
PUT /tmp/ktest-kernel.tar.gz 31s
PUT /tmp/ktest-kernel.tar.gz 31s
PUT /tmp/ktest-kernel.tar.gz 31s
PUT /tmp/ktest-kernel.tar.gz 31s
PUT /tmp/ktest-kernel.tar.gz 31s
PUT /tmp/ktest-lustre.tar.gz 12s
PUT /tmp/ktest-lustre.tar.gz 11s
PUT /tmp/ktest-lustre.tar.gz 11s
PUT /tmp/ktest-lustre.tar.gz 12s
PUT /tmp/ktest-lustre.tar.gz 12s
PUT /tmp/ktest-lustre.tar.gz 11s
PUT /tmp/ktest-lustre.tar.gz 12s
PUT /tmp/ktest-lustre.tar.gz 12s
PUT /tmp/ktest_ml-miscvm:lustre_mainline_native_8xyshz6l.tar 1s
PUT /tmp/ktest_ml-miscvm:lustre_mainline_native_8xyshz6l.tar 1s
PUT /tmp/ktest_ml-miscvm:lustre_mainline_native_8xyshz6l.tar 1s
PUT /tmp/ktest_ml-miscvm:lustre_mainline_native_8xyshz6l.tar 1s
PUT /tmp/ktest_ml-miscvm:lustre_mainline_native_8xyshz6l.tar 1s
PUT /tmp/ktest_ml-miscvm:lustre_mainline_native_8xyshz6l.tar 1s
PUT /tmp/ktest_ml-miscvm:lustre_mainline_native_8xyshz6l.tar 1s
PUT /tmp/ktest_ml-miscvm:lustre_mainline_native_8xyshz6l.tar 1s
END ml-miscvm:boot run tests/fs/lustre/boot.ktest PASS 58s
END ml-miscvm:llmount run tests/fs/lustre/llmount.ktest FAIL 65s (exit code: 1)
END ml-miscvm:sanity-2 run tests/fs/lustre/sanity/sanity-2.ktest FAIL 67s (exit code: 1)
END ml-miscvm:sanity-1 run tests/fs/lustre/sanity/sanity-1.ktest FAIL 68s (exit code: 1)
END ml-miscvm:sanity-3 run tests/fs/lustre/sanity/sanity-3.ktest FAIL 69s (exit code: 1)
END ml-miscvm:mgs-setup run tests/fs/lustre/mgs-setup.ktest PASS 70s
END ml-miscvm:sanity-4 run tests/fs/lustre/sanity/sanity-4.ktest FAIL 72s (exit code: 1)
END ml-miscvm:llog-unit run tests/fs/lustre/llog-unit.ktest FAIL 139s (exit code: 1)

============================================================
Final Results:
  checkpatch:checkpatch: PASS (18s) (log: /var/www/ci-lustre/upstream-patch-review/648ccb04d8d0238e43facb585410cb686a379f1d_checkpatch:checkpatch.log)
  u24:u24: PASS (43s) (log: /var/www/ci-lustre/upstream-patch-review/648ccb04d8d0238e43facb585410cb686a379f1d_u24:u24.log)
  al2023:al2023: PASS (48s) (log: /var/www/ci-lustre/upstream-patch-review/648ccb04d8d0238e43facb585410cb686a379f1d_al2023:al2023.log)
  ml-strict:lustre_mainline: FAIL (167s) (log: /var/www/ci-lustre/upstream-patch-review/648ccb04d8d0238e43facb585410cb686a379f1d_ml-strict:lustre_mainline.log)
  ml:lustre_mainline: PASS (177s) (log: /var/www/ci-lustre/upstream-patch-review/648ccb04d8d0238e43facb585410cb686a379f1d_ml:lustre_mainline.log)
  ml-miscvm:lustre_mainline_native: PASS (176s) (log: /var/www/ci-lustre/upstream-patch-review/648ccb04d8d0238e43facb585410cb686a379f1d_ml-miscvm:lustre_mainline_native.log)
  ml-miscvm:boot: PASS (58s) (log: /var/www/ci-lustre/upstream-patch-review/648ccb04d8d0238e43facb585410cb686a379f1d_ml-miscvm:boot.log)
  ml-miscvm:llmount: FAIL (65s) (log: /var/www/ci-lustre/upstream-patch-review/648ccb04d8d0238e43facb585410cb686a379f1d_ml-miscvm:llmount.log)
  ml-miscvm:llog-unit: FAIL (139s) (log: /var/www/ci-lustre/upstream-patch-review/648ccb04d8d0238e43facb585410cb686a379f1d_ml-miscvm:llog-unit.log)
  ml-miscvm:mgs-setup: PASS (70s) (log: /var/www/ci-lustre/upstream-patch-review/648ccb04d8d0238e43facb585410cb686a379f1d_ml-miscvm:mgs-setup.log)
  ml-miscvm:sanity-1: FAIL (68s) (log: /var/www/ci-lustre/upstream-patch-review/648ccb04d8d0238e43facb585410cb686a379f1d_ml-miscvm:sanity-1.log)
  ml-miscvm:sanity-2: FAIL (67s) (log: /var/www/ci-lustre/upstream-patch-review/648ccb04d8d0238e43facb585410cb686a379f1d_ml-miscvm:sanity-2.log)
  ml-miscvm:sanity-3: FAIL (69s) (log: /var/www/ci-lustre/upstream-patch-review/648ccb04d8d0238e43facb585410cb686a379f1d_ml-miscvm:sanity-3.log)
  ml-miscvm:sanity-4: FAIL (72s) (log: /var/www/ci-lustre/upstream-patch-review/648ccb04d8d0238e43facb585410cb686a379f1d_ml-miscvm:sanity-4.log)

Total execution time: 345s

Packed 6631 logs from /var/www/ci-lustre/upstream-patch-review into /home/ktest/ktest/local-site/local_data.js
Open /home/ktest/ktest/local-site/index.html in a browser
