CLI: ./pk --podman-socket unix:///run/podman/podman.sock --shared-filesystem /tmp --tarball-input job lustre-ci --output /var/www/ci-lustre/upstream-patch-review --git-hash 648d3915f97bc9fe05c3e29ca2e18984fde6d479 --change-id 68095_648d3915f97bc9fe05c3e29ca2e18984fde6d479 --subject LU-20605 llapi: build find on the scan record

Environment validated successfully
Note: custom LLVM is not synced in tarball input mode
Creating kernel tarball at /tmp/ktest-kernel.tar.gz...
Creating lustre tarball at /tmp/ktest-lustre.tar.gz...
Creating ZFS tarball at /tmp/ktest-zfs.tar.gz...
Executing 14 jobs
Jobs will start as soon as their dependencies are satisfied
Using tarball input mode

START checkpatch:checkpatch tool checkpatch
START ml-miscvm:lustre_mainline_native build tests/fs/lustre/boot.ktest
START ml:lustre_mainline build tests/fs/lustre/boot.ktest
START ml-strict:lustre_mainline build tests/fs/lustre/boot-strict.ktest
START u24:u24 build tests/fs/lustre/boot.ktest
START al2023:al2023 build tests/fs/lustre/boot.ktest
PUT /tmp/ktest-lustre.tar.gz 1s
PUT /tmp/ktest-lustre.tar.gz 1s
PUT /tmp/ktest-kernel.tar.gz 6s
PUT /tmp/ktest-kernel.tar.gz 7s
PUT /tmp/ktest-kernel.tar.gz 7s
PUT /tmp/ktest-kernel.tar.gz 7s
PUT /tmp/ktest-lustre.tar.gz 0s
PUT /tmp/ktest-lustre.tar.gz 1s
PUT /tmp/ktest-lustre.tar.gz 1s
PUT /tmp/ktest-lustre.tar.gz 1s
PUT /tmp/ktest-zfs.tar.gz 0s
PUT /tmp/ktest-zfs.tar.gz 0s
PUT /tmp/ktest-zfs.tar.gz 0s
END checkpatch:checkpatch tool checkpatch PASS 10s
END u24:u24 build tests/fs/lustre/boot.ktest PASS 36s
END al2023:al2023 build tests/fs/lustre/boot.ktest PASS 44s
GET /tmp/ktest_ml-miscvm:lustre_mainline_native_0au3izyd.tar 0s
END ml-miscvm:lustre_mainline_native build tests/fs/lustre/boot.ktest PASS 139s
START ml-miscvm:boot run tests/fs/lustre/boot.ktest
START ml-miscvm:llmount run tests/fs/lustre/llmount.ktest
START ml-miscvm:llog-unit run tests/fs/lustre/llog-unit.ktest
START ml-miscvm:mgs-setup run tests/fs/lustre/mgs-setup.ktest
START ml-miscvm:sanity-1 run tests/fs/lustre/sanity/sanity-1.ktest
START ml-miscvm:sanity-2 run tests/fs/lustre/sanity/sanity-2.ktest
START ml-miscvm:sanity-3 run tests/fs/lustre/sanity/sanity-3.ktest
START ml-miscvm:sanity-4 run tests/fs/lustre/sanity/sanity-4.ktest
GET /tmp/ktest_ml-strict:lustre_mainline_zq3us5_9.tar 9s
PUT /tmp/ktest-kernel.tar.gz 9s
PUT /tmp/ktest-kernel.tar.gz 9s
END ml-strict:lustre_mainline build tests/fs/lustre/boot-strict.ktest FAIL 151s (exit code: 1)
PUT /tmp/ktest-kernel.tar.gz 11s
PUT /tmp/ktest-kernel.tar.gz 11s
PUT /tmp/ktest-kernel.tar.gz 11s
GET /tmp/ktest_ml:lustre_mainline_5ay11wwu.tar 9s
PUT /tmp/ktest-kernel.tar.gz 12s
PUT /tmp/ktest-kernel.tar.gz 12s
PUT /tmp/ktest-kernel.tar.gz 12s
END ml:lustre_mainline build tests/fs/lustre/boot.ktest PASS 153s
PUT /tmp/ktest-lustre.tar.gz 5s
PUT /tmp/ktest-lustre.tar.gz 4s
PUT /tmp/ktest-lustre.tar.gz 5s
PUT /tmp/ktest-lustre.tar.gz 3s
PUT /tmp/ktest-lustre.tar.gz 3s
PUT /tmp/ktest-lustre.tar.gz 3s
PUT /tmp/ktest-lustre.tar.gz 3s
PUT /tmp/ktest-lustre.tar.gz 3s
PUT /tmp/ktest_ml-miscvm:lustre_mainline_native_0au3izyd.tar 0s
PUT /tmp/ktest_ml-miscvm:lustre_mainline_native_0au3izyd.tar 1s
PUT /tmp/ktest_ml-miscvm:lustre_mainline_native_0au3izyd.tar 0s
PUT /tmp/ktest_ml-miscvm:lustre_mainline_native_0au3izyd.tar 0s
PUT /tmp/ktest_ml-miscvm:lustre_mainline_native_0au3izyd.tar 0s
PUT /tmp/ktest_ml-miscvm:lustre_mainline_native_0au3izyd.tar 0s
PUT /tmp/ktest_ml-miscvm:lustre_mainline_native_0au3izyd.tar 0s
PUT /tmp/ktest_ml-miscvm:lustre_mainline_native_0au3izyd.tar 0s
END ml-miscvm:boot run tests/fs/lustre/boot.ktest PASS 28s
END ml-miscvm:mgs-setup run tests/fs/lustre/mgs-setup.ktest PASS 37s
END ml-miscvm:sanity-2 run tests/fs/lustre/sanity/sanity-2.ktest PASS 65s
END ml-miscvm:sanity-4 run tests/fs/lustre/sanity/sanity-4.ktest PASS 66s
END ml-miscvm:sanity-3 run tests/fs/lustre/sanity/sanity-3.ktest PASS 69s
END ml-miscvm:sanity-1 run tests/fs/lustre/sanity/sanity-1.ktest PASS 77s
END ml-miscvm:llmount run tests/fs/lustre/llmount.ktest PASS 87s
END ml-miscvm:llog-unit run tests/fs/lustre/llog-unit.ktest FAIL 114s (exit code: 1)

============================================================
Final Results:
  checkpatch:checkpatch: PASS (10s) (log: /var/www/ci-lustre/upstream-patch-review/648d3915f97bc9fe05c3e29ca2e18984fde6d479_checkpatch:checkpatch.log)
  u24:u24: PASS (36s) (log: /var/www/ci-lustre/upstream-patch-review/648d3915f97bc9fe05c3e29ca2e18984fde6d479_u24:u24.log)
  al2023:al2023: PASS (44s) (log: /var/www/ci-lustre/upstream-patch-review/648d3915f97bc9fe05c3e29ca2e18984fde6d479_al2023:al2023.log)
  ml-strict:lustre_mainline: FAIL (151s) (log: /var/www/ci-lustre/upstream-patch-review/648d3915f97bc9fe05c3e29ca2e18984fde6d479_ml-strict:lustre_mainline.log)
  ml:lustre_mainline: PASS (153s) (log: /var/www/ci-lustre/upstream-patch-review/648d3915f97bc9fe05c3e29ca2e18984fde6d479_ml:lustre_mainline.log)
  ml-miscvm:lustre_mainline_native: PASS (139s) (log: /var/www/ci-lustre/upstream-patch-review/648d3915f97bc9fe05c3e29ca2e18984fde6d479_ml-miscvm:lustre_mainline_native.log)
  ml-miscvm:boot: PASS (28s) (log: /var/www/ci-lustre/upstream-patch-review/648d3915f97bc9fe05c3e29ca2e18984fde6d479_ml-miscvm:boot.log)
  ml-miscvm:llmount: PASS (87s) (log: /var/www/ci-lustre/upstream-patch-review/648d3915f97bc9fe05c3e29ca2e18984fde6d479_ml-miscvm:llmount.log)
  ml-miscvm:llog-unit: FAIL (114s) (log: /var/www/ci-lustre/upstream-patch-review/648d3915f97bc9fe05c3e29ca2e18984fde6d479_ml-miscvm:llog-unit.log)
  ml-miscvm:mgs-setup: PASS (37s) (log: /var/www/ci-lustre/upstream-patch-review/648d3915f97bc9fe05c3e29ca2e18984fde6d479_ml-miscvm:mgs-setup.log)
  ml-miscvm:sanity-1: PASS (77s) (log: /var/www/ci-lustre/upstream-patch-review/648d3915f97bc9fe05c3e29ca2e18984fde6d479_ml-miscvm:sanity-1.log)
  ml-miscvm:sanity-2: PASS (65s) (log: /var/www/ci-lustre/upstream-patch-review/648d3915f97bc9fe05c3e29ca2e18984fde6d479_ml-miscvm:sanity-2.log)
  ml-miscvm:sanity-3: PASS (69s) (log: /var/www/ci-lustre/upstream-patch-review/648d3915f97bc9fe05c3e29ca2e18984fde6d479_ml-miscvm:sanity-3.log)
  ml-miscvm:sanity-4: PASS (66s) (log: /var/www/ci-lustre/upstream-patch-review/648d3915f97bc9fe05c3e29ca2e18984fde6d479_ml-miscvm:sanity-4.log)

Total execution time: 282s

Packed 16316 logs from /var/www/ci-lustre/upstream-patch-review into /home/ktest/ktest/local-site/local_data.js
Open /home/ktest/ktest/local-site/index.html in a browser
