CLI: ./pk --podman-socket unix:///run/user/1000/podman/podman.sock --shared-filesystem /tmp --tarball-input job lustre-ci --output /var/www/ci-lustre/upstream-patch-review --git-hash 649ed1398f71107944c60269d126ad61517a7d7b --change-id 69506_649ed1398f71107944c60269d126ad61517a7d7b --subject LU-20896 llite: transfer ciphertext for O_CIPHERTEXT DIO

Environment validated successfully
Note: custom LLVM is not synced in tarball input mode
Creating kernel tarball at /tmp/ktest-kernel.tar.gz...
Creating lustre tarball at /tmp/ktest-lustre.tar.gz...
Creating ZFS tarball at /tmp/ktest-zfs.tar.gz...
Executing 14 jobs
Jobs will start as soon as their dependencies are satisfied
Using tarball input mode

START u24:u24 build tests/fs/lustre/boot.ktest
START checkpatch:checkpatch tool checkpatch
START ml:lustre_mainline build tests/fs/lustre/boot.ktest
START ml-miscvm:lustre_mainline_native build tests/fs/lustre/boot.ktest
START al2023:al2023 build tests/fs/lustre/boot.ktest
START ml-strict:lustre_mainline build tests/fs/lustre/boot-strict.ktest
PUT /tmp/ktest-lustre.tar.gz 1s
PUT /tmp/ktest-lustre.tar.gz 2s
PUT /tmp/ktest-kernel.tar.gz 8s
PUT /tmp/ktest-kernel.tar.gz 8s
PUT /tmp/ktest-kernel.tar.gz 8s
PUT /tmp/ktest-kernel.tar.gz 9s
PUT /tmp/ktest-lustre.tar.gz 4s
PUT /tmp/ktest-lustre.tar.gz 4s
PUT /tmp/ktest-lustre.tar.gz 4s
PUT /tmp/ktest-lustre.tar.gz 4s
PUT /tmp/ktest-zfs.tar.gz 0s
PUT /tmp/ktest-zfs.tar.gz 0s
PUT /tmp/ktest-zfs.tar.gz 1s
END checkpatch:checkpatch tool checkpatch PASS 16s
END u24:u24 build tests/fs/lustre/boot.ktest PASS 43s
END al2023:al2023 build tests/fs/lustre/boot.ktest PASS 49s
GET /tmp/ktest_ml:lustre_mainline__3gct68t.tar 0s
END ml:lustre_mainline build tests/fs/lustre/boot.ktest PASS 160s
GET /tmp/ktest_ml-strict:lustre_mainline_w9xv3rxq.tar 5s
END ml-strict:lustre_mainline build tests/fs/lustre/boot-strict.ktest FAIL 178s (exit code: 1)
GET /tmp/ktest_ml-miscvm:lustre_mainline_native_murzwnmm.tar 2s
END ml-miscvm:lustre_mainline_native build tests/fs/lustre/boot.ktest PASS 180s
START ml-miscvm:boot run tests/fs/lustre/boot.ktest
START ml-miscvm:llmount run tests/fs/lustre/llmount.ktest
START ml-miscvm:llog-unit run tests/fs/lustre/llog-unit.ktest
START ml-miscvm:mgs-setup run tests/fs/lustre/mgs-setup.ktest
START ml-miscvm:sanity-1 run tests/fs/lustre/sanity/sanity-1.ktest
START ml-miscvm:sanity-2 run tests/fs/lustre/sanity/sanity-2.ktest
START ml-miscvm:sanity-3 run tests/fs/lustre/sanity/sanity-3.ktest
START ml-miscvm:sanity-4 run tests/fs/lustre/sanity/sanity-4.ktest
PUT /tmp/ktest-kernel.tar.gz 55s
PUT /tmp/ktest-kernel.tar.gz 55s
PUT /tmp/ktest-kernel.tar.gz 55s
PUT /tmp/ktest-kernel.tar.gz 55s
PUT /tmp/ktest-kernel.tar.gz 55s
PUT /tmp/ktest-kernel.tar.gz 56s
PUT /tmp/ktest-kernel.tar.gz 56s
PUT /tmp/ktest-kernel.tar.gz 56s
PUT /tmp/ktest-lustre.tar.gz 14s
PUT /tmp/ktest-lustre.tar.gz 15s
PUT /tmp/ktest-lustre.tar.gz 14s
PUT /tmp/ktest-lustre.tar.gz 14s
PUT /tmp/ktest-lustre.tar.gz 14s
PUT /tmp/ktest-lustre.tar.gz 14s
PUT /tmp/ktest-lustre.tar.gz 14s
PUT /tmp/ktest-lustre.tar.gz 14s
PUT /tmp/ktest_ml-miscvm:lustre_mainline_native_murzwnmm.tar 2s
PUT /tmp/ktest_ml-miscvm:lustre_mainline_native_murzwnmm.tar 2s
PUT /tmp/ktest_ml-miscvm:lustre_mainline_native_murzwnmm.tar 2s
PUT /tmp/ktest_ml-miscvm:lustre_mainline_native_murzwnmm.tar 2s
PUT /tmp/ktest_ml-miscvm:lustre_mainline_native_murzwnmm.tar 2s
PUT /tmp/ktest_ml-miscvm:lustre_mainline_native_murzwnmm.tar 3s
PUT /tmp/ktest_ml-miscvm:lustre_mainline_native_murzwnmm.tar 2s
PUT /tmp/ktest_ml-miscvm:lustre_mainline_native_murzwnmm.tar 2s
END ml-miscvm:boot run tests/fs/lustre/boot.ktest PASS 85s
END ml-miscvm:mgs-setup run tests/fs/lustre/mgs-setup.ktest PASS 96s
END ml-miscvm:sanity-1 run tests/fs/lustre/sanity/sanity-1.ktest PASS 124s
END ml-miscvm:sanity-2 run tests/fs/lustre/sanity/sanity-2.ktest PASS 126s
END ml-miscvm:sanity-4 run tests/fs/lustre/sanity/sanity-4.ktest PASS 128s
END ml-miscvm:sanity-3 run tests/fs/lustre/sanity/sanity-3.ktest PASS 129s
END ml-miscvm:llmount run tests/fs/lustre/llmount.ktest PASS 133s
END ml-miscvm:llog-unit run tests/fs/lustre/llog-unit.ktest FAIL 172s (exit code: 1)

============================================================
Final Results:
  checkpatch:checkpatch: PASS (16s) (log: /var/www/ci-lustre/upstream-patch-review/649ed1398f71107944c60269d126ad61517a7d7b_checkpatch:checkpatch.log)
  u24:u24: PASS (43s) (log: /var/www/ci-lustre/upstream-patch-review/649ed1398f71107944c60269d126ad61517a7d7b_u24:u24.log)
  al2023:al2023: PASS (49s) (log: /var/www/ci-lustre/upstream-patch-review/649ed1398f71107944c60269d126ad61517a7d7b_al2023:al2023.log)
  ml-strict:lustre_mainline: FAIL (178s) (log: /var/www/ci-lustre/upstream-patch-review/649ed1398f71107944c60269d126ad61517a7d7b_ml-strict:lustre_mainline.log)
  ml:lustre_mainline: PASS (160s) (log: /var/www/ci-lustre/upstream-patch-review/649ed1398f71107944c60269d126ad61517a7d7b_ml:lustre_mainline.log)
  ml-miscvm:lustre_mainline_native: PASS (180s) (log: /var/www/ci-lustre/upstream-patch-review/649ed1398f71107944c60269d126ad61517a7d7b_ml-miscvm:lustre_mainline_native.log)
  ml-miscvm:boot: PASS (85s) (log: /var/www/ci-lustre/upstream-patch-review/649ed1398f71107944c60269d126ad61517a7d7b_ml-miscvm:boot.log)
  ml-miscvm:llmount: PASS (133s) (log: /var/www/ci-lustre/upstream-patch-review/649ed1398f71107944c60269d126ad61517a7d7b_ml-miscvm:llmount.log)
  ml-miscvm:llog-unit: FAIL (172s) (log: /var/www/ci-lustre/upstream-patch-review/649ed1398f71107944c60269d126ad61517a7d7b_ml-miscvm:llog-unit.log)
  ml-miscvm:mgs-setup: PASS (96s) (log: /var/www/ci-lustre/upstream-patch-review/649ed1398f71107944c60269d126ad61517a7d7b_ml-miscvm:mgs-setup.log)
  ml-miscvm:sanity-1: PASS (124s) (log: /var/www/ci-lustre/upstream-patch-review/649ed1398f71107944c60269d126ad61517a7d7b_ml-miscvm:sanity-1.log)
  ml-miscvm:sanity-2: PASS (126s) (log: /var/www/ci-lustre/upstream-patch-review/649ed1398f71107944c60269d126ad61517a7d7b_ml-miscvm:sanity-2.log)
  ml-miscvm:sanity-3: PASS (129s) (log: /var/www/ci-lustre/upstream-patch-review/649ed1398f71107944c60269d126ad61517a7d7b_ml-miscvm:sanity-3.log)
  ml-miscvm:sanity-4: PASS (128s) (log: /var/www/ci-lustre/upstream-patch-review/649ed1398f71107944c60269d126ad61517a7d7b_ml-miscvm:sanity-4.log)

Total execution time: 383s

Packed 7516 logs from /var/www/ci-lustre/upstream-patch-review into /home/ktest/ktest/local-site/local_data.js
Open /home/ktest/ktest/local-site/index.html in a browser
