CLI: ./pk --podman-socket unix:///run/podman/podman.sock --shared-filesystem /tmp --tarball-input job lustre-ci --output /var/www/ci-lustre/upstream-patch-review --git-hash 64e6682d7385e1a79095477992ea83a0df08b4c8 --change-id 66941_64e6682d7385e1a79095477992ea83a0df08b4c8 --subject LU-9633 obdclass: Add kernel doc style for obdclass (12)

Environment validated successfully
Note: custom LLVM is not synced in tarball input mode
Creating kernel tarball at /tmp/ktest-kernel.tar.gz...
Creating lustre tarball at /tmp/ktest-lustre.tar.gz...
Creating ZFS tarball at /tmp/ktest-zfs.tar.gz...
Executing 14 jobs
Jobs will start as soon as their dependencies are satisfied
Using tarball input mode

START al2023:al2023 build tests/fs/lustre/boot.ktest
START checkpatch:checkpatch tool checkpatch
START ml-miscvm:lustre_mainline_native build tests/fs/lustre/boot.ktest
START u24:u24 build tests/fs/lustre/boot.ktest
START ml:lustre_mainline build tests/fs/lustre/boot.ktest
START ml-strict:lustre_mainline build tests/fs/lustre/boot-strict.ktest
PUT /tmp/ktest-lustre.tar.gz 1s
PUT /tmp/ktest-lustre.tar.gz 1s
PUT /tmp/ktest-kernel.tar.gz 7s
PUT /tmp/ktest-kernel.tar.gz 7s
PUT /tmp/ktest-kernel.tar.gz 7s
PUT /tmp/ktest-kernel.tar.gz 7s
PUT /tmp/ktest-lustre.tar.gz 1s
PUT /tmp/ktest-lustre.tar.gz 1s
PUT /tmp/ktest-lustre.tar.gz 1s
PUT /tmp/ktest-lustre.tar.gz 1s
PUT /tmp/ktest-zfs.tar.gz 0s
PUT /tmp/ktest-zfs.tar.gz 0s
PUT /tmp/ktest-zfs.tar.gz 0s
END checkpatch:checkpatch tool checkpatch PASS 10s
END al2023:al2023 build tests/fs/lustre/boot.ktest PASS 51s
END u24:u24 build tests/fs/lustre/boot.ktest PASS 53s
GET /tmp/ktest_ml-strict:lustre_mainline_cgwa2rkv.tar 5s
END ml-strict:lustre_mainline build tests/fs/lustre/boot-strict.ktest FAIL 164s (exit code: 1)
GET /tmp/ktest_ml:lustre_mainline_unfyqejz.tar 1s
GET /tmp/ktest_ml-miscvm:lustre_mainline_native_3pe49mu3.tar 0s
END ml:lustre_mainline build tests/fs/lustre/boot.ktest PASS 165s
END ml-miscvm:lustre_mainline_native build tests/fs/lustre/boot.ktest PASS 166s
START ml-miscvm:boot run tests/fs/lustre/boot.ktest
START ml-miscvm:llmount run tests/fs/lustre/llmount.ktest
START ml-miscvm:llog-unit run tests/fs/lustre/llog-unit.ktest
START ml-miscvm:mgs-setup run tests/fs/lustre/mgs-setup.ktest
START ml-miscvm:sanity-1 run tests/fs/lustre/sanity/sanity-1.ktest
START ml-miscvm:sanity-2 run tests/fs/lustre/sanity/sanity-2.ktest
START ml-miscvm:sanity-3 run tests/fs/lustre/sanity/sanity-3.ktest
START ml-miscvm:sanity-4 run tests/fs/lustre/sanity/sanity-4.ktest
PUT /tmp/ktest-kernel.tar.gz 14s
PUT /tmp/ktest-kernel.tar.gz 14s
PUT /tmp/ktest-kernel.tar.gz 14s
PUT /tmp/ktest-kernel.tar.gz 15s
PUT /tmp/ktest-kernel.tar.gz 15s
PUT /tmp/ktest-kernel.tar.gz 15s
PUT /tmp/ktest-kernel.tar.gz 15s
PUT /tmp/ktest-kernel.tar.gz 15s
PUT /tmp/ktest-lustre.tar.gz 4s
PUT /tmp/ktest-lustre.tar.gz 3s
PUT /tmp/ktest-lustre.tar.gz 4s
PUT /tmp/ktest-lustre.tar.gz 3s
PUT /tmp/ktest-lustre.tar.gz 3s
PUT /tmp/ktest-lustre.tar.gz 3s
PUT /tmp/ktest-lustre.tar.gz 4s
PUT /tmp/ktest-lustre.tar.gz 3s
PUT /tmp/ktest_ml-miscvm:lustre_mainline_native_3pe49mu3.tar 0s
PUT /tmp/ktest_ml-miscvm:lustre_mainline_native_3pe49mu3.tar 0s
PUT /tmp/ktest_ml-miscvm:lustre_mainline_native_3pe49mu3.tar 0s
PUT /tmp/ktest_ml-miscvm:lustre_mainline_native_3pe49mu3.tar 0s
PUT /tmp/ktest_ml-miscvm:lustre_mainline_native_3pe49mu3.tar 0s
PUT /tmp/ktest_ml-miscvm:lustre_mainline_native_3pe49mu3.tar 0s
PUT /tmp/ktest_ml-miscvm:lustre_mainline_native_3pe49mu3.tar 0s
PUT /tmp/ktest_ml-miscvm:lustre_mainline_native_3pe49mu3.tar 0s
END ml-miscvm:boot run tests/fs/lustre/boot.ktest PASS 53s
END ml-miscvm:mgs-setup run tests/fs/lustre/mgs-setup.ktest PASS 96s
END ml-miscvm:sanity-1 run tests/fs/lustre/sanity/sanity-1.ktest PASS 103s
END ml-miscvm:sanity-4 run tests/fs/lustre/sanity/sanity-4.ktest PASS 104s
END ml-miscvm:llmount run tests/fs/lustre/llmount.ktest PASS 105s
END ml-miscvm:sanity-3 run tests/fs/lustre/sanity/sanity-3.ktest PASS 106s
END ml-miscvm:sanity-2 run tests/fs/lustre/sanity/sanity-2.ktest PASS 108s
END ml-miscvm:llog-unit run tests/fs/lustre/llog-unit.ktest FAIL 166s (exit code: 1)

============================================================
Final Results:
  checkpatch:checkpatch: PASS (10s) (log: /var/www/ci-lustre/upstream-patch-review/64e6682d7385e1a79095477992ea83a0df08b4c8_checkpatch:checkpatch.log)
  u24:u24: PASS (53s) (log: /var/www/ci-lustre/upstream-patch-review/64e6682d7385e1a79095477992ea83a0df08b4c8_u24:u24.log)
  al2023:al2023: PASS (51s) (log: /var/www/ci-lustre/upstream-patch-review/64e6682d7385e1a79095477992ea83a0df08b4c8_al2023:al2023.log)
  ml-strict:lustre_mainline: FAIL (164s) (log: /var/www/ci-lustre/upstream-patch-review/64e6682d7385e1a79095477992ea83a0df08b4c8_ml-strict:lustre_mainline.log)
  ml:lustre_mainline: PASS (165s) (log: /var/www/ci-lustre/upstream-patch-review/64e6682d7385e1a79095477992ea83a0df08b4c8_ml:lustre_mainline.log)
  ml-miscvm:lustre_mainline_native: PASS (166s) (log: /var/www/ci-lustre/upstream-patch-review/64e6682d7385e1a79095477992ea83a0df08b4c8_ml-miscvm:lustre_mainline_native.log)
  ml-miscvm:boot: PASS (53s) (log: /var/www/ci-lustre/upstream-patch-review/64e6682d7385e1a79095477992ea83a0df08b4c8_ml-miscvm:boot.log)
  ml-miscvm:llmount: PASS (105s) (log: /var/www/ci-lustre/upstream-patch-review/64e6682d7385e1a79095477992ea83a0df08b4c8_ml-miscvm:llmount.log)
  ml-miscvm:llog-unit: FAIL (166s) (log: /var/www/ci-lustre/upstream-patch-review/64e6682d7385e1a79095477992ea83a0df08b4c8_ml-miscvm:llog-unit.log)
  ml-miscvm:mgs-setup: PASS (96s) (log: /var/www/ci-lustre/upstream-patch-review/64e6682d7385e1a79095477992ea83a0df08b4c8_ml-miscvm:mgs-setup.log)
  ml-miscvm:sanity-1: PASS (103s) (log: /var/www/ci-lustre/upstream-patch-review/64e6682d7385e1a79095477992ea83a0df08b4c8_ml-miscvm:sanity-1.log)
  ml-miscvm:sanity-2: PASS (108s) (log: /var/www/ci-lustre/upstream-patch-review/64e6682d7385e1a79095477992ea83a0df08b4c8_ml-miscvm:sanity-2.log)
  ml-miscvm:sanity-3: PASS (106s) (log: /var/www/ci-lustre/upstream-patch-review/64e6682d7385e1a79095477992ea83a0df08b4c8_ml-miscvm:sanity-3.log)
  ml-miscvm:sanity-4: PASS (104s) (log: /var/www/ci-lustre/upstream-patch-review/64e6682d7385e1a79095477992ea83a0df08b4c8_ml-miscvm:sanity-4.log)

Total execution time: 362s
