WARNING:FILE_PATH_CHANGES: added, moved or deleted file(s), does MAINTAINERS need updating?
#2: 
new file mode 100644

WARNING:ENOTSUPP: ENOTSUPP is not a SUSV4 error code, prefer EOPNOTSUPP
#613: FILE: lustre/osp/osp_sync.c:1171:
+	bool unsupported = (rc == -ENOTSUPP || rc == -EOPNOTSUPP) &&

WARNING:VSPRINTF_SPECIFIER_PX: Using vsprintf specifier '%px' potentially exposes the kernel memory layout, if you don't really need the address please consider using '%p'.
#907: FILE: lustre/osp/osp_sync.c:1465:
+	CDEBUG(D_OTHER, "%s: timer fire batch %px count %d\n",
+	       d->opd_obd->obd_name, d->opd_sync_batch,
+	       d->opd_sync_batch_count);

WARNING:ENOTSUPP: ENOTSUPP is not a SUSV4 error code, prefer EOPNOTSUPP
#1901: FILE: lustre/target/out_lib.c:1372:
+	       dt_obd_name(th->th_dev), -ENOTSUPP);

WARNING:ENOTSUPP: ENOTSUPP is not a SUSV4 error code, prefer EOPNOTSUPP
#1902: FILE: lustre/target/out_lib.c:1373:
+	return -ENOTSUPP;

WARNING:ENOTSUPP: ENOTSUPP is not a SUSV4 error code, prefer EOPNOTSUPP
#2007: FILE: lustre/target/out_lib.c:1478:
+	       dt_obd_name(th->th_dev), -ENOTSUPP);

WARNING:ENOTSUPP: ENOTSUPP is not a SUSV4 error code, prefer EOPNOTSUPP
#2008: FILE: lustre/target/out_lib.c:1479:
+	return -ENOTSUPP;

WARNING:LONG_LINE_STRING: line length of 104 exceeds 100 columns
#2200: FILE: lustre/tests/test-framework.sh:3994:
+		changes=$(do_node $node "$LCTL get_param -n osc.*MDT*.sync_in* osc.*MDT*.sync_changes" \

total: 0 errors, 8 warnings, 2121 lines checked

NOTE: For some of the reported defects, checkpatch may be able to
      mechanically convert to the typical style using --fix or --fix-inplace.

Your patch has style problems, please review.

NOTE: If any of the errors are false positives, please report
      them to the maintainer, see CHECKPATCH in MAINTAINERS.
