WARNING:FILE_PATH_CHANGES: added, moved or deleted file(s), does MAINTAINERS need updating?
#51: 
new file mode 100644

WARNING:LONG_LINE_STRING: line length of 114 exceeds 100 columns
#1252: FILE: lustre/ptlrpc/nrs_class.c:267:
+	libcfs_debug_msg(data, "%s.%d NRS: %pV: class@%p key %s rule@0x%p gen %llu seq %llu state 0x%lx ref %u\n",

WARNING:BLOCK_COMMENT_STYLE: Block comments use a trailing */ on a separate line
#1283: FILE: lustre/ptlrpc/nrs_class.c:298:
+	 * in most case. Should they be removed? */

WARNING:IF_0: Consider removing the code enclosed by this #if 0 and its #endif
#1299: FILE: lustre/ptlrpc/nrs_class.c:314:
+#if 0

WARNING:IF_0: Consider removing the code enclosed by this #if 0 and its #endif
#1320: FILE: lustre/ptlrpc/nrs_class.c:335:
+#if 0

WARNING:LONG_LINE_STRING: line length of 113 exceeds 100 columns
#2435: FILE: lustre/ptlrpc/nrs_class.c:1450:
+				CERROR("NRS: key allow: no more than %d allowed classification types: rc = %d\n",

WARNING:LONG_LINE_STRING: line length of 134 exceeds 100 columns
#2564: FILE: lustre/ptlrpc/nrs_class.c:1579:
+					CERROR("NRS: the default type %s needs one of the %d allowed classification types: rc = %d\n",

WARNING:LINE_SPACING: Missing a blank line after declarations
#3855: FILE: lustre/ptlrpc/nrs_class.c:2870:
+	int rc = 0;
+	ENTRY;

WARNING:PREFER_SEQ_PUTS: Prefer seq_puts to seq_printf
#4348: FILE: lustre/ptlrpc/nrs_class.c:3363:
+	seq_printf(m, "regular_requests:\n");

WARNING:PREFER_SEQ_PUTS: Prefer seq_puts to seq_printf
#4378: FILE: lustre/ptlrpc/nrs_class.c:3393:
+	seq_printf(m, "high_priority_requests:\n");

WARNING:PREFER_SEQ_PUTS: Prefer seq_puts to seq_printf
#4554: FILE: lustre/ptlrpc/nrs_class.c:3569:
+	seq_printf(m, "regular_allowed_types:\n");

WARNING:PREFER_SEQ_PUTS: Prefer seq_puts to seq_printf
#4574: FILE: lustre/ptlrpc/nrs_class.c:3589:
+	seq_printf(m, "high_priority_allowed_types:\n");

total: 0 errors, 12 warnings, 9031 lines checked

NOTE: For some of the reported defects, checkpatch may be able to
      mechanically convert to the typical style using --fix or --fix-inplace.

Your patch has style problems, please review.

NOTE: If any of the errors are false positives, please report
      them to the maintainer, see CHECKPATCH in MAINTAINERS.
