00001 
00002 init: failed to load nvme_core
00002 init: failed to load nvme
00002 init: failed to load zfs
00003 LNetError: 1:0:(lib-socket.c:619:lnet_inet_enumerate()) lnet: Can't find any usable interfaces, rc = -ENOENT
00003 LNetError: Error -100 starting up LNI tcp
00003 LustreError: 1:0:(events.c:627:ptlrpc_init_portals()) network initialisation failed: rc = -100
00004 init: finit_module /lib/modules/7.0.0-ktest-6751ddb-6330a45-20260820-dirty/updates/ptlrpc.ko: Network is down
00004 init: failed to load lustre
00004 init: failed to load osd_zfs
00004 init: failed to load iwlwifi
00004 init: failed to load iwlmvm
00004 init: failed to load mt7921e
00004 init: failed to load i915
00004 init: failed to load nouveau
00007 Kernel version: 7.0.0-ktest-6751ddb-6330a45-20260820-dirty
00007 hook init_noop
00007 
00007 Running tests llmount
00007 
00007 ========= TEST   llmount
00011 SETUP LUSTRE ... LNet: Added LNI 10.0.2.15@tcp [8/256/0/180]
00012 Lustre: Echo OBD driver; http://www.lustre.org/
00012 Lustre: 1878:0:(mdt_handler.c:64:mdt_max_mod_rpcs_per_client_set()) max_mod_rpcs_per_client is deprecated, set mdt.*.max_mod_rpcs_in_flight parameter instead
00012 Lustre: ctl-lustre-MDT0000: No data found on store. Initialize space.
00012 Lustre: lustre-MDT0000: new disk, initializing
00013 Lustre: lustre-MDT0000: Imperative Recovery not enabled, recovery window 300-900
00013 Lustre: ctl-lustre-MDT0000: super-sequence allocation rc = 0 [0x0000000200000400-0x0000000240000400]:0:mdt
00013 Lustre: cli-ctl-lustre-MDT0001: Allocated super-sequence [0x0000000240000400-0x0000000280000400]:1:mdt]
00018 Lustre: ctl-lustre-MDT0000: super-sequence allocation rc = 0 [0x0000000280000400-0x00000002c0000400]:0:ost
00018 Lustre: Skipped 1 previous similar message
00018 Lustre: cli-lustre-OST0000-super: Allocated super-sequence [0x0000000280000400-0x00000002c0000400]:0:ost]
00018 Lustre: lustre-OST0000-osc-MDT0000: update sequence from 0x100000000 to 0x280000401
00018 Lustre: lustre-OST0001-osc-MDT0000: update sequence from 0x100010000 to 0x2c0000401
00037 Lustre: lustre-MDT0000: local client ae0f3e80-7fe2-4527-bd0c-ee9c0465bef5 w/o recovery
00037 Lustre: Skipped 1 previous similar message
00037 Lustre: client wants to enable acl, but mdt not!
00037 Lustre: Mounted lustre-client - version 2.17.57
00037 lustre-ktest (1859) used greatest stack depth: 23648 bytes left
00037 30s
00047 CLEANUP LUSTRE ... Lustre: Unmounted lustre-client
00047 Lustre: server umount lustre-OST0000 complete
00047 Lustre: server umount lustre-OST0001 complete
00048 LustreError: lustre-MDT0001-osp-MDT0000: operation mds_statfs to node 0@lo failed: rc = -107
00048 Lustre: lustre-MDT0001-osp-MDT0000: Connection to lustre-MDT0001 (at 0@lo) was lost; in progress operations using this service will wait for recovery to complete
00048 Lustre: lustre-MDT0001: Not available for connect from 0@lo (stopping)
00057 Lustre: server umount lustre-MDT0001 complete
00066 Lustre: server umount lustre-MDT0000 complete
00066 20s
00067 
00067 ========= PASSED llmount in 60s
00067 
00067 Passed: llmount
00067 Failed: 
00067 NOTICE: Automounting of tracing to debugfs is deprecated and will be removed in 2030
00067 Kernel version: 7.0.0-ktest-6751ddb-6330a45-20260820-dirty
00067 TEST SUCCESS
