00001 
00002 init: failed to load nvme_core
00002 init: failed to load nvme
00002 init: failed to load zfs
00003 LNetError: 1:0:(lib-socket.c:619:lnet_inet_enumerate()) lnet: Can't find any usable interfaces, rc = -ENOENT
00003 LNetError: Error -100 starting up LNI tcp
00003 LustreError: 1:0:(events.c:627:ptlrpc_init_portals()) network initialisation failed: rc = -100
00004 init: finit_module /lib/modules/7.0.0-ktest-67a826c-6330a45-20260814-dirty/updates/ptlrpc.ko: Network is down
00004 init: failed to load lustre
00004 init: failed to load osd_zfs
00004 init: failed to load iwlwifi
00004 init: failed to load iwlmvm
00004 init: failed to load mt7921e
00004 init: failed to load i915
00004 init: failed to load nouveau
00007 tlp: vm.laptop_mode is deprecated. Ignoring setting.
00007 Kernel version: 7.0.0-ktest-67a826c-6330a45-20260814-dirty
00008 hook init_noop
00008 
00008 Running tests llmount
00008 
00008 ========= TEST   llmount
00011 SETUP LUSTRE ... LNet: Added LNI 10.0.2.15@tcp [8/256/0/180]
00013 Lustre: Echo OBD driver; http://www.lustre.org/
00013 Lustre: 1902:0:(mdt_handler.c:64:mdt_max_mod_rpcs_per_client_set()) max_mod_rpcs_per_client is deprecated, set mdt.*.max_mod_rpcs_in_flight parameter instead
00013 Lustre: ctl-lustre-MDT0000: No data found on store. Initialize space.
00013 Lustre: lustre-MDT0000: new disk, initializing
00013 Lustre: lustre-MDT0000: Imperative Recovery not enabled, recovery window 300-900
00013 Lustre: ctl-lustre-MDT0000: super-sequence allocation rc = 0 [0x0000000200000400-0x0000000240000400]:0:mdt
00013 Lustre: cli-ctl-lustre-MDT0001: Allocated super-sequence [0x0000000240000400-0x0000000280000400]:1:mdt]
00013 LustreError: 1908:0:(osd_dirent.c:113:osd_index_dir_insert()) lustre-MDT0000: lookup [0x240000400:0x2:0x0] from icache failed: rc=-22
00013 Lustre: 1908:0:(out_handler.c:886:out_tx_end()) lustre-MDT0000-osd: error during execution of #0 from lustre/ptlrpc/../target/out_handler.c:535: rc = -22
00013 LustreError: 1952:0:(mdt_handler.c:8434:mdt_trash_setup_thread()) lustre-MDT0001: Trash dir setup failed: rc = -22
00014 LustreError: 1944:0:(osd_dirent.c:113:osd_index_dir_insert()) lustre-MDT0000: lookup [0x240000400:0xb1:0x0] from icache failed: rc=-22
00014 LustreError: 1944:0:(osd_dirent.c:113:osd_index_dir_insert()) Skipped 172 previous similar messages
00014 Lustre: 1944:0:(out_handler.c:886:out_tx_end()) lustre-MDT0000-osd: error during execution of #0 from lustre/ptlrpc/../target/out_handler.c:535: rc = -22
00014 Lustre: 1944:0:(out_handler.c:886:out_tx_end()) Skipped 172 previous similar messages
00014 LustreError: 1952:0:(mdt_handler.c:8434:mdt_trash_setup_thread()) lustre-MDT0001: Trash dir setup failed: rc = -22
00014 LustreError: 1952:0:(mdt_handler.c:8434:mdt_trash_setup_thread()) Skipped 172 previous similar messages
00015 LustreError: 1986:0:(osd_dirent.c:113:osd_index_dir_insert()) lustre-MDT0000: lookup [0x240000400:0x214:0x0] from icache failed: rc=-22
00015 LustreError: 1986:0:(osd_dirent.c:113:osd_index_dir_insert()) Skipped 354 previous similar messages
00015 Lustre: 1986:0:(out_handler.c:886:out_tx_end()) lustre-MDT0000-osd: error during execution of #0 from lustre/ptlrpc/../target/out_handler.c:535: rc = -22
00015 Lustre: 1986:0:(out_handler.c:886:out_tx_end()) Skipped 354 previous similar messages
00015 LustreError: 1952:0:(mdt_handler.c:8434:mdt_trash_setup_thread()) lustre-MDT0001: Trash dir setup failed: rc = -22
00015 LustreError: 1952:0:(mdt_handler.c:8434:mdt_trash_setup_thread()) Skipped 354 previous similar messages
00017 LustreError: 1964:0:(osd_dirent.c:113:osd_index_dir_insert()) lustre-MDT0000: lookup [0x240000400:0x4e6:0x0] from icache failed: rc=-22
00017 LustreError: 1964:0:(osd_dirent.c:113:osd_index_dir_insert()) Skipped 721 previous similar messages
00017 Lustre: 1964:0:(out_handler.c:886:out_tx_end()) lustre-MDT0000-osd: error during execution of #0 from lustre/ptlrpc/../target/out_handler.c:535: rc = -22
00017 Lustre: 1964:0:(out_handler.c:886:out_tx_end()) Skipped 721 previous similar messages
00017 LustreError: 1952:0:(mdt_handler.c:8434:mdt_trash_setup_thread()) lustre-MDT0001: Trash dir setup failed: rc = -22
00017 LustreError: 1952:0:(mdt_handler.c:8434:mdt_trash_setup_thread()) Skipped 721 previous similar messages
00021 LustreError: 1909:0:(osd_dirent.c:113:osd_index_dir_insert()) lustre-MDT0000: lookup [0x240000400:0xaac:0x0] from icache failed: rc=-22
00021 LustreError: 1909:0:(osd_dirent.c:113:osd_index_dir_insert()) Skipped 1476 previous similar messages
00021 Lustre: 1909:0:(out_handler.c:886:out_tx_end()) lustre-MDT0000-osd: error during execution of #0 from lustre/ptlrpc/../target/out_handler.c:535: rc = -22
00021 Lustre: 1909:0:(out_handler.c:886:out_tx_end()) Skipped 1476 previous similar messages
00021 LustreError: 1952:0:(mdt_handler.c:8434:mdt_trash_setup_thread()) lustre-MDT0001: Trash dir setup failed: rc = -22
00021 LustreError: 1952:0:(mdt_handler.c:8434:mdt_trash_setup_thread()) Skipped 1476 previous similar messages
00022 Lustre: ctl-lustre-MDT0000: super-sequence allocation rc = 0 [0x0000000280000400-0x00000002c0000400]:0:ost
00022 Lustre: Skipped 1 previous similar message
00022 Lustre: cli-lustre-OST0000-super: Allocated super-sequence [0x0000000280000400-0x00000002c0000400]:0:ost]
00022 Lustre: lustre-OST0000-osc-MDT0000: update sequence from 0x100000000 to 0x280000401
00022 Lustre: lustre-OST0001-osc-MDT0000: update sequence from 0x100010000 to 0x2c0000401
00027 Lustre: lustre-MDT0000: local client 06e68a1b-ed5d-471f-a227-d623ce3a25f3 w/o recovery
00027 Lustre: Skipped 1 previous similar message
00027 Lustre: client wants to enable acl, but mdt not!
00027 Lustre: Mounted lustre-client - version 2.17.57
00027 lustre-ktest (1883) used greatest stack depth: 23648 bytes left
00027 20s
00029 LustreError: 1964:0:(osd_dirent.c:113:osd_index_dir_insert()) lustre-MDT0000: lookup [0x240000400:0x1603:0x0] from icache failed: rc=-22
00029 LustreError: 1964:0:(osd_dirent.c:113:osd_index_dir_insert()) Skipped 2901 previous similar messages
00029 Lustre: 1964:0:(out_handler.c:886:out_tx_end()) lustre-MDT0000-osd: error during execution of #0 from lustre/ptlrpc/../target/out_handler.c:535: rc = -22
00029 Lustre: 1964:0:(out_handler.c:886:out_tx_end()) Skipped 2901 previous similar messages
00029 LustreError: 1952:0:(mdt_handler.c:8434:mdt_trash_setup_thread()) lustre-MDT0001: Trash dir setup failed: rc = -22
00029 LustreError: 1952:0:(mdt_handler.c:8434:mdt_trash_setup_thread()) Skipped 2901 previous similar messages
00037 CLEANUP LUSTRE ... Lustre: Unmounted lustre-client
00038 Lustre: server umount lustre-OST0000 complete
00038 Lustre: server umount lustre-OST0001 complete
00038 LustreError: 1952:0:(osp_object.c:618:osp_attr_get()) lustre-MDT0000-osp-MDT0001: osp_attr_get update error [0x200000002:0x4:0x0]: rc = -108
00038 LustreError: 1952:0:(client.c:1381:ptlrpc_import_delay_req()) @@@ IMP_CLOSED  req@0000000041b7e612 x1873527347972608/t0(0) o1000->lustre-MDT0000-osp-MDT0001@0@lo:24/4 lens 304/4320 e 0 to 0 dl 0 ref 2 fl Rpc:QU/200/ffffffff rc 0/-1 job:'' uid:0 gid:0 projid:4294967295
00042 LustreError: lustre-MDT0001-osp-MDT0000: operation mds_statfs to node 0@lo failed: rc = -107
00042 Lustre: lustre-MDT0001-osp-MDT0000: Connection to lustre-MDT0001 (at 0@lo) was lost; in progress operations using this service will wait for recovery to complete
00042 Lustre: lustre-MDT0001: Not available for connect from 0@lo (stopping)
00047 Lustre: server umount lustre-MDT0001 complete
00058 Lustre: server umount lustre-MDT0000 complete
00058 21s
00058 
00058 ========= PASSED llmount in 51s
00058 
00058 Passed: llmount
00058 Failed: 
00058 NOTICE: Automounting of tracing to debugfs is deprecated and will be removed in 2030
00058 Kernel version: 7.0.0-ktest-67a826c-6330a45-20260814-dirty
00058 TEST SUCCESS
