CLI: ./pk --podman-socket unix:///run/user/1000/podman/podman.sock --shared-filesystem /tmp --tarball-input job lustre-ci --output /var/www/ci-lustre/upstream-patch-review --git-hash 68414988f314b62fb860245d12a2e79f7b9c9921 --change-id 54749_68414988f314b62fb860245d12a2e79f7b9c9921 --subject LU-17740 mds: remove user_xattr,acl MDT options

Environment validated successfully
Note: custom LLVM is not synced in tarball input mode
Creating kernel tarball at /tmp/ktest-kernel.tar.gz...
Creating lustre tarball at /tmp/ktest-lustre.tar.gz...
Creating ZFS tarball at /tmp/ktest-zfs.tar.gz...
Executing 14 jobs
Jobs will start as soon as their dependencies are satisfied
Using tarball input mode

START ml:lustre_mainline build tests/fs/lustre/boot.ktest
START u24:u24 build tests/fs/lustre/boot.ktest
START al2023:al2023 build tests/fs/lustre/boot.ktest
START ml-miscvm:lustre_mainline_native build tests/fs/lustre/boot.ktest
START ml-strict:lustre_mainline build tests/fs/lustre/boot-strict.ktest
START checkpatch:checkpatch tool checkpatch
PUT /tmp/ktest-lustre.tar.gz 1s
PUT /tmp/ktest-lustre.tar.gz 2s
PUT /tmp/ktest-kernel.tar.gz 9s
PUT /tmp/ktest-kernel.tar.gz 9s
PUT /tmp/ktest-kernel.tar.gz 9s
PUT /tmp/ktest-kernel.tar.gz 9s
PUT /tmp/ktest-lustre.tar.gz 7s
PUT /tmp/ktest-lustre.tar.gz 7s
PUT /tmp/ktest-lustre.tar.gz 6s
PUT /tmp/ktest-lustre.tar.gz 6s
PUT /tmp/ktest-zfs.tar.gz 1s
PUT /tmp/ktest-zfs.tar.gz 1s
PUT /tmp/ktest-zfs.tar.gz 1s
END checkpatch:checkpatch tool checkpatch PASS 20s
END u24:u24 build tests/fs/lustre/boot.ktest PASS 47s
END al2023:al2023 build tests/fs/lustre/boot.ktest PASS 50s
GET /tmp/ktest_ml-miscvm:lustre_mainline_native_k9r2qq77.tar 1s
GET /tmp/ktest_ml-strict:lustre_mainline_phoysxav.tar 4s
END ml-miscvm:lustre_mainline_native build tests/fs/lustre/boot.ktest PASS 165s
START ml-miscvm:boot run tests/fs/lustre/boot.ktest
START ml-miscvm:llmount run tests/fs/lustre/llmount.ktest
START ml-miscvm:llog-unit run tests/fs/lustre/llog-unit.ktest
START ml-miscvm:mgs-setup run tests/fs/lustre/mgs-setup.ktest
START ml-miscvm:sanity-1 run tests/fs/lustre/sanity/sanity-1.ktest
START ml-miscvm:sanity-2 run tests/fs/lustre/sanity/sanity-2.ktest
START ml-miscvm:sanity-3 run tests/fs/lustre/sanity/sanity-3.ktest
START ml-miscvm:sanity-4 run tests/fs/lustre/sanity/sanity-4.ktest
END ml-strict:lustre_mainline build tests/fs/lustre/boot-strict.ktest FAIL 167s (exit code: 1)
GET /tmp/ktest_ml:lustre_mainline_entxash7.tar 0s
END ml:lustre_mainline build tests/fs/lustre/boot.ktest PASS 181s
PUT /tmp/ktest-kernel.tar.gz 42s
PUT /tmp/ktest-kernel.tar.gz 46s
PUT /tmp/ktest-kernel.tar.gz 46s
PUT /tmp/ktest-kernel.tar.gz 48s
PUT /tmp/ktest-kernel.tar.gz 48s
PUT /tmp/ktest-kernel.tar.gz 46s
PUT /tmp/ktest-kernel.tar.gz 46s
PUT /tmp/ktest-kernel.tar.gz 46s
PUT /tmp/ktest-lustre.tar.gz 15s
PUT /tmp/ktest-lustre.tar.gz 15s
PUT /tmp/ktest-lustre.tar.gz 15s
PUT /tmp/ktest-lustre.tar.gz 14s
PUT /tmp/ktest-lustre.tar.gz 15s
PUT /tmp/ktest-lustre.tar.gz 15s
PUT /tmp/ktest-lustre.tar.gz 15s
PUT /tmp/ktest-lustre.tar.gz 21s
PUT /tmp/ktest_ml-miscvm:lustre_mainline_native_k9r2qq77.tar 2s
PUT /tmp/ktest_ml-miscvm:lustre_mainline_native_k9r2qq77.tar 2s
PUT /tmp/ktest_ml-miscvm:lustre_mainline_native_k9r2qq77.tar 2s
PUT /tmp/ktest_ml-miscvm:lustre_mainline_native_k9r2qq77.tar 2s
PUT /tmp/ktest_ml-miscvm:lustre_mainline_native_k9r2qq77.tar 2s
PUT /tmp/ktest_ml-miscvm:lustre_mainline_native_k9r2qq77.tar 3s
PUT /tmp/ktest_ml-miscvm:lustre_mainline_native_k9r2qq77.tar 2s
PUT /tmp/ktest_ml-miscvm:lustre_mainline_native_k9r2qq77.tar 2s
END ml-miscvm:boot run tests/fs/lustre/boot.ktest PASS 93s
END ml-miscvm:mgs-setup run tests/fs/lustre/mgs-setup.ktest PASS 103s
END ml-miscvm:sanity-4 run tests/fs/lustre/sanity/sanity-4.ktest PASS 131s
END ml-miscvm:sanity-1 run tests/fs/lustre/sanity/sanity-1.ktest PASS 134s
END ml-miscvm:sanity-3 run tests/fs/lustre/sanity/sanity-3.ktest PASS 135s
END ml-miscvm:sanity-2 run tests/fs/lustre/sanity/sanity-2.ktest PASS 136s
END ml-miscvm:llmount run tests/fs/lustre/llmount.ktest PASS 142s
END ml-miscvm:llog-unit run tests/fs/lustre/llog-unit.ktest FAIL 178s (exit code: 1)

============================================================
Final Results:
  checkpatch:checkpatch: PASS (20s) (log: /var/www/ci-lustre/upstream-patch-review/68414988f314b62fb860245d12a2e79f7b9c9921_checkpatch:checkpatch.log)
  u24:u24: PASS (47s) (log: /var/www/ci-lustre/upstream-patch-review/68414988f314b62fb860245d12a2e79f7b9c9921_u24:u24.log)
  al2023:al2023: PASS (50s) (log: /var/www/ci-lustre/upstream-patch-review/68414988f314b62fb860245d12a2e79f7b9c9921_al2023:al2023.log)
  ml-strict:lustre_mainline: FAIL (167s) (log: /var/www/ci-lustre/upstream-patch-review/68414988f314b62fb860245d12a2e79f7b9c9921_ml-strict:lustre_mainline.log)
  ml:lustre_mainline: PASS (181s) (log: /var/www/ci-lustre/upstream-patch-review/68414988f314b62fb860245d12a2e79f7b9c9921_ml:lustre_mainline.log)
  ml-miscvm:lustre_mainline_native: PASS (165s) (log: /var/www/ci-lustre/upstream-patch-review/68414988f314b62fb860245d12a2e79f7b9c9921_ml-miscvm:lustre_mainline_native.log)
  ml-miscvm:boot: PASS (93s) (log: /var/www/ci-lustre/upstream-patch-review/68414988f314b62fb860245d12a2e79f7b9c9921_ml-miscvm:boot.log)
  ml-miscvm:llmount: PASS (142s) (log: /var/www/ci-lustre/upstream-patch-review/68414988f314b62fb860245d12a2e79f7b9c9921_ml-miscvm:llmount.log)
  ml-miscvm:llog-unit: FAIL (178s) (log: /var/www/ci-lustre/upstream-patch-review/68414988f314b62fb860245d12a2e79f7b9c9921_ml-miscvm:llog-unit.log)
  ml-miscvm:mgs-setup: PASS (103s) (log: /var/www/ci-lustre/upstream-patch-review/68414988f314b62fb860245d12a2e79f7b9c9921_ml-miscvm:mgs-setup.log)
  ml-miscvm:sanity-1: PASS (134s) (log: /var/www/ci-lustre/upstream-patch-review/68414988f314b62fb860245d12a2e79f7b9c9921_ml-miscvm:sanity-1.log)
  ml-miscvm:sanity-2: PASS (136s) (log: /var/www/ci-lustre/upstream-patch-review/68414988f314b62fb860245d12a2e79f7b9c9921_ml-miscvm:sanity-2.log)
  ml-miscvm:sanity-3: PASS (135s) (log: /var/www/ci-lustre/upstream-patch-review/68414988f314b62fb860245d12a2e79f7b9c9921_ml-miscvm:sanity-3.log)
  ml-miscvm:sanity-4: PASS (131s) (log: /var/www/ci-lustre/upstream-patch-review/68414988f314b62fb860245d12a2e79f7b9c9921_ml-miscvm:sanity-4.log)

Total execution time: 374s

Packed 6892 logs from /var/www/ci-lustre/upstream-patch-review into /home/ktest/ktest/local-site/local_data.js
Open /home/ktest/ktest/local-site/index.html in a browser
