CLI: ./pk --podman-socket unix:///run/user/1000/podman/podman.sock --shared-filesystem /tmp --tarball-input job lustre-ci --output /var/www/ci-lustre/upstream-patch-review --git-hash 6a0abdbab5e511e20d981739143b5372c0b700eb --change-id 68658_6a0abdbab5e511e20d981739143b5372c0b700eb --subject LU-930 doc: name the RPC size pages after real parameters

Environment validated successfully
Note: custom LLVM is not synced in tarball input mode
Creating kernel tarball at /tmp/ktest-kernel.tar.gz...
Creating lustre tarball at /tmp/ktest-lustre.tar.gz...
Creating ZFS tarball at /tmp/ktest-zfs.tar.gz...
Executing 14 jobs
Jobs will start as soon as their dependencies are satisfied
Using tarball input mode

START ml:lustre_mainline build tests/fs/lustre/boot.ktest
START u24:u24 build tests/fs/lustre/boot.ktest
START checkpatch:checkpatch tool checkpatch
START ml-miscvm:lustre_mainline_native build tests/fs/lustre/boot.ktest
START al2023:al2023 build tests/fs/lustre/boot.ktest
START ml-strict:lustre_mainline build tests/fs/lustre/boot-strict.ktest
PUT /tmp/ktest-lustre.tar.gz 1s
PUT /tmp/ktest-lustre.tar.gz 1s
PUT /tmp/ktest-kernel.tar.gz 14s
PUT /tmp/ktest-kernel.tar.gz 14s
PUT /tmp/ktest-kernel.tar.gz 14s
PUT /tmp/ktest-kernel.tar.gz 14s
PUT /tmp/ktest-lustre.tar.gz 1s
PUT /tmp/ktest-lustre.tar.gz 2s
PUT /tmp/ktest-lustre.tar.gz 2s
PUT /tmp/ktest-lustre.tar.gz 2s
PUT /tmp/ktest-zfs.tar.gz 0s
PUT /tmp/ktest-zfs.tar.gz 0s
PUT /tmp/ktest-zfs.tar.gz 0s
END checkpatch:checkpatch tool checkpatch FAIL 19s (exit code: 1)
END u24:u24 build tests/fs/lustre/boot.ktest PASS 47s
END al2023:al2023 build tests/fs/lustre/boot.ktest PASS 52s
GET /tmp/ktest_ml-strict:lustre_mainline_tpn80oqt.tar 5s
END ml-strict:lustre_mainline build tests/fs/lustre/boot-strict.ktest FAIL 164s (exit code: 1)
GET /tmp/ktest_ml-miscvm:lustre_mainline_native_x_nwh5kj.tar 0s
END ml-miscvm:lustre_mainline_native build tests/fs/lustre/boot.ktest PASS 170s
START ml-miscvm:boot run tests/fs/lustre/boot.ktest
START ml-miscvm:llmount run tests/fs/lustre/llmount.ktest
START ml-miscvm:llog-unit run tests/fs/lustre/llog-unit.ktest
START ml-miscvm:mgs-setup run tests/fs/lustre/mgs-setup.ktest
START ml-miscvm:sanity-1 run tests/fs/lustre/sanity/sanity-1.ktest
START ml-miscvm:sanity-2 run tests/fs/lustre/sanity/sanity-2.ktest
START ml-miscvm:sanity-3 run tests/fs/lustre/sanity/sanity-3.ktest
START ml-miscvm:sanity-4 run tests/fs/lustre/sanity/sanity-4.ktest
GET /tmp/ktest_ml:lustre_mainline_ssf7km8k.tar 1s
END ml:lustre_mainline build tests/fs/lustre/boot.ktest PASS 174s
PUT /tmp/ktest-kernel.tar.gz 43s
PUT /tmp/ktest-kernel.tar.gz 54s
PUT /tmp/ktest-kernel.tar.gz 53s
PUT /tmp/ktest-kernel.tar.gz 53s
PUT /tmp/ktest-kernel.tar.gz 56s
PUT /tmp/ktest-kernel.tar.gz 53s
PUT /tmp/ktest-kernel.tar.gz 56s
PUT /tmp/ktest-kernel.tar.gz 53s
PUT /tmp/ktest-lustre.tar.gz 4s
PUT /tmp/ktest-lustre.tar.gz 5s
PUT /tmp/ktest-lustre.tar.gz 4s
PUT /tmp/ktest-lustre.tar.gz 5s
PUT /tmp/ktest-lustre.tar.gz 5s
PUT /tmp/ktest-lustre.tar.gz 5s
PUT /tmp/ktest-lustre.tar.gz 5s
PUT /tmp/ktest-lustre.tar.gz 18s
PUT /tmp/ktest_ml-miscvm:lustre_mainline_native_x_nwh5kj.tar 1s
PUT /tmp/ktest_ml-miscvm:lustre_mainline_native_x_nwh5kj.tar 1s
PUT /tmp/ktest_ml-miscvm:lustre_mainline_native_x_nwh5kj.tar 1s
PUT /tmp/ktest_ml-miscvm:lustre_mainline_native_x_nwh5kj.tar 1s
PUT /tmp/ktest_ml-miscvm:lustre_mainline_native_x_nwh5kj.tar 1s
PUT /tmp/ktest_ml-miscvm:lustre_mainline_native_x_nwh5kj.tar 1s
PUT /tmp/ktest_ml-miscvm:lustre_mainline_native_x_nwh5kj.tar 1s
PUT /tmp/ktest_ml-miscvm:lustre_mainline_native_x_nwh5kj.tar 1s
END ml-miscvm:boot run tests/fs/lustre/boot.ktest PASS 76s
END ml-miscvm:mgs-setup run tests/fs/lustre/mgs-setup.ktest PASS 86s
END ml-miscvm:sanity-4 run tests/fs/lustre/sanity/sanity-4.ktest PASS 114s
END ml-miscvm:sanity-2 run tests/fs/lustre/sanity/sanity-2.ktest PASS 116s
END ml-miscvm:sanity-1 run tests/fs/lustre/sanity/sanity-1.ktest PASS 117s
END ml-miscvm:llmount run tests/fs/lustre/llmount.ktest PASS 127s
END ml-miscvm:sanity-3 run tests/fs/lustre/sanity/sanity-3.ktest PASS 130s
END ml-miscvm:llog-unit run tests/fs/lustre/llog-unit.ktest FAIL 162s (exit code: 1)

============================================================
Final Results:
  checkpatch:checkpatch: FAIL (19s) (log: /var/www/ci-lustre/upstream-patch-review/6a0abdbab5e511e20d981739143b5372c0b700eb_checkpatch:checkpatch.log)
  u24:u24: PASS (47s) (log: /var/www/ci-lustre/upstream-patch-review/6a0abdbab5e511e20d981739143b5372c0b700eb_u24:u24.log)
  al2023:al2023: PASS (52s) (log: /var/www/ci-lustre/upstream-patch-review/6a0abdbab5e511e20d981739143b5372c0b700eb_al2023:al2023.log)
  ml-strict:lustre_mainline: FAIL (164s) (log: /var/www/ci-lustre/upstream-patch-review/6a0abdbab5e511e20d981739143b5372c0b700eb_ml-strict:lustre_mainline.log)
  ml:lustre_mainline: PASS (174s) (log: /var/www/ci-lustre/upstream-patch-review/6a0abdbab5e511e20d981739143b5372c0b700eb_ml:lustre_mainline.log)
  ml-miscvm:lustre_mainline_native: PASS (170s) (log: /var/www/ci-lustre/upstream-patch-review/6a0abdbab5e511e20d981739143b5372c0b700eb_ml-miscvm:lustre_mainline_native.log)
  ml-miscvm:boot: PASS (76s) (log: /var/www/ci-lustre/upstream-patch-review/6a0abdbab5e511e20d981739143b5372c0b700eb_ml-miscvm:boot.log)
  ml-miscvm:llmount: PASS (127s) (log: /var/www/ci-lustre/upstream-patch-review/6a0abdbab5e511e20d981739143b5372c0b700eb_ml-miscvm:llmount.log)
  ml-miscvm:llog-unit: FAIL (162s) (log: /var/www/ci-lustre/upstream-patch-review/6a0abdbab5e511e20d981739143b5372c0b700eb_ml-miscvm:llog-unit.log)
  ml-miscvm:mgs-setup: PASS (86s) (log: /var/www/ci-lustre/upstream-patch-review/6a0abdbab5e511e20d981739143b5372c0b700eb_ml-miscvm:mgs-setup.log)
  ml-miscvm:sanity-1: PASS (117s) (log: /var/www/ci-lustre/upstream-patch-review/6a0abdbab5e511e20d981739143b5372c0b700eb_ml-miscvm:sanity-1.log)
  ml-miscvm:sanity-2: PASS (116s) (log: /var/www/ci-lustre/upstream-patch-review/6a0abdbab5e511e20d981739143b5372c0b700eb_ml-miscvm:sanity-2.log)
  ml-miscvm:sanity-3: PASS (130s) (log: /var/www/ci-lustre/upstream-patch-review/6a0abdbab5e511e20d981739143b5372c0b700eb_ml-miscvm:sanity-3.log)
  ml-miscvm:sanity-4: PASS (114s) (log: /var/www/ci-lustre/upstream-patch-review/6a0abdbab5e511e20d981739143b5372c0b700eb_ml-miscvm:sanity-4.log)

Total execution time: 363s

Packed 1195 logs from /var/www/ci-lustre/upstream-patch-review into /home/ktest/ktest/local-site/local_data.js
Open /home/ktest/ktest/local-site/index.html in a browser
