WARNING:BRACES: braces {} are not necessary for any arm of this statement
#543: FILE: lustre/obdclass/kernelcomm.c:477:
+		if (len < 0) {
[...]
+		} else {
[...]

WARNING:ALLOC_WITH_SIZEOF: Prefer kzalloc_obj over kzalloc with sizeof
#661: FILE: lustre/obdclass/kernelcomm.c:594:
+	ltl = kzalloc(sizeof(*ltl), GFP_ATOMIC);

WARNING:BRACES: braces {} are not necessary for single statement blocks
#662: FILE: lustre/obdclass/kernelcomm.c:595:
+	if (!ltl) {
+		return -ENOMEM;
+	}

total: 0 errors, 3 warnings, 820 lines checked

NOTE: For some of the reported defects, checkpatch may be able to
      mechanically convert to the typical style using --fix or --fix-inplace.

Your patch has style problems, please review.

NOTE: If any of the errors are false positives, please report
      them to the maintainer, see CHECKPATCH in MAINTAINERS.
