CLI: ./pk --podman-socket unix:///run/user/1000/podman/podman.sock --shared-filesystem /tmp --tarball-input job lustre-ci --output /var/www/ci-lustre/upstream-patch-review --git-hash 6b97ffbc9344d08485ed0941b5a634312120278e --change-id 68474_6b97ffbc9344d08485ed0941b5a634312120278e --subject LU-19916 mgs: do not offer a target with no MGS as an MGS

Environment validated successfully
Note: custom LLVM is not synced in tarball input mode
Creating kernel tarball at /tmp/ktest-kernel.tar.gz...
Creating lustre tarball at /tmp/ktest-lustre.tar.gz...
Creating ZFS tarball at /tmp/ktest-zfs.tar.gz...
Executing 14 jobs
Jobs will start as soon as their dependencies are satisfied
Using tarball input mode

START ml:lustre_mainline build tests/fs/lustre/boot.ktest
START ml-miscvm:lustre_mainline_native build tests/fs/lustre/boot.ktest
START ml-strict:lustre_mainline build tests/fs/lustre/boot-strict.ktest
START al2023:al2023 build tests/fs/lustre/boot.ktest
START u24:u24 build tests/fs/lustre/boot.ktest
START checkpatch:checkpatch tool checkpatch
PUT /tmp/ktest-lustre.tar.gz 1s
PUT /tmp/ktest-lustre.tar.gz 1s
PUT /tmp/ktest-kernel.tar.gz 6s
PUT /tmp/ktest-kernel.tar.gz 6s
PUT /tmp/ktest-kernel.tar.gz 6s
PUT /tmp/ktest-kernel.tar.gz 6s
PUT /tmp/ktest-lustre.tar.gz 1s
PUT /tmp/ktest-lustre.tar.gz 1s
PUT /tmp/ktest-lustre.tar.gz 1s
PUT /tmp/ktest-lustre.tar.gz 1s
PUT /tmp/ktest-zfs.tar.gz 0s
PUT /tmp/ktest-zfs.tar.gz 0s
PUT /tmp/ktest-zfs.tar.gz 0s
END checkpatch:checkpatch tool checkpatch PASS 10s
END u24:u24 build tests/fs/lustre/boot.ktest FAIL 28s (exit code: 2)
END al2023:al2023 build tests/fs/lustre/boot.ktest FAIL 36s (exit code: 2)
GET /tmp/ktest_ml-strict:lustre_mainline_ph0x6gk1.tar 6s
GET /tmp/ktest_ml-miscvm:lustre_mainline_native_170ltixy.tar 6s
GET /tmp/ktest_ml:lustre_mainline_f5pz92ty.tar 5s
END ml-strict:lustre_mainline build tests/fs/lustre/boot-strict.ktest FAIL 191s (exit code: 1)
END ml:lustre_mainline build tests/fs/lustre/boot.ktest FAIL 192s (exit code: 1)
END ml-miscvm:lustre_mainline_native build tests/fs/lustre/boot.ktest FAIL 194s (exit code: 1)

============================================================
Final Results:
  checkpatch:checkpatch: PASS (10s) (log: /var/www/ci-lustre/upstream-patch-review/6b97ffbc9344d08485ed0941b5a634312120278e_checkpatch:checkpatch.log)
  u24:u24: FAIL (28s) (log: /var/www/ci-lustre/upstream-patch-review/6b97ffbc9344d08485ed0941b5a634312120278e_u24:u24.log)
  al2023:al2023: FAIL (36s) (log: /var/www/ci-lustre/upstream-patch-review/6b97ffbc9344d08485ed0941b5a634312120278e_al2023:al2023.log)
  ml-strict:lustre_mainline: FAIL (191s) (log: /var/www/ci-lustre/upstream-patch-review/6b97ffbc9344d08485ed0941b5a634312120278e_ml-strict:lustre_mainline.log)
  ml:lustre_mainline: FAIL (192s) (log: /var/www/ci-lustre/upstream-patch-review/6b97ffbc9344d08485ed0941b5a634312120278e_ml:lustre_mainline.log)
  ml-miscvm:lustre_mainline_native: FAIL (194s) (log: /var/www/ci-lustre/upstream-patch-review/6b97ffbc9344d08485ed0941b5a634312120278e_ml-miscvm:lustre_mainline_native.log)
  ml-miscvm:boot: SKIPPED (due to dependency failure)
  ml-miscvm:llmount: SKIPPED (due to dependency failure)
  ml-miscvm:llog-unit: SKIPPED (due to dependency failure)
  ml-miscvm:mgs-setup: SKIPPED (due to dependency failure)
  ml-miscvm:sanity-1: SKIPPED (due to dependency failure)
  ml-miscvm:sanity-2: SKIPPED (due to dependency failure)
  ml-miscvm:sanity-3: SKIPPED (due to dependency failure)
  ml-miscvm:sanity-4: SKIPPED (due to dependency failure)

Total execution time: 222s

Packed 8654 logs from /var/www/ci-lustre/upstream-patch-review into /home/ktest/ktest/local-site/local_data.js
Open /home/ktest/ktest/local-site/index.html in a browser
