CLI: ./pk --podman-socket unix:///run/podman/podman.sock --shared-filesystem /tmp --tarball-input job lustre-ci --output /var/www/ci-lustre/upstream-patch-review --git-hash 6c4fd0cd699aa71c47992224278659724bd98a73 --change-id 67620_6c4fd0cd699aa71c47992224278659724bd98a73 --subject LU-19921 nodemap: Skip nodemap update and lock revocation

Environment validated successfully
Note: custom LLVM is not synced in tarball input mode
Creating kernel tarball at /tmp/ktest-kernel.tar.gz...
Creating lustre tarball at /tmp/ktest-lustre.tar.gz...
Creating ZFS tarball at /tmp/ktest-zfs.tar.gz...
Executing 14 jobs
Jobs will start as soon as their dependencies are satisfied
Using tarball input mode

START ml-strict:lustre_mainline build tests/fs/lustre/boot-strict.ktest
START ml-miscvm:lustre_mainline_native build tests/fs/lustre/boot.ktest
START u24:u24 build tests/fs/lustre/boot.ktest
START checkpatch:checkpatch tool checkpatch
START ml:lustre_mainline build tests/fs/lustre/boot.ktest
START al2023:al2023 build tests/fs/lustre/boot.ktest
PUT /tmp/ktest-lustre.tar.gz 1s
PUT /tmp/ktest-lustre.tar.gz 1s
PUT /tmp/ktest-kernel.tar.gz 6s
PUT /tmp/ktest-kernel.tar.gz 6s
PUT /tmp/ktest-kernel.tar.gz 6s
PUT /tmp/ktest-kernel.tar.gz 7s
PUT /tmp/ktest-lustre.tar.gz 2s
PUT /tmp/ktest-lustre.tar.gz 2s
PUT /tmp/ktest-lustre.tar.gz 2s
PUT /tmp/ktest-lustre.tar.gz 2s
PUT /tmp/ktest-zfs.tar.gz 0s
PUT /tmp/ktest-zfs.tar.gz 0s
PUT /tmp/ktest-zfs.tar.gz 0s
END checkpatch:checkpatch tool checkpatch PASS 11s
END u24:u24 build tests/fs/lustre/boot.ktest PASS 35s
END al2023:al2023 build tests/fs/lustre/boot.ktest PASS 45s
GET /tmp/ktest_ml:lustre_mainline_imk3hhe9.tar 0s
END ml:lustre_mainline build tests/fs/lustre/boot.ktest PASS 142s
GET /tmp/ktest_ml-miscvm:lustre_mainline_native_ohx0985p.tar 0s
END ml-miscvm:lustre_mainline_native build tests/fs/lustre/boot.ktest PASS 144s
START ml-miscvm:boot run tests/fs/lustre/boot.ktest
START ml-miscvm:llmount run tests/fs/lustre/llmount.ktest
START ml-miscvm:llog-unit run tests/fs/lustre/llog-unit.ktest
START ml-miscvm:mgs-setup run tests/fs/lustre/mgs-setup.ktest
START ml-miscvm:sanity-1 run tests/fs/lustre/sanity/sanity-1.ktest
START ml-miscvm:sanity-2 run tests/fs/lustre/sanity/sanity-2.ktest
START ml-miscvm:sanity-3 run tests/fs/lustre/sanity/sanity-3.ktest
START ml-miscvm:sanity-4 run tests/fs/lustre/sanity/sanity-4.ktest
GET /tmp/ktest_ml-strict:lustre_mainline_faehr0f3.tar 4s
END ml-strict:lustre_mainline build tests/fs/lustre/boot-strict.ktest FAIL 147s (exit code: 1)
PUT /tmp/ktest-kernel.tar.gz 14s
PUT /tmp/ktest-kernel.tar.gz 14s
PUT /tmp/ktest-kernel.tar.gz 15s
PUT /tmp/ktest-kernel.tar.gz 11s
PUT /tmp/ktest-kernel.tar.gz 15s
PUT /tmp/ktest-kernel.tar.gz 15s
PUT /tmp/ktest-kernel.tar.gz 15s
PUT /tmp/ktest-kernel.tar.gz 15s
PUT /tmp/ktest-lustre.tar.gz 3s
PUT /tmp/ktest-lustre.tar.gz 3s
PUT /tmp/ktest-lustre.tar.gz 4s
PUT /tmp/ktest-lustre.tar.gz 3s
PUT /tmp/ktest-lustre.tar.gz 3s
PUT /tmp/ktest-lustre.tar.gz 3s
PUT /tmp/ktest-lustre.tar.gz 3s
PUT /tmp/ktest-lustre.tar.gz 3s
PUT /tmp/ktest_ml-miscvm:lustre_mainline_native_ohx0985p.tar 0s
PUT /tmp/ktest_ml-miscvm:lustre_mainline_native_ohx0985p.tar 0s
PUT /tmp/ktest_ml-miscvm:lustre_mainline_native_ohx0985p.tar 0s
PUT /tmp/ktest_ml-miscvm:lustre_mainline_native_ohx0985p.tar 0s
PUT /tmp/ktest_ml-miscvm:lustre_mainline_native_ohx0985p.tar 0s
PUT /tmp/ktest_ml-miscvm:lustre_mainline_native_ohx0985p.tar 0s
PUT /tmp/ktest_ml-miscvm:lustre_mainline_native_ohx0985p.tar 0s
PUT /tmp/ktest_ml-miscvm:lustre_mainline_native_ohx0985p.tar 0s
END ml-miscvm:boot run tests/fs/lustre/boot.ktest PASS 30s
END ml-miscvm:mgs-setup run tests/fs/lustre/mgs-setup.ktest PASS 40s
END ml-miscvm:sanity-3 run tests/fs/lustre/sanity/sanity-3.ktest PASS 67s
END ml-miscvm:sanity-2 run tests/fs/lustre/sanity/sanity-2.ktest PASS 71s
END ml-miscvm:sanity-1 run tests/fs/lustre/sanity/sanity-1.ktest PASS 72s
END ml-miscvm:sanity-4 run tests/fs/lustre/sanity/sanity-4.ktest PASS 80s
END ml-miscvm:llmount run tests/fs/lustre/llmount.ktest PASS 91s
END ml-miscvm:llog-unit run tests/fs/lustre/llog-unit.ktest FAIL 116s (exit code: 1)

============================================================
Final Results:
  checkpatch:checkpatch: PASS (11s) (log: /var/www/ci-lustre/upstream-patch-review/6c4fd0cd699aa71c47992224278659724bd98a73_checkpatch:checkpatch.log)
  u24:u24: PASS (35s) (log: /var/www/ci-lustre/upstream-patch-review/6c4fd0cd699aa71c47992224278659724bd98a73_u24:u24.log)
  al2023:al2023: PASS (45s) (log: /var/www/ci-lustre/upstream-patch-review/6c4fd0cd699aa71c47992224278659724bd98a73_al2023:al2023.log)
  ml-strict:lustre_mainline: FAIL (147s) (log: /var/www/ci-lustre/upstream-patch-review/6c4fd0cd699aa71c47992224278659724bd98a73_ml-strict:lustre_mainline.log)
  ml:lustre_mainline: PASS (142s) (log: /var/www/ci-lustre/upstream-patch-review/6c4fd0cd699aa71c47992224278659724bd98a73_ml:lustre_mainline.log)
  ml-miscvm:lustre_mainline_native: PASS (144s) (log: /var/www/ci-lustre/upstream-patch-review/6c4fd0cd699aa71c47992224278659724bd98a73_ml-miscvm:lustre_mainline_native.log)
  ml-miscvm:boot: PASS (30s) (log: /var/www/ci-lustre/upstream-patch-review/6c4fd0cd699aa71c47992224278659724bd98a73_ml-miscvm:boot.log)
  ml-miscvm:llmount: PASS (91s) (log: /var/www/ci-lustre/upstream-patch-review/6c4fd0cd699aa71c47992224278659724bd98a73_ml-miscvm:llmount.log)
  ml-miscvm:llog-unit: FAIL (116s) (log: /var/www/ci-lustre/upstream-patch-review/6c4fd0cd699aa71c47992224278659724bd98a73_ml-miscvm:llog-unit.log)
  ml-miscvm:mgs-setup: PASS (40s) (log: /var/www/ci-lustre/upstream-patch-review/6c4fd0cd699aa71c47992224278659724bd98a73_ml-miscvm:mgs-setup.log)
  ml-miscvm:sanity-1: PASS (72s) (log: /var/www/ci-lustre/upstream-patch-review/6c4fd0cd699aa71c47992224278659724bd98a73_ml-miscvm:sanity-1.log)
  ml-miscvm:sanity-2: PASS (71s) (log: /var/www/ci-lustre/upstream-patch-review/6c4fd0cd699aa71c47992224278659724bd98a73_ml-miscvm:sanity-2.log)
  ml-miscvm:sanity-3: PASS (67s) (log: /var/www/ci-lustre/upstream-patch-review/6c4fd0cd699aa71c47992224278659724bd98a73_ml-miscvm:sanity-3.log)
  ml-miscvm:sanity-4: PASS (80s) (log: /var/www/ci-lustre/upstream-patch-review/6c4fd0cd699aa71c47992224278659724bd98a73_ml-miscvm:sanity-4.log)

Total execution time: 290s

Packed 4769 logs from /var/www/ci-lustre/upstream-patch-review into /home/ktest/ktest/local-site/local_data.js
Open /home/ktest/ktest/local-site/index.html in a browser
