CLI: ./pk --podman-socket unix:///run/podman/podman.sock --shared-filesystem /tmp --tarball-input job lustre-ci --output /var/www/ci-lustre/upstream-patch-review --git-hash 6dc0581d61724263be1d2fd30a2f0b1c0b63bb01 --change-id 67333_6dc0581d61724263be1d2fd30a2f0b1c0b63bb01 --subject LU-20484 mdt: add readpage counter to md_stats

Environment validated successfully
Note: custom LLVM is not synced in tarball input mode
Creating kernel tarball at /tmp/ktest-kernel.tar.gz...
Creating lustre tarball at /tmp/ktest-lustre.tar.gz...
Creating ZFS tarball at /tmp/ktest-zfs.tar.gz...
Executing 14 jobs
Jobs will start as soon as their dependencies are satisfied
Using tarball input mode

START u24:u24 build tests/fs/lustre/boot.ktest
START ml-strict:lustre_mainline build tests/fs/lustre/boot-strict.ktest
START al2023:al2023 build tests/fs/lustre/boot.ktest
START checkpatch:checkpatch tool checkpatch
START ml-miscvm:lustre_mainline_native build tests/fs/lustre/boot.ktest
START ml:lustre_mainline build tests/fs/lustre/boot.ktest
PUT /tmp/ktest-lustre.tar.gz 1s
PUT /tmp/ktest-lustre.tar.gz 2s
PUT /tmp/ktest-kernel.tar.gz 7s
PUT /tmp/ktest-kernel.tar.gz 7s
PUT /tmp/ktest-kernel.tar.gz 7s
PUT /tmp/ktest-kernel.tar.gz 7s
PUT /tmp/ktest-lustre.tar.gz 1s
PUT /tmp/ktest-lustre.tar.gz 1s
PUT /tmp/ktest-lustre.tar.gz 1s
PUT /tmp/ktest-lustre.tar.gz 1s
PUT /tmp/ktest-zfs.tar.gz 0s
PUT /tmp/ktest-zfs.tar.gz 0s
PUT /tmp/ktest-zfs.tar.gz 0s
END checkpatch:checkpatch tool checkpatch PASS 10s
END al2023:al2023 build tests/fs/lustre/boot.ktest PASS 53s
END u24:u24 build tests/fs/lustre/boot.ktest PASS 54s
GET /tmp/ktest_ml-miscvm:lustre_mainline_native_0x0qt6a7.tar 0s
GET /tmp/ktest_ml:lustre_mainline_4pom_6we.tar 0s
GET /tmp/ktest_ml-strict:lustre_mainline_316d_fs4.tar 4s
END ml-miscvm:lustre_mainline_native build tests/fs/lustre/boot.ktest PASS 155s
START ml-miscvm:boot run tests/fs/lustre/boot.ktest
START ml-miscvm:llmount run tests/fs/lustre/llmount.ktest
START ml-miscvm:llog-unit run tests/fs/lustre/llog-unit.ktest
START ml-miscvm:mgs-setup run tests/fs/lustre/mgs-setup.ktest
START ml-miscvm:sanity-1 run tests/fs/lustre/sanity/sanity-1.ktest
START ml-miscvm:sanity-2 run tests/fs/lustre/sanity/sanity-2.ktest
START ml-miscvm:sanity-3 run tests/fs/lustre/sanity/sanity-3.ktest
START ml-miscvm:sanity-4 run tests/fs/lustre/sanity/sanity-4.ktest
END ml:lustre_mainline build tests/fs/lustre/boot.ktest PASS 156s
END ml-strict:lustre_mainline build tests/fs/lustre/boot-strict.ktest FAIL 157s (exit code: 1)
PUT /tmp/ktest-kernel.tar.gz 14s
PUT /tmp/ktest-kernel.tar.gz 14s
PUT /tmp/ktest-kernel.tar.gz 14s
PUT /tmp/ktest-kernel.tar.gz 15s
PUT /tmp/ktest-kernel.tar.gz 15s
PUT /tmp/ktest-kernel.tar.gz 15s
PUT /tmp/ktest-kernel.tar.gz 15s
PUT /tmp/ktest-kernel.tar.gz 15s
PUT /tmp/ktest-lustre.tar.gz 4s
PUT /tmp/ktest-lustre.tar.gz 4s
PUT /tmp/ktest-lustre.tar.gz 4s
PUT /tmp/ktest-lustre.tar.gz 3s
PUT /tmp/ktest-lustre.tar.gz 4s
PUT /tmp/ktest-lustre.tar.gz 4s
PUT /tmp/ktest-lustre.tar.gz 3s
PUT /tmp/ktest-lustre.tar.gz 3s
PUT /tmp/ktest_ml-miscvm:lustre_mainline_native_0x0qt6a7.tar 0s
PUT /tmp/ktest_ml-miscvm:lustre_mainline_native_0x0qt6a7.tar 0s
PUT /tmp/ktest_ml-miscvm:lustre_mainline_native_0x0qt6a7.tar 0s
PUT /tmp/ktest_ml-miscvm:lustre_mainline_native_0x0qt6a7.tar 0s
PUT /tmp/ktest_ml-miscvm:lustre_mainline_native_0x0qt6a7.tar 0s
PUT /tmp/ktest_ml-miscvm:lustre_mainline_native_0x0qt6a7.tar 0s
PUT /tmp/ktest_ml-miscvm:lustre_mainline_native_0x0qt6a7.tar 0s
PUT /tmp/ktest_ml-miscvm:lustre_mainline_native_0x0qt6a7.tar 0s
END ml-miscvm:boot run tests/fs/lustre/boot.ktest PASS 57s
END ml-miscvm:mgs-setup run tests/fs/lustre/mgs-setup.ktest PASS 69s
END ml-miscvm:sanity-1 run tests/fs/lustre/sanity/sanity-1.ktest PASS 96s
END ml-miscvm:sanity-2 run tests/fs/lustre/sanity/sanity-2.ktest PASS 98s
END ml-miscvm:sanity-4 run tests/fs/lustre/sanity/sanity-4.ktest PASS 99s
END ml-miscvm:sanity-3 run tests/fs/lustre/sanity/sanity-3.ktest PASS 107s
END ml-miscvm:llmount run tests/fs/lustre/llmount.ktest PASS 121s
END ml-miscvm:llog-unit run tests/fs/lustre/llog-unit.ktest FAIL 173s (exit code: 1)

============================================================
Final Results:
  checkpatch:checkpatch: PASS (10s) (log: /var/www/ci-lustre/upstream-patch-review/6dc0581d61724263be1d2fd30a2f0b1c0b63bb01_checkpatch:checkpatch.log)
  u24:u24: PASS (54s) (log: /var/www/ci-lustre/upstream-patch-review/6dc0581d61724263be1d2fd30a2f0b1c0b63bb01_u24:u24.log)
  al2023:al2023: PASS (53s) (log: /var/www/ci-lustre/upstream-patch-review/6dc0581d61724263be1d2fd30a2f0b1c0b63bb01_al2023:al2023.log)
  ml-strict:lustre_mainline: FAIL (157s) (log: /var/www/ci-lustre/upstream-patch-review/6dc0581d61724263be1d2fd30a2f0b1c0b63bb01_ml-strict:lustre_mainline.log)
  ml:lustre_mainline: PASS (156s) (log: /var/www/ci-lustre/upstream-patch-review/6dc0581d61724263be1d2fd30a2f0b1c0b63bb01_ml:lustre_mainline.log)
  ml-miscvm:lustre_mainline_native: PASS (155s) (log: /var/www/ci-lustre/upstream-patch-review/6dc0581d61724263be1d2fd30a2f0b1c0b63bb01_ml-miscvm:lustre_mainline_native.log)
  ml-miscvm:boot: PASS (57s) (log: /var/www/ci-lustre/upstream-patch-review/6dc0581d61724263be1d2fd30a2f0b1c0b63bb01_ml-miscvm:boot.log)
  ml-miscvm:llmount: PASS (121s) (log: /var/www/ci-lustre/upstream-patch-review/6dc0581d61724263be1d2fd30a2f0b1c0b63bb01_ml-miscvm:llmount.log)
  ml-miscvm:llog-unit: FAIL (173s) (log: /var/www/ci-lustre/upstream-patch-review/6dc0581d61724263be1d2fd30a2f0b1c0b63bb01_ml-miscvm:llog-unit.log)
  ml-miscvm:mgs-setup: PASS (69s) (log: /var/www/ci-lustre/upstream-patch-review/6dc0581d61724263be1d2fd30a2f0b1c0b63bb01_ml-miscvm:mgs-setup.log)
  ml-miscvm:sanity-1: PASS (96s) (log: /var/www/ci-lustre/upstream-patch-review/6dc0581d61724263be1d2fd30a2f0b1c0b63bb01_ml-miscvm:sanity-1.log)
  ml-miscvm:sanity-2: PASS (98s) (log: /var/www/ci-lustre/upstream-patch-review/6dc0581d61724263be1d2fd30a2f0b1c0b63bb01_ml-miscvm:sanity-2.log)
  ml-miscvm:sanity-3: PASS (107s) (log: /var/www/ci-lustre/upstream-patch-review/6dc0581d61724263be1d2fd30a2f0b1c0b63bb01_ml-miscvm:sanity-3.log)
  ml-miscvm:sanity-4: PASS (99s) (log: /var/www/ci-lustre/upstream-patch-review/6dc0581d61724263be1d2fd30a2f0b1c0b63bb01_ml-miscvm:sanity-4.log)

Total execution time: 358s
