WARNING:LONG_LINE_STRING: line length of 102 exceeds 100 columns
#1203: FILE: lustre/ptlrpc/wiretest.c:593:
+	LASSERTF((int)sizeof(((struct lu_orphan_rec_v3 *)0)->lor_layout_version) == 4, "found %lld\n",

WARNING:LONG_LINE_STRING: line length of 101 exceeds 100 columns
#1215: FILE: lustre/ptlrpc/wiretest.c:605:
+	LASSERTF((int)sizeof(((struct lu_orphan_rec_v3 *)0)->lor_dstripe_count) == 1, "found %lld\n",

WARNING:LONG_LINE_STRING: line length of 101 exceeds 100 columns
#1219: FILE: lustre/ptlrpc/wiretest.c:609:
+	LASSERTF((int)sizeof(((struct lu_orphan_rec_v3 *)0)->lor_cstripe_count) == 1, "found %lld\n",

WARNING:LONG_LINE_STRING: line length of 102 exceeds 100 columns
#1223: FILE: lustre/ptlrpc/wiretest.c:613:
+	LASSERTF((int)sizeof(((struct lu_orphan_rec_v3 *)0)->lor_mirror_link_id) == 2, "found %lld\n",

WARNING:LONG_LINE_STRING: line length of 102 exceeds 100 columns
#1595: FILE: lustre/utils/wiretest.c:612:
+	LASSERTF((int)sizeof(((struct lu_orphan_rec_v3 *)0)->lor_layout_version) == 4, "found %lld\n",

WARNING:LONG_LINE_STRING: line length of 101 exceeds 100 columns
#1607: FILE: lustre/utils/wiretest.c:624:
+	LASSERTF((int)sizeof(((struct lu_orphan_rec_v3 *)0)->lor_dstripe_count) == 1, "found %lld\n",

WARNING:LONG_LINE_STRING: line length of 101 exceeds 100 columns
#1611: FILE: lustre/utils/wiretest.c:628:
+	LASSERTF((int)sizeof(((struct lu_orphan_rec_v3 *)0)->lor_cstripe_count) == 1, "found %lld\n",

WARNING:LONG_LINE_STRING: line length of 102 exceeds 100 columns
#1615: FILE: lustre/utils/wiretest.c:632:
+	LASSERTF((int)sizeof(((struct lu_orphan_rec_v3 *)0)->lor_mirror_link_id) == 2, "found %lld\n",

total: 0 errors, 8 warnings, 1499 lines checked

NOTE: For some of the reported defects, checkpatch may be able to
      mechanically convert to the typical style using --fix or --fix-inplace.

Your patch has style problems, please review.

NOTE: If any of the errors are false positives, please report
      them to the maintainer, see CHECKPATCH in MAINTAINERS.
