CLI: ./pk --podman-socket unix:///run/user/1000/podman/podman.sock --shared-filesystem /tmp --tarball-input job lustre-ci --output /var/www/ci-lustre/upstream-patch-review --git-hash 6e92ec55e6d75697b40126de55e5a14465ca0100 --change-id 61977_6e92ec55e6d75697b40126de55e5a14465ca0100 --subject LU-18456 mdt: create trash dir for MDT after MDT stack setup

Environment validated successfully
Note: custom LLVM is not synced in tarball input mode
Creating kernel tarball at /tmp/ktest-kernel.tar.gz...
Creating lustre tarball at /tmp/ktest-lustre.tar.gz...
Creating ZFS tarball at /tmp/ktest-zfs.tar.gz...
Executing 14 jobs
Jobs will start as soon as their dependencies are satisfied
Using tarball input mode

START ml-miscvm:lustre_mainline_native build tests/fs/lustre/boot.ktest
START ml-strict:lustre_mainline build tests/fs/lustre/boot-strict.ktest
START al2023:al2023 build tests/fs/lustre/boot.ktest
START u24:u24 build tests/fs/lustre/boot.ktest
START checkpatch:checkpatch tool checkpatch
START ml:lustre_mainline build tests/fs/lustre/boot.ktest
PUT /tmp/ktest-lustre.tar.gz 2s
PUT /tmp/ktest-lustre.tar.gz 2s
PUT /tmp/ktest-kernel.tar.gz 14s
PUT /tmp/ktest-kernel.tar.gz 14s
PUT /tmp/ktest-kernel.tar.gz 14s
PUT /tmp/ktest-kernel.tar.gz 14s
PUT /tmp/ktest-lustre.tar.gz 2s
PUT /tmp/ktest-lustre.tar.gz 2s
PUT /tmp/ktest-lustre.tar.gz 2s
PUT /tmp/ktest-lustre.tar.gz 2s
PUT /tmp/ktest-zfs.tar.gz 0s
PUT /tmp/ktest-zfs.tar.gz 0s
PUT /tmp/ktest-zfs.tar.gz 0s
END checkpatch:checkpatch tool checkpatch FAIL 20s (exit code: 1)
END u24:u24 build tests/fs/lustre/boot.ktest PASS 48s
END al2023:al2023 build tests/fs/lustre/boot.ktest PASS 54s
GET /tmp/ktest_ml-strict:lustre_mainline_ll559xgp.tar 5s
END ml-strict:lustre_mainline build tests/fs/lustre/boot-strict.ktest FAIL 169s (exit code: 1)
GET /tmp/ktest_ml:lustre_mainline_wlbgpe4r.tar 0s
GET /tmp/ktest_ml-miscvm:lustre_mainline_native_y17wnear.tar 0s
END ml:lustre_mainline build tests/fs/lustre/boot.ktest PASS 181s
END ml-miscvm:lustre_mainline_native build tests/fs/lustre/boot.ktest PASS 182s
START ml-miscvm:boot run tests/fs/lustre/boot.ktest
START ml-miscvm:llmount run tests/fs/lustre/llmount.ktest
START ml-miscvm:llog-unit run tests/fs/lustre/llog-unit.ktest
START ml-miscvm:mgs-setup run tests/fs/lustre/mgs-setup.ktest
START ml-miscvm:sanity-1 run tests/fs/lustre/sanity/sanity-1.ktest
START ml-miscvm:sanity-2 run tests/fs/lustre/sanity/sanity-2.ktest
START ml-miscvm:sanity-3 run tests/fs/lustre/sanity/sanity-3.ktest
START ml-miscvm:sanity-4 run tests/fs/lustre/sanity/sanity-4.ktest
PUT /tmp/ktest-kernel.tar.gz 26s
PUT /tmp/ktest-kernel.tar.gz 26s
PUT /tmp/ktest-kernel.tar.gz 26s
PUT /tmp/ktest-kernel.tar.gz 26s
PUT /tmp/ktest-kernel.tar.gz 27s
PUT /tmp/ktest-kernel.tar.gz 27s
PUT /tmp/ktest-kernel.tar.gz 27s
PUT /tmp/ktest-kernel.tar.gz 27s
PUT /tmp/ktest-lustre.tar.gz 12s
PUT /tmp/ktest-lustre.tar.gz 13s
PUT /tmp/ktest-lustre.tar.gz 13s
PUT /tmp/ktest-lustre.tar.gz 13s
PUT /tmp/ktest-lustre.tar.gz 12s
PUT /tmp/ktest-lustre.tar.gz 12s
PUT /tmp/ktest-lustre.tar.gz 13s
PUT /tmp/ktest-lustre.tar.gz 13s
PUT /tmp/ktest_ml-miscvm:lustre_mainline_native_y17wnear.tar 2s
PUT /tmp/ktest_ml-miscvm:lustre_mainline_native_y17wnear.tar 2s
PUT /tmp/ktest_ml-miscvm:lustre_mainline_native_y17wnear.tar 2s
PUT /tmp/ktest_ml-miscvm:lustre_mainline_native_y17wnear.tar 2s
PUT /tmp/ktest_ml-miscvm:lustre_mainline_native_y17wnear.tar 2s
PUT /tmp/ktest_ml-miscvm:lustre_mainline_native_y17wnear.tar 2s
PUT /tmp/ktest_ml-miscvm:lustre_mainline_native_y17wnear.tar 2s
PUT /tmp/ktest_ml-miscvm:lustre_mainline_native_y17wnear.tar 2s
END ml-miscvm:boot run tests/fs/lustre/boot.ktest PASS 55s
END ml-miscvm:mgs-setup run tests/fs/lustre/mgs-setup.ktest PASS 65s
END ml-miscvm:sanity-1 run tests/fs/lustre/sanity/sanity-1.ktest PASS 99s
END ml-miscvm:sanity-4 run tests/fs/lustre/sanity/sanity-4.ktest PASS 100s
END ml-miscvm:sanity-2 run tests/fs/lustre/sanity/sanity-2.ktest PASS 101s
END ml-miscvm:sanity-3 run tests/fs/lustre/sanity/sanity-3.ktest PASS 103s
END ml-miscvm:llmount run tests/fs/lustre/llmount.ktest PASS 106s
END ml-miscvm:llog-unit run tests/fs/lustre/llog-unit.ktest FAIL 147s (exit code: 1)

============================================================
Final Results:
  checkpatch:checkpatch: FAIL (20s) (log: /var/www/ci-lustre/upstream-patch-review/6e92ec55e6d75697b40126de55e5a14465ca0100_checkpatch:checkpatch.log)
  u24:u24: PASS (48s) (log: /var/www/ci-lustre/upstream-patch-review/6e92ec55e6d75697b40126de55e5a14465ca0100_u24:u24.log)
  al2023:al2023: PASS (54s) (log: /var/www/ci-lustre/upstream-patch-review/6e92ec55e6d75697b40126de55e5a14465ca0100_al2023:al2023.log)
  ml-strict:lustre_mainline: FAIL (169s) (log: /var/www/ci-lustre/upstream-patch-review/6e92ec55e6d75697b40126de55e5a14465ca0100_ml-strict:lustre_mainline.log)
  ml:lustre_mainline: PASS (181s) (log: /var/www/ci-lustre/upstream-patch-review/6e92ec55e6d75697b40126de55e5a14465ca0100_ml:lustre_mainline.log)
  ml-miscvm:lustre_mainline_native: PASS (182s) (log: /var/www/ci-lustre/upstream-patch-review/6e92ec55e6d75697b40126de55e5a14465ca0100_ml-miscvm:lustre_mainline_native.log)
  ml-miscvm:boot: PASS (55s) (log: /var/www/ci-lustre/upstream-patch-review/6e92ec55e6d75697b40126de55e5a14465ca0100_ml-miscvm:boot.log)
  ml-miscvm:llmount: PASS (106s) (log: /var/www/ci-lustre/upstream-patch-review/6e92ec55e6d75697b40126de55e5a14465ca0100_ml-miscvm:llmount.log)
  ml-miscvm:llog-unit: FAIL (147s) (log: /var/www/ci-lustre/upstream-patch-review/6e92ec55e6d75697b40126de55e5a14465ca0100_ml-miscvm:llog-unit.log)
  ml-miscvm:mgs-setup: PASS (65s) (log: /var/www/ci-lustre/upstream-patch-review/6e92ec55e6d75697b40126de55e5a14465ca0100_ml-miscvm:mgs-setup.log)
  ml-miscvm:sanity-1: PASS (99s) (log: /var/www/ci-lustre/upstream-patch-review/6e92ec55e6d75697b40126de55e5a14465ca0100_ml-miscvm:sanity-1.log)
  ml-miscvm:sanity-2: PASS (101s) (log: /var/www/ci-lustre/upstream-patch-review/6e92ec55e6d75697b40126de55e5a14465ca0100_ml-miscvm:sanity-2.log)
  ml-miscvm:sanity-3: PASS (103s) (log: /var/www/ci-lustre/upstream-patch-review/6e92ec55e6d75697b40126de55e5a14465ca0100_ml-miscvm:sanity-3.log)
  ml-miscvm:sanity-4: PASS (100s) (log: /var/www/ci-lustre/upstream-patch-review/6e92ec55e6d75697b40126de55e5a14465ca0100_ml-miscvm:sanity-4.log)

Total execution time: 361s

Packed 3175 logs from /var/www/ci-lustre/upstream-patch-review into /home/ktest/ktest/local-site/local_data.js
Open /home/ktest/ktest/local-site/index.html in a browser
