00000 
00004 LNetError: 152:0:(lib-socket.c:619:lnet_inet_enumerate()) lnet: Can't find any usable interfaces, rc = -ENOENT
00004 LNetError: Error -100 starting up LNI tcp
00004 LustreError: 152:0:(events.c:627:ptlrpc_init_portals()) network initialisation failed: rc = -100
00009 tlp: vm.laptop_mode is deprecated. Ignoring setting.
00009 Kernel version: 7.0.0-ktest-6e92ec5-6330a45-20260916-dirty
00009 hook init_noop
00009 
00009 Running tests llmount
00009 
00009 ========= TEST   llmount
00013 SETUP LUSTRE ... LNet: Added LNI 10.0.2.15@tcp [8/256/0/180]
00014 Lustre: Echo OBD driver; http://www.lustre.org/
00014 Lustre: 1927:0:(mdt_handler.c:64:mdt_max_mod_rpcs_per_client_set()) max_mod_rpcs_per_client is deprecated, set mdt.*.max_mod_rpcs_in_flight parameter instead
00014 Lustre: ctl-lustre-MDT0000: No data found on store. Initialize space.
00014 Lustre: lustre-MDT0000: new disk, initializing
00014 Lustre: lustre-MDT0000: Imperative Recovery not enabled, recovery window 300-900
00014 Lustre: ctl-lustre-MDT0000: super-sequence allocation rc = 0 [0x0000000200000400-0x0000000240000400]:0:mdt
00015 Lustre: cli-ctl-lustre-MDT0001: Allocated super-sequence [0x0000000240000400-0x0000000280000400]:1:mdt]
00015 LustreError: 1933:0:(osd_dirent.c:113:osd_index_dir_insert()) lustre-MDT0000: lookup [0x240000400:0x2:0x0] from icache failed: rc=-22
00015 Lustre: 1933:0:(out_handler.c:886:out_tx_end()) lustre-MDT0000-osd: error during execution of #0 from lustre/ptlrpc/../target/out_handler.c:535: rc = -22
00015 LustreError: 1977:0:(mdt_handler.c:8434:mdt_trash_setup_thread()) lustre-MDT0001: Trash dir setup failed: rc = -22
00015 LustreError: 1933:0:(osd_dirent.c:113:osd_index_dir_insert()) lustre-MDT0000: lookup [0x240000400:0xaa:0x0] from icache failed: rc=-22
00015 LustreError: 1933:0:(osd_dirent.c:113:osd_index_dir_insert()) Skipped 165 previous similar messages
00015 Lustre: 1933:0:(out_handler.c:886:out_tx_end()) lustre-MDT0000-osd: error during execution of #0 from lustre/ptlrpc/../target/out_handler.c:535: rc = -22
00015 Lustre: 1933:0:(out_handler.c:886:out_tx_end()) Skipped 165 previous similar messages
00015 LustreError: 1977:0:(mdt_handler.c:8434:mdt_trash_setup_thread()) lustre-MDT0001: Trash dir setup failed: rc = -22
00015 LustreError: 1977:0:(mdt_handler.c:8434:mdt_trash_setup_thread()) Skipped 165 previous similar messages
00016 LustreError: 1990:0:(osd_dirent.c:113:osd_index_dir_insert()) lustre-MDT0000: lookup [0x240000400:0x204:0x0] from icache failed: rc=-22
00016 LustreError: 1990:0:(osd_dirent.c:113:osd_index_dir_insert()) Skipped 345 previous similar messages
00016 Lustre: 1990:0:(out_handler.c:886:out_tx_end()) lustre-MDT0000-osd: error during execution of #0 from lustre/ptlrpc/../target/out_handler.c:535: rc = -22
00016 Lustre: 1990:0:(out_handler.c:886:out_tx_end()) Skipped 345 previous similar messages
00016 LustreError: 1977:0:(mdt_handler.c:8434:mdt_trash_setup_thread()) lustre-MDT0001: Trash dir setup failed: rc = -22
00016 LustreError: 1977:0:(mdt_handler.c:8434:mdt_trash_setup_thread()) Skipped 345 previous similar messages
00018 LustreError: 1990:0:(osd_dirent.c:113:osd_index_dir_insert()) lustre-MDT0000: lookup [0x240000400:0x4e3:0x0] from icache failed: rc=-22
00018 LustreError: 1990:0:(osd_dirent.c:113:osd_index_dir_insert()) Skipped 734 previous similar messages
00018 Lustre: 1990:0:(out_handler.c:886:out_tx_end()) lustre-MDT0000-osd: error during execution of #0 from lustre/ptlrpc/../target/out_handler.c:535: rc = -22
00018 Lustre: 1990:0:(out_handler.c:886:out_tx_end()) Skipped 734 previous similar messages
00018 LustreError: 1977:0:(mdt_handler.c:8434:mdt_trash_setup_thread()) lustre-MDT0001: Trash dir setup failed: rc = -22
00018 LustreError: 1977:0:(mdt_handler.c:8434:mdt_trash_setup_thread()) Skipped 734 previous similar messages
00021 Lustre: ctl-lustre-MDT0000: super-sequence allocation rc = 0 [0x0000000280000400-0x00000002c0000400]:0:ost
00021 Lustre: Skipped 1 previous similar message
00021 Lustre: cli-lustre-OST0000-super: Allocated super-sequence [0x0000000280000400-0x00000002c0000400]:0:ost]
00021 Lustre: lustre-OST0000-osc-MDT0000: update sequence from 0x100000000 to 0x280000401
00021 Lustre: lustre-OST0001-osc-MDT0000: update sequence from 0x100010000 to 0x2c0000401
00022 LustreError: 1968:0:(osd_dirent.c:113:osd_index_dir_insert()) lustre-MDT0000: lookup [0x240000400:0xab1:0x0] from icache failed: rc=-22
00022 LustreError: 1968:0:(osd_dirent.c:113:osd_index_dir_insert()) Skipped 1484 previous similar messages
00022 Lustre: 1968:0:(out_handler.c:886:out_tx_end()) lustre-MDT0000-osd: error during execution of #0 from lustre/ptlrpc/../target/out_handler.c:535: rc = -22
00022 Lustre: 1968:0:(out_handler.c:886:out_tx_end()) Skipped 1484 previous similar messages
00022 LustreError: 1977:0:(mdt_handler.c:8434:mdt_trash_setup_thread()) lustre-MDT0001: Trash dir setup failed: rc = -22
00022 LustreError: 1977:0:(mdt_handler.c:8434:mdt_trash_setup_thread()) Skipped 1484 previous similar messages
00026 Lustre: lustre-MDT0000: local client f52ea88e-58b6-4631-958e-ff57517c5312 w/o recovery
00026 Lustre: Skipped 1 previous similar message
00026 Lustre: client wants to enable acl, but mdt not!
00026 Lustre: Mounted lustre-client - version 2.17.57
00026 lustre-ktest (1908) used greatest stack depth: 23568 bytes left
00027 17s
00030 LustreError: 1933:0:(osd_dirent.c:113:osd_index_dir_insert()) lustre-MDT0000: lookup [0x240000400:0x1671:0x0] from icache failed: rc=-22
00030 LustreError: 1933:0:(osd_dirent.c:113:osd_index_dir_insert()) Skipped 3006 previous similar messages
00030 Lustre: 1933:0:(out_handler.c:886:out_tx_end()) lustre-MDT0000-osd: error during execution of #0 from lustre/ptlrpc/../target/out_handler.c:535: rc = -22
00030 Lustre: 1933:0:(out_handler.c:886:out_tx_end()) Skipped 3006 previous similar messages
00030 LustreError: 1977:0:(mdt_handler.c:8434:mdt_trash_setup_thread()) lustre-MDT0001: Trash dir setup failed: rc = -22
00030 LustreError: 1977:0:(mdt_handler.c:8434:mdt_trash_setup_thread()) Skipped 3006 previous similar messages
00037 CLEANUP LUSTRE ... Lustre: Unmounted lustre-client
00037 Lustre: server umount lustre-OST0000 complete
00037 Lustre: server umount lustre-OST0001 complete
00037 LustreError: 1977:0:(osp_object.c:618:osp_attr_get()) lustre-MDT0000-osp-MDT0001: osp_attr_get update error [0x200000002:0x4:0x0]: rc = -5
00037 LustreError: 1977:0:(client.c:1381:ptlrpc_import_delay_req()) @@@ IMP_CLOSED  req@00000000f21529ff x1876461843511296/t0(0) o1000->lustre-MDT0000-osp-MDT0001@0@lo:24/4 lens 304/4320 e 0 to 0 dl 0 ref 2 fl Rpc:QU/200/ffffffff rc 0/-1 job:'' uid:0 gid:0 projid:4294967295
00042 LustreError: lustre-MDT0001-osp-MDT0000: operation mds_statfs to node 0@lo failed: rc = -107
00042 Lustre: lustre-MDT0001-osp-MDT0000: Connection to lustre-MDT0001 (at 0@lo) was lost; in progress operations using this service will wait for recovery to complete
00042 Lustre: lustre-MDT0001: Not available for connect from 0@lo (stopping)
00047 Lustre: server umount lustre-MDT0001 complete
00057 Lustre: server umount lustre-MDT0000 complete
00057 21s
00057 
00057 ========= PASSED llmount in 48s
00057 
00057 Passed: llmount
00057 Failed: 
00057 NOTICE: Automounting of tracing to debugfs is deprecated and will be removed in 2030
00057 Kernel version: 7.0.0-ktest-6e92ec5-6330a45-20260916-dirty
00057 TEST SUCCESS
