CLI: ./pk --podman-socket unix:///run/user/1000/podman/podman.sock --shared-filesystem /tmp --tarball-input job lustre-ci --output /var/www/ci-lustre/upstream-patch-review --git-hash 6f407e524bd6eeea1d13ed4f054e2317b5f2c1fa --change-id 69305_6f407e524bd6eeea1d13ed4f054e2317b5f2c1fa --subject LU-8933 lod: balance round-robin first stripe start

Environment validated successfully
Note: custom LLVM is not synced in tarball input mode
Creating kernel tarball at /tmp/ktest-kernel.tar.gz...
Creating lustre tarball at /tmp/ktest-lustre.tar.gz...
Creating ZFS tarball at /tmp/ktest-zfs.tar.gz...
Executing 14 jobs
Jobs will start as soon as their dependencies are satisfied
Using tarball input mode

START u24:u24 build tests/fs/lustre/boot.ktest
START ml:lustre_mainline build tests/fs/lustre/boot.ktest
START ml-strict:lustre_mainline build tests/fs/lustre/boot-strict.ktest
START checkpatch:checkpatch tool checkpatch
START al2023:al2023 build tests/fs/lustre/boot.ktest
START ml-miscvm:lustre_mainline_native build tests/fs/lustre/boot.ktest
PUT /tmp/ktest-lustre.tar.gz 1s
PUT /tmp/ktest-lustre.tar.gz 1s
PUT /tmp/ktest-kernel.tar.gz 14s
PUT /tmp/ktest-kernel.tar.gz 14s
PUT /tmp/ktest-kernel.tar.gz 14s
PUT /tmp/ktest-kernel.tar.gz 14s
PUT /tmp/ktest-lustre.tar.gz 2s
PUT /tmp/ktest-lustre.tar.gz 2s
PUT /tmp/ktest-lustre.tar.gz 2s
PUT /tmp/ktest-lustre.tar.gz 2s
PUT /tmp/ktest-zfs.tar.gz 0s
PUT /tmp/ktest-zfs.tar.gz 0s
PUT /tmp/ktest-zfs.tar.gz 0s
END checkpatch:checkpatch tool checkpatch PASS 20s
END u24:u24 build tests/fs/lustre/boot.ktest PASS 45s
END al2023:al2023 build tests/fs/lustre/boot.ktest PASS 52s
GET /tmp/ktest_ml-strict:lustre_mainline_lk_w1it1.tar 10s
END ml-strict:lustre_mainline build tests/fs/lustre/boot-strict.ktest FAIL 199s (exit code: 1)
GET /tmp/ktest_ml:lustre_mainline_44n8ylcm.tar 0s
GET /tmp/ktest_ml-miscvm:lustre_mainline_native_mxvrepa9.tar 0s
END ml:lustre_mainline build tests/fs/lustre/boot.ktest PASS 228s
END ml-miscvm:lustre_mainline_native build tests/fs/lustre/boot.ktest PASS 230s
START ml-miscvm:boot run tests/fs/lustre/boot.ktest
START ml-miscvm:llmount run tests/fs/lustre/llmount.ktest
START ml-miscvm:llog-unit run tests/fs/lustre/llog-unit.ktest
START ml-miscvm:mgs-setup run tests/fs/lustre/mgs-setup.ktest
START ml-miscvm:sanity-1 run tests/fs/lustre/sanity/sanity-1.ktest
START ml-miscvm:sanity-2 run tests/fs/lustre/sanity/sanity-2.ktest
START ml-miscvm:sanity-3 run tests/fs/lustre/sanity/sanity-3.ktest
START ml-miscvm:sanity-4 run tests/fs/lustre/sanity/sanity-4.ktest
PUT /tmp/ktest-kernel.tar.gz 53s
PUT /tmp/ktest-kernel.tar.gz 53s
PUT /tmp/ktest-kernel.tar.gz 53s
PUT /tmp/ktest-kernel.tar.gz 54s
PUT /tmp/ktest-kernel.tar.gz 54s
PUT /tmp/ktest-kernel.tar.gz 53s
PUT /tmp/ktest-kernel.tar.gz 54s
PUT /tmp/ktest-kernel.tar.gz 54s
PUT /tmp/ktest-lustre.tar.gz 14s
PUT /tmp/ktest-lustre.tar.gz 15s
PUT /tmp/ktest-lustre.tar.gz 14s
PUT /tmp/ktest-lustre.tar.gz 15s
PUT /tmp/ktest-lustre.tar.gz 15s
PUT /tmp/ktest-lustre.tar.gz 15s
PUT /tmp/ktest-lustre.tar.gz 15s
PUT /tmp/ktest-lustre.tar.gz 15s
PUT /tmp/ktest_ml-miscvm:lustre_mainline_native_mxvrepa9.tar 2s
PUT /tmp/ktest_ml-miscvm:lustre_mainline_native_mxvrepa9.tar 2s
PUT /tmp/ktest_ml-miscvm:lustre_mainline_native_mxvrepa9.tar 2s
PUT /tmp/ktest_ml-miscvm:lustre_mainline_native_mxvrepa9.tar 2s
PUT /tmp/ktest_ml-miscvm:lustre_mainline_native_mxvrepa9.tar 2s
PUT /tmp/ktest_ml-miscvm:lustre_mainline_native_mxvrepa9.tar 2s
PUT /tmp/ktest_ml-miscvm:lustre_mainline_native_mxvrepa9.tar 2s
PUT /tmp/ktest_ml-miscvm:lustre_mainline_native_mxvrepa9.tar 2s
END ml-miscvm:boot run tests/fs/lustre/boot.ktest PASS 85s
END ml-miscvm:mgs-setup run tests/fs/lustre/mgs-setup.ktest PASS 93s
END ml-miscvm:sanity-2 run tests/fs/lustre/sanity/sanity-2.ktest PASS 125s
END ml-miscvm:sanity-4 run tests/fs/lustre/sanity/sanity-4.ktest PASS 127s
END ml-miscvm:llmount run tests/fs/lustre/llmount.ktest PASS 132s
END ml-miscvm:sanity-3 run tests/fs/lustre/sanity/sanity-3.ktest PASS 138s
END ml-miscvm:sanity-1 run tests/fs/lustre/sanity/sanity-1.ktest PASS 140s
END ml-miscvm:llog-unit run tests/fs/lustre/llog-unit.ktest FAIL 170s (exit code: 1)

============================================================
Final Results:
  checkpatch:checkpatch: PASS (20s) (log: /var/www/ci-lustre/upstream-patch-review/6f407e524bd6eeea1d13ed4f054e2317b5f2c1fa_checkpatch:checkpatch.log)
  u24:u24: PASS (45s) (log: /var/www/ci-lustre/upstream-patch-review/6f407e524bd6eeea1d13ed4f054e2317b5f2c1fa_u24:u24.log)
  al2023:al2023: PASS (52s) (log: /var/www/ci-lustre/upstream-patch-review/6f407e524bd6eeea1d13ed4f054e2317b5f2c1fa_al2023:al2023.log)
  ml-strict:lustre_mainline: FAIL (199s) (log: /var/www/ci-lustre/upstream-patch-review/6f407e524bd6eeea1d13ed4f054e2317b5f2c1fa_ml-strict:lustre_mainline.log)
  ml:lustre_mainline: PASS (228s) (log: /var/www/ci-lustre/upstream-patch-review/6f407e524bd6eeea1d13ed4f054e2317b5f2c1fa_ml:lustre_mainline.log)
  ml-miscvm:lustre_mainline_native: PASS (230s) (log: /var/www/ci-lustre/upstream-patch-review/6f407e524bd6eeea1d13ed4f054e2317b5f2c1fa_ml-miscvm:lustre_mainline_native.log)
  ml-miscvm:boot: PASS (85s) (log: /var/www/ci-lustre/upstream-patch-review/6f407e524bd6eeea1d13ed4f054e2317b5f2c1fa_ml-miscvm:boot.log)
  ml-miscvm:llmount: PASS (132s) (log: /var/www/ci-lustre/upstream-patch-review/6f407e524bd6eeea1d13ed4f054e2317b5f2c1fa_ml-miscvm:llmount.log)
  ml-miscvm:llog-unit: FAIL (170s) (log: /var/www/ci-lustre/upstream-patch-review/6f407e524bd6eeea1d13ed4f054e2317b5f2c1fa_ml-miscvm:llog-unit.log)
  ml-miscvm:mgs-setup: PASS (93s) (log: /var/www/ci-lustre/upstream-patch-review/6f407e524bd6eeea1d13ed4f054e2317b5f2c1fa_ml-miscvm:mgs-setup.log)
  ml-miscvm:sanity-1: PASS (140s) (log: /var/www/ci-lustre/upstream-patch-review/6f407e524bd6eeea1d13ed4f054e2317b5f2c1fa_ml-miscvm:sanity-1.log)
  ml-miscvm:sanity-2: PASS (125s) (log: /var/www/ci-lustre/upstream-patch-review/6f407e524bd6eeea1d13ed4f054e2317b5f2c1fa_ml-miscvm:sanity-2.log)
  ml-miscvm:sanity-3: PASS (138s) (log: /var/www/ci-lustre/upstream-patch-review/6f407e524bd6eeea1d13ed4f054e2317b5f2c1fa_ml-miscvm:sanity-3.log)
  ml-miscvm:sanity-4: PASS (127s) (log: /var/www/ci-lustre/upstream-patch-review/6f407e524bd6eeea1d13ed4f054e2317b5f2c1fa_ml-miscvm:sanity-4.log)

Total execution time: 432s

Packed 7996 logs from /var/www/ci-lustre/upstream-patch-review into /home/ktest/ktest/local-site/local_data.js
Open /home/ktest/ktest/local-site/index.html in a browser
