CLI: ./pk --podman-socket unix:///run/user/1000/podman/podman.sock --shared-filesystem /tmp --tarball-input job lustre-ci --output /var/www/ci-lustre/upstream-patch-review --git-hash 700da090057862966ce6d793feee4126c82f6e70 --change-id 68493_700da090057862966ce6d793feee4126c82f6e70 --subject LU-17000 mdd: remove redundant NULL checks

Environment validated successfully
Note: custom LLVM is not synced in tarball input mode
Creating kernel tarball at /tmp/ktest-kernel.tar.gz...
Creating lustre tarball at /tmp/ktest-lustre.tar.gz...
Creating ZFS tarball at /tmp/ktest-zfs.tar.gz...
Executing 14 jobs
Jobs will start as soon as their dependencies are satisfied
Using tarball input mode

START ml:lustre_mainline build tests/fs/lustre/boot.ktest
START ml-strict:lustre_mainline build tests/fs/lustre/boot-strict.ktest
START u24:u24 build tests/fs/lustre/boot.ktest
START al2023:al2023 build tests/fs/lustre/boot.ktest
START ml-miscvm:lustre_mainline_native build tests/fs/lustre/boot.ktest
START checkpatch:checkpatch tool checkpatch
PUT /tmp/ktest-lustre.tar.gz 1s
PUT /tmp/ktest-lustre.tar.gz 2s
PUT /tmp/ktest-kernel.tar.gz 8s
PUT /tmp/ktest-kernel.tar.gz 8s
PUT /tmp/ktest-kernel.tar.gz 8s
PUT /tmp/ktest-kernel.tar.gz 8s
PUT /tmp/ktest-lustre.tar.gz 4s
PUT /tmp/ktest-lustre.tar.gz 4s
PUT /tmp/ktest-lustre.tar.gz 4s
PUT /tmp/ktest-lustre.tar.gz 5s
PUT /tmp/ktest-zfs.tar.gz 0s
PUT /tmp/ktest-zfs.tar.gz 1s
PUT /tmp/ktest-zfs.tar.gz 0s
END checkpatch:checkpatch tool checkpatch PASS 16s
END u24:u24 build tests/fs/lustre/boot.ktest PASS 41s
END al2023:al2023 build tests/fs/lustre/boot.ktest PASS 47s
GET /tmp/ktest_ml-strict:lustre_mainline_yx2ds8o1.tar 5s
END ml-strict:lustre_mainline build tests/fs/lustre/boot-strict.ktest FAIL 157s (exit code: 1)
GET /tmp/ktest_ml-miscvm:lustre_mainline_native_n2f0y9i1.tar 0s
GET /tmp/ktest_ml:lustre_mainline_899f9anv.tar 0s
END ml-miscvm:lustre_mainline_native build tests/fs/lustre/boot.ktest PASS 169s
START ml-miscvm:boot run tests/fs/lustre/boot.ktest
START ml-miscvm:llmount run tests/fs/lustre/llmount.ktest
START ml-miscvm:llog-unit run tests/fs/lustre/llog-unit.ktest
START ml-miscvm:mgs-setup run tests/fs/lustre/mgs-setup.ktest
START ml-miscvm:sanity-1 run tests/fs/lustre/sanity/sanity-1.ktest
START ml-miscvm:sanity-2 run tests/fs/lustre/sanity/sanity-2.ktest
START ml-miscvm:sanity-3 run tests/fs/lustre/sanity/sanity-3.ktest
START ml-miscvm:sanity-4 run tests/fs/lustre/sanity/sanity-4.ktest
END ml:lustre_mainline build tests/fs/lustre/boot.ktest PASS 171s
PUT /tmp/ktest-kernel.tar.gz 42s
PUT /tmp/ktest-kernel.tar.gz 41s
PUT /tmp/ktest-kernel.tar.gz 42s
PUT /tmp/ktest-kernel.tar.gz 42s
PUT /tmp/ktest-kernel.tar.gz 42s
PUT /tmp/ktest-kernel.tar.gz 42s
PUT /tmp/ktest-kernel.tar.gz 42s
PUT /tmp/ktest-kernel.tar.gz 42s
PUT /tmp/ktest-lustre.tar.gz 13s
PUT /tmp/ktest-lustre.tar.gz 12s
PUT /tmp/ktest-lustre.tar.gz 12s
PUT /tmp/ktest-lustre.tar.gz 12s
PUT /tmp/ktest-lustre.tar.gz 12s
PUT /tmp/ktest-lustre.tar.gz 12s
PUT /tmp/ktest-lustre.tar.gz 13s
PUT /tmp/ktest-lustre.tar.gz 13s
PUT /tmp/ktest_ml-miscvm:lustre_mainline_native_n2f0y9i1.tar 2s
PUT /tmp/ktest_ml-miscvm:lustre_mainline_native_n2f0y9i1.tar 2s
PUT /tmp/ktest_ml-miscvm:lustre_mainline_native_n2f0y9i1.tar 2s
PUT /tmp/ktest_ml-miscvm:lustre_mainline_native_n2f0y9i1.tar 2s
PUT /tmp/ktest_ml-miscvm:lustre_mainline_native_n2f0y9i1.tar 2s
PUT /tmp/ktest_ml-miscvm:lustre_mainline_native_n2f0y9i1.tar 2s
PUT /tmp/ktest_ml-miscvm:lustre_mainline_native_n2f0y9i1.tar 2s
PUT /tmp/ktest_ml-miscvm:lustre_mainline_native_n2f0y9i1.tar 2s
END ml-miscvm:boot run tests/fs/lustre/boot.ktest PASS 71s
END ml-miscvm:mgs-setup run tests/fs/lustre/mgs-setup.ktest PASS 80s
END ml-miscvm:sanity-4 run tests/fs/lustre/sanity/sanity-4.ktest PASS 112s
END ml-miscvm:sanity-2 run tests/fs/lustre/sanity/sanity-2.ktest PASS 113s
END ml-miscvm:sanity-3 run tests/fs/lustre/sanity/sanity-3.ktest PASS 114s
END ml-miscvm:llmount run tests/fs/lustre/llmount.ktest PASS 119s
END ml-miscvm:sanity-1 run tests/fs/lustre/sanity/sanity-1.ktest PASS 122s
END ml-miscvm:llog-unit run tests/fs/lustre/llog-unit.ktest FAIL 157s (exit code: 1)

============================================================
Final Results:
  checkpatch:checkpatch: PASS (16s) (log: /var/www/ci-lustre/upstream-patch-review/700da090057862966ce6d793feee4126c82f6e70_checkpatch:checkpatch.log)
  u24:u24: PASS (41s) (log: /var/www/ci-lustre/upstream-patch-review/700da090057862966ce6d793feee4126c82f6e70_u24:u24.log)
  al2023:al2023: PASS (47s) (log: /var/www/ci-lustre/upstream-patch-review/700da090057862966ce6d793feee4126c82f6e70_al2023:al2023.log)
  ml-strict:lustre_mainline: FAIL (157s) (log: /var/www/ci-lustre/upstream-patch-review/700da090057862966ce6d793feee4126c82f6e70_ml-strict:lustre_mainline.log)
  ml:lustre_mainline: PASS (171s) (log: /var/www/ci-lustre/upstream-patch-review/700da090057862966ce6d793feee4126c82f6e70_ml:lustre_mainline.log)
  ml-miscvm:lustre_mainline_native: PASS (169s) (log: /var/www/ci-lustre/upstream-patch-review/700da090057862966ce6d793feee4126c82f6e70_ml-miscvm:lustre_mainline_native.log)
  ml-miscvm:boot: PASS (71s) (log: /var/www/ci-lustre/upstream-patch-review/700da090057862966ce6d793feee4126c82f6e70_ml-miscvm:boot.log)
  ml-miscvm:llmount: PASS (119s) (log: /var/www/ci-lustre/upstream-patch-review/700da090057862966ce6d793feee4126c82f6e70_ml-miscvm:llmount.log)
  ml-miscvm:llog-unit: FAIL (157s) (log: /var/www/ci-lustre/upstream-patch-review/700da090057862966ce6d793feee4126c82f6e70_ml-miscvm:llog-unit.log)
  ml-miscvm:mgs-setup: PASS (80s) (log: /var/www/ci-lustre/upstream-patch-review/700da090057862966ce6d793feee4126c82f6e70_ml-miscvm:mgs-setup.log)
  ml-miscvm:sanity-1: PASS (122s) (log: /var/www/ci-lustre/upstream-patch-review/700da090057862966ce6d793feee4126c82f6e70_ml-miscvm:sanity-1.log)
  ml-miscvm:sanity-2: PASS (113s) (log: /var/www/ci-lustre/upstream-patch-review/700da090057862966ce6d793feee4126c82f6e70_ml-miscvm:sanity-2.log)
  ml-miscvm:sanity-3: PASS (114s) (log: /var/www/ci-lustre/upstream-patch-review/700da090057862966ce6d793feee4126c82f6e70_ml-miscvm:sanity-3.log)
  ml-miscvm:sanity-4: PASS (112s) (log: /var/www/ci-lustre/upstream-patch-review/700da090057862966ce6d793feee4126c82f6e70_ml-miscvm:sanity-4.log)

Total execution time: 358s

Packed 5506 logs from /var/www/ci-lustre/upstream-patch-review into /home/ktest/ktest/local-site/local_data.js
Open /home/ktest/ktest/local-site/index.html in a browser
