CLI: ./pk --podman-socket unix:///run/podman/podman.sock --shared-filesystem /tmp --tarball-input job lustre-ci --output /var/www/ci-lustre/upstream-patch-review --git-hash 727d83ccda48bc46849a34cdfc7ab3ef3f1225e4 --change-id 67516_727d83ccda48bc46849a34cdfc7ab3ef3f1225e4 --subject LU-18687 efalnd: LNDs should not depend on Lustre headers

Environment validated successfully
Note: custom LLVM is not synced in tarball input mode
Creating kernel tarball at /tmp/ktest-kernel.tar.gz...
Creating lustre tarball at /tmp/ktest-lustre.tar.gz...
Creating ZFS tarball at /tmp/ktest-zfs.tar.gz...
Executing 14 jobs
Jobs will start as soon as their dependencies are satisfied
Using tarball input mode

START ml:lustre_mainline build tests/fs/lustre/boot.ktest
START checkpatch:checkpatch tool checkpatch
START ml-miscvm:lustre_mainline_native build tests/fs/lustre/boot.ktest
START al2023:al2023 build tests/fs/lustre/boot.ktest
START ml-strict:lustre_mainline build tests/fs/lustre/boot-strict.ktest
START u24:u24 build tests/fs/lustre/boot.ktest
PUT /tmp/ktest-lustre.tar.gz 1s
PUT /tmp/ktest-lustre.tar.gz 1s
PUT /tmp/ktest-kernel.tar.gz 6s
PUT /tmp/ktest-kernel.tar.gz 6s
PUT /tmp/ktest-kernel.tar.gz 6s
PUT /tmp/ktest-kernel.tar.gz 6s
PUT /tmp/ktest-lustre.tar.gz 1s
PUT /tmp/ktest-lustre.tar.gz 1s
PUT /tmp/ktest-lustre.tar.gz 1s
PUT /tmp/ktest-lustre.tar.gz 2s
PUT /tmp/ktest-zfs.tar.gz 1s
PUT /tmp/ktest-zfs.tar.gz 1s
PUT /tmp/ktest-zfs.tar.gz 1s
END checkpatch:checkpatch tool checkpatch PASS 11s
END u24:u24 build tests/fs/lustre/boot.ktest PASS 40s
END al2023:al2023 build tests/fs/lustre/boot.ktest PASS 45s
GET /tmp/ktest_ml-strict:lustre_mainline_vhc0czgj.tar 6s
END ml-strict:lustre_mainline build tests/fs/lustre/boot-strict.ktest FAIL 163s (exit code: 1)
GET /tmp/ktest_ml-miscvm:lustre_mainline_native_ozhgomev.tar 0s
GET /tmp/ktest_ml:lustre_mainline_7av0dn1_.tar 0s
END ml-miscvm:lustre_mainline_native build tests/fs/lustre/boot.ktest PASS 169s
START ml-miscvm:boot run tests/fs/lustre/boot.ktest
START ml-miscvm:llmount run tests/fs/lustre/llmount.ktest
START ml-miscvm:llog-unit run tests/fs/lustre/llog-unit.ktest
START ml-miscvm:mgs-setup run tests/fs/lustre/mgs-setup.ktest
START ml-miscvm:sanity-1 run tests/fs/lustre/sanity/sanity-1.ktest
START ml-miscvm:sanity-2 run tests/fs/lustre/sanity/sanity-2.ktest
START ml-miscvm:sanity-3 run tests/fs/lustre/sanity/sanity-3.ktest
START ml-miscvm:sanity-4 run tests/fs/lustre/sanity/sanity-4.ktest
END ml:lustre_mainline build tests/fs/lustre/boot.ktest PASS 170s
PUT /tmp/ktest-kernel.tar.gz 21s
PUT /tmp/ktest-kernel.tar.gz 21s
PUT /tmp/ktest-kernel.tar.gz 22s
PUT /tmp/ktest-kernel.tar.gz 22s
PUT /tmp/ktest-kernel.tar.gz 22s
PUT /tmp/ktest-kernel.tar.gz 22s
PUT /tmp/ktest-kernel.tar.gz 22s
PUT /tmp/ktest-kernel.tar.gz 23s
PUT /tmp/ktest-lustre.tar.gz 8s
PUT /tmp/ktest-lustre.tar.gz 8s
PUT /tmp/ktest-lustre.tar.gz 8s
PUT /tmp/ktest-lustre.tar.gz 8s
PUT /tmp/ktest-lustre.tar.gz 8s
PUT /tmp/ktest-lustre.tar.gz 8s
PUT /tmp/ktest-lustre.tar.gz 8s
PUT /tmp/ktest-lustre.tar.gz 7s
PUT /tmp/ktest_ml-miscvm:lustre_mainline_native_ozhgomev.tar 1s
PUT /tmp/ktest_ml-miscvm:lustre_mainline_native_ozhgomev.tar 1s
PUT /tmp/ktest_ml-miscvm:lustre_mainline_native_ozhgomev.tar 1s
PUT /tmp/ktest_ml-miscvm:lustre_mainline_native_ozhgomev.tar 1s
PUT /tmp/ktest_ml-miscvm:lustre_mainline_native_ozhgomev.tar 1s
PUT /tmp/ktest_ml-miscvm:lustre_mainline_native_ozhgomev.tar 1s
PUT /tmp/ktest_ml-miscvm:lustre_mainline_native_ozhgomev.tar 1s
PUT /tmp/ktest_ml-miscvm:lustre_mainline_native_ozhgomev.tar 1s
END ml-miscvm:boot run tests/fs/lustre/boot.ktest PASS 44s
END ml-miscvm:mgs-setup run tests/fs/lustre/mgs-setup.ktest PASS 53s
END ml-miscvm:sanity-2 run tests/fs/lustre/sanity/sanity-2.ktest PASS 82s
END ml-miscvm:sanity-4 run tests/fs/lustre/sanity/sanity-4.ktest PASS 84s
END ml-miscvm:llmount run tests/fs/lustre/llmount.ktest PASS 94s
END ml-miscvm:sanity-1 run tests/fs/lustre/sanity/sanity-1.ktest PASS 95s
END ml-miscvm:sanity-3 run tests/fs/lustre/sanity/sanity-3.ktest PASS 96s
END ml-miscvm:llog-unit run tests/fs/lustre/llog-unit.ktest FAIL 130s (exit code: 1)

============================================================
Final Results:
  checkpatch:checkpatch: PASS (11s) (log: /var/www/ci-lustre/upstream-patch-review/727d83ccda48bc46849a34cdfc7ab3ef3f1225e4_checkpatch:checkpatch.log)
  u24:u24: PASS (40s) (log: /var/www/ci-lustre/upstream-patch-review/727d83ccda48bc46849a34cdfc7ab3ef3f1225e4_u24:u24.log)
  al2023:al2023: PASS (45s) (log: /var/www/ci-lustre/upstream-patch-review/727d83ccda48bc46849a34cdfc7ab3ef3f1225e4_al2023:al2023.log)
  ml-strict:lustre_mainline: FAIL (163s) (log: /var/www/ci-lustre/upstream-patch-review/727d83ccda48bc46849a34cdfc7ab3ef3f1225e4_ml-strict:lustre_mainline.log)
  ml:lustre_mainline: PASS (170s) (log: /var/www/ci-lustre/upstream-patch-review/727d83ccda48bc46849a34cdfc7ab3ef3f1225e4_ml:lustre_mainline.log)
  ml-miscvm:lustre_mainline_native: PASS (169s) (log: /var/www/ci-lustre/upstream-patch-review/727d83ccda48bc46849a34cdfc7ab3ef3f1225e4_ml-miscvm:lustre_mainline_native.log)
  ml-miscvm:boot: PASS (44s) (log: /var/www/ci-lustre/upstream-patch-review/727d83ccda48bc46849a34cdfc7ab3ef3f1225e4_ml-miscvm:boot.log)
  ml-miscvm:llmount: PASS (94s) (log: /var/www/ci-lustre/upstream-patch-review/727d83ccda48bc46849a34cdfc7ab3ef3f1225e4_ml-miscvm:llmount.log)
  ml-miscvm:llog-unit: FAIL (130s) (log: /var/www/ci-lustre/upstream-patch-review/727d83ccda48bc46849a34cdfc7ab3ef3f1225e4_ml-miscvm:llog-unit.log)
  ml-miscvm:mgs-setup: PASS (53s) (log: /var/www/ci-lustre/upstream-patch-review/727d83ccda48bc46849a34cdfc7ab3ef3f1225e4_ml-miscvm:mgs-setup.log)
  ml-miscvm:sanity-1: PASS (95s) (log: /var/www/ci-lustre/upstream-patch-review/727d83ccda48bc46849a34cdfc7ab3ef3f1225e4_ml-miscvm:sanity-1.log)
  ml-miscvm:sanity-2: PASS (82s) (log: /var/www/ci-lustre/upstream-patch-review/727d83ccda48bc46849a34cdfc7ab3ef3f1225e4_ml-miscvm:sanity-2.log)
  ml-miscvm:sanity-3: PASS (96s) (log: /var/www/ci-lustre/upstream-patch-review/727d83ccda48bc46849a34cdfc7ab3ef3f1225e4_ml-miscvm:sanity-3.log)
  ml-miscvm:sanity-4: PASS (84s) (log: /var/www/ci-lustre/upstream-patch-review/727d83ccda48bc46849a34cdfc7ab3ef3f1225e4_ml-miscvm:sanity-4.log)

Total execution time: 329s

Packed 460 logs from /var/www/ci-lustre/upstream-patch-review into /home/ktest/ktest/local-site/local_data.js
Open /home/ktest/ktest/local-site/index.html in a browser
