CLI: ./pk --podman-socket unix:///run/user/1000/podman/podman.sock --shared-filesystem /tmp --tarball-input job lustre-ci --output /var/www/ci-lustre/upstream-patch-review --git-hash 731583aded01878b54e092f201a66ab48cfb2c8c --change-id 68169_731583aded01878b54e092f201a66ab48cfb2c8c --subject LU-16518 sec: fix stale llcrypt function references

Environment validated successfully
Note: custom LLVM is not synced in tarball input mode
Creating kernel tarball at /tmp/ktest-kernel.tar.gz...
Creating lustre tarball at /tmp/ktest-lustre.tar.gz...
Creating ZFS tarball at /tmp/ktest-zfs.tar.gz...
Executing 14 jobs
Jobs will start as soon as their dependencies are satisfied
Using tarball input mode

START ml-miscvm:lustre_mainline_native build tests/fs/lustre/boot.ktest
START checkpatch:checkpatch tool checkpatch
START u24:u24 build tests/fs/lustre/boot.ktest
START al2023:al2023 build tests/fs/lustre/boot.ktest
START ml-strict:lustre_mainline build tests/fs/lustre/boot-strict.ktest
START ml:lustre_mainline build tests/fs/lustre/boot.ktest
PUT /tmp/ktest-lustre.tar.gz 1s
PUT /tmp/ktest-lustre.tar.gz 1s
PUT /tmp/ktest-kernel.tar.gz 8s
PUT /tmp/ktest-kernel.tar.gz 8s
PUT /tmp/ktest-kernel.tar.gz 8s
PUT /tmp/ktest-kernel.tar.gz 8s
PUT /tmp/ktest-lustre.tar.gz 3s
PUT /tmp/ktest-lustre.tar.gz 3s
PUT /tmp/ktest-lustre.tar.gz 3s
PUT /tmp/ktest-lustre.tar.gz 3s
PUT /tmp/ktest-zfs.tar.gz 1s
PUT /tmp/ktest-zfs.tar.gz 1s
PUT /tmp/ktest-zfs.tar.gz 1s
END checkpatch:checkpatch tool checkpatch PASS 14s
END u24:u24 build tests/fs/lustre/boot.ktest PASS 40s
END al2023:al2023 build tests/fs/lustre/boot.ktest PASS 44s
GET /tmp/ktest_ml-miscvm:lustre_mainline_native_qvbfzh2z.tar 0s
END ml-miscvm:lustre_mainline_native build tests/fs/lustre/boot.ktest PASS 158s
START ml-miscvm:boot run tests/fs/lustre/boot.ktest
START ml-miscvm:llmount run tests/fs/lustre/llmount.ktest
START ml-miscvm:llog-unit run tests/fs/lustre/llog-unit.ktest
START ml-miscvm:mgs-setup run tests/fs/lustre/mgs-setup.ktest
START ml-miscvm:sanity-1 run tests/fs/lustre/sanity/sanity-1.ktest
START ml-miscvm:sanity-2 run tests/fs/lustre/sanity/sanity-2.ktest
START ml-miscvm:sanity-3 run tests/fs/lustre/sanity/sanity-3.ktest
START ml-miscvm:sanity-4 run tests/fs/lustre/sanity/sanity-4.ktest
GET /tmp/ktest_ml-strict:lustre_mainline_r1sfo84m.tar 4s
END ml-strict:lustre_mainline build tests/fs/lustre/boot-strict.ktest FAIL 166s (exit code: 1)
PUT /tmp/ktest-kernel.tar.gz 70s
PUT /tmp/ktest-kernel.tar.gz 69s
PUT /tmp/ktest-kernel.tar.gz 70s
PUT /tmp/ktest-kernel.tar.gz 70s
PUT /tmp/ktest-kernel.tar.gz 70s
PUT /tmp/ktest-kernel.tar.gz 70s
PUT /tmp/ktest-kernel.tar.gz 70s
PUT /tmp/ktest-kernel.tar.gz 70s
PUT /tmp/ktest-lustre.tar.gz 17s
PUT /tmp/ktest-lustre.tar.gz 17s
PUT /tmp/ktest_ml-miscvm:lustre_mainline_native_qvbfzh2z.tar 0s
PUT /tmp/ktest-lustre.tar.gz 17s
PUT /tmp/ktest-lustre.tar.gz 17s
PUT /tmp/ktest-lustre.tar.gz 17s
PUT /tmp/ktest-lustre.tar.gz 17s
PUT /tmp/ktest-lustre.tar.gz 16s
PUT /tmp/ktest-lustre.tar.gz 17s
PUT /tmp/ktest_ml-miscvm:lustre_mainline_native_qvbfzh2z.tar 2s
PUT /tmp/ktest_ml-miscvm:lustre_mainline_native_qvbfzh2z.tar 2s
GET /tmp/ktest_ml:lustre_mainline_c8y28a8d.tar 3s
PUT /tmp/ktest_ml-miscvm:lustre_mainline_native_qvbfzh2z.tar 3s
PUT /tmp/ktest_ml-miscvm:lustre_mainline_native_qvbfzh2z.tar 3s
PUT /tmp/ktest_ml-miscvm:lustre_mainline_native_qvbfzh2z.tar 3s
PUT /tmp/ktest_ml-miscvm:lustre_mainline_native_qvbfzh2z.tar 3s
PUT /tmp/ktest_ml-miscvm:lustre_mainline_native_qvbfzh2z.tar 3s
END ml:lustre_mainline build tests/fs/lustre/boot.ktest PASS 251s
END ml-miscvm:boot run tests/fs/lustre/boot.ktest PASS 101s
END ml-miscvm:mgs-setup run tests/fs/lustre/mgs-setup.ktest PASS 113s
END ml-miscvm:sanity-2 run tests/fs/lustre/sanity/sanity-2.ktest PASS 140s
END ml-miscvm:sanity-3 run tests/fs/lustre/sanity/sanity-3.ktest PASS 142s
END ml-miscvm:sanity-4 run tests/fs/lustre/sanity/sanity-4.ktest PASS 143s
END ml-miscvm:llmount run tests/fs/lustre/llmount.ktest PASS 151s
END ml-miscvm:sanity-1 run tests/fs/lustre/sanity/sanity-1.ktest PASS 154s
END ml-miscvm:llog-unit run tests/fs/lustre/llog-unit.ktest FAIL 190s (exit code: 1)

============================================================
Final Results:
  checkpatch:checkpatch: PASS (14s) (log: /var/www/ci-lustre/upstream-patch-review/731583aded01878b54e092f201a66ab48cfb2c8c_checkpatch:checkpatch.log)
  u24:u24: PASS (40s) (log: /var/www/ci-lustre/upstream-patch-review/731583aded01878b54e092f201a66ab48cfb2c8c_u24:u24.log)
  al2023:al2023: PASS (44s) (log: /var/www/ci-lustre/upstream-patch-review/731583aded01878b54e092f201a66ab48cfb2c8c_al2023:al2023.log)
  ml-strict:lustre_mainline: FAIL (166s) (log: /var/www/ci-lustre/upstream-patch-review/731583aded01878b54e092f201a66ab48cfb2c8c_ml-strict:lustre_mainline.log)
  ml:lustre_mainline: PASS (251s) (log: /var/www/ci-lustre/upstream-patch-review/731583aded01878b54e092f201a66ab48cfb2c8c_ml:lustre_mainline.log)
  ml-miscvm:lustre_mainline_native: PASS (158s) (log: /var/www/ci-lustre/upstream-patch-review/731583aded01878b54e092f201a66ab48cfb2c8c_ml-miscvm:lustre_mainline_native.log)
  ml-miscvm:boot: PASS (101s) (log: /var/www/ci-lustre/upstream-patch-review/731583aded01878b54e092f201a66ab48cfb2c8c_ml-miscvm:boot.log)
  ml-miscvm:llmount: PASS (151s) (log: /var/www/ci-lustre/upstream-patch-review/731583aded01878b54e092f201a66ab48cfb2c8c_ml-miscvm:llmount.log)
  ml-miscvm:llog-unit: FAIL (190s) (log: /var/www/ci-lustre/upstream-patch-review/731583aded01878b54e092f201a66ab48cfb2c8c_ml-miscvm:llog-unit.log)
  ml-miscvm:mgs-setup: PASS (113s) (log: /var/www/ci-lustre/upstream-patch-review/731583aded01878b54e092f201a66ab48cfb2c8c_ml-miscvm:mgs-setup.log)
  ml-miscvm:sanity-1: PASS (154s) (log: /var/www/ci-lustre/upstream-patch-review/731583aded01878b54e092f201a66ab48cfb2c8c_ml-miscvm:sanity-1.log)
  ml-miscvm:sanity-2: PASS (140s) (log: /var/www/ci-lustre/upstream-patch-review/731583aded01878b54e092f201a66ab48cfb2c8c_ml-miscvm:sanity-2.log)
  ml-miscvm:sanity-3: PASS (142s) (log: /var/www/ci-lustre/upstream-patch-review/731583aded01878b54e092f201a66ab48cfb2c8c_ml-miscvm:sanity-3.log)
  ml-miscvm:sanity-4: PASS (143s) (log: /var/www/ci-lustre/upstream-patch-review/731583aded01878b54e092f201a66ab48cfb2c8c_ml-miscvm:sanity-4.log)

Total execution time: 379s

Packed 3841 logs from /var/www/ci-lustre/upstream-patch-review into /home/ktest/ktest/local-site/local_data.js
Open /home/ktest/ktest/local-site/index.html in a browser
