WARNING:DEEP_INDENTATION: Too many leading tabs - consider code refactoring
#1237: FILE: lustre/quota/qmt_entry.c:1439:
+						if (IS_ERR(lue)) {

WARNING:LONG_LINE_STRING: line length of 134 exceeds 100 columns
#2124: FILE: lustre/tests/sanity-quota.sh:8307:
+		error "LQA quota did not consult usage cache (before=$((hit_before + miss_before)) after=$((hit_after + miss_after)))"

WARNING:LONG_LINE_STRING: line length of 109 exceeds 100 columns
#2133: FILE: lustre/tests/sanity-quota.sh:8316:
+		error "LQA cold fetch too large ($fetch_delta > $((nslaves * 4))); expected batch not per-ID"

WARNING:LONG_LINE_STRING: line length of 102 exceeds 100 columns
#2155: FILE: lustre/tests/sanity-quota.sh:8338:
+		error "per-ID quota after LQA did not hit cache (before=$hit_before after=$hit_after)"

WARNING:LONG_LINE_STRING: line length of 103 exceeds 100 columns
#2157: FILE: lustre/tests/sanity-quota.sh:8340:
+		error "per-ID quota after LQA issued fetches (before=$fetch_before after=$fetch_after)"

WARNING:LONG_LINE_STRING: line length of 109 exceeds 100 columns
#2170: FILE: lustre/tests/sanity-quota.sh:8353:
+		error "LQA range add did not trigger usage refetch (before=$fetch_before after=$fetch_after)"

total: 0 errors, 6 warnings, 2018 lines checked

NOTE: For some of the reported defects, checkpatch may be able to
      mechanically convert to the typical style using --fix or --fix-inplace.

Your patch has style problems, please review.

NOTE: If any of the errors are false positives, please report
      them to the maintainer, see CHECKPATCH in MAINTAINERS.
