WARNING:FILE_PATH_CHANGES: added, moved or deleted file(s), does MAINTAINERS need updating?
#397: 
new file mode 100644

WARNING:SPDX_LICENSE_TAG: Missing or malformed SPDX-License-Identifier tag in line 1
#402: FILE: lustre/tests/mmap_copy_file.c:1:
+/*

ERROR:OPEN_BRACE: open brace '{' following function definitions go on the next line
#446: FILE: lustre/tests/mmap_copy_file.c:45:
+int main(int argc, char *argv[]) {

ERROR:SWITCH_CASE_INDENT_LEVEL: switch and case should be at the same indent
#466: FILE: lustre/tests/mmap_copy_file.c:65:
+		switch (opt) {
+			case 'p':
[...]
+			case 's':
[...]
+			case 'b':
[...]
+			default:

WARNING:LONG_LINE_STRING: line length of 149 exceeds 100 columns
#487: FILE: lustre/tests/mmap_copy_file.c:86:
+				fprintf(stderr, "Usage: %s [-p PERCENT_TO_COPY(1-100)] [-s SEED] [-b BLOCK_SIZE] <source_file> <destination_file>\n",

WARNING:LONG_LINE_STRING: line length of 133 exceeds 100 columns
#586: FILE: lustre/tests/mmap_copy_file.c:185:
+		printf("Copied %lu bytes (%d%%) of file '%s' (%lu total bytes) mmap-copied to '%s' successfully (block size %lu)!\n",

total: 2 errors, 4 warnings, 679 lines checked

NOTE: For some of the reported defects, checkpatch may be able to
      mechanically convert to the typical style using --fix or --fix-inplace.

Your patch has style problems, please review.

NOTE: If any of the errors are false positives, please report
      them to the maintainer, see CHECKPATCH in MAINTAINERS.
