CLI: ./pk --podman-socket unix:///run/user/1000/podman/podman.sock --shared-filesystem /tmp --tarball-input job lustre-ci --output /var/www/ci-lustre/upstream-patch-review --git-hash 73ff96f70893b107470bb5fdce83eb3f9337b932 --change-id 68419_73ff96f70893b107470bb5fdce83eb3f9337b932 --subject LU-20650 lfs: find --since-cookie, per-MDT anchor

Environment validated successfully
Note: custom LLVM is not synced in tarball input mode
Creating kernel tarball at /tmp/ktest-kernel.tar.gz...
Creating lustre tarball at /tmp/ktest-lustre.tar.gz...
Creating ZFS tarball at /tmp/ktest-zfs.tar.gz...
Executing 14 jobs
Jobs will start as soon as their dependencies are satisfied
Using tarball input mode

START ml-strict:lustre_mainline build tests/fs/lustre/boot-strict.ktest
START ml-miscvm:lustre_mainline_native build tests/fs/lustre/boot.ktest
START u24:u24 build tests/fs/lustre/boot.ktest
START checkpatch:checkpatch tool checkpatch
START al2023:al2023 build tests/fs/lustre/boot.ktest
START ml:lustre_mainline build tests/fs/lustre/boot.ktest
PUT /tmp/ktest-lustre.tar.gz 1s
PUT /tmp/ktest-lustre.tar.gz 2s
PUT /tmp/ktest-kernel.tar.gz 9s
PUT /tmp/ktest-kernel.tar.gz 9s
PUT /tmp/ktest-kernel.tar.gz 9s
PUT /tmp/ktest-kernel.tar.gz 9s
PUT /tmp/ktest-lustre.tar.gz 2s
PUT /tmp/ktest-lustre.tar.gz 2s
PUT /tmp/ktest-lustre.tar.gz 2s
PUT /tmp/ktest-lustre.tar.gz 2s
PUT /tmp/ktest-zfs.tar.gz 0s
PUT /tmp/ktest-zfs.tar.gz 0s
PUT /tmp/ktest-zfs.tar.gz 0s
END checkpatch:checkpatch tool checkpatch PASS 14s
END u24:u24 build tests/fs/lustre/boot.ktest PASS 40s
END al2023:al2023 build tests/fs/lustre/boot.ktest PASS 46s
GET /tmp/ktest_ml:lustre_mainline_0tqzjdfs.tar 0s
END ml:lustre_mainline build tests/fs/lustre/boot.ktest PASS 146s
GET /tmp/ktest_ml-strict:lustre_mainline_umrl8v3x.tar 6s
END ml-strict:lustre_mainline build tests/fs/lustre/boot-strict.ktest FAIL 150s (exit code: 1)
GET /tmp/ktest_ml-miscvm:lustre_mainline_native_51i2fshv.tar 0s
END ml-miscvm:lustre_mainline_native build tests/fs/lustre/boot.ktest PASS 159s
START ml-miscvm:boot run tests/fs/lustre/boot.ktest
START ml-miscvm:llmount run tests/fs/lustre/llmount.ktest
START ml-miscvm:llog-unit run tests/fs/lustre/llog-unit.ktest
START ml-miscvm:mgs-setup run tests/fs/lustre/mgs-setup.ktest
START ml-miscvm:sanity-1 run tests/fs/lustre/sanity/sanity-1.ktest
START ml-miscvm:sanity-2 run tests/fs/lustre/sanity/sanity-2.ktest
START ml-miscvm:sanity-3 run tests/fs/lustre/sanity/sanity-3.ktest
START ml-miscvm:sanity-4 run tests/fs/lustre/sanity/sanity-4.ktest
PUT /tmp/ktest-kernel.tar.gz 39s
PUT /tmp/ktest-kernel.tar.gz 38s
PUT /tmp/ktest-kernel.tar.gz 39s
PUT /tmp/ktest-kernel.tar.gz 39s
PUT /tmp/ktest-kernel.tar.gz 39s
PUT /tmp/ktest-kernel.tar.gz 39s
PUT /tmp/ktest-kernel.tar.gz 39s
PUT /tmp/ktest-kernel.tar.gz 39s
PUT /tmp/ktest-lustre.tar.gz 14s
PUT /tmp/ktest-lustre.tar.gz 13s
PUT /tmp/ktest-lustre.tar.gz 14s
PUT /tmp/ktest-lustre.tar.gz 13s
PUT /tmp/ktest-lustre.tar.gz 14s
PUT /tmp/ktest-lustre.tar.gz 13s
PUT /tmp/ktest-lustre.tar.gz 13s
PUT /tmp/ktest-lustre.tar.gz 14s
PUT /tmp/ktest_ml-miscvm:lustre_mainline_native_51i2fshv.tar 2s
PUT /tmp/ktest_ml-miscvm:lustre_mainline_native_51i2fshv.tar 2s
PUT /tmp/ktest_ml-miscvm:lustre_mainline_native_51i2fshv.tar 2s
PUT /tmp/ktest_ml-miscvm:lustre_mainline_native_51i2fshv.tar 2s
PUT /tmp/ktest_ml-miscvm:lustre_mainline_native_51i2fshv.tar 2s
PUT /tmp/ktest_ml-miscvm:lustre_mainline_native_51i2fshv.tar 2s
PUT /tmp/ktest_ml-miscvm:lustre_mainline_native_51i2fshv.tar 2s
PUT /tmp/ktest_ml-miscvm:lustre_mainline_native_51i2fshv.tar 2s
END ml-miscvm:boot run tests/fs/lustre/boot.ktest PASS 70s
END ml-miscvm:mgs-setup run tests/fs/lustre/mgs-setup.ktest PASS 78s
END ml-miscvm:sanity-4 run tests/fs/lustre/sanity/sanity-4.ktest PASS 106s
END ml-miscvm:sanity-1 run tests/fs/lustre/sanity/sanity-1.ktest PASS 107s
END ml-miscvm:sanity-3 run tests/fs/lustre/sanity/sanity-3.ktest PASS 119s
END ml-miscvm:sanity-2 run tests/fs/lustre/sanity/sanity-2.ktest PASS 120s
END ml-miscvm:llmount run tests/fs/lustre/llmount.ktest PASS 130s
END ml-miscvm:llog-unit run tests/fs/lustre/llog-unit.ktest FAIL 155s (exit code: 1)

============================================================
Final Results:
  checkpatch:checkpatch: PASS (14s) (log: /var/www/ci-lustre/upstream-patch-review/73ff96f70893b107470bb5fdce83eb3f9337b932_checkpatch:checkpatch.log)
  u24:u24: PASS (40s) (log: /var/www/ci-lustre/upstream-patch-review/73ff96f70893b107470bb5fdce83eb3f9337b932_u24:u24.log)
  al2023:al2023: PASS (46s) (log: /var/www/ci-lustre/upstream-patch-review/73ff96f70893b107470bb5fdce83eb3f9337b932_al2023:al2023.log)
  ml-strict:lustre_mainline: FAIL (150s) (log: /var/www/ci-lustre/upstream-patch-review/73ff96f70893b107470bb5fdce83eb3f9337b932_ml-strict:lustre_mainline.log)
  ml:lustre_mainline: PASS (146s) (log: /var/www/ci-lustre/upstream-patch-review/73ff96f70893b107470bb5fdce83eb3f9337b932_ml:lustre_mainline.log)
  ml-miscvm:lustre_mainline_native: PASS (159s) (log: /var/www/ci-lustre/upstream-patch-review/73ff96f70893b107470bb5fdce83eb3f9337b932_ml-miscvm:lustre_mainline_native.log)
  ml-miscvm:boot: PASS (70s) (log: /var/www/ci-lustre/upstream-patch-review/73ff96f70893b107470bb5fdce83eb3f9337b932_ml-miscvm:boot.log)
  ml-miscvm:llmount: PASS (130s) (log: /var/www/ci-lustre/upstream-patch-review/73ff96f70893b107470bb5fdce83eb3f9337b932_ml-miscvm:llmount.log)
  ml-miscvm:llog-unit: FAIL (155s) (log: /var/www/ci-lustre/upstream-patch-review/73ff96f70893b107470bb5fdce83eb3f9337b932_ml-miscvm:llog-unit.log)
  ml-miscvm:mgs-setup: PASS (78s) (log: /var/www/ci-lustre/upstream-patch-review/73ff96f70893b107470bb5fdce83eb3f9337b932_ml-miscvm:mgs-setup.log)
  ml-miscvm:sanity-1: PASS (107s) (log: /var/www/ci-lustre/upstream-patch-review/73ff96f70893b107470bb5fdce83eb3f9337b932_ml-miscvm:sanity-1.log)
  ml-miscvm:sanity-2: PASS (120s) (log: /var/www/ci-lustre/upstream-patch-review/73ff96f70893b107470bb5fdce83eb3f9337b932_ml-miscvm:sanity-2.log)
  ml-miscvm:sanity-3: PASS (119s) (log: /var/www/ci-lustre/upstream-patch-review/73ff96f70893b107470bb5fdce83eb3f9337b932_ml-miscvm:sanity-3.log)
  ml-miscvm:sanity-4: PASS (106s) (log: /var/www/ci-lustre/upstream-patch-review/73ff96f70893b107470bb5fdce83eb3f9337b932_ml-miscvm:sanity-4.log)

Total execution time: 345s

Packed 4507 logs from /var/www/ci-lustre/upstream-patch-review into /home/ktest/ktest/local-site/local_data.js
Open /home/ktest/ktest/local-site/index.html in a browser
