CLI: ./pk --podman-socket unix:///run/user/1000/podman/podman.sock --shared-filesystem /tmp --tarball-input job lustre-ci --output /var/www/ci-lustre/upstream-patch-review --git-hash 74c8d352a9a55f36a7c6c4222d6604fe4cbe5238 --change-id 64555_74c8d352a9a55f36a7c6c4222d6604fe4cbe5238 --subject LU-19403 llapi: Move nodemap idmap functions

Environment validated successfully
Note: custom LLVM is not synced in tarball input mode
Creating kernel tarball at /tmp/ktest-kernel.tar.gz...
Creating lustre tarball at /tmp/ktest-lustre.tar.gz...
Creating ZFS tarball at /tmp/ktest-zfs.tar.gz...
Executing 14 jobs
Jobs will start as soon as their dependencies are satisfied
Using tarball input mode

START al2023:al2023 build tests/fs/lustre/boot.ktest
START checkpatch:checkpatch tool checkpatch
START ml:lustre_mainline build tests/fs/lustre/boot.ktest
START ml-strict:lustre_mainline build tests/fs/lustre/boot-strict.ktest
START u24:u24 build tests/fs/lustre/boot.ktest
START ml-miscvm:lustre_mainline_native build tests/fs/lustre/boot.ktest
PUT /tmp/ktest-lustre.tar.gz 1s
PUT /tmp/ktest-lustre.tar.gz 1s
PUT /tmp/ktest-kernel.tar.gz 8s
PUT /tmp/ktest-kernel.tar.gz 8s
PUT /tmp/ktest-kernel.tar.gz 8s
PUT /tmp/ktest-kernel.tar.gz 8s
PUT /tmp/ktest-lustre.tar.gz 3s
PUT /tmp/ktest-lustre.tar.gz 3s
PUT /tmp/ktest-lustre.tar.gz 4s
PUT /tmp/ktest-lustre.tar.gz 3s
PUT /tmp/ktest-zfs.tar.gz 0s
PUT /tmp/ktest-zfs.tar.gz 0s
PUT /tmp/ktest-zfs.tar.gz 0s
END checkpatch:checkpatch tool checkpatch PASS 15s
END u24:u24 build tests/fs/lustre/boot.ktest PASS 42s
END al2023:al2023 build tests/fs/lustre/boot.ktest PASS 47s
GET /tmp/ktest_ml:lustre_mainline_azhykvo1.tar 0s
GET /tmp/ktest_ml-strict:lustre_mainline_x5xp6iv4.tar 5s
END ml:lustre_mainline build tests/fs/lustre/boot.ktest PASS 153s
END ml-strict:lustre_mainline build tests/fs/lustre/boot-strict.ktest FAIL 155s (exit code: 1)
GET /tmp/ktest_ml-miscvm:lustre_mainline_native_62921ydv.tar 0s
END ml-miscvm:lustre_mainline_native build tests/fs/lustre/boot.ktest PASS 166s
START ml-miscvm:boot run tests/fs/lustre/boot.ktest
START ml-miscvm:llmount run tests/fs/lustre/llmount.ktest
START ml-miscvm:llog-unit run tests/fs/lustre/llog-unit.ktest
START ml-miscvm:mgs-setup run tests/fs/lustre/mgs-setup.ktest
START ml-miscvm:sanity-1 run tests/fs/lustre/sanity/sanity-1.ktest
START ml-miscvm:sanity-2 run tests/fs/lustre/sanity/sanity-2.ktest
START ml-miscvm:sanity-3 run tests/fs/lustre/sanity/sanity-3.ktest
START ml-miscvm:sanity-4 run tests/fs/lustre/sanity/sanity-4.ktest
PUT /tmp/ktest-kernel.tar.gz 56s
PUT /tmp/ktest-kernel.tar.gz 56s
PUT /tmp/ktest-kernel.tar.gz 56s
PUT /tmp/ktest-kernel.tar.gz 56s
PUT /tmp/ktest-kernel.tar.gz 57s
PUT /tmp/ktest-kernel.tar.gz 57s
PUT /tmp/ktest-kernel.tar.gz 57s
PUT /tmp/ktest-kernel.tar.gz 57s
PUT /tmp/ktest-lustre.tar.gz 9s
PUT /tmp/ktest-lustre.tar.gz 10s
PUT /tmp/ktest-lustre.tar.gz 9s
PUT /tmp/ktest-lustre.tar.gz 9s
PUT /tmp/ktest-lustre.tar.gz 9s
PUT /tmp/ktest-lustre.tar.gz 9s
PUT /tmp/ktest-lustre.tar.gz 10s
PUT /tmp/ktest-lustre.tar.gz 9s
PUT /tmp/ktest_ml-miscvm:lustre_mainline_native_62921ydv.tar 0s
PUT /tmp/ktest_ml-miscvm:lustre_mainline_native_62921ydv.tar 0s
PUT /tmp/ktest_ml-miscvm:lustre_mainline_native_62921ydv.tar 0s
PUT /tmp/ktest_ml-miscvm:lustre_mainline_native_62921ydv.tar 0s
PUT /tmp/ktest_ml-miscvm:lustre_mainline_native_62921ydv.tar 0s
PUT /tmp/ktest_ml-miscvm:lustre_mainline_native_62921ydv.tar 0s
PUT /tmp/ktest_ml-miscvm:lustre_mainline_native_62921ydv.tar 0s
PUT /tmp/ktest_ml-miscvm:lustre_mainline_native_62921ydv.tar 0s
END ml-miscvm:boot run tests/fs/lustre/boot.ktest PASS 81s
END ml-miscvm:mgs-setup run tests/fs/lustre/mgs-setup.ktest PASS 90s
END ml-miscvm:sanity-4 run tests/fs/lustre/sanity/sanity-4.ktest PASS 119s
END ml-miscvm:sanity-1 run tests/fs/lustre/sanity/sanity-1.ktest PASS 122s
END ml-miscvm:sanity-3 run tests/fs/lustre/sanity/sanity-3.ktest PASS 123s
END ml-miscvm:llmount run tests/fs/lustre/llmount.ktest PASS 128s
END ml-miscvm:sanity-2 run tests/fs/lustre/sanity/sanity-2.ktest PASS 132s
END ml-miscvm:llog-unit run tests/fs/lustre/llog-unit.ktest FAIL 168s (exit code: 1)

============================================================
Final Results:
  checkpatch:checkpatch: PASS (15s) (log: /var/www/ci-lustre/upstream-patch-review/74c8d352a9a55f36a7c6c4222d6604fe4cbe5238_checkpatch:checkpatch.log)
  u24:u24: PASS (42s) (log: /var/www/ci-lustre/upstream-patch-review/74c8d352a9a55f36a7c6c4222d6604fe4cbe5238_u24:u24.log)
  al2023:al2023: PASS (47s) (log: /var/www/ci-lustre/upstream-patch-review/74c8d352a9a55f36a7c6c4222d6604fe4cbe5238_al2023:al2023.log)
  ml-strict:lustre_mainline: FAIL (155s) (log: /var/www/ci-lustre/upstream-patch-review/74c8d352a9a55f36a7c6c4222d6604fe4cbe5238_ml-strict:lustre_mainline.log)
  ml:lustre_mainline: PASS (153s) (log: /var/www/ci-lustre/upstream-patch-review/74c8d352a9a55f36a7c6c4222d6604fe4cbe5238_ml:lustre_mainline.log)
  ml-miscvm:lustre_mainline_native: PASS (166s) (log: /var/www/ci-lustre/upstream-patch-review/74c8d352a9a55f36a7c6c4222d6604fe4cbe5238_ml-miscvm:lustre_mainline_native.log)
  ml-miscvm:boot: PASS (81s) (log: /var/www/ci-lustre/upstream-patch-review/74c8d352a9a55f36a7c6c4222d6604fe4cbe5238_ml-miscvm:boot.log)
  ml-miscvm:llmount: PASS (128s) (log: /var/www/ci-lustre/upstream-patch-review/74c8d352a9a55f36a7c6c4222d6604fe4cbe5238_ml-miscvm:llmount.log)
  ml-miscvm:llog-unit: FAIL (168s) (log: /var/www/ci-lustre/upstream-patch-review/74c8d352a9a55f36a7c6c4222d6604fe4cbe5238_ml-miscvm:llog-unit.log)
  ml-miscvm:mgs-setup: PASS (90s) (log: /var/www/ci-lustre/upstream-patch-review/74c8d352a9a55f36a7c6c4222d6604fe4cbe5238_ml-miscvm:mgs-setup.log)
  ml-miscvm:sanity-1: PASS (122s) (log: /var/www/ci-lustre/upstream-patch-review/74c8d352a9a55f36a7c6c4222d6604fe4cbe5238_ml-miscvm:sanity-1.log)
  ml-miscvm:sanity-2: PASS (132s) (log: /var/www/ci-lustre/upstream-patch-review/74c8d352a9a55f36a7c6c4222d6604fe4cbe5238_ml-miscvm:sanity-2.log)
  ml-miscvm:sanity-3: PASS (123s) (log: /var/www/ci-lustre/upstream-patch-review/74c8d352a9a55f36a7c6c4222d6604fe4cbe5238_ml-miscvm:sanity-3.log)
  ml-miscvm:sanity-4: PASS (119s) (log: /var/www/ci-lustre/upstream-patch-review/74c8d352a9a55f36a7c6c4222d6604fe4cbe5238_ml-miscvm:sanity-4.log)

Total execution time: 365s

Packed 3330 logs from /var/www/ci-lustre/upstream-patch-review into /home/ktest/ktest/local-site/local_data.js
Open /home/ktest/ktest/local-site/index.html in a browser
