CLI: ./pk --podman-socket unix:///run/podman/podman.sock --shared-filesystem /tmp --tarball-input job lustre-ci --output /var/www/ci-lustre/upstream-patch-review --git-hash 74d515290ab2506f4c712938347b3d32856df3f7 --change-id 62877_74d515290ab2506f4c712938347b3d32856df3f7 --subject LU-13188 lctl: add -q option to 'lctl set_param'

Environment validated successfully
Note: custom LLVM is not synced in tarball input mode
Creating kernel tarball at /tmp/ktest-kernel.tar.gz...
Creating lustre tarball at /tmp/ktest-lustre.tar.gz...
Creating ZFS tarball at /tmp/ktest-zfs.tar.gz...
Executing 14 jobs
Jobs will start as soon as their dependencies are satisfied
Using tarball input mode

START ml:lustre_mainline build tests/fs/lustre/boot.ktest
START ml-miscvm:lustre_mainline_native build tests/fs/lustre/boot.ktest
START checkpatch:checkpatch tool checkpatch
START al2023:al2023 build tests/fs/lustre/boot.ktest
START ml-strict:lustre_mainline build tests/fs/lustre/boot-strict.ktest
START u24:u24 build tests/fs/lustre/boot.ktest
PUT /tmp/ktest-lustre.tar.gz 1s
PUT /tmp/ktest-lustre.tar.gz 1s
PUT /tmp/ktest-kernel.tar.gz 6s
PUT /tmp/ktest-kernel.tar.gz 7s
PUT /tmp/ktest-kernel.tar.gz 7s
PUT /tmp/ktest-kernel.tar.gz 7s
PUT /tmp/ktest-lustre.tar.gz 1s
PUT /tmp/ktest-lustre.tar.gz 1s
PUT /tmp/ktest-lustre.tar.gz 1s
PUT /tmp/ktest-lustre.tar.gz 1s
PUT /tmp/ktest-zfs.tar.gz 0s
PUT /tmp/ktest-zfs.tar.gz 0s
PUT /tmp/ktest-zfs.tar.gz 0s
END checkpatch:checkpatch tool checkpatch PASS 10s
END u24:u24 build tests/fs/lustre/boot.ktest PASS 35s
END al2023:al2023 build tests/fs/lustre/boot.ktest PASS 44s
GET /tmp/ktest_ml-strict:lustre_mainline_1zpalaxw.tar 5s
END ml-strict:lustre_mainline build tests/fs/lustre/boot-strict.ktest FAIL 143s (exit code: 1)
GET /tmp/ktest_ml:lustre_mainline_v8qxqefr.tar 0s
GET /tmp/ktest_ml-miscvm:lustre_mainline_native_g7yfu5gz.tar 1s
END ml:lustre_mainline build tests/fs/lustre/boot.ktest PASS 145s
END ml-miscvm:lustre_mainline_native build tests/fs/lustre/boot.ktest PASS 146s
START ml-miscvm:boot run tests/fs/lustre/boot.ktest
START ml-miscvm:llmount run tests/fs/lustre/llmount.ktest
START ml-miscvm:llog-unit run tests/fs/lustre/llog-unit.ktest
START ml-miscvm:mgs-setup run tests/fs/lustre/mgs-setup.ktest
START ml-miscvm:sanity-1 run tests/fs/lustre/sanity/sanity-1.ktest
START ml-miscvm:sanity-2 run tests/fs/lustre/sanity/sanity-2.ktest
START ml-miscvm:sanity-3 run tests/fs/lustre/sanity/sanity-3.ktest
START ml-miscvm:sanity-4 run tests/fs/lustre/sanity/sanity-4.ktest
PUT /tmp/ktest-kernel.tar.gz 10s
PUT /tmp/ktest-kernel.tar.gz 10s
PUT /tmp/ktest-kernel.tar.gz 10s
PUT /tmp/ktest-kernel.tar.gz 10s
PUT /tmp/ktest-kernel.tar.gz 10s
PUT /tmp/ktest-kernel.tar.gz 10s
PUT /tmp/ktest-kernel.tar.gz 10s
PUT /tmp/ktest-kernel.tar.gz 10s
PUT /tmp/ktest-lustre.tar.gz 1s
PUT /tmp/ktest-lustre.tar.gz 1s
PUT /tmp/ktest-lustre.tar.gz 2s
PUT /tmp/ktest-lustre.tar.gz 1s
PUT /tmp/ktest-lustre.tar.gz 2s
PUT /tmp/ktest-lustre.tar.gz 2s
PUT /tmp/ktest-lustre.tar.gz 2s
PUT /tmp/ktest-lustre.tar.gz 1s
PUT /tmp/ktest_ml-miscvm:lustre_mainline_native_g7yfu5gz.tar 0s
PUT /tmp/ktest_ml-miscvm:lustre_mainline_native_g7yfu5gz.tar 0s
PUT /tmp/ktest_ml-miscvm:lustre_mainline_native_g7yfu5gz.tar 0s
PUT /tmp/ktest_ml-miscvm:lustre_mainline_native_g7yfu5gz.tar 0s
PUT /tmp/ktest_ml-miscvm:lustre_mainline_native_g7yfu5gz.tar 0s
PUT /tmp/ktest_ml-miscvm:lustre_mainline_native_g7yfu5gz.tar 0s
PUT /tmp/ktest_ml-miscvm:lustre_mainline_native_g7yfu5gz.tar 0s
PUT /tmp/ktest_ml-miscvm:lustre_mainline_native_g7yfu5gz.tar 0s
END ml-miscvm:boot run tests/fs/lustre/boot.ktest PASS 23s
END ml-miscvm:mgs-setup run tests/fs/lustre/mgs-setup.ktest PASS 34s
END ml-miscvm:sanity-1 run tests/fs/lustre/sanity/sanity-1.ktest PASS 62s
END ml-miscvm:sanity-4 run tests/fs/lustre/sanity/sanity-4.ktest PASS 63s
END ml-miscvm:sanity-3 run tests/fs/lustre/sanity/sanity-3.ktest PASS 64s
END ml-miscvm:llmount run tests/fs/lustre/llmount.ktest PASS 71s
END ml-miscvm:sanity-2 run tests/fs/lustre/sanity/sanity-2.ktest PASS 74s
END ml-miscvm:llog-unit run tests/fs/lustre/llog-unit.ktest FAIL 110s (exit code: 1)

============================================================
Final Results:
  checkpatch:checkpatch: PASS (10s) (log: /var/www/ci-lustre/upstream-patch-review/74d515290ab2506f4c712938347b3d32856df3f7_checkpatch:checkpatch.log)
  u24:u24: PASS (35s) (log: /var/www/ci-lustre/upstream-patch-review/74d515290ab2506f4c712938347b3d32856df3f7_u24:u24.log)
  al2023:al2023: PASS (44s) (log: /var/www/ci-lustre/upstream-patch-review/74d515290ab2506f4c712938347b3d32856df3f7_al2023:al2023.log)
  ml-strict:lustre_mainline: FAIL (143s) (log: /var/www/ci-lustre/upstream-patch-review/74d515290ab2506f4c712938347b3d32856df3f7_ml-strict:lustre_mainline.log)
  ml:lustre_mainline: PASS (145s) (log: /var/www/ci-lustre/upstream-patch-review/74d515290ab2506f4c712938347b3d32856df3f7_ml:lustre_mainline.log)
  ml-miscvm:lustre_mainline_native: PASS (146s) (log: /var/www/ci-lustre/upstream-patch-review/74d515290ab2506f4c712938347b3d32856df3f7_ml-miscvm:lustre_mainline_native.log)
  ml-miscvm:boot: PASS (23s) (log: /var/www/ci-lustre/upstream-patch-review/74d515290ab2506f4c712938347b3d32856df3f7_ml-miscvm:boot.log)
  ml-miscvm:llmount: PASS (71s) (log: /var/www/ci-lustre/upstream-patch-review/74d515290ab2506f4c712938347b3d32856df3f7_ml-miscvm:llmount.log)
  ml-miscvm:llog-unit: FAIL (110s) (log: /var/www/ci-lustre/upstream-patch-review/74d515290ab2506f4c712938347b3d32856df3f7_ml-miscvm:llog-unit.log)
  ml-miscvm:mgs-setup: PASS (34s) (log: /var/www/ci-lustre/upstream-patch-review/74d515290ab2506f4c712938347b3d32856df3f7_ml-miscvm:mgs-setup.log)
  ml-miscvm:sanity-1: PASS (62s) (log: /var/www/ci-lustre/upstream-patch-review/74d515290ab2506f4c712938347b3d32856df3f7_ml-miscvm:sanity-1.log)
  ml-miscvm:sanity-2: PASS (74s) (log: /var/www/ci-lustre/upstream-patch-review/74d515290ab2506f4c712938347b3d32856df3f7_ml-miscvm:sanity-2.log)
  ml-miscvm:sanity-3: PASS (64s) (log: /var/www/ci-lustre/upstream-patch-review/74d515290ab2506f4c712938347b3d32856df3f7_ml-miscvm:sanity-3.log)
  ml-miscvm:sanity-4: PASS (63s) (log: /var/www/ci-lustre/upstream-patch-review/74d515290ab2506f4c712938347b3d32856df3f7_ml-miscvm:sanity-4.log)

Total execution time: 285s

Packed 15806 logs from /var/www/ci-lustre/upstream-patch-review into /home/ktest/ktest/local-site/local_data.js
Open /home/ktest/ktest/local-site/index.html in a browser
