CLI: ./pk --podman-socket unix:///run/podman/podman.sock --shared-filesystem /tmp --tarball-input job lustre-ci --output /var/www/ci-lustre/upstream-patch-review --git-hash 75f02531105fdb0229a7ca83db2e552c8a6c79bb --change-id 67833_75f02531105fdb0229a7ca83db2e552c8a6c79bb --subject LU-20264 llite: report idmapped owners in getattr

Environment validated successfully
Note: custom LLVM is not synced in tarball input mode
Creating kernel tarball at /tmp/ktest-kernel.tar.gz...
Creating lustre tarball at /tmp/ktest-lustre.tar.gz...
Creating ZFS tarball at /tmp/ktest-zfs.tar.gz...
Executing 14 jobs
Jobs will start as soon as their dependencies are satisfied
Using tarball input mode

START al2023:al2023 build tests/fs/lustre/boot.ktest
START ml-strict:lustre_mainline build tests/fs/lustre/boot-strict.ktest
START ml-miscvm:lustre_mainline_native build tests/fs/lustre/boot.ktest
START ml:lustre_mainline build tests/fs/lustre/boot.ktest
START u24:u24 build tests/fs/lustre/boot.ktest
START checkpatch:checkpatch tool checkpatch
PUT /tmp/ktest-lustre.tar.gz 1s
PUT /tmp/ktest-lustre.tar.gz 1s
PUT /tmp/ktest-kernel.tar.gz 6s
PUT /tmp/ktest-kernel.tar.gz 6s
PUT /tmp/ktest-kernel.tar.gz 6s
PUT /tmp/ktest-kernel.tar.gz 7s
PUT /tmp/ktest-lustre.tar.gz 1s
PUT /tmp/ktest-lustre.tar.gz 1s
PUT /tmp/ktest-lustre.tar.gz 1s
PUT /tmp/ktest-lustre.tar.gz 1s
PUT /tmp/ktest-zfs.tar.gz 0s
PUT /tmp/ktest-zfs.tar.gz 0s
PUT /tmp/ktest-zfs.tar.gz 0s
END checkpatch:checkpatch tool checkpatch PASS 11s
END u24:u24 build tests/fs/lustre/boot.ktest PASS 40s
END al2023:al2023 build tests/fs/lustre/boot.ktest PASS 45s
GET /tmp/ktest_ml-strict:lustre_mainline_q2momj0r.tar 5s
END ml-strict:lustre_mainline build tests/fs/lustre/boot-strict.ktest FAIL 212s (exit code: 1)
GET /tmp/ktest_ml-miscvm:lustre_mainline_native_3elejk3l.tar 2s
GET /tmp/ktest_ml:lustre_mainline_640qk1wp.tar 11s
END ml-miscvm:lustre_mainline_native build tests/fs/lustre/boot.ktest PASS 214s
START ml-miscvm:boot run tests/fs/lustre/boot.ktest
START ml-miscvm:llmount run tests/fs/lustre/llmount.ktest
START ml-miscvm:llog-unit run tests/fs/lustre/llog-unit.ktest
START ml-miscvm:mgs-setup run tests/fs/lustre/mgs-setup.ktest
START ml-miscvm:sanity-1 run tests/fs/lustre/sanity/sanity-1.ktest
START ml-miscvm:sanity-2 run tests/fs/lustre/sanity/sanity-2.ktest
START ml-miscvm:sanity-3 run tests/fs/lustre/sanity/sanity-3.ktest
START ml-miscvm:sanity-4 run tests/fs/lustre/sanity/sanity-4.ktest
END ml:lustre_mainline build tests/fs/lustre/boot.ktest PASS 215s
PUT /tmp/ktest-kernel.tar.gz 40s
PUT /tmp/ktest-kernel.tar.gz 40s
PUT /tmp/ktest-kernel.tar.gz 40s
PUT /tmp/ktest-kernel.tar.gz 40s
PUT /tmp/ktest-kernel.tar.gz 41s
PUT /tmp/ktest-kernel.tar.gz 41s
PUT /tmp/ktest-kernel.tar.gz 41s
PUT /tmp/ktest-kernel.tar.gz 41s
PUT /tmp/ktest-lustre.tar.gz 6s
PUT /tmp/ktest-lustre.tar.gz 7s
PUT /tmp/ktest-lustre.tar.gz 6s
PUT /tmp/ktest-lustre.tar.gz 7s
PUT /tmp/ktest-lustre.tar.gz 6s
PUT /tmp/ktest-lustre.tar.gz 7s
PUT /tmp/ktest-lustre.tar.gz 7s
PUT /tmp/ktest-lustre.tar.gz 7s
PUT /tmp/ktest_ml-miscvm:lustre_mainline_native_3elejk3l.tar 0s
PUT /tmp/ktest_ml-miscvm:lustre_mainline_native_3elejk3l.tar 0s
PUT /tmp/ktest_ml-miscvm:lustre_mainline_native_3elejk3l.tar 0s
PUT /tmp/ktest_ml-miscvm:lustre_mainline_native_3elejk3l.tar 0s
PUT /tmp/ktest_ml-miscvm:lustre_mainline_native_3elejk3l.tar 0s
PUT /tmp/ktest_ml-miscvm:lustre_mainline_native_3elejk3l.tar 0s
PUT /tmp/ktest_ml-miscvm:lustre_mainline_native_3elejk3l.tar 0s
PUT /tmp/ktest_ml-miscvm:lustre_mainline_native_3elejk3l.tar 0s
END ml-miscvm:boot run tests/fs/lustre/boot.ktest PASS 60s
END ml-miscvm:mgs-setup run tests/fs/lustre/mgs-setup.ktest PASS 71s
END ml-miscvm:sanity-2 run tests/fs/lustre/sanity/sanity-2.ktest PASS 98s
END ml-miscvm:sanity-1 run tests/fs/lustre/sanity/sanity-1.ktest PASS 100s
END ml-miscvm:sanity-4 run tests/fs/lustre/sanity/sanity-4.ktest PASS 111s
END ml-miscvm:sanity-3 run tests/fs/lustre/sanity/sanity-3.ktest PASS 112s
END ml-miscvm:llmount run tests/fs/lustre/llmount.ktest PASS 114s
END ml-miscvm:llog-unit run tests/fs/lustre/llog-unit.ktest FAIL 147s (exit code: 1)

============================================================
Final Results:
  checkpatch:checkpatch: PASS (11s) (log: /var/www/ci-lustre/upstream-patch-review/75f02531105fdb0229a7ca83db2e552c8a6c79bb_checkpatch:checkpatch.log)
  u24:u24: PASS (40s) (log: /var/www/ci-lustre/upstream-patch-review/75f02531105fdb0229a7ca83db2e552c8a6c79bb_u24:u24.log)
  al2023:al2023: PASS (45s) (log: /var/www/ci-lustre/upstream-patch-review/75f02531105fdb0229a7ca83db2e552c8a6c79bb_al2023:al2023.log)
  ml-strict:lustre_mainline: FAIL (212s) (log: /var/www/ci-lustre/upstream-patch-review/75f02531105fdb0229a7ca83db2e552c8a6c79bb_ml-strict:lustre_mainline.log)
  ml:lustre_mainline: PASS (215s) (log: /var/www/ci-lustre/upstream-patch-review/75f02531105fdb0229a7ca83db2e552c8a6c79bb_ml:lustre_mainline.log)
  ml-miscvm:lustre_mainline_native: PASS (214s) (log: /var/www/ci-lustre/upstream-patch-review/75f02531105fdb0229a7ca83db2e552c8a6c79bb_ml-miscvm:lustre_mainline_native.log)
  ml-miscvm:boot: PASS (60s) (log: /var/www/ci-lustre/upstream-patch-review/75f02531105fdb0229a7ca83db2e552c8a6c79bb_ml-miscvm:boot.log)
  ml-miscvm:llmount: PASS (114s) (log: /var/www/ci-lustre/upstream-patch-review/75f02531105fdb0229a7ca83db2e552c8a6c79bb_ml-miscvm:llmount.log)
  ml-miscvm:llog-unit: FAIL (147s) (log: /var/www/ci-lustre/upstream-patch-review/75f02531105fdb0229a7ca83db2e552c8a6c79bb_ml-miscvm:llog-unit.log)
  ml-miscvm:mgs-setup: PASS (71s) (log: /var/www/ci-lustre/upstream-patch-review/75f02531105fdb0229a7ca83db2e552c8a6c79bb_ml-miscvm:mgs-setup.log)
  ml-miscvm:sanity-1: PASS (100s) (log: /var/www/ci-lustre/upstream-patch-review/75f02531105fdb0229a7ca83db2e552c8a6c79bb_ml-miscvm:sanity-1.log)
  ml-miscvm:sanity-2: PASS (98s) (log: /var/www/ci-lustre/upstream-patch-review/75f02531105fdb0229a7ca83db2e552c8a6c79bb_ml-miscvm:sanity-2.log)
  ml-miscvm:sanity-3: PASS (112s) (log: /var/www/ci-lustre/upstream-patch-review/75f02531105fdb0229a7ca83db2e552c8a6c79bb_ml-miscvm:sanity-3.log)
  ml-miscvm:sanity-4: PASS (111s) (log: /var/www/ci-lustre/upstream-patch-review/75f02531105fdb0229a7ca83db2e552c8a6c79bb_ml-miscvm:sanity-4.log)

Total execution time: 391s

Packed 310 logs from /var/www/ci-lustre/upstream-patch-review into /home/ktest/ktest/local-site/local_data.js
Open /home/ktest/ktest/local-site/index.html in a browser
