CLI: ./pk --podman-socket unix:///run/user/1000/podman/podman.sock --shared-filesystem /tmp --tarball-input job lustre-ci --output /var/www/ci-lustre/upstream-patch-review --git-hash 76028270da0307a03d8a9c3726bb530d4fc35598 --change-id 69422_76028270da0307a03d8a9c3726bb530d4fc35598 --subject LU-8933 lod: leave inactive targets out of the RR array

Environment validated successfully
Note: custom LLVM is not synced in tarball input mode
Creating kernel tarball at /tmp/ktest-kernel.tar.gz...
Creating lustre tarball at /tmp/ktest-lustre.tar.gz...
Creating ZFS tarball at /tmp/ktest-zfs.tar.gz...
Executing 14 jobs
Jobs will start as soon as their dependencies are satisfied
Using tarball input mode

START ml-strict:lustre_mainline build tests/fs/lustre/boot-strict.ktest
START ml:lustre_mainline build tests/fs/lustre/boot.ktest
START ml-miscvm:lustre_mainline_native build tests/fs/lustre/boot.ktest
START checkpatch:checkpatch tool checkpatch
START u24:u24 build tests/fs/lustre/boot.ktest
START al2023:al2023 build tests/fs/lustre/boot.ktest
PUT /tmp/ktest-lustre.tar.gz 2s
PUT /tmp/ktest-lustre.tar.gz 3s
PUT /tmp/ktest-kernel.tar.gz 15s
PUT /tmp/ktest-kernel.tar.gz 15s
PUT /tmp/ktest-kernel.tar.gz 15s
PUT /tmp/ktest-kernel.tar.gz 15s
PUT /tmp/ktest-lustre.tar.gz 2s
PUT /tmp/ktest-lustre.tar.gz 2s
PUT /tmp/ktest-lustre.tar.gz 2s
PUT /tmp/ktest-lustre.tar.gz 2s
PUT /tmp/ktest-zfs.tar.gz 0s
PUT /tmp/ktest-zfs.tar.gz 0s
PUT /tmp/ktest-zfs.tar.gz 0s
END checkpatch:checkpatch tool checkpatch PASS 21s
END u24:u24 build tests/fs/lustre/boot.ktest PASS 46s
END al2023:al2023 build tests/fs/lustre/boot.ktest PASS 51s
GET /tmp/ktest_ml-strict:lustre_mainline_t4dzcpno.tar 4s
END ml-strict:lustre_mainline build tests/fs/lustre/boot-strict.ktest FAIL 215s (exit code: 1)
GET /tmp/ktest_ml-miscvm:lustre_mainline_native_umr5mdl9.tar 0s
GET /tmp/ktest_ml:lustre_mainline_ryp7kio0.tar 0s
END ml-miscvm:lustre_mainline_native build tests/fs/lustre/boot.ktest PASS 221s
START ml-miscvm:boot run tests/fs/lustre/boot.ktest
START ml-miscvm:llmount run tests/fs/lustre/llmount.ktest
START ml-miscvm:llog-unit run tests/fs/lustre/llog-unit.ktest
START ml-miscvm:mgs-setup run tests/fs/lustre/mgs-setup.ktest
START ml-miscvm:sanity-1 run tests/fs/lustre/sanity/sanity-1.ktest
START ml-miscvm:sanity-2 run tests/fs/lustre/sanity/sanity-2.ktest
START ml-miscvm:sanity-3 run tests/fs/lustre/sanity/sanity-3.ktest
START ml-miscvm:sanity-4 run tests/fs/lustre/sanity/sanity-4.ktest
END ml:lustre_mainline build tests/fs/lustre/boot.ktest PASS 222s
PUT /tmp/ktest-kernel.tar.gz 39s
PUT /tmp/ktest-kernel.tar.gz 39s
PUT /tmp/ktest-kernel.tar.gz 39s
PUT /tmp/ktest-kernel.tar.gz 39s
PUT /tmp/ktest-kernel.tar.gz 39s
PUT /tmp/ktest-kernel.tar.gz 39s
PUT /tmp/ktest-kernel.tar.gz 39s
PUT /tmp/ktest-kernel.tar.gz 40s
PUT /tmp/ktest-lustre.tar.gz 14s
PUT /tmp/ktest-lustre.tar.gz 15s
PUT /tmp/ktest-lustre.tar.gz 14s
PUT /tmp/ktest-lustre.tar.gz 14s
PUT /tmp/ktest-lustre.tar.gz 14s
PUT /tmp/ktest-lustre.tar.gz 15s
PUT /tmp/ktest-lustre.tar.gz 15s
PUT /tmp/ktest-lustre.tar.gz 14s
PUT /tmp/ktest_ml-miscvm:lustre_mainline_native_umr5mdl9.tar 2s
PUT /tmp/ktest_ml-miscvm:lustre_mainline_native_umr5mdl9.tar 2s
PUT /tmp/ktest_ml-miscvm:lustre_mainline_native_umr5mdl9.tar 2s
PUT /tmp/ktest_ml-miscvm:lustre_mainline_native_umr5mdl9.tar 2s
PUT /tmp/ktest_ml-miscvm:lustre_mainline_native_umr5mdl9.tar 2s
PUT /tmp/ktest_ml-miscvm:lustre_mainline_native_umr5mdl9.tar 2s
PUT /tmp/ktest_ml-miscvm:lustre_mainline_native_umr5mdl9.tar 2s
PUT /tmp/ktest_ml-miscvm:lustre_mainline_native_umr5mdl9.tar 2s
END ml-miscvm:boot run tests/fs/lustre/boot.ktest PASS 71s
END ml-miscvm:mgs-setup run tests/fs/lustre/mgs-setup.ktest PASS 80s
END ml-miscvm:sanity-2 run tests/fs/lustre/sanity/sanity-2.ktest PASS 110s
END ml-miscvm:sanity-3 run tests/fs/lustre/sanity/sanity-3.ktest PASS 112s
END ml-miscvm:sanity-4 run tests/fs/lustre/sanity/sanity-4.ktest PASS 113s
END ml-miscvm:llmount run tests/fs/lustre/llmount.ktest PASS 120s
END ml-miscvm:sanity-1 run tests/fs/lustre/sanity/sanity-1.ktest PASS 121s
END ml-miscvm:llog-unit run tests/fs/lustre/llog-unit.ktest FAIL 157s (exit code: 1)

============================================================
Final Results:
  checkpatch:checkpatch: PASS (21s) (log: /var/www/ci-lustre/upstream-patch-review/76028270da0307a03d8a9c3726bb530d4fc35598_checkpatch:checkpatch.log)
  u24:u24: PASS (46s) (log: /var/www/ci-lustre/upstream-patch-review/76028270da0307a03d8a9c3726bb530d4fc35598_u24:u24.log)
  al2023:al2023: PASS (51s) (log: /var/www/ci-lustre/upstream-patch-review/76028270da0307a03d8a9c3726bb530d4fc35598_al2023:al2023.log)
  ml-strict:lustre_mainline: FAIL (215s) (log: /var/www/ci-lustre/upstream-patch-review/76028270da0307a03d8a9c3726bb530d4fc35598_ml-strict:lustre_mainline.log)
  ml:lustre_mainline: PASS (222s) (log: /var/www/ci-lustre/upstream-patch-review/76028270da0307a03d8a9c3726bb530d4fc35598_ml:lustre_mainline.log)
  ml-miscvm:lustre_mainline_native: PASS (221s) (log: /var/www/ci-lustre/upstream-patch-review/76028270da0307a03d8a9c3726bb530d4fc35598_ml-miscvm:lustre_mainline_native.log)
  ml-miscvm:boot: PASS (71s) (log: /var/www/ci-lustre/upstream-patch-review/76028270da0307a03d8a9c3726bb530d4fc35598_ml-miscvm:boot.log)
  ml-miscvm:llmount: PASS (120s) (log: /var/www/ci-lustre/upstream-patch-review/76028270da0307a03d8a9c3726bb530d4fc35598_ml-miscvm:llmount.log)
  ml-miscvm:llog-unit: FAIL (157s) (log: /var/www/ci-lustre/upstream-patch-review/76028270da0307a03d8a9c3726bb530d4fc35598_ml-miscvm:llog-unit.log)
  ml-miscvm:mgs-setup: PASS (80s) (log: /var/www/ci-lustre/upstream-patch-review/76028270da0307a03d8a9c3726bb530d4fc35598_ml-miscvm:mgs-setup.log)
  ml-miscvm:sanity-1: PASS (121s) (log: /var/www/ci-lustre/upstream-patch-review/76028270da0307a03d8a9c3726bb530d4fc35598_ml-miscvm:sanity-1.log)
  ml-miscvm:sanity-2: PASS (110s) (log: /var/www/ci-lustre/upstream-patch-review/76028270da0307a03d8a9c3726bb530d4fc35598_ml-miscvm:sanity-2.log)
  ml-miscvm:sanity-3: PASS (112s) (log: /var/www/ci-lustre/upstream-patch-review/76028270da0307a03d8a9c3726bb530d4fc35598_ml-miscvm:sanity-3.log)
  ml-miscvm:sanity-4: PASS (113s) (log: /var/www/ci-lustre/upstream-patch-review/76028270da0307a03d8a9c3726bb530d4fc35598_ml-miscvm:sanity-4.log)

Total execution time: 410s

Packed 7966 logs from /var/www/ci-lustre/upstream-patch-review into /home/ktest/ktest/local-site/local_data.js
Open /home/ktest/ktest/local-site/index.html in a browser
