CLI: ./pk --podman-socket unix:///run/podman/podman.sock --shared-filesystem /tmp --tarball-input job lustre-ci --output /var/www/ci-lustre/upstream-patch-review --git-hash 76ba5af6b5fb9de347a80edef16c22d92324f8cd --change-id 67351_76ba5af6b5fb9de347a80edef16c22d92324f8cd --subject LU-16518 nodemap: fix Clang compiler warnings

Environment validated successfully
Note: custom LLVM is not synced in tarball input mode
Creating kernel tarball at /tmp/ktest-kernel.tar.gz...
Creating lustre tarball at /tmp/ktest-lustre.tar.gz...
Creating ZFS tarball at /tmp/ktest-zfs.tar.gz...
Executing 14 jobs
Jobs will start as soon as their dependencies are satisfied
Using tarball input mode

START al2023:al2023 build tests/fs/lustre/boot.ktest
START u24:u24 build tests/fs/lustre/boot.ktest
START ml-strict:lustre_mainline build tests/fs/lustre/boot-strict.ktest
START checkpatch:checkpatch tool checkpatch
START ml-miscvm:lustre_mainline_native build tests/fs/lustre/boot.ktest
START ml:lustre_mainline build tests/fs/lustre/boot.ktest
PUT /tmp/ktest-lustre.tar.gz 1s
PUT /tmp/ktest-lustre.tar.gz 1s
PUT /tmp/ktest-kernel.tar.gz 7s
PUT /tmp/ktest-kernel.tar.gz 7s
PUT /tmp/ktest-kernel.tar.gz 7s
PUT /tmp/ktest-kernel.tar.gz 7s
PUT /tmp/ktest-lustre.tar.gz 1s
PUT /tmp/ktest-lustre.tar.gz 1s
PUT /tmp/ktest-lustre.tar.gz 1s
PUT /tmp/ktest-lustre.tar.gz 1s
PUT /tmp/ktest-zfs.tar.gz 0s
PUT /tmp/ktest-zfs.tar.gz 0s
PUT /tmp/ktest-zfs.tar.gz 0s
END checkpatch:checkpatch tool checkpatch PASS 10s
END al2023:al2023 build tests/fs/lustre/boot.ktest PASS 52s
END u24:u24 build tests/fs/lustre/boot.ktest PASS 53s
GET /tmp/ktest_ml-miscvm:lustre_mainline_native_pdhmzm4u.tar 0s
GET /tmp/ktest_ml:lustre_mainline_kwq1fh8z.tar 0s
END ml-miscvm:lustre_mainline_native build tests/fs/lustre/boot.ktest PASS 158s
START ml-miscvm:boot run tests/fs/lustre/boot.ktest
START ml-miscvm:llmount run tests/fs/lustre/llmount.ktest
START ml-miscvm:llog-unit run tests/fs/lustre/llog-unit.ktest
START ml-miscvm:mgs-setup run tests/fs/lustre/mgs-setup.ktest
START ml-miscvm:sanity-1 run tests/fs/lustre/sanity/sanity-1.ktest
START ml-miscvm:sanity-2 run tests/fs/lustre/sanity/sanity-2.ktest
START ml-miscvm:sanity-3 run tests/fs/lustre/sanity/sanity-3.ktest
START ml-miscvm:sanity-4 run tests/fs/lustre/sanity/sanity-4.ktest
GET /tmp/ktest_ml-strict:lustre_mainline_9epo4c82.tar 4s
END ml:lustre_mainline build tests/fs/lustre/boot.ktest PASS 159s
END ml-strict:lustre_mainline build tests/fs/lustre/boot-strict.ktest FAIL 160s (exit code: 1)
PUT /tmp/ktest-kernel.tar.gz 17s
PUT /tmp/ktest-kernel.tar.gz 17s
PUT /tmp/ktest-kernel.tar.gz 17s
PUT /tmp/ktest-kernel.tar.gz 18s
PUT /tmp/ktest-kernel.tar.gz 18s
PUT /tmp/ktest-kernel.tar.gz 18s
PUT /tmp/ktest-kernel.tar.gz 18s
PUT /tmp/ktest-kernel.tar.gz 18s
PUT /tmp/ktest-lustre.tar.gz 4s
PUT /tmp/ktest-lustre.tar.gz 3s
PUT /tmp/ktest-lustre.tar.gz 4s
PUT /tmp/ktest-lustre.tar.gz 4s
PUT /tmp/ktest-lustre.tar.gz 4s
PUT /tmp/ktest-lustre.tar.gz 3s
PUT /tmp/ktest-lustre.tar.gz 4s
PUT /tmp/ktest-lustre.tar.gz 4s
PUT /tmp/ktest_ml-miscvm:lustre_mainline_native_pdhmzm4u.tar 0s
PUT /tmp/ktest_ml-miscvm:lustre_mainline_native_pdhmzm4u.tar 0s
PUT /tmp/ktest_ml-miscvm:lustre_mainline_native_pdhmzm4u.tar 0s
PUT /tmp/ktest_ml-miscvm:lustre_mainline_native_pdhmzm4u.tar 0s
PUT /tmp/ktest_ml-miscvm:lustre_mainline_native_pdhmzm4u.tar 0s
PUT /tmp/ktest_ml-miscvm:lustre_mainline_native_pdhmzm4u.tar 0s
PUT /tmp/ktest_ml-miscvm:lustre_mainline_native_pdhmzm4u.tar 0s
PUT /tmp/ktest_ml-miscvm:lustre_mainline_native_pdhmzm4u.tar 0s
END ml-miscvm:boot run tests/fs/lustre/boot.ktest PASS 59s
END ml-miscvm:mgs-setup run tests/fs/lustre/mgs-setup.ktest PASS 71s
END ml-miscvm:sanity-2 run tests/fs/lustre/sanity/sanity-2.ktest PASS 97s
END ml-miscvm:sanity-4 run tests/fs/lustre/sanity/sanity-4.ktest PASS 98s
END ml-miscvm:sanity-3 run tests/fs/lustre/sanity/sanity-3.ktest PASS 99s
END ml-miscvm:llmount run tests/fs/lustre/llmount.ktest PASS 110s
END ml-miscvm:sanity-1 run tests/fs/lustre/sanity/sanity-1.ktest PASS 111s
END ml-miscvm:llog-unit run tests/fs/lustre/llog-unit.ktest FAIL 176s (exit code: 1)

============================================================
Final Results:
  checkpatch:checkpatch: PASS (10s) (log: /var/www/ci-lustre/upstream-patch-review/76ba5af6b5fb9de347a80edef16c22d92324f8cd_checkpatch:checkpatch.log)
  u24:u24: PASS (53s) (log: /var/www/ci-lustre/upstream-patch-review/76ba5af6b5fb9de347a80edef16c22d92324f8cd_u24:u24.log)
  al2023:al2023: PASS (52s) (log: /var/www/ci-lustre/upstream-patch-review/76ba5af6b5fb9de347a80edef16c22d92324f8cd_al2023:al2023.log)
  ml-strict:lustre_mainline: FAIL (160s) (log: /var/www/ci-lustre/upstream-patch-review/76ba5af6b5fb9de347a80edef16c22d92324f8cd_ml-strict:lustre_mainline.log)
  ml:lustre_mainline: PASS (159s) (log: /var/www/ci-lustre/upstream-patch-review/76ba5af6b5fb9de347a80edef16c22d92324f8cd_ml:lustre_mainline.log)
  ml-miscvm:lustre_mainline_native: PASS (158s) (log: /var/www/ci-lustre/upstream-patch-review/76ba5af6b5fb9de347a80edef16c22d92324f8cd_ml-miscvm:lustre_mainline_native.log)
  ml-miscvm:boot: PASS (59s) (log: /var/www/ci-lustre/upstream-patch-review/76ba5af6b5fb9de347a80edef16c22d92324f8cd_ml-miscvm:boot.log)
  ml-miscvm:llmount: PASS (110s) (log: /var/www/ci-lustre/upstream-patch-review/76ba5af6b5fb9de347a80edef16c22d92324f8cd_ml-miscvm:llmount.log)
  ml-miscvm:llog-unit: FAIL (176s) (log: /var/www/ci-lustre/upstream-patch-review/76ba5af6b5fb9de347a80edef16c22d92324f8cd_ml-miscvm:llog-unit.log)
  ml-miscvm:mgs-setup: PASS (71s) (log: /var/www/ci-lustre/upstream-patch-review/76ba5af6b5fb9de347a80edef16c22d92324f8cd_ml-miscvm:mgs-setup.log)
  ml-miscvm:sanity-1: PASS (111s) (log: /var/www/ci-lustre/upstream-patch-review/76ba5af6b5fb9de347a80edef16c22d92324f8cd_ml-miscvm:sanity-1.log)
  ml-miscvm:sanity-2: PASS (97s) (log: /var/www/ci-lustre/upstream-patch-review/76ba5af6b5fb9de347a80edef16c22d92324f8cd_ml-miscvm:sanity-2.log)
  ml-miscvm:sanity-3: PASS (99s) (log: /var/www/ci-lustre/upstream-patch-review/76ba5af6b5fb9de347a80edef16c22d92324f8cd_ml-miscvm:sanity-3.log)
  ml-miscvm:sanity-4: PASS (98s) (log: /var/www/ci-lustre/upstream-patch-review/76ba5af6b5fb9de347a80edef16c22d92324f8cd_ml-miscvm:sanity-4.log)

Total execution time: 364s
