CLI: ./pk --podman-socket unix:///run/user/1000/podman/podman.sock --shared-filesystem /tmp --tarball-input job lustre-ci --output /var/www/ci-lustre/upstream-patch-review --git-hash 76d584447bcca883e2e164636ede1f82ada546dd --change-id 68799_76d584447bcca883e2e164636ede1f82ada546dd --subject LU-10026 ofd: fix csdc optimizations

Environment validated successfully
Note: custom LLVM is not synced in tarball input mode
Creating kernel tarball at /tmp/ktest-kernel.tar.gz...
Creating lustre tarball at /tmp/ktest-lustre.tar.gz...
Creating ZFS tarball at /tmp/ktest-zfs.tar.gz...
Executing 14 jobs
Jobs will start as soon as their dependencies are satisfied
Using tarball input mode

START ml:lustre_mainline build tests/fs/lustre/boot.ktest
START ml-strict:lustre_mainline build tests/fs/lustre/boot-strict.ktest
START al2023:al2023 build tests/fs/lustre/boot.ktest
START ml-miscvm:lustre_mainline_native build tests/fs/lustre/boot.ktest
START checkpatch:checkpatch tool checkpatch
START u24:u24 build tests/fs/lustre/boot.ktest
PUT /tmp/ktest-lustre.tar.gz 1s
PUT /tmp/ktest-lustre.tar.gz 1s
PUT /tmp/ktest-kernel.tar.gz 12s
PUT /tmp/ktest-kernel.tar.gz 12s
PUT /tmp/ktest-kernel.tar.gz 12s
PUT /tmp/ktest-kernel.tar.gz 12s
PUT /tmp/ktest-lustre.tar.gz 4s
PUT /tmp/ktest-lustre.tar.gz 5s
PUT /tmp/ktest-lustre.tar.gz 5s
PUT /tmp/ktest-lustre.tar.gz 5s
PUT /tmp/ktest-zfs.tar.gz 1s
PUT /tmp/ktest-zfs.tar.gz 1s
PUT /tmp/ktest-zfs.tar.gz 1s
END checkpatch:checkpatch tool checkpatch FAIL 20s (exit code: 1)
END u24:u24 build tests/fs/lustre/boot.ktest PASS 49s
END al2023:al2023 build tests/fs/lustre/boot.ktest PASS 52s
GET /tmp/ktest_ml:lustre_mainline_x8j2wzu4.tar 5s
GET /tmp/ktest_ml-strict:lustre_mainline_aw80b1kh.tar 5s
GET /tmp/ktest_ml-miscvm:lustre_mainline_native_bor7pvab.tar 6s
END ml:lustre_mainline build tests/fs/lustre/boot.ktest FAIL 164s (exit code: 1)
END ml-strict:lustre_mainline build tests/fs/lustre/boot-strict.ktest FAIL 168s (exit code: 1)
END ml-miscvm:lustre_mainline_native build tests/fs/lustre/boot.ktest FAIL 170s (exit code: 1)

============================================================
Final Results:
  checkpatch:checkpatch: FAIL (20s) (log: /var/www/ci-lustre/upstream-patch-review/76d584447bcca883e2e164636ede1f82ada546dd_checkpatch:checkpatch.log)
  u24:u24: PASS (49s) (log: /var/www/ci-lustre/upstream-patch-review/76d584447bcca883e2e164636ede1f82ada546dd_u24:u24.log)
  al2023:al2023: PASS (52s) (log: /var/www/ci-lustre/upstream-patch-review/76d584447bcca883e2e164636ede1f82ada546dd_al2023:al2023.log)
  ml-strict:lustre_mainline: FAIL (168s) (log: /var/www/ci-lustre/upstream-patch-review/76d584447bcca883e2e164636ede1f82ada546dd_ml-strict:lustre_mainline.log)
  ml:lustre_mainline: FAIL (164s) (log: /var/www/ci-lustre/upstream-patch-review/76d584447bcca883e2e164636ede1f82ada546dd_ml:lustre_mainline.log)
  ml-miscvm:lustre_mainline_native: FAIL (170s) (log: /var/www/ci-lustre/upstream-patch-review/76d584447bcca883e2e164636ede1f82ada546dd_ml-miscvm:lustre_mainline_native.log)
  ml-miscvm:boot: SKIPPED (due to dependency failure)
  ml-miscvm:llmount: SKIPPED (due to dependency failure)
  ml-miscvm:llog-unit: SKIPPED (due to dependency failure)
  ml-miscvm:mgs-setup: SKIPPED (due to dependency failure)
  ml-miscvm:sanity-1: SKIPPED (due to dependency failure)
  ml-miscvm:sanity-2: SKIPPED (due to dependency failure)
  ml-miscvm:sanity-3: SKIPPED (due to dependency failure)
  ml-miscvm:sanity-4: SKIPPED (due to dependency failure)

Total execution time: 201s

Packed 4229 logs from /var/www/ci-lustre/upstream-patch-review into /home/ktest/ktest/local-site/local_data.js
Open /home/ktest/ktest/local-site/index.html in a browser
