00005 
00015 RDSEED32 is broken. Disabling the corresponding CPUID bit.
00019 init: failed to load nvme_core
00019 init: failed to load nvme
00019 init: failed to load zfs
00020 LNetError: 1:0:(lib-socket.c:619:lnet_inet_enumerate()) lnet: Can't find any usable interfaces, rc = -ENOENT
00020 LNetError: Error -100 starting up LNI tcp
00021 LustreError: 1:0:(events.c:627:ptlrpc_init_portals()) network initialisation failed: rc = -100
00021 init: finit_module /lib/modules/7.0.0-ktest-77ed261-6330a45-20260727-dirty/updates/ptlrpc.ko: Network is down
00021 init: failed to load lustre
00021 init: failed to load osd_zfs
00021 init: failed to load iwlwifi
00021 init: failed to load iwlmvm
00021 init: failed to load mt7921e
00021 init: failed to load i915
00021 init: failed to load nouveau
00034 tlp: vm.laptop_mode is deprecated. Ignoring setting.
00034 Kernel version: 7.0.0-ktest-77ed261-6330a45-20260727-dirty
00034 hook init_noop
00034 
00034 Running tests mgs-setup
00034 
00034 ========= TEST   mgs-setup
00035 /host/home/ktest/git/lustre-release/lustre/tests/test-framework.sh: line 6963: cd: HOME not set
00035 /host/home/ktest/git/lustre-release/lustre/tests/test-framework.sh: line 6963: cd: HOME not set
00035 /host/home/ktest/git/lustre-release/lustre/tests/test-framework.sh: line 6963: cd: HOME not set
00038 MGS_OS_VERSION_ID=24.04
00038 MGS_OS_ID=ubuntu
00038 MGS_OS_VERSION_CODE=402915328
00038 MGS_OS_ID_LIKE=debian ubuntu
00038 MDS1_OS_ID=ubuntu
00038 MDS1_OS_VERSION_CODE=402915328
00038 MDS1_OS_ID_LIKE=debian ubuntu
00038 MDS1_OS_VERSION_ID=24.04
00038 OST1_OS_VERSION_ID=24.04
00038 OST1_OS_VERSION_CODE=402915328
00038 OST1_OS_ID=ubuntu
00038 OST1_OS_ID_LIKE=debian ubuntu
00039 CLIENT_OS_VERSION_ID=24.04
00039 CLIENT_OS_ID_LIKE=debian ubuntu
00039 CLIENT_OS_ID=ubuntu
00039 CLIENT_OS_VERSION_CODE=402915328
00039 Loading modules from /host/home/ktest/git/lustre-release/lustre
00039 detected 16 online CPUs by sysfs
00039 MODOPTS_LIBCFS=
00039 libcfs will create CPU partition based on online CPUs
00040 LNet: Added LNI 10.0.2.15@tcp [8/256/0/180]
00040 gss/krb5 is not supported
00041 Lustre: Echo OBD driver; http://www.lustre.org/
00041 
00041 
00046 
00046 
00046 
00046 Lustre: server umount MGS0000 complete
00046 
00046 Removed directory: /mnt/lustre-X5lXXS-MGS0000
00046 
00046 ========= PASSED mgs-setup in 13s
00046 
00046 Passed: mgs-setup
00046 Failed: 
00046 NOTICE: Automounting of tracing to debugfs is deprecated and will be removed in 2030
00046 Kernel version: 7.0.0-ktest-77ed261-6330a45-20260727-dirty
00046 TEST SUCCESS
