00001 
00002 init: failed to load nvme_core
00002 init: failed to load nvme
00004 LNetError: 1:0:(lib-socket.c:619:lnet_inet_enumerate()) lnet: Can't find any usable interfaces, rc = -ENOENT
00004 LNetError: Error -100 starting up LNI tcp
00004 LustreError: 1:0:(events.c:632:ptlrpc_init_portals()) network initialisation failed: rc = -100
00004 init: finit_module /lib/modules/7.0.0-ktest-785537d-6330a45-20260813-dirty/updates/ptlrpc.ko: Network is down
00004 init: failed to load lustre
00004 init: finit_module /lib/modules/7.0.0-ktest-785537d-6330a45-20260813-dirty/updates/lquota.ko: No such file or directory
00004 init: failed to load osd_zfs
00004 init: failed to load iwlwifi
00004 init: failed to load iwlmvm
00004 init: failed to load mt7921e
00004 init: failed to load i915
00004 init: failed to load nouveau
00009 tlp: vm.laptop_mode is deprecated. Ignoring setting.
00009 Kernel version: 7.0.0-ktest-785537d-6330a45-20260813-dirty
00009 hook init_noop
00010 
00010 Running tests llog-unit
00010 
00010 ========= TEST   llog-unit
00010 /host/home/ktest/git/lustre-release/lustre/tests/test-framework.sh: line 6982: cd: HOME not set
00010 /host/home/ktest/git/lustre-release/lustre/tests/test-framework.sh: line 6982: cd: HOME not set
00010 /host/home/ktest/git/lustre-release/lustre/tests/test-framework.sh: line 6982: cd: HOME not set
00012 MGS_OS_VERSION_ID=24.04
00012 MGS_OS_ID=ubuntu
00012 MGS_OS_VERSION_CODE=402915328
00012 MGS_OS_ID_LIKE=debian ubuntu
00012 MDS1_OS_ID=ubuntu
00012 MDS1_OS_VERSION_CODE=402915328
00012 MDS1_OS_ID_LIKE=debian ubuntu
00012 MDS1_OS_VERSION_ID=24.04
00012 OST1_OS_VERSION_ID=24.04
00012 OST1_OS_VERSION_CODE=402915328
00012 OST1_OS_ID=ubuntu
00012 OST1_OS_ID_LIKE=debian ubuntu
00012 CLIENT_OS_VERSION_ID=24.04
00012 CLIENT_OS_ID_LIKE=debian ubuntu
00012 CLIENT_OS_ID=ubuntu
00012 CLIENT_OS_VERSION_CODE=402915328
00012 Loading modules from /host/home/ktest/git/lustre-release/lustre
00012 detected 16 online CPUs by sysfs
00012 MODOPTS_LIBCFS=
00012 libcfs will create CPU partition based on online CPUs
00013 LNet: Added LNI 10.0.2.15@tcp [8/256/0/180]
00013 gss/krb5 is not supported
00014 Lustre: Echo OBD driver; http://www.lustre.org/
00014 
00014 
00014 
00014 
00014 lustre-ktest (1970) used greatest stack depth: 25736 bytes left
00014 /host/home/ktest/git/lustre-release/lustre/tests/test-framework.sh: line 6982: cd: HOME not set
00015 /host/home/ktest/git/lustre-release/lustre/tests/test-framework.sh: line 6982: cd: HOME not set
00015 /host/home/ktest/git/lustre-release/lustre/tests/test-framework.sh: line 6982: cd: HOME not set
00017 Lustre: DEBUG MARKER: Attempt llog unit tests
00017 Lustre: 2420:0:(llog_test.c:2806:llog_test_device_init()) Setup llog-test device over MGS device
00017 Lustre: 2420:0:(llog_test.c:98:llog_test_1()) 1a: create a log with name: cfac219e
00017 Lustre: 2420:0:(llog_test.c:115:llog_test_1()) 1b: close newly-created log
00017 Lustre: 2420:0:(llog_test.c:146:llog_test_2()) 2a: re-open a log with name: cfac219e
00017 Lustre: 2420:0:(llog_test.c:166:llog_test_2()) 2b: create a log without specified NAME & LOGID
00017 Lustre: 2420:0:(llog_test.c:184:llog_test_2()) 2b: write 1 llog records, check llh_count
00017 Lustre: 2420:0:(llog_test.c:197:llog_test_2()) 2c: re-open the log by LOGID and verify llh_count
00017 Lustre: 2420:0:(llog_test.c:244:llog_test_2()) 2d: destroy this log
00017 Lustre: 2420:0:(llog_test.c:402:llog_test_3()) 3a: write 1023 fixed-size llog records
00017 Lustre: 2420:0:(llog_test.c:366:llog_test3_process()) test3: processing records from index 501 to the end
00017 Lustre: 2420:0:(llog_test.c:376:llog_test3_process()) test3: total 525 records processed with 0 paddings
00017 Lustre: 2420:0:(llog_test.c:458:llog_test_3()) 3b: write 566 variable size llog records
00017 Lustre: 2420:0:(llog_test.c:529:llog_test_3()) 3c: write records with variable size until BITMAP_SIZE, return -ENOSPC
00021 Lustre: 2420:0:(llog_test.c:552:llog_test_3()) 3c: wrote 63962 more records before end of llog is reached
00021 Lustre: 2420:0:(llog_test.c:581:llog_test_4()) 4a: create a catalog log with name: cfac219f
00021 Lustre: 2420:0:(llog_test.c:596:llog_test_4()) 4b: write 1 record into the catalog
00021 Lustre: 2420:0:(llog_test.c:623:llog_test_4()) 4c: cancel 1 log record
00021 Lustre: 2420:0:(llog_test.c:635:llog_test_4()) 4d: write 64767 more log records
00029 Lustre: 2420:0:(llog_test.c:651:llog_test_4()) 4e: add 5 large records, one record per block
00029 Lustre: 2420:0:(llog_test.c:671:llog_test_4()) 4f: put newly-created catalog
00029 Lustre: 2420:0:(llog_test.c:770:llog_test_5()) 5a: re-open catalog by id
00029 Lustre: 2420:0:(llog_test.c:783:llog_test_5()) 5b: print the catalog entries.. we expect 2
00029 Lustre: 2434:0:(llog_test.c:700:cat_print_cb()) seeing record at index 1 - [0x1:0x3:0x0] in log [0xa:0x4:0x0]
00029 Lustre: 2420:0:(llog_test.c:795:llog_test_5()) 5c: Cancel 64767 records, see one log zapped
00037 Lustre: 2420:0:(llog_test.c:803:llog_test_5()) 5c: print the catalog entries.. we expect 1
00037 Lustre: 2442:0:(llog_test.c:700:cat_print_cb()) seeing record at index 2 - [0x1:0x4:0x0] in log [0xa:0x4:0x0]
00037 Lustre: 2442:0:(llog_test.c:700:cat_print_cb()) Skipped 1 previous similar message
00037 Lustre: 2420:0:(llog_test.c:815:llog_test_5()) 5d: add 1 record to the log with many canceled empty pages
00037 Lustre: 2420:0:(llog_test.c:822:llog_test_5()) 5e: print plain log entries.. expect 6
00037 Lustre: 2420:0:(llog_test.c:834:llog_test_5()) 5f: print plain log entries reversely.. expect 6
00037 Lustre: 2420:0:(llog_test.c:848:llog_test_5()) 5g: close re-opened catalog
00037 Lustre: 2420:0:(llog_test.c:878:llog_test_6()) 6a: re-open log cfac219e using client API
00037 Lustre: MGS: non-config logname received: cfac219e
00037 Lustre: 2420:0:(llog_test.c:910:llog_test_6()) 6b: process log cfac219e using client API
00037 Lustre: 2420:0:(llog_test.c:914:llog_test_6()) 6b: processed 63962 records
00037 Lustre: 2420:0:(llog_test.c:921:llog_test_6()) 6c: process log cfac219e reversely using client API
00037 Lustre: 2420:0:(llog_test.c:925:llog_test_6()) 6c: processed 63962 records
00037 Lustre: 2420:0:(llog_test.c:1073:llog_test_7()) 7a: test llog_logid_rec
00049 Lustre: 2420:0:(llog_test.c:1084:llog_test_7()) 7b: test llog_unlink64_rec
00062 Lustre: 2420:0:(llog_test.c:1095:llog_test_7()) 7c: test llog_setattr64_rec
00072 Lustre: 2420:0:(llog_test.c:1106:llog_test_7()) 7d: test llog_size_change_rec
00083 Lustre: 2420:0:(llog_test.c:1117:llog_test_7()) 7e: test llog_changelog_rec
00087 Lustre: 2420:0:(llog_test.c:1024:llog_test_7_sub()) 7_sub: records are not aligned, written 64071 from 64767
00095 Lustre: 2420:0:(llog_test.c:1129:llog_test_7()) 7f: test llog_changelog_user_rec2
00098 Lustre: 2420:0:(llog_test.c:1024:llog_test_7_sub()) 7_sub: records are not aligned, written 64139 from 64767
00106 Lustre: 2420:0:(llog_test.c:1140:llog_test_7()) 7g: test llog_gen_rec
00113 hrtimer: interrupt took 3307 ns
00117 Lustre: 2420:0:(llog_test.c:1151:llog_test_7()) 7h: test llog_setattr64_rec_v2
00121 Lustre: 2420:0:(llog_test.c:1024:llog_test_7_sub()) 7_sub: records are not aligned, written 64071 from 64767
00128 Lustre: 2420:0:(llog_test.c:1261:llog_test_8()) 8a: fill the first plain llog
00128 Lustre: 2420:0:(llog_test.c:1290:llog_test_8()) 8b: first llog [0x1:0x10:0x0]
00128 Lustre: 2420:0:(llog_test.c:1306:llog_test_8()) 8b: fill the second plain llog
00128 Lustre: 2420:0:(llog_test.c:1330:llog_test_8()) 8b: pin llog [0x1:0x12:0x0]
00128 Lustre: 2420:0:(llog_test.c:1333:llog_test_8()) 8b: clean first llog record in catalog
00128 Lustre: 2420:0:(llog_test.c:1344:llog_test_8()) 8c: corrupt first chunk in the middle
00128 Lustre: 2420:0:(llog_test.c:1347:llog_test_8()) 8c: corrupt second chunk at start
00128 Lustre: 2420:0:(llog_test.c:1350:llog_test_8()) 8d: count survived records
00128 Lustre: 2420:0:(llog_test.c:1380:llog_test_8()) 8d: close re-opened catalog
00128 Lustre: 2420:0:(llog_test.c:1441:llog_test_9()) 9a: test llog_logid_rec
00128 Lustre: 2420:0:(llog_test.c:1425:llog_test_9_sub()) 9_sub: record type 1064553b in log 0x1:0x14:0x0
00128 Lustre: 2420:0:(llog_test.c:1452:llog_test_9()) 9b: test llog_obd_cfg_rec
00128 Lustre: 2420:0:(llog_test.c:1463:llog_test_9()) 9c: test llog_changelog_rec
00128 Lustre: 2420:0:(llog_test.c:1475:llog_test_9()) 9d: test llog_changelog_user_rec2
00128 Lustre: 2420:0:(llog_test.c:1576:llog_test_10()) 10a: create a catalog log with name: cfac21a0
00128 Lustre: 2420:0:(llog_test.c:1608:llog_test_10()) 10b: write 64767 log records
00135 Lustre: 2420:0:(llog_test.c:1634:llog_test_10()) 10c: write 129534 more log records
00152 Lustre: 2420:0:(llog_test.c:1666:llog_test_10()) 10c: write 64767 more log records
00163 Lustre: 2420:0:(llog_cat_server.c:70:llog_cat_new_log()) MGS: there are no more free slots in catalog cfac21a0
00163 LustreError: 2420:0:(llog_cat_server.c:483:llog_cat_add_rec()) MGS: initialization error: rc = -28
00163 Lustre: 2420:0:(llog_test.c:1692:llog_test_10()) 10c: wrote 64011 records then 756 failed with ENOSPC
00163 Lustre: 2420:0:(llog_test.c:1711:llog_test_10()) 10d: Cancel 64767 records, see one log zapped
00172 Lustre: 2420:0:(llog_test.c:1725:llog_test_10()) 10d: print the catalog entries.. we expect 3
00172 Lustre: 2574:0:(llog_test.c:700:cat_print_cb()) seeing record at index 2 - [0x1:0x19:0x0] in log [0xa:0x5:0x0]
00173 Lustre: 2420:0:(llog_test.c:1755:llog_test_10()) 10e: write 64767 more log records
00179 Lustre: 2420:0:(llog_cat_server.c:70:llog_cat_new_log()) MGS: there are no more free slots in catalog cfac21a0
00179 Lustre: 2420:0:(llog_cat_server.c:70:llog_cat_new_log()) Skipped 755 previous similar messages
00179 LustreError: 2420:0:(llog_cat_server.c:483:llog_cat_add_rec()) MGS: initialization error: rc = -28
00179 LustreError: 2420:0:(llog_cat_server.c:483:llog_cat_add_rec()) Skipped 755 previous similar messages
00179 Lustre: 2420:0:(llog_test.c:1781:llog_test_10()) 10e: wrote 64578 records then 189 failed with ENOSPC
00179 Lustre: 2420:0:(llog_test.c:1783:llog_test_10()) 10e: print the catalog entries.. we expect 4
00179 Lustre: 2420:0:(llog_cat.c:310:llog_cat_process_or_fork()) MGS: catlog [0xa:0x5:0x0] crosses index zero
00179 Lustre: 2420:0:(llog_test.c:700:cat_print_cb()) seeing record at index 2 - [0x1:0x19:0x0] in log [0xa:0x5:0x0]
00179 Lustre: 2420:0:(llog_test.c:700:cat_print_cb()) Skipped 2 previous similar messages
00179 Lustre: 2420:0:(llog_test.c:1819:llog_test_10()) 10e: catalog successfully wrap around, last_idx 1, first 1
00179 Lustre: 2420:0:(llog_test.c:1836:llog_test_10()) 10f: Cancel 64767 records, see one log zapped
00189 Lustre: 2420:0:(llog_test.c:1850:llog_test_10()) 10f: print the catalog entries.. we expect 3
00189 Lustre: 2420:0:(llog_cat.c:310:llog_cat_process_or_fork()) MGS: catlog [0xa:0x5:0x0] crosses index zero
00189 Lustre: 2420:0:(llog_cat.c:310:llog_cat_process_or_fork()) Skipped 1 previous similar message
00189 Lustre: 2420:0:(llog_test.c:700:cat_print_cb()) seeing record at index 3 - [0x1:0x1a:0x0] in log [0xa:0x5:0x0]
00189 Lustre: 2420:0:(llog_test.c:700:cat_print_cb()) Skipped 3 previous similar messages
00189 Lustre: 2420:0:(llog_test.c:1881:llog_test_10()) 10f: write 64767 more log records
00196 Lustre: 2420:0:(llog_cat_server.c:70:llog_cat_new_log()) MGS: there are no more free slots in catalog cfac21a0
00196 Lustre: 2420:0:(llog_cat_server.c:70:llog_cat_new_log()) Skipped 188 previous similar messages
00196 LustreError: 2420:0:(llog_cat_server.c:483:llog_cat_add_rec()) MGS: initialization error: rc = -28
00196 LustreError: 2420:0:(llog_cat_server.c:483:llog_cat_add_rec()) Skipped 188 previous similar messages
00196 Lustre: 2420:0:(llog_test.c:1907:llog_test_10()) 10f: wrote 64578 records then 189 failed with ENOSPC
00196 Lustre: 2420:0:(llog_test.c:1953:llog_test_10()) 10g: Cancel 64767 records, see one log zapped
00196 Lustre: 2420:0:(llog_cat.c:310:llog_cat_process_or_fork()) MGS: catlog [0xa:0x5:0x0] crosses index zero
00206 Lustre: 2420:0:(llog_test.c:1965:llog_test_10()) 10g: print the catalog entries.. we expect 3
00206 Lustre: 2420:0:(llog_cat.c:310:llog_cat_process_or_fork()) MGS: catlog [0xa:0x5:0x0] crosses index zero
00206 Lustre: 2420:0:(llog_test.c:700:cat_print_cb()) seeing record at index 4 - [0x1:0x1b:0x0] in log [0xa:0x5:0x0]
00206 Lustre: 2420:0:(llog_test.c:700:cat_print_cb()) Skipped 2 previous similar messages
00206 Lustre: 2420:0:(llog_test.c:1995:llog_test_10()) 10g: Cancel 64767 records, see one log zapped
00215 Lustre: 2420:0:(llog_test.c:2009:llog_test_10()) 10g: print the catalog entries.. we expect 2
00215 Lustre: 2420:0:(llog_test.c:2047:llog_test_10()) 10g: Cancel 64767 records, see one log zapped
00225 Lustre: 2420:0:(llog_test.c:2061:llog_test_10()) 10g: print the catalog entries.. we expect 1
00225 Lustre: 2420:0:(llog_test.c:700:cat_print_cb()) seeing record at index 2 - [0x1:0x1d:0x0] in log [0xa:0x5:0x0]
00225 Lustre: 2420:0:(llog_test.c:700:cat_print_cb()) Skipped 4 previous similar messages
00225 Lustre: 2420:0:(llog_test.c:2087:llog_test_10()) 10g: llh_cat_idx has also successfully wrapped!
00225 Lustre: 2612:0:(llog_test.c:1535:cat_check_old_cb()) seeing record at index 2 - [0x1:0x1d:0x0] in log [0xa:0x5:0x0]
00225 Lustre: 2420:0:(llog_test.c:2111:llog_test_10()) 10h: write 64767 more log records
00225 LustreError: 2420:0:(llog_osd.c:684:llog_osd_write_rec()) cfs_race id 1317 sleeping
00226 LustreError: 2612:0:(llog.c:690:llog_process_thread()) cfs_fail_race id 1317 waking
00226 LustreError: 2420:0:(llog_osd.c:684:llog_osd_write_rec()) cfs_fail_race id 1317 awake: rc=446
00227 LustreError: 2612:0:(llog.c:690:llog_process_thread()) cfs_fail_race id 1317 waking
00227 Lustre: 2612:0:(llog_test.c:1535:cat_check_old_cb()) seeing record at index 3 - [0x1:0x1e:0x0] in log [0xa:0x5:0x0]
00235 LustreError: 2420:0:(llog_osd.c:684:llog_osd_write_rec()) cfs_fail_race id 1317 waking
00236 Lustre: 2420:0:(llog_test.c:2137:llog_test_10()) 10h: wrote 64767 records then 0 failed with ENOSPC
00236 Lustre: 2420:0:(llog_test.c:2150:llog_test_10()) 10: put newly-created catalog
00236 Lustre: 2420:0:(llog_test.c:2179:llog_test_11()) 11: create a plain nameless log
00236 Lustre: 2420:0:(llog_test.c:2204:llog_test_11()) 11: size 8216 in 1 blocks after 1 rec
00236 Lustre: 2420:0:(llog_test.c:2206:llog_test_11()) 11: add few records
00236 Lustre: 2420:0:(llog_test.c:2222:llog_test_11()) 11: size 10616 in 1 blocks with few recs
00236 lctl (2420): drop_caches: 3
00236 Lustre: 2420:0:(llog_test.c:2247:llog_test_11()) 11: re-open the log by LOGID and verify llh_count
00236 Lustre: 2420:0:(llog_test.c:2262:llog_test_11()) 11: size 10616 in 1 blocks after re-open
00236 Lustre: 2420:0:(llog_test.c:2352:llog_test_12()) 12: create a catalog log with name: cfac21a1
00236 Lustre: 12: truncate 24 bytes
00236 Lustre: 12: re-open and process the catalog
00236 LustreError: 2420:0:(llog_osd.c:1248:llog_osd_next_block()) MGS0000-osd: invalid llog tail at log id [0xa:0x6:0x0] offset 8232 last_rec idx 8704 tail idx 275010875 lrt len 1 read_size 40
00236 LustreError: 2420:0:(llog.c:886:llog_process_thread()) MGS: local llog is corrupted [0xa:0x6:0x0] catalog index 1 count 2
00236 Lustre: 12: try to add to the catalog
00236 LustreError: 2420:0:(llog_osd.c:1231:llog_osd_next_block()) MGS0000-osd: invalid llog tail at log id [0x6:0xa:0x0]:0 offset 8297 tail idx 603979776 lrt len 1074261 read_size 105
00236 ==================================================================
00236 BUG: KASAN: slab-out-of-bounds in llog_osd_next_block+0x13e9/0x3570 [obdclass]
00236 Read of size 4 at addr ffff88819edf3036 by task lctl/2420
00236 
00236 CPU: 15 UID: 0 PID: 2420 Comm: lctl Tainted: G           O        7.0.0-ktest-785537d-6330a45-20260813-dirty #1 PREEMPT 
00236 Tainted: [O]=OOT_MODULE
00236 Hardware name: QEMU Standard PC (Q35 + ICH9, 2009), BIOS 2025.11-3ubuntu7 03/31/2026
00236 Call Trace:
00236  <TASK>
00236  dump_stack_lvl+0x43/0x60
00236  print_report+0xbc/0x260
00236  ? llog_osd_next_block+0x13e9/0x3570 [obdclass]
00236  kasan_report+0xa2/0xd0
00236  ? llog_osd_next_block+0x13e9/0x3570 [obdclass]
00236  llog_osd_next_block+0x13e9/0x3570 [obdclass]
00236  llog_process_thread+0x1487/0x5370 [obdclass]
00236  ? class_setup+0xc7d/0x10e0 [obdclass]
00236  ? class_process_config+0x2edb/0x7cb0 [obdclass]
00236  ? __osd_read+0x30f/0x4e0 [osd_zfs]
00236  llog_process_or_fork+0x647/0xd20 [obdclass]
00236  ? llog_cat_process+0x30/0x30 [obdclass]
00236  llog_cat_process_or_fork+0x795/0xf70 [obdclass]
00236  ? llog_cat_process+0x30/0x30 [obdclass]
00236  ? llog_cancel_rec_cb+0x440/0x440 [llog_test]
00236  llog_cat_process+0x24/0x30 [obdclass]
00236  llog_test_12+0xf48/0x2d80 [llog_test]
00236  llog_run_tests+0x43f6/0x5a80 [llog_test]
00236  llog_test_device_init+0x4f7/0x830 [llog_test]
00236  obd_setup+0x555/0x940 [obdclass]
00236  class_setup+0xc7d/0x10e0 [obdclass]
00236  class_process_config+0x2edb/0x7cb0 [obdclass]
00236  ? obd_ioctl_is_invalid+0x5f3/0x9d0 [obdclass]
00236  ? __kasan_kmalloc+0x72/0x80
00236  class_handle_ioctl+0x1b67/0x2e60 [obdclass]
00236  obd_class_ioctl+0x1f6/0x3c0 [obdclass]
00236  __x64_sys_ioctl+0x961/0xe00
00236  ? _copy_to_user+0x3d/0x60
00236  ? __x64_sys_rt_sigaction+0x107/0x140
00236  do_syscall_64+0xc1/0x330
00236  entry_SYSCALL_64_after_hwframe+0x4b/0x53
00236 RIP: 0033:0x7f0bb7724e1d
00236 Code: 04 25 28 00 00 00 48 89 45 c8 31 c0 48 8d 45 10 c7 45 b0 10 00 00 00 48 89 45 b8 48 8d 45 d0 48 89 45 c0 b8 10 00 00 00 0f 05 <89> c2 3d 00 f0 ff ff 77 1a 48 8b 45 c8 64 48 2b 04 25 28 00 00 00
00236 RSP: 002b:00007ffebe97c3c0 EFLAGS: 00000246 ORIG_RAX: 0000000000000010
00236 RAX: ffffffffffffffda RBX: 00007f0bb79b21f0 RCX: 00007f0bb7724e1d
00236 RDX: 00007ffebe97c6a0 RSI: 00000000c00866b8 RDI: 0000000000000003
00236 RBP: 00007ffebe97c410 R08: 00007ffebe97c460 R09: 00007ffebe97c6a0
00236 R10: 00005614a8d31930 R11: 0000000000000246 R12: 00007ffebe97c6a0
00236 R13: 000056146fbbd822 R14: 0000000000000000 R15: 00007ffebe97e720
00236  </TASK>
00236 
00236 The buggy address belongs to the object at ffff88819edf0000
00236  which belongs to the cache kmalloc-8k of size 8192
00236 The buggy address is located 4150 bytes to the right of
00236  allocated 8192-byte region [ffff88819edf0000, ffff88819edf2000)
00236 
00236 The buggy address belongs to the physical page:
00236 page: refcount:0 mapcount:0 mapping:0000000000000000 index:0x0 pfn:0x19edf0
00236 head: order:3 mapcount:0 entire_mapcount:0 nr_pages_mapped:0 pincount:0
00236 flags: 0x8000000000000040(head|zone=2)
00236 page_type: f5(slab)
00236 raw: 8000000000000040 ffff888100042e00 dead000000000122 0000000000000000
00236 raw: 0000000000000000 0000400000020002 00000000f5000000 ffff88819edf2010
00236 head: 8000000000000040 ffff888100042e00 dead000000000122 0000000000000000
00236 head: 0000000000000000 0000400000020002 00000000f5000000 ffff88819edf2010
00236 head: 8000000000000003 ffffea00067b7c01 00000000ffffffff 00000000ffffffff
00236 head: ffffffffffffffff 0000000000000000 00000000ffffffff 0000000000000008
00236 page dumped because: kasan: bad access detected
00236 
00236 Memory state around the buggy address:
00236  ffff88819edf2f00: fc fc fc fc fc fc fc fc fc fc fc fc fc fc fc fc
00236  ffff88819edf2f80: fc fc fc fc fc fc fc fc fc fc fc fc fc fc fc fc
00236 >ffff88819edf3000: fc fc fc fc fc fc fc fc fc fc fc fc fc fc fc fc
00236                                      ^
00236  ffff88819edf3080: fc fc fc fc fc fc fc fc fc fc fc fc fc fc fc fc
00236  ffff88819edf3100: fc fc fc fc fc fc fc fc fc fc fc fc fc fc fc fc
00236 ==================================================================
00236 Disabling lock debugging due to kernel taint
00236 Lustre: 2420:0:(llog_test.c:2461:llog_test_12()) 12: put newly-created catalog
00236 Lustre: 2420:0:(llog_test.c:2529:llog_test_13()) 13a: create a catalog log with name: cfac21a1
00236 Lustre: 2420:0:(llog_test.c:2545:llog_test_13()) 13b: write 1 record into the catalog
00236 LustreError: 2420:0:(llog_test.c:2556:llog_test_13()) 13b: found 8 plain llogs
00236 Lustre: 2420:0:(llog_test.c:2558:llog_test_13()) 13c: erase plain llog
00236 LustreError: 2420:0:(llog_cat.c:78:llog_cat_id2handle()) MGS: error opening log id [0x1:0x4f:0x0]: rc = -2
00236 Lustre: 2420:0:(llog_test.c:2578:llog_test_13()) 13d: forward process: found=1708 rc=0
00236 Lustre: 2420:0:(llog_test.c:2582:llog_test_13()) 13e: erase another plain llog
00236 Lustre: 2420:0:(llog_test.c:2602:llog_test_13()) 13e: backward process: found=1367 rc=0
00236 Lustre: 2420:0:(llog_test.c:2605:llog_test_13()) 13f: put newly-created catalog
00236 lctl (2420) used greatest stack depth: 24056 bytes left
00237 Lustre: DEBUG MARKER: Finish llog units tests
00237 
00237 
00237 
00237 Lustre: server umount MGS0000 complete
00237 
00237 Removed directory: /mnt/lustre-di6kSy-MGS0000
00237 
00237 ========= PASSED llog-unit in 228s
00237 
00237 Passed: llog-unit
00237 Failed: 
00237 NOTICE: Automounting of tracing to debugfs is deprecated and will be removed in 2030
00237 Kernel version: 7.0.0-ktest-785537d-6330a45-20260813-dirty
00237 TEST SUCCESS
