CLI: ./pk --podman-socket unix:///run/podman/podman.sock --shared-filesystem /tmp --tarball-input job lustre-ci-branch --output /var/www/ci-lustre/upstream-patch-review --git-hash 785537d74ed4791340f4b6db3a867161caaf06f5_lustre-ci-branch --change-id master-next_785537d74ed4791340f4b6db3a867161caaf06f5_lustre-ci-branch --subject [lustre-ci-branch] Staging branch for new changes

Environment validated successfully
Note: custom LLVM is not synced in tarball input mode
Creating kernel tarball at /tmp/ktest-kernel.tar.gz...
Creating lustre tarball at /tmp/ktest-lustre.tar.gz...
Creating ZFS tarball at /tmp/ktest-zfs.tar.gz...
Executing 18 jobs
Jobs will start as soon as their dependencies are satisfied
Using tarball input mode

START u24:u24 build tests/fs/lustre/boot.ktest
START kernel-doc:kernel-doc tool kernel_doc_helper.sh
START al2023:al2023 build tests/fs/lustre/boot.ktest
START llvm-checks:cc-plugin build tests/fs/lustre/boot.ktest
START license-status:license-status tool license-status
START checkpatch-parallel:checkpatch-parallel tool checkpatch-parallel
START ml-miscvm:lustre_mainline_native build tests/fs/lustre/boot.ktest
START contributions:contributions tool contributions
START ml-strict:lustre_mainline build tests/fs/lustre/boot-strict.ktest
START ml:lustre_mainline build tests/fs/lustre/boot.ktest
PUT /tmp/ktest-lustre.tar.gz 1s
PUT /tmp/ktest-lustre.tar.gz 2s
PUT /tmp/ktest-kernel.tar.gz 14s
PUT /tmp/ktest-kernel.tar.gz 14s
PUT /tmp/ktest-kernel.tar.gz 14s
PUT /tmp/ktest-kernel.tar.gz 14s
PUT /tmp/ktest-kernel.tar.gz 14s
PUT /tmp/ktest-kernel.tar.gz 14s
PUT /tmp/ktest-kernel.tar.gz 14s
PUT /tmp/ktest-kernel.tar.gz 15s
PUT /tmp/ktest-lustre.tar.gz 5s
PUT /tmp/ktest-lustre.tar.gz 5s
PUT /tmp/ktest-lustre.tar.gz 5s
PUT /tmp/ktest-lustre.tar.gz 4s
PUT /tmp/ktest-lustre.tar.gz 4s
PUT /tmp/ktest-lustre.tar.gz 5s
PUT /tmp/ktest-lustre.tar.gz 5s
PUT /tmp/ktest-lustre.tar.gz 4s
PUT /tmp/ktest-zfs.tar.gz 1s
PUT /tmp/ktest-zfs.tar.gz 1s
PUT /tmp/ktest-zfs.tar.gz 1s
PUT /tmp/ktest-zfs.tar.gz 1s
END contributions:contributions tool contributions PASS 24s
END kernel-doc:kernel-doc tool kernel_doc_helper.sh PASS 26s
END license-status:license-status tool license-status FAIL 29s (exit code: 1)
END u24:u24 build tests/fs/lustre/boot.ktest PASS 58s
END al2023:al2023 build tests/fs/lustre/boot.ktest PASS 74s
END checkpatch-parallel:checkpatch-parallel tool checkpatch-parallel PASS 84s
GET /tmp/ktest_ml-miscvm:lustre_mainline_native_54p4wti7.tar 0s
GET /tmp/ktest_ml:lustre_mainline_omnqwd62.tar 0s
END ml-miscvm:lustre_mainline_native build tests/fs/lustre/boot.ktest PASS 255s
START ml-miscvm:boot run tests/fs/lustre/boot.ktest
START ml-miscvm:llmount run tests/fs/lustre/llmount.ktest
START ml-miscvm:llog-unit run tests/fs/lustre/llog-unit.ktest
START ml-miscvm:mgs-setup run tests/fs/lustre/mgs-setup.ktest
START ml-miscvm:sanity-1 run tests/fs/lustre/sanity/sanity-1.ktest
START ml-miscvm:sanity-2 run tests/fs/lustre/sanity/sanity-2.ktest
START ml-miscvm:sanity-3 run tests/fs/lustre/sanity/sanity-3.ktest
START ml-miscvm:sanity-4 run tests/fs/lustre/sanity/sanity-4.ktest
END ml:lustre_mainline build tests/fs/lustre/boot.ktest PASS 257s
GET /tmp/ktest_ml-strict:lustre_mainline_v7_69t_e.tar 8s
END ml-strict:lustre_mainline build tests/fs/lustre/boot-strict.ktest FAIL 263s (exit code: 1)
PUT /tmp/ktest-kernel.tar.gz 24s
PUT /tmp/ktest-kernel.tar.gz 24s
PUT /tmp/ktest-kernel.tar.gz 24s
PUT /tmp/ktest-kernel.tar.gz 25s
PUT /tmp/ktest-kernel.tar.gz 25s
PUT /tmp/ktest-kernel.tar.gz 25s
PUT /tmp/ktest-kernel.tar.gz 25s
PUT /tmp/ktest-kernel.tar.gz 25s
END llvm-checks:cc-plugin build tests/fs/lustre/boot.ktest PASS 285s
PUT /tmp/ktest-lustre.tar.gz 5s
PUT /tmp/ktest-lustre.tar.gz 5s
PUT /tmp/ktest-lustre.tar.gz 5s
PUT /tmp/ktest-lustre.tar.gz 4s
PUT /tmp/ktest-lustre.tar.gz 5s
PUT /tmp/ktest-lustre.tar.gz 5s
PUT /tmp/ktest-lustre.tar.gz 5s
PUT /tmp/ktest-lustre.tar.gz 4s
PUT /tmp/ktest_ml-miscvm:lustre_mainline_native_54p4wti7.tar 0s
PUT /tmp/ktest_ml-miscvm:lustre_mainline_native_54p4wti7.tar 0s
PUT /tmp/ktest_ml-miscvm:lustre_mainline_native_54p4wti7.tar 0s
PUT /tmp/ktest_ml-miscvm:lustre_mainline_native_54p4wti7.tar 0s
PUT /tmp/ktest_ml-miscvm:lustre_mainline_native_54p4wti7.tar 0s
PUT /tmp/ktest_ml-miscvm:lustre_mainline_native_54p4wti7.tar 0s
PUT /tmp/ktest_ml-miscvm:lustre_mainline_native_54p4wti7.tar 0s
PUT /tmp/ktest_ml-miscvm:lustre_mainline_native_54p4wti7.tar 0s
END ml-miscvm:boot run tests/fs/lustre/boot.ktest PASS 43s
END ml-miscvm:mgs-setup run tests/fs/lustre/mgs-setup.ktest PASS 53s
END ml-miscvm:sanity-2 run tests/fs/lustre/sanity/sanity-2.ktest PASS 83s
END ml-miscvm:sanity-3 run tests/fs/lustre/sanity/sanity-3.ktest PASS 94s
END ml-miscvm:sanity-4 run tests/fs/lustre/sanity/sanity-4.ktest PASS 93s
END ml-miscvm:sanity-1 run tests/fs/lustre/sanity/sanity-1.ktest PASS 96s
END ml-miscvm:llmount run tests/fs/lustre/llmount.ktest PASS 104s
END ml-miscvm:llog-unit run tests/fs/lustre/llog-unit.ktest FAIL 130s (exit code: 1)

============================================================
Final Results:
  checkpatch-parallel:checkpatch-parallel: PASS (84s) (log: /var/www/ci-lustre/upstream-patch-review/785537d74ed4791340f4b6db3a867161caaf06f5_lustre-ci-branch_checkpatch-parallel:checkpatch-parallel.log)
  contributions:contributions: PASS (24s) (log: /var/www/ci-lustre/upstream-patch-review/785537d74ed4791340f4b6db3a867161caaf06f5_lustre-ci-branch_contributions:contributions.log)
  license-status:license-status: FAIL (29s) (log: /var/www/ci-lustre/upstream-patch-review/785537d74ed4791340f4b6db3a867161caaf06f5_lustre-ci-branch_license-status:license-status.log)
  kernel-doc:kernel-doc: PASS (26s) (log: /var/www/ci-lustre/upstream-patch-review/785537d74ed4791340f4b6db3a867161caaf06f5_lustre-ci-branch_kernel-doc:kernel-doc.log)
  u24:u24: PASS (58s) (log: /var/www/ci-lustre/upstream-patch-review/785537d74ed4791340f4b6db3a867161caaf06f5_lustre-ci-branch_u24:u24.log)
  al2023:al2023: PASS (74s) (log: /var/www/ci-lustre/upstream-patch-review/785537d74ed4791340f4b6db3a867161caaf06f5_lustre-ci-branch_al2023:al2023.log)
  ml-strict:lustre_mainline: FAIL (263s) (log: /var/www/ci-lustre/upstream-patch-review/785537d74ed4791340f4b6db3a867161caaf06f5_lustre-ci-branch_ml-strict:lustre_mainline.log)
  ml:lustre_mainline: PASS (257s) (log: /var/www/ci-lustre/upstream-patch-review/785537d74ed4791340f4b6db3a867161caaf06f5_lustre-ci-branch_ml:lustre_mainline.log)
  llvm-checks:cc-plugin: PASS (285s) (log: /var/www/ci-lustre/upstream-patch-review/785537d74ed4791340f4b6db3a867161caaf06f5_lustre-ci-branch_llvm-checks:cc-plugin.log)
  ml-miscvm:lustre_mainline_native: PASS (255s) (log: /var/www/ci-lustre/upstream-patch-review/785537d74ed4791340f4b6db3a867161caaf06f5_lustre-ci-branch_ml-miscvm:lustre_mainline_native.log)
  ml-miscvm:boot: PASS (43s) (log: /var/www/ci-lustre/upstream-patch-review/785537d74ed4791340f4b6db3a867161caaf06f5_lustre-ci-branch_ml-miscvm:boot.log)
  ml-miscvm:llmount: PASS (104s) (log: /var/www/ci-lustre/upstream-patch-review/785537d74ed4791340f4b6db3a867161caaf06f5_lustre-ci-branch_ml-miscvm:llmount.log)
  ml-miscvm:llog-unit: FAIL (130s) (log: /var/www/ci-lustre/upstream-patch-review/785537d74ed4791340f4b6db3a867161caaf06f5_lustre-ci-branch_ml-miscvm:llog-unit.log)
  ml-miscvm:mgs-setup: PASS (53s) (log: /var/www/ci-lustre/upstream-patch-review/785537d74ed4791340f4b6db3a867161caaf06f5_lustre-ci-branch_ml-miscvm:mgs-setup.log)
  ml-miscvm:sanity-1: PASS (96s) (log: /var/www/ci-lustre/upstream-patch-review/785537d74ed4791340f4b6db3a867161caaf06f5_lustre-ci-branch_ml-miscvm:sanity-1.log)
  ml-miscvm:sanity-2: PASS (83s) (log: /var/www/ci-lustre/upstream-patch-review/785537d74ed4791340f4b6db3a867161caaf06f5_lustre-ci-branch_ml-miscvm:sanity-2.log)
  ml-miscvm:sanity-3: PASS (94s) (log: /var/www/ci-lustre/upstream-patch-review/785537d74ed4791340f4b6db3a867161caaf06f5_lustre-ci-branch_ml-miscvm:sanity-3.log)
  ml-miscvm:sanity-4: PASS (93s) (log: /var/www/ci-lustre/upstream-patch-review/785537d74ed4791340f4b6db3a867161caaf06f5_lustre-ci-branch_ml-miscvm:sanity-4.log)

Total execution time: 415s

Packed 84 logs from /var/www/ci-lustre/upstream-patch-review into /home/ktest/ktest/local-site/local_data.js
Open /home/ktest/ktest/local-site/index.html in a browser
