00001 
00003 init: failed to load nvme_core
00003 init: failed to load nvme
00004 LNetError: 1:0:(lib-socket.c:619:lnet_inet_enumerate()) lnet: Can't find any usable interfaces, rc = -ENOENT
00004 LNetError: Error -100 starting up LNI tcp
00004 LustreError: 1:0:(events.c:632:ptlrpc_init_portals()) network initialisation failed: rc = -100
00005 init: finit_module /lib/modules/7.0.0-ktest-785537d-6330a45-20260813-dirty/updates/ptlrpc.ko: Network is down
00005 init: failed to load lustre
00005 init: finit_module /lib/modules/7.0.0-ktest-785537d-6330a45-20260813-dirty/updates/lquota.ko: No such file or directory
00005 init: failed to load osd_zfs
00005 init: failed to load iwlwifi
00005 init: failed to load iwlmvm
00005 init: failed to load mt7921e
00005 init: failed to load i915
00005 init: failed to load nouveau
00008 Kernel version: 7.0.0-ktest-785537d-6330a45-20260813-dirty
00008 hook init_noop
00008 
00008 Running tests boot
00008 
00008 ========= TEST   boot
00008 boot
00009 
00009 ========= PASSED boot in 1s
00009 
00009 Passed: boot
00009 Failed: 
00009 NOTICE: Automounting of tracing to debugfs is deprecated and will be removed in 2030
00009 Kernel version: 7.0.0-ktest-785537d-6330a45-20260813-dirty
00009 TEST SUCCESS
