CLI: ./pk --podman-socket unix:///run/podman/podman.sock --shared-filesystem /tmp --tarball-input job lustre-ci --output /var/www/ci-lustre/upstream-patch-review --git-hash 78d39b24db3a8d4e73067b1f13d83015723b117d --change-id 66485_78d39b24db3a8d4e73067b1f13d83015723b117d --subject LU-15373 mdd: rework changelog_remap_rec()

Environment validated successfully
Note: custom LLVM is not synced in tarball input mode
Creating kernel tarball at /tmp/ktest-kernel.tar.gz...
Creating lustre tarball at /tmp/ktest-lustre.tar.gz...
Creating ZFS tarball at /tmp/ktest-zfs.tar.gz...
Executing 14 jobs
Jobs will start as soon as their dependencies are satisfied
Using tarball input mode

START ml-strict:lustre_mainline build tests/fs/lustre/boot-strict.ktest
START ml:lustre_mainline build tests/fs/lustre/boot.ktest
START al2023:al2023 build tests/fs/lustre/boot.ktest
START u24:u24 build tests/fs/lustre/boot.ktest
START ml-miscvm:lustre_mainline_native build tests/fs/lustre/boot.ktest
START checkpatch:checkpatch tool checkpatch
PUT /tmp/ktest-lustre.tar.gz 1s
PUT /tmp/ktest-lustre.tar.gz 2s
PUT /tmp/ktest-kernel.tar.gz 7s
PUT /tmp/ktest-kernel.tar.gz 7s
PUT /tmp/ktest-kernel.tar.gz 7s
PUT /tmp/ktest-kernel.tar.gz 7s
PUT /tmp/ktest-lustre.tar.gz 1s
PUT /tmp/ktest-lustre.tar.gz 2s
PUT /tmp/ktest-lustre.tar.gz 2s
PUT /tmp/ktest-lustre.tar.gz 2s
PUT /tmp/ktest-zfs.tar.gz 0s
PUT /tmp/ktest-zfs.tar.gz 0s
PUT /tmp/ktest-zfs.tar.gz 0s
END checkpatch:checkpatch tool checkpatch FAIL 12s (exit code: 1)
END u24:u24 build tests/fs/lustre/boot.ktest PASS 39s
END al2023:al2023 build tests/fs/lustre/boot.ktest PASS 47s
GET /tmp/ktest_ml-miscvm:lustre_mainline_native_fuvjncs9.tar 0s
GET /tmp/ktest_ml:lustre_mainline_wi9xkpl5.tar 0s
END ml-miscvm:lustre_mainline_native build tests/fs/lustre/boot.ktest PASS 196s
START ml-miscvm:boot run tests/fs/lustre/boot.ktest
START ml-miscvm:llmount run tests/fs/lustre/llmount.ktest
START ml-miscvm:llog-unit run tests/fs/lustre/llog-unit.ktest
START ml-miscvm:mgs-setup run tests/fs/lustre/mgs-setup.ktest
START ml-miscvm:sanity-1 run tests/fs/lustre/sanity/sanity-1.ktest
START ml-miscvm:sanity-2 run tests/fs/lustre/sanity/sanity-2.ktest
START ml-miscvm:sanity-3 run tests/fs/lustre/sanity/sanity-3.ktest
START ml-miscvm:sanity-4 run tests/fs/lustre/sanity/sanity-4.ktest
END ml:lustre_mainline build tests/fs/lustre/boot.ktest PASS 198s
GET /tmp/ktest_ml-strict:lustre_mainline_rol4flvx.tar 10s
END ml-strict:lustre_mainline build tests/fs/lustre/boot-strict.ktest FAIL 207s (exit code: 1)
PUT /tmp/ktest-kernel.tar.gz 54s
PUT /tmp/ktest-kernel.tar.gz 54s
PUT /tmp/ktest-kernel.tar.gz 54s
PUT /tmp/ktest-kernel.tar.gz 55s
PUT /tmp/ktest-kernel.tar.gz 55s
PUT /tmp/ktest-kernel.tar.gz 55s
PUT /tmp/ktest-kernel.tar.gz 55s
PUT /tmp/ktest-kernel.tar.gz 55s
PUT /tmp/ktest-lustre.tar.gz 11s
PUT /tmp/ktest-lustre.tar.gz 12s
PUT /tmp/ktest-lustre.tar.gz 11s
PUT /tmp/ktest-lustre.tar.gz 11s
PUT /tmp/ktest-lustre.tar.gz 12s
PUT /tmp/ktest-lustre.tar.gz 12s
PUT /tmp/ktest-lustre.tar.gz 11s
PUT /tmp/ktest-lustre.tar.gz 11s
PUT /tmp/ktest_ml-miscvm:lustre_mainline_native_fuvjncs9.tar 1s
PUT /tmp/ktest_ml-miscvm:lustre_mainline_native_fuvjncs9.tar 1s
PUT /tmp/ktest_ml-miscvm:lustre_mainline_native_fuvjncs9.tar 1s
PUT /tmp/ktest_ml-miscvm:lustre_mainline_native_fuvjncs9.tar 1s
PUT /tmp/ktest_ml-miscvm:lustre_mainline_native_fuvjncs9.tar 1s
PUT /tmp/ktest_ml-miscvm:lustre_mainline_native_fuvjncs9.tar 1s
PUT /tmp/ktest_ml-miscvm:lustre_mainline_native_fuvjncs9.tar 1s
PUT /tmp/ktest_ml-miscvm:lustre_mainline_native_fuvjncs9.tar 1s
END ml-miscvm:boot run tests/fs/lustre/boot.ktest PASS 81s
END ml-miscvm:mgs-setup run tests/fs/lustre/mgs-setup.ktest PASS 91s
END ml-miscvm:sanity-4 run tests/fs/lustre/sanity/sanity-4.ktest PASS 117s
END ml-miscvm:sanity-3 run tests/fs/lustre/sanity/sanity-3.ktest PASS 120s
END ml-miscvm:sanity-2 run tests/fs/lustre/sanity/sanity-2.ktest PASS 121s
END ml-miscvm:sanity-1 run tests/fs/lustre/sanity/sanity-1.ktest PASS 131s
END ml-miscvm:llmount run tests/fs/lustre/llmount.ktest PASS 132s
END ml-miscvm:llog-unit run tests/fs/lustre/llog-unit.ktest FAIL 166s (exit code: 1)

============================================================
Final Results:
  checkpatch:checkpatch: FAIL (12s) (log: /var/www/ci-lustre/upstream-patch-review/78d39b24db3a8d4e73067b1f13d83015723b117d_checkpatch:checkpatch.log)
  u24:u24: PASS (39s) (log: /var/www/ci-lustre/upstream-patch-review/78d39b24db3a8d4e73067b1f13d83015723b117d_u24:u24.log)
  al2023:al2023: PASS (47s) (log: /var/www/ci-lustre/upstream-patch-review/78d39b24db3a8d4e73067b1f13d83015723b117d_al2023:al2023.log)
  ml-strict:lustre_mainline: FAIL (207s) (log: /var/www/ci-lustre/upstream-patch-review/78d39b24db3a8d4e73067b1f13d83015723b117d_ml-strict:lustre_mainline.log)
  ml:lustre_mainline: PASS (198s) (log: /var/www/ci-lustre/upstream-patch-review/78d39b24db3a8d4e73067b1f13d83015723b117d_ml:lustre_mainline.log)
  ml-miscvm:lustre_mainline_native: PASS (196s) (log: /var/www/ci-lustre/upstream-patch-review/78d39b24db3a8d4e73067b1f13d83015723b117d_ml-miscvm:lustre_mainline_native.log)
  ml-miscvm:boot: PASS (81s) (log: /var/www/ci-lustre/upstream-patch-review/78d39b24db3a8d4e73067b1f13d83015723b117d_ml-miscvm:boot.log)
  ml-miscvm:llmount: PASS (132s) (log: /var/www/ci-lustre/upstream-patch-review/78d39b24db3a8d4e73067b1f13d83015723b117d_ml-miscvm:llmount.log)
  ml-miscvm:llog-unit: FAIL (166s) (log: /var/www/ci-lustre/upstream-patch-review/78d39b24db3a8d4e73067b1f13d83015723b117d_ml-miscvm:llog-unit.log)
  ml-miscvm:mgs-setup: PASS (91s) (log: /var/www/ci-lustre/upstream-patch-review/78d39b24db3a8d4e73067b1f13d83015723b117d_ml-miscvm:mgs-setup.log)
  ml-miscvm:sanity-1: PASS (131s) (log: /var/www/ci-lustre/upstream-patch-review/78d39b24db3a8d4e73067b1f13d83015723b117d_ml-miscvm:sanity-1.log)
  ml-miscvm:sanity-2: PASS (121s) (log: /var/www/ci-lustre/upstream-patch-review/78d39b24db3a8d4e73067b1f13d83015723b117d_ml-miscvm:sanity-2.log)
  ml-miscvm:sanity-3: PASS (120s) (log: /var/www/ci-lustre/upstream-patch-review/78d39b24db3a8d4e73067b1f13d83015723b117d_ml-miscvm:sanity-3.log)
  ml-miscvm:sanity-4: PASS (117s) (log: /var/www/ci-lustre/upstream-patch-review/78d39b24db3a8d4e73067b1f13d83015723b117d_ml-miscvm:sanity-4.log)

Total execution time: 393s

Packed 2460 logs from /var/www/ci-lustre/upstream-patch-review into /home/ktest/ktest/local-site/local_data.js
Open /home/ktest/ktest/local-site/index.html in a browser
