CLI: ./pk --podman-socket unix:///run/user/1000/podman/podman.sock --shared-filesystem /tmp --tarball-input job lustre-ci --output /var/www/ci-lustre/upstream-patch-review --git-hash 7946b162db8edae52aac46b524b0fa11ddfa9396 --change-id 68797_7946b162db8edae52aac46b524b0fa11ddfa9396 --subject LU-10026 ofd: properly locate root object

Environment validated successfully
Note: custom LLVM is not synced in tarball input mode
Creating kernel tarball at /tmp/ktest-kernel.tar.gz...
Creating lustre tarball at /tmp/ktest-lustre.tar.gz...
Creating ZFS tarball at /tmp/ktest-zfs.tar.gz...
Executing 14 jobs
Jobs will start as soon as their dependencies are satisfied
Using tarball input mode

START al2023:al2023 build tests/fs/lustre/boot.ktest
START u24:u24 build tests/fs/lustre/boot.ktest
START ml:lustre_mainline build tests/fs/lustre/boot.ktest
START checkpatch:checkpatch tool checkpatch
START ml-strict:lustre_mainline build tests/fs/lustre/boot-strict.ktest
START ml-miscvm:lustre_mainline_native build tests/fs/lustre/boot.ktest
PUT /tmp/ktest-lustre.tar.gz 15s
PUT /tmp/ktest-kernel.tar.gz 17s
PUT /tmp/ktest-kernel.tar.gz 17s
PUT /tmp/ktest-kernel.tar.gz 17s
PUT /tmp/ktest-kernel.tar.gz 17s
PUT /tmp/ktest-lustre.tar.gz 17s
PUT /tmp/ktest-lustre.tar.gz 4s
PUT /tmp/ktest-lustre.tar.gz 4s
PUT /tmp/ktest-lustre.tar.gz 4s
PUT /tmp/ktest-lustre.tar.gz 4s
PUT /tmp/ktest-zfs.tar.gz 1s
PUT /tmp/ktest-zfs.tar.gz 1s
PUT /tmp/ktest-zfs.tar.gz 1s
END checkpatch:checkpatch tool checkpatch PASS 24s
END u24:u24 build tests/fs/lustre/boot.ktest PASS 57s
END al2023:al2023 build tests/fs/lustre/boot.ktest PASS 63s
GET /tmp/ktest_ml-miscvm:lustre_mainline_native_ab259i23.tar 5s
GET /tmp/ktest_ml:lustre_mainline_5nz_9tor.tar 5s
GET /tmp/ktest_ml-strict:lustre_mainline_6uat9yv4.tar 26s
END ml-miscvm:lustre_mainline_native build tests/fs/lustre/boot.ktest FAIL 182s (exit code: 1)
END ml-strict:lustre_mainline build tests/fs/lustre/boot-strict.ktest FAIL 183s (exit code: 1)
END ml:lustre_mainline build tests/fs/lustre/boot.ktest FAIL 185s (exit code: 1)

============================================================
Final Results:
  checkpatch:checkpatch: PASS (24s) (log: /var/www/ci-lustre/upstream-patch-review/7946b162db8edae52aac46b524b0fa11ddfa9396_checkpatch:checkpatch.log)
  u24:u24: PASS (57s) (log: /var/www/ci-lustre/upstream-patch-review/7946b162db8edae52aac46b524b0fa11ddfa9396_u24:u24.log)
  al2023:al2023: PASS (63s) (log: /var/www/ci-lustre/upstream-patch-review/7946b162db8edae52aac46b524b0fa11ddfa9396_al2023:al2023.log)
  ml-strict:lustre_mainline: FAIL (183s) (log: /var/www/ci-lustre/upstream-patch-review/7946b162db8edae52aac46b524b0fa11ddfa9396_ml-strict:lustre_mainline.log)
  ml:lustre_mainline: FAIL (185s) (log: /var/www/ci-lustre/upstream-patch-review/7946b162db8edae52aac46b524b0fa11ddfa9396_ml:lustre_mainline.log)
  ml-miscvm:lustre_mainline_native: FAIL (182s) (log: /var/www/ci-lustre/upstream-patch-review/7946b162db8edae52aac46b524b0fa11ddfa9396_ml-miscvm:lustre_mainline_native.log)
  ml-miscvm:boot: SKIPPED (due to dependency failure)
  ml-miscvm:llmount: SKIPPED (due to dependency failure)
  ml-miscvm:llog-unit: SKIPPED (due to dependency failure)
  ml-miscvm:mgs-setup: SKIPPED (due to dependency failure)
  ml-miscvm:sanity-1: SKIPPED (due to dependency failure)
  ml-miscvm:sanity-2: SKIPPED (due to dependency failure)
  ml-miscvm:sanity-3: SKIPPED (due to dependency failure)
  ml-miscvm:sanity-4: SKIPPED (due to dependency failure)

Total execution time: 215s

Packed 4243 logs from /var/www/ci-lustre/upstream-patch-review into /home/ktest/ktest/local-site/local_data.js
Open /home/ktest/ktest/local-site/index.html in a browser
