CLI: ./pk --podman-socket unix:///run/user/1000/podman/podman.sock --shared-filesystem /tmp --tarball-input job lustre-ci --output /var/www/ci-lustre/upstream-patch-review --git-hash 794a13492f04ec8aca10db37e2bd5cb0e96016cd --change-id 65491_794a13492f04ec8aca10db37e2bd5cb0e96016cd --subject LU-18041 lustre: canonicalize IPv6 NID-derived UUIDs

Environment validated successfully
Note: custom LLVM is not synced in tarball input mode
Creating kernel tarball at /tmp/ktest-kernel.tar.gz...
Creating lustre tarball at /tmp/ktest-lustre.tar.gz...
Creating ZFS tarball at /tmp/ktest-zfs.tar.gz...
Executing 14 jobs
Jobs will start as soon as their dependencies are satisfied
Using tarball input mode

START al2023:al2023 build tests/fs/lustre/boot.ktest
START ml:lustre_mainline build tests/fs/lustre/boot.ktest
START ml-strict:lustre_mainline build tests/fs/lustre/boot-strict.ktest
START checkpatch:checkpatch tool checkpatch
START u24:u24 build tests/fs/lustre/boot.ktest
START ml-miscvm:lustre_mainline_native build tests/fs/lustre/boot.ktest
PUT /tmp/ktest-lustre.tar.gz 1s
PUT /tmp/ktest-lustre.tar.gz 1s
PUT /tmp/ktest-kernel.tar.gz 9s
PUT /tmp/ktest-kernel.tar.gz 10s
PUT /tmp/ktest-kernel.tar.gz 10s
PUT /tmp/ktest-kernel.tar.gz 10s
PUT /tmp/ktest-lustre.tar.gz 4s
PUT /tmp/ktest-lustre.tar.gz 5s
PUT /tmp/ktest-lustre.tar.gz 5s
PUT /tmp/ktest-lustre.tar.gz 5s
PUT /tmp/ktest-zfs.tar.gz 1s
PUT /tmp/ktest-zfs.tar.gz 1s
PUT /tmp/ktest-zfs.tar.gz 1s
END checkpatch:checkpatch tool checkpatch FAIL 19s (exit code: 1)
END u24:u24 build tests/fs/lustre/boot.ktest PASS 44s
END al2023:al2023 build tests/fs/lustre/boot.ktest PASS 49s
GET /tmp/ktest_ml-strict:lustre_mainline_b8izwyp8.tar 5s
END ml-strict:lustre_mainline build tests/fs/lustre/boot-strict.ktest FAIL 176s (exit code: 1)
GET /tmp/ktest_ml:lustre_mainline_nzw2dioi.tar 2s
GET /tmp/ktest_ml-miscvm:lustre_mainline_native_b8fo4zth.tar 3s
END ml:lustre_mainline build tests/fs/lustre/boot.ktest PASS 178s
END ml-miscvm:lustre_mainline_native build tests/fs/lustre/boot.ktest PASS 180s
START ml-miscvm:boot run tests/fs/lustre/boot.ktest
START ml-miscvm:llmount run tests/fs/lustre/llmount.ktest
START ml-miscvm:llog-unit run tests/fs/lustre/llog-unit.ktest
START ml-miscvm:mgs-setup run tests/fs/lustre/mgs-setup.ktest
START ml-miscvm:sanity-1 run tests/fs/lustre/sanity/sanity-1.ktest
START ml-miscvm:sanity-2 run tests/fs/lustre/sanity/sanity-2.ktest
START ml-miscvm:sanity-3 run tests/fs/lustre/sanity/sanity-3.ktest
START ml-miscvm:sanity-4 run tests/fs/lustre/sanity/sanity-4.ktest
PUT /tmp/ktest-kernel.tar.gz 46s
PUT /tmp/ktest-kernel.tar.gz 46s
PUT /tmp/ktest-kernel.tar.gz 46s
PUT /tmp/ktest-kernel.tar.gz 46s
PUT /tmp/ktest-kernel.tar.gz 46s
PUT /tmp/ktest-kernel.tar.gz 46s
PUT /tmp/ktest-kernel.tar.gz 47s
PUT /tmp/ktest-kernel.tar.gz 47s
PUT /tmp/ktest-lustre.tar.gz 6s
PUT /tmp/ktest-lustre.tar.gz 5s
PUT /tmp/ktest-lustre.tar.gz 5s
PUT /tmp/ktest-lustre.tar.gz 5s
PUT /tmp/ktest-lustre.tar.gz 5s
PUT /tmp/ktest-lustre.tar.gz 5s
PUT /tmp/ktest-lustre.tar.gz 5s
PUT /tmp/ktest-lustre.tar.gz 6s
PUT /tmp/ktest_ml-miscvm:lustre_mainline_native_b8fo4zth.tar 0s
PUT /tmp/ktest_ml-miscvm:lustre_mainline_native_b8fo4zth.tar 0s
PUT /tmp/ktest_ml-miscvm:lustre_mainline_native_b8fo4zth.tar 0s
PUT /tmp/ktest_ml-miscvm:lustre_mainline_native_b8fo4zth.tar 0s
PUT /tmp/ktest_ml-miscvm:lustre_mainline_native_b8fo4zth.tar 0s
PUT /tmp/ktest_ml-miscvm:lustre_mainline_native_b8fo4zth.tar 0s
PUT /tmp/ktest_ml-miscvm:lustre_mainline_native_b8fo4zth.tar 0s
PUT /tmp/ktest_ml-miscvm:lustre_mainline_native_b8fo4zth.tar 0s
END ml-miscvm:boot run tests/fs/lustre/boot.ktest PASS 66s
END ml-miscvm:mgs-setup run tests/fs/lustre/mgs-setup.ktest PASS 74s
END ml-miscvm:sanity-2 run tests/fs/lustre/sanity/sanity-2.ktest PASS 105s
END ml-miscvm:sanity-3 run tests/fs/lustre/sanity/sanity-3.ktest PASS 106s
END ml-miscvm:sanity-4 run tests/fs/lustre/sanity/sanity-4.ktest PASS 107s
END ml-miscvm:llmount run tests/fs/lustre/llmount.ktest PASS 114s
END ml-miscvm:sanity-1 run tests/fs/lustre/sanity/sanity-1.ktest PASS 115s
END ml-miscvm:llog-unit run tests/fs/lustre/llog-unit.ktest FAIL 151s (exit code: 1)

============================================================
Final Results:
  checkpatch:checkpatch: FAIL (19s) (log: /var/www/ci-lustre/upstream-patch-review/794a13492f04ec8aca10db37e2bd5cb0e96016cd_checkpatch:checkpatch.log)
  u24:u24: PASS (44s) (log: /var/www/ci-lustre/upstream-patch-review/794a13492f04ec8aca10db37e2bd5cb0e96016cd_u24:u24.log)
  al2023:al2023: PASS (49s) (log: /var/www/ci-lustre/upstream-patch-review/794a13492f04ec8aca10db37e2bd5cb0e96016cd_al2023:al2023.log)
  ml-strict:lustre_mainline: FAIL (176s) (log: /var/www/ci-lustre/upstream-patch-review/794a13492f04ec8aca10db37e2bd5cb0e96016cd_ml-strict:lustre_mainline.log)
  ml:lustre_mainline: PASS (178s) (log: /var/www/ci-lustre/upstream-patch-review/794a13492f04ec8aca10db37e2bd5cb0e96016cd_ml:lustre_mainline.log)
  ml-miscvm:lustre_mainline_native: PASS (180s) (log: /var/www/ci-lustre/upstream-patch-review/794a13492f04ec8aca10db37e2bd5cb0e96016cd_ml-miscvm:lustre_mainline_native.log)
  ml-miscvm:boot: PASS (66s) (log: /var/www/ci-lustre/upstream-patch-review/794a13492f04ec8aca10db37e2bd5cb0e96016cd_ml-miscvm:boot.log)
  ml-miscvm:llmount: PASS (114s) (log: /var/www/ci-lustre/upstream-patch-review/794a13492f04ec8aca10db37e2bd5cb0e96016cd_ml-miscvm:llmount.log)
  ml-miscvm:llog-unit: FAIL (151s) (log: /var/www/ci-lustre/upstream-patch-review/794a13492f04ec8aca10db37e2bd5cb0e96016cd_ml-miscvm:llog-unit.log)
  ml-miscvm:mgs-setup: PASS (74s) (log: /var/www/ci-lustre/upstream-patch-review/794a13492f04ec8aca10db37e2bd5cb0e96016cd_ml-miscvm:mgs-setup.log)
  ml-miscvm:sanity-1: PASS (115s) (log: /var/www/ci-lustre/upstream-patch-review/794a13492f04ec8aca10db37e2bd5cb0e96016cd_ml-miscvm:sanity-1.log)
  ml-miscvm:sanity-2: PASS (105s) (log: /var/www/ci-lustre/upstream-patch-review/794a13492f04ec8aca10db37e2bd5cb0e96016cd_ml-miscvm:sanity-2.log)
  ml-miscvm:sanity-3: PASS (106s) (log: /var/www/ci-lustre/upstream-patch-review/794a13492f04ec8aca10db37e2bd5cb0e96016cd_ml-miscvm:sanity-3.log)
  ml-miscvm:sanity-4: PASS (107s) (log: /var/www/ci-lustre/upstream-patch-review/794a13492f04ec8aca10db37e2bd5cb0e96016cd_ml-miscvm:sanity-4.log)

Total execution time: 362s

Packed 6218 logs from /var/www/ci-lustre/upstream-patch-review into /home/ktest/ktest/local-site/local_data.js
Open /home/ktest/ktest/local-site/index.html in a browser
