CLI: ./pk --podman-socket unix:///run/podman/podman.sock --shared-filesystem /tmp --tarball-input job lustre-ci --output /var/www/ci-lustre/upstream-patch-review --git-hash 7a1ab1ce7794af8ae1b62b314b6d2ccab980dbf7 --change-id 66276_7a1ab1ce7794af8ae1b62b314b6d2ccab980dbf7 --subject LU-10026 lov: fallocate is not allowed for compressed files

Environment validated successfully
Note: custom LLVM is not synced in tarball input mode
Creating kernel tarball at /tmp/ktest-kernel.tar.gz...
Creating lustre tarball at /tmp/ktest-lustre.tar.gz...
Creating ZFS tarball at /tmp/ktest-zfs.tar.gz...
Executing 14 jobs
Jobs will start as soon as their dependencies are satisfied
Using tarball input mode

START checkpatch:checkpatch tool checkpatch
START ml-strict:lustre_mainline build tests/fs/lustre/boot-strict.ktest
START al2023:al2023 build tests/fs/lustre/boot.ktest
START ml:lustre_mainline build tests/fs/lustre/boot.ktest
START ml-miscvm:lustre_mainline_native build tests/fs/lustre/boot.ktest
START u24:u24 build tests/fs/lustre/boot.ktest
PUT /tmp/ktest-lustre.tar.gz 1s
PUT /tmp/ktest-lustre.tar.gz 2s
PUT /tmp/ktest-kernel.tar.gz 6s
PUT /tmp/ktest-kernel.tar.gz 6s
PUT /tmp/ktest-kernel.tar.gz 6s
PUT /tmp/ktest-kernel.tar.gz 6s
PUT /tmp/ktest-lustre.tar.gz 1s
PUT /tmp/ktest-lustre.tar.gz 1s
PUT /tmp/ktest-lustre.tar.gz 1s
PUT /tmp/ktest-lustre.tar.gz 1s
PUT /tmp/ktest-zfs.tar.gz 0s
PUT /tmp/ktest-zfs.tar.gz 0s
PUT /tmp/ktest-zfs.tar.gz 0s
END checkpatch:checkpatch tool checkpatch PASS 10s
END u24:u24 build tests/fs/lustre/boot.ktest PASS 38s
END al2023:al2023 build tests/fs/lustre/boot.ktest PASS 46s
GET /tmp/ktest_ml-miscvm:lustre_mainline_native_78a1v0td.tar 4s
GET /tmp/ktest_ml:lustre_mainline_j590kodj.tar 5s
GET /tmp/ktest_ml-strict:lustre_mainline_zc8rlu1a.tar 7s
END ml-miscvm:lustre_mainline_native build tests/fs/lustre/boot.ktest FAIL 150s (exit code: 1)
END ml:lustre_mainline build tests/fs/lustre/boot.ktest FAIL 152s (exit code: 1)
END ml-strict:lustre_mainline build tests/fs/lustre/boot-strict.ktest FAIL 153s (exit code: 1)

============================================================
Final Results:
  checkpatch:checkpatch: PASS (10s) (log: /var/www/ci-lustre/upstream-patch-review/7a1ab1ce7794af8ae1b62b314b6d2ccab980dbf7_checkpatch:checkpatch.log)
  u24:u24: PASS (38s) (log: /var/www/ci-lustre/upstream-patch-review/7a1ab1ce7794af8ae1b62b314b6d2ccab980dbf7_u24:u24.log)
  al2023:al2023: PASS (46s) (log: /var/www/ci-lustre/upstream-patch-review/7a1ab1ce7794af8ae1b62b314b6d2ccab980dbf7_al2023:al2023.log)
  ml-strict:lustre_mainline: FAIL (153s) (log: /var/www/ci-lustre/upstream-patch-review/7a1ab1ce7794af8ae1b62b314b6d2ccab980dbf7_ml-strict:lustre_mainline.log)
  ml:lustre_mainline: FAIL (152s) (log: /var/www/ci-lustre/upstream-patch-review/7a1ab1ce7794af8ae1b62b314b6d2ccab980dbf7_ml:lustre_mainline.log)
  ml-miscvm:lustre_mainline_native: FAIL (150s) (log: /var/www/ci-lustre/upstream-patch-review/7a1ab1ce7794af8ae1b62b314b6d2ccab980dbf7_ml-miscvm:lustre_mainline_native.log)
  ml-miscvm:boot: SKIPPED (due to dependency failure)
  ml-miscvm:llmount: SKIPPED (due to dependency failure)
  ml-miscvm:llog-unit: SKIPPED (due to dependency failure)
  ml-miscvm:mgs-setup: SKIPPED (due to dependency failure)
  ml-miscvm:sanity-1: SKIPPED (due to dependency failure)
  ml-miscvm:sanity-2: SKIPPED (due to dependency failure)
  ml-miscvm:sanity-3: SKIPPED (due to dependency failure)
  ml-miscvm:sanity-4: SKIPPED (due to dependency failure)

Total execution time: 182s

Packed 18248 logs from /var/www/ci-lustre/upstream-patch-review into /home/ktest/ktest/local-site/local_data.js
Open /home/ktest/ktest/local-site/index.html in a browser
