00000 
00003 LNetError: 152:0:(api-ni.c:1232:lnet_res_container_setup()) LNET: out of memory at lnet/lnet/api-ni.c:1232 (tried to alloc '(rec->rec_lh_hash)' = 65536)
00003 LNetError: 152:0:(api-ni.c:1232:lnet_res_container_setup()) LNET: 12464 total bytes allocated by lnet
00003 LNetError: 152:0:(api-ni.c:1245:lnet_res_container_setup()) Failed to setup EQ resource container
00004 LustreError: 152:0:(events.c:632:ptlrpc_init_portals()) network initialisation failed: rc = -12
00004 LNetError: 152:0:(api-ni.c:1232:lnet_res_container_setup()) LNET: out of memory at lnet/lnet/api-ni.c:1232 (tried to alloc '(rec->rec_lh_hash)' = 65536)
00004 LNetError: 152:0:(api-ni.c:1232:lnet_res_container_setup()) LNET: 12464 total bytes allocated by lnet
00004 LNetError: 152:0:(api-ni.c:1245:lnet_res_container_setup()) Failed to setup EQ resource container
00004 LustreError: 152:0:(events.c:632:ptlrpc_init_portals()) network initialisation failed: rc = -12
00009 tlp: vm.laptop_mode is deprecated. Ignoring setting.
00010 Kernel version: 7.0.0-ktest-7c554fc-6330a45-20260922-dirty
00010 hook init_noop
00010 
00010 Running tests llog-unit
00010 
00010 ========= TEST   llog-unit
00010 /host/home/ktest/git/lustre-release/lustre/tests/test-framework.sh: line 7030: cd: HOME not set
00010 /host/home/ktest/git/lustre-release/lustre/tests/test-framework.sh: line 7030: cd: HOME not set
00010 /host/home/ktest/git/lustre-release/lustre/tests/test-framework.sh: line 7030: cd: HOME not set
00012 MGS_OS_VERSION_ID=24.04
00012 MGS_OS_ID=ubuntu
00012 MGS_OS_VERSION_CODE=402915328
00012 MGS_OS_ID_LIKE=debian ubuntu
00012 MDS1_OS_ID=ubuntu
00012 MDS1_OS_VERSION_CODE=402915328
00012 MDS1_OS_ID_LIKE=debian ubuntu
00012 MDS1_OS_VERSION_ID=24.04
00012 OST1_OS_VERSION_ID=24.04
00012 OST1_OS_VERSION_CODE=402915328
00012 OST1_OS_ID=ubuntu
00012 OST1_OS_ID_LIKE=debian ubuntu
00013 CLIENT_OS_VERSION_ID=24.04
00013 CLIENT_OS_ID_LIKE=debian ubuntu
00013 CLIENT_OS_ID=ubuntu
00013 CLIENT_OS_VERSION_CODE=402915328
00013 Loading modules from /host/home/ktest/git/lustre-release/lustre
00013 detected 16 online CPUs by sysfs
00013 MODOPTS_LIBCFS=
00013 libcfs will create CPU partition based on online CPUs
00013 LNetError: 1758:0:(api-ni.c:1232:lnet_res_container_setup()) LNET: out of memory at lnet/lnet/api-ni.c:1232 (tried to alloc '(rec->rec_lh_hash)' = 65536)
00013 LNetError: 1758:0:(api-ni.c:1232:lnet_res_container_setup()) LNET: 12464 total bytes allocated by lnet
00013 LNetError: 1758:0:(api-ni.c:1245:lnet_res_container_setup()) Failed to setup EQ resource container
00014 LustreError: 1758:0:(events.c:632:ptlrpc_init_portals()) network initialisation failed: rc = -12
00015 LustreError: 1758:0:(events.c:632:ptlrpc_init_portals()) network initialisation failed: rc = -12
00015 modprobe: ERROR: could not insert 'ptlrpc': Cannot allocate memory
00015 gss/krb5 is not supported
00015 LNetError: 1806:0:(api-ni.c:1232:lnet_res_container_setup()) LNET: out of memory at lnet/lnet/api-ni.c:1232 (tried to alloc '(rec->rec_lh_hash)' = 65536)
00015 LNetError: 1806:0:(api-ni.c:1232:lnet_res_container_setup()) Skipped 1 previous similar message
00015 LNetError: 1806:0:(api-ni.c:1232:lnet_res_container_setup()) LNET: 12464 total bytes allocated by lnet
00015 LNetError: 1806:0:(api-ni.c:1232:lnet_res_container_setup()) Skipped 1 previous similar message
00015 LNetError: 1806:0:(api-ni.c:1245:lnet_res_container_setup()) Failed to setup EQ resource container
00015 LNetError: 1806:0:(api-ni.c:1245:lnet_res_container_setup()) Skipped 1 previous similar message
00016 LustreError: 1806:0:(events.c:632:ptlrpc_init_portals()) network initialisation failed: rc = -12
00017 LustreError: 1806:0:(events.c:632:ptlrpc_init_portals()) network initialisation failed: rc = -12
00017 modprobe: ERROR: could not insert 'fld': Cannot allocate memory
00018 LustreError: 1848:0:(events.c:632:ptlrpc_init_portals()) network initialisation failed: rc = -12
00019 LustreError: 1848:0:(events.c:632:ptlrpc_init_portals()) network initialisation failed: rc = -12
00019 modprobe: ERROR: could not insert 'fid': Cannot allocate memory
00020 LNetError: 1897:0:(api-ni.c:1232:lnet_res_container_setup()) LNET: out of memory at lnet/lnet/api-ni.c:1232 (tried to alloc '(rec->rec_lh_hash)' = 65536)
00020 LNetError: 1897:0:(api-ni.c:1232:lnet_res_container_setup()) Skipped 3 previous similar messages
00020 LNetError: 1897:0:(api-ni.c:1232:lnet_res_container_setup()) LNET: 12464 total bytes allocated by lnet
00020 LNetError: 1897:0:(api-ni.c:1232:lnet_res_container_setup()) Skipped 3 previous similar messages
00020 LNetError: 1897:0:(api-ni.c:1245:lnet_res_container_setup()) Failed to setup EQ resource container
00020 LNetError: 1897:0:(api-ni.c:1245:lnet_res_container_setup()) Skipped 3 previous similar messages
00020 LustreError: 1897:0:(events.c:632:ptlrpc_init_portals()) network initialisation failed: rc = -12
00021 LustreError: 1897:0:(events.c:632:ptlrpc_init_portals()) network initialisation failed: rc = -12
00021 modprobe: ERROR: could not insert 'lmv': Cannot allocate memory
00022 LustreError: 1937:0:(events.c:632:ptlrpc_init_portals()) network initialisation failed: rc = -12
00023 LustreError: 1937:0:(events.c:632:ptlrpc_init_portals()) network initialisation failed: rc = -12
00023 modprobe: ERROR: could not insert 'osc': Cannot allocate memory
00024 LustreError: 1977:0:(events.c:632:ptlrpc_init_portals()) network initialisation failed: rc = -12
00025 LustreError: 1977:0:(events.c:632:ptlrpc_init_portals()) network initialisation failed: rc = -12
00025 modprobe: ERROR: could not insert 'lov': Cannot allocate memory
00026 LustreError: 2017:0:(events.c:632:ptlrpc_init_portals()) network initialisation failed: rc = -12
00027 LustreError: 2017:0:(events.c:632:ptlrpc_init_portals()) network initialisation failed: rc = -12
00027 modprobe: ERROR: could not insert 'mdc': Cannot allocate memory
00028 LustreError: 2057:0:(events.c:632:ptlrpc_init_portals()) network initialisation failed: rc = -12
00029 LNetError: 2057:0:(api-ni.c:1232:lnet_res_container_setup()) LNET: out of memory at lnet/lnet/api-ni.c:1232 (tried to alloc '(rec->rec_lh_hash)' = 65536)
00029 LNetError: 2057:0:(api-ni.c:1232:lnet_res_container_setup()) Skipped 8 previous similar messages
00029 LNetError: 2057:0:(api-ni.c:1232:lnet_res_container_setup()) LNET: 12464 total bytes allocated by lnet
00029 LNetError: 2057:0:(api-ni.c:1232:lnet_res_container_setup()) Skipped 8 previous similar messages
00029 LNetError: 2057:0:(api-ni.c:1245:lnet_res_container_setup()) Failed to setup EQ resource container
00029 LNetError: 2057:0:(api-ni.c:1245:lnet_res_container_setup()) Skipped 8 previous similar messages
00029 LustreError: 2057:0:(events.c:632:ptlrpc_init_portals()) network initialisation failed: rc = -12
00029 modprobe: ERROR: could not insert 'mgc': Cannot allocate memory
00030 LustreError: 2097:0:(events.c:632:ptlrpc_init_portals()) network initialisation failed: rc = -12
00031 LustreError: 2097:0:(events.c:632:ptlrpc_init_portals()) network initialisation failed: rc = -12
00031 modprobe: ERROR: could not insert 'obdecho': Cannot allocate memory
00032 LustreError: 2138:0:(events.c:632:ptlrpc_init_portals()) network initialisation failed: rc = -12
00033 LustreError: 2138:0:(events.c:632:ptlrpc_init_portals()) network initialisation failed: rc = -12
00033 modprobe: ERROR: could not insert 'lustre': Cannot allocate memory
00034 '/usr/sbin/mount.lustre_tgt' -> 'mount.lustre'
00034 
00034 LustreError: 2178:0:(events.c:632:ptlrpc_init_portals()) network initialisation failed: rc = -12
00035 LustreError: 2178:0:(events.c:632:ptlrpc_init_portals()) network initialisation failed: rc = -12
00035 
00036 /host/home/ktest/git/lustre-release/lustre/tests/test-framework.sh: line 7030: cd: HOME not set
00036 /host/home/ktest/git/lustre-release/lustre/tests/test-framework.sh: line 7030: cd: HOME not set
00036 /host/home/ktest/git/lustre-release/lustre/tests/test-framework.sh: line 7030: cd: HOME not set
00039 Lustre: DEBUG MARKER: Attempt llog unit tests
00039 LustreError: 2494:0:(llog_test.c:2729:llog_test_device_alloc()) requires a TARGET OBD name
00039 LustreError: 2494:0:(obd_config.c:845:class_setup()) setup llt_name failed (-22)
00039 error: setup: Invalid argument
00039 LustreError: 2494:0:(obd_config.c:906:class_cleanup()) Device 0 not setup
00039 Lustre: DEBUG MARKER: Finish llog units tests
00039 
00039 
00039 
00039 ========= PASSED llog-unit in 29s
00039 
00039 Passed: llog-unit
00039 Failed: 
00039 NOTICE: Automounting of tracing to debugfs is deprecated and will be removed in 2030
00039 Kernel version: 7.0.0-ktest-7c554fc-6330a45-20260922-dirty
00039 TEST SUCCESS
