CLI: ./pk --podman-socket unix:///run/podman/podman.sock --shared-filesystem /tmp --tarball-input job lustre-ci --output /var/www/ci-lustre/upstream-patch-review --git-hash 7dd39e9d828cb4ca3b7b80a1e9a05f7aaf76fd73 --change-id 66621_7dd39e9d828cb4ca3b7b80a1e9a05f7aaf76fd73 --subject LU-20357 ptlrpc: clear idle NID statistics on server

Environment validated successfully
Note: custom LLVM is not synced in tarball input mode
Creating kernel tarball at /tmp/ktest-kernel.tar.gz...
Creating lustre tarball at /tmp/ktest-lustre.tar.gz...
Creating ZFS tarball at /tmp/ktest-zfs.tar.gz...
Executing 14 jobs
Jobs will start as soon as their dependencies are satisfied
Using tarball input mode

START ml-strict:lustre_mainline build tests/fs/lustre/boot-strict.ktest
START checkpatch:checkpatch tool checkpatch
START ml-miscvm:lustre_mainline_native build tests/fs/lustre/boot.ktest
START al2023:al2023 build tests/fs/lustre/boot.ktest
START u24:u24 build tests/fs/lustre/boot.ktest
START ml:lustre_mainline build tests/fs/lustre/boot.ktest
PUT /tmp/ktest-lustre.tar.gz 1s
PUT /tmp/ktest-lustre.tar.gz 1s
PUT /tmp/ktest-kernel.tar.gz 7s
PUT /tmp/ktest-kernel.tar.gz 8s
PUT /tmp/ktest-kernel.tar.gz 8s
PUT /tmp/ktest-kernel.tar.gz 8s
PUT /tmp/ktest-lustre.tar.gz 3s
PUT /tmp/ktest-lustre.tar.gz 4s
PUT /tmp/ktest-lustre.tar.gz 3s
PUT /tmp/ktest-lustre.tar.gz 4s
PUT /tmp/ktest-zfs.tar.gz 0s
PUT /tmp/ktest-zfs.tar.gz 0s
PUT /tmp/ktest-zfs.tar.gz 0s
END checkpatch:checkpatch tool checkpatch FAIL 15s (exit code: 1)
END u24:u24 build tests/fs/lustre/boot.ktest PASS 49s
END al2023:al2023 build tests/fs/lustre/boot.ktest PASS 51s
GET /tmp/ktest_ml-strict:lustre_mainline_1lu7w8lf.tar 6s
GET /tmp/ktest_ml-miscvm:lustre_mainline_native_os3pu121.tar 15s
GET /tmp/ktest_ml:lustre_mainline_72nwaoy2.tar 16s
END ml-strict:lustre_mainline build tests/fs/lustre/boot-strict.ktest FAIL 153s (exit code: 1)
END ml-miscvm:lustre_mainline_native build tests/fs/lustre/boot.ktest FAIL 154s (exit code: 1)
END ml:lustre_mainline build tests/fs/lustre/boot.ktest FAIL 156s (exit code: 1)

============================================================
Final Results:
  checkpatch:checkpatch: FAIL (15s) (log: /var/www/ci-lustre/upstream-patch-review/7dd39e9d828cb4ca3b7b80a1e9a05f7aaf76fd73_checkpatch:checkpatch.log)
  u24:u24: PASS (49s) (log: /var/www/ci-lustre/upstream-patch-review/7dd39e9d828cb4ca3b7b80a1e9a05f7aaf76fd73_u24:u24.log)
  al2023:al2023: PASS (51s) (log: /var/www/ci-lustre/upstream-patch-review/7dd39e9d828cb4ca3b7b80a1e9a05f7aaf76fd73_al2023:al2023.log)
  ml-strict:lustre_mainline: FAIL (153s) (log: /var/www/ci-lustre/upstream-patch-review/7dd39e9d828cb4ca3b7b80a1e9a05f7aaf76fd73_ml-strict:lustre_mainline.log)
  ml:lustre_mainline: FAIL (156s) (log: /var/www/ci-lustre/upstream-patch-review/7dd39e9d828cb4ca3b7b80a1e9a05f7aaf76fd73_ml:lustre_mainline.log)
  ml-miscvm:lustre_mainline_native: FAIL (154s) (log: /var/www/ci-lustre/upstream-patch-review/7dd39e9d828cb4ca3b7b80a1e9a05f7aaf76fd73_ml-miscvm:lustre_mainline_native.log)
  ml-miscvm:boot: SKIPPED (due to dependency failure)
  ml-miscvm:llmount: SKIPPED (due to dependency failure)
  ml-miscvm:llog-unit: SKIPPED (due to dependency failure)
  ml-miscvm:mgs-setup: SKIPPED (due to dependency failure)
  ml-miscvm:sanity-1: SKIPPED (due to dependency failure)
  ml-miscvm:sanity-2: SKIPPED (due to dependency failure)
  ml-miscvm:sanity-3: SKIPPED (due to dependency failure)
  ml-miscvm:sanity-4: SKIPPED (due to dependency failure)

Total execution time: 186s

Packed 2311 logs from /var/www/ci-lustre/upstream-patch-review into /home/ktest/ktest/local-site/local_data.js
Open /home/ktest/ktest/local-site/index.html in a browser
