CLI: ./pk --podman-socket unix:///run/podman/podman.sock --shared-filesystem /tmp --tarball-input job lustre-ci --output /var/www/ci-lustre/upstream-patch-review --git-hash 802709768d59c002b7a46362ea1ddd786d4b7f57 --change-id 67911_802709768d59c002b7a46362ea1ddd786d4b7f57 --subject LU-20554 quota: preserve partial OST usage

Environment validated successfully
Note: custom LLVM is not synced in tarball input mode
Creating kernel tarball at /tmp/ktest-kernel.tar.gz...
Creating lustre tarball at /tmp/ktest-lustre.tar.gz...
Creating ZFS tarball at /tmp/ktest-zfs.tar.gz...
Executing 14 jobs
Jobs will start as soon as their dependencies are satisfied
Using tarball input mode

START ml-miscvm:lustre_mainline_native build tests/fs/lustre/boot.ktest
START ml-strict:lustre_mainline build tests/fs/lustre/boot-strict.ktest
START ml:lustre_mainline build tests/fs/lustre/boot.ktest
START checkpatch:checkpatch tool checkpatch
START al2023:al2023 build tests/fs/lustre/boot.ktest
START u24:u24 build tests/fs/lustre/boot.ktest
PUT /tmp/ktest-lustre.tar.gz 1s
PUT /tmp/ktest-lustre.tar.gz 1s
PUT /tmp/ktest-kernel.tar.gz 7s
PUT /tmp/ktest-kernel.tar.gz 7s
PUT /tmp/ktest-kernel.tar.gz 7s
PUT /tmp/ktest-kernel.tar.gz 7s
PUT /tmp/ktest-lustre.tar.gz 1s
PUT /tmp/ktest-lustre.tar.gz 1s
PUT /tmp/ktest-lustre.tar.gz 2s
PUT /tmp/ktest-lustre.tar.gz 1s
PUT /tmp/ktest-zfs.tar.gz 0s
PUT /tmp/ktest-zfs.tar.gz 0s
PUT /tmp/ktest-zfs.tar.gz 0s
END checkpatch:checkpatch tool checkpatch PASS 11s
END u24:u24 build tests/fs/lustre/boot.ktest PASS 39s
END al2023:al2023 build tests/fs/lustre/boot.ktest PASS 43s
GET /tmp/ktest_ml-miscvm:lustre_mainline_native_ve78zjjx.tar 0s
END ml-miscvm:lustre_mainline_native build tests/fs/lustre/boot.ktest PASS 139s
START ml-miscvm:boot run tests/fs/lustre/boot.ktest
START ml-miscvm:llmount run tests/fs/lustre/llmount.ktest
START ml-miscvm:llog-unit run tests/fs/lustre/llog-unit.ktest
START ml-miscvm:mgs-setup run tests/fs/lustre/mgs-setup.ktest
START ml-miscvm:sanity-1 run tests/fs/lustre/sanity/sanity-1.ktest
START ml-miscvm:sanity-2 run tests/fs/lustre/sanity/sanity-2.ktest
START ml-miscvm:sanity-3 run tests/fs/lustre/sanity/sanity-3.ktest
START ml-miscvm:sanity-4 run tests/fs/lustre/sanity/sanity-4.ktest
GET /tmp/ktest_ml-strict:lustre_mainline_enn5smvz.tar 13s
PUT /tmp/ktest-kernel.tar.gz 15s
PUT /tmp/ktest-kernel.tar.gz 17s
PUT /tmp/ktest-kernel.tar.gz 17s
END ml-strict:lustre_mainline build tests/fs/lustre/boot-strict.ktest FAIL 159s (exit code: 1)
PUT /tmp/ktest-kernel.tar.gz 19s
PUT /tmp/ktest-kernel.tar.gz 19s
PUT /tmp/ktest-kernel.tar.gz 19s
PUT /tmp/ktest-kernel.tar.gz 19s
PUT /tmp/ktest-kernel.tar.gz 19s
GET /tmp/ktest_ml:lustre_mainline_qztdxzof.tar 14s
END ml:lustre_mainline build tests/fs/lustre/boot.ktest PASS 161s
PUT /tmp/ktest-lustre.tar.gz 5s
PUT /tmp/ktest-lustre.tar.gz 3s
PUT /tmp/ktest-lustre.tar.gz 5s
PUT /tmp/ktest-lustre.tar.gz 3s
PUT /tmp/ktest-lustre.tar.gz 8s
PUT /tmp/ktest-lustre.tar.gz 3s
PUT /tmp/ktest-lustre.tar.gz 3s
PUT /tmp/ktest-lustre.tar.gz 3s
PUT /tmp/ktest_ml-miscvm:lustre_mainline_native_ve78zjjx.tar 0s
PUT /tmp/ktest_ml-miscvm:lustre_mainline_native_ve78zjjx.tar 0s
PUT /tmp/ktest_ml-miscvm:lustre_mainline_native_ve78zjjx.tar 0s
PUT /tmp/ktest_ml-miscvm:lustre_mainline_native_ve78zjjx.tar 0s
PUT /tmp/ktest_ml-miscvm:lustre_mainline_native_ve78zjjx.tar 0s
PUT /tmp/ktest_ml-miscvm:lustre_mainline_native_ve78zjjx.tar 0s
PUT /tmp/ktest_ml-miscvm:lustre_mainline_native_ve78zjjx.tar 0s
PUT /tmp/ktest_ml-miscvm:lustre_mainline_native_ve78zjjx.tar 0s
END ml-miscvm:boot run tests/fs/lustre/boot.ktest PASS 34s
END ml-miscvm:mgs-setup run tests/fs/lustre/mgs-setup.ktest PASS 44s
END ml-miscvm:sanity-3 run tests/fs/lustre/sanity/sanity-3.ktest PASS 71s
END ml-miscvm:sanity-1 run tests/fs/lustre/sanity/sanity-1.ktest PASS 73s
END ml-miscvm:llmount run tests/fs/lustre/llmount.ktest PASS 83s
END ml-miscvm:sanity-4 run tests/fs/lustre/sanity/sanity-4.ktest PASS 84s
END ml-miscvm:sanity-2 run tests/fs/lustre/sanity/sanity-2.ktest PASS 86s
END ml-miscvm:llog-unit run tests/fs/lustre/llog-unit.ktest FAIL 121s (exit code: 1)

============================================================
Final Results:
  checkpatch:checkpatch: PASS (11s) (log: /var/www/ci-lustre/upstream-patch-review/802709768d59c002b7a46362ea1ddd786d4b7f57_checkpatch:checkpatch.log)
  u24:u24: PASS (39s) (log: /var/www/ci-lustre/upstream-patch-review/802709768d59c002b7a46362ea1ddd786d4b7f57_u24:u24.log)
  al2023:al2023: PASS (43s) (log: /var/www/ci-lustre/upstream-patch-review/802709768d59c002b7a46362ea1ddd786d4b7f57_al2023:al2023.log)
  ml-strict:lustre_mainline: FAIL (159s) (log: /var/www/ci-lustre/upstream-patch-review/802709768d59c002b7a46362ea1ddd786d4b7f57_ml-strict:lustre_mainline.log)
  ml:lustre_mainline: PASS (161s) (log: /var/www/ci-lustre/upstream-patch-review/802709768d59c002b7a46362ea1ddd786d4b7f57_ml:lustre_mainline.log)
  ml-miscvm:lustre_mainline_native: PASS (139s) (log: /var/www/ci-lustre/upstream-patch-review/802709768d59c002b7a46362ea1ddd786d4b7f57_ml-miscvm:lustre_mainline_native.log)
  ml-miscvm:boot: PASS (34s) (log: /var/www/ci-lustre/upstream-patch-review/802709768d59c002b7a46362ea1ddd786d4b7f57_ml-miscvm:boot.log)
  ml-miscvm:llmount: PASS (83s) (log: /var/www/ci-lustre/upstream-patch-review/802709768d59c002b7a46362ea1ddd786d4b7f57_ml-miscvm:llmount.log)
  ml-miscvm:llog-unit: FAIL (121s) (log: /var/www/ci-lustre/upstream-patch-review/802709768d59c002b7a46362ea1ddd786d4b7f57_ml-miscvm:llog-unit.log)
  ml-miscvm:mgs-setup: PASS (44s) (log: /var/www/ci-lustre/upstream-patch-review/802709768d59c002b7a46362ea1ddd786d4b7f57_ml-miscvm:mgs-setup.log)
  ml-miscvm:sanity-1: PASS (73s) (log: /var/www/ci-lustre/upstream-patch-review/802709768d59c002b7a46362ea1ddd786d4b7f57_ml-miscvm:sanity-1.log)
  ml-miscvm:sanity-2: PASS (86s) (log: /var/www/ci-lustre/upstream-patch-review/802709768d59c002b7a46362ea1ddd786d4b7f57_ml-miscvm:sanity-2.log)
  ml-miscvm:sanity-3: PASS (71s) (log: /var/www/ci-lustre/upstream-patch-review/802709768d59c002b7a46362ea1ddd786d4b7f57_ml-miscvm:sanity-3.log)
  ml-miscvm:sanity-4: PASS (84s) (log: /var/www/ci-lustre/upstream-patch-review/802709768d59c002b7a46362ea1ddd786d4b7f57_ml-miscvm:sanity-4.log)

Total execution time: 288s

Packed 13788 logs from /var/www/ci-lustre/upstream-patch-review into /home/ktest/ktest/local-site/local_data.js
Open /home/ktest/ktest/local-site/index.html in a browser
