WARNING:LONG_LINE: line length of 104 exceeds 100 columns
#372: FILE: lustre/ptlrpc/wiretest.c:7538:
+	BUILD_BUG_ON(offsetof(struct gssiam_auth_rep, gar_principal) != sizeof(struct gssiam_auth_rep));

WARNING:UNSPECIFIED_INT: Prefer 'unsigned int' to bare use of 'unsigned'
#376: FILE: lustre/ptlrpc/wiretest.c:7542:
+		 (unsigned)GSSIAM_OPT_RDONLY);

WARNING:UNSPECIFIED_INT: Prefer 'unsigned int' to bare use of 'unsigned'
#378: FILE: lustre/ptlrpc/wiretest.c:7544:
+		 (unsigned)GSSIAM_OPT_DISABLE_ROOT_SQUASH);

WARNING:LONG_LINE: line length of 104 exceeds 100 columns
#777: FILE: lustre/utils/wiretest.c:7557:
+	BUILD_BUG_ON(offsetof(struct gssiam_auth_rep, gar_principal) != sizeof(struct gssiam_auth_rep));

WARNING:UNSPECIFIED_INT: Prefer 'unsigned int' to bare use of 'unsigned'
#781: FILE: lustre/utils/wiretest.c:7561:
+		 (unsigned)GSSIAM_OPT_RDONLY);

WARNING:UNSPECIFIED_INT: Prefer 'unsigned int' to bare use of 'unsigned'
#783: FILE: lustre/utils/wiretest.c:7563:
+		 (unsigned)GSSIAM_OPT_DISABLE_ROOT_SQUASH);

total: 0 errors, 6 warnings, 684 lines checked

NOTE: For some of the reported defects, checkpatch may be able to
      mechanically convert to the typical style using --fix or --fix-inplace.

Your patch has style problems, please review.

NOTE: If any of the errors are false positives, please report
      them to the maintainer, see CHECKPATCH in MAINTAINERS.
