WARNING:UNSPECIFIED_INT: Prefer 'unsigned int' to bare use of 'unsigned'
#636: FILE: lustre/ptlrpc/wiretest.c:2326:
+		 (unsigned)OS_STATFS_QSPACE);

WARNING:UNSPECIFIED_INT: Prefer 'unsigned int' to bare use of 'unsigned'
#638: FILE: lustre/ptlrpc/wiretest.c:2328:
+		 (unsigned)OS_STATFS_QINODES);

WARNING:UNSPECIFIED_INT: Prefer 'unsigned int' to bare use of 'unsigned'
#640: FILE: lustre/ptlrpc/wiretest.c:2330:
+		 (unsigned)OS_STATFS_QLIMITS);

WARNING:SPLIT_STRING: quoted string split across lines
#1021: FILE: lustre/quota/qsd_entry.c:163:
+			 "%pV qsd:%s rtype:%s qtype:%s lqe: %px "
+			 "id:%llu enforced:%d granted: %llu pending:%llu "

WARNING:SPLIT_STRING: quoted string split across lines
#1022: FILE: lustre/quota/qsd_entry.c:164:
+			 "id:%llu enforced:%d granted: %llu pending:%llu "
+			 "waiting:%llu req:%d usage: %llu qunit:%llu qtune:%llu "

WARNING:SPLIT_STRING: quoted string split across lines
#1023: FILE: lustre/quota/qsd_entry.c:165:
+			 "waiting:%llu req:%d usage: %llu qunit:%llu qtune:%llu "
+			 "edquot:%d default:%s revoke:%d\n",

WARNING:UNSPECIFIED_INT: Prefer 'unsigned int' to bare use of 'unsigned'
#1241: FILE: lustre/utils/wiretest.c:2345:
+		 (unsigned)OS_STATFS_QSPACE);

WARNING:UNSPECIFIED_INT: Prefer 'unsigned int' to bare use of 'unsigned'
#1243: FILE: lustre/utils/wiretest.c:2347:
+		 (unsigned)OS_STATFS_QINODES);

WARNING:UNSPECIFIED_INT: Prefer 'unsigned int' to bare use of 'unsigned'
#1245: FILE: lustre/utils/wiretest.c:2349:
+		 (unsigned)OS_STATFS_QLIMITS);

total: 0 errors, 9 warnings, 1126 lines checked

NOTE: For some of the reported defects, checkpatch may be able to
      mechanically convert to the typical style using --fix or --fix-inplace.

Your patch has style problems, please review.

NOTE: If any of the errors are false positives, please report
      them to the maintainer, see CHECKPATCH in MAINTAINERS.
