CLI: ./pk --podman-socket unix:///run/user/1000/podman/podman.sock --shared-filesystem /tmp --tarball-input job lustre-ci --output /var/www/ci-lustre/upstream-patch-review --git-hash 83541e4a6327709ff5d745a6e84c3294a509db8b --change-id 68931_83541e4a6327709ff5d745a6e84c3294a509db8b --subject LU-20623 llapi: find the parity comp before refusing a delete

Environment validated successfully
Note: custom LLVM is not synced in tarball input mode
Creating kernel tarball at /tmp/ktest-kernel.tar.gz...
Creating lustre tarball at /tmp/ktest-lustre.tar.gz...
Creating ZFS tarball at /tmp/ktest-zfs.tar.gz...
Executing 14 jobs
Jobs will start as soon as their dependencies are satisfied
Using tarball input mode

START checkpatch:checkpatch tool checkpatch
START u24:u24 build tests/fs/lustre/boot.ktest
START ml-strict:lustre_mainline build tests/fs/lustre/boot-strict.ktest
START ml-miscvm:lustre_mainline_native build tests/fs/lustre/boot.ktest
START ml:lustre_mainline build tests/fs/lustre/boot.ktest
START al2023:al2023 build tests/fs/lustre/boot.ktest
PUT /tmp/ktest-lustre.tar.gz 1s
PUT /tmp/ktest-lustre.tar.gz 1s
PUT /tmp/ktest-kernel.tar.gz 7s
PUT /tmp/ktest-kernel.tar.gz 7s
PUT /tmp/ktest-kernel.tar.gz 7s
PUT /tmp/ktest-kernel.tar.gz 7s
PUT /tmp/ktest-lustre.tar.gz 2s
PUT /tmp/ktest-lustre.tar.gz 2s
PUT /tmp/ktest-lustre.tar.gz 2s
PUT /tmp/ktest-lustre.tar.gz 2s
PUT /tmp/ktest-zfs.tar.gz 0s
PUT /tmp/ktest-zfs.tar.gz 0s
PUT /tmp/ktest-zfs.tar.gz 0s
END checkpatch:checkpatch tool checkpatch PASS 11s
END u24:u24 build tests/fs/lustre/boot.ktest PASS 39s
END al2023:al2023 build tests/fs/lustre/boot.ktest PASS 45s
GET /tmp/ktest_ml:lustre_mainline_9mw4i0ux.tar 0s
END ml:lustre_mainline build tests/fs/lustre/boot.ktest PASS 149s
GET /tmp/ktest_ml-strict:lustre_mainline_vi80yh6f.tar 6s
END ml-strict:lustre_mainline build tests/fs/lustre/boot-strict.ktest FAIL 156s (exit code: 1)
GET /tmp/ktest_ml-miscvm:lustre_mainline_native_ntvdvi7p.tar 0s
END ml-miscvm:lustre_mainline_native build tests/fs/lustre/boot.ktest PASS 161s
START ml-miscvm:boot run tests/fs/lustre/boot.ktest
START ml-miscvm:llmount run tests/fs/lustre/llmount.ktest
START ml-miscvm:llog-unit run tests/fs/lustre/llog-unit.ktest
START ml-miscvm:mgs-setup run tests/fs/lustre/mgs-setup.ktest
START ml-miscvm:sanity-1 run tests/fs/lustre/sanity/sanity-1.ktest
START ml-miscvm:sanity-2 run tests/fs/lustre/sanity/sanity-2.ktest
START ml-miscvm:sanity-3 run tests/fs/lustre/sanity/sanity-3.ktest
START ml-miscvm:sanity-4 run tests/fs/lustre/sanity/sanity-4.ktest
PUT /tmp/ktest-kernel.tar.gz 27s
PUT /tmp/ktest-kernel.tar.gz 26s
PUT /tmp/ktest-kernel.tar.gz 27s
PUT /tmp/ktest-kernel.tar.gz 26s
PUT /tmp/ktest-kernel.tar.gz 27s
PUT /tmp/ktest-kernel.tar.gz 27s
PUT /tmp/ktest-kernel.tar.gz 27s
PUT /tmp/ktest-kernel.tar.gz 27s
PUT /tmp/ktest-lustre.tar.gz 10s
PUT /tmp/ktest-lustre.tar.gz 10s
PUT /tmp/ktest-lustre.tar.gz 10s
PUT /tmp/ktest-lustre.tar.gz 9s
PUT /tmp/ktest-lustre.tar.gz 9s
PUT /tmp/ktest-lustre.tar.gz 10s
PUT /tmp/ktest-lustre.tar.gz 10s
PUT /tmp/ktest-lustre.tar.gz 10s
PUT /tmp/ktest_ml-miscvm:lustre_mainline_native_ntvdvi7p.tar 2s
PUT /tmp/ktest_ml-miscvm:lustre_mainline_native_ntvdvi7p.tar 2s
PUT /tmp/ktest_ml-miscvm:lustre_mainline_native_ntvdvi7p.tar 2s
PUT /tmp/ktest_ml-miscvm:lustre_mainline_native_ntvdvi7p.tar 2s
PUT /tmp/ktest_ml-miscvm:lustre_mainline_native_ntvdvi7p.tar 2s
PUT /tmp/ktest_ml-miscvm:lustre_mainline_native_ntvdvi7p.tar 2s
PUT /tmp/ktest_ml-miscvm:lustre_mainline_native_ntvdvi7p.tar 2s
PUT /tmp/ktest_ml-miscvm:lustre_mainline_native_ntvdvi7p.tar 2s
END ml-miscvm:boot run tests/fs/lustre/boot.ktest PASS 52s
END ml-miscvm:mgs-setup run tests/fs/lustre/mgs-setup.ktest PASS 63s
END ml-miscvm:sanity-4 run tests/fs/lustre/sanity/sanity-4.ktest PASS 89s
END ml-miscvm:sanity-1 run tests/fs/lustre/sanity/sanity-1.ktest PASS 93s
END ml-miscvm:sanity-3 run tests/fs/lustre/sanity/sanity-3.ktest PASS 94s
END ml-miscvm:sanity-2 run tests/fs/lustre/sanity/sanity-2.ktest PASS 104s
END ml-miscvm:llmount run tests/fs/lustre/llmount.ktest PASS 113s
END ml-miscvm:llog-unit run tests/fs/lustre/llog-unit.ktest FAIL 139s (exit code: 1)

============================================================
Final Results:
  checkpatch:checkpatch: PASS (11s) (log: /var/www/ci-lustre/upstream-patch-review/83541e4a6327709ff5d745a6e84c3294a509db8b_checkpatch:checkpatch.log)
  u24:u24: PASS (39s) (log: /var/www/ci-lustre/upstream-patch-review/83541e4a6327709ff5d745a6e84c3294a509db8b_u24:u24.log)
  al2023:al2023: PASS (45s) (log: /var/www/ci-lustre/upstream-patch-review/83541e4a6327709ff5d745a6e84c3294a509db8b_al2023:al2023.log)
  ml-strict:lustre_mainline: FAIL (156s) (log: /var/www/ci-lustre/upstream-patch-review/83541e4a6327709ff5d745a6e84c3294a509db8b_ml-strict:lustre_mainline.log)
  ml:lustre_mainline: PASS (149s) (log: /var/www/ci-lustre/upstream-patch-review/83541e4a6327709ff5d745a6e84c3294a509db8b_ml:lustre_mainline.log)
  ml-miscvm:lustre_mainline_native: PASS (161s) (log: /var/www/ci-lustre/upstream-patch-review/83541e4a6327709ff5d745a6e84c3294a509db8b_ml-miscvm:lustre_mainline_native.log)
  ml-miscvm:boot: PASS (52s) (log: /var/www/ci-lustre/upstream-patch-review/83541e4a6327709ff5d745a6e84c3294a509db8b_ml-miscvm:boot.log)
  ml-miscvm:llmount: PASS (113s) (log: /var/www/ci-lustre/upstream-patch-review/83541e4a6327709ff5d745a6e84c3294a509db8b_ml-miscvm:llmount.log)
  ml-miscvm:llog-unit: FAIL (139s) (log: /var/www/ci-lustre/upstream-patch-review/83541e4a6327709ff5d745a6e84c3294a509db8b_ml-miscvm:llog-unit.log)
  ml-miscvm:mgs-setup: PASS (63s) (log: /var/www/ci-lustre/upstream-patch-review/83541e4a6327709ff5d745a6e84c3294a509db8b_ml-miscvm:mgs-setup.log)
  ml-miscvm:sanity-1: PASS (93s) (log: /var/www/ci-lustre/upstream-patch-review/83541e4a6327709ff5d745a6e84c3294a509db8b_ml-miscvm:sanity-1.log)
  ml-miscvm:sanity-2: PASS (104s) (log: /var/www/ci-lustre/upstream-patch-review/83541e4a6327709ff5d745a6e84c3294a509db8b_ml-miscvm:sanity-2.log)
  ml-miscvm:sanity-3: PASS (94s) (log: /var/www/ci-lustre/upstream-patch-review/83541e4a6327709ff5d745a6e84c3294a509db8b_ml-miscvm:sanity-3.log)
  ml-miscvm:sanity-4: PASS (89s) (log: /var/www/ci-lustre/upstream-patch-review/83541e4a6327709ff5d745a6e84c3294a509db8b_ml-miscvm:sanity-4.log)

Total execution time: 331s

Packed 2483 logs from /var/www/ci-lustre/upstream-patch-review into /home/ktest/ktest/local-site/local_data.js
Open /home/ktest/ktest/local-site/index.html in a browser
