CLI: ./pk --podman-socket unix:///run/user/1000/podman/podman.sock --shared-filesystem /tmp --tarball-input job lustre-ci --output /var/www/ci-lustre/upstream-patch-review --git-hash 85450b52af720d29417fb8e2c08384544c7ff2be --change-id 68546_85450b52af720d29417fb8e2c08384544c7ff2be --subject LU-20675 utils: fix Netlink parse buffer overruns

Environment validated successfully
Note: custom LLVM is not synced in tarball input mode
Creating kernel tarball at /tmp/ktest-kernel.tar.gz...
Creating lustre tarball at /tmp/ktest-lustre.tar.gz...
Creating ZFS tarball at /tmp/ktest-zfs.tar.gz...
Executing 14 jobs
Jobs will start as soon as their dependencies are satisfied
Using tarball input mode

START u24:u24 build tests/fs/lustre/boot.ktest
START ml-miscvm:lustre_mainline_native build tests/fs/lustre/boot.ktest
START al2023:al2023 build tests/fs/lustre/boot.ktest
START checkpatch:checkpatch tool checkpatch
START ml-strict:lustre_mainline build tests/fs/lustre/boot-strict.ktest
START ml:lustre_mainline build tests/fs/lustre/boot.ktest
PUT /tmp/ktest-lustre.tar.gz 1s
PUT /tmp/ktest-lustre.tar.gz 1s
PUT /tmp/ktest-kernel.tar.gz 7s
PUT /tmp/ktest-kernel.tar.gz 7s
PUT /tmp/ktest-kernel.tar.gz 7s
PUT /tmp/ktest-kernel.tar.gz 7s
PUT /tmp/ktest-lustre.tar.gz 2s
PUT /tmp/ktest-lustre.tar.gz 2s
PUT /tmp/ktest-lustre.tar.gz 3s
PUT /tmp/ktest-lustre.tar.gz 2s
PUT /tmp/ktest-zfs.tar.gz 0s
PUT /tmp/ktest-zfs.tar.gz 0s
PUT /tmp/ktest-zfs.tar.gz 0s
END checkpatch:checkpatch tool checkpatch PASS 13s
END u24:u24 build tests/fs/lustre/boot.ktest PASS 35s
END al2023:al2023 build tests/fs/lustre/boot.ktest PASS 45s
GET /tmp/ktest_ml-strict:lustre_mainline_q60vczi5.tar 4s
END ml-strict:lustre_mainline build tests/fs/lustre/boot-strict.ktest FAIL 146s (exit code: 1)
GET /tmp/ktest_ml:lustre_mainline_78rro1ow.tar 0s
GET /tmp/ktest_ml-miscvm:lustre_mainline_native_x5hg9_fn.tar 0s
END ml:lustre_mainline build tests/fs/lustre/boot.ktest PASS 159s
END ml-miscvm:lustre_mainline_native build tests/fs/lustre/boot.ktest PASS 160s
START ml-miscvm:boot run tests/fs/lustre/boot.ktest
START ml-miscvm:llmount run tests/fs/lustre/llmount.ktest
START ml-miscvm:llog-unit run tests/fs/lustre/llog-unit.ktest
START ml-miscvm:mgs-setup run tests/fs/lustre/mgs-setup.ktest
START ml-miscvm:sanity-1 run tests/fs/lustre/sanity/sanity-1.ktest
START ml-miscvm:sanity-2 run tests/fs/lustre/sanity/sanity-2.ktest
START ml-miscvm:sanity-3 run tests/fs/lustre/sanity/sanity-3.ktest
START ml-miscvm:sanity-4 run tests/fs/lustre/sanity/sanity-4.ktest
PUT /tmp/ktest-kernel.tar.gz 42s
PUT /tmp/ktest-kernel.tar.gz 43s
PUT /tmp/ktest-kernel.tar.gz 43s
PUT /tmp/ktest-kernel.tar.gz 43s
PUT /tmp/ktest-kernel.tar.gz 44s
PUT /tmp/ktest-kernel.tar.gz 43s
PUT /tmp/ktest-kernel.tar.gz 43s
PUT /tmp/ktest-kernel.tar.gz 44s
PUT /tmp/ktest-lustre.tar.gz 8s
PUT /tmp/ktest-lustre.tar.gz 9s
PUT /tmp/ktest-lustre.tar.gz 9s
PUT /tmp/ktest-lustre.tar.gz 8s
PUT /tmp/ktest-lustre.tar.gz 9s
PUT /tmp/ktest-lustre.tar.gz 8s
PUT /tmp/ktest-lustre.tar.gz 9s
PUT /tmp/ktest-lustre.tar.gz 8s
PUT /tmp/ktest_ml-miscvm:lustre_mainline_native_x5hg9_fn.tar 2s
PUT /tmp/ktest_ml-miscvm:lustre_mainline_native_x5hg9_fn.tar 2s
PUT /tmp/ktest_ml-miscvm:lustre_mainline_native_x5hg9_fn.tar 2s
PUT /tmp/ktest_ml-miscvm:lustre_mainline_native_x5hg9_fn.tar 2s
PUT /tmp/ktest_ml-miscvm:lustre_mainline_native_x5hg9_fn.tar 2s
PUT /tmp/ktest_ml-miscvm:lustre_mainline_native_x5hg9_fn.tar 2s
PUT /tmp/ktest_ml-miscvm:lustre_mainline_native_x5hg9_fn.tar 2s
PUT /tmp/ktest_ml-miscvm:lustre_mainline_native_x5hg9_fn.tar 2s
END ml-miscvm:boot run tests/fs/lustre/boot.ktest PASS 68s
END ml-miscvm:mgs-setup run tests/fs/lustre/mgs-setup.ktest PASS 77s
END ml-miscvm:sanity-3 run tests/fs/lustre/sanity/sanity-3.ktest PASS 106s
END ml-miscvm:sanity-2 run tests/fs/lustre/sanity/sanity-2.ktest PASS 108s
END ml-miscvm:sanity-4 run tests/fs/lustre/sanity/sanity-4.ktest PASS 118s
END ml-miscvm:sanity-1 run tests/fs/lustre/sanity/sanity-1.ktest PASS 120s
END ml-miscvm:llmount run tests/fs/lustre/llmount.ktest PASS 127s
END ml-miscvm:llog-unit run tests/fs/lustre/llog-unit.ktest FAIL 151s (exit code: 1)

============================================================
Final Results:
  checkpatch:checkpatch: PASS (13s) (log: /var/www/ci-lustre/upstream-patch-review/85450b52af720d29417fb8e2c08384544c7ff2be_checkpatch:checkpatch.log)
  u24:u24: PASS (35s) (log: /var/www/ci-lustre/upstream-patch-review/85450b52af720d29417fb8e2c08384544c7ff2be_u24:u24.log)
  al2023:al2023: PASS (45s) (log: /var/www/ci-lustre/upstream-patch-review/85450b52af720d29417fb8e2c08384544c7ff2be_al2023:al2023.log)
  ml-strict:lustre_mainline: FAIL (146s) (log: /var/www/ci-lustre/upstream-patch-review/85450b52af720d29417fb8e2c08384544c7ff2be_ml-strict:lustre_mainline.log)
  ml:lustre_mainline: PASS (159s) (log: /var/www/ci-lustre/upstream-patch-review/85450b52af720d29417fb8e2c08384544c7ff2be_ml:lustre_mainline.log)
  ml-miscvm:lustre_mainline_native: PASS (160s) (log: /var/www/ci-lustre/upstream-patch-review/85450b52af720d29417fb8e2c08384544c7ff2be_ml-miscvm:lustre_mainline_native.log)
  ml-miscvm:boot: PASS (68s) (log: /var/www/ci-lustre/upstream-patch-review/85450b52af720d29417fb8e2c08384544c7ff2be_ml-miscvm:boot.log)
  ml-miscvm:llmount: PASS (127s) (log: /var/www/ci-lustre/upstream-patch-review/85450b52af720d29417fb8e2c08384544c7ff2be_ml-miscvm:llmount.log)
  ml-miscvm:llog-unit: FAIL (151s) (log: /var/www/ci-lustre/upstream-patch-review/85450b52af720d29417fb8e2c08384544c7ff2be_ml-miscvm:llog-unit.log)
  ml-miscvm:mgs-setup: PASS (77s) (log: /var/www/ci-lustre/upstream-patch-review/85450b52af720d29417fb8e2c08384544c7ff2be_ml-miscvm:mgs-setup.log)
  ml-miscvm:sanity-1: PASS (120s) (log: /var/www/ci-lustre/upstream-patch-review/85450b52af720d29417fb8e2c08384544c7ff2be_ml-miscvm:sanity-1.log)
  ml-miscvm:sanity-2: PASS (108s) (log: /var/www/ci-lustre/upstream-patch-review/85450b52af720d29417fb8e2c08384544c7ff2be_ml-miscvm:sanity-2.log)
  ml-miscvm:sanity-3: PASS (106s) (log: /var/www/ci-lustre/upstream-patch-review/85450b52af720d29417fb8e2c08384544c7ff2be_ml-miscvm:sanity-3.log)
  ml-miscvm:sanity-4: PASS (118s) (log: /var/www/ci-lustre/upstream-patch-review/85450b52af720d29417fb8e2c08384544c7ff2be_ml-miscvm:sanity-4.log)

Total execution time: 339s

Packed 10387 logs from /var/www/ci-lustre/upstream-patch-review into /home/ktest/ktest/local-site/local_data.js
Open /home/ktest/ktest/local-site/index.html in a browser
