00003 
00012 RDSEED32 is broken. Disabling the corresponding CPUID bit.
00016 init: failed to load nvme_core
00016 init: failed to load nvme
00016 init: failed to load zfs
00018 LNetError: 1:0:(lib-socket.c:619:lnet_inet_enumerate()) lnet: Can't find any usable interfaces, rc = -ENOENT
00018 LNetError: Error -100 starting up LNI tcp
00018 LustreError: 1:0:(events.c:627:ptlrpc_init_portals()) network initialisation failed: rc = -100
00018 init: finit_module /lib/modules/7.0.0-ktest-8595d54-6330a45-20260728-dirty/updates/ptlrpc.ko: Network is down
00018 init: failed to load lustre
00018 init: failed to load osd_zfs
00018 init: failed to load iwlwifi
00018 init: failed to load iwlmvm
00018 init: failed to load mt7921e
00018 init: failed to load i915
00018 init: failed to load nouveau
00030 tlp: vm.laptop_mode is deprecated. Ignoring setting.
00031 Kernel version: 7.0.0-ktest-8595d54-6330a45-20260728-dirty
00031 hook init_noop
00031 
00031 Running tests llog-unit
00031 
00031 ========= TEST   llog-unit
00032 /host/home/ktest/git/lustre-release/lustre/tests/test-framework.sh: line 6933: cd: HOME not set
00032 /host/home/ktest/git/lustre-release/lustre/tests/test-framework.sh: line 6933: cd: HOME not set
00032 /host/home/ktest/git/lustre-release/lustre/tests/test-framework.sh: line 6933: cd: HOME not set
00035 MGS_OS_VERSION_ID=24.04
00035 MGS_OS_ID=ubuntu
00035 MGS_OS_VERSION_CODE=402915328
00035 MGS_OS_ID_LIKE=debian ubuntu
00035 MDS1_OS_ID=ubuntu
00035 MDS1_OS_VERSION_CODE=402915328
00035 MDS1_OS_ID_LIKE=debian ubuntu
00035 MDS1_OS_VERSION_ID=24.04
00036 OST1_OS_VERSION_ID=24.04
00036 OST1_OS_VERSION_CODE=402915328
00036 OST1_OS_ID=ubuntu
00036 OST1_OS_ID_LIKE=debian ubuntu
00036 CLIENT_OS_VERSION_ID=24.04
00036 CLIENT_OS_ID_LIKE=debian ubuntu
00036 CLIENT_OS_ID=ubuntu
00036 CLIENT_OS_VERSION_CODE=402915328
00036 Loading modules from /host/home/ktest/git/lustre-release/lustre
00036 detected 16 online CPUs by sysfs
00036 MODOPTS_LIBCFS=
00036 libcfs will create CPU partition based on online CPUs
00037 LNet: Added LNI 10.0.2.15@tcp [8/256/0/180]
00037 gss/krb5 is not supported
00038 Lustre: Echo OBD driver; http://www.lustre.org/
00038 
00038 
00038 /host/home/ktest/git/lustre-release/lustre/tests/test-framework.sh: line 6933: cd: HOME not set
00038 /host/home/ktest/git/lustre-release/lustre/tests/test-framework.sh: line 6933: cd: HOME not set
00038 /host/home/ktest/git/lustre-release/lustre/tests/test-framework.sh: line 6933: cd: HOME not set
00062 Lustre: 2162:0:(llog_test.c:1095:llog_test_7()) 7c: test llog_setattr64_rec
00062 ------------[ cut here ]------------
00062 WARNING: /home/ktest/git/linux/include/linux/fs.h:889 at osd_create+0x9cf/0xcf0 [osd_wbcfs], CPU#8: lctl/2162
00062 Modules linked in: llog_test(O) mgs(O) osd_wbcfs(O) lustre(O) obdecho(O) mgc(O) mdc(O) lov(O) osc(O) lmv(O) ec(O) fid(O) fld(O) ptlrpc(O) efivarfs obdclass(O) ksocklnd(O) lnet(O) libcfs(O)
00062 CPU: 8 UID: 0 PID: 2162 Comm: lctl Tainted: G        W  O        7.0.0-ktest-8595d54-6330a45-20260728-dirty #1 PREEMPT 
00062 Tainted: [W]=WARN, [O]=OOT_MODULE
00062 Hardware name: QEMU Standard PC (Q35 + ICH9, 2009), BIOS 2025.11-3ubuntu7 03/31/2026
00062 RIP: 0010:osd_create+0x9cf/0xcf0 [osd_wbcfs]
00062 Code: c7 c7 00 c6 7b a1 48 c7 c6 a0 42 7d a1 48 c7 c2 00 4c 7d a1 e8 82 dd 43 ff 48 c7 c7 00 c6 7b a1 e8 f6 6a 44 ff e9 fe fc ff ff <0f> 0b e9 a5 fa ff ff 48 c7 c1 80 44 5d a0 80 e1 07 80 c1 03 38 c1
00062 RSP: 0018:ffffc90005b776f8 EFLAGS: 00010246
00062 RAX: 0000000000000000 RBX: ffff88814a853c00 RCX: 0000000000000046
00062 RDX: 0000000000000000 RSI: ffff8881375aed38 RDI: ffff88811fbe4b18
00062 RBP: ffff8881375aeca8 R08: ffffffff83a16803 R09: 1ffffffff0742d00
00062 R10: dffffc0000000000 R11: fffffbfff0742d01 R12: ffff88814988f000
00062 R13: dffffc0000000000 R14: 1ffff1102950a780 R15: 1ffff11029311e0f
00062 FS:  00007fcf7d422940(0000) GS:ffff88831e82d000(0000) knlGS:0000000000000000
00062 CS:  0010 DS: 0000 ES: 0000 CR0: 0000000080050033
00062 CR2: 000055b5e492fb40 CR3: 0000000149d9c000 CR4: 0000000000750eb0
00062 PKRU: 55555554
00062 Call Trace:
00062  <TASK>
00062  ? local_object_create+0x109/0x640 [obdclass]
00062  ? dt_write_lock+0x16d/0x2a0 [obdclass]
00062  ? llog_osd_create+0x356/0x1140 [obdclass]
00062  ? llog_create+0x2ed/0x530 [obdclass]
00062  ? llog_open_create+0x5af/0xb10 [obdclass]
00062  ? llog_test_7_sub+0xea/0x1250 [llog_test]
00062  ? llog_test_7+0x4a4/0xf50 [llog_test]
00062  ? llog_run_tests+0x3614/0x5ac0 [llog_test]
00062  ? get_random_u32+0x51/0x470
00062  ? llog_test_device_init+0x503/0x840 [llog_test]
00062  ? obd_setup+0x559/0x960 [obdclass]
00062  ? class_setup+0xc7d/0x10e0 [obdclass]
00062  ? class_process_config+0x2edb/0x7cb0 [obdclass]
00062  ? class_handle_ioctl+0x2055/0x3590 [obdclass]
00062  ? obd_class_ioctl+0x1f6/0x3c0 [obdclass]
00062  ? __x64_sys_ioctl+0x961/0xe00
00062  ? _copy_to_user+0x3d/0x60
00062  ? __x64_sys_rt_sigaction+0x107/0x140
00062  ? do_syscall_64+0xc1/0x350
00062  ? entry_SYSCALL_64_after_hwframe+0x4b/0x53
00062  </TASK>
00062 ---[ end trace 0000000000000000 ]---
00068 Lustre: 2162:0:(llog_test.c:1106:llog_test_7()) 7d: test llog_size_change_rec
00068 ------------[ cut here ]------------
00068 WARNING: /home/ktest/git/linux/include/linux/fs.h:889 at osd_create+0x9cf/0xcf0 [osd_wbcfs], CPU#8: lctl/2162
00068 Modules linked in: llog_test(O) mgs(O) osd_wbcfs(O) lustre(O) obdecho(O) mgc(O) mdc(O) lov(O) osc(O) lmv(O) ec(O) fid(O) fld(O) ptlrpc(O) efivarfs obdclass(O) ksocklnd(O) lnet(O) libcfs(O)
00068 CPU: 8 UID: 0 PID: 2162 Comm: lctl Tainted: G        W  O        7.0.0-ktest-8595d54-6330a45-20260728-dirty #1 PREEMPT 
00068 Tainted: [W]=WARN, [O]=OOT_MODULE
00068 Hardware name: QEMU Standard PC (Q35 + ICH9, 2009), BIOS 2025.11-3ubuntu7 03/31/2026
00068 RIP: 0010:osd_create+0x9cf/0xcf0 [osd_wbcfs]
00068 Code: c7 c7 00 c6 7b a1 48 c7 c6 a0 42 7d a1 48 c7 c2 00 4c 7d a1 e8 82 dd 43 ff 48 c7 c7 00 c6 7b a1 e8 f6 6a 44 ff e9 fe fc ff ff <0f> 0b e9 a5 fa ff ff 48 c7 c1 80 44 5d a0 80 e1 07 80 c1 03 38 c1
00068 RSP: 0018:ffffc90005b776f8 EFLAGS: 00010246
00068 RAX: 0000000000000000 RBX: ffff888190b97800 RCX: 0000000000000046
00068 RDX: 0000000000000000 RSI: ffff8881375ae620 RDI: ffff88811fbe4b18
00068 RBP: ffff8881375ae590 R08: ffffffff83a16803 R09: 1ffffffff0742d00
00068 R10: dffffc0000000000 R11: fffffbfff0742d01 R12: ffff88814988f000
00068 R13: dffffc0000000000 R14: 1ffff11032172f00 R15: 1ffff11029311e0f
00068 FS:  00007fcf7d422940(0000) GS:ffff88831e82d000(0000) knlGS:0000000000000000
00068 CS:  0010 DS: 0000 ES: 0000 CR0: 0000000080050033
00068 CR2: 000055b5e492fb40 CR3: 0000000149d9c000 CR4: 0000000000750eb0
00068 PKRU: 55555554
00068 Call Trace:
00068  <TASK>
00068  ? local_object_create+0x109/0x640 [obdclass]
00068  ? dt_write_lock+0x16d/0x2a0 [obdclass]
00068  ? llog_osd_create+0x356/0x1140 [obdclass]
00068  ? llog_create+0x2ed/0x530 [obdclass]
00068  ? llog_open_create+0x5af/0xb10 [obdclass]
00068  ? llog_test_7_sub+0xea/0x1250 [llog_test]
00068  ? llog_test_7+0x5d5/0xf50 [llog_test]
00068  ? llog_run_tests+0x3614/0x5ac0 [llog_test]
00068  ? get_random_u32+0x51/0x470
00068  ? llog_test_device_init+0x503/0x840 [llog_test]
00068  ? obd_setup+0x559/0x960 [obdclass]
00068  ? class_setup+0xc7d/0x10e0 [obdclass]
00068  ? class_process_config+0x2edb/0x7cb0 [obdclass]
00068  ? class_handle_ioctl+0x2055/0x3590 [obdclass]
00068  ? obd_class_ioctl+0x1f6/0x3c0 [obdclass]
00068  ? __x64_sys_ioctl+0x961/0xe00
00068  ? _copy_to_user+0x3d/0x60
00068  ? __x64_sys_rt_sigaction+0x107/0x140
00068  ? do_syscall_64+0xc1/0x350
00068  ? entry_SYSCALL_64_after_hwframe+0x4b/0x53
00068  </TASK>
00068 ---[ end trace 0000000000000000 ]---
00075 Lustre: 2162:0:(llog_test.c:1117:llog_test_7()) 7e: test llog_changelog_rec
00075 ------------[ cut here ]------------
00075 WARNING: /home/ktest/git/linux/include/linux/fs.h:889 at osd_create+0x9cf/0xcf0 [osd_wbcfs], CPU#8: lctl/2162
00075 Modules linked in: llog_test(O) mgs(O) osd_wbcfs(O) lustre(O) obdecho(O) mgc(O) mdc(O) lov(O) osc(O) lmv(O) ec(O) fid(O) fld(O) ptlrpc(O) efivarfs obdclass(O) ksocklnd(O) lnet(O) libcfs(O)
00075 CPU: 8 UID: 0 PID: 2162 Comm: lctl Tainted: G        W  O        7.0.0-ktest-8595d54-6330a45-20260728-dirty #1 PREEMPT 
00075 Tainted: [W]=WARN, [O]=OOT_MODULE
00075 Hardware name: QEMU Standard PC (Q35 + ICH9, 2009), BIOS 2025.11-3ubuntu7 03/31/2026
00075 RIP: 0010:osd_create+0x9cf/0xcf0 [osd_wbcfs]
00075 Code: c7 c7 00 c6 7b a1 48 c7 c6 a0 42 7d a1 48 c7 c2 00 4c 7d a1 e8 82 dd 43 ff 48 c7 c7 00 c6 7b a1 e8 f6 6a 44 ff e9 fe fc ff ff <0f> 0b e9 a5 fa ff ff 48 c7 c1 80 44 5d a0 80 e1 07 80 c1 03 38 c1
00075 RSP: 0018:ffffc90005b776f8 EFLAGS: 00010246
00075 RAX: 0000000000000000 RBX: ffff888191edf400 RCX: 0000000000000046
00075 RDX: 0000000000000000 RSI: ffff8881375adf08 RDI: ffff88811fbe4b18
00075 RBP: ffff8881375ade78 R08: ffffffff83a16803 R09: 1ffffffff0742d00
00075 R10: dffffc0000000000 R11: fffffbfff0742d01 R12: ffff88814988f000
00075 R13: dffffc0000000000 R14: 1ffff110323dbe80 R15: 1ffff11029311e0f
00075 FS:  00007fcf7d422940(0000) GS:ffff88831e82d000(0000) knlGS:0000000000000000
00075 CS:  0010 DS: 0000 ES: 0000 CR0: 0000000080050033
00075 CR2: 000055b5e492fb40 CR3: 0000000149d9c000 CR4: 0000000000750eb0
00075 PKRU: 55555554
00075 Call Trace:
00075  <TASK>
00075  ? local_object_create+0x109/0x640 [obdclass]
00075  ? dt_write_lock+0x16d/0x2a0 [obdclass]
00075  ? llog_osd_create+0x356/0x1140 [obdclass]
00075  ? llog_create+0x2ed/0x530 [obdclass]
00075  ? llog_open_create+0x5af/0xb10 [obdclass]
00075  ? llog_test_7_sub+0xea/0x1250 [llog_test]
00075  ? llog_test_7+0x706/0xf50 [llog_test]
00075  ? llog_run_tests+0x3614/0x5ac0 [llog_test]
00075  ? get_random_u32+0x51/0x470
00075  ? llog_test_device_init+0x503/0x840 [llog_test]
00075  ? obd_setup+0x559/0x960 [obdclass]
00075  ? class_setup+0xc7d/0x10e0 [obdclass]
00075  ? class_process_config+0x2edb/0x7cb0 [obdclass]
00075  ? class_handle_ioctl+0x2055/0x3590 [obdclass]
00075  ? obd_class_ioctl+0x1f6/0x3c0 [obdclass]
00075  ? __x64_sys_ioctl+0x961/0xe00
00075  ? _copy_to_user+0x3d/0x60
00075  ? __x64_sys_rt_sigaction+0x107/0x140
00075  ? do_syscall_64+0xc1/0x350
00075  ? entry_SYSCALL_64_after_hwframe+0x4b/0x53
00075  </TASK>
00075 ---[ end trace 0000000000000000 ]---
00081 Lustre: 2162:0:(llog_test.c:1024:llog_test_7_sub()) 7_sub: records are not aligned, written 64071 from 64767
00096 Lustre: 2162:0:(llog_test.c:1151:llog_test_7()) 7h: test llog_setattr64_rec_v2
00096 ------------[ cut here ]------------
00096 WARNING: /home/ktest/git/linux/include/linux/fs.h:889 at osd_create+0x9cf/0xcf0 [osd_wbcfs], CPU#8: lctl/2162
00096 Modules linked in: llog_test(O) mgs(O) osd_wbcfs(O) lustre(O) obdecho(O) mgc(O) mdc(O) lov(O) osc(O) lmv(O) ec(O) fid(O) fld(O) ptlrpc(O) efivarfs obdclass(O) ksocklnd(O) lnet(O) libcfs(O)
00096 CPU: 8 UID: 0 PID: 2162 Comm: lctl Tainted: G        W  O        7.0.0-ktest-8595d54-6330a45-20260728-dirty #1 PREEMPT 
00096 Tainted: [W]=WARN, [O]=OOT_MODULE
00096 Hardware name: QEMU Standard PC (Q35 + ICH9, 2009), BIOS 2025.11-3ubuntu7 03/31/2026
00096 RIP: 0010:osd_create+0x9cf/0xcf0 [osd_wbcfs]
00096 Code: c7 c7 00 c6 7b a1 48 c7 c6 a0 42 7d a1 48 c7 c2 00 4c 7d a1 e8 82 dd 43 ff 48 c7 c7 00 c6 7b a1 e8 f6 6a 44 ff e9 fe fc ff ff <0f> 0b e9 a5 fa ff ff 48 c7 c1 80 44 5d a0 80 e1 07 80 c1 03 38 c1
00096 RSP: 0018:ffffc90005b776f8 EFLAGS: 00010246
00096 RAX: 0000000000000000 RBX: ffff88819c7c2800 RCX: 0000000000000046
00096 RDX: 0000000000000000 RSI: ffff88811a417450 RDI: ffff88811fbe4b18
00096 RBP: ffff88811a4173c0 R08: ffffffff83a16803 R09: 1ffffffff0742d00
00096 R10: dffffc0000000000 R11: fffffbfff0742d01 R12: ffff88814988f000
00096 R13: dffffc0000000000 R14: 1ffff110338f8500 R15: 1ffff11029311e0f
00096 FS:  00007fcf7d422940(0000) GS:ffff88831e82d000(0000) knlGS:0000000000000000
00096 CS:  0010 DS: 0000 ES: 0000 CR0: 0000000080050033
00096 CR2: 000055b5e492fb40 CR3: 0000000149d9c000 CR4: 0000000000750eb0
00096 PKRU: 55555554
00096 Call Trace:
00096  <TASK>
00096  ? local_object_create+0x109/0x640 [obdclass]
00096  ? dt_write_lock+0x16d/0x2a0 [obdclass]
00096  ? llog_osd_create+0x356/0x1140 [obdclass]
00096  ? llog_create+0x2ed/0x530 [obdclass]
00096  ? llog_open_create+0x5af/0xb10 [obdclass]
00096  ? llog_test_7_sub+0xea/0x1250 [llog_test]
00096  ? llog_test_7+0xa99/0xf50 [llog_test]
00096  ? llog_run_tests+0x3614/0x5ac0 [llog_test]
00096  ? get_random_u32+0x51/0x470
00096  ? llog_test_device_init+0x503/0x840 [llog_test]
00096  ? obd_setup+0x559/0x960 [obdclass]
00096  ? class_setup+0xc7d/0x10e0 [obdclass]
00096  ? class_process_config+0x2edb/0x7cb0 [obdclass]
00096  ? class_handle_ioctl+0x2055/0x3590 [obdclass]
00096  ? obd_class_ioctl+0x1f6/0x3c0 [obdclass]
00096  ? __x64_sys_ioctl+0x961/0xe00
00096  ? _copy_to_user+0x3d/0x60
00096  ? __x64_sys_rt_sigaction+0x107/0x140
00096  ? do_syscall_64+0xc1/0x350
00096  ? entry_SYSCALL_64_after_hwframe+0x4b/0x53
00096  </TASK>
00096 ---[ end trace 0000000000000000 ]---
00099 Lustre: 2162:0:(llog_test.c:1024:llog_test_7_sub()) 7_sub: records are not aligned, written 64071 from 64767
00101 Lustre: 2162:0:(llog_test.c:1261:llog_test_8()) 8a: fill the first plain llog
00101 ------------[ cut here ]------------
00101 WARNING: /home/ktest/git/linux/include/linux/fs.h:889 at osd_create+0x9cf/0xcf0 [osd_wbcfs], CPU#8: lctl/2162
00101 Modules linked in: llog_test(O) mgs(O) osd_wbcfs(O) lustre(O) obdecho(O) mgc(O) mdc(O) lov(O) osc(O) lmv(O) ec(O) fid(O) fld(O) ptlrpc(O) efivarfs obdclass(O) ksocklnd(O) lnet(O) libcfs(O)
00101 CPU: 8 UID: 0 PID: 2162 Comm: lctl Tainted: G        W  O        7.0.0-ktest-8595d54-6330a45-20260728-dirty #1 PREEMPT 
00101 Tainted: [W]=WARN, [O]=OOT_MODULE
00101 Hardware name: QEMU Standard PC (Q35 + ICH9, 2009), BIOS 2025.11-3ubuntu7 03/31/2026
00101 RIP: 0010:osd_create+0x9cf/0xcf0 [osd_wbcfs]
00101 Code: c7 c7 00 c6 7b a1 48 c7 c6 a0 42 7d a1 48 c7 c2 00 4c 7d a1 e8 82 dd 43 ff 48 c7 c7 00 c6 7b a1 e8 f6 6a 44 ff e9 fe fc ff ff <0f> 0b e9 a5 fa ff ff 48 c7 c1 80 44 5d a0 80 e1 07 80 c1 03 38 c1
00101 RSP: 0018:ffffc90005b774c8 EFLAGS: 00010246
00101 RAX: 0000000000000000 RBX: ffff888138bccc00 RCX: 0000000000000046
00101 RDX: 0000000000000000 RSI: ffff88811a416d38 RDI: ffff88811fbe4b40
00101 RBP: ffff88811a416ca8 R08: ffffffff83a16803 R09: 1ffffffff0742d00
00101 R10: dffffc0000000000 R11: fffffbfff0742d01 R12: ffff88814988f000
00101 R13: dffffc0000000000 R14: 1ffff11027179980 R15: 1ffff11029311e0f
00101 FS:  00007fcf7d422940(0000) GS:ffff88831e82d000(0000) knlGS:0000000000000000
00101 CS:  0010 DS: 0000 ES: 0000 CR0: 0000000080050033
00101 CR2: 000055b5e492fb40 CR3: 0000000149d9c000 CR4: 0000000000750eb0
00101 PKRU: 55555554
00101 Call Trace:
00101  <TASK>
00101  ? local_object_create+0x109/0x640 [obdclass]
00101  ? dt_write_lock+0x16d/0x2a0 [obdclass]
00101  ? llog_osd_create+0x356/0x1140 [obdclass]
00101  ? llog_create+0x2ed/0x530 [obdclass]
00101  ? llog_cat_new_log+0x6c3/0x2bf0 [obdclass]
00101  ? llog_cat_add_rec+0x6ba/0x1960 [obdclass]
00101  ? llog_cat_add+0x451/0x890 [obdclass]
00101  ? llog_test_8+0x567/0x1c20 [llog_test]
00101  ? do_raw_spin_unlock+0x52/0x230
00101  ? _raw_spin_unlock+0x23/0x40
00101  ? __llog_ctxt_put+0x1c4/0x2f0 [obdclass]
00101  ? llog_run_tests+0x39a2/0x5ac0 [llog_test]
00101  ? get_random_u32+0x51/0x470
00101  ? llog_test_device_init+0x503/0x840 [llog_test]
00101  ? obd_setup+0x559/0x960 [obdclass]
00101  ? class_setup+0xc7d/0x10e0 [obdclass]
00101  ? class_process_config+0x2edb/0x7cb0 [obdclass]
00101  ? class_handle_ioctl+0x2055/0x3590 [obdclass]
00101  ? obd_class_ioctl+0x1f6/0x3c0 [obdclass]
00101  ? __x64_sys_ioctl+0x961/0xe00
00101  ? _copy_to_user+0x3d/0x60
00101  ? __x64_sys_rt_sigaction+0x107/0x140
00101  ? do_syscall_64+0xc1/0x350
00101  ? entry_SYSCALL_64_after_hwframe+0x4b/0x53
00101  </TASK>
00101 ---[ end trace 0000000000000000 ]---
00101 Lustre: 2162:0:(llog_test.c:1290:llog_test_8()) 8b: first llog [0x1:0x10:0x0]
00101 Lustre: 2162:0:(llog_test.c:1306:llog_test_8()) 8b: fill the second plain llog
00101 ------------[ cut here ]------------
00101 WARNING: /home/ktest/git/linux/include/linux/fs.h:889 at osd_create+0x9cf/0xcf0 [osd_wbcfs], CPU#8: lctl/2162
00101 Modules linked in: llog_test(O) mgs(O) osd_wbcfs(O) lustre(O) obdecho(O) mgc(O) mdc(O) lov(O) osc(O) lmv(O) ec(O) fid(O) fld(O) ptlrpc(O) efivarfs obdclass(O) ksocklnd(O) lnet(O) libcfs(O)
00101 CPU: 8 UID: 0 PID: 2162 Comm: lctl Tainted: G        W  O        7.0.0-ktest-8595d54-6330a45-20260728-dirty #1 PREEMPT 
00101 Tainted: [W]=WARN, [O]=OOT_MODULE
00101 Hardware name: QEMU Standard PC (Q35 + ICH9, 2009), BIOS 2025.11-3ubuntu7 03/31/2026
00101 RIP: 0010:osd_create+0x9cf/0xcf0 [osd_wbcfs]
00101 Code: c7 c7 00 c6 7b a1 48 c7 c6 a0 42 7d a1 48 c7 c2 00 4c 7d a1 e8 82 dd 43 ff 48 c7 c7 00 c6 7b a1 e8 f6 6a 44 ff e9 fe fc ff ff <0f> 0b e9 a5 fa ff ff 48 c7 c1 80 44 5d a0 80 e1 07 80 c1 03 38 c1
00101 RSP: 0018:ffffc90005b774c8 EFLAGS: 00010246
00101 RAX: 0000000000000000 RBX: ffff888138bcb400 RCX: 0000000000000046
00101 RDX: 0000000000000000 RSI: ffff88811a416620 RDI: ffff88811fbe4b40
00101 RBP: ffff88811a416590 R08: ffffffff83a16803 R09: 1ffffffff0742d00
00101 R10: dffffc0000000000 R11: fffffbfff0742d01 R12: ffff88814988f000
00101 R13: dffffc0000000000 R14: 1ffff11027179680 R15: 1ffff11029311e0f
00101 FS:  00007fcf7d422940(0000) GS:ffff88831e82d000(0000) knlGS:0000000000000000
00101 CS:  0010 DS: 0000 ES: 0000 CR0: 0000000080050033
00101 CR2: 000055b5e492fb40 CR3: 0000000149d9c000 CR4: 0000000000750eb0
00101 PKRU: 55555554
00101 Call Trace:
00101  <TASK>
00101  ? local_object_create+0x109/0x640 [obdclass]
00101  ? dt_write_lock+0x16d/0x2a0 [obdclass]
00101  ? llog_osd_create+0x356/0x1140 [obdclass]
00101  ? llog_create+0x2ed/0x530 [obdclass]
00101  ? llog_cat_new_log+0x6c3/0x2bf0 [obdclass]
00101  ? llog_cat_add_rec+0x6ba/0x1960 [obdclass]
00101  ? llog_cat_add+0x451/0x890 [obdclass]
00101  ? llog_test_8+0xd89/0x1c20 [llog_test]
00101  ? do_raw_spin_unlock+0x52/0x230
00101  ? _raw_spin_unlock+0x23/0x40
00101  ? __llog_ctxt_put+0x1c4/0x2f0 [obdclass]
00101  ? llog_run_tests+0x39a2/0x5ac0 [llog_test]
00101  ? get_random_u32+0x51/0x470
00101  ? llog_test_device_init+0x503/0x840 [llog_test]
00101  ? obd_setup+0x559/0x960 [obdclass]
00101  ? class_setup+0xc7d/0x10e0 [obdclass]
00101  ? class_process_config+0x2edb/0x7cb0 [obdclass]
00101  ? class_handle_ioctl+0x2055/0x3590 [obdclass]
00101  ? obd_class_ioctl+0x1f6/0x3c0 [obdclass]
00101  ? __x64_sys_ioctl+0x961/0xe00
00101  ? _copy_to_user+0x3d/0x60
00101  ? __x64_sys_rt_sigaction+0x107/0x140
00101  ? do_syscall_64+0xc1/0x350
00101  ? entry_SYSCALL_64_after_hwframe+0x4b/0x53
00101  </TASK>
00101 ---[ end trace 0000000000000000 ]---
00101 Lustre: 2162:0:(llog_test.c:1330:llog_test_8()) 8b: pin llog [0x1:0x12:0x0]
00101 Lustre: 2162:0:(llog_test.c:1333:llog_test_8()) 8b: clean first llog record in catalog
00101 Lustre: 2162:0:(llog_test.c:1344:llog_test_8()) 8c: corrupt first chunk in the middle
00101 Lustre: 2162:0:(llog_test.c:1347:llog_test_8()) 8c: corrupt second chunk at start
00101 Lustre: 2162:0:(llog_test.c:1350:llog_test_8()) 8d: count survived records
00101 Lustre: 2162:0:(llog_test.c:1380:llog_test_8()) 8d: close re-opened catalog
00101 Lustre: 2162:0:(llog_test.c:1441:llog_test_9()) 9a: test llog_logid_rec
00101 ------------[ cut here ]------------
00101 WARNING: /home/ktest/git/linux/include/linux/fs.h:889 at osd_create+0x9cf/0xcf0 [osd_wbcfs], CPU#8: lctl/2162
00101 Modules linked in: llog_test(O) mgs(O) osd_wbcfs(O) lustre(O) obdecho(O) mgc(O) mdc(O) lov(O) osc(O) lmv(O) ec(O) fid(O) fld(O) ptlrpc(O) efivarfs obdclass(O) ksocklnd(O) lnet(O) libcfs(O)
00101 CPU: 8 UID: 0 PID: 2162 Comm: lctl Tainted: G        W  O        7.0.0-ktest-8595d54-6330a45-20260728-dirty #1 PREEMPT 
00101 Tainted: [W]=WARN, [O]=OOT_MODULE
00101 Hardware name: QEMU Standard PC (Q35 + ICH9, 2009), BIOS 2025.11-3ubuntu7 03/31/2026
00101 RIP: 0010:osd_create+0x9cf/0xcf0 [osd_wbcfs]
00101 Code: c7 c7 00 c6 7b a1 48 c7 c6 a0 42 7d a1 48 c7 c2 00 4c 7d a1 e8 82 dd 43 ff 48 c7 c7 00 c6 7b a1 e8 f6 6a 44 ff e9 fe fc ff ff <0f> 0b e9 a5 fa ff ff 48 c7 c1 80 44 5d a0 80 e1 07 80 c1 03 38 c1
00101 RSP: 0018:ffffc90005b77720 EFLAGS: 00010246
00101 RAX: 0000000000000000 RBX: ffff88819c722c00 RCX: 0000000000000046
00101 RDX: 0000000000000000 RSI: ffff88811a415f08 RDI: ffff88811fbe4b18
00101 RBP: ffff88811a415e78 R08: ffffffff83a16803 R09: 1ffffffff0742d00
00101 R10: dffffc0000000000 R11: fffffbfff0742d01 R12: ffff88814988f000
00101 R13: dffffc0000000000 R14: 1ffff110338e4580 R15: 1ffff11029311e0f
00101 FS:  00007fcf7d422940(0000) GS:ffff88831e82d000(0000) knlGS:0000000000000000
00101 CS:  0010 DS: 0000 ES: 0000 CR0: 0000000080050033
00101 CR2: 000055b5e492fb40 CR3: 0000000149d9c000 CR4: 0000000000750eb0
00101 PKRU: 55555554
00101 Call Trace:
00101  <TASK>
00101  ? local_object_create+0x109/0x640 [obdclass]
00101  ? dt_write_lock+0x16d/0x2a0 [obdclass]
00101  ? llog_osd_create+0x356/0x1140 [obdclass]
00101  ? llog_create+0x2ed/0x530 [obdclass]
00101  ? llog_open_create+0x5af/0xb10 [obdclass]
00101  ? llog_test_9_sub+0xd4/0x800 [llog_test]
00101  ? llog_test_9+0x242/0x960 [llog_test]
00101  ? llog_run_tests+0x3d64/0x5ac0 [llog_test]
00101  ? get_random_u32+0x51/0x470
00101  ? llog_test_device_init+0x503/0x840 [llog_test]
00101  ? obd_setup+0x559/0x960 [obdclass]
00101  ? class_setup+0xc7d/0x10e0 [obdclass]
00101  ? class_process_config+0x2edb/0x7cb0 [obdclass]
00101  ? class_handle_ioctl+0x2055/0x3590 [obdclass]
00101  ? obd_class_ioctl+0x1f6/0x3c0 [obdclass]
00101  ? __x64_sys_ioctl+0x961/0xe00
00101  ? _copy_to_user+0x3d/0x60
00101  ? __x64_sys_rt_sigaction+0x107/0x140
00101  ? do_syscall_64+0xc1/0x350
00101  ? entry_SYSCALL_64_after_hwframe+0x4b/0x53
00101  </TASK>
00101 ---[ end trace 0000000000000000 ]---
00101 Lustre: 2162:0:(llog_test.c:1425:llog_test_9_sub()) 9_sub: record type 1064553b in log 0x1:0x14:0x0
00101 Lustre: 2162:0:(llog_test.c:1452:llog_test_9()) 9b: test llog_obd_cfg_rec
00101 ------------[ cut here ]------------
00101 WARNING: /home/ktest/git/linux/include/linux/fs.h:889 at osd_create+0x9cf/0xcf0 [osd_wbcfs], CPU#8: lctl/2162
00101 Modules linked in: llog_test(O) mgs(O) osd_wbcfs(O) lustre(O) obdecho(O) mgc(O) mdc(O) lov(O) osc(O) lmv(O) ec(O) fid(O) fld(O) ptlrpc(O) efivarfs obdclass(O) ksocklnd(O) lnet(O) libcfs(O)
00101 CPU: 8 UID: 0 PID: 2162 Comm: lctl Tainted: G        W  O        7.0.0-ktest-8595d54-6330a45-20260728-dirty #1 PREEMPT 
00101 Tainted: [W]=WARN, [O]=OOT_MODULE
00101 Hardware name: QEMU Standard PC (Q35 + ICH9, 2009), BIOS 2025.11-3ubuntu7 03/31/2026
00101 RIP: 0010:osd_create+0x9cf/0xcf0 [osd_wbcfs]
00101 Code: c7 c7 00 c6 7b a1 48 c7 c6 a0 42 7d a1 48 c7 c2 00 4c 7d a1 e8 82 dd 43 ff 48 c7 c7 00 c6 7b a1 e8 f6 6a 44 ff e9 fe fc ff ff <0f> 0b e9 a5 fa ff ff 48 c7 c1 80 44 5d a0 80 e1 07 80 c1 03 38 c1
00101 RSP: 0018:ffffc90005b77720 EFLAGS: 00010246
00101 RAX: 0000000000000000 RBX: ffff88819c722000 RCX: 0000000000000046
00101 RDX: 0000000000000000 RSI: ffff88811a4157f0 RDI: ffff88811fbe4b18
00101 RBP: ffff88811a415760 R08: ffffffff83a16803 R09: 1ffffffff0742d00
00101 R10: dffffc0000000000 R11: fffffbfff0742d01 R12: ffff88814988f000
00101 R13: dffffc0000000000 R14: 1ffff110338e4400 R15: 1ffff11029311e0f
00101 FS:  00007fcf7d422940(0000) GS:ffff88831e82d000(0000) knlGS:0000000000000000
00101 CS:  0010 DS: 0000 ES: 0000 CR0: 0000000080050033
00101 CR2: 000055b5e492fb40 CR3: 0000000149d9c000 CR4: 0000000000750eb0
00101 PKRU: 55555554
00101 Call Trace:
00101  <TASK>
00101  ? local_object_create+0x109/0x640 [obdclass]
00101  ? dt_write_lock+0x16d/0x2a0 [obdclass]
00101  ? llog_osd_create+0x356/0x1140 [obdclass]
00101  ? llog_create+0x2ed/0x530 [obdclass]
00101  ? llog_open_create+0x5af/0xb10 [obdclass]
00101  ? llog_test_9_sub+0xd4/0x800 [llog_test]
00101  ? llog_test_9+0x373/0x960 [llog_test]
00101  ? llog_run_tests+0x3d64/0x5ac0 [llog_test]
00101  ? get_random_u32+0x51/0x470
00101  ? llog_test_device_init+0x503/0x840 [llog_test]
00101  ? obd_setup+0x559/0x960 [obdclass]
00101  ? class_setup+0xc7d/0x10e0 [obdclass]
00101  ? class_process_config+0x2edb/0x7cb0 [obdclass]
00101  ? class_handle_ioctl+0x2055/0x3590 [obdclass]
00101  ? obd_class_ioctl+0x1f6/0x3c0 [obdclass]
00101  ? __x64_sys_ioctl+0x961/0xe00
00101  ? _copy_to_user+0x3d/0x60
00101  ? __x64_sys_rt_sigaction+0x107/0x140
00101  ? do_syscall_64+0xc1/0x350
00101  ? entry_SYSCALL_64_after_hwframe+0x4b/0x53
00101  </TASK>
00101 ---[ end trace 0000000000000000 ]---
00101 Lustre: 2162:0:(llog_test.c:1463:llog_test_9()) 9c: test llog_changelog_rec
00101 ------------[ cut here ]------------
00101 WARNING: /home/ktest/git/linux/include/linux/fs.h:889 at osd_create+0x9cf/0xcf0 [osd_wbcfs], CPU#8: lctl/2162
00101 Modules linked in: llog_test(O) mgs(O) osd_wbcfs(O) lustre(O) obdecho(O) mgc(O) mdc(O) lov(O) osc(O) lmv(O) ec(O) fid(O) fld(O) ptlrpc(O) efivarfs obdclass(O) ksocklnd(O) lnet(O) libcfs(O)
00101 CPU: 8 UID: 0 PID: 2162 Comm: lctl Tainted: G        W  O        7.0.0-ktest-8595d54-6330a45-20260728-dirty #1 PREEMPT 
00101 Tainted: [W]=WARN, [O]=OOT_MODULE
00101 Hardware name: QEMU Standard PC (Q35 + ICH9, 2009), BIOS 2025.11-3ubuntu7 03/31/2026
00101 RIP: 0010:osd_create+0x9cf/0xcf0 [osd_wbcfs]
00101 Code: c7 c7 00 c6 7b a1 48 c7 c6 a0 42 7d a1 48 c7 c2 00 4c 7d a1 e8 82 dd 43 ff 48 c7 c7 00 c6 7b a1 e8 f6 6a 44 ff e9 fe fc ff ff <0f> 0b e9 a5 fa ff ff 48 c7 c1 80 44 5d a0 80 e1 07 80 c1 03 38 c1
00101 RSP: 0018:ffffc90005b77720 EFLAGS: 00010246
00101 RAX: 0000000000000000 RBX: ffff88819c721800 RCX: 0000000000000046
00101 RDX: 0000000000000000 RSI: ffff88811a4150d8 RDI: ffff88811fbe4b18
00101 RBP: ffff88811a415048 R08: ffffffff83a16803 R09: 1ffffffff0742d00
00101 R10: dffffc0000000000 R11: fffffbfff0742d01 R12: ffff88814988f000
00101 R13: dffffc0000000000 R14: 1ffff110338e4300 R15: 1ffff11029311e0f
00101 FS:  00007fcf7d422940(0000) GS:ffff88831e82d000(0000) knlGS:0000000000000000
00101 CS:  0010 DS: 0000 ES: 0000 CR0: 0000000080050033
00101 CR2: 000055b5e492fb40 CR3: 0000000149d9c000 CR4: 0000000000750eb0
00101 PKRU: 55555554
00101 Call Trace:
00101  <TASK>
00101  ? local_object_create+0x109/0x640 [obdclass]
00101  ? dt_write_lock+0x16d/0x2a0 [obdclass]
00101  ? llog_osd_create+0x356/0x1140 [obdclass]
00101  ? llog_create+0x2ed/0x530 [obdclass]
00101  ? llog_open_create+0x5af/0xb10 [obdclass]
00101  ? llog_test_9_sub+0xd4/0x800 [llog_test]
00101  ? llog_test_9+0x4a4/0x960 [llog_test]
00101  ? llog_run_tests+0x3d64/0x5ac0 [llog_test]
00101  ? get_random_u32+0x51/0x470
00101  ? llog_test_device_init+0x503/0x840 [llog_test]
00101  ? obd_setup+0x559/0x960 [obdclass]
00101  ? class_setup+0xc7d/0x10e0 [obdclass]
00101  ? class_process_config+0x2edb/0x7cb0 [obdclass]
00101  ? class_handle_ioctl+0x2055/0x3590 [obdclass]
00101  ? obd_class_ioctl+0x1f6/0x3c0 [obdclass]
00101  ? __x64_sys_ioctl+0x961/0xe00
00101  ? _copy_to_user+0x3d/0x60
00101  ? __x64_sys_rt_sigaction+0x107/0x140
00101  ? do_syscall_64+0xc1/0x350
00101  ? entry_SYSCALL_64_after_hwframe+0x4b/0x53
00101  </TASK>
00101 ---[ end trace 0000000000000000 ]---
00101 Lustre: 2162:0:(llog_test.c:1475:llog_test_9()) 9d: test llog_changelog_user_rec2
00101 ------------[ cut here ]------------
00101 WARNING: /home/ktest/git/linux/include/linux/fs.h:889 at osd_create+0x9cf/0xcf0 [osd_wbcfs], CPU#8: lctl/2162
00101 Modules linked in: llog_test(O) mgs(O) osd_wbcfs(O) lustre(O) obdecho(O) mgc(O) mdc(O) lov(O) osc(O) lmv(O) ec(O) fid(O) fld(O) ptlrpc(O) efivarfs obdclass(O) ksocklnd(O) lnet(O) libcfs(O)
00101 CPU: 8 UID: 0 PID: 2162 Comm: lctl Tainted: G        W  O        7.0.0-ktest-8595d54-6330a45-20260728-dirty #1 PREEMPT 
00101 Tainted: [W]=WARN, [O]=OOT_MODULE
00101 Hardware name: QEMU Standard PC (Q35 + ICH9, 2009), BIOS 2025.11-3ubuntu7 03/31/2026
00101 RIP: 0010:osd_create+0x9cf/0xcf0 [osd_wbcfs]
00101 Code: c7 c7 00 c6 7b a1 48 c7 c6 a0 42 7d a1 48 c7 c2 00 4c 7d a1 e8 82 dd 43 ff 48 c7 c7 00 c6 7b a1 e8 f6 6a 44 ff e9 fe fc ff ff <0f> 0b e9 a5 fa ff ff 48 c7 c1 80 44 5d a0 80 e1 07 80 c1 03 38 c1
00101 RSP: 0018:ffffc90005b77720 EFLAGS: 00010246
00101 RAX: 0000000000000000 RBX: ffff88819c721000 RCX: 0000000000000046
00101 RDX: 0000000000000000 RSI: ffff88811a4149c0 RDI: ffff88811fbe4b18
00101 RBP: ffff88811a414930 R08: ffffffff83a16803 R09: 1ffffffff0742d00
00101 R10: dffffc0000000000 R11: fffffbfff0742d01 R12: ffff88814988f000
00101 R13: dffffc0000000000 R14: 1ffff110338e4200 R15: 1ffff11029311e0f
00101 FS:  00007fcf7d422940(0000) GS:ffff88831e82d000(0000) knlGS:0000000000000000
00101 CS:  0010 DS: 0000 ES: 0000 CR0: 0000000080050033
00101 CR2: 000055b5e492fb40 CR3: 0000000149d9c000 CR4: 0000000000750eb0
00101 PKRU: 55555554
00101 Call Trace:
00101  <TASK>
00101  ? local_object_create+0x109/0x640 [obdclass]
00101  ? dt_write_lock+0x16d/0x2a0 [obdclass]
00101  ? llog_osd_create+0x356/0x1140 [obdclass]
00101  ? llog_create+0x2ed/0x530 [obdclass]
00101  ? llog_open_create+0x5af/0xb10 [obdclass]
00101  ? llog_test_9_sub+0xd4/0x800 [llog_test]
00101  ? llog_test_9+0x5d5/0x960 [llog_test]
00101  ? llog_run_tests+0x3d64/0x5ac0 [llog_test]
00101  ? get_random_u32+0x51/0x470
00101  ? llog_test_device_init+0x503/0x840 [llog_test]
00101  ? obd_setup+0x559/0x960 [obdclass]
00101  ? class_setup+0xc7d/0x10e0 [obdclass]
00101  ? class_process_config+0x2edb/0x7cb0 [obdclass]
00101  ? class_handle_ioctl+0x2055/0x3590 [obdclass]
00101  ? obd_class_ioctl+0x1f6/0x3c0 [obdclass]
00101  ? __x64_sys_ioctl+0x961/0xe00
00101  ? _copy_to_user+0x3d/0x60
00101  ? __x64_sys_rt_sigaction+0x107/0x140
00101  ? do_syscall_64+0xc1/0x350
00101  ? entry_SYSCALL_64_after_hwframe+0x4b/0x53
00101  </TASK>
00101 ---[ end trace 0000000000000000 ]---
00101 Lustre: 2162:0:(llog_test.c:1576:llog_test_10()) 10a: create a catalog log with name: 44b57a7c
00101 ------------[ cut here ]------------
00101 WARNING: /home/ktest/git/linux/include/linux/fs.h:889 at osd_create+0x9cf/0xcf0 [osd_wbcfs], CPU#8: lctl/2162
00101 Modules linked in: llog_test(O) mgs(O) osd_wbcfs(O) lustre(O) obdecho(O) mgc(O) mdc(O) lov(O) osc(O) lmv(O) ec(O) fid(O) fld(O) ptlrpc(O) efivarfs obdclass(O) ksocklnd(O) lnet(O) libcfs(O)
00101 CPU: 8 UID: 0 PID: 2162 Comm: lctl Tainted: G        W  O        7.0.0-ktest-8595d54-6330a45-20260728-dirty #1 PREEMPT 
00101 Tainted: [W]=WARN, [O]=OOT_MODULE
00101 Hardware name: QEMU Standard PC (Q35 + ICH9, 2009), BIOS 2025.11-3ubuntu7 03/31/2026
00101 RIP: 0010:osd_create+0x9cf/0xcf0 [osd_wbcfs]
00101 Code: c7 c7 00 c6 7b a1 48 c7 c6 a0 42 7d a1 48 c7 c2 00 4c 7d a1 e8 82 dd 43 ff 48 c7 c7 00 c6 7b a1 e8 f6 6a 44 ff e9 fe fc ff ff <0f> 0b e9 a5 fa ff ff 48 c7 c1 80 44 5d a0 80 e1 07 80 c1 03 38 c1
00101 RSP: 0018:ffffc90005b775d8 EFLAGS: 00010246
00101 RAX: 0000000000000000 RBX: ffff88819c720800 RCX: 0000000000000046
00101 RDX: 0000000000000000 RSI: ffff88811a4142a8 RDI: ffff88811fbe4b18
00101 RBP: ffff88811a414218 R08: ffffffff83a16803 R09: 1ffffffff0742d00
00101 R10: dffffc0000000000 R11: fffffbfff0742d01 R12: ffff88814988f000
00101 R13: dffffc0000000000 R14: 1ffff110338e4100 R15: 1ffff11029311e0f
00101 FS:  00007fcf7d422940(0000) GS:ffff88831e82d000(0000) knlGS:0000000000000000
00101 CS:  0010 DS: 0000 ES: 0000 CR0: 0000000080050033
00101 CR2: 000055b5e492fb40 CR3: 0000000149d9c000 CR4: 0000000000750eb0
00101 PKRU: 55555554
00101 Call Trace:
00101  <TASK>
00101  ? local_object_create+0x109/0x640 [obdclass]
00101  ? dt_write_lock+0x16d/0x2a0 [obdclass]
00101  ? llog_osd_create+0x356/0x1140 [obdclass]
00101  ? llog_create+0x2ed/0x530 [obdclass]
00101  ? llog_open_create+0x5af/0xb10 [obdclass]
00101  ? llog_test_10+0x2e1/0x5600 [llog_test]
00101  ? lu_object_put+0xa64/0x1210 [obdclass]
00101  ? do_raw_spin_unlock+0x52/0x230
00101  ? _raw_spin_unlock+0x23/0x40
00101  ? __llog_ctxt_put+0x1c4/0x2f0 [obdclass]
00101  ? llog_run_tests+0x3f45/0x5ac0 [llog_test]
00101  ? get_random_u32+0x51/0x470
00101  ? llog_test_device_init+0x503/0x840 [llog_test]
00101  ? obd_setup+0x559/0x960 [obdclass]
00101  ? class_setup+0xc7d/0x10e0 [obdclass]
00101  ? class_process_config+0x2edb/0x7cb0 [obdclass]
00101  ? class_handle_ioctl+0x2055/0x3590 [obdclass]
00101  ? obd_class_ioctl+0x1f6/0x3c0 [obdclass]
00101  ? __x64_sys_ioctl+0x961/0xe00
00101  ? _copy_to_user+0x3d/0x60
00101  ? __x64_sys_rt_sigaction+0x107/0x140
00101  ? do_syscall_64+0xc1/0x350
00101  ? entry_SYSCALL_64_after_hwframe+0x4b/0x53
00101  </TASK>
00101 ---[ end trace 0000000000000000 ]---
00101 Lustre: 2162:0:(llog_test.c:1608:llog_test_10()) 10b: write 64767 log records
00101 ------------[ cut here ]------------
00101 WARNING: /home/ktest/git/linux/include/linux/fs.h:889 at osd_create+0x9cf/0xcf0 [osd_wbcfs], CPU#8: lctl/2162
00101 Modules linked in: llog_test(O) mgs(O) osd_wbcfs(O) lustre(O) obdecho(O) mgc(O) mdc(O) lov(O) osc(O) lmv(O) ec(O) fid(O) fld(O) ptlrpc(O) efivarfs obdclass(O) ksocklnd(O) lnet(O) libcfs(O)
00101 CPU: 8 UID: 0 PID: 2162 Comm: lctl Tainted: G        W  O        7.0.0-ktest-8595d54-6330a45-20260728-dirty #1 PREEMPT 
00101 Tainted: [W]=WARN, [O]=OOT_MODULE
00101 Hardware name: QEMU Standard PC (Q35 + ICH9, 2009), BIOS 2025.11-3ubuntu7 03/31/2026
00101 RIP: 0010:osd_create+0x9cf/0xcf0 [osd_wbcfs]
00101 Code: c7 c7 00 c6 7b a1 48 c7 c6 a0 42 7d a1 48 c7 c2 00 4c 7d a1 e8 82 dd 43 ff 48 c7 c7 00 c6 7b a1 e8 f6 6a 44 ff e9 fe fc ff ff <0f> 0b e9 a5 fa ff ff 48 c7 c1 80 44 5d a0 80 e1 07 80 c1 03 38 c1
00101 RSP: 0018:ffffc90005b77478 EFLAGS: 00010246
00101 RAX: 0000000000000000 RBX: ffff88819c726000 RCX: 0000000000000046
00101 RDX: 0000000000000000 RSI: ffff88811a413b90 RDI: ffff88811fbe4b40
00101 RBP: ffff88811a413b00 R08: ffffffff83a16803 R09: 1ffffffff0742d00
00101 R10: dffffc0000000000 R11: fffffbfff0742d01 R12: ffff88814988f000
00101 R13: dffffc0000000000 R14: 1ffff110338e4c00 R15: 1ffff11029311e0f
00101 FS:  00007fcf7d422940(0000) GS:ffff88831e82d000(0000) knlGS:0000000000000000
00101 CS:  0010 DS: 0000 ES: 0000 CR0: 0000000080050033
00101 CR2: 000055b5e492fb40 CR3: 0000000149d9c000 CR4: 0000000000750eb0
00101 PKRU: 55555554
00101 Call Trace:
00101  <TASK>
00101  ? local_object_create+0x109/0x640 [obdclass]
00101  ? dt_write_lock+0x16d/0x2a0 [obdclass]
00101  ? llog_osd_create+0x356/0x1140 [obdclass]
00101  ? llog_create+0x2ed/0x530 [obdclass]
00101  ? llog_cat_new_log+0x6c3/0x2bf0 [obdclass]
00101  ? llog_cat_add_rec+0x6ba/0x1960 [obdclass]
00101  ? llog_cat_add+0x451/0x890 [obdclass]
00101  ? llog_test_10+0x91d/0x5600 [llog_test]
00101  ? lu_object_put+0xa64/0x1210 [obdclass]
00101  ? do_raw_spin_unlock+0x52/0x230
00101  ? _raw_spin_unlock+0x23/0x40
00101  ? __llog_ctxt_put+0x1c4/0x2f0 [obdclass]
00101  ? llog_run_tests+0x3f45/0x5ac0 [llog_test]
00101  ? get_random_u32+0x51/0x470
00101  ? llog_test_device_init+0x503/0x840 [llog_test]
00101  ? obd_setup+0x559/0x960 [obdclass]
00101  ? class_setup+0xc7d/0x10e0 [obdclass]
00101  ? class_process_config+0x2edb/0x7cb0 [obdclass]
00101  ? class_handle_ioctl+0x2055/0x3590 [obdclass]
00101  ? obd_class_ioctl+0x1f6/0x3c0 [obdclass]
00101  ? __x64_sys_ioctl+0x961/0xe00
00101  ? _copy_to_user+0x3d/0x60
00101  ? __x64_sys_rt_sigaction+0x107/0x140
00101  ? do_syscall_64+0xc1/0x350
00101  ? entry_SYSCALL_64_after_hwframe+0x4b/0x53
00101  </TASK>
00101 ---[ end trace 0000000000000000 ]---
00105 ------------[ cut here ]------------
00105 WARNING: /home/ktest/git/linux/include/linux/fs.h:889 at osd_create+0x9cf/0xcf0 [osd_wbcfs], CPU#8: lctl/2162
00105 Modules linked in: llog_test(O) mgs(O) osd_wbcfs(O) lustre(O) obdecho(O) mgc(O) mdc(O) lov(O) osc(O) lmv(O) ec(O) fid(O) fld(O) ptlrpc(O) efivarfs obdclass(O) ksocklnd(O) lnet(O) libcfs(O)
00105 CPU: 8 UID: 0 PID: 2162 Comm: lctl Tainted: G        W  O        7.0.0-ktest-8595d54-6330a45-20260728-dirty #1 PREEMPT 
00105 Tainted: [W]=WARN, [O]=OOT_MODULE
00105 Hardware name: QEMU Standard PC (Q35 + ICH9, 2009), BIOS 2025.11-3ubuntu7 03/31/2026
00105 RIP: 0010:osd_create+0x9cf/0xcf0 [osd_wbcfs]
00105 Code: c7 c7 00 c6 7b a1 48 c7 c6 a0 42 7d a1 48 c7 c2 00 4c 7d a1 e8 82 dd 43 ff 48 c7 c7 00 c6 7b a1 e8 f6 6a 44 ff e9 fe fc ff ff <0f> 0b e9 a5 fa ff ff 48 c7 c1 80 44 5d a0 80 e1 07 80 c1 03 38 c1
00105 RSP: 0018:ffffc90005b77478 EFLAGS: 00010246
00105 RAX: 0000000000000000 RBX: ffff88819c725800 RCX: 0000000000000046
00105 RDX: 0000000000000000 RSI: ffff88811a413478 RDI: ffff88811fbe4b40
00105 RBP: ffff88811a4133e8 R08: ffffffff83a16803 R09: 1ffffffff0742d00
00105 R10: dffffc0000000000 R11: fffffbfff0742d01 R12: ffff88814988f000
00105 R13: dffffc0000000000 R14: 1ffff110338e4b00 R15: 1ffff11029311e0f
00105 FS:  00007fcf7d422940(0000) GS:ffff88831e82d000(0000) knlGS:0000000000000000
00105 CS:  0010 DS: 0000 ES: 0000 CR0: 0000000080050033
00105 CR2: 000055b5e492fb40 CR3: 0000000149d9c000 CR4: 0000000000750eb0
00105 PKRU: 55555554
00105 Call Trace:
00105  <TASK>
00105  ? local_object_create+0x109/0x640 [obdclass]
00105  ? dt_write_lock+0x16d/0x2a0 [obdclass]
00105  ? llog_osd_create+0x356/0x1140 [obdclass]
00105  ? llog_create+0x2ed/0x530 [obdclass]
00105  ? llog_cat_new_log+0x6c3/0x2bf0 [obdclass]
00105  ? llog_cat_add_rec+0x6ba/0x1960 [obdclass]
00105  ? llog_cat_add+0x451/0x890 [obdclass]
00105  ? llog_test_10+0x91d/0x5600 [llog_test]
00105  ? lu_object_put+0xa64/0x1210 [obdclass]
00105  ? do_raw_spin_unlock+0x52/0x230
00105  ? _raw_spin_unlock+0x23/0x40
00105  ? __llog_ctxt_put+0x1c4/0x2f0 [obdclass]
00105  ? llog_run_tests+0x3f45/0x5ac0 [llog_test]
00105  ? get_random_u32+0x51/0x470
00105  ? llog_test_device_init+0x503/0x840 [llog_test]
00105  ? obd_setup+0x559/0x960 [obdclass]
00105  ? class_setup+0xc7d/0x10e0 [obdclass]
00105  ? class_process_config+0x2edb/0x7cb0 [obdclass]
00105  ? class_handle_ioctl+0x2055/0x3590 [obdclass]
00105  ? obd_class_ioctl+0x1f6/0x3c0 [obdclass]
00105  ? __x64_sys_ioctl+0x961/0xe00
00105  ? _copy_to_user+0x3d/0x60
00105  ? __x64_sys_rt_sigaction+0x107/0x140
00105  ? do_syscall_64+0xc1/0x350
00105  ? entry_SYSCALL_64_after_hwframe+0x4b/0x53
00105  </TASK>
00105 ---[ end trace 0000000000000000 ]---
00105 Lustre: 2162:0:(llog_test.c:1634:llog_test_10()) 10c: write 129534 more log records
00108 ------------[ cut here ]------------
00108 WARNING: /home/ktest/git/linux/include/linux/fs.h:889 at osd_create+0x9cf/0xcf0 [osd_wbcfs], CPU#8: lctl/2162
00108 Modules linked in: llog_test(O) mgs(O) osd_wbcfs(O) lustre(O) obdecho(O) mgc(O) mdc(O) lov(O) osc(O) lmv(O) ec(O) fid(O) fld(O) ptlrpc(O) efivarfs obdclass(O) ksocklnd(O) lnet(O) libcfs(O)
00108 CPU: 8 UID: 0 PID: 2162 Comm: lctl Tainted: G        W  O        7.0.0-ktest-8595d54-6330a45-20260728-dirty #1 PREEMPT 
00108 Tainted: [W]=WARN, [O]=OOT_MODULE
00108 Hardware name: QEMU Standard PC (Q35 + ICH9, 2009), BIOS 2025.11-3ubuntu7 03/31/2026
00108 RIP: 0010:osd_create+0x9cf/0xcf0 [osd_wbcfs]
00108 Code: c7 c7 00 c6 7b a1 48 c7 c6 a0 42 7d a1 48 c7 c2 00 4c 7d a1 e8 82 dd 43 ff 48 c7 c7 00 c6 7b a1 e8 f6 6a 44 ff e9 fe fc ff ff <0f> 0b e9 a5 fa ff ff 48 c7 c1 80 44 5d a0 80 e1 07 80 c1 03 38 c1
00108 RSP: 0018:ffffc90005b77478 EFLAGS: 00010246
00108 RAX: 0000000000000000 RBX: ffff888266605400 RCX: 0000000000000046
00108 RDX: 0000000000000000 RSI: ffff88811a412d60 RDI: ffff88811fbe4b40
00108 RBP: ffff88811a412cd0 R08: ffffffff83a16803 R09: 1ffffffff0742d00
00108 R10: dffffc0000000000 R11: fffffbfff0742d01 R12: ffff88814988f000
00108 R13: dffffc0000000000 R14: 1ffff1104ccc0a80 R15: 1ffff11029311e0f
00108 FS:  00007fcf7d422940(0000) GS:ffff88831e82d000(0000) knlGS:0000000000000000
00108 CS:  0010 DS: 0000 ES: 0000 CR0: 0000000080050033
00108 CR2: 000055b5e492fb40 CR3: 0000000149d9c000 CR4: 0000000000750eb0
00108 PKRU: 55555554
00108 Call Trace:
00108  <TASK>
00108  ? local_object_create+0x109/0x640 [obdclass]
00108  ? dt_write_lock+0x16d/0x2a0 [obdclass]
00108  ? llog_osd_create+0x356/0x1140 [obdclass]
00108  ? llog_create+0x2ed/0x530 [obdclass]
00108  ? llog_cat_new_log+0x6c3/0x2bf0 [obdclass]
00108  ? llog_cat_add_rec+0x6ba/0x1960 [obdclass]
00108  ? llog_cat_add+0x451/0x890 [obdclass]
00108  ? llog_test_10+0xbd3/0x5600 [llog_test]
00108  ? lu_object_put+0xa64/0x1210 [obdclass]
00108  ? do_raw_spin_unlock+0x52/0x230
00108  ? _raw_spin_unlock+0x23/0x40
00108  ? __llog_ctxt_put+0x1c4/0x2f0 [obdclass]
00108  ? llog_run_tests+0x3f45/0x5ac0 [llog_test]
00108  ? get_random_u32+0x51/0x470
00108  ? llog_test_device_init+0x503/0x840 [llog_test]
00108  ? obd_setup+0x559/0x960 [obdclass]
00108  ? class_setup+0xc7d/0x10e0 [obdclass]
00108  ? class_process_config+0x2edb/0x7cb0 [obdclass]
00108  ? class_handle_ioctl+0x2055/0x3590 [obdclass]
00108  ? obd_class_ioctl+0x1f6/0x3c0 [obdclass]
00108  ? __x64_sys_ioctl+0x961/0xe00
00108  ? _copy_to_user+0x3d/0x60
00108  ? __x64_sys_rt_sigaction+0x107/0x140
00108  ? do_syscall_64+0xc1/0x350
00108  ? entry_SYSCALL_64_after_hwframe+0x4b/0x53
00108  </TASK>
00108 ---[ end trace 0000000000000000 ]---
00111 ------------[ cut here ]------------
00111 WARNING: /home/ktest/git/linux/include/linux/fs.h:889 at osd_create+0x9cf/0xcf0 [osd_wbcfs], CPU#8: lctl/2162
00111 Modules linked in: llog_test(O) mgs(O) osd_wbcfs(O) lustre(O) obdecho(O) mgc(O) mdc(O) lov(O) osc(O) lmv(O) ec(O) fid(O) fld(O) ptlrpc(O) efivarfs obdclass(O) ksocklnd(O) lnet(O) libcfs(O)
00111 CPU: 8 UID: 0 PID: 2162 Comm: lctl Tainted: G        W  O        7.0.0-ktest-8595d54-6330a45-20260728-dirty #1 PREEMPT 
00111 Tainted: [W]=WARN, [O]=OOT_MODULE
00111 Hardware name: QEMU Standard PC (Q35 + ICH9, 2009), BIOS 2025.11-3ubuntu7 03/31/2026
00111 RIP: 0010:osd_create+0x9cf/0xcf0 [osd_wbcfs]
00111 Code: c7 c7 00 c6 7b a1 48 c7 c6 a0 42 7d a1 48 c7 c2 00 4c 7d a1 e8 82 dd 43 ff 48 c7 c7 00 c6 7b a1 e8 f6 6a 44 ff e9 fe fc ff ff <0f> 0b e9 a5 fa ff ff 48 c7 c1 80 44 5d a0 80 e1 07 80 c1 03 38 c1
00111 RSP: 0018:ffffc90005b77478 EFLAGS: 00010246
00111 RAX: 0000000000000000 RBX: ffff888273d12000 RCX: 0000000000000046
00111 RDX: 0000000000000000 RSI: ffff888280ddd0d8 RDI: ffff88811fbe4b40
00111 RBP: ffff888280ddd048 R08: ffffffff83a16803 R09: 1ffffffff0742d00
00111 R10: dffffc0000000000 R11: fffffbfff0742d01 R12: ffff88814988f000
00111 R13: dffffc0000000000 R14: 1ffff1104e7a2400 R15: 1ffff11029311e0f
00111 FS:  00007fcf7d422940(0000) GS:ffff88831e82d000(0000) knlGS:0000000000000000
00111 CS:  0010 DS: 0000 ES: 0000 CR0: 0000000080050033
00111 CR2: 000055b5e492fb40 CR3: 0000000149d9c000 CR4: 0000000000750eb0
00111 PKRU: 55555554
00111 Call Trace:
00111  <TASK>
00111  ? local_object_create+0x109/0x640 [obdclass]
00111  ? dt_write_lock+0x16d/0x2a0 [obdclass]
00111  ? llog_osd_create+0x356/0x1140 [obdclass]
00111  ? llog_create+0x2ed/0x530 [obdclass]
00111  ? llog_cat_new_log+0x6c3/0x2bf0 [obdclass]
00111  ? llog_cat_add_rec+0x6ba/0x1960 [obdclass]
00111  ? llog_cat_add+0x451/0x890 [obdclass]
00111  ? llog_test_10+0xbd3/0x5600 [llog_test]
00111  ? lu_object_put+0xa64/0x1210 [obdclass]
00111  ? do_raw_spin_unlock+0x52/0x230
00111  ? _raw_spin_unlock+0x23/0x40
00111  ? __llog_ctxt_put+0x1c4/0x2f0 [obdclass]
00111  ? llog_run_tests+0x3f45/0x5ac0 [llog_test]
00111  ? get_random_u32+0x51/0x470
00111  ? llog_test_device_init+0x503/0x840 [llog_test]
00111  ? obd_setup+0x559/0x960 [obdclass]
00111  ? class_setup+0xc7d/0x10e0 [obdclass]
00111  ? class_process_config+0x2edb/0x7cb0 [obdclass]
00111  ? class_handle_ioctl+0x2055/0x3590 [obdclass]
00111  ? obd_class_ioctl+0x1f6/0x3c0 [obdclass]
00111  ? __x64_sys_ioctl+0x961/0xe00
00111  ? _copy_to_user+0x3d/0x60
00111  ? __x64_sys_rt_sigaction+0x107/0x140
00111  ? do_syscall_64+0xc1/0x350
00111  ? entry_SYSCALL_64_after_hwframe+0x4b/0x53
00111  </TASK>
00111 ---[ end trace 0000000000000000 ]---
00111 Lustre: 2162:0:(llog_test.c:1666:llog_test_10()) 10c: write 64767 more log records
00116 Lustre: 2162:0:(llog_cat.c:80:llog_cat_new_log()) MGS: there are no more free slots in catalog 44b57a7c
00116 LustreError: 2162:0:(llog_cat.c:593:llog_cat_add_rec()) MGS: initialization error: rc = -28
00116 Lustre: 2162:0:(llog_test.c:1692:llog_test_10()) 10c: wrote 64011 records then 756 failed with ENOSPC
00116 Lustre: 2162:0:(llog_test.c:1711:llog_test_10()) 10d: Cancel 64767 records, see one log zapped
00118 Lustre: 2162:0:(llog_test.c:1725:llog_test_10()) 10d: print the catalog entries.. we expect 3
00118 Lustre: 2185:0:(llog_test.c:700:cat_print_cb()) seeing record at index 2 - [0x1:0x19:0x0] in log [0xa:0x5:0x0]
00118 Lustre: 2162:0:(llog_test.c:1755:llog_test_10()) 10e: write 64767 more log records
00118 ------------[ cut here ]------------
00118 WARNING: /home/ktest/git/linux/include/linux/fs.h:889 at osd_create+0x9cf/0xcf0 [osd_wbcfs], CPU#8: lctl/2162
00118 Modules linked in: llog_test(O) mgs(O) osd_wbcfs(O) lustre(O) obdecho(O) mgc(O) mdc(O) lov(O) osc(O) lmv(O) ec(O) fid(O) fld(O) ptlrpc(O) efivarfs obdclass(O) ksocklnd(O) lnet(O) libcfs(O)
00118 CPU: 8 UID: 0 PID: 2162 Comm: lctl Tainted: G        W  O        7.0.0-ktest-8595d54-6330a45-20260728-dirty #1 PREEMPT 
00118 Tainted: [W]=WARN, [O]=OOT_MODULE
00118 Hardware name: QEMU Standard PC (Q35 + ICH9, 2009), BIOS 2025.11-3ubuntu7 03/31/2026
00118 RIP: 0010:osd_create+0x9cf/0xcf0 [osd_wbcfs]
00118 Code: c7 c7 00 c6 7b a1 48 c7 c6 a0 42 7d a1 48 c7 c2 00 4c 7d a1 e8 82 dd 43 ff 48 c7 c7 00 c6 7b a1 e8 f6 6a 44 ff e9 fe fc ff ff <0f> 0b e9 a5 fa ff ff 48 c7 c1 80 44 5d a0 80 e1 07 80 c1 03 38 c1
00118 RSP: 0018:ffffc90005b77478 EFLAGS: 00010246
00118 RAX: 0000000000000000 RBX: ffff8881367e4400 RCX: 0000000000000046
00118 RDX: 0000000000000000 RSI: ffff888280ddc9c0 RDI: ffff88811fbe4b40
00118 RBP: ffff888280ddc930 R08: ffffffff83a16803 R09: 1ffffffff0742d00
00118 R10: dffffc0000000000 R11: fffffbfff0742d01 R12: ffff88814988f000
00118 R13: dffffc0000000000 R14: 1ffff11026cfc880 R15: 1ffff11029311e0f
00118 FS:  00007fcf7d422940(0000) GS:ffff88831e82d000(0000) knlGS:0000000000000000
00118 CS:  0010 DS: 0000 ES: 0000 CR0: 0000000080050033
00118 CR2: 000055b5e492fb40 CR3: 0000000149d9c000 CR4: 0000000000750eb0
00118 PKRU: 55555554
00118 Call Trace:
00118  <TASK>
00118  ? local_object_create+0x109/0x640 [obdclass]
00118  ? dt_write_lock+0x16d/0x2a0 [obdclass]
00118  ? llog_osd_create+0x356/0x1140 [obdclass]
00118  ? llog_create+0x2ed/0x530 [obdclass]
00118  ? llog_cat_new_log+0x6c3/0x2bf0 [obdclass]
00118  ? llog_cat_add_rec+0x6ba/0x1960 [obdclass]
00118  ? llog_cat_add+0x451/0x890 [obdclass]
00118  ? llog_test_10+0x19aa/0x5600 [llog_test]
00118  ? lu_object_put+0xa64/0x1210 [obdclass]
00118  ? do_raw_spin_unlock+0x52/0x230
00118  ? _raw_spin_unlock+0x23/0x40
00118  ? __llog_ctxt_put+0x1c4/0x2f0 [obdclass]
00118  ? llog_run_tests+0x3f45/0x5ac0 [llog_test]
00118  ? get_random_u32+0x51/0x470
00118  ? llog_test_device_init+0x503/0x840 [llog_test]
00118  ? obd_setup+0x559/0x960 [obdclass]
00118  ? class_setup+0xc7d/0x10e0 [obdclass]
00118  ? class_process_config+0x2edb/0x7cb0 [obdclass]
00118  ? class_handle_ioctl+0x2055/0x3590 [obdclass]
00118  ? obd_class_ioctl+0x1f6/0x3c0 [obdclass]
00118  ? __x64_sys_ioctl+0x961/0xe00
00118  ? _copy_to_user+0x3d/0x60
00118  ? __x64_sys_rt_sigaction+0x107/0x140
00118  ? do_syscall_64+0xc1/0x350
00118  ? entry_SYSCALL_64_after_hwframe+0x4b/0x53
00118  </TASK>
00118 ---[ end trace 0000000000000000 ]---
00122 Lustre: 2162:0:(llog_cat.c:80:llog_cat_new_log()) MGS: there are no more free slots in catalog 44b57a7c
00122 Lustre: 2162:0:(llog_cat.c:80:llog_cat_new_log()) Skipped 755 previous similar messages
00122 LustreError: 2162:0:(llog_cat.c:593:llog_cat_add_rec()) MGS: initialization error: rc = -28
00122 LustreError: 2162:0:(llog_cat.c:593:llog_cat_add_rec()) Skipped 755 previous similar messages
00122 Lustre: 2162:0:(llog_test.c:1781:llog_test_10()) 10e: wrote 64578 records then 189 failed with ENOSPC
00122 Lustre: 2162:0:(llog_test.c:1783:llog_test_10()) 10e: print the catalog entries.. we expect 4
00122 Lustre: 2162:0:(llog_cat.c:984:llog_cat_process_or_fork()) MGS: catlog [0xa:0x5:0x0] crosses index zero
00122 Lustre: 2162:0:(llog_test.c:700:cat_print_cb()) seeing record at index 2 - [0x1:0x19:0x0] in log [0xa:0x5:0x0]
00122 Lustre: 2162:0:(llog_test.c:700:cat_print_cb()) Skipped 2 previous similar messages
00122 Lustre: 2162:0:(llog_test.c:1819:llog_test_10()) 10e: catalog successfully wrap around, last_idx 1, first 1
00122 Lustre: 2162:0:(llog_test.c:1836:llog_test_10()) 10f: Cancel 64767 records, see one log zapped
00124 Lustre: 2162:0:(llog_test.c:1850:llog_test_10()) 10f: print the catalog entries.. we expect 3
00124 Lustre: 2162:0:(llog_cat.c:984:llog_cat_process_or_fork()) MGS: catlog [0xa:0x5:0x0] crosses index zero
00124 Lustre: 2162:0:(llog_cat.c:984:llog_cat_process_or_fork()) Skipped 1 previous similar message
00124 Lustre: 2162:0:(llog_test.c:1881:llog_test_10()) 10f: write 64767 more log records
00124 ------------[ cut here ]------------
00124 WARNING: /home/ktest/git/linux/include/linux/fs.h:889 at osd_create+0x9cf/0xcf0 [osd_wbcfs], CPU#8: lctl/2162
00124 Modules linked in: llog_test(O) mgs(O) osd_wbcfs(O) lustre(O) obdecho(O) mgc(O) mdc(O) lov(O) osc(O) lmv(O) ec(O) fid(O) fld(O) ptlrpc(O) efivarfs obdclass(O) ksocklnd(O) lnet(O) libcfs(O)
00124 CPU: 8 UID: 0 PID: 2162 Comm: lctl Tainted: G        W  O        7.0.0-ktest-8595d54-6330a45-20260728-dirty #1 PREEMPT 
00124 Tainted: [W]=WARN, [O]=OOT_MODULE
00124 Hardware name: QEMU Standard PC (Q35 + ICH9, 2009), BIOS 2025.11-3ubuntu7 03/31/2026
00124 RIP: 0010:osd_create+0x9cf/0xcf0 [osd_wbcfs]
00124 Code: c7 c7 00 c6 7b a1 48 c7 c6 a0 42 7d a1 48 c7 c2 00 4c 7d a1 e8 82 dd 43 ff 48 c7 c7 00 c6 7b a1 e8 f6 6a 44 ff e9 fe fc ff ff <0f> 0b e9 a5 fa ff ff 48 c7 c1 80 44 5d a0 80 e1 07 80 c1 03 38 c1
00124 RSP: 0018:ffffc90005b77478 EFLAGS: 00010246
00124 RAX: 0000000000000000 RBX: ffff88828e439800 RCX: 0000000000000046
00124 RDX: 0000000000000000 RSI: ffff888280ddc2a8 RDI: ffff88811fbe4b40
00124 RBP: ffff888280ddc218 R08: ffffffff83a16803 R09: 1ffffffff0742d00
00124 R10: dffffc0000000000 R11: fffffbfff0742d01 R12: ffff88814988f000
00124 R13: dffffc0000000000 R14: 1ffff11051c87300 R15: 1ffff11029311e0f
00124 FS:  00007fcf7d422940(0000) GS:ffff88831e82d000(0000) knlGS:0000000000000000
00124 CS:  0010 DS: 0000 ES: 0000 CR0: 0000000080050033
00124 CR2: 000055b5e492fb40 CR3: 0000000149d9c000 CR4: 0000000000750eb0
00124 PKRU: 55555554
00124 Call Trace:
00124  <TASK>
00124  ? local_object_create+0x109/0x640 [obdclass]
00124  ? dt_write_lock+0x16d/0x2a0 [obdclass]
00124  ? llog_osd_create+0x356/0x1140 [obdclass]
00124  ? llog_create+0x2ed/0x530 [obdclass]
00124  ? llog_cat_new_log+0x6c3/0x2bf0 [obdclass]
00124  ? llog_cat_add_rec+0x6ba/0x1960 [obdclass]
00124  ? llog_cat_add+0x451/0x890 [obdclass]
00124  ? llog_test_10+0x2c5e/0x5600 [llog_test]
00124  ? lu_object_put+0xa64/0x1210 [obdclass]
00124  ? do_raw_spin_unlock+0x52/0x230
00124  ? _raw_spin_unlock+0x23/0x40
00124  ? __llog_ctxt_put+0x1c4/0x2f0 [obdclass]
00124  ? llog_run_tests+0x3f45/0x5ac0 [llog_test]
00124  ? get_random_u32+0x51/0x470
00124  ? llog_test_device_init+0x503/0x840 [llog_test]
00124  ? obd_setup+0x559/0x960 [obdclass]
00124  ? class_setup+0xc7d/0x10e0 [obdclass]
00124  ? class_process_config+0x2edb/0x7cb0 [obdclass]
00124  ? class_handle_ioctl+0x2055/0x3590 [obdclass]
00124  ? obd_class_ioctl+0x1f6/0x3c0 [obdclass]
00124  ? __x64_sys_ioctl+0x961/0xe00
00124  ? _copy_to_user+0x3d/0x60
00124  ? __x64_sys_rt_sigaction+0x107/0x140
00124  ? do_syscall_64+0xc1/0x350
00124  ? entry_SYSCALL_64_after_hwframe+0x4b/0x53
00124  </TASK>
00124 ---[ end trace 0000000000000000 ]---
00127 Lustre: 2162:0:(llog_cat.c:80:llog_cat_new_log()) MGS: there are no more free slots in catalog 44b57a7c
00127 Lustre: 2162:0:(llog_cat.c:80:llog_cat_new_log()) Skipped 188 previous similar messages
00127 LustreError: 2162:0:(llog_cat.c:593:llog_cat_add_rec()) MGS: initialization error: rc = -28
00127 LustreError: 2162:0:(llog_cat.c:593:llog_cat_add_rec()) Skipped 188 previous similar messages
00127 Lustre: 2162:0:(llog_test.c:1907:llog_test_10()) 10f: wrote 64578 records then 189 failed with ENOSPC
00127 Lustre: 2162:0:(llog_test.c:1953:llog_test_10()) 10g: Cancel 64767 records, see one log zapped
00127 Lustre: 2162:0:(llog_cat.c:984:llog_cat_process_or_fork()) MGS: catlog [0xa:0x5:0x0] crosses index zero
00130 Lustre: 2162:0:(llog_test.c:1965:llog_test_10()) 10g: print the catalog entries.. we expect 3
00130 Lustre: 2162:0:(llog_cat.c:984:llog_cat_process_or_fork()) MGS: catlog [0xa:0x5:0x0] crosses index zero
00130 Lustre: 2162:0:(llog_test.c:700:cat_print_cb()) seeing record at index 4 - [0x1:0x1b:0x0] in log [0xa:0x5:0x0]
00130 Lustre: 2162:0:(llog_test.c:700:cat_print_cb()) Skipped 6 previous similar messages
00130 Lustre: 2162:0:(llog_test.c:1995:llog_test_10()) 10g: Cancel 64767 records, see one log zapped
00132 Lustre: 2162:0:(llog_test.c:2009:llog_test_10()) 10g: print the catalog entries.. we expect 2
00132 Lustre: 2162:0:(llog_test.c:2047:llog_test_10()) 10g: Cancel 64767 records, see one log zapped
00135 Lustre: 2162:0:(llog_test.c:2061:llog_test_10()) 10g: print the catalog entries.. we expect 1
00135 Lustre: 2162:0:(llog_test.c:2087:llog_test_10()) 10g: llh_cat_idx has also successfully wrapped!
00135 Lustre: 2187:0:(llog_test.c:1535:cat_check_old_cb()) seeing record at index 2 - [0x1:0x1d:0x0] in log [0xa:0x5:0x0]
00135 Lustre: 2162:0:(llog_test.c:2111:llog_test_10()) 10h: write 64767 more log records
00135 ------------[ cut here ]------------
00135 WARNING: /home/ktest/git/linux/include/linux/fs.h:889 at osd_create+0x9cf/0xcf0 [osd_wbcfs], CPU#8: lctl/2162
00135 Modules linked in: llog_test(O) mgs(O) osd_wbcfs(O) lustre(O) obdecho(O) mgc(O) mdc(O) lov(O) osc(O) lmv(O) ec(O) fid(O) fld(O) ptlrpc(O) efivarfs obdclass(O) ksocklnd(O) lnet(O) libcfs(O)
00135 CPU: 8 UID: 0 PID: 2162 Comm: lctl Tainted: G        W  O        7.0.0-ktest-8595d54-6330a45-20260728-dirty #1 PREEMPT 
00135 Tainted: [W]=WARN, [O]=OOT_MODULE
00135 Hardware name: QEMU Standard PC (Q35 + ICH9, 2009), BIOS 2025.11-3ubuntu7 03/31/2026
00135 RIP: 0010:osd_create+0x9cf/0xcf0 [osd_wbcfs]
00135 Code: c7 c7 00 c6 7b a1 48 c7 c6 a0 42 7d a1 48 c7 c2 00 4c 7d a1 e8 82 dd 43 ff 48 c7 c7 00 c6 7b a1 e8 f6 6a 44 ff e9 fe fc ff ff <0f> 0b e9 a5 fa ff ff 48 c7 c1 80 44 5d a0 80 e1 07 80 c1 03 38 c1
00135 RSP: 0018:ffffc90005b77478 EFLAGS: 00010246
00135 RAX: 0000000000000000 RBX: ffff888074a09400 RCX: 0000000000000046
00135 RDX: 0000000000000000 RSI: ffff888280ddbb90 RDI: ffff88811fbe4b40
00135 RBP: ffff888280ddbb00 R08: ffffffff83a16803 R09: 1ffffffff0742d00
00135 R10: dffffc0000000000 R11: fffffbfff0742d01 R12: ffff88814988f000
00135 R13: dffffc0000000000 R14: 1ffff1100e941280 R15: 1ffff11029311e0f
00135 FS:  00007fcf7d422940(0000) GS:ffff88831e82d000(0000) knlGS:0000000000000000
00135 CS:  0010 DS: 0000 ES: 0000 CR0: 0000000080050033
00135 CR2: 000055b5e492fb40 CR3: 0000000149d9c000 CR4: 0000000000750eb0
00135 PKRU: 55555554
00135 Call Trace:
00135  <TASK>
00135  ? local_object_create+0x109/0x640 [obdclass]
00135  ? dt_write_lock+0x16d/0x2a0 [obdclass]
00135  ? llog_osd_create+0x356/0x1140 [obdclass]
00135  ? llog_create+0x2ed/0x530 [obdclass]
00135  ? llog_cat_new_log+0x6c3/0x2bf0 [obdclass]
00135  ? llog_cat_add_rec+0x6ba/0x1960 [obdclass]
00135  ? llog_cat_add+0x451/0x890 [obdclass]
00135  ? llog_test_10+0x50f8/0x5600 [llog_test]
00135  ? llog_test_9_sub+0x800/0x800 [llog_test]
00135  ? llog_run_tests+0x3f45/0x5ac0 [llog_test]
00135  ? get_random_u32+0x51/0x470
00135  ? llog_test_device_init+0x503/0x840 [llog_test]
00135  ? obd_setup+0x559/0x960 [obdclass]
00135  ? class_setup+0xc7d/0x10e0 [obdclass]
00135  ? class_process_config+0x2edb/0x7cb0 [obdclass]
00135  ? class_handle_ioctl+0x2055/0x3590 [obdclass]
00135  ? obd_class_ioctl+0x1f6/0x3c0 [obdclass]
00135  ? __x64_sys_ioctl+0x961/0xe00
00135  ? _copy_to_user+0x3d/0x60
00135  ? __x64_sys_rt_sigaction+0x107/0x140
00135  ? do_syscall_64+0xc1/0x350
00135  ? entry_SYSCALL_64_after_hwframe+0x4b/0x53
00135  </TASK>
00135 ---[ end trace 0000000000000000 ]---
00135 LustreError: 2162:0:(llog_osd.c:684:llog_osd_write_rec()) cfs_race id 1317 sleeping
00136 LustreError: 2187:0:(llog.c:690:llog_process_thread()) cfs_fail_race id 1317 waking
00136 LustreError: 2162:0:(llog_osd.c:684:llog_osd_write_rec()) cfs_fail_race id 1317 awake: rc=448
00137 LustreError: 2187:0:(llog.c:690:llog_process_thread()) cfs_fail_race id 1317 waking
00137 Lustre: 2187:0:(llog_test.c:1535:cat_check_old_cb()) seeing record at index 3 - [0x1:0x1e:0x0] in log [0xa:0x5:0x0]
00140 ------------[ cut here ]------------
00140 WARNING: /home/ktest/git/linux/include/linux/fs.h:889 at osd_create+0x9cf/0xcf0 [osd_wbcfs], CPU#6: lctl/2162
00140 Modules linked in: llog_test(O) mgs(O) osd_wbcfs(O) lustre(O) obdecho(O) mgc(O) mdc(O) lov(O) osc(O) lmv(O) ec(O) fid(O) fld(O) ptlrpc(O) efivarfs obdclass(O) ksocklnd(O) lnet(O) libcfs(O)
00140 CPU: 6 UID: 0 PID: 2162 Comm: lctl Tainted: G        W  O        7.0.0-ktest-8595d54-6330a45-20260728-dirty #1 PREEMPT 
00140 Tainted: [W]=WARN, [O]=OOT_MODULE
00140 Hardware name: QEMU Standard PC (Q35 + ICH9, 2009), BIOS 2025.11-3ubuntu7 03/31/2026
00140 RIP: 0010:osd_create+0x9cf/0xcf0 [osd_wbcfs]
00140 Code: c7 c7 00 c6 7b a1 48 c7 c6 a0 42 7d a1 48 c7 c2 00 4c 7d a1 e8 82 dd 43 ff 48 c7 c7 00 c6 7b a1 e8 f6 6a 44 ff e9 fe fc ff ff <0f> 0b e9 a5 fa ff ff 48 c7 c1 80 44 5d a0 80 e1 07 80 c1 03 38 c1
00140 RSP: 0018:ffffc90005b77478 EFLAGS: 00010246
00140 RAX: 0000000000000000 RBX: ffff8880138e3400 RCX: 0000000000000046
00140 RDX: 0000000000000000 RSI: ffff88819cd82648 RDI: ffff88811fbe4b40
00140 RBP: ffff88819cd825b8 R08: ffffffff83a16803 R09: 1ffffffff0742d00
00140 R10: dffffc0000000000 R11: fffffbfff0742d01 R12: ffff88814988f000
00140 R13: dffffc0000000000 R14: 1ffff1100271c680 R15: 1ffff11029311e0f
00140 FS:  00007fcf7d422940(0000) GS:ffff88831e72d000(0000) knlGS:0000000000000000
00140 CS:  0010 DS: 0000 ES: 0000 CR0: 0000000080050033
00140 CR2: 00007ffdb73d3dc8 CR3: 0000000149d9c000 CR4: 0000000000750eb0
00140 PKRU: 55555554
00140 Call Trace:
00140  <TASK>
00140  ? local_object_create+0x109/0x640 [obdclass]
00140  ? dt_write_lock+0x16d/0x2a0 [obdclass]
00140  ? llog_osd_create+0x356/0x1140 [obdclass]
00140  ? llog_create+0x2ed/0x530 [obdclass]
00140  ? llog_cat_new_log+0x6c3/0x2bf0 [obdclass]
00140  ? llog_cat_add_rec+0x6ba/0x1960 [obdclass]
00140  ? llog_cat_add+0x451/0x890 [obdclass]
00140  ? llog_test_10+0x50f8/0x5600 [llog_test]
00140  ? llog_test_9_sub+0x800/0x800 [llog_test]
00140  ? llog_run_tests+0x3f45/0x5ac0 [llog_test]
00140  ? get_random_u32+0x51/0x470
00140  ? llog_test_device_init+0x503/0x840 [llog_test]
00140  ? obd_setup+0x559/0x960 [obdclass]
00140  ? class_setup+0xc7d/0x10e0 [obdclass]
00140  ? class_process_config+0x2edb/0x7cb0 [obdclass]
00140  ? class_handle_ioctl+0x2055/0x3590 [obdclass]
00140  ? obd_class_ioctl+0x1f6/0x3c0 [obdclass]
00140  ? __x64_sys_ioctl+0x961/0xe00
00140  ? _copy_to_user+0x3d/0x60
00140  ? __x64_sys_rt_sigaction+0x107/0x140
00140  ? do_syscall_64+0xc1/0x350
00140  ? entry_SYSCALL_64_after_hwframe+0x4b/0x53
00140  </TASK>
00140 ---[ end trace 0000000000000000 ]---
00140 LustreError: 2162:0:(llog_osd.c:684:llog_osd_write_rec()) cfs_fail_race id 1317 waking
00141 Lustre: 2162:0:(llog_test.c:2137:llog_test_10()) 10h: wrote 64767 records then 0 failed with ENOSPC
00141 Lustre: 2162:0:(llog_test.c:2150:llog_test_10()) 10: put newly-created catalog
00141 Lustre: 2162:0:(llog_test.c:2180:llog_test_11()) 11: create a plain nameless log
00141 ------------[ cut here ]------------
00141 WARNING: /home/ktest/git/linux/include/linux/fs.h:889 at osd_create+0x9cf/0xcf0 [osd_wbcfs], CPU#6: lctl/2162
00141 Modules linked in: llog_test(O) mgs(O) osd_wbcfs(O) lustre(O) obdecho(O) mgc(O) mdc(O) lov(O) osc(O) lmv(O) ec(O) fid(O) fld(O) ptlrpc(O) efivarfs obdclass(O) ksocklnd(O) lnet(O) libcfs(O)
00141 CPU: 6 UID: 0 PID: 2162 Comm: lctl Tainted: G        W  O        7.0.0-ktest-8595d54-6330a45-20260728-dirty #1 PREEMPT 
00141 Tainted: [W]=WARN, [O]=OOT_MODULE
00141 Hardware name: QEMU Standard PC (Q35 + ICH9, 2009), BIOS 2025.11-3ubuntu7 03/31/2026
00141 RIP: 0010:osd_create+0x9cf/0xcf0 [osd_wbcfs]
00141 Code: c7 c7 00 c6 7b a1 48 c7 c6 a0 42 7d a1 48 c7 c2 00 4c 7d a1 e8 82 dd 43 ff 48 c7 c7 00 c6 7b a1 e8 f6 6a 44 ff e9 fe fc ff ff <0f> 0b e9 a5 fa ff ff 48 c7 c1 80 44 5d a0 80 e1 07 80 c1 03 38 c1
00141 RSP: 0018:ffffc90005b77680 EFLAGS: 00010246
00141 RAX: 0000000000000000 RBX: ffff888035349800 RCX: 0000000000000046
00141 RDX: 0000000000000000 RSI: ffff88819cd81f30 RDI: ffff88811fbe4b18
00141 RBP: ffff88819cd81ea0 R08: ffffffff83a16803 R09: 1ffffffff0742d00
00141 R10: dffffc0000000000 R11: fffffbfff0742d01 R12: ffff88814988f000
00141 R13: dffffc0000000000 R14: 1ffff11006a69300 R15: 1ffff11029311e0f
00141 FS:  00007fcf7d422940(0000) GS:ffff88831e72d000(0000) knlGS:0000000000000000
00141 CS:  0010 DS: 0000 ES: 0000 CR0: 0000000080050033
00141 CR2: 00007ffdb73d3dc8 CR3: 0000000149d9c000 CR4: 0000000000750eb0
00141 PKRU: 55555554
00141 Call Trace:
00141  <TASK>
00141  ? local_object_create+0x109/0x640 [obdclass]
00141  ? dt_write_lock+0x16d/0x2a0 [obdclass]
00141  ? llog_osd_create+0x356/0x1140 [obdclass]
00141  ? llog_create+0x2ed/0x530 [obdclass]
00141  ? llog_open_create+0x5af/0xb10 [obdclass]
00141  ? llog_test_11+0x2a4/0x1130 [llog_test]
00141  ? llog_test_9_sub+0x800/0x800 [llog_test]
00141  ? llog_run_tests+0x41b0/0x5ac0 [llog_test]
00141  ? get_random_u32+0x51/0x470
00141  ? llog_test_device_init+0x503/0x840 [llog_test]
00141  ? obd_setup+0x559/0x960 [obdclass]
00141  ? class_setup+0xc7d/0x10e0 [obdclass]
00141  ? class_process_config+0x2edb/0x7cb0 [obdclass]
00141  ? class_handle_ioctl+0x2055/0x3590 [obdclass]
00141  ? obd_class_ioctl+0x1f6/0x3c0 [obdclass]
00141  ? __x64_sys_ioctl+0x961/0xe00
00141  ? _copy_to_user+0x3d/0x60
00141  ? __x64_sys_rt_sigaction+0x107/0x140
00141  ? do_syscall_64+0xc1/0x350
00141  ? entry_SYSCALL_64_after_hwframe+0x4b/0x53
00141  </TASK>
00141 ---[ end trace 0000000000000000 ]---
00141 Lustre: 2162:0:(llog_test.c:2205:llog_test_11()) 11: size 8216 in 0 blocks after 1 rec
00141 Lustre: 2162:0:(llog_test.c:2207:llog_test_11()) 11: add few records
00141 Lustre: 2162:0:(llog_test.c:2224:llog_test_11()) 11: size 10616 in 0 blocks with few recs
00142 lctl (2162): drop_caches: 3
00142 Lustre: 2162:0:(llog_test.c:2250:llog_test_11()) 11: re-open the log by LOGID and verify llh_count
00142 Lustre: 2162:0:(llog_test.c:2265:llog_test_11()) 11: size 10616 in 0 blocks after re-open
00142 Lustre: 2162:0:(llog_test.c:2355:llog_test_12()) 12: create a catalog log with name: 44b57a7d
00142 ------------[ cut here ]------------
00142 WARNING: /home/ktest/git/linux/include/linux/fs.h:889 at osd_create+0x9cf/0xcf0 [osd_wbcfs], CPU#6: lctl/2162
00142 Modules linked in: llog_test(O) mgs(O) osd_wbcfs(O) lustre(O) obdecho(O) mgc(O) mdc(O) lov(O) osc(O) lmv(O) ec(O) fid(O) fld(O) ptlrpc(O) efivarfs obdclass(O) ksocklnd(O) lnet(O) libcfs(O)
00142 CPU: 6 UID: 0 PID: 2162 Comm: lctl Tainted: G        W  O        7.0.0-ktest-8595d54-6330a45-20260728-dirty #1 PREEMPT 
00142 Tainted: [W]=WARN, [O]=OOT_MODULE
00142 Hardware name: QEMU Standard PC (Q35 + ICH9, 2009), BIOS 2025.11-3ubuntu7 03/31/2026
00142 RIP: 0010:osd_create+0x9cf/0xcf0 [osd_wbcfs]
00142 Code: c7 c7 00 c6 7b a1 48 c7 c6 a0 42 7d a1 48 c7 c2 00 4c 7d a1 e8 82 dd 43 ff 48 c7 c7 00 c6 7b a1 e8 f6 6a 44 ff e9 fe fc ff ff <0f> 0b e9 a5 fa ff ff 48 c7 c1 80 44 5d a0 80 e1 07 80 c1 03 38 c1
00142 RSP: 0018:ffffc90005b77678 EFLAGS: 00010246
00142 RAX: 0000000000000000 RBX: ffff88803534c000 RCX: 0000000000000046
00142 RDX: 0000000000000000 RSI: ffff88819cd81818 RDI: ffff88811fbe4b18
00142 RBP: ffff88819cd81788 R08: ffffffff83a16803 R09: 1ffffffff0742d00
00142 R10: dffffc0000000000 R11: fffffbfff0742d01 R12: ffff88814988f000
00142 R13: dffffc0000000000 R14: 1ffff11006a69800 R15: 1ffff11029311e0f
00142 FS:  00007fcf7d422940(0000) GS:ffff88831e72d000(0000) knlGS:0000000000000000
00142 CS:  0010 DS: 0000 ES: 0000 CR0: 0000000080050033
00142 CR2: 00007ffdb73d3dc8 CR3: 0000000149d9c000 CR4: 0000000000750eb0
00142 PKRU: 55555554
00142 Call Trace:
00142  <TASK>
00142  ? local_object_create+0x109/0x640 [obdclass]
00142  ? dt_write_lock+0x16d/0x2a0 [obdclass]
00142  ? llog_osd_create+0x356/0x1140 [obdclass]
00142  ? llog_create+0x2ed/0x530 [obdclass]
00142  ? llog_open_create+0x5af/0xb10 [obdclass]
00142  ? llog_test_12+0x40f/0x2d90 [llog_test]
00142  ? llog_test_11+0xc14/0x1130 [llog_test]
00142  ? llog_run_tests+0x4434/0x5ac0 [llog_test]
00142  ? get_random_u32+0x51/0x470
00142  ? llog_test_device_init+0x503/0x840 [llog_test]
00142  ? obd_setup+0x559/0x960 [obdclass]
00142  ? class_setup+0xc7d/0x10e0 [obdclass]
00142  ? class_process_config+0x2edb/0x7cb0 [obdclass]
00142  ? class_handle_ioctl+0x2055/0x3590 [obdclass]
00142  ? obd_class_ioctl+0x1f6/0x3c0 [obdclass]
00142  ? __x64_sys_ioctl+0x961/0xe00
00142  ? _copy_to_user+0x3d/0x60
00142  ? __x64_sys_rt_sigaction+0x107/0x140
00142  ? do_syscall_64+0xc1/0x350
00142  ? entry_SYSCALL_64_after_hwframe+0x4b/0x53
00142  </TASK>
00142 ---[ end trace 0000000000000000 ]---
00142 ------------[ cut here ]------------
00142 WARNING: /home/ktest/git/linux/include/linux/fs.h:889 at osd_create+0x9cf/0xcf0 [osd_wbcfs], CPU#6: lctl/2162
00142 Modules linked in: llog_test(O) mgs(O) osd_wbcfs(O) lustre(O) obdecho(O) mgc(O) mdc(O) lov(O) osc(O) lmv(O) ec(O) fid(O) fld(O) ptlrpc(O) efivarfs obdclass(O) ksocklnd(O) lnet(O) libcfs(O)
00142 CPU: 6 UID: 0 PID: 2162 Comm: lctl Tainted: G        W  O        7.0.0-ktest-8595d54-6330a45-20260728-dirty #1 PREEMPT 
00142 Tainted: [W]=WARN, [O]=OOT_MODULE
00142 Hardware name: QEMU Standard PC (Q35 + ICH9, 2009), BIOS 2025.11-3ubuntu7 03/31/2026
00142 RIP: 0010:osd_create+0x9cf/0xcf0 [osd_wbcfs]
00142 Code: c7 c7 00 c6 7b a1 48 c7 c6 a0 42 7d a1 48 c7 c2 00 4c 7d a1 e8 82 dd 43 ff 48 c7 c7 00 c6 7b a1 e8 f6 6a 44 ff e9 fe fc ff ff <0f> 0b e9 a5 fa ff ff 48 c7 c1 80 44 5d a0 80 e1 07 80 c1 03 38 c1
00142 RSP: 0018:ffffc90005b77518 EFLAGS: 00010246
00142 RAX: 0000000000000000 RBX: ffff88803534b800 RCX: 0000000000000046
00142 RDX: 0000000000000000 RSI: ffff88819cd81100 RDI: ffff88811fbe4b40
00142 RBP: ffff88819cd81070 R08: ffffffff83a16803 R09: 1ffffffff0742d00
00142 R10: dffffc0000000000 R11: fffffbfff0742d01 R12: ffff88814988f000
00142 R13: dffffc0000000000 R14: 1ffff11006a69700 R15: 1ffff11029311e0f
00142 FS:  00007fcf7d422940(0000) GS:ffff88831e72d000(0000) knlGS:0000000000000000
00142 CS:  0010 DS: 0000 ES: 0000 CR0: 0000000080050033
00142 CR2: 00007ffdb73d3dc8 CR3: 0000000149d9c000 CR4: 0000000000750eb0
00142 PKRU: 55555554
00142 Call Trace:
00142  <TASK>
00142  ? local_object_create+0x109/0x640 [obdclass]
00142  ? dt_write_lock+0x16d/0x2a0 [obdclass]
00142  ? llog_osd_create+0x356/0x1140 [obdclass]
00142  ? llog_create+0x2ed/0x530 [obdclass]
00142  ? llog_cat_new_log+0x6c3/0x2bf0 [obdclass]
00142  ? llog_cat_add_rec+0x6ba/0x1960 [obdclass]
00142  ? llog_cat_add+0x451/0x890 [obdclass]
00142  ? llog_test_12+0x68f/0x2d90 [llog_test]
00142  ? llog_test_11+0xc14/0x1130 [llog_test]
00142  ? llog_run_tests+0x4434/0x5ac0 [llog_test]
00142  ? get_random_u32+0x51/0x470
00142  ? llog_test_device_init+0x503/0x840 [llog_test]
00142  ? obd_setup+0x559/0x960 [obdclass]
00142  ? class_setup+0xc7d/0x10e0 [obdclass]
00142  ? class_process_config+0x2edb/0x7cb0 [obdclass]
00142  ? class_handle_ioctl+0x2055/0x3590 [obdclass]
00142  ? obd_class_ioctl+0x1f6/0x3c0 [obdclass]
00142  ? __x64_sys_ioctl+0x961/0xe00
00142  ? _copy_to_user+0x3d/0x60
00142  ? __x64_sys_rt_sigaction+0x107/0x140
00142  ? do_syscall_64+0xc1/0x350
00142  ? entry_SYSCALL_64_after_hwframe+0x4b/0x53
00142  </TASK>
00142 ---[ end trace 0000000000000000 ]---
00142 Lustre: 12: truncate 24 bytes
00142 Lustre: 12: re-open and process the catalog
00142 LustreError: 2162:0:(llog_osd.c:1248:llog_osd_next_block()) MGS0000-osd: invalid llog tail at log id [0xa:0x6:0x0] offset 8232 last_rec idx 8704 tail idx 275010875 lrt len 1 read_size 40
00142 LustreError: 2162:0:(llog.c:886:llog_process_thread()) MGS: local llog is corrupted [0xa:0x6:0x0] catalog index 1 count 2
00142 Lustre: 12: try to add to the catalog
00142 ------------[ cut here ]------------
00142 WARNING: /home/ktest/git/linux/include/linux/fs.h:889 at osd_create+0x9cf/0xcf0 [osd_wbcfs], CPU#6: lctl/2162
00142 Modules linked in: llog_test(O) mgs(O) osd_wbcfs(O) lustre(O) obdecho(O) mgc(O) mdc(O) lov(O) osc(O) lmv(O) ec(O) fid(O) fld(O) ptlrpc(O) efivarfs obdclass(O) ksocklnd(O) lnet(O) libcfs(O)
00142 CPU: 6 UID: 0 PID: 2162 Comm: lctl Tainted: G        W  O        7.0.0-ktest-8595d54-6330a45-20260728-dirty #1 PREEMPT 
00142 Tainted: [W]=WARN, [O]=OOT_MODULE
00142 Hardware name: QEMU Standard PC (Q35 + ICH9, 2009), BIOS 2025.11-3ubuntu7 03/31/2026
00142 RIP: 0010:osd_create+0x9cf/0xcf0 [osd_wbcfs]
00142 Code: c7 c7 00 c6 7b a1 48 c7 c6 a0 42 7d a1 48 c7 c2 00 4c 7d a1 e8 82 dd 43 ff 48 c7 c7 00 c6 7b a1 e8 f6 6a 44 ff e9 fe fc ff ff <0f> 0b e9 a5 fa ff ff 48 c7 c1 80 44 5d a0 80 e1 07 80 c1 03 38 c1
00142 RSP: 0018:ffffc90005b77518 EFLAGS: 00010246
00142 RAX: 0000000000000000 RBX: ffff88803534e000 RCX: 0000000000000046
00142 RDX: 0000000000000000 RSI: ffff88819cd809e8 RDI: ffff88811fbe4b40
00142 RBP: ffff88819cd80958 R08: ffffffff83a16803 R09: 1ffffffff0742d00
00142 R10: dffffc0000000000 R11: fffffbfff0742d01 R12: ffff88814988f000
00142 R13: dffffc0000000000 R14: 1ffff11006a69c00 R15: 1ffff11029311e0f
00142 FS:  00007fcf7d422940(0000) GS:ffff88831e72d000(0000) knlGS:0000000000000000
00142 CS:  0010 DS: 0000 ES: 0000 CR0: 0000000080050033
00142 CR2: 00007ffdb73d3dc8 CR3: 0000000149d9c000 CR4: 0000000000750eb0
00142 PKRU: 55555554
00142 Call Trace:
00142  <TASK>
00142  ? local_object_create+0x109/0x640 [obdclass]
00142  ? dt_write_lock+0x16d/0x2a0 [obdclass]
00142  ? llog_osd_create+0x356/0x1140 [obdclass]
00142  ? llog_create+0x2ed/0x530 [obdclass]
00142  ? llog_cat_new_log+0x6c3/0x2bf0 [obdclass]
00142  ? llog_cat_add_rec+0x6ba/0x1960 [obdclass]
00142  ? llog_cat_add+0x451/0x890 [obdclass]
00142  ? llog_test_12+0xfdb/0x2d90 [llog_test]
00142  ? llog_run_tests+0x4434/0x5ac0 [llog_test]
00142  ? get_random_u32+0x51/0x470
00142  ? llog_test_device_init+0x503/0x840 [llog_test]
00142  ? obd_setup+0x559/0x960 [obdclass]
00142  ? class_setup+0xc7d/0x10e0 [obdclass]
00142  ? class_process_config+0x2edb/0x7cb0 [obdclass]
00142  ? class_handle_ioctl+0x2055/0x3590 [obdclass]
00142  ? obd_class_ioctl+0x1f6/0x3c0 [obdclass]
00142  ? __x64_sys_ioctl+0x961/0xe00
00142  ? _copy_to_user+0x3d/0x60
00142  ? __x64_sys_rt_sigaction+0x107/0x140
00142  ? do_syscall_64+0xc1/0x350
00142  ? entry_SYSCALL_64_after_hwframe+0x4b/0x53
00142  </TASK>
00142 ---[ end trace 0000000000000000 ]---
00142 LustreError: 2162:0:(llog_osd.c:1231:llog_osd_next_block()) MGS0000-osd: invalid llog tail at log id [0x6:0xa:0x0]:0 offset 8297 tail idx 603979776 lrt len 1074261 read_size 105
00142 ------------[ cut here ]------------
00142 WARNING: /home/ktest/git/linux/include/linux/fs.h:889 at osd_create+0x9cf/0xcf0 [osd_wbcfs], CPU#6: lctl/2162
00142 Modules linked in: llog_test(O) mgs(O) osd_wbcfs(O) lustre(O) obdecho(O) mgc(O) mdc(O) lov(O) osc(O) lmv(O) ec(O) fid(O) fld(O) ptlrpc(O) efivarfs obdclass(O) ksocklnd(O) lnet(O) libcfs(O)
00142 CPU: 6 UID: 0 PID: 2162 Comm: lctl Tainted: G        W  O        7.0.0-ktest-8595d54-6330a45-20260728-dirty #1 PREEMPT 
00142 Tainted: [W]=WARN, [O]=OOT_MODULE
00142 Hardware name: QEMU Standard PC (Q35 + ICH9, 2009), BIOS 2025.11-3ubuntu7 03/31/2026
00142 RIP: 0010:osd_create+0x9cf/0xcf0 [osd_wbcfs]
00142 Code: c7 c7 00 c6 7b a1 48 c7 c6 a0 42 7d a1 48 c7 c2 00 4c 7d a1 e8 82 dd 43 ff 48 c7 c7 00 c6 7b a1 e8 f6 6a 44 ff e9 fe fc ff ff <0f> 0b e9 a5 fa ff ff 48 c7 c1 80 44 5d a0 80 e1 07 80 c1 03 38 c1
00142 RSP: 0018:ffffc90005b77518 EFLAGS: 00010246
00142 RAX: 0000000000000000 RBX: ffff888136ff0c00 RCX: 0000000000000046
00142 RDX: 0000000000000000 RSI: ffff88819cd802d0 RDI: ffff88811fbe4b40
00142 RBP: ffff88819cd80240 R08: ffffffff83a16803 R09: 1ffffffff0742d00
00142 R10: dffffc0000000000 R11: fffffbfff0742d01 R12: ffff88814988f000
00142 R13: dffffc0000000000 R14: 1ffff11026dfe180 R15: 1ffff11029311e0f
00142 FS:  00007fcf7d422940(0000) GS:ffff88831e72d000(0000) knlGS:0000000000000000
00142 CS:  0010 DS: 0000 ES: 0000 CR0: 0000000080050033
00142 CR2: 00007ffdb73d3dc8 CR3: 0000000149d9c000 CR4: 0000000000750eb0
00142 PKRU: 55555554
00142 Call Trace:
00142  <TASK>
00142  ? local_object_create+0x109/0x640 [obdclass]
00142  ? dt_write_lock+0x16d/0x2a0 [obdclass]
00142  ? llog_osd_create+0x356/0x1140 [obdclass]
00142  ? llog_create+0x2ed/0x530 [obdclass]
00142  ? llog_cat_new_log+0x6c3/0x2bf0 [obdclass]
00142  ? llog_cat_add_rec+0x6ba/0x1960 [obdclass]
00142  ? llog_cat_add+0x451/0x890 [obdclass]
00142  ? llog_test_12+0xfdb/0x2d90 [llog_test]
00142  ? llog_run_tests+0x4434/0x5ac0 [llog_test]
00142  ? get_random_u32+0x51/0x470
00142  ? llog_test_device_init+0x503/0x840 [llog_test]
00142  ? obd_setup+0x559/0x960 [obdclass]
00142  ? class_setup+0xc7d/0x10e0 [obdclass]
00142  ? class_process_config+0x2edb/0x7cb0 [obdclass]
00142  ? class_handle_ioctl+0x2055/0x3590 [obdclass]
00142  ? obd_class_ioctl+0x1f6/0x3c0 [obdclass]
00142  ? __x64_sys_ioctl+0x961/0xe00
00142  ? _copy_to_user+0x3d/0x60
00142  ? __x64_sys_rt_sigaction+0x107/0x140
00142  ? do_syscall_64+0xc1/0x350
00142  ? entry_SYSCALL_64_after_hwframe+0x4b/0x53
00142  </TASK>
00142 ---[ end trace 0000000000000000 ]---
00142 ==================================================================
00142 BUG: KASAN: use-after-free in llog_osd_next_block+0x13e1/0x3340 [obdclass]
00142 Read of size 4 at addr ffff88824041f036 by task lctl/2162
00142 
00142 CPU: 6 UID: 0 PID: 2162 Comm: lctl Tainted: G        W  O        7.0.0-ktest-8595d54-6330a45-20260728-dirty #1 PREEMPT 
00142 Tainted: [W]=WARN, [O]=OOT_MODULE
00142 Hardware name: QEMU Standard PC (Q35 + ICH9, 2009), BIOS 2025.11-3ubuntu7 03/31/2026
00142 Call Trace:
00142  <TASK>
00142  dump_stack_lvl+0x52/0x80
00142  print_report+0xbc/0x260
00142  ? llog_osd_next_block+0x13e1/0x3340 [obdclass]
00142  kasan_report+0xa2/0xd0
00142  ? llog_osd_next_block+0x13e1/0x3340 [obdclass]
00142  llog_osd_next_block+0x13e1/0x3340 [obdclass]
00142  llog_process_thread+0xdd7/0x4f70 [obdclass]
00142  ? entry_SYSCALL_64_after_hwframe+0x4b/0x53
00142  ? task_work_add+0x177/0x210
00142  llog_process_or_fork+0x656/0xc90 [obdclass]
00142  ? llog_cat_process+0x30/0x30 [obdclass]
00142  llog_cat_process_or_fork+0x780/0xdb0 [obdclass]
00142  ? llog_cat_process+0x30/0x30 [obdclass]
00142  ? llog_cancel_rec_cb+0x450/0x450 [llog_test]
00142  llog_cat_process+0x24/0x30 [obdclass]
00142  llog_test_12+0xf58/0x2d90 [llog_test]
00142  llog_run_tests+0x4434/0x5ac0 [llog_test]
00142  ? get_random_u32+0x51/0x470
00142  llog_test_device_init+0x503/0x840 [llog_test]
00142  obd_setup+0x559/0x960 [obdclass]
00142  class_setup+0xc7d/0x10e0 [obdclass]
00142  class_process_config+0x2edb/0x7cb0 [obdclass]
00142  class_handle_ioctl+0x2055/0x3590 [obdclass]
00142  obd_class_ioctl+0x1f6/0x3c0 [obdclass]
00142  __x64_sys_ioctl+0x961/0xe00
00142  ? _copy_to_user+0x3d/0x60
00142  ? __x64_sys_rt_sigaction+0x107/0x140
00142  do_syscall_64+0xc1/0x350
00142  entry_SYSCALL_64_after_hwframe+0x4b/0x53
00142 RIP: 0033:0x7fcf7d324e1d
00142 Code: 04 25 28 00 00 00 48 89 45 c8 31 c0 48 8d 45 10 c7 45 b0 10 00 00 00 48 89 45 b8 48 8d 45 d0 48 89 45 c0 b8 10 00 00 00 0f 05 <89> c2 3d 00 f0 ff ff 77 1a 48 8b 45 c8 64 48 2b 04 25 28 00 00 00
00142 RSP: 002b:00007ffd13547430 EFLAGS: 00000246 ORIG_RAX: 0000000000000010
00142 RAX: ffffffffffffffda RBX: 00007fcf7d68b1f0 RCX: 00007fcf7d324e1d
00142 RDX: 00007ffd13547710 RSI: 00000000c00866b8 RDI: 0000000000000003
00142 RBP: 00007ffd13547480 R08: 00007ffd135474d0 R09: 00007ffd13547710
00142 R10: 000055b618185930 R11: 0000000000000246 R12: 00007ffd13547710
00142 R13: 000055b5e491f822 R14: 0000000000000000 R15: 00007ffd13549790
00142  </TASK>
00142 
00142 The buggy address belongs to the physical page:
00142 page: refcount:0 mapcount:0 mapping:0000000000000000 index:0xffffffffffffffff pfn:0x24041f
00142 flags: 0x8000000000000000(zone=2)
00142 raw: 8000000000000000 0000000000000000 00000000ffffffff 0000000000000000
00142 raw: ffffffffffffffff 0000000000000000 00000000ffffffff 0000000000000000
00142 page dumped because: kasan: bad access detected
00142 
00142 Memory state around the buggy address:
00142  ffff88824041ef00: ff ff ff ff ff ff ff ff ff ff ff ff ff ff ff ff
00142  ffff88824041ef80: ff ff ff ff ff ff ff ff ff ff ff ff ff ff ff ff
00142 >ffff88824041f000: ff ff ff ff ff ff ff ff ff ff ff ff ff ff ff ff
00142                                      ^
00142  ffff88824041f080: ff ff ff ff ff ff ff ff ff ff ff ff ff ff ff ff
00142  ffff88824041f100: ff ff ff ff ff ff ff ff ff ff ff ff ff ff ff ff
00142 ==================================================================
00142 Disabling lock debugging due to kernel taint
00142 Lustre: 2162:0:(llog_test.c:2464:llog_test_12()) 12: put newly-created catalog
00142 Lustre: 2162:0:(llog_test.c:2532:llog_test_13()) 13a: create a catalog log with name: 44b57a7d
00142 Lustre: 2162:0:(llog_test.c:2548:llog_test_13()) 13b: write 1 record into the catalog
00142 LustreError: 2162:0:(llog_test.c:2559:llog_test_13()) 13b: found 8 plain llogs
00142 Lustre: 2162:0:(llog_test.c:2561:llog_test_13()) 13c: erase plain llog
00142 LustreError: 2162:0:(llog_cat.c:404:llog_cat_id2handle()) MGS: error opening log id [0x1:0x4f:0x0]: rc = -2
00142 Lustre: 2162:0:(llog_test.c:2581:llog_test_13()) 13d: forward process: found=1708 rc=0
00142 Lustre: 2162:0:(llog_test.c:2585:llog_test_13()) 13e: erase another plain llog
00142 Lustre: 2162:0:(llog_test.c:2605:llog_test_13()) 13e: backward process: found=1367 rc=0
00142 Lustre: 2162:0:(llog_test.c:2608:llog_test_13()) 13f: put newly-created catalog
00147 ========= FAILED TIMEOUT llog-unit in 240s
Error 1 at /home/ktest/ktest/lib/libktest.sh 587 from: "$ktest_dir/lib/supervisor" -S -F -T "$ktest_timeout" -b "$test_basename" -o "$test_logdir" -f "$test_basename.$(date -Iseconds).log" -- "${qemu_cmd[@]}", exiting
Error 1 at ./qlkbuild 187 from: "$ktest_dir/lib/supervisor" -S -F -T "$ktest_timeout" -b "$test_basename" -o "$test_logdir" -f "$test_basename.$(date -Iseconds).log" -- "${qemu_cmd[@]}", exiting
Error 1 at ./qlkbuild 1202 from: "$ktest_dir/lib/supervisor" -S -F -T "$ktest_timeout" -b "$test_basename" -o "$test_logdir" -f "$test_basename.$(date -Iseconds).log" -- "${qemu_cmd[@]}", exiting
