CLI: ./pk --podman-socket unix:///run/podman/podman.sock --shared-filesystem /tmp --tarball-input job lustre-ci --output /var/www/ci-lustre/upstream-patch-review --git-hash 85ea54932fbfd01151aa668c7af33353a91a5230 --change-id 66279_85ea54932fbfd01151aa668c7af33353a91a5230 --subject LU-10026 sec: disable compression for encrypted files

Environment validated successfully
Note: custom LLVM is not synced in tarball input mode
Creating kernel tarball at /tmp/ktest-kernel.tar.gz...
Creating lustre tarball at /tmp/ktest-lustre.tar.gz...
Creating ZFS tarball at /tmp/ktest-zfs.tar.gz...
Executing 14 jobs
Jobs will start as soon as their dependencies are satisfied
Using tarball input mode

START u24:u24 build tests/fs/lustre/boot.ktest
START al2023:al2023 build tests/fs/lustre/boot.ktest
START ml-miscvm:lustre_mainline_native build tests/fs/lustre/boot.ktest
START ml-strict:lustre_mainline build tests/fs/lustre/boot-strict.ktest
START checkpatch:checkpatch tool checkpatch
START ml:lustre_mainline build tests/fs/lustre/boot.ktest
PUT /tmp/ktest-lustre.tar.gz 1s
PUT /tmp/ktest-lustre.tar.gz 1s
PUT /tmp/ktest-kernel.tar.gz 8s
PUT /tmp/ktest-kernel.tar.gz 8s
PUT /tmp/ktest-kernel.tar.gz 9s
PUT /tmp/ktest-kernel.tar.gz 9s
PUT /tmp/ktest-lustre.tar.gz 2s
PUT /tmp/ktest-lustre.tar.gz 2s
PUT /tmp/ktest-lustre.tar.gz 1s
PUT /tmp/ktest-lustre.tar.gz 2s
PUT /tmp/ktest-zfs.tar.gz 0s
PUT /tmp/ktest-zfs.tar.gz 0s
PUT /tmp/ktest-zfs.tar.gz 0s
END checkpatch:checkpatch tool checkpatch PASS 14s
END u24:u24 build tests/fs/lustre/boot.ktest FAIL 35s (exit code: 2)
END al2023:al2023 build tests/fs/lustre/boot.ktest FAIL 41s (exit code: 2)
GET /tmp/ktest_ml-miscvm:lustre_mainline_native_p5uk5xgn.tar 4s
GET /tmp/ktest_ml:lustre_mainline_by156umk.tar 5s
END ml-miscvm:lustre_mainline_native build tests/fs/lustre/boot.ktest FAIL 145s (exit code: 1)
END ml:lustre_mainline build tests/fs/lustre/boot.ktest FAIL 147s (exit code: 1)
GET /tmp/ktest_ml-strict:lustre_mainline_c2pe6doj.tar 8s
END ml-strict:lustre_mainline build tests/fs/lustre/boot-strict.ktest FAIL 151s (exit code: 1)

============================================================
Final Results:
  checkpatch:checkpatch: PASS (14s) (log: /var/www/ci-lustre/upstream-patch-review/85ea54932fbfd01151aa668c7af33353a91a5230_checkpatch:checkpatch.log)
  u24:u24: FAIL (35s) (log: /var/www/ci-lustre/upstream-patch-review/85ea54932fbfd01151aa668c7af33353a91a5230_u24:u24.log)
  al2023:al2023: FAIL (41s) (log: /var/www/ci-lustre/upstream-patch-review/85ea54932fbfd01151aa668c7af33353a91a5230_al2023:al2023.log)
  ml-strict:lustre_mainline: FAIL (151s) (log: /var/www/ci-lustre/upstream-patch-review/85ea54932fbfd01151aa668c7af33353a91a5230_ml-strict:lustre_mainline.log)
  ml:lustre_mainline: FAIL (147s) (log: /var/www/ci-lustre/upstream-patch-review/85ea54932fbfd01151aa668c7af33353a91a5230_ml:lustre_mainline.log)
  ml-miscvm:lustre_mainline_native: FAIL (145s) (log: /var/www/ci-lustre/upstream-patch-review/85ea54932fbfd01151aa668c7af33353a91a5230_ml-miscvm:lustre_mainline_native.log)
  ml-miscvm:boot: SKIPPED (due to dependency failure)
  ml-miscvm:llmount: SKIPPED (due to dependency failure)
  ml-miscvm:llog-unit: SKIPPED (due to dependency failure)
  ml-miscvm:mgs-setup: SKIPPED (due to dependency failure)
  ml-miscvm:sanity-1: SKIPPED (due to dependency failure)
  ml-miscvm:sanity-2: SKIPPED (due to dependency failure)
  ml-miscvm:sanity-3: SKIPPED (due to dependency failure)
  ml-miscvm:sanity-4: SKIPPED (due to dependency failure)

Total execution time: 180s

Packed 18234 logs from /var/www/ci-lustre/upstream-patch-review into /home/ktest/ktest/local-site/local_data.js
Open /home/ktest/ktest/local-site/index.html in a browser
