00001 
00003 init: failed to load nvme_core
00003 init: failed to load nvme
00003 init: failed to load zfs
00003 LNetError: 1:0:(lib-socket.c:619:lnet_inet_enumerate()) lnet: Can't find any usable interfaces, rc = -ENOENT
00003 LNetError: Error -100 starting up LNI tcp
00004 LustreError: 1:0:(events.c:627:ptlrpc_init_portals()) network initialisation failed: rc = -100
00004 init: finit_module /lib/modules/7.0.0-ktest-8638fd0-6330a45-20260807-dirty/updates/ptlrpc.ko: Network is down
00004 init: failed to load lustre
00004 init: failed to load osd_zfs
00004 init: failed to load iwlwifi
00004 init: failed to load iwlmvm
00004 init: failed to load mt7921e
00004 init: failed to load i915
00004 init: failed to load nouveau
00052 tlp: vm.laptop_mode is deprecated. Ignoring setting.
00052 Kernel version: 7.0.0-ktest-8638fd0-6330a45-20260807-dirty
00052 hook init_noop
00052 
00052 Running tests boot
00052 
00052 ========= TEST   boot
00052 boot
00052 
00053 ========= PASSED boot in 0s
00053 
00053 Passed: boot
00053 Failed: 
00053 NOTICE: Automounting of tracing to debugfs is deprecated and will be removed in 2030
00053 Kernel version: 7.0.0-ktest-8638fd0-6330a45-20260807-dirty
00053 TEST SUCCESS
