CLI: ./pk --podman-socket unix:///run/user/1000/podman/podman.sock --shared-filesystem /tmp --tarball-input job lustre-ci --output /var/www/ci-lustre/upstream-patch-review --git-hash 868e3ce4769aa1e780a449cf6bf99f047b3c51ab --change-id 65204_868e3ce4769aa1e780a449cf6bf99f047b3c51ab --subject LU-19768 mdd: add MDD/changelog genetlink family

Environment validated successfully
Note: custom LLVM is not synced in tarball input mode
Creating kernel tarball at /tmp/ktest-kernel.tar.gz...
Creating lustre tarball at /tmp/ktest-lustre.tar.gz...
Creating ZFS tarball at /tmp/ktest-zfs.tar.gz...
Executing 14 jobs
Jobs will start as soon as their dependencies are satisfied
Using tarball input mode

START ml-strict:lustre_mainline build tests/fs/lustre/boot-strict.ktest
START ml:lustre_mainline build tests/fs/lustre/boot.ktest
START u24:u24 build tests/fs/lustre/boot.ktest
START al2023:al2023 build tests/fs/lustre/boot.ktest
START checkpatch:checkpatch tool checkpatch
START ml-miscvm:lustre_mainline_native build tests/fs/lustre/boot.ktest
PUT /tmp/ktest-lustre.tar.gz 1s
PUT /tmp/ktest-lustre.tar.gz 1s
PUT /tmp/ktest-kernel.tar.gz 14s
PUT /tmp/ktest-kernel.tar.gz 15s
PUT /tmp/ktest-kernel.tar.gz 15s
PUT /tmp/ktest-kernel.tar.gz 15s
PUT /tmp/ktest-lustre.tar.gz 1s
PUT /tmp/ktest-lustre.tar.gz 2s
PUT /tmp/ktest-lustre.tar.gz 2s
PUT /tmp/ktest-lustre.tar.gz 1s
PUT /tmp/ktest-zfs.tar.gz 0s
PUT /tmp/ktest-zfs.tar.gz 0s
PUT /tmp/ktest-zfs.tar.gz 0s
END checkpatch:checkpatch tool checkpatch FAIL 19s (exit code: 1)
END u24:u24 build tests/fs/lustre/boot.ktest PASS 46s
END al2023:al2023 build tests/fs/lustre/boot.ktest PASS 54s
GET /tmp/ktest_ml-miscvm:lustre_mainline_native_o4fh3431.tar 10s
END ml-miscvm:lustre_mainline_native build tests/fs/lustre/boot.ktest FAIL 154s (exit code: 1)
GET /tmp/ktest_ml-strict:lustre_mainline_v_h3v0ds.tar 4s
GET /tmp/ktest_ml:lustre_mainline_a3w83hs_.tar 5s
END ml-strict:lustre_mainline build tests/fs/lustre/boot-strict.ktest FAIL 168s (exit code: 1)
END ml:lustre_mainline build tests/fs/lustre/boot.ktest FAIL 169s (exit code: 1)

============================================================
Final Results:
  checkpatch:checkpatch: FAIL (19s) (log: /var/www/ci-lustre/upstream-patch-review/868e3ce4769aa1e780a449cf6bf99f047b3c51ab_checkpatch:checkpatch.log)
  u24:u24: PASS (46s) (log: /var/www/ci-lustre/upstream-patch-review/868e3ce4769aa1e780a449cf6bf99f047b3c51ab_u24:u24.log)
  al2023:al2023: PASS (54s) (log: /var/www/ci-lustre/upstream-patch-review/868e3ce4769aa1e780a449cf6bf99f047b3c51ab_al2023:al2023.log)
  ml-strict:lustre_mainline: FAIL (168s) (log: /var/www/ci-lustre/upstream-patch-review/868e3ce4769aa1e780a449cf6bf99f047b3c51ab_ml-strict:lustre_mainline.log)
  ml:lustre_mainline: FAIL (169s) (log: /var/www/ci-lustre/upstream-patch-review/868e3ce4769aa1e780a449cf6bf99f047b3c51ab_ml:lustre_mainline.log)
  ml-miscvm:lustre_mainline_native: FAIL (154s) (log: /var/www/ci-lustre/upstream-patch-review/868e3ce4769aa1e780a449cf6bf99f047b3c51ab_ml-miscvm:lustre_mainline_native.log)
  ml-miscvm:boot: SKIPPED (due to dependency failure)
  ml-miscvm:llmount: SKIPPED (due to dependency failure)
  ml-miscvm:llog-unit: SKIPPED (due to dependency failure)
  ml-miscvm:mgs-setup: SKIPPED (due to dependency failure)
  ml-miscvm:sanity-1: SKIPPED (due to dependency failure)
  ml-miscvm:sanity-2: SKIPPED (due to dependency failure)
  ml-miscvm:sanity-3: SKIPPED (due to dependency failure)
  ml-miscvm:sanity-4: SKIPPED (due to dependency failure)

Total execution time: 198s

Packed 10513 logs from /var/www/ci-lustre/upstream-patch-review into /home/ktest/ktest/local-site/local_data.js
Open /home/ktest/ktest/local-site/index.html in a browser
