CLI: ./pk --podman-socket unix:///run/user/1000/podman/podman.sock --shared-filesystem /tmp --tarball-input job lustre-ci --output /var/www/ci-lustre/upstream-patch-review --git-hash 869d473b98efdbf923994a2a847ddaab6eaa0040 --change-id 67173_869d473b98efdbf923994a2a847ddaab6eaa0040 --subject LU-16625 mdt: additional debugging at panic/oops

Environment validated successfully
Note: custom LLVM is not synced in tarball input mode
Creating kernel tarball at /tmp/ktest-kernel.tar.gz...
Creating lustre tarball at /tmp/ktest-lustre.tar.gz...
Creating ZFS tarball at /tmp/ktest-zfs.tar.gz...
Executing 14 jobs
Jobs will start as soon as their dependencies are satisfied
Using tarball input mode

START ml-strict:lustre_mainline build tests/fs/lustre/boot-strict.ktest
START u24:u24 build tests/fs/lustre/boot.ktest
START ml:lustre_mainline build tests/fs/lustre/boot.ktest
START al2023:al2023 build tests/fs/lustre/boot.ktest
START ml-miscvm:lustre_mainline_native build tests/fs/lustre/boot.ktest
START checkpatch:checkpatch tool checkpatch
PUT /tmp/ktest-lustre.tar.gz 1s
PUT /tmp/ktest-lustre.tar.gz 1s
PUT /tmp/ktest-kernel.tar.gz 6s
PUT /tmp/ktest-kernel.tar.gz 6s
PUT /tmp/ktest-kernel.tar.gz 6s
PUT /tmp/ktest-kernel.tar.gz 6s
PUT /tmp/ktest-lustre.tar.gz 1s
PUT /tmp/ktest-lustre.tar.gz 1s
PUT /tmp/ktest-lustre.tar.gz 1s
PUT /tmp/ktest-lustre.tar.gz 1s
PUT /tmp/ktest-zfs.tar.gz 0s
PUT /tmp/ktest-zfs.tar.gz 0s
PUT /tmp/ktest-zfs.tar.gz 0s
END checkpatch:checkpatch tool checkpatch FAIL 10s (exit code: 1)
END u24:u24 build tests/fs/lustre/boot.ktest PASS 35s
END al2023:al2023 build tests/fs/lustre/boot.ktest PASS 44s
GET /tmp/ktest_ml-strict:lustre_mainline_zwojfi0c.tar 5s
END ml-strict:lustre_mainline build tests/fs/lustre/boot-strict.ktest FAIL 190s (exit code: 1)
GET /tmp/ktest_ml-miscvm:lustre_mainline_native_khf9n6a1.tar 2s
GET /tmp/ktest_ml:lustre_mainline_65cjobv3.tar 1s
END ml-miscvm:lustre_mainline_native build tests/fs/lustre/boot.ktest PASS 191s
START ml-miscvm:boot run tests/fs/lustre/boot.ktest
START ml-miscvm:llmount run tests/fs/lustre/llmount.ktest
START ml-miscvm:llog-unit run tests/fs/lustre/llog-unit.ktest
START ml-miscvm:mgs-setup run tests/fs/lustre/mgs-setup.ktest
START ml-miscvm:sanity-1 run tests/fs/lustre/sanity/sanity-1.ktest
START ml-miscvm:sanity-2 run tests/fs/lustre/sanity/sanity-2.ktest
START ml-miscvm:sanity-3 run tests/fs/lustre/sanity/sanity-3.ktest
START ml-miscvm:sanity-4 run tests/fs/lustre/sanity/sanity-4.ktest
END ml:lustre_mainline build tests/fs/lustre/boot.ktest PASS 192s
PUT /tmp/ktest-kernel.tar.gz 10s
PUT /tmp/ktest-kernel.tar.gz 10s
PUT /tmp/ktest-kernel.tar.gz 10s
PUT /tmp/ktest-kernel.tar.gz 10s
PUT /tmp/ktest-kernel.tar.gz 10s
PUT /tmp/ktest-kernel.tar.gz 10s
PUT /tmp/ktest-kernel.tar.gz 10s
PUT /tmp/ktest-kernel.tar.gz 10s
PUT /tmp/ktest-lustre.tar.gz 1s
PUT /tmp/ktest-lustre.tar.gz 1s
PUT /tmp/ktest-lustre.tar.gz 1s
PUT /tmp/ktest-lustre.tar.gz 2s
PUT /tmp/ktest-lustre.tar.gz 1s
PUT /tmp/ktest-lustre.tar.gz 2s
PUT /tmp/ktest-lustre.tar.gz 2s
PUT /tmp/ktest-lustre.tar.gz 2s
PUT /tmp/ktest_ml-miscvm:lustre_mainline_native_khf9n6a1.tar 0s
PUT /tmp/ktest_ml-miscvm:lustre_mainline_native_khf9n6a1.tar 0s
PUT /tmp/ktest_ml-miscvm:lustre_mainline_native_khf9n6a1.tar 0s
PUT /tmp/ktest_ml-miscvm:lustre_mainline_native_khf9n6a1.tar 0s
PUT /tmp/ktest_ml-miscvm:lustre_mainline_native_khf9n6a1.tar 0s
PUT /tmp/ktest_ml-miscvm:lustre_mainline_native_khf9n6a1.tar 0s
PUT /tmp/ktest_ml-miscvm:lustre_mainline_native_khf9n6a1.tar 0s
PUT /tmp/ktest_ml-miscvm:lustre_mainline_native_khf9n6a1.tar 0s
END ml-miscvm:boot run tests/fs/lustre/boot.ktest PASS 27s
END ml-miscvm:mgs-setup run tests/fs/lustre/mgs-setup.ktest PASS 36s
END ml-miscvm:sanity-3 run tests/fs/lustre/sanity/sanity-3.ktest PASS 66s
END ml-miscvm:sanity-1 run tests/fs/lustre/sanity/sanity-1.ktest PASS 68s
END ml-miscvm:sanity-4 run tests/fs/lustre/sanity/sanity-4.ktest PASS 69s
END ml-miscvm:sanity-2 run tests/fs/lustre/sanity/sanity-2.ktest PASS 70s
END ml-miscvm:llmount run tests/fs/lustre/llmount.ktest PASS 76s
END ml-miscvm:llog-unit run tests/fs/lustre/llog-unit.ktest FAIL 113s (exit code: 1)

============================================================
Final Results:
  checkpatch:checkpatch: FAIL (10s) (log: /var/www/ci-lustre/upstream-patch-review/869d473b98efdbf923994a2a847ddaab6eaa0040_checkpatch:checkpatch.log)
  u24:u24: PASS (35s) (log: /var/www/ci-lustre/upstream-patch-review/869d473b98efdbf923994a2a847ddaab6eaa0040_u24:u24.log)
  al2023:al2023: PASS (44s) (log: /var/www/ci-lustre/upstream-patch-review/869d473b98efdbf923994a2a847ddaab6eaa0040_al2023:al2023.log)
  ml-strict:lustre_mainline: FAIL (190s) (log: /var/www/ci-lustre/upstream-patch-review/869d473b98efdbf923994a2a847ddaab6eaa0040_ml-strict:lustre_mainline.log)
  ml:lustre_mainline: PASS (192s) (log: /var/www/ci-lustre/upstream-patch-review/869d473b98efdbf923994a2a847ddaab6eaa0040_ml:lustre_mainline.log)
  ml-miscvm:lustre_mainline_native: PASS (191s) (log: /var/www/ci-lustre/upstream-patch-review/869d473b98efdbf923994a2a847ddaab6eaa0040_ml-miscvm:lustre_mainline_native.log)
  ml-miscvm:boot: PASS (27s) (log: /var/www/ci-lustre/upstream-patch-review/869d473b98efdbf923994a2a847ddaab6eaa0040_ml-miscvm:boot.log)
  ml-miscvm:llmount: PASS (76s) (log: /var/www/ci-lustre/upstream-patch-review/869d473b98efdbf923994a2a847ddaab6eaa0040_ml-miscvm:llmount.log)
  ml-miscvm:llog-unit: FAIL (113s) (log: /var/www/ci-lustre/upstream-patch-review/869d473b98efdbf923994a2a847ddaab6eaa0040_ml-miscvm:llog-unit.log)
  ml-miscvm:mgs-setup: PASS (36s) (log: /var/www/ci-lustre/upstream-patch-review/869d473b98efdbf923994a2a847ddaab6eaa0040_ml-miscvm:mgs-setup.log)
  ml-miscvm:sanity-1: PASS (68s) (log: /var/www/ci-lustre/upstream-patch-review/869d473b98efdbf923994a2a847ddaab6eaa0040_ml-miscvm:sanity-1.log)
  ml-miscvm:sanity-2: PASS (70s) (log: /var/www/ci-lustre/upstream-patch-review/869d473b98efdbf923994a2a847ddaab6eaa0040_ml-miscvm:sanity-2.log)
  ml-miscvm:sanity-3: PASS (66s) (log: /var/www/ci-lustre/upstream-patch-review/869d473b98efdbf923994a2a847ddaab6eaa0040_ml-miscvm:sanity-3.log)
  ml-miscvm:sanity-4: PASS (69s) (log: /var/www/ci-lustre/upstream-patch-review/869d473b98efdbf923994a2a847ddaab6eaa0040_ml-miscvm:sanity-4.log)

Total execution time: 333s

Packed 9029 logs from /var/www/ci-lustre/upstream-patch-review into /home/ktest/ktest/local-site/local_data.js
Open /home/ktest/ktest/local-site/index.html in a browser
