CLI: ./pk --podman-socket unix:///run/podman/podman.sock --shared-filesystem /tmp --tarball-input job lustre-ci --output /var/www/ci-lustre/upstream-patch-review --git-hash 875d4490405c1d8f1bc6579804800e984751dc62 --change-id 63425_875d4490405c1d8f1bc6579804800e984751dc62 --subject LU-18857 mgs: add timeout mechanism for allow_register

Environment validated successfully
Note: custom LLVM is not synced in tarball input mode
Creating kernel tarball at /tmp/ktest-kernel.tar.gz...
Creating lustre tarball at /tmp/ktest-lustre.tar.gz...
Creating ZFS tarball at /tmp/ktest-zfs.tar.gz...
Executing 14 jobs
Jobs will start as soon as their dependencies are satisfied
Using tarball input mode

START ml-miscvm:lustre_mainline_native build tests/fs/lustre/boot.ktest
START al2023:al2023 build tests/fs/lustre/boot.ktest
START u24:u24 build tests/fs/lustre/boot.ktest
START ml-strict:lustre_mainline build tests/fs/lustre/boot-strict.ktest
START checkpatch:checkpatch tool checkpatch
START ml:lustre_mainline build tests/fs/lustre/boot.ktest
PUT /tmp/ktest-lustre.tar.gz 1s
PUT /tmp/ktest-lustre.tar.gz 1s
PUT /tmp/ktest-kernel.tar.gz 7s
PUT /tmp/ktest-kernel.tar.gz 7s
PUT /tmp/ktest-kernel.tar.gz 8s
PUT /tmp/ktest-kernel.tar.gz 8s
PUT /tmp/ktest-lustre.tar.gz 3s
PUT /tmp/ktest-lustre.tar.gz 2s
PUT /tmp/ktest-lustre.tar.gz 2s
PUT /tmp/ktest-lustre.tar.gz 3s
PUT /tmp/ktest-zfs.tar.gz 0s
PUT /tmp/ktest-zfs.tar.gz 0s
PUT /tmp/ktest-zfs.tar.gz 1s
END checkpatch:checkpatch tool checkpatch FAIL 13s (exit code: 1)
END u24:u24 build tests/fs/lustre/boot.ktest PASS 42s
END al2023:al2023 build tests/fs/lustre/boot.ktest PASS 47s
GET /tmp/ktest_ml-strict:lustre_mainline__fuceor7.tar 5s
GET /tmp/ktest_ml:lustre_mainline_vduvn3ck.tar 14s
END ml-strict:lustre_mainline build tests/fs/lustre/boot-strict.ktest FAIL 216s (exit code: 1)
END ml:lustre_mainline build tests/fs/lustre/boot.ktest PASS 218s
GET /tmp/ktest_ml-miscvm:lustre_mainline_native_8m3y1ck0.tar 17s
END ml-miscvm:lustre_mainline_native build tests/fs/lustre/boot.ktest PASS 220s
START ml-miscvm:boot run tests/fs/lustre/boot.ktest
START ml-miscvm:llmount run tests/fs/lustre/llmount.ktest
START ml-miscvm:llog-unit run tests/fs/lustre/llog-unit.ktest
START ml-miscvm:mgs-setup run tests/fs/lustre/mgs-setup.ktest
START ml-miscvm:sanity-1 run tests/fs/lustre/sanity/sanity-1.ktest
START ml-miscvm:sanity-2 run tests/fs/lustre/sanity/sanity-2.ktest
START ml-miscvm:sanity-3 run tests/fs/lustre/sanity/sanity-3.ktest
START ml-miscvm:sanity-4 run tests/fs/lustre/sanity/sanity-4.ktest
PUT /tmp/ktest-kernel.tar.gz 21s
PUT /tmp/ktest-kernel.tar.gz 21s
PUT /tmp/ktest-kernel.tar.gz 21s
PUT /tmp/ktest-kernel.tar.gz 21s
PUT /tmp/ktest-kernel.tar.gz 21s
PUT /tmp/ktest-kernel.tar.gz 21s
PUT /tmp/ktest-kernel.tar.gz 21s
PUT /tmp/ktest-kernel.tar.gz 22s
PUT /tmp/ktest-lustre.tar.gz 8s
PUT /tmp/ktest-lustre.tar.gz 8s
PUT /tmp/ktest-lustre.tar.gz 8s
PUT /tmp/ktest-lustre.tar.gz 8s
PUT /tmp/ktest-lustre.tar.gz 7s
PUT /tmp/ktest-lustre.tar.gz 7s
PUT /tmp/ktest-lustre.tar.gz 8s
PUT /tmp/ktest-lustre.tar.gz 8s
PUT /tmp/ktest_ml-miscvm:lustre_mainline_native_8m3y1ck0.tar 0s
PUT /tmp/ktest_ml-miscvm:lustre_mainline_native_8m3y1ck0.tar 0s
PUT /tmp/ktest_ml-miscvm:lustre_mainline_native_8m3y1ck0.tar 0s
PUT /tmp/ktest_ml-miscvm:lustre_mainline_native_8m3y1ck0.tar 0s
PUT /tmp/ktest_ml-miscvm:lustre_mainline_native_8m3y1ck0.tar 0s
PUT /tmp/ktest_ml-miscvm:lustre_mainline_native_8m3y1ck0.tar 0s
PUT /tmp/ktest_ml-miscvm:lustre_mainline_native_8m3y1ck0.tar 0s
PUT /tmp/ktest_ml-miscvm:lustre_mainline_native_8m3y1ck0.tar 0s
END ml-miscvm:boot run tests/fs/lustre/boot.ktest PASS 42s
END ml-miscvm:mgs-setup run tests/fs/lustre/mgs-setup.ktest PASS 51s
END ml-miscvm:sanity-2 run tests/fs/lustre/sanity/sanity-2.ktest PASS 79s
END ml-miscvm:sanity-1 run tests/fs/lustre/sanity/sanity-1.ktest PASS 80s
END ml-miscvm:sanity-4 run tests/fs/lustre/sanity/sanity-4.ktest PASS 82s
END ml-miscvm:llmount run tests/fs/lustre/llmount.ktest PASS 91s
END ml-miscvm:sanity-3 run tests/fs/lustre/sanity/sanity-3.ktest PASS 92s
END ml-miscvm:llog-unit run tests/fs/lustre/llog-unit.ktest FAIL 128s (exit code: 1)

============================================================
Final Results:
  checkpatch:checkpatch: FAIL (13s) (log: /var/www/ci-lustre/upstream-patch-review/875d4490405c1d8f1bc6579804800e984751dc62_checkpatch:checkpatch.log)
  u24:u24: PASS (42s) (log: /var/www/ci-lustre/upstream-patch-review/875d4490405c1d8f1bc6579804800e984751dc62_u24:u24.log)
  al2023:al2023: PASS (47s) (log: /var/www/ci-lustre/upstream-patch-review/875d4490405c1d8f1bc6579804800e984751dc62_al2023:al2023.log)
  ml-strict:lustre_mainline: FAIL (216s) (log: /var/www/ci-lustre/upstream-patch-review/875d4490405c1d8f1bc6579804800e984751dc62_ml-strict:lustre_mainline.log)
  ml:lustre_mainline: PASS (218s) (log: /var/www/ci-lustre/upstream-patch-review/875d4490405c1d8f1bc6579804800e984751dc62_ml:lustre_mainline.log)
  ml-miscvm:lustre_mainline_native: PASS (220s) (log: /var/www/ci-lustre/upstream-patch-review/875d4490405c1d8f1bc6579804800e984751dc62_ml-miscvm:lustre_mainline_native.log)
  ml-miscvm:boot: PASS (42s) (log: /var/www/ci-lustre/upstream-patch-review/875d4490405c1d8f1bc6579804800e984751dc62_ml-miscvm:boot.log)
  ml-miscvm:llmount: PASS (91s) (log: /var/www/ci-lustre/upstream-patch-review/875d4490405c1d8f1bc6579804800e984751dc62_ml-miscvm:llmount.log)
  ml-miscvm:llog-unit: FAIL (128s) (log: /var/www/ci-lustre/upstream-patch-review/875d4490405c1d8f1bc6579804800e984751dc62_ml-miscvm:llog-unit.log)
  ml-miscvm:mgs-setup: PASS (51s) (log: /var/www/ci-lustre/upstream-patch-review/875d4490405c1d8f1bc6579804800e984751dc62_ml-miscvm:mgs-setup.log)
  ml-miscvm:sanity-1: PASS (80s) (log: /var/www/ci-lustre/upstream-patch-review/875d4490405c1d8f1bc6579804800e984751dc62_ml-miscvm:sanity-1.log)
  ml-miscvm:sanity-2: PASS (79s) (log: /var/www/ci-lustre/upstream-patch-review/875d4490405c1d8f1bc6579804800e984751dc62_ml-miscvm:sanity-2.log)
  ml-miscvm:sanity-3: PASS (92s) (log: /var/www/ci-lustre/upstream-patch-review/875d4490405c1d8f1bc6579804800e984751dc62_ml-miscvm:sanity-3.log)
  ml-miscvm:sanity-4: PASS (82s) (log: /var/www/ci-lustre/upstream-patch-review/875d4490405c1d8f1bc6579804800e984751dc62_ml-miscvm:sanity-4.log)

Total execution time: 378s

Packed 1922 logs from /var/www/ci-lustre/upstream-patch-review into /home/ktest/ktest/local-site/local_data.js
Open /home/ktest/ktest/local-site/index.html in a browser
