CLI: ./pk --podman-socket unix:///run/podman/podman.sock --shared-filesystem /tmp --tarball-input job lustre-ci --output /var/www/ci-lustre/upstream-patch-review --git-hash 87abbb3fc5e61f4cb4e068561e5fb5be6086eedb --change-id 66567_87abbb3fc5e61f4cb4e068561e5fb5be6086eedb --subject LU-20212 lov: skip invalid OST mirrors for aggregate I/O

Environment validated successfully
Note: custom LLVM is not synced in tarball input mode
Creating kernel tarball at /tmp/ktest-kernel.tar.gz...
Creating lustre tarball at /tmp/ktest-lustre.tar.gz...
Creating ZFS tarball at /tmp/ktest-zfs.tar.gz...
Executing 14 jobs
Jobs will start as soon as their dependencies are satisfied
Using tarball input mode

START ml-strict:lustre_mainline build tests/fs/lustre/boot-strict.ktest
START checkpatch:checkpatch tool checkpatch
START ml-miscvm:lustre_mainline_native build tests/fs/lustre/boot.ktest
START al2023:al2023 build tests/fs/lustre/boot.ktest
START u24:u24 build tests/fs/lustre/boot.ktest
START ml:lustre_mainline build tests/fs/lustre/boot.ktest
PUT /tmp/ktest-lustre.tar.gz 1s
PUT /tmp/ktest-lustre.tar.gz 1s
PUT /tmp/ktest-kernel.tar.gz 10s
PUT /tmp/ktest-kernel.tar.gz 10s
PUT /tmp/ktest-kernel.tar.gz 11s
PUT /tmp/ktest-kernel.tar.gz 11s
PUT /tmp/ktest-lustre.tar.gz 3s
PUT /tmp/ktest-lustre.tar.gz 2s
PUT /tmp/ktest-lustre.tar.gz 3s
PUT /tmp/ktest-lustre.tar.gz 3s
PUT /tmp/ktest-zfs.tar.gz 0s
PUT /tmp/ktest-zfs.tar.gz 0s
PUT /tmp/ktest-zfs.tar.gz 1s
END checkpatch:checkpatch tool checkpatch PASS 16s
END u24:u24 build tests/fs/lustre/boot.ktest PASS 50s
END al2023:al2023 build tests/fs/lustre/boot.ktest PASS 52s
GET /tmp/ktest_ml-miscvm:lustre_mainline_native_hbm6u2hn.tar 4s
GET /tmp/ktest_ml:lustre_mainline_c6xf2xpo.tar 12s
GET /tmp/ktest_ml-strict:lustre_mainline_voxu6v7g.tar 12s
END ml-miscvm:lustre_mainline_native build tests/fs/lustre/boot.ktest FAIL 149s (exit code: 1)
END ml:lustre_mainline build tests/fs/lustre/boot.ktest FAIL 150s (exit code: 1)
END ml-strict:lustre_mainline build tests/fs/lustre/boot-strict.ktest FAIL 152s (exit code: 1)

============================================================
Final Results:
  checkpatch:checkpatch: PASS (16s) (log: /var/www/ci-lustre/upstream-patch-review/87abbb3fc5e61f4cb4e068561e5fb5be6086eedb_checkpatch:checkpatch.log)
  u24:u24: PASS (50s) (log: /var/www/ci-lustre/upstream-patch-review/87abbb3fc5e61f4cb4e068561e5fb5be6086eedb_u24:u24.log)
  al2023:al2023: PASS (52s) (log: /var/www/ci-lustre/upstream-patch-review/87abbb3fc5e61f4cb4e068561e5fb5be6086eedb_al2023:al2023.log)
  ml-strict:lustre_mainline: FAIL (152s) (log: /var/www/ci-lustre/upstream-patch-review/87abbb3fc5e61f4cb4e068561e5fb5be6086eedb_ml-strict:lustre_mainline.log)
  ml:lustre_mainline: FAIL (150s) (log: /var/www/ci-lustre/upstream-patch-review/87abbb3fc5e61f4cb4e068561e5fb5be6086eedb_ml:lustre_mainline.log)
  ml-miscvm:lustre_mainline_native: FAIL (149s) (log: /var/www/ci-lustre/upstream-patch-review/87abbb3fc5e61f4cb4e068561e5fb5be6086eedb_ml-miscvm:lustre_mainline_native.log)
  ml-miscvm:boot: SKIPPED (due to dependency failure)
  ml-miscvm:llmount: SKIPPED (due to dependency failure)
  ml-miscvm:llog-unit: SKIPPED (due to dependency failure)
  ml-miscvm:mgs-setup: SKIPPED (due to dependency failure)
  ml-miscvm:sanity-1: SKIPPED (due to dependency failure)
  ml-miscvm:sanity-2: SKIPPED (due to dependency failure)
  ml-miscvm:sanity-3: SKIPPED (due to dependency failure)
  ml-miscvm:sanity-4: SKIPPED (due to dependency failure)

Total execution time: 180s

Packed 10255 logs from /var/www/ci-lustre/upstream-patch-review into /home/ktest/ktest/local-site/local_data.js
Open /home/ktest/ktest/local-site/index.html in a browser
