WARNING:SPLIT_STRING: quoted string split across lines
#80: FILE: lnet/lnet/lib-disc-view.c:58:
+		 "Required externally supplied discovery visibility policies, "
+		 "comma-separated: servicenode (or none)");

WARNING:MEMORY_BARRIER: memory barrier without comment
#94: FILE: lnet/lnet/lib-disc-view.c:72:
+	unsigned long ready = smp_load_acquire(&lnet_external_disc_ready);

WARNING:SPLIT_STRING: quoted string split across lines
#139: FILE: lnet/lnet/lib-disc-view.c:117:
+			CERROR("%s: empty external_disc_visibility policy: "
+			       "rc = %d\n", __func__, rc);

WARNING:SPLIT_STRING: quoted string split across lines
#146: FILE: lnet/lnet/lib-disc-view.c:124:
+				CERROR("%s: duplicate external_disc_visibility "
+				       "policy 'none': rc = %d\n",

WARNING:SPLIT_STRING: quoted string split across lines
#160: FILE: lnet/lnet/lib-disc-view.c:138:
+		CERROR("%s: unknown external_disc_visibility policy '%s': "
+		       "rc = %d\n", __func__, tok, rc);

WARNING:SPLIT_STRING: quoted string split across lines
#168: FILE: lnet/lnet/lib-disc-view.c:146:
+		CERROR("%s: external_disc_visibility 'none' cannot be combined: "
+		       "rc = %d\n", __func__, rc);

WARNING:LONG_LINE_STRING: line length of 186 exceeds 100 columns
#640: FILE: lnet/lnet/lib-disc-view.c:1266:
+		CERROR("servicenode discovery: %d ungrouped NI(s) exceed lnet_interfaces_max=%d and get no discovery view; they are unreachable by discovery until the limit is raised\n",

WARNING:MEMORY_BARRIER: memory barrier without comment
#999: FILE: lnet/lnet/lib-disc-view.c:1701:
+			smp_store_release(&dv->dv_pbuf->pb_disc_view_ready, false);

WARNING:MEMORY_BARRIER: memory barrier without comment
#1036: FILE: lnet/lnet/lib-disc-view.c:1738:
+			smp_store_release(&dv->dv_pbuf->pb_disc_view_ready, true);

WARNING:STRCPY: Prefer strscpy over strcpy - see: https://github.com/KSPP/linux/issues/88
#1130: FILE: lnet/lnet/lib-disc-view.c:1832:
+	strcpy(svc->ds_name, name);

WARNING:MEMORY_BARRIER: memory barrier without comment
#1552: FILE: lnet/lnet/lib-disc-view.c:2366:
+	int count = smp_load_acquire(

WARNING:MEMORY_BARRIER: memory barrier without comment
#1607: FILE: lnet/lnet/lib-disc-view.c:2481:
+	int count = smp_load_acquire(

WARNING:MEMORY_BARRIER: memory barrier without comment
#2100: FILE: lnet/lnet/lib-disc-view.c:3238:
+		smp_wmb();

WARNING:MEMORY_BARRIER: memory barrier without comment
#2107: FILE: lnet/lnet/lib-disc-view.c:3245:
+		smp_store_release(&lnet_disc_active_policy_count,

total: 0 errors, 14 warnings, 2156 lines checked

NOTE: For some of the reported defects, checkpatch may be able to
      mechanically convert to the typical style using --fix or --fix-inplace.

Your patch has style problems, please review.

NOTE: If any of the errors are false positives, please report
      them to the maintainer, see CHECKPATCH in MAINTAINERS.
