CLI: ./podman-ktest --podman-socket unix:///run/podman/podman.sock --shared-filesystem /tmp --tarball-input job lustre-ci --output /var/www/ci-lustre/upstream-patch-review --git-hash 891805d0136bc74f6c3e202b4534f6446e9b3813 --change-id 65414_891805d0136bc74f6c3e202b4534f6446e9b3813 --subject LU-19921 ptlrpc: update nodemap for gssiam

Environment validated successfully
Note: custom LLVM is not synced in tarball input mode
Creating kernel tarball at /tmp/ktest-kernel.tar.gz...
Creating lustre tarball at /tmp/ktest-lustre.tar.gz...
Creating ZFS tarball at /tmp/ktest-zfs.tar.gz...
Executing 14 jobs
Jobs will start as soon as their dependencies are satisfied
Using tarball input mode

START al2023:al2023 build tests/fs/lustre/boot.ktest
START checkpatch:checkpatch tool checkpatch
START ml:lustre_mainline build tests/fs/lustre/boot.ktest
START ml-strict:lustre_mainline build tests/fs/lustre/boot-strict.ktest
START u24:u24 build tests/fs/lustre/boot.ktest
START ml-miscvm:lustre_mainline_native build tests/fs/lustre/boot.ktest
PUT /tmp/ktest-lustre.tar.gz 1s
PUT /tmp/ktest-lustre.tar.gz 1s
PUT /tmp/ktest-kernel.tar.gz 8s
PUT /tmp/ktest-kernel.tar.gz 8s
PUT /tmp/ktest-kernel.tar.gz 8s
PUT /tmp/ktest-kernel.tar.gz 9s
PUT /tmp/ktest-lustre.tar.gz 3s
PUT /tmp/ktest-lustre.tar.gz 4s
PUT /tmp/ktest-lustre.tar.gz 3s
PUT /tmp/ktest-lustre.tar.gz 3s
PUT /tmp/ktest-zfs.tar.gz 0s
PUT /tmp/ktest-zfs.tar.gz 0s
PUT /tmp/ktest-zfs.tar.gz 0s
END checkpatch:checkpatch tool checkpatch FAIL 15s (exit code: 1)
END al2023:al2023 build tests/fs/lustre/boot.ktest PASS 57s
END u24:u24 build tests/fs/lustre/boot.ktest PASS 58s
GET /tmp/ktest_ml-strict:lustre_mainline_32jwghbz.tar 8s
END ml-strict:lustre_mainline build tests/fs/lustre/boot-strict.ktest FAIL 212s (exit code: 1)
GET /tmp/ktest_ml-miscvm:lustre_mainline_native_x7m1ndct.tar 0s
GET /tmp/ktest_ml:lustre_mainline_wwe5nlot.tar 0s
END ml-miscvm:lustre_mainline_native build tests/fs/lustre/boot.ktest PASS 225s
START ml-miscvm:boot run tests/fs/lustre/boot.ktest
START ml-miscvm:llmount run tests/fs/lustre/llmount.ktest
START ml-miscvm:llog-unit run tests/fs/lustre/llog-unit.ktest
START ml-miscvm:mgs-setup run tests/fs/lustre/mgs-setup.ktest
START ml-miscvm:sanity-1 run tests/fs/lustre/sanity/sanity-1.ktest
START ml-miscvm:sanity-2 run tests/fs/lustre/sanity/sanity-2.ktest
START ml-miscvm:sanity-3 run tests/fs/lustre/sanity/sanity-3.ktest
START ml-miscvm:sanity-4 run tests/fs/lustre/sanity/sanity-4.ktest
END ml:lustre_mainline build tests/fs/lustre/boot.ktest PASS 227s
PUT /tmp/ktest-kernel.tar.gz 33s
PUT /tmp/ktest-kernel.tar.gz 33s
PUT /tmp/ktest-kernel.tar.gz 33s
PUT /tmp/ktest-kernel.tar.gz 33s
PUT /tmp/ktest-kernel.tar.gz 34s
PUT /tmp/ktest-kernel.tar.gz 34s
PUT /tmp/ktest-kernel.tar.gz 33s
PUT /tmp/ktest-kernel.tar.gz 34s
PUT /tmp/ktest-lustre.tar.gz 12s
PUT /tmp/ktest-lustre.tar.gz 12s
PUT /tmp/ktest-lustre.tar.gz 11s
PUT /tmp/ktest-lustre.tar.gz 11s
PUT /tmp/ktest-lustre.tar.gz 12s
PUT /tmp/ktest-lustre.tar.gz 11s
PUT /tmp/ktest-lustre.tar.gz 11s
PUT /tmp/ktest-lustre.tar.gz 11s
PUT /tmp/ktest_ml-miscvm:lustre_mainline_native_x7m1ndct.tar 0s
PUT /tmp/ktest_ml-miscvm:lustre_mainline_native_x7m1ndct.tar 1s
PUT /tmp/ktest_ml-miscvm:lustre_mainline_native_x7m1ndct.tar 1s
PUT /tmp/ktest_ml-miscvm:lustre_mainline_native_x7m1ndct.tar 1s
PUT /tmp/ktest_ml-miscvm:lustre_mainline_native_x7m1ndct.tar 1s
PUT /tmp/ktest_ml-miscvm:lustre_mainline_native_x7m1ndct.tar 1s
PUT /tmp/ktest_ml-miscvm:lustre_mainline_native_x7m1ndct.tar 1s
PUT /tmp/ktest_ml-miscvm:lustre_mainline_native_x7m1ndct.tar 1s
END ml-miscvm:boot run tests/fs/lustre/boot.ktest PASS 82s
END ml-miscvm:mgs-setup run tests/fs/lustre/mgs-setup.ktest PASS 93s
END ml-miscvm:sanity-4 run tests/fs/lustre/sanity/sanity-4.ktest PASS 115s
END ml-miscvm:sanity-2 run tests/fs/lustre/sanity/sanity-2.ktest PASS 117s
END ml-miscvm:sanity-3 run tests/fs/lustre/sanity/sanity-3.ktest PASS 120s
END ml-miscvm:sanity-1 run tests/fs/lustre/sanity/sanity-1.ktest PASS 121s
END ml-miscvm:llmount run tests/fs/lustre/llmount.ktest PASS 147s
END ml-miscvm:llog-unit run tests/fs/lustre/llog-unit.ktest FAIL 188s (exit code: 1)

============================================================
Final Results:
  checkpatch:checkpatch: FAIL (15s) (log: /var/www/ci-lustre/upstream-patch-review/891805d0136bc74f6c3e202b4534f6446e9b3813_checkpatch:checkpatch.log)
  u24:u24: PASS (58s) (log: /var/www/ci-lustre/upstream-patch-review/891805d0136bc74f6c3e202b4534f6446e9b3813_u24:u24.log)
  al2023:al2023: PASS (57s) (log: /var/www/ci-lustre/upstream-patch-review/891805d0136bc74f6c3e202b4534f6446e9b3813_al2023:al2023.log)
  ml-strict:lustre_mainline: FAIL (212s) (log: /var/www/ci-lustre/upstream-patch-review/891805d0136bc74f6c3e202b4534f6446e9b3813_ml-strict:lustre_mainline.log)
  ml:lustre_mainline: PASS (227s) (log: /var/www/ci-lustre/upstream-patch-review/891805d0136bc74f6c3e202b4534f6446e9b3813_ml:lustre_mainline.log)
  ml-miscvm:lustre_mainline_native: PASS (225s) (log: /var/www/ci-lustre/upstream-patch-review/891805d0136bc74f6c3e202b4534f6446e9b3813_ml-miscvm:lustre_mainline_native.log)
  ml-miscvm:boot: PASS (82s) (log: /var/www/ci-lustre/upstream-patch-review/891805d0136bc74f6c3e202b4534f6446e9b3813_ml-miscvm:boot.log)
  ml-miscvm:llmount: PASS (147s) (log: /var/www/ci-lustre/upstream-patch-review/891805d0136bc74f6c3e202b4534f6446e9b3813_ml-miscvm:llmount.log)
  ml-miscvm:llog-unit: FAIL (188s) (log: /var/www/ci-lustre/upstream-patch-review/891805d0136bc74f6c3e202b4534f6446e9b3813_ml-miscvm:llog-unit.log)
  ml-miscvm:mgs-setup: PASS (93s) (log: /var/www/ci-lustre/upstream-patch-review/891805d0136bc74f6c3e202b4534f6446e9b3813_ml-miscvm:mgs-setup.log)
  ml-miscvm:sanity-1: PASS (121s) (log: /var/www/ci-lustre/upstream-patch-review/891805d0136bc74f6c3e202b4534f6446e9b3813_ml-miscvm:sanity-1.log)
  ml-miscvm:sanity-2: PASS (117s) (log: /var/www/ci-lustre/upstream-patch-review/891805d0136bc74f6c3e202b4534f6446e9b3813_ml-miscvm:sanity-2.log)
  ml-miscvm:sanity-3: PASS (120s) (log: /var/www/ci-lustre/upstream-patch-review/891805d0136bc74f6c3e202b4534f6446e9b3813_ml-miscvm:sanity-3.log)
  ml-miscvm:sanity-4: PASS (115s) (log: /var/www/ci-lustre/upstream-patch-review/891805d0136bc74f6c3e202b4534f6446e9b3813_ml-miscvm:sanity-4.log)

Total execution time: 444s
