CLI: ./pk --podman-socket unix:///run/user/1000/podman/podman.sock --shared-filesystem /tmp --tarball-input job lustre-ci --output /var/www/ci-lustre/upstream-patch-review --git-hash 896c54c4d6db88dec1674a80cd790b20ccd04c70 --change-id 64945_896c54c4d6db88dec1674a80cd790b20ccd04c70 --subject LU-20050 ptlrpc: fix import ref leak on sepol failure

Environment validated successfully
Note: custom LLVM is not synced in tarball input mode
Creating kernel tarball at /tmp/ktest-kernel.tar.gz...
Creating lustre tarball at /tmp/ktest-lustre.tar.gz...
Creating ZFS tarball at /tmp/ktest-zfs.tar.gz...
Executing 14 jobs
Jobs will start as soon as their dependencies are satisfied
Using tarball input mode

START ml-strict:lustre_mainline build tests/fs/lustre/boot-strict.ktest
START ml-miscvm:lustre_mainline_native build tests/fs/lustre/boot.ktest
START ml:lustre_mainline build tests/fs/lustre/boot.ktest
START al2023:al2023 build tests/fs/lustre/boot.ktest
START checkpatch:checkpatch tool checkpatch
START u24:u24 build tests/fs/lustre/boot.ktest
PUT /tmp/ktest-lustre.tar.gz 1s
PUT /tmp/ktest-lustre.tar.gz 2s
PUT /tmp/ktest-kernel.tar.gz 15s
PUT /tmp/ktest-kernel.tar.gz 15s
PUT /tmp/ktest-kernel.tar.gz 15s
PUT /tmp/ktest-kernel.tar.gz 16s
PUT /tmp/ktest-lustre.tar.gz 2s
PUT /tmp/ktest-lustre.tar.gz 2s
PUT /tmp/ktest-lustre.tar.gz 2s
PUT /tmp/ktest-lustre.tar.gz 2s
PUT /tmp/ktest-zfs.tar.gz 0s
PUT /tmp/ktest-zfs.tar.gz 0s
PUT /tmp/ktest-zfs.tar.gz 0s
END checkpatch:checkpatch tool checkpatch PASS 20s
END u24:u24 build tests/fs/lustre/boot.ktest PASS 48s
END al2023:al2023 build tests/fs/lustre/boot.ktest PASS 52s
GET /tmp/ktest_ml-strict:lustre_mainline_g5iodcqu.tar 6s
END ml-strict:lustre_mainline build tests/fs/lustre/boot-strict.ktest FAIL 160s (exit code: 1)
GET /tmp/ktest_ml-miscvm:lustre_mainline_native_vi6wv7q2.tar 0s
GET /tmp/ktest_ml:lustre_mainline_xia5t4c9.tar 0s
END ml-miscvm:lustre_mainline_native build tests/fs/lustre/boot.ktest PASS 168s
START ml-miscvm:boot run tests/fs/lustre/boot.ktest
START ml-miscvm:llmount run tests/fs/lustre/llmount.ktest
START ml-miscvm:llog-unit run tests/fs/lustre/llog-unit.ktest
START ml-miscvm:mgs-setup run tests/fs/lustre/mgs-setup.ktest
START ml-miscvm:sanity-1 run tests/fs/lustre/sanity/sanity-1.ktest
START ml-miscvm:sanity-2 run tests/fs/lustre/sanity/sanity-2.ktest
START ml-miscvm:sanity-3 run tests/fs/lustre/sanity/sanity-3.ktest
START ml-miscvm:sanity-4 run tests/fs/lustre/sanity/sanity-4.ktest
END ml:lustre_mainline build tests/fs/lustre/boot.ktest PASS 169s
PUT /tmp/ktest-kernel.tar.gz 36s
PUT /tmp/ktest-kernel.tar.gz 36s
PUT /tmp/ktest-kernel.tar.gz 36s
PUT /tmp/ktest-kernel.tar.gz 36s
PUT /tmp/ktest-kernel.tar.gz 36s
PUT /tmp/ktest-kernel.tar.gz 37s
PUT /tmp/ktest-kernel.tar.gz 37s
PUT /tmp/ktest-kernel.tar.gz 37s
PUT /tmp/ktest-lustre.tar.gz 15s
PUT /tmp/ktest-lustre.tar.gz 14s
PUT /tmp/ktest-lustre.tar.gz 14s
PUT /tmp/ktest-lustre.tar.gz 15s
PUT /tmp/ktest-lustre.tar.gz 14s
PUT /tmp/ktest-lustre.tar.gz 14s
PUT /tmp/ktest-lustre.tar.gz 14s
PUT /tmp/ktest-lustre.tar.gz 14s
PUT /tmp/ktest_ml-miscvm:lustre_mainline_native_vi6wv7q2.tar 2s
PUT /tmp/ktest_ml-miscvm:lustre_mainline_native_vi6wv7q2.tar 2s
PUT /tmp/ktest_ml-miscvm:lustre_mainline_native_vi6wv7q2.tar 2s
PUT /tmp/ktest_ml-miscvm:lustre_mainline_native_vi6wv7q2.tar 2s
PUT /tmp/ktest_ml-miscvm:lustre_mainline_native_vi6wv7q2.tar 2s
PUT /tmp/ktest_ml-miscvm:lustre_mainline_native_vi6wv7q2.tar 2s
PUT /tmp/ktest_ml-miscvm:lustre_mainline_native_vi6wv7q2.tar 3s
PUT /tmp/ktest_ml-miscvm:lustre_mainline_native_vi6wv7q2.tar 3s
END ml-miscvm:boot run tests/fs/lustre/boot.ktest PASS 70s
END ml-miscvm:mgs-setup run tests/fs/lustre/mgs-setup.ktest PASS 78s
END ml-miscvm:sanity-2 run tests/fs/lustre/sanity/sanity-2.ktest PASS 108s
END ml-miscvm:sanity-4 run tests/fs/lustre/sanity/sanity-4.ktest PASS 109s
END ml-miscvm:sanity-3 run tests/fs/lustre/sanity/sanity-3.ktest PASS 118s
END ml-miscvm:sanity-1 run tests/fs/lustre/sanity/sanity-1.ktest PASS 119s
END ml-miscvm:llmount run tests/fs/lustre/llmount.ktest PASS 130s
END ml-miscvm:llog-unit run tests/fs/lustre/llog-unit.ktest FAIL 154s (exit code: 1)

============================================================
Final Results:
  checkpatch:checkpatch: PASS (20s) (log: /var/www/ci-lustre/upstream-patch-review/896c54c4d6db88dec1674a80cd790b20ccd04c70_checkpatch:checkpatch.log)
  u24:u24: PASS (48s) (log: /var/www/ci-lustre/upstream-patch-review/896c54c4d6db88dec1674a80cd790b20ccd04c70_u24:u24.log)
  al2023:al2023: PASS (52s) (log: /var/www/ci-lustre/upstream-patch-review/896c54c4d6db88dec1674a80cd790b20ccd04c70_al2023:al2023.log)
  ml-strict:lustre_mainline: FAIL (160s) (log: /var/www/ci-lustre/upstream-patch-review/896c54c4d6db88dec1674a80cd790b20ccd04c70_ml-strict:lustre_mainline.log)
  ml:lustre_mainline: PASS (169s) (log: /var/www/ci-lustre/upstream-patch-review/896c54c4d6db88dec1674a80cd790b20ccd04c70_ml:lustre_mainline.log)
  ml-miscvm:lustre_mainline_native: PASS (168s) (log: /var/www/ci-lustre/upstream-patch-review/896c54c4d6db88dec1674a80cd790b20ccd04c70_ml-miscvm:lustre_mainline_native.log)
  ml-miscvm:boot: PASS (70s) (log: /var/www/ci-lustre/upstream-patch-review/896c54c4d6db88dec1674a80cd790b20ccd04c70_ml-miscvm:boot.log)
  ml-miscvm:llmount: PASS (130s) (log: /var/www/ci-lustre/upstream-patch-review/896c54c4d6db88dec1674a80cd790b20ccd04c70_ml-miscvm:llmount.log)
  ml-miscvm:llog-unit: FAIL (154s) (log: /var/www/ci-lustre/upstream-patch-review/896c54c4d6db88dec1674a80cd790b20ccd04c70_ml-miscvm:llog-unit.log)
  ml-miscvm:mgs-setup: PASS (78s) (log: /var/www/ci-lustre/upstream-patch-review/896c54c4d6db88dec1674a80cd790b20ccd04c70_ml-miscvm:mgs-setup.log)
  ml-miscvm:sanity-1: PASS (119s) (log: /var/www/ci-lustre/upstream-patch-review/896c54c4d6db88dec1674a80cd790b20ccd04c70_ml-miscvm:sanity-1.log)
  ml-miscvm:sanity-2: PASS (108s) (log: /var/www/ci-lustre/upstream-patch-review/896c54c4d6db88dec1674a80cd790b20ccd04c70_ml-miscvm:sanity-2.log)
  ml-miscvm:sanity-3: PASS (118s) (log: /var/www/ci-lustre/upstream-patch-review/896c54c4d6db88dec1674a80cd790b20ccd04c70_ml-miscvm:sanity-3.log)
  ml-miscvm:sanity-4: PASS (109s) (log: /var/www/ci-lustre/upstream-patch-review/896c54c4d6db88dec1674a80cd790b20ccd04c70_ml-miscvm:sanity-4.log)

Total execution time: 353s

Packed 6005 logs from /var/www/ci-lustre/upstream-patch-review into /home/ktest/ktest/local-site/local_data.js
Open /home/ktest/ktest/local-site/index.html in a browser
