CLI: ./pk --podman-socket unix:///run/user/1000/podman/podman.sock --shared-filesystem /tmp --tarball-input job lustre-ci --output /var/www/ci-lustre/upstream-patch-review --git-hash 89a1ed442809c7f08b8366919101cfc2f87a1a35 --change-id 66253_89a1ed442809c7f08b8366919101cfc2f87a1a35 --subject LU-19712 utils: Add only and not-pool options to lfs pool pin

Environment validated successfully
Note: custom LLVM is not synced in tarball input mode
Creating kernel tarball at /tmp/ktest-kernel.tar.gz...
Creating lustre tarball at /tmp/ktest-lustre.tar.gz...
Creating ZFS tarball at /tmp/ktest-zfs.tar.gz...
Executing 14 jobs
Jobs will start as soon as their dependencies are satisfied
Using tarball input mode

START ml-miscvm:lustre_mainline_native build tests/fs/lustre/boot.ktest
START ml:lustre_mainline build tests/fs/lustre/boot.ktest
START ml-strict:lustre_mainline build tests/fs/lustre/boot-strict.ktest
START checkpatch:checkpatch tool checkpatch
START u24:u24 build tests/fs/lustre/boot.ktest
START al2023:al2023 build tests/fs/lustre/boot.ktest
PUT /tmp/ktest-lustre.tar.gz 1s
PUT /tmp/ktest-lustre.tar.gz 1s
PUT /tmp/ktest-kernel.tar.gz 6s
PUT /tmp/ktest-kernel.tar.gz 6s
PUT /tmp/ktest-kernel.tar.gz 6s
PUT /tmp/ktest-kernel.tar.gz 7s
PUT /tmp/ktest-lustre.tar.gz 1s
PUT /tmp/ktest-lustre.tar.gz 1s
PUT /tmp/ktest-lustre.tar.gz 1s
PUT /tmp/ktest-lustre.tar.gz 1s
PUT /tmp/ktest-zfs.tar.gz 0s
PUT /tmp/ktest-zfs.tar.gz 0s
PUT /tmp/ktest-zfs.tar.gz 0s
END checkpatch:checkpatch tool checkpatch FAIL 11s (exit code: 1)
END u24:u24 build tests/fs/lustre/boot.ktest PASS 35s
END al2023:al2023 build tests/fs/lustre/boot.ktest PASS 45s
GET /tmp/ktest_ml-miscvm:lustre_mainline_native_8phwhg7l.tar 0s
END ml-miscvm:lustre_mainline_native build tests/fs/lustre/boot.ktest PASS 140s
START ml-miscvm:boot run tests/fs/lustre/boot.ktest
START ml-miscvm:llmount run tests/fs/lustre/llmount.ktest
START ml-miscvm:llog-unit run tests/fs/lustre/llog-unit.ktest
START ml-miscvm:mgs-setup run tests/fs/lustre/mgs-setup.ktest
START ml-miscvm:sanity-1 run tests/fs/lustre/sanity/sanity-1.ktest
START ml-miscvm:sanity-2 run tests/fs/lustre/sanity/sanity-2.ktest
START ml-miscvm:sanity-3 run tests/fs/lustre/sanity/sanity-3.ktest
START ml-miscvm:sanity-4 run tests/fs/lustre/sanity/sanity-4.ktest
GET /tmp/ktest_ml-strict:lustre_mainline_aban5v5g.tar 6s
END ml-strict:lustre_mainline build tests/fs/lustre/boot-strict.ktest FAIL 152s (exit code: 1)
PUT /tmp/ktest-kernel.tar.gz 15s
PUT /tmp/ktest-kernel.tar.gz 16s
PUT /tmp/ktest-kernel.tar.gz 16s
PUT /tmp/ktest-kernel.tar.gz 16s
PUT /tmp/ktest-kernel.tar.gz 16s
PUT /tmp/ktest-kernel.tar.gz 16s
PUT /tmp/ktest-kernel.tar.gz 16s
PUT /tmp/ktest-kernel.tar.gz 16s
GET /tmp/ktest_ml:lustre_mainline__7g6tx6h.tar 7s
END ml:lustre_mainline build tests/fs/lustre/boot.ktest PASS 160s
PUT /tmp/ktest-lustre.tar.gz 5s
PUT /tmp/ktest-lustre.tar.gz 4s
PUT /tmp/ktest-lustre.tar.gz 5s
PUT /tmp/ktest-lustre.tar.gz 5s
PUT /tmp/ktest-lustre.tar.gz 5s
PUT /tmp/ktest-lustre.tar.gz 5s
PUT /tmp/ktest-lustre.tar.gz 5s
PUT /tmp/ktest-lustre.tar.gz 6s
PUT /tmp/ktest_ml-miscvm:lustre_mainline_native_8phwhg7l.tar 0s
PUT /tmp/ktest_ml-miscvm:lustre_mainline_native_8phwhg7l.tar 0s
PUT /tmp/ktest_ml-miscvm:lustre_mainline_native_8phwhg7l.tar 0s
PUT /tmp/ktest_ml-miscvm:lustre_mainline_native_8phwhg7l.tar 1s
PUT /tmp/ktest_ml-miscvm:lustre_mainline_native_8phwhg7l.tar 1s
PUT /tmp/ktest_ml-miscvm:lustre_mainline_native_8phwhg7l.tar 1s
PUT /tmp/ktest_ml-miscvm:lustre_mainline_native_8phwhg7l.tar 1s
PUT /tmp/ktest_ml-miscvm:lustre_mainline_native_8phwhg7l.tar 1s
END ml-miscvm:boot run tests/fs/lustre/boot.ktest PASS 36s
END ml-miscvm:mgs-setup run tests/fs/lustre/mgs-setup.ktest PASS 45s
END ml-miscvm:sanity-3 run tests/fs/lustre/sanity/sanity-3.ktest PASS 74s
END ml-miscvm:sanity-2 run tests/fs/lustre/sanity/sanity-2.ktest PASS 76s
END ml-miscvm:sanity-4 run tests/fs/lustre/sanity/sanity-4.ktest PASS 77s
END ml-miscvm:sanity-1 run tests/fs/lustre/sanity/sanity-1.ktest PASS 87s
END ml-miscvm:llmount run tests/fs/lustre/llmount.ktest PASS 96s
END ml-miscvm:llog-unit run tests/fs/lustre/llog-unit.ktest FAIL 122s (exit code: 1)

============================================================
Final Results:
  checkpatch:checkpatch: FAIL (11s) (log: /var/www/ci-lustre/upstream-patch-review/89a1ed442809c7f08b8366919101cfc2f87a1a35_checkpatch:checkpatch.log)
  u24:u24: PASS (35s) (log: /var/www/ci-lustre/upstream-patch-review/89a1ed442809c7f08b8366919101cfc2f87a1a35_u24:u24.log)
  al2023:al2023: PASS (45s) (log: /var/www/ci-lustre/upstream-patch-review/89a1ed442809c7f08b8366919101cfc2f87a1a35_al2023:al2023.log)
  ml-strict:lustre_mainline: FAIL (152s) (log: /var/www/ci-lustre/upstream-patch-review/89a1ed442809c7f08b8366919101cfc2f87a1a35_ml-strict:lustre_mainline.log)
  ml:lustre_mainline: PASS (160s) (log: /var/www/ci-lustre/upstream-patch-review/89a1ed442809c7f08b8366919101cfc2f87a1a35_ml:lustre_mainline.log)
  ml-miscvm:lustre_mainline_native: PASS (140s) (log: /var/www/ci-lustre/upstream-patch-review/89a1ed442809c7f08b8366919101cfc2f87a1a35_ml-miscvm:lustre_mainline_native.log)
  ml-miscvm:boot: PASS (36s) (log: /var/www/ci-lustre/upstream-patch-review/89a1ed442809c7f08b8366919101cfc2f87a1a35_ml-miscvm:boot.log)
  ml-miscvm:llmount: PASS (96s) (log: /var/www/ci-lustre/upstream-patch-review/89a1ed442809c7f08b8366919101cfc2f87a1a35_ml-miscvm:llmount.log)
  ml-miscvm:llog-unit: FAIL (122s) (log: /var/www/ci-lustre/upstream-patch-review/89a1ed442809c7f08b8366919101cfc2f87a1a35_ml-miscvm:llog-unit.log)
  ml-miscvm:mgs-setup: PASS (45s) (log: /var/www/ci-lustre/upstream-patch-review/89a1ed442809c7f08b8366919101cfc2f87a1a35_ml-miscvm:mgs-setup.log)
  ml-miscvm:sanity-1: PASS (87s) (log: /var/www/ci-lustre/upstream-patch-review/89a1ed442809c7f08b8366919101cfc2f87a1a35_ml-miscvm:sanity-1.log)
  ml-miscvm:sanity-2: PASS (76s) (log: /var/www/ci-lustre/upstream-patch-review/89a1ed442809c7f08b8366919101cfc2f87a1a35_ml-miscvm:sanity-2.log)
  ml-miscvm:sanity-3: PASS (74s) (log: /var/www/ci-lustre/upstream-patch-review/89a1ed442809c7f08b8366919101cfc2f87a1a35_ml-miscvm:sanity-3.log)
  ml-miscvm:sanity-4: PASS (77s) (log: /var/www/ci-lustre/upstream-patch-review/89a1ed442809c7f08b8366919101cfc2f87a1a35_ml-miscvm:sanity-4.log)

Total execution time: 293s

Packed 1921 logs from /var/www/ci-lustre/upstream-patch-review into /home/ktest/ktest/local-site/local_data.js
Open /home/ktest/ktest/local-site/index.html in a browser
