WARNING:FILE_PATH_CHANGES: added, moved or deleted file(s), does MAINTAINERS need updating?
#19: 
new file mode 100644

ERROR:TRAILING_WHITESPACE: trailing whitespace
#87: FILE: ldiskfs/kernel_patches/patches/linux-7.1/ext4-dir-entry-len.patch:64:
+ $

ERROR:TRAILING_WHITESPACE: trailing whitespace
#118: FILE: ldiskfs/kernel_patches/patches/linux-7.1/ext4-dir-entry-len.patch:95:
+ $

ERROR:TRAILING_WHITESPACE: trailing whitespace
#120: FILE: ldiskfs/kernel_patches/patches/linux-7.1/ext4-dir-entry-len.patch:97:
+ $

ERROR:TRAILING_WHITESPACE: trailing whitespace
#136: FILE: ldiskfs/kernel_patches/patches/linux-7.1/ext4-dir-entry-len.patch:113:
+ $

ERROR:TRAILING_WHITESPACE: trailing whitespace
#149: FILE: ldiskfs/kernel_patches/patches/linux-7.1/ext4-dir-entry-len.patch:126:
+ $

ERROR:TRAILING_WHITESPACE: trailing whitespace
#153: FILE: ldiskfs/kernel_patches/patches/linux-7.1/ext4-dir-entry-len.patch:130:
+ $

ERROR:TRAILING_WHITESPACE: trailing whitespace
#161: FILE: ldiskfs/kernel_patches/patches/linux-7.1/ext4-dir-entry-len.patch:138:
+ $

ERROR:TRAILING_WHITESPACE: trailing whitespace
#174: FILE: ldiskfs/kernel_patches/patches/linux-7.1/ext4-dir-entry-len.patch:151:
+ $

ERROR:TRAILING_WHITESPACE: trailing whitespace
#220: FILE: ldiskfs/kernel_patches/patches/linux-7.1/ext4-dir-entry-len.patch:197:
+ $

ERROR:TRAILING_WHITESPACE: trailing whitespace
#235: FILE: ldiskfs/kernel_patches/patches/linux-7.1/ext4-dir-entry-len.patch:212:
+ $

ERROR:TRAILING_WHITESPACE: trailing whitespace
#240: FILE: ldiskfs/kernel_patches/patches/linux-7.1/ext4-dir-entry-len.patch:217:
+ $

ERROR:TRAILING_WHITESPACE: trailing whitespace
#246: FILE: ldiskfs/kernel_patches/patches/linux-7.1/ext4-dir-entry-len.patch:223:
+ $

ERROR:TRAILING_WHITESPACE: trailing whitespace
#261: FILE: ldiskfs/kernel_patches/patches/linux-7.1/ext4-dir-entry-len.patch:238:
+-- $

ERROR:TRAILING_WHITESPACE: trailing whitespace
#322: FILE: ldiskfs/kernel_patches/patches/linux-7.1/ext4-dirdata-core.patch:55:
+ $

ERROR:TRAILING_WHITESPACE: trailing whitespace
#325: FILE: ldiskfs/kernel_patches/patches/linux-7.1/ext4-dirdata-core.patch:58:
+ $

ERROR:TRAILING_WHITESPACE: trailing whitespace
#345: FILE: ldiskfs/kernel_patches/patches/linux-7.1/ext4-dirdata-core.patch:78:
+ $

ERROR:TRAILING_WHITESPACE: trailing whitespace
#368: FILE: ldiskfs/kernel_patches/patches/linux-7.1/ext4-dirdata-core.patch:101:
+ $

ERROR:TRAILING_WHITESPACE: trailing whitespace
#388: FILE: ldiskfs/kernel_patches/patches/linux-7.1/ext4-dirdata-core.patch:121:
+ $

ERROR:TRAILING_WHITESPACE: trailing whitespace
#408: FILE: ldiskfs/kernel_patches/patches/linux-7.1/ext4-dirdata-core.patch:141:
+ $

ERROR:TRAILING_WHITESPACE: trailing whitespace
#414: FILE: ldiskfs/kernel_patches/patches/linux-7.1/ext4-dirdata-core.patch:147:
+ $

ERROR:TRAILING_WHITESPACE: trailing whitespace
#421: FILE: ldiskfs/kernel_patches/patches/linux-7.1/ext4-dirdata-core.patch:154:
+ $

ERROR:TRAILING_WHITESPACE: trailing whitespace
#423: FILE: ldiskfs/kernel_patches/patches/linux-7.1/ext4-dirdata-core.patch:156:
+ $

ERROR:TRAILING_WHITESPACE: trailing whitespace
#445: FILE: ldiskfs/kernel_patches/patches/linux-7.1/ext4-dirdata-core.patch:178:
+ $

ERROR:TRAILING_WHITESPACE: trailing whitespace
#465: FILE: ldiskfs/kernel_patches/patches/linux-7.1/ext4-dirdata-core.patch:198:
+ $

ERROR:TRAILING_WHITESPACE: trailing whitespace
#487: FILE: ldiskfs/kernel_patches/patches/linux-7.1/ext4-dirdata-core.patch:220:
+ $

ERROR:TRAILING_WHITESPACE: trailing whitespace
#501: FILE: ldiskfs/kernel_patches/patches/linux-7.1/ext4-dirdata-core.patch:234:
+ $

ERROR:TRAILING_WHITESPACE: trailing whitespace
#516: FILE: ldiskfs/kernel_patches/patches/linux-7.1/ext4-dirdata-core.patch:249:
+ $

ERROR:TRAILING_WHITESPACE: trailing whitespace
#529: FILE: ldiskfs/kernel_patches/patches/linux-7.1/ext4-dirdata-core.patch:262:
+ $

ERROR:TRAILING_WHITESPACE: trailing whitespace
#531: FILE: ldiskfs/kernel_patches/patches/linux-7.1/ext4-dirdata-core.patch:264:
+ $

ERROR:TRAILING_WHITESPACE: trailing whitespace
#545: FILE: ldiskfs/kernel_patches/patches/linux-7.1/ext4-dirdata-core.patch:278:
+ $

ERROR:TRAILING_WHITESPACE: trailing whitespace
#614: FILE: ldiskfs/kernel_patches/patches/linux-7.1/ext4-dirdata-core.patch:347:
+ $

ERROR:TRAILING_WHITESPACE: trailing whitespace
#658: FILE: ldiskfs/kernel_patches/patches/linux-7.1/ext4-dirdata-core.patch:391:
+ $

ERROR:TRAILING_WHITESPACE: trailing whitespace
#701: FILE: ldiskfs/kernel_patches/patches/linux-7.1/ext4-dirdata-core.patch:434:
+ $

ERROR:TRAILING_WHITESPACE: trailing whitespace
#703: FILE: ldiskfs/kernel_patches/patches/linux-7.1/ext4-dirdata-core.patch:436:
+ $

ERROR:TRAILING_WHITESPACE: trailing whitespace
#718: FILE: ldiskfs/kernel_patches/patches/linux-7.1/ext4-dirdata-core.patch:451:
+ $

ERROR:TRAILING_WHITESPACE: trailing whitespace
#727: FILE: ldiskfs/kernel_patches/patches/linux-7.1/ext4-dirdata-core.patch:460:
+ $

ERROR:TRAILING_WHITESPACE: trailing whitespace
#731: FILE: ldiskfs/kernel_patches/patches/linux-7.1/ext4-dirdata-core.patch:464:
+ $

ERROR:TRAILING_WHITESPACE: trailing whitespace
#744: FILE: ldiskfs/kernel_patches/patches/linux-7.1/ext4-dirdata-core.patch:477:
+ $

ERROR:TRAILING_WHITESPACE: trailing whitespace
#748: FILE: ldiskfs/kernel_patches/patches/linux-7.1/ext4-dirdata-core.patch:481:
+ $

ERROR:TRAILING_WHITESPACE: trailing whitespace
#757: FILE: ldiskfs/kernel_patches/patches/linux-7.1/ext4-dirdata-core.patch:490:
+ $

ERROR:TRAILING_WHITESPACE: trailing whitespace
#763: FILE: ldiskfs/kernel_patches/patches/linux-7.1/ext4-dirdata-core.patch:496:
+ $

ERROR:TRAILING_WHITESPACE: trailing whitespace
#872: FILE: ldiskfs/kernel_patches/patches/linux-7.1/ext4-dirdata-core.patch:605:
+ $

ERROR:TRAILING_WHITESPACE: trailing whitespace
#876: FILE: ldiskfs/kernel_patches/patches/linux-7.1/ext4-dirdata-core.patch:609:
+ $

ERROR:TRAILING_WHITESPACE: trailing whitespace
#878: FILE: ldiskfs/kernel_patches/patches/linux-7.1/ext4-dirdata-core.patch:611:
+ $

ERROR:TRAILING_WHITESPACE: trailing whitespace
#908: FILE: ldiskfs/kernel_patches/patches/linux-7.1/ext4-dirdata-core.patch:641:
+ $

ERROR:TRAILING_WHITESPACE: trailing whitespace
#931: FILE: ldiskfs/kernel_patches/patches/linux-7.1/ext4-dirdata-core.patch:664:
+ $

ERROR:TRAILING_WHITESPACE: trailing whitespace
#958: FILE: ldiskfs/kernel_patches/patches/linux-7.1/ext4-dirdata-core.patch:691:
+ $

ERROR:TRAILING_WHITESPACE: trailing whitespace
#1069: FILE: ldiskfs/kernel_patches/patches/linux-7.1/ext4-dirdata-lustre-compat.patch:50:
+ $

ERROR:TRAILING_WHITESPACE: trailing whitespace
#1072: FILE: ldiskfs/kernel_patches/patches/linux-7.1/ext4-dirdata-lustre-compat.patch:53:
+ $

ERROR:TRAILING_WHITESPACE: trailing whitespace
#1078: FILE: ldiskfs/kernel_patches/patches/linux-7.1/ext4-dirdata-lustre-compat.patch:59:
+ $

ERROR:TRAILING_WHITESPACE: trailing whitespace
#1092: FILE: ldiskfs/kernel_patches/patches/linux-7.1/ext4-dirdata-lustre-compat.patch:73:
+ $

ERROR:TRAILING_WHITESPACE: trailing whitespace
#1105: FILE: ldiskfs/kernel_patches/patches/linux-7.1/ext4-dirdata-lustre-compat.patch:86:
+ $

ERROR:TRAILING_WHITESPACE: trailing whitespace
#1126: FILE: ldiskfs/kernel_patches/patches/linux-7.1/ext4-dirdata-lustre-compat.patch:107:
+ $

ERROR:TRAILING_WHITESPACE: trailing whitespace
#1134: FILE: ldiskfs/kernel_patches/patches/linux-7.1/ext4-dirdata-lustre-compat.patch:115:
+ $

ERROR:TRAILING_WHITESPACE: trailing whitespace
#1143: FILE: ldiskfs/kernel_patches/patches/linux-7.1/ext4-dirdata-lustre-compat.patch:124:
+ $

ERROR:TRAILING_WHITESPACE: trailing whitespace
#1150: FILE: ldiskfs/kernel_patches/patches/linux-7.1/ext4-dirdata-lustre-compat.patch:131:
+ $

ERROR:TRAILING_WHITESPACE: trailing whitespace
#1152: FILE: ldiskfs/kernel_patches/patches/linux-7.1/ext4-dirdata-lustre-compat.patch:133:
+ $

ERROR:TRAILING_WHITESPACE: trailing whitespace
#1160: FILE: ldiskfs/kernel_patches/patches/linux-7.1/ext4-dirdata-lustre-compat.patch:141:
+ $

ERROR:TRAILING_WHITESPACE: trailing whitespace
#1168: FILE: ldiskfs/kernel_patches/patches/linux-7.1/ext4-dirdata-lustre-compat.patch:149:
+ $

ERROR:TRAILING_WHITESPACE: trailing whitespace
#1174: FILE: ldiskfs/kernel_patches/patches/linux-7.1/ext4-dirdata-lustre-compat.patch:155:
+ $

ERROR:TRAILING_WHITESPACE: trailing whitespace
#1177: FILE: ldiskfs/kernel_patches/patches/linux-7.1/ext4-dirdata-lustre-compat.patch:158:
+ $

ERROR:TRAILING_WHITESPACE: trailing whitespace
#1184: FILE: ldiskfs/kernel_patches/patches/linux-7.1/ext4-dirdata-lustre-compat.patch:165:
+ $

ERROR:TRAILING_WHITESPACE: trailing whitespace
#1215: FILE: ldiskfs/kernel_patches/patches/linux-7.1/ext4-dirdata-lustre-compat.patch:196:
+ $

ERROR:TRAILING_WHITESPACE: trailing whitespace
#1245: FILE: ldiskfs/kernel_patches/patches/linux-7.1/ext4-dirdata-lustre-compat.patch:226:
+ $

ERROR:TRAILING_WHITESPACE: trailing whitespace
#1252: FILE: ldiskfs/kernel_patches/patches/linux-7.1/ext4-dirdata-lustre-compat.patch:233:
+-- $

ERROR:TRAILING_WHITESPACE: trailing whitespace
#1327: FILE: ldiskfs/kernel_patches/patches/linux-7.1/ext4-give-warning-with-dir-htree-growing.patch:69:
+ $

ERROR:TRAILING_WHITESPACE: trailing whitespace
#1344: FILE: ldiskfs/kernel_patches/patches/linux-7.1/ext4-give-warning-with-dir-htree-growing.patch:86:
+ $

ERROR:TRAILING_WHITESPACE: trailing whitespace
#1401: FILE: ldiskfs/kernel_patches/patches/linux-7.1/ext4-give-warning-with-dir-htree-growing.patch:143:
+ $

ERROR:TRAILING_WHITESPACE: trailing whitespace
#1424: FILE: ldiskfs/kernel_patches/patches/linux-7.1/ext4-give-warning-with-dir-htree-growing.patch:166:
+ $

ERROR:TRAILING_WHITESPACE: trailing whitespace
#1458: FILE: ldiskfs/kernel_patches/patches/linux-7.1/ext4-give-warning-with-dir-htree-growing.patch:200:
+ $

ERROR:TRAILING_WHITESPACE: trailing whitespace
#1477: FILE: ldiskfs/kernel_patches/patches/linux-7.1/ext4-give-warning-with-dir-htree-growing.patch:219:
+ $

ERROR:TRAILING_WHITESPACE: trailing whitespace
#1499: FILE: ldiskfs/kernel_patches/patches/linux-7.1/ext4-give-warning-with-dir-htree-growing.patch:241:
+-- $

ERROR:TRAILING_WHITESPACE: trailing whitespace
#1558: FILE: ldiskfs/kernel_patches/patches/linux-7.1/ext4-hash-indexed-dir-dotdot-update.patch:53:
+ $

ERROR:TRAILING_WHITESPACE: trailing whitespace
#1626: FILE: ldiskfs/kernel_patches/patches/linux-7.1/ext4-hash-indexed-dir-dotdot-update.patch:121:
+ $

ERROR:TRAILING_WHITESPACE: trailing whitespace
#1633: FILE: ldiskfs/kernel_patches/patches/linux-7.1/ext4-hash-indexed-dir-dotdot-update.patch:128:
+-- $

ERROR:TRAILING_WHITESPACE: trailing whitespace
#1670: FILE: ldiskfs/kernel_patches/patches/linux-7.1/ext4-kill-dx-root.patch:30:
+ $

ERROR:TRAILING_WHITESPACE: trailing whitespace
#1694: FILE: ldiskfs/kernel_patches/patches/linux-7.1/ext4-kill-dx-root.patch:54:
+ $

ERROR:TRAILING_WHITESPACE: trailing whitespace
#1710: FILE: ldiskfs/kernel_patches/patches/linux-7.1/ext4-kill-dx-root.patch:70:
+ $

ERROR:TRAILING_WHITESPACE: trailing whitespace
#1725: FILE: ldiskfs/kernel_patches/patches/linux-7.1/ext4-kill-dx-root.patch:85:
+ $

ERROR:TRAILING_WHITESPACE: trailing whitespace
#1769: FILE: ldiskfs/kernel_patches/patches/linux-7.1/ext4-kill-dx-root.patch:129:
+ $

ERROR:TRAILING_WHITESPACE: trailing whitespace
#1777: FILE: ldiskfs/kernel_patches/patches/linux-7.1/ext4-kill-dx-root.patch:137:
+ $

ERROR:TRAILING_WHITESPACE: trailing whitespace
#1786: FILE: ldiskfs/kernel_patches/patches/linux-7.1/ext4-kill-dx-root.patch:146:
+ $

ERROR:TRAILING_WHITESPACE: trailing whitespace
#1790: FILE: ldiskfs/kernel_patches/patches/linux-7.1/ext4-kill-dx-root.patch:150:
+ $

ERROR:TRAILING_WHITESPACE: trailing whitespace
#1800: FILE: ldiskfs/kernel_patches/patches/linux-7.1/ext4-kill-dx-root.patch:160:
+ $

ERROR:TRAILING_WHITESPACE: trailing whitespace
#1804: FILE: ldiskfs/kernel_patches/patches/linux-7.1/ext4-kill-dx-root.patch:164:
+ $

ERROR:TRAILING_WHITESPACE: trailing whitespace
#1813: FILE: ldiskfs/kernel_patches/patches/linux-7.1/ext4-kill-dx-root.patch:173:
+ $

ERROR:TRAILING_WHITESPACE: trailing whitespace
#1826: FILE: ldiskfs/kernel_patches/patches/linux-7.1/ext4-kill-dx-root.patch:186:
+ $

ERROR:TRAILING_WHITESPACE: trailing whitespace
#1843: FILE: ldiskfs/kernel_patches/patches/linux-7.1/ext4-kill-dx-root.patch:203:
+ $

ERROR:TRAILING_WHITESPACE: trailing whitespace
#1866: FILE: ldiskfs/kernel_patches/patches/linux-7.1/ext4-kill-dx-root.patch:226:
+ $

ERROR:TRAILING_WHITESPACE: trailing whitespace
#1885: FILE: ldiskfs/kernel_patches/patches/linux-7.1/ext4-kill-dx-root.patch:245:
+ $

ERROR:TRAILING_WHITESPACE: trailing whitespace
#1890: FILE: ldiskfs/kernel_patches/patches/linux-7.1/ext4-kill-dx-root.patch:250:
+ $

ERROR:TRAILING_WHITESPACE: trailing whitespace
#1899: FILE: ldiskfs/kernel_patches/patches/linux-7.1/ext4-kill-dx-root.patch:259:
+ $

ERROR:TRAILING_WHITESPACE: trailing whitespace
#1906: FILE: ldiskfs/kernel_patches/patches/linux-7.1/ext4-kill-dx-root.patch:266:
+ $

ERROR:TRAILING_WHITESPACE: trailing whitespace
#1911: FILE: ldiskfs/kernel_patches/patches/linux-7.1/ext4-kill-dx-root.patch:271:
+ $

ERROR:TRAILING_WHITESPACE: trailing whitespace
#1940: FILE: ldiskfs/kernel_patches/patches/linux-7.1/ext4-kill-dx-root.patch:300:
+ $

ERROR:TRAILING_WHITESPACE: trailing whitespace
#1968: FILE: ldiskfs/kernel_patches/patches/linux-7.1/ext4-kill-dx-root.patch:328:
+-- $

ERROR:TRAILING_WHITESPACE: trailing whitespace
#2028: FILE: ldiskfs/kernel_patches/patches/linux-7.1/ext4-lookup-dotdot.patch:54:
+ $

ERROR:TRAILING_WHITESPACE: trailing whitespace
#2031: FILE: ldiskfs/kernel_patches/patches/linux-7.1/ext4-lookup-dotdot.patch:57:
+-- $

ERROR:TRAILING_WHITESPACE: trailing whitespace
#2049: FILE: ldiskfs/kernel_patches/patches/linux-7.1/ext4-mballoc-pa-free-mismatch.patch:11:
+Reviewed-by: Rahul Deshmukh <rahul.deshmukh@sun.com> $

ERROR:TRAILING_WHITESPACE: trailing whitespace
#2063: FILE: ldiskfs/kernel_patches/patches/linux-7.1/ext4-mballoc-pa-free-mismatch.patch:25:
+ $

ERROR:TRAILING_WHITESPACE: trailing whitespace
#2071: FILE: ldiskfs/kernel_patches/patches/linux-7.1/ext4-mballoc-pa-free-mismatch.patch:33:
+ $

ERROR:TRAILING_WHITESPACE: trailing whitespace
#2077: FILE: ldiskfs/kernel_patches/patches/linux-7.1/ext4-mballoc-pa-free-mismatch.patch:39:
+ $

ERROR:TRAILING_WHITESPACE: trailing whitespace
#2117: FILE: ldiskfs/kernel_patches/patches/linux-7.1/ext4-mballoc-pa-free-mismatch.patch:79:
+ $

ERROR:TRAILING_WHITESPACE: trailing whitespace
#2155: FILE: ldiskfs/kernel_patches/patches/linux-7.1/ext4-mballoc-pa-free-mismatch.patch:117:
+-- $

ERROR:TRAILING_WHITESPACE: trailing whitespace
#2201: FILE: ldiskfs/kernel_patches/patches/linux-7.1/ext4-pdirop.patch:39:
+ $

ERROR:TRAILING_WHITESPACE: trailing whitespace
#2222: FILE: ldiskfs/kernel_patches/patches/linux-7.1/ext4-pdirop.patch:60:
+ $

ERROR:TRAILING_WHITESPACE: trailing whitespace
#2232: FILE: ldiskfs/kernel_patches/patches/linux-7.1/ext4-pdirop.patch:70:
+ $

ERROR:TRAILING_WHITESPACE: trailing whitespace
#2332: FILE: ldiskfs/kernel_patches/patches/linux-7.1/ext4-pdirop.patch:170:
+ $

ERROR:TRAILING_WHITESPACE: trailing whitespace
#2337: FILE: ldiskfs/kernel_patches/patches/linux-7.1/ext4-pdirop.patch:175:
+ $

ERROR:TRAILING_WHITESPACE: trailing whitespace
#2357: FILE: ldiskfs/kernel_patches/patches/linux-7.1/ext4-pdirop.patch:195:
+ $

ERROR:TRAILING_WHITESPACE: trailing whitespace
#2373: FILE: ldiskfs/kernel_patches/patches/linux-7.1/ext4-pdirop.patch:211:
+ $

ERROR:TRAILING_WHITESPACE: trailing whitespace
#2381: FILE: ldiskfs/kernel_patches/patches/linux-7.1/ext4-pdirop.patch:219:
+ $

ERROR:TRAILING_WHITESPACE: trailing whitespace
#2384: FILE: ldiskfs/kernel_patches/patches/linux-7.1/ext4-pdirop.patch:222:
+ $

ERROR:TRAILING_WHITESPACE: trailing whitespace
#2402: FILE: ldiskfs/kernel_patches/patches/linux-7.1/ext4-pdirop.patch:240:
+ $

WARNING:TYPO_SPELLING: 'mutiple' may be misspelled - perhaps 'multiple'?
#2543: FILE: ldiskfs/kernel_patches/patches/linux-7.1/ext4-pdirop.patch:381:
++	/* NB: it's safe to call mutiple times or even it's not locked */
  	                         ^^^^^^^

ERROR:TRAILING_WHITESPACE: trailing whitespace
#2773: FILE: ldiskfs/kernel_patches/patches/linux-7.1/ext4-pdirop.patch:611:
+ $

ERROR:TRAILING_WHITESPACE: trailing whitespace
#2795: FILE: ldiskfs/kernel_patches/patches/linux-7.1/ext4-pdirop.patch:633:
+ $

ERROR:TRAILING_WHITESPACE: trailing whitespace
#2820: FILE: ldiskfs/kernel_patches/patches/linux-7.1/ext4-pdirop.patch:658:
+ $

ERROR:TRAILING_WHITESPACE: trailing whitespace
#2860: FILE: ldiskfs/kernel_patches/patches/linux-7.1/ext4-pdirop.patch:698:
+ $

ERROR:TRAILING_WHITESPACE: trailing whitespace
#2873: FILE: ldiskfs/kernel_patches/patches/linux-7.1/ext4-pdirop.patch:711:
+ $

ERROR:TRAILING_WHITESPACE: trailing whitespace
#2876: FILE: ldiskfs/kernel_patches/patches/linux-7.1/ext4-pdirop.patch:714:
+ $

ERROR:TRAILING_WHITESPACE: trailing whitespace
#2881: FILE: ldiskfs/kernel_patches/patches/linux-7.1/ext4-pdirop.patch:719:
+ $

ERROR:TRAILING_WHITESPACE: trailing whitespace
#2887: FILE: ldiskfs/kernel_patches/patches/linux-7.1/ext4-pdirop.patch:725:
+ $

ERROR:TRAILING_WHITESPACE: trailing whitespace
#2890: FILE: ldiskfs/kernel_patches/patches/linux-7.1/ext4-pdirop.patch:728:
+ $

ERROR:TRAILING_WHITESPACE: trailing whitespace
#2894: FILE: ldiskfs/kernel_patches/patches/linux-7.1/ext4-pdirop.patch:732:
+ $

ERROR:TRAILING_WHITESPACE: trailing whitespace
#2913: FILE: ldiskfs/kernel_patches/patches/linux-7.1/ext4-pdirop.patch:751:
+ $

ERROR:TRAILING_WHITESPACE: trailing whitespace
#2935: FILE: ldiskfs/kernel_patches/patches/linux-7.1/ext4-pdirop.patch:773:
+ $

ERROR:TRAILING_WHITESPACE: trailing whitespace
#2953: FILE: ldiskfs/kernel_patches/patches/linux-7.1/ext4-pdirop.patch:791:
+ $

ERROR:TRAILING_WHITESPACE: trailing whitespace
#2980: FILE: ldiskfs/kernel_patches/patches/linux-7.1/ext4-pdirop.patch:818:
+ $

ERROR:TRAILING_WHITESPACE: trailing whitespace
#2988: FILE: ldiskfs/kernel_patches/patches/linux-7.1/ext4-pdirop.patch:826:
+ $

ERROR:TRAILING_WHITESPACE: trailing whitespace
#3011: FILE: ldiskfs/kernel_patches/patches/linux-7.1/ext4-pdirop.patch:849:
+ $

ERROR:TRAILING_WHITESPACE: trailing whitespace
#3024: FILE: ldiskfs/kernel_patches/patches/linux-7.1/ext4-pdirop.patch:862:
+ $

ERROR:TRAILING_WHITESPACE: trailing whitespace
#3031: FILE: ldiskfs/kernel_patches/patches/linux-7.1/ext4-pdirop.patch:869:
+ $

ERROR:TRAILING_WHITESPACE: trailing whitespace
#3033: FILE: ldiskfs/kernel_patches/patches/linux-7.1/ext4-pdirop.patch:871:
+ $

ERROR:TRAILING_WHITESPACE: trailing whitespace
#3041: FILE: ldiskfs/kernel_patches/patches/linux-7.1/ext4-pdirop.patch:879:
+ $

ERROR:TRAILING_WHITESPACE: trailing whitespace
#3053: FILE: ldiskfs/kernel_patches/patches/linux-7.1/ext4-pdirop.patch:891:
+ $

ERROR:TRAILING_WHITESPACE: trailing whitespace
#3064: FILE: ldiskfs/kernel_patches/patches/linux-7.1/ext4-pdirop.patch:902:
+ $

ERROR:TRAILING_WHITESPACE: trailing whitespace
#3145: FILE: ldiskfs/kernel_patches/patches/linux-7.1/ext4-pdirop.patch:983:
+ $

ERROR:TRAILING_WHITESPACE: trailing whitespace
#3159: FILE: ldiskfs/kernel_patches/patches/linux-7.1/ext4-pdirop.patch:997:
+ $

ERROR:TRAILING_WHITESPACE: trailing whitespace
#3165: FILE: ldiskfs/kernel_patches/patches/linux-7.1/ext4-pdirop.patch:1003:
+-- $

ERROR:TRAILING_WHITESPACE: trailing whitespace
#3198: FILE: ldiskfs/kernel_patches/patches/linux-7.1/ext4-prealloc.patch:26:
+ $

ERROR:TRAILING_WHITESPACE: trailing whitespace
#3221: FILE: ldiskfs/kernel_patches/patches/linux-7.1/ext4-prealloc.patch:49:
+ $

ERROR:TRAILING_WHITESPACE: trailing whitespace
#3233: FILE: ldiskfs/kernel_patches/patches/linux-7.1/ext4-prealloc.patch:61:
+ $

ERROR:TRAILING_WHITESPACE: trailing whitespace
#3239: FILE: ldiskfs/kernel_patches/patches/linux-7.1/ext4-prealloc.patch:67:
+ $

ERROR:TRAILING_WHITESPACE: trailing whitespace
#3246: FILE: ldiskfs/kernel_patches/patches/linux-7.1/ext4-prealloc.patch:74:
+ $

ERROR:TRAILING_WHITESPACE: trailing whitespace
#3359: FILE: ldiskfs/kernel_patches/patches/linux-7.1/ext4-prealloc.patch:187:
+ $

ERROR:TRAILING_WHITESPACE: trailing whitespace
#3391: FILE: ldiskfs/kernel_patches/patches/linux-7.1/ext4-prealloc.patch:219:
+ $

ERROR:TRAILING_WHITESPACE: trailing whitespace
#3403: FILE: ldiskfs/kernel_patches/patches/linux-7.1/ext4-prealloc.patch:231:
+ $

ERROR:TRAILING_WHITESPACE: trailing whitespace
#3408: FILE: ldiskfs/kernel_patches/patches/linux-7.1/ext4-prealloc.patch:236:
+ $

ERROR:TRAILING_WHITESPACE: trailing whitespace
#3412: FILE: ldiskfs/kernel_patches/patches/linux-7.1/ext4-prealloc.patch:240:
+ $

ERROR:TRAILING_WHITESPACE: trailing whitespace
#3415: FILE: ldiskfs/kernel_patches/patches/linux-7.1/ext4-prealloc.patch:243:
+ $

ERROR:TRAILING_WHITESPACE: trailing whitespace
#3429: FILE: ldiskfs/kernel_patches/patches/linux-7.1/ext4-prealloc.patch:257:
+ $

ERROR:TRAILING_WHITESPACE: trailing whitespace
#3438: FILE: ldiskfs/kernel_patches/patches/linux-7.1/ext4-prealloc.patch:266:
+ $

ERROR:TRAILING_WHITESPACE: trailing whitespace
#3443: FILE: ldiskfs/kernel_patches/patches/linux-7.1/ext4-prealloc.patch:271:
+ $

ERROR:TRAILING_WHITESPACE: trailing whitespace
#3510: FILE: ldiskfs/kernel_patches/patches/linux-7.1/ext4-prealloc.patch:338:
+ $

ERROR:TRAILING_WHITESPACE: trailing whitespace
#3518: FILE: ldiskfs/kernel_patches/patches/linux-7.1/ext4-prealloc.patch:346:
+ $

ERROR:TRAILING_WHITESPACE: trailing whitespace
#3520: FILE: ldiskfs/kernel_patches/patches/linux-7.1/ext4-prealloc.patch:348:
+ $

ERROR:TRAILING_WHITESPACE: trailing whitespace
#3523: FILE: ldiskfs/kernel_patches/patches/linux-7.1/ext4-prealloc.patch:351:
+ $

ERROR:TRAILING_WHITESPACE: trailing whitespace
#3530: FILE: ldiskfs/kernel_patches/patches/linux-7.1/ext4-prealloc.patch:358:
+ $

ERROR:TRAILING_WHITESPACE: trailing whitespace
#3535: FILE: ldiskfs/kernel_patches/patches/linux-7.1/ext4-prealloc.patch:363:
+ $

ERROR:TRAILING_WHITESPACE: trailing whitespace
#3578: FILE: ldiskfs/kernel_patches/patches/linux-7.1/ext4-prealloc.patch:406:
+-- $

total: 160 errors, 2 warnings, 3559 lines checked

NOTE: For some of the reported defects, checkpatch may be able to
      mechanically convert to the typical style using --fix or --fix-inplace.

NOTE: Whitespace errors detected.
      You may wish to use scripts/cleanpatch or scripts/cleanfile

Your patch has style problems, please review.

NOTE: If any of the errors are false positives, please report
      them to the maintainer, see CHECKPATCH in MAINTAINERS.
