CLI: ./pk --podman-socket unix:///run/podman/podman.sock --shared-filesystem /tmp --tarball-input job lustre-ci --output /var/www/ci-lustre/upstream-patch-review --git-hash 8a3afe9646b0c26e32ad29a89972831dfbefe5b2 --change-id 66529_8a3afe9646b0c26e32ad29a89972831dfbefe5b2 --subject LU-19917 mgc: dynamic MGS nids discovery

Environment validated successfully
Note: custom LLVM is not synced in tarball input mode
Creating kernel tarball at /tmp/ktest-kernel.tar.gz...
Creating lustre tarball at /tmp/ktest-lustre.tar.gz...
Creating ZFS tarball at /tmp/ktest-zfs.tar.gz...
Executing 14 jobs
Jobs will start as soon as their dependencies are satisfied
Using tarball input mode

START ml-strict:lustre_mainline build tests/fs/lustre/boot-strict.ktest
START u24:u24 build tests/fs/lustre/boot.ktest
START ml-miscvm:lustre_mainline_native build tests/fs/lustre/boot.ktest
START checkpatch:checkpatch tool checkpatch
START ml:lustre_mainline build tests/fs/lustre/boot.ktest
START al2023:al2023 build tests/fs/lustre/boot.ktest
PUT /tmp/ktest-lustre.tar.gz 1s
PUT /tmp/ktest-lustre.tar.gz 1s
PUT /tmp/ktest-kernel.tar.gz 6s
PUT /tmp/ktest-kernel.tar.gz 6s
PUT /tmp/ktest-kernel.tar.gz 7s
PUT /tmp/ktest-kernel.tar.gz 7s
PUT /tmp/ktest-lustre.tar.gz 1s
PUT /tmp/ktest-lustre.tar.gz 1s
PUT /tmp/ktest-lustre.tar.gz 1s
PUT /tmp/ktest-lustre.tar.gz 1s
PUT /tmp/ktest-zfs.tar.gz 0s
PUT /tmp/ktest-zfs.tar.gz 0s
PUT /tmp/ktest-zfs.tar.gz 0s
END checkpatch:checkpatch tool checkpatch FAIL 11s (exit code: 1)
END u24:u24 build tests/fs/lustre/boot.ktest PASS 43s
END al2023:al2023 build tests/fs/lustre/boot.ktest PASS 49s
GET /tmp/ktest_ml:lustre_mainline_iwdxiet6.tar 4s
END ml:lustre_mainline build tests/fs/lustre/boot.ktest FAIL 134s (exit code: 1)
GET /tmp/ktest_ml-miscvm:lustre_mainline_native_9k00vf0z.tar 7s
GET /tmp/ktest_ml-strict:lustre_mainline_b60a7jhx.tar 7s
END ml-miscvm:lustre_mainline_native build tests/fs/lustre/boot.ktest FAIL 138s (exit code: 1)
END ml-strict:lustre_mainline build tests/fs/lustre/boot-strict.ktest FAIL 140s (exit code: 1)

============================================================
Final Results:
  checkpatch:checkpatch: FAIL (11s) (log: /var/www/ci-lustre/upstream-patch-review/8a3afe9646b0c26e32ad29a89972831dfbefe5b2_checkpatch:checkpatch.log)
  u24:u24: PASS (43s) (log: /var/www/ci-lustre/upstream-patch-review/8a3afe9646b0c26e32ad29a89972831dfbefe5b2_u24:u24.log)
  al2023:al2023: PASS (49s) (log: /var/www/ci-lustre/upstream-patch-review/8a3afe9646b0c26e32ad29a89972831dfbefe5b2_al2023:al2023.log)
  ml-strict:lustre_mainline: FAIL (140s) (log: /var/www/ci-lustre/upstream-patch-review/8a3afe9646b0c26e32ad29a89972831dfbefe5b2_ml-strict:lustre_mainline.log)
  ml:lustre_mainline: FAIL (134s) (log: /var/www/ci-lustre/upstream-patch-review/8a3afe9646b0c26e32ad29a89972831dfbefe5b2_ml:lustre_mainline.log)
  ml-miscvm:lustre_mainline_native: FAIL (138s) (log: /var/www/ci-lustre/upstream-patch-review/8a3afe9646b0c26e32ad29a89972831dfbefe5b2_ml-miscvm:lustre_mainline_native.log)
  ml-miscvm:boot: SKIPPED (due to dependency failure)
  ml-miscvm:llmount: SKIPPED (due to dependency failure)
  ml-miscvm:llog-unit: SKIPPED (due to dependency failure)
  ml-miscvm:mgs-setup: SKIPPED (due to dependency failure)
  ml-miscvm:sanity-1: SKIPPED (due to dependency failure)
  ml-miscvm:sanity-2: SKIPPED (due to dependency failure)
  ml-miscvm:sanity-3: SKIPPED (due to dependency failure)
  ml-miscvm:sanity-4: SKIPPED (due to dependency failure)

Total execution time: 170s

Packed 3450 logs from /var/www/ci-lustre/upstream-patch-review into /home/ktest/ktest/local-site/local_data.js
Open /home/ktest/ktest/local-site/index.html in a browser
