CLI: ./pk --podman-socket unix:///run/user/1000/podman/podman.sock --shared-filesystem /tmp --tarball-input job lustre-ci --output /var/www/ci-lustre/upstream-patch-review --git-hash 8acfd0bae406bfe994e5a0f1f24840f79d1b6e0b --change-id 67470_8acfd0bae406bfe994e5a0f1f24840f79d1b6e0b --subject LU-20403 ptlrpc: refresh export conn on primary migration

Environment validated successfully
Note: custom LLVM is not synced in tarball input mode
Creating kernel tarball at /tmp/ktest-kernel.tar.gz...
Creating lustre tarball at /tmp/ktest-lustre.tar.gz...
Creating ZFS tarball at /tmp/ktest-zfs.tar.gz...
Executing 14 jobs
Jobs will start as soon as their dependencies are satisfied
Using tarball input mode

START ml:lustre_mainline build tests/fs/lustre/boot.ktest
START al2023:al2023 build tests/fs/lustre/boot.ktest
START ml-strict:lustre_mainline build tests/fs/lustre/boot-strict.ktest
START checkpatch:checkpatch tool checkpatch
START u24:u24 build tests/fs/lustre/boot.ktest
START ml-miscvm:lustre_mainline_native build tests/fs/lustre/boot.ktest
PUT /tmp/ktest-lustre.tar.gz 1s
PUT /tmp/ktest-lustre.tar.gz 1s
PUT /tmp/ktest-kernel.tar.gz 10s
PUT /tmp/ktest-kernel.tar.gz 10s
PUT /tmp/ktest-kernel.tar.gz 10s
PUT /tmp/ktest-kernel.tar.gz 10s
PUT /tmp/ktest-lustre.tar.gz 4s
PUT /tmp/ktest-lustre.tar.gz 4s
PUT /tmp/ktest-lustre.tar.gz 4s
PUT /tmp/ktest-lustre.tar.gz 4s
PUT /tmp/ktest-zfs.tar.gz 0s
PUT /tmp/ktest-zfs.tar.gz 1s
PUT /tmp/ktest-zfs.tar.gz 0s
END checkpatch:checkpatch tool checkpatch PASS 17s
END u24:u24 build tests/fs/lustre/boot.ktest PASS 44s
END al2023:al2023 build tests/fs/lustre/boot.ktest PASS 47s
GET /tmp/ktest_ml-strict:lustre_mainline_hglx1wmj.tar 5s
END ml-strict:lustre_mainline build tests/fs/lustre/boot-strict.ktest FAIL 165s (exit code: 1)
GET /tmp/ktest_ml:lustre_mainline_guet_b8p.tar 10s
END ml:lustre_mainline build tests/fs/lustre/boot.ktest PASS 167s
GET /tmp/ktest_ml-miscvm:lustre_mainline_native_g7pwkei3.tar 2s
END ml-miscvm:lustre_mainline_native build tests/fs/lustre/boot.ktest PASS 169s
START ml-miscvm:boot run tests/fs/lustre/boot.ktest
START ml-miscvm:llmount run tests/fs/lustre/llmount.ktest
START ml-miscvm:llog-unit run tests/fs/lustre/llog-unit.ktest
START ml-miscvm:mgs-setup run tests/fs/lustre/mgs-setup.ktest
START ml-miscvm:sanity-1 run tests/fs/lustre/sanity/sanity-1.ktest
START ml-miscvm:sanity-2 run tests/fs/lustre/sanity/sanity-2.ktest
START ml-miscvm:sanity-3 run tests/fs/lustre/sanity/sanity-3.ktest
START ml-miscvm:sanity-4 run tests/fs/lustre/sanity/sanity-4.ktest
PUT /tmp/ktest-kernel.tar.gz 37s
PUT /tmp/ktest-kernel.tar.gz 37s
PUT /tmp/ktest-kernel.tar.gz 38s
PUT /tmp/ktest-kernel.tar.gz 38s
PUT /tmp/ktest-kernel.tar.gz 38s
PUT /tmp/ktest-kernel.tar.gz 38s
PUT /tmp/ktest-kernel.tar.gz 38s
PUT /tmp/ktest-kernel.tar.gz 39s
PUT /tmp/ktest-lustre.tar.gz 18s
PUT /tmp/ktest-lustre.tar.gz 17s
PUT /tmp/ktest-lustre.tar.gz 18s
PUT /tmp/ktest-lustre.tar.gz 18s
PUT /tmp/ktest-lustre.tar.gz 18s
PUT /tmp/ktest-lustre.tar.gz 17s
PUT /tmp/ktest-lustre.tar.gz 18s
PUT /tmp/ktest-lustre.tar.gz 18s
PUT /tmp/ktest_ml-miscvm:lustre_mainline_native_g7pwkei3.tar 3s
PUT /tmp/ktest_ml-miscvm:lustre_mainline_native_g7pwkei3.tar 3s
PUT /tmp/ktest_ml-miscvm:lustre_mainline_native_g7pwkei3.tar 3s
PUT /tmp/ktest_ml-miscvm:lustre_mainline_native_g7pwkei3.tar 3s
PUT /tmp/ktest_ml-miscvm:lustre_mainline_native_g7pwkei3.tar 3s
PUT /tmp/ktest_ml-miscvm:lustre_mainline_native_g7pwkei3.tar 3s
PUT /tmp/ktest_ml-miscvm:lustre_mainline_native_g7pwkei3.tar 3s
PUT /tmp/ktest_ml-miscvm:lustre_mainline_native_g7pwkei3.tar 3s
END ml-miscvm:boot run tests/fs/lustre/boot.ktest PASS 73s
END ml-miscvm:mgs-setup run tests/fs/lustre/mgs-setup.ktest PASS 82s
END ml-miscvm:sanity-2 run tests/fs/lustre/sanity/sanity-2.ktest PASS 110s
END ml-miscvm:sanity-4 run tests/fs/lustre/sanity/sanity-4.ktest PASS 112s
END ml-miscvm:sanity-3 run tests/fs/lustre/sanity/sanity-3.ktest PASS 114s
END ml-miscvm:sanity-1 run tests/fs/lustre/sanity/sanity-1.ktest PASS 124s
END ml-miscvm:llmount run tests/fs/lustre/llmount.ktest PASS 132s
END ml-miscvm:llog-unit run tests/fs/lustre/llog-unit.ktest FAIL 156s (exit code: 1)

============================================================
Final Results:
  checkpatch:checkpatch: PASS (17s) (log: /var/www/ci-lustre/upstream-patch-review/8acfd0bae406bfe994e5a0f1f24840f79d1b6e0b_checkpatch:checkpatch.log)
  u24:u24: PASS (44s) (log: /var/www/ci-lustre/upstream-patch-review/8acfd0bae406bfe994e5a0f1f24840f79d1b6e0b_u24:u24.log)
  al2023:al2023: PASS (47s) (log: /var/www/ci-lustre/upstream-patch-review/8acfd0bae406bfe994e5a0f1f24840f79d1b6e0b_al2023:al2023.log)
  ml-strict:lustre_mainline: FAIL (165s) (log: /var/www/ci-lustre/upstream-patch-review/8acfd0bae406bfe994e5a0f1f24840f79d1b6e0b_ml-strict:lustre_mainline.log)
  ml:lustre_mainline: PASS (167s) (log: /var/www/ci-lustre/upstream-patch-review/8acfd0bae406bfe994e5a0f1f24840f79d1b6e0b_ml:lustre_mainline.log)
  ml-miscvm:lustre_mainline_native: PASS (169s) (log: /var/www/ci-lustre/upstream-patch-review/8acfd0bae406bfe994e5a0f1f24840f79d1b6e0b_ml-miscvm:lustre_mainline_native.log)
  ml-miscvm:boot: PASS (73s) (log: /var/www/ci-lustre/upstream-patch-review/8acfd0bae406bfe994e5a0f1f24840f79d1b6e0b_ml-miscvm:boot.log)
  ml-miscvm:llmount: PASS (132s) (log: /var/www/ci-lustre/upstream-patch-review/8acfd0bae406bfe994e5a0f1f24840f79d1b6e0b_ml-miscvm:llmount.log)
  ml-miscvm:llog-unit: FAIL (156s) (log: /var/www/ci-lustre/upstream-patch-review/8acfd0bae406bfe994e5a0f1f24840f79d1b6e0b_ml-miscvm:llog-unit.log)
  ml-miscvm:mgs-setup: PASS (82s) (log: /var/www/ci-lustre/upstream-patch-review/8acfd0bae406bfe994e5a0f1f24840f79d1b6e0b_ml-miscvm:mgs-setup.log)
  ml-miscvm:sanity-1: PASS (124s) (log: /var/www/ci-lustre/upstream-patch-review/8acfd0bae406bfe994e5a0f1f24840f79d1b6e0b_ml-miscvm:sanity-1.log)
  ml-miscvm:sanity-2: PASS (110s) (log: /var/www/ci-lustre/upstream-patch-review/8acfd0bae406bfe994e5a0f1f24840f79d1b6e0b_ml-miscvm:sanity-2.log)
  ml-miscvm:sanity-3: PASS (114s) (log: /var/www/ci-lustre/upstream-patch-review/8acfd0bae406bfe994e5a0f1f24840f79d1b6e0b_ml-miscvm:sanity-3.log)
  ml-miscvm:sanity-4: PASS (112s) (log: /var/www/ci-lustre/upstream-patch-review/8acfd0bae406bfe994e5a0f1f24840f79d1b6e0b_ml-miscvm:sanity-4.log)

Total execution time: 355s

Packed 7178 logs from /var/www/ci-lustre/upstream-patch-review into /home/ktest/ktest/local-site/local_data.js
Open /home/ktest/ktest/local-site/index.html in a browser
