CLI: ./podman-ktest --podman-socket unix:///run/podman/podman.sock --shared-filesystem /tmp --tarball-input job lustre-ci --output /var/www/ci-lustre/upstream-patch-review --git-hash 8b010907ddd66c956d0a868b21d99442dda20729 --change-id 62757_8b010907ddd66c956d0a868b21d99442dda20729 --subject LU-12669 ec: recover data from parity

Environment validated successfully
Note: custom LLVM is not synced in tarball input mode
Creating kernel tarball at /tmp/ktest-kernel.tar.gz...
Creating lustre tarball at /tmp/ktest-lustre.tar.gz...
Creating ZFS tarball at /tmp/ktest-zfs.tar.gz...
Executing 14 jobs
Jobs will start as soon as their dependencies are satisfied
Using tarball input mode

START checkpatch:checkpatch tool checkpatch
START u24:u24 build tests/fs/lustre/boot.ktest
START al2023:al2023 build tests/fs/lustre/boot.ktest
START ml-strict:lustre_mainline build tests/fs/lustre/boot-strict.ktest
START ml:lustre_mainline build tests/fs/lustre/boot.ktest
START ml-miscvm:lustre_mainline_native build tests/fs/lustre/boot.ktest
PUT /tmp/ktest-lustre.tar.gz 1s
PUT /tmp/ktest-lustre.tar.gz 1s
PUT /tmp/ktest-kernel.tar.gz 14s
PUT /tmp/ktest-kernel.tar.gz 14s
PUT /tmp/ktest-kernel.tar.gz 14s
PUT /tmp/ktest-kernel.tar.gz 14s
PUT /tmp/ktest-lustre.tar.gz 2s
PUT /tmp/ktest-lustre.tar.gz 2s
PUT /tmp/ktest-lustre.tar.gz 2s
PUT /tmp/ktest-lustre.tar.gz 2s
PUT /tmp/ktest-zfs.tar.gz 0s
PUT /tmp/ktest-zfs.tar.gz 0s
PUT /tmp/ktest-zfs.tar.gz 0s
END checkpatch:checkpatch tool checkpatch FAIL 21s (exit code: 1)
END u24:u24 build tests/fs/lustre/boot.ktest PASS 62s
END al2023:al2023 build tests/fs/lustre/boot.ktest PASS 62s
GET /tmp/ktest_ml-strict:lustre_mainline_rda7g03y.tar 8s
END ml-strict:lustre_mainline build tests/fs/lustre/boot-strict.ktest FAIL 188s (exit code: 1)
GET /tmp/ktest_ml:lustre_mainline_n0xfwanc.tar 0s
GET /tmp/ktest_ml-miscvm:lustre_mainline_native_n2xq3t7m.tar 0s
END ml:lustre_mainline build tests/fs/lustre/boot.ktest PASS 198s
END ml-miscvm:lustre_mainline_native build tests/fs/lustre/boot.ktest PASS 199s
START ml-miscvm:boot run tests/fs/lustre/boot.ktest
START ml-miscvm:llmount run tests/fs/lustre/llmount.ktest
START ml-miscvm:llog-unit run tests/fs/lustre/llog-unit.ktest
START ml-miscvm:mgs-setup run tests/fs/lustre/mgs-setup.ktest
START ml-miscvm:sanity-1 run tests/fs/lustre/sanity/sanity-1.ktest
START ml-miscvm:sanity-2 run tests/fs/lustre/sanity/sanity-2.ktest
START ml-miscvm:sanity-3 run tests/fs/lustre/sanity/sanity-3.ktest
START ml-miscvm:sanity-4 run tests/fs/lustre/sanity/sanity-4.ktest
PUT /tmp/ktest-kernel.tar.gz 27s
PUT /tmp/ktest-kernel.tar.gz 27s
PUT /tmp/ktest-kernel.tar.gz 27s
PUT /tmp/ktest-kernel.tar.gz 27s
PUT /tmp/ktest-kernel.tar.gz 27s
PUT /tmp/ktest-kernel.tar.gz 27s
PUT /tmp/ktest-kernel.tar.gz 27s
PUT /tmp/ktest-kernel.tar.gz 28s
PUT /tmp/ktest-lustre.tar.gz 9s
PUT /tmp/ktest-lustre.tar.gz 9s
PUT /tmp/ktest-lustre.tar.gz 8s
PUT /tmp/ktest-lustre.tar.gz 9s
PUT /tmp/ktest-lustre.tar.gz 9s
PUT /tmp/ktest-lustre.tar.gz 8s
PUT /tmp/ktest-lustre.tar.gz 9s
PUT /tmp/ktest-lustre.tar.gz 9s
PUT /tmp/ktest_ml-miscvm:lustre_mainline_native_n2xq3t7m.tar 0s
PUT /tmp/ktest_ml-miscvm:lustre_mainline_native_n2xq3t7m.tar 0s
PUT /tmp/ktest_ml-miscvm:lustre_mainline_native_n2xq3t7m.tar 0s
PUT /tmp/ktest_ml-miscvm:lustre_mainline_native_n2xq3t7m.tar 0s
PUT /tmp/ktest_ml-miscvm:lustre_mainline_native_n2xq3t7m.tar 0s
PUT /tmp/ktest_ml-miscvm:lustre_mainline_native_n2xq3t7m.tar 0s
PUT /tmp/ktest_ml-miscvm:lustre_mainline_native_n2xq3t7m.tar 0s
PUT /tmp/ktest_ml-miscvm:lustre_mainline_native_n2xq3t7m.tar 0s
END ml-miscvm:boot run tests/fs/lustre/boot.ktest PASS 72s
END ml-miscvm:mgs-setup run tests/fs/lustre/mgs-setup.ktest PASS 85s
END ml-miscvm:sanity-1 run tests/fs/lustre/sanity/sanity-1.ktest PASS 109s
END ml-miscvm:sanity-2 run tests/fs/lustre/sanity/sanity-2.ktest PASS 110s
END ml-miscvm:sanity-4 run tests/fs/lustre/sanity/sanity-4.ktest PASS 123s
END ml-miscvm:sanity-3 run tests/fs/lustre/sanity/sanity-3.ktest PASS 125s
END ml-miscvm:llmount run tests/fs/lustre/llmount.ktest PASS 137s
END ml-miscvm:llog-unit run tests/fs/lustre/llog-unit.ktest FAIL 189s (exit code: 1)

============================================================
Final Results:
  checkpatch:checkpatch: FAIL (21s) (log: /var/www/ci-lustre/upstream-patch-review/8b010907ddd66c956d0a868b21d99442dda20729_checkpatch:checkpatch.log)
  u24:u24: PASS (62s) (log: /var/www/ci-lustre/upstream-patch-review/8b010907ddd66c956d0a868b21d99442dda20729_u24:u24.log)
  al2023:al2023: PASS (62s) (log: /var/www/ci-lustre/upstream-patch-review/8b010907ddd66c956d0a868b21d99442dda20729_al2023:al2023.log)
  ml-strict:lustre_mainline: FAIL (188s) (log: /var/www/ci-lustre/upstream-patch-review/8b010907ddd66c956d0a868b21d99442dda20729_ml-strict:lustre_mainline.log)
  ml:lustre_mainline: PASS (198s) (log: /var/www/ci-lustre/upstream-patch-review/8b010907ddd66c956d0a868b21d99442dda20729_ml:lustre_mainline.log)
  ml-miscvm:lustre_mainline_native: PASS (199s) (log: /var/www/ci-lustre/upstream-patch-review/8b010907ddd66c956d0a868b21d99442dda20729_ml-miscvm:lustre_mainline_native.log)
  ml-miscvm:boot: PASS (72s) (log: /var/www/ci-lustre/upstream-patch-review/8b010907ddd66c956d0a868b21d99442dda20729_ml-miscvm:boot.log)
  ml-miscvm:llmount: PASS (137s) (log: /var/www/ci-lustre/upstream-patch-review/8b010907ddd66c956d0a868b21d99442dda20729_ml-miscvm:llmount.log)
  ml-miscvm:llog-unit: FAIL (189s) (log: /var/www/ci-lustre/upstream-patch-review/8b010907ddd66c956d0a868b21d99442dda20729_ml-miscvm:llog-unit.log)
  ml-miscvm:mgs-setup: PASS (85s) (log: /var/www/ci-lustre/upstream-patch-review/8b010907ddd66c956d0a868b21d99442dda20729_ml-miscvm:mgs-setup.log)
  ml-miscvm:sanity-1: PASS (109s) (log: /var/www/ci-lustre/upstream-patch-review/8b010907ddd66c956d0a868b21d99442dda20729_ml-miscvm:sanity-1.log)
  ml-miscvm:sanity-2: PASS (110s) (log: /var/www/ci-lustre/upstream-patch-review/8b010907ddd66c956d0a868b21d99442dda20729_ml-miscvm:sanity-2.log)
  ml-miscvm:sanity-3: PASS (125s) (log: /var/www/ci-lustre/upstream-patch-review/8b010907ddd66c956d0a868b21d99442dda20729_ml-miscvm:sanity-3.log)
  ml-miscvm:sanity-4: PASS (123s) (log: /var/www/ci-lustre/upstream-patch-review/8b010907ddd66c956d0a868b21d99442dda20729_ml-miscvm:sanity-4.log)

Total execution time: 418s
