CLI: ./pk --podman-socket unix:///run/podman/podman.sock --shared-filesystem /tmp --tarball-input job lustre-ci --output /var/www/ci-lustre/upstream-patch-review --git-hash 8c55bf8d3a69b8d7f0bd2182fc436041004cc5b9 --change-id 67142_8c55bf8d3a69b8d7f0bd2182fc436041004cc5b9 --subject LU-20290 lnet: add servicenode discovery visibility policy

Environment validated successfully
Note: custom LLVM is not synced in tarball input mode
Creating kernel tarball at /tmp/ktest-kernel.tar.gz...
Creating lustre tarball at /tmp/ktest-lustre.tar.gz...
Creating ZFS tarball at /tmp/ktest-zfs.tar.gz...
Executing 14 jobs
Jobs will start as soon as their dependencies are satisfied
Using tarball input mode

START u24:u24 build tests/fs/lustre/boot.ktest
START checkpatch:checkpatch tool checkpatch
START ml-miscvm:lustre_mainline_native build tests/fs/lustre/boot.ktest
START ml:lustre_mainline build tests/fs/lustre/boot.ktest
START al2023:al2023 build tests/fs/lustre/boot.ktest
START ml-strict:lustre_mainline build tests/fs/lustre/boot-strict.ktest
PUT /tmp/ktest-lustre.tar.gz 1s
PUT /tmp/ktest-lustre.tar.gz 1s
PUT /tmp/ktest-kernel.tar.gz 6s
PUT /tmp/ktest-kernel.tar.gz 6s
PUT /tmp/ktest-kernel.tar.gz 7s
PUT /tmp/ktest-kernel.tar.gz 7s
PUT /tmp/ktest-lustre.tar.gz 3s
PUT /tmp/ktest-lustre.tar.gz 3s
PUT /tmp/ktest-lustre.tar.gz 3s
PUT /tmp/ktest-lustre.tar.gz 3s
PUT /tmp/ktest-zfs.tar.gz 0s
PUT /tmp/ktest-zfs.tar.gz 0s
PUT /tmp/ktest-zfs.tar.gz 0s
END checkpatch:checkpatch tool checkpatch FAIL 13s (exit code: 1)
END u24:u24 build tests/fs/lustre/boot.ktest PASS 40s
END al2023:al2023 build tests/fs/lustre/boot.ktest PASS 44s
GET /tmp/ktest_ml:lustre_mainline_ycqidb7e.tar 0s
END ml:lustre_mainline build tests/fs/lustre/boot.ktest PASS 163s
GET /tmp/ktest_ml-miscvm:lustre_mainline_native_wnzz4xsp.tar 0s
GET /tmp/ktest_ml-strict:lustre_mainline_fvmrx6d0.tar 7s
END ml-miscvm:lustre_mainline_native build tests/fs/lustre/boot.ktest PASS 166s
START ml-miscvm:boot run tests/fs/lustre/boot.ktest
START ml-miscvm:llmount run tests/fs/lustre/llmount.ktest
START ml-miscvm:llog-unit run tests/fs/lustre/llog-unit.ktest
START ml-miscvm:mgs-setup run tests/fs/lustre/mgs-setup.ktest
START ml-miscvm:sanity-1 run tests/fs/lustre/sanity/sanity-1.ktest
START ml-miscvm:sanity-2 run tests/fs/lustre/sanity/sanity-2.ktest
START ml-miscvm:sanity-3 run tests/fs/lustre/sanity/sanity-3.ktest
START ml-miscvm:sanity-4 run tests/fs/lustre/sanity/sanity-4.ktest
END ml-strict:lustre_mainline build tests/fs/lustre/boot-strict.ktest FAIL 168s (exit code: 1)
PUT /tmp/ktest-kernel.tar.gz 45s
PUT /tmp/ktest-kernel.tar.gz 44s
PUT /tmp/ktest-kernel.tar.gz 45s
PUT /tmp/ktest-kernel.tar.gz 45s
PUT /tmp/ktest-kernel.tar.gz 45s
PUT /tmp/ktest-kernel.tar.gz 45s
PUT /tmp/ktest-kernel.tar.gz 45s
PUT /tmp/ktest-kernel.tar.gz 46s
PUT /tmp/ktest-lustre.tar.gz 12s
PUT /tmp/ktest-lustre.tar.gz 13s
PUT /tmp/ktest-lustre.tar.gz 13s
PUT /tmp/ktest-lustre.tar.gz 13s
PUT /tmp/ktest-lustre.tar.gz 13s
PUT /tmp/ktest-lustre.tar.gz 14s
PUT /tmp/ktest-lustre.tar.gz 13s
PUT /tmp/ktest-lustre.tar.gz 14s
PUT /tmp/ktest_ml-miscvm:lustre_mainline_native_wnzz4xsp.tar 1s
PUT /tmp/ktest_ml-miscvm:lustre_mainline_native_wnzz4xsp.tar 1s
PUT /tmp/ktest_ml-miscvm:lustre_mainline_native_wnzz4xsp.tar 1s
PUT /tmp/ktest_ml-miscvm:lustre_mainline_native_wnzz4xsp.tar 1s
PUT /tmp/ktest_ml-miscvm:lustre_mainline_native_wnzz4xsp.tar 1s
PUT /tmp/ktest_ml-miscvm:lustre_mainline_native_wnzz4xsp.tar 1s
PUT /tmp/ktest_ml-miscvm:lustre_mainline_native_wnzz4xsp.tar 1s
PUT /tmp/ktest_ml-miscvm:lustre_mainline_native_wnzz4xsp.tar 1s
END ml-miscvm:boot run tests/fs/lustre/boot.ktest PASS 73s
END ml-miscvm:mgs-setup run tests/fs/lustre/mgs-setup.ktest PASS 82s
END ml-miscvm:sanity-1 run tests/fs/lustre/sanity/sanity-1.ktest PASS 109s
END ml-miscvm:llmount run tests/fs/lustre/llmount.ktest PASS 120s
END ml-miscvm:sanity-4 run tests/fs/lustre/sanity/sanity-4.ktest PASS 122s
END ml-miscvm:sanity-2 run tests/fs/lustre/sanity/sanity-2.ktest PASS 124s
END ml-miscvm:sanity-3 run tests/fs/lustre/sanity/sanity-3.ktest PASS 125s
END ml-miscvm:llog-unit run tests/fs/lustre/llog-unit.ktest FAIL 159s (exit code: 1)

============================================================
Final Results:
  checkpatch:checkpatch: FAIL (13s) (log: /var/www/ci-lustre/upstream-patch-review/8c55bf8d3a69b8d7f0bd2182fc436041004cc5b9_checkpatch:checkpatch.log)
  u24:u24: PASS (40s) (log: /var/www/ci-lustre/upstream-patch-review/8c55bf8d3a69b8d7f0bd2182fc436041004cc5b9_u24:u24.log)
  al2023:al2023: PASS (44s) (log: /var/www/ci-lustre/upstream-patch-review/8c55bf8d3a69b8d7f0bd2182fc436041004cc5b9_al2023:al2023.log)
  ml-strict:lustre_mainline: FAIL (168s) (log: /var/www/ci-lustre/upstream-patch-review/8c55bf8d3a69b8d7f0bd2182fc436041004cc5b9_ml-strict:lustre_mainline.log)
  ml:lustre_mainline: PASS (163s) (log: /var/www/ci-lustre/upstream-patch-review/8c55bf8d3a69b8d7f0bd2182fc436041004cc5b9_ml:lustre_mainline.log)
  ml-miscvm:lustre_mainline_native: PASS (166s) (log: /var/www/ci-lustre/upstream-patch-review/8c55bf8d3a69b8d7f0bd2182fc436041004cc5b9_ml-miscvm:lustre_mainline_native.log)
  ml-miscvm:boot: PASS (73s) (log: /var/www/ci-lustre/upstream-patch-review/8c55bf8d3a69b8d7f0bd2182fc436041004cc5b9_ml-miscvm:boot.log)
  ml-miscvm:llmount: PASS (120s) (log: /var/www/ci-lustre/upstream-patch-review/8c55bf8d3a69b8d7f0bd2182fc436041004cc5b9_ml-miscvm:llmount.log)
  ml-miscvm:llog-unit: FAIL (159s) (log: /var/www/ci-lustre/upstream-patch-review/8c55bf8d3a69b8d7f0bd2182fc436041004cc5b9_ml-miscvm:llog-unit.log)
  ml-miscvm:mgs-setup: PASS (82s) (log: /var/www/ci-lustre/upstream-patch-review/8c55bf8d3a69b8d7f0bd2182fc436041004cc5b9_ml-miscvm:mgs-setup.log)
  ml-miscvm:sanity-1: PASS (109s) (log: /var/www/ci-lustre/upstream-patch-review/8c55bf8d3a69b8d7f0bd2182fc436041004cc5b9_ml-miscvm:sanity-1.log)
  ml-miscvm:sanity-2: PASS (124s) (log: /var/www/ci-lustre/upstream-patch-review/8c55bf8d3a69b8d7f0bd2182fc436041004cc5b9_ml-miscvm:sanity-2.log)
  ml-miscvm:sanity-3: PASS (125s) (log: /var/www/ci-lustre/upstream-patch-review/8c55bf8d3a69b8d7f0bd2182fc436041004cc5b9_ml-miscvm:sanity-3.log)
  ml-miscvm:sanity-4: PASS (122s) (log: /var/www/ci-lustre/upstream-patch-review/8c55bf8d3a69b8d7f0bd2182fc436041004cc5b9_ml-miscvm:sanity-4.log)

Total execution time: 356s

Packed 6039 logs from /var/www/ci-lustre/upstream-patch-review into /home/ktest/ktest/local-site/local_data.js
Open /home/ktest/ktest/local-site/index.html in a browser
