00000 
00002 init: failed to load nvme_core
00002 init: failed to load nvme
00002 init: failed to load zfs
00002 LNetError: 1:0:(lib-socket.c:619:lnet_inet_enumerate()) lnet: Can't find any usable interfaces, rc = -ENOENT
00002 LNetError: Error -100 starting up LNI tcp
00003 LustreError: 1:0:(events.c:627:ptlrpc_init_portals()) network initialisation failed: rc = -100
00003 init: finit_module /lib/modules/7.0.0-ktest-8e46928-6330a45-20260729-dirty/updates/ptlrpc.ko: Network is down
00003 init: failed to load lustre
00003 init: failed to load osd_zfs
00003 init: failed to load iwlwifi
00003 init: failed to load iwlmvm
00003 init: failed to load mt7921e
00003 init: failed to load i915
00003 init: failed to load nouveau
00006 tlp: vm.laptop_mode is deprecated. Ignoring setting.
00006 Kernel version: 7.0.0-ktest-8e46928-6330a45-20260729-dirty
00007 hook init_noop
00007 
00007 Running tests llog-unit
00007 
00007 ========= TEST   llog-unit
00007 /host/home/ktest/git/lustre-release/lustre/tests/test-framework.sh: line 6933: cd: HOME not set
00007 /host/home/ktest/git/lustre-release/lustre/tests/test-framework.sh: line 6933: cd: HOME not set
00007 /host/home/ktest/git/lustre-release/lustre/tests/test-framework.sh: line 6933: cd: HOME not set
00009 MGS_OS_VERSION_ID=24.04
00009 MGS_OS_ID=ubuntu
00009 MGS_OS_VERSION_CODE=402915328
00009 MGS_OS_ID_LIKE=debian ubuntu
00009 MDS1_OS_ID=ubuntu
00009 MDS1_OS_VERSION_CODE=402915328
00009 MDS1_OS_ID_LIKE=debian ubuntu
00009 MDS1_OS_VERSION_ID=24.04
00009 OST1_OS_VERSION_ID=24.04
00009 OST1_OS_VERSION_CODE=402915328
00009 OST1_OS_ID=ubuntu
00009 OST1_OS_ID_LIKE=debian ubuntu
00009 CLIENT_OS_VERSION_ID=24.04
00009 CLIENT_OS_ID_LIKE=debian ubuntu
00009 CLIENT_OS_ID=ubuntu
00009 CLIENT_OS_VERSION_CODE=402915328
00010 Loading modules from /host/home/ktest/git/lustre-release/lustre
00010 detected 16 online CPUs by sysfs
00010 MODOPTS_LIBCFS=
00010 libcfs will create CPU partition based on online CPUs
00010 LNet: Added LNI 10.0.2.15@tcp [8/256/0/180]
00010 gss/krb5 is not supported
00011 Lustre: Echo OBD driver; http://www.lustre.org/
00011 
00011 
00012 /host/home/ktest/git/lustre-release/lustre/tests/test-framework.sh: line 6933: cd: HOME not set
00012 /host/home/ktest/git/lustre-release/lustre/tests/test-framework.sh: line 6933: cd: HOME not set
00012 /host/home/ktest/git/lustre-release/lustre/tests/test-framework.sh: line 6933: cd: HOME not set
00015 Lustre: DEBUG MARKER: Attempt llog unit tests
00015 Lustre: 2168:0:(llog_test.c:2805:llog_test_device_init()) Setup llog-test device over MGS device
00015 Lustre: 2168:0:(llog_test.c:98:llog_test_1()) 1a: create a log with name: f37bd4c3
00015 ------------[ cut here ]------------
00015 WARNING: /home/ktest/git/linux/include/linux/fs.h:889 at osd_create+0x9cf/0xcf0 [osd_wbcfs], CPU#10: lctl/2168
00015 Modules linked in: llog_test(O) mgs(O) osd_wbcfs(O) lustre(O) obdecho(O) mgc(O) mdc(O) lov(O) osc(O) lmv(O) ec(O) fid(O) fld(O) ptlrpc(O) efivarfs obdclass(O) ksocklnd(O) lnet(O) libcfs(O)
00015 CPU: 10 UID: 0 PID: 2168 Comm: lctl Tainted: G           O        7.0.0-ktest-8e46928-6330a45-20260729-dirty #1 PREEMPT 
00015 Tainted: [O]=OOT_MODULE
00015 Hardware name: QEMU Standard PC (Q35 + ICH9, 2009), BIOS 2025.11-3ubuntu7 03/31/2026
00015 RIP: 0010:osd_create+0x9cf/0xcf0 [osd_wbcfs]
00015 Code: c7 c7 00 96 7b a1 48 c7 c6 a0 12 7d a1 48 c7 c2 00 1c 7d a1 e8 52 f1 43 ff 48 c7 c7 00 96 7b a1 e8 46 81 44 ff e9 fe fc ff ff <0f> 0b e9 a5 fa ff ff 48 c7 c1 80 44 5d a0 80 e1 07 80 c1 03 38 c1
00015 RSP: 0018:ffffc90005eaf790 EFLAGS: 00010246
00015 RAX: 0000000000000000 RBX: ffff88816cec2c00 RCX: 0000000000000046
00015 RDX: 0000000000000000 RSI: ffff8881996b2648 RDI: ffff888120988998
00015 RBP: ffff8881996b25b8 R08: ffffffff83a16803 R09: 1ffffffff0742d00
00015 R10: dffffc0000000000 R11: fffffbfff0742d01 R12: ffff88816cec1c00
00015 R13: dffffc0000000000 R14: 1ffff1102d9d8580 R15: 1ffff1102d9d838f
00015 FS:  00007f91c023b940(0000) GS:ffff88831e92a000(0000) knlGS:0000000000000000
00015 CS:  0010 DS: 0000 ES: 0000 CR0: 0000000080050033
00015 CR2: 0000560688030b40 CR3: 000000014149f000 CR4: 0000000000750eb0
00015 PKRU: 55555554
00015 Call Trace:
00015  <TASK>
00015  ? local_object_create+0x109/0x640 [obdclass]
00015  ? dt_write_lock+0x16d/0x2a0 [obdclass]
00015  ? llog_osd_create+0x356/0x10d0 [obdclass]
00015  ? llog_create+0x2ed/0x530 [obdclass]
00015  ? llog_open_create+0x6e7/0xb30 [obdclass]
00015  ? llog_run_tests+0x4bb/0x5ac0 [llog_test]
00015  ? get_random_u32+0x51/0x470
00015  ? get_random_u32+0x51/0x470
00015  ? _raw_spin_unlock+0x23/0x40
00015  ? __llog_ctxt_put+0x1c4/0x2f0 [obdclass]
00015  ? llog_test_device_init+0x6e8/0xa20 [llog_test]
00015  ? obd_setup+0x54d/0x950 [obdclass]
00015  ? class_setup+0xc7d/0x10e0 [obdclass]
00015  ? class_process_config+0x2edb/0x7cb0 [obdclass]
00015  ? local_trylock_acquire+0xb/0x70
00015  ? __kmalloc_noprof+0x21f/0x4b0
00015  ? local_trylock_acquire+0x23/0x70
00015  ? local_trylock_acquire+0xb/0x70
00015  ? class_handle_ioctl+0x2055/0x3590 [obdclass]
00015  ? obd_class_ioctl+0x1f6/0x3c0 [obdclass]
00015  ? __x64_sys_ioctl+0x961/0xe00
00015  ? _copy_to_user+0x3d/0x60
00015  ? __x64_sys_rt_sigaction+0x107/0x140
00015  ? do_syscall_64+0xc1/0x350
00015  ? entry_SYSCALL_64_after_hwframe+0x4b/0x53
00015  </TASK>
00015 ---[ end trace 0000000000000000 ]---
00015 Lustre: 2168:0:(llog_test.c:115:llog_test_1()) 1b: close newly-created log
00015 Lustre: 2168:0:(llog_test.c:146:llog_test_2()) 2a: re-open a log with name: f37bd4c3
00015 Lustre: 2168:0:(llog_test.c:166:llog_test_2()) 2b: create a log without specified NAME & LOGID
00015 ------------[ cut here ]------------
00015 WARNING: /home/ktest/git/linux/include/linux/fs.h:889 at osd_create+0x9cf/0xcf0 [osd_wbcfs], CPU#0: lctl/2168
00015 Modules linked in: llog_test(O) mgs(O) osd_wbcfs(O) lustre(O) obdecho(O) mgc(O) mdc(O) lov(O) osc(O) lmv(O) ec(O) fid(O) fld(O) ptlrpc(O) efivarfs obdclass(O) ksocklnd(O) lnet(O) libcfs(O)
00015 CPU: 0 UID: 0 PID: 2168 Comm: lctl Tainted: G        W  O        7.0.0-ktest-8e46928-6330a45-20260729-dirty #1 PREEMPT 
00015 Tainted: [W]=WARN, [O]=OOT_MODULE
00015 Hardware name: QEMU Standard PC (Q35 + ICH9, 2009), BIOS 2025.11-3ubuntu7 03/31/2026
00015 RIP: 0010:osd_create+0x9cf/0xcf0 [osd_wbcfs]
00015 Code: c7 c7 00 96 7b a1 48 c7 c6 a0 12 7d a1 48 c7 c2 00 1c 7d a1 e8 52 f1 43 ff 48 c7 c7 00 96 7b a1 e8 46 81 44 ff e9 fe fc ff ff <0f> 0b e9 a5 fa ff ff 48 c7 c1 80 44 5d a0 80 e1 07 80 c1 03 38 c1
00015 RSP: 0018:ffffc90005eaf790 EFLAGS: 00010246
00015 RAX: 0000000000000000 RBX: ffff888160bfd800 RCX: 0000000000000046
00015 RDX: 0000000000000000 RSI: ffff8881996b7b68 RDI: ffff888120988998
00015 RBP: ffff8881996b7ad8 R08: ffffffff83a16803 R09: 1ffffffff0742d00
00015 R10: dffffc0000000000 R11: fffffbfff0742d01 R12: ffff88816cec1c00
00015 R13: dffffc0000000000 R14: 1ffff1102c17fb00 R15: 1ffff1102d9d838f
00015 FS:  00007f91c023b940(0000) GS:ffff88831e42a000(0000) knlGS:0000000000000000
00015 CS:  0010 DS: 0000 ES: 0000 CR0: 0000000080050033
00015 CR2: 00007f86dc1e6194 CR3: 000000014149f000 CR4: 0000000000750eb0
00015 PKRU: 55555554
00015 Call Trace:
00015  <TASK>
00015  ? local_object_create+0x109/0x640 [obdclass]
00015  ? dt_write_lock+0x16d/0x2a0 [obdclass]
00015  ? llog_osd_create+0x356/0x10d0 [obdclass]
00015  ? llog_create+0x2ed/0x530 [obdclass]
00015  ? llog_open_create+0x6e7/0xb30 [obdclass]
00015  ? llog_run_tests+0xd1a/0x5ac0 [llog_test]
00015  ? get_random_u32+0x51/0x470
00015  ? get_random_u32+0x51/0x470
00015  ? _raw_spin_unlock+0x23/0x40
00015  ? llog_test_device_init+0x6e8/0xa20 [llog_test]
00015  ? obd_setup+0x54d/0x950 [obdclass]
00015  ? class_setup+0xc7d/0x10e0 [obdclass]
00015  ? class_process_config+0x2edb/0x7cb0 [obdclass]
00015  ? local_trylock_acquire+0xb/0x70
00015  ? __kmalloc_noprof+0x21f/0x4b0
00015  ? local_trylock_acquire+0x23/0x70
00015  ? local_trylock_acquire+0xb/0x70
00015  ? class_handle_ioctl+0x2055/0x3590 [obdclass]
00015  ? obd_class_ioctl+0x1f6/0x3c0 [obdclass]
00015  ? __x64_sys_ioctl+0x961/0xe00
00015  ? _copy_to_user+0x3d/0x60
00015  ? __x64_sys_rt_sigaction+0x107/0x140
00015  ? do_syscall_64+0xc1/0x350
00015  ? entry_SYSCALL_64_after_hwframe+0x4b/0x53
00015  </TASK>
00015 ---[ end trace 0000000000000000 ]---
00015 Lustre: 2168:0:(llog_test.c:184:llog_test_2()) 2b: write 1 llog records, check llh_count
00015 Lustre: 2168:0:(llog_test.c:197:llog_test_2()) 2c: re-open the log by LOGID and verify llh_count
00015 Lustre: 2168:0:(llog_test.c:244:llog_test_2()) 2d: destroy this log
00015 Lustre: 2168:0:(llog_test.c:402:llog_test_3()) 3a: write 1023 fixed-size llog records
00015 Lustre: 2168:0:(llog_test.c:366:llog_test3_process()) test3: processing records from index 501 to the end
00015 Lustre: 2168:0:(llog_test.c:376:llog_test3_process()) test3: total 525 records processed with 0 paddings
00015 Lustre: 2168:0:(llog_test.c:458:llog_test_3()) 3b: write 566 variable size llog records
00015 Lustre: 2168:0:(llog_test.c:529:llog_test_3()) 3c: write records with variable size until BITMAP_SIZE, return -ENOSPC
00018 Lustre: 2168:0:(llog_test.c:552:llog_test_3()) 3c: wrote 63962 more records before end of llog is reached
00018 Lustre: 2168:0:(llog_test.c:581:llog_test_4()) 4a: create a catalog log with name: f37bd4c4
00018 ------------[ cut here ]------------
00018 WARNING: /home/ktest/git/linux/include/linux/fs.h:889 at osd_create+0x9cf/0xcf0 [osd_wbcfs], CPU#0: lctl/2168
00018 Modules linked in: llog_test(O) mgs(O) osd_wbcfs(O) lustre(O) obdecho(O) mgc(O) mdc(O) lov(O) osc(O) lmv(O) ec(O) fid(O) fld(O) ptlrpc(O) efivarfs obdclass(O) ksocklnd(O) lnet(O) libcfs(O)
00018 CPU: 0 UID: 0 PID: 2168 Comm: lctl Tainted: G        W  O        7.0.0-ktest-8e46928-6330a45-20260729-dirty #1 PREEMPT 
00018 Tainted: [W]=WARN, [O]=OOT_MODULE
00018 Hardware name: QEMU Standard PC (Q35 + ICH9, 2009), BIOS 2025.11-3ubuntu7 03/31/2026
00018 RIP: 0010:osd_create+0x9cf/0xcf0 [osd_wbcfs]
00018 Code: c7 c7 00 96 7b a1 48 c7 c6 a0 12 7d a1 48 c7 c2 00 1c 7d a1 e8 52 f1 43 ff 48 c7 c7 00 96 7b a1 e8 46 81 44 ff e9 fe fc ff ff <0f> 0b e9 a5 fa ff ff 48 c7 c1 80 44 5d a0 80 e1 07 80 c1 03 38 c1
00018 RSP: 0018:ffffc90005eaf790 EFLAGS: 00010246
00018 RAX: 0000000000000000 RBX: ffff88813a5ac400 RCX: 0000000000000046
00018 RDX: 0000000000000000 RSI: ffff8881996b7450 RDI: ffff888120988998
00018 RBP: ffff8881996b73c0 R08: ffffffff83a16803 R09: 1ffffffff0742d00
00018 R10: dffffc0000000000 R11: fffffbfff0742d01 R12: ffff88816cec1c00
00018 R13: dffffc0000000000 R14: 1ffff110274b5880 R15: 1ffff1102d9d838f
00018 FS:  00007f91c023b940(0000) GS:ffff88831e42a000(0000) knlGS:0000000000000000
00018 CS:  0010 DS: 0000 ES: 0000 CR0: 0000000080050033
00018 CR2: 00007f86dc1e6194 CR3: 000000014149f000 CR4: 0000000000750eb0
00018 PKRU: 55555554
00018 Call Trace:
00018  <TASK>
00018  ? local_object_create+0x109/0x640 [obdclass]
00018  ? dt_write_lock+0x16d/0x2a0 [obdclass]
00018  ? llog_osd_create+0x356/0x10d0 [obdclass]
00018  ? llog_create+0x2ed/0x530 [obdclass]
00018  ? llog_open_create+0x6e7/0xb30 [obdclass]
00018  ? llog_run_tests+0x2c0e/0x5ac0 [llog_test]
00018  ? get_random_u32+0x51/0x470
00018  ? llog_test_device_init+0x6e8/0xa20 [llog_test]
00018  ? obd_setup+0x54d/0x950 [obdclass]
00018  ? class_setup+0xc7d/0x10e0 [obdclass]
00018  ? class_process_config+0x2edb/0x7cb0 [obdclass]
00018  ? local_trylock_acquire+0xb/0x70
00018  ? __kmalloc_noprof+0x21f/0x4b0
00018  ? local_trylock_acquire+0x23/0x70
00018  ? local_trylock_acquire+0xb/0x70
00018  ? class_handle_ioctl+0x2055/0x3590 [obdclass]
00018  ? obd_class_ioctl+0x1f6/0x3c0 [obdclass]
00018  ? __x64_sys_ioctl+0x961/0xe00
00018  ? _copy_to_user+0x3d/0x60
00018  ? __x64_sys_rt_sigaction+0x107/0x140
00018  ? do_syscall_64+0xc1/0x350
00018  ? entry_SYSCALL_64_after_hwframe+0x4b/0x53
00018  </TASK>
00018 ---[ end trace 0000000000000000 ]---
00018 Lustre: 2168:0:(llog_test.c:596:llog_test_4()) 4b: write 1 record into the catalog
00018 ------------[ cut here ]------------
00018 WARNING: /home/ktest/git/linux/include/linux/fs.h:889 at osd_create+0x9cf/0xcf0 [osd_wbcfs], CPU#0: lctl/2168
00018 Modules linked in: llog_test(O) mgs(O) osd_wbcfs(O) lustre(O) obdecho(O) mgc(O) mdc(O) lov(O) osc(O) lmv(O) ec(O) fid(O) fld(O) ptlrpc(O) efivarfs obdclass(O) ksocklnd(O) lnet(O) libcfs(O)
00018 CPU: 0 UID: 0 PID: 2168 Comm: lctl Tainted: G        W  O        7.0.0-ktest-8e46928-6330a45-20260729-dirty #1 PREEMPT 
00018 Tainted: [W]=WARN, [O]=OOT_MODULE
00018 Hardware name: QEMU Standard PC (Q35 + ICH9, 2009), BIOS 2025.11-3ubuntu7 03/31/2026
00018 RIP: 0010:osd_create+0x9cf/0xcf0 [osd_wbcfs]
00018 Code: c7 c7 00 96 7b a1 48 c7 c6 a0 12 7d a1 48 c7 c2 00 1c 7d a1 e8 52 f1 43 ff 48 c7 c7 00 96 7b a1 e8 46 81 44 ff e9 fe fc ff ff <0f> 0b e9 a5 fa ff ff 48 c7 c1 80 44 5d a0 80 e1 07 80 c1 03 38 c1
00018 RSP: 0018:ffffc90005eaf640 EFLAGS: 00010246
00018 RAX: 0000000000000000 RBX: ffff88813a5abc00 RCX: 0000000000000046
00018 RDX: 0000000000000000 RSI: ffff8881996b6d38 RDI: ffff8881209889c0
00018 RBP: ffff8881996b6ca8 R08: ffffffff83a16803 R09: 1ffffffff0742d00
00018 R10: dffffc0000000000 R11: fffffbfff0742d01 R12: ffff88816cec1c00
00018 R13: dffffc0000000000 R14: 1ffff110274b5780 R15: 1ffff1102d9d838f
00018 FS:  00007f91c023b940(0000) GS:ffff88831e42a000(0000) knlGS:0000000000000000
00018 CS:  0010 DS: 0000 ES: 0000 CR0: 0000000080050033
00018 CR2: 00007f86dc1e6194 CR3: 000000014149f000 CR4: 0000000000750eb0
00018 PKRU: 55555554
00018 Call Trace:
00018  <TASK>
00018  ? local_object_create+0x109/0x640 [obdclass]
00018  ? dt_write_lock+0x16d/0x2a0 [obdclass]
00018  ? llog_osd_create+0x356/0x10d0 [obdclass]
00018  ? llog_create+0x2ed/0x530 [obdclass]
00018  ? llog_cat_new_log+0x6d1/0x2970 [obdclass]
00018  ? llog_cat_add_rec+0x6ba/0x1960 [obdclass]
00018  ? llog_cat_add+0x499/0x7a0 [obdclass]
00018  ? llog_run_tests+0x2ff2/0x5ac0 [llog_test]
00018  ? get_random_u32+0x51/0x470
00018  ? llog_test_device_init+0x6e8/0xa20 [llog_test]
00018  ? obd_setup+0x54d/0x950 [obdclass]
00018  ? class_setup+0xc7d/0x10e0 [obdclass]
00018  ? class_process_config+0x2edb/0x7cb0 [obdclass]
00018  ? local_trylock_acquire+0xb/0x70
00018  ? __kmalloc_noprof+0x21f/0x4b0
00018  ? local_trylock_acquire+0x23/0x70
00018  ? local_trylock_acquire+0xb/0x70
00018  ? class_handle_ioctl+0x2055/0x3590 [obdclass]
00018  ? obd_class_ioctl+0x1f6/0x3c0 [obdclass]
00018  ? __x64_sys_ioctl+0x961/0xe00
00018  ? _copy_to_user+0x3d/0x60
00018  ? __x64_sys_rt_sigaction+0x107/0x140
00018  ? do_syscall_64+0xc1/0x350
00018  ? entry_SYSCALL_64_after_hwframe+0x4b/0x53
00018  </TASK>
00018 ---[ end trace 0000000000000000 ]---
00018 Lustre: 2168:0:(llog_test.c:623:llog_test_4()) 4c: cancel 1 log record
00018 Lustre: 2168:0:(llog_test.c:635:llog_test_4()) 4d: write 64767 more log records
00048 Lustre: 2168:0:(llog_test.c:1140:llog_test_7()) 7g: test llog_gen_rec
00048 ------------[ cut here ]------------
00048 WARNING: /home/ktest/git/linux/include/linux/fs.h:889 at osd_create+0x9cf/0xcf0 [osd_wbcfs], CPU#0: lctl/2168
00048 Modules linked in: llog_test(O) mgs(O) osd_wbcfs(O) lustre(O) obdecho(O) mgc(O) mdc(O) lov(O) osc(O) lmv(O) ec(O) fid(O) fld(O) ptlrpc(O) efivarfs obdclass(O) ksocklnd(O) lnet(O) libcfs(O)
00048 CPU: 0 UID: 0 PID: 2168 Comm: lctl Tainted: G        W  O        7.0.0-ktest-8e46928-6330a45-20260729-dirty #1 PREEMPT 
00048 Tainted: [W]=WARN, [O]=OOT_MODULE
00048 Hardware name: QEMU Standard PC (Q35 + ICH9, 2009), BIOS 2025.11-3ubuntu7 03/31/2026
00048 RIP: 0010:osd_create+0x9cf/0xcf0 [osd_wbcfs]
00048 Code: c7 c7 00 96 7b a1 48 c7 c6 a0 12 7d a1 48 c7 c2 00 1c 7d a1 e8 52 f1 43 ff 48 c7 c7 00 96 7b a1 e8 46 81 44 ff e9 fe fc ff ff <0f> 0b e9 a5 fa ff ff 48 c7 c1 80 44 5d a0 80 e1 07 80 c1 03 38 c1
00048 RSP: 0018:ffffc90005eaf6e8 EFLAGS: 00010246
00048 RAX: 0000000000000000 RBX: ffff888120041400 RCX: 0000000000000046
00048 RDX: 0000000000000000 RSI: ffff8881996b2d60 RDI: ffff888120988998
00048 RBP: ffff8881996b2cd0 R08: ffffffff83a16803 R09: 1ffffffff0742d00
00048 R10: dffffc0000000000 R11: fffffbfff0742d01 R12: ffff88816cec1c00
00048 R13: dffffc0000000000 R14: 1ffff11024008280 R15: 1ffff1102d9d838f
00048 FS:  00007f91c023b940(0000) GS:ffff88831e42a000(0000) knlGS:0000000000000000
00048 CS:  0010 DS: 0000 ES: 0000 CR0: 0000000080050033
00048 CR2: 00007f86dc1e6194 CR3: 000000014149f000 CR4: 0000000000750eb0
00048 PKRU: 55555554
00048 Call Trace:
00048  <TASK>
00048  ? local_object_create+0x109/0x640 [obdclass]
00048  ? dt_write_lock+0x16d/0x2a0 [obdclass]
00048  ? llog_osd_create+0x356/0x10d0 [obdclass]
00048  ? llog_create+0x2ed/0x530 [obdclass]
00048  ? llog_open_create+0x6e7/0xb30 [obdclass]
00048  ? llog_test_7_sub+0xea/0x1250 [llog_test]
00048  ? llog_test_7+0x968/0xf50 [llog_test]
00048  ? llog_run_tests+0x3614/0x5ac0 [llog_test]
00048  ? get_random_u32+0x51/0x470
00048  ? llog_test_device_init+0x6e8/0xa20 [llog_test]
00048  ? obd_setup+0x54d/0x950 [obdclass]
00048  ? class_setup+0xc7d/0x10e0 [obdclass]
00048  ? class_process_config+0x2edb/0x7cb0 [obdclass]
00048  ? local_trylock_acquire+0xb/0x70
00048  ? __kmalloc_noprof+0x21f/0x4b0
00048  ? local_trylock_acquire+0x23/0x70
00048  ? local_trylock_acquire+0xb/0x70
00048  ? class_handle_ioctl+0x2055/0x3590 [obdclass]
00048  ? obd_class_ioctl+0x1f6/0x3c0 [obdclass]
00048  ? __x64_sys_ioctl+0x961/0xe00
00048  ? _copy_to_user+0x3d/0x60
00048  ? __x64_sys_rt_sigaction+0x107/0x140
00048  ? do_syscall_64+0xc1/0x350
00048  ? entry_SYSCALL_64_after_hwframe+0x4b/0x53
00048  </TASK>
00048 ---[ end trace 0000000000000000 ]---
00053 Lustre: 2168:0:(llog_test.c:1151:llog_test_7()) 7h: test llog_setattr64_rec_v2
00053 ------------[ cut here ]------------
00053 WARNING: /home/ktest/git/linux/include/linux/fs.h:889 at osd_create+0x9cf/0xcf0 [osd_wbcfs], CPU#0: lctl/2168
00053 Modules linked in: llog_test(O) mgs(O) osd_wbcfs(O) lustre(O) obdecho(O) mgc(O) mdc(O) lov(O) osc(O) lmv(O) ec(O) fid(O) fld(O) ptlrpc(O) efivarfs obdclass(O) ksocklnd(O) lnet(O) libcfs(O)
00053 CPU: 0 UID: 0 PID: 2168 Comm: lctl Tainted: G        W  O        7.0.0-ktest-8e46928-6330a45-20260729-dirty #1 PREEMPT 
00053 Tainted: [W]=WARN, [O]=OOT_MODULE
00053 Hardware name: QEMU Standard PC (Q35 + ICH9, 2009), BIOS 2025.11-3ubuntu7 03/31/2026
00053 RIP: 0010:osd_create+0x9cf/0xcf0 [osd_wbcfs]
00053 Code: c7 c7 00 96 7b a1 48 c7 c6 a0 12 7d a1 48 c7 c2 00 1c 7d a1 e8 52 f1 43 ff 48 c7 c7 00 96 7b a1 e8 46 81 44 ff e9 fe fc ff ff <0f> 0b e9 a5 fa ff ff 48 c7 c1 80 44 5d a0 80 e1 07 80 c1 03 38 c1
00053 RSP: 0018:ffffc90005eaf6e8 EFLAGS: 00010246
00053 RAX: 0000000000000000 RBX: ffff8881203d3000 RCX: 0000000000000046
00053 RDX: 0000000000000000 RSI: ffff8881947750d8 RDI: ffff888120988998
00053 RBP: ffff888194775048 R08: ffffffff83a16803 R09: 1ffffffff0742d00
00053 R10: dffffc0000000000 R11: fffffbfff0742d01 R12: ffff88816cec1c00
00053 R13: dffffc0000000000 R14: 1ffff1102407a600 R15: 1ffff1102d9d838f
00053 FS:  00007f91c023b940(0000) GS:ffff88831e42a000(0000) knlGS:0000000000000000
00053 CS:  0010 DS: 0000 ES: 0000 CR0: 0000000080050033
00053 CR2: 00007f86dc1e6194 CR3: 000000014149f000 CR4: 0000000000750eb0
00053 PKRU: 55555554
00053 Call Trace:
00053  <TASK>
00053  ? local_object_create+0x109/0x640 [obdclass]
00053  ? dt_write_lock+0x16d/0x2a0 [obdclass]
00053  ? llog_osd_create+0x356/0x10d0 [obdclass]
00053  ? llog_create+0x2ed/0x530 [obdclass]
00053  ? llog_open_create+0x6e7/0xb30 [obdclass]
00053  ? llog_test_7_sub+0xea/0x1250 [llog_test]
00053  ? llog_test_7+0xa99/0xf50 [llog_test]
00053  ? llog_run_tests+0x3614/0x5ac0 [llog_test]
00053  ? get_random_u32+0x51/0x470
00053  ? llog_test_device_init+0x6e8/0xa20 [llog_test]
00053  ? obd_setup+0x54d/0x950 [obdclass]
00053  ? class_setup+0xc7d/0x10e0 [obdclass]
00053  ? class_process_config+0x2edb/0x7cb0 [obdclass]
00053  ? local_trylock_acquire+0xb/0x70
00053  ? __kmalloc_noprof+0x21f/0x4b0
00053  ? local_trylock_acquire+0x23/0x70
00053  ? local_trylock_acquire+0xb/0x70
00053  ? class_handle_ioctl+0x2055/0x3590 [obdclass]
00053  ? obd_class_ioctl+0x1f6/0x3c0 [obdclass]
00053  ? __x64_sys_ioctl+0x961/0xe00
00053  ? _copy_to_user+0x3d/0x60
00053  ? __x64_sys_rt_sigaction+0x107/0x140
00053  ? do_syscall_64+0xc1/0x350
00053  ? entry_SYSCALL_64_after_hwframe+0x4b/0x53
00053  </TASK>
00053 ---[ end trace 0000000000000000 ]---
00055 Lustre: 2168:0:(llog_test.c:1024:llog_test_7_sub()) 7_sub: records are not aligned, written 64071 from 64767
00057 Lustre: 2168:0:(llog_test.c:1260:llog_test_8()) 8a: fill the first plain llog
00057 ------------[ cut here ]------------
00057 WARNING: /home/ktest/git/linux/include/linux/fs.h:889 at osd_create+0x9cf/0xcf0 [osd_wbcfs], CPU#0: lctl/2168
00057 Modules linked in: llog_test(O) mgs(O) osd_wbcfs(O) lustre(O) obdecho(O) mgc(O) mdc(O) lov(O) osc(O) lmv(O) ec(O) fid(O) fld(O) ptlrpc(O) efivarfs obdclass(O) ksocklnd(O) lnet(O) libcfs(O)
00057 CPU: 0 UID: 0 PID: 2168 Comm: lctl Tainted: G        W  O        7.0.0-ktest-8e46928-6330a45-20260729-dirty #1 PREEMPT 
00057 Tainted: [W]=WARN, [O]=OOT_MODULE
00057 Hardware name: QEMU Standard PC (Q35 + ICH9, 2009), BIOS 2025.11-3ubuntu7 03/31/2026
00057 RIP: 0010:osd_create+0x9cf/0xcf0 [osd_wbcfs]
00057 Code: c7 c7 00 96 7b a1 48 c7 c6 a0 12 7d a1 48 c7 c2 00 1c 7d a1 e8 52 f1 43 ff 48 c7 c7 00 96 7b a1 e8 46 81 44 ff e9 fe fc ff ff <0f> 0b e9 a5 fa ff ff 48 c7 c1 80 44 5d a0 80 e1 07 80 c1 03 38 c1
00057 RSP: 0018:ffffc90005eaf4c8 EFLAGS: 00010246
00057 RAX: 0000000000000000 RBX: ffff88819b1a9800 RCX: 0000000000000046
00057 RDX: 0000000000000000 RSI: ffff8881947749c0 RDI: ffff8881209889c0
00057 RBP: ffff888194774930 R08: ffffffff83a16803 R09: 1ffffffff0742d00
00057 R10: dffffc0000000000 R11: fffffbfff0742d01 R12: ffff88816cec1c00
00057 R13: dffffc0000000000 R14: 1ffff11033635300 R15: 1ffff1102d9d838f
00057 FS:  00007f91c023b940(0000) GS:ffff88831e42a000(0000) knlGS:0000000000000000
00057 CS:  0010 DS: 0000 ES: 0000 CR0: 0000000080050033
00057 CR2: 00007f86dc1e6194 CR3: 000000014149f000 CR4: 0000000000750eb0
00057 PKRU: 55555554
00057 Call Trace:
00057  <TASK>
00057  ? local_object_create+0x109/0x640 [obdclass]
00057  ? dt_write_lock+0x16d/0x2a0 [obdclass]
00057  ? llog_osd_create+0x356/0x10d0 [obdclass]
00057  ? llog_create+0x2ed/0x530 [obdclass]
00057  ? llog_cat_new_log+0x6d1/0x2970 [obdclass]
00057  ? llog_cat_add_rec+0x6ba/0x1960 [obdclass]
00057  ? llog_cat_add+0x499/0x7a0 [obdclass]
00057  ? llog_test_8+0x567/0x1c20 [llog_test]
00057  ? do_raw_spin_unlock+0x52/0x230
00057  ? _raw_spin_unlock+0x23/0x40
00057  ? __llog_ctxt_put+0x1c4/0x2f0 [obdclass]
00057  ? llog_run_tests+0x39a2/0x5ac0 [llog_test]
00057  ? get_random_u32+0x51/0x470
00057  ? llog_test_device_init+0x6e8/0xa20 [llog_test]
00057  ? obd_setup+0x54d/0x950 [obdclass]
00057  ? class_setup+0xc7d/0x10e0 [obdclass]
00057  ? class_process_config+0x2edb/0x7cb0 [obdclass]
00057  ? local_trylock_acquire+0xb/0x70
00057  ? __kmalloc_noprof+0x21f/0x4b0
00057  ? local_trylock_acquire+0x23/0x70
00057  ? local_trylock_acquire+0xb/0x70
00057  ? class_handle_ioctl+0x2055/0x3590 [obdclass]
00057  ? obd_class_ioctl+0x1f6/0x3c0 [obdclass]
00057  ? __x64_sys_ioctl+0x961/0xe00
00057  ? _copy_to_user+0x3d/0x60
00057  ? __x64_sys_rt_sigaction+0x107/0x140
00057  ? do_syscall_64+0xc1/0x350
00057  ? entry_SYSCALL_64_after_hwframe+0x4b/0x53
00057  </TASK>
00057 ---[ end trace 0000000000000000 ]---
00057 Lustre: 2168:0:(llog_test.c:1289:llog_test_8()) 8b: first llog [0x1:0x10:0x0]
00057 Lustre: 2168:0:(llog_test.c:1305:llog_test_8()) 8b: fill the second plain llog
00057 ------------[ cut here ]------------
00057 WARNING: /home/ktest/git/linux/include/linux/fs.h:889 at osd_create+0x9cf/0xcf0 [osd_wbcfs], CPU#0: lctl/2168
00057 Modules linked in: llog_test(O) mgs(O) osd_wbcfs(O) lustre(O) obdecho(O) mgc(O) mdc(O) lov(O) osc(O) lmv(O) ec(O) fid(O) fld(O) ptlrpc(O) efivarfs obdclass(O) ksocklnd(O) lnet(O) libcfs(O)
00057 CPU: 0 UID: 0 PID: 2168 Comm: lctl Tainted: G        W  O        7.0.0-ktest-8e46928-6330a45-20260729-dirty #1 PREEMPT 
00057 Tainted: [W]=WARN, [O]=OOT_MODULE
00057 Hardware name: QEMU Standard PC (Q35 + ICH9, 2009), BIOS 2025.11-3ubuntu7 03/31/2026
00057 RIP: 0010:osd_create+0x9cf/0xcf0 [osd_wbcfs]
00057 Code: c7 c7 00 96 7b a1 48 c7 c6 a0 12 7d a1 48 c7 c2 00 1c 7d a1 e8 52 f1 43 ff 48 c7 c7 00 96 7b a1 e8 46 81 44 ff e9 fe fc ff ff <0f> 0b e9 a5 fa ff ff 48 c7 c1 80 44 5d a0 80 e1 07 80 c1 03 38 c1
00057 RSP: 0018:ffffc90005eaf4c8 EFLAGS: 00010246
00057 RAX: 0000000000000000 RBX: ffff88819b1a8000 RCX: 0000000000000046
00057 RDX: 0000000000000000 RSI: ffff8881947742a8 RDI: ffff8881209889c0
00057 RBP: ffff888194774218 R08: ffffffff83a16803 R09: 1ffffffff0742d00
00057 R10: dffffc0000000000 R11: fffffbfff0742d01 R12: ffff88816cec1c00
00057 R13: dffffc0000000000 R14: 1ffff11033635000 R15: 1ffff1102d9d838f
00057 FS:  00007f91c023b940(0000) GS:ffff88831e42a000(0000) knlGS:0000000000000000
00057 CS:  0010 DS: 0000 ES: 0000 CR0: 0000000080050033
00057 CR2: 00007f86dc1e6194 CR3: 000000014149f000 CR4: 0000000000750eb0
00057 PKRU: 55555554
00057 Call Trace:
00057  <TASK>
00057  ? local_object_create+0x109/0x640 [obdclass]
00057  ? dt_write_lock+0x16d/0x2a0 [obdclass]
00057  ? llog_osd_create+0x356/0x10d0 [obdclass]
00057  ? llog_create+0x2ed/0x530 [obdclass]
00057  ? llog_cat_new_log+0x6d1/0x2970 [obdclass]
00057  ? llog_cat_add_rec+0x6ba/0x1960 [obdclass]
00057  ? llog_cat_add+0x499/0x7a0 [obdclass]
00057  ? llog_test_8+0xd89/0x1c20 [llog_test]
00057  ? do_raw_spin_unlock+0x52/0x230
00057  ? _raw_spin_unlock+0x23/0x40
00057  ? __llog_ctxt_put+0x1c4/0x2f0 [obdclass]
00057  ? llog_run_tests+0x39a2/0x5ac0 [llog_test]
00057  ? get_random_u32+0x51/0x470
00057  ? llog_test_device_init+0x6e8/0xa20 [llog_test]
00057  ? obd_setup+0x54d/0x950 [obdclass]
00057  ? class_setup+0xc7d/0x10e0 [obdclass]
00057  ? class_process_config+0x2edb/0x7cb0 [obdclass]
00057  ? local_trylock_acquire+0xb/0x70
00057  ? __kmalloc_noprof+0x21f/0x4b0
00057  ? local_trylock_acquire+0x23/0x70
00057  ? local_trylock_acquire+0xb/0x70
00057  ? class_handle_ioctl+0x2055/0x3590 [obdclass]
00057  ? obd_class_ioctl+0x1f6/0x3c0 [obdclass]
00057  ? __x64_sys_ioctl+0x961/0xe00
00057  ? _copy_to_user+0x3d/0x60
00057  ? __x64_sys_rt_sigaction+0x107/0x140
00057  ? do_syscall_64+0xc1/0x350
00057  ? entry_SYSCALL_64_after_hwframe+0x4b/0x53
00057  </TASK>
00057 ---[ end trace 0000000000000000 ]---
00057 Lustre: 2168:0:(llog_test.c:1329:llog_test_8()) 8b: pin llog [0x1:0x12:0x0]
00057 Lustre: 2168:0:(llog_test.c:1332:llog_test_8()) 8b: clean first llog record in catalog
00057 Lustre: 2168:0:(llog_test.c:1343:llog_test_8()) 8c: corrupt first chunk in the middle
00057 Lustre: 2168:0:(llog_test.c:1346:llog_test_8()) 8c: corrupt second chunk at start
00057 Lustre: 2168:0:(llog_test.c:1349:llog_test_8()) 8d: count survived records
00057 Lustre: 2168:0:(llog_test.c:1379:llog_test_8()) 8d: close re-opened catalog
00057 Lustre: 2168:0:(llog_test.c:1440:llog_test_9()) 9a: test llog_logid_rec
00057 ------------[ cut here ]------------
00057 WARNING: /home/ktest/git/linux/include/linux/fs.h:889 at osd_create+0x9cf/0xcf0 [osd_wbcfs], CPU#0: lctl/2168
00057 Modules linked in: llog_test(O) mgs(O) osd_wbcfs(O) lustre(O) obdecho(O) mgc(O) mdc(O) lov(O) osc(O) lmv(O) ec(O) fid(O) fld(O) ptlrpc(O) efivarfs obdclass(O) ksocklnd(O) lnet(O) libcfs(O)
00057 CPU: 0 UID: 0 PID: 2168 Comm: lctl Tainted: G        W  O        7.0.0-ktest-8e46928-6330a45-20260729-dirty #1 PREEMPT 
00057 Tainted: [W]=WARN, [O]=OOT_MODULE
00057 Hardware name: QEMU Standard PC (Q35 + ICH9, 2009), BIOS 2025.11-3ubuntu7 03/31/2026
00057 RIP: 0010:osd_create+0x9cf/0xcf0 [osd_wbcfs]
00057 Code: c7 c7 00 96 7b a1 48 c7 c6 a0 12 7d a1 48 c7 c2 00 1c 7d a1 e8 52 f1 43 ff 48 c7 c7 00 96 7b a1 e8 46 81 44 ff e9 fe fc ff ff <0f> 0b e9 a5 fa ff ff 48 c7 c1 80 44 5d a0 80 e1 07 80 c1 03 38 c1
00057 RSP: 0018:ffffc90005eaf710 EFLAGS: 00010246
00057 RAX: 0000000000000000 RBX: ffff88819b1afc00 RCX: 0000000000000046
00057 RDX: 0000000000000000 RSI: ffff888194773b90 RDI: ffff888120988998
00057 RBP: ffff888194773b00 R08: ffffffff83a16803 R09: 1ffffffff0742d00
00057 R10: dffffc0000000000 R11: fffffbfff0742d01 R12: ffff88816cec1c00
00057 R13: dffffc0000000000 R14: 1ffff11033635f80 R15: 1ffff1102d9d838f
00057 FS:  00007f91c023b940(0000) GS:ffff88831e42a000(0000) knlGS:0000000000000000
00057 CS:  0010 DS: 0000 ES: 0000 CR0: 0000000080050033
00057 CR2: 00007f86dc1e6194 CR3: 000000014149f000 CR4: 0000000000750eb0
00057 PKRU: 55555554
00057 Call Trace:
00057  <TASK>
00057  ? local_object_create+0x109/0x640 [obdclass]
00057  ? dt_write_lock+0x16d/0x2a0 [obdclass]
00057  ? llog_osd_create+0x356/0x10d0 [obdclass]
00057  ? llog_create+0x2ed/0x530 [obdclass]
00057  ? llog_open_create+0x6e7/0xb30 [obdclass]
00057  ? llog_test_9_sub+0xd4/0x800 [llog_test]
00057  ? llog_test_9+0x242/0x960 [llog_test]
00057  ? llog_run_tests+0x3d64/0x5ac0 [llog_test]
00057  ? get_random_u32+0x51/0x470
00057  ? llog_test_device_init+0x6e8/0xa20 [llog_test]
00057  ? obd_setup+0x54d/0x950 [obdclass]
00057  ? class_setup+0xc7d/0x10e0 [obdclass]
00057  ? class_process_config+0x2edb/0x7cb0 [obdclass]
00057  ? local_trylock_acquire+0xb/0x70
00057  ? __kmalloc_noprof+0x21f/0x4b0
00057  ? local_trylock_acquire+0x23/0x70
00057  ? local_trylock_acquire+0xb/0x70
00057  ? class_handle_ioctl+0x2055/0x3590 [obdclass]
00057  ? obd_class_ioctl+0x1f6/0x3c0 [obdclass]
00057  ? __x64_sys_ioctl+0x961/0xe00
00057  ? _copy_to_user+0x3d/0x60
00057  ? __x64_sys_rt_sigaction+0x107/0x140
00057  ? do_syscall_64+0xc1/0x350
00057  ? entry_SYSCALL_64_after_hwframe+0x4b/0x53
00057  </TASK>
00057 ---[ end trace 0000000000000000 ]---
00057 Lustre: 2168:0:(llog_test.c:1424:llog_test_9_sub()) 9_sub: record type 1064553b in log 0x1:0x14:0x0
00057 Lustre: 2168:0:(llog_test.c:1451:llog_test_9()) 9b: test llog_obd_cfg_rec
00057 ------------[ cut here ]------------
00057 WARNING: /home/ktest/git/linux/include/linux/fs.h:889 at osd_create+0x9cf/0xcf0 [osd_wbcfs], CPU#0: lctl/2168
00057 Modules linked in: llog_test(O) mgs(O) osd_wbcfs(O) lustre(O) obdecho(O) mgc(O) mdc(O) lov(O) osc(O) lmv(O) ec(O) fid(O) fld(O) ptlrpc(O) efivarfs obdclass(O) ksocklnd(O) lnet(O) libcfs(O)
00057 CPU: 0 UID: 0 PID: 2168 Comm: lctl Tainted: G        W  O        7.0.0-ktest-8e46928-6330a45-20260729-dirty #1 PREEMPT 
00057 Tainted: [W]=WARN, [O]=OOT_MODULE
00057 Hardware name: QEMU Standard PC (Q35 + ICH9, 2009), BIOS 2025.11-3ubuntu7 03/31/2026
00057 RIP: 0010:osd_create+0x9cf/0xcf0 [osd_wbcfs]
00057 Code: c7 c7 00 96 7b a1 48 c7 c6 a0 12 7d a1 48 c7 c2 00 1c 7d a1 e8 52 f1 43 ff 48 c7 c7 00 96 7b a1 e8 46 81 44 ff e9 fe fc ff ff <0f> 0b e9 a5 fa ff ff 48 c7 c1 80 44 5d a0 80 e1 07 80 c1 03 38 c1
00057 RSP: 0018:ffffc90005eaf710 EFLAGS: 00010246
00057 RAX: 0000000000000000 RBX: ffff88819b1af000 RCX: 0000000000000046
00057 RDX: 0000000000000000 RSI: ffff888194773478 RDI: ffff888120988998
00057 RBP: ffff8881947733e8 R08: ffffffff83a16803 R09: 1ffffffff0742d00
00057 R10: dffffc0000000000 R11: fffffbfff0742d01 R12: ffff88816cec1c00
00057 R13: dffffc0000000000 R14: 1ffff11033635e00 R15: 1ffff1102d9d838f
00057 FS:  00007f91c023b940(0000) GS:ffff88831e42a000(0000) knlGS:0000000000000000
00057 CS:  0010 DS: 0000 ES: 0000 CR0: 0000000080050033
00057 CR2: 00007f86dc1e6194 CR3: 000000014149f000 CR4: 0000000000750eb0
00057 PKRU: 55555554
00057 Call Trace:
00057  <TASK>
00057  ? local_object_create+0x109/0x640 [obdclass]
00057  ? dt_write_lock+0x16d/0x2a0 [obdclass]
00057  ? llog_osd_create+0x356/0x10d0 [obdclass]
00057  ? llog_create+0x2ed/0x530 [obdclass]
00057  ? llog_open_create+0x6e7/0xb30 [obdclass]
00057  ? llog_test_9_sub+0xd4/0x800 [llog_test]
00057  ? llog_test_9+0x373/0x960 [llog_test]
00057  ? llog_run_tests+0x3d64/0x5ac0 [llog_test]
00057  ? get_random_u32+0x51/0x470
00057  ? llog_test_device_init+0x6e8/0xa20 [llog_test]
00057  ? obd_setup+0x54d/0x950 [obdclass]
00057  ? class_setup+0xc7d/0x10e0 [obdclass]
00057  ? class_process_config+0x2edb/0x7cb0 [obdclass]
00057  ? local_trylock_acquire+0xb/0x70
00057  ? __kmalloc_noprof+0x21f/0x4b0
00057  ? local_trylock_acquire+0x23/0x70
00057  ? local_trylock_acquire+0xb/0x70
00057  ? class_handle_ioctl+0x2055/0x3590 [obdclass]
00057  ? obd_class_ioctl+0x1f6/0x3c0 [obdclass]
00057  ? __x64_sys_ioctl+0x961/0xe00
00057  ? _copy_to_user+0x3d/0x60
00057  ? __x64_sys_rt_sigaction+0x107/0x140
00057  ? do_syscall_64+0xc1/0x350
00057  ? entry_SYSCALL_64_after_hwframe+0x4b/0x53
00057  </TASK>
00057 ---[ end trace 0000000000000000 ]---
00057 Lustre: 2168:0:(llog_test.c:1462:llog_test_9()) 9c: test llog_changelog_rec
00057 ------------[ cut here ]------------
00057 WARNING: /home/ktest/git/linux/include/linux/fs.h:889 at osd_create+0x9cf/0xcf0 [osd_wbcfs], CPU#0: lctl/2168
00057 Modules linked in: llog_test(O) mgs(O) osd_wbcfs(O) lustre(O) obdecho(O) mgc(O) mdc(O) lov(O) osc(O) lmv(O) ec(O) fid(O) fld(O) ptlrpc(O) efivarfs obdclass(O) ksocklnd(O) lnet(O) libcfs(O)
00057 CPU: 0 UID: 0 PID: 2168 Comm: lctl Tainted: G        W  O        7.0.0-ktest-8e46928-6330a45-20260729-dirty #1 PREEMPT 
00057 Tainted: [W]=WARN, [O]=OOT_MODULE
00057 Hardware name: QEMU Standard PC (Q35 + ICH9, 2009), BIOS 2025.11-3ubuntu7 03/31/2026
00057 RIP: 0010:osd_create+0x9cf/0xcf0 [osd_wbcfs]
00057 Code: c7 c7 00 96 7b a1 48 c7 c6 a0 12 7d a1 48 c7 c2 00 1c 7d a1 e8 52 f1 43 ff 48 c7 c7 00 96 7b a1 e8 46 81 44 ff e9 fe fc ff ff <0f> 0b e9 a5 fa ff ff 48 c7 c1 80 44 5d a0 80 e1 07 80 c1 03 38 c1
00057 RSP: 0018:ffffc90005eaf710 EFLAGS: 00010246
00057 RAX: 0000000000000000 RBX: ffff88819b1ae800 RCX: 0000000000000046
00057 RDX: 0000000000000000 RSI: ffff888194772d60 RDI: ffff888120988998
00057 RBP: ffff888194772cd0 R08: ffffffff83a16803 R09: 1ffffffff0742d00
00057 R10: dffffc0000000000 R11: fffffbfff0742d01 R12: ffff88816cec1c00
00057 R13: dffffc0000000000 R14: 1ffff11033635d00 R15: 1ffff1102d9d838f
00057 FS:  00007f91c023b940(0000) GS:ffff88831e42a000(0000) knlGS:0000000000000000
00057 CS:  0010 DS: 0000 ES: 0000 CR0: 0000000080050033
00057 CR2: 00007f86dc1e6194 CR3: 000000014149f000 CR4: 0000000000750eb0
00057 PKRU: 55555554
00057 Call Trace:
00057  <TASK>
00057  ? local_object_create+0x109/0x640 [obdclass]
00057  ? dt_write_lock+0x16d/0x2a0 [obdclass]
00057  ? llog_osd_create+0x356/0x10d0 [obdclass]
00057  ? llog_create+0x2ed/0x530 [obdclass]
00057  ? llog_open_create+0x6e7/0xb30 [obdclass]
00057  ? llog_test_9_sub+0xd4/0x800 [llog_test]
00057  ? llog_test_9+0x4a4/0x960 [llog_test]
00057  ? llog_run_tests+0x3d64/0x5ac0 [llog_test]
00057  ? get_random_u32+0x51/0x470
00057  ? llog_test_device_init+0x6e8/0xa20 [llog_test]
00057  ? obd_setup+0x54d/0x950 [obdclass]
00057  ? class_setup+0xc7d/0x10e0 [obdclass]
00057  ? class_process_config+0x2edb/0x7cb0 [obdclass]
00057  ? local_trylock_acquire+0xb/0x70
00057  ? __kmalloc_noprof+0x21f/0x4b0
00057  ? local_trylock_acquire+0x23/0x70
00057  ? local_trylock_acquire+0xb/0x70
00057  ? class_handle_ioctl+0x2055/0x3590 [obdclass]
00057  ? obd_class_ioctl+0x1f6/0x3c0 [obdclass]
00057  ? __x64_sys_ioctl+0x961/0xe00
00057  ? _copy_to_user+0x3d/0x60
00057  ? __x64_sys_rt_sigaction+0x107/0x140
00057  ? do_syscall_64+0xc1/0x350
00057  ? entry_SYSCALL_64_after_hwframe+0x4b/0x53
00057  </TASK>
00057 ---[ end trace 0000000000000000 ]---
00057 Lustre: 2168:0:(llog_test.c:1474:llog_test_9()) 9d: test llog_changelog_user_rec2
00057 ------------[ cut here ]------------
00057 WARNING: /home/ktest/git/linux/include/linux/fs.h:889 at osd_create+0x9cf/0xcf0 [osd_wbcfs], CPU#0: lctl/2168
00057 Modules linked in: llog_test(O) mgs(O) osd_wbcfs(O) lustre(O) obdecho(O) mgc(O) mdc(O) lov(O) osc(O) lmv(O) ec(O) fid(O) fld(O) ptlrpc(O) efivarfs obdclass(O) ksocklnd(O) lnet(O) libcfs(O)
00057 CPU: 0 UID: 0 PID: 2168 Comm: lctl Tainted: G        W  O        7.0.0-ktest-8e46928-6330a45-20260729-dirty #1 PREEMPT 
00057 Tainted: [W]=WARN, [O]=OOT_MODULE
00057 Hardware name: QEMU Standard PC (Q35 + ICH9, 2009), BIOS 2025.11-3ubuntu7 03/31/2026
00057 RIP: 0010:osd_create+0x9cf/0xcf0 [osd_wbcfs]
00057 Code: c7 c7 00 96 7b a1 48 c7 c6 a0 12 7d a1 48 c7 c2 00 1c 7d a1 e8 52 f1 43 ff 48 c7 c7 00 96 7b a1 e8 46 81 44 ff e9 fe fc ff ff <0f> 0b e9 a5 fa ff ff 48 c7 c1 80 44 5d a0 80 e1 07 80 c1 03 38 c1
00057 RSP: 0018:ffffc90005eaf710 EFLAGS: 00010246
00057 RAX: 0000000000000000 RBX: ffff88819b1ae000 RCX: 0000000000000046
00057 RDX: 0000000000000000 RSI: ffff888194772648 RDI: ffff888120988998
00057 RBP: ffff8881947725b8 R08: ffffffff83a16803 R09: 1ffffffff0742d00
00057 R10: dffffc0000000000 R11: fffffbfff0742d01 R12: ffff88816cec1c00
00057 R13: dffffc0000000000 R14: 1ffff11033635c00 R15: 1ffff1102d9d838f
00057 FS:  00007f91c023b940(0000) GS:ffff88831e42a000(0000) knlGS:0000000000000000
00057 CS:  0010 DS: 0000 ES: 0000 CR0: 0000000080050033
00057 CR2: 00007f86dc1e6194 CR3: 000000014149f000 CR4: 0000000000750eb0
00057 PKRU: 55555554
00057 Call Trace:
00057  <TASK>
00057  ? local_object_create+0x109/0x640 [obdclass]
00057  ? dt_write_lock+0x16d/0x2a0 [obdclass]
00057  ? llog_osd_create+0x356/0x10d0 [obdclass]
00057  ? llog_create+0x2ed/0x530 [obdclass]
00057  ? llog_open_create+0x6e7/0xb30 [obdclass]
00057  ? llog_test_9_sub+0xd4/0x800 [llog_test]
00057  ? llog_test_9+0x5d5/0x960 [llog_test]
00057  ? llog_run_tests+0x3d64/0x5ac0 [llog_test]
00057  ? get_random_u32+0x51/0x470
00057  ? llog_test_device_init+0x6e8/0xa20 [llog_test]
00057  ? obd_setup+0x54d/0x950 [obdclass]
00057  ? class_setup+0xc7d/0x10e0 [obdclass]
00057  ? class_process_config+0x2edb/0x7cb0 [obdclass]
00057  ? local_trylock_acquire+0xb/0x70
00057  ? __kmalloc_noprof+0x21f/0x4b0
00057  ? local_trylock_acquire+0x23/0x70
00057  ? local_trylock_acquire+0xb/0x70
00057  ? class_handle_ioctl+0x2055/0x3590 [obdclass]
00057  ? obd_class_ioctl+0x1f6/0x3c0 [obdclass]
00057  ? __x64_sys_ioctl+0x961/0xe00
00057  ? _copy_to_user+0x3d/0x60
00057  ? __x64_sys_rt_sigaction+0x107/0x140
00057  ? do_syscall_64+0xc1/0x350
00057  ? entry_SYSCALL_64_after_hwframe+0x4b/0x53
00057  </TASK>
00057 ---[ end trace 0000000000000000 ]---
00057 Lustre: 2168:0:(llog_test.c:1575:llog_test_10()) 10a: create a catalog log with name: f37bd4c5
00057 ------------[ cut here ]------------
00057 WARNING: /home/ktest/git/linux/include/linux/fs.h:889 at osd_create+0x9cf/0xcf0 [osd_wbcfs], CPU#0: lctl/2168
00057 Modules linked in: llog_test(O) mgs(O) osd_wbcfs(O) lustre(O) obdecho(O) mgc(O) mdc(O) lov(O) osc(O) lmv(O) ec(O) fid(O) fld(O) ptlrpc(O) efivarfs obdclass(O) ksocklnd(O) lnet(O) libcfs(O)
00057 CPU: 0 UID: 0 PID: 2168 Comm: lctl Tainted: G        W  O        7.0.0-ktest-8e46928-6330a45-20260729-dirty #1 PREEMPT 
00057 Tainted: [W]=WARN, [O]=OOT_MODULE
00057 Hardware name: QEMU Standard PC (Q35 + ICH9, 2009), BIOS 2025.11-3ubuntu7 03/31/2026
00057 RIP: 0010:osd_create+0x9cf/0xcf0 [osd_wbcfs]
00057 Code: c7 c7 00 96 7b a1 48 c7 c6 a0 12 7d a1 48 c7 c2 00 1c 7d a1 e8 52 f1 43 ff 48 c7 c7 00 96 7b a1 e8 46 81 44 ff e9 fe fc ff ff <0f> 0b e9 a5 fa ff ff 48 c7 c1 80 44 5d a0 80 e1 07 80 c1 03 38 c1
00057 RSP: 0018:ffffc90005eaf5c8 EFLAGS: 00010246
00057 RAX: 0000000000000000 RBX: ffff88819d51b800 RCX: 0000000000000046
00057 RDX: 0000000000000000 RSI: ffff888194771f30 RDI: ffff888120988998
00057 RBP: ffff888194771ea0 R08: ffffffff83a16803 R09: 1ffffffff0742d00
00057 R10: dffffc0000000000 R11: fffffbfff0742d01 R12: ffff88816cec1c00
00057 R13: dffffc0000000000 R14: 1ffff11033aa3700 R15: 1ffff1102d9d838f
00057 FS:  00007f91c023b940(0000) GS:ffff88831e42a000(0000) knlGS:0000000000000000
00057 CS:  0010 DS: 0000 ES: 0000 CR0: 0000000080050033
00057 CR2: 00007f86dc1e6194 CR3: 000000014149f000 CR4: 0000000000750eb0
00057 PKRU: 55555554
00057 Call Trace:
00057  <TASK>
00057  ? local_object_create+0x109/0x640 [obdclass]
00057  ? dt_write_lock+0x16d/0x2a0 [obdclass]
00057  ? llog_osd_create+0x356/0x10d0 [obdclass]
00057  ? llog_create+0x2ed/0x530 [obdclass]
00057  ? llog_open_create+0x6e7/0xb30 [obdclass]
00057  ? llog_test_10+0x2e1/0x5520 [llog_test]
00057  ? lu_object_put+0xa64/0x1210 [obdclass]
00057  ? do_raw_spin_unlock+0x52/0x230
00057  ? _raw_spin_unlock+0x23/0x40
00057  ? __llog_ctxt_put+0x1c4/0x2f0 [obdclass]
00057  ? llog_run_tests+0x3f45/0x5ac0 [llog_test]
00057  ? get_random_u32+0x51/0x470
00057  ? llog_test_device_init+0x6e8/0xa20 [llog_test]
00057  ? obd_setup+0x54d/0x950 [obdclass]
00057  ? class_setup+0xc7d/0x10e0 [obdclass]
00057  ? class_process_config+0x2edb/0x7cb0 [obdclass]
00057  ? local_trylock_acquire+0xb/0x70
00057  ? __kmalloc_noprof+0x21f/0x4b0
00057  ? local_trylock_acquire+0x23/0x70
00057  ? local_trylock_acquire+0xb/0x70
00057  ? class_handle_ioctl+0x2055/0x3590 [obdclass]
00057  ? obd_class_ioctl+0x1f6/0x3c0 [obdclass]
00057  ? __x64_sys_ioctl+0x961/0xe00
00057  ? _copy_to_user+0x3d/0x60
00057  ? __x64_sys_rt_sigaction+0x107/0x140
00057  ? do_syscall_64+0xc1/0x350
00057  ? entry_SYSCALL_64_after_hwframe+0x4b/0x53
00057  </TASK>
00057 ---[ end trace 0000000000000000 ]---
00057 Lustre: 2168:0:(llog_test.c:1605:llog_test_10()) 10b: write 64767 log records
00057 ------------[ cut here ]------------
00057 WARNING: /home/ktest/git/linux/include/linux/fs.h:889 at osd_create+0x9cf/0xcf0 [osd_wbcfs], CPU#0: lctl/2168
00057 Modules linked in: llog_test(O) mgs(O) osd_wbcfs(O) lustre(O) obdecho(O) mgc(O) mdc(O) lov(O) osc(O) lmv(O) ec(O) fid(O) fld(O) ptlrpc(O) efivarfs obdclass(O) ksocklnd(O) lnet(O) libcfs(O)
00057 CPU: 0 UID: 0 PID: 2168 Comm: lctl Tainted: G        W  O        7.0.0-ktest-8e46928-6330a45-20260729-dirty #1 PREEMPT 
00057 Tainted: [W]=WARN, [O]=OOT_MODULE
00057 Hardware name: QEMU Standard PC (Q35 + ICH9, 2009), BIOS 2025.11-3ubuntu7 03/31/2026
00057 RIP: 0010:osd_create+0x9cf/0xcf0 [osd_wbcfs]
00057 Code: c7 c7 00 96 7b a1 48 c7 c6 a0 12 7d a1 48 c7 c2 00 1c 7d a1 e8 52 f1 43 ff 48 c7 c7 00 96 7b a1 e8 46 81 44 ff e9 fe fc ff ff <0f> 0b e9 a5 fa ff ff 48 c7 c1 80 44 5d a0 80 e1 07 80 c1 03 38 c1
00057 RSP: 0018:ffffc90005eaf478 EFLAGS: 00010246
00057 RAX: 0000000000000000 RBX: ffff88819d51b000 RCX: 0000000000000046
00057 RDX: 0000000000000000 RSI: ffff888194771818 RDI: ffff8881209889c0
00057 RBP: ffff888194771788 R08: ffffffff83a16803 R09: 1ffffffff0742d00
00057 R10: dffffc0000000000 R11: fffffbfff0742d01 R12: ffff88816cec1c00
00057 R13: dffffc0000000000 R14: 1ffff11033aa3600 R15: 1ffff1102d9d838f
00057 FS:  00007f91c023b940(0000) GS:ffff88831e42a000(0000) knlGS:0000000000000000
00057 CS:  0010 DS: 0000 ES: 0000 CR0: 0000000080050033
00057 CR2: 00007f86dc1e6194 CR3: 000000014149f000 CR4: 0000000000750eb0
00057 PKRU: 55555554
00057 Call Trace:
00057  <TASK>
00057  ? local_object_create+0x109/0x640 [obdclass]
00057  ? dt_write_lock+0x16d/0x2a0 [obdclass]
00057  ? llog_osd_create+0x356/0x10d0 [obdclass]
00057  ? llog_create+0x2ed/0x530 [obdclass]
00057  ? llog_cat_new_log+0x6d1/0x2970 [obdclass]
00057  ? llog_cat_add_rec+0x6ba/0x1960 [obdclass]
00057  ? llog_cat_add+0x499/0x7a0 [obdclass]
00057  ? llog_test_10+0x6d0/0x5520 [llog_test]
00057  ? lu_object_put+0xa64/0x1210 [obdclass]
00057  ? do_raw_spin_unlock+0x52/0x230
00057  ? _raw_spin_unlock+0x23/0x40
00057  ? __llog_ctxt_put+0x1c4/0x2f0 [obdclass]
00057  ? llog_run_tests+0x3f45/0x5ac0 [llog_test]
00057  ? get_random_u32+0x51/0x470
00057  ? llog_test_device_init+0x6e8/0xa20 [llog_test]
00057  ? obd_setup+0x54d/0x950 [obdclass]
00057  ? class_setup+0xc7d/0x10e0 [obdclass]
00057  ? class_process_config+0x2edb/0x7cb0 [obdclass]
00057  ? local_trylock_acquire+0xb/0x70
00057  ? __kmalloc_noprof+0x21f/0x4b0
00057  ? local_trylock_acquire+0x23/0x70
00057  ? local_trylock_acquire+0xb/0x70
00057  ? class_handle_ioctl+0x2055/0x3590 [obdclass]
00057  ? obd_class_ioctl+0x1f6/0x3c0 [obdclass]
00057  ? __x64_sys_ioctl+0x961/0xe00
00057  ? _copy_to_user+0x3d/0x60
00057  ? __x64_sys_rt_sigaction+0x107/0x140
00057  ? do_syscall_64+0xc1/0x350
00057  ? entry_SYSCALL_64_after_hwframe+0x4b/0x53
00057  </TASK>
00057 ---[ end trace 0000000000000000 ]---
00060 ------------[ cut here ]------------
00060 WARNING: /home/ktest/git/linux/include/linux/fs.h:889 at osd_create+0x9cf/0xcf0 [osd_wbcfs], CPU#0: lctl/2168
00060 Modules linked in: llog_test(O) mgs(O) osd_wbcfs(O) lustre(O) obdecho(O) mgc(O) mdc(O) lov(O) osc(O) lmv(O) ec(O) fid(O) fld(O) ptlrpc(O) efivarfs obdclass(O) ksocklnd(O) lnet(O) libcfs(O)
00060 CPU: 0 UID: 0 PID: 2168 Comm: lctl Tainted: G        W  O        7.0.0-ktest-8e46928-6330a45-20260729-dirty #1 PREEMPT 
00060 Tainted: [W]=WARN, [O]=OOT_MODULE
00060 Hardware name: QEMU Standard PC (Q35 + ICH9, 2009), BIOS 2025.11-3ubuntu7 03/31/2026
00060 RIP: 0010:osd_create+0x9cf/0xcf0 [osd_wbcfs]
00060 Code: c7 c7 00 96 7b a1 48 c7 c6 a0 12 7d a1 48 c7 c2 00 1c 7d a1 e8 52 f1 43 ff 48 c7 c7 00 96 7b a1 e8 46 81 44 ff e9 fe fc ff ff <0f> 0b e9 a5 fa ff ff 48 c7 c1 80 44 5d a0 80 e1 07 80 c1 03 38 c1
00060 RSP: 0018:ffffc90005eaf478 EFLAGS: 00010246
00060 RAX: 0000000000000000 RBX: ffff88819d51a800 RCX: 0000000000000046
00060 RDX: 0000000000000000 RSI: ffff888194771100 RDI: ffff8881209889c0
00060 RBP: ffff888194771070 R08: ffffffff83a16803 R09: 1ffffffff0742d00
00060 R10: dffffc0000000000 R11: fffffbfff0742d01 R12: ffff88816cec1c00
00060 R13: dffffc0000000000 R14: 1ffff11033aa3500 R15: 1ffff1102d9d838f
00060 FS:  00007f91c023b940(0000) GS:ffff88831e42a000(0000) knlGS:0000000000000000
00060 CS:  0010 DS: 0000 ES: 0000 CR0: 0000000080050033
00060 CR2: 00007f86dc1e6194 CR3: 000000014149f000 CR4: 0000000000750eb0
00060 PKRU: 55555554
00060 Call Trace:
00060  <TASK>
00060  ? local_object_create+0x109/0x640 [obdclass]
00060  ? dt_write_lock+0x16d/0x2a0 [obdclass]
00060  ? llog_osd_create+0x356/0x10d0 [obdclass]
00060  ? llog_create+0x2ed/0x530 [obdclass]
00060  ? llog_cat_new_log+0x6d1/0x2970 [obdclass]
00060  ? llog_cat_add_rec+0x6ba/0x1960 [obdclass]
00060  ? llog_cat_add+0x499/0x7a0 [obdclass]
00060  ? llog_test_10+0x6d0/0x5520 [llog_test]
00060  ? lu_object_put+0xa64/0x1210 [obdclass]
00060  ? do_raw_spin_unlock+0x52/0x230
00060  ? _raw_spin_unlock+0x23/0x40
00060  ? __llog_ctxt_put+0x1c4/0x2f0 [obdclass]
00060  ? llog_run_tests+0x3f45/0x5ac0 [llog_test]
00060  ? get_random_u32+0x51/0x470
00060  ? llog_test_device_init+0x6e8/0xa20 [llog_test]
00060  ? obd_setup+0x54d/0x950 [obdclass]
00060  ? class_setup+0xc7d/0x10e0 [obdclass]
00060  ? class_process_config+0x2edb/0x7cb0 [obdclass]
00060  ? local_trylock_acquire+0xb/0x70
00060  ? __kmalloc_noprof+0x21f/0x4b0
00060  ? local_trylock_acquire+0x23/0x70
00060  ? local_trylock_acquire+0xb/0x70
00060  ? class_handle_ioctl+0x2055/0x3590 [obdclass]
00060  ? obd_class_ioctl+0x1f6/0x3c0 [obdclass]
00060  ? __x64_sys_ioctl+0x961/0xe00
00060  ? _copy_to_user+0x3d/0x60
00060  ? __x64_sys_rt_sigaction+0x107/0x140
00060  ? do_syscall_64+0xc1/0x350
00060  ? entry_SYSCALL_64_after_hwframe+0x4b/0x53
00060  </TASK>
00060 ---[ end trace 0000000000000000 ]---
00060 Lustre: 2168:0:(llog_test.c:1631:llog_test_10()) 10c: write 129534 more log records
00062 ------------[ cut here ]------------
00062 WARNING: /home/ktest/git/linux/include/linux/fs.h:889 at osd_create+0x9cf/0xcf0 [osd_wbcfs], CPU#0: lctl/2168
00062 Modules linked in: llog_test(O) mgs(O) osd_wbcfs(O) lustre(O) obdecho(O) mgc(O) mdc(O) lov(O) osc(O) lmv(O) ec(O) fid(O) fld(O) ptlrpc(O) efivarfs obdclass(O) ksocklnd(O) lnet(O) libcfs(O)
00062 CPU: 0 UID: 0 PID: 2168 Comm: lctl Tainted: G        W  O        7.0.0-ktest-8e46928-6330a45-20260729-dirty #1 PREEMPT 
00062 Tainted: [W]=WARN, [O]=OOT_MODULE
00062 Hardware name: QEMU Standard PC (Q35 + ICH9, 2009), BIOS 2025.11-3ubuntu7 03/31/2026
00062 RIP: 0010:osd_create+0x9cf/0xcf0 [osd_wbcfs]
00062 Code: c7 c7 00 96 7b a1 48 c7 c6 a0 12 7d a1 48 c7 c2 00 1c 7d a1 e8 52 f1 43 ff 48 c7 c7 00 96 7b a1 e8 46 81 44 ff e9 fe fc ff ff <0f> 0b e9 a5 fa ff ff 48 c7 c1 80 44 5d a0 80 e1 07 80 c1 03 38 c1
00062 RSP: 0018:ffffc90005eaf478 EFLAGS: 00010246
00062 RAX: 0000000000000000 RBX: ffff88813a320c00 RCX: 0000000000000046
00062 RDX: 0000000000000000 RSI: ffff8881947709e8 RDI: ffff8881209889c0
00062 RBP: ffff888194770958 R08: ffffffff83a16803 R09: 1ffffffff0742d00
00062 R10: dffffc0000000000 R11: fffffbfff0742d01 R12: ffff88816cec1c00
00062 R13: dffffc0000000000 R14: 1ffff11027464180 R15: 1ffff1102d9d838f
00062 FS:  00007f91c023b940(0000) GS:ffff88831e42a000(0000) knlGS:0000000000000000
00062 CS:  0010 DS: 0000 ES: 0000 CR0: 0000000080050033
00062 CR2: 00007f86dc1e6194 CR3: 000000014149f000 CR4: 0000000000750eb0
00062 PKRU: 55555554
00062 Call Trace:
00062  <TASK>
00062  ? local_object_create+0x109/0x640 [obdclass]
00062  ? dt_write_lock+0x16d/0x2a0 [obdclass]
00062  ? llog_osd_create+0x356/0x10d0 [obdclass]
00062  ? llog_create+0x2ed/0x530 [obdclass]
00062  ? llog_cat_new_log+0x6d1/0x2970 [obdclass]
00062  ? llog_cat_add_rec+0x6ba/0x1960 [obdclass]
00062  ? llog_cat_add+0x499/0x7a0 [obdclass]
00062  ? llog_test_10+0x986/0x5520 [llog_test]
00062  ? lu_object_put+0xa64/0x1210 [obdclass]
00062  ? do_raw_spin_unlock+0x52/0x230
00062  ? _raw_spin_unlock+0x23/0x40
00062  ? __llog_ctxt_put+0x1c4/0x2f0 [obdclass]
00062  ? llog_run_tests+0x3f45/0x5ac0 [llog_test]
00062  ? get_random_u32+0x51/0x470
00062  ? llog_test_device_init+0x6e8/0xa20 [llog_test]
00062  ? obd_setup+0x54d/0x950 [obdclass]
00062  ? class_setup+0xc7d/0x10e0 [obdclass]
00062  ? class_process_config+0x2edb/0x7cb0 [obdclass]
00062  ? local_trylock_acquire+0xb/0x70
00062  ? __kmalloc_noprof+0x21f/0x4b0
00062  ? local_trylock_acquire+0x23/0x70
00062  ? local_trylock_acquire+0xb/0x70
00062  ? class_handle_ioctl+0x2055/0x3590 [obdclass]
00062  ? obd_class_ioctl+0x1f6/0x3c0 [obdclass]
00062  ? __x64_sys_ioctl+0x961/0xe00
00062  ? _copy_to_user+0x3d/0x60
00062  ? __x64_sys_rt_sigaction+0x107/0x140
00062  ? do_syscall_64+0xc1/0x350
00062  ? entry_SYSCALL_64_after_hwframe+0x4b/0x53
00062  </TASK>
00062 ---[ end trace 0000000000000000 ]---
00065 ------------[ cut here ]------------
00065 WARNING: /home/ktest/git/linux/include/linux/fs.h:889 at osd_create+0x9cf/0xcf0 [osd_wbcfs], CPU#0: lctl/2168
00065 Modules linked in: llog_test(O) mgs(O) osd_wbcfs(O) lustre(O) obdecho(O) mgc(O) mdc(O) lov(O) osc(O) lmv(O) ec(O) fid(O) fld(O) ptlrpc(O) efivarfs obdclass(O) ksocklnd(O) lnet(O) libcfs(O)
00065 CPU: 0 UID: 0 PID: 2168 Comm: lctl Tainted: G        W  O        7.0.0-ktest-8e46928-6330a45-20260729-dirty #1 PREEMPT 
00065 Tainted: [W]=WARN, [O]=OOT_MODULE
00065 Hardware name: QEMU Standard PC (Q35 + ICH9, 2009), BIOS 2025.11-3ubuntu7 03/31/2026
00065 RIP: 0010:osd_create+0x9cf/0xcf0 [osd_wbcfs]
00065 Code: c7 c7 00 96 7b a1 48 c7 c6 a0 12 7d a1 48 c7 c2 00 1c 7d a1 e8 52 f1 43 ff 48 c7 c7 00 96 7b a1 e8 46 81 44 ff e9 fe fc ff ff <0f> 0b e9 a5 fa ff ff 48 c7 c1 80 44 5d a0 80 e1 07 80 c1 03 38 c1
00065 RSP: 0018:ffffc90005eaf478 EFLAGS: 00010246
00065 RAX: 0000000000000000 RBX: ffff888199146000 RCX: 0000000000000046
00065 RDX: 0000000000000000 RSI: ffff8881947702d0 RDI: ffff8881209889c0
00065 RBP: ffff888194770240 R08: ffffffff83a16803 R09: 1ffffffff0742d00
00065 R10: dffffc0000000000 R11: fffffbfff0742d01 R12: ffff88816cec1c00
00065 R13: dffffc0000000000 R14: 1ffff11033228c00 R15: 1ffff1102d9d838f
00065 FS:  00007f91c023b940(0000) GS:ffff88831e42a000(0000) knlGS:0000000000000000
00065 CS:  0010 DS: 0000 ES: 0000 CR0: 0000000080050033
00065 CR2: 00007f86dc1e6194 CR3: 000000014149f000 CR4: 0000000000750eb0
00065 PKRU: 55555554
00065 Call Trace:
00065  <TASK>
00065  ? local_object_create+0x109/0x640 [obdclass]
00065  ? dt_write_lock+0x16d/0x2a0 [obdclass]
00065  ? llog_osd_create+0x356/0x10d0 [obdclass]
00065  ? llog_create+0x2ed/0x530 [obdclass]
00065  ? llog_cat_new_log+0x6d1/0x2970 [obdclass]
00065  ? llog_cat_add_rec+0x6ba/0x1960 [obdclass]
00065  ? llog_cat_add+0x499/0x7a0 [obdclass]
00065  ? llog_test_10+0x986/0x5520 [llog_test]
00065  ? lu_object_put+0xa64/0x1210 [obdclass]
00065  ? do_raw_spin_unlock+0x52/0x230
00065  ? _raw_spin_unlock+0x23/0x40
00065  ? __llog_ctxt_put+0x1c4/0x2f0 [obdclass]
00065  ? llog_run_tests+0x3f45/0x5ac0 [llog_test]
00065  ? get_random_u32+0x51/0x470
00065  ? llog_test_device_init+0x6e8/0xa20 [llog_test]
00065  ? obd_setup+0x54d/0x950 [obdclass]
00065  ? class_setup+0xc7d/0x10e0 [obdclass]
00065  ? class_process_config+0x2edb/0x7cb0 [obdclass]
00065  ? local_trylock_acquire+0xb/0x70
00065  ? __kmalloc_noprof+0x21f/0x4b0
00065  ? local_trylock_acquire+0x23/0x70
00065  ? local_trylock_acquire+0xb/0x70
00065  ? class_handle_ioctl+0x2055/0x3590 [obdclass]
00065  ? obd_class_ioctl+0x1f6/0x3c0 [obdclass]
00065  ? __x64_sys_ioctl+0x961/0xe00
00065  ? _copy_to_user+0x3d/0x60
00065  ? __x64_sys_rt_sigaction+0x107/0x140
00065  ? do_syscall_64+0xc1/0x350
00065  ? entry_SYSCALL_64_after_hwframe+0x4b/0x53
00065  </TASK>
00065 ---[ end trace 0000000000000000 ]---
00065 Lustre: 2168:0:(llog_test.c:1663:llog_test_10()) 10c: write 64767 more log records
00067 Lustre: 2168:0:(llog_cat.c:80:llog_cat_new_log()) MGS: there are no more free slots in catalog f37bd4c5
00067 LustreError: 2168:0:(llog_cat.c:588:llog_cat_add_rec()) MGS: initialization error: rc = -28
00067 Lustre: 2168:0:(llog_test.c:1689:llog_test_10()) 10c: wrote 64011 records then 756 failed with ENOSPC
00067 Lustre: 2168:0:(llog_test.c:1708:llog_test_10()) 10d: Cancel 64767 records, see one log zapped
00069 Lustre: 2168:0:(llog_test.c:1722:llog_test_10()) 10d: print the catalog entries.. we expect 3
00069 Lustre: 2189:0:(llog_test.c:700:cat_print_cb()) seeing record at index 2 - [0x1:0x19:0x0] in log [0xa:0x5:0x0]
00069 Lustre: 2168:0:(llog_test.c:1752:llog_test_10()) 10e: write 64767 more log records
00069 ------------[ cut here ]------------
00069 WARNING: /home/ktest/git/linux/include/linux/fs.h:889 at osd_create+0x9cf/0xcf0 [osd_wbcfs], CPU#0: lctl/2168
00069 Modules linked in: llog_test(O) mgs(O) osd_wbcfs(O) lustre(O) obdecho(O) mgc(O) mdc(O) lov(O) osc(O) lmv(O) ec(O) fid(O) fld(O) ptlrpc(O) efivarfs obdclass(O) ksocklnd(O) lnet(O) libcfs(O)
00069 CPU: 0 UID: 0 PID: 2168 Comm: lctl Tainted: G        W  O        7.0.0-ktest-8e46928-6330a45-20260729-dirty #1 PREEMPT 
00069 Tainted: [W]=WARN, [O]=OOT_MODULE
00069 Hardware name: QEMU Standard PC (Q35 + ICH9, 2009), BIOS 2025.11-3ubuntu7 03/31/2026
00069 RIP: 0010:osd_create+0x9cf/0xcf0 [osd_wbcfs]
00069 Code: c7 c7 00 96 7b a1 48 c7 c6 a0 12 7d a1 48 c7 c2 00 1c 7d a1 e8 52 f1 43 ff 48 c7 c7 00 96 7b a1 e8 46 81 44 ff e9 fe fc ff ff <0f> 0b e9 a5 fa ff ff 48 c7 c1 80 44 5d a0 80 e1 07 80 c1 03 38 c1
00069 RSP: 0018:ffffc90005eaf478 EFLAGS: 00010246
00069 RAX: 0000000000000000 RBX: ffff888120ce2c00 RCX: 0000000000000046
00069 RDX: 0000000000000000 RSI: ffff88819e3f2648 RDI: ffff8881209889c0
00069 RBP: ffff88819e3f25b8 R08: ffffffff83a16803 R09: 1ffffffff0742d00
00069 R10: dffffc0000000000 R11: fffffbfff0742d01 R12: ffff88816cec1c00
00069 R13: dffffc0000000000 R14: 1ffff1102419c580 R15: 1ffff1102d9d838f
00069 FS:  00007f91c023b940(0000) GS:ffff88831e42a000(0000) knlGS:0000000000000000
00069 CS:  0010 DS: 0000 ES: 0000 CR0: 0000000080050033
00069 CR2: 00007f86dc1e6194 CR3: 000000014149f000 CR4: 0000000000750eb0
00069 PKRU: 55555554
00069 Call Trace:
00069  <TASK>
00069  ? local_object_create+0x109/0x640 [obdclass]
00069  ? dt_write_lock+0x16d/0x2a0 [obdclass]
00069  ? llog_osd_create+0x356/0x10d0 [obdclass]
00069  ? llog_create+0x2ed/0x530 [obdclass]
00069  ? llog_cat_new_log+0x6d1/0x2970 [obdclass]
00069  ? llog_cat_add_rec+0x6ba/0x1960 [obdclass]
00069  ? llog_cat_add+0x499/0x7a0 [obdclass]
00069  ? llog_test_10+0x1844/0x5520 [llog_test]
00069  ? lu_object_put+0xa64/0x1210 [obdclass]
00069  ? do_raw_spin_unlock+0x52/0x230
00069  ? _raw_spin_unlock+0x23/0x40
00069  ? __llog_ctxt_put+0x1c4/0x2f0 [obdclass]
00069  ? llog_run_tests+0x3f45/0x5ac0 [llog_test]
00069  ? get_random_u32+0x51/0x470
00069  ? llog_test_device_init+0x6e8/0xa20 [llog_test]
00069  ? obd_setup+0x54d/0x950 [obdclass]
00069  ? class_setup+0xc7d/0x10e0 [obdclass]
00069  ? class_process_config+0x2edb/0x7cb0 [obdclass]
00069  ? local_trylock_acquire+0xb/0x70
00069  ? __kmalloc_noprof+0x21f/0x4b0
00069  ? local_trylock_acquire+0x23/0x70
00069  ? local_trylock_acquire+0xb/0x70
00069  ? class_handle_ioctl+0x2055/0x3590 [obdclass]
00069  ? obd_class_ioctl+0x1f6/0x3c0 [obdclass]
00069  ? __x64_sys_ioctl+0x961/0xe00
00069  ? _copy_to_user+0x3d/0x60
00069  ? __x64_sys_rt_sigaction+0x107/0x140
00069  ? do_syscall_64+0xc1/0x350
00069  ? entry_SYSCALL_64_after_hwframe+0x4b/0x53
00069  </TASK>
00069 ---[ end trace 0000000000000000 ]---
00072 Lustre: 2168:0:(llog_cat.c:80:llog_cat_new_log()) MGS: there are no more free slots in catalog f37bd4c5
00072 Lustre: 2168:0:(llog_cat.c:80:llog_cat_new_log()) Skipped 755 previous similar messages
00072 LustreError: 2168:0:(llog_cat.c:588:llog_cat_add_rec()) MGS: initialization error: rc = -28
00072 LustreError: 2168:0:(llog_cat.c:588:llog_cat_add_rec()) Skipped 755 previous similar messages
00072 Lustre: 2168:0:(llog_test.c:1778:llog_test_10()) 10e: wrote 64578 records then 189 failed with ENOSPC
00072 Lustre: 2168:0:(llog_test.c:1780:llog_test_10()) 10e: print the catalog entries.. we expect 4
00072 Lustre: 2168:0:(llog_cat.c:977:llog_cat_process_or_fork()) MGS: catlog [0xa:0x5:0x0] crosses index zero
00072 Lustre: 2168:0:(llog_test.c:700:cat_print_cb()) seeing record at index 2 - [0x1:0x19:0x0] in log [0xa:0x5:0x0]
00072 Lustre: 2168:0:(llog_test.c:700:cat_print_cb()) Skipped 2 previous similar messages
00072 Lustre: 2168:0:(llog_test.c:1816:llog_test_10()) 10e: catalog successfully wrap around, last_idx 1, first 1
00072 Lustre: 2168:0:(llog_test.c:1833:llog_test_10()) 10f: Cancel 64767 records, see one log zapped
00074 Lustre: 2168:0:(llog_test.c:1847:llog_test_10()) 10f: print the catalog entries.. we expect 3
00074 Lustre: 2168:0:(llog_cat.c:977:llog_cat_process_or_fork()) MGS: catlog [0xa:0x5:0x0] crosses index zero
00074 Lustre: 2168:0:(llog_cat.c:977:llog_cat_process_or_fork()) Skipped 1 previous similar message
00074 Lustre: 2168:0:(llog_test.c:1878:llog_test_10()) 10f: write 64767 more log records
00074 ------------[ cut here ]------------
00074 WARNING: /home/ktest/git/linux/include/linux/fs.h:889 at osd_create+0x9cf/0xcf0 [osd_wbcfs], CPU#0: lctl/2168
00074 Modules linked in: llog_test(O) mgs(O) osd_wbcfs(O) lustre(O) obdecho(O) mgc(O) mdc(O) lov(O) osc(O) lmv(O) ec(O) fid(O) fld(O) ptlrpc(O) efivarfs obdclass(O) ksocklnd(O) lnet(O) libcfs(O)
00074 CPU: 0 UID: 0 PID: 2168 Comm: lctl Tainted: G        W  O        7.0.0-ktest-8e46928-6330a45-20260729-dirty #1 PREEMPT 
00074 Tainted: [W]=WARN, [O]=OOT_MODULE
00074 Hardware name: QEMU Standard PC (Q35 + ICH9, 2009), BIOS 2025.11-3ubuntu7 03/31/2026
00074 RIP: 0010:osd_create+0x9cf/0xcf0 [osd_wbcfs]
00074 Code: c7 c7 00 96 7b a1 48 c7 c6 a0 12 7d a1 48 c7 c2 00 1c 7d a1 e8 52 f1 43 ff 48 c7 c7 00 96 7b a1 e8 46 81 44 ff e9 fe fc ff ff <0f> 0b e9 a5 fa ff ff 48 c7 c1 80 44 5d a0 80 e1 07 80 c1 03 38 c1
00074 RSP: 0018:ffffc90005eaf478 EFLAGS: 00010246
00074 RAX: 0000000000000000 RBX: ffff88813b257800 RCX: 0000000000000046
00074 RDX: 0000000000000000 RSI: ffff88819e3f1f30 RDI: ffff8881209889c0
00074 RBP: ffff88819e3f1ea0 R08: ffffffff83a16803 R09: 1ffffffff0742d00
00074 R10: dffffc0000000000 R11: fffffbfff0742d01 R12: ffff88816cec1c00
00074 R13: dffffc0000000000 R14: 1ffff1102764af00 R15: 1ffff1102d9d838f
00074 FS:  00007f91c023b940(0000) GS:ffff88831e42a000(0000) knlGS:0000000000000000
00074 CS:  0010 DS: 0000 ES: 0000 CR0: 0000000080050033
00074 CR2: 00007f86dc1e6194 CR3: 000000014149f000 CR4: 0000000000750eb0
00074 PKRU: 55555554
00074 Call Trace:
00074  <TASK>
00074  ? local_object_create+0x109/0x640 [obdclass]
00074  ? dt_write_lock+0x16d/0x2a0 [obdclass]
00074  ? llog_osd_create+0x356/0x10d0 [obdclass]
00074  ? llog_create+0x2ed/0x530 [obdclass]
00074  ? llog_cat_new_log+0x6d1/0x2970 [obdclass]
00074  ? llog_cat_add_rec+0x6ba/0x1960 [obdclass]
00074  ? llog_cat_add+0x499/0x7a0 [obdclass]
00074  ? llog_test_10+0x2b62/0x5520 [llog_test]
00074  ? lu_object_put+0xa64/0x1210 [obdclass]
00074  ? do_raw_spin_unlock+0x52/0x230
00074  ? _raw_spin_unlock+0x23/0x40
00074  ? __llog_ctxt_put+0x1c4/0x2f0 [obdclass]
00074  ? llog_run_tests+0x3f45/0x5ac0 [llog_test]
00074  ? get_random_u32+0x51/0x470
00074  ? llog_test_device_init+0x6e8/0xa20 [llog_test]
00074  ? obd_setup+0x54d/0x950 [obdclass]
00074  ? class_setup+0xc7d/0x10e0 [obdclass]
00074  ? class_process_config+0x2edb/0x7cb0 [obdclass]
00074  ? local_trylock_acquire+0xb/0x70
00074  ? __kmalloc_noprof+0x21f/0x4b0
00074  ? local_trylock_acquire+0x23/0x70
00074  ? local_trylock_acquire+0xb/0x70
00074  ? class_handle_ioctl+0x2055/0x3590 [obdclass]
00074  ? obd_class_ioctl+0x1f6/0x3c0 [obdclass]
00074  ? __x64_sys_ioctl+0x961/0xe00
00074  ? _copy_to_user+0x3d/0x60
00074  ? __x64_sys_rt_sigaction+0x107/0x140
00074  ? do_syscall_64+0xc1/0x350
00074  ? entry_SYSCALL_64_after_hwframe+0x4b/0x53
00074  </TASK>
00074 ---[ end trace 0000000000000000 ]---
00076 Lustre: 2168:0:(llog_cat.c:80:llog_cat_new_log()) MGS: there are no more free slots in catalog f37bd4c5
00076 Lustre: 2168:0:(llog_cat.c:80:llog_cat_new_log()) Skipped 188 previous similar messages
00076 LustreError: 2168:0:(llog_cat.c:588:llog_cat_add_rec()) MGS: initialization error: rc = -28
00076 LustreError: 2168:0:(llog_cat.c:588:llog_cat_add_rec()) Skipped 188 previous similar messages
00076 Lustre: 2168:0:(llog_test.c:1904:llog_test_10()) 10f: wrote 64578 records then 189 failed with ENOSPC
00076 Lustre: 2168:0:(llog_test.c:1950:llog_test_10()) 10g: Cancel 64767 records, see one log zapped
00076 Lustre: 2168:0:(llog_cat.c:977:llog_cat_process_or_fork()) MGS: catlog [0xa:0x5:0x0] crosses index zero
00078 Lustre: 2168:0:(llog_test.c:1962:llog_test_10()) 10g: print the catalog entries.. we expect 3
00078 Lustre: 2168:0:(llog_test.c:700:cat_print_cb()) seeing record at index 4 - [0x1:0x1b:0x0] in log [0xa:0x5:0x0]
00078 Lustre: 2168:0:(llog_test.c:700:cat_print_cb()) Skipped 6 previous similar messages
00078 Lustre: 2168:0:(llog_test.c:1992:llog_test_10()) 10g: Cancel 64767 records, see one log zapped
00080 Lustre: 2168:0:(llog_test.c:2006:llog_test_10()) 10g: print the catalog entries.. we expect 2
00080 Lustre: 2168:0:(llog_test.c:2044:llog_test_10()) 10g: Cancel 64767 records, see one log zapped
00082 Lustre: 2168:0:(llog_test.c:2058:llog_test_10()) 10g: print the catalog entries.. we expect 1
00082 Lustre: 2168:0:(llog_test.c:2084:llog_test_10()) 10g: llh_cat_idx has also successfully wrapped!
00082 Lustre: 2191:0:(llog_test.c:1534:cat_check_old_cb()) seeing record at index 2 - [0x1:0x1d:0x0] in log [0xa:0x5:0x0]
00083 Lustre: 2168:0:(llog_test.c:2108:llog_test_10()) 10h: write 64767 more log records
00083 ------------[ cut here ]------------
00083 WARNING: /home/ktest/git/linux/include/linux/fs.h:889 at osd_create+0x9cf/0xcf0 [osd_wbcfs], CPU#0: lctl/2168
00083 Modules linked in: llog_test(O) mgs(O) osd_wbcfs(O) lustre(O) obdecho(O) mgc(O) mdc(O) lov(O) osc(O) lmv(O) ec(O) fid(O) fld(O) ptlrpc(O) efivarfs obdclass(O) ksocklnd(O) lnet(O) libcfs(O)
00083 CPU: 0 UID: 0 PID: 2168 Comm: lctl Tainted: G        W  O        7.0.0-ktest-8e46928-6330a45-20260729-dirty #1 PREEMPT 
00083 Tainted: [W]=WARN, [O]=OOT_MODULE
00083 Hardware name: QEMU Standard PC (Q35 + ICH9, 2009), BIOS 2025.11-3ubuntu7 03/31/2026
00083 RIP: 0010:osd_create+0x9cf/0xcf0 [osd_wbcfs]
00083 Code: c7 c7 00 96 7b a1 48 c7 c6 a0 12 7d a1 48 c7 c2 00 1c 7d a1 e8 52 f1 43 ff 48 c7 c7 00 96 7b a1 e8 46 81 44 ff e9 fe fc ff ff <0f> 0b e9 a5 fa ff ff 48 c7 c1 80 44 5d a0 80 e1 07 80 c1 03 38 c1
00083 RSP: 0018:ffffc90005eaf478 EFLAGS: 00010246
00083 RAX: 0000000000000000 RBX: ffff888074e88000 RCX: 0000000000000046
00083 RDX: 0000000000000000 RSI: ffff88819e3f1818 RDI: ffff8881209889c0
00083 RBP: ffff88819e3f1788 R08: ffffffff83a16803 R09: 1ffffffff0742d00
00083 R10: dffffc0000000000 R11: fffffbfff0742d01 R12: ffff88816cec1c00
00083 R13: dffffc0000000000 R14: 1ffff1100e9d1000 R15: 1ffff1102d9d838f
00083 FS:  00007f91c023b940(0000) GS:ffff88831e42a000(0000) knlGS:0000000000000000
00083 CS:  0010 DS: 0000 ES: 0000 CR0: 0000000080050033
00083 CR2: 00007f86dc1e6194 CR3: 000000014149f000 CR4: 0000000000750eb0
00083 PKRU: 55555554
00083 Call Trace:
00083  <TASK>
00083  ? local_object_create+0x109/0x640 [obdclass]
00083  ? dt_write_lock+0x16d/0x2a0 [obdclass]
00083  ? llog_osd_create+0x356/0x10d0 [obdclass]
00083  ? llog_create+0x2ed/0x530 [obdclass]
00083  ? llog_cat_new_log+0x6d1/0x2970 [obdclass]
00083  ? llog_cat_add_rec+0x6ba/0x1960 [obdclass]
00083  ? llog_cat_add+0x499/0x7a0 [obdclass]
00083  ? llog_test_10+0x5016/0x5520 [llog_test]
00083  ? llog_test_9_sub+0x800/0x800 [llog_test]
00083  ? llog_run_tests+0x3f45/0x5ac0 [llog_test]
00083  ? get_random_u32+0x51/0x470
00083  ? llog_test_device_init+0x6e8/0xa20 [llog_test]
00083  ? obd_setup+0x54d/0x950 [obdclass]
00083  ? class_setup+0xc7d/0x10e0 [obdclass]
00083  ? class_process_config+0x2edb/0x7cb0 [obdclass]
00083  ? local_trylock_acquire+0xb/0x70
00083  ? __kmalloc_noprof+0x21f/0x4b0
00083  ? local_trylock_acquire+0x23/0x70
00083  ? local_trylock_acquire+0xb/0x70
00083  ? class_handle_ioctl+0x2055/0x3590 [obdclass]
00083  ? obd_class_ioctl+0x1f6/0x3c0 [obdclass]
00083  ? __x64_sys_ioctl+0x961/0xe00
00083  ? _copy_to_user+0x3d/0x60
00083  ? __x64_sys_rt_sigaction+0x107/0x140
00083  ? do_syscall_64+0xc1/0x350
00083  ? entry_SYSCALL_64_after_hwframe+0x4b/0x53
00083  </TASK>
00083 ---[ end trace 0000000000000000 ]---
00083 LustreError: 2168:0:(llog_osd.c:684:llog_osd_write_rec()) cfs_race id 1317 sleeping
00083 LustreError: 2191:0:(llog.c:685:llog_process_thread()) cfs_fail_race id 1317 waking
00083 LustreError: 2168:0:(llog_osd.c:684:llog_osd_write_rec()) cfs_fail_race id 1317 awake: rc=449
00085 LustreError: 2191:0:(llog.c:685:llog_process_thread()) cfs_fail_race id 1317 waking
00085 Lustre: 2191:0:(llog_test.c:1534:cat_check_old_cb()) seeing record at index 3 - [0x1:0x1e:0x0] in log [0xa:0x5:0x0]
00087 ------------[ cut here ]------------
00087 WARNING: /home/ktest/git/linux/include/linux/fs.h:889 at osd_create+0x9cf/0xcf0 [osd_wbcfs], CPU#0: lctl/2168
00087 Modules linked in: llog_test(O) mgs(O) osd_wbcfs(O) lustre(O) obdecho(O) mgc(O) mdc(O) lov(O) osc(O) lmv(O) ec(O) fid(O) fld(O) ptlrpc(O) efivarfs obdclass(O) ksocklnd(O) lnet(O) libcfs(O)
00087 CPU: 0 UID: 0 PID: 2168 Comm: lctl Tainted: G        W  O        7.0.0-ktest-8e46928-6330a45-20260729-dirty #1 PREEMPT 
00087 Tainted: [W]=WARN, [O]=OOT_MODULE
00087 Hardware name: QEMU Standard PC (Q35 + ICH9, 2009), BIOS 2025.11-3ubuntu7 03/31/2026
00087 RIP: 0010:osd_create+0x9cf/0xcf0 [osd_wbcfs]
00087 Code: c7 c7 00 96 7b a1 48 c7 c6 a0 12 7d a1 48 c7 c2 00 1c 7d a1 e8 52 f1 43 ff 48 c7 c7 00 96 7b a1 e8 46 81 44 ff e9 fe fc ff ff <0f> 0b e9 a5 fa ff ff 48 c7 c1 80 44 5d a0 80 e1 07 80 c1 03 38 c1
00087 RSP: 0018:ffffc90005eaf478 EFLAGS: 00010246
00087 RAX: 0000000000000000 RBX: ffff888013e68c00 RCX: 0000000000000046
00087 RDX: 0000000000000000 RSI: ffff88819e3f1100 RDI: ffff8881209889c0
00087 RBP: ffff88819e3f1070 R08: ffffffff83a16803 R09: 1ffffffff0742d00
00087 R10: dffffc0000000000 R11: fffffbfff0742d01 R12: ffff88816cec1c00
00087 R13: dffffc0000000000 R14: 1ffff110027cd180 R15: 1ffff1102d9d838f
00087 FS:  00007f91c023b940(0000) GS:ffff88831e42a000(0000) knlGS:0000000000000000
00087 CS:  0010 DS: 0000 ES: 0000 CR0: 0000000080050033
00087 CR2: 00007f86dc1e6194 CR3: 000000014149f000 CR4: 0000000000750eb0
00087 PKRU: 55555554
00087 Call Trace:
00087  <TASK>
00087  ? local_object_create+0x109/0x640 [obdclass]
00087  ? dt_write_lock+0x16d/0x2a0 [obdclass]
00087  ? llog_osd_create+0x356/0x10d0 [obdclass]
00087  ? llog_create+0x2ed/0x530 [obdclass]
00087  ? llog_cat_new_log+0x6d1/0x2970 [obdclass]
00087  ? llog_cat_add_rec+0x6ba/0x1960 [obdclass]
00087  ? llog_cat_add+0x499/0x7a0 [obdclass]
00087  ? llog_test_10+0x5016/0x5520 [llog_test]
00087  ? llog_test_9_sub+0x800/0x800 [llog_test]
00087  ? llog_run_tests+0x3f45/0x5ac0 [llog_test]
00087  ? get_random_u32+0x51/0x470
00087  ? llog_test_device_init+0x6e8/0xa20 [llog_test]
00087  ? obd_setup+0x54d/0x950 [obdclass]
00087  ? class_setup+0xc7d/0x10e0 [obdclass]
00087  ? class_process_config+0x2edb/0x7cb0 [obdclass]
00087  ? local_trylock_acquire+0xb/0x70
00087  ? __kmalloc_noprof+0x21f/0x4b0
00087  ? local_trylock_acquire+0x23/0x70
00087  ? local_trylock_acquire+0xb/0x70
00087  ? class_handle_ioctl+0x2055/0x3590 [obdclass]
00087  ? obd_class_ioctl+0x1f6/0x3c0 [obdclass]
00087  ? __x64_sys_ioctl+0x961/0xe00
00087  ? _copy_to_user+0x3d/0x60
00087  ? __x64_sys_rt_sigaction+0x107/0x140
00087  ? do_syscall_64+0xc1/0x350
00087  ? entry_SYSCALL_64_after_hwframe+0x4b/0x53
00087  </TASK>
00087 ---[ end trace 0000000000000000 ]---
00087 LustreError: 2168:0:(llog_osd.c:684:llog_osd_write_rec()) cfs_fail_race id 1317 waking
00088 Lustre: 2168:0:(llog_test.c:2134:llog_test_10()) 10h: wrote 64767 records then 0 failed with ENOSPC
00088 Lustre: 2168:0:(llog_test.c:2147:llog_test_10()) 10: put newly-created catalog
00088 Lustre: 2168:0:(llog_test.c:2177:llog_test_11()) 11: create a plain nameless log
00088 ------------[ cut here ]------------
00088 WARNING: /home/ktest/git/linux/include/linux/fs.h:889 at osd_create+0x9cf/0xcf0 [osd_wbcfs], CPU#0: lctl/2168
00088 Modules linked in: llog_test(O) mgs(O) osd_wbcfs(O) lustre(O) obdecho(O) mgc(O) mdc(O) lov(O) osc(O) lmv(O) ec(O) fid(O) fld(O) ptlrpc(O) efivarfs obdclass(O) ksocklnd(O) lnet(O) libcfs(O)
00088 CPU: 0 UID: 0 PID: 2168 Comm: lctl Tainted: G        W  O        7.0.0-ktest-8e46928-6330a45-20260729-dirty #1 PREEMPT 
00088 Tainted: [W]=WARN, [O]=OOT_MODULE
00088 Hardware name: QEMU Standard PC (Q35 + ICH9, 2009), BIOS 2025.11-3ubuntu7 03/31/2026
00088 RIP: 0010:osd_create+0x9cf/0xcf0 [osd_wbcfs]
00088 Code: c7 c7 00 96 7b a1 48 c7 c6 a0 12 7d a1 48 c7 c2 00 1c 7d a1 e8 52 f1 43 ff 48 c7 c7 00 96 7b a1 e8 46 81 44 ff e9 fe fc ff ff <0f> 0b e9 a5 fa ff ff 48 c7 c1 80 44 5d a0 80 e1 07 80 c1 03 38 c1
00088 RSP: 0018:ffffc90005eaf670 EFLAGS: 00010246
00088 RAX: 0000000000000000 RBX: ffff888034fd6800 RCX: 0000000000000046
00088 RDX: 0000000000000000 RSI: ffff88819e3f09e8 RDI: ffff888120988998
00088 RBP: ffff88819e3f0958 R08: ffffffff83a16803 R09: 1ffffffff0742d00
00088 R10: dffffc0000000000 R11: fffffbfff0742d01 R12: ffff88816cec1c00
00088 R13: dffffc0000000000 R14: 1ffff110069fad00 R15: 1ffff1102d9d838f
00088 FS:  00007f91c023b940(0000) GS:ffff88831e42a000(0000) knlGS:0000000000000000
00088 CS:  0010 DS: 0000 ES: 0000 CR0: 0000000080050033
00088 CR2: 00007f86dc1e6194 CR3: 000000014149f000 CR4: 0000000000750eb0
00088 PKRU: 55555554
00088 Call Trace:
00088  <TASK>
00088  ? local_object_create+0x109/0x640 [obdclass]
00088  ? dt_write_lock+0x16d/0x2a0 [obdclass]
00088  ? llog_osd_create+0x356/0x10d0 [obdclass]
00088  ? llog_create+0x2ed/0x530 [obdclass]
00088  ? llog_open_create+0x6e7/0xb30 [obdclass]
00088  ? llog_test_11+0x2a4/0x1130 [llog_test]
00088  ? llog_test_9_sub+0x800/0x800 [llog_test]
00088  ? llog_run_tests+0x41b0/0x5ac0 [llog_test]
00088  ? get_random_u32+0x51/0x470
00088  ? llog_test_device_init+0x6e8/0xa20 [llog_test]
00088  ? obd_setup+0x54d/0x950 [obdclass]
00088  ? class_setup+0xc7d/0x10e0 [obdclass]
00088  ? class_process_config+0x2edb/0x7cb0 [obdclass]
00088  ? local_trylock_acquire+0xb/0x70
00088  ? __kmalloc_noprof+0x21f/0x4b0
00088  ? local_trylock_acquire+0x23/0x70
00088  ? local_trylock_acquire+0xb/0x70
00088  ? class_handle_ioctl+0x2055/0x3590 [obdclass]
00088  ? obd_class_ioctl+0x1f6/0x3c0 [obdclass]
00088  ? __x64_sys_ioctl+0x961/0xe00
00088  ? _copy_to_user+0x3d/0x60
00088  ? __x64_sys_rt_sigaction+0x107/0x140
00088  ? do_syscall_64+0xc1/0x350
00088  ? entry_SYSCALL_64_after_hwframe+0x4b/0x53
00088  </TASK>
00088 ---[ end trace 0000000000000000 ]---
00088 Lustre: 2168:0:(llog_test.c:2202:llog_test_11()) 11: size 8216 in 0 blocks after 1 rec
00088 Lustre: 2168:0:(llog_test.c:2204:llog_test_11()) 11: add few records
00088 Lustre: 2168:0:(llog_test.c:2221:llog_test_11()) 11: size 10616 in 0 blocks with few recs
00088 lctl (2168): drop_caches: 3
00088 Lustre: 2168:0:(llog_test.c:2247:llog_test_11()) 11: re-open the log by LOGID and verify llh_count
00088 Lustre: 2168:0:(llog_test.c:2262:llog_test_11()) 11: size 10616 in 0 blocks after re-open
00088 Lustre: 2168:0:(llog_test.c:2352:llog_test_12()) 12: create a catalog log with name: f37bd4c6
00088 ------------[ cut here ]------------
00088 WARNING: /home/ktest/git/linux/include/linux/fs.h:889 at osd_create+0x9cf/0xcf0 [osd_wbcfs], CPU#0: lctl/2168
00088 Modules linked in: llog_test(O) mgs(O) osd_wbcfs(O) lustre(O) obdecho(O) mgc(O) mdc(O) lov(O) osc(O) lmv(O) ec(O) fid(O) fld(O) ptlrpc(O) efivarfs obdclass(O) ksocklnd(O) lnet(O) libcfs(O)
00088 CPU: 0 UID: 0 PID: 2168 Comm: lctl Tainted: G        W  O        7.0.0-ktest-8e46928-6330a45-20260729-dirty #1 PREEMPT 
00088 Tainted: [W]=WARN, [O]=OOT_MODULE
00088 Hardware name: QEMU Standard PC (Q35 + ICH9, 2009), BIOS 2025.11-3ubuntu7 03/31/2026
00088 RIP: 0010:osd_create+0x9cf/0xcf0 [osd_wbcfs]
00088 Code: c7 c7 00 96 7b a1 48 c7 c6 a0 12 7d a1 48 c7 c2 00 1c 7d a1 e8 52 f1 43 ff 48 c7 c7 00 96 7b a1 e8 46 81 44 ff e9 fe fc ff ff <0f> 0b e9 a5 fa ff ff 48 c7 c1 80 44 5d a0 80 e1 07 80 c1 03 38 c1
00088 RSP: 0018:ffffc90005eaf648 EFLAGS: 00010246
00088 RAX: 0000000000000000 RBX: ffff888034fd9400 RCX: 0000000000000046
00088 RDX: 0000000000000000 RSI: ffff88819e3f02d0 RDI: ffff888120988998
00088 RBP: ffff88819e3f0240 R08: ffffffff83a16803 R09: 1ffffffff0742d00
00088 R10: dffffc0000000000 R11: fffffbfff0742d01 R12: ffff88816cec1c00
00088 R13: dffffc0000000000 R14: 1ffff110069fb280 R15: 1ffff1102d9d838f
00088 FS:  00007f91c023b940(0000) GS:ffff88831e42a000(0000) knlGS:0000000000000000
00088 CS:  0010 DS: 0000 ES: 0000 CR0: 0000000080050033
00088 CR2: 00007f86dc1e6194 CR3: 000000014149f000 CR4: 0000000000750eb0
00088 PKRU: 55555554
00088 Call Trace:
00088  <TASK>
00088  ? local_object_create+0x109/0x640 [obdclass]
00088  ? dt_write_lock+0x16d/0x2a0 [obdclass]
00088  ? llog_osd_create+0x356/0x10d0 [obdclass]
00088  ? llog_create+0x2ed/0x530 [obdclass]
00088  ? llog_open_create+0x6e7/0xb30 [obdclass]
00088  ? llog_test_12+0x402/0x2d90 [llog_test]
00088  ? llog_test_11+0xc14/0x1130 [llog_test]
00088  ? llog_run_tests+0x4434/0x5ac0 [llog_test]
00088  ? get_random_u32+0x51/0x470
00088  ? llog_test_device_init+0x6e8/0xa20 [llog_test]
00088  ? obd_setup+0x54d/0x950 [obdclass]
00088  ? class_setup+0xc7d/0x10e0 [obdclass]
00088  ? class_process_config+0x2edb/0x7cb0 [obdclass]
00088  ? local_trylock_acquire+0xb/0x70
00088  ? __kmalloc_noprof+0x21f/0x4b0
00088  ? local_trylock_acquire+0x23/0x70
00088  ? local_trylock_acquire+0xb/0x70
00088  ? class_handle_ioctl+0x2055/0x3590 [obdclass]
00088  ? obd_class_ioctl+0x1f6/0x3c0 [obdclass]
00088  ? __x64_sys_ioctl+0x961/0xe00
00088  ? _copy_to_user+0x3d/0x60
00088  ? __x64_sys_rt_sigaction+0x107/0x140
00088  ? do_syscall_64+0xc1/0x350
00088  ? entry_SYSCALL_64_after_hwframe+0x4b/0x53
00088  </TASK>
00088 ---[ end trace 0000000000000000 ]---
00088 ------------[ cut here ]------------
00088 WARNING: /home/ktest/git/linux/include/linux/fs.h:889 at osd_create+0x9cf/0xcf0 [osd_wbcfs], CPU#0: lctl/2168
00088 Modules linked in: llog_test(O) mgs(O) osd_wbcfs(O) lustre(O) obdecho(O) mgc(O) mdc(O) lov(O) osc(O) lmv(O) ec(O) fid(O) fld(O) ptlrpc(O) efivarfs obdclass(O) ksocklnd(O) lnet(O) libcfs(O)
00088 CPU: 0 UID: 0 PID: 2168 Comm: lctl Tainted: G        W  O        7.0.0-ktest-8e46928-6330a45-20260729-dirty #1 PREEMPT 
00088 Tainted: [W]=WARN, [O]=OOT_MODULE
00088 Hardware name: QEMU Standard PC (Q35 + ICH9, 2009), BIOS 2025.11-3ubuntu7 03/31/2026
00088 RIP: 0010:osd_create+0x9cf/0xcf0 [osd_wbcfs]
00088 Code: c7 c7 00 96 7b a1 48 c7 c6 a0 12 7d a1 48 c7 c2 00 1c 7d a1 e8 52 f1 43 ff 48 c7 c7 00 96 7b a1 e8 46 81 44 ff e9 fe fc ff ff <0f> 0b e9 a5 fa ff ff 48 c7 c1 80 44 5d a0 80 e1 07 80 c1 03 38 c1
00088 RSP: 0018:ffffc90005eaf4f8 EFLAGS: 00010246
00088 RAX: 0000000000000000 RBX: ffff888034fd8c00 RCX: 0000000000000046
00088 RDX: 0000000000000000 RSI: ffff888194777b68 RDI: ffff8881209889c0
00088 RBP: ffff888194777ad8 R08: ffffffff83a16803 R09: 1ffffffff0742d00
00088 R10: dffffc0000000000 R11: fffffbfff0742d01 R12: ffff88816cec1c00
00088 R13: dffffc0000000000 R14: 1ffff110069fb180 R15: 1ffff1102d9d838f
00088 FS:  00007f91c023b940(0000) GS:ffff88831e42a000(0000) knlGS:0000000000000000
00088 CS:  0010 DS: 0000 ES: 0000 CR0: 0000000080050033
00088 CR2: 00007f86dc1e6194 CR3: 000000014149f000 CR4: 0000000000750eb0
00088 PKRU: 55555554
00088 Call Trace:
00088  <TASK>
00088  ? local_object_create+0x109/0x640 [obdclass]
00088  ? dt_write_lock+0x16d/0x2a0 [obdclass]
00088  ? llog_osd_create+0x356/0x10d0 [obdclass]
00088  ? llog_create+0x2ed/0x530 [obdclass]
00088  ? llog_cat_new_log+0x6d1/0x2970 [obdclass]
00088  ? llog_cat_add_rec+0x6ba/0x1960 [obdclass]
00088  ? llog_cat_add+0x499/0x7a0 [obdclass]
00088  ? llog_test_12+0x683/0x2d90 [llog_test]
00088  ? llog_test_11+0xc14/0x1130 [llog_test]
00088  ? llog_run_tests+0x4434/0x5ac0 [llog_test]
00088  ? get_random_u32+0x51/0x470
00088  ? llog_test_device_init+0x6e8/0xa20 [llog_test]
00088  ? obd_setup+0x54d/0x950 [obdclass]
00088  ? class_setup+0xc7d/0x10e0 [obdclass]
00088  ? class_process_config+0x2edb/0x7cb0 [obdclass]
00088  ? local_trylock_acquire+0xb/0x70
00088  ? __kmalloc_noprof+0x21f/0x4b0
00088  ? local_trylock_acquire+0x23/0x70
00088  ? local_trylock_acquire+0xb/0x70
00088  ? class_handle_ioctl+0x2055/0x3590 [obdclass]
00088  ? obd_class_ioctl+0x1f6/0x3c0 [obdclass]
00088  ? __x64_sys_ioctl+0x961/0xe00
00088  ? _copy_to_user+0x3d/0x60
00088  ? __x64_sys_rt_sigaction+0x107/0x140
00088  ? do_syscall_64+0xc1/0x350
00088  ? entry_SYSCALL_64_after_hwframe+0x4b/0x53
00088  </TASK>
00088 ---[ end trace 0000000000000000 ]---
00088 Lustre: 12: truncate 24 bytes
00088 Lustre: 12: re-open and process the catalog
00088 LustreError: 2168:0:(llog_osd.c:1247:llog_osd_next_block()) MGS0000-osd: invalid llog tail at log id [0xa:0x6:0x0] offset 8232 last_rec idx 8704 tail idx 275010875 lrt len 1 read_size 40
00088 LustreError: 2168:0:(llog.c:881:llog_process_thread()) MGS: local llog is corrupted [0xa:0x6:0x0] catalog index 1 count 2
00088 Lustre: 12: try to add to the catalog
00088 ------------[ cut here ]------------
00088 WARNING: /home/ktest/git/linux/include/linux/fs.h:889 at osd_create+0x9cf/0xcf0 [osd_wbcfs], CPU#0: lctl/2168
00088 Modules linked in: llog_test(O) mgs(O) osd_wbcfs(O) lustre(O) obdecho(O) mgc(O) mdc(O) lov(O) osc(O) lmv(O) ec(O) fid(O) fld(O) ptlrpc(O) efivarfs obdclass(O) ksocklnd(O) lnet(O) libcfs(O)
00088 CPU: 0 UID: 0 PID: 2168 Comm: lctl Tainted: G        W  O        7.0.0-ktest-8e46928-6330a45-20260729-dirty #1 PREEMPT 
00088 Tainted: [W]=WARN, [O]=OOT_MODULE
00088 Hardware name: QEMU Standard PC (Q35 + ICH9, 2009), BIOS 2025.11-3ubuntu7 03/31/2026
00088 RIP: 0010:osd_create+0x9cf/0xcf0 [osd_wbcfs]
00088 Code: c7 c7 00 96 7b a1 48 c7 c6 a0 12 7d a1 48 c7 c2 00 1c 7d a1 e8 52 f1 43 ff 48 c7 c7 00 96 7b a1 e8 46 81 44 ff e9 fe fc ff ff <0f> 0b e9 a5 fa ff ff 48 c7 c1 80 44 5d a0 80 e1 07 80 c1 03 38 c1
00088 RSP: 0018:ffffc90005eaf4f8 EFLAGS: 00010246
00088 RAX: 0000000000000000 RBX: ffff888034fdb800 RCX: 0000000000000046
00088 RDX: 0000000000000000 RSI: ffff888194777450 RDI: ffff8881209889c0
00088 RBP: ffff8881947773c0 R08: ffffffff83a16803 R09: 1ffffffff0742d00
00088 R10: dffffc0000000000 R11: fffffbfff0742d01 R12: ffff88816cec1c00
00088 R13: dffffc0000000000 R14: 1ffff110069fb700 R15: 1ffff1102d9d838f
00088 FS:  00007f91c023b940(0000) GS:ffff88831e42a000(0000) knlGS:0000000000000000
00088 CS:  0010 DS: 0000 ES: 0000 CR0: 0000000080050033
00088 CR2: 00007f86dc1e6194 CR3: 000000014149f000 CR4: 0000000000750eb0
00088 PKRU: 55555554
00088 Call Trace:
00088  <TASK>
00088  ? local_object_create+0x109/0x640 [obdclass]
00088  ? dt_write_lock+0x16d/0x2a0 [obdclass]
00088  ? llog_osd_create+0x356/0x10d0 [obdclass]
00088  ? llog_create+0x2ed/0x530 [obdclass]
00088  ? llog_cat_new_log+0x6d1/0x2970 [obdclass]
00088  ? llog_cat_add_rec+0x6ba/0x1960 [obdclass]
00088  ? llog_cat_add+0x499/0x7a0 [obdclass]
00088  ? llog_test_12+0x1471/0x2d90 [llog_test]
00088  ? llog_run_tests+0x4434/0x5ac0 [llog_test]
00088  ? get_random_u32+0x51/0x470
00088  ? llog_test_device_init+0x6e8/0xa20 [llog_test]
00088  ? obd_setup+0x54d/0x950 [obdclass]
00088  ? class_setup+0xc7d/0x10e0 [obdclass]
00088  ? class_process_config+0x2edb/0x7cb0 [obdclass]
00088  ? local_trylock_acquire+0xb/0x70
00088  ? __kmalloc_noprof+0x21f/0x4b0
00088  ? local_trylock_acquire+0x23/0x70
00088  ? local_trylock_acquire+0xb/0x70
00088  ? class_handle_ioctl+0x2055/0x3590 [obdclass]
00088  ? obd_class_ioctl+0x1f6/0x3c0 [obdclass]
00088  ? __x64_sys_ioctl+0x961/0xe00
00088  ? _copy_to_user+0x3d/0x60
00088  ? __x64_sys_rt_sigaction+0x107/0x140
00088  ? do_syscall_64+0xc1/0x350
00088  ? entry_SYSCALL_64_after_hwframe+0x4b/0x53
00088  </TASK>
00088 ---[ end trace 0000000000000000 ]---
00088 LustreError: 2168:0:(llog_osd.c:1230:llog_osd_next_block()) MGS0000-osd: invalid llog tail at log id [0x6:0xa:0x0]:0 offset 8297 tail idx 603979776 lrt len 1074261 read_size 105
00088 ------------[ cut here ]------------
00088 WARNING: /home/ktest/git/linux/include/linux/fs.h:889 at osd_create+0x9cf/0xcf0 [osd_wbcfs], CPU#0: lctl/2168
00088 Modules linked in: llog_test(O) mgs(O) osd_wbcfs(O) lustre(O) obdecho(O) mgc(O) mdc(O) lov(O) osc(O) lmv(O) ec(O) fid(O) fld(O) ptlrpc(O) efivarfs obdclass(O) ksocklnd(O) lnet(O) libcfs(O)
00088 CPU: 0 UID: 0 PID: 2168 Comm: lctl Tainted: G        W  O        7.0.0-ktest-8e46928-6330a45-20260729-dirty #1 PREEMPT 
00088 Tainted: [W]=WARN, [O]=OOT_MODULE
00088 Hardware name: QEMU Standard PC (Q35 + ICH9, 2009), BIOS 2025.11-3ubuntu7 03/31/2026
00088 RIP: 0010:osd_create+0x9cf/0xcf0 [osd_wbcfs]
00088 Code: c7 c7 00 96 7b a1 48 c7 c6 a0 12 7d a1 48 c7 c2 00 1c 7d a1 e8 52 f1 43 ff 48 c7 c7 00 96 7b a1 e8 46 81 44 ff e9 fe fc ff ff <0f> 0b e9 a5 fa ff ff 48 c7 c1 80 44 5d a0 80 e1 07 80 c1 03 38 c1
00088 RSP: 0018:ffffc90005eaf4f8 EFLAGS: 00010246
00088 RAX: 0000000000000000 RBX: ffff8881a2ca3400 RCX: 0000000000000046
00088 RDX: 0000000000000000 RSI: ffff888194776d38 RDI: ffff8881209889c0
00088 RBP: ffff888194776ca8 R08: ffffffff83a16803 R09: 1ffffffff0742d00
00088 R10: dffffc0000000000 R11: fffffbfff0742d01 R12: ffff88816cec1c00
00088 R13: dffffc0000000000 R14: 1ffff11034594680 R15: 1ffff1102d9d838f
00088 FS:  00007f91c023b940(0000) GS:ffff88831e42a000(0000) knlGS:0000000000000000
00088 CS:  0010 DS: 0000 ES: 0000 CR0: 0000000080050033
00088 CR2: 00007f86dc1e6194 CR3: 000000014149f000 CR4: 0000000000750eb0
00088 PKRU: 55555554
00088 Call Trace:
00088  <TASK>
00088  ? local_object_create+0x109/0x640 [obdclass]
00088  ? dt_write_lock+0x16d/0x2a0 [obdclass]
00088  ? llog_osd_create+0x356/0x10d0 [obdclass]
00088  ? llog_create+0x2ed/0x530 [obdclass]
00088  ? llog_cat_new_log+0x6d1/0x2970 [obdclass]
00088  ? llog_cat_add_rec+0x6ba/0x1960 [obdclass]
00088  ? llog_cat_add+0x499/0x7a0 [obdclass]
00088  ? llog_test_12+0x1471/0x2d90 [llog_test]
00088  ? llog_run_tests+0x4434/0x5ac0 [llog_test]
00088  ? get_random_u32+0x51/0x470
00088  ? llog_test_device_init+0x6e8/0xa20 [llog_test]
00088  ? obd_setup+0x54d/0x950 [obdclass]
00088  ? class_setup+0xc7d/0x10e0 [obdclass]
00088  ? class_process_config+0x2edb/0x7cb0 [obdclass]
00088  ? local_trylock_acquire+0xb/0x70
00088  ? __kmalloc_noprof+0x21f/0x4b0
00088  ? local_trylock_acquire+0x23/0x70
00088  ? local_trylock_acquire+0xb/0x70
00088  ? class_handle_ioctl+0x2055/0x3590 [obdclass]
00088  ? obd_class_ioctl+0x1f6/0x3c0 [obdclass]
00088  ? __x64_sys_ioctl+0x961/0xe00
00088  ? _copy_to_user+0x3d/0x60
00088  ? __x64_sys_rt_sigaction+0x107/0x140
00088  ? do_syscall_64+0xc1/0x350
00088  ? entry_SYSCALL_64_after_hwframe+0x4b/0x53
00088  </TASK>
00088 ---[ end trace 0000000000000000 ]---
00088 ------------[ cut here ]------------
00088 WARNING: /home/ktest/git/linux/include/linux/fs.h:889 at osd_create+0x9cf/0xcf0 [osd_wbcfs], CPU#0: lctl/2168
00088 Modules linked in: llog_test(O) mgs(O) osd_wbcfs(O) lustre(O) obdecho(O) mgc(O) mdc(O) lov(O) osc(O) lmv(O) ec(O) fid(O) fld(O) ptlrpc(O) efivarfs obdclass(O) ksocklnd(O) lnet(O) libcfs(O)
00088 CPU: 0 UID: 0 PID: 2168 Comm: lctl Tainted: G        W  O        7.0.0-ktest-8e46928-6330a45-20260729-dirty #1 PREEMPT 
00088 Tainted: [W]=WARN, [O]=OOT_MODULE
00088 Hardware name: QEMU Standard PC (Q35 + ICH9, 2009), BIOS 2025.11-3ubuntu7 03/31/2026
00088 RIP: 0010:osd_create+0x9cf/0xcf0 [osd_wbcfs]
00088 Code: c7 c7 00 96 7b a1 48 c7 c6 a0 12 7d a1 48 c7 c2 00 1c 7d a1 e8 52 f1 43 ff 48 c7 c7 00 96 7b a1 e8 46 81 44 ff e9 fe fc ff ff <0f> 0b e9 a5 fa ff ff 48 c7 c1 80 44 5d a0 80 e1 07 80 c1 03 38 c1
00088 RSP: 0018:ffffc90005eaf4f8 EFLAGS: 00010246
00088 RAX: 0000000000000000 RBX: ffff8881a2ca4c00 RCX: 0000000000000046
00088 RDX: 0000000000000000 RSI: ffff888194776620 RDI: ffff8881209889c0
00088 RBP: ffff888194776590 R08: ffffffff83a16803 R09: 1ffffffff0742d00
00088 R10: dffffc0000000000 R11: fffffbfff0742d01 R12: ffff88816cec1c00
00088 R13: dffffc0000000000 R14: 1ffff11034594980 R15: 1ffff1102d9d838f
00088 FS:  00007f91c023b940(0000) GS:ffff88831e42a000(0000) knlGS:0000000000000000
00088 CS:  0010 DS: 0000 ES: 0000 CR0: 0000000080050033
00088 CR2: 00007f86dc1e6194 CR3: 000000014149f000 CR4: 0000000000750eb0
00088 PKRU: 55555554
00088 Call Trace:
00088  <TASK>
00088  ? local_object_create+0x109/0x640 [obdclass]
00088  ? dt_write_lock+0x16d/0x2a0 [obdclass]
00088  ? llog_osd_create+0x356/0x10d0 [obdclass]
00088  ? llog_create+0x2ed/0x530 [obdclass]
00088  ? llog_cat_new_log+0x6d1/0x2970 [obdclass]
00088  ? llog_cat_add_rec+0x6ba/0x1960 [obdclass]
00088  ? llog_cat_add+0x499/0x7a0 [obdclass]
00088  ? llog_test_12+0x1471/0x2d90 [llog_test]
00088  ? llog_run_tests+0x4434/0x5ac0 [llog_test]
00088  ? get_random_u32+0x51/0x470
00088  ? llog_test_device_init+0x6e8/0xa20 [llog_test]
00088  ? obd_setup+0x54d/0x950 [obdclass]
00088  ? class_setup+0xc7d/0x10e0 [obdclass]
00088  ? class_process_config+0x2edb/0x7cb0 [obdclass]
00088  ? local_trylock_acquire+0xb/0x70
00088  ? __kmalloc_noprof+0x21f/0x4b0
00088  ? local_trylock_acquire+0x23/0x70
00088  ? local_trylock_acquire+0xb/0x70
00088  ? class_handle_ioctl+0x2055/0x3590 [obdclass]
00088  ? obd_class_ioctl+0x1f6/0x3c0 [obdclass]
00088  ? __x64_sys_ioctl+0x961/0xe00
00088  ? _copy_to_user+0x3d/0x60
00088  ? __x64_sys_rt_sigaction+0x107/0x140
00088  ? do_syscall_64+0xc1/0x350
00088  ? entry_SYSCALL_64_after_hwframe+0x4b/0x53
00088  </TASK>
00088 ---[ end trace 0000000000000000 ]---
00088 ------------[ cut here ]------------
00088 WARNING: /home/ktest/git/linux/include/linux/fs.h:889 at osd_create+0x9cf/0xcf0 [osd_wbcfs], CPU#0: lctl/2168
00088 Modules linked in: llog_test(O) mgs(O) osd_wbcfs(O) lustre(O) obdecho(O) mgc(O) mdc(O) lov(O) osc(O) lmv(O) ec(O) fid(O) fld(O) ptlrpc(O) efivarfs obdclass(O) ksocklnd(O) lnet(O) libcfs(O)
00088 CPU: 0 UID: 0 PID: 2168 Comm: lctl Tainted: G        W  O        7.0.0-ktest-8e46928-6330a45-20260729-dirty #1 PREEMPT 
00088 Tainted: [W]=WARN, [O]=OOT_MODULE
00088 Hardware name: QEMU Standard PC (Q35 + ICH9, 2009), BIOS 2025.11-3ubuntu7 03/31/2026
00088 RIP: 0010:osd_create+0x9cf/0xcf0 [osd_wbcfs]
00088 Code: c7 c7 00 96 7b a1 48 c7 c6 a0 12 7d a1 48 c7 c2 00 1c 7d a1 e8 52 f1 43 ff 48 c7 c7 00 96 7b a1 e8 46 81 44 ff e9 fe fc ff ff <0f> 0b e9 a5 fa ff ff 48 c7 c1 80 44 5d a0 80 e1 07 80 c1 03 38 c1
00088 RSP: 0018:ffffc90005eaf4f8 EFLAGS: 00010246
00088 RAX: 0000000000000000 RBX: ffff888143594400 RCX: 0000000000000046
00088 RDX: 0000000000000000 RSI: ffff888194775f08 RDI: ffff8881209889c0
00088 RBP: ffff888194775e78 R08: ffffffff83a16803 R09: 1ffffffff0742d00
00088 R10: dffffc0000000000 R11: fffffbfff0742d01 R12: ffff88816cec1c00
00088 R13: dffffc0000000000 R14: 1ffff110286b2880 R15: 1ffff1102d9d838f
00088 FS:  00007f91c023b940(0000) GS:ffff88831e42a000(0000) knlGS:0000000000000000
00088 CS:  0010 DS: 0000 ES: 0000 CR0: 0000000080050033
00088 CR2: 00007f86dc1e6194 CR3: 000000014149f000 CR4: 0000000000750eb0
00088 PKRU: 55555554
00088 Call Trace:
00088  <TASK>
00088  ? local_object_create+0x109/0x640 [obdclass]
00088  ? dt_write_lock+0x16d/0x2a0 [obdclass]
00088  ? llog_osd_create+0x356/0x10d0 [obdclass]
00088  ? llog_create+0x2ed/0x530 [obdclass]
00088  ? llog_cat_new_log+0x6d1/0x2970 [obdclass]
00088  ? llog_cat_add_rec+0x6ba/0x1960 [obdclass]
00088  ? llog_cat_add+0x499/0x7a0 [obdclass]
00088  ? llog_test_12+0x1471/0x2d90 [llog_test]
00088  ? llog_run_tests+0x4434/0x5ac0 [llog_test]
00088  ? get_random_u32+0x51/0x470
00088  ? llog_test_device_init+0x6e8/0xa20 [llog_test]
00088  ? obd_setup+0x54d/0x950 [obdclass]
00088  ? class_setup+0xc7d/0x10e0 [obdclass]
00088  ? class_process_config+0x2edb/0x7cb0 [obdclass]
00088  ? local_trylock_acquire+0xb/0x70
00088  ? __kmalloc_noprof+0x21f/0x4b0
00088  ? local_trylock_acquire+0x23/0x70
00088  ? local_trylock_acquire+0xb/0x70
00088  ? class_handle_ioctl+0x2055/0x3590 [obdclass]
00088  ? obd_class_ioctl+0x1f6/0x3c0 [obdclass]
00088  ? __x64_sys_ioctl+0x961/0xe00
00088  ? _copy_to_user+0x3d/0x60
00088  ? __x64_sys_rt_sigaction+0x107/0x140
00088  ? do_syscall_64+0xc1/0x350
00088  ? entry_SYSCALL_64_after_hwframe+0x4b/0x53
00088  </TASK>
00088 ---[ end trace 0000000000000000 ]---
00088 ------------[ cut here ]------------
00088 WARNING: /home/ktest/git/linux/include/linux/fs.h:889 at osd_create+0x9cf/0xcf0 [osd_wbcfs], CPU#0: lctl/2168
00088 Modules linked in: llog_test(O) mgs(O) osd_wbcfs(O) lustre(O) obdecho(O) mgc(O) mdc(O) lov(O) osc(O) lmv(O) ec(O) fid(O) fld(O) ptlrpc(O) efivarfs obdclass(O) ksocklnd(O) lnet(O) libcfs(O)
00088 CPU: 0 UID: 0 PID: 2168 Comm: lctl Tainted: G        W  O        7.0.0-ktest-8e46928-6330a45-20260729-dirty #1 PREEMPT 
00088 Tainted: [W]=WARN, [O]=OOT_MODULE
00088 Hardware name: QEMU Standard PC (Q35 + ICH9, 2009), BIOS 2025.11-3ubuntu7 03/31/2026
00088 RIP: 0010:osd_create+0x9cf/0xcf0 [osd_wbcfs]
00088 Code: c7 c7 00 96 7b a1 48 c7 c6 a0 12 7d a1 48 c7 c2 00 1c 7d a1 e8 52 f1 43 ff 48 c7 c7 00 96 7b a1 e8 46 81 44 ff e9 fe fc ff ff <0f> 0b e9 a5 fa ff ff 48 c7 c1 80 44 5d a0 80 e1 07 80 c1 03 38 c1
00088 RSP: 0018:ffffc90005eaf4f8 EFLAGS: 00010246
00088 RAX: 0000000000000000 RBX: ffff888143595c00 RCX: 0000000000000046
00088 RDX: 0000000000000000 RSI: ffff8881947757f0 RDI: ffff8881209889c0
00088 RBP: ffff888194775760 R08: ffffffff83a16803 R09: 1ffffffff0742d00
00088 R10: dffffc0000000000 R11: fffffbfff0742d01 R12: ffff88816cec1c00
00088 R13: dffffc0000000000 R14: 1ffff110286b2b80 R15: 1ffff1102d9d838f
00088 FS:  00007f91c023b940(0000) GS:ffff88831e42a000(0000) knlGS:0000000000000000
00088 CS:  0010 DS: 0000 ES: 0000 CR0: 0000000080050033
00088 CR2: 00007f86dc1e6194 CR3: 000000014149f000 CR4: 0000000000750eb0
00088 PKRU: 55555554
00088 Call Trace:
00088  <TASK>
00088  ? local_object_create+0x109/0x640 [obdclass]
00088  ? dt_write_lock+0x16d/0x2a0 [obdclass]
00088  ? llog_osd_create+0x356/0x10d0 [obdclass]
00088  ? llog_create+0x2ed/0x530 [obdclass]
00088  ? llog_cat_new_log+0x6d1/0x2970 [obdclass]
00088  ? llog_cat_add_rec+0x6ba/0x1960 [obdclass]
00088  ? llog_cat_add+0x499/0x7a0 [obdclass]
00088  ? llog_test_12+0x1471/0x2d90 [llog_test]
00088  ? llog_run_tests+0x4434/0x5ac0 [llog_test]
00088  ? get_random_u32+0x51/0x470
00088  ? llog_test_device_init+0x6e8/0xa20 [llog_test]
00088  ? obd_setup+0x54d/0x950 [obdclass]
00088  ? class_setup+0xc7d/0x10e0 [obdclass]
00088  ? class_process_config+0x2edb/0x7cb0 [obdclass]
00088  ? local_trylock_acquire+0xb/0x70
00088  ? __kmalloc_noprof+0x21f/0x4b0
00088  ? local_trylock_acquire+0x23/0x70
00088  ? local_trylock_acquire+0xb/0x70
00088  ? class_handle_ioctl+0x2055/0x3590 [obdclass]
00088  ? obd_class_ioctl+0x1f6/0x3c0 [obdclass]
00088  ? __x64_sys_ioctl+0x961/0xe00
00088  ? _copy_to_user+0x3d/0x60
00088  ? __x64_sys_rt_sigaction+0x107/0x140
00088  ? do_syscall_64+0xc1/0x350
00088  ? entry_SYSCALL_64_after_hwframe+0x4b/0x53
00088  </TASK>
00088 ---[ end trace 0000000000000000 ]---
00088 ------------[ cut here ]------------
00088 WARNING: /home/ktest/git/linux/include/linux/fs.h:889 at osd_create+0x9cf/0xcf0 [osd_wbcfs], CPU#0: lctl/2168
00088 Modules linked in: llog_test(O) mgs(O) osd_wbcfs(O) lustre(O) obdecho(O) mgc(O) mdc(O) lov(O) osc(O) lmv(O) ec(O) fid(O) fld(O) ptlrpc(O) efivarfs obdclass(O) ksocklnd(O) lnet(O) libcfs(O)
00088 CPU: 0 UID: 0 PID: 2168 Comm: lctl Tainted: G        W  O        7.0.0-ktest-8e46928-6330a45-20260729-dirty #1 PREEMPT 
00088 Tainted: [W]=WARN, [O]=OOT_MODULE
00088 Hardware name: QEMU Standard PC (Q35 + ICH9, 2009), BIOS 2025.11-3ubuntu7 03/31/2026
00088 RIP: 0010:osd_create+0x9cf/0xcf0 [osd_wbcfs]
00088 Code: c7 c7 00 96 7b a1 48 c7 c6 a0 12 7d a1 48 c7 c2 00 1c 7d a1 e8 52 f1 43 ff 48 c7 c7 00 96 7b a1 e8 46 81 44 ff e9 fe fc ff ff <0f> 0b e9 a5 fa ff ff 48 c7 c1 80 44 5d a0 80 e1 07 80 c1 03 38 c1
00088 RSP: 0018:ffffc90005eaf4f8 EFLAGS: 00010246
00088 RAX: 0000000000000000 RBX: ffff8881401f7c00 RCX: 0000000000000046
00088 RDX: 0000000000000000 RSI: ffff88819e3f7b68 RDI: ffff8881209889c0
00088 RBP: ffff88819e3f7ad8 R08: ffffffff83a16803 R09: 1ffffffff0742d00
00088 R10: dffffc0000000000 R11: fffffbfff0742d01 R12: ffff88816cec1c00
00088 R13: dffffc0000000000 R14: 1ffff1102803ef80 R15: 1ffff1102d9d838f
00088 FS:  00007f91c023b940(0000) GS:ffff88831e42a000(0000) knlGS:0000000000000000
00088 CS:  0010 DS: 0000 ES: 0000 CR0: 0000000080050033
00088 CR2: 00007f86dc1e6194 CR3: 000000014149f000 CR4: 0000000000750eb0
00088 PKRU: 55555554
00088 Call Trace:
00088  <TASK>
00088  ? local_object_create+0x109/0x640 [obdclass]
00088  ? dt_write_lock+0x16d/0x2a0 [obdclass]
00088  ? llog_osd_create+0x356/0x10d0 [obdclass]
00088  ? llog_create+0x2ed/0x530 [obdclass]
00088  ? llog_cat_new_log+0x6d1/0x2970 [obdclass]
00088  ? llog_cat_add_rec+0x6ba/0x1960 [obdclass]
00088  ? llog_cat_add+0x499/0x7a0 [obdclass]
00088  ? llog_test_12+0x1471/0x2d90 [llog_test]
00088  ? llog_run_tests+0x4434/0x5ac0 [llog_test]
00088  ? get_random_u32+0x51/0x470
00088  ? llog_test_device_init+0x6e8/0xa20 [llog_test]
00088  ? obd_setup+0x54d/0x950 [obdclass]
00088  ? class_setup+0xc7d/0x10e0 [obdclass]
00088  ? class_process_config+0x2edb/0x7cb0 [obdclass]
00088  ? local_trylock_acquire+0xb/0x70
00088  ? __kmalloc_noprof+0x21f/0x4b0
00088  ? local_trylock_acquire+0x23/0x70
00088  ? local_trylock_acquire+0xb/0x70
00088  ? class_handle_ioctl+0x2055/0x3590 [obdclass]
00088  ? obd_class_ioctl+0x1f6/0x3c0 [obdclass]
00088  ? __x64_sys_ioctl+0x961/0xe00
00088  ? _copy_to_user+0x3d/0x60
00088  ? __x64_sys_rt_sigaction+0x107/0x140
00088  ? do_syscall_64+0xc1/0x350
00088  ? entry_SYSCALL_64_after_hwframe+0x4b/0x53
00088  </TASK>
00088 ---[ end trace 0000000000000000 ]---
00088 ==================================================================
00088 BUG: KASAN: use-after-free in llog_osd_next_block+0x1368/0x3080 [obdclass]
00088 Read of size 4 at addr ffff88811c3f7136 by task lctl/2168
00088 
00088 CPU: 0 UID: 0 PID: 2168 Comm: lctl Tainted: G        W  O        7.0.0-ktest-8e46928-6330a45-20260729-dirty #1 PREEMPT 
00088 Tainted: [W]=WARN, [O]=OOT_MODULE
00088 Hardware name: QEMU Standard PC (Q35 + ICH9, 2009), BIOS 2025.11-3ubuntu7 03/31/2026
00088 Call Trace:
00088  <TASK>
00088  dump_stack_lvl+0x52/0x80
00088  print_report+0xbc/0x260
00088  ? llog_osd_next_block+0x1368/0x3080 [obdclass]
00088  kasan_report+0xa2/0xd0
00088  ? llog_osd_next_block+0x1368/0x3080 [obdclass]
00088  llog_osd_next_block+0x1368/0x3080 [obdclass]
00088  llog_process_thread+0xdd7/0x4f70 [obdclass]
00088  ? entry_SYSCALL_64_after_hwframe+0x4b/0x53
00088  ? task_work_add+0x177/0x210
00088  llog_process_or_fork+0x656/0xc90 [obdclass]
00088  ? llog_cat_process+0x30/0x30 [obdclass]
00088  llog_cat_process_or_fork+0x780/0xdb0 [obdclass]
00088  ? llog_cat_process+0x30/0x30 [obdclass]
00088  ? llog_cancel_rec_cb+0x450/0x450 [llog_test]
00088  llog_cat_process+0x24/0x30 [obdclass]
00088  llog_test_12+0x13ee/0x2d90 [llog_test]
00088  llog_run_tests+0x4434/0x5ac0 [llog_test]
00088  ? get_random_u32+0x51/0x470
00088  llog_test_device_init+0x6e8/0xa20 [llog_test]
00088  obd_setup+0x54d/0x950 [obdclass]
00088  class_setup+0xc7d/0x10e0 [obdclass]
00088  class_process_config+0x2edb/0x7cb0 [obdclass]
00088  ? local_trylock_acquire+0xb/0x70
00088  ? __kmalloc_noprof+0x21f/0x4b0
00088  ? local_trylock_acquire+0x23/0x70
00088  ? local_trylock_acquire+0xb/0x70
00088  class_handle_ioctl+0x2055/0x3590 [obdclass]
00088  obd_class_ioctl+0x1f6/0x3c0 [obdclass]
00088  __x64_sys_ioctl+0x961/0xe00
00088  ? _copy_to_user+0x3d/0x60
00088  ? __x64_sys_rt_sigaction+0x107/0x140
00088  do_syscall_64+0xc1/0x350
00088  entry_SYSCALL_64_after_hwframe+0x4b/0x53
00088 RIP: 0033:0x7f91c0124e1d
00088 Code: 04 25 28 00 00 00 48 89 45 c8 31 c0 48 8d 45 10 c7 45 b0 10 00 00 00 48 89 45 b8 48 8d 45 d0 48 89 45 c0 b8 10 00 00 00 0f 05 <89> c2 3d 00 f0 ff ff 77 1a 48 8b 45 c8 64 48 2b 04 25 28 00 00 00
00088 RSP: 002b:00007fffea49cfb0 EFLAGS: 00000246 ORIG_RAX: 0000000000000010
00088 RAX: ffffffffffffffda RBX: 00007f91c03bb1f0 RCX: 00007f91c0124e1d
00088 RDX: 00007fffea49d290 RSI: 00000000c00866b8 RDI: 0000000000000003
00088 RBP: 00007fffea49d000 R08: 00007fffea49d050 R09: 00007fffea49d290
00088 R10: 00005606aa788930 R11: 0000000000000246 R12: 00007fffea49d290
00088 R13: 0000560688020822 R14: 0000000000000000 R15: 00007fffea49f310
00088  </TASK>
00088 
00088 The buggy address belongs to the physical page:
00088 page: refcount:0 mapcount:0 mapping:0000000000000000 index:0x80f28 pfn:0x11c3f7
00088 flags: 0x8000000000000000(zone=2)
00088 raw: 8000000000000000 dead000000000100 dead000000000122 0000000000000000
00088 raw: 0000000000080f28 0000000000000000 00000000ffffffff 0000000000000000
00088 page dumped because: kasan: bad access detected
00088 
00088 Memory state around the buggy address:
00088  ffff88811c3f7000: ff ff ff ff ff ff ff ff ff ff ff ff ff ff ff ff
00088  ffff88811c3f7080: ff ff ff ff ff ff ff ff ff ff ff ff ff ff ff ff
00088 >ffff88811c3f7100: ff ff ff ff ff ff ff ff ff ff ff ff ff ff ff ff
00088                                      ^
00088  ffff88811c3f7180: ff ff ff ff ff ff ff ff ff ff ff ff ff ff ff ff
00088  ffff88811c3f7200: ff ff ff ff ff ff ff ff ff ff ff ff ff ff ff ff
00088 ==================================================================
00088 Disabling lock debugging due to kernel taint
00088 Lustre: 2168:0:(llog_test.c:2461:llog_test_12()) 12: put newly-created catalog
00088 Lustre: 2168:0:(llog_test.c:2529:llog_test_13()) 13a: create a catalog log with name: f37bd4c6
00088 Lustre: 2168:0:(llog_test.c:2545:llog_test_13()) 13b: write 1 record into the catalog
00088 LustreError: 2168:0:(llog_test.c:2556:llog_test_13()) 13b: found 8 plain llogs
00088 Lustre: 2168:0:(llog_test.c:2558:llog_test_13()) 13c: erase plain llog
00088 LustreError: 2168:0:(llog_cat.c:399:llog_cat_id2handle()) MGS: error opening log id [0x1:0x4f:0x0]: rc = -2
00088 Lustre: 2168:0:(llog_test.c:2578:llog_test_13()) 13d: forward process: found=1708 rc=0
00088 Lustre: 2168:0:(llog_test.c:2582:llog_test_13()) 13e: erase another plain llog
00088 Lustre: 2168:0:(llog_test.c:2602:llog_test_13()) 13e: backward process: found=1367 rc=0
00088 Lustre: 2168:0:(llog_test.c:2605:llog_test_13()) 13f: put newly-created catalog
00093 ========= FAILED TIMEOUT llog-unit in 240s
Error 1 at /home/ktest/ktest/lib/libktest.sh 587 from: "$ktest_dir/lib/supervisor" -S -F -T "$ktest_timeout" -b "$test_basename" -o "$test_logdir" -f "$test_basename.$(date -Iseconds).log" -- "${qemu_cmd[@]}", exiting
Error 1 at ./qlkbuild 187 from: "$ktest_dir/lib/supervisor" -S -F -T "$ktest_timeout" -b "$test_basename" -o "$test_logdir" -f "$test_basename.$(date -Iseconds).log" -- "${qemu_cmd[@]}", exiting
Error 1 at ./qlkbuild 1202 from: "$ktest_dir/lib/supervisor" -S -F -T "$ktest_timeout" -b "$test_basename" -o "$test_logdir" -f "$test_basename.$(date -Iseconds).log" -- "${qemu_cmd[@]}", exiting
