CLI: ./pk --podman-socket unix:///run/user/1000/podman/podman.sock --shared-filesystem /tmp --tarball-input job lustre-ci --output /var/www/ci-lustre/upstream-patch-review --git-hash 8e48b187270468a97b916d6bd01b3ab162098b61 --change-id 65391_8e48b187270468a97b916d6bd01b3ab162098b61 --subject LU-20090 nrs: add static and dynamic classify conf for TBF

Environment validated successfully
Note: custom LLVM is not synced in tarball input mode
Creating kernel tarball at /tmp/ktest-kernel.tar.gz...
Creating lustre tarball at /tmp/ktest-lustre.tar.gz...
Creating ZFS tarball at /tmp/ktest-zfs.tar.gz...
Executing 14 jobs
Jobs will start as soon as their dependencies are satisfied
Using tarball input mode

START al2023:al2023 build tests/fs/lustre/boot.ktest
START ml:lustre_mainline build tests/fs/lustre/boot.ktest
START u24:u24 build tests/fs/lustre/boot.ktest
START ml-strict:lustre_mainline build tests/fs/lustre/boot-strict.ktest
START checkpatch:checkpatch tool checkpatch
START ml-miscvm:lustre_mainline_native build tests/fs/lustre/boot.ktest
PUT /tmp/ktest-lustre.tar.gz 1s
PUT /tmp/ktest-lustre.tar.gz 1s
PUT /tmp/ktest-kernel.tar.gz 18s
PUT /tmp/ktest-kernel.tar.gz 18s
PUT /tmp/ktest-kernel.tar.gz 18s
PUT /tmp/ktest-kernel.tar.gz 18s
PUT /tmp/ktest-lustre.tar.gz 2s
PUT /tmp/ktest-lustre.tar.gz 2s
PUT /tmp/ktest-lustre.tar.gz 2s
PUT /tmp/ktest-lustre.tar.gz 2s
PUT /tmp/ktest-zfs.tar.gz 0s
PUT /tmp/ktest-zfs.tar.gz 0s
PUT /tmp/ktest-zfs.tar.gz 0s
END checkpatch:checkpatch tool checkpatch FAIL 24s (exit code: 1)
END u24:u24 build tests/fs/lustre/boot.ktest PASS 50s
END al2023:al2023 build tests/fs/lustre/boot.ktest PASS 54s
GET /tmp/ktest_ml:lustre_mainline_phsrqdza.tar 0s
END ml:lustre_mainline build tests/fs/lustre/boot.ktest PASS 177s
GET /tmp/ktest_ml-strict:lustre_mainline_0ykzw9no.tar 4s
END ml-strict:lustre_mainline build tests/fs/lustre/boot-strict.ktest FAIL 191s (exit code: 1)
GET /tmp/ktest_ml-miscvm:lustre_mainline_native_5baba_f7.tar 2s
END ml-miscvm:lustre_mainline_native build tests/fs/lustre/boot.ktest PASS 193s
START ml-miscvm:boot run tests/fs/lustre/boot.ktest
START ml-miscvm:llmount run tests/fs/lustre/llmount.ktest
START ml-miscvm:llog-unit run tests/fs/lustre/llog-unit.ktest
START ml-miscvm:mgs-setup run tests/fs/lustre/mgs-setup.ktest
START ml-miscvm:sanity-1 run tests/fs/lustre/sanity/sanity-1.ktest
START ml-miscvm:sanity-2 run tests/fs/lustre/sanity/sanity-2.ktest
START ml-miscvm:sanity-3 run tests/fs/lustre/sanity/sanity-3.ktest
START ml-miscvm:sanity-4 run tests/fs/lustre/sanity/sanity-4.ktest
PUT /tmp/ktest-kernel.tar.gz 48s
PUT /tmp/ktest-kernel.tar.gz 48s
PUT /tmp/ktest-kernel.tar.gz 48s
PUT /tmp/ktest-kernel.tar.gz 48s
PUT /tmp/ktest-kernel.tar.gz 49s
PUT /tmp/ktest-kernel.tar.gz 48s
PUT /tmp/ktest-kernel.tar.gz 48s
PUT /tmp/ktest-kernel.tar.gz 49s
PUT /tmp/ktest-lustre.tar.gz 14s
PUT /tmp/ktest-lustre.tar.gz 14s
PUT /tmp/ktest-lustre.tar.gz 14s
PUT /tmp/ktest-lustre.tar.gz 14s
PUT /tmp/ktest-lustre.tar.gz 14s
PUT /tmp/ktest-lustre.tar.gz 13s
PUT /tmp/ktest-lustre.tar.gz 13s
PUT /tmp/ktest-lustre.tar.gz 13s
PUT /tmp/ktest_ml-miscvm:lustre_mainline_native_5baba_f7.tar 3s
PUT /tmp/ktest_ml-miscvm:lustre_mainline_native_5baba_f7.tar 3s
PUT /tmp/ktest_ml-miscvm:lustre_mainline_native_5baba_f7.tar 2s
PUT /tmp/ktest_ml-miscvm:lustre_mainline_native_5baba_f7.tar 3s
PUT /tmp/ktest_ml-miscvm:lustre_mainline_native_5baba_f7.tar 3s
PUT /tmp/ktest_ml-miscvm:lustre_mainline_native_5baba_f7.tar 3s
PUT /tmp/ktest_ml-miscvm:lustre_mainline_native_5baba_f7.tar 3s
PUT /tmp/ktest_ml-miscvm:lustre_mainline_native_5baba_f7.tar 3s
END ml-miscvm:boot run tests/fs/lustre/boot.ktest PASS 79s
END ml-miscvm:mgs-setup run tests/fs/lustre/mgs-setup.ktest PASS 88s
END ml-miscvm:sanity-1 run tests/fs/lustre/sanity/sanity-1.ktest PASS 117s
END ml-miscvm:sanity-4 run tests/fs/lustre/sanity/sanity-4.ktest PASS 118s
END ml-miscvm:sanity-3 run tests/fs/lustre/sanity/sanity-3.ktest PASS 120s
END ml-miscvm:llmount run tests/fs/lustre/llmount.ktest PASS 126s
END ml-miscvm:sanity-2 run tests/fs/lustre/sanity/sanity-2.ktest PASS 131s
END ml-miscvm:llog-unit run tests/fs/lustre/llog-unit.ktest FAIL 164s (exit code: 1)

============================================================
Final Results:
  checkpatch:checkpatch: FAIL (24s) (log: /var/www/ci-lustre/upstream-patch-review/8e48b187270468a97b916d6bd01b3ab162098b61_checkpatch:checkpatch.log)
  u24:u24: PASS (50s) (log: /var/www/ci-lustre/upstream-patch-review/8e48b187270468a97b916d6bd01b3ab162098b61_u24:u24.log)
  al2023:al2023: PASS (54s) (log: /var/www/ci-lustre/upstream-patch-review/8e48b187270468a97b916d6bd01b3ab162098b61_al2023:al2023.log)
  ml-strict:lustre_mainline: FAIL (191s) (log: /var/www/ci-lustre/upstream-patch-review/8e48b187270468a97b916d6bd01b3ab162098b61_ml-strict:lustre_mainline.log)
  ml:lustre_mainline: PASS (177s) (log: /var/www/ci-lustre/upstream-patch-review/8e48b187270468a97b916d6bd01b3ab162098b61_ml:lustre_mainline.log)
  ml-miscvm:lustre_mainline_native: PASS (193s) (log: /var/www/ci-lustre/upstream-patch-review/8e48b187270468a97b916d6bd01b3ab162098b61_ml-miscvm:lustre_mainline_native.log)
  ml-miscvm:boot: PASS (79s) (log: /var/www/ci-lustre/upstream-patch-review/8e48b187270468a97b916d6bd01b3ab162098b61_ml-miscvm:boot.log)
  ml-miscvm:llmount: PASS (126s) (log: /var/www/ci-lustre/upstream-patch-review/8e48b187270468a97b916d6bd01b3ab162098b61_ml-miscvm:llmount.log)
  ml-miscvm:llog-unit: FAIL (164s) (log: /var/www/ci-lustre/upstream-patch-review/8e48b187270468a97b916d6bd01b3ab162098b61_ml-miscvm:llog-unit.log)
  ml-miscvm:mgs-setup: PASS (88s) (log: /var/www/ci-lustre/upstream-patch-review/8e48b187270468a97b916d6bd01b3ab162098b61_ml-miscvm:mgs-setup.log)
  ml-miscvm:sanity-1: PASS (117s) (log: /var/www/ci-lustre/upstream-patch-review/8e48b187270468a97b916d6bd01b3ab162098b61_ml-miscvm:sanity-1.log)
  ml-miscvm:sanity-2: PASS (131s) (log: /var/www/ci-lustre/upstream-patch-review/8e48b187270468a97b916d6bd01b3ab162098b61_ml-miscvm:sanity-2.log)
  ml-miscvm:sanity-3: PASS (120s) (log: /var/www/ci-lustre/upstream-patch-review/8e48b187270468a97b916d6bd01b3ab162098b61_ml-miscvm:sanity-3.log)
  ml-miscvm:sanity-4: PASS (118s) (log: /var/www/ci-lustre/upstream-patch-review/8e48b187270468a97b916d6bd01b3ab162098b61_ml-miscvm:sanity-4.log)

Total execution time: 388s

Packed 5375 logs from /var/www/ci-lustre/upstream-patch-review into /home/ktest/ktest/local-site/local_data.js
Open /home/ktest/ktest/local-site/index.html in a browser
