CLI: ./pk --podman-socket unix:///run/podman/podman.sock --shared-filesystem /tmp --tarball-input job lustre-ci --output /var/www/ci-lustre/upstream-patch-review --git-hash 8e9e36c39188fb61dcda68d5b978bfd540c97aa5 --change-id 68104_8e9e36c39188fb61dcda68d5b978bfd540c97aa5 --subject LU-20607 llite: repair the mmap user buffer lock set

Environment validated successfully
Note: custom LLVM is not synced in tarball input mode
Creating kernel tarball at /tmp/ktest-kernel.tar.gz...
Creating lustre tarball at /tmp/ktest-lustre.tar.gz...
Creating ZFS tarball at /tmp/ktest-zfs.tar.gz...
Executing 14 jobs
Jobs will start as soon as their dependencies are satisfied
Using tarball input mode

START ml-miscvm:lustre_mainline_native build tests/fs/lustre/boot.ktest
START ml:lustre_mainline build tests/fs/lustre/boot.ktest
START u24:u24 build tests/fs/lustre/boot.ktest
START al2023:al2023 build tests/fs/lustre/boot.ktest
START ml-strict:lustre_mainline build tests/fs/lustre/boot-strict.ktest
START checkpatch:checkpatch tool checkpatch
PUT /tmp/ktest-lustre.tar.gz 1s
PUT /tmp/ktest-lustre.tar.gz 2s
PUT /tmp/ktest-kernel.tar.gz 14s
PUT /tmp/ktest-kernel.tar.gz 15s
PUT /tmp/ktest-kernel.tar.gz 15s
PUT /tmp/ktest-kernel.tar.gz 15s
PUT /tmp/ktest-lustre.tar.gz 3s
PUT /tmp/ktest-lustre.tar.gz 4s
PUT /tmp/ktest-lustre.tar.gz 4s
PUT /tmp/ktest-lustre.tar.gz 3s
PUT /tmp/ktest-zfs.tar.gz 1s
PUT /tmp/ktest-zfs.tar.gz 1s
PUT /tmp/ktest-zfs.tar.gz 1s
END checkpatch:checkpatch tool checkpatch FAIL 22s (exit code: 1)
END u24:u24 build tests/fs/lustre/boot.ktest PASS 44s
END al2023:al2023 build tests/fs/lustre/boot.ktest PASS 48s
GET /tmp/ktest_ml-miscvm:lustre_mainline_native_3z16a9qf.tar 0s
END ml-miscvm:lustre_mainline_native build tests/fs/lustre/boot.ktest PASS 149s
START ml-miscvm:boot run tests/fs/lustre/boot.ktest
START ml-miscvm:llmount run tests/fs/lustre/llmount.ktest
START ml-miscvm:llog-unit run tests/fs/lustre/llog-unit.ktest
START ml-miscvm:mgs-setup run tests/fs/lustre/mgs-setup.ktest
START ml-miscvm:sanity-1 run tests/fs/lustre/sanity/sanity-1.ktest
START ml-miscvm:sanity-2 run tests/fs/lustre/sanity/sanity-2.ktest
START ml-miscvm:sanity-3 run tests/fs/lustre/sanity/sanity-3.ktest
START ml-miscvm:sanity-4 run tests/fs/lustre/sanity/sanity-4.ktest
GET /tmp/ktest_ml-strict:lustre_mainline__6_6dfxy.tar 14s
PUT /tmp/ktest-kernel.tar.gz 23s
PUT /tmp/ktest-kernel.tar.gz 25s
PUT /tmp/ktest-kernel.tar.gz 25s
PUT /tmp/ktest-kernel.tar.gz 25s
PUT /tmp/ktest-kernel.tar.gz 25s
END ml-strict:lustre_mainline build tests/fs/lustre/boot-strict.ktest FAIL 177s (exit code: 1)
PUT /tmp/ktest-kernel.tar.gz 27s
PUT /tmp/ktest-kernel.tar.gz 27s
PUT /tmp/ktest-kernel.tar.gz 27s
GET /tmp/ktest_ml:lustre_mainline_v9114h3e.tar 24s
END ml:lustre_mainline build tests/fs/lustre/boot.ktest PASS 179s
PUT /tmp/ktest-lustre.tar.gz 5s
PUT /tmp/ktest-lustre.tar.gz 3s
PUT /tmp/ktest-lustre.tar.gz 3s
PUT /tmp/ktest-lustre.tar.gz 8s
PUT /tmp/ktest-lustre.tar.gz 5s
PUT /tmp/ktest-lustre.tar.gz 3s
PUT /tmp/ktest-lustre.tar.gz 5s
PUT /tmp/ktest-lustre.tar.gz 6s
PUT /tmp/ktest_ml-miscvm:lustre_mainline_native_3z16a9qf.tar 0s
PUT /tmp/ktest_ml-miscvm:lustre_mainline_native_3z16a9qf.tar 0s
PUT /tmp/ktest_ml-miscvm:lustre_mainline_native_3z16a9qf.tar 0s
PUT /tmp/ktest_ml-miscvm:lustre_mainline_native_3z16a9qf.tar 0s
PUT /tmp/ktest_ml-miscvm:lustre_mainline_native_3z16a9qf.tar 0s
PUT /tmp/ktest_ml-miscvm:lustre_mainline_native_3z16a9qf.tar 0s
PUT /tmp/ktest_ml-miscvm:lustre_mainline_native_3z16a9qf.tar 0s
PUT /tmp/ktest_ml-miscvm:lustre_mainline_native_3z16a9qf.tar 0s
END ml-miscvm:boot run tests/fs/lustre/boot.ktest PASS 43s
END ml-miscvm:mgs-setup run tests/fs/lustre/mgs-setup.ktest PASS 52s
END ml-miscvm:sanity-4 run tests/fs/lustre/sanity/sanity-4.ktest PASS 80s
END ml-miscvm:sanity-3 run tests/fs/lustre/sanity/sanity-3.ktest PASS 81s
END ml-miscvm:sanity-2 run tests/fs/lustre/sanity/sanity-2.ktest PASS 83s
END ml-miscvm:sanity-1 run tests/fs/lustre/sanity/sanity-1.ktest PASS 84s
END ml-miscvm:llmount run tests/fs/lustre/llmount.ktest PASS 92s
END ml-miscvm:llog-unit run tests/fs/lustre/llog-unit.ktest FAIL 129s (exit code: 1)

============================================================
Final Results:
  checkpatch:checkpatch: FAIL (22s) (log: /var/www/ci-lustre/upstream-patch-review/8e9e36c39188fb61dcda68d5b978bfd540c97aa5_checkpatch:checkpatch.log)
  u24:u24: PASS (44s) (log: /var/www/ci-lustre/upstream-patch-review/8e9e36c39188fb61dcda68d5b978bfd540c97aa5_u24:u24.log)
  al2023:al2023: PASS (48s) (log: /var/www/ci-lustre/upstream-patch-review/8e9e36c39188fb61dcda68d5b978bfd540c97aa5_al2023:al2023.log)
  ml-strict:lustre_mainline: FAIL (177s) (log: /var/www/ci-lustre/upstream-patch-review/8e9e36c39188fb61dcda68d5b978bfd540c97aa5_ml-strict:lustre_mainline.log)
  ml:lustre_mainline: PASS (179s) (log: /var/www/ci-lustre/upstream-patch-review/8e9e36c39188fb61dcda68d5b978bfd540c97aa5_ml:lustre_mainline.log)
  ml-miscvm:lustre_mainline_native: PASS (149s) (log: /var/www/ci-lustre/upstream-patch-review/8e9e36c39188fb61dcda68d5b978bfd540c97aa5_ml-miscvm:lustre_mainline_native.log)
  ml-miscvm:boot: PASS (43s) (log: /var/www/ci-lustre/upstream-patch-review/8e9e36c39188fb61dcda68d5b978bfd540c97aa5_ml-miscvm:boot.log)
  ml-miscvm:llmount: PASS (92s) (log: /var/www/ci-lustre/upstream-patch-review/8e9e36c39188fb61dcda68d5b978bfd540c97aa5_ml-miscvm:llmount.log)
  ml-miscvm:llog-unit: FAIL (129s) (log: /var/www/ci-lustre/upstream-patch-review/8e9e36c39188fb61dcda68d5b978bfd540c97aa5_ml-miscvm:llog-unit.log)
  ml-miscvm:mgs-setup: PASS (52s) (log: /var/www/ci-lustre/upstream-patch-review/8e9e36c39188fb61dcda68d5b978bfd540c97aa5_ml-miscvm:mgs-setup.log)
  ml-miscvm:sanity-1: PASS (84s) (log: /var/www/ci-lustre/upstream-patch-review/8e9e36c39188fb61dcda68d5b978bfd540c97aa5_ml-miscvm:sanity-1.log)
  ml-miscvm:sanity-2: PASS (83s) (log: /var/www/ci-lustre/upstream-patch-review/8e9e36c39188fb61dcda68d5b978bfd540c97aa5_ml-miscvm:sanity-2.log)
  ml-miscvm:sanity-3: PASS (81s) (log: /var/www/ci-lustre/upstream-patch-review/8e9e36c39188fb61dcda68d5b978bfd540c97aa5_ml-miscvm:sanity-3.log)
  ml-miscvm:sanity-4: PASS (80s) (log: /var/www/ci-lustre/upstream-patch-review/8e9e36c39188fb61dcda68d5b978bfd540c97aa5_ml-miscvm:sanity-4.log)

Total execution time: 308s

Packed 9088 logs from /var/www/ci-lustre/upstream-patch-review into /home/ktest/ktest/local-site/local_data.js
Open /home/ktest/ktest/local-site/index.html in a browser
