CLI: ./pk --podman-socket unix:///run/user/1000/podman/podman.sock --shared-filesystem /tmp --tarball-input job lustre-ci --output /var/www/ci-lustre/upstream-patch-review --git-hash 8f5dbbdfd46fd886e3f43d6cbe203636f9956007 --change-id 69186_8f5dbbdfd46fd886e3f43d6cbe203636f9956007 --subject LU-19651 lnet: quiet socket not found error at shutdown

Environment validated successfully
Note: custom LLVM is not synced in tarball input mode
Creating kernel tarball at /tmp/ktest-kernel.tar.gz...
Creating lustre tarball at /tmp/ktest-lustre.tar.gz...
Creating ZFS tarball at /tmp/ktest-zfs.tar.gz...
Executing 14 jobs
Jobs will start as soon as their dependencies are satisfied
Using tarball input mode

START checkpatch:checkpatch tool checkpatch
START ml:lustre_mainline build tests/fs/lustre/boot.ktest
START al2023:al2023 build tests/fs/lustre/boot.ktest
START ml-strict:lustre_mainline build tests/fs/lustre/boot-strict.ktest
START u24:u24 build tests/fs/lustre/boot.ktest
START ml-miscvm:lustre_mainline_native build tests/fs/lustre/boot.ktest
PUT /tmp/ktest-lustre.tar.gz 1s
PUT /tmp/ktest-lustre.tar.gz 1s
PUT /tmp/ktest-kernel.tar.gz 8s
PUT /tmp/ktest-kernel.tar.gz 8s
PUT /tmp/ktest-kernel.tar.gz 8s
PUT /tmp/ktest-kernel.tar.gz 9s
PUT /tmp/ktest-lustre.tar.gz 4s
PUT /tmp/ktest-lustre.tar.gz 4s
PUT /tmp/ktest-lustre.tar.gz 4s
PUT /tmp/ktest-lustre.tar.gz 4s
PUT /tmp/ktest-zfs.tar.gz 1s
PUT /tmp/ktest-zfs.tar.gz 1s
PUT /tmp/ktest-zfs.tar.gz 1s
END checkpatch:checkpatch tool checkpatch PASS 16s
END u24:u24 build tests/fs/lustre/boot.ktest PASS 45s
END al2023:al2023 build tests/fs/lustre/boot.ktest PASS 47s
GET /tmp/ktest_ml-miscvm:lustre_mainline_native_bdzy4axa.tar 0s
END ml-miscvm:lustre_mainline_native build tests/fs/lustre/boot.ktest PASS 153s
START ml-miscvm:boot run tests/fs/lustre/boot.ktest
START ml-miscvm:llmount run tests/fs/lustre/llmount.ktest
START ml-miscvm:llog-unit run tests/fs/lustre/llog-unit.ktest
START ml-miscvm:mgs-setup run tests/fs/lustre/mgs-setup.ktest
START ml-miscvm:sanity-1 run tests/fs/lustre/sanity/sanity-1.ktest
START ml-miscvm:sanity-2 run tests/fs/lustre/sanity/sanity-2.ktest
START ml-miscvm:sanity-3 run tests/fs/lustre/sanity/sanity-3.ktest
START ml-miscvm:sanity-4 run tests/fs/lustre/sanity/sanity-4.ktest
PUT /tmp/ktest-kernel.tar.gz 31s
PUT /tmp/ktest-kernel.tar.gz 32s
PUT /tmp/ktest-kernel.tar.gz 32s
PUT /tmp/ktest-kernel.tar.gz 32s
PUT /tmp/ktest-kernel.tar.gz 32s
PUT /tmp/ktest-kernel.tar.gz 32s
PUT /tmp/ktest-kernel.tar.gz 33s
PUT /tmp/ktest-kernel.tar.gz 33s
PUT /tmp/ktest-lustre.tar.gz 10s
PUT /tmp/ktest-lustre.tar.gz 9s
PUT /tmp/ktest-lustre.tar.gz 9s
PUT /tmp/ktest-lustre.tar.gz 10s
PUT /tmp/ktest-lustre.tar.gz 10s
PUT /tmp/ktest-lustre.tar.gz 10s
PUT /tmp/ktest-lustre.tar.gz 10s
PUT /tmp/ktest-lustre.tar.gz 10s
GET /tmp/ktest_ml-strict:lustre_mainline_8d3fasy5.tar 36s
PUT /tmp/ktest_ml-miscvm:lustre_mainline_native_bdzy4axa.tar 3s
PUT /tmp/ktest_ml-miscvm:lustre_mainline_native_bdzy4axa.tar 13s
PUT /tmp/ktest_ml-miscvm:lustre_mainline_native_bdzy4axa.tar 13s
PUT /tmp/ktest_ml-miscvm:lustre_mainline_native_bdzy4axa.tar 13s
PUT /tmp/ktest_ml-miscvm:lustre_mainline_native_bdzy4axa.tar 15s
PUT /tmp/ktest_ml-miscvm:lustre_mainline_native_bdzy4axa.tar 15s
END ml-strict:lustre_mainline build tests/fs/lustre/boot-strict.ktest FAIL 211s (exit code: 1)
PUT /tmp/ktest_ml-miscvm:lustre_mainline_native_bdzy4axa.tar 15s
PUT /tmp/ktest_ml-miscvm:lustre_mainline_native_bdzy4axa.tar 15s
GET /tmp/ktest_ml:lustre_mainline_t79mx8dv.tar 0s
END ml:lustre_mainline build tests/fs/lustre/boot.ktest PASS 213s
END ml-miscvm:boot run tests/fs/lustre/boot.ktest PASS 72s
END ml-miscvm:mgs-setup run tests/fs/lustre/mgs-setup.ktest PASS 80s
END ml-miscvm:sanity-2 run tests/fs/lustre/sanity/sanity-2.ktest PASS 111s
END ml-miscvm:sanity-1 run tests/fs/lustre/sanity/sanity-1.ktest PASS 113s
END ml-miscvm:llmount run tests/fs/lustre/llmount.ktest PASS 119s
END ml-miscvm:sanity-3 run tests/fs/lustre/sanity/sanity-3.ktest PASS 121s
END ml-miscvm:sanity-4 run tests/fs/lustre/sanity/sanity-4.ktest PASS 123s
END ml-miscvm:llog-unit run tests/fs/lustre/llog-unit.ktest FAIL 158s (exit code: 1)

============================================================
Final Results:
  checkpatch:checkpatch: PASS (16s) (log: /var/www/ci-lustre/upstream-patch-review/8f5dbbdfd46fd886e3f43d6cbe203636f9956007_checkpatch:checkpatch.log)
  u24:u24: PASS (45s) (log: /var/www/ci-lustre/upstream-patch-review/8f5dbbdfd46fd886e3f43d6cbe203636f9956007_u24:u24.log)
  al2023:al2023: PASS (47s) (log: /var/www/ci-lustre/upstream-patch-review/8f5dbbdfd46fd886e3f43d6cbe203636f9956007_al2023:al2023.log)
  ml-strict:lustre_mainline: FAIL (211s) (log: /var/www/ci-lustre/upstream-patch-review/8f5dbbdfd46fd886e3f43d6cbe203636f9956007_ml-strict:lustre_mainline.log)
  ml:lustre_mainline: PASS (213s) (log: /var/www/ci-lustre/upstream-patch-review/8f5dbbdfd46fd886e3f43d6cbe203636f9956007_ml:lustre_mainline.log)
  ml-miscvm:lustre_mainline_native: PASS (153s) (log: /var/www/ci-lustre/upstream-patch-review/8f5dbbdfd46fd886e3f43d6cbe203636f9956007_ml-miscvm:lustre_mainline_native.log)
  ml-miscvm:boot: PASS (72s) (log: /var/www/ci-lustre/upstream-patch-review/8f5dbbdfd46fd886e3f43d6cbe203636f9956007_ml-miscvm:boot.log)
  ml-miscvm:llmount: PASS (119s) (log: /var/www/ci-lustre/upstream-patch-review/8f5dbbdfd46fd886e3f43d6cbe203636f9956007_ml-miscvm:llmount.log)
  ml-miscvm:llog-unit: FAIL (158s) (log: /var/www/ci-lustre/upstream-patch-review/8f5dbbdfd46fd886e3f43d6cbe203636f9956007_ml-miscvm:llog-unit.log)
  ml-miscvm:mgs-setup: PASS (80s) (log: /var/www/ci-lustre/upstream-patch-review/8f5dbbdfd46fd886e3f43d6cbe203636f9956007_ml-miscvm:mgs-setup.log)
  ml-miscvm:sanity-1: PASS (113s) (log: /var/www/ci-lustre/upstream-patch-review/8f5dbbdfd46fd886e3f43d6cbe203636f9956007_ml-miscvm:sanity-1.log)
  ml-miscvm:sanity-2: PASS (111s) (log: /var/www/ci-lustre/upstream-patch-review/8f5dbbdfd46fd886e3f43d6cbe203636f9956007_ml-miscvm:sanity-2.log)
  ml-miscvm:sanity-3: PASS (121s) (log: /var/www/ci-lustre/upstream-patch-review/8f5dbbdfd46fd886e3f43d6cbe203636f9956007_ml-miscvm:sanity-3.log)
  ml-miscvm:sanity-4: PASS (123s) (log: /var/www/ci-lustre/upstream-patch-review/8f5dbbdfd46fd886e3f43d6cbe203636f9956007_ml-miscvm:sanity-4.log)

Total execution time: 341s

Packed 1622 logs from /var/www/ci-lustre/upstream-patch-review into /home/ktest/ktest/local-site/local_data.js
Open /home/ktest/ktest/local-site/index.html in a browser
