CLI: ./pk --podman-socket unix:///run/user/1000/podman/podman.sock --shared-filesystem /tmp --tarball-input job lustre-ci --output /var/www/ci-lustre/upstream-patch-review --git-hash 9011796f6d585c2a66a0fcc85a19b3e472edda56 --change-id 54749_9011796f6d585c2a66a0fcc85a19b3e472edda56 --subject LU-17740 mds: remove user_xattr,acl MDT options

Environment validated successfully
Note: custom LLVM is not synced in tarball input mode
Creating kernel tarball at /tmp/ktest-kernel.tar.gz...
Creating lustre tarball at /tmp/ktest-lustre.tar.gz...
Creating ZFS tarball at /tmp/ktest-zfs.tar.gz...
Executing 14 jobs
Jobs will start as soon as their dependencies are satisfied
Using tarball input mode

START u24:u24 build tests/fs/lustre/boot.ktest
START ml:lustre_mainline build tests/fs/lustre/boot.ktest
START ml-strict:lustre_mainline build tests/fs/lustre/boot-strict.ktest
START ml-miscvm:lustre_mainline_native build tests/fs/lustre/boot.ktest
START checkpatch:checkpatch tool checkpatch
START al2023:al2023 build tests/fs/lustre/boot.ktest
PUT /tmp/ktest-lustre.tar.gz 1s
PUT /tmp/ktest-lustre.tar.gz 1s
PUT /tmp/ktest-kernel.tar.gz 9s
PUT /tmp/ktest-kernel.tar.gz 9s
PUT /tmp/ktest-kernel.tar.gz 9s
PUT /tmp/ktest-kernel.tar.gz 9s
PUT /tmp/ktest-lustre.tar.gz 3s
PUT /tmp/ktest-lustre.tar.gz 3s
PUT /tmp/ktest-lustre.tar.gz 3s
PUT /tmp/ktest-lustre.tar.gz 3s
PUT /tmp/ktest-zfs.tar.gz 0s
PUT /tmp/ktest-zfs.tar.gz 0s
PUT /tmp/ktest-zfs.tar.gz 0s
END checkpatch:checkpatch tool checkpatch PASS 16s
END u24:u24 build tests/fs/lustre/boot.ktest PASS 42s
END al2023:al2023 build tests/fs/lustre/boot.ktest PASS 47s
GET /tmp/ktest_ml-miscvm:lustre_mainline_native_t_hk62sl.tar 0s
GET /tmp/ktest_ml-strict:lustre_mainline_uzm8_zzs.tar 7s
GET /tmp/ktest_ml:lustre_mainline_73wi4d4t.tar 6s
END ml-miscvm:lustre_mainline_native build tests/fs/lustre/boot.ktest PASS 167s
START ml-miscvm:boot run tests/fs/lustre/boot.ktest
START ml-miscvm:llmount run tests/fs/lustre/llmount.ktest
START ml-miscvm:llog-unit run tests/fs/lustre/llog-unit.ktest
START ml-miscvm:mgs-setup run tests/fs/lustre/mgs-setup.ktest
START ml-miscvm:sanity-1 run tests/fs/lustre/sanity/sanity-1.ktest
START ml-miscvm:sanity-2 run tests/fs/lustre/sanity/sanity-2.ktest
START ml-miscvm:sanity-3 run tests/fs/lustre/sanity/sanity-3.ktest
START ml-miscvm:sanity-4 run tests/fs/lustre/sanity/sanity-4.ktest
END ml-strict:lustre_mainline build tests/fs/lustre/boot-strict.ktest FAIL 168s (exit code: 1)
END ml:lustre_mainline build tests/fs/lustre/boot.ktest PASS 169s
PUT /tmp/ktest-kernel.tar.gz 34s
PUT /tmp/ktest-kernel.tar.gz 34s
PUT /tmp/ktest-kernel.tar.gz 34s
PUT /tmp/ktest-kernel.tar.gz 34s
PUT /tmp/ktest-kernel.tar.gz 35s
PUT /tmp/ktest-kernel.tar.gz 35s
PUT /tmp/ktest-kernel.tar.gz 35s
PUT /tmp/ktest-kernel.tar.gz 35s
PUT /tmp/ktest-lustre.tar.gz 7s
PUT /tmp/ktest-lustre.tar.gz 6s
PUT /tmp/ktest-lustre.tar.gz 6s
PUT /tmp/ktest-lustre.tar.gz 7s
PUT /tmp/ktest-lustre.tar.gz 7s
PUT /tmp/ktest-lustre.tar.gz 6s
PUT /tmp/ktest-lustre.tar.gz 6s
PUT /tmp/ktest-lustre.tar.gz 7s
PUT /tmp/ktest_ml-miscvm:lustre_mainline_native_t_hk62sl.tar 2s
PUT /tmp/ktest_ml-miscvm:lustre_mainline_native_t_hk62sl.tar 2s
PUT /tmp/ktest_ml-miscvm:lustre_mainline_native_t_hk62sl.tar 2s
PUT /tmp/ktest_ml-miscvm:lustre_mainline_native_t_hk62sl.tar 2s
PUT /tmp/ktest_ml-miscvm:lustre_mainline_native_t_hk62sl.tar 2s
PUT /tmp/ktest_ml-miscvm:lustre_mainline_native_t_hk62sl.tar 2s
PUT /tmp/ktest_ml-miscvm:lustre_mainline_native_t_hk62sl.tar 2s
PUT /tmp/ktest_ml-miscvm:lustre_mainline_native_t_hk62sl.tar 2s
END ml-miscvm:boot run tests/fs/lustre/boot.ktest PASS 59s
END ml-miscvm:mgs-setup run tests/fs/lustre/mgs-setup.ktest PASS 70s
END ml-miscvm:sanity-4 run tests/fs/lustre/sanity/sanity-4.ktest PASS 99s
END ml-miscvm:sanity-1 run tests/fs/lustre/sanity/sanity-1.ktest PASS 101s
END ml-miscvm:sanity-3 run tests/fs/lustre/sanity/sanity-3.ktest PASS 112s
END ml-miscvm:sanity-2 run tests/fs/lustre/sanity/sanity-2.ktest PASS 113s
END ml-miscvm:llmount run tests/fs/lustre/llmount.ktest PASS 120s
END ml-miscvm:llog-unit run tests/fs/lustre/llog-unit.ktest FAIL 146s (exit code: 1)

============================================================
Final Results:
  checkpatch:checkpatch: PASS (16s) (log: /var/www/ci-lustre/upstream-patch-review/9011796f6d585c2a66a0fcc85a19b3e472edda56_checkpatch:checkpatch.log)
  u24:u24: PASS (42s) (log: /var/www/ci-lustre/upstream-patch-review/9011796f6d585c2a66a0fcc85a19b3e472edda56_u24:u24.log)
  al2023:al2023: PASS (47s) (log: /var/www/ci-lustre/upstream-patch-review/9011796f6d585c2a66a0fcc85a19b3e472edda56_al2023:al2023.log)
  ml-strict:lustre_mainline: FAIL (168s) (log: /var/www/ci-lustre/upstream-patch-review/9011796f6d585c2a66a0fcc85a19b3e472edda56_ml-strict:lustre_mainline.log)
  ml:lustre_mainline: PASS (169s) (log: /var/www/ci-lustre/upstream-patch-review/9011796f6d585c2a66a0fcc85a19b3e472edda56_ml:lustre_mainline.log)
  ml-miscvm:lustre_mainline_native: PASS (167s) (log: /var/www/ci-lustre/upstream-patch-review/9011796f6d585c2a66a0fcc85a19b3e472edda56_ml-miscvm:lustre_mainline_native.log)
  ml-miscvm:boot: PASS (59s) (log: /var/www/ci-lustre/upstream-patch-review/9011796f6d585c2a66a0fcc85a19b3e472edda56_ml-miscvm:boot.log)
  ml-miscvm:llmount: PASS (120s) (log: /var/www/ci-lustre/upstream-patch-review/9011796f6d585c2a66a0fcc85a19b3e472edda56_ml-miscvm:llmount.log)
  ml-miscvm:llog-unit: FAIL (146s) (log: /var/www/ci-lustre/upstream-patch-review/9011796f6d585c2a66a0fcc85a19b3e472edda56_ml-miscvm:llog-unit.log)
  ml-miscvm:mgs-setup: PASS (70s) (log: /var/www/ci-lustre/upstream-patch-review/9011796f6d585c2a66a0fcc85a19b3e472edda56_ml-miscvm:mgs-setup.log)
  ml-miscvm:sanity-1: PASS (101s) (log: /var/www/ci-lustre/upstream-patch-review/9011796f6d585c2a66a0fcc85a19b3e472edda56_ml-miscvm:sanity-1.log)
  ml-miscvm:sanity-2: PASS (113s) (log: /var/www/ci-lustre/upstream-patch-review/9011796f6d585c2a66a0fcc85a19b3e472edda56_ml-miscvm:sanity-2.log)
  ml-miscvm:sanity-3: PASS (112s) (log: /var/www/ci-lustre/upstream-patch-review/9011796f6d585c2a66a0fcc85a19b3e472edda56_ml-miscvm:sanity-3.log)
  ml-miscvm:sanity-4: PASS (99s) (log: /var/www/ci-lustre/upstream-patch-review/9011796f6d585c2a66a0fcc85a19b3e472edda56_ml-miscvm:sanity-4.log)

Total execution time: 344s

Packed 5474 logs from /var/www/ci-lustre/upstream-patch-review into /home/ktest/ktest/local-site/local_data.js
Open /home/ktest/ktest/local-site/index.html in a browser
