CLI: ./pk --podman-socket unix:///run/podman/podman.sock --shared-filesystem /tmp --tarball-input job lustre-ci --output /var/www/ci-lustre/upstream-patch-review --git-hash 908a7d50e226e862378cf430b77f9b33206de8bb --change-id 65273_908a7d50e226e862378cf430b77f9b33206de8bb --subject LU-14291 utils: don't build gss server utilies for clients

Environment validated successfully
Note: custom LLVM is not synced in tarball input mode
Creating kernel tarball at /tmp/ktest-kernel.tar.gz...
Creating lustre tarball at /tmp/ktest-lustre.tar.gz...
Creating ZFS tarball at /tmp/ktest-zfs.tar.gz...
Executing 14 jobs
Jobs will start as soon as their dependencies are satisfied
Using tarball input mode

START ml:lustre_mainline build tests/fs/lustre/boot.ktest
START al2023:al2023 build tests/fs/lustre/boot.ktest
START checkpatch:checkpatch tool checkpatch
START u24:u24 build tests/fs/lustre/boot.ktest
START ml-strict:lustre_mainline build tests/fs/lustre/boot-strict.ktest
START ml-miscvm:lustre_mainline_native build tests/fs/lustre/boot.ktest
PUT /tmp/ktest-lustre.tar.gz 1s
PUT /tmp/ktest-lustre.tar.gz 1s
PUT /tmp/ktest-kernel.tar.gz 6s
PUT /tmp/ktest-kernel.tar.gz 6s
PUT /tmp/ktest-kernel.tar.gz 6s
PUT /tmp/ktest-kernel.tar.gz 6s
PUT /tmp/ktest-lustre.tar.gz 2s
PUT /tmp/ktest-lustre.tar.gz 2s
PUT /tmp/ktest-lustre.tar.gz 2s
PUT /tmp/ktest-lustre.tar.gz 2s
PUT /tmp/ktest-zfs.tar.gz 0s
PUT /tmp/ktest-zfs.tar.gz 0s
PUT /tmp/ktest-zfs.tar.gz 0s
END checkpatch:checkpatch tool checkpatch PASS 11s
END u24:u24 build tests/fs/lustre/boot.ktest PASS 36s
END al2023:al2023 build tests/fs/lustre/boot.ktest PASS 46s
GET /tmp/ktest_ml:lustre_mainline_ghrdsji3.tar 0s
END ml:lustre_mainline build tests/fs/lustre/boot.ktest PASS 161s
GET /tmp/ktest_ml-strict:lustre_mainline_f6j6v3ly.tar 5s
END ml-strict:lustre_mainline build tests/fs/lustre/boot-strict.ktest FAIL 176s (exit code: 1)
GET /tmp/ktest_ml-miscvm:lustre_mainline_native_lm2xz1g6.tar 2s
END ml-miscvm:lustre_mainline_native build tests/fs/lustre/boot.ktest PASS 177s
START ml-miscvm:boot run tests/fs/lustre/boot.ktest
START ml-miscvm:llmount run tests/fs/lustre/llmount.ktest
START ml-miscvm:llog-unit run tests/fs/lustre/llog-unit.ktest
START ml-miscvm:mgs-setup run tests/fs/lustre/mgs-setup.ktest
START ml-miscvm:sanity-1 run tests/fs/lustre/sanity/sanity-1.ktest
START ml-miscvm:sanity-2 run tests/fs/lustre/sanity/sanity-2.ktest
START ml-miscvm:sanity-3 run tests/fs/lustre/sanity/sanity-3.ktest
START ml-miscvm:sanity-4 run tests/fs/lustre/sanity/sanity-4.ktest
PUT /tmp/ktest-kernel.tar.gz 34s
PUT /tmp/ktest-kernel.tar.gz 34s
PUT /tmp/ktest-kernel.tar.gz 34s
PUT /tmp/ktest-kernel.tar.gz 34s
PUT /tmp/ktest-kernel.tar.gz 35s
PUT /tmp/ktest-kernel.tar.gz 35s
PUT /tmp/ktest-kernel.tar.gz 35s
PUT /tmp/ktest-kernel.tar.gz 35s
PUT /tmp/ktest-lustre.tar.gz 11s
PUT /tmp/ktest-lustre.tar.gz 11s
PUT /tmp/ktest-lustre.tar.gz 10s
PUT /tmp/ktest-lustre.tar.gz 11s
PUT /tmp/ktest-lustre.tar.gz 10s
PUT /tmp/ktest-lustre.tar.gz 11s
PUT /tmp/ktest-lustre.tar.gz 10s
PUT /tmp/ktest-lustre.tar.gz 11s
PUT /tmp/ktest_ml-miscvm:lustre_mainline_native_lm2xz1g6.tar 1s
PUT /tmp/ktest_ml-miscvm:lustre_mainline_native_lm2xz1g6.tar 1s
PUT /tmp/ktest_ml-miscvm:lustre_mainline_native_lm2xz1g6.tar 1s
PUT /tmp/ktest_ml-miscvm:lustre_mainline_native_lm2xz1g6.tar 1s
PUT /tmp/ktest_ml-miscvm:lustre_mainline_native_lm2xz1g6.tar 1s
PUT /tmp/ktest_ml-miscvm:lustre_mainline_native_lm2xz1g6.tar 1s
PUT /tmp/ktest_ml-miscvm:lustre_mainline_native_lm2xz1g6.tar 1s
PUT /tmp/ktest_ml-miscvm:lustre_mainline_native_lm2xz1g6.tar 1s
END ml-miscvm:boot run tests/fs/lustre/boot.ktest PASS 59s
END ml-miscvm:mgs-setup run tests/fs/lustre/mgs-setup.ktest PASS 68s
END ml-miscvm:sanity-4 run tests/fs/lustre/sanity/sanity-4.ktest PASS 98s
END ml-miscvm:sanity-2 run tests/fs/lustre/sanity/sanity-2.ktest PASS 99s
END ml-miscvm:sanity-3 run tests/fs/lustre/sanity/sanity-3.ktest PASS 109s
END ml-miscvm:llmount run tests/fs/lustre/llmount.ktest PASS 119s
END ml-miscvm:sanity-1 run tests/fs/lustre/sanity/sanity-1.ktest PASS 126s
END ml-miscvm:llog-unit run tests/fs/lustre/llog-unit.ktest FAIL 144s (exit code: 1)

============================================================
Final Results:
  checkpatch:checkpatch: PASS (11s) (log: /var/www/ci-lustre/upstream-patch-review/908a7d50e226e862378cf430b77f9b33206de8bb_checkpatch:checkpatch.log)
  u24:u24: PASS (36s) (log: /var/www/ci-lustre/upstream-patch-review/908a7d50e226e862378cf430b77f9b33206de8bb_u24:u24.log)
  al2023:al2023: PASS (46s) (log: /var/www/ci-lustre/upstream-patch-review/908a7d50e226e862378cf430b77f9b33206de8bb_al2023:al2023.log)
  ml-strict:lustre_mainline: FAIL (176s) (log: /var/www/ci-lustre/upstream-patch-review/908a7d50e226e862378cf430b77f9b33206de8bb_ml-strict:lustre_mainline.log)
  ml:lustre_mainline: PASS (161s) (log: /var/www/ci-lustre/upstream-patch-review/908a7d50e226e862378cf430b77f9b33206de8bb_ml:lustre_mainline.log)
  ml-miscvm:lustre_mainline_native: PASS (177s) (log: /var/www/ci-lustre/upstream-patch-review/908a7d50e226e862378cf430b77f9b33206de8bb_ml-miscvm:lustre_mainline_native.log)
  ml-miscvm:boot: PASS (59s) (log: /var/www/ci-lustre/upstream-patch-review/908a7d50e226e862378cf430b77f9b33206de8bb_ml-miscvm:boot.log)
  ml-miscvm:llmount: PASS (119s) (log: /var/www/ci-lustre/upstream-patch-review/908a7d50e226e862378cf430b77f9b33206de8bb_ml-miscvm:llmount.log)
  ml-miscvm:llog-unit: FAIL (144s) (log: /var/www/ci-lustre/upstream-patch-review/908a7d50e226e862378cf430b77f9b33206de8bb_ml-miscvm:llog-unit.log)
  ml-miscvm:mgs-setup: PASS (68s) (log: /var/www/ci-lustre/upstream-patch-review/908a7d50e226e862378cf430b77f9b33206de8bb_ml-miscvm:mgs-setup.log)
  ml-miscvm:sanity-1: PASS (126s) (log: /var/www/ci-lustre/upstream-patch-review/908a7d50e226e862378cf430b77f9b33206de8bb_ml-miscvm:sanity-1.log)
  ml-miscvm:sanity-2: PASS (99s) (log: /var/www/ci-lustre/upstream-patch-review/908a7d50e226e862378cf430b77f9b33206de8bb_ml-miscvm:sanity-2.log)
  ml-miscvm:sanity-3: PASS (109s) (log: /var/www/ci-lustre/upstream-patch-review/908a7d50e226e862378cf430b77f9b33206de8bb_ml-miscvm:sanity-3.log)
  ml-miscvm:sanity-4: PASS (98s) (log: /var/www/ci-lustre/upstream-patch-review/908a7d50e226e862378cf430b77f9b33206de8bb_ml-miscvm:sanity-4.log)

Total execution time: 352s

Packed 3118 logs from /var/www/ci-lustre/upstream-patch-review into /home/ktest/ktest/local-site/local_data.js
Open /home/ktest/ktest/local-site/index.html in a browser
