CLI: ./pk --podman-socket unix:///run/user/1000/podman/podman.sock --shared-filesystem /tmp --tarball-input job lustre-ci --output /var/www/ci-lustre/upstream-patch-review --git-hash 90b90fc9286c23b2e284668b4eeac07b4c40400b --change-id 68753_90b90fc9286c23b2e284668b4eeac07b4c40400b --subject LU-20583 llite: stop statahead upon inode invalidation

Environment validated successfully
Note: custom LLVM is not synced in tarball input mode
Creating kernel tarball at /tmp/ktest-kernel.tar.gz...
Creating lustre tarball at /tmp/ktest-lustre.tar.gz...
Creating ZFS tarball at /tmp/ktest-zfs.tar.gz...
Executing 14 jobs
Jobs will start as soon as their dependencies are satisfied
Using tarball input mode

START checkpatch:checkpatch tool checkpatch
START ml-miscvm:lustre_mainline_native build tests/fs/lustre/boot.ktest
START u24:u24 build tests/fs/lustre/boot.ktest
START al2023:al2023 build tests/fs/lustre/boot.ktest
START ml-strict:lustre_mainline build tests/fs/lustre/boot-strict.ktest
START ml:lustre_mainline build tests/fs/lustre/boot.ktest
PUT /tmp/ktest-lustre.tar.gz 1s
PUT /tmp/ktest-lustre.tar.gz 2s
PUT /tmp/ktest-kernel.tar.gz 8s
PUT /tmp/ktest-kernel.tar.gz 8s
PUT /tmp/ktest-kernel.tar.gz 8s
PUT /tmp/ktest-kernel.tar.gz 8s
PUT /tmp/ktest-lustre.tar.gz 3s
PUT /tmp/ktest-lustre.tar.gz 3s
PUT /tmp/ktest-lustre.tar.gz 3s
PUT /tmp/ktest-lustre.tar.gz 3s
PUT /tmp/ktest-zfs.tar.gz 0s
PUT /tmp/ktest-zfs.tar.gz 0s
PUT /tmp/ktest-zfs.tar.gz 0s
END checkpatch:checkpatch tool checkpatch PASS 14s
END u24:u24 build tests/fs/lustre/boot.ktest PASS 42s
END al2023:al2023 build tests/fs/lustre/boot.ktest PASS 47s
GET /tmp/ktest_ml-miscvm:lustre_mainline_native_6ppr164d.tar 0s
END ml-miscvm:lustre_mainline_native build tests/fs/lustre/boot.ktest PASS 153s
START ml-miscvm:boot run tests/fs/lustre/boot.ktest
START ml-miscvm:llmount run tests/fs/lustre/llmount.ktest
START ml-miscvm:llog-unit run tests/fs/lustre/llog-unit.ktest
START ml-miscvm:mgs-setup run tests/fs/lustre/mgs-setup.ktest
START ml-miscvm:sanity-1 run tests/fs/lustre/sanity/sanity-1.ktest
START ml-miscvm:sanity-2 run tests/fs/lustre/sanity/sanity-2.ktest
START ml-miscvm:sanity-3 run tests/fs/lustre/sanity/sanity-3.ktest
START ml-miscvm:sanity-4 run tests/fs/lustre/sanity/sanity-4.ktest
PUT /tmp/ktest-kernel.tar.gz 45s
PUT /tmp/ktest-kernel.tar.gz 45s
PUT /tmp/ktest-kernel.tar.gz 45s
PUT /tmp/ktest-kernel.tar.gz 45s
PUT /tmp/ktest-kernel.tar.gz 45s
PUT /tmp/ktest-kernel.tar.gz 46s
PUT /tmp/ktest-kernel.tar.gz 46s
GET /tmp/ktest_ml-strict:lustre_mainline_l69kbyj3.tar 50s
PUT /tmp/ktest-kernel.tar.gz 53s
END ml-strict:lustre_mainline build tests/fs/lustre/boot-strict.ktest FAIL 212s (exit code: 1)
PUT /tmp/ktest-lustre.tar.gz 23s
PUT /tmp/ktest-lustre.tar.gz 23s
PUT /tmp/ktest-lustre.tar.gz 23s
PUT /tmp/ktest-lustre.tar.gz 23s
PUT /tmp/ktest-lustre.tar.gz 22s
PUT /tmp/ktest-lustre.tar.gz 15s
PUT /tmp/ktest-lustre.tar.gz 23s
PUT /tmp/ktest-lustre.tar.gz 23s
PUT /tmp/ktest_ml-miscvm:lustre_mainline_native_6ppr164d.tar 0s
PUT /tmp/ktest_ml-miscvm:lustre_mainline_native_6ppr164d.tar 2s
PUT /tmp/ktest_ml-miscvm:lustre_mainline_native_6ppr164d.tar 2s
GET /tmp/ktest_ml:lustre_mainline_p0cc1q9n.tar 2s
PUT /tmp/ktest_ml-miscvm:lustre_mainline_native_6ppr164d.tar 2s
PUT /tmp/ktest_ml-miscvm:lustre_mainline_native_6ppr164d.tar 2s
PUT /tmp/ktest_ml-miscvm:lustre_mainline_native_6ppr164d.tar 2s
PUT /tmp/ktest_ml-miscvm:lustre_mainline_native_6ppr164d.tar 2s
PUT /tmp/ktest_ml-miscvm:lustre_mainline_native_6ppr164d.tar 2s
END ml:lustre_mainline build tests/fs/lustre/boot.ktest PASS 228s
END ml-miscvm:boot run tests/fs/lustre/boot.ktest PASS 89s
END ml-miscvm:mgs-setup run tests/fs/lustre/mgs-setup.ktest PASS 97s
END ml-miscvm:sanity-4 run tests/fs/lustre/sanity/sanity-4.ktest PASS 125s
END ml-miscvm:sanity-1 run tests/fs/lustre/sanity/sanity-1.ktest PASS 127s
END ml-miscvm:sanity-3 run tests/fs/lustre/sanity/sanity-3.ktest PASS 130s
END ml-miscvm:sanity-2 run tests/fs/lustre/sanity/sanity-2.ktest PASS 140s
END ml-miscvm:llmount run tests/fs/lustre/llmount.ktest PASS 142s
END ml-miscvm:llog-unit run tests/fs/lustre/llog-unit.ktest FAIL 175s (exit code: 1)

============================================================
Final Results:
  checkpatch:checkpatch: PASS (14s) (log: /var/www/ci-lustre/upstream-patch-review/90b90fc9286c23b2e284668b4eeac07b4c40400b_checkpatch:checkpatch.log)
  u24:u24: PASS (42s) (log: /var/www/ci-lustre/upstream-patch-review/90b90fc9286c23b2e284668b4eeac07b4c40400b_u24:u24.log)
  al2023:al2023: PASS (47s) (log: /var/www/ci-lustre/upstream-patch-review/90b90fc9286c23b2e284668b4eeac07b4c40400b_al2023:al2023.log)
  ml-strict:lustre_mainline: FAIL (212s) (log: /var/www/ci-lustre/upstream-patch-review/90b90fc9286c23b2e284668b4eeac07b4c40400b_ml-strict:lustre_mainline.log)
  ml:lustre_mainline: PASS (228s) (log: /var/www/ci-lustre/upstream-patch-review/90b90fc9286c23b2e284668b4eeac07b4c40400b_ml:lustre_mainline.log)
  ml-miscvm:lustre_mainline_native: PASS (153s) (log: /var/www/ci-lustre/upstream-patch-review/90b90fc9286c23b2e284668b4eeac07b4c40400b_ml-miscvm:lustre_mainline_native.log)
  ml-miscvm:boot: PASS (89s) (log: /var/www/ci-lustre/upstream-patch-review/90b90fc9286c23b2e284668b4eeac07b4c40400b_ml-miscvm:boot.log)
  ml-miscvm:llmount: PASS (142s) (log: /var/www/ci-lustre/upstream-patch-review/90b90fc9286c23b2e284668b4eeac07b4c40400b_ml-miscvm:llmount.log)
  ml-miscvm:llog-unit: FAIL (175s) (log: /var/www/ci-lustre/upstream-patch-review/90b90fc9286c23b2e284668b4eeac07b4c40400b_ml-miscvm:llog-unit.log)
  ml-miscvm:mgs-setup: PASS (97s) (log: /var/www/ci-lustre/upstream-patch-review/90b90fc9286c23b2e284668b4eeac07b4c40400b_ml-miscvm:mgs-setup.log)
  ml-miscvm:sanity-1: PASS (127s) (log: /var/www/ci-lustre/upstream-patch-review/90b90fc9286c23b2e284668b4eeac07b4c40400b_ml-miscvm:sanity-1.log)
  ml-miscvm:sanity-2: PASS (140s) (log: /var/www/ci-lustre/upstream-patch-review/90b90fc9286c23b2e284668b4eeac07b4c40400b_ml-miscvm:sanity-2.log)
  ml-miscvm:sanity-3: PASS (130s) (log: /var/www/ci-lustre/upstream-patch-review/90b90fc9286c23b2e284668b4eeac07b4c40400b_ml-miscvm:sanity-3.log)
  ml-miscvm:sanity-4: PASS (125s) (log: /var/www/ci-lustre/upstream-patch-review/90b90fc9286c23b2e284668b4eeac07b4c40400b_ml-miscvm:sanity-4.log)

Total execution time: 358s

Packed 4387 logs from /var/www/ci-lustre/upstream-patch-review into /home/ktest/ktest/local-site/local_data.js
Open /home/ktest/ktest/local-site/index.html in a browser
