00004 
00014 RDSEED32 is broken. Disabling the corresponding CPUID bit.
00019 init: failed to load nvme_core
00019 init: failed to load nvme
00021 LNetError: 1:0:(lib-socket.c:619:lnet_inet_enumerate()) lnet: Can't find any usable interfaces, rc = -ENOENT
00021 LNetError: Error -100 starting up LNI tcp
00021 LustreError: 1:0:(events.c:627:ptlrpc_init_portals()) network initialisation failed: rc = -100
00022 init: finit_module /lib/modules/7.0.0-ktest-90dfed83-6330a45-20260727-dirty/updates/ptlrpc.ko: Network is down
00022 init: failed to load lustre
00022 init: finit_module /lib/modules/7.0.0-ktest-90dfed83-6330a45-20260727-dirty/updates/lquota.ko: No such file or directory
00022 init: failed to load osd_zfs
00022 init: failed to load iwlwifi
00022 init: failed to load iwlmvm
00022 init: failed to load mt7921e
00022 init: failed to load i915
00022 init: failed to load nouveau
00036 Kernel version: 7.0.0-ktest-90dfed83-6330a45-20260727-dirty
00036 hook init_noop
00036 
00036 Running tests boot
00036 
00036 ========= TEST   boot
00036 boot
00037 
00037 ========= PASSED boot in 0s
00037 
00037 Passed: boot
00037 Failed: 
00037 NOTICE: Automounting of tracing to debugfs is deprecated and will be removed in 2030
00037 Kernel version: 7.0.0-ktest-90dfed83-6330a45-20260727-dirty
00037 TEST SUCCESS
