00001 
00003 init: failed to load nvme_core
00003 init: failed to load nvme
00003 init: failed to load zfs
00004 LNetError: 1:0:(lib-socket.c:619:lnet_inet_enumerate()) lnet: Can't find any usable interfaces, rc = -ENOENT
00004 LNetError: Error -100 starting up LNI tcp
00004 LustreError: 1:0:(events.c:627:ptlrpc_init_portals()) network initialisation failed: rc = -100
00005 init: finit_module /lib/modules/7.0.0-ktest-90dfed83-6330a45-20260728-dirty/updates/ptlrpc.ko: Network is down
00005 init: failed to load lustre
00005 init: failed to load osd_zfs
00005 init: failed to load iwlwifi
00005 init: failed to load iwlmvm
00005 init: failed to load mt7921e
00005 init: failed to load i915
00005 init: failed to load nouveau
00010 Kernel version: 7.0.0-ktest-90dfed83-6330a45-20260728-dirty
00010 hook init_noop
00010 
00010 Running tests boot
00010 
00010 ========= TEST   boot
00010 boot
00011 
00011 ========= PASSED boot in 0s
00011 
00011 Passed: boot
00011 Failed: 
00011 NOTICE: Automounting of tracing to debugfs is deprecated and will be removed in 2030
00011 Kernel version: 7.0.0-ktest-90dfed83-6330a45-20260728-dirty
00011 TEST SUCCESS
