00004 
00014 RDSEED32 is broken. Disabling the corresponding CPUID bit.
00018 init: failed to load nvme_core
00018 init: failed to load nvme
00018 init: failed to load zfs
00019 LNetError: 1:0:(lib-socket.c:619:lnet_inet_enumerate()) lnet: Can't find any usable interfaces, rc = -ENOENT
00019 LNetError: Error -100 starting up LNI tcp
00020 LustreError: 1:0:(events.c:627:ptlrpc_init_portals()) network initialisation failed: rc = -100
00020 init: finit_module /lib/modules/7.0.0-ktest-90dfed83-6330a45-20260727-dirty/updates/ptlrpc.ko: Network is down
00020 init: failed to load lustre
00020 init: failed to load osd_zfs
00020 init: failed to load iwlwifi
00020 init: failed to load iwlmvm
00020 init: failed to load mt7921e
00020 init: failed to load i915
00020 init: failed to load nouveau
00036 tlp: vm.laptop_mode is deprecated. Ignoring setting.
00036 Kernel version: 7.0.0-ktest-90dfed83-6330a45-20260727-dirty
00037 hook init_noop
00037 
00037 Running tests mgs-setup
00037 
00037 ========= TEST   mgs-setup
00037 /host/home/ktest/git/lustre-release/lustre/tests/test-framework.sh: line 6963: cd: HOME not set
00037 /host/home/ktest/git/lustre-release/lustre/tests/test-framework.sh: line 6963: cd: HOME not set
00037 /host/home/ktest/git/lustre-release/lustre/tests/test-framework.sh: line 6963: cd: HOME not set
00042 MGS_OS_VERSION_ID=24.04
00042 MGS_OS_ID=ubuntu
00042 MGS_OS_VERSION_CODE=402915328
00042 MGS_OS_ID_LIKE=debian ubuntu
00042 MDS1_OS_ID=ubuntu
00042 MDS1_OS_VERSION_CODE=402915328
00042 MDS1_OS_ID_LIKE=debian ubuntu
00042 MDS1_OS_VERSION_ID=24.04
00042 OST1_OS_VERSION_ID=24.04
00042 OST1_OS_VERSION_CODE=402915328
00042 OST1_OS_ID=ubuntu
00042 OST1_OS_ID_LIKE=debian ubuntu
00042 CLIENT_OS_VERSION_ID=24.04
00042 CLIENT_OS_ID_LIKE=debian ubuntu
00042 CLIENT_OS_ID=ubuntu
00042 CLIENT_OS_VERSION_CODE=402915328
00043 Loading modules from /host/home/ktest/git/lustre-release/lustre
00043 detected 16 online CPUs by sysfs
00043 MODOPTS_LIBCFS=
00043 libcfs will create CPU partition based on online CPUs
00044 LNet: Added LNI 10.0.2.15@tcp [8/256/0/180]
00044 gss/krb5 is not supported
00045 Lustre: Echo OBD driver; http://www.lustre.org/
00045 
00045 
00045 ============================================
00045 WARNING: possible recursive locking detected
00045 7.0.0-ktest-90dfed83-6330a45-20260727-dirty #1 Tainted: G           O       
00045 --------------------------------------------
00045 lustre-ktest/1925 is trying to acquire lock:
00045 ffff88814f0063f0 (sb_writers#11){.+.+}-{0:0}, at: kernel_write+0xf4/0x300
00045 
00045 but task is already holding lock:
00045 ffff88814f0063f0 (sb_writers#11){.+.+}-{0:0}, at: local_oid_storage_init+0x120d/0x2420 [obdclass]
00045 
00045 other info that might help us debug this:
00045  Possible unsafe locking scenario:
00045 
00045        CPU0
00045        ----
00045   lock(sb_writers#11);
00045   lock(sb_writers#11);
00045 
00045  *** DEADLOCK ***
00045 
00045  May be due to missing lock nesting notation
00045 
00045 4 locks held by lustre-ktest/1925:
00045  #0: ffff88814f00c0e0 (&type->s_umount_key#42/1){+.+.}-{4:4}, at: alloc_super+0x181/0x850
00045  #1: ffff88813ea99dd8 (&ls->ls_los_mutex){+.+.}-{4:4}, at: local_oid_storage_init+0x1b7/0x2420 [obdclass]
00045  #2: ffff88814f0063f0 (sb_writers#11){.+.+}-{0:0}, at: local_oid_storage_init+0x120d/0x2420 [obdclass]
00045  #3: ffff88813ea98cb0 (&obj->oo_dt.dd_sem){+.+.}-{4:4}, at: dt_write_lock+0x16d/0x2a0 [obdclass]
00045 
00045 stack backtrace:
00045 CPU: 10 UID: 0 PID: 1925 Comm: lustre-ktest Tainted: G           O        7.0.0-ktest-90dfed83-6330a45-20260727-dirty #1 PREEMPT 
00045 Tainted: [O]=OOT_MODULE
00045 Hardware name: QEMU Standard PC (Q35 + ICH9, 2009), BIOS 2025.11-3ubuntu7 03/31/2026
00045 Call Trace:
00045  <TASK>
00045  dump_stack_lvl+0x6d/0xa0
00045  print_deadlock_bug+0x273/0x290
00045  __lock_acquire+0x128f/0x2a30
00045  lock_acquire+0xe7/0x2a0
00045  ? kernel_write+0xf4/0x300
00045  sb_start_write+0x42/0x130
00045  ? kernel_write+0xf4/0x300
00045  kernel_write+0xf4/0x300
00045  ? alloc_file_pseudo+0x114/0x180
00045  osd_write+0x4a2/0x720 [osd_wbcfs]
00045  dt_record_write+0xea/0x3e0 [obdclass]
00045  local_oid_storage_init+0x19c0/0x2420 [obdclass]
00045  mgs_fs_setup+0x206/0x1140 [mgs]
00045  ? ldlm_namespace_new+0x16a3/0x1f10 [ptlrpc]
00045  mgs_device_alloc+0x10a0/0x25c0 [mgs]
00045  ? keys_fill+0x3c7/0x420 [obdclass]
00045  ? lu_context_init+0x2c4/0x3b0 [obdclass]
00045  obd_setup+0x26d/0x970 [obdclass]
00045  class_setup+0xc7d/0x10e0 [obdclass]
00045  lustre_start_simple+0xe68/0x1b50 [obdclass]
00045  server_fill_super+0x1852/0x2f70 [ptlrpc]
00045  ? lustre_init_lsi+0x330/0x6c0 [obdclass]
00045  lustre_tgt_fill_super+0x273/0x730 [ptlrpc]
00045  ? lustre_tgt_get_tree+0x20/0x20 [ptlrpc]
00045  get_tree_nodev+0x9e/0x110
00045  vfs_get_tree+0x86/0x200
00045  do_new_mount+0x1ee/0xa10
00045  __x64_sys_mount+0x2a9/0x350
00045  do_syscall_64+0xda/0x430
00045  ? entry_SYSCALL_64_after_hwframe+0x4b/0x53
00045  entry_SYSCALL_64_after_hwframe+0x4b/0x53
00045 RIP: 0033:0x562391d7f066
00045 Code: 60 83 fb 01 41 89 de 41 83 d6 00 44 89 74 24 68 b8 a5 00 00 00 4c 89 e7 48 89 ee 48 8b 54 24 18 45 31 d2 4c 8b 44 24 10 0f 05 <48> 3d 01 f0 ff ff 0f 82 89 02 00 00 f7 d8 89 44 24 28 44 89 f0 ff
00045 RSP: 002b:00007ffe1190e5c0 EFLAGS: 00000246 ORIG_RAX: 00000000000000a5
00045 RAX: ffffffffffffffda RBX: 0000000000000000 RCX: 0000562391d7f066
00045 RDX: 00005623b688eaf0 RSI: 00005623b688bc00 RDI: 00005623b688ead0
00045 RBP: 00005623b688bc00 R08: 00005623b688bc30 R09: 0000000000000040
00045 R10: 0000000000000000 R11: 0000000000000246 R12: 00005623b688ead0
00045 R13: 00007ffe1190e7a8 R14: 0000000000000001 R15: 000000000000000d
00045  </TASK>
00045 
00050 
00050 
00050 
00050 Lustre: server umount MGS0000 complete
00050 
00050 Removed directory: /mnt/lustre-slzA2H-MGS0000
00050 Error 1 at /host/home/ktest/ktest/tests/prelude.sh 466 from: grep -E -q -e "kernel BUG at" -e "WARNING:" -e "\bBUG:" -e "Oops:" -e "possible recursive locking detected" -e "Internal error" -e "(INFO|ERR): suspicious RCU usage" -e "INFO: possible circular locking dependency detected" -e "general protection fault:" -e "BUG .* remaining" -e "UBSAN:", exiting
00050 Error 1 at /host/home/ktest/ktest/tests/prelude.sh 485 from: ( set -e; run_test $i ), exiting
00050 
00050 ========= FAILED mgs-setup in 14s
00050 
00050 Passed: 
00050 Failed: mgs-setup
00050 Error 1 at /host/home/ktest/ktest/tests/prelude.sh 594 from: return ${#tests_failed[@]}, exiting
00050 Error 1 at /host/home/ktest/ktest/tests/fs/lustre/mgs-setup.ktest 34 from: return ${#tests_failed[@]}, exiting
00050 Error 1 at /host/home/ktest/ktest/tests/test-libs.sh 105 from: . $(dirname $(readlink -e ${BASH_SOURCE[2]}))/$fname, exiting
00050 Error 1 at /host/home/ktest/ktest/tests/fs/lustre/../../lockdep-base.sh 15 from: . $(dirname $(readlink -e ${BASH_SOURCE[2]}))/$fname, exiting
00051 NOTICE: Automounting of tracing to debugfs is deprecated and will be removed in 2030
00051 Kernel version: 7.0.0-ktest-90dfed83-6330a45-20260727-dirty
00051 TEST FAILED
Error 1 at /home/ktest/ktest/lib/libktest.sh 587 from: "$ktest_dir/lib/supervisor" -S -F -T "$ktest_timeout" -b "$test_basename" -o "$test_logdir" -f "$test_basename.$(date -Iseconds).log" -- "${qemu_cmd[@]}", exiting
Error 1 at ./qlkbuild 187 from: "$ktest_dir/lib/supervisor" -S -F -T "$ktest_timeout" -b "$test_basename" -o "$test_logdir" -f "$test_basename.$(date -Iseconds).log" -- "${qemu_cmd[@]}", exiting
Error 1 at ./qlkbuild 1202 from: "$ktest_dir/lib/supervisor" -S -F -T "$ktest_timeout" -b "$test_basename" -o "$test_logdir" -f "$test_basename.$(date -Iseconds).log" -- "${qemu_cmd[@]}", exiting
