CLI: ./pk --podman-socket unix:///run/user/1000/podman/podman.sock --shared-filesystem /tmp --tarball-input job lustre-ci --output /var/www/ci-lustre/upstream-patch-review --git-hash 9111921fee01a7e5f3bc0515e7c26778aad0b9af --change-id 67602_9111921fee01a7e5f3bc0515e7c26778aad0b9af --subject LU-20534 mdd: add single-stripe layout swap

Environment validated successfully
Note: custom LLVM is not synced in tarball input mode
Creating kernel tarball at /tmp/ktest-kernel.tar.gz...
Creating lustre tarball at /tmp/ktest-lustre.tar.gz...
Creating ZFS tarball at /tmp/ktest-zfs.tar.gz...
Executing 14 jobs
Jobs will start as soon as their dependencies are satisfied
Using tarball input mode

START ml-miscvm:lustre_mainline_native build tests/fs/lustre/boot.ktest
START ml-strict:lustre_mainline build tests/fs/lustre/boot-strict.ktest
START u24:u24 build tests/fs/lustre/boot.ktest
START checkpatch:checkpatch tool checkpatch
START al2023:al2023 build tests/fs/lustre/boot.ktest
START ml:lustre_mainline build tests/fs/lustre/boot.ktest
PUT /tmp/ktest-lustre.tar.gz 1s
PUT /tmp/ktest-lustre.tar.gz 1s
PUT /tmp/ktest-kernel.tar.gz 7s
PUT /tmp/ktest-kernel.tar.gz 7s
PUT /tmp/ktest-kernel.tar.gz 7s
PUT /tmp/ktest-kernel.tar.gz 7s
PUT /tmp/ktest-lustre.tar.gz 4s
PUT /tmp/ktest-lustre.tar.gz 4s
PUT /tmp/ktest-lustre.tar.gz 4s
PUT /tmp/ktest-lustre.tar.gz 4s
PUT /tmp/ktest-zfs.tar.gz 0s
PUT /tmp/ktest-zfs.tar.gz 0s
PUT /tmp/ktest-zfs.tar.gz 0s
END checkpatch:checkpatch tool checkpatch FAIL 16s (exit code: 1)
END u24:u24 build tests/fs/lustre/boot.ktest PASS 41s
END al2023:al2023 build tests/fs/lustre/boot.ktest PASS 48s
GET /tmp/ktest_ml-strict:lustre_mainline_n01p166z.tar 4s
END ml-strict:lustre_mainline build tests/fs/lustre/boot-strict.ktest FAIL 219s (exit code: 1)
GET /tmp/ktest_ml:lustre_mainline_zv_6yt2q.tar 0s
GET /tmp/ktest_ml-miscvm:lustre_mainline_native_m0uiozxe.tar 0s
END ml:lustre_mainline build tests/fs/lustre/boot.ktest PASS 225s
END ml-miscvm:lustre_mainline_native build tests/fs/lustre/boot.ktest PASS 226s
START ml-miscvm:boot run tests/fs/lustre/boot.ktest
START ml-miscvm:llmount run tests/fs/lustre/llmount.ktest
START ml-miscvm:llog-unit run tests/fs/lustre/llog-unit.ktest
START ml-miscvm:mgs-setup run tests/fs/lustre/mgs-setup.ktest
START ml-miscvm:sanity-1 run tests/fs/lustre/sanity/sanity-1.ktest
START ml-miscvm:sanity-2 run tests/fs/lustre/sanity/sanity-2.ktest
START ml-miscvm:sanity-3 run tests/fs/lustre/sanity/sanity-3.ktest
START ml-miscvm:sanity-4 run tests/fs/lustre/sanity/sanity-4.ktest
PUT /tmp/ktest-kernel.tar.gz 26s
PUT /tmp/ktest-kernel.tar.gz 26s
PUT /tmp/ktest-kernel.tar.gz 27s
PUT /tmp/ktest-kernel.tar.gz 26s
PUT /tmp/ktest-kernel.tar.gz 26s
PUT /tmp/ktest-kernel.tar.gz 27s
PUT /tmp/ktest-kernel.tar.gz 27s
PUT /tmp/ktest-kernel.tar.gz 27s
PUT /tmp/ktest-lustre.tar.gz 11s
PUT /tmp/ktest-lustre.tar.gz 10s
PUT /tmp/ktest-lustre.tar.gz 10s
PUT /tmp/ktest-lustre.tar.gz 10s
PUT /tmp/ktest-lustre.tar.gz 11s
PUT /tmp/ktest-lustre.tar.gz 11s
PUT /tmp/ktest-lustre.tar.gz 10s
PUT /tmp/ktest-lustre.tar.gz 11s
PUT /tmp/ktest_ml-miscvm:lustre_mainline_native_m0uiozxe.tar 2s
PUT /tmp/ktest_ml-miscvm:lustre_mainline_native_m0uiozxe.tar 2s
PUT /tmp/ktest_ml-miscvm:lustre_mainline_native_m0uiozxe.tar 2s
PUT /tmp/ktest_ml-miscvm:lustre_mainline_native_m0uiozxe.tar 2s
PUT /tmp/ktest_ml-miscvm:lustre_mainline_native_m0uiozxe.tar 2s
PUT /tmp/ktest_ml-miscvm:lustre_mainline_native_m0uiozxe.tar 2s
PUT /tmp/ktest_ml-miscvm:lustre_mainline_native_m0uiozxe.tar 2s
PUT /tmp/ktest_ml-miscvm:lustre_mainline_native_m0uiozxe.tar 2s
END ml-miscvm:boot run tests/fs/lustre/boot.ktest PASS 53s
END ml-miscvm:mgs-setup run tests/fs/lustre/mgs-setup.ktest PASS 62s
END ml-miscvm:sanity-3 run tests/fs/lustre/sanity/sanity-3.ktest PASS 94s
END ml-miscvm:sanity-1 run tests/fs/lustre/sanity/sanity-1.ktest PASS 95s
END ml-miscvm:sanity-4 run tests/fs/lustre/sanity/sanity-4.ktest PASS 96s
END ml-miscvm:sanity-2 run tests/fs/lustre/sanity/sanity-2.ktest PASS 98s
END ml-miscvm:llmount run tests/fs/lustre/llmount.ktest PASS 101s
END ml-miscvm:llog-unit run tests/fs/lustre/llog-unit.ktest FAIL 139s (exit code: 1)

============================================================
Final Results:
  checkpatch:checkpatch: FAIL (16s) (log: /var/www/ci-lustre/upstream-patch-review/9111921fee01a7e5f3bc0515e7c26778aad0b9af_checkpatch:checkpatch.log)
  u24:u24: PASS (41s) (log: /var/www/ci-lustre/upstream-patch-review/9111921fee01a7e5f3bc0515e7c26778aad0b9af_u24:u24.log)
  al2023:al2023: PASS (48s) (log: /var/www/ci-lustre/upstream-patch-review/9111921fee01a7e5f3bc0515e7c26778aad0b9af_al2023:al2023.log)
  ml-strict:lustre_mainline: FAIL (219s) (log: /var/www/ci-lustre/upstream-patch-review/9111921fee01a7e5f3bc0515e7c26778aad0b9af_ml-strict:lustre_mainline.log)
  ml:lustre_mainline: PASS (225s) (log: /var/www/ci-lustre/upstream-patch-review/9111921fee01a7e5f3bc0515e7c26778aad0b9af_ml:lustre_mainline.log)
  ml-miscvm:lustre_mainline_native: PASS (226s) (log: /var/www/ci-lustre/upstream-patch-review/9111921fee01a7e5f3bc0515e7c26778aad0b9af_ml-miscvm:lustre_mainline_native.log)
  ml-miscvm:boot: PASS (53s) (log: /var/www/ci-lustre/upstream-patch-review/9111921fee01a7e5f3bc0515e7c26778aad0b9af_ml-miscvm:boot.log)
  ml-miscvm:llmount: PASS (101s) (log: /var/www/ci-lustre/upstream-patch-review/9111921fee01a7e5f3bc0515e7c26778aad0b9af_ml-miscvm:llmount.log)
  ml-miscvm:llog-unit: FAIL (139s) (log: /var/www/ci-lustre/upstream-patch-review/9111921fee01a7e5f3bc0515e7c26778aad0b9af_ml-miscvm:llog-unit.log)
  ml-miscvm:mgs-setup: PASS (62s) (log: /var/www/ci-lustre/upstream-patch-review/9111921fee01a7e5f3bc0515e7c26778aad0b9af_ml-miscvm:mgs-setup.log)
  ml-miscvm:sanity-1: PASS (95s) (log: /var/www/ci-lustre/upstream-patch-review/9111921fee01a7e5f3bc0515e7c26778aad0b9af_ml-miscvm:sanity-1.log)
  ml-miscvm:sanity-2: PASS (98s) (log: /var/www/ci-lustre/upstream-patch-review/9111921fee01a7e5f3bc0515e7c26778aad0b9af_ml-miscvm:sanity-2.log)
  ml-miscvm:sanity-3: PASS (94s) (log: /var/www/ci-lustre/upstream-patch-review/9111921fee01a7e5f3bc0515e7c26778aad0b9af_ml-miscvm:sanity-3.log)
  ml-miscvm:sanity-4: PASS (96s) (log: /var/www/ci-lustre/upstream-patch-review/9111921fee01a7e5f3bc0515e7c26778aad0b9af_ml-miscvm:sanity-4.log)

Total execution time: 396s

Packed 1900 logs from /var/www/ci-lustre/upstream-patch-review into /home/ktest/ktest/local-site/local_data.js
Open /home/ktest/ktest/local-site/index.html in a browser
