CLI: ./pk --podman-socket unix:///run/user/1000/podman/podman.sock --shared-filesystem /tmp --tarball-input job lustre-ci --output /var/www/ci-lustre/upstream-patch-review --git-hash 9198fb4ed089b265e45b08dc48e5eff97efcd505 --change-id 66529_9198fb4ed089b265e45b08dc48e5eff97efcd505 --subject LU-19917 mgc: dynamic MGS NIDs discovery

Environment validated successfully
Note: custom LLVM is not synced in tarball input mode
Creating kernel tarball at /tmp/ktest-kernel.tar.gz...
Creating lustre tarball at /tmp/ktest-lustre.tar.gz...
Creating ZFS tarball at /tmp/ktest-zfs.tar.gz...
Executing 14 jobs
Jobs will start as soon as their dependencies are satisfied
Using tarball input mode

START ml-strict:lustre_mainline build tests/fs/lustre/boot-strict.ktest
START al2023:al2023 build tests/fs/lustre/boot.ktest
START checkpatch:checkpatch tool checkpatch
START ml:lustre_mainline build tests/fs/lustre/boot.ktest
START ml-miscvm:lustre_mainline_native build tests/fs/lustre/boot.ktest
START u24:u24 build tests/fs/lustre/boot.ktest
PUT /tmp/ktest-lustre.tar.gz 1s
PUT /tmp/ktest-lustre.tar.gz 1s
PUT /tmp/ktest-kernel.tar.gz 13s
PUT /tmp/ktest-kernel.tar.gz 13s
PUT /tmp/ktest-kernel.tar.gz 13s
PUT /tmp/ktest-kernel.tar.gz 14s
PUT /tmp/ktest-lustre.tar.gz 3s
PUT /tmp/ktest-lustre.tar.gz 3s
PUT /tmp/ktest-lustre.tar.gz 3s
PUT /tmp/ktest-lustre.tar.gz 3s
PUT /tmp/ktest-zfs.tar.gz 0s
PUT /tmp/ktest-zfs.tar.gz 0s
PUT /tmp/ktest-zfs.tar.gz 0s
END checkpatch:checkpatch tool checkpatch FAIL 21s (exit code: 1)
END u24:u24 build tests/fs/lustre/boot.ktest FAIL 40s (exit code: 2)
END al2023:al2023 build tests/fs/lustre/boot.ktest FAIL 50s (exit code: 2)
GET /tmp/ktest_ml-strict:lustre_mainline_161g7f2z.tar 7s
END ml-strict:lustre_mainline build tests/fs/lustre/boot-strict.ktest FAIL 215s (exit code: 1)
GET /tmp/ktest_ml-miscvm:lustre_mainline_native_x7oglrdp.tar 0s
GET /tmp/ktest_ml:lustre_mainline_j3w2fjqh.tar 0s
END ml-miscvm:lustre_mainline_native build tests/fs/lustre/boot.ktest PASS 236s
START ml-miscvm:boot run tests/fs/lustre/boot.ktest
START ml-miscvm:llmount run tests/fs/lustre/llmount.ktest
START ml-miscvm:llog-unit run tests/fs/lustre/llog-unit.ktest
START ml-miscvm:mgs-setup run tests/fs/lustre/mgs-setup.ktest
START ml-miscvm:sanity-1 run tests/fs/lustre/sanity/sanity-1.ktest
START ml-miscvm:sanity-2 run tests/fs/lustre/sanity/sanity-2.ktest
START ml-miscvm:sanity-3 run tests/fs/lustre/sanity/sanity-3.ktest
START ml-miscvm:sanity-4 run tests/fs/lustre/sanity/sanity-4.ktest
END ml:lustre_mainline build tests/fs/lustre/boot.ktest PASS 238s
PUT /tmp/ktest-kernel.tar.gz 34s
PUT /tmp/ktest-kernel.tar.gz 34s
PUT /tmp/ktest-kernel.tar.gz 34s
PUT /tmp/ktest-kernel.tar.gz 34s
PUT /tmp/ktest-kernel.tar.gz 35s
PUT /tmp/ktest-kernel.tar.gz 34s
PUT /tmp/ktest-kernel.tar.gz 35s
PUT /tmp/ktest-kernel.tar.gz 35s
PUT /tmp/ktest-lustre.tar.gz 14s
PUT /tmp/ktest-lustre.tar.gz 14s
PUT /tmp/ktest-lustre.tar.gz 13s
PUT /tmp/ktest-lustre.tar.gz 13s
PUT /tmp/ktest-lustre.tar.gz 14s
PUT /tmp/ktest-lustre.tar.gz 13s
PUT /tmp/ktest-lustre.tar.gz 13s
PUT /tmp/ktest-lustre.tar.gz 13s
PUT /tmp/ktest_ml-miscvm:lustre_mainline_native_x7oglrdp.tar 2s
PUT /tmp/ktest_ml-miscvm:lustre_mainline_native_x7oglrdp.tar 2s
PUT /tmp/ktest_ml-miscvm:lustre_mainline_native_x7oglrdp.tar 2s
PUT /tmp/ktest_ml-miscvm:lustre_mainline_native_x7oglrdp.tar 2s
PUT /tmp/ktest_ml-miscvm:lustre_mainline_native_x7oglrdp.tar 2s
PUT /tmp/ktest_ml-miscvm:lustre_mainline_native_x7oglrdp.tar 2s
PUT /tmp/ktest_ml-miscvm:lustre_mainline_native_x7oglrdp.tar 2s
PUT /tmp/ktest_ml-miscvm:lustre_mainline_native_x7oglrdp.tar 2s
END ml-miscvm:boot run tests/fs/lustre/boot.ktest PASS 66s
END ml-miscvm:mgs-setup run tests/fs/lustre/mgs-setup.ktest PASS 74s
END ml-miscvm:sanity-4 run tests/fs/lustre/sanity/sanity-4.ktest PASS 103s
END ml-miscvm:sanity-2 run tests/fs/lustre/sanity/sanity-2.ktest PASS 104s
END ml-miscvm:sanity-1 run tests/fs/lustre/sanity/sanity-1.ktest PASS 106s
END ml-miscvm:llmount run tests/fs/lustre/llmount.ktest PASS 112s
END ml-miscvm:sanity-3 run tests/fs/lustre/sanity/sanity-3.ktest PASS 116s
END ml-miscvm:llog-unit run tests/fs/lustre/llog-unit.ktest FAIL 150s (exit code: 1)

============================================================
Final Results:
  checkpatch:checkpatch: FAIL (21s) (log: /var/www/ci-lustre/upstream-patch-review/9198fb4ed089b265e45b08dc48e5eff97efcd505_checkpatch:checkpatch.log)
  u24:u24: FAIL (40s) (log: /var/www/ci-lustre/upstream-patch-review/9198fb4ed089b265e45b08dc48e5eff97efcd505_u24:u24.log)
  al2023:al2023: FAIL (50s) (log: /var/www/ci-lustre/upstream-patch-review/9198fb4ed089b265e45b08dc48e5eff97efcd505_al2023:al2023.log)
  ml-strict:lustre_mainline: FAIL (215s) (log: /var/www/ci-lustre/upstream-patch-review/9198fb4ed089b265e45b08dc48e5eff97efcd505_ml-strict:lustre_mainline.log)
  ml:lustre_mainline: PASS (238s) (log: /var/www/ci-lustre/upstream-patch-review/9198fb4ed089b265e45b08dc48e5eff97efcd505_ml:lustre_mainline.log)
  ml-miscvm:lustre_mainline_native: PASS (236s) (log: /var/www/ci-lustre/upstream-patch-review/9198fb4ed089b265e45b08dc48e5eff97efcd505_ml-miscvm:lustre_mainline_native.log)
  ml-miscvm:boot: PASS (66s) (log: /var/www/ci-lustre/upstream-patch-review/9198fb4ed089b265e45b08dc48e5eff97efcd505_ml-miscvm:boot.log)
  ml-miscvm:llmount: PASS (112s) (log: /var/www/ci-lustre/upstream-patch-review/9198fb4ed089b265e45b08dc48e5eff97efcd505_ml-miscvm:llmount.log)
  ml-miscvm:llog-unit: FAIL (150s) (log: /var/www/ci-lustre/upstream-patch-review/9198fb4ed089b265e45b08dc48e5eff97efcd505_ml-miscvm:llog-unit.log)
  ml-miscvm:mgs-setup: PASS (74s) (log: /var/www/ci-lustre/upstream-patch-review/9198fb4ed089b265e45b08dc48e5eff97efcd505_ml-miscvm:mgs-setup.log)
  ml-miscvm:sanity-1: PASS (106s) (log: /var/www/ci-lustre/upstream-patch-review/9198fb4ed089b265e45b08dc48e5eff97efcd505_ml-miscvm:sanity-1.log)
  ml-miscvm:sanity-2: PASS (104s) (log: /var/www/ci-lustre/upstream-patch-review/9198fb4ed089b265e45b08dc48e5eff97efcd505_ml-miscvm:sanity-2.log)
  ml-miscvm:sanity-3: PASS (116s) (log: /var/www/ci-lustre/upstream-patch-review/9198fb4ed089b265e45b08dc48e5eff97efcd505_ml-miscvm:sanity-3.log)
  ml-miscvm:sanity-4: PASS (103s) (log: /var/www/ci-lustre/upstream-patch-review/9198fb4ed089b265e45b08dc48e5eff97efcd505_ml-miscvm:sanity-4.log)

Total execution time: 418s

Packed 6931 logs from /var/www/ci-lustre/upstream-patch-review into /home/ktest/ktest/local-site/local_data.js
Open /home/ktest/ktest/local-site/index.html in a browser
