CLI: ./pk --podman-socket unix:///run/podman/podman.sock --shared-filesystem /tmp --tarball-input job lustre-ci --output /var/www/ci-lustre/upstream-patch-review --git-hash 91ae87265e3015194372debc4efff30f86994174 --change-id 62748_91ae87265e3015194372debc4efff30f86994174 --subject LU-16518 osc: fix -Wunused-but-set-variable warnings

Environment validated successfully
Note: custom LLVM is not synced in tarball input mode
Creating kernel tarball at /tmp/ktest-kernel.tar.gz...
Creating lustre tarball at /tmp/ktest-lustre.tar.gz...
Creating ZFS tarball at /tmp/ktest-zfs.tar.gz...
Executing 14 jobs
Jobs will start as soon as their dependencies are satisfied
Using tarball input mode

START checkpatch:checkpatch tool checkpatch
START ml-strict:lustre_mainline build tests/fs/lustre/boot-strict.ktest
START u24:u24 build tests/fs/lustre/boot.ktest
START ml-miscvm:lustre_mainline_native build tests/fs/lustre/boot.ktest
START al2023:al2023 build tests/fs/lustre/boot.ktest
START ml:lustre_mainline build tests/fs/lustre/boot.ktest
PUT /tmp/ktest-lustre.tar.gz 1s
PUT /tmp/ktest-lustre.tar.gz 1s
PUT /tmp/ktest-kernel.tar.gz 7s
PUT /tmp/ktest-kernel.tar.gz 7s
PUT /tmp/ktest-kernel.tar.gz 7s
PUT /tmp/ktest-kernel.tar.gz 7s
PUT /tmp/ktest-lustre.tar.gz 3s
PUT /tmp/ktest-lustre.tar.gz 3s
PUT /tmp/ktest-lustre.tar.gz 3s
PUT /tmp/ktest-lustre.tar.gz 3s
PUT /tmp/ktest-zfs.tar.gz 0s
PUT /tmp/ktest-zfs.tar.gz 0s
PUT /tmp/ktest-zfs.tar.gz 0s
END checkpatch:checkpatch tool checkpatch PASS 12s
END u24:u24 build tests/fs/lustre/boot.ktest PASS 40s
END al2023:al2023 build tests/fs/lustre/boot.ktest PASS 47s
GET /tmp/ktest_ml:lustre_mainline_ejm5f6fg.tar 0s
END ml:lustre_mainline build tests/fs/lustre/boot.ktest PASS 150s
GET /tmp/ktest_ml-miscvm:lustre_mainline_native_p74_z_9f.tar 0s
END ml-miscvm:lustre_mainline_native build tests/fs/lustre/boot.ktest PASS 152s
START ml-miscvm:boot run tests/fs/lustre/boot.ktest
START ml-miscvm:llmount run tests/fs/lustre/llmount.ktest
START ml-miscvm:llog-unit run tests/fs/lustre/llog-unit.ktest
START ml-miscvm:mgs-setup run tests/fs/lustre/mgs-setup.ktest
START ml-miscvm:sanity-1 run tests/fs/lustre/sanity/sanity-1.ktest
START ml-miscvm:sanity-2 run tests/fs/lustre/sanity/sanity-2.ktest
START ml-miscvm:sanity-3 run tests/fs/lustre/sanity/sanity-3.ktest
START ml-miscvm:sanity-4 run tests/fs/lustre/sanity/sanity-4.ktest
GET /tmp/ktest_ml-strict:lustre_mainline_5qqve68g.tar 4s
END ml-strict:lustre_mainline build tests/fs/lustre/boot-strict.ktest FAIL 155s (exit code: 1)
PUT /tmp/ktest-kernel.tar.gz 31s
PUT /tmp/ktest-kernel.tar.gz 28s
PUT /tmp/ktest-kernel.tar.gz 29s
PUT /tmp/ktest-kernel.tar.gz 29s
PUT /tmp/ktest-kernel.tar.gz 29s
PUT /tmp/ktest-kernel.tar.gz 29s
PUT /tmp/ktest-kernel.tar.gz 32s
PUT /tmp/ktest-kernel.tar.gz 29s
PUT /tmp/ktest-lustre.tar.gz 10s
PUT /tmp/ktest-lustre.tar.gz 11s
PUT /tmp/ktest-lustre.tar.gz 11s
PUT /tmp/ktest-lustre.tar.gz 11s
PUT /tmp/ktest-lustre.tar.gz 11s
PUT /tmp/ktest-lustre.tar.gz 11s
PUT /tmp/ktest-lustre.tar.gz 10s
PUT /tmp/ktest-lustre.tar.gz 11s
PUT /tmp/ktest_ml-miscvm:lustre_mainline_native_p74_z_9f.tar 1s
PUT /tmp/ktest_ml-miscvm:lustre_mainline_native_p74_z_9f.tar 1s
PUT /tmp/ktest_ml-miscvm:lustre_mainline_native_p74_z_9f.tar 1s
PUT /tmp/ktest_ml-miscvm:lustre_mainline_native_p74_z_9f.tar 1s
PUT /tmp/ktest_ml-miscvm:lustre_mainline_native_p74_z_9f.tar 1s
PUT /tmp/ktest_ml-miscvm:lustre_mainline_native_p74_z_9f.tar 1s
PUT /tmp/ktest_ml-miscvm:lustre_mainline_native_p74_z_9f.tar 1s
PUT /tmp/ktest_ml-miscvm:lustre_mainline_native_p74_z_9f.tar 1s
END ml-miscvm:boot run tests/fs/lustre/boot.ktest PASS 55s
END ml-miscvm:mgs-setup run tests/fs/lustre/mgs-setup.ktest PASS 64s
END ml-miscvm:sanity-3 run tests/fs/lustre/sanity/sanity-3.ktest PASS 96s
END ml-miscvm:sanity-4 run tests/fs/lustre/sanity/sanity-4.ktest PASS 97s
END ml-miscvm:sanity-2 run tests/fs/lustre/sanity/sanity-2.ktest PASS 99s
END ml-miscvm:sanity-1 run tests/fs/lustre/sanity/sanity-1.ktest PASS 105s
END ml-miscvm:llmount run tests/fs/lustre/llmount.ktest PASS 117s
END ml-miscvm:llog-unit run tests/fs/lustre/llog-unit.ktest FAIL 142s (exit code: 1)

============================================================
Final Results:
  checkpatch:checkpatch: PASS (12s) (log: /var/www/ci-lustre/upstream-patch-review/91ae87265e3015194372debc4efff30f86994174_checkpatch:checkpatch.log)
  u24:u24: PASS (40s) (log: /var/www/ci-lustre/upstream-patch-review/91ae87265e3015194372debc4efff30f86994174_u24:u24.log)
  al2023:al2023: PASS (47s) (log: /var/www/ci-lustre/upstream-patch-review/91ae87265e3015194372debc4efff30f86994174_al2023:al2023.log)
  ml-strict:lustre_mainline: FAIL (155s) (log: /var/www/ci-lustre/upstream-patch-review/91ae87265e3015194372debc4efff30f86994174_ml-strict:lustre_mainline.log)
  ml:lustre_mainline: PASS (150s) (log: /var/www/ci-lustre/upstream-patch-review/91ae87265e3015194372debc4efff30f86994174_ml:lustre_mainline.log)
  ml-miscvm:lustre_mainline_native: PASS (152s) (log: /var/www/ci-lustre/upstream-patch-review/91ae87265e3015194372debc4efff30f86994174_ml-miscvm:lustre_mainline_native.log)
  ml-miscvm:boot: PASS (55s) (log: /var/www/ci-lustre/upstream-patch-review/91ae87265e3015194372debc4efff30f86994174_ml-miscvm:boot.log)
  ml-miscvm:llmount: PASS (117s) (log: /var/www/ci-lustre/upstream-patch-review/91ae87265e3015194372debc4efff30f86994174_ml-miscvm:llmount.log)
  ml-miscvm:llog-unit: FAIL (142s) (log: /var/www/ci-lustre/upstream-patch-review/91ae87265e3015194372debc4efff30f86994174_ml-miscvm:llog-unit.log)
  ml-miscvm:mgs-setup: PASS (64s) (log: /var/www/ci-lustre/upstream-patch-review/91ae87265e3015194372debc4efff30f86994174_ml-miscvm:mgs-setup.log)
  ml-miscvm:sanity-1: PASS (105s) (log: /var/www/ci-lustre/upstream-patch-review/91ae87265e3015194372debc4efff30f86994174_ml-miscvm:sanity-1.log)
  ml-miscvm:sanity-2: PASS (99s) (log: /var/www/ci-lustre/upstream-patch-review/91ae87265e3015194372debc4efff30f86994174_ml-miscvm:sanity-2.log)
  ml-miscvm:sanity-3: PASS (96s) (log: /var/www/ci-lustre/upstream-patch-review/91ae87265e3015194372debc4efff30f86994174_ml-miscvm:sanity-3.log)
  ml-miscvm:sanity-4: PASS (97s) (log: /var/www/ci-lustre/upstream-patch-review/91ae87265e3015194372debc4efff30f86994174_ml-miscvm:sanity-4.log)

Total execution time: 325s

Packed 1982 logs from /var/www/ci-lustre/upstream-patch-review into /home/ktest/ktest/local-site/local_data.js
Open /home/ktest/ktest/local-site/index.html in a browser
