00001 
00003 init: failed to load nvme_core
00003 init: failed to load nvme
00004 LNetError: 1:0:(lib-socket.c:619:lnet_inet_enumerate()) lnet: Can't find any usable interfaces, rc = -ENOENT
00004 LNetError: Error -100 starting up LNI tcp
00004 LustreError: 1:0:(events.c:627:ptlrpc_init_portals()) network initialisation failed: rc = -100
00005 init: finit_module /lib/modules/7.0.0-ktest-92081d7-6330a45-20260823-dirty/updates/ptlrpc.ko: Network is down
00005 init: failed to load lustre
00005 init: finit_module /lib/modules/7.0.0-ktest-92081d7-6330a45-20260823-dirty/updates/lquota.ko: No such file or directory
00005 init: failed to load osd_zfs
00005 init: failed to load iwlwifi
00005 init: failed to load iwlmvm
00005 init: failed to load mt7921e
00005 init: failed to load i915
00005 init: failed to load nouveau
00009 tlp: vm.laptop_mode is deprecated. Ignoring setting.
00009 Kernel version: 7.0.0-ktest-92081d7-6330a45-20260823-dirty
00009 hook init_noop
00009 
00009 Running tests llog-unit
00009 
00009 ========= TEST   llog-unit
00009 /host/home/ktest/git/lustre-release/lustre/tests/test-framework.sh: line 7010: cd: HOME not set
00010 /host/home/ktest/git/lustre-release/lustre/tests/test-framework.sh: line 7010: cd: HOME not set
00010 /host/home/ktest/git/lustre-release/lustre/tests/test-framework.sh: line 7010: cd: HOME not set
00011 MGS_OS_VERSION_ID=24.04
00011 MGS_OS_ID=ubuntu
00011 MGS_OS_VERSION_CODE=402915328
00011 MGS_OS_ID_LIKE=debian ubuntu
00011 MDS1_OS_ID=ubuntu
00011 MDS1_OS_VERSION_CODE=402915328
00011 MDS1_OS_ID_LIKE=debian ubuntu
00011 MDS1_OS_VERSION_ID=24.04
00011 OST1_OS_VERSION_ID=24.04
00011 OST1_OS_VERSION_CODE=402915328
00011 OST1_OS_ID=ubuntu
00011 OST1_OS_ID_LIKE=debian ubuntu
00011 CLIENT_OS_VERSION_ID=24.04
00011 CLIENT_OS_ID_LIKE=debian ubuntu
00011 CLIENT_OS_ID=ubuntu
00011 CLIENT_OS_VERSION_CODE=402915328
00012 Loading modules from /host/home/ktest/git/lustre-release/lustre
00012 detected 16 online CPUs by sysfs
00012 MODOPTS_LIBCFS=
00012 libcfs will create CPU partition based on online CPUs
00012 LNet: Added LNI 10.0.2.15@tcp [8/256/0/180]
00012 gss/krb5 is not supported
00013 Lustre: Echo OBD driver; http://www.lustre.org/
00013 '/usr/sbin/mount.lustre_tgt' -> 'mount.lustre'
00014 
00014 
00014 
00014 
00014 lustre-ktest (1962) used greatest stack depth: 25760 bytes left
00014 /host/home/ktest/git/lustre-release/lustre/tests/test-framework.sh: line 7010: cd: HOME not set
00014 /host/home/ktest/git/lustre-release/lustre/tests/test-framework.sh: line 7010: cd: HOME not set
00014 /host/home/ktest/git/lustre-release/lustre/tests/test-framework.sh: line 7010: cd: HOME not set
00017 Lustre: DEBUG MARKER: Attempt llog unit tests
00017 Lustre: 2414:0:(llog_test.c:2806:llog_test_device_init()) Setup llog-test device over MGS device
00017 Lustre: 2414:0:(llog_test.c:98:llog_test_1()) 1a: create a log with name: b861dd5b
00017 Lustre: 2414:0:(llog_test.c:115:llog_test_1()) 1b: close newly-created log
00017 Lustre: 2414:0:(llog_test.c:146:llog_test_2()) 2a: re-open a log with name: b861dd5b
00017 Lustre: 2414:0:(llog_test.c:166:llog_test_2()) 2b: create a log without specified NAME & LOGID
00017 Lustre: 2414:0:(llog_test.c:184:llog_test_2()) 2b: write 1 llog records, check llh_count
00017 Lustre: 2414:0:(llog_test.c:197:llog_test_2()) 2c: re-open the log by LOGID and verify llh_count
00017 Lustre: 2414:0:(llog_test.c:244:llog_test_2()) 2d: destroy this log
00017 Lustre: 2414:0:(llog_test.c:402:llog_test_3()) 3a: write 1023 fixed-size llog records
00017 Lustre: 2414:0:(llog_test.c:366:llog_test3_process()) test3: processing records from index 501 to the end
00017 Lustre: 2414:0:(llog_test.c:376:llog_test3_process()) test3: total 525 records processed with 0 paddings
00017 Lustre: 2414:0:(llog_test.c:458:llog_test_3()) 3b: write 566 variable size llog records
00017 Lustre: 2414:0:(llog_test.c:529:llog_test_3()) 3c: write records with variable size until BITMAP_SIZE, return -ENOSPC
00021 Lustre: 2414:0:(llog_test.c:552:llog_test_3()) 3c: wrote 63962 more records before end of llog is reached
00021 Lustre: 2414:0:(llog_test.c:581:llog_test_4()) 4a: create a catalog log with name: b861dd5c
00021 Lustre: 2414:0:(llog_test.c:596:llog_test_4()) 4b: write 1 record into the catalog
00021 Lustre: 2414:0:(llog_test.c:623:llog_test_4()) 4c: cancel 1 log record
00021 Lustre: 2414:0:(llog_test.c:635:llog_test_4()) 4d: write 64767 more log records
00028 Lustre: 2414:0:(llog_test.c:651:llog_test_4()) 4e: add 5 large records, one record per block
00028 Lustre: 2414:0:(llog_test.c:671:llog_test_4()) 4f: put newly-created catalog
00028 Lustre: 2414:0:(llog_test.c:770:llog_test_5()) 5a: re-open catalog by id
00028 Lustre: 2414:0:(llog_test.c:783:llog_test_5()) 5b: print the catalog entries.. we expect 2
00028 Lustre: 2424:0:(llog_test.c:700:cat_print_cb()) seeing record at index 1 - [0x1:0x3:0x0] in log [0xa:0x4:0x0]
00028 Lustre: 2414:0:(llog_test.c:795:llog_test_5()) 5c: Cancel 64767 records, see one log zapped
00036 Lustre: 2414:0:(llog_test.c:803:llog_test_5()) 5c: print the catalog entries.. we expect 1
00036 Lustre: 2427:0:(llog_test.c:700:cat_print_cb()) seeing record at index 2 - [0x1:0x4:0x0] in log [0xa:0x4:0x0]
00036 Lustre: 2427:0:(llog_test.c:700:cat_print_cb()) Skipped 1 previous similar message
00036 Lustre: 2414:0:(llog_test.c:815:llog_test_5()) 5d: add 1 record to the log with many canceled empty pages
00036 Lustre: 2414:0:(llog_test.c:822:llog_test_5()) 5e: print plain log entries.. expect 6
00036 Lustre: 2414:0:(llog_test.c:834:llog_test_5()) 5f: print plain log entries reversely.. expect 6
00036 Lustre: 2414:0:(llog_test.c:848:llog_test_5()) 5g: close re-opened catalog
00036 Lustre: 2414:0:(llog_test.c:878:llog_test_6()) 6a: re-open log b861dd5b using client API
00036 Lustre: MGS: non-config logname received: b861dd5b
00036 Lustre: 2414:0:(llog_test.c:910:llog_test_6()) 6b: process log b861dd5b using client API
00036 Lustre: 2414:0:(llog_test.c:914:llog_test_6()) 6b: processed 63962 records
00036 Lustre: 2414:0:(llog_test.c:921:llog_test_6()) 6c: process log b861dd5b reversely using client API
00036 Lustre: 2414:0:(llog_test.c:925:llog_test_6()) 6c: processed 63962 records
00036 Lustre: 2414:0:(llog_test.c:1073:llog_test_7()) 7a: test llog_logid_rec
00048 Lustre: 2414:0:(llog_test.c:1084:llog_test_7()) 7b: test llog_unlink64_rec
00059 Lustre: 2414:0:(llog_test.c:1095:llog_test_7()) 7c: test llog_setattr64_rec
00070 Lustre: 2414:0:(llog_test.c:1106:llog_test_7()) 7d: test llog_size_change_rec
00082 Lustre: 2414:0:(llog_test.c:1117:llog_test_7()) 7e: test llog_changelog_rec
00086 Lustre: 2414:0:(llog_test.c:1024:llog_test_7_sub()) 7_sub: records are not aligned, written 64071 from 64767
00092 Lustre: 2414:0:(llog_test.c:1129:llog_test_7()) 7f: test llog_changelog_user_rec2
00096 Lustre: 2414:0:(llog_test.c:1024:llog_test_7_sub()) 7_sub: records are not aligned, written 64139 from 64767
00104 Lustre: 2414:0:(llog_test.c:1140:llog_test_7()) 7g: test llog_gen_rec
00115 Lustre: 2414:0:(llog_test.c:1151:llog_test_7()) 7h: test llog_setattr64_rec_v2
00119 Lustre: 2414:0:(llog_test.c:1024:llog_test_7_sub()) 7_sub: records are not aligned, written 64071 from 64767
00126 Lustre: 2414:0:(llog_test.c:1261:llog_test_8()) 8a: fill the first plain llog
00126 Lustre: 2414:0:(llog_test.c:1290:llog_test_8()) 8b: first llog [0x1:0x10:0x0]
00126 Lustre: 2414:0:(llog_test.c:1306:llog_test_8()) 8b: fill the second plain llog
00126 Lustre: 2414:0:(llog_test.c:1330:llog_test_8()) 8b: pin llog [0x1:0x12:0x0]
00126 Lustre: 2414:0:(llog_test.c:1333:llog_test_8()) 8b: clean first llog record in catalog
00126 Lustre: 2414:0:(llog_test.c:1344:llog_test_8()) 8c: corrupt first chunk in the middle
00126 Lustre: 2414:0:(llog_test.c:1347:llog_test_8()) 8c: corrupt second chunk at start
00126 Lustre: 2414:0:(llog_test.c:1350:llog_test_8()) 8d: count survived records
00126 Lustre: 2414:0:(llog_test.c:1380:llog_test_8()) 8d: close re-opened catalog
00126 Lustre: 2414:0:(llog_test.c:1441:llog_test_9()) 9a: test llog_logid_rec
00126 Lustre: 2414:0:(llog_test.c:1425:llog_test_9_sub()) 9_sub: record type 1064553b in log 0x1:0x14:0x0
00126 Lustre: 2414:0:(llog_test.c:1452:llog_test_9()) 9b: test llog_obd_cfg_rec
00126 Lustre: 2414:0:(llog_test.c:1463:llog_test_9()) 9c: test llog_changelog_rec
00126 Lustre: 2414:0:(llog_test.c:1475:llog_test_9()) 9d: test llog_changelog_user_rec2
00126 Lustre: 2414:0:(llog_test.c:1576:llog_test_10()) 10a: create a catalog log with name: b861dd5d
00126 Lustre: 2414:0:(llog_test.c:1608:llog_test_10()) 10b: write 64767 log records
00133 Lustre: 2414:0:(llog_test.c:1634:llog_test_10()) 10c: write 129534 more log records
00150 Lustre: 2414:0:(llog_test.c:1666:llog_test_10()) 10c: write 64767 more log records
00151 hrtimer: interrupt took 8446 ns
00160 Lustre: 2414:0:(llog_cat_server.c:70:llog_cat_new_log()) MGS: there are no more free slots in catalog b861dd5d
00160 LustreError: 2414:0:(llog_cat_server.c:483:llog_cat_add_rec()) MGS: initialization error: rc = -28
00160 Lustre: 2414:0:(llog_test.c:1692:llog_test_10()) 10c: wrote 64011 records then 756 failed with ENOSPC
00160 Lustre: 2414:0:(llog_test.c:1711:llog_test_10()) 10d: Cancel 64767 records, see one log zapped
00170 Lustre: 2414:0:(llog_test.c:1725:llog_test_10()) 10d: print the catalog entries.. we expect 3
00170 Lustre: 2543:0:(llog_test.c:700:cat_print_cb()) seeing record at index 2 - [0x1:0x19:0x0] in log [0xa:0x5:0x0]
00170 Lustre: 2414:0:(llog_test.c:1755:llog_test_10()) 10e: write 64767 more log records
00177 Lustre: 2414:0:(llog_cat_server.c:70:llog_cat_new_log()) MGS: there are no more free slots in catalog b861dd5d
00177 Lustre: 2414:0:(llog_cat_server.c:70:llog_cat_new_log()) Skipped 755 previous similar messages
00177 LustreError: 2414:0:(llog_cat_server.c:483:llog_cat_add_rec()) MGS: initialization error: rc = -28
00177 LustreError: 2414:0:(llog_cat_server.c:483:llog_cat_add_rec()) Skipped 755 previous similar messages
00177 Lustre: 2414:0:(llog_test.c:1781:llog_test_10()) 10e: wrote 64578 records then 189 failed with ENOSPC
00177 Lustre: 2414:0:(llog_test.c:1783:llog_test_10()) 10e: print the catalog entries.. we expect 4
00177 Lustre: 2414:0:(llog_cat.c:310:llog_cat_process_or_fork()) MGS: catlog [0xa:0x5:0x0] crosses index zero
00177 Lustre: 2414:0:(llog_test.c:700:cat_print_cb()) seeing record at index 2 - [0x1:0x19:0x0] in log [0xa:0x5:0x0]
00177 Lustre: 2414:0:(llog_test.c:700:cat_print_cb()) Skipped 2 previous similar messages
00177 Lustre: 2414:0:(llog_test.c:1819:llog_test_10()) 10e: catalog successfully wrap around, last_idx 1, first 1
00177 Lustre: 2414:0:(llog_test.c:1836:llog_test_10()) 10f: Cancel 64767 records, see one log zapped
00186 Lustre: 2414:0:(llog_test.c:1850:llog_test_10()) 10f: print the catalog entries.. we expect 3
00186 Lustre: 2414:0:(llog_cat.c:310:llog_cat_process_or_fork()) MGS: catlog [0xa:0x5:0x0] crosses index zero
00186 Lustre: 2414:0:(llog_cat.c:310:llog_cat_process_or_fork()) Skipped 1 previous similar message
00186 Lustre: 2414:0:(llog_test.c:700:cat_print_cb()) seeing record at index 3 - [0x1:0x1a:0x0] in log [0xa:0x5:0x0]
00186 Lustre: 2414:0:(llog_test.c:700:cat_print_cb()) Skipped 3 previous similar messages
00186 Lustre: 2414:0:(llog_test.c:1881:llog_test_10()) 10f: write 64767 more log records
00193 Lustre: 2414:0:(llog_cat_server.c:70:llog_cat_new_log()) MGS: there are no more free slots in catalog b861dd5d
00193 Lustre: 2414:0:(llog_cat_server.c:70:llog_cat_new_log()) Skipped 188 previous similar messages
00193 LustreError: 2414:0:(llog_cat_server.c:483:llog_cat_add_rec()) MGS: initialization error: rc = -28
00193 LustreError: 2414:0:(llog_cat_server.c:483:llog_cat_add_rec()) Skipped 188 previous similar messages
00193 Lustre: 2414:0:(llog_test.c:1907:llog_test_10()) 10f: wrote 64578 records then 189 failed with ENOSPC
00193 Lustre: 2414:0:(llog_test.c:1953:llog_test_10()) 10g: Cancel 64767 records, see one log zapped
00193 Lustre: 2414:0:(llog_cat.c:310:llog_cat_process_or_fork()) MGS: catlog [0xa:0x5:0x0] crosses index zero
00203 Lustre: 2414:0:(llog_test.c:1965:llog_test_10()) 10g: print the catalog entries.. we expect 3
00203 Lustre: 2414:0:(llog_cat.c:310:llog_cat_process_or_fork()) MGS: catlog [0xa:0x5:0x0] crosses index zero
00203 Lustre: 2414:0:(llog_test.c:700:cat_print_cb()) seeing record at index 4 - [0x1:0x1b:0x0] in log [0xa:0x5:0x0]
00203 Lustre: 2414:0:(llog_test.c:700:cat_print_cb()) Skipped 2 previous similar messages
00203 Lustre: 2414:0:(llog_test.c:1995:llog_test_10()) 10g: Cancel 64767 records, see one log zapped
00212 Lustre: 2414:0:(llog_test.c:2009:llog_test_10()) 10g: print the catalog entries.. we expect 2
00212 Lustre: 2414:0:(llog_test.c:2047:llog_test_10()) 10g: Cancel 64767 records, see one log zapped
00222 Lustre: 2414:0:(llog_test.c:2061:llog_test_10()) 10g: print the catalog entries.. we expect 1
00222 Lustre: 2414:0:(llog_test.c:700:cat_print_cb()) seeing record at index 2 - [0x1:0x1d:0x0] in log [0xa:0x5:0x0]
00222 Lustre: 2414:0:(llog_test.c:700:cat_print_cb()) Skipped 4 previous similar messages
00222 Lustre: 2414:0:(llog_test.c:2087:llog_test_10()) 10g: llh_cat_idx has also successfully wrapped!
00222 Lustre: 2572:0:(llog_test.c:1535:cat_check_old_cb()) seeing record at index 2 - [0x1:0x1d:0x0] in log [0xa:0x5:0x0]
00222 Lustre: 2414:0:(llog_test.c:2111:llog_test_10()) 10h: write 64767 more log records
00222 LustreError: 2414:0:(llog_osd.c:684:llog_osd_write_rec()) cfs_race id 1317 sleeping
00223 LustreError: 2572:0:(llog.c:690:llog_process_thread()) cfs_fail_race id 1317 waking
00223 LustreError: 2414:0:(llog_osd.c:684:llog_osd_write_rec()) cfs_fail_race id 1317 awake: rc=448
00224 LustreError: 2572:0:(llog.c:690:llog_process_thread()) cfs_fail_race id 1317 waking
00224 Lustre: 2572:0:(llog_test.c:1535:cat_check_old_cb()) seeing record at index 3 - [0x1:0x1e:0x0] in log [0xa:0x5:0x0]
00234 LustreError: 2414:0:(llog_osd.c:684:llog_osd_write_rec()) cfs_fail_race id 1317 waking
00235 Lustre: 2414:0:(llog_test.c:2137:llog_test_10()) 10h: wrote 64767 records then 0 failed with ENOSPC
00235 Lustre: 2414:0:(llog_test.c:2150:llog_test_10()) 10: put newly-created catalog
00235 Lustre: 2414:0:(llog_test.c:2179:llog_test_11()) 11: create a plain nameless log
00235 Lustre: 2414:0:(llog_test.c:2204:llog_test_11()) 11: size 8216 in 1 blocks after 1 rec
00235 Lustre: 2414:0:(llog_test.c:2206:llog_test_11()) 11: add few records
00235 Lustre: 2414:0:(llog_test.c:2222:llog_test_11()) 11: size 10616 in 1 blocks with few recs
00235 lctl (2414): drop_caches: 3
00235 Lustre: 2414:0:(llog_test.c:2247:llog_test_11()) 11: re-open the log by LOGID and verify llh_count
00235 Lustre: 2414:0:(llog_test.c:2262:llog_test_11()) 11: size 10616 in 1 blocks after re-open
00235 Lustre: 2414:0:(llog_test.c:2352:llog_test_12()) 12: create a catalog log with name: b861dd5e
00235 Lustre: 12: truncate 24 bytes
00235 Lustre: 12: re-open and process the catalog
00235 LustreError: 2414:0:(llog_osd.c:1248:llog_osd_next_block()) MGS0000-osd: invalid llog tail at log id [0xa:0x6:0x0] offset 8232 last_rec idx 8704 tail idx 275010875 lrt len 1 read_size 40
00235 LustreError: 2414:0:(llog.c:886:llog_process_thread()) MGS: local llog is corrupted [0xa:0x6:0x0] catalog index 1 count 2
00235 Lustre: 12: try to add to the catalog
00235 LustreError: 2414:0:(llog_osd.c:1231:llog_osd_next_block()) MGS0000-osd: invalid llog tail at log id [0x6:0xa:0x0]:0 offset 8297 tail idx 603979776 lrt len 1074261 read_size 105
00235 ==================================================================
00235 BUG: KASAN: slab-out-of-bounds in llog_osd_next_block+0x13e9/0x3570 [obdclass]
00235 Read of size 4 at addr ffff8881494d7136 by task lctl/2414
00235 
00235 CPU: 13 UID: 0 PID: 2414 Comm: lctl Tainted: G           O        7.0.0-ktest-92081d7-6330a45-20260823-dirty #1 PREEMPT 
00235 Tainted: [O]=OOT_MODULE
00235 Hardware name: QEMU Standard PC (Q35 + ICH9, 2009), BIOS 2025.11-3ubuntu7 03/31/2026
00235 Call Trace:
00235  <TASK>
00235  dump_stack_lvl+0x43/0x60
00235  print_report+0xbc/0x260
00235  ? llog_osd_next_block+0x13e9/0x3570 [obdclass]
00235  kasan_report+0xa2/0xd0
00235  ? llog_osd_next_block+0x13e9/0x3570 [obdclass]
00235  llog_osd_next_block+0x13e9/0x3570 [obdclass]
00235  llog_process_thread+0x1487/0x5370 [obdclass]
00235  ? class_setup+0xc7d/0x10e0 [obdclass]
00235  ? class_process_config+0x2edb/0x7cb0 [obdclass]
00235  ? __osd_read+0x30f/0x4e0 [osd_zfs]
00235  llog_process_or_fork+0x647/0xd20 [obdclass]
00235  ? llog_cat_process+0x30/0x30 [obdclass]
00235  llog_cat_process_or_fork+0x795/0xf70 [obdclass]
00235  ? llog_cat_process+0x30/0x30 [obdclass]
00235  ? llog_cancel_rec_cb+0x440/0x440 [llog_test]
00235  llog_cat_process+0x24/0x30 [obdclass]
00235  llog_test_12+0xf48/0x2d80 [llog_test]
00235  llog_run_tests+0x43f6/0x5a80 [llog_test]
00235  llog_test_device_init+0x4f7/0x830 [llog_test]
00235  obd_setup+0x555/0x940 [obdclass]
00235  class_setup+0xc7d/0x10e0 [obdclass]
00235  class_process_config+0x2edb/0x7cb0 [obdclass]
00235  ? obd_ioctl_is_invalid+0x5f3/0x9d0 [obdclass]
00235  ? __kasan_kmalloc+0x72/0x80
00235  class_handle_ioctl+0x1b67/0x2e60 [obdclass]
00235  obd_class_ioctl+0x1f6/0x3c0 [obdclass]
00235  __x64_sys_ioctl+0x961/0xe00
00235  ? _copy_to_user+0x3d/0x60
00235  ? __x64_sys_rt_sigaction+0x107/0x140
00235  do_syscall_64+0xc1/0x330
00235  entry_SYSCALL_64_after_hwframe+0x4b/0x53
00235 RIP: 0033:0x7fc5db324e1d
00235 Code: 04 25 28 00 00 00 48 89 45 c8 31 c0 48 8d 45 10 c7 45 b0 10 00 00 00 48 89 45 b8 48 8d 45 d0 48 89 45 c0 b8 10 00 00 00 0f 05 <89> c2 3d 00 f0 ff ff 77 1a 48 8b 45 c8 64 48 2b 04 25 28 00 00 00
00235 RSP: 002b:00007ffea46f3770 EFLAGS: 00000246 ORIG_RAX: 0000000000000010
00235 RAX: ffffffffffffffda RBX: 00007fc5db62c1f0 RCX: 00007fc5db324e1d
00235 RDX: 00007ffea46f3a50 RSI: 00000000c00866b8 RDI: 0000000000000003
00235 RBP: 00007ffea46f37c0 R08: 00007ffea46f3810 R09: 00007ffea46f3a50
00235 R10: 0000557e086d9940 R11: 0000000000000246 R12: 00007ffea46f3a50
00235 R13: 0000557dcb9a3822 R14: 0000000000000000 R15: 00007ffea46f5ad0
00235  </TASK>
00235 
00235 Allocated by task 2139:
00235  kasan_save_track+0x2f/0x60
00235  __kasan_slab_alloc+0x4b/0x60
00235  kmem_cache_alloc_noprof+0xc1/0x280
00235  copy_sighand+0x7a/0x240
00235  copy_process+0xded/0x2b60
00235  kernel_clone+0x124/0x550
00235  __x64_sys_clone+0x121/0x150
00235  do_syscall_64+0xc1/0x330
00235  entry_SYSCALL_64_after_hwframe+0x4b/0x53
00235 
00235 Freed by task 0:
00235  kasan_save_track+0x2f/0x60
00235  kasan_save_free_info+0x40/0x50
00235  __kasan_slab_free+0x3a/0x60
00235  slab_free_after_rcu_debug+0xc3/0x1d0
00235  rcu_do_batch+0x55a/0x1270
00235  rcu_core+0x330/0x720
00235  handle_softirqs+0x159/0x4d0
00235  __irq_exit_rcu+0x3e/0x160
00235  sysvec_apic_timer_interrupt+0x6c/0x80
00235  asm_sysvec_apic_timer_interrupt+0x1a/0x20
00235 
00235 Last potentially related work creation:
00235  kasan_save_stack+0x2f/0x50
00235  kasan_record_aux_stack+0x99/0xa0
00235  kmem_cache_free+0x2ca/0x430
00235  release_task+0xb58/0x10a0
00235  wait_consider_task+0x1189/0x2590
00235  __do_wait+0x125/0x590
00235  do_wait+0x114/0x2e0
00235  kernel_wait4+0xf7/0x150
00235  __x64_sys_wait4+0xbc/0x120
00235  do_syscall_64+0xc1/0x330
00235  entry_SYSCALL_64_after_hwframe+0x4b/0x53
00235 
00235 The buggy address belongs to the object at ffff8881494d6900
00235  which belongs to the cache sighand_cache of size 2080
00235 The buggy address is located 22 bytes to the right of
00235  allocated 2080-byte region [ffff8881494d6900, ffff8881494d7120)
00235 
00235 The buggy address belongs to the physical page:
00235 page: refcount:0 mapcount:0 mapping:0000000000000000 index:0xffff8881494d3480 pfn:0x1494d0
00235 head: order:3 mapcount:0 entire_mapcount:0 nr_pages_mapped:0 pincount:0
00235 flags: 0x8000000000000240(workingset|head|zone=2)
00235 page_type: f5(slab)
00235 raw: 8000000000000240 ffff888100079b00 ffffea00066b9a10 ffffea00051f9e10
00235 raw: ffff8881494d3480 00000008000e0001 00000000f5000000 ffff8881494d7a80
00235 head: 8000000000000240 ffff888100079b00 ffffea00066b9a10 ffffea00051f9e10
00235 head: ffff8881494d3480 00000008000e0001 00000000f5000000 ffff8881494d7a80
00235 head: 8000000000000003 ffffea0005253401 00000000ffffffff 00000000ffffffff
00235 head: ffffffffffffffff 0000000000000000 00000000ffffffff 0000000000000008
00235 page dumped because: kasan: bad access detected
00235 
00235 Memory state around the buggy address:
00235  ffff8881494d7000: fb fb fb fb fb fb fb fb fb fb fb fb fb fb fb fb
00235  ffff8881494d7080: fb fb fb fb fb fb fb fb fb fb fb fb fb fb fb fb
00235 >ffff8881494d7100: fb fb fb fb fc fc fc fc fc fc fc fc fc fc fc fc
00235                                      ^
00235  ffff8881494d7180: fc fc fc fc fc fc fc fc fa fb fb fb fb fb fb fb
00235  ffff8881494d7200: fb fb fb fb fb fb fb fb fb fb fb fb fb fb fb fb
00235 ==================================================================
00235 Disabling lock debugging due to kernel taint
00235 Lustre: 2414:0:(llog_test.c:2461:llog_test_12()) 12: put newly-created catalog
00235 Lustre: 2414:0:(llog_test.c:2529:llog_test_13()) 13a: create a catalog log with name: b861dd5e
00235 Lustre: 2414:0:(llog_test.c:2545:llog_test_13()) 13b: write 1 record into the catalog
00236 LustreError: 2414:0:(llog_test.c:2556:llog_test_13()) 13b: found 8 plain llogs
00236 Lustre: 2414:0:(llog_test.c:2558:llog_test_13()) 13c: erase plain llog
00236 LustreError: 2414:0:(llog_cat.c:78:llog_cat_id2handle()) MGS: error opening log id [0x1:0x4f:0x0]: rc = -2
00236 Lustre: 2414:0:(llog_test.c:2578:llog_test_13()) 13d: forward process: found=1708 rc=0
00236 Lustre: 2414:0:(llog_test.c:2582:llog_test_13()) 13e: erase another plain llog
00236 Lustre: 2414:0:(llog_test.c:2602:llog_test_13()) 13e: backward process: found=1367 rc=0
00236 Lustre: 2414:0:(llog_test.c:2605:llog_test_13()) 13f: put newly-created catalog
00236 lctl (2414) used greatest stack depth: 23496 bytes left
00236 Lustre: DEBUG MARKER: Finish llog units tests
00236 
00236 
00236 
00236 Lustre: server umount MGS0000 complete
00236 
00236 Removed directory: /mnt/lustre-mHmy3k-MGS0000
00236 
00236 ========= PASSED llog-unit in 228s
00236 
00236 Passed: llog-unit
00236 Failed: 
00236 NOTICE: Automounting of tracing to debugfs is deprecated and will be removed in 2030
00236 Kernel version: 7.0.0-ktest-92081d7-6330a45-20260823-dirty
00236 TEST SUCCESS
