CLI: ./pk --podman-socket unix:///run/podman/podman.sock --shared-filesystem /tmp --tarball-input job mainline-zfs --output /var/www/ci-lustre/upstream-patch-review --git-hash 92081d7473d40c79d1bdc7c990df0e036e8273d8_mainline-zfs --change-id master-next_92081d7473d40c79d1bdc7c990df0e036e8273d8_mainline-zfs --subject [mainline-zfs] Staging branch for new changes

Environment validated successfully
Note: custom LLVM is not synced in tarball input mode
Creating kernel tarball at /tmp/ktest-kernel.tar.gz...
Creating lustre tarball at /tmp/ktest-lustre.tar.gz...
Creating ZFS tarball at /tmp/ktest-zfs.tar.gz...
Executing 11 jobs
Jobs will start as soon as their dependencies are satisfied
Using tarball input mode

START ml-zfs-llmount:lustre_mainline build tests/fs/lustre/llmount.ktest
START ml-zfs-miscvm:lustre_mainline_native build tests/fs/lustre/boot.ktest
PUT /tmp/ktest-kernel.tar.gz 5s
PUT /tmp/ktest-kernel.tar.gz 5s
PUT /tmp/ktest-lustre.tar.gz 0s
PUT /tmp/ktest-lustre.tar.gz 0s
PUT /tmp/ktest-zfs.tar.gz 0s
PUT /tmp/ktest-zfs.tar.gz 0s
GET /tmp/ktest_ml-zfs-miscvm:lustre_mainline_native_7oy0jrmn.tar 0s
GET /tmp/ktest_ml-zfs-llmount:lustre_mainline_p_h940hv.tar 0s
END ml-zfs-miscvm:lustre_mainline_native build tests/fs/lustre/boot.ktest PASS 179s
START ml-zfs-miscvm:boot run tests/fs/lustre/boot.ktest
START ml-zfs-miscvm:llmount run tests/fs/lustre/llmount.ktest
START ml-zfs-miscvm:llog-unit run tests/fs/lustre/llog-unit.ktest
START ml-zfs-miscvm:mgs-setup run tests/fs/lustre/mgs-setup.ktest
START ml-zfs-miscvm:sanity-1 run tests/fs/lustre/sanity/sanity-1.ktest
START ml-zfs-miscvm:sanity-2 run tests/fs/lustre/sanity/sanity-2.ktest
START ml-zfs-miscvm:sanity-3 run tests/fs/lustre/sanity/sanity-3.ktest
START ml-zfs-miscvm:sanity-4 run tests/fs/lustre/sanity/sanity-4.ktest
END ml-zfs-llmount:lustre_mainline build tests/fs/lustre/llmount.ktest PASS 180s
START ml-zfs-llmount:boot run tests/fs/lustre/llmount.ktest
PUT /tmp/ktest-kernel.tar.gz 25s
PUT /tmp/ktest-kernel.tar.gz 25s
PUT /tmp/ktest-kernel.tar.gz 25s
PUT /tmp/ktest-kernel.tar.gz 26s
PUT /tmp/ktest-kernel.tar.gz 26s
PUT /tmp/ktest-kernel.tar.gz 26s
PUT /tmp/ktest-kernel.tar.gz 26s
PUT /tmp/ktest-kernel.tar.gz 26s
PUT /tmp/ktest-kernel.tar.gz 26s
PUT /tmp/ktest-lustre.tar.gz 7s
PUT /tmp/ktest-lustre.tar.gz 7s
PUT /tmp/ktest-lustre.tar.gz 7s
PUT /tmp/ktest-lustre.tar.gz 8s
PUT /tmp/ktest-lustre.tar.gz 7s
PUT /tmp/ktest-lustre.tar.gz 6s
PUT /tmp/ktest-lustre.tar.gz 7s
PUT /tmp/ktest-lustre.tar.gz 8s
PUT /tmp/ktest-lustre.tar.gz 7s
PUT /tmp/ktest_ml-zfs-miscvm:lustre_mainline_native_7oy0jrmn.tar 1s
PUT /tmp/ktest_ml-zfs-miscvm:lustre_mainline_native_7oy0jrmn.tar 1s
PUT /tmp/ktest_ml-zfs-llmount:lustre_mainline_p_h940hv.tar 1s
PUT /tmp/ktest_ml-zfs-miscvm:lustre_mainline_native_7oy0jrmn.tar 1s
PUT /tmp/ktest_ml-zfs-miscvm:lustre_mainline_native_7oy0jrmn.tar 1s
PUT /tmp/ktest_ml-zfs-miscvm:lustre_mainline_native_7oy0jrmn.tar 1s
PUT /tmp/ktest_ml-zfs-miscvm:lustre_mainline_native_7oy0jrmn.tar 1s
PUT /tmp/ktest_ml-zfs-miscvm:lustre_mainline_native_7oy0jrmn.tar 1s
PUT /tmp/ktest_ml-zfs-miscvm:lustre_mainline_native_7oy0jrmn.tar 1s
END ml-zfs-miscvm:boot run tests/fs/lustre/boot.ktest PASS 48s
END ml-zfs-miscvm:mgs-setup run tests/fs/lustre/mgs-setup.ktest PASS 58s
END ml-zfs-miscvm:sanity-4 run tests/fs/lustre/sanity/sanity-4.ktest FAIL 80s (exit code: 1)
END ml-zfs-miscvm:sanity-1 run tests/fs/lustre/sanity/sanity-1.ktest FAIL 81s (exit code: 1)
END ml-zfs-miscvm:sanity-3 run tests/fs/lustre/sanity/sanity-3.ktest PASS 83s
END ml-zfs-miscvm:sanity-2 run tests/fs/lustre/sanity/sanity-2.ktest PASS 86s
END ml-zfs-miscvm:llmount run tests/fs/lustre/llmount.ktest PASS 96s
END ml-zfs-llmount:boot run tests/fs/lustre/llmount.ktest PASS 105s
END ml-zfs-miscvm:llog-unit run tests/fs/lustre/llog-unit.ktest PASS 275s

============================================================
Final Results:
  ml-zfs-llmount:lustre_mainline: PASS (180s) (log: /var/www/ci-lustre/upstream-patch-review/92081d7473d40c79d1bdc7c990df0e036e8273d8_mainline-zfs_ml-zfs-llmount:lustre_mainline.log)
  ml-zfs-llmount:boot: PASS (105s) (log: /var/www/ci-lustre/upstream-patch-review/92081d7473d40c79d1bdc7c990df0e036e8273d8_mainline-zfs_ml-zfs-llmount:boot.log)
  ml-zfs-miscvm:lustre_mainline_native: PASS (179s) (log: /var/www/ci-lustre/upstream-patch-review/92081d7473d40c79d1bdc7c990df0e036e8273d8_mainline-zfs_ml-zfs-miscvm:lustre_mainline_native.log)
  ml-zfs-miscvm:boot: PASS (48s) (log: /var/www/ci-lustre/upstream-patch-review/92081d7473d40c79d1bdc7c990df0e036e8273d8_mainline-zfs_ml-zfs-miscvm:boot.log)
  ml-zfs-miscvm:llmount: PASS (96s) (log: /var/www/ci-lustre/upstream-patch-review/92081d7473d40c79d1bdc7c990df0e036e8273d8_mainline-zfs_ml-zfs-miscvm:llmount.log)
  ml-zfs-miscvm:llog-unit: PASS (275s) (log: /var/www/ci-lustre/upstream-patch-review/92081d7473d40c79d1bdc7c990df0e036e8273d8_mainline-zfs_ml-zfs-miscvm:llog-unit.log)
  ml-zfs-miscvm:mgs-setup: PASS (58s) (log: /var/www/ci-lustre/upstream-patch-review/92081d7473d40c79d1bdc7c990df0e036e8273d8_mainline-zfs_ml-zfs-miscvm:mgs-setup.log)
  ml-zfs-miscvm:sanity-1: FAIL (81s) (log: /var/www/ci-lustre/upstream-patch-review/92081d7473d40c79d1bdc7c990df0e036e8273d8_mainline-zfs_ml-zfs-miscvm:sanity-1.log)
  ml-zfs-miscvm:sanity-2: PASS (86s) (log: /var/www/ci-lustre/upstream-patch-review/92081d7473d40c79d1bdc7c990df0e036e8273d8_mainline-zfs_ml-zfs-miscvm:sanity-2.log)
  ml-zfs-miscvm:sanity-3: PASS (83s) (log: /var/www/ci-lustre/upstream-patch-review/92081d7473d40c79d1bdc7c990df0e036e8273d8_mainline-zfs_ml-zfs-miscvm:sanity-3.log)
  ml-zfs-miscvm:sanity-4: FAIL (80s) (log: /var/www/ci-lustre/upstream-patch-review/92081d7473d40c79d1bdc7c990df0e036e8273d8_mainline-zfs_ml-zfs-miscvm:sanity-4.log)

Total execution time: 483s

Packed 14884 logs from /var/www/ci-lustre/upstream-patch-review into /home/ktest/ktest/local-site/local_data.js
Open /home/ktest/ktest/local-site/index.html in a browser
