CLI: ./pk --podman-socket unix:///run/podman/podman.sock --shared-filesystem /tmp --tarball-input job lustre-ci --output /var/www/ci-lustre/upstream-patch-review --git-hash 927c4eda3fcfabda0ee15b86ce63d9624db3b5cf --change-id 65491_927c4eda3fcfabda0ee15b86ce63d9624db3b5cf --subject LU-18041 lustre: canonicalize IPv6 NID-derived UUIDs

Environment validated successfully
Note: custom LLVM is not synced in tarball input mode
Creating kernel tarball at /tmp/ktest-kernel.tar.gz...
Creating lustre tarball at /tmp/ktest-lustre.tar.gz...
Creating ZFS tarball at /tmp/ktest-zfs.tar.gz...
Executing 14 jobs
Jobs will start as soon as their dependencies are satisfied
Using tarball input mode

START ml-miscvm:lustre_mainline_native build tests/fs/lustre/boot.ktest
START ml-strict:lustre_mainline build tests/fs/lustre/boot-strict.ktest
START ml:lustre_mainline build tests/fs/lustre/boot.ktest
START checkpatch:checkpatch tool checkpatch
START al2023:al2023 build tests/fs/lustre/boot.ktest
START u24:u24 build tests/fs/lustre/boot.ktest
PUT /tmp/ktest-lustre.tar.gz 1s
PUT /tmp/ktest-lustre.tar.gz 2s
PUT /tmp/ktest-kernel.tar.gz 14s
PUT /tmp/ktest-kernel.tar.gz 14s
PUT /tmp/ktest-kernel.tar.gz 14s
PUT /tmp/ktest-kernel.tar.gz 14s
PUT /tmp/ktest-lustre.tar.gz 2s
PUT /tmp/ktest-lustre.tar.gz 2s
PUT /tmp/ktest-lustre.tar.gz 2s
PUT /tmp/ktest-lustre.tar.gz 2s
PUT /tmp/ktest-zfs.tar.gz 0s
PUT /tmp/ktest-zfs.tar.gz 0s
PUT /tmp/ktest-zfs.tar.gz 0s
END checkpatch:checkpatch tool checkpatch FAIL 19s (exit code: 1)
END u24:u24 build tests/fs/lustre/boot.ktest PASS 48s
END al2023:al2023 build tests/fs/lustre/boot.ktest PASS 52s
GET /tmp/ktest_ml-strict:lustre_mainline_sxsax9cd.tar 6s
END ml-strict:lustre_mainline build tests/fs/lustre/boot-strict.ktest FAIL 214s (exit code: 1)
GET /tmp/ktest_ml:lustre_mainline_ivph5tov.tar 10s
GET /tmp/ktest_ml-miscvm:lustre_mainline_native_4exgnw91.tar 8s
END ml:lustre_mainline build tests/fs/lustre/boot.ktest PASS 221s
END ml-miscvm:lustre_mainline_native build tests/fs/lustre/boot.ktest PASS 223s
START ml-miscvm:boot run tests/fs/lustre/boot.ktest
START ml-miscvm:llmount run tests/fs/lustre/llmount.ktest
START ml-miscvm:llog-unit run tests/fs/lustre/llog-unit.ktest
START ml-miscvm:mgs-setup run tests/fs/lustre/mgs-setup.ktest
START ml-miscvm:sanity-1 run tests/fs/lustre/sanity/sanity-1.ktest
START ml-miscvm:sanity-2 run tests/fs/lustre/sanity/sanity-2.ktest
START ml-miscvm:sanity-3 run tests/fs/lustre/sanity/sanity-3.ktest
START ml-miscvm:sanity-4 run tests/fs/lustre/sanity/sanity-4.ktest
PUT /tmp/ktest-kernel.tar.gz 26s
PUT /tmp/ktest-kernel.tar.gz 26s
PUT /tmp/ktest-kernel.tar.gz 26s
PUT /tmp/ktest-kernel.tar.gz 26s
PUT /tmp/ktest-kernel.tar.gz 26s
PUT /tmp/ktest-kernel.tar.gz 26s
PUT /tmp/ktest-kernel.tar.gz 26s
PUT /tmp/ktest-kernel.tar.gz 26s
PUT /tmp/ktest-lustre.tar.gz 8s
PUT /tmp/ktest-lustre.tar.gz 8s
PUT /tmp/ktest-lustre.tar.gz 8s
PUT /tmp/ktest-lustre.tar.gz 8s
PUT /tmp/ktest-lustre.tar.gz 9s
PUT /tmp/ktest-lustre.tar.gz 9s
PUT /tmp/ktest-lustre.tar.gz 8s
PUT /tmp/ktest-lustre.tar.gz 8s
PUT /tmp/ktest_ml-miscvm:lustre_mainline_native_4exgnw91.tar 0s
PUT /tmp/ktest_ml-miscvm:lustre_mainline_native_4exgnw91.tar 0s
PUT /tmp/ktest_ml-miscvm:lustre_mainline_native_4exgnw91.tar 0s
PUT /tmp/ktest_ml-miscvm:lustre_mainline_native_4exgnw91.tar 0s
PUT /tmp/ktest_ml-miscvm:lustre_mainline_native_4exgnw91.tar 0s
PUT /tmp/ktest_ml-miscvm:lustre_mainline_native_4exgnw91.tar 0s
PUT /tmp/ktest_ml-miscvm:lustre_mainline_native_4exgnw91.tar 0s
PUT /tmp/ktest_ml-miscvm:lustre_mainline_native_4exgnw91.tar 0s
END ml-miscvm:boot run tests/fs/lustre/boot.ktest PASS 46s
END ml-miscvm:mgs-setup run tests/fs/lustre/mgs-setup.ktest PASS 56s
END ml-miscvm:sanity-4 run tests/fs/lustre/sanity/sanity-4.ktest PASS 85s
END ml-miscvm:sanity-2 run tests/fs/lustre/sanity/sanity-2.ktest PASS 86s
END ml-miscvm:sanity-1 run tests/fs/lustre/sanity/sanity-1.ktest PASS 88s
END ml-miscvm:sanity-3 run tests/fs/lustre/sanity/sanity-3.ktest PASS 89s
END ml-miscvm:llmount run tests/fs/lustre/llmount.ktest PASS 96s
END ml-miscvm:llog-unit run tests/fs/lustre/llog-unit.ktest FAIL 134s (exit code: 1)

============================================================
Final Results:
  checkpatch:checkpatch: FAIL (19s) (log: /var/www/ci-lustre/upstream-patch-review/927c4eda3fcfabda0ee15b86ce63d9624db3b5cf_checkpatch:checkpatch.log)
  u24:u24: PASS (48s) (log: /var/www/ci-lustre/upstream-patch-review/927c4eda3fcfabda0ee15b86ce63d9624db3b5cf_u24:u24.log)
  al2023:al2023: PASS (52s) (log: /var/www/ci-lustre/upstream-patch-review/927c4eda3fcfabda0ee15b86ce63d9624db3b5cf_al2023:al2023.log)
  ml-strict:lustre_mainline: FAIL (214s) (log: /var/www/ci-lustre/upstream-patch-review/927c4eda3fcfabda0ee15b86ce63d9624db3b5cf_ml-strict:lustre_mainline.log)
  ml:lustre_mainline: PASS (221s) (log: /var/www/ci-lustre/upstream-patch-review/927c4eda3fcfabda0ee15b86ce63d9624db3b5cf_ml:lustre_mainline.log)
  ml-miscvm:lustre_mainline_native: PASS (223s) (log: /var/www/ci-lustre/upstream-patch-review/927c4eda3fcfabda0ee15b86ce63d9624db3b5cf_ml-miscvm:lustre_mainline_native.log)
  ml-miscvm:boot: PASS (46s) (log: /var/www/ci-lustre/upstream-patch-review/927c4eda3fcfabda0ee15b86ce63d9624db3b5cf_ml-miscvm:boot.log)
  ml-miscvm:llmount: PASS (96s) (log: /var/www/ci-lustre/upstream-patch-review/927c4eda3fcfabda0ee15b86ce63d9624db3b5cf_ml-miscvm:llmount.log)
  ml-miscvm:llog-unit: FAIL (134s) (log: /var/www/ci-lustre/upstream-patch-review/927c4eda3fcfabda0ee15b86ce63d9624db3b5cf_ml-miscvm:llog-unit.log)
  ml-miscvm:mgs-setup: PASS (56s) (log: /var/www/ci-lustre/upstream-patch-review/927c4eda3fcfabda0ee15b86ce63d9624db3b5cf_ml-miscvm:mgs-setup.log)
  ml-miscvm:sanity-1: PASS (88s) (log: /var/www/ci-lustre/upstream-patch-review/927c4eda3fcfabda0ee15b86ce63d9624db3b5cf_ml-miscvm:sanity-1.log)
  ml-miscvm:sanity-2: PASS (86s) (log: /var/www/ci-lustre/upstream-patch-review/927c4eda3fcfabda0ee15b86ce63d9624db3b5cf_ml-miscvm:sanity-2.log)
  ml-miscvm:sanity-3: PASS (89s) (log: /var/www/ci-lustre/upstream-patch-review/927c4eda3fcfabda0ee15b86ce63d9624db3b5cf_ml-miscvm:sanity-3.log)
  ml-miscvm:sanity-4: PASS (85s) (log: /var/www/ci-lustre/upstream-patch-review/927c4eda3fcfabda0ee15b86ce63d9624db3b5cf_ml-miscvm:sanity-4.log)

Total execution time: 388s

Packed 4812 logs from /var/www/ci-lustre/upstream-patch-review into /home/ktest/ktest/local-site/local_data.js
Open /home/ktest/ktest/local-site/index.html in a browser
