CLI: ./pk --podman-socket unix:///run/podman/podman.sock --shared-filesystem /tmp --tarball-input job lustre-ci --output /var/www/ci-lustre/upstream-patch-review --git-hash 92be3b845652fa987396d274f929eef0607c4e01 --change-id 66739_92be3b845652fa987396d274f929eef0607c4e01 --subject LU-19921 sec: add disable_rootsquash mount option

Environment validated successfully
Note: custom LLVM is not synced in tarball input mode
Creating kernel tarball at /tmp/ktest-kernel.tar.gz...
Creating lustre tarball at /tmp/ktest-lustre.tar.gz...
Creating ZFS tarball at /tmp/ktest-zfs.tar.gz...
Executing 14 jobs
Jobs will start as soon as their dependencies are satisfied
Using tarball input mode

START ml-strict:lustre_mainline build tests/fs/lustre/boot-strict.ktest
START checkpatch:checkpatch tool checkpatch
START ml-miscvm:lustre_mainline_native build tests/fs/lustre/boot.ktest
START al2023:al2023 build tests/fs/lustre/boot.ktest
START ml:lustre_mainline build tests/fs/lustre/boot.ktest
START u24:u24 build tests/fs/lustre/boot.ktest
PUT /tmp/ktest-lustre.tar.gz 1s
PUT /tmp/ktest-lustre.tar.gz 2s
PUT /tmp/ktest-kernel.tar.gz 8s
PUT /tmp/ktest-kernel.tar.gz 8s
PUT /tmp/ktest-kernel.tar.gz 8s
PUT /tmp/ktest-kernel.tar.gz 8s
PUT /tmp/ktest-lustre.tar.gz 3s
PUT /tmp/ktest-lustre.tar.gz 3s
PUT /tmp/ktest-lustre.tar.gz 3s
PUT /tmp/ktest-lustre.tar.gz 3s
PUT /tmp/ktest-zfs.tar.gz 0s
PUT /tmp/ktest-zfs.tar.gz 0s
PUT /tmp/ktest-zfs.tar.gz 0s
END checkpatch:checkpatch tool checkpatch FAIL 15s (exit code: 1)
END u24:u24 build tests/fs/lustre/boot.ktest PASS 40s
END al2023:al2023 build tests/fs/lustre/boot.ktest PASS 50s
GET /tmp/ktest_ml-miscvm:lustre_mainline_native_hm8x6z1e.tar 0s
END ml-miscvm:lustre_mainline_native build tests/fs/lustre/boot.ktest PASS 148s
START ml-miscvm:boot run tests/fs/lustre/boot.ktest
START ml-miscvm:llmount run tests/fs/lustre/llmount.ktest
START ml-miscvm:llog-unit run tests/fs/lustre/llog-unit.ktest
START ml-miscvm:mgs-setup run tests/fs/lustre/mgs-setup.ktest
START ml-miscvm:sanity-1 run tests/fs/lustre/sanity/sanity-1.ktest
START ml-miscvm:sanity-2 run tests/fs/lustre/sanity/sanity-2.ktest
START ml-miscvm:sanity-3 run tests/fs/lustre/sanity/sanity-3.ktest
START ml-miscvm:sanity-4 run tests/fs/lustre/sanity/sanity-4.ktest
PUT /tmp/ktest-kernel.tar.gz 37s
PUT /tmp/ktest-kernel.tar.gz 38s
PUT /tmp/ktest-kernel.tar.gz 38s
PUT /tmp/ktest-kernel.tar.gz 38s
PUT /tmp/ktest-kernel.tar.gz 38s
PUT /tmp/ktest-kernel.tar.gz 38s
PUT /tmp/ktest-kernel.tar.gz 38s
PUT /tmp/ktest-kernel.tar.gz 38s
GET /tmp/ktest_ml:lustre_mainline_r6kbkd8u.tar 9s
END ml:lustre_mainline build tests/fs/lustre/boot.ktest PASS 190s
PUT /tmp/ktest-lustre.tar.gz 8s
PUT /tmp/ktest-lustre.tar.gz 9s
PUT /tmp/ktest-lustre.tar.gz 9s
PUT /tmp/ktest-lustre.tar.gz 9s
PUT /tmp/ktest-lustre.tar.gz 8s
PUT /tmp/ktest-lustre.tar.gz 9s
PUT /tmp/ktest-lustre.tar.gz 9s
PUT /tmp/ktest-lustre.tar.gz 9s
PUT /tmp/ktest_ml-miscvm:lustre_mainline_native_hm8x6z1e.tar 0s
PUT /tmp/ktest_ml-miscvm:lustre_mainline_native_hm8x6z1e.tar 0s
PUT /tmp/ktest_ml-miscvm:lustre_mainline_native_hm8x6z1e.tar 0s
PUT /tmp/ktest_ml-miscvm:lustre_mainline_native_hm8x6z1e.tar 0s
PUT /tmp/ktest_ml-miscvm:lustre_mainline_native_hm8x6z1e.tar 0s
PUT /tmp/ktest_ml-miscvm:lustre_mainline_native_hm8x6z1e.tar 0s
PUT /tmp/ktest_ml-miscvm:lustre_mainline_native_hm8x6z1e.tar 0s
PUT /tmp/ktest_ml-miscvm:lustre_mainline_native_hm8x6z1e.tar 0s
GET /tmp/ktest_ml-strict:lustre_mainline_e83uibs8.tar 42s
END ml-strict:lustre_mainline build tests/fs/lustre/boot-strict.ktest FAIL 200s (exit code: 1)
END ml-miscvm:boot run tests/fs/lustre/boot.ktest PASS 65s
END ml-miscvm:mgs-setup run tests/fs/lustre/mgs-setup.ktest PASS 69s
END ml-miscvm:sanity-2 run tests/fs/lustre/sanity/sanity-2.ktest PASS 99s
END ml-miscvm:sanity-1 run tests/fs/lustre/sanity/sanity-1.ktest PASS 100s
END ml-miscvm:sanity-3 run tests/fs/lustre/sanity/sanity-3.ktest PASS 101s
END ml-miscvm:sanity-4 run tests/fs/lustre/sanity/sanity-4.ktest PASS 102s
END ml-miscvm:llmount run tests/fs/lustre/llmount.ktest PASS 108s
END ml-miscvm:llog-unit run tests/fs/lustre/llog-unit.ktest FAIL 148s (exit code: 1)

============================================================
Final Results:
  checkpatch:checkpatch: FAIL (15s) (log: /var/www/ci-lustre/upstream-patch-review/92be3b845652fa987396d274f929eef0607c4e01_checkpatch:checkpatch.log)
  u24:u24: PASS (40s) (log: /var/www/ci-lustre/upstream-patch-review/92be3b845652fa987396d274f929eef0607c4e01_u24:u24.log)
  al2023:al2023: PASS (50s) (log: /var/www/ci-lustre/upstream-patch-review/92be3b845652fa987396d274f929eef0607c4e01_al2023:al2023.log)
  ml-strict:lustre_mainline: FAIL (200s) (log: /var/www/ci-lustre/upstream-patch-review/92be3b845652fa987396d274f929eef0607c4e01_ml-strict:lustre_mainline.log)
  ml:lustre_mainline: PASS (190s) (log: /var/www/ci-lustre/upstream-patch-review/92be3b845652fa987396d274f929eef0607c4e01_ml:lustre_mainline.log)
  ml-miscvm:lustre_mainline_native: PASS (148s) (log: /var/www/ci-lustre/upstream-patch-review/92be3b845652fa987396d274f929eef0607c4e01_ml-miscvm:lustre_mainline_native.log)
  ml-miscvm:boot: PASS (65s) (log: /var/www/ci-lustre/upstream-patch-review/92be3b845652fa987396d274f929eef0607c4e01_ml-miscvm:boot.log)
  ml-miscvm:llmount: PASS (108s) (log: /var/www/ci-lustre/upstream-patch-review/92be3b845652fa987396d274f929eef0607c4e01_ml-miscvm:llmount.log)
  ml-miscvm:llog-unit: FAIL (148s) (log: /var/www/ci-lustre/upstream-patch-review/92be3b845652fa987396d274f929eef0607c4e01_ml-miscvm:llog-unit.log)
  ml-miscvm:mgs-setup: PASS (69s) (log: /var/www/ci-lustre/upstream-patch-review/92be3b845652fa987396d274f929eef0607c4e01_ml-miscvm:mgs-setup.log)
  ml-miscvm:sanity-1: PASS (100s) (log: /var/www/ci-lustre/upstream-patch-review/92be3b845652fa987396d274f929eef0607c4e01_ml-miscvm:sanity-1.log)
  ml-miscvm:sanity-2: PASS (99s) (log: /var/www/ci-lustre/upstream-patch-review/92be3b845652fa987396d274f929eef0607c4e01_ml-miscvm:sanity-2.log)
  ml-miscvm:sanity-3: PASS (101s) (log: /var/www/ci-lustre/upstream-patch-review/92be3b845652fa987396d274f929eef0607c4e01_ml-miscvm:sanity-3.log)
  ml-miscvm:sanity-4: PASS (102s) (log: /var/www/ci-lustre/upstream-patch-review/92be3b845652fa987396d274f929eef0607c4e01_ml-miscvm:sanity-4.log)

Total execution time: 327s

Packed 5157 logs from /var/www/ci-lustre/upstream-patch-review into /home/ktest/ktest/local-site/local_data.js
Open /home/ktest/ktest/local-site/index.html in a browser
