WARNING:MEMORY_BARRIER: memory barrier without comment
#1535: FILE: lnet/lnet/lib-disc-view.c:1202:
+	    !smp_load_acquire(&view->pb_disc_view_ready))

WARNING:MEMORY_BARRIER: memory barrier without comment
#2203: FILE: lnet/lnet/lib-disc-view.c:1764:
+		smp_store_release(&dv->dv_pbuf->pb_disc_view_ready, true);

WARNING:MEMORY_BARRIER: memory barrier without comment
#2205: FILE: lnet/lnet/lib-disc-view.c:1766:
+		smp_store_release(&dv->dv_pbuf->pb_disc_view_ready, false);

WARNING:LONG_LINE_STRING: line length of 107 exceeds 100 columns
#2242: FILE: lnet/lnet/lib-disc-view.c:1786:
+		CERROR("Discovery view configuration exceeds the maximum of %u filtered views; retrying\n",

WARNING:SPLIT_STRING: quoted string split across lines
#3237: FILE: lnet/lnet/peer.c:4499:
+		       "peer %s: discovery Push selection changed after "
+		       "failure: %d; retrying\n",

WARNING:LONG_LINE: line length of 103 exceeds 100 columns
#3865: FILE: lnet/lnet/peer.c:5311:
+						 atomic64_read(&the_lnet.ln_disc_push_topology_seq)) &&

total: 0 errors, 6 warnings, 3885 lines checked

NOTE: For some of the reported defects, checkpatch may be able to
      mechanically convert to the typical style using --fix or --fix-inplace.

Your patch has style problems, please review.

NOTE: If any of the errors are false positives, please report
      them to the maintainer, see CHECKPATCH in MAINTAINERS.
