CLI: ./pk --podman-socket unix:///run/user/1000/podman/podman.sock --shared-filesystem /tmp --tarball-input job lustre-ci --output /var/www/ci-lustre/upstream-patch-review --git-hash 92d59da7419c2f94c4198a811c3ea507a4c7eaaf --change-id 67049_92d59da7419c2f94c4198a811c3ea507a4c7eaaf --subject LU-20290 lnet: refactor discovery visibility framework

Environment validated successfully
Note: custom LLVM is not synced in tarball input mode
Creating kernel tarball at /tmp/ktest-kernel.tar.gz...
Creating lustre tarball at /tmp/ktest-lustre.tar.gz...
Creating ZFS tarball at /tmp/ktest-zfs.tar.gz...
Executing 14 jobs
Jobs will start as soon as their dependencies are satisfied
Using tarball input mode

START checkpatch:checkpatch tool checkpatch
START al2023:al2023 build tests/fs/lustre/boot.ktest
START u24:u24 build tests/fs/lustre/boot.ktest
START ml-miscvm:lustre_mainline_native build tests/fs/lustre/boot.ktest
START ml-strict:lustre_mainline build tests/fs/lustre/boot-strict.ktest
START ml:lustre_mainline build tests/fs/lustre/boot.ktest
PUT /tmp/ktest-lustre.tar.gz 1s
PUT /tmp/ktest-lustre.tar.gz 1s
PUT /tmp/ktest-kernel.tar.gz 13s
PUT /tmp/ktest-kernel.tar.gz 13s
PUT /tmp/ktest-kernel.tar.gz 13s
PUT /tmp/ktest-kernel.tar.gz 13s
PUT /tmp/ktest-lustre.tar.gz 2s
PUT /tmp/ktest-lustre.tar.gz 2s
PUT /tmp/ktest-lustre.tar.gz 2s
PUT /tmp/ktest-lustre.tar.gz 2s
PUT /tmp/ktest-zfs.tar.gz 0s
PUT /tmp/ktest-zfs.tar.gz 0s
PUT /tmp/ktest-zfs.tar.gz 0s
END checkpatch:checkpatch tool checkpatch FAIL 20s (exit code: 1)
END u24:u24 build tests/fs/lustre/boot.ktest PASS 45s
END al2023:al2023 build tests/fs/lustre/boot.ktest PASS 50s
GET /tmp/ktest_ml-strict:lustre_mainline_fqs0sdkn.tar 7s
END ml-strict:lustre_mainline build tests/fs/lustre/boot-strict.ktest FAIL 226s (exit code: 1)
GET /tmp/ktest_ml:lustre_mainline_ltr9pqfd.tar 0s
GET /tmp/ktest_ml-miscvm:lustre_mainline_native_vqxmwcl0.tar 0s
END ml:lustre_mainline build tests/fs/lustre/boot.ktest PASS 234s
END ml-miscvm:lustre_mainline_native build tests/fs/lustre/boot.ktest PASS 235s
START ml-miscvm:boot run tests/fs/lustre/boot.ktest
START ml-miscvm:llmount run tests/fs/lustre/llmount.ktest
START ml-miscvm:llog-unit run tests/fs/lustre/llog-unit.ktest
START ml-miscvm:mgs-setup run tests/fs/lustre/mgs-setup.ktest
START ml-miscvm:sanity-1 run tests/fs/lustre/sanity/sanity-1.ktest
START ml-miscvm:sanity-2 run tests/fs/lustre/sanity/sanity-2.ktest
START ml-miscvm:sanity-3 run tests/fs/lustre/sanity/sanity-3.ktest
START ml-miscvm:sanity-4 run tests/fs/lustre/sanity/sanity-4.ktest
PUT /tmp/ktest-kernel.tar.gz 51s
PUT /tmp/ktest-kernel.tar.gz 51s
PUT /tmp/ktest-kernel.tar.gz 51s
PUT /tmp/ktest-kernel.tar.gz 51s
PUT /tmp/ktest-kernel.tar.gz 51s
PUT /tmp/ktest-kernel.tar.gz 51s
PUT /tmp/ktest-kernel.tar.gz 52s
PUT /tmp/ktest-kernel.tar.gz 51s
PUT /tmp/ktest-lustre.tar.gz 10s
PUT /tmp/ktest-lustre.tar.gz 11s
PUT /tmp/ktest-lustre.tar.gz 10s
PUT /tmp/ktest-lustre.tar.gz 10s
PUT /tmp/ktest-lustre.tar.gz 10s
PUT /tmp/ktest-lustre.tar.gz 11s
PUT /tmp/ktest-lustre.tar.gz 10s
PUT /tmp/ktest-lustre.tar.gz 10s
PUT /tmp/ktest_ml-miscvm:lustre_mainline_native_vqxmwcl0.tar 3s
PUT /tmp/ktest_ml-miscvm:lustre_mainline_native_vqxmwcl0.tar 3s
PUT /tmp/ktest_ml-miscvm:lustre_mainline_native_vqxmwcl0.tar 3s
PUT /tmp/ktest_ml-miscvm:lustre_mainline_native_vqxmwcl0.tar 3s
PUT /tmp/ktest_ml-miscvm:lustre_mainline_native_vqxmwcl0.tar 3s
PUT /tmp/ktest_ml-miscvm:lustre_mainline_native_vqxmwcl0.tar 3s
PUT /tmp/ktest_ml-miscvm:lustre_mainline_native_vqxmwcl0.tar 3s
PUT /tmp/ktest_ml-miscvm:lustre_mainline_native_vqxmwcl0.tar 3s
END ml-miscvm:boot run tests/fs/lustre/boot.ktest PASS 78s
END ml-miscvm:mgs-setup run tests/fs/lustre/mgs-setup.ktest PASS 86s
END ml-miscvm:sanity-1 run tests/fs/lustre/sanity/sanity-1.ktest PASS 114s
END ml-miscvm:sanity-2 run tests/fs/lustre/sanity/sanity-2.ktest PASS 115s
END ml-miscvm:sanity-4 run tests/fs/lustre/sanity/sanity-4.ktest PASS 116s
END ml-miscvm:sanity-3 run tests/fs/lustre/sanity/sanity-3.ktest PASS 127s
END ml-miscvm:llmount run tests/fs/lustre/llmount.ktest PASS 137s
END ml-miscvm:llog-unit run tests/fs/lustre/llog-unit.ktest FAIL 163s (exit code: 1)

============================================================
Final Results:
  checkpatch:checkpatch: FAIL (20s) (log: /var/www/ci-lustre/upstream-patch-review/92d59da7419c2f94c4198a811c3ea507a4c7eaaf_checkpatch:checkpatch.log)
  u24:u24: PASS (45s) (log: /var/www/ci-lustre/upstream-patch-review/92d59da7419c2f94c4198a811c3ea507a4c7eaaf_u24:u24.log)
  al2023:al2023: PASS (50s) (log: /var/www/ci-lustre/upstream-patch-review/92d59da7419c2f94c4198a811c3ea507a4c7eaaf_al2023:al2023.log)
  ml-strict:lustre_mainline: FAIL (226s) (log: /var/www/ci-lustre/upstream-patch-review/92d59da7419c2f94c4198a811c3ea507a4c7eaaf_ml-strict:lustre_mainline.log)
  ml:lustre_mainline: PASS (234s) (log: /var/www/ci-lustre/upstream-patch-review/92d59da7419c2f94c4198a811c3ea507a4c7eaaf_ml:lustre_mainline.log)
  ml-miscvm:lustre_mainline_native: PASS (235s) (log: /var/www/ci-lustre/upstream-patch-review/92d59da7419c2f94c4198a811c3ea507a4c7eaaf_ml-miscvm:lustre_mainline_native.log)
  ml-miscvm:boot: PASS (78s) (log: /var/www/ci-lustre/upstream-patch-review/92d59da7419c2f94c4198a811c3ea507a4c7eaaf_ml-miscvm:boot.log)
  ml-miscvm:llmount: PASS (137s) (log: /var/www/ci-lustre/upstream-patch-review/92d59da7419c2f94c4198a811c3ea507a4c7eaaf_ml-miscvm:llmount.log)
  ml-miscvm:llog-unit: FAIL (163s) (log: /var/www/ci-lustre/upstream-patch-review/92d59da7419c2f94c4198a811c3ea507a4c7eaaf_ml-miscvm:llog-unit.log)
  ml-miscvm:mgs-setup: PASS (86s) (log: /var/www/ci-lustre/upstream-patch-review/92d59da7419c2f94c4198a811c3ea507a4c7eaaf_ml-miscvm:mgs-setup.log)
  ml-miscvm:sanity-1: PASS (114s) (log: /var/www/ci-lustre/upstream-patch-review/92d59da7419c2f94c4198a811c3ea507a4c7eaaf_ml-miscvm:sanity-1.log)
  ml-miscvm:sanity-2: PASS (115s) (log: /var/www/ci-lustre/upstream-patch-review/92d59da7419c2f94c4198a811c3ea507a4c7eaaf_ml-miscvm:sanity-2.log)
  ml-miscvm:sanity-3: PASS (127s) (log: /var/www/ci-lustre/upstream-patch-review/92d59da7419c2f94c4198a811c3ea507a4c7eaaf_ml-miscvm:sanity-3.log)
  ml-miscvm:sanity-4: PASS (116s) (log: /var/www/ci-lustre/upstream-patch-review/92d59da7419c2f94c4198a811c3ea507a4c7eaaf_ml-miscvm:sanity-4.log)

Total execution time: 429s

Packed 6106 logs from /var/www/ci-lustre/upstream-patch-review into /home/ktest/ktest/local-site/local_data.js
Open /home/ktest/ktest/local-site/index.html in a browser
