CLI: ./pk --podman-socket unix:///run/podman/podman.sock --shared-filesystem /tmp --tarball-input job lustre-ci --output /var/www/ci-lustre/upstream-patch-review --git-hash 93279d21ac10d962354609b7580b05c53cc3cf42 --change-id 68021_93279d21ac10d962354609b7580b05c53cc3cf42 --subject LU-19921 tests: add GSSIAM security test

Environment validated successfully
Note: custom LLVM is not synced in tarball input mode
Creating kernel tarball at /tmp/ktest-kernel.tar.gz...
Creating lustre tarball at /tmp/ktest-lustre.tar.gz...
Creating ZFS tarball at /tmp/ktest-zfs.tar.gz...
Executing 14 jobs
Jobs will start as soon as their dependencies are satisfied
Using tarball input mode

START ml-miscvm:lustre_mainline_native build tests/fs/lustre/boot.ktest
START u24:u24 build tests/fs/lustre/boot.ktest
START ml:lustre_mainline build tests/fs/lustre/boot.ktest
START ml-strict:lustre_mainline build tests/fs/lustre/boot-strict.ktest
START checkpatch:checkpatch tool checkpatch
START al2023:al2023 build tests/fs/lustre/boot.ktest
PUT /tmp/ktest-lustre.tar.gz 1s
PUT /tmp/ktest-lustre.tar.gz 1s
PUT /tmp/ktest-kernel.tar.gz 7s
PUT /tmp/ktest-kernel.tar.gz 7s
PUT /tmp/ktest-kernel.tar.gz 7s
PUT /tmp/ktest-kernel.tar.gz 7s
PUT /tmp/ktest-lustre.tar.gz 2s
PUT /tmp/ktest-lustre.tar.gz 2s
PUT /tmp/ktest-lustre.tar.gz 2s
PUT /tmp/ktest-lustre.tar.gz 2s
PUT /tmp/ktest-zfs.tar.gz 0s
PUT /tmp/ktest-zfs.tar.gz 0s
PUT /tmp/ktest-zfs.tar.gz 0s
END checkpatch:checkpatch tool checkpatch PASS 13s
END u24:u24 build tests/fs/lustre/boot.ktest PASS 39s
END al2023:al2023 build tests/fs/lustre/boot.ktest PASS 45s
GET /tmp/ktest_ml-strict:lustre_mainline_0vb3p6d1.tar 6s
END ml-strict:lustre_mainline build tests/fs/lustre/boot-strict.ktest FAIL 144s (exit code: 1)
GET /tmp/ktest_ml:lustre_mainline_cbouo3mf.tar 0s
GET /tmp/ktest_ml-miscvm:lustre_mainline_native_dcpi3gr6.tar 0s
END ml:lustre_mainline build tests/fs/lustre/boot.ktest PASS 147s
END ml-miscvm:lustre_mainline_native build tests/fs/lustre/boot.ktest PASS 148s
START ml-miscvm:boot run tests/fs/lustre/boot.ktest
START ml-miscvm:llmount run tests/fs/lustre/llmount.ktest
START ml-miscvm:llog-unit run tests/fs/lustre/llog-unit.ktest
START ml-miscvm:mgs-setup run tests/fs/lustre/mgs-setup.ktest
START ml-miscvm:sanity-1 run tests/fs/lustre/sanity/sanity-1.ktest
START ml-miscvm:sanity-2 run tests/fs/lustre/sanity/sanity-2.ktest
START ml-miscvm:sanity-3 run tests/fs/lustre/sanity/sanity-3.ktest
START ml-miscvm:sanity-4 run tests/fs/lustre/sanity/sanity-4.ktest
PUT /tmp/ktest-kernel.tar.gz 18s
PUT /tmp/ktest-kernel.tar.gz 18s
PUT /tmp/ktest-kernel.tar.gz 19s
PUT /tmp/ktest-kernel.tar.gz 19s
PUT /tmp/ktest-kernel.tar.gz 19s
PUT /tmp/ktest-kernel.tar.gz 19s
PUT /tmp/ktest-kernel.tar.gz 19s
PUT /tmp/ktest-kernel.tar.gz 19s
PUT /tmp/ktest-lustre.tar.gz 5s
PUT /tmp/ktest-lustre.tar.gz 5s
PUT /tmp/ktest-lustre.tar.gz 5s
PUT /tmp/ktest-lustre.tar.gz 5s
PUT /tmp/ktest-lustre.tar.gz 6s
PUT /tmp/ktest-lustre.tar.gz 6s
PUT /tmp/ktest-lustre.tar.gz 5s
PUT /tmp/ktest-lustre.tar.gz 6s
PUT /tmp/ktest_ml-miscvm:lustre_mainline_native_dcpi3gr6.tar 0s
PUT /tmp/ktest_ml-miscvm:lustre_mainline_native_dcpi3gr6.tar 0s
PUT /tmp/ktest_ml-miscvm:lustre_mainline_native_dcpi3gr6.tar 0s
PUT /tmp/ktest_ml-miscvm:lustre_mainline_native_dcpi3gr6.tar 0s
PUT /tmp/ktest_ml-miscvm:lustre_mainline_native_dcpi3gr6.tar 0s
PUT /tmp/ktest_ml-miscvm:lustre_mainline_native_dcpi3gr6.tar 0s
PUT /tmp/ktest_ml-miscvm:lustre_mainline_native_dcpi3gr6.tar 0s
PUT /tmp/ktest_ml-miscvm:lustre_mainline_native_dcpi3gr6.tar 0s
END ml-miscvm:boot run tests/fs/lustre/boot.ktest PASS 37s
END ml-miscvm:mgs-setup run tests/fs/lustre/mgs-setup.ktest PASS 46s
END ml-miscvm:sanity-1 run tests/fs/lustre/sanity/sanity-1.ktest PASS 74s
END ml-miscvm:sanity-3 run tests/fs/lustre/sanity/sanity-3.ktest PASS 77s
END ml-miscvm:llmount run tests/fs/lustre/llmount.ktest PASS 86s
END ml-miscvm:sanity-4 run tests/fs/lustre/sanity/sanity-4.ktest PASS 87s
END ml-miscvm:sanity-2 run tests/fs/lustre/sanity/sanity-2.ktest PASS 89s
END ml-miscvm:llog-unit run tests/fs/lustre/llog-unit.ktest FAIL 122s (exit code: 1)

============================================================
Final Results:
  checkpatch:checkpatch: PASS (13s) (log: /var/www/ci-lustre/upstream-patch-review/93279d21ac10d962354609b7580b05c53cc3cf42_checkpatch:checkpatch.log)
  u24:u24: PASS (39s) (log: /var/www/ci-lustre/upstream-patch-review/93279d21ac10d962354609b7580b05c53cc3cf42_u24:u24.log)
  al2023:al2023: PASS (45s) (log: /var/www/ci-lustre/upstream-patch-review/93279d21ac10d962354609b7580b05c53cc3cf42_al2023:al2023.log)
  ml-strict:lustre_mainline: FAIL (144s) (log: /var/www/ci-lustre/upstream-patch-review/93279d21ac10d962354609b7580b05c53cc3cf42_ml-strict:lustre_mainline.log)
  ml:lustre_mainline: PASS (147s) (log: /var/www/ci-lustre/upstream-patch-review/93279d21ac10d962354609b7580b05c53cc3cf42_ml:lustre_mainline.log)
  ml-miscvm:lustre_mainline_native: PASS (148s) (log: /var/www/ci-lustre/upstream-patch-review/93279d21ac10d962354609b7580b05c53cc3cf42_ml-miscvm:lustre_mainline_native.log)
  ml-miscvm:boot: PASS (37s) (log: /var/www/ci-lustre/upstream-patch-review/93279d21ac10d962354609b7580b05c53cc3cf42_ml-miscvm:boot.log)
  ml-miscvm:llmount: PASS (86s) (log: /var/www/ci-lustre/upstream-patch-review/93279d21ac10d962354609b7580b05c53cc3cf42_ml-miscvm:llmount.log)
  ml-miscvm:llog-unit: FAIL (122s) (log: /var/www/ci-lustre/upstream-patch-review/93279d21ac10d962354609b7580b05c53cc3cf42_ml-miscvm:llog-unit.log)
  ml-miscvm:mgs-setup: PASS (46s) (log: /var/www/ci-lustre/upstream-patch-review/93279d21ac10d962354609b7580b05c53cc3cf42_ml-miscvm:mgs-setup.log)
  ml-miscvm:sanity-1: PASS (74s) (log: /var/www/ci-lustre/upstream-patch-review/93279d21ac10d962354609b7580b05c53cc3cf42_ml-miscvm:sanity-1.log)
  ml-miscvm:sanity-2: PASS (89s) (log: /var/www/ci-lustre/upstream-patch-review/93279d21ac10d962354609b7580b05c53cc3cf42_ml-miscvm:sanity-2.log)
  ml-miscvm:sanity-3: PASS (77s) (log: /var/www/ci-lustre/upstream-patch-review/93279d21ac10d962354609b7580b05c53cc3cf42_ml-miscvm:sanity-3.log)
  ml-miscvm:sanity-4: PASS (87s) (log: /var/www/ci-lustre/upstream-patch-review/93279d21ac10d962354609b7580b05c53cc3cf42_ml-miscvm:sanity-4.log)

Total execution time: 300s

Packed 8020 logs from /var/www/ci-lustre/upstream-patch-review into /home/ktest/ktest/local-site/local_data.js
Open /home/ktest/ktest/local-site/index.html in a browser
