CLI: ./pk --podman-socket unix:///run/user/1000/podman/podman.sock --shared-filesystem /tmp --tarball-input job lustre-ci --output /var/www/ci-lustre/upstream-patch-review --git-hash 94b11919ac7895cc50df8e5095aabb5141807125 --change-id 68157_94b11919ac7895cc50df8e5095aabb5141807125 --subject LU-20611 llapi: split cb_find_init's decider out

Environment validated successfully
Note: custom LLVM is not synced in tarball input mode
Creating kernel tarball at /tmp/ktest-kernel.tar.gz...
Creating lustre tarball at /tmp/ktest-lustre.tar.gz...
Creating ZFS tarball at /tmp/ktest-zfs.tar.gz...
Executing 14 jobs
Jobs will start as soon as their dependencies are satisfied
Using tarball input mode

START checkpatch:checkpatch tool checkpatch
START ml-strict:lustre_mainline build tests/fs/lustre/boot-strict.ktest
START ml-miscvm:lustre_mainline_native build tests/fs/lustre/boot.ktest
START u24:u24 build tests/fs/lustre/boot.ktest
START ml:lustre_mainline build tests/fs/lustre/boot.ktest
START al2023:al2023 build tests/fs/lustre/boot.ktest
PUT /tmp/ktest-lustre.tar.gz 1s
PUT /tmp/ktest-lustre.tar.gz 2s
PUT /tmp/ktest-kernel.tar.gz 13s
PUT /tmp/ktest-kernel.tar.gz 13s
PUT /tmp/ktest-kernel.tar.gz 13s
PUT /tmp/ktest-kernel.tar.gz 13s
PUT /tmp/ktest-lustre.tar.gz 2s
PUT /tmp/ktest-lustre.tar.gz 2s
PUT /tmp/ktest-lustre.tar.gz 2s
PUT /tmp/ktest-lustre.tar.gz 2s
PUT /tmp/ktest-zfs.tar.gz 0s
PUT /tmp/ktest-zfs.tar.gz 0s
PUT /tmp/ktest-zfs.tar.gz 0s
END checkpatch:checkpatch tool checkpatch PASS 19s
END u24:u24 build tests/fs/lustre/boot.ktest PASS 46s
END al2023:al2023 build tests/fs/lustre/boot.ktest PASS 52s
GET /tmp/ktest_ml-strict:lustre_mainline_2o16kwuc.tar 8s
END ml-strict:lustre_mainline build tests/fs/lustre/boot-strict.ktest FAIL 165s (exit code: 1)
GET /tmp/ktest_ml-miscvm:lustre_mainline_native_0lvwvfbo.tar 0s
GET /tmp/ktest_ml:lustre_mainline_u5ibvsxa.tar 0s
END ml-miscvm:lustre_mainline_native build tests/fs/lustre/boot.ktest PASS 180s
START ml-miscvm:boot run tests/fs/lustre/boot.ktest
START ml-miscvm:llmount run tests/fs/lustre/llmount.ktest
START ml-miscvm:llog-unit run tests/fs/lustre/llog-unit.ktest
START ml-miscvm:mgs-setup run tests/fs/lustre/mgs-setup.ktest
START ml-miscvm:sanity-1 run tests/fs/lustre/sanity/sanity-1.ktest
START ml-miscvm:sanity-2 run tests/fs/lustre/sanity/sanity-2.ktest
START ml-miscvm:sanity-3 run tests/fs/lustre/sanity/sanity-3.ktest
START ml-miscvm:sanity-4 run tests/fs/lustre/sanity/sanity-4.ktest
END ml:lustre_mainline build tests/fs/lustre/boot.ktest PASS 181s
PUT /tmp/ktest-kernel.tar.gz 28s
PUT /tmp/ktest-kernel.tar.gz 28s
PUT /tmp/ktest-kernel.tar.gz 28s
PUT /tmp/ktest-kernel.tar.gz 28s
PUT /tmp/ktest-kernel.tar.gz 28s
PUT /tmp/ktest-kernel.tar.gz 28s
PUT /tmp/ktest-kernel.tar.gz 28s
PUT /tmp/ktest-kernel.tar.gz 29s
PUT /tmp/ktest-lustre.tar.gz 16s
PUT /tmp/ktest-lustre.tar.gz 16s
PUT /tmp/ktest-lustre.tar.gz 16s
PUT /tmp/ktest-lustre.tar.gz 16s
PUT /tmp/ktest-lustre.tar.gz 16s
PUT /tmp/ktest-lustre.tar.gz 16s
PUT /tmp/ktest-lustre.tar.gz 15s
PUT /tmp/ktest-lustre.tar.gz 16s
PUT /tmp/ktest_ml-miscvm:lustre_mainline_native_0lvwvfbo.tar 3s
PUT /tmp/ktest_ml-miscvm:lustre_mainline_native_0lvwvfbo.tar 3s
PUT /tmp/ktest_ml-miscvm:lustre_mainline_native_0lvwvfbo.tar 3s
PUT /tmp/ktest_ml-miscvm:lustre_mainline_native_0lvwvfbo.tar 3s
PUT /tmp/ktest_ml-miscvm:lustre_mainline_native_0lvwvfbo.tar 3s
PUT /tmp/ktest_ml-miscvm:lustre_mainline_native_0lvwvfbo.tar 3s
PUT /tmp/ktest_ml-miscvm:lustre_mainline_native_0lvwvfbo.tar 3s
PUT /tmp/ktest_ml-miscvm:lustre_mainline_native_0lvwvfbo.tar 3s
END ml-miscvm:boot run tests/fs/lustre/boot.ktest PASS 62s
END ml-miscvm:mgs-setup run tests/fs/lustre/mgs-setup.ktest PASS 73s
END ml-miscvm:sanity-4 run tests/fs/lustre/sanity/sanity-4.ktest PASS 100s
END ml-miscvm:sanity-1 run tests/fs/lustre/sanity/sanity-1.ktest PASS 101s
END ml-miscvm:sanity-3 run tests/fs/lustre/sanity/sanity-3.ktest PASS 102s
END ml-miscvm:llmount run tests/fs/lustre/llmount.ktest PASS 109s
END ml-miscvm:sanity-2 run tests/fs/lustre/sanity/sanity-2.ktest PASS 113s
END ml-miscvm:llog-unit run tests/fs/lustre/llog-unit.ktest FAIL 148s (exit code: 1)

============================================================
Final Results:
  checkpatch:checkpatch: PASS (19s) (log: /var/www/ci-lustre/upstream-patch-review/94b11919ac7895cc50df8e5095aabb5141807125_checkpatch:checkpatch.log)
  u24:u24: PASS (46s) (log: /var/www/ci-lustre/upstream-patch-review/94b11919ac7895cc50df8e5095aabb5141807125_u24:u24.log)
  al2023:al2023: PASS (52s) (log: /var/www/ci-lustre/upstream-patch-review/94b11919ac7895cc50df8e5095aabb5141807125_al2023:al2023.log)
  ml-strict:lustre_mainline: FAIL (165s) (log: /var/www/ci-lustre/upstream-patch-review/94b11919ac7895cc50df8e5095aabb5141807125_ml-strict:lustre_mainline.log)
  ml:lustre_mainline: PASS (181s) (log: /var/www/ci-lustre/upstream-patch-review/94b11919ac7895cc50df8e5095aabb5141807125_ml:lustre_mainline.log)
  ml-miscvm:lustre_mainline_native: PASS (180s) (log: /var/www/ci-lustre/upstream-patch-review/94b11919ac7895cc50df8e5095aabb5141807125_ml-miscvm:lustre_mainline_native.log)
  ml-miscvm:boot: PASS (62s) (log: /var/www/ci-lustre/upstream-patch-review/94b11919ac7895cc50df8e5095aabb5141807125_ml-miscvm:boot.log)
  ml-miscvm:llmount: PASS (109s) (log: /var/www/ci-lustre/upstream-patch-review/94b11919ac7895cc50df8e5095aabb5141807125_ml-miscvm:llmount.log)
  ml-miscvm:llog-unit: FAIL (148s) (log: /var/www/ci-lustre/upstream-patch-review/94b11919ac7895cc50df8e5095aabb5141807125_ml-miscvm:llog-unit.log)
  ml-miscvm:mgs-setup: PASS (73s) (log: /var/www/ci-lustre/upstream-patch-review/94b11919ac7895cc50df8e5095aabb5141807125_ml-miscvm:mgs-setup.log)
  ml-miscvm:sanity-1: PASS (101s) (log: /var/www/ci-lustre/upstream-patch-review/94b11919ac7895cc50df8e5095aabb5141807125_ml-miscvm:sanity-1.log)
  ml-miscvm:sanity-2: PASS (113s) (log: /var/www/ci-lustre/upstream-patch-review/94b11919ac7895cc50df8e5095aabb5141807125_ml-miscvm:sanity-2.log)
  ml-miscvm:sanity-3: PASS (102s) (log: /var/www/ci-lustre/upstream-patch-review/94b11919ac7895cc50df8e5095aabb5141807125_ml-miscvm:sanity-3.log)
  ml-miscvm:sanity-4: PASS (100s) (log: /var/www/ci-lustre/upstream-patch-review/94b11919ac7895cc50df8e5095aabb5141807125_ml-miscvm:sanity-4.log)

Total execution time: 359s

Packed 5971 logs from /var/www/ci-lustre/upstream-patch-review into /home/ktest/ktest/local-site/local_data.js
Open /home/ktest/ktest/local-site/index.html in a browser
