CLI: ./pk --podman-socket unix:///run/podman/podman.sock --shared-filesystem /tmp --tarball-input job lustre-ci --output /var/www/ci-lustre/upstream-patch-review --git-hash 94d1eeea1f240b51183675e9abe7a90b99cb5581 --change-id 50871_94d1eeea1f240b51183675e9abe7a90b99cb5581 --subject LU-9512 llite: O_TMPFILE support

Environment validated successfully
Note: custom LLVM is not synced in tarball input mode
Creating kernel tarball at /tmp/ktest-kernel.tar.gz...
Creating lustre tarball at /tmp/ktest-lustre.tar.gz...
Creating ZFS tarball at /tmp/ktest-zfs.tar.gz...
Executing 14 jobs
Jobs will start as soon as their dependencies are satisfied
Using tarball input mode

START al2023:al2023 build tests/fs/lustre/boot.ktest
START ml:lustre_mainline build tests/fs/lustre/boot.ktest
START u24:u24 build tests/fs/lustre/boot.ktest
START ml-miscvm:lustre_mainline_native build tests/fs/lustre/boot.ktest
START ml-strict:lustre_mainline build tests/fs/lustre/boot-strict.ktest
START checkpatch:checkpatch tool checkpatch
PUT /tmp/ktest-lustre.tar.gz 1s
PUT /tmp/ktest-lustre.tar.gz 1s
PUT /tmp/ktest-kernel.tar.gz 7s
PUT /tmp/ktest-kernel.tar.gz 7s
PUT /tmp/ktest-kernel.tar.gz 7s
PUT /tmp/ktest-kernel.tar.gz 7s
PUT /tmp/ktest-lustre.tar.gz 1s
PUT /tmp/ktest-lustre.tar.gz 1s
PUT /tmp/ktest-lustre.tar.gz 1s
PUT /tmp/ktest-lustre.tar.gz 1s
PUT /tmp/ktest-zfs.tar.gz 0s
PUT /tmp/ktest-zfs.tar.gz 0s
PUT /tmp/ktest-zfs.tar.gz 0s
END checkpatch:checkpatch tool checkpatch FAIL 11s (exit code: 1)
END u24:u24 build tests/fs/lustre/boot.ktest PASS 35s
END al2023:al2023 build tests/fs/lustre/boot.ktest PASS 43s
GET /tmp/ktest_ml-strict:lustre_mainline_g9o_jhog.tar 6s
END ml-strict:lustre_mainline build tests/fs/lustre/boot-strict.ktest FAIL 148s (exit code: 1)
GET /tmp/ktest_ml-miscvm:lustre_mainline_native_2vqcm9ao.tar 1s
GET /tmp/ktest_ml:lustre_mainline_2n_qmrs3.tar 0s
END ml-miscvm:lustre_mainline_native build tests/fs/lustre/boot.ktest PASS 150s
START ml-miscvm:boot run tests/fs/lustre/boot.ktest
START ml-miscvm:llmount run tests/fs/lustre/llmount.ktest
START ml-miscvm:llog-unit run tests/fs/lustre/llog-unit.ktest
START ml-miscvm:mgs-setup run tests/fs/lustre/mgs-setup.ktest
START ml-miscvm:sanity-1 run tests/fs/lustre/sanity/sanity-1.ktest
START ml-miscvm:sanity-2 run tests/fs/lustre/sanity/sanity-2.ktest
START ml-miscvm:sanity-3 run tests/fs/lustre/sanity/sanity-3.ktest
START ml-miscvm:sanity-4 run tests/fs/lustre/sanity/sanity-4.ktest
END ml:lustre_mainline build tests/fs/lustre/boot.ktest PASS 151s
PUT /tmp/ktest-kernel.tar.gz 16s
PUT /tmp/ktest-kernel.tar.gz 17s
PUT /tmp/ktest-kernel.tar.gz 17s
PUT /tmp/ktest-kernel.tar.gz 16s
PUT /tmp/ktest-kernel.tar.gz 17s
PUT /tmp/ktest-kernel.tar.gz 17s
PUT /tmp/ktest-kernel.tar.gz 17s
PUT /tmp/ktest-kernel.tar.gz 17s
PUT /tmp/ktest-lustre.tar.gz 2s
PUT /tmp/ktest-lustre.tar.gz 2s
PUT /tmp/ktest-lustre.tar.gz 3s
PUT /tmp/ktest-lustre.tar.gz 2s
PUT /tmp/ktest-lustre.tar.gz 3s
PUT /tmp/ktest-lustre.tar.gz 3s
PUT /tmp/ktest-lustre.tar.gz 3s
PUT /tmp/ktest-lustre.tar.gz 2s
PUT /tmp/ktest_ml-miscvm:lustre_mainline_native_2vqcm9ao.tar 0s
PUT /tmp/ktest_ml-miscvm:lustre_mainline_native_2vqcm9ao.tar 0s
PUT /tmp/ktest_ml-miscvm:lustre_mainline_native_2vqcm9ao.tar 0s
PUT /tmp/ktest_ml-miscvm:lustre_mainline_native_2vqcm9ao.tar 0s
PUT /tmp/ktest_ml-miscvm:lustre_mainline_native_2vqcm9ao.tar 0s
PUT /tmp/ktest_ml-miscvm:lustre_mainline_native_2vqcm9ao.tar 0s
PUT /tmp/ktest_ml-miscvm:lustre_mainline_native_2vqcm9ao.tar 0s
PUT /tmp/ktest_ml-miscvm:lustre_mainline_native_2vqcm9ao.tar 0s
END ml-miscvm:boot run tests/fs/lustre/boot.ktest PASS 32s
END ml-miscvm:mgs-setup run tests/fs/lustre/mgs-setup.ktest PASS 42s
END ml-miscvm:sanity-1 run tests/fs/lustre/sanity/sanity-1.ktest PASS 70s
END ml-miscvm:sanity-2 run tests/fs/lustre/sanity/sanity-2.ktest PASS 71s
END ml-miscvm:sanity-4 run tests/fs/lustre/sanity/sanity-4.ktest PASS 73s
END ml-miscvm:sanity-3 run tests/fs/lustre/sanity/sanity-3.ktest PASS 84s
END ml-miscvm:llmount run tests/fs/lustre/llmount.ktest PASS 92s
END ml-miscvm:llog-unit run tests/fs/lustre/llog-unit.ktest FAIL 119s (exit code: 1)

============================================================
Final Results:
  checkpatch:checkpatch: FAIL (11s) (log: /var/www/ci-lustre/upstream-patch-review/94d1eeea1f240b51183675e9abe7a90b99cb5581_checkpatch:checkpatch.log)
  u24:u24: PASS (35s) (log: /var/www/ci-lustre/upstream-patch-review/94d1eeea1f240b51183675e9abe7a90b99cb5581_u24:u24.log)
  al2023:al2023: PASS (43s) (log: /var/www/ci-lustre/upstream-patch-review/94d1eeea1f240b51183675e9abe7a90b99cb5581_al2023:al2023.log)
  ml-strict:lustre_mainline: FAIL (148s) (log: /var/www/ci-lustre/upstream-patch-review/94d1eeea1f240b51183675e9abe7a90b99cb5581_ml-strict:lustre_mainline.log)
  ml:lustre_mainline: PASS (151s) (log: /var/www/ci-lustre/upstream-patch-review/94d1eeea1f240b51183675e9abe7a90b99cb5581_ml:lustre_mainline.log)
  ml-miscvm:lustre_mainline_native: PASS (150s) (log: /var/www/ci-lustre/upstream-patch-review/94d1eeea1f240b51183675e9abe7a90b99cb5581_ml-miscvm:lustre_mainline_native.log)
  ml-miscvm:boot: PASS (32s) (log: /var/www/ci-lustre/upstream-patch-review/94d1eeea1f240b51183675e9abe7a90b99cb5581_ml-miscvm:boot.log)
  ml-miscvm:llmount: PASS (92s) (log: /var/www/ci-lustre/upstream-patch-review/94d1eeea1f240b51183675e9abe7a90b99cb5581_ml-miscvm:llmount.log)
  ml-miscvm:llog-unit: FAIL (119s) (log: /var/www/ci-lustre/upstream-patch-review/94d1eeea1f240b51183675e9abe7a90b99cb5581_ml-miscvm:llog-unit.log)
  ml-miscvm:mgs-setup: PASS (42s) (log: /var/www/ci-lustre/upstream-patch-review/94d1eeea1f240b51183675e9abe7a90b99cb5581_ml-miscvm:mgs-setup.log)
  ml-miscvm:sanity-1: PASS (70s) (log: /var/www/ci-lustre/upstream-patch-review/94d1eeea1f240b51183675e9abe7a90b99cb5581_ml-miscvm:sanity-1.log)
  ml-miscvm:sanity-2: PASS (71s) (log: /var/www/ci-lustre/upstream-patch-review/94d1eeea1f240b51183675e9abe7a90b99cb5581_ml-miscvm:sanity-2.log)
  ml-miscvm:sanity-3: PASS (84s) (log: /var/www/ci-lustre/upstream-patch-review/94d1eeea1f240b51183675e9abe7a90b99cb5581_ml-miscvm:sanity-3.log)
  ml-miscvm:sanity-4: PASS (73s) (log: /var/www/ci-lustre/upstream-patch-review/94d1eeea1f240b51183675e9abe7a90b99cb5581_ml-miscvm:sanity-4.log)

Total execution time: 298s

Packed 17163 logs from /var/www/ci-lustre/upstream-patch-review into /home/ktest/ktest/local-site/local_data.js
Open /home/ktest/ktest/local-site/index.html in a browser
