WARNING:BLOCK_COMMENT_STYLE: Block comments use a trailing */ on a separate line
#105: FILE: lustre/mdt/mdt_handler.c:6108:
+		 * current osp_quotactl only speaks OST_QUOTACTL. */

WARNING:BLOCK_COMMENT_STYLE: Block comments use a trailing */ on a separate line
#674: FILE: lustre/quota/qmt_entry.c:1431:
+	 * drop it before taking usg to mutate the cache. */

WARNING:LONG_LINE_STRING: line length of 103 exceeds 100 columns
#1058: FILE: lustre/quota/qmt_handler.c:1264:
+				LQUOTA_ERROR(lqe, "failed to update usage cache for slave %s: rc = %d",

WARNING:BLOCK_COMMENT_STYLE: Block comments use a trailing */ on a separate line
#1108: FILE: lustre/quota/qmt_internal.h:70:
+	 * Remains off until MD inode aggregation is ready. */

WARNING:BLOCK_COMMENT_STYLE: Block comments use a trailing */ on a separate line
#1136: FILE: lustre/quota/qmt_internal.h:396:
+ * so the next refresh retries the proxy fetch soon. */

WARNING:FUNCTION_ARGUMENTS: function definition argument 'struct lqe_usg_data *' should also have an identifier name
#1147: FILE: lustre/quota/qmt_internal.h:537:
+void qmt_free_lqe_usg(struct lqe_usg_data *);

WARNING:FUNCTION_ARGUMENTS: function definition argument 'const struct lu_env *' should also have an identifier name
#1148: FILE: lustre/quota/qmt_internal.h:538:
+int qmt_update_lqe_usg_with_ttl(const struct lu_env *, struct lquota_entry *,

WARNING:FUNCTION_ARGUMENTS: function definition argument 'struct lquota_entry *' should also have an identifier name
#1148: FILE: lustre/quota/qmt_internal.h:538:
+int qmt_update_lqe_usg_with_ttl(const struct lu_env *, struct lquota_entry *,

WARNING:FUNCTION_ARGUMENTS: function definition argument 'int' should also have an identifier name
#1148: FILE: lustre/quota/qmt_internal.h:538:
+int qmt_update_lqe_usg_with_ttl(const struct lu_env *, struct lquota_entry *,

WARNING:FUNCTION_ARGUMENTS: function definition argument 'bool' should also have an identifier name
#1148: FILE: lustre/quota/qmt_internal.h:538:
+int qmt_update_lqe_usg_with_ttl(const struct lu_env *, struct lquota_entry *,

WARNING:FUNCTION_ARGUMENTS: function definition argument '__u64' should also have an identifier name
#1148: FILE: lustre/quota/qmt_internal.h:538:
+int qmt_update_lqe_usg_with_ttl(const struct lu_env *, struct lquota_entry *,

WARNING:FUNCTION_ARGUMENTS: function definition argument 'time64_t' should also have an identifier name
#1148: FILE: lustre/quota/qmt_internal.h:538:
+int qmt_update_lqe_usg_with_ttl(const struct lu_env *, struct lquota_entry *,

WARNING:FUNCTION_ARGUMENTS: function definition argument 'const struct lu_env *' should also have an identifier name
#1150: FILE: lustre/quota/qmt_internal.h:540:
+int qmt_update_lqe_usg(const struct lu_env *, struct lquota_entry *,

WARNING:FUNCTION_ARGUMENTS: function definition argument 'struct lquota_entry *' should also have an identifier name
#1150: FILE: lustre/quota/qmt_internal.h:540:
+int qmt_update_lqe_usg(const struct lu_env *, struct lquota_entry *,

WARNING:FUNCTION_ARGUMENTS: function definition argument 'int' should also have an identifier name
#1150: FILE: lustre/quota/qmt_internal.h:540:
+int qmt_update_lqe_usg(const struct lu_env *, struct lquota_entry *,

WARNING:FUNCTION_ARGUMENTS: function definition argument 'bool' should also have an identifier name
#1150: FILE: lustre/quota/qmt_internal.h:540:
+int qmt_update_lqe_usg(const struct lu_env *, struct lquota_entry *,

WARNING:FUNCTION_ARGUMENTS: function definition argument '__u64' should also have an identifier name
#1150: FILE: lustre/quota/qmt_internal.h:540:
+int qmt_update_lqe_usg(const struct lu_env *, struct lquota_entry *,

WARNING:FUNCTION_ARGUMENTS: function definition argument 'struct lquota_entry *' should also have an identifier name
#1152: FILE: lustre/quota/qmt_internal.h:542:
+void qmt_del_lqe_usg(struct lquota_entry *, enum qmt_stype, int);

WARNING:FUNCTION_ARGUMENTS: function definition argument 'int' should also have an identifier name
#1152: FILE: lustre/quota/qmt_internal.h:542:
+void qmt_del_lqe_usg(struct lquota_entry *, enum qmt_stype, int);

WARNING:FUNCTION_ARGUMENTS: function definition argument 'const struct lu_env *' should also have an identifier name
#1153: FILE: lustre/quota/qmt_internal.h:543:
+int qmt_sum_lqe_usg(const struct lu_env *, struct lquota_entry *,

WARNING:FUNCTION_ARGUMENTS: function definition argument 'struct lquota_entry *' should also have an identifier name
#1153: FILE: lustre/quota/qmt_internal.h:543:
+int qmt_sum_lqe_usg(const struct lu_env *, struct lquota_entry *,

WARNING:FUNCTION_ARGUMENTS: function definition argument '__u64 *' should also have an identifier name
#1153: FILE: lustre/quota/qmt_internal.h:543:
+int qmt_sum_lqe_usg(const struct lu_env *, struct lquota_entry *,

WARNING:FUNCTION_ARGUMENTS: function definition argument 'time64_t' should also have an identifier name
#1153: FILE: lustre/quota/qmt_internal.h:543:
+int qmt_sum_lqe_usg(const struct lu_env *, struct lquota_entry *,

WARNING:FUNCTION_ARGUMENTS: function definition argument 'const struct lu_env *' should also have an identifier name
#1155: FILE: lustre/quota/qmt_internal.h:545:
+int qmt_refresh_lqe_usg(const struct lu_env *, struct qmt_device *,

WARNING:FUNCTION_ARGUMENTS: function definition argument 'struct qmt_device *' should also have an identifier name
#1155: FILE: lustre/quota/qmt_internal.h:545:
+int qmt_refresh_lqe_usg(const struct lu_env *, struct qmt_device *,

WARNING:FUNCTION_ARGUMENTS: function definition argument 'struct lquota_entry *' should also have an identifier name
#1155: FILE: lustre/quota/qmt_internal.h:545:
+int qmt_refresh_lqe_usg(const struct lu_env *, struct qmt_device *,

WARNING:FUNCTION_ARGUMENTS: function definition argument 'time64_t' should also have an identifier name
#1155: FILE: lustre/quota/qmt_internal.h:545:
+int qmt_refresh_lqe_usg(const struct lu_env *, struct qmt_device *,

WARNING:MULTILINE_DEREFERENCE: Avoid multiple line dereference - prefer 'pool->qpi_site[i]->lqs_hash'
#1304: FILE: lustre/quota/qmt_pool.c:1014:
+					cfs_hash_for_each(pool->qpi_site[i]->
+							  lqs_hash,

WARNING:LONG_LINE_STRING: line length of 101 exceeds 100 columns
#1340: FILE: lustre/quota/qmt_pool.c:1061:
+					CERROR("%s: cannot add DOM MDT idx:%d to pool %s: rc = %d\n",

total: 0 errors, 29 warnings, 1390 lines checked

NOTE: For some of the reported defects, checkpatch may be able to
      mechanically convert to the typical style using --fix or --fix-inplace.

Your patch has style problems, please review.

NOTE: If any of the errors are false positives, please report
      them to the maintainer, see CHECKPATCH in MAINTAINERS.
