CLI: ./pk --podman-socket unix:///run/user/1000/podman/podman.sock --shared-filesystem /tmp --tarball-input job lustre-ci --output /var/www/ci-lustre/upstream-patch-review --git-hash 95e8fdff4e9c642b536f186e3529d8258139e0e9 --change-id 66672_95e8fdff4e9c642b536f186e3529d8258139e0e9 --subject LU-12668 ec: allow SEEK_DATA/HOLE on parity mirror lseek

Environment validated successfully
Note: custom LLVM is not synced in tarball input mode
Creating kernel tarball at /tmp/ktest-kernel.tar.gz...
Creating lustre tarball at /tmp/ktest-lustre.tar.gz...
Creating ZFS tarball at /tmp/ktest-zfs.tar.gz...
Executing 14 jobs
Jobs will start as soon as their dependencies are satisfied
Using tarball input mode

START checkpatch:checkpatch tool checkpatch
START ml:lustre_mainline build tests/fs/lustre/boot.ktest
START al2023:al2023 build tests/fs/lustre/boot.ktest
START u24:u24 build tests/fs/lustre/boot.ktest
START ml-strict:lustre_mainline build tests/fs/lustre/boot-strict.ktest
START ml-miscvm:lustre_mainline_native build tests/fs/lustre/boot.ktest
PUT /tmp/ktest-lustre.tar.gz 1s
PUT /tmp/ktest-lustre.tar.gz 2s
PUT /tmp/ktest-kernel.tar.gz 8s
PUT /tmp/ktest-kernel.tar.gz 8s
PUT /tmp/ktest-kernel.tar.gz 8s
PUT /tmp/ktest-kernel.tar.gz 8s
PUT /tmp/ktest-lustre.tar.gz 4s
PUT /tmp/ktest-lustre.tar.gz 4s
PUT /tmp/ktest-lustre.tar.gz 4s
PUT /tmp/ktest-lustre.tar.gz 4s
PUT /tmp/ktest-zfs.tar.gz 0s
PUT /tmp/ktest-zfs.tar.gz 0s
PUT /tmp/ktest-zfs.tar.gz 0s
END checkpatch:checkpatch tool checkpatch PASS 15s
END u24:u24 build tests/fs/lustre/boot.ktest PASS 43s
END al2023:al2023 build tests/fs/lustre/boot.ktest PASS 47s
GET /tmp/ktest_ml-strict:lustre_mainline_17yr4zvc.tar 9s
END ml-strict:lustre_mainline build tests/fs/lustre/boot-strict.ktest FAIL 181s (exit code: 1)
GET /tmp/ktest_ml-miscvm:lustre_mainline_native_r9f1re72.tar 0s
GET /tmp/ktest_ml:lustre_mainline_3ov5pv0h.tar 0s
END ml-miscvm:lustre_mainline_native build tests/fs/lustre/boot.ktest PASS 194s
START ml-miscvm:boot run tests/fs/lustre/boot.ktest
START ml-miscvm:llmount run tests/fs/lustre/llmount.ktest
START ml-miscvm:llog-unit run tests/fs/lustre/llog-unit.ktest
START ml-miscvm:mgs-setup run tests/fs/lustre/mgs-setup.ktest
START ml-miscvm:sanity-1 run tests/fs/lustre/sanity/sanity-1.ktest
START ml-miscvm:sanity-2 run tests/fs/lustre/sanity/sanity-2.ktest
START ml-miscvm:sanity-3 run tests/fs/lustre/sanity/sanity-3.ktest
START ml-miscvm:sanity-4 run tests/fs/lustre/sanity/sanity-4.ktest
END ml:lustre_mainline build tests/fs/lustre/boot.ktest PASS 195s
PUT /tmp/ktest-kernel.tar.gz 43s
PUT /tmp/ktest-kernel.tar.gz 43s
PUT /tmp/ktest-kernel.tar.gz 43s
PUT /tmp/ktest-kernel.tar.gz 43s
PUT /tmp/ktest-kernel.tar.gz 43s
PUT /tmp/ktest-kernel.tar.gz 43s
PUT /tmp/ktest-kernel.tar.gz 43s
PUT /tmp/ktest-kernel.tar.gz 43s
PUT /tmp/ktest-lustre.tar.gz 16s
PUT /tmp/ktest-lustre.tar.gz 17s
PUT /tmp/ktest-lustre.tar.gz 17s
PUT /tmp/ktest-lustre.tar.gz 17s
PUT /tmp/ktest-lustre.tar.gz 16s
PUT /tmp/ktest-lustre.tar.gz 17s
PUT /tmp/ktest-lustre.tar.gz 17s
PUT /tmp/ktest-lustre.tar.gz 16s
PUT /tmp/ktest_ml-miscvm:lustre_mainline_native_r9f1re72.tar 3s
PUT /tmp/ktest_ml-miscvm:lustre_mainline_native_r9f1re72.tar 3s
PUT /tmp/ktest_ml-miscvm:lustre_mainline_native_r9f1re72.tar 3s
PUT /tmp/ktest_ml-miscvm:lustre_mainline_native_r9f1re72.tar 3s
PUT /tmp/ktest_ml-miscvm:lustre_mainline_native_r9f1re72.tar 3s
PUT /tmp/ktest_ml-miscvm:lustre_mainline_native_r9f1re72.tar 3s
PUT /tmp/ktest_ml-miscvm:lustre_mainline_native_r9f1re72.tar 3s
PUT /tmp/ktest_ml-miscvm:lustre_mainline_native_r9f1re72.tar 3s
END ml-miscvm:boot run tests/fs/lustre/boot.ktest PASS 79s
END ml-miscvm:mgs-setup run tests/fs/lustre/mgs-setup.ktest PASS 87s
END ml-miscvm:sanity-3 run tests/fs/lustre/sanity/sanity-3.ktest PASS 117s
END ml-miscvm:sanity-1 run tests/fs/lustre/sanity/sanity-1.ktest PASS 118s
END ml-miscvm:sanity-2 run tests/fs/lustre/sanity/sanity-2.ktest PASS 120s
END ml-miscvm:sanity-4 run tests/fs/lustre/sanity/sanity-4.ktest PASS 121s
END ml-miscvm:llmount run tests/fs/lustre/llmount.ktest PASS 126s
END ml-miscvm:llog-unit run tests/fs/lustre/llog-unit.ktest FAIL 164s (exit code: 1)

============================================================
Final Results:
  checkpatch:checkpatch: PASS (15s) (log: /var/www/ci-lustre/upstream-patch-review/95e8fdff4e9c642b536f186e3529d8258139e0e9_checkpatch:checkpatch.log)
  u24:u24: PASS (43s) (log: /var/www/ci-lustre/upstream-patch-review/95e8fdff4e9c642b536f186e3529d8258139e0e9_u24:u24.log)
  al2023:al2023: PASS (47s) (log: /var/www/ci-lustre/upstream-patch-review/95e8fdff4e9c642b536f186e3529d8258139e0e9_al2023:al2023.log)
  ml-strict:lustre_mainline: FAIL (181s) (log: /var/www/ci-lustre/upstream-patch-review/95e8fdff4e9c642b536f186e3529d8258139e0e9_ml-strict:lustre_mainline.log)
  ml:lustre_mainline: PASS (195s) (log: /var/www/ci-lustre/upstream-patch-review/95e8fdff4e9c642b536f186e3529d8258139e0e9_ml:lustre_mainline.log)
  ml-miscvm:lustre_mainline_native: PASS (194s) (log: /var/www/ci-lustre/upstream-patch-review/95e8fdff4e9c642b536f186e3529d8258139e0e9_ml-miscvm:lustre_mainline_native.log)
  ml-miscvm:boot: PASS (79s) (log: /var/www/ci-lustre/upstream-patch-review/95e8fdff4e9c642b536f186e3529d8258139e0e9_ml-miscvm:boot.log)
  ml-miscvm:llmount: PASS (126s) (log: /var/www/ci-lustre/upstream-patch-review/95e8fdff4e9c642b536f186e3529d8258139e0e9_ml-miscvm:llmount.log)
  ml-miscvm:llog-unit: FAIL (164s) (log: /var/www/ci-lustre/upstream-patch-review/95e8fdff4e9c642b536f186e3529d8258139e0e9_ml-miscvm:llog-unit.log)
  ml-miscvm:mgs-setup: PASS (87s) (log: /var/www/ci-lustre/upstream-patch-review/95e8fdff4e9c642b536f186e3529d8258139e0e9_ml-miscvm:mgs-setup.log)
  ml-miscvm:sanity-1: PASS (118s) (log: /var/www/ci-lustre/upstream-patch-review/95e8fdff4e9c642b536f186e3529d8258139e0e9_ml-miscvm:sanity-1.log)
  ml-miscvm:sanity-2: PASS (120s) (log: /var/www/ci-lustre/upstream-patch-review/95e8fdff4e9c642b536f186e3529d8258139e0e9_ml-miscvm:sanity-2.log)
  ml-miscvm:sanity-3: PASS (117s) (log: /var/www/ci-lustre/upstream-patch-review/95e8fdff4e9c642b536f186e3529d8258139e0e9_ml-miscvm:sanity-3.log)
  ml-miscvm:sanity-4: PASS (121s) (log: /var/www/ci-lustre/upstream-patch-review/95e8fdff4e9c642b536f186e3529d8258139e0e9_ml-miscvm:sanity-4.log)

Total execution time: 389s

Packed 6952 logs from /var/www/ci-lustre/upstream-patch-review into /home/ktest/ktest/local-site/local_data.js
Open /home/ktest/ktest/local-site/index.html in a browser
