CLI: ./pk --podman-socket unix:///run/user/1000/podman/podman.sock --shared-filesystem /tmp --tarball-input job lustre-ci --output /var/www/ci-lustre/upstream-patch-review --git-hash 968d6b5223796c8049f49b01e60409c813d31761 --change-id 68414_968d6b5223796c8049f49b01e60409c813d31761 --subject LU-20648 mdc: fix changelog mask composition

Environment validated successfully
Note: custom LLVM is not synced in tarball input mode
Creating kernel tarball at /tmp/ktest-kernel.tar.gz...
Creating lustre tarball at /tmp/ktest-lustre.tar.gz...
Creating ZFS tarball at /tmp/ktest-zfs.tar.gz...
Executing 14 jobs
Jobs will start as soon as their dependencies are satisfied
Using tarball input mode

START u24:u24 build tests/fs/lustre/boot.ktest
START ml-strict:lustre_mainline build tests/fs/lustre/boot-strict.ktest
START ml:lustre_mainline build tests/fs/lustre/boot.ktest
START ml-miscvm:lustre_mainline_native build tests/fs/lustre/boot.ktest
START checkpatch:checkpatch tool checkpatch
START al2023:al2023 build tests/fs/lustre/boot.ktest
PUT /tmp/ktest-lustre.tar.gz 1s
PUT /tmp/ktest-lustre.tar.gz 1s
PUT /tmp/ktest-kernel.tar.gz 9s
PUT /tmp/ktest-kernel.tar.gz 9s
PUT /tmp/ktest-kernel.tar.gz 9s
PUT /tmp/ktest-kernel.tar.gz 9s
PUT /tmp/ktest-lustre.tar.gz 3s
PUT /tmp/ktest-lustre.tar.gz 3s
PUT /tmp/ktest-lustre.tar.gz 3s
PUT /tmp/ktest-lustre.tar.gz 3s
PUT /tmp/ktest-zfs.tar.gz 0s
PUT /tmp/ktest-zfs.tar.gz 0s
PUT /tmp/ktest-zfs.tar.gz 0s
END checkpatch:checkpatch tool checkpatch PASS 15s
END u24:u24 build tests/fs/lustre/boot.ktest PASS 41s
END al2023:al2023 build tests/fs/lustre/boot.ktest PASS 47s
GET /tmp/ktest_ml-miscvm:lustre_mainline_native_rshdkria.tar 0s
GET /tmp/ktest_ml-strict:lustre_mainline_iict29df.tar 4s
END ml-miscvm:lustre_mainline_native build tests/fs/lustre/boot.ktest PASS 150s
START ml-miscvm:boot run tests/fs/lustre/boot.ktest
START ml-miscvm:llmount run tests/fs/lustre/llmount.ktest
START ml-miscvm:llog-unit run tests/fs/lustre/llog-unit.ktest
START ml-miscvm:mgs-setup run tests/fs/lustre/mgs-setup.ktest
START ml-miscvm:sanity-1 run tests/fs/lustre/sanity/sanity-1.ktest
START ml-miscvm:sanity-2 run tests/fs/lustre/sanity/sanity-2.ktest
START ml-miscvm:sanity-3 run tests/fs/lustre/sanity/sanity-3.ktest
START ml-miscvm:sanity-4 run tests/fs/lustre/sanity/sanity-4.ktest
END ml-strict:lustre_mainline build tests/fs/lustre/boot-strict.ktest FAIL 152s (exit code: 1)
GET /tmp/ktest_ml:lustre_mainline_117li04i.tar 0s
END ml:lustre_mainline build tests/fs/lustre/boot.ktest PASS 169s
PUT /tmp/ktest-kernel.tar.gz 31s
PUT /tmp/ktest-kernel.tar.gz 31s
PUT /tmp/ktest-kernel.tar.gz 31s
PUT /tmp/ktest-kernel.tar.gz 32s
PUT /tmp/ktest-kernel.tar.gz 29s
PUT /tmp/ktest-kernel.tar.gz 32s
PUT /tmp/ktest-kernel.tar.gz 29s
PUT /tmp/ktest-kernel.tar.gz 32s
PUT /tmp/ktest-lustre.tar.gz 14s
PUT /tmp/ktest-lustre.tar.gz 13s
PUT /tmp/ktest-lustre.tar.gz 14s
PUT /tmp/ktest-lustre.tar.gz 14s
PUT /tmp/ktest-lustre.tar.gz 14s
PUT /tmp/ktest-lustre.tar.gz 14s
PUT /tmp/ktest-lustre.tar.gz 14s
PUT /tmp/ktest-lustre.tar.gz 14s
PUT /tmp/ktest_ml-miscvm:lustre_mainline_native_rshdkria.tar 2s
PUT /tmp/ktest_ml-miscvm:lustre_mainline_native_rshdkria.tar 2s
PUT /tmp/ktest_ml-miscvm:lustre_mainline_native_rshdkria.tar 2s
PUT /tmp/ktest_ml-miscvm:lustre_mainline_native_rshdkria.tar 2s
PUT /tmp/ktest_ml-miscvm:lustre_mainline_native_rshdkria.tar 2s
PUT /tmp/ktest_ml-miscvm:lustre_mainline_native_rshdkria.tar 3s
PUT /tmp/ktest_ml-miscvm:lustre_mainline_native_rshdkria.tar 2s
PUT /tmp/ktest_ml-miscvm:lustre_mainline_native_rshdkria.tar 2s
END ml-miscvm:boot run tests/fs/lustre/boot.ktest PASS 80s
END ml-miscvm:mgs-setup run tests/fs/lustre/mgs-setup.ktest PASS 89s
END ml-miscvm:sanity-1 run tests/fs/lustre/sanity/sanity-1.ktest PASS 115s
END ml-miscvm:sanity-3 run tests/fs/lustre/sanity/sanity-3.ktest PASS 119s
END ml-miscvm:sanity-2 run tests/fs/lustre/sanity/sanity-2.ktest PASS 130s
END ml-miscvm:sanity-4 run tests/fs/lustre/sanity/sanity-4.ktest PASS 131s
END ml-miscvm:llmount run tests/fs/lustre/llmount.ktest PASS 139s
END ml-miscvm:llog-unit run tests/fs/lustre/llog-unit.ktest FAIL 163s (exit code: 1)

============================================================
Final Results:
  checkpatch:checkpatch: PASS (15s) (log: /var/www/ci-lustre/upstream-patch-review/968d6b5223796c8049f49b01e60409c813d31761_checkpatch:checkpatch.log)
  u24:u24: PASS (41s) (log: /var/www/ci-lustre/upstream-patch-review/968d6b5223796c8049f49b01e60409c813d31761_u24:u24.log)
  al2023:al2023: PASS (47s) (log: /var/www/ci-lustre/upstream-patch-review/968d6b5223796c8049f49b01e60409c813d31761_al2023:al2023.log)
  ml-strict:lustre_mainline: FAIL (152s) (log: /var/www/ci-lustre/upstream-patch-review/968d6b5223796c8049f49b01e60409c813d31761_ml-strict:lustre_mainline.log)
  ml:lustre_mainline: PASS (169s) (log: /var/www/ci-lustre/upstream-patch-review/968d6b5223796c8049f49b01e60409c813d31761_ml:lustre_mainline.log)
  ml-miscvm:lustre_mainline_native: PASS (150s) (log: /var/www/ci-lustre/upstream-patch-review/968d6b5223796c8049f49b01e60409c813d31761_ml-miscvm:lustre_mainline_native.log)
  ml-miscvm:boot: PASS (80s) (log: /var/www/ci-lustre/upstream-patch-review/968d6b5223796c8049f49b01e60409c813d31761_ml-miscvm:boot.log)
  ml-miscvm:llmount: PASS (139s) (log: /var/www/ci-lustre/upstream-patch-review/968d6b5223796c8049f49b01e60409c813d31761_ml-miscvm:llmount.log)
  ml-miscvm:llog-unit: FAIL (163s) (log: /var/www/ci-lustre/upstream-patch-review/968d6b5223796c8049f49b01e60409c813d31761_ml-miscvm:llog-unit.log)
  ml-miscvm:mgs-setup: PASS (89s) (log: /var/www/ci-lustre/upstream-patch-review/968d6b5223796c8049f49b01e60409c813d31761_ml-miscvm:mgs-setup.log)
  ml-miscvm:sanity-1: PASS (115s) (log: /var/www/ci-lustre/upstream-patch-review/968d6b5223796c8049f49b01e60409c813d31761_ml-miscvm:sanity-1.log)
  ml-miscvm:sanity-2: PASS (130s) (log: /var/www/ci-lustre/upstream-patch-review/968d6b5223796c8049f49b01e60409c813d31761_ml-miscvm:sanity-2.log)
  ml-miscvm:sanity-3: PASS (119s) (log: /var/www/ci-lustre/upstream-patch-review/968d6b5223796c8049f49b01e60409c813d31761_ml-miscvm:sanity-3.log)
  ml-miscvm:sanity-4: PASS (131s) (log: /var/www/ci-lustre/upstream-patch-review/968d6b5223796c8049f49b01e60409c813d31761_ml-miscvm:sanity-4.log)

Total execution time: 344s

Packed 5324 logs from /var/www/ci-lustre/upstream-patch-review into /home/ktest/ktest/local-site/local_data.js
Open /home/ktest/ktest/local-site/index.html in a browser
