WARNING:MEMORY_BARRIER: memory barrier without comment
#217: FILE: lnet/lnet/lib-disc-view.c:364:
+		smp_store_release(&lnet_external_disc_active, state);

WARNING:LONG_LINE_STRING: line length of 181 exceeds 100 columns
#417: FILE: lnet/lnet/lib-disc-view.c:1395:
+		CERROR("nodemap nidrange discovery: %d NI(s) exceed lnet_interfaces_max=%d and get no discovery view; they are unreachable by discovery until the limit is raised\n",

WARNING:UNSPECIFIED_INT: Prefer 'unsigned int' to bare use of 'unsigned'
#1635: FILE: lustre/ptlrpc/wiretest.c:6771:
+		 (unsigned)NM_FL2_DISC_VISIBILITY);

WARNING:UNSPECIFIED_INT: Prefer 'unsigned int' to bare use of 'unsigned'
#1644: FILE: lustre/ptlrpc/wiretest.c:7450:
+		 (unsigned)LCFG_NODEMAP_DISC_VISIBILITY);

WARNING:LONG_LINE: line length of 113 exceeds 100 columns
#1835: FILE: lustre/tests/conf-sanity.sh:6393:
+	stack_trap 'do_facet mgs "$LCTL nodemap_del nr57n_b" >/dev/null 2>&1 || true; nidrange_test_cleanup' EXIT

WARNING:LONG_LINE_STRING: line length of 101 exceeds 100 columns
#1882: FILE: lustre/tests/conf-sanity.sh:6440:
+	error "view from $source through $seed did not converge: present='$present' absent='$absent'"

WARNING:LONG_LINE: line length of 102 exceeds 100 columns
#2165: FILE: lustre/tests/conf-sanity.sh:6723:
+	stack_trap "do_node '$mgshost' '$LNETCTL net del --net $mgs_net' >/dev/null 2>&1 || true" EXIT

WARNING:UNSPECIFIED_INT: Prefer 'unsigned int' to bare use of 'unsigned'
#2249: FILE: lustre/utils/wiretest.c:6790:
+		 (unsigned)NM_FL2_DISC_VISIBILITY);

WARNING:UNSPECIFIED_INT: Prefer 'unsigned int' to bare use of 'unsigned'
#2258: FILE: lustre/utils/wiretest.c:7469:
+		 (unsigned)LCFG_NODEMAP_DISC_VISIBILITY);

total: 0 errors, 9 warnings, 2135 lines checked

NOTE: For some of the reported defects, checkpatch may be able to
      mechanically convert to the typical style using --fix or --fix-inplace.

Your patch has style problems, please review.

NOTE: If any of the errors are false positives, please report
      them to the maintainer, see CHECKPATCH in MAINTAINERS.
