WARNING:CONSTANT_COMPARISON: Comparisons should place the constant on the right side of the test
#121: FILE: lustre/osd-ldiskfs/osd_internal.h:951:
+#if LUSTRE_VERSION_CODE < OBD_OCD_VERSION(2, 18, 53, 0)

WARNING:MACRO_ARG_UNUSED: Argument 'osd' is not used in function-like macro
#125: FILE: lustre/osd-ldiskfs/osd_internal.h:955:
+#define osd_symlink_brw_stats(osd) do {} while (0)

WARNING:CONSTANT_COMPARISON: Comparisons should place the constant on the right side of the test
#149: FILE: lustre/osd-ldiskfs/osd_lproc.c:39:
+#if LUSTRE_VERSION_CODE < OBD_OCD_VERSION(2, 18, 53, 0)

WARNING:CONSTANT_COMPARISON: Comparisons should place the constant on the right side of the test
#215: FILE: lustre/osd-ldiskfs/osd_lproc.c:917:
+#if LUSTRE_VERSION_CODE < OBD_OCD_VERSION(2, 18, 53, 0)

WARNING:CONSTANT_COMPARISON: Comparisons should place the constant on the right side of the test
#247: FILE: lustre/osd-ldiskfs/osd_lproc.c:944:
+#if LUSTRE_VERSION_CODE < OBD_OCD_VERSION(2, 18, 53, 0)

WARNING:CONSTANT_COMPARISON: Comparisons should place the constant on the right side of the test
#325: FILE: lustre/osd-zfs/osd_internal.h:627:
+#if LUSTRE_VERSION_CODE < OBD_OCD_VERSION(2, 18, 53, 0)

WARNING:MACRO_ARG_UNUSED: Argument 'osd' is not used in function-like macro
#329: FILE: lustre/osd-zfs/osd_internal.h:631:
+#define osd_symlink_brw_stats(osd) do {} while (0)

WARNING:CONSTANT_COMPARISON: Comparisons should place the constant on the right side of the test
#356: FILE: lustre/osd-zfs/osd_lproc.c:26:
+#if LUSTRE_VERSION_CODE < OBD_OCD_VERSION(2, 18, 53, 0)

WARNING:CONSTANT_COMPARISON: Comparisons should place the constant on the right side of the test
#417: FILE: lustre/osd-zfs/osd_lproc.c:502:
+#if LUSTRE_VERSION_CODE < OBD_OCD_VERSION(2, 18, 53, 0)

WARNING:CONSTANT_COMPARISON: Comparisons should place the constant on the right side of the test
#446: FILE: lustre/osd-zfs/osd_lproc.c:526:
+#if LUSTRE_VERSION_CODE < OBD_OCD_VERSION(2, 18, 53, 0)

WARNING:CONST_STRUCT: struct kobj_type should normally be const
#796: FILE: lustre/quota/qmt_internal.h:176:
+	struct kobj_type	qpi_ktype;

WARNING:CONST_STRUCT: struct kobj_type should normally be const
#1067: FILE: lustre/quota/qsd_internal.h:111:
+	struct kobj_type	qsd_ktype;

total: 0 errors, 12 warnings, 1488 lines checked

NOTE: For some of the reported defects, checkpatch may be able to
      mechanically convert to the typical style using --fix or --fix-inplace.

Your patch has style problems, please review.

NOTE: If any of the errors are false positives, please report
      them to the maintainer, see CHECKPATCH in MAINTAINERS.
