WARNING:FILE_PATH_CHANGES: added, moved or deleted file(s), does MAINTAINERS need updating?
#2: 
new file mode 100644

WARNING:MACRO_ARG_UNUSED: Argument 'data' is not used in function-like macro
#162: FILE: lustre/include/lustre_disk.h:54:
+#define IS_MGS0(data)		(0)

WARNING:LONG_LINE_STRING: line length of 158 exceeds 100 columns
#252: FILE: lustre/ldlm/ldlm_lib.c:1259:
+		CWARN("%s: refusing connection from %s: this is an MGS follower, which only serves clients that support it with no sptlrpc flavor: rc = %d\n",

WARNING:PREFER_FALLTHROUGH: Prefer 'fallthrough;' over fallthrough comment
#452: FILE: lustre/mgc/mgc_request.c:1897:
+		 * nothing left to parse; a combined MGS/MDT0 falls through

WARNING:LONG_LINE_STRING: line length of 117 exceeds 100 columns
#575: FILE: lustre/mgs/mgs_fs.c:157:
+			CERROR("%s: error loading nodemap config file, file must be removed via ldiskfs: rc = %ld\n",

WARNING:LONG_LINE_STRING: line length of 140 exceeds 100 columns
#1198: FILE: lustre/target/tgt_mount.c:2680:
+			LCONSOLE_INFO("%s: 'mgsnode=' names another MGS, so this mount starts an MGS follower rather than the MGS itself\n",

WARNING:LONG_LINE_STRING: line length of 118 exceeds 100 columns
#1217: FILE: lustre/target/tgt_mount.c:2699:
+		LCONSOLE_INFO("%s: 'mgsnode=' names another MGS, and no MGS follower starts without 'mgs_follower'\n",

total: 0 errors, 7 warnings, 1291 lines checked

NOTE: For some of the reported defects, checkpatch may be able to
      mechanically convert to the typical style using --fix or --fix-inplace.

Your patch has style problems, please review.

NOTE: If any of the errors are false positives, please report
      them to the maintainer, see CHECKPATCH in MAINTAINERS.
