CLI: ./pk --podman-socket unix:///run/user/1000/podman/podman.sock --shared-filesystem /tmp --tarball-input job lustre-ci --output /var/www/ci-lustre/upstream-patch-review --git-hash 9851dfd983ad372fb5a5852802a2d35e983ae850 --change-id 69320_9851dfd983ad372fb5a5852802a2d35e983ae850 --subject LU-20808 idl: add OBD_CONNECT2_DNE_INTENT

Environment validated successfully
Note: custom LLVM is not synced in tarball input mode
Creating kernel tarball at /tmp/ktest-kernel.tar.gz...
Creating lustre tarball at /tmp/ktest-lustre.tar.gz...
Creating ZFS tarball at /tmp/ktest-zfs.tar.gz...
Executing 14 jobs
Jobs will start as soon as their dependencies are satisfied
Using tarball input mode

START al2023:al2023 build tests/fs/lustre/boot.ktest
START u24:u24 build tests/fs/lustre/boot.ktest
START ml:lustre_mainline build tests/fs/lustre/boot.ktest
START checkpatch:checkpatch tool checkpatch
START ml-miscvm:lustre_mainline_native build tests/fs/lustre/boot.ktest
START ml-strict:lustre_mainline build tests/fs/lustre/boot-strict.ktest
PUT /tmp/ktest-lustre.tar.gz 1s
PUT /tmp/ktest-lustre.tar.gz 1s
PUT /tmp/ktest-kernel.tar.gz 19s
PUT /tmp/ktest-kernel.tar.gz 19s
PUT /tmp/ktest-kernel.tar.gz 19s
PUT /tmp/ktest-kernel.tar.gz 19s
PUT /tmp/ktest-lustre.tar.gz 2s
PUT /tmp/ktest-lustre.tar.gz 2s
PUT /tmp/ktest-lustre.tar.gz 2s
PUT /tmp/ktest-lustre.tar.gz 2s
PUT /tmp/ktest-zfs.tar.gz 0s
PUT /tmp/ktest-zfs.tar.gz 0s
PUT /tmp/ktest-zfs.tar.gz 0s
END checkpatch:checkpatch tool checkpatch PASS 25s
END u24:u24 build tests/fs/lustre/boot.ktest PASS 49s
END al2023:al2023 build tests/fs/lustre/boot.ktest PASS 54s
GET /tmp/ktest_ml-strict:lustre_mainline_bevn5mov.tar 5s
END ml-strict:lustre_mainline build tests/fs/lustre/boot-strict.ktest FAIL 234s (exit code: 1)
GET /tmp/ktest_ml:lustre_mainline_3sqw0m9o.tar 0s
END ml:lustre_mainline build tests/fs/lustre/boot.ktest PASS 240s
GET /tmp/ktest_ml-miscvm:lustre_mainline_native_irkm48wk.tar 2s
END ml-miscvm:lustre_mainline_native build tests/fs/lustre/boot.ktest PASS 242s
START ml-miscvm:boot run tests/fs/lustre/boot.ktest
START ml-miscvm:llmount run tests/fs/lustre/llmount.ktest
START ml-miscvm:llog-unit run tests/fs/lustre/llog-unit.ktest
START ml-miscvm:mgs-setup run tests/fs/lustre/mgs-setup.ktest
START ml-miscvm:sanity-1 run tests/fs/lustre/sanity/sanity-1.ktest
START ml-miscvm:sanity-2 run tests/fs/lustre/sanity/sanity-2.ktest
START ml-miscvm:sanity-3 run tests/fs/lustre/sanity/sanity-3.ktest
START ml-miscvm:sanity-4 run tests/fs/lustre/sanity/sanity-4.ktest
PUT /tmp/ktest-kernel.tar.gz 29s
PUT /tmp/ktest-kernel.tar.gz 29s
PUT /tmp/ktest-kernel.tar.gz 29s
PUT /tmp/ktest-kernel.tar.gz 29s
PUT /tmp/ktest-kernel.tar.gz 30s
PUT /tmp/ktest-kernel.tar.gz 30s
PUT /tmp/ktest-kernel.tar.gz 30s
PUT /tmp/ktest-kernel.tar.gz 30s
PUT /tmp/ktest-lustre.tar.gz 14s
PUT /tmp/ktest-lustre.tar.gz 15s
PUT /tmp/ktest-lustre.tar.gz 14s
PUT /tmp/ktest-lustre.tar.gz 15s
PUT /tmp/ktest-lustre.tar.gz 14s
PUT /tmp/ktest-lustre.tar.gz 14s
PUT /tmp/ktest-lustre.tar.gz 15s
PUT /tmp/ktest-lustre.tar.gz 14s
PUT /tmp/ktest_ml-miscvm:lustre_mainline_native_irkm48wk.tar 1s
PUT /tmp/ktest_ml-miscvm:lustre_mainline_native_irkm48wk.tar 1s
PUT /tmp/ktest_ml-miscvm:lustre_mainline_native_irkm48wk.tar 2s
PUT /tmp/ktest_ml-miscvm:lustre_mainline_native_irkm48wk.tar 1s
PUT /tmp/ktest_ml-miscvm:lustre_mainline_native_irkm48wk.tar 2s
PUT /tmp/ktest_ml-miscvm:lustre_mainline_native_irkm48wk.tar 2s
PUT /tmp/ktest_ml-miscvm:lustre_mainline_native_irkm48wk.tar 2s
PUT /tmp/ktest_ml-miscvm:lustre_mainline_native_irkm48wk.tar 2s
END ml-miscvm:boot run tests/fs/lustre/boot.ktest PASS 59s
END ml-miscvm:mgs-setup run tests/fs/lustre/mgs-setup.ktest PASS 70s
END ml-miscvm:sanity-1 run tests/fs/lustre/sanity/sanity-1.ktest PASS 98s
END ml-miscvm:sanity-4 run tests/fs/lustre/sanity/sanity-4.ktest PASS 100s
END ml-miscvm:sanity-2 run tests/fs/lustre/sanity/sanity-2.ktest PASS 101s
END ml-miscvm:sanity-3 run tests/fs/lustre/sanity/sanity-3.ktest PASS 102s
END ml-miscvm:llmount run tests/fs/lustre/llmount.ktest PASS 106s
END ml-miscvm:llog-unit run tests/fs/lustre/llog-unit.ktest FAIL 145s (exit code: 1)

============================================================
Final Results:
  checkpatch:checkpatch: PASS (25s) (log: /var/www/ci-lustre/upstream-patch-review/9851dfd983ad372fb5a5852802a2d35e983ae850_checkpatch:checkpatch.log)
  u24:u24: PASS (49s) (log: /var/www/ci-lustre/upstream-patch-review/9851dfd983ad372fb5a5852802a2d35e983ae850_u24:u24.log)
  al2023:al2023: PASS (54s) (log: /var/www/ci-lustre/upstream-patch-review/9851dfd983ad372fb5a5852802a2d35e983ae850_al2023:al2023.log)
  ml-strict:lustre_mainline: FAIL (234s) (log: /var/www/ci-lustre/upstream-patch-review/9851dfd983ad372fb5a5852802a2d35e983ae850_ml-strict:lustre_mainline.log)
  ml:lustre_mainline: PASS (240s) (log: /var/www/ci-lustre/upstream-patch-review/9851dfd983ad372fb5a5852802a2d35e983ae850_ml:lustre_mainline.log)
  ml-miscvm:lustre_mainline_native: PASS (242s) (log: /var/www/ci-lustre/upstream-patch-review/9851dfd983ad372fb5a5852802a2d35e983ae850_ml-miscvm:lustre_mainline_native.log)
  ml-miscvm:boot: PASS (59s) (log: /var/www/ci-lustre/upstream-patch-review/9851dfd983ad372fb5a5852802a2d35e983ae850_ml-miscvm:boot.log)
  ml-miscvm:llmount: PASS (106s) (log: /var/www/ci-lustre/upstream-patch-review/9851dfd983ad372fb5a5852802a2d35e983ae850_ml-miscvm:llmount.log)
  ml-miscvm:llog-unit: FAIL (145s) (log: /var/www/ci-lustre/upstream-patch-review/9851dfd983ad372fb5a5852802a2d35e983ae850_ml-miscvm:llog-unit.log)
  ml-miscvm:mgs-setup: PASS (70s) (log: /var/www/ci-lustre/upstream-patch-review/9851dfd983ad372fb5a5852802a2d35e983ae850_ml-miscvm:mgs-setup.log)
  ml-miscvm:sanity-1: PASS (98s) (log: /var/www/ci-lustre/upstream-patch-review/9851dfd983ad372fb5a5852802a2d35e983ae850_ml-miscvm:sanity-1.log)
  ml-miscvm:sanity-2: PASS (101s) (log: /var/www/ci-lustre/upstream-patch-review/9851dfd983ad372fb5a5852802a2d35e983ae850_ml-miscvm:sanity-2.log)
  ml-miscvm:sanity-3: PASS (102s) (log: /var/www/ci-lustre/upstream-patch-review/9851dfd983ad372fb5a5852802a2d35e983ae850_ml-miscvm:sanity-3.log)
  ml-miscvm:sanity-4: PASS (100s) (log: /var/www/ci-lustre/upstream-patch-review/9851dfd983ad372fb5a5852802a2d35e983ae850_ml-miscvm:sanity-4.log)

Total execution time: 418s

Packed 5566 logs from /var/www/ci-lustre/upstream-patch-review into /home/ktest/ktest/local-site/local_data.js
Open /home/ktest/ktest/local-site/index.html in a browser
