00003 
00012 RDSEED32 is broken. Disabling the corresponding CPUID bit.
00016 init: failed to load nvme_core
00016 init: failed to load nvme
00016 init: failed to load zfs
00018 LNetError: 1:0:(lib-socket.c:619:lnet_inet_enumerate()) lnet: Can't find any usable interfaces, rc = -ENOENT
00018 LNetError: Error -100 starting up LNI tcp
00018 LustreError: 1:0:(events.c:627:ptlrpc_init_portals()) network initialisation failed: rc = -100
00019 init: finit_module /lib/modules/7.0.0-ktest-9938b13-6330a45-20260727-dirty/updates/ptlrpc.ko: Network is down
00019 init: failed to load lustre
00019 init: failed to load osd_zfs
00019 init: failed to load iwlwifi
00019 init: failed to load iwlmvm
00019 init: failed to load mt7921e
00019 init: failed to load i915
00019 init: failed to load nouveau
00031 Kernel version: 7.0.0-ktest-9938b13-6330a45-20260727-dirty
00031 hook init_noop
00031 
00031 Running tests llog-unit
00031 
00031 ========= TEST   llog-unit
00032 /host/home/ktest/git/lustre-release/lustre/tests/test-framework.sh: line 6933: cd: HOME not set
00032 /host/home/ktest/git/lustre-release/lustre/tests/test-framework.sh: line 6933: cd: HOME not set
00032 /host/home/ktest/git/lustre-release/lustre/tests/test-framework.sh: line 6933: cd: HOME not set
00035 MGS_OS_VERSION_ID=24.04
00035 MGS_OS_ID=ubuntu
00035 MGS_OS_VERSION_CODE=402915328
00035 MGS_OS_ID_LIKE=debian ubuntu
00035 MDS1_OS_ID=ubuntu
00035 MDS1_OS_VERSION_CODE=402915328
00035 MDS1_OS_ID_LIKE=debian ubuntu
00035 MDS1_OS_VERSION_ID=24.04
00036 OST1_OS_VERSION_ID=24.04
00036 OST1_OS_VERSION_CODE=402915328
00036 OST1_OS_ID=ubuntu
00036 OST1_OS_ID_LIKE=debian ubuntu
00036 CLIENT_OS_VERSION_ID=24.04
00036 CLIENT_OS_ID_LIKE=debian ubuntu
00036 CLIENT_OS_ID=ubuntu
00036 CLIENT_OS_VERSION_CODE=402915328
00036 Loading modules from /host/home/ktest/git/lustre-release/lustre
00036 detected 16 online CPUs by sysfs
00036 MODOPTS_LIBCFS=
00036 libcfs will create CPU partition based on online CPUs
00037 LNet: Added LNI 10.0.2.15@tcp [8/256/0/180]
00037 gss/krb5 is not supported
00038 Lustre: Echo OBD driver; http://www.lustre.org/
00038 
00038 
00038 /host/home/ktest/git/lustre-release/lustre/tests/test-framework.sh: line 6933: cd: HOME not set
00038 /host/home/ktest/git/lustre-release/lustre/tests/test-framework.sh: line 6933: cd: HOME not set
00038 /host/home/ktest/git/lustre-release/lustre/tests/test-framework.sh: line 6933: cd: HOME not set
00064 Lustre: 2175:0:(llog_test.c:1095:llog_test_7()) 7c: test llog_setattr64_rec
00064 ------------[ cut here ]------------
00064 WARNING: /home/ktest/git/linux/include/linux/fs.h:889 at osd_create+0x9cf/0xcf0 [osd_wbcfs], CPU#7: lctl/2175
00064 Modules linked in: llog_test(O) mgs(O) osd_wbcfs(O) lustre(O) obdecho(O) mgc(O) mdc(O) lov(O) osc(O) lmv(O) ec(O) fid(O) fld(O) ptlrpc(O) efivarfs obdclass(O) ksocklnd(O) lnet(O) libcfs(O)
00064 CPU: 7 UID: 0 PID: 2175 Comm: lctl Tainted: G        W  O        7.0.0-ktest-9938b13-6330a45-20260727-dirty #1 PREEMPT 
00064 Tainted: [W]=WARN, [O]=OOT_MODULE
00064 Hardware name: QEMU Standard PC (Q35 + ICH9, 2009), BIOS 2025.11-3ubuntu7 03/31/2026
00064 RIP: 0010:osd_create+0x9cf/0xcf0 [osd_wbcfs]
00064 Code: c7 c7 00 76 7c a1 48 c7 c6 a0 f2 7d a1 48 c7 c2 00 fc 7d a1 e8 82 dd 43 ff 48 c7 c7 00 76 7c a1 e8 f6 6a 44 ff e9 fe fc ff ff <0f> 0b e9 a5 fa ff ff 48 c7 c1 80 44 5d a0 80 e1 07 80 c1 03 38 c1
00064 RSP: 0018:ffffc9000614f6f8 EFLAGS: 00010246
00064 RAX: 0000000000000000 RBX: ffff888195573c00 RCX: 0000000000000046
00064 RDX: 0000000000000000 RSI: ffff8881066150d8 RDI: ffff888199ae2a58
00064 RBP: ffff888106615048 R08: ffffffff83a16803 R09: 1ffffffff0742d00
00064 R10: dffffc0000000000 R11: fffffbfff0742d01 R12: ffff8881899ba400
00064 R13: dffffc0000000000 R14: 1ffff11032aae780 R15: 1ffff1103133748f
00064 FS:  00007ffadb032940(0000) GS:ffff88831e7ad000(0000) knlGS:0000000000000000
00064 CS:  0010 DS: 0000 ES: 0000 CR0: 0000000080050033
00064 CR2: 00007fe5dcc8db68 CR3: 0000000142983000 CR4: 0000000000750eb0
00064 PKRU: 55555554
00064 Call Trace:
00064  <TASK>
00064  ? local_object_create+0x109/0x640 [obdclass]
00064  ? dt_write_lock+0x16d/0x2a0 [obdclass]
00064  ? llog_osd_create+0x356/0x1140 [obdclass]
00064  ? llog_create+0x2ed/0x530 [obdclass]
00064  ? llog_open_create+0x5af/0xb10 [obdclass]
00064  ? llog_test_7_sub+0xea/0x1250 [llog_test]
00064  ? llog_test_7+0x4a4/0xf50 [llog_test]
00064  ? llog_run_tests+0x3614/0x5ac0 [llog_test]
00064  ? get_random_u32+0x51/0x470
00064  ? llog_test_device_init+0x503/0x840 [llog_test]
00064  ? obd_setup+0x559/0x960 [obdclass]
00064  ? class_setup+0xc7d/0x10e0 [obdclass]
00064  ? class_process_config+0x2edb/0x7cb0 [obdclass]
00064  ? class_handle_ioctl+0x2055/0x3590 [obdclass]
00064  ? obd_class_ioctl+0x1f6/0x3c0 [obdclass]
00064  ? __x64_sys_ioctl+0x961/0xe00
00064  ? _copy_to_user+0x3d/0x60
00064  ? __x64_sys_rt_sigaction+0x107/0x140
00064  ? do_syscall_64+0xc1/0x350
00064  ? entry_SYSCALL_64_after_hwframe+0x4b/0x53
00064  </TASK>
00064 ---[ end trace 0000000000000000 ]---
00070 Lustre: 2175:0:(llog_test.c:1106:llog_test_7()) 7d: test llog_size_change_rec
00070 ------------[ cut here ]------------
00070 WARNING: /home/ktest/git/linux/include/linux/fs.h:889 at osd_create+0x9cf/0xcf0 [osd_wbcfs], CPU#7: lctl/2175
00070 Modules linked in: llog_test(O) mgs(O) osd_wbcfs(O) lustre(O) obdecho(O) mgc(O) mdc(O) lov(O) osc(O) lmv(O) ec(O) fid(O) fld(O) ptlrpc(O) efivarfs obdclass(O) ksocklnd(O) lnet(O) libcfs(O)
00070 CPU: 7 UID: 0 PID: 2175 Comm: lctl Tainted: G        W  O        7.0.0-ktest-9938b13-6330a45-20260727-dirty #1 PREEMPT 
00070 Tainted: [W]=WARN, [O]=OOT_MODULE
00070 Hardware name: QEMU Standard PC (Q35 + ICH9, 2009), BIOS 2025.11-3ubuntu7 03/31/2026
00070 RIP: 0010:osd_create+0x9cf/0xcf0 [osd_wbcfs]
00070 Code: c7 c7 00 76 7c a1 48 c7 c6 a0 f2 7d a1 48 c7 c2 00 fc 7d a1 e8 82 dd 43 ff 48 c7 c7 00 76 7c a1 e8 f6 6a 44 ff e9 fe fc ff ff <0f> 0b e9 a5 fa ff ff 48 c7 c1 80 44 5d a0 80 e1 07 80 c1 03 38 c1
00070 RSP: 0018:ffffc9000614f6f8 EFLAGS: 00010246
00070 RAX: 0000000000000000 RBX: ffff888187203400 RCX: 0000000000000046
00070 RDX: 0000000000000000 RSI: ffff8881066149c0 RDI: ffff888199ae2a58
00070 RBP: ffff888106614930 R08: ffffffff83a16803 R09: 1ffffffff0742d00
00070 R10: dffffc0000000000 R11: fffffbfff0742d01 R12: ffff8881899ba400
00070 R13: dffffc0000000000 R14: 1ffff11030e40680 R15: 1ffff1103133748f
00070 FS:  00007ffadb032940(0000) GS:ffff88831e7ad000(0000) knlGS:0000000000000000
00070 CS:  0010 DS: 0000 ES: 0000 CR0: 0000000080050033
00070 CR2: 00007fe5dcc8db68 CR3: 0000000142983000 CR4: 0000000000750eb0
00070 PKRU: 55555554
00070 Call Trace:
00070  <TASK>
00070  ? local_object_create+0x109/0x640 [obdclass]
00070  ? dt_write_lock+0x16d/0x2a0 [obdclass]
00070  ? llog_osd_create+0x356/0x1140 [obdclass]
00070  ? llog_create+0x2ed/0x530 [obdclass]
00070  ? llog_open_create+0x5af/0xb10 [obdclass]
00070  ? llog_test_7_sub+0xea/0x1250 [llog_test]
00070  ? llog_test_7+0x5d5/0xf50 [llog_test]
00070  ? llog_run_tests+0x3614/0x5ac0 [llog_test]
00070  ? get_random_u32+0x51/0x470
00070  ? llog_test_device_init+0x503/0x840 [llog_test]
00070  ? obd_setup+0x559/0x960 [obdclass]
00070  ? class_setup+0xc7d/0x10e0 [obdclass]
00070  ? class_process_config+0x2edb/0x7cb0 [obdclass]
00070  ? class_handle_ioctl+0x2055/0x3590 [obdclass]
00070  ? obd_class_ioctl+0x1f6/0x3c0 [obdclass]
00070  ? __x64_sys_ioctl+0x961/0xe00
00070  ? _copy_to_user+0x3d/0x60
00070  ? __x64_sys_rt_sigaction+0x107/0x140
00070  ? do_syscall_64+0xc1/0x350
00070  ? entry_SYSCALL_64_after_hwframe+0x4b/0x53
00070  </TASK>
00070 ---[ end trace 0000000000000000 ]---
00078 Lustre: 2175:0:(llog_test.c:1117:llog_test_7()) 7e: test llog_changelog_rec
00078 ------------[ cut here ]------------
00078 WARNING: /home/ktest/git/linux/include/linux/fs.h:889 at osd_create+0x9cf/0xcf0 [osd_wbcfs], CPU#7: lctl/2175
00078 Modules linked in: llog_test(O) mgs(O) osd_wbcfs(O) lustre(O) obdecho(O) mgc(O) mdc(O) lov(O) osc(O) lmv(O) ec(O) fid(O) fld(O) ptlrpc(O) efivarfs obdclass(O) ksocklnd(O) lnet(O) libcfs(O)
00078 CPU: 7 UID: 0 PID: 2175 Comm: lctl Tainted: G        W  O        7.0.0-ktest-9938b13-6330a45-20260727-dirty #1 PREEMPT 
00078 Tainted: [W]=WARN, [O]=OOT_MODULE
00078 Hardware name: QEMU Standard PC (Q35 + ICH9, 2009), BIOS 2025.11-3ubuntu7 03/31/2026
00078 RIP: 0010:osd_create+0x9cf/0xcf0 [osd_wbcfs]
00078 Code: c7 c7 00 76 7c a1 48 c7 c6 a0 f2 7d a1 48 c7 c2 00 fc 7d a1 e8 82 dd 43 ff 48 c7 c7 00 76 7c a1 e8 f6 6a 44 ff e9 fe fc ff ff <0f> 0b e9 a5 fa ff ff 48 c7 c1 80 44 5d a0 80 e1 07 80 c1 03 38 c1
00078 RSP: 0018:ffffc9000614f6f8 EFLAGS: 00010246
00078 RAX: 0000000000000000 RBX: ffff88813c468800 RCX: 0000000000000046
00078 RDX: 0000000000000000 RSI: ffff8881066142a8 RDI: ffff888199ae2a58
00078 RBP: ffff888106614218 R08: ffffffff83a16803 R09: 1ffffffff0742d00
00078 R10: dffffc0000000000 R11: fffffbfff0742d01 R12: ffff8881899ba400
00078 R13: dffffc0000000000 R14: 1ffff1102788d100 R15: 1ffff1103133748f
00078 FS:  00007ffadb032940(0000) GS:ffff88831e7ad000(0000) knlGS:0000000000000000
00078 CS:  0010 DS: 0000 ES: 0000 CR0: 0000000080050033
00078 CR2: 00007fe5dcc8db68 CR3: 0000000142983000 CR4: 0000000000750eb0
00078 PKRU: 55555554
00078 Call Trace:
00078  <TASK>
00078  ? local_object_create+0x109/0x640 [obdclass]
00078  ? dt_write_lock+0x16d/0x2a0 [obdclass]
00078  ? llog_osd_create+0x356/0x1140 [obdclass]
00078  ? llog_create+0x2ed/0x530 [obdclass]
00078  ? llog_open_create+0x5af/0xb10 [obdclass]
00078  ? llog_test_7_sub+0xea/0x1250 [llog_test]
00078  ? llog_test_7+0x706/0xf50 [llog_test]
00078  ? llog_run_tests+0x3614/0x5ac0 [llog_test]
00078  ? get_random_u32+0x51/0x470
00078  ? llog_test_device_init+0x503/0x840 [llog_test]
00078  ? obd_setup+0x559/0x960 [obdclass]
00078  ? class_setup+0xc7d/0x10e0 [obdclass]
00078  ? class_process_config+0x2edb/0x7cb0 [obdclass]
00078  ? class_handle_ioctl+0x2055/0x3590 [obdclass]
00078  ? obd_class_ioctl+0x1f6/0x3c0 [obdclass]
00078  ? __x64_sys_ioctl+0x961/0xe00
00078  ? _copy_to_user+0x3d/0x60
00078  ? __x64_sys_rt_sigaction+0x107/0x140
00078  ? do_syscall_64+0xc1/0x350
00078  ? entry_SYSCALL_64_after_hwframe+0x4b/0x53
00078  </TASK>
00078 ---[ end trace 0000000000000000 ]---
00082 Lustre: 2175:0:(llog_test.c:1024:llog_test_7_sub()) 7_sub: records are not aligned, written 64071 from 64767
00085 Lustre: 2175:0:(llog_test.c:1129:llog_test_7()) 7f: test llog_changelog_user_rec2
00085 ------------[ cut here ]------------
00085 WARNING: /home/ktest/git/linux/include/linux/fs.h:889 at osd_create+0x9cf/0xcf0 [osd_wbcfs], CPU#4: lctl/2175
00085 Modules linked in: llog_test(O) mgs(O) osd_wbcfs(O) lustre(O) obdecho(O) mgc(O) mdc(O) lov(O) osc(O) lmv(O) ec(O) fid(O) fld(O) ptlrpc(O) efivarfs obdclass(O) ksocklnd(O) lnet(O) libcfs(O)
00085 CPU: 4 UID: 0 PID: 2175 Comm: lctl Tainted: G        W  O        7.0.0-ktest-9938b13-6330a45-20260727-dirty #1 PREEMPT 
00085 Tainted: [W]=WARN, [O]=OOT_MODULE
00085 Hardware name: QEMU Standard PC (Q35 + ICH9, 2009), BIOS 2025.11-3ubuntu7 03/31/2026
00085 RIP: 0010:osd_create+0x9cf/0xcf0 [osd_wbcfs]
00085 Code: c7 c7 00 76 7c a1 48 c7 c6 a0 f2 7d a1 48 c7 c2 00 fc 7d a1 e8 82 dd 43 ff 48 c7 c7 00 76 7c a1 e8 f6 6a 44 ff e9 fe fc ff ff <0f> 0b e9 a5 fa ff ff 48 c7 c1 80 44 5d a0 80 e1 07 80 c1 03 38 c1
00085 RSP: 0018:ffffc9000614f6f8 EFLAGS: 00010246
00085 RAX: 0000000000000000 RBX: ffff88821b0af800 RCX: 0000000000000046
00085 RDX: 0000000000000000 RSI: ffff88821b87d0d8 RDI: ffff888199ae2a58
00085 RBP: ffff88821b87d048 R08: ffffffff83a16803 R09: 1ffffffff0742d00
00085 R10: dffffc0000000000 R11: fffffbfff0742d01 R12: ffff8881899ba400
00085 R13: dffffc0000000000 R14: 1ffff11043615f00 R15: 1ffff1103133748f
00085 FS:  00007ffadb032940(0000) GS:ffff88831e62d000(0000) knlGS:0000000000000000
00085 CS:  0010 DS: 0000 ES: 0000 CR0: 0000000080050033
00085 CR2: 00007f6c39e5f028 CR3: 0000000142983000 CR4: 0000000000750eb0
00085 PKRU: 55555554
00085 Call Trace:
00085  <TASK>
00085  ? local_object_create+0x109/0x640 [obdclass]
00085  ? dt_write_lock+0x16d/0x2a0 [obdclass]
00085  ? llog_osd_create+0x356/0x1140 [obdclass]
00085  ? llog_create+0x2ed/0x530 [obdclass]
00085  ? llog_open_create+0x5af/0xb10 [obdclass]
00085  ? llog_test_7_sub+0xea/0x1250 [llog_test]
00085  ? llog_test_7+0x837/0xf50 [llog_test]
00085  ? llog_run_tests+0x3614/0x5ac0 [llog_test]
00085  ? get_random_u32+0x51/0x470
00085  ? llog_test_device_init+0x503/0x840 [llog_test]
00085  ? obd_setup+0x559/0x960 [obdclass]
00085  ? class_setup+0xc7d/0x10e0 [obdclass]
00085  ? class_process_config+0x2edb/0x7cb0 [obdclass]
00085  ? class_handle_ioctl+0x2055/0x3590 [obdclass]
00085  ? obd_class_ioctl+0x1f6/0x3c0 [obdclass]
00085  ? __x64_sys_ioctl+0x961/0xe00
00085  ? _copy_to_user+0x3d/0x60
00085  ? __x64_sys_rt_sigaction+0x107/0x140
00085  ? do_syscall_64+0xc1/0x350
00085  ? entry_SYSCALL_64_after_hwframe+0x4b/0x53
00085  </TASK>
00085 ---[ end trace 0000000000000000 ]---
00089 Lustre: 2175:0:(llog_test.c:1024:llog_test_7_sub()) 7_sub: records are not aligned, written 64139 from 64767
00092 Lustre: 2175:0:(llog_test.c:1140:llog_test_7()) 7g: test llog_gen_rec
00092 ------------[ cut here ]------------
00092 WARNING: /home/ktest/git/linux/include/linux/fs.h:889 at osd_create+0x9cf/0xcf0 [osd_wbcfs], CPU#4: lctl/2175
00092 Modules linked in: llog_test(O) mgs(O) osd_wbcfs(O) lustre(O) obdecho(O) mgc(O) mdc(O) lov(O) osc(O) lmv(O) ec(O) fid(O) fld(O) ptlrpc(O) efivarfs obdclass(O) ksocklnd(O) lnet(O) libcfs(O)
00092 CPU: 4 UID: 0 PID: 2175 Comm: lctl Tainted: G        W  O        7.0.0-ktest-9938b13-6330a45-20260727-dirty #1 PREEMPT 
00092 Tainted: [W]=WARN, [O]=OOT_MODULE
00092 Hardware name: QEMU Standard PC (Q35 + ICH9, 2009), BIOS 2025.11-3ubuntu7 03/31/2026
00092 RIP: 0010:osd_create+0x9cf/0xcf0 [osd_wbcfs]
00092 Code: c7 c7 00 76 7c a1 48 c7 c6 a0 f2 7d a1 48 c7 c2 00 fc 7d a1 e8 82 dd 43 ff 48 c7 c7 00 76 7c a1 e8 f6 6a 44 ff e9 fe fc ff ff <0f> 0b e9 a5 fa ff ff 48 c7 c1 80 44 5d a0 80 e1 07 80 c1 03 38 c1
00092 RSP: 0018:ffffc9000614f6f8 EFLAGS: 00010246
00092 RAX: 0000000000000000 RBX: ffff88822f0e1800 RCX: 0000000000000046
00092 RDX: 0000000000000000 RSI: ffff88821b87c9c0 RDI: ffff888199ae2a58
00092 RBP: ffff88821b87c930 R08: ffffffff83a16803 R09: 1ffffffff0742d00
00092 R10: dffffc0000000000 R11: fffffbfff0742d01 R12: ffff8881899ba400
00092 R13: dffffc0000000000 R14: 1ffff11045e1c300 R15: 1ffff1103133748f
00092 FS:  00007ffadb032940(0000) GS:ffff88831e62d000(0000) knlGS:0000000000000000
00092 CS:  0010 DS: 0000 ES: 0000 CR0: 0000000080050033
00092 CR2: 00007f6c39e5f028 CR3: 0000000142983000 CR4: 0000000000750eb0
00092 PKRU: 55555554
00092 Call Trace:
00092  <TASK>
00092  ? local_object_create+0x109/0x640 [obdclass]
00092  ? dt_write_lock+0x16d/0x2a0 [obdclass]
00092  ? llog_osd_create+0x356/0x1140 [obdclass]
00092  ? llog_create+0x2ed/0x530 [obdclass]
00092  ? llog_open_create+0x5af/0xb10 [obdclass]
00092  ? llog_test_7_sub+0xea/0x1250 [llog_test]
00092  ? llog_test_7+0x968/0xf50 [llog_test]
00092  ? llog_run_tests+0x3614/0x5ac0 [llog_test]
00092  ? get_random_u32+0x51/0x470
00092  ? llog_test_device_init+0x503/0x840 [llog_test]
00092  ? obd_setup+0x559/0x960 [obdclass]
00092  ? class_setup+0xc7d/0x10e0 [obdclass]
00092  ? class_process_config+0x2edb/0x7cb0 [obdclass]
00092  ? class_handle_ioctl+0x2055/0x3590 [obdclass]
00092  ? obd_class_ioctl+0x1f6/0x3c0 [obdclass]
00092  ? __x64_sys_ioctl+0x961/0xe00
00092  ? _copy_to_user+0x3d/0x60
00092  ? __x64_sys_rt_sigaction+0x107/0x140
00092  ? do_syscall_64+0xc1/0x350
00092  ? entry_SYSCALL_64_after_hwframe+0x4b/0x53
00092  </TASK>
00092 ---[ end trace 0000000000000000 ]---
00097 Lustre: 2175:0:(llog_test.c:1151:llog_test_7()) 7h: test llog_setattr64_rec_v2
00097 ------------[ cut here ]------------
00097 WARNING: /home/ktest/git/linux/include/linux/fs.h:889 at osd_create+0x9cf/0xcf0 [osd_wbcfs], CPU#4: lctl/2175
00097 Modules linked in: llog_test(O) mgs(O) osd_wbcfs(O) lustre(O) obdecho(O) mgc(O) mdc(O) lov(O) osc(O) lmv(O) ec(O) fid(O) fld(O) ptlrpc(O) efivarfs obdclass(O) ksocklnd(O) lnet(O) libcfs(O)
00097 CPU: 4 UID: 0 PID: 2175 Comm: lctl Tainted: G        W  O        7.0.0-ktest-9938b13-6330a45-20260727-dirty #1 PREEMPT 
00097 Tainted: [W]=WARN, [O]=OOT_MODULE
00097 Hardware name: QEMU Standard PC (Q35 + ICH9, 2009), BIOS 2025.11-3ubuntu7 03/31/2026
00097 RIP: 0010:osd_create+0x9cf/0xcf0 [osd_wbcfs]
00097 Code: c7 c7 00 76 7c a1 48 c7 c6 a0 f2 7d a1 48 c7 c2 00 fc 7d a1 e8 82 dd 43 ff 48 c7 c7 00 76 7c a1 e8 f6 6a 44 ff e9 fe fc ff ff <0f> 0b e9 a5 fa ff ff 48 c7 c1 80 44 5d a0 80 e1 07 80 c1 03 38 c1
00097 RSP: 0018:ffffc9000614f6f8 EFLAGS: 00010246
00097 RAX: 0000000000000000 RBX: ffff888119329000 RCX: 0000000000000046
00097 RDX: 0000000000000000 RSI: ffff88821b87c2a8 RDI: ffff888199ae2a58
00097 RBP: ffff88821b87c218 R08: ffffffff83a16803 R09: 1ffffffff0742d00
00097 R10: dffffc0000000000 R11: fffffbfff0742d01 R12: ffff8881899ba400
00097 R13: dffffc0000000000 R14: 1ffff11023265200 R15: 1ffff1103133748f
00097 FS:  00007ffadb032940(0000) GS:ffff88831e62d000(0000) knlGS:0000000000000000
00097 CS:  0010 DS: 0000 ES: 0000 CR0: 0000000080050033
00097 CR2: 00007f6c39e5f028 CR3: 0000000142983000 CR4: 0000000000750eb0
00097 PKRU: 55555554
00097 Call Trace:
00097  <TASK>
00097  ? local_object_create+0x109/0x640 [obdclass]
00097  ? dt_write_lock+0x16d/0x2a0 [obdclass]
00097  ? llog_osd_create+0x356/0x1140 [obdclass]
00097  ? llog_create+0x2ed/0x530 [obdclass]
00097  ? llog_open_create+0x5af/0xb10 [obdclass]
00097  ? llog_test_7_sub+0xea/0x1250 [llog_test]
00097  ? llog_test_7+0xa99/0xf50 [llog_test]
00097  ? llog_run_tests+0x3614/0x5ac0 [llog_test]
00097  ? get_random_u32+0x51/0x470
00097  ? llog_test_device_init+0x503/0x840 [llog_test]
00097  ? obd_setup+0x559/0x960 [obdclass]
00097  ? class_setup+0xc7d/0x10e0 [obdclass]
00097  ? class_process_config+0x2edb/0x7cb0 [obdclass]
00097  ? class_handle_ioctl+0x2055/0x3590 [obdclass]
00097  ? obd_class_ioctl+0x1f6/0x3c0 [obdclass]
00097  ? __x64_sys_ioctl+0x961/0xe00
00097  ? _copy_to_user+0x3d/0x60
00097  ? __x64_sys_rt_sigaction+0x107/0x140
00097  ? do_syscall_64+0xc1/0x350
00097  ? entry_SYSCALL_64_after_hwframe+0x4b/0x53
00097  </TASK>
00097 ---[ end trace 0000000000000000 ]---
00101 Lustre: 2175:0:(llog_test.c:1024:llog_test_7_sub()) 7_sub: records are not aligned, written 64071 from 64767
00103 Lustre: 2175:0:(llog_test.c:1261:llog_test_8()) 8a: fill the first plain llog
00103 ------------[ cut here ]------------
00103 WARNING: /home/ktest/git/linux/include/linux/fs.h:889 at osd_create+0x9cf/0xcf0 [osd_wbcfs], CPU#4: lctl/2175
00103 Modules linked in: llog_test(O) mgs(O) osd_wbcfs(O) lustre(O) obdecho(O) mgc(O) mdc(O) lov(O) osc(O) lmv(O) ec(O) fid(O) fld(O) ptlrpc(O) efivarfs obdclass(O) ksocklnd(O) lnet(O) libcfs(O)
00103 CPU: 4 UID: 0 PID: 2175 Comm: lctl Tainted: G        W  O        7.0.0-ktest-9938b13-6330a45-20260727-dirty #1 PREEMPT 
00103 Tainted: [W]=WARN, [O]=OOT_MODULE
00103 Hardware name: QEMU Standard PC (Q35 + ICH9, 2009), BIOS 2025.11-3ubuntu7 03/31/2026
00103 RIP: 0010:osd_create+0x9cf/0xcf0 [osd_wbcfs]
00103 Code: c7 c7 00 76 7c a1 48 c7 c6 a0 f2 7d a1 48 c7 c2 00 fc 7d a1 e8 82 dd 43 ff 48 c7 c7 00 76 7c a1 e8 f6 6a 44 ff e9 fe fc ff ff <0f> 0b e9 a5 fa ff ff 48 c7 c1 80 44 5d a0 80 e1 07 80 c1 03 38 c1
00103 RSP: 0018:ffffc9000614f4c8 EFLAGS: 00010246
00103 RAX: 0000000000000000 RBX: ffff88819ae2cc00 RCX: 0000000000000046
00103 RDX: 0000000000000000 RSI: ffff88821b87bb90 RDI: ffff888199ae2a80
00103 RBP: ffff88821b87bb00 R08: ffffffff83a16803 R09: 1ffffffff0742d00
00103 R10: dffffc0000000000 R11: fffffbfff0742d01 R12: ffff8881899ba400
00103 R13: dffffc0000000000 R14: 1ffff110335c5980 R15: 1ffff1103133748f
00103 FS:  00007ffadb032940(0000) GS:ffff88831e62d000(0000) knlGS:0000000000000000
00103 CS:  0010 DS: 0000 ES: 0000 CR0: 0000000080050033
00103 CR2: 00007f6c39e5f028 CR3: 0000000142983000 CR4: 0000000000750eb0
00103 PKRU: 55555554
00103 Call Trace:
00103  <TASK>
00103  ? local_object_create+0x109/0x640 [obdclass]
00103  ? dt_write_lock+0x16d/0x2a0 [obdclass]
00103  ? llog_osd_create+0x356/0x1140 [obdclass]
00103  ? llog_create+0x2ed/0x530 [obdclass]
00103  ? llog_cat_new_log+0x6c3/0x2bf0 [obdclass]
00103  ? llog_cat_add_rec+0x6ba/0x1960 [obdclass]
00103  ? llog_cat_add+0x451/0x890 [obdclass]
00103  ? llog_test_8+0x567/0x1c20 [llog_test]
00103  ? do_raw_spin_unlock+0x52/0x230
00103  ? _raw_spin_unlock+0x23/0x40
00103  ? __llog_ctxt_put+0x1c4/0x2f0 [obdclass]
00103  ? llog_run_tests+0x39a2/0x5ac0 [llog_test]
00103  ? get_random_u32+0x51/0x470
00103  ? llog_test_device_init+0x503/0x840 [llog_test]
00103  ? obd_setup+0x559/0x960 [obdclass]
00103  ? class_setup+0xc7d/0x10e0 [obdclass]
00103  ? class_process_config+0x2edb/0x7cb0 [obdclass]
00103  ? class_handle_ioctl+0x2055/0x3590 [obdclass]
00103  ? obd_class_ioctl+0x1f6/0x3c0 [obdclass]
00103  ? __x64_sys_ioctl+0x961/0xe00
00103  ? _copy_to_user+0x3d/0x60
00103  ? __x64_sys_rt_sigaction+0x107/0x140
00103  ? do_syscall_64+0xc1/0x350
00103  ? entry_SYSCALL_64_after_hwframe+0x4b/0x53
00103  </TASK>
00103 ---[ end trace 0000000000000000 ]---
00103 Lustre: 2175:0:(llog_test.c:1290:llog_test_8()) 8b: first llog [0x1:0x10:0x0]
00103 Lustre: 2175:0:(llog_test.c:1306:llog_test_8()) 8b: fill the second plain llog
00103 ------------[ cut here ]------------
00103 WARNING: /home/ktest/git/linux/include/linux/fs.h:889 at osd_create+0x9cf/0xcf0 [osd_wbcfs], CPU#4: lctl/2175
00103 Modules linked in: llog_test(O) mgs(O) osd_wbcfs(O) lustre(O) obdecho(O) mgc(O) mdc(O) lov(O) osc(O) lmv(O) ec(O) fid(O) fld(O) ptlrpc(O) efivarfs obdclass(O) ksocklnd(O) lnet(O) libcfs(O)
00103 CPU: 4 UID: 0 PID: 2175 Comm: lctl Tainted: G        W  O        7.0.0-ktest-9938b13-6330a45-20260727-dirty #1 PREEMPT 
00103 Tainted: [W]=WARN, [O]=OOT_MODULE
00103 Hardware name: QEMU Standard PC (Q35 + ICH9, 2009), BIOS 2025.11-3ubuntu7 03/31/2026
00103 RIP: 0010:osd_create+0x9cf/0xcf0 [osd_wbcfs]
00103 Code: c7 c7 00 76 7c a1 48 c7 c6 a0 f2 7d a1 48 c7 c2 00 fc 7d a1 e8 82 dd 43 ff 48 c7 c7 00 76 7c a1 e8 f6 6a 44 ff e9 fe fc ff ff <0f> 0b e9 a5 fa ff ff 48 c7 c1 80 44 5d a0 80 e1 07 80 c1 03 38 c1
00103 RSP: 0018:ffffc9000614f4c8 EFLAGS: 00010246
00103 RAX: 0000000000000000 RBX: ffff88819ae2b400 RCX: 0000000000000046
00103 RDX: 0000000000000000 RSI: ffff88821b87b478 RDI: ffff888199ae2a80
00103 RBP: ffff88821b87b3e8 R08: ffffffff83a16803 R09: 1ffffffff0742d00
00103 R10: dffffc0000000000 R11: fffffbfff0742d01 R12: ffff8881899ba400
00103 R13: dffffc0000000000 R14: 1ffff110335c5680 R15: 1ffff1103133748f
00103 FS:  00007ffadb032940(0000) GS:ffff88831e62d000(0000) knlGS:0000000000000000
00103 CS:  0010 DS: 0000 ES: 0000 CR0: 0000000080050033
00103 CR2: 00007f6c39e5f028 CR3: 0000000142983000 CR4: 0000000000750eb0
00103 PKRU: 55555554
00103 Call Trace:
00103  <TASK>
00103  ? local_object_create+0x109/0x640 [obdclass]
00103  ? dt_write_lock+0x16d/0x2a0 [obdclass]
00103  ? llog_osd_create+0x356/0x1140 [obdclass]
00103  ? llog_create+0x2ed/0x530 [obdclass]
00103  ? llog_cat_new_log+0x6c3/0x2bf0 [obdclass]
00103  ? llog_cat_add_rec+0x6ba/0x1960 [obdclass]
00103  ? llog_cat_add+0x451/0x890 [obdclass]
00103  ? llog_test_8+0xd89/0x1c20 [llog_test]
00103  ? do_raw_spin_unlock+0x52/0x230
00103  ? _raw_spin_unlock+0x23/0x40
00103  ? __llog_ctxt_put+0x1c4/0x2f0 [obdclass]
00103  ? llog_run_tests+0x39a2/0x5ac0 [llog_test]
00103  ? get_random_u32+0x51/0x470
00103  ? llog_test_device_init+0x503/0x840 [llog_test]
00103  ? obd_setup+0x559/0x960 [obdclass]
00103  ? class_setup+0xc7d/0x10e0 [obdclass]
00103  ? class_process_config+0x2edb/0x7cb0 [obdclass]
00103  ? class_handle_ioctl+0x2055/0x3590 [obdclass]
00103  ? obd_class_ioctl+0x1f6/0x3c0 [obdclass]
00103  ? __x64_sys_ioctl+0x961/0xe00
00103  ? _copy_to_user+0x3d/0x60
00103  ? __x64_sys_rt_sigaction+0x107/0x140
00103  ? do_syscall_64+0xc1/0x350
00103  ? entry_SYSCALL_64_after_hwframe+0x4b/0x53
00103  </TASK>
00103 ---[ end trace 0000000000000000 ]---
00103 Lustre: 2175:0:(llog_test.c:1330:llog_test_8()) 8b: pin llog [0x1:0x12:0x0]
00103 Lustre: 2175:0:(llog_test.c:1333:llog_test_8()) 8b: clean first llog record in catalog
00103 Lustre: 2175:0:(llog_test.c:1344:llog_test_8()) 8c: corrupt first chunk in the middle
00103 Lustre: 2175:0:(llog_test.c:1347:llog_test_8()) 8c: corrupt second chunk at start
00103 Lustre: 2175:0:(llog_test.c:1350:llog_test_8()) 8d: count survived records
00103 Lustre: 2175:0:(llog_test.c:1380:llog_test_8()) 8d: close re-opened catalog
00103 Lustre: 2175:0:(llog_test.c:1441:llog_test_9()) 9a: test llog_logid_rec
00103 ------------[ cut here ]------------
00103 WARNING: /home/ktest/git/linux/include/linux/fs.h:889 at osd_create+0x9cf/0xcf0 [osd_wbcfs], CPU#4: lctl/2175
00103 Modules linked in: llog_test(O) mgs(O) osd_wbcfs(O) lustre(O) obdecho(O) mgc(O) mdc(O) lov(O) osc(O) lmv(O) ec(O) fid(O) fld(O) ptlrpc(O) efivarfs obdclass(O) ksocklnd(O) lnet(O) libcfs(O)
00103 CPU: 4 UID: 0 PID: 2175 Comm: lctl Tainted: G        W  O        7.0.0-ktest-9938b13-6330a45-20260727-dirty #1 PREEMPT 
00103 Tainted: [W]=WARN, [O]=OOT_MODULE
00103 Hardware name: QEMU Standard PC (Q35 + ICH9, 2009), BIOS 2025.11-3ubuntu7 03/31/2026
00103 RIP: 0010:osd_create+0x9cf/0xcf0 [osd_wbcfs]
00103 Code: c7 c7 00 76 7c a1 48 c7 c6 a0 f2 7d a1 48 c7 c2 00 fc 7d a1 e8 82 dd 43 ff 48 c7 c7 00 76 7c a1 e8 f6 6a 44 ff e9 fe fc ff ff <0f> 0b e9 a5 fa ff ff 48 c7 c1 80 44 5d a0 80 e1 07 80 c1 03 38 c1
00103 RSP: 0018:ffffc9000614f720 EFLAGS: 00010246
00103 RAX: 0000000000000000 RBX: ffff88813d1ea800 RCX: 0000000000000046
00103 RDX: 0000000000000000 RSI: ffff88821b87ad60 RDI: ffff888199ae2a58
00103 RBP: ffff88821b87acd0 R08: ffffffff83a16803 R09: 1ffffffff0742d00
00103 R10: dffffc0000000000 R11: fffffbfff0742d01 R12: ffff8881899ba400
00103 R13: dffffc0000000000 R14: 1ffff11027a3d500 R15: 1ffff1103133748f
00103 FS:  00007ffadb032940(0000) GS:ffff88831e62d000(0000) knlGS:0000000000000000
00103 CS:  0010 DS: 0000 ES: 0000 CR0: 0000000080050033
00103 CR2: 00007f6c39e5f028 CR3: 0000000142983000 CR4: 0000000000750eb0
00103 PKRU: 55555554
00103 Call Trace:
00103  <TASK>
00103  ? local_object_create+0x109/0x640 [obdclass]
00103  ? dt_write_lock+0x16d/0x2a0 [obdclass]
00103  ? llog_osd_create+0x356/0x1140 [obdclass]
00103  ? llog_create+0x2ed/0x530 [obdclass]
00103  ? llog_open_create+0x5af/0xb10 [obdclass]
00103  ? llog_test_9_sub+0xd4/0x800 [llog_test]
00103  ? llog_test_9+0x242/0x960 [llog_test]
00103  ? llog_run_tests+0x3d64/0x5ac0 [llog_test]
00103  ? get_random_u32+0x51/0x470
00103  ? llog_test_device_init+0x503/0x840 [llog_test]
00103  ? obd_setup+0x559/0x960 [obdclass]
00103  ? class_setup+0xc7d/0x10e0 [obdclass]
00103  ? class_process_config+0x2edb/0x7cb0 [obdclass]
00103  ? class_handle_ioctl+0x2055/0x3590 [obdclass]
00103  ? obd_class_ioctl+0x1f6/0x3c0 [obdclass]
00103  ? __x64_sys_ioctl+0x961/0xe00
00103  ? _copy_to_user+0x3d/0x60
00103  ? __x64_sys_rt_sigaction+0x107/0x140
00103  ? do_syscall_64+0xc1/0x350
00103  ? entry_SYSCALL_64_after_hwframe+0x4b/0x53
00103  </TASK>
00103 ---[ end trace 0000000000000000 ]---
00103 Lustre: 2175:0:(llog_test.c:1425:llog_test_9_sub()) 9_sub: record type 1064553b in log 0x1:0x14:0x0
00103 Lustre: 2175:0:(llog_test.c:1452:llog_test_9()) 9b: test llog_obd_cfg_rec
00103 ------------[ cut here ]------------
00103 WARNING: /home/ktest/git/linux/include/linux/fs.h:889 at osd_create+0x9cf/0xcf0 [osd_wbcfs], CPU#4: lctl/2175
00103 Modules linked in: llog_test(O) mgs(O) osd_wbcfs(O) lustre(O) obdecho(O) mgc(O) mdc(O) lov(O) osc(O) lmv(O) ec(O) fid(O) fld(O) ptlrpc(O) efivarfs obdclass(O) ksocklnd(O) lnet(O) libcfs(O)
00103 CPU: 4 UID: 0 PID: 2175 Comm: lctl Tainted: G        W  O        7.0.0-ktest-9938b13-6330a45-20260727-dirty #1 PREEMPT 
00103 Tainted: [W]=WARN, [O]=OOT_MODULE
00103 Hardware name: QEMU Standard PC (Q35 + ICH9, 2009), BIOS 2025.11-3ubuntu7 03/31/2026
00103 RIP: 0010:osd_create+0x9cf/0xcf0 [osd_wbcfs]
00103 Code: c7 c7 00 76 7c a1 48 c7 c6 a0 f2 7d a1 48 c7 c2 00 fc 7d a1 e8 82 dd 43 ff 48 c7 c7 00 76 7c a1 e8 f6 6a 44 ff e9 fe fc ff ff <0f> 0b e9 a5 fa ff ff 48 c7 c1 80 44 5d a0 80 e1 07 80 c1 03 38 c1
00103 RSP: 0018:ffffc9000614f720 EFLAGS: 00010246
00103 RAX: 0000000000000000 RBX: ffff88813d1e9c00 RCX: 0000000000000046
00103 RDX: 0000000000000000 RSI: ffff88821b87a648 RDI: ffff888199ae2a58
00103 RBP: ffff88821b87a5b8 R08: ffffffff83a16803 R09: 1ffffffff0742d00
00103 R10: dffffc0000000000 R11: fffffbfff0742d01 R12: ffff8881899ba400
00103 R13: dffffc0000000000 R14: 1ffff11027a3d380 R15: 1ffff1103133748f
00103 FS:  00007ffadb032940(0000) GS:ffff88831e62d000(0000) knlGS:0000000000000000
00103 CS:  0010 DS: 0000 ES: 0000 CR0: 0000000080050033
00103 CR2: 00007f6c39e5f028 CR3: 0000000142983000 CR4: 0000000000750eb0
00103 PKRU: 55555554
00103 Call Trace:
00103  <TASK>
00103  ? local_object_create+0x109/0x640 [obdclass]
00103  ? dt_write_lock+0x16d/0x2a0 [obdclass]
00103  ? llog_osd_create+0x356/0x1140 [obdclass]
00103  ? llog_create+0x2ed/0x530 [obdclass]
00103  ? llog_open_create+0x5af/0xb10 [obdclass]
00103  ? llog_test_9_sub+0xd4/0x800 [llog_test]
00103  ? llog_test_9+0x373/0x960 [llog_test]
00103  ? llog_run_tests+0x3d64/0x5ac0 [llog_test]
00103  ? get_random_u32+0x51/0x470
00103  ? llog_test_device_init+0x503/0x840 [llog_test]
00103  ? obd_setup+0x559/0x960 [obdclass]
00103  ? class_setup+0xc7d/0x10e0 [obdclass]
00103  ? class_process_config+0x2edb/0x7cb0 [obdclass]
00103  ? class_handle_ioctl+0x2055/0x3590 [obdclass]
00103  ? obd_class_ioctl+0x1f6/0x3c0 [obdclass]
00103  ? __x64_sys_ioctl+0x961/0xe00
00103  ? _copy_to_user+0x3d/0x60
00103  ? __x64_sys_rt_sigaction+0x107/0x140
00103  ? do_syscall_64+0xc1/0x350
00103  ? entry_SYSCALL_64_after_hwframe+0x4b/0x53
00103  </TASK>
00103 ---[ end trace 0000000000000000 ]---
00103 Lustre: 2175:0:(llog_test.c:1463:llog_test_9()) 9c: test llog_changelog_rec
00103 ------------[ cut here ]------------
00103 WARNING: /home/ktest/git/linux/include/linux/fs.h:889 at osd_create+0x9cf/0xcf0 [osd_wbcfs], CPU#4: lctl/2175
00103 Modules linked in: llog_test(O) mgs(O) osd_wbcfs(O) lustre(O) obdecho(O) mgc(O) mdc(O) lov(O) osc(O) lmv(O) ec(O) fid(O) fld(O) ptlrpc(O) efivarfs obdclass(O) ksocklnd(O) lnet(O) libcfs(O)
00103 CPU: 4 UID: 0 PID: 2175 Comm: lctl Tainted: G        W  O        7.0.0-ktest-9938b13-6330a45-20260727-dirty #1 PREEMPT 
00103 Tainted: [W]=WARN, [O]=OOT_MODULE
00103 Hardware name: QEMU Standard PC (Q35 + ICH9, 2009), BIOS 2025.11-3ubuntu7 03/31/2026
00103 RIP: 0010:osd_create+0x9cf/0xcf0 [osd_wbcfs]
00103 Code: c7 c7 00 76 7c a1 48 c7 c6 a0 f2 7d a1 48 c7 c2 00 fc 7d a1 e8 82 dd 43 ff 48 c7 c7 00 76 7c a1 e8 f6 6a 44 ff e9 fe fc ff ff <0f> 0b e9 a5 fa ff ff 48 c7 c1 80 44 5d a0 80 e1 07 80 c1 03 38 c1
00103 RSP: 0018:ffffc9000614f720 EFLAGS: 00010246
00103 RAX: 0000000000000000 RBX: ffff88813d1e9400 RCX: 0000000000000046
00103 RDX: 0000000000000000 RSI: ffff88821b879f30 RDI: ffff888199ae2a58
00103 RBP: ffff88821b879ea0 R08: ffffffff83a16803 R09: 1ffffffff0742d00
00103 R10: dffffc0000000000 R11: fffffbfff0742d01 R12: ffff8881899ba400
00103 R13: dffffc0000000000 R14: 1ffff11027a3d280 R15: 1ffff1103133748f
00103 FS:  00007ffadb032940(0000) GS:ffff88831e62d000(0000) knlGS:0000000000000000
00103 CS:  0010 DS: 0000 ES: 0000 CR0: 0000000080050033
00103 CR2: 00007f6c39e5f028 CR3: 0000000142983000 CR4: 0000000000750eb0
00103 PKRU: 55555554
00103 Call Trace:
00103  <TASK>
00103  ? local_object_create+0x109/0x640 [obdclass]
00103  ? dt_write_lock+0x16d/0x2a0 [obdclass]
00103  ? llog_osd_create+0x356/0x1140 [obdclass]
00103  ? llog_create+0x2ed/0x530 [obdclass]
00103  ? llog_open_create+0x5af/0xb10 [obdclass]
00103  ? llog_test_9_sub+0xd4/0x800 [llog_test]
00103  ? llog_test_9+0x4a4/0x960 [llog_test]
00103  ? llog_run_tests+0x3d64/0x5ac0 [llog_test]
00103  ? get_random_u32+0x51/0x470
00103  ? llog_test_device_init+0x503/0x840 [llog_test]
00103  ? obd_setup+0x559/0x960 [obdclass]
00103  ? class_setup+0xc7d/0x10e0 [obdclass]
00103  ? class_process_config+0x2edb/0x7cb0 [obdclass]
00103  ? class_handle_ioctl+0x2055/0x3590 [obdclass]
00103  ? obd_class_ioctl+0x1f6/0x3c0 [obdclass]
00103  ? __x64_sys_ioctl+0x961/0xe00
00103  ? _copy_to_user+0x3d/0x60
00103  ? __x64_sys_rt_sigaction+0x107/0x140
00103  ? do_syscall_64+0xc1/0x350
00103  ? entry_SYSCALL_64_after_hwframe+0x4b/0x53
00103  </TASK>
00103 ---[ end trace 0000000000000000 ]---
00103 Lustre: 2175:0:(llog_test.c:1475:llog_test_9()) 9d: test llog_changelog_user_rec2
00103 ------------[ cut here ]------------
00103 WARNING: /home/ktest/git/linux/include/linux/fs.h:889 at osd_create+0x9cf/0xcf0 [osd_wbcfs], CPU#4: lctl/2175
00103 Modules linked in: llog_test(O) mgs(O) osd_wbcfs(O) lustre(O) obdecho(O) mgc(O) mdc(O) lov(O) osc(O) lmv(O) ec(O) fid(O) fld(O) ptlrpc(O) efivarfs obdclass(O) ksocklnd(O) lnet(O) libcfs(O)
00103 CPU: 4 UID: 0 PID: 2175 Comm: lctl Tainted: G        W  O        7.0.0-ktest-9938b13-6330a45-20260727-dirty #1 PREEMPT 
00103 Tainted: [W]=WARN, [O]=OOT_MODULE
00103 Hardware name: QEMU Standard PC (Q35 + ICH9, 2009), BIOS 2025.11-3ubuntu7 03/31/2026
00103 RIP: 0010:osd_create+0x9cf/0xcf0 [osd_wbcfs]
00103 Code: c7 c7 00 76 7c a1 48 c7 c6 a0 f2 7d a1 48 c7 c2 00 fc 7d a1 e8 82 dd 43 ff 48 c7 c7 00 76 7c a1 e8 f6 6a 44 ff e9 fe fc ff ff <0f> 0b e9 a5 fa ff ff 48 c7 c1 80 44 5d a0 80 e1 07 80 c1 03 38 c1
00103 RSP: 0018:ffffc9000614f720 EFLAGS: 00010246
00103 RAX: 0000000000000000 RBX: ffff88813d1e8c00 RCX: 0000000000000046
00103 RDX: 0000000000000000 RSI: ffff88821b879818 RDI: ffff888199ae2a58
00103 RBP: ffff88821b879788 R08: ffffffff83a16803 R09: 1ffffffff0742d00
00103 R10: dffffc0000000000 R11: fffffbfff0742d01 R12: ffff8881899ba400
00103 R13: dffffc0000000000 R14: 1ffff11027a3d180 R15: 1ffff1103133748f
00103 FS:  00007ffadb032940(0000) GS:ffff88831e62d000(0000) knlGS:0000000000000000
00103 CS:  0010 DS: 0000 ES: 0000 CR0: 0000000080050033
00103 CR2: 00007f6c39e5f028 CR3: 0000000142983000 CR4: 0000000000750eb0
00103 PKRU: 55555554
00103 Call Trace:
00103  <TASK>
00103  ? local_object_create+0x109/0x640 [obdclass]
00103  ? dt_write_lock+0x16d/0x2a0 [obdclass]
00103  ? llog_osd_create+0x356/0x1140 [obdclass]
00103  ? llog_create+0x2ed/0x530 [obdclass]
00103  ? llog_open_create+0x5af/0xb10 [obdclass]
00103  ? llog_test_9_sub+0xd4/0x800 [llog_test]
00103  ? llog_test_9+0x5d5/0x960 [llog_test]
00103  ? llog_run_tests+0x3d64/0x5ac0 [llog_test]
00103  ? get_random_u32+0x51/0x470
00103  ? llog_test_device_init+0x503/0x840 [llog_test]
00103  ? obd_setup+0x559/0x960 [obdclass]
00103  ? class_setup+0xc7d/0x10e0 [obdclass]
00103  ? class_process_config+0x2edb/0x7cb0 [obdclass]
00103  ? class_handle_ioctl+0x2055/0x3590 [obdclass]
00103  ? obd_class_ioctl+0x1f6/0x3c0 [obdclass]
00103  ? __x64_sys_ioctl+0x961/0xe00
00103  ? _copy_to_user+0x3d/0x60
00103  ? __x64_sys_rt_sigaction+0x107/0x140
00103  ? do_syscall_64+0xc1/0x350
00103  ? entry_SYSCALL_64_after_hwframe+0x4b/0x53
00103  </TASK>
00103 ---[ end trace 0000000000000000 ]---
00103 Lustre: 2175:0:(llog_test.c:1576:llog_test_10()) 10a: create a catalog log with name: 70a59189
00103 ------------[ cut here ]------------
00103 WARNING: /home/ktest/git/linux/include/linux/fs.h:889 at osd_create+0x9cf/0xcf0 [osd_wbcfs], CPU#4: lctl/2175
00103 Modules linked in: llog_test(O) mgs(O) osd_wbcfs(O) lustre(O) obdecho(O) mgc(O) mdc(O) lov(O) osc(O) lmv(O) ec(O) fid(O) fld(O) ptlrpc(O) efivarfs obdclass(O) ksocklnd(O) lnet(O) libcfs(O)
00103 CPU: 4 UID: 0 PID: 2175 Comm: lctl Tainted: G        W  O        7.0.0-ktest-9938b13-6330a45-20260727-dirty #1 PREEMPT 
00103 Tainted: [W]=WARN, [O]=OOT_MODULE
00103 Hardware name: QEMU Standard PC (Q35 + ICH9, 2009), BIOS 2025.11-3ubuntu7 03/31/2026
00103 RIP: 0010:osd_create+0x9cf/0xcf0 [osd_wbcfs]
00103 Code: c7 c7 00 76 7c a1 48 c7 c6 a0 f2 7d a1 48 c7 c2 00 fc 7d a1 e8 82 dd 43 ff 48 c7 c7 00 76 7c a1 e8 f6 6a 44 ff e9 fe fc ff ff <0f> 0b e9 a5 fa ff ff 48 c7 c1 80 44 5d a0 80 e1 07 80 c1 03 38 c1
00103 RSP: 0018:ffffc9000614f5d8 EFLAGS: 00010246
00103 RAX: 0000000000000000 RBX: ffff88813d1ee400 RCX: 0000000000000046
00103 RDX: 0000000000000000 RSI: ffff88821b879100 RDI: ffff888199ae2a58
00103 RBP: ffff88821b879070 R08: ffffffff83a16803 R09: 1ffffffff0742d00
00103 R10: dffffc0000000000 R11: fffffbfff0742d01 R12: ffff8881899ba400
00103 R13: dffffc0000000000 R14: 1ffff11027a3dc80 R15: 1ffff1103133748f
00103 FS:  00007ffadb032940(0000) GS:ffff88831e62d000(0000) knlGS:0000000000000000
00103 CS:  0010 DS: 0000 ES: 0000 CR0: 0000000080050033
00103 CR2: 00007f6c39e5f028 CR3: 0000000142983000 CR4: 0000000000750eb0
00103 PKRU: 55555554
00103 Call Trace:
00103  <TASK>
00103  ? local_object_create+0x109/0x640 [obdclass]
00103  ? dt_write_lock+0x16d/0x2a0 [obdclass]
00103  ? llog_osd_create+0x356/0x1140 [obdclass]
00103  ? llog_create+0x2ed/0x530 [obdclass]
00103  ? llog_open_create+0x5af/0xb10 [obdclass]
00103  ? llog_test_10+0x2e1/0x5600 [llog_test]
00103  ? lu_object_put+0xa64/0x1210 [obdclass]
00103  ? do_raw_spin_unlock+0x52/0x230
00103  ? _raw_spin_unlock+0x23/0x40
00103  ? __llog_ctxt_put+0x1c4/0x2f0 [obdclass]
00103  ? llog_run_tests+0x3f45/0x5ac0 [llog_test]
00103  ? get_random_u32+0x51/0x470
00103  ? llog_test_device_init+0x503/0x840 [llog_test]
00103  ? obd_setup+0x559/0x960 [obdclass]
00103  ? class_setup+0xc7d/0x10e0 [obdclass]
00103  ? class_process_config+0x2edb/0x7cb0 [obdclass]
00103  ? class_handle_ioctl+0x2055/0x3590 [obdclass]
00103  ? obd_class_ioctl+0x1f6/0x3c0 [obdclass]
00103  ? __x64_sys_ioctl+0x961/0xe00
00103  ? _copy_to_user+0x3d/0x60
00103  ? __x64_sys_rt_sigaction+0x107/0x140
00103  ? do_syscall_64+0xc1/0x350
00103  ? entry_SYSCALL_64_after_hwframe+0x4b/0x53
00103  </TASK>
00103 ---[ end trace 0000000000000000 ]---
00103 Lustre: 2175:0:(llog_test.c:1608:llog_test_10()) 10b: write 64767 log records
00103 ------------[ cut here ]------------
00103 WARNING: /home/ktest/git/linux/include/linux/fs.h:889 at osd_create+0x9cf/0xcf0 [osd_wbcfs], CPU#4: lctl/2175
00103 Modules linked in: llog_test(O) mgs(O) osd_wbcfs(O) lustre(O) obdecho(O) mgc(O) mdc(O) lov(O) osc(O) lmv(O) ec(O) fid(O) fld(O) ptlrpc(O) efivarfs obdclass(O) ksocklnd(O) lnet(O) libcfs(O)
00103 CPU: 4 UID: 0 PID: 2175 Comm: lctl Tainted: G        W  O        7.0.0-ktest-9938b13-6330a45-20260727-dirty #1 PREEMPT 
00103 Tainted: [W]=WARN, [O]=OOT_MODULE
00103 Hardware name: QEMU Standard PC (Q35 + ICH9, 2009), BIOS 2025.11-3ubuntu7 03/31/2026
00103 RIP: 0010:osd_create+0x9cf/0xcf0 [osd_wbcfs]
00103 Code: c7 c7 00 76 7c a1 48 c7 c6 a0 f2 7d a1 48 c7 c2 00 fc 7d a1 e8 82 dd 43 ff 48 c7 c7 00 76 7c a1 e8 f6 6a 44 ff e9 fe fc ff ff <0f> 0b e9 a5 fa ff ff 48 c7 c1 80 44 5d a0 80 e1 07 80 c1 03 38 c1
00103 RSP: 0018:ffffc9000614f478 EFLAGS: 00010246
00103 RAX: 0000000000000000 RBX: ffff88813d1edc00 RCX: 0000000000000046
00103 RDX: 0000000000000000 RSI: ffff88821b8789e8 RDI: ffff888199ae2a80
00103 RBP: ffff88821b878958 R08: ffffffff83a16803 R09: 1ffffffff0742d00
00103 R10: dffffc0000000000 R11: fffffbfff0742d01 R12: ffff8881899ba400
00103 R13: dffffc0000000000 R14: 1ffff11027a3db80 R15: 1ffff1103133748f
00103 FS:  00007ffadb032940(0000) GS:ffff88831e62d000(0000) knlGS:0000000000000000
00103 CS:  0010 DS: 0000 ES: 0000 CR0: 0000000080050033
00103 CR2: 00007f6c39e5f028 CR3: 0000000142983000 CR4: 0000000000750eb0
00103 PKRU: 55555554
00103 Call Trace:
00103  <TASK>
00103  ? local_object_create+0x109/0x640 [obdclass]
00103  ? dt_write_lock+0x16d/0x2a0 [obdclass]
00103  ? llog_osd_create+0x356/0x1140 [obdclass]
00103  ? llog_create+0x2ed/0x530 [obdclass]
00103  ? llog_cat_new_log+0x6c3/0x2bf0 [obdclass]
00103  ? llog_cat_add_rec+0x6ba/0x1960 [obdclass]
00103  ? llog_cat_add+0x451/0x890 [obdclass]
00103  ? llog_test_10+0x91d/0x5600 [llog_test]
00103  ? lu_object_put+0xa64/0x1210 [obdclass]
00103  ? do_raw_spin_unlock+0x52/0x230
00103  ? _raw_spin_unlock+0x23/0x40
00103  ? __llog_ctxt_put+0x1c4/0x2f0 [obdclass]
00103  ? llog_run_tests+0x3f45/0x5ac0 [llog_test]
00103  ? get_random_u32+0x51/0x470
00103  ? llog_test_device_init+0x503/0x840 [llog_test]
00103  ? obd_setup+0x559/0x960 [obdclass]
00103  ? class_setup+0xc7d/0x10e0 [obdclass]
00103  ? class_process_config+0x2edb/0x7cb0 [obdclass]
00103  ? class_handle_ioctl+0x2055/0x3590 [obdclass]
00103  ? obd_class_ioctl+0x1f6/0x3c0 [obdclass]
00103  ? __x64_sys_ioctl+0x961/0xe00
00103  ? _copy_to_user+0x3d/0x60
00103  ? __x64_sys_rt_sigaction+0x107/0x140
00103  ? do_syscall_64+0xc1/0x350
00103  ? entry_SYSCALL_64_after_hwframe+0x4b/0x53
00103  </TASK>
00103 ---[ end trace 0000000000000000 ]---
00106 ------------[ cut here ]------------
00106 WARNING: /home/ktest/git/linux/include/linux/fs.h:889 at osd_create+0x9cf/0xcf0 [osd_wbcfs], CPU#4: lctl/2175
00106 Modules linked in: llog_test(O) mgs(O) osd_wbcfs(O) lustre(O) obdecho(O) mgc(O) mdc(O) lov(O) osc(O) lmv(O) ec(O) fid(O) fld(O) ptlrpc(O) efivarfs obdclass(O) ksocklnd(O) lnet(O) libcfs(O)
00106 CPU: 4 UID: 0 PID: 2175 Comm: lctl Tainted: G        W  O        7.0.0-ktest-9938b13-6330a45-20260727-dirty #1 PREEMPT 
00106 Tainted: [W]=WARN, [O]=OOT_MODULE
00106 Hardware name: QEMU Standard PC (Q35 + ICH9, 2009), BIOS 2025.11-3ubuntu7 03/31/2026
00106 RIP: 0010:osd_create+0x9cf/0xcf0 [osd_wbcfs]
00106 Code: c7 c7 00 76 7c a1 48 c7 c6 a0 f2 7d a1 48 c7 c2 00 fc 7d a1 e8 82 dd 43 ff 48 c7 c7 00 76 7c a1 e8 f6 6a 44 ff e9 fe fc ff ff <0f> 0b e9 a5 fa ff ff 48 c7 c1 80 44 5d a0 80 e1 07 80 c1 03 38 c1
00106 RSP: 0018:ffffc9000614f478 EFLAGS: 00010246
00106 RAX: 0000000000000000 RBX: ffff88813d1ed400 RCX: 0000000000000046
00106 RDX: 0000000000000000 RSI: ffff88821b8782d0 RDI: ffff888199ae2a80
00106 RBP: ffff88821b878240 R08: ffffffff83a16803 R09: 1ffffffff0742d00
00106 R10: dffffc0000000000 R11: fffffbfff0742d01 R12: ffff8881899ba400
00106 R13: dffffc0000000000 R14: 1ffff11027a3da80 R15: 1ffff1103133748f
00106 FS:  00007ffadb032940(0000) GS:ffff88831e62d000(0000) knlGS:0000000000000000
00106 CS:  0010 DS: 0000 ES: 0000 CR0: 0000000080050033
00106 CR2: 00007f6c39e5f028 CR3: 0000000142983000 CR4: 0000000000750eb0
00106 PKRU: 55555554
00106 Call Trace:
00106  <TASK>
00106  ? local_object_create+0x109/0x640 [obdclass]
00106  ? dt_write_lock+0x16d/0x2a0 [obdclass]
00106  ? llog_osd_create+0x356/0x1140 [obdclass]
00106  ? llog_create+0x2ed/0x530 [obdclass]
00106  ? llog_cat_new_log+0x6c3/0x2bf0 [obdclass]
00106  ? llog_cat_add_rec+0x6ba/0x1960 [obdclass]
00106  ? llog_cat_add+0x451/0x890 [obdclass]
00106  ? llog_test_10+0x91d/0x5600 [llog_test]
00106  ? lu_object_put+0xa64/0x1210 [obdclass]
00106  ? do_raw_spin_unlock+0x52/0x230
00106  ? _raw_spin_unlock+0x23/0x40
00106  ? __llog_ctxt_put+0x1c4/0x2f0 [obdclass]
00106  ? llog_run_tests+0x3f45/0x5ac0 [llog_test]
00106  ? get_random_u32+0x51/0x470
00106  ? llog_test_device_init+0x503/0x840 [llog_test]
00106  ? obd_setup+0x559/0x960 [obdclass]
00106  ? class_setup+0xc7d/0x10e0 [obdclass]
00106  ? class_process_config+0x2edb/0x7cb0 [obdclass]
00106  ? class_handle_ioctl+0x2055/0x3590 [obdclass]
00106  ? obd_class_ioctl+0x1f6/0x3c0 [obdclass]
00106  ? __x64_sys_ioctl+0x961/0xe00
00106  ? _copy_to_user+0x3d/0x60
00106  ? __x64_sys_rt_sigaction+0x107/0x140
00106  ? do_syscall_64+0xc1/0x350
00106  ? entry_SYSCALL_64_after_hwframe+0x4b/0x53
00106  </TASK>
00106 ---[ end trace 0000000000000000 ]---
00106 Lustre: 2175:0:(llog_test.c:1634:llog_test_10()) 10c: write 129534 more log records
00110 ------------[ cut here ]------------
00110 WARNING: /home/ktest/git/linux/include/linux/fs.h:889 at osd_create+0x9cf/0xcf0 [osd_wbcfs], CPU#4: lctl/2175
00110 Modules linked in: llog_test(O) mgs(O) osd_wbcfs(O) lustre(O) obdecho(O) mgc(O) mdc(O) lov(O) osc(O) lmv(O) ec(O) fid(O) fld(O) ptlrpc(O) efivarfs obdclass(O) ksocklnd(O) lnet(O) libcfs(O)
00110 CPU: 4 UID: 0 PID: 2175 Comm: lctl Tainted: G        W  O        7.0.0-ktest-9938b13-6330a45-20260727-dirty #1 PREEMPT 
00110 Tainted: [W]=WARN, [O]=OOT_MODULE
00110 Hardware name: QEMU Standard PC (Q35 + ICH9, 2009), BIOS 2025.11-3ubuntu7 03/31/2026
00110 RIP: 0010:osd_create+0x9cf/0xcf0 [osd_wbcfs]
00110 Code: c7 c7 00 76 7c a1 48 c7 c6 a0 f2 7d a1 48 c7 c2 00 fc 7d a1 e8 82 dd 43 ff 48 c7 c7 00 76 7c a1 e8 f6 6a 44 ff e9 fe fc ff ff <0f> 0b e9 a5 fa ff ff 48 c7 c1 80 44 5d a0 80 e1 07 80 c1 03 38 c1
00110 RSP: 0018:ffffc9000614f478 EFLAGS: 00010246
00110 RAX: 0000000000000000 RBX: ffff88813d96d800 RCX: 0000000000000046
00110 RDX: 0000000000000000 RSI: ffff8881429f2648 RDI: ffff888199ae2a80
00110 RBP: ffff8881429f25b8 R08: ffffffff83a16803 R09: 1ffffffff0742d00
00110 R10: dffffc0000000000 R11: fffffbfff0742d01 R12: ffff8881899ba400
00110 R13: dffffc0000000000 R14: 1ffff11027b2db00 R15: 1ffff1103133748f
00110 FS:  00007ffadb032940(0000) GS:ffff88831e62d000(0000) knlGS:0000000000000000
00110 CS:  0010 DS: 0000 ES: 0000 CR0: 0000000080050033
00110 CR2: 00007f6c39e5f028 CR3: 0000000142983000 CR4: 0000000000750eb0
00110 PKRU: 55555554
00110 Call Trace:
00110  <TASK>
00110  ? local_object_create+0x109/0x640 [obdclass]
00110  ? dt_write_lock+0x16d/0x2a0 [obdclass]
00110  ? llog_osd_create+0x356/0x1140 [obdclass]
00110  ? llog_create+0x2ed/0x530 [obdclass]
00110  ? llog_cat_new_log+0x6c3/0x2bf0 [obdclass]
00110  ? llog_cat_add_rec+0x6ba/0x1960 [obdclass]
00110  ? llog_cat_add+0x451/0x890 [obdclass]
00110  ? llog_test_10+0xbd3/0x5600 [llog_test]
00110  ? lu_object_put+0xa64/0x1210 [obdclass]
00110  ? do_raw_spin_unlock+0x52/0x230
00110  ? _raw_spin_unlock+0x23/0x40
00110  ? __llog_ctxt_put+0x1c4/0x2f0 [obdclass]
00110  ? llog_run_tests+0x3f45/0x5ac0 [llog_test]
00110  ? get_random_u32+0x51/0x470
00110  ? llog_test_device_init+0x503/0x840 [llog_test]
00110  ? obd_setup+0x559/0x960 [obdclass]
00110  ? class_setup+0xc7d/0x10e0 [obdclass]
00110  ? class_process_config+0x2edb/0x7cb0 [obdclass]
00110  ? class_handle_ioctl+0x2055/0x3590 [obdclass]
00110  ? obd_class_ioctl+0x1f6/0x3c0 [obdclass]
00110  ? __x64_sys_ioctl+0x961/0xe00
00110  ? _copy_to_user+0x3d/0x60
00110  ? __x64_sys_rt_sigaction+0x107/0x140
00110  ? do_syscall_64+0xc1/0x350
00110  ? entry_SYSCALL_64_after_hwframe+0x4b/0x53
00110  </TASK>
00110 ---[ end trace 0000000000000000 ]---
00113 ------------[ cut here ]------------
00113 WARNING: /home/ktest/git/linux/include/linux/fs.h:889 at osd_create+0x9cf/0xcf0 [osd_wbcfs], CPU#4: lctl/2175
00113 Modules linked in: llog_test(O) mgs(O) osd_wbcfs(O) lustre(O) obdecho(O) mgc(O) mdc(O) lov(O) osc(O) lmv(O) ec(O) fid(O) fld(O) ptlrpc(O) efivarfs obdclass(O) ksocklnd(O) lnet(O) libcfs(O)
00113 CPU: 4 UID: 0 PID: 2175 Comm: lctl Tainted: G        W  O        7.0.0-ktest-9938b13-6330a45-20260727-dirty #1 PREEMPT 
00113 Tainted: [W]=WARN, [O]=OOT_MODULE
00113 Hardware name: QEMU Standard PC (Q35 + ICH9, 2009), BIOS 2025.11-3ubuntu7 03/31/2026
00113 RIP: 0010:osd_create+0x9cf/0xcf0 [osd_wbcfs]
00113 Code: c7 c7 00 76 7c a1 48 c7 c6 a0 f2 7d a1 48 c7 c2 00 fc 7d a1 e8 82 dd 43 ff 48 c7 c7 00 76 7c a1 e8 f6 6a 44 ff e9 fe fc ff ff <0f> 0b e9 a5 fa ff ff 48 c7 c1 80 44 5d a0 80 e1 07 80 c1 03 38 c1
00113 RSP: 0018:ffffc9000614f478 EFLAGS: 00010246
00113 RAX: 0000000000000000 RBX: ffff888185064c00 RCX: 0000000000000046
00113 RDX: 0000000000000000 RSI: ffff8881429f1f30 RDI: ffff888199ae2a80
00113 RBP: ffff8881429f1ea0 R08: ffffffff83a16803 R09: 1ffffffff0742d00
00113 R10: dffffc0000000000 R11: fffffbfff0742d01 R12: ffff8881899ba400
00113 R13: dffffc0000000000 R14: 1ffff11030a0c980 R15: 1ffff1103133748f
00113 FS:  00007ffadb032940(0000) GS:ffff88831e62d000(0000) knlGS:0000000000000000
00113 CS:  0010 DS: 0000 ES: 0000 CR0: 0000000080050033
00113 CR2: 00007f6c39e5f028 CR3: 0000000142983000 CR4: 0000000000750eb0
00113 PKRU: 55555554
00113 Call Trace:
00113  <TASK>
00113  ? local_object_create+0x109/0x640 [obdclass]
00113  ? dt_write_lock+0x16d/0x2a0 [obdclass]
00113  ? llog_osd_create+0x356/0x1140 [obdclass]
00113  ? llog_create+0x2ed/0x530 [obdclass]
00113  ? llog_cat_new_log+0x6c3/0x2bf0 [obdclass]
00113  ? llog_cat_add_rec+0x6ba/0x1960 [obdclass]
00113  ? llog_cat_add+0x451/0x890 [obdclass]
00113  ? llog_test_10+0xbd3/0x5600 [llog_test]
00113  ? lu_object_put+0xa64/0x1210 [obdclass]
00113  ? do_raw_spin_unlock+0x52/0x230
00113  ? _raw_spin_unlock+0x23/0x40
00113  ? __llog_ctxt_put+0x1c4/0x2f0 [obdclass]
00113  ? llog_run_tests+0x3f45/0x5ac0 [llog_test]
00113  ? get_random_u32+0x51/0x470
00113  ? llog_test_device_init+0x503/0x840 [llog_test]
00113  ? obd_setup+0x559/0x960 [obdclass]
00113  ? class_setup+0xc7d/0x10e0 [obdclass]
00113  ? class_process_config+0x2edb/0x7cb0 [obdclass]
00113  ? class_handle_ioctl+0x2055/0x3590 [obdclass]
00113  ? obd_class_ioctl+0x1f6/0x3c0 [obdclass]
00113  ? __x64_sys_ioctl+0x961/0xe00
00113  ? _copy_to_user+0x3d/0x60
00113  ? __x64_sys_rt_sigaction+0x107/0x140
00113  ? do_syscall_64+0xc1/0x350
00113  ? entry_SYSCALL_64_after_hwframe+0x4b/0x53
00113  </TASK>
00113 ---[ end trace 0000000000000000 ]---
00113 Lustre: 2175:0:(llog_test.c:1666:llog_test_10()) 10c: write 64767 more log records
00117 Lustre: 2175:0:(llog_cat.c:80:llog_cat_new_log()) MGS: there are no more free slots in catalog 70a59189
00117 LustreError: 2175:0:(llog_cat.c:593:llog_cat_add_rec()) MGS: initialization error: rc = -28
00117 Lustre: 2175:0:(llog_test.c:1692:llog_test_10()) 10c: wrote 64011 records then 756 failed with ENOSPC
00117 Lustre: 2175:0:(llog_test.c:1711:llog_test_10()) 10d: Cancel 64767 records, see one log zapped
00119 Lustre: 2175:0:(llog_test.c:1725:llog_test_10()) 10d: print the catalog entries.. we expect 3
00119 Lustre: 2196:0:(llog_test.c:700:cat_print_cb()) seeing record at index 2 - [0x1:0x19:0x0] in log [0xa:0x5:0x0]
00119 Lustre: 2175:0:(llog_test.c:1755:llog_test_10()) 10e: write 64767 more log records
00119 ------------[ cut here ]------------
00119 WARNING: /home/ktest/git/linux/include/linux/fs.h:889 at osd_create+0x9cf/0xcf0 [osd_wbcfs], CPU#4: lctl/2175
00119 Modules linked in: llog_test(O) mgs(O) osd_wbcfs(O) lustre(O) obdecho(O) mgc(O) mdc(O) lov(O) osc(O) lmv(O) ec(O) fid(O) fld(O) ptlrpc(O) efivarfs obdclass(O) ksocklnd(O) lnet(O) libcfs(O)
00119 CPU: 4 UID: 0 PID: 2175 Comm: lctl Tainted: G        W  O        7.0.0-ktest-9938b13-6330a45-20260727-dirty #1 PREEMPT 
00119 Tainted: [W]=WARN, [O]=OOT_MODULE
00119 Hardware name: QEMU Standard PC (Q35 + ICH9, 2009), BIOS 2025.11-3ubuntu7 03/31/2026
00119 RIP: 0010:osd_create+0x9cf/0xcf0 [osd_wbcfs]
00119 Code: c7 c7 00 76 7c a1 48 c7 c6 a0 f2 7d a1 48 c7 c2 00 fc 7d a1 e8 82 dd 43 ff 48 c7 c7 00 76 7c a1 e8 f6 6a 44 ff e9 fe fc ff ff <0f> 0b e9 a5 fa ff ff 48 c7 c1 80 44 5d a0 80 e1 07 80 c1 03 38 c1
00119 RSP: 0018:ffffc9000614f478 EFLAGS: 00010246
00119 RAX: 0000000000000000 RBX: ffff888196efe800 RCX: 0000000000000046
00119 RDX: 0000000000000000 RSI: ffff8881429f1818 RDI: ffff888199ae2a80
00119 RBP: ffff8881429f1788 R08: ffffffff83a16803 R09: 1ffffffff0742d00
00119 R10: dffffc0000000000 R11: fffffbfff0742d01 R12: ffff8881899ba400
00119 R13: dffffc0000000000 R14: 1ffff11032ddfd00 R15: 1ffff1103133748f
00119 FS:  00007ffadb032940(0000) GS:ffff88831e62d000(0000) knlGS:0000000000000000
00119 CS:  0010 DS: 0000 ES: 0000 CR0: 0000000080050033
00119 CR2: 00007f6c39e5f028 CR3: 0000000142983000 CR4: 0000000000750eb0
00119 PKRU: 55555554
00119 Call Trace:
00119  <TASK>
00119  ? local_object_create+0x109/0x640 [obdclass]
00119  ? dt_write_lock+0x16d/0x2a0 [obdclass]
00119  ? llog_osd_create+0x356/0x1140 [obdclass]
00119  ? llog_create+0x2ed/0x530 [obdclass]
00119  ? llog_cat_new_log+0x6c3/0x2bf0 [obdclass]
00119  ? llog_cat_add_rec+0x6ba/0x1960 [obdclass]
00119  ? llog_cat_add+0x451/0x890 [obdclass]
00119  ? llog_test_10+0x19aa/0x5600 [llog_test]
00119  ? lu_object_put+0xa64/0x1210 [obdclass]
00119  ? do_raw_spin_unlock+0x52/0x230
00119  ? _raw_spin_unlock+0x23/0x40
00119  ? __llog_ctxt_put+0x1c4/0x2f0 [obdclass]
00119  ? llog_run_tests+0x3f45/0x5ac0 [llog_test]
00119  ? get_random_u32+0x51/0x470
00119  ? llog_test_device_init+0x503/0x840 [llog_test]
00119  ? obd_setup+0x559/0x960 [obdclass]
00119  ? class_setup+0xc7d/0x10e0 [obdclass]
00119  ? class_process_config+0x2edb/0x7cb0 [obdclass]
00119  ? class_handle_ioctl+0x2055/0x3590 [obdclass]
00119  ? obd_class_ioctl+0x1f6/0x3c0 [obdclass]
00119  ? __x64_sys_ioctl+0x961/0xe00
00119  ? _copy_to_user+0x3d/0x60
00119  ? __x64_sys_rt_sigaction+0x107/0x140
00119  ? do_syscall_64+0xc1/0x350
00119  ? entry_SYSCALL_64_after_hwframe+0x4b/0x53
00119  </TASK>
00119 ---[ end trace 0000000000000000 ]---
00123 Lustre: 2175:0:(llog_cat.c:80:llog_cat_new_log()) MGS: there are no more free slots in catalog 70a59189
00123 Lustre: 2175:0:(llog_cat.c:80:llog_cat_new_log()) Skipped 755 previous similar messages
00123 LustreError: 2175:0:(llog_cat.c:593:llog_cat_add_rec()) MGS: initialization error: rc = -28
00123 LustreError: 2175:0:(llog_cat.c:593:llog_cat_add_rec()) Skipped 755 previous similar messages
00123 Lustre: 2175:0:(llog_test.c:1781:llog_test_10()) 10e: wrote 64578 records then 189 failed with ENOSPC
00123 Lustre: 2175:0:(llog_test.c:1783:llog_test_10()) 10e: print the catalog entries.. we expect 4
00123 Lustre: 2175:0:(llog_cat.c:984:llog_cat_process_or_fork()) MGS: catlog [0xa:0x5:0x0] crosses index zero
00123 Lustre: 2175:0:(llog_test.c:700:cat_print_cb()) seeing record at index 2 - [0x1:0x19:0x0] in log [0xa:0x5:0x0]
00123 Lustre: 2175:0:(llog_test.c:700:cat_print_cb()) Skipped 2 previous similar messages
00123 Lustre: 2175:0:(llog_test.c:1819:llog_test_10()) 10e: catalog successfully wrap around, last_idx 1, first 1
00123 Lustre: 2175:0:(llog_test.c:1836:llog_test_10()) 10f: Cancel 64767 records, see one log zapped
00125 Lustre: 2175:0:(llog_test.c:1850:llog_test_10()) 10f: print the catalog entries.. we expect 3
00125 Lustre: 2175:0:(llog_cat.c:984:llog_cat_process_or_fork()) MGS: catlog [0xa:0x5:0x0] crosses index zero
00125 Lustre: 2175:0:(llog_cat.c:984:llog_cat_process_or_fork()) Skipped 1 previous similar message
00125 Lustre: 2175:0:(llog_test.c:1881:llog_test_10()) 10f: write 64767 more log records
00125 ------------[ cut here ]------------
00125 WARNING: /home/ktest/git/linux/include/linux/fs.h:889 at osd_create+0x9cf/0xcf0 [osd_wbcfs], CPU#4: lctl/2175
00125 Modules linked in: llog_test(O) mgs(O) osd_wbcfs(O) lustre(O) obdecho(O) mgc(O) mdc(O) lov(O) osc(O) lmv(O) ec(O) fid(O) fld(O) ptlrpc(O) efivarfs obdclass(O) ksocklnd(O) lnet(O) libcfs(O)
00125 CPU: 4 UID: 0 PID: 2175 Comm: lctl Tainted: G        W  O        7.0.0-ktest-9938b13-6330a45-20260727-dirty #1 PREEMPT 
00125 Tainted: [W]=WARN, [O]=OOT_MODULE
00125 Hardware name: QEMU Standard PC (Q35 + ICH9, 2009), BIOS 2025.11-3ubuntu7 03/31/2026
00125 RIP: 0010:osd_create+0x9cf/0xcf0 [osd_wbcfs]
00125 Code: c7 c7 00 76 7c a1 48 c7 c6 a0 f2 7d a1 48 c7 c2 00 fc 7d a1 e8 82 dd 43 ff 48 c7 c7 00 76 7c a1 e8 f6 6a 44 ff e9 fe fc ff ff <0f> 0b e9 a5 fa ff ff 48 c7 c1 80 44 5d a0 80 e1 07 80 c1 03 38 c1
00125 RSP: 0018:ffffc9000614f478 EFLAGS: 00010246
00125 RAX: 0000000000000000 RBX: ffff88828ae10800 RCX: 0000000000000046
00125 RDX: 0000000000000000 RSI: ffff8881429f1100 RDI: ffff888199ae2a80
00125 RBP: ffff8881429f1070 R08: ffffffff83a16803 R09: 1ffffffff0742d00
00125 R10: dffffc0000000000 R11: fffffbfff0742d01 R12: ffff8881899ba400
00125 R13: dffffc0000000000 R14: 1ffff110515c2100 R15: 1ffff1103133748f
00125 FS:  00007ffadb032940(0000) GS:ffff88831e62d000(0000) knlGS:0000000000000000
00125 CS:  0010 DS: 0000 ES: 0000 CR0: 0000000080050033
00125 CR2: 00007f6c39e5f028 CR3: 0000000142983000 CR4: 0000000000750eb0
00125 PKRU: 55555554
00125 Call Trace:
00125  <TASK>
00125  ? local_object_create+0x109/0x640 [obdclass]
00125  ? dt_write_lock+0x16d/0x2a0 [obdclass]
00125  ? llog_osd_create+0x356/0x1140 [obdclass]
00125  ? llog_create+0x2ed/0x530 [obdclass]
00125  ? llog_cat_new_log+0x6c3/0x2bf0 [obdclass]
00125  ? llog_cat_add_rec+0x6ba/0x1960 [obdclass]
00125  ? llog_cat_add+0x451/0x890 [obdclass]
00125  ? llog_test_10+0x2c5e/0x5600 [llog_test]
00125  ? lu_object_put+0xa64/0x1210 [obdclass]
00125  ? do_raw_spin_unlock+0x52/0x230
00125  ? _raw_spin_unlock+0x23/0x40
00125  ? __llog_ctxt_put+0x1c4/0x2f0 [obdclass]
00125  ? llog_run_tests+0x3f45/0x5ac0 [llog_test]
00125  ? get_random_u32+0x51/0x470
00125  ? llog_test_device_init+0x503/0x840 [llog_test]
00125  ? obd_setup+0x559/0x960 [obdclass]
00125  ? class_setup+0xc7d/0x10e0 [obdclass]
00125  ? class_process_config+0x2edb/0x7cb0 [obdclass]
00125  ? class_handle_ioctl+0x2055/0x3590 [obdclass]
00125  ? obd_class_ioctl+0x1f6/0x3c0 [obdclass]
00125  ? __x64_sys_ioctl+0x961/0xe00
00125  ? _copy_to_user+0x3d/0x60
00125  ? __x64_sys_rt_sigaction+0x107/0x140
00125  ? do_syscall_64+0xc1/0x350
00125  ? entry_SYSCALL_64_after_hwframe+0x4b/0x53
00125  </TASK>
00125 ---[ end trace 0000000000000000 ]---
00128 Lustre: 2175:0:(llog_cat.c:80:llog_cat_new_log()) MGS: there are no more free slots in catalog 70a59189
00128 Lustre: 2175:0:(llog_cat.c:80:llog_cat_new_log()) Skipped 188 previous similar messages
00128 LustreError: 2175:0:(llog_cat.c:593:llog_cat_add_rec()) MGS: initialization error: rc = -28
00128 LustreError: 2175:0:(llog_cat.c:593:llog_cat_add_rec()) Skipped 188 previous similar messages
00128 Lustre: 2175:0:(llog_test.c:1907:llog_test_10()) 10f: wrote 64578 records then 189 failed with ENOSPC
00128 Lustre: 2175:0:(llog_test.c:1953:llog_test_10()) 10g: Cancel 64767 records, see one log zapped
00128 Lustre: 2175:0:(llog_cat.c:984:llog_cat_process_or_fork()) MGS: catlog [0xa:0x5:0x0] crosses index zero
00131 Lustre: 2175:0:(llog_test.c:1965:llog_test_10()) 10g: print the catalog entries.. we expect 3
00131 Lustre: 2175:0:(llog_cat.c:984:llog_cat_process_or_fork()) MGS: catlog [0xa:0x5:0x0] crosses index zero
00131 Lustre: 2175:0:(llog_test.c:700:cat_print_cb()) seeing record at index 4 - [0x1:0x1b:0x0] in log [0xa:0x5:0x0]
00131 Lustre: 2175:0:(llog_test.c:700:cat_print_cb()) Skipped 6 previous similar messages
00131 Lustre: 2175:0:(llog_test.c:1995:llog_test_10()) 10g: Cancel 64767 records, see one log zapped
00133 Lustre: 2175:0:(llog_test.c:2009:llog_test_10()) 10g: print the catalog entries.. we expect 2
00133 Lustre: 2175:0:(llog_test.c:2047:llog_test_10()) 10g: Cancel 64767 records, see one log zapped
00136 Lustre: 2175:0:(llog_test.c:2061:llog_test_10()) 10g: print the catalog entries.. we expect 1
00136 Lustre: 2175:0:(llog_test.c:2087:llog_test_10()) 10g: llh_cat_idx has also successfully wrapped!
00136 Lustre: 2198:0:(llog_test.c:1535:cat_check_old_cb()) seeing record at index 2 - [0x1:0x1d:0x0] in log [0xa:0x5:0x0]
00136 Lustre: 2175:0:(llog_test.c:2111:llog_test_10()) 10h: write 64767 more log records
00136 ------------[ cut here ]------------
00136 WARNING: /home/ktest/git/linux/include/linux/fs.h:889 at osd_create+0x9cf/0xcf0 [osd_wbcfs], CPU#4: lctl/2175
00136 Modules linked in: llog_test(O) mgs(O) osd_wbcfs(O) lustre(O) obdecho(O) mgc(O) mdc(O) lov(O) osc(O) lmv(O) ec(O) fid(O) fld(O) ptlrpc(O) efivarfs obdclass(O) ksocklnd(O) lnet(O) libcfs(O)
00136 CPU: 4 UID: 0 PID: 2175 Comm: lctl Tainted: G        W  O        7.0.0-ktest-9938b13-6330a45-20260727-dirty #1 PREEMPT 
00136 Tainted: [W]=WARN, [O]=OOT_MODULE
00136 Hardware name: QEMU Standard PC (Q35 + ICH9, 2009), BIOS 2025.11-3ubuntu7 03/31/2026
00136 RIP: 0010:osd_create+0x9cf/0xcf0 [osd_wbcfs]
00136 Code: c7 c7 00 76 7c a1 48 c7 c6 a0 f2 7d a1 48 c7 c2 00 fc 7d a1 e8 82 dd 43 ff 48 c7 c7 00 76 7c a1 e8 f6 6a 44 ff e9 fe fc ff ff <0f> 0b e9 a5 fa ff ff 48 c7 c1 80 44 5d a0 80 e1 07 80 c1 03 38 c1
00136 RSP: 0018:ffffc9000614f478 EFLAGS: 00010246
00136 RAX: 0000000000000000 RBX: ffff888074fa3c00 RCX: 0000000000000046
00136 RDX: 0000000000000000 RSI: ffff8881429f09e8 RDI: ffff888199ae2a80
00136 RBP: ffff8881429f0958 R08: ffffffff83a16803 R09: 1ffffffff0742d00
00136 R10: dffffc0000000000 R11: fffffbfff0742d01 R12: ffff8881899ba400
00136 R13: dffffc0000000000 R14: 1ffff1100e9f4780 R15: 1ffff1103133748f
00136 FS:  00007ffadb032940(0000) GS:ffff88831e62d000(0000) knlGS:0000000000000000
00136 CS:  0010 DS: 0000 ES: 0000 CR0: 0000000080050033
00136 CR2: 00007f6c39e5f028 CR3: 0000000142983000 CR4: 0000000000750eb0
00136 PKRU: 55555554
00136 Call Trace:
00136  <TASK>
00136  ? local_object_create+0x109/0x640 [obdclass]
00136  ? dt_write_lock+0x16d/0x2a0 [obdclass]
00136  ? llog_osd_create+0x356/0x1140 [obdclass]
00136  ? llog_create+0x2ed/0x530 [obdclass]
00136  ? llog_cat_new_log+0x6c3/0x2bf0 [obdclass]
00136  ? llog_cat_add_rec+0x6ba/0x1960 [obdclass]
00136  ? llog_cat_add+0x451/0x890 [obdclass]
00136  ? llog_test_10+0x50f8/0x5600 [llog_test]
00136  ? llog_test_9_sub+0x800/0x800 [llog_test]
00136  ? llog_run_tests+0x3f45/0x5ac0 [llog_test]
00136  ? get_random_u32+0x51/0x470
00136  ? llog_test_device_init+0x503/0x840 [llog_test]
00136  ? obd_setup+0x559/0x960 [obdclass]
00136  ? class_setup+0xc7d/0x10e0 [obdclass]
00136  ? class_process_config+0x2edb/0x7cb0 [obdclass]
00136  ? class_handle_ioctl+0x2055/0x3590 [obdclass]
00136  ? obd_class_ioctl+0x1f6/0x3c0 [obdclass]
00136  ? __x64_sys_ioctl+0x961/0xe00
00136  ? _copy_to_user+0x3d/0x60
00136  ? __x64_sys_rt_sigaction+0x107/0x140
00136  ? do_syscall_64+0xc1/0x350
00136  ? entry_SYSCALL_64_after_hwframe+0x4b/0x53
00136  </TASK>
00136 ---[ end trace 0000000000000000 ]---
00136 LustreError: 2175:0:(llog_osd.c:684:llog_osd_write_rec()) cfs_race id 1317 sleeping
00137 LustreError: 2198:0:(llog.c:690:llog_process_thread()) cfs_fail_race id 1317 waking
00137 LustreError: 2175:0:(llog_osd.c:684:llog_osd_write_rec()) cfs_fail_race id 1317 awake: rc=443
00138 LustreError: 2198:0:(llog.c:690:llog_process_thread()) cfs_fail_race id 1317 waking
00138 Lustre: 2198:0:(llog_test.c:1535:cat_check_old_cb()) seeing record at index 3 - [0x1:0x1e:0x0] in log [0xa:0x5:0x0]
00141 ------------[ cut here ]------------
00141 WARNING: /home/ktest/git/linux/include/linux/fs.h:889 at osd_create+0x9cf/0xcf0 [osd_wbcfs], CPU#4: lctl/2175
00141 Modules linked in: llog_test(O) mgs(O) osd_wbcfs(O) lustre(O) obdecho(O) mgc(O) mdc(O) lov(O) osc(O) lmv(O) ec(O) fid(O) fld(O) ptlrpc(O) efivarfs obdclass(O) ksocklnd(O) lnet(O) libcfs(O)
00141 CPU: 4 UID: 0 PID: 2175 Comm: lctl Tainted: G        W  O        7.0.0-ktest-9938b13-6330a45-20260727-dirty #1 PREEMPT 
00141 Tainted: [W]=WARN, [O]=OOT_MODULE
00141 Hardware name: QEMU Standard PC (Q35 + ICH9, 2009), BIOS 2025.11-3ubuntu7 03/31/2026
00141 RIP: 0010:osd_create+0x9cf/0xcf0 [osd_wbcfs]
00141 Code: c7 c7 00 76 7c a1 48 c7 c6 a0 f2 7d a1 48 c7 c2 00 fc 7d a1 e8 82 dd 43 ff 48 c7 c7 00 76 7c a1 e8 f6 6a 44 ff e9 fe fc ff ff <0f> 0b e9 a5 fa ff ff 48 c7 c1 80 44 5d a0 80 e1 07 80 c1 03 38 c1
00141 RSP: 0018:ffffc9000614f478 EFLAGS: 00010246
00141 RAX: 0000000000000000 RBX: ffff8880137b4800 RCX: 0000000000000046
00141 RDX: 0000000000000000 RSI: ffff8881429f02d0 RDI: ffff888199ae2a80
00141 RBP: ffff8881429f0240 R08: ffffffff83a16803 R09: 1ffffffff0742d00
00141 R10: dffffc0000000000 R11: fffffbfff0742d01 R12: ffff8881899ba400
00141 R13: dffffc0000000000 R14: 1ffff110026f6900 R15: 1ffff1103133748f
00141 FS:  00007ffadb032940(0000) GS:ffff88831e62d000(0000) knlGS:0000000000000000
00141 CS:  0010 DS: 0000 ES: 0000 CR0: 0000000080050033
00141 CR2: 00007f6c39e5f028 CR3: 0000000142983000 CR4: 0000000000750eb0
00141 PKRU: 55555554
00141 Call Trace:
00141  <TASK>
00141  ? local_object_create+0x109/0x640 [obdclass]
00141  ? dt_write_lock+0x16d/0x2a0 [obdclass]
00141  ? llog_osd_create+0x356/0x1140 [obdclass]
00141  ? llog_create+0x2ed/0x530 [obdclass]
00141  ? llog_cat_new_log+0x6c3/0x2bf0 [obdclass]
00141  ? llog_cat_add_rec+0x6ba/0x1960 [obdclass]
00141  ? llog_cat_add+0x451/0x890 [obdclass]
00141  ? llog_test_10+0x50f8/0x5600 [llog_test]
00141  ? llog_test_9_sub+0x800/0x800 [llog_test]
00141  ? llog_run_tests+0x3f45/0x5ac0 [llog_test]
00141  ? get_random_u32+0x51/0x470
00141  ? llog_test_device_init+0x503/0x840 [llog_test]
00141  ? obd_setup+0x559/0x960 [obdclass]
00141  ? class_setup+0xc7d/0x10e0 [obdclass]
00141  ? class_process_config+0x2edb/0x7cb0 [obdclass]
00141  ? class_handle_ioctl+0x2055/0x3590 [obdclass]
00141  ? obd_class_ioctl+0x1f6/0x3c0 [obdclass]
00141  ? __x64_sys_ioctl+0x961/0xe00
00141  ? _copy_to_user+0x3d/0x60
00141  ? __x64_sys_rt_sigaction+0x107/0x140
00141  ? do_syscall_64+0xc1/0x350
00141  ? entry_SYSCALL_64_after_hwframe+0x4b/0x53
00141  </TASK>
00141 ---[ end trace 0000000000000000 ]---
00141 LustreError: 2175:0:(llog_osd.c:684:llog_osd_write_rec()) cfs_fail_race id 1317 waking
00142 Lustre: 2175:0:(llog_test.c:2137:llog_test_10()) 10h: wrote 64767 records then 0 failed with ENOSPC
00142 Lustre: 2175:0:(llog_test.c:2150:llog_test_10()) 10: put newly-created catalog
00142 Lustre: 2175:0:(llog_test.c:2180:llog_test_11()) 11: create a plain nameless log
00142 ------------[ cut here ]------------
00142 WARNING: /home/ktest/git/linux/include/linux/fs.h:889 at osd_create+0x9cf/0xcf0 [osd_wbcfs], CPU#4: lctl/2175
00142 Modules linked in: llog_test(O) mgs(O) osd_wbcfs(O) lustre(O) obdecho(O) mgc(O) mdc(O) lov(O) osc(O) lmv(O) ec(O) fid(O) fld(O) ptlrpc(O) efivarfs obdclass(O) ksocklnd(O) lnet(O) libcfs(O)
00142 CPU: 4 UID: 0 PID: 2175 Comm: lctl Tainted: G        W  O        7.0.0-ktest-9938b13-6330a45-20260727-dirty #1 PREEMPT 
00142 Tainted: [W]=WARN, [O]=OOT_MODULE
00142 Hardware name: QEMU Standard PC (Q35 + ICH9, 2009), BIOS 2025.11-3ubuntu7 03/31/2026
00142 RIP: 0010:osd_create+0x9cf/0xcf0 [osd_wbcfs]
00142 Code: c7 c7 00 76 7c a1 48 c7 c6 a0 f2 7d a1 48 c7 c2 00 fc 7d a1 e8 82 dd 43 ff 48 c7 c7 00 76 7c a1 e8 f6 6a 44 ff e9 fe fc ff ff <0f> 0b e9 a5 fa ff ff 48 c7 c1 80 44 5d a0 80 e1 07 80 c1 03 38 c1
00142 RSP: 0018:ffffc9000614f680 EFLAGS: 00010246
00142 RAX: 0000000000000000 RBX: ffff888034c67400 RCX: 0000000000000046
00142 RDX: 0000000000000000 RSI: ffff88821b87fb68 RDI: ffff888199ae2a58
00142 RBP: ffff88821b87fad8 R08: ffffffff83a16803 R09: 1ffffffff0742d00
00142 R10: dffffc0000000000 R11: fffffbfff0742d01 R12: ffff8881899ba400
00142 R13: dffffc0000000000 R14: 1ffff1100698ce80 R15: 1ffff1103133748f
00142 FS:  00007ffadb032940(0000) GS:ffff88831e62d000(0000) knlGS:0000000000000000
00142 CS:  0010 DS: 0000 ES: 0000 CR0: 0000000080050033
00142 CR2: 00007f6c39e5f028 CR3: 0000000142983000 CR4: 0000000000750eb0
00142 PKRU: 55555554
00142 Call Trace:
00142  <TASK>
00142  ? local_object_create+0x109/0x640 [obdclass]
00142  ? dt_write_lock+0x16d/0x2a0 [obdclass]
00142  ? llog_osd_create+0x356/0x1140 [obdclass]
00142  ? llog_create+0x2ed/0x530 [obdclass]
00142  ? llog_open_create+0x5af/0xb10 [obdclass]
00142  ? llog_test_11+0x2a4/0x1130 [llog_test]
00142  ? llog_test_9_sub+0x800/0x800 [llog_test]
00142  ? llog_run_tests+0x41b0/0x5ac0 [llog_test]
00142  ? get_random_u32+0x51/0x470
00142  ? llog_test_device_init+0x503/0x840 [llog_test]
00142  ? obd_setup+0x559/0x960 [obdclass]
00142  ? class_setup+0xc7d/0x10e0 [obdclass]
00142  ? class_process_config+0x2edb/0x7cb0 [obdclass]
00142  ? class_handle_ioctl+0x2055/0x3590 [obdclass]
00142  ? obd_class_ioctl+0x1f6/0x3c0 [obdclass]
00142  ? __x64_sys_ioctl+0x961/0xe00
00142  ? _copy_to_user+0x3d/0x60
00142  ? __x64_sys_rt_sigaction+0x107/0x140
00142  ? do_syscall_64+0xc1/0x350
00142  ? entry_SYSCALL_64_after_hwframe+0x4b/0x53
00142  </TASK>
00142 ---[ end trace 0000000000000000 ]---
00142 Lustre: 2175:0:(llog_test.c:2205:llog_test_11()) 11: size 8216 in 0 blocks after 1 rec
00142 Lustre: 2175:0:(llog_test.c:2207:llog_test_11()) 11: add few records
00142 Lustre: 2175:0:(llog_test.c:2224:llog_test_11()) 11: size 10616 in 0 blocks with few recs
00143 lctl (2175): drop_caches: 3
00143 Lustre: 2175:0:(llog_test.c:2250:llog_test_11()) 11: re-open the log by LOGID and verify llh_count
00143 Lustre: 2175:0:(llog_test.c:2265:llog_test_11()) 11: size 10616 in 0 blocks after re-open
00143 Lustre: 2175:0:(llog_test.c:2355:llog_test_12()) 12: create a catalog log with name: 70a5918a
00143 ------------[ cut here ]------------
00143 WARNING: /home/ktest/git/linux/include/linux/fs.h:889 at osd_create+0x9cf/0xcf0 [osd_wbcfs], CPU#4: lctl/2175
00143 Modules linked in: llog_test(O) mgs(O) osd_wbcfs(O) lustre(O) obdecho(O) mgc(O) mdc(O) lov(O) osc(O) lmv(O) ec(O) fid(O) fld(O) ptlrpc(O) efivarfs obdclass(O) ksocklnd(O) lnet(O) libcfs(O)
00143 CPU: 4 UID: 0 PID: 2175 Comm: lctl Tainted: G        W  O        7.0.0-ktest-9938b13-6330a45-20260727-dirty #1 PREEMPT 
00143 Tainted: [W]=WARN, [O]=OOT_MODULE
00143 Hardware name: QEMU Standard PC (Q35 + ICH9, 2009), BIOS 2025.11-3ubuntu7 03/31/2026
00143 RIP: 0010:osd_create+0x9cf/0xcf0 [osd_wbcfs]
00143 Code: c7 c7 00 76 7c a1 48 c7 c6 a0 f2 7d a1 48 c7 c2 00 fc 7d a1 e8 82 dd 43 ff 48 c7 c7 00 76 7c a1 e8 f6 6a 44 ff e9 fe fc ff ff <0f> 0b e9 a5 fa ff ff 48 c7 c1 80 44 5d a0 80 e1 07 80 c1 03 38 c1
00143 RSP: 0018:ffffc9000614f678 EFLAGS: 00010246
00143 RAX: 0000000000000000 RBX: ffff888034c69c00 RCX: 0000000000000046
00143 RDX: 0000000000000000 RSI: ffff88821b87f450 RDI: ffff888199ae2a58
00143 RBP: ffff88821b87f3c0 R08: ffffffff83a16803 R09: 1ffffffff0742d00
00143 R10: dffffc0000000000 R11: fffffbfff0742d01 R12: ffff8881899ba400
00143 R13: dffffc0000000000 R14: 1ffff1100698d380 R15: 1ffff1103133748f
00143 FS:  00007ffadb032940(0000) GS:ffff88831e62d000(0000) knlGS:0000000000000000
00143 CS:  0010 DS: 0000 ES: 0000 CR0: 0000000080050033
00143 CR2: 00007f6c39e5f028 CR3: 0000000142983000 CR4: 0000000000750eb0
00143 PKRU: 55555554
00143 Call Trace:
00143  <TASK>
00143  ? local_object_create+0x109/0x640 [obdclass]
00143  ? dt_write_lock+0x16d/0x2a0 [obdclass]
00143  ? llog_osd_create+0x356/0x1140 [obdclass]
00143  ? llog_create+0x2ed/0x530 [obdclass]
00143  ? llog_open_create+0x5af/0xb10 [obdclass]
00143  ? llog_test_12+0x40f/0x2d90 [llog_test]
00143  ? llog_test_11+0xc14/0x1130 [llog_test]
00143  ? llog_run_tests+0x4434/0x5ac0 [llog_test]
00143  ? get_random_u32+0x51/0x470
00143  ? llog_test_device_init+0x503/0x840 [llog_test]
00143  ? obd_setup+0x559/0x960 [obdclass]
00143  ? class_setup+0xc7d/0x10e0 [obdclass]
00143  ? class_process_config+0x2edb/0x7cb0 [obdclass]
00143  ? class_handle_ioctl+0x2055/0x3590 [obdclass]
00143  ? obd_class_ioctl+0x1f6/0x3c0 [obdclass]
00143  ? __x64_sys_ioctl+0x961/0xe00
00143  ? _copy_to_user+0x3d/0x60
00143  ? __x64_sys_rt_sigaction+0x107/0x140
00143  ? do_syscall_64+0xc1/0x350
00143  ? entry_SYSCALL_64_after_hwframe+0x4b/0x53
00143  </TASK>
00143 ---[ end trace 0000000000000000 ]---
00143 ------------[ cut here ]------------
00143 WARNING: /home/ktest/git/linux/include/linux/fs.h:889 at osd_create+0x9cf/0xcf0 [osd_wbcfs], CPU#4: lctl/2175
00143 Modules linked in: llog_test(O) mgs(O) osd_wbcfs(O) lustre(O) obdecho(O) mgc(O) mdc(O) lov(O) osc(O) lmv(O) ec(O) fid(O) fld(O) ptlrpc(O) efivarfs obdclass(O) ksocklnd(O) lnet(O) libcfs(O)
00143 CPU: 4 UID: 0 PID: 2175 Comm: lctl Tainted: G        W  O        7.0.0-ktest-9938b13-6330a45-20260727-dirty #1 PREEMPT 
00143 Tainted: [W]=WARN, [O]=OOT_MODULE
00143 Hardware name: QEMU Standard PC (Q35 + ICH9, 2009), BIOS 2025.11-3ubuntu7 03/31/2026
00143 RIP: 0010:osd_create+0x9cf/0xcf0 [osd_wbcfs]
00143 Code: c7 c7 00 76 7c a1 48 c7 c6 a0 f2 7d a1 48 c7 c2 00 fc 7d a1 e8 82 dd 43 ff 48 c7 c7 00 76 7c a1 e8 f6 6a 44 ff e9 fe fc ff ff <0f> 0b e9 a5 fa ff ff 48 c7 c1 80 44 5d a0 80 e1 07 80 c1 03 38 c1
00143 RSP: 0018:ffffc9000614f518 EFLAGS: 00010246
00143 RAX: 0000000000000000 RBX: ffff888034c6f400 RCX: 0000000000000046
00143 RDX: 0000000000000000 RSI: ffff88821b87ed38 RDI: ffff888199ae2a80
00143 RBP: ffff88821b87eca8 R08: ffffffff83a16803 R09: 1ffffffff0742d00
00143 R10: dffffc0000000000 R11: fffffbfff0742d01 R12: ffff8881899ba400
00143 R13: dffffc0000000000 R14: 1ffff1100698de80 R15: 1ffff1103133748f
00143 FS:  00007ffadb032940(0000) GS:ffff88831e62d000(0000) knlGS:0000000000000000
00143 CS:  0010 DS: 0000 ES: 0000 CR0: 0000000080050033
00143 CR2: 00007f6c39e5f028 CR3: 0000000142983000 CR4: 0000000000750eb0
00143 PKRU: 55555554
00143 Call Trace:
00143  <TASK>
00143  ? local_object_create+0x109/0x640 [obdclass]
00143  ? dt_write_lock+0x16d/0x2a0 [obdclass]
00143  ? llog_osd_create+0x356/0x1140 [obdclass]
00143  ? llog_create+0x2ed/0x530 [obdclass]
00143  ? llog_cat_new_log+0x6c3/0x2bf0 [obdclass]
00143  ? llog_cat_add_rec+0x6ba/0x1960 [obdclass]
00143  ? llog_cat_add+0x451/0x890 [obdclass]
00143  ? llog_test_12+0x68f/0x2d90 [llog_test]
00143  ? llog_test_11+0xc14/0x1130 [llog_test]
00143  ? llog_run_tests+0x4434/0x5ac0 [llog_test]
00143  ? get_random_u32+0x51/0x470
00143  ? llog_test_device_init+0x503/0x840 [llog_test]
00143  ? obd_setup+0x559/0x960 [obdclass]
00143  ? class_setup+0xc7d/0x10e0 [obdclass]
00143  ? class_process_config+0x2edb/0x7cb0 [obdclass]
00143  ? class_handle_ioctl+0x2055/0x3590 [obdclass]
00143  ? obd_class_ioctl+0x1f6/0x3c0 [obdclass]
00143  ? __x64_sys_ioctl+0x961/0xe00
00143  ? _copy_to_user+0x3d/0x60
00143  ? __x64_sys_rt_sigaction+0x107/0x140
00143  ? do_syscall_64+0xc1/0x350
00143  ? entry_SYSCALL_64_after_hwframe+0x4b/0x53
00143  </TASK>
00143 ---[ end trace 0000000000000000 ]---
00143 Lustre: 12: truncate 24 bytes
00143 Lustre: 12: re-open and process the catalog
00143 LustreError: 2175:0:(llog_osd.c:1248:llog_osd_next_block()) MGS0000-osd: invalid llog tail at log id [0xa:0x6:0x0] offset 8232 last_rec idx 8704 tail idx 275010875 lrt len 1 read_size 40
00143 LustreError: 2175:0:(llog.c:886:llog_process_thread()) MGS: local llog is corrupted [0xa:0x6:0x0] catalog index 1 count 2
00143 Lustre: 12: try to add to the catalog
00143 ------------[ cut here ]------------
00143 WARNING: /home/ktest/git/linux/include/linux/fs.h:889 at osd_create+0x9cf/0xcf0 [osd_wbcfs], CPU#4: lctl/2175
00143 Modules linked in: llog_test(O) mgs(O) osd_wbcfs(O) lustre(O) obdecho(O) mgc(O) mdc(O) lov(O) osc(O) lmv(O) ec(O) fid(O) fld(O) ptlrpc(O) efivarfs obdclass(O) ksocklnd(O) lnet(O) libcfs(O)
00143 CPU: 4 UID: 0 PID: 2175 Comm: lctl Tainted: G        W  O        7.0.0-ktest-9938b13-6330a45-20260727-dirty #1 PREEMPT 
00143 Tainted: [W]=WARN, [O]=OOT_MODULE
00143 Hardware name: QEMU Standard PC (Q35 + ICH9, 2009), BIOS 2025.11-3ubuntu7 03/31/2026
00143 RIP: 0010:osd_create+0x9cf/0xcf0 [osd_wbcfs]
00143 Code: c7 c7 00 76 7c a1 48 c7 c6 a0 f2 7d a1 48 c7 c2 00 fc 7d a1 e8 82 dd 43 ff 48 c7 c7 00 76 7c a1 e8 f6 6a 44 ff e9 fe fc ff ff <0f> 0b e9 a5 fa ff ff 48 c7 c1 80 44 5d a0 80 e1 07 80 c1 03 38 c1
00143 RSP: 0018:ffffc9000614f518 EFLAGS: 00010246
00143 RAX: 0000000000000000 RBX: ffff88817e0a2000 RCX: 0000000000000046
00143 RDX: 0000000000000000 RSI: ffff88821b87e620 RDI: ffff888199ae2a80
00143 RBP: ffff88821b87e590 R08: ffffffff83a16803 R09: 1ffffffff0742d00
00143 R10: dffffc0000000000 R11: fffffbfff0742d01 R12: ffff8881899ba400
00143 R13: dffffc0000000000 R14: 1ffff1102fc14400 R15: 1ffff1103133748f
00143 FS:  00007ffadb032940(0000) GS:ffff88831e62d000(0000) knlGS:0000000000000000
00143 CS:  0010 DS: 0000 ES: 0000 CR0: 0000000080050033
00143 CR2: 00007f6c39e5f028 CR3: 0000000142983000 CR4: 0000000000750eb0
00143 PKRU: 55555554
00143 Call Trace:
00143  <TASK>
00143  ? local_object_create+0x109/0x640 [obdclass]
00143  ? dt_write_lock+0x16d/0x2a0 [obdclass]
00143  ? llog_osd_create+0x356/0x1140 [obdclass]
00143  ? llog_create+0x2ed/0x530 [obdclass]
00143  ? llog_cat_new_log+0x6c3/0x2bf0 [obdclass]
00143  ? llog_cat_add_rec+0x6ba/0x1960 [obdclass]
00143  ? llog_cat_add+0x451/0x890 [obdclass]
00143  ? llog_test_12+0xfdb/0x2d90 [llog_test]
00143  ? llog_run_tests+0x4434/0x5ac0 [llog_test]
00143  ? get_random_u32+0x51/0x470
00143  ? llog_test_device_init+0x503/0x840 [llog_test]
00143  ? obd_setup+0x559/0x960 [obdclass]
00143  ? class_setup+0xc7d/0x10e0 [obdclass]
00143  ? class_process_config+0x2edb/0x7cb0 [obdclass]
00143  ? class_handle_ioctl+0x2055/0x3590 [obdclass]
00143  ? obd_class_ioctl+0x1f6/0x3c0 [obdclass]
00143  ? __x64_sys_ioctl+0x961/0xe00
00143  ? _copy_to_user+0x3d/0x60
00143  ? __x64_sys_rt_sigaction+0x107/0x140
00143  ? do_syscall_64+0xc1/0x350
00143  ? entry_SYSCALL_64_after_hwframe+0x4b/0x53
00143  </TASK>
00143 ---[ end trace 0000000000000000 ]---
00143 LustreError: 2175:0:(llog_osd.c:1231:llog_osd_next_block()) MGS0000-osd: invalid llog tail at log id [0x6:0xa:0x0]:0 offset 8297 tail idx 603979776 lrt len 1074261 read_size 105
00143 ------------[ cut here ]------------
00143 WARNING: /home/ktest/git/linux/include/linux/fs.h:889 at osd_create+0x9cf/0xcf0 [osd_wbcfs], CPU#4: lctl/2175
00143 Modules linked in: llog_test(O) mgs(O) osd_wbcfs(O) lustre(O) obdecho(O) mgc(O) mdc(O) lov(O) osc(O) lmv(O) ec(O) fid(O) fld(O) ptlrpc(O) efivarfs obdclass(O) ksocklnd(O) lnet(O) libcfs(O)
00143 CPU: 4 UID: 0 PID: 2175 Comm: lctl Tainted: G        W  O        7.0.0-ktest-9938b13-6330a45-20260727-dirty #1 PREEMPT 
00143 Tainted: [W]=WARN, [O]=OOT_MODULE
00143 Hardware name: QEMU Standard PC (Q35 + ICH9, 2009), BIOS 2025.11-3ubuntu7 03/31/2026
00143 RIP: 0010:osd_create+0x9cf/0xcf0 [osd_wbcfs]
00143 Code: c7 c7 00 76 7c a1 48 c7 c6 a0 f2 7d a1 48 c7 c2 00 fc 7d a1 e8 82 dd 43 ff 48 c7 c7 00 76 7c a1 e8 f6 6a 44 ff e9 fe fc ff ff <0f> 0b e9 a5 fa ff ff 48 c7 c1 80 44 5d a0 80 e1 07 80 c1 03 38 c1
00143 RSP: 0018:ffffc9000614f518 EFLAGS: 00010246
00143 RAX: 0000000000000000 RBX: ffff888138404800 RCX: 0000000000000046
00143 RDX: 0000000000000000 RSI: ffff88821b87df08 RDI: ffff888199ae2a80
00143 RBP: ffff88821b87de78 R08: ffffffff83a16803 R09: 1ffffffff0742d00
00143 R10: dffffc0000000000 R11: fffffbfff0742d01 R12: ffff8881899ba400
00143 R13: dffffc0000000000 R14: 1ffff11027080900 R15: 1ffff1103133748f
00143 FS:  00007ffadb032940(0000) GS:ffff88831e62d000(0000) knlGS:0000000000000000
00143 CS:  0010 DS: 0000 ES: 0000 CR0: 0000000080050033
00143 CR2: 00007f6c39e5f028 CR3: 0000000142983000 CR4: 0000000000750eb0
00143 PKRU: 55555554
00143 Call Trace:
00143  <TASK>
00143  ? local_object_create+0x109/0x640 [obdclass]
00143  ? dt_write_lock+0x16d/0x2a0 [obdclass]
00143  ? llog_osd_create+0x356/0x1140 [obdclass]
00143  ? llog_create+0x2ed/0x530 [obdclass]
00143  ? llog_cat_new_log+0x6c3/0x2bf0 [obdclass]
00143  ? llog_cat_add_rec+0x6ba/0x1960 [obdclass]
00143  ? llog_cat_add+0x451/0x890 [obdclass]
00143  ? llog_test_12+0xfdb/0x2d90 [llog_test]
00143  ? llog_run_tests+0x4434/0x5ac0 [llog_test]
00143  ? get_random_u32+0x51/0x470
00143  ? llog_test_device_init+0x503/0x840 [llog_test]
00143  ? obd_setup+0x559/0x960 [obdclass]
00143  ? class_setup+0xc7d/0x10e0 [obdclass]
00143  ? class_process_config+0x2edb/0x7cb0 [obdclass]
00143  ? class_handle_ioctl+0x2055/0x3590 [obdclass]
00143  ? obd_class_ioctl+0x1f6/0x3c0 [obdclass]
00143  ? __x64_sys_ioctl+0x961/0xe00
00143  ? _copy_to_user+0x3d/0x60
00143  ? __x64_sys_rt_sigaction+0x107/0x140
00143  ? do_syscall_64+0xc1/0x350
00143  ? entry_SYSCALL_64_after_hwframe+0x4b/0x53
00143  </TASK>
00143 ---[ end trace 0000000000000000 ]---
00143 ==================================================================
00143 BUG: KASAN: use-after-free in llog_osd_next_block+0x13e1/0x3340 [obdclass]
00143 Read of size 4 at addr ffff88823b77f036 by task lctl/2175
00143 
00143 CPU: 4 UID: 0 PID: 2175 Comm: lctl Tainted: G        W  O        7.0.0-ktest-9938b13-6330a45-20260727-dirty #1 PREEMPT 
00143 Tainted: [W]=WARN, [O]=OOT_MODULE
00143 Hardware name: QEMU Standard PC (Q35 + ICH9, 2009), BIOS 2025.11-3ubuntu7 03/31/2026
00143 Call Trace:
00143  <TASK>
00143  dump_stack_lvl+0x52/0x80
00143  print_report+0xbc/0x260
00143  ? llog_osd_next_block+0x13e1/0x3340 [obdclass]
00143  kasan_report+0xa2/0xd0
00143  ? llog_osd_next_block+0x13e1/0x3340 [obdclass]
00143  llog_osd_next_block+0x13e1/0x3340 [obdclass]
00143  llog_process_thread+0xdd7/0x4f70 [obdclass]
00143  ? entry_SYSCALL_64_after_hwframe+0x4b/0x53
00143  ? task_work_add+0x177/0x210
00143  llog_process_or_fork+0x656/0xc90 [obdclass]
00143  ? llog_cat_process+0x30/0x30 [obdclass]
00143  llog_cat_process_or_fork+0x780/0xdb0 [obdclass]
00143  ? llog_cat_process+0x30/0x30 [obdclass]
00143  ? llog_cancel_rec_cb+0x450/0x450 [llog_test]
00143  llog_cat_process+0x24/0x30 [obdclass]
00143  llog_test_12+0xf58/0x2d90 [llog_test]
00143  llog_run_tests+0x4434/0x5ac0 [llog_test]
00143  ? get_random_u32+0x51/0x470
00143  llog_test_device_init+0x503/0x840 [llog_test]
00143  obd_setup+0x559/0x960 [obdclass]
00143  class_setup+0xc7d/0x10e0 [obdclass]
00143  class_process_config+0x2edb/0x7cb0 [obdclass]
00143  class_handle_ioctl+0x2055/0x3590 [obdclass]
00143  obd_class_ioctl+0x1f6/0x3c0 [obdclass]
00143  __x64_sys_ioctl+0x961/0xe00
00143  ? _copy_to_user+0x3d/0x60
00143  ? __x64_sys_rt_sigaction+0x107/0x140
00143  do_syscall_64+0xc1/0x350
00143  entry_SYSCALL_64_after_hwframe+0x4b/0x53
00143 RIP: 0033:0x7ffadaf24e1d
00143 Code: 04 25 28 00 00 00 48 89 45 c8 31 c0 48 8d 45 10 c7 45 b0 10 00 00 00 48 89 45 b8 48 8d 45 d0 48 89 45 c0 b8 10 00 00 00 0f 05 <89> c2 3d 00 f0 ff ff 77 1a 48 8b 45 c8 64 48 2b 04 25 28 00 00 00
00143 RSP: 002b:00007fffc3edaaf0 EFLAGS: 00000246 ORIG_RAX: 0000000000000010
00143 RAX: ffffffffffffffda RBX: 00007ffadb29b1f0 RCX: 00007ffadaf24e1d
00143 RDX: 00007fffc3edadd0 RSI: 00000000c00866b8 RDI: 0000000000000003
00143 RBP: 00007fffc3edab40 R08: 00007fffc3edab90 R09: 00007fffc3edadd0
00143 R10: 0000560f45188930 R11: 0000000000000246 R12: 00007fffc3edadd0
00143 R13: 0000560f38b33822 R14: 0000000000000000 R15: 00007fffc3edce50
00143  </TASK>
00143 
00143 The buggy address belongs to the physical page:
00143 page: refcount:0 mapcount:0 mapping:0000000000000000 index:0xffffffffffffffff pfn:0x23b77f
00143 flags: 0x8000000000000000(zone=2)
00143 raw: 8000000000000000 0000000000000000 00000000ffffffff 0000000000000000
00143 raw: ffffffffffffffff 0000000000000000 00000000ffffffff 0000000000000000
00143 page dumped because: kasan: bad access detected
00143 
00143 Memory state around the buggy address:
00143  ffff88823b77ef00: ff ff ff ff ff ff ff ff ff ff ff ff ff ff ff ff
00143  ffff88823b77ef80: ff ff ff ff ff ff ff ff ff ff ff ff ff ff ff ff
00143 >ffff88823b77f000: ff ff ff ff ff ff ff ff ff ff ff ff ff ff ff ff
00143                                      ^
00143  ffff88823b77f080: ff ff ff ff ff ff ff ff ff ff ff ff ff ff ff ff
00143  ffff88823b77f100: ff ff ff ff ff ff ff ff ff ff ff ff ff ff ff ff
00143 ==================================================================
00143 Disabling lock debugging due to kernel taint
00143 Lustre: 2175:0:(llog_test.c:2464:llog_test_12()) 12: put newly-created catalog
00143 Lustre: 2175:0:(llog_test.c:2532:llog_test_13()) 13a: create a catalog log with name: 70a5918a
00143 Lustre: 2175:0:(llog_test.c:2548:llog_test_13()) 13b: write 1 record into the catalog
00143 LustreError: 2175:0:(llog_test.c:2559:llog_test_13()) 13b: found 8 plain llogs
00143 Lustre: 2175:0:(llog_test.c:2561:llog_test_13()) 13c: erase plain llog
00143 LustreError: 2175:0:(llog_cat.c:404:llog_cat_id2handle()) MGS: error opening log id [0x1:0x4f:0x0]: rc = -2
00143 Lustre: 2175:0:(llog_test.c:2581:llog_test_13()) 13d: forward process: found=1708 rc=0
00143 Lustre: 2175:0:(llog_test.c:2585:llog_test_13()) 13e: erase another plain llog
00143 Lustre: 2175:0:(llog_test.c:2605:llog_test_13()) 13e: backward process: found=1367 rc=0
00143 Lustre: 2175:0:(llog_test.c:2608:llog_test_13()) 13f: put newly-created catalog
00148 ========= FAILED TIMEOUT llog-unit in 240s
Error 1 at /home/ktest/ktest/lib/libktest.sh 587 from: "$ktest_dir/lib/supervisor" -S -F -T "$ktest_timeout" -b "$test_basename" -o "$test_logdir" -f "$test_basename.$(date -Iseconds).log" -- "${qemu_cmd[@]}", exiting
Error 1 at ./qlkbuild 187 from: "$ktest_dir/lib/supervisor" -S -F -T "$ktest_timeout" -b "$test_basename" -o "$test_logdir" -f "$test_basename.$(date -Iseconds).log" -- "${qemu_cmd[@]}", exiting
Error 1 at ./qlkbuild 1202 from: "$ktest_dir/lib/supervisor" -S -F -T "$ktest_timeout" -b "$test_basename" -o "$test_logdir" -f "$test_basename.$(date -Iseconds).log" -- "${qemu_cmd[@]}", exiting
