CLI: ./pk --podman-socket unix:///run/user/1000/podman/podman.sock --shared-filesystem /tmp --tarball-input job lustre-ci --output /var/www/ci-lustre/upstream-patch-review --git-hash 99520211bcc42a2bef6200708ae1cf35c1603c57 --change-id 69386_99520211bcc42a2bef6200708ae1cf35c1603c57 --subject LU-20869 tests: speed up llapi_fid_test test20

Environment validated successfully
Note: custom LLVM is not synced in tarball input mode
Creating kernel tarball at /tmp/ktest-kernel.tar.gz...
Creating lustre tarball at /tmp/ktest-lustre.tar.gz...
Creating ZFS tarball at /tmp/ktest-zfs.tar.gz...
Executing 14 jobs
Jobs will start as soon as their dependencies are satisfied
Using tarball input mode

START al2023:al2023 build tests/fs/lustre/boot.ktest
START ml:lustre_mainline build tests/fs/lustre/boot.ktest
START ml-strict:lustre_mainline build tests/fs/lustre/boot-strict.ktest
START checkpatch:checkpatch tool checkpatch
START ml-miscvm:lustre_mainline_native build tests/fs/lustre/boot.ktest
START u24:u24 build tests/fs/lustre/boot.ktest
PUT /tmp/ktest-lustre.tar.gz 1s
PUT /tmp/ktest-lustre.tar.gz 1s
PUT /tmp/ktest-kernel.tar.gz 8s
PUT /tmp/ktest-kernel.tar.gz 9s
PUT /tmp/ktest-kernel.tar.gz 9s
PUT /tmp/ktest-kernel.tar.gz 9s
PUT /tmp/ktest-lustre.tar.gz 5s
PUT /tmp/ktest-lustre.tar.gz 5s
PUT /tmp/ktest-lustre.tar.gz 5s
PUT /tmp/ktest-lustre.tar.gz 5s
PUT /tmp/ktest-zfs.tar.gz 0s
PUT /tmp/ktest-zfs.tar.gz 0s
PUT /tmp/ktest-zfs.tar.gz 0s
END checkpatch:checkpatch tool checkpatch PASS 17s
END u24:u24 build tests/fs/lustre/boot.ktest PASS 41s
END al2023:al2023 build tests/fs/lustre/boot.ktest PASS 51s
GET /tmp/ktest_ml-miscvm:lustre_mainline_native_l5uxw4qa.tar 0s
END ml-miscvm:lustre_mainline_native build tests/fs/lustre/boot.ktest PASS 157s
START ml-miscvm:boot run tests/fs/lustre/boot.ktest
START ml-miscvm:llmount run tests/fs/lustre/llmount.ktest
START ml-miscvm:llog-unit run tests/fs/lustre/llog-unit.ktest
START ml-miscvm:mgs-setup run tests/fs/lustre/mgs-setup.ktest
START ml-miscvm:sanity-1 run tests/fs/lustre/sanity/sanity-1.ktest
START ml-miscvm:sanity-2 run tests/fs/lustre/sanity/sanity-2.ktest
START ml-miscvm:sanity-3 run tests/fs/lustre/sanity/sanity-3.ktest
START ml-miscvm:sanity-4 run tests/fs/lustre/sanity/sanity-4.ktest
PUT /tmp/ktest-kernel.tar.gz 42s
PUT /tmp/ktest-kernel.tar.gz 43s
PUT /tmp/ktest-kernel.tar.gz 43s
PUT /tmp/ktest-kernel.tar.gz 43s
PUT /tmp/ktest-kernel.tar.gz 43s
PUT /tmp/ktest-kernel.tar.gz 44s
PUT /tmp/ktest-kernel.tar.gz 44s
PUT /tmp/ktest-kernel.tar.gz 44s
PUT /tmp/ktest-lustre.tar.gz 16s
PUT /tmp/ktest-lustre.tar.gz 15s
PUT /tmp/ktest-lustre.tar.gz 15s
PUT /tmp/ktest-lustre.tar.gz 15s
PUT /tmp/ktest-lustre.tar.gz 15s
PUT /tmp/ktest-lustre.tar.gz 16s
PUT /tmp/ktest-lustre.tar.gz 16s
PUT /tmp/ktest-lustre.tar.gz 15s
GET /tmp/ktest_ml-strict:lustre_mainline_eeygi23m.tar 26s
PUT /tmp/ktest_ml-miscvm:lustre_mainline_native_l5uxw4qa.tar 3s
PUT /tmp/ktest_ml-miscvm:lustre_mainline_native_l5uxw4qa.tar 13s
END ml-strict:lustre_mainline build tests/fs/lustre/boot-strict.ktest FAIL 232s (exit code: 1)
PUT /tmp/ktest_ml-miscvm:lustre_mainline_native_l5uxw4qa.tar 15s
PUT /tmp/ktest_ml-miscvm:lustre_mainline_native_l5uxw4qa.tar 15s
PUT /tmp/ktest_ml-miscvm:lustre_mainline_native_l5uxw4qa.tar 15s
PUT /tmp/ktest_ml-miscvm:lustre_mainline_native_l5uxw4qa.tar 15s
PUT /tmp/ktest_ml-miscvm:lustre_mainline_native_l5uxw4qa.tar 15s
PUT /tmp/ktest_ml-miscvm:lustre_mainline_native_l5uxw4qa.tar 15s
GET /tmp/ktest_ml:lustre_mainline_q5m308up.tar 0s
END ml:lustre_mainline build tests/fs/lustre/boot.ktest PASS 235s
END ml-miscvm:boot run tests/fs/lustre/boot.ktest PASS 89s
END ml-miscvm:mgs-setup run tests/fs/lustre/mgs-setup.ktest PASS 98s
END ml-miscvm:llmount run tests/fs/lustre/llmount.ktest PASS 137s
END ml-miscvm:sanity-4 run tests/fs/lustre/sanity/sanity-4.ktest PASS 141s
END ml-miscvm:sanity-1 run tests/fs/lustre/sanity/sanity-1.ktest PASS 143s
END ml-miscvm:sanity-3 run tests/fs/lustre/sanity/sanity-3.ktest PASS 146s
END ml-miscvm:sanity-2 run tests/fs/lustre/sanity/sanity-2.ktest PASS 149s
END ml-miscvm:llog-unit run tests/fs/lustre/llog-unit.ktest FAIL 174s (exit code: 1)

============================================================
Final Results:
  checkpatch:checkpatch: PASS (17s) (log: /var/www/ci-lustre/upstream-patch-review/99520211bcc42a2bef6200708ae1cf35c1603c57_checkpatch:checkpatch.log)
  u24:u24: PASS (41s) (log: /var/www/ci-lustre/upstream-patch-review/99520211bcc42a2bef6200708ae1cf35c1603c57_u24:u24.log)
  al2023:al2023: PASS (51s) (log: /var/www/ci-lustre/upstream-patch-review/99520211bcc42a2bef6200708ae1cf35c1603c57_al2023:al2023.log)
  ml-strict:lustre_mainline: FAIL (232s) (log: /var/www/ci-lustre/upstream-patch-review/99520211bcc42a2bef6200708ae1cf35c1603c57_ml-strict:lustre_mainline.log)
  ml:lustre_mainline: PASS (235s) (log: /var/www/ci-lustre/upstream-patch-review/99520211bcc42a2bef6200708ae1cf35c1603c57_ml:lustre_mainline.log)
  ml-miscvm:lustre_mainline_native: PASS (157s) (log: /var/www/ci-lustre/upstream-patch-review/99520211bcc42a2bef6200708ae1cf35c1603c57_ml-miscvm:lustre_mainline_native.log)
  ml-miscvm:boot: PASS (89s) (log: /var/www/ci-lustre/upstream-patch-review/99520211bcc42a2bef6200708ae1cf35c1603c57_ml-miscvm:boot.log)
  ml-miscvm:llmount: PASS (137s) (log: /var/www/ci-lustre/upstream-patch-review/99520211bcc42a2bef6200708ae1cf35c1603c57_ml-miscvm:llmount.log)
  ml-miscvm:llog-unit: FAIL (174s) (log: /var/www/ci-lustre/upstream-patch-review/99520211bcc42a2bef6200708ae1cf35c1603c57_ml-miscvm:llog-unit.log)
  ml-miscvm:mgs-setup: PASS (98s) (log: /var/www/ci-lustre/upstream-patch-review/99520211bcc42a2bef6200708ae1cf35c1603c57_ml-miscvm:mgs-setup.log)
  ml-miscvm:sanity-1: PASS (143s) (log: /var/www/ci-lustre/upstream-patch-review/99520211bcc42a2bef6200708ae1cf35c1603c57_ml-miscvm:sanity-1.log)
  ml-miscvm:sanity-2: PASS (149s) (log: /var/www/ci-lustre/upstream-patch-review/99520211bcc42a2bef6200708ae1cf35c1603c57_ml-miscvm:sanity-2.log)
  ml-miscvm:sanity-3: PASS (146s) (log: /var/www/ci-lustre/upstream-patch-review/99520211bcc42a2bef6200708ae1cf35c1603c57_ml-miscvm:sanity-3.log)
  ml-miscvm:sanity-4: PASS (141s) (log: /var/www/ci-lustre/upstream-patch-review/99520211bcc42a2bef6200708ae1cf35c1603c57_ml-miscvm:sanity-4.log)

Total execution time: 363s

Packed 7411 logs from /var/www/ci-lustre/upstream-patch-review into /home/ktest/ktest/local-site/local_data.js
Open /home/ktest/ktest/local-site/index.html in a browser
