CLI: ./pk --podman-socket unix:///run/user/1000/podman/podman.sock --shared-filesystem /tmp --tarball-input job lustre-ci --output /var/www/ci-lustre/upstream-patch-review --git-hash 99c1aaf7a8db5baa4936498f91c3db25d5763d02 --change-id 67310_99c1aaf7a8db5baa4936498f91c3db25d5763d02 --subject LU-20485 mdt: drop ctxt if we have a NULL handle

Environment validated successfully
Note: custom LLVM is not synced in tarball input mode
Creating kernel tarball at /tmp/ktest-kernel.tar.gz...
Creating lustre tarball at /tmp/ktest-lustre.tar.gz...
Creating ZFS tarball at /tmp/ktest-zfs.tar.gz...
Executing 14 jobs
Jobs will start as soon as their dependencies are satisfied
Using tarball input mode

START u24:u24 build tests/fs/lustre/boot.ktest
START ml-strict:lustre_mainline build tests/fs/lustre/boot-strict.ktest
START ml-miscvm:lustre_mainline_native build tests/fs/lustre/boot.ktest
START checkpatch:checkpatch tool checkpatch
START ml:lustre_mainline build tests/fs/lustre/boot.ktest
START al2023:al2023 build tests/fs/lustre/boot.ktest
PUT /tmp/ktest-lustre.tar.gz 1s
PUT /tmp/ktest-lustre.tar.gz 1s
PUT /tmp/ktest-kernel.tar.gz 9s
PUT /tmp/ktest-kernel.tar.gz 9s
PUT /tmp/ktest-kernel.tar.gz 9s
PUT /tmp/ktest-kernel.tar.gz 9s
PUT /tmp/ktest-lustre.tar.gz 4s
PUT /tmp/ktest-lustre.tar.gz 4s
PUT /tmp/ktest-lustre.tar.gz 4s
PUT /tmp/ktest-lustre.tar.gz 4s
PUT /tmp/ktest-zfs.tar.gz 0s
PUT /tmp/ktest-zfs.tar.gz 0s
PUT /tmp/ktest-zfs.tar.gz 0s
END checkpatch:checkpatch tool checkpatch PASS 17s
END u24:u24 build tests/fs/lustre/boot.ktest PASS 41s
END al2023:al2023 build tests/fs/lustre/boot.ktest PASS 50s
GET /tmp/ktest_ml-strict:lustre_mainline_g1_t4e2g.tar 5s
END ml-strict:lustre_mainline build tests/fs/lustre/boot-strict.ktest FAIL 170s (exit code: 1)
GET /tmp/ktest_ml-miscvm:lustre_mainline_native_ppqbimrd.tar 3s
END ml-miscvm:lustre_mainline_native build tests/fs/lustre/boot.ktest PASS 172s
START ml-miscvm:boot run tests/fs/lustre/boot.ktest
START ml-miscvm:llmount run tests/fs/lustre/llmount.ktest
START ml-miscvm:llog-unit run tests/fs/lustre/llog-unit.ktest
START ml-miscvm:mgs-setup run tests/fs/lustre/mgs-setup.ktest
START ml-miscvm:sanity-1 run tests/fs/lustre/sanity/sanity-1.ktest
START ml-miscvm:sanity-2 run tests/fs/lustre/sanity/sanity-2.ktest
START ml-miscvm:sanity-3 run tests/fs/lustre/sanity/sanity-3.ktest
START ml-miscvm:sanity-4 run tests/fs/lustre/sanity/sanity-4.ktest
GET /tmp/ktest_ml:lustre_mainline_keq5pa6o.tar 5s
END ml:lustre_mainline build tests/fs/lustre/boot.ktest PASS 174s
PUT /tmp/ktest-kernel.tar.gz 44s
PUT /tmp/ktest-kernel.tar.gz 44s
PUT /tmp/ktest-kernel.tar.gz 44s
PUT /tmp/ktest-kernel.tar.gz 44s
PUT /tmp/ktest-kernel.tar.gz 44s
PUT /tmp/ktest-kernel.tar.gz 44s
PUT /tmp/ktest-kernel.tar.gz 44s
PUT /tmp/ktest-kernel.tar.gz 45s
PUT /tmp/ktest-lustre.tar.gz 15s
PUT /tmp/ktest-lustre.tar.gz 14s
PUT /tmp/ktest-lustre.tar.gz 14s
PUT /tmp/ktest-lustre.tar.gz 14s
PUT /tmp/ktest-lustre.tar.gz 15s
PUT /tmp/ktest-lustre.tar.gz 14s
PUT /tmp/ktest-lustre.tar.gz 15s
PUT /tmp/ktest-lustre.tar.gz 15s
PUT /tmp/ktest_ml-miscvm:lustre_mainline_native_ppqbimrd.tar 3s
PUT /tmp/ktest_ml-miscvm:lustre_mainline_native_ppqbimrd.tar 3s
PUT /tmp/ktest_ml-miscvm:lustre_mainline_native_ppqbimrd.tar 3s
PUT /tmp/ktest_ml-miscvm:lustre_mainline_native_ppqbimrd.tar 3s
PUT /tmp/ktest_ml-miscvm:lustre_mainline_native_ppqbimrd.tar 2s
PUT /tmp/ktest_ml-miscvm:lustre_mainline_native_ppqbimrd.tar 3s
PUT /tmp/ktest_ml-miscvm:lustre_mainline_native_ppqbimrd.tar 3s
PUT /tmp/ktest_ml-miscvm:lustre_mainline_native_ppqbimrd.tar 3s
END ml-miscvm:boot run tests/fs/lustre/boot.ktest PASS 76s
END ml-miscvm:mgs-setup run tests/fs/lustre/mgs-setup.ktest PASS 86s
END ml-miscvm:sanity-3 run tests/fs/lustre/sanity/sanity-3.ktest PASS 116s
END ml-miscvm:sanity-2 run tests/fs/lustre/sanity/sanity-2.ktest PASS 117s
END ml-miscvm:sanity-1 run tests/fs/lustre/sanity/sanity-1.ktest PASS 119s
END ml-miscvm:llmount run tests/fs/lustre/llmount.ktest PASS 125s
END ml-miscvm:sanity-4 run tests/fs/lustre/sanity/sanity-4.ktest PASS 126s
END ml-miscvm:llog-unit run tests/fs/lustre/llog-unit.ktest FAIL 163s (exit code: 1)

============================================================
Final Results:
  checkpatch:checkpatch: PASS (17s) (log: /var/www/ci-lustre/upstream-patch-review/99c1aaf7a8db5baa4936498f91c3db25d5763d02_checkpatch:checkpatch.log)
  u24:u24: PASS (41s) (log: /var/www/ci-lustre/upstream-patch-review/99c1aaf7a8db5baa4936498f91c3db25d5763d02_u24:u24.log)
  al2023:al2023: PASS (50s) (log: /var/www/ci-lustre/upstream-patch-review/99c1aaf7a8db5baa4936498f91c3db25d5763d02_al2023:al2023.log)
  ml-strict:lustre_mainline: FAIL (170s) (log: /var/www/ci-lustre/upstream-patch-review/99c1aaf7a8db5baa4936498f91c3db25d5763d02_ml-strict:lustre_mainline.log)
  ml:lustre_mainline: PASS (174s) (log: /var/www/ci-lustre/upstream-patch-review/99c1aaf7a8db5baa4936498f91c3db25d5763d02_ml:lustre_mainline.log)
  ml-miscvm:lustre_mainline_native: PASS (172s) (log: /var/www/ci-lustre/upstream-patch-review/99c1aaf7a8db5baa4936498f91c3db25d5763d02_ml-miscvm:lustre_mainline_native.log)
  ml-miscvm:boot: PASS (76s) (log: /var/www/ci-lustre/upstream-patch-review/99c1aaf7a8db5baa4936498f91c3db25d5763d02_ml-miscvm:boot.log)
  ml-miscvm:llmount: PASS (125s) (log: /var/www/ci-lustre/upstream-patch-review/99c1aaf7a8db5baa4936498f91c3db25d5763d02_ml-miscvm:llmount.log)
  ml-miscvm:llog-unit: FAIL (163s) (log: /var/www/ci-lustre/upstream-patch-review/99c1aaf7a8db5baa4936498f91c3db25d5763d02_ml-miscvm:llog-unit.log)
  ml-miscvm:mgs-setup: PASS (86s) (log: /var/www/ci-lustre/upstream-patch-review/99c1aaf7a8db5baa4936498f91c3db25d5763d02_ml-miscvm:mgs-setup.log)
  ml-miscvm:sanity-1: PASS (119s) (log: /var/www/ci-lustre/upstream-patch-review/99c1aaf7a8db5baa4936498f91c3db25d5763d02_ml-miscvm:sanity-1.log)
  ml-miscvm:sanity-2: PASS (117s) (log: /var/www/ci-lustre/upstream-patch-review/99c1aaf7a8db5baa4936498f91c3db25d5763d02_ml-miscvm:sanity-2.log)
  ml-miscvm:sanity-3: PASS (116s) (log: /var/www/ci-lustre/upstream-patch-review/99c1aaf7a8db5baa4936498f91c3db25d5763d02_ml-miscvm:sanity-3.log)
  ml-miscvm:sanity-4: PASS (126s) (log: /var/www/ci-lustre/upstream-patch-review/99c1aaf7a8db5baa4936498f91c3db25d5763d02_ml-miscvm:sanity-4.log)

Total execution time: 367s

Packed 4726 logs from /var/www/ci-lustre/upstream-patch-review into /home/ktest/ktest/local-site/local_data.js
Open /home/ktest/ktest/local-site/index.html in a browser
