CLI: ./pk --podman-socket unix:///run/podman/podman.sock --shared-filesystem /tmp --tarball-input job lustre-ci --output /var/www/ci-lustre/upstream-patch-review --git-hash 99e33d57e259fb8e864e81714bb02fa4bd42d879 --change-id 65061_99e33d57e259fb8e864e81714bb02fa4bd42d879 --subject LU-19921 ptlrpc: add GSSIAM upcall operations and helper

Environment validated successfully
Note: custom LLVM is not synced in tarball input mode
Creating kernel tarball at /tmp/ktest-kernel.tar.gz...
Creating lustre tarball at /tmp/ktest-lustre.tar.gz...
Creating ZFS tarball at /tmp/ktest-zfs.tar.gz...
Executing 14 jobs
Jobs will start as soon as their dependencies are satisfied
Using tarball input mode

START al2023:al2023 build tests/fs/lustre/boot.ktest
START ml-miscvm:lustre_mainline_native build tests/fs/lustre/boot.ktest
START u24:u24 build tests/fs/lustre/boot.ktest
START ml:lustre_mainline build tests/fs/lustre/boot.ktest
START checkpatch:checkpatch tool checkpatch
START ml-strict:lustre_mainline build tests/fs/lustre/boot-strict.ktest
PUT /tmp/ktest-lustre.tar.gz 1s
PUT /tmp/ktest-lustre.tar.gz 1s
PUT /tmp/ktest-kernel.tar.gz 7s
PUT /tmp/ktest-kernel.tar.gz 7s
PUT /tmp/ktest-kernel.tar.gz 8s
PUT /tmp/ktest-kernel.tar.gz 8s
PUT /tmp/ktest-lustre.tar.gz 1s
PUT /tmp/ktest-lustre.tar.gz 1s
PUT /tmp/ktest-lustre.tar.gz 1s
PUT /tmp/ktest-lustre.tar.gz 2s
PUT /tmp/ktest-zfs.tar.gz 0s
PUT /tmp/ktest-zfs.tar.gz 0s
PUT /tmp/ktest-zfs.tar.gz 0s
END checkpatch:checkpatch tool checkpatch FAIL 13s (exit code: 1)
END u24:u24 build tests/fs/lustre/boot.ktest PASS 38s
END al2023:al2023 build tests/fs/lustre/boot.ktest PASS 46s
GET /tmp/ktest_ml:lustre_mainline_ghya499e.tar 0s
GET /tmp/ktest_ml-miscvm:lustre_mainline_native_5n0ylqqc.tar 0s
END ml:lustre_mainline build tests/fs/lustre/boot.ktest PASS 150s
GET /tmp/ktest_ml-strict:lustre_mainline_vg5p1bq8.tar 4s
END ml-miscvm:lustre_mainline_native build tests/fs/lustre/boot.ktest PASS 151s
START ml-miscvm:boot run tests/fs/lustre/boot.ktest
START ml-miscvm:llmount run tests/fs/lustre/llmount.ktest
START ml-miscvm:llog-unit run tests/fs/lustre/llog-unit.ktest
START ml-miscvm:mgs-setup run tests/fs/lustre/mgs-setup.ktest
START ml-miscvm:sanity-1 run tests/fs/lustre/sanity/sanity-1.ktest
START ml-miscvm:sanity-2 run tests/fs/lustre/sanity/sanity-2.ktest
START ml-miscvm:sanity-3 run tests/fs/lustre/sanity/sanity-3.ktest
START ml-miscvm:sanity-4 run tests/fs/lustre/sanity/sanity-4.ktest
END ml-strict:lustre_mainline build tests/fs/lustre/boot-strict.ktest FAIL 152s (exit code: 1)
PUT /tmp/ktest-kernel.tar.gz 14s
PUT /tmp/ktest-kernel.tar.gz 13s
PUT /tmp/ktest-kernel.tar.gz 13s
PUT /tmp/ktest-kernel.tar.gz 14s
PUT /tmp/ktest-kernel.tar.gz 14s
PUT /tmp/ktest-kernel.tar.gz 14s
PUT /tmp/ktest-kernel.tar.gz 14s
PUT /tmp/ktest-kernel.tar.gz 14s
PUT /tmp/ktest-lustre.tar.gz 3s
PUT /tmp/ktest-lustre.tar.gz 3s
PUT /tmp/ktest-lustre.tar.gz 2s
PUT /tmp/ktest-lustre.tar.gz 3s
PUT /tmp/ktest-lustre.tar.gz 3s
PUT /tmp/ktest-lustre.tar.gz 2s
PUT /tmp/ktest-lustre.tar.gz 2s
PUT /tmp/ktest-lustre.tar.gz 3s
PUT /tmp/ktest_ml-miscvm:lustre_mainline_native_5n0ylqqc.tar 0s
PUT /tmp/ktest_ml-miscvm:lustre_mainline_native_5n0ylqqc.tar 0s
PUT /tmp/ktest_ml-miscvm:lustre_mainline_native_5n0ylqqc.tar 0s
PUT /tmp/ktest_ml-miscvm:lustre_mainline_native_5n0ylqqc.tar 0s
PUT /tmp/ktest_ml-miscvm:lustre_mainline_native_5n0ylqqc.tar 0s
PUT /tmp/ktest_ml-miscvm:lustre_mainline_native_5n0ylqqc.tar 0s
PUT /tmp/ktest_ml-miscvm:lustre_mainline_native_5n0ylqqc.tar 0s
PUT /tmp/ktest_ml-miscvm:lustre_mainline_native_5n0ylqqc.tar 0s
END ml-miscvm:boot run tests/fs/lustre/boot.ktest PASS 29s
END ml-miscvm:mgs-setup run tests/fs/lustre/mgs-setup.ktest PASS 40s
END ml-miscvm:sanity-2 run tests/fs/lustre/sanity/sanity-2.ktest PASS 70s
END ml-miscvm:sanity-3 run tests/fs/lustre/sanity/sanity-3.ktest PASS 71s
END ml-miscvm:sanity-1 run tests/fs/lustre/sanity/sanity-1.ktest PASS 72s
END ml-miscvm:sanity-4 run tests/fs/lustre/sanity/sanity-4.ktest PASS 80s
END ml-miscvm:llmount run tests/fs/lustre/llmount.ktest PASS 90s
END ml-miscvm:llog-unit run tests/fs/lustre/llog-unit.ktest FAIL 118s (exit code: 1)

============================================================
Final Results:
  checkpatch:checkpatch: FAIL (13s) (log: /var/www/ci-lustre/upstream-patch-review/99e33d57e259fb8e864e81714bb02fa4bd42d879_checkpatch:checkpatch.log)
  u24:u24: PASS (38s) (log: /var/www/ci-lustre/upstream-patch-review/99e33d57e259fb8e864e81714bb02fa4bd42d879_u24:u24.log)
  al2023:al2023: PASS (46s) (log: /var/www/ci-lustre/upstream-patch-review/99e33d57e259fb8e864e81714bb02fa4bd42d879_al2023:al2023.log)
  ml-strict:lustre_mainline: FAIL (152s) (log: /var/www/ci-lustre/upstream-patch-review/99e33d57e259fb8e864e81714bb02fa4bd42d879_ml-strict:lustre_mainline.log)
  ml:lustre_mainline: PASS (150s) (log: /var/www/ci-lustre/upstream-patch-review/99e33d57e259fb8e864e81714bb02fa4bd42d879_ml:lustre_mainline.log)
  ml-miscvm:lustre_mainline_native: PASS (151s) (log: /var/www/ci-lustre/upstream-patch-review/99e33d57e259fb8e864e81714bb02fa4bd42d879_ml-miscvm:lustre_mainline_native.log)
  ml-miscvm:boot: PASS (29s) (log: /var/www/ci-lustre/upstream-patch-review/99e33d57e259fb8e864e81714bb02fa4bd42d879_ml-miscvm:boot.log)
  ml-miscvm:llmount: PASS (90s) (log: /var/www/ci-lustre/upstream-patch-review/99e33d57e259fb8e864e81714bb02fa4bd42d879_ml-miscvm:llmount.log)
  ml-miscvm:llog-unit: FAIL (118s) (log: /var/www/ci-lustre/upstream-patch-review/99e33d57e259fb8e864e81714bb02fa4bd42d879_ml-miscvm:llog-unit.log)
  ml-miscvm:mgs-setup: PASS (40s) (log: /var/www/ci-lustre/upstream-patch-review/99e33d57e259fb8e864e81714bb02fa4bd42d879_ml-miscvm:mgs-setup.log)
  ml-miscvm:sanity-1: PASS (72s) (log: /var/www/ci-lustre/upstream-patch-review/99e33d57e259fb8e864e81714bb02fa4bd42d879_ml-miscvm:sanity-1.log)
  ml-miscvm:sanity-2: PASS (70s) (log: /var/www/ci-lustre/upstream-patch-review/99e33d57e259fb8e864e81714bb02fa4bd42d879_ml-miscvm:sanity-2.log)
  ml-miscvm:sanity-3: PASS (71s) (log: /var/www/ci-lustre/upstream-patch-review/99e33d57e259fb8e864e81714bb02fa4bd42d879_ml-miscvm:sanity-3.log)
  ml-miscvm:sanity-4: PASS (80s) (log: /var/www/ci-lustre/upstream-patch-review/99e33d57e259fb8e864e81714bb02fa4bd42d879_ml-miscvm:sanity-4.log)

Total execution time: 298s

Packed 12246 logs from /var/www/ci-lustre/upstream-patch-review into /home/ktest/ktest/local-site/local_data.js
Open /home/ktest/ktest/local-site/index.html in a browser
