CLI: ./pk --podman-socket unix:///run/podman/podman.sock --shared-filesystem /tmp --tarball-input job lustre-ci --output /var/www/ci-lustre/upstream-patch-review --git-hash 9a870647a924d85b0c4ee9bae75b966e8941f9a3 --change-id 64319_9a870647a924d85b0c4ee9bae75b966e8941f9a3 --subject LU-19921 ptlrpc: add SEC_INT ctx RPC handler

Environment validated successfully
Note: custom LLVM is not synced in tarball input mode
Creating kernel tarball at /tmp/ktest-kernel.tar.gz...
Creating lustre tarball at /tmp/ktest-lustre.tar.gz...
Creating ZFS tarball at /tmp/ktest-zfs.tar.gz...
Executing 14 jobs
Jobs will start as soon as their dependencies are satisfied
Using tarball input mode

START ml-strict:lustre_mainline build tests/fs/lustre/boot-strict.ktest
START u24:u24 build tests/fs/lustre/boot.ktest
START ml:lustre_mainline build tests/fs/lustre/boot.ktest
START al2023:al2023 build tests/fs/lustre/boot.ktest
START ml-miscvm:lustre_mainline_native build tests/fs/lustre/boot.ktest
START checkpatch:checkpatch tool checkpatch
PUT /tmp/ktest-lustre.tar.gz 1s
PUT /tmp/ktest-lustre.tar.gz 1s
PUT /tmp/ktest-kernel.tar.gz 9s
PUT /tmp/ktest-kernel.tar.gz 9s
PUT /tmp/ktest-kernel.tar.gz 9s
PUT /tmp/ktest-kernel.tar.gz 9s
PUT /tmp/ktest-lustre.tar.gz 3s
PUT /tmp/ktest-lustre.tar.gz 2s
PUT /tmp/ktest-lustre.tar.gz 3s
PUT /tmp/ktest-lustre.tar.gz 3s
PUT /tmp/ktest-zfs.tar.gz 0s
PUT /tmp/ktest-zfs.tar.gz 0s
PUT /tmp/ktest-zfs.tar.gz 0s
END checkpatch:checkpatch tool checkpatch FAIL 15s (exit code: 1)
END u24:u24 build tests/fs/lustre/boot.ktest PASS 42s
END al2023:al2023 build tests/fs/lustre/boot.ktest PASS 45s
GET /tmp/ktest_ml-strict:lustre_mainline_g6yovavk.tar 8s
END ml-strict:lustre_mainline build tests/fs/lustre/boot-strict.ktest FAIL 173s (exit code: 1)
GET /tmp/ktest_ml-miscvm:lustre_mainline_native_fumx10im.tar 0s
GET /tmp/ktest_ml:lustre_mainline_0k1g5ccp.tar 0s
END ml-miscvm:lustre_mainline_native build tests/fs/lustre/boot.ktest PASS 181s
START ml-miscvm:boot run tests/fs/lustre/boot.ktest
START ml-miscvm:llmount run tests/fs/lustre/llmount.ktest
START ml-miscvm:llog-unit run tests/fs/lustre/llog-unit.ktest
START ml-miscvm:mgs-setup run tests/fs/lustre/mgs-setup.ktest
START ml-miscvm:sanity-1 run tests/fs/lustre/sanity/sanity-1.ktest
START ml-miscvm:sanity-2 run tests/fs/lustre/sanity/sanity-2.ktest
START ml-miscvm:sanity-3 run tests/fs/lustre/sanity/sanity-3.ktest
START ml-miscvm:sanity-4 run tests/fs/lustre/sanity/sanity-4.ktest
END ml:lustre_mainline build tests/fs/lustre/boot.ktest PASS 182s
PUT /tmp/ktest-kernel.tar.gz 30s
PUT /tmp/ktest-kernel.tar.gz 30s
PUT /tmp/ktest-kernel.tar.gz 30s
PUT /tmp/ktest-kernel.tar.gz 30s
PUT /tmp/ktest-kernel.tar.gz 30s
PUT /tmp/ktest-kernel.tar.gz 30s
PUT /tmp/ktest-kernel.tar.gz 31s
PUT /tmp/ktest-kernel.tar.gz 31s
PUT /tmp/ktest-lustre.tar.gz 9s
PUT /tmp/ktest-lustre.tar.gz 8s
PUT /tmp/ktest-lustre.tar.gz 8s
PUT /tmp/ktest-lustre.tar.gz 8s
PUT /tmp/ktest-lustre.tar.gz 8s
PUT /tmp/ktest-lustre.tar.gz 9s
PUT /tmp/ktest-lustre.tar.gz 8s
PUT /tmp/ktest-lustre.tar.gz 9s
PUT /tmp/ktest_ml-miscvm:lustre_mainline_native_fumx10im.tar 1s
PUT /tmp/ktest_ml-miscvm:lustre_mainline_native_fumx10im.tar 1s
PUT /tmp/ktest_ml-miscvm:lustre_mainline_native_fumx10im.tar 1s
PUT /tmp/ktest_ml-miscvm:lustre_mainline_native_fumx10im.tar 1s
PUT /tmp/ktest_ml-miscvm:lustre_mainline_native_fumx10im.tar 1s
PUT /tmp/ktest_ml-miscvm:lustre_mainline_native_fumx10im.tar 1s
PUT /tmp/ktest_ml-miscvm:lustre_mainline_native_fumx10im.tar 1s
PUT /tmp/ktest_ml-miscvm:lustre_mainline_native_fumx10im.tar 1s
END ml-miscvm:boot run tests/fs/lustre/boot.ktest PASS 52s
END ml-miscvm:mgs-setup run tests/fs/lustre/mgs-setup.ktest PASS 63s
END ml-miscvm:sanity-4 run tests/fs/lustre/sanity/sanity-4.ktest PASS 90s
END ml-miscvm:sanity-1 run tests/fs/lustre/sanity/sanity-1.ktest PASS 92s
END ml-miscvm:sanity-3 run tests/fs/lustre/sanity/sanity-3.ktest PASS 93s
END ml-miscvm:sanity-2 run tests/fs/lustre/sanity/sanity-2.ktest PASS 103s
END ml-miscvm:llmount run tests/fs/lustre/llmount.ktest PASS 113s
END ml-miscvm:llog-unit run tests/fs/lustre/llog-unit.ktest FAIL 138s (exit code: 1)

============================================================
Final Results:
  checkpatch:checkpatch: FAIL (15s) (log: /var/www/ci-lustre/upstream-patch-review/9a870647a924d85b0c4ee9bae75b966e8941f9a3_checkpatch:checkpatch.log)
  u24:u24: PASS (42s) (log: /var/www/ci-lustre/upstream-patch-review/9a870647a924d85b0c4ee9bae75b966e8941f9a3_u24:u24.log)
  al2023:al2023: PASS (45s) (log: /var/www/ci-lustre/upstream-patch-review/9a870647a924d85b0c4ee9bae75b966e8941f9a3_al2023:al2023.log)
  ml-strict:lustre_mainline: FAIL (173s) (log: /var/www/ci-lustre/upstream-patch-review/9a870647a924d85b0c4ee9bae75b966e8941f9a3_ml-strict:lustre_mainline.log)
  ml:lustre_mainline: PASS (182s) (log: /var/www/ci-lustre/upstream-patch-review/9a870647a924d85b0c4ee9bae75b966e8941f9a3_ml:lustre_mainline.log)
  ml-miscvm:lustre_mainline_native: PASS (181s) (log: /var/www/ci-lustre/upstream-patch-review/9a870647a924d85b0c4ee9bae75b966e8941f9a3_ml-miscvm:lustre_mainline_native.log)
  ml-miscvm:boot: PASS (52s) (log: /var/www/ci-lustre/upstream-patch-review/9a870647a924d85b0c4ee9bae75b966e8941f9a3_ml-miscvm:boot.log)
  ml-miscvm:llmount: PASS (113s) (log: /var/www/ci-lustre/upstream-patch-review/9a870647a924d85b0c4ee9bae75b966e8941f9a3_ml-miscvm:llmount.log)
  ml-miscvm:llog-unit: FAIL (138s) (log: /var/www/ci-lustre/upstream-patch-review/9a870647a924d85b0c4ee9bae75b966e8941f9a3_ml-miscvm:llog-unit.log)
  ml-miscvm:mgs-setup: PASS (63s) (log: /var/www/ci-lustre/upstream-patch-review/9a870647a924d85b0c4ee9bae75b966e8941f9a3_ml-miscvm:mgs-setup.log)
  ml-miscvm:sanity-1: PASS (92s) (log: /var/www/ci-lustre/upstream-patch-review/9a870647a924d85b0c4ee9bae75b966e8941f9a3_ml-miscvm:sanity-1.log)
  ml-miscvm:sanity-2: PASS (103s) (log: /var/www/ci-lustre/upstream-patch-review/9a870647a924d85b0c4ee9bae75b966e8941f9a3_ml-miscvm:sanity-2.log)
  ml-miscvm:sanity-3: PASS (93s) (log: /var/www/ci-lustre/upstream-patch-review/9a870647a924d85b0c4ee9bae75b966e8941f9a3_ml-miscvm:sanity-3.log)
  ml-miscvm:sanity-4: PASS (90s) (log: /var/www/ci-lustre/upstream-patch-review/9a870647a924d85b0c4ee9bae75b966e8941f9a3_ml-miscvm:sanity-4.log)

Total execution time: 350s

Packed 5330 logs from /var/www/ci-lustre/upstream-patch-review into /home/ktest/ktest/local-site/local_data.js
Open /home/ktest/ktest/local-site/index.html in a browser
