CLI: ./pk --podman-socket unix:///run/podman/podman.sock --shared-filesystem /tmp --tarball-input job lustre-ci --output /var/www/ci-lustre/upstream-patch-review --git-hash 9a92c2765e112474215959b7671646569d6df75f --change-id 64318_9a92c2765e112474215959b7671646569d6df75f --subject LU-19921 ptlrpc: add GSSIAM security context client

Environment validated successfully
Note: custom LLVM is not synced in tarball input mode
Creating kernel tarball at /tmp/ktest-kernel.tar.gz...
Creating lustre tarball at /tmp/ktest-lustre.tar.gz...
Creating ZFS tarball at /tmp/ktest-zfs.tar.gz...
Executing 14 jobs
Jobs will start as soon as their dependencies are satisfied
Using tarball input mode

START ml:lustre_mainline build tests/fs/lustre/boot.ktest
START u24:u24 build tests/fs/lustre/boot.ktest
START checkpatch:checkpatch tool checkpatch
START al2023:al2023 build tests/fs/lustre/boot.ktest
START ml-miscvm:lustre_mainline_native build tests/fs/lustre/boot.ktest
START ml-strict:lustre_mainline build tests/fs/lustre/boot-strict.ktest
PUT /tmp/ktest-lustre.tar.gz 1s
PUT /tmp/ktest-lustre.tar.gz 1s
PUT /tmp/ktest-kernel.tar.gz 13s
PUT /tmp/ktest-kernel.tar.gz 13s
PUT /tmp/ktest-kernel.tar.gz 13s
PUT /tmp/ktest-kernel.tar.gz 13s
PUT /tmp/ktest-lustre.tar.gz 2s
PUT /tmp/ktest-lustre.tar.gz 2s
PUT /tmp/ktest-lustre.tar.gz 2s
PUT /tmp/ktest-lustre.tar.gz 2s
PUT /tmp/ktest-zfs.tar.gz 0s
PUT /tmp/ktest-zfs.tar.gz 0s
PUT /tmp/ktest-zfs.tar.gz 0s
END checkpatch:checkpatch tool checkpatch FAIL 19s (exit code: 1)
END u24:u24 build tests/fs/lustre/boot.ktest PASS 43s
END al2023:al2023 build tests/fs/lustre/boot.ktest PASS 51s
GET /tmp/ktest_ml-strict:lustre_mainline_cukkq9u_.tar 4s
END ml-strict:lustre_mainline build tests/fs/lustre/boot-strict.ktest FAIL 161s (exit code: 1)
GET /tmp/ktest_ml-miscvm:lustre_mainline_native_96xrvqzf.tar 3s
END ml-miscvm:lustre_mainline_native build tests/fs/lustre/boot.ktest PASS 163s
START ml-miscvm:boot run tests/fs/lustre/boot.ktest
START ml-miscvm:llmount run tests/fs/lustre/llmount.ktest
START ml-miscvm:llog-unit run tests/fs/lustre/llog-unit.ktest
START ml-miscvm:mgs-setup run tests/fs/lustre/mgs-setup.ktest
START ml-miscvm:sanity-1 run tests/fs/lustre/sanity/sanity-1.ktest
START ml-miscvm:sanity-2 run tests/fs/lustre/sanity/sanity-2.ktest
START ml-miscvm:sanity-3 run tests/fs/lustre/sanity/sanity-3.ktest
START ml-miscvm:sanity-4 run tests/fs/lustre/sanity/sanity-4.ktest
GET /tmp/ktest_ml:lustre_mainline_v9gtpl6a.tar 4s
END ml:lustre_mainline build tests/fs/lustre/boot.ktest PASS 165s
PUT /tmp/ktest-kernel.tar.gz 46s
PUT /tmp/ktest-kernel.tar.gz 46s
PUT /tmp/ktest-kernel.tar.gz 46s
PUT /tmp/ktest-kernel.tar.gz 46s
PUT /tmp/ktest-kernel.tar.gz 47s
PUT /tmp/ktest-kernel.tar.gz 47s
PUT /tmp/ktest-kernel.tar.gz 47s
PUT /tmp/ktest-kernel.tar.gz 47s
PUT /tmp/ktest-lustre.tar.gz 9s
PUT /tmp/ktest-lustre.tar.gz 9s
PUT /tmp/ktest-lustre.tar.gz 9s
PUT /tmp/ktest-lustre.tar.gz 9s
PUT /tmp/ktest-lustre.tar.gz 10s
PUT /tmp/ktest-lustre.tar.gz 9s
PUT /tmp/ktest-lustre.tar.gz 9s
PUT /tmp/ktest-lustre.tar.gz 9s
PUT /tmp/ktest_ml-miscvm:lustre_mainline_native_96xrvqzf.tar 0s
PUT /tmp/ktest_ml-miscvm:lustre_mainline_native_96xrvqzf.tar 0s
PUT /tmp/ktest_ml-miscvm:lustre_mainline_native_96xrvqzf.tar 0s
PUT /tmp/ktest_ml-miscvm:lustre_mainline_native_96xrvqzf.tar 0s
PUT /tmp/ktest_ml-miscvm:lustre_mainline_native_96xrvqzf.tar 0s
PUT /tmp/ktest_ml-miscvm:lustre_mainline_native_96xrvqzf.tar 0s
PUT /tmp/ktest_ml-miscvm:lustre_mainline_native_96xrvqzf.tar 0s
PUT /tmp/ktest_ml-miscvm:lustre_mainline_native_96xrvqzf.tar 0s
END ml-miscvm:boot run tests/fs/lustre/boot.ktest PASS 70s
END ml-miscvm:mgs-setup run tests/fs/lustre/mgs-setup.ktest PASS 79s
END ml-miscvm:sanity-4 run tests/fs/lustre/sanity/sanity-4.ktest PASS 107s
END ml-miscvm:sanity-3 run tests/fs/lustre/sanity/sanity-3.ktest PASS 108s
END ml-miscvm:sanity-2 run tests/fs/lustre/sanity/sanity-2.ktest PASS 109s
END ml-miscvm:sanity-1 run tests/fs/lustre/sanity/sanity-1.ktest PASS 111s
END ml-miscvm:llmount run tests/fs/lustre/llmount.ktest PASS 119s
END ml-miscvm:llog-unit run tests/fs/lustre/llog-unit.ktest FAIL 156s (exit code: 1)

============================================================
Final Results:
  checkpatch:checkpatch: FAIL (19s) (log: /var/www/ci-lustre/upstream-patch-review/9a92c2765e112474215959b7671646569d6df75f_checkpatch:checkpatch.log)
  u24:u24: PASS (43s) (log: /var/www/ci-lustre/upstream-patch-review/9a92c2765e112474215959b7671646569d6df75f_u24:u24.log)
  al2023:al2023: PASS (51s) (log: /var/www/ci-lustre/upstream-patch-review/9a92c2765e112474215959b7671646569d6df75f_al2023:al2023.log)
  ml-strict:lustre_mainline: FAIL (161s) (log: /var/www/ci-lustre/upstream-patch-review/9a92c2765e112474215959b7671646569d6df75f_ml-strict:lustre_mainline.log)
  ml:lustre_mainline: PASS (165s) (log: /var/www/ci-lustre/upstream-patch-review/9a92c2765e112474215959b7671646569d6df75f_ml:lustre_mainline.log)
  ml-miscvm:lustre_mainline_native: PASS (163s) (log: /var/www/ci-lustre/upstream-patch-review/9a92c2765e112474215959b7671646569d6df75f_ml-miscvm:lustre_mainline_native.log)
  ml-miscvm:boot: PASS (70s) (log: /var/www/ci-lustre/upstream-patch-review/9a92c2765e112474215959b7671646569d6df75f_ml-miscvm:boot.log)
  ml-miscvm:llmount: PASS (119s) (log: /var/www/ci-lustre/upstream-patch-review/9a92c2765e112474215959b7671646569d6df75f_ml-miscvm:llmount.log)
  ml-miscvm:llog-unit: FAIL (156s) (log: /var/www/ci-lustre/upstream-patch-review/9a92c2765e112474215959b7671646569d6df75f_ml-miscvm:llog-unit.log)
  ml-miscvm:mgs-setup: PASS (79s) (log: /var/www/ci-lustre/upstream-patch-review/9a92c2765e112474215959b7671646569d6df75f_ml-miscvm:mgs-setup.log)
  ml-miscvm:sanity-1: PASS (111s) (log: /var/www/ci-lustre/upstream-patch-review/9a92c2765e112474215959b7671646569d6df75f_ml-miscvm:sanity-1.log)
  ml-miscvm:sanity-2: PASS (109s) (log: /var/www/ci-lustre/upstream-patch-review/9a92c2765e112474215959b7671646569d6df75f_ml-miscvm:sanity-2.log)
  ml-miscvm:sanity-3: PASS (108s) (log: /var/www/ci-lustre/upstream-patch-review/9a92c2765e112474215959b7671646569d6df75f_ml-miscvm:sanity-3.log)
  ml-miscvm:sanity-4: PASS (107s) (log: /var/www/ci-lustre/upstream-patch-review/9a92c2765e112474215959b7671646569d6df75f_ml-miscvm:sanity-4.log)

Total execution time: 350s

Packed 2357 logs from /var/www/ci-lustre/upstream-patch-review into /home/ktest/ktest/local-site/local_data.js
Open /home/ktest/ktest/local-site/index.html in a browser
