00001 
00003 init: failed to load nvme_core
00003 init: failed to load nvme
00003 init: failed to load zfs
00004 LNetError: 1:0:(lib-socket.c:619:lnet_inet_enumerate()) lnet: Can't find any usable interfaces, rc = -ENOENT
00004 LNetError: Error -100 starting up LNI tcp
00004 LustreError: 1:0:(events.c:627:ptlrpc_init_portals()) network initialisation failed: rc = -100
00005 init: finit_module /lib/modules/7.0.0-ktest-9b1b69d-6330a45-20260805-dirty/updates/ptlrpc.ko: Network is down
00005 init: failed to load lustre
00005 init: failed to load osd_zfs
00005 init: failed to load iwlwifi
00005 init: failed to load iwlmvm
00005 init: failed to load mt7921e
00005 init: failed to load i915
00005 init: failed to load nouveau
00009 tlp: vm.laptop_mode is deprecated. Ignoring setting.
00009 Kernel version: 7.0.0-ktest-9b1b69d-6330a45-20260805-dirty
00009 hook init_noop
00009 
00009 Running tests boot
00009 
00009 ========= TEST   boot
00010 boot
00010 
00010 ========= PASSED boot in 0s
00010 
00010 Passed: boot
00010 Failed: 
00010 NOTICE: Automounting of tracing to debugfs is deprecated and will be removed in 2030
00010 Kernel version: 7.0.0-ktest-9b1b69d-6330a45-20260805-dirty
00010 TEST SUCCESS
