CLI: ./pk --podman-socket unix:///run/user/1000/podman/podman.sock --shared-filesystem /tmp --tarball-input job lustre-ci --output /var/www/ci-lustre/upstream-patch-review --git-hash 9b9663a5a33feef2650a082aac0fb4632cfc3b96 --change-id 68419_9b9663a5a33feef2650a082aac0fb4632cfc3b96 --subject LU-20650 lfs: find --since-cookie, per-MDT anchor

Environment validated successfully
Note: custom LLVM is not synced in tarball input mode
Creating kernel tarball at /tmp/ktest-kernel.tar.gz...
Creating lustre tarball at /tmp/ktest-lustre.tar.gz...
Creating ZFS tarball at /tmp/ktest-zfs.tar.gz...
Executing 14 jobs
Jobs will start as soon as their dependencies are satisfied
Using tarball input mode

START ml-miscvm:lustre_mainline_native build tests/fs/lustre/boot.ktest
START al2023:al2023 build tests/fs/lustre/boot.ktest
START ml-strict:lustre_mainline build tests/fs/lustre/boot-strict.ktest
START ml:lustre_mainline build tests/fs/lustre/boot.ktest
START checkpatch:checkpatch tool checkpatch
START u24:u24 build tests/fs/lustre/boot.ktest
PUT /tmp/ktest-lustre.tar.gz 1s
PUT /tmp/ktest-lustre.tar.gz 1s
PUT /tmp/ktest-kernel.tar.gz 8s
PUT /tmp/ktest-kernel.tar.gz 8s
PUT /tmp/ktest-kernel.tar.gz 8s
PUT /tmp/ktest-kernel.tar.gz 8s
PUT /tmp/ktest-lustre.tar.gz 4s
PUT /tmp/ktest-lustre.tar.gz 4s
PUT /tmp/ktest-lustre.tar.gz 4s
PUT /tmp/ktest-lustre.tar.gz 4s
PUT /tmp/ktest-zfs.tar.gz 0s
PUT /tmp/ktest-zfs.tar.gz 0s
PUT /tmp/ktest-zfs.tar.gz 0s
END checkpatch:checkpatch tool checkpatch PASS 16s
END u24:u24 build tests/fs/lustre/boot.ktest PASS 45s
END al2023:al2023 build tests/fs/lustre/boot.ktest PASS 48s
GET /tmp/ktest_ml-miscvm:lustre_mainline_native_1ncuu3yq.tar 0s
END ml-miscvm:lustre_mainline_native build tests/fs/lustre/boot.ktest PASS 158s
START ml-miscvm:boot run tests/fs/lustre/boot.ktest
START ml-miscvm:llmount run tests/fs/lustre/llmount.ktest
START ml-miscvm:llog-unit run tests/fs/lustre/llog-unit.ktest
START ml-miscvm:mgs-setup run tests/fs/lustre/mgs-setup.ktest
START ml-miscvm:sanity-1 run tests/fs/lustre/sanity/sanity-1.ktest
START ml-miscvm:sanity-2 run tests/fs/lustre/sanity/sanity-2.ktest
START ml-miscvm:sanity-3 run tests/fs/lustre/sanity/sanity-3.ktest
START ml-miscvm:sanity-4 run tests/fs/lustre/sanity/sanity-4.ktest
GET /tmp/ktest_ml-strict:lustre_mainline_adcjfyly.tar 8s
END ml-strict:lustre_mainline build tests/fs/lustre/boot-strict.ktest FAIL 170s (exit code: 1)
PUT /tmp/ktest-kernel.tar.gz 59s
PUT /tmp/ktest-kernel.tar.gz 59s
PUT /tmp/ktest-kernel.tar.gz 60s
PUT /tmp/ktest-kernel.tar.gz 60s
PUT /tmp/ktest-kernel.tar.gz 60s
PUT /tmp/ktest-kernel.tar.gz 60s
PUT /tmp/ktest-kernel.tar.gz 60s
PUT /tmp/ktest-kernel.tar.gz 60s
GET /tmp/ktest_ml:lustre_mainline_my_risbk.tar 1s
END ml:lustre_mainline build tests/fs/lustre/boot.ktest PASS 225s
PUT /tmp/ktest-lustre.tar.gz 13s
PUT /tmp/ktest-lustre.tar.gz 12s
PUT /tmp/ktest-lustre.tar.gz 13s
PUT /tmp/ktest-lustre.tar.gz 13s
PUT /tmp/ktest-lustre.tar.gz 13s
PUT /tmp/ktest-lustre.tar.gz 13s
PUT /tmp/ktest-lustre.tar.gz 14s
PUT /tmp/ktest-lustre.tar.gz 13s
PUT /tmp/ktest_ml-miscvm:lustre_mainline_native_1ncuu3yq.tar 3s
PUT /tmp/ktest_ml-miscvm:lustre_mainline_native_1ncuu3yq.tar 3s
PUT /tmp/ktest_ml-miscvm:lustre_mainline_native_1ncuu3yq.tar 3s
PUT /tmp/ktest_ml-miscvm:lustre_mainline_native_1ncuu3yq.tar 3s
PUT /tmp/ktest_ml-miscvm:lustre_mainline_native_1ncuu3yq.tar 3s
PUT /tmp/ktest_ml-miscvm:lustre_mainline_native_1ncuu3yq.tar 3s
PUT /tmp/ktest_ml-miscvm:lustre_mainline_native_1ncuu3yq.tar 3s
PUT /tmp/ktest_ml-miscvm:lustre_mainline_native_1ncuu3yq.tar 3s
END ml-miscvm:boot run tests/fs/lustre/boot.ktest PASS 91s
END ml-miscvm:mgs-setup run tests/fs/lustre/mgs-setup.ktest PASS 101s
END ml-miscvm:sanity-1 run tests/fs/lustre/sanity/sanity-1.ktest PASS 128s
END ml-miscvm:sanity-4 run tests/fs/lustre/sanity/sanity-4.ktest PASS 130s
END ml-miscvm:sanity-2 run tests/fs/lustre/sanity/sanity-2.ktest PASS 131s
END ml-miscvm:sanity-3 run tests/fs/lustre/sanity/sanity-3.ktest PASS 132s
END ml-miscvm:llmount run tests/fs/lustre/llmount.ktest PASS 153s
END ml-miscvm:llog-unit run tests/fs/lustre/llog-unit.ktest FAIL 177s (exit code: 1)

============================================================
Final Results:
  checkpatch:checkpatch: PASS (16s) (log: /var/www/ci-lustre/upstream-patch-review/9b9663a5a33feef2650a082aac0fb4632cfc3b96_checkpatch:checkpatch.log)
  u24:u24: PASS (45s) (log: /var/www/ci-lustre/upstream-patch-review/9b9663a5a33feef2650a082aac0fb4632cfc3b96_u24:u24.log)
  al2023:al2023: PASS (48s) (log: /var/www/ci-lustre/upstream-patch-review/9b9663a5a33feef2650a082aac0fb4632cfc3b96_al2023:al2023.log)
  ml-strict:lustre_mainline: FAIL (170s) (log: /var/www/ci-lustre/upstream-patch-review/9b9663a5a33feef2650a082aac0fb4632cfc3b96_ml-strict:lustre_mainline.log)
  ml:lustre_mainline: PASS (225s) (log: /var/www/ci-lustre/upstream-patch-review/9b9663a5a33feef2650a082aac0fb4632cfc3b96_ml:lustre_mainline.log)
  ml-miscvm:lustre_mainline_native: PASS (158s) (log: /var/www/ci-lustre/upstream-patch-review/9b9663a5a33feef2650a082aac0fb4632cfc3b96_ml-miscvm:lustre_mainline_native.log)
  ml-miscvm:boot: PASS (91s) (log: /var/www/ci-lustre/upstream-patch-review/9b9663a5a33feef2650a082aac0fb4632cfc3b96_ml-miscvm:boot.log)
  ml-miscvm:llmount: PASS (153s) (log: /var/www/ci-lustre/upstream-patch-review/9b9663a5a33feef2650a082aac0fb4632cfc3b96_ml-miscvm:llmount.log)
  ml-miscvm:llog-unit: FAIL (177s) (log: /var/www/ci-lustre/upstream-patch-review/9b9663a5a33feef2650a082aac0fb4632cfc3b96_ml-miscvm:llog-unit.log)
  ml-miscvm:mgs-setup: PASS (101s) (log: /var/www/ci-lustre/upstream-patch-review/9b9663a5a33feef2650a082aac0fb4632cfc3b96_ml-miscvm:mgs-setup.log)
  ml-miscvm:sanity-1: PASS (128s) (log: /var/www/ci-lustre/upstream-patch-review/9b9663a5a33feef2650a082aac0fb4632cfc3b96_ml-miscvm:sanity-1.log)
  ml-miscvm:sanity-2: PASS (131s) (log: /var/www/ci-lustre/upstream-patch-review/9b9663a5a33feef2650a082aac0fb4632cfc3b96_ml-miscvm:sanity-2.log)
  ml-miscvm:sanity-3: PASS (132s) (log: /var/www/ci-lustre/upstream-patch-review/9b9663a5a33feef2650a082aac0fb4632cfc3b96_ml-miscvm:sanity-3.log)
  ml-miscvm:sanity-4: PASS (130s) (log: /var/www/ci-lustre/upstream-patch-review/9b9663a5a33feef2650a082aac0fb4632cfc3b96_ml-miscvm:sanity-4.log)

Total execution time: 366s

Packed 3691 logs from /var/www/ci-lustre/upstream-patch-review into /home/ktest/ktest/local-site/local_data.js
Open /home/ktest/ktest/local-site/index.html in a browser
