CLI: ./pk --podman-socket unix:///run/podman/podman.sock --shared-filesystem /tmp --tarball-input job lustre-ci --output /var/www/ci-lustre/upstream-patch-review --git-hash 9cb36f7873d856b26379c168159e3c02b772f7ab --change-id 67831_9cb36f7873d856b26379c168159e3c02b772f7ab --subject LU-20264 llite: plumb mnt_idmap through xattr operations

Environment validated successfully
Note: custom LLVM is not synced in tarball input mode
Creating kernel tarball at /tmp/ktest-kernel.tar.gz...
Creating lustre tarball at /tmp/ktest-lustre.tar.gz...
Creating ZFS tarball at /tmp/ktest-zfs.tar.gz...
Executing 14 jobs
Jobs will start as soon as their dependencies are satisfied
Using tarball input mode

START u24:u24 build tests/fs/lustre/boot.ktest
START ml:lustre_mainline build tests/fs/lustre/boot.ktest
START checkpatch:checkpatch tool checkpatch
START ml-miscvm:lustre_mainline_native build tests/fs/lustre/boot.ktest
START al2023:al2023 build tests/fs/lustre/boot.ktest
START ml-strict:lustre_mainline build tests/fs/lustre/boot-strict.ktest
PUT /tmp/ktest-lustre.tar.gz 1s
PUT /tmp/ktest-lustre.tar.gz 1s
PUT /tmp/ktest-kernel.tar.gz 7s
PUT /tmp/ktest-kernel.tar.gz 7s
PUT /tmp/ktest-kernel.tar.gz 7s
PUT /tmp/ktest-kernel.tar.gz 8s
PUT /tmp/ktest-lustre.tar.gz 2s
PUT /tmp/ktest-lustre.tar.gz 2s
PUT /tmp/ktest-lustre.tar.gz 2s
PUT /tmp/ktest-lustre.tar.gz 2s
PUT /tmp/ktest-zfs.tar.gz 0s
PUT /tmp/ktest-zfs.tar.gz 0s
PUT /tmp/ktest-zfs.tar.gz 0s
END checkpatch:checkpatch tool checkpatch PASS 13s
END u24:u24 build tests/fs/lustre/boot.ktest PASS 41s
END al2023:al2023 build tests/fs/lustre/boot.ktest PASS 46s
GET /tmp/ktest_ml:lustre_mainline_obs3ides.tar 0s
GET /tmp/ktest_ml-miscvm:lustre_mainline_native_erypx_nk.tar 0s
END ml:lustre_mainline build tests/fs/lustre/boot.ktest PASS 175s
GET /tmp/ktest_ml-strict:lustre_mainline_fnffq1uu.tar 5s
END ml-miscvm:lustre_mainline_native build tests/fs/lustre/boot.ktest PASS 176s
START ml-miscvm:boot run tests/fs/lustre/boot.ktest
START ml-miscvm:llmount run tests/fs/lustre/llmount.ktest
START ml-miscvm:llog-unit run tests/fs/lustre/llog-unit.ktest
START ml-miscvm:mgs-setup run tests/fs/lustre/mgs-setup.ktest
START ml-miscvm:sanity-1 run tests/fs/lustre/sanity/sanity-1.ktest
START ml-miscvm:sanity-2 run tests/fs/lustre/sanity/sanity-2.ktest
START ml-miscvm:sanity-3 run tests/fs/lustre/sanity/sanity-3.ktest
START ml-miscvm:sanity-4 run tests/fs/lustre/sanity/sanity-4.ktest
END ml-strict:lustre_mainline build tests/fs/lustre/boot-strict.ktest FAIL 178s (exit code: 1)
PUT /tmp/ktest-kernel.tar.gz 16s
PUT /tmp/ktest-kernel.tar.gz 16s
PUT /tmp/ktest-kernel.tar.gz 16s
PUT /tmp/ktest-kernel.tar.gz 16s
PUT /tmp/ktest-kernel.tar.gz 16s
PUT /tmp/ktest-kernel.tar.gz 17s
PUT /tmp/ktest-kernel.tar.gz 17s
PUT /tmp/ktest-kernel.tar.gz 17s
PUT /tmp/ktest-lustre.tar.gz 4s
PUT /tmp/ktest-lustre.tar.gz 4s
PUT /tmp/ktest-lustre.tar.gz 5s
PUT /tmp/ktest-lustre.tar.gz 4s
PUT /tmp/ktest-lustre.tar.gz 4s
PUT /tmp/ktest-lustre.tar.gz 4s
PUT /tmp/ktest-lustre.tar.gz 4s
PUT /tmp/ktest-lustre.tar.gz 4s
PUT /tmp/ktest_ml-miscvm:lustre_mainline_native_erypx_nk.tar 0s
PUT /tmp/ktest_ml-miscvm:lustre_mainline_native_erypx_nk.tar 0s
PUT /tmp/ktest_ml-miscvm:lustre_mainline_native_erypx_nk.tar 0s
PUT /tmp/ktest_ml-miscvm:lustre_mainline_native_erypx_nk.tar 0s
PUT /tmp/ktest_ml-miscvm:lustre_mainline_native_erypx_nk.tar 0s
PUT /tmp/ktest_ml-miscvm:lustre_mainline_native_erypx_nk.tar 0s
PUT /tmp/ktest_ml-miscvm:lustre_mainline_native_erypx_nk.tar 0s
PUT /tmp/ktest_ml-miscvm:lustre_mainline_native_erypx_nk.tar 0s
END ml-miscvm:boot run tests/fs/lustre/boot.ktest PASS 37s
END ml-miscvm:mgs-setup run tests/fs/lustre/mgs-setup.ktest PASS 44s
END ml-miscvm:sanity-1 run tests/fs/lustre/sanity/sanity-1.ktest PASS 84s
END ml-miscvm:sanity-4 run tests/fs/lustre/sanity/sanity-4.ktest PASS 86s
END ml-miscvm:sanity-3 run tests/fs/lustre/sanity/sanity-3.ktest PASS 87s
END ml-miscvm:llmount run tests/fs/lustre/llmount.ktest PASS 88s
END ml-miscvm:sanity-2 run tests/fs/lustre/sanity/sanity-2.ktest PASS 90s
END ml-miscvm:llog-unit run tests/fs/lustre/llog-unit.ktest PASS 147s

============================================================
Final Results:
  checkpatch:checkpatch: PASS (13s) (log: /var/www/ci-lustre/upstream-patch-review/9cb36f7873d856b26379c168159e3c02b772f7ab_checkpatch:checkpatch.log)
  u24:u24: PASS (41s) (log: /var/www/ci-lustre/upstream-patch-review/9cb36f7873d856b26379c168159e3c02b772f7ab_u24:u24.log)
  al2023:al2023: PASS (46s) (log: /var/www/ci-lustre/upstream-patch-review/9cb36f7873d856b26379c168159e3c02b772f7ab_al2023:al2023.log)
  ml-strict:lustre_mainline: FAIL (178s) (log: /var/www/ci-lustre/upstream-patch-review/9cb36f7873d856b26379c168159e3c02b772f7ab_ml-strict:lustre_mainline.log)
  ml:lustre_mainline: PASS (175s) (log: /var/www/ci-lustre/upstream-patch-review/9cb36f7873d856b26379c168159e3c02b772f7ab_ml:lustre_mainline.log)
  ml-miscvm:lustre_mainline_native: PASS (176s) (log: /var/www/ci-lustre/upstream-patch-review/9cb36f7873d856b26379c168159e3c02b772f7ab_ml-miscvm:lustre_mainline_native.log)
  ml-miscvm:boot: PASS (37s) (log: /var/www/ci-lustre/upstream-patch-review/9cb36f7873d856b26379c168159e3c02b772f7ab_ml-miscvm:boot.log)
  ml-miscvm:llmount: PASS (88s) (log: /var/www/ci-lustre/upstream-patch-review/9cb36f7873d856b26379c168159e3c02b772f7ab_ml-miscvm:llmount.log)
  ml-miscvm:llog-unit: PASS (147s) (log: /var/www/ci-lustre/upstream-patch-review/9cb36f7873d856b26379c168159e3c02b772f7ab_ml-miscvm:llog-unit.log)
  ml-miscvm:mgs-setup: PASS (44s) (log: /var/www/ci-lustre/upstream-patch-review/9cb36f7873d856b26379c168159e3c02b772f7ab_ml-miscvm:mgs-setup.log)
  ml-miscvm:sanity-1: PASS (84s) (log: /var/www/ci-lustre/upstream-patch-review/9cb36f7873d856b26379c168159e3c02b772f7ab_ml-miscvm:sanity-1.log)
  ml-miscvm:sanity-2: PASS (90s) (log: /var/www/ci-lustre/upstream-patch-review/9cb36f7873d856b26379c168159e3c02b772f7ab_ml-miscvm:sanity-2.log)
  ml-miscvm:sanity-3: PASS (87s) (log: /var/www/ci-lustre/upstream-patch-review/9cb36f7873d856b26379c168159e3c02b772f7ab_ml-miscvm:sanity-3.log)
  ml-miscvm:sanity-4: PASS (86s) (log: /var/www/ci-lustre/upstream-patch-review/9cb36f7873d856b26379c168159e3c02b772f7ab_ml-miscvm:sanity-4.log)

Total execution time: 355s

Packed 5616 logs from /var/www/ci-lustre/upstream-patch-review into /home/ktest/ktest/local-site/local_data.js
Open /home/ktest/ktest/local-site/index.html in a browser
