CLI: ./pk --podman-socket unix:///run/podman/podman.sock --shared-filesystem /tmp --tarball-input job lustre-ci --output /var/www/ci-lustre/upstream-patch-review --git-hash 9dac5907ffec66ee8fa134ea3fa929ce76ec5622 --change-id 64955_9dac5907ffec66ee8fa134ea3fa929ce76ec5622 --subject LU-19921 tests: add GSSIAM security test

Environment validated successfully
Note: custom LLVM is not synced in tarball input mode
Creating kernel tarball at /tmp/ktest-kernel.tar.gz...
Creating lustre tarball at /tmp/ktest-lustre.tar.gz...
Creating ZFS tarball at /tmp/ktest-zfs.tar.gz...
Executing 14 jobs
Jobs will start as soon as their dependencies are satisfied
Using tarball input mode

START ml-miscvm:lustre_mainline_native build tests/fs/lustre/boot.ktest
START ml:lustre_mainline build tests/fs/lustre/boot.ktest
START u24:u24 build tests/fs/lustre/boot.ktest
START ml-strict:lustre_mainline build tests/fs/lustre/boot-strict.ktest
START al2023:al2023 build tests/fs/lustre/boot.ktest
START checkpatch:checkpatch tool checkpatch
PUT /tmp/ktest-lustre.tar.gz 1s
PUT /tmp/ktest-lustre.tar.gz 1s
PUT /tmp/ktest-kernel.tar.gz 7s
PUT /tmp/ktest-kernel.tar.gz 7s
PUT /tmp/ktest-kernel.tar.gz 7s
PUT /tmp/ktest-kernel.tar.gz 7s
PUT /tmp/ktest-lustre.tar.gz 2s
PUT /tmp/ktest-lustre.tar.gz 1s
PUT /tmp/ktest-lustre.tar.gz 2s
PUT /tmp/ktest-lustre.tar.gz 2s
PUT /tmp/ktest-zfs.tar.gz 0s
PUT /tmp/ktest-zfs.tar.gz 0s
PUT /tmp/ktest-zfs.tar.gz 0s
END checkpatch:checkpatch tool checkpatch FAIL 12s (exit code: 1)
END u24:u24 build tests/fs/lustre/boot.ktest PASS 38s
END al2023:al2023 build tests/fs/lustre/boot.ktest PASS 45s
GET /tmp/ktest_ml:lustre_mainline_c0ea1koh.tar 0s
GET /tmp/ktest_ml-miscvm:lustre_mainline_native_5ln4sz0u.tar 0s
END ml:lustre_mainline build tests/fs/lustre/boot.ktest PASS 205s
END ml-miscvm:lustre_mainline_native build tests/fs/lustre/boot.ktest PASS 207s
START ml-miscvm:boot run tests/fs/lustre/boot.ktest
START ml-miscvm:llmount run tests/fs/lustre/llmount.ktest
START ml-miscvm:llog-unit run tests/fs/lustre/llog-unit.ktest
START ml-miscvm:mgs-setup run tests/fs/lustre/mgs-setup.ktest
START ml-miscvm:sanity-1 run tests/fs/lustre/sanity/sanity-1.ktest
START ml-miscvm:sanity-2 run tests/fs/lustre/sanity/sanity-2.ktest
START ml-miscvm:sanity-3 run tests/fs/lustre/sanity/sanity-3.ktest
START ml-miscvm:sanity-4 run tests/fs/lustre/sanity/sanity-4.ktest
GET /tmp/ktest_ml-strict:lustre_mainline_5loj582k.tar 7s
END ml-strict:lustre_mainline build tests/fs/lustre/boot-strict.ktest FAIL 210s (exit code: 1)
PUT /tmp/ktest-kernel.tar.gz 39s
PUT /tmp/ktest-kernel.tar.gz 37s
PUT /tmp/ktest-kernel.tar.gz 40s
PUT /tmp/ktest-kernel.tar.gz 37s
PUT /tmp/ktest-kernel.tar.gz 37s
PUT /tmp/ktest-kernel.tar.gz 37s
PUT /tmp/ktest-kernel.tar.gz 37s
PUT /tmp/ktest-kernel.tar.gz 38s
PUT /tmp/ktest-lustre.tar.gz 10s
PUT /tmp/ktest-lustre.tar.gz 9s
PUT /tmp/ktest-lustre.tar.gz 10s
PUT /tmp/ktest-lustre.tar.gz 9s
PUT /tmp/ktest-lustre.tar.gz 10s
PUT /tmp/ktest-lustre.tar.gz 9s
PUT /tmp/ktest-lustre.tar.gz 10s
PUT /tmp/ktest-lustre.tar.gz 9s
PUT /tmp/ktest_ml-miscvm:lustre_mainline_native_5ln4sz0u.tar 1s
PUT /tmp/ktest_ml-miscvm:lustre_mainline_native_5ln4sz0u.tar 1s
PUT /tmp/ktest_ml-miscvm:lustre_mainline_native_5ln4sz0u.tar 1s
PUT /tmp/ktest_ml-miscvm:lustre_mainline_native_5ln4sz0u.tar 1s
PUT /tmp/ktest_ml-miscvm:lustre_mainline_native_5ln4sz0u.tar 1s
PUT /tmp/ktest_ml-miscvm:lustre_mainline_native_5ln4sz0u.tar 1s
PUT /tmp/ktest_ml-miscvm:lustre_mainline_native_5ln4sz0u.tar 1s
PUT /tmp/ktest_ml-miscvm:lustre_mainline_native_5ln4sz0u.tar 1s
END ml-miscvm:boot run tests/fs/lustre/boot.ktest PASS 63s
END ml-miscvm:mgs-setup run tests/fs/lustre/mgs-setup.ktest PASS 72s
END ml-miscvm:sanity-3 run tests/fs/lustre/sanity/sanity-3.ktest PASS 101s
END ml-miscvm:sanity-2 run tests/fs/lustre/sanity/sanity-2.ktest PASS 103s
END ml-miscvm:sanity-4 run tests/fs/lustre/sanity/sanity-4.ktest PASS 104s
END ml-miscvm:sanity-1 run tests/fs/lustre/sanity/sanity-1.ktest PASS 112s
END ml-miscvm:llmount run tests/fs/lustre/llmount.ktest PASS 123s
END ml-miscvm:llog-unit run tests/fs/lustre/llog-unit.ktest FAIL 150s (exit code: 1)

============================================================
Final Results:
  checkpatch:checkpatch: FAIL (12s) (log: /var/www/ci-lustre/upstream-patch-review/9dac5907ffec66ee8fa134ea3fa929ce76ec5622_checkpatch:checkpatch.log)
  u24:u24: PASS (38s) (log: /var/www/ci-lustre/upstream-patch-review/9dac5907ffec66ee8fa134ea3fa929ce76ec5622_u24:u24.log)
  al2023:al2023: PASS (45s) (log: /var/www/ci-lustre/upstream-patch-review/9dac5907ffec66ee8fa134ea3fa929ce76ec5622_al2023:al2023.log)
  ml-strict:lustre_mainline: FAIL (210s) (log: /var/www/ci-lustre/upstream-patch-review/9dac5907ffec66ee8fa134ea3fa929ce76ec5622_ml-strict:lustre_mainline.log)
  ml:lustre_mainline: PASS (205s) (log: /var/www/ci-lustre/upstream-patch-review/9dac5907ffec66ee8fa134ea3fa929ce76ec5622_ml:lustre_mainline.log)
  ml-miscvm:lustre_mainline_native: PASS (207s) (log: /var/www/ci-lustre/upstream-patch-review/9dac5907ffec66ee8fa134ea3fa929ce76ec5622_ml-miscvm:lustre_mainline_native.log)
  ml-miscvm:boot: PASS (63s) (log: /var/www/ci-lustre/upstream-patch-review/9dac5907ffec66ee8fa134ea3fa929ce76ec5622_ml-miscvm:boot.log)
  ml-miscvm:llmount: PASS (123s) (log: /var/www/ci-lustre/upstream-patch-review/9dac5907ffec66ee8fa134ea3fa929ce76ec5622_ml-miscvm:llmount.log)
  ml-miscvm:llog-unit: FAIL (150s) (log: /var/www/ci-lustre/upstream-patch-review/9dac5907ffec66ee8fa134ea3fa929ce76ec5622_ml-miscvm:llog-unit.log)
  ml-miscvm:mgs-setup: PASS (72s) (log: /var/www/ci-lustre/upstream-patch-review/9dac5907ffec66ee8fa134ea3fa929ce76ec5622_ml-miscvm:mgs-setup.log)
  ml-miscvm:sanity-1: PASS (112s) (log: /var/www/ci-lustre/upstream-patch-review/9dac5907ffec66ee8fa134ea3fa929ce76ec5622_ml-miscvm:sanity-1.log)
  ml-miscvm:sanity-2: PASS (103s) (log: /var/www/ci-lustre/upstream-patch-review/9dac5907ffec66ee8fa134ea3fa929ce76ec5622_ml-miscvm:sanity-2.log)
  ml-miscvm:sanity-3: PASS (101s) (log: /var/www/ci-lustre/upstream-patch-review/9dac5907ffec66ee8fa134ea3fa929ce76ec5622_ml-miscvm:sanity-3.log)
  ml-miscvm:sanity-4: PASS (104s) (log: /var/www/ci-lustre/upstream-patch-review/9dac5907ffec66ee8fa134ea3fa929ce76ec5622_ml-miscvm:sanity-4.log)

Total execution time: 388s

Packed 1802 logs from /var/www/ci-lustre/upstream-patch-review into /home/ktest/ktest/local-site/local_data.js
Open /home/ktest/ktest/local-site/index.html in a browser
