CLI: ./pk --podman-socket unix:///run/podman/podman.sock --shared-filesystem /tmp --tarball-input job distro --output /var/www/ci-lustre/upstream-patch-review --git-hash 9db228beb24af7fbe02e7ed4a5e5d6ada76ea40c_distro --change-id master_9db228beb24af7fbe02e7ed4a5e5d6ada76ea40c_distro --subject [distro] Main development branch

Environment validated successfully
Note: custom LLVM is not synced in tarball input mode
Creating lustre tarball at /tmp/ktest-lustre.tar.gz...
Creating ZFS tarball at /tmp/ktest-zfs.tar.gz...
Executing 21 jobs
Jobs will start as soon as their dependencies are satisfied
Using tarball input mode

START rocky10:rocky10 build tests/fs/lustre/boot.ktest
START rocky9-dkms:rocky9-dkms
START rocky8:rocky8 build tests/fs/lustre/boot.ktest
START al2023-pkg:al2023-pkg package tests/fs/lustre/boot.ktest
START al2-dkms:al2-dkms
START u26-dkms:u26-dkms
START u24:u24 build tests/fs/lustre/boot.ktest
START rocky8-pkg:rocky8-pkg package tests/fs/lustre/boot.ktest
START al2023-dkms:al2023-dkms
START rocky10-pkg:rocky10-pkg package tests/fs/lustre/boot.ktest
START al2023:al2023 build tests/fs/lustre/boot.ktest
START u26:u26 build tests/fs/lustre/boot.ktest
START u26-pkg:u26-pkg package tests/fs/lustre/boot.ktest
START rocky8-dkms:rocky8-dkms
START rocky9:rocky9 build tests/fs/lustre/boot.ktest
START al2:al2 build tests/fs/lustre/boot.ktest
START u24-dkms:u24-dkms
START rocky10-dkms:rocky10-dkms
START al2-pkg:al2-pkg package tests/fs/lustre/boot.ktest
START rocky9-pkg:rocky9-pkg package tests/fs/lustre/boot.ktest
START u24-pkg:u24-pkg package tests/fs/lustre/boot.ktest
PUT /tmp/ktest-lustre.tar.gz 1s
PUT /tmp/ktest-lustre.tar.gz 1s
PUT /tmp/ktest-lustre.tar.gz 1s
PUT /tmp/ktest-lustre.tar.gz 1s
PUT /tmp/ktest-lustre.tar.gz 1s
PUT /tmp/ktest-lustre.tar.gz 1s
PUT /tmp/ktest-lustre.tar.gz 1s
PUT /tmp/ktest-lustre.tar.gz 1s
PUT /tmp/ktest-lustre.tar.gz 1s
PUT /tmp/ktest-lustre.tar.gz 1s
END al2023-pkg:al2023-pkg package tests/fs/lustre/boot.ktest FAIL 58s (exit code: 2)
PUT /tmp/ktest-lustre.tar.gz 1s
END u24:u24 build tests/fs/lustre/boot.ktest PASS 72s
PUT /tmp/ktest-lustre.tar.gz 2s
END al2-dkms:al2-dkms dkms tests/fs/lustre/boot.ktest PASS 83s
PUT /tmp/ktest-lustre.tar.gz 2s
END rocky8:rocky8 build tests/fs/lustre/boot.ktest PASS 86s
PUT /tmp/ktest-lustre.tar.gz 3s
END rocky9-dkms:rocky9-dkms dkms tests/fs/lustre/boot.ktest PASS 91s
PUT /tmp/ktest-lustre.tar.gz 2s
END rocky10:rocky10 build tests/fs/lustre/boot.ktest PASS 119s
PUT /tmp/ktest-lustre.tar.gz 2s
END al2023-dkms:al2023-dkms dkms tests/fs/lustre/boot.ktest PASS 122s
PUT /tmp/ktest-lustre.tar.gz 2s
END al2023:al2023 build tests/fs/lustre/boot.ktest PASS 149s
PUT /tmp/ktest-lustre.tar.gz 3s
END rocky8-dkms:rocky8-dkms dkms tests/fs/lustre/boot.ktest PASS 128s
END u26:u26 build tests/fs/lustre/boot.ktest PASS 143s
PUT /tmp/ktest-lustre.tar.gz 5s
PUT /tmp/ktest-lustre.tar.gz 5s
END al2:al2 build tests/fs/lustre/boot.ktest FAIL 113s (exit code: 2)
PUT /tmp/ktest-lustre.tar.gz 3s
END rocky9:rocky9 build tests/fs/lustre/boot.ktest PASS 177s
END al2-pkg:al2-pkg package tests/fs/lustre/boot.ktest FAIL 62s (exit code: 2)
END rocky8-pkg:rocky8-pkg package tests/fs/lustre/boot.ktest PASS 283s
END u26-dkms:u26-dkms dkms tests/fs/lustre/boot.ktest PASS 297s
END rocky10-pkg:rocky10-pkg package tests/fs/lustre/boot.ktest PASS 298s
END rocky10-dkms:rocky10-dkms dkms tests/fs/lustre/boot.ktest PASS 103s
END u24-dkms:u24-dkms dkms tests/fs/lustre/boot.ktest PASS 226s
END rocky9-pkg:rocky9-pkg package tests/fs/lustre/boot.ktest PASS 147s
END u26-pkg:u26-pkg package tests/fs/lustre/boot.ktest PASS 314s
END u24-pkg:u24-pkg package tests/fs/lustre/boot.ktest PASS 191s

============================================================
Final Results:
  al2:al2: FAIL (113s) (log: /var/www/ci-lustre/upstream-patch-review/9db228beb24af7fbe02e7ed4a5e5d6ada76ea40c_distro_al2:al2.log)
  al2-pkg:al2-pkg: FAIL (62s) (log: /var/www/ci-lustre/upstream-patch-review/9db228beb24af7fbe02e7ed4a5e5d6ada76ea40c_distro_al2-pkg:al2-pkg.log)
  al2-dkms:al2-dkms: PASS (83s) (log: /var/www/ci-lustre/upstream-patch-review/9db228beb24af7fbe02e7ed4a5e5d6ada76ea40c_distro_al2-dkms:al2-dkms.log)
  al2023:al2023: PASS (149s) (log: /var/www/ci-lustre/upstream-patch-review/9db228beb24af7fbe02e7ed4a5e5d6ada76ea40c_distro_al2023:al2023.log)
  al2023-pkg:al2023-pkg: FAIL (58s) (log: /var/www/ci-lustre/upstream-patch-review/9db228beb24af7fbe02e7ed4a5e5d6ada76ea40c_distro_al2023-pkg:al2023-pkg.log)
  al2023-dkms:al2023-dkms: PASS (122s) (log: /var/www/ci-lustre/upstream-patch-review/9db228beb24af7fbe02e7ed4a5e5d6ada76ea40c_distro_al2023-dkms:al2023-dkms.log)
  rocky8:rocky8: PASS (86s) (log: /var/www/ci-lustre/upstream-patch-review/9db228beb24af7fbe02e7ed4a5e5d6ada76ea40c_distro_rocky8:rocky8.log)
  rocky8-pkg:rocky8-pkg: PASS (283s) (log: /var/www/ci-lustre/upstream-patch-review/9db228beb24af7fbe02e7ed4a5e5d6ada76ea40c_distro_rocky8-pkg:rocky8-pkg.log)
  rocky8-dkms:rocky8-dkms: PASS (128s) (log: /var/www/ci-lustre/upstream-patch-review/9db228beb24af7fbe02e7ed4a5e5d6ada76ea40c_distro_rocky8-dkms:rocky8-dkms.log)
  rocky9:rocky9: PASS (177s) (log: /var/www/ci-lustre/upstream-patch-review/9db228beb24af7fbe02e7ed4a5e5d6ada76ea40c_distro_rocky9:rocky9.log)
  rocky9-pkg:rocky9-pkg: PASS (147s) (log: /var/www/ci-lustre/upstream-patch-review/9db228beb24af7fbe02e7ed4a5e5d6ada76ea40c_distro_rocky9-pkg:rocky9-pkg.log)
  rocky9-dkms:rocky9-dkms: PASS (91s) (log: /var/www/ci-lustre/upstream-patch-review/9db228beb24af7fbe02e7ed4a5e5d6ada76ea40c_distro_rocky9-dkms:rocky9-dkms.log)
  rocky10:rocky10: PASS (119s) (log: /var/www/ci-lustre/upstream-patch-review/9db228beb24af7fbe02e7ed4a5e5d6ada76ea40c_distro_rocky10:rocky10.log)
  rocky10-pkg:rocky10-pkg: PASS (298s) (log: /var/www/ci-lustre/upstream-patch-review/9db228beb24af7fbe02e7ed4a5e5d6ada76ea40c_distro_rocky10-pkg:rocky10-pkg.log)
  rocky10-dkms:rocky10-dkms: PASS (103s) (log: /var/www/ci-lustre/upstream-patch-review/9db228beb24af7fbe02e7ed4a5e5d6ada76ea40c_distro_rocky10-dkms:rocky10-dkms.log)
  u24:u24: PASS (72s) (log: /var/www/ci-lustre/upstream-patch-review/9db228beb24af7fbe02e7ed4a5e5d6ada76ea40c_distro_u24:u24.log)
  u24-pkg:u24-pkg: PASS (191s) (log: /var/www/ci-lustre/upstream-patch-review/9db228beb24af7fbe02e7ed4a5e5d6ada76ea40c_distro_u24-pkg:u24-pkg.log)
  u24-dkms:u24-dkms: PASS (226s) (log: /var/www/ci-lustre/upstream-patch-review/9db228beb24af7fbe02e7ed4a5e5d6ada76ea40c_distro_u24-dkms:u24-dkms.log)
  u26:u26: PASS (143s) (log: /var/www/ci-lustre/upstream-patch-review/9db228beb24af7fbe02e7ed4a5e5d6ada76ea40c_distro_u26:u26.log)
  u26-pkg:u26-pkg: PASS (314s) (log: /var/www/ci-lustre/upstream-patch-review/9db228beb24af7fbe02e7ed4a5e5d6ada76ea40c_distro_u26-pkg:u26-pkg.log)
  u26-dkms:u26-dkms: PASS (297s) (log: /var/www/ci-lustre/upstream-patch-review/9db228beb24af7fbe02e7ed4a5e5d6ada76ea40c_distro_u26-dkms:u26-dkms.log)

Total execution time: 430s

Packed 14279 logs from /var/www/ci-lustre/upstream-patch-review into /home/ktest/ktest/local-site/local_data.js
Open /home/ktest/ktest/local-site/index.html in a browser
