CLI: ./pk --podman-socket unix:///run/podman/podman.sock --shared-filesystem /tmp --tarball-input job lustre-ci --output /var/www/ci-lustre/upstream-patch-review --git-hash 9dba145253f08e126e9aa240dd0a1c6974d51eca --change-id 57860_9dba145253f08e126e9aa240dd0a1c6974d51eca --subject LU-18664 target: set proper kthread state

Environment validated successfully
Note: custom LLVM is not synced in tarball input mode
Creating kernel tarball at /tmp/ktest-kernel.tar.gz...
Creating lustre tarball at /tmp/ktest-lustre.tar.gz...
Creating ZFS tarball at /tmp/ktest-zfs.tar.gz...
Executing 14 jobs
Jobs will start as soon as their dependencies are satisfied
Using tarball input mode

START checkpatch:checkpatch tool checkpatch
START ml:lustre_mainline build tests/fs/lustre/boot.ktest
START ml-strict:lustre_mainline build tests/fs/lustre/boot-strict.ktest
START ml-miscvm:lustre_mainline_native build tests/fs/lustre/boot.ktest
START al2023:al2023 build tests/fs/lustre/boot.ktest
START u24:u24 build tests/fs/lustre/boot.ktest
PUT /tmp/ktest-lustre.tar.gz 1s
PUT /tmp/ktest-lustre.tar.gz 1s
PUT /tmp/ktest-kernel.tar.gz 7s
PUT /tmp/ktest-kernel.tar.gz 8s
PUT /tmp/ktest-kernel.tar.gz 8s
PUT /tmp/ktest-kernel.tar.gz 8s
PUT /tmp/ktest-lustre.tar.gz 2s
PUT /tmp/ktest-lustre.tar.gz 3s
PUT /tmp/ktest-lustre.tar.gz 3s
PUT /tmp/ktest-lustre.tar.gz 3s
PUT /tmp/ktest-zfs.tar.gz 0s
PUT /tmp/ktest-zfs.tar.gz 0s
PUT /tmp/ktest-zfs.tar.gz 0s
END checkpatch:checkpatch tool checkpatch PASS 13s
END u24:u24 build tests/fs/lustre/boot.ktest PASS 40s
END al2023:al2023 build tests/fs/lustre/boot.ktest PASS 44s
GET /tmp/ktest_ml:lustre_mainline_x_484dut.tar 0s
END ml:lustre_mainline build tests/fs/lustre/boot.ktest PASS 155s
GET /tmp/ktest_ml-miscvm:lustre_mainline_native_trb4ot8n.tar 2s
END ml-miscvm:lustre_mainline_native build tests/fs/lustre/boot.ktest PASS 156s
START ml-miscvm:boot run tests/fs/lustre/boot.ktest
START ml-miscvm:llmount run tests/fs/lustre/llmount.ktest
START ml-miscvm:llog-unit run tests/fs/lustre/llog-unit.ktest
START ml-miscvm:mgs-setup run tests/fs/lustre/mgs-setup.ktest
START ml-miscvm:sanity-1 run tests/fs/lustre/sanity/sanity-1.ktest
START ml-miscvm:sanity-2 run tests/fs/lustre/sanity/sanity-2.ktest
START ml-miscvm:sanity-3 run tests/fs/lustre/sanity/sanity-3.ktest
START ml-miscvm:sanity-4 run tests/fs/lustre/sanity/sanity-4.ktest
GET /tmp/ktest_ml-strict:lustre_mainline_j16_q7s7.tar 4s
END ml-strict:lustre_mainline build tests/fs/lustre/boot-strict.ktest FAIL 160s (exit code: 1)
PUT /tmp/ktest-kernel.tar.gz 30s
PUT /tmp/ktest-kernel.tar.gz 30s
PUT /tmp/ktest-kernel.tar.gz 30s
PUT /tmp/ktest-kernel.tar.gz 31s
PUT /tmp/ktest-kernel.tar.gz 31s
PUT /tmp/ktest-kernel.tar.gz 31s
PUT /tmp/ktest-kernel.tar.gz 31s
PUT /tmp/ktest-kernel.tar.gz 31s
PUT /tmp/ktest-lustre.tar.gz 6s
PUT /tmp/ktest-lustre.tar.gz 6s
PUT /tmp/ktest-lustre.tar.gz 5s
PUT /tmp/ktest-lustre.tar.gz 6s
PUT /tmp/ktest-lustre.tar.gz 6s
PUT /tmp/ktest-lustre.tar.gz 6s
PUT /tmp/ktest-lustre.tar.gz 6s
PUT /tmp/ktest-lustre.tar.gz 5s
PUT /tmp/ktest_ml-miscvm:lustre_mainline_native_trb4ot8n.tar 0s
PUT /tmp/ktest_ml-miscvm:lustre_mainline_native_trb4ot8n.tar 0s
PUT /tmp/ktest_ml-miscvm:lustre_mainline_native_trb4ot8n.tar 0s
PUT /tmp/ktest_ml-miscvm:lustre_mainline_native_trb4ot8n.tar 1s
PUT /tmp/ktest_ml-miscvm:lustre_mainline_native_trb4ot8n.tar 1s
PUT /tmp/ktest_ml-miscvm:lustre_mainline_native_trb4ot8n.tar 1s
PUT /tmp/ktest_ml-miscvm:lustre_mainline_native_trb4ot8n.tar 1s
PUT /tmp/ktest_ml-miscvm:lustre_mainline_native_trb4ot8n.tar 1s
END ml-miscvm:boot run tests/fs/lustre/boot.ktest PASS 50s
END ml-miscvm:mgs-setup run tests/fs/lustre/mgs-setup.ktest PASS 59s
END ml-miscvm:sanity-2 run tests/fs/lustre/sanity/sanity-2.ktest PASS 89s
END ml-miscvm:sanity-1 run tests/fs/lustre/sanity/sanity-1.ktest PASS 90s
END ml-miscvm:sanity-3 run tests/fs/lustre/sanity/sanity-3.ktest PASS 91s
END ml-miscvm:sanity-4 run tests/fs/lustre/sanity/sanity-4.ktest PASS 92s
END ml-miscvm:llmount run tests/fs/lustre/llmount.ktest PASS 96s
END ml-miscvm:llog-unit run tests/fs/lustre/llog-unit.ktest FAIL 135s (exit code: 1)

============================================================
Final Results:
  checkpatch:checkpatch: PASS (13s) (log: /var/www/ci-lustre/upstream-patch-review/9dba145253f08e126e9aa240dd0a1c6974d51eca_checkpatch:checkpatch.log)
  u24:u24: PASS (40s) (log: /var/www/ci-lustre/upstream-patch-review/9dba145253f08e126e9aa240dd0a1c6974d51eca_u24:u24.log)
  al2023:al2023: PASS (44s) (log: /var/www/ci-lustre/upstream-patch-review/9dba145253f08e126e9aa240dd0a1c6974d51eca_al2023:al2023.log)
  ml-strict:lustre_mainline: FAIL (160s) (log: /var/www/ci-lustre/upstream-patch-review/9dba145253f08e126e9aa240dd0a1c6974d51eca_ml-strict:lustre_mainline.log)
  ml:lustre_mainline: PASS (155s) (log: /var/www/ci-lustre/upstream-patch-review/9dba145253f08e126e9aa240dd0a1c6974d51eca_ml:lustre_mainline.log)
  ml-miscvm:lustre_mainline_native: PASS (156s) (log: /var/www/ci-lustre/upstream-patch-review/9dba145253f08e126e9aa240dd0a1c6974d51eca_ml-miscvm:lustre_mainline_native.log)
  ml-miscvm:boot: PASS (50s) (log: /var/www/ci-lustre/upstream-patch-review/9dba145253f08e126e9aa240dd0a1c6974d51eca_ml-miscvm:boot.log)
  ml-miscvm:llmount: PASS (96s) (log: /var/www/ci-lustre/upstream-patch-review/9dba145253f08e126e9aa240dd0a1c6974d51eca_ml-miscvm:llmount.log)
  ml-miscvm:llog-unit: FAIL (135s) (log: /var/www/ci-lustre/upstream-patch-review/9dba145253f08e126e9aa240dd0a1c6974d51eca_ml-miscvm:llog-unit.log)
  ml-miscvm:mgs-setup: PASS (59s) (log: /var/www/ci-lustre/upstream-patch-review/9dba145253f08e126e9aa240dd0a1c6974d51eca_ml-miscvm:mgs-setup.log)
  ml-miscvm:sanity-1: PASS (90s) (log: /var/www/ci-lustre/upstream-patch-review/9dba145253f08e126e9aa240dd0a1c6974d51eca_ml-miscvm:sanity-1.log)
  ml-miscvm:sanity-2: PASS (89s) (log: /var/www/ci-lustre/upstream-patch-review/9dba145253f08e126e9aa240dd0a1c6974d51eca_ml-miscvm:sanity-2.log)
  ml-miscvm:sanity-3: PASS (91s) (log: /var/www/ci-lustre/upstream-patch-review/9dba145253f08e126e9aa240dd0a1c6974d51eca_ml-miscvm:sanity-3.log)
  ml-miscvm:sanity-4: PASS (92s) (log: /var/www/ci-lustre/upstream-patch-review/9dba145253f08e126e9aa240dd0a1c6974d51eca_ml-miscvm:sanity-4.log)

Total execution time: 319s

Packed 20084 logs from /var/www/ci-lustre/upstream-patch-review into /home/ktest/ktest/local-site/local_data.js
Open /home/ktest/ktest/local-site/index.html in a browser
