00001 
00004 LNetError: 152:0:(lib-socket.c:619:lnet_inet_enumerate()) lnet: Can't find any usable interfaces, rc = -ENOENT
00004 LNetError: Error -100 starting up LNI tcp
00005 LustreError: 152:0:(events.c:632:ptlrpc_init_portals()) network initialisation failed: rc = -100
00012 tlp: vm.laptop_mode is deprecated. Ignoring setting.
00012 Kernel version: 7.0.0-ktest-9fb94ff-6330a45-20260909-dirty
00012 hook init_noop
00012 
00012 Running tests boot
00012 
00012 ========= TEST   boot
00012 boot
00012 
00013 ========= PASSED boot in 0s
00013 
00013 Passed: boot
00013 Failed: 
00013 NOTICE: Automounting of tracing to debugfs is deprecated and will be removed in 2030
00013 Kernel version: 7.0.0-ktest-9fb94ff-6330a45-20260909-dirty
00013 TEST SUCCESS
