00001 
00004 LNetError: 152:0:(lib-socket.c:619:lnet_inet_enumerate()) lnet: Can't find any usable interfaces, rc = -ENOENT
00004 LNetError: Error -100 starting up LNI tcp
00005 LustreError: 152:0:(events.c:632:ptlrpc_init_portals()) network initialisation failed: rc = -100
00050 tlp: vm.laptop_mode is deprecated. Ignoring setting.
00050 Kernel version: 7.0.0-ktest-a0a1fd1-6330a45-20260915-dirty
00050 hook init_noop
00051 
00051 Running tests mgs-setup
00051 
00051 ========= TEST   mgs-setup
00051 /host/home/ktest/git/lustre-release/lustre/tests/test-framework.sh: line 7016: cd: HOME not set
00051 /host/home/ktest/git/lustre-release/lustre/tests/test-framework.sh: line 7016: cd: HOME not set
00051 /host/home/ktest/git/lustre-release/lustre/tests/test-framework.sh: line 7016: cd: HOME not set
00052 MGS_OS_VERSION_ID=24.04
00052 MGS_OS_ID=ubuntu
00052 MGS_OS_VERSION_CODE=402915328
00052 MGS_OS_ID_LIKE=debian ubuntu
00052 MDS1_OS_ID=ubuntu
00052 MDS1_OS_VERSION_CODE=402915328
00052 MDS1_OS_ID_LIKE=debian ubuntu
00052 MDS1_OS_VERSION_ID=24.04
00053 OST1_OS_VERSION_ID=24.04
00053 OST1_OS_VERSION_CODE=402915328
00053 OST1_OS_ID=ubuntu
00053 OST1_OS_ID_LIKE=debian ubuntu
00053 CLIENT_OS_VERSION_ID=24.04
00053 CLIENT_OS_ID_LIKE=debian ubuntu
00053 CLIENT_OS_ID=ubuntu
00053 CLIENT_OS_VERSION_CODE=402915328
00053 Loading modules from /host/home/ktest/git/lustre-release/lustre
00053 detected 16 online CPUs by sysfs
00053 MODOPTS_LIBCFS=
00053 libcfs will create CPU partition based on online CPUs
00053 LNet: Added LNI 10.0.2.15@tcp [8/256/0/180]
00053 gss/krb5 is not supported
00054 Lustre: Echo OBD driver; http://www.lustre.org/
00054 '/usr/sbin/mount.lustre_tgt' -> 'mount.lustre'
00055 
00055 
00060 
00060 
00060 
00060 Lustre: server umount MGS0000 complete
00060 
00060 Removed directory: /mnt/lustre-Uj2fez-MGS0000
00060 
00060 ========= PASSED mgs-setup in 10s
00060 
00060 Passed: mgs-setup
00060 Failed: 
00060 NOTICE: Automounting of tracing to debugfs is deprecated and will be removed in 2030
00060 Kernel version: 7.0.0-ktest-a0a1fd1-6330a45-20260915-dirty
00060 TEST SUCCESS
