00005 
00013 RDSEED32 is broken. Disabling the corresponding CPUID bit.
00017 init: failed to load nvme_core
00017 init: failed to load nvme
00017 init: failed to load zfs
00019 LNetError: 1:0:(lib-socket.c:619:lnet_inet_enumerate()) lnet: Can't find any usable interfaces, rc = -ENOENT
00019 LNetError: Error -100 starting up LNI tcp
00019 LustreError: 1:0:(events.c:627:ptlrpc_init_portals()) network initialisation failed: rc = -100
00019 init: finit_module /lib/modules/7.0.0-ktest-a0e6133-6330a45-20260727-dirty/updates/ptlrpc.ko: Network is down
00019 init: failed to load lustre
00019 init: failed to load osd_zfs
00019 init: failed to load iwlwifi
00019 init: failed to load iwlmvm
00019 init: failed to load mt7921e
00019 init: failed to load i915
00019 init: failed to load nouveau
00031 tlp: vm.laptop_mode is deprecated. Ignoring setting.
00031 Kernel version: 7.0.0-ktest-a0e6133-6330a45-20260727-dirty
00032 hook init_noop
00032 
00032 Running tests llog-unit
00032 
00032 ========= TEST   llog-unit
00032 /host/home/ktest/git/lustre-release/lustre/tests/test-framework.sh: line 6933: cd: HOME not set
00032 /host/home/ktest/git/lustre-release/lustre/tests/test-framework.sh: line 6933: cd: HOME not set
00032 /host/home/ktest/git/lustre-release/lustre/tests/test-framework.sh: line 6933: cd: HOME not set
00035 MGS_OS_VERSION_ID=24.04
00035 MGS_OS_ID=ubuntu
00035 MGS_OS_VERSION_CODE=402915328
00035 MGS_OS_ID_LIKE=debian ubuntu
00035 MDS1_OS_ID=ubuntu
00035 MDS1_OS_VERSION_CODE=402915328
00035 MDS1_OS_ID_LIKE=debian ubuntu
00035 MDS1_OS_VERSION_ID=24.04
00036 OST1_OS_VERSION_ID=24.04
00036 OST1_OS_VERSION_CODE=402915328
00036 OST1_OS_ID=ubuntu
00036 OST1_OS_ID_LIKE=debian ubuntu
00036 CLIENT_OS_VERSION_ID=24.04
00036 CLIENT_OS_ID_LIKE=debian ubuntu
00036 CLIENT_OS_ID=ubuntu
00036 CLIENT_OS_VERSION_CODE=402915328
00036 Loading modules from /host/home/ktest/git/lustre-release/lustre
00036 detected 16 online CPUs by sysfs
00036 MODOPTS_LIBCFS=
00036 libcfs will create CPU partition based on online CPUs
00037 LNet: Added LNI 10.0.2.15@tcp [8/256/0/180]
00037 gss/krb5 is not supported
00038 Lustre: Echo OBD driver; http://www.lustre.org/
00038 
00039 
00039 /host/home/ktest/git/lustre-release/lustre/tests/test-framework.sh: line 6933: cd: HOME not set
00039 /host/home/ktest/git/lustre-release/lustre/tests/test-framework.sh: line 6933: cd: HOME not set
00039 /host/home/ktest/git/lustre-release/lustre/tests/test-framework.sh: line 6933: cd: HOME not set
00049 ------------[ cut here ]------------
00049 WARNING: /home/ktest/git/linux/include/linux/fs.h:889 at osd_create+0x9cf/0xcf0 [osd_wbcfs], CPU#15: lctl/2175
00049 Modules linked in: llog_test(O) mgs(O) osd_wbcfs(O) lustre(O) obdecho(O) mgc(O) mdc(O) lov(O) osc(O) lmv(O) ec(O) fid(O) fld(O) ptlrpc(O) efivarfs obdclass(O) ksocklnd(O) lnet(O) libcfs(O)
00049 CPU: 15 UID: 0 PID: 2175 Comm: lctl Tainted: G        W  O        7.0.0-ktest-a0e6133-6330a45-20260727-dirty #1 PREEMPT 
00049 Tainted: [W]=WARN, [O]=OOT_MODULE
00049 Hardware name: QEMU Standard PC (Q35 + ICH9, 2009), BIOS 2025.11-3ubuntu7 03/31/2026
00049 RIP: 0010:osd_create+0x9cf/0xcf0 [osd_wbcfs]
00049 Code: c7 c7 00 c6 7b a1 48 c7 c6 a0 42 7d a1 48 c7 c2 00 4c 7d a1 e8 82 dd 43 ff 48 c7 c7 00 c6 7b a1 e8 f6 6a 44 ff e9 fe fc ff ff <0f> 0b e9 a5 fa ff ff 48 c7 c1 80 44 5d a0 80 e1 07 80 c1 03 38 c1
00049 RSP: 0018:ffffc900023e7640 EFLAGS: 00010246
00049 RAX: 0000000000000000 RBX: ffff8881392b3c00 RCX: 0000000000000046
00049 RDX: 0000000000000000 RSI: ffff8881983a09e8 RDI: ffff88811cb02a80
00049 RBP: ffff8881983a0958 R08: ffffffff83a16803 R09: 1ffffffff0742d00
00049 R10: dffffc0000000000 R11: fffffbfff0742d01 R12: ffff88814ffd4400
00049 R13: dffffc0000000000 R14: 1ffff11027256780 R15: 1ffff11029ffa88f
00049 FS:  00007fc510c18940(0000) GS:ffff88831ebad000(0000) knlGS:0000000000000000
00049 CS:  0010 DS: 0000 ES: 0000 CR0: 0000000080050033
00049 CR2: 0000555b63f78b40 CR3: 000000019a310000 CR4: 0000000000750eb0
00049 PKRU: 55555554
00049 Call Trace:
00049  <TASK>
00049  ? local_object_create+0x109/0x640 [obdclass]
00049  ? dt_write_lock+0x16d/0x2a0 [obdclass]
00049  ? llog_osd_create+0x356/0x1140 [obdclass]
00049  ? llog_create+0x2ed/0x530 [obdclass]
00049  ? llog_cat_new_log+0x6c3/0x2bf0 [obdclass]
00049  ? llog_cat_add_rec+0x6ba/0x1960 [obdclass]
00049  ? llog_cat_add+0x451/0x890 [obdclass]
00049  ? llog_run_tests+0x40d3/0x5ac0 [llog_test]
00049  ? get_random_u32+0x51/0x470
00049  ? llog_test_device_init+0x503/0x840 [llog_test]
00049  ? obd_setup+0x559/0x960 [obdclass]
00049  ? class_setup+0xc7d/0x10e0 [obdclass]
00049  ? class_process_config+0x2edb/0x7cb0 [obdclass]
00049  ? class_handle_ioctl+0x2055/0x3590 [obdclass]
00049  ? obd_class_ioctl+0x1f6/0x3c0 [obdclass]
00049  ? __x64_sys_ioctl+0x961/0xe00
00049  ? _copy_to_user+0x3d/0x60
00049  ? __x64_sys_rt_sigaction+0x107/0x140
00049  ? do_syscall_64+0xc1/0x350
00049  ? entry_SYSCALL_64_after_hwframe+0x4b/0x53
00049  </TASK>
00049 ---[ end trace 0000000000000000 ]---
00049 Lustre: 2175:0:(llog_test.c:651:llog_test_4()) 4e: add 5 large records, one record per block
00049 Lustre: 2175:0:(llog_test.c:671:llog_test_4()) 4f: put newly-created catalog
00049 Lustre: 2175:0:(llog_test.c:770:llog_test_5()) 5a: re-open catalog by id
00049 Lustre: 2175:0:(llog_test.c:783:llog_test_5()) 5b: print the catalog entries.. we expect 2
00049 Lustre: 2181:0:(llog_test.c:700:cat_print_cb()) seeing record at index 1 - [0x1:0x3:0x0] in log [0xa:0x4:0x0]
00049 Lustre: 2175:0:(llog_test.c:795:llog_test_5()) 5c: Cancel 64767 records, see one log zapped
00052 Lustre: 2175:0:(llog_test.c:803:llog_test_5()) 5c: print the catalog entries.. we expect 1
00052 Lustre: 2182:0:(llog_test.c:700:cat_print_cb()) seeing record at index 2 - [0x1:0x4:0x0] in log [0xa:0x4:0x0]
00052 Lustre: 2182:0:(llog_test.c:700:cat_print_cb()) Skipped 1 previous similar message
00052 Lustre: 2175:0:(llog_test.c:815:llog_test_5()) 5d: add 1 record to the log with many canceled empty pages
00052 ------------[ cut here ]------------
00052 WARNING: /home/ktest/git/linux/include/linux/fs.h:889 at osd_create+0x9cf/0xcf0 [osd_wbcfs], CPU#15: lctl/2175
00052 Modules linked in: llog_test(O) mgs(O) osd_wbcfs(O) lustre(O) obdecho(O) mgc(O) mdc(O) lov(O) osc(O) lmv(O) ec(O) fid(O) fld(O) ptlrpc(O) efivarfs obdclass(O) ksocklnd(O) lnet(O) libcfs(O)
00052 CPU: 15 UID: 0 PID: 2175 Comm: lctl Tainted: G        W  O        7.0.0-ktest-a0e6133-6330a45-20260727-dirty #1 PREEMPT 
00052 Tainted: [W]=WARN, [O]=OOT_MODULE
00052 Hardware name: QEMU Standard PC (Q35 + ICH9, 2009), BIOS 2025.11-3ubuntu7 03/31/2026
00052 RIP: 0010:osd_create+0x9cf/0xcf0 [osd_wbcfs]
00052 Code: c7 c7 00 c6 7b a1 48 c7 c6 a0 42 7d a1 48 c7 c2 00 4c 7d a1 e8 82 dd 43 ff 48 c7 c7 00 c6 7b a1 e8 f6 6a 44 ff e9 fe fc ff ff <0f> 0b e9 a5 fa ff ff 48 c7 c1 80 44 5d a0 80 e1 07 80 c1 03 38 c1
00052 RSP: 0018:ffffc900023e75b8 EFLAGS: 00010246
00052 RAX: 0000000000000000 RBX: ffff88814fca8c00 RCX: 0000000000000046
00052 RDX: 0000000000000000 RSI: ffff8881983a02d0 RDI: ffff88811cb02a80
00052 RBP: ffff8881983a0240 R08: ffffffff83a16803 R09: 1ffffffff0742d00
00052 R10: dffffc0000000000 R11: fffffbfff0742d01 R12: ffff88814ffd4400
00052 R13: dffffc0000000000 R14: 1ffff11029f95180 R15: 1ffff11029ffa88f
00052 FS:  00007fc510c18940(0000) GS:ffff88831ebad000(0000) knlGS:0000000000000000
00052 CS:  0010 DS: 0000 ES: 0000 CR0: 0000000080050033
00052 CR2: 0000555b63f78b40 CR3: 000000019a310000 CR4: 0000000000750eb0
00052 PKRU: 55555554
00052 Call Trace:
00052  <TASK>
00052  ? local_object_create+0x109/0x640 [obdclass]
00052  ? dt_write_lock+0x16d/0x2a0 [obdclass]
00052  ? llog_osd_create+0x356/0x1140 [obdclass]
00052  ? llog_create+0x2ed/0x530 [obdclass]
00052  ? llog_cat_new_log+0x6c3/0x2bf0 [obdclass]
00052  ? llog_cat_add_rec+0x6ba/0x1960 [obdclass]
00052  ? llog_cat_add+0x451/0x890 [obdclass]
00052  ? llog_test_5+0xacf/0x14d0 [llog_test]
00052  ? llog_run_tests+0x34af/0x5ac0 [llog_test]
00052  ? get_random_u32+0x51/0x470
00052  ? llog_test_device_init+0x503/0x840 [llog_test]
00052  ? obd_setup+0x559/0x960 [obdclass]
00052  ? class_setup+0xc7d/0x10e0 [obdclass]
00052  ? class_process_config+0x2edb/0x7cb0 [obdclass]
00052  ? class_handle_ioctl+0x2055/0x3590 [obdclass]
00052  ? obd_class_ioctl+0x1f6/0x3c0 [obdclass]
00052  ? __x64_sys_ioctl+0x961/0xe00
00052  ? _copy_to_user+0x3d/0x60
00052  ? __x64_sys_rt_sigaction+0x107/0x140
00052  ? do_syscall_64+0xc1/0x350
00052  ? entry_SYSCALL_64_after_hwframe+0x4b/0x53
00052  </TASK>
00052 ---[ end trace 0000000000000000 ]---
00052 Lustre: 2175:0:(llog_test.c:822:llog_test_5()) 5e: print plain log entries.. expect 6
00052 Lustre: 2175:0:(llog_test.c:834:llog_test_5()) 5f: print plain log entries reversely.. expect 6
00052 Lustre: 2175:0:(llog_test.c:848:llog_test_5()) 5g: close re-opened catalog
00052 Lustre: 2175:0:(llog_test.c:878:llog_test_6()) 6a: re-open log 27f92722 using client API
00052 Lustre: MGS: non-config logname received: 27f92722
00052 Lustre: 2175:0:(llog_test.c:910:llog_test_6()) 6b: process log 27f92722 using client API
00052 Lustre: 2175:0:(llog_test.c:914:llog_test_6()) 6b: processed 63962 records
00052 Lustre: 2175:0:(llog_test.c:921:llog_test_6()) 6c: process log 27f92722 reversely using client API
00052 Lustre: 2175:0:(llog_test.c:925:llog_test_6()) 6c: processed 63962 records
00052 Lustre: 2175:0:(llog_test.c:1073:llog_test_7()) 7a: test llog_logid_rec
00052 ------------[ cut here ]------------
00052 WARNING: /home/ktest/git/linux/include/linux/fs.h:889 at osd_create+0x9cf/0xcf0 [osd_wbcfs], CPU#15: lctl/2175
00052 Modules linked in: llog_test(O) mgs(O) osd_wbcfs(O) lustre(O) obdecho(O) mgc(O) mdc(O) lov(O) osc(O) lmv(O) ec(O) fid(O) fld(O) ptlrpc(O) efivarfs obdclass(O) ksocklnd(O) lnet(O) libcfs(O)
00052 CPU: 15 UID: 0 PID: 2175 Comm: lctl Tainted: G        W  O        7.0.0-ktest-a0e6133-6330a45-20260727-dirty #1 PREEMPT 
00052 Tainted: [W]=WARN, [O]=OOT_MODULE
00052 Hardware name: QEMU Standard PC (Q35 + ICH9, 2009), BIOS 2025.11-3ubuntu7 03/31/2026
00052 RIP: 0010:osd_create+0x9cf/0xcf0 [osd_wbcfs]
00052 Code: c7 c7 00 c6 7b a1 48 c7 c6 a0 42 7d a1 48 c7 c2 00 4c 7d a1 e8 82 dd 43 ff 48 c7 c7 00 c6 7b a1 e8 f6 6a 44 ff e9 fe fc ff ff <0f> 0b e9 a5 fa ff ff 48 c7 c1 80 44 5d a0 80 e1 07 80 c1 03 38 c1
00052 RSP: 0018:ffffc900023e76f8 EFLAGS: 00010246
00052 RAX: 0000000000000000 RBX: ffff88813f6f7400 RCX: 0000000000000046
00052 RDX: 0000000000000000 RSI: ffff88814c8e7b68 RDI: ffff88811cb02a58
00052 RBP: ffff88814c8e7ad8 R08: ffffffff83a16803 R09: 1ffffffff0742d00
00052 R10: dffffc0000000000 R11: fffffbfff0742d01 R12: ffff88814ffd4400
00052 R13: dffffc0000000000 R14: 1ffff11027edee80 R15: 1ffff11029ffa88f
00052 FS:  00007fc510c18940(0000) GS:ffff88831ebad000(0000) knlGS:0000000000000000
00052 CS:  0010 DS: 0000 ES: 0000 CR0: 0000000080050033
00052 CR2: 0000555b63f78b40 CR3: 000000019a310000 CR4: 0000000000750eb0
00052 PKRU: 55555554
00052 Call Trace:
00052  <TASK>
00052  ? local_object_create+0x109/0x640 [obdclass]
00052  ? dt_write_lock+0x16d/0x2a0 [obdclass]
00052  ? llog_osd_create+0x356/0x1140 [obdclass]
00052  ? llog_create+0x2ed/0x530 [obdclass]
00052  ? llog_open_create+0x5af/0xb10 [obdclass]
00052  ? llog_test_7_sub+0xea/0x1250 [llog_test]
00052  ? llog_test_7+0x242/0xf50 [llog_test]
00052  ? llog_run_tests+0x3614/0x5ac0 [llog_test]
00052  ? get_random_u32+0x51/0x470
00052  ? llog_test_device_init+0x503/0x840 [llog_test]
00052  ? obd_setup+0x559/0x960 [obdclass]
00052  ? class_setup+0xc7d/0x10e0 [obdclass]
00052  ? class_process_config+0x2edb/0x7cb0 [obdclass]
00052  ? class_handle_ioctl+0x2055/0x3590 [obdclass]
00052  ? obd_class_ioctl+0x1f6/0x3c0 [obdclass]
00052  ? __x64_sys_ioctl+0x961/0xe00
00052  ? _copy_to_user+0x3d/0x60
00052  ? __x64_sys_rt_sigaction+0x107/0x140
00052  ? do_syscall_64+0xc1/0x350
00052  ? entry_SYSCALL_64_after_hwframe+0x4b/0x53
00052  </TASK>
00052 ---[ end trace 0000000000000000 ]---
00057 Lustre: 2175:0:(llog_test.c:1084:llog_test_7()) 7b: test llog_unlink64_rec
00057 ------------[ cut here ]------------
00057 WARNING: /home/ktest/git/linux/include/linux/fs.h:889 at osd_create+0x9cf/0xcf0 [osd_wbcfs], CPU#15: lctl/2175
00057 Modules linked in: llog_test(O) mgs(O) osd_wbcfs(O) lustre(O) obdecho(O) mgc(O) mdc(O) lov(O) osc(O) lmv(O) ec(O) fid(O) fld(O) ptlrpc(O) efivarfs obdclass(O) ksocklnd(O) lnet(O) libcfs(O)
00057 CPU: 15 UID: 0 PID: 2175 Comm: lctl Tainted: G        W  O        7.0.0-ktest-a0e6133-6330a45-20260727-dirty #1 PREEMPT 
00057 Tainted: [W]=WARN, [O]=OOT_MODULE
00057 Hardware name: QEMU Standard PC (Q35 + ICH9, 2009), BIOS 2025.11-3ubuntu7 03/31/2026
00057 RIP: 0010:osd_create+0x9cf/0xcf0 [osd_wbcfs]
00057 Code: c7 c7 00 c6 7b a1 48 c7 c6 a0 42 7d a1 48 c7 c2 00 4c 7d a1 e8 82 dd 43 ff 48 c7 c7 00 c6 7b a1 e8 f6 6a 44 ff e9 fe fc ff ff <0f> 0b e9 a5 fa ff ff 48 c7 c1 80 44 5d a0 80 e1 07 80 c1 03 38 c1
00057 RSP: 0018:ffffc900023e76f8 EFLAGS: 00010246
00057 RAX: 0000000000000000 RBX: ffff88813806f000 RCX: 0000000000000046
00057 RDX: 0000000000000000 RSI: ffff88814c8e7450 RDI: ffff88811cb02a58
00057 RBP: ffff88814c8e73c0 R08: ffffffff83a16803 R09: 1ffffffff0742d00
00057 R10: dffffc0000000000 R11: fffffbfff0742d01 R12: ffff88814ffd4400
00057 R13: dffffc0000000000 R14: 1ffff1102700de00 R15: 1ffff11029ffa88f
00057 FS:  00007fc510c18940(0000) GS:ffff88831ebad000(0000) knlGS:0000000000000000
00057 CS:  0010 DS: 0000 ES: 0000 CR0: 0000000080050033
00057 CR2: 0000555b63f78b40 CR3: 000000019a310000 CR4: 0000000000750eb0
00057 PKRU: 55555554
00057 Call Trace:
00057  <TASK>
00057  ? local_object_create+0x109/0x640 [obdclass]
00057  ? dt_write_lock+0x16d/0x2a0 [obdclass]
00057  ? llog_osd_create+0x356/0x1140 [obdclass]
00057  ? llog_create+0x2ed/0x530 [obdclass]
00057  ? llog_open_create+0x5af/0xb10 [obdclass]
00057  ? llog_test_7_sub+0xea/0x1250 [llog_test]
00057  ? llog_test_7+0x373/0xf50 [llog_test]
00057  ? llog_run_tests+0x3614/0x5ac0 [llog_test]
00057  ? get_random_u32+0x51/0x470
00057  ? llog_test_device_init+0x503/0x840 [llog_test]
00057  ? obd_setup+0x559/0x960 [obdclass]
00057  ? class_setup+0xc7d/0x10e0 [obdclass]
00057  ? class_process_config+0x2edb/0x7cb0 [obdclass]
00057  ? class_handle_ioctl+0x2055/0x3590 [obdclass]
00057  ? obd_class_ioctl+0x1f6/0x3c0 [obdclass]
00057  ? __x64_sys_ioctl+0x961/0xe00
00057  ? _copy_to_user+0x3d/0x60
00057  ? __x64_sys_rt_sigaction+0x107/0x140
00057  ? do_syscall_64+0xc1/0x350
00057  ? entry_SYSCALL_64_after_hwframe+0x4b/0x53
00057  </TASK>
00057 ---[ end trace 0000000000000000 ]---
00063 Lustre: 2175:0:(llog_test.c:1095:llog_test_7()) 7c: test llog_setattr64_rec
00063 ------------[ cut here ]------------
00063 WARNING: /home/ktest/git/linux/include/linux/fs.h:889 at osd_create+0x9cf/0xcf0 [osd_wbcfs], CPU#15: lctl/2175
00063 Modules linked in: llog_test(O) mgs(O) osd_wbcfs(O) lustre(O) obdecho(O) mgc(O) mdc(O) lov(O) osc(O) lmv(O) ec(O) fid(O) fld(O) ptlrpc(O) efivarfs obdclass(O) ksocklnd(O) lnet(O) libcfs(O)
00063 CPU: 15 UID: 0 PID: 2175 Comm: lctl Tainted: G        W  O        7.0.0-ktest-a0e6133-6330a45-20260727-dirty #1 PREEMPT 
00063 Tainted: [W]=WARN, [O]=OOT_MODULE
00063 Hardware name: QEMU Standard PC (Q35 + ICH9, 2009), BIOS 2025.11-3ubuntu7 03/31/2026
00063 RIP: 0010:osd_create+0x9cf/0xcf0 [osd_wbcfs]
00063 Code: c7 c7 00 c6 7b a1 48 c7 c6 a0 42 7d a1 48 c7 c2 00 4c 7d a1 e8 82 dd 43 ff 48 c7 c7 00 c6 7b a1 e8 f6 6a 44 ff e9 fe fc ff ff <0f> 0b e9 a5 fa ff ff 48 c7 c1 80 44 5d a0 80 e1 07 80 c1 03 38 c1
00063 RSP: 0018:ffffc900023e76f8 EFLAGS: 00010246
00063 RAX: 0000000000000000 RBX: ffff88813f727c00 RCX: 0000000000000046
00063 RDX: 0000000000000000 RSI: ffff88814c8e6d38 RDI: ffff88811cb02a58
00063 RBP: ffff88814c8e6ca8 R08: ffffffff83a16803 R09: 1ffffffff0742d00
00063 R10: dffffc0000000000 R11: fffffbfff0742d01 R12: ffff88814ffd4400
00063 R13: dffffc0000000000 R14: 1ffff11027ee4f80 R15: 1ffff11029ffa88f
00063 FS:  00007fc510c18940(0000) GS:ffff88831ebad000(0000) knlGS:0000000000000000
00063 CS:  0010 DS: 0000 ES: 0000 CR0: 0000000080050033
00063 CR2: 0000555b63f78b40 CR3: 000000019a310000 CR4: 0000000000750eb0
00063 PKRU: 55555554
00063 Call Trace:
00063  <TASK>
00063  ? local_object_create+0x109/0x640 [obdclass]
00063  ? dt_write_lock+0x16d/0x2a0 [obdclass]
00063  ? llog_osd_create+0x356/0x1140 [obdclass]
00063  ? llog_create+0x2ed/0x530 [obdclass]
00063  ? llog_open_create+0x5af/0xb10 [obdclass]
00063  ? llog_test_7_sub+0xea/0x1250 [llog_test]
00063  ? llog_test_7+0x4a4/0xf50 [llog_test]
00063  ? llog_run_tests+0x3614/0x5ac0 [llog_test]
00063  ? get_random_u32+0x51/0x470
00063  ? llog_test_device_init+0x503/0x840 [llog_test]
00063  ? obd_setup+0x559/0x960 [obdclass]
00063  ? class_setup+0xc7d/0x10e0 [obdclass]
00063  ? class_process_config+0x2edb/0x7cb0 [obdclass]
00063  ? class_handle_ioctl+0x2055/0x3590 [obdclass]
00063  ? obd_class_ioctl+0x1f6/0x3c0 [obdclass]
00063  ? __x64_sys_ioctl+0x961/0xe00
00063  ? _copy_to_user+0x3d/0x60
00063  ? __x64_sys_rt_sigaction+0x107/0x140
00063  ? do_syscall_64+0xc1/0x350
00063  ? entry_SYSCALL_64_after_hwframe+0x4b/0x53
00063  </TASK>
00063 ---[ end trace 0000000000000000 ]---
00069 Lustre: 2175:0:(llog_test.c:1106:llog_test_7()) 7d: test llog_size_change_rec
00069 ------------[ cut here ]------------
00069 WARNING: /home/ktest/git/linux/include/linux/fs.h:889 at osd_create+0x9cf/0xcf0 [osd_wbcfs], CPU#15: lctl/2175
00069 Modules linked in: llog_test(O) mgs(O) osd_wbcfs(O) lustre(O) obdecho(O) mgc(O) mdc(O) lov(O) osc(O) lmv(O) ec(O) fid(O) fld(O) ptlrpc(O) efivarfs obdclass(O) ksocklnd(O) lnet(O) libcfs(O)
00069 CPU: 15 UID: 0 PID: 2175 Comm: lctl Tainted: G        W  O        7.0.0-ktest-a0e6133-6330a45-20260727-dirty #1 PREEMPT 
00069 Tainted: [W]=WARN, [O]=OOT_MODULE
00069 Hardware name: QEMU Standard PC (Q35 + ICH9, 2009), BIOS 2025.11-3ubuntu7 03/31/2026
00069 RIP: 0010:osd_create+0x9cf/0xcf0 [osd_wbcfs]
00069 Code: c7 c7 00 c6 7b a1 48 c7 c6 a0 42 7d a1 48 c7 c2 00 4c 7d a1 e8 82 dd 43 ff 48 c7 c7 00 c6 7b a1 e8 f6 6a 44 ff e9 fe fc ff ff <0f> 0b e9 a5 fa ff ff 48 c7 c1 80 44 5d a0 80 e1 07 80 c1 03 38 c1
00069 RSP: 0018:ffffc900023e76f8 EFLAGS: 00010246
00069 RAX: 0000000000000000 RBX: ffff88811fe87400 RCX: 0000000000000046
00069 RDX: 0000000000000000 RSI: ffff88814c8e6620 RDI: ffff88811cb02a58
00069 RBP: ffff88814c8e6590 R08: ffffffff83a16803 R09: 1ffffffff0742d00
00069 R10: dffffc0000000000 R11: fffffbfff0742d01 R12: ffff88814ffd4400
00069 R13: dffffc0000000000 R14: 1ffff11023fd0e80 R15: 1ffff11029ffa88f
00069 FS:  00007fc510c18940(0000) GS:ffff88831ebad000(0000) knlGS:0000000000000000
00069 CS:  0010 DS: 0000 ES: 0000 CR0: 0000000080050033
00069 CR2: 0000555b63f78b40 CR3: 000000019a310000 CR4: 0000000000750eb0
00069 PKRU: 55555554
00069 Call Trace:
00069  <TASK>
00069  ? local_object_create+0x109/0x640 [obdclass]
00069  ? dt_write_lock+0x16d/0x2a0 [obdclass]
00069  ? llog_osd_create+0x356/0x1140 [obdclass]
00069  ? llog_create+0x2ed/0x530 [obdclass]
00069  ? llog_open_create+0x5af/0xb10 [obdclass]
00069  ? llog_test_7_sub+0xea/0x1250 [llog_test]
00069  ? llog_test_7+0x5d5/0xf50 [llog_test]
00069  ? llog_run_tests+0x3614/0x5ac0 [llog_test]
00069  ? get_random_u32+0x51/0x470
00069  ? llog_test_device_init+0x503/0x840 [llog_test]
00069  ? obd_setup+0x559/0x960 [obdclass]
00069  ? class_setup+0xc7d/0x10e0 [obdclass]
00069  ? class_process_config+0x2edb/0x7cb0 [obdclass]
00069  ? class_handle_ioctl+0x2055/0x3590 [obdclass]
00069  ? obd_class_ioctl+0x1f6/0x3c0 [obdclass]
00069  ? __x64_sys_ioctl+0x961/0xe00
00069  ? _copy_to_user+0x3d/0x60
00069  ? __x64_sys_rt_sigaction+0x107/0x140
00069  ? do_syscall_64+0xc1/0x350
00069  ? entry_SYSCALL_64_after_hwframe+0x4b/0x53
00069  </TASK>
00069 ---[ end trace 0000000000000000 ]---
00082 Lustre: 2175:0:(llog_test.c:1024:llog_test_7_sub()) 7_sub: records are not aligned, written 64071 from 64767
00084 Lustre: 2175:0:(llog_test.c:1129:llog_test_7()) 7f: test llog_changelog_user_rec2
00084 ------------[ cut here ]------------
00084 WARNING: /home/ktest/git/linux/include/linux/fs.h:889 at osd_create+0x9cf/0xcf0 [osd_wbcfs], CPU#15: lctl/2175
00084 Modules linked in: llog_test(O) mgs(O) osd_wbcfs(O) lustre(O) obdecho(O) mgc(O) mdc(O) lov(O) osc(O) lmv(O) ec(O) fid(O) fld(O) ptlrpc(O) efivarfs obdclass(O) ksocklnd(O) lnet(O) libcfs(O)
00084 CPU: 15 UID: 0 PID: 2175 Comm: lctl Tainted: G        W  O        7.0.0-ktest-a0e6133-6330a45-20260727-dirty #1 PREEMPT 
00084 Tainted: [W]=WARN, [O]=OOT_MODULE
00084 Hardware name: QEMU Standard PC (Q35 + ICH9, 2009), BIOS 2025.11-3ubuntu7 03/31/2026
00084 RIP: 0010:osd_create+0x9cf/0xcf0 [osd_wbcfs]
00084 Code: c7 c7 00 c6 7b a1 48 c7 c6 a0 42 7d a1 48 c7 c2 00 4c 7d a1 e8 82 dd 43 ff 48 c7 c7 00 c6 7b a1 e8 f6 6a 44 ff e9 fe fc ff ff <0f> 0b e9 a5 fa ff ff 48 c7 c1 80 44 5d a0 80 e1 07 80 c1 03 38 c1
00084 RSP: 0018:ffffc900023e76f8 EFLAGS: 00010246
00084 RAX: 0000000000000000 RBX: ffff88819b14e400 RCX: 0000000000000046
00084 RDX: 0000000000000000 RSI: ffff88814c8e57f0 RDI: ffff88811cb02a58
00084 RBP: ffff88814c8e5760 R08: ffffffff83a16803 R09: 1ffffffff0742d00
00084 R10: dffffc0000000000 R11: fffffbfff0742d01 R12: ffff88814ffd4400
00084 R13: dffffc0000000000 R14: 1ffff11033629c80 R15: 1ffff11029ffa88f
00084 FS:  00007fc510c18940(0000) GS:ffff88831ebad000(0000) knlGS:0000000000000000
00084 CS:  0010 DS: 0000 ES: 0000 CR0: 0000000080050033
00084 CR2: 0000555b63f78b40 CR3: 000000019a310000 CR4: 0000000000750eb0
00084 PKRU: 55555554
00084 Call Trace:
00084  <TASK>
00084  ? local_object_create+0x109/0x640 [obdclass]
00084  ? dt_write_lock+0x16d/0x2a0 [obdclass]
00084  ? llog_osd_create+0x356/0x1140 [obdclass]
00084  ? llog_create+0x2ed/0x530 [obdclass]
00084  ? llog_open_create+0x5af/0xb10 [obdclass]
00084  ? llog_test_7_sub+0xea/0x1250 [llog_test]
00084  ? llog_test_7+0x837/0xf50 [llog_test]
00084  ? llog_run_tests+0x3614/0x5ac0 [llog_test]
00084  ? get_random_u32+0x51/0x470
00084  ? llog_test_device_init+0x503/0x840 [llog_test]
00084  ? obd_setup+0x559/0x960 [obdclass]
00084  ? class_setup+0xc7d/0x10e0 [obdclass]
00084  ? class_process_config+0x2edb/0x7cb0 [obdclass]
00084  ? class_handle_ioctl+0x2055/0x3590 [obdclass]
00084  ? obd_class_ioctl+0x1f6/0x3c0 [obdclass]
00084  ? __x64_sys_ioctl+0x961/0xe00
00084  ? _copy_to_user+0x3d/0x60
00084  ? __x64_sys_rt_sigaction+0x107/0x140
00084  ? do_syscall_64+0xc1/0x350
00084  ? entry_SYSCALL_64_after_hwframe+0x4b/0x53
00084  </TASK>
00084 ---[ end trace 0000000000000000 ]---
00089 Lustre: 2175:0:(llog_test.c:1024:llog_test_7_sub()) 7_sub: records are not aligned, written 64139 from 64767
00091 Lustre: 2175:0:(llog_test.c:1140:llog_test_7()) 7g: test llog_gen_rec
00091 ------------[ cut here ]------------
00091 WARNING: /home/ktest/git/linux/include/linux/fs.h:889 at osd_create+0x9cf/0xcf0 [osd_wbcfs], CPU#15: lctl/2175
00091 Modules linked in: llog_test(O) mgs(O) osd_wbcfs(O) lustre(O) obdecho(O) mgc(O) mdc(O) lov(O) osc(O) lmv(O) ec(O) fid(O) fld(O) ptlrpc(O) efivarfs obdclass(O) ksocklnd(O) lnet(O) libcfs(O)
00091 CPU: 15 UID: 0 PID: 2175 Comm: lctl Tainted: G        W  O        7.0.0-ktest-a0e6133-6330a45-20260727-dirty #1 PREEMPT 
00091 Tainted: [W]=WARN, [O]=OOT_MODULE
00091 Hardware name: QEMU Standard PC (Q35 + ICH9, 2009), BIOS 2025.11-3ubuntu7 03/31/2026
00091 RIP: 0010:osd_create+0x9cf/0xcf0 [osd_wbcfs]
00091 Code: c7 c7 00 c6 7b a1 48 c7 c6 a0 42 7d a1 48 c7 c2 00 4c 7d a1 e8 82 dd 43 ff 48 c7 c7 00 c6 7b a1 e8 f6 6a 44 ff e9 fe fc ff ff <0f> 0b e9 a5 fa ff ff 48 c7 c1 80 44 5d a0 80 e1 07 80 c1 03 38 c1
00091 RSP: 0018:ffffc900023e76f8 EFLAGS: 00010246
00091 RAX: 0000000000000000 RBX: ffff88819c3eb800 RCX: 0000000000000046
00091 RDX: 0000000000000000 RSI: ffff8881983a7b68 RDI: ffff88811cb02a58
00091 RBP: ffff8881983a7ad8 R08: ffffffff83a16803 R09: 1ffffffff0742d00
00091 R10: dffffc0000000000 R11: fffffbfff0742d01 R12: ffff88814ffd4400
00091 R13: dffffc0000000000 R14: 1ffff1103387d700 R15: 1ffff11029ffa88f
00091 FS:  00007fc510c18940(0000) GS:ffff88831ebad000(0000) knlGS:0000000000000000
00091 CS:  0010 DS: 0000 ES: 0000 CR0: 0000000080050033
00091 CR2: 0000555b63f78b40 CR3: 000000019a310000 CR4: 0000000000750eb0
00091 PKRU: 55555554
00091 Call Trace:
00091  <TASK>
00091  ? local_object_create+0x109/0x640 [obdclass]
00091  ? dt_write_lock+0x16d/0x2a0 [obdclass]
00091  ? llog_osd_create+0x356/0x1140 [obdclass]
00091  ? llog_create+0x2ed/0x530 [obdclass]
00091  ? llog_open_create+0x5af/0xb10 [obdclass]
00091  ? llog_test_7_sub+0xea/0x1250 [llog_test]
00091  ? llog_test_7+0x968/0xf50 [llog_test]
00091  ? llog_run_tests+0x3614/0x5ac0 [llog_test]
00091  ? get_random_u32+0x51/0x470
00091  ? llog_test_device_init+0x503/0x840 [llog_test]
00091  ? obd_setup+0x559/0x960 [obdclass]
00091  ? class_setup+0xc7d/0x10e0 [obdclass]
00091  ? class_process_config+0x2edb/0x7cb0 [obdclass]
00091  ? class_handle_ioctl+0x2055/0x3590 [obdclass]
00091  ? obd_class_ioctl+0x1f6/0x3c0 [obdclass]
00091  ? __x64_sys_ioctl+0x961/0xe00
00091  ? _copy_to_user+0x3d/0x60
00091  ? __x64_sys_rt_sigaction+0x107/0x140
00091  ? do_syscall_64+0xc1/0x350
00091  ? entry_SYSCALL_64_after_hwframe+0x4b/0x53
00091  </TASK>
00091 ---[ end trace 0000000000000000 ]---
00096 Lustre: 2175:0:(llog_test.c:1151:llog_test_7()) 7h: test llog_setattr64_rec_v2
00096 ------------[ cut here ]------------
00096 WARNING: /home/ktest/git/linux/include/linux/fs.h:889 at osd_create+0x9cf/0xcf0 [osd_wbcfs], CPU#15: lctl/2175
00096 Modules linked in: llog_test(O) mgs(O) osd_wbcfs(O) lustre(O) obdecho(O) mgc(O) mdc(O) lov(O) osc(O) lmv(O) ec(O) fid(O) fld(O) ptlrpc(O) efivarfs obdclass(O) ksocklnd(O) lnet(O) libcfs(O)
00096 CPU: 15 UID: 0 PID: 2175 Comm: lctl Tainted: G        W  O        7.0.0-ktest-a0e6133-6330a45-20260727-dirty #1 PREEMPT 
00096 Tainted: [W]=WARN, [O]=OOT_MODULE
00096 Hardware name: QEMU Standard PC (Q35 + ICH9, 2009), BIOS 2025.11-3ubuntu7 03/31/2026
00096 RIP: 0010:osd_create+0x9cf/0xcf0 [osd_wbcfs]
00096 Code: c7 c7 00 c6 7b a1 48 c7 c6 a0 42 7d a1 48 c7 c2 00 4c 7d a1 e8 82 dd 43 ff 48 c7 c7 00 c6 7b a1 e8 f6 6a 44 ff e9 fe fc ff ff <0f> 0b e9 a5 fa ff ff 48 c7 c1 80 44 5d a0 80 e1 07 80 c1 03 38 c1
00096 RSP: 0018:ffffc900023e76f8 EFLAGS: 00010246
00096 RAX: 0000000000000000 RBX: ffff888120df6000 RCX: 0000000000000046
00096 RDX: 0000000000000000 RSI: ffff8881983a7450 RDI: ffff88811cb02a58
00096 RBP: ffff8881983a73c0 R08: ffffffff83a16803 R09: 1ffffffff0742d00
00096 R10: dffffc0000000000 R11: fffffbfff0742d01 R12: ffff88814ffd4400
00096 R13: dffffc0000000000 R14: 1ffff110241bec00 R15: 1ffff11029ffa88f
00096 FS:  00007fc510c18940(0000) GS:ffff88831ebad000(0000) knlGS:0000000000000000
00096 CS:  0010 DS: 0000 ES: 0000 CR0: 0000000080050033
00096 CR2: 0000555b63f78b40 CR3: 000000019a310000 CR4: 0000000000750eb0
00096 PKRU: 55555554
00096 Call Trace:
00096  <TASK>
00096  ? local_object_create+0x109/0x640 [obdclass]
00096  ? dt_write_lock+0x16d/0x2a0 [obdclass]
00096  ? llog_osd_create+0x356/0x1140 [obdclass]
00096  ? llog_create+0x2ed/0x530 [obdclass]
00096  ? llog_open_create+0x5af/0xb10 [obdclass]
00096  ? llog_test_7_sub+0xea/0x1250 [llog_test]
00096  ? llog_test_7+0xa99/0xf50 [llog_test]
00096  ? llog_run_tests+0x3614/0x5ac0 [llog_test]
00096  ? get_random_u32+0x51/0x470
00096  ? llog_test_device_init+0x503/0x840 [llog_test]
00096  ? obd_setup+0x559/0x960 [obdclass]
00096  ? class_setup+0xc7d/0x10e0 [obdclass]
00096  ? class_process_config+0x2edb/0x7cb0 [obdclass]
00096  ? class_handle_ioctl+0x2055/0x3590 [obdclass]
00096  ? obd_class_ioctl+0x1f6/0x3c0 [obdclass]
00096  ? __x64_sys_ioctl+0x961/0xe00
00096  ? _copy_to_user+0x3d/0x60
00096  ? __x64_sys_rt_sigaction+0x107/0x140
00096  ? do_syscall_64+0xc1/0x350
00096  ? entry_SYSCALL_64_after_hwframe+0x4b/0x53
00096  </TASK>
00096 ---[ end trace 0000000000000000 ]---
00100 Lustre: 2175:0:(llog_test.c:1024:llog_test_7_sub()) 7_sub: records are not aligned, written 64071 from 64767
00101 Lustre: 2175:0:(llog_test.c:1261:llog_test_8()) 8a: fill the first plain llog
00101 ------------[ cut here ]------------
00101 WARNING: /home/ktest/git/linux/include/linux/fs.h:889 at osd_create+0x9cf/0xcf0 [osd_wbcfs], CPU#15: lctl/2175
00101 Modules linked in: llog_test(O) mgs(O) osd_wbcfs(O) lustre(O) obdecho(O) mgc(O) mdc(O) lov(O) osc(O) lmv(O) ec(O) fid(O) fld(O) ptlrpc(O) efivarfs obdclass(O) ksocklnd(O) lnet(O) libcfs(O)
00101 CPU: 15 UID: 0 PID: 2175 Comm: lctl Tainted: G        W  O        7.0.0-ktest-a0e6133-6330a45-20260727-dirty #1 PREEMPT 
00101 Tainted: [W]=WARN, [O]=OOT_MODULE
00101 Hardware name: QEMU Standard PC (Q35 + ICH9, 2009), BIOS 2025.11-3ubuntu7 03/31/2026
00101 RIP: 0010:osd_create+0x9cf/0xcf0 [osd_wbcfs]
00101 Code: c7 c7 00 c6 7b a1 48 c7 c6 a0 42 7d a1 48 c7 c2 00 4c 7d a1 e8 82 dd 43 ff 48 c7 c7 00 c6 7b a1 e8 f6 6a 44 ff e9 fe fc ff ff <0f> 0b e9 a5 fa ff ff 48 c7 c1 80 44 5d a0 80 e1 07 80 c1 03 38 c1
00101 RSP: 0018:ffffc900023e74c8 EFLAGS: 00010246
00101 RAX: 0000000000000000 RBX: ffff88813dde9000 RCX: 0000000000000046
00101 RDX: 0000000000000000 RSI: ffff8881983a6d38 RDI: ffff88811cb02a80
00101 RBP: ffff8881983a6ca8 R08: ffffffff83a16803 R09: 1ffffffff0742d00
00101 R10: dffffc0000000000 R11: fffffbfff0742d01 R12: ffff88814ffd4400
00101 R13: dffffc0000000000 R14: 1ffff11027bbd200 R15: 1ffff11029ffa88f
00101 FS:  00007fc510c18940(0000) GS:ffff88831ebad000(0000) knlGS:0000000000000000
00101 CS:  0010 DS: 0000 ES: 0000 CR0: 0000000080050033
00101 CR2: 0000555b63f78b40 CR3: 000000019a310000 CR4: 0000000000750eb0
00101 PKRU: 55555554
00101 Call Trace:
00101  <TASK>
00101  ? local_object_create+0x109/0x640 [obdclass]
00101  ? dt_write_lock+0x16d/0x2a0 [obdclass]
00101  ? llog_osd_create+0x356/0x1140 [obdclass]
00101  ? llog_create+0x2ed/0x530 [obdclass]
00101  ? llog_cat_new_log+0x6c3/0x2bf0 [obdclass]
00101  ? llog_cat_add_rec+0x6ba/0x1960 [obdclass]
00101  ? llog_cat_add+0x451/0x890 [obdclass]
00101  ? llog_test_8+0x567/0x1c20 [llog_test]
00101  ? do_raw_spin_unlock+0x52/0x230
00101  ? _raw_spin_unlock+0x23/0x40
00101  ? __llog_ctxt_put+0x1c4/0x2f0 [obdclass]
00101  ? llog_run_tests+0x39a2/0x5ac0 [llog_test]
00101  ? get_random_u32+0x51/0x470
00101  ? llog_test_device_init+0x503/0x840 [llog_test]
00101  ? obd_setup+0x559/0x960 [obdclass]
00101  ? class_setup+0xc7d/0x10e0 [obdclass]
00101  ? class_process_config+0x2edb/0x7cb0 [obdclass]
00101  ? class_handle_ioctl+0x2055/0x3590 [obdclass]
00101  ? obd_class_ioctl+0x1f6/0x3c0 [obdclass]
00101  ? __x64_sys_ioctl+0x961/0xe00
00101  ? _copy_to_user+0x3d/0x60
00101  ? __x64_sys_rt_sigaction+0x107/0x140
00101  ? do_syscall_64+0xc1/0x350
00101  ? entry_SYSCALL_64_after_hwframe+0x4b/0x53
00101  </TASK>
00101 ---[ end trace 0000000000000000 ]---
00101 Lustre: 2175:0:(llog_test.c:1290:llog_test_8()) 8b: first llog [0x1:0x10:0x0]
00101 Lustre: 2175:0:(llog_test.c:1306:llog_test_8()) 8b: fill the second plain llog
00101 ------------[ cut here ]------------
00101 WARNING: /home/ktest/git/linux/include/linux/fs.h:889 at osd_create+0x9cf/0xcf0 [osd_wbcfs], CPU#15: lctl/2175
00101 Modules linked in: llog_test(O) mgs(O) osd_wbcfs(O) lustre(O) obdecho(O) mgc(O) mdc(O) lov(O) osc(O) lmv(O) ec(O) fid(O) fld(O) ptlrpc(O) efivarfs obdclass(O) ksocklnd(O) lnet(O) libcfs(O)
00101 CPU: 15 UID: 0 PID: 2175 Comm: lctl Tainted: G        W  O        7.0.0-ktest-a0e6133-6330a45-20260727-dirty #1 PREEMPT 
00101 Tainted: [W]=WARN, [O]=OOT_MODULE
00101 Hardware name: QEMU Standard PC (Q35 + ICH9, 2009), BIOS 2025.11-3ubuntu7 03/31/2026
00101 RIP: 0010:osd_create+0x9cf/0xcf0 [osd_wbcfs]
00101 Code: c7 c7 00 c6 7b a1 48 c7 c6 a0 42 7d a1 48 c7 c2 00 4c 7d a1 e8 82 dd 43 ff 48 c7 c7 00 c6 7b a1 e8 f6 6a 44 ff e9 fe fc ff ff <0f> 0b e9 a5 fa ff ff 48 c7 c1 80 44 5d a0 80 e1 07 80 c1 03 38 c1
00101 RSP: 0018:ffffc900023e74c8 EFLAGS: 00010246
00101 RAX: 0000000000000000 RBX: ffff88813dded800 RCX: 0000000000000046
00101 RDX: 0000000000000000 RSI: ffff8881983a6620 RDI: ffff88811cb02a80
00101 RBP: ffff8881983a6590 R08: ffffffff83a16803 R09: 1ffffffff0742d00
00101 R10: dffffc0000000000 R11: fffffbfff0742d01 R12: ffff88814ffd4400
00101 R13: dffffc0000000000 R14: 1ffff11027bbdb00 R15: 1ffff11029ffa88f
00101 FS:  00007fc510c18940(0000) GS:ffff88831ebad000(0000) knlGS:0000000000000000
00101 CS:  0010 DS: 0000 ES: 0000 CR0: 0000000080050033
00101 CR2: 0000555b63f78b40 CR3: 000000019a310000 CR4: 0000000000750eb0
00101 PKRU: 55555554
00101 Call Trace:
00101  <TASK>
00101  ? local_object_create+0x109/0x640 [obdclass]
00101  ? dt_write_lock+0x16d/0x2a0 [obdclass]
00101  ? llog_osd_create+0x356/0x1140 [obdclass]
00101  ? llog_create+0x2ed/0x530 [obdclass]
00101  ? llog_cat_new_log+0x6c3/0x2bf0 [obdclass]
00101  ? llog_cat_add_rec+0x6ba/0x1960 [obdclass]
00101  ? llog_cat_add+0x451/0x890 [obdclass]
00101  ? llog_test_8+0xd89/0x1c20 [llog_test]
00101  ? do_raw_spin_unlock+0x52/0x230
00101  ? _raw_spin_unlock+0x23/0x40
00101  ? __llog_ctxt_put+0x1c4/0x2f0 [obdclass]
00101  ? llog_run_tests+0x39a2/0x5ac0 [llog_test]
00101  ? get_random_u32+0x51/0x470
00101  ? llog_test_device_init+0x503/0x840 [llog_test]
00101  ? obd_setup+0x559/0x960 [obdclass]
00101  ? class_setup+0xc7d/0x10e0 [obdclass]
00101  ? class_process_config+0x2edb/0x7cb0 [obdclass]
00101  ? class_handle_ioctl+0x2055/0x3590 [obdclass]
00101  ? obd_class_ioctl+0x1f6/0x3c0 [obdclass]
00101  ? __x64_sys_ioctl+0x961/0xe00
00101  ? _copy_to_user+0x3d/0x60
00101  ? __x64_sys_rt_sigaction+0x107/0x140
00101  ? do_syscall_64+0xc1/0x350
00101  ? entry_SYSCALL_64_after_hwframe+0x4b/0x53
00101  </TASK>
00101 ---[ end trace 0000000000000000 ]---
00101 Lustre: 2175:0:(llog_test.c:1330:llog_test_8()) 8b: pin llog [0x1:0x12:0x0]
00101 Lustre: 2175:0:(llog_test.c:1333:llog_test_8()) 8b: clean first llog record in catalog
00101 Lustre: 2175:0:(llog_test.c:1344:llog_test_8()) 8c: corrupt first chunk in the middle
00101 Lustre: 2175:0:(llog_test.c:1347:llog_test_8()) 8c: corrupt second chunk at start
00101 Lustre: 2175:0:(llog_test.c:1350:llog_test_8()) 8d: count survived records
00101 Lustre: 2175:0:(llog_test.c:1380:llog_test_8()) 8d: close re-opened catalog
00101 Lustre: 2175:0:(llog_test.c:1441:llog_test_9()) 9a: test llog_logid_rec
00101 ------------[ cut here ]------------
00101 WARNING: /home/ktest/git/linux/include/linux/fs.h:889 at osd_create+0x9cf/0xcf0 [osd_wbcfs], CPU#15: lctl/2175
00101 Modules linked in: llog_test(O) mgs(O) osd_wbcfs(O) lustre(O) obdecho(O) mgc(O) mdc(O) lov(O) osc(O) lmv(O) ec(O) fid(O) fld(O) ptlrpc(O) efivarfs obdclass(O) ksocklnd(O) lnet(O) libcfs(O)
00101 CPU: 15 UID: 0 PID: 2175 Comm: lctl Tainted: G        W  O        7.0.0-ktest-a0e6133-6330a45-20260727-dirty #1 PREEMPT 
00101 Tainted: [W]=WARN, [O]=OOT_MODULE
00101 Hardware name: QEMU Standard PC (Q35 + ICH9, 2009), BIOS 2025.11-3ubuntu7 03/31/2026
00101 RIP: 0010:osd_create+0x9cf/0xcf0 [osd_wbcfs]
00101 Code: c7 c7 00 c6 7b a1 48 c7 c6 a0 42 7d a1 48 c7 c2 00 4c 7d a1 e8 82 dd 43 ff 48 c7 c7 00 c6 7b a1 e8 f6 6a 44 ff e9 fe fc ff ff <0f> 0b e9 a5 fa ff ff 48 c7 c1 80 44 5d a0 80 e1 07 80 c1 03 38 c1
00101 RSP: 0018:ffffc900023e7720 EFLAGS: 00010246
00101 RAX: 0000000000000000 RBX: ffff88813ddef400 RCX: 0000000000000046
00101 RDX: 0000000000000000 RSI: ffff8881983a5f08 RDI: ffff88811cb02a58
00101 RBP: ffff8881983a5e78 R08: ffffffff83a16803 R09: 1ffffffff0742d00
00101 R10: dffffc0000000000 R11: fffffbfff0742d01 R12: ffff88814ffd4400
00101 R13: dffffc0000000000 R14: 1ffff11027bbde80 R15: 1ffff11029ffa88f
00101 FS:  00007fc510c18940(0000) GS:ffff88831ebad000(0000) knlGS:0000000000000000
00101 CS:  0010 DS: 0000 ES: 0000 CR0: 0000000080050033
00101 CR2: 0000555b63f78b40 CR3: 000000019a310000 CR4: 0000000000750eb0
00101 PKRU: 55555554
00101 Call Trace:
00101  <TASK>
00101  ? local_object_create+0x109/0x640 [obdclass]
00101  ? dt_write_lock+0x16d/0x2a0 [obdclass]
00101  ? llog_osd_create+0x356/0x1140 [obdclass]
00101  ? llog_create+0x2ed/0x530 [obdclass]
00101  ? llog_open_create+0x5af/0xb10 [obdclass]
00101  ? llog_test_9_sub+0xd4/0x800 [llog_test]
00101  ? llog_test_9+0x242/0x960 [llog_test]
00101  ? llog_run_tests+0x3d64/0x5ac0 [llog_test]
00101  ? get_random_u32+0x51/0x470
00101  ? llog_test_device_init+0x503/0x840 [llog_test]
00101  ? obd_setup+0x559/0x960 [obdclass]
00101  ? class_setup+0xc7d/0x10e0 [obdclass]
00101  ? class_process_config+0x2edb/0x7cb0 [obdclass]
00101  ? class_handle_ioctl+0x2055/0x3590 [obdclass]
00101  ? obd_class_ioctl+0x1f6/0x3c0 [obdclass]
00101  ? __x64_sys_ioctl+0x961/0xe00
00101  ? _copy_to_user+0x3d/0x60
00101  ? __x64_sys_rt_sigaction+0x107/0x140
00101  ? do_syscall_64+0xc1/0x350
00101  ? entry_SYSCALL_64_after_hwframe+0x4b/0x53
00101  </TASK>
00101 ---[ end trace 0000000000000000 ]---
00101 Lustre: 2175:0:(llog_test.c:1425:llog_test_9_sub()) 9_sub: record type 1064553b in log 0x1:0x14:0x0
00101 Lustre: 2175:0:(llog_test.c:1452:llog_test_9()) 9b: test llog_obd_cfg_rec
00101 ------------[ cut here ]------------
00101 WARNING: /home/ktest/git/linux/include/linux/fs.h:889 at osd_create+0x9cf/0xcf0 [osd_wbcfs], CPU#15: lctl/2175
00101 Modules linked in: llog_test(O) mgs(O) osd_wbcfs(O) lustre(O) obdecho(O) mgc(O) mdc(O) lov(O) osc(O) lmv(O) ec(O) fid(O) fld(O) ptlrpc(O) efivarfs obdclass(O) ksocklnd(O) lnet(O) libcfs(O)
00101 CPU: 15 UID: 0 PID: 2175 Comm: lctl Tainted: G        W  O        7.0.0-ktest-a0e6133-6330a45-20260727-dirty #1 PREEMPT 
00101 Tainted: [W]=WARN, [O]=OOT_MODULE
00101 Hardware name: QEMU Standard PC (Q35 + ICH9, 2009), BIOS 2025.11-3ubuntu7 03/31/2026
00101 RIP: 0010:osd_create+0x9cf/0xcf0 [osd_wbcfs]
00101 Code: c7 c7 00 c6 7b a1 48 c7 c6 a0 42 7d a1 48 c7 c2 00 4c 7d a1 e8 82 dd 43 ff 48 c7 c7 00 c6 7b a1 e8 f6 6a 44 ff e9 fe fc ff ff <0f> 0b e9 a5 fa ff ff 48 c7 c1 80 44 5d a0 80 e1 07 80 c1 03 38 c1
00101 RSP: 0018:ffffc900023e7720 EFLAGS: 00010246
00101 RAX: 0000000000000000 RBX: ffff88813997c800 RCX: 0000000000000046
00101 RDX: 0000000000000000 RSI: ffff8881983a57f0 RDI: ffff88811cb02a58
00101 RBP: ffff8881983a5760 R08: ffffffff83a16803 R09: 1ffffffff0742d00
00101 R10: dffffc0000000000 R11: fffffbfff0742d01 R12: ffff88814ffd4400
00101 R13: dffffc0000000000 R14: 1ffff1102732f900 R15: 1ffff11029ffa88f
00101 FS:  00007fc510c18940(0000) GS:ffff88831ebad000(0000) knlGS:0000000000000000
00101 CS:  0010 DS: 0000 ES: 0000 CR0: 0000000080050033
00101 CR2: 0000555b63f78b40 CR3: 000000019a310000 CR4: 0000000000750eb0
00101 PKRU: 55555554
00101 Call Trace:
00101  <TASK>
00101  ? local_object_create+0x109/0x640 [obdclass]
00101  ? dt_write_lock+0x16d/0x2a0 [obdclass]
00101  ? llog_osd_create+0x356/0x1140 [obdclass]
00101  ? llog_create+0x2ed/0x530 [obdclass]
00101  ? llog_open_create+0x5af/0xb10 [obdclass]
00101  ? llog_test_9_sub+0xd4/0x800 [llog_test]
00101  ? llog_test_9+0x373/0x960 [llog_test]
00101  ? llog_run_tests+0x3d64/0x5ac0 [llog_test]
00101  ? get_random_u32+0x51/0x470
00101  ? llog_test_device_init+0x503/0x840 [llog_test]
00101  ? obd_setup+0x559/0x960 [obdclass]
00101  ? class_setup+0xc7d/0x10e0 [obdclass]
00101  ? class_process_config+0x2edb/0x7cb0 [obdclass]
00101  ? class_handle_ioctl+0x2055/0x3590 [obdclass]
00101  ? obd_class_ioctl+0x1f6/0x3c0 [obdclass]
00101  ? __x64_sys_ioctl+0x961/0xe00
00101  ? _copy_to_user+0x3d/0x60
00101  ? __x64_sys_rt_sigaction+0x107/0x140
00101  ? do_syscall_64+0xc1/0x350
00101  ? entry_SYSCALL_64_after_hwframe+0x4b/0x53
00101  </TASK>
00101 ---[ end trace 0000000000000000 ]---
00101 Lustre: 2175:0:(llog_test.c:1463:llog_test_9()) 9c: test llog_changelog_rec
00101 ------------[ cut here ]------------
00101 WARNING: /home/ktest/git/linux/include/linux/fs.h:889 at osd_create+0x9cf/0xcf0 [osd_wbcfs], CPU#15: lctl/2175
00101 Modules linked in: llog_test(O) mgs(O) osd_wbcfs(O) lustre(O) obdecho(O) mgc(O) mdc(O) lov(O) osc(O) lmv(O) ec(O) fid(O) fld(O) ptlrpc(O) efivarfs obdclass(O) ksocklnd(O) lnet(O) libcfs(O)
00101 CPU: 15 UID: 0 PID: 2175 Comm: lctl Tainted: G        W  O        7.0.0-ktest-a0e6133-6330a45-20260727-dirty #1 PREEMPT 
00101 Tainted: [W]=WARN, [O]=OOT_MODULE
00101 Hardware name: QEMU Standard PC (Q35 + ICH9, 2009), BIOS 2025.11-3ubuntu7 03/31/2026
00101 RIP: 0010:osd_create+0x9cf/0xcf0 [osd_wbcfs]
00101 Code: c7 c7 00 c6 7b a1 48 c7 c6 a0 42 7d a1 48 c7 c2 00 4c 7d a1 e8 82 dd 43 ff 48 c7 c7 00 c6 7b a1 e8 f6 6a 44 ff e9 fe fc ff ff <0f> 0b e9 a5 fa ff ff 48 c7 c1 80 44 5d a0 80 e1 07 80 c1 03 38 c1
00101 RSP: 0018:ffffc900023e7720 EFLAGS: 00010246
00101 RAX: 0000000000000000 RBX: ffff88813997c000 RCX: 0000000000000046
00101 RDX: 0000000000000000 RSI: ffff8881983a50d8 RDI: ffff88811cb02a58
00101 RBP: ffff8881983a5048 R08: ffffffff83a16803 R09: 1ffffffff0742d00
00101 R10: dffffc0000000000 R11: fffffbfff0742d01 R12: ffff88814ffd4400
00101 R13: dffffc0000000000 R14: 1ffff1102732f800 R15: 1ffff11029ffa88f
00101 FS:  00007fc510c18940(0000) GS:ffff88831ebad000(0000) knlGS:0000000000000000
00101 CS:  0010 DS: 0000 ES: 0000 CR0: 0000000080050033
00101 CR2: 0000555b63f78b40 CR3: 000000019a310000 CR4: 0000000000750eb0
00101 PKRU: 55555554
00101 Call Trace:
00101  <TASK>
00101  ? local_object_create+0x109/0x640 [obdclass]
00101  ? dt_write_lock+0x16d/0x2a0 [obdclass]
00101  ? llog_osd_create+0x356/0x1140 [obdclass]
00101  ? llog_create+0x2ed/0x530 [obdclass]
00101  ? llog_open_create+0x5af/0xb10 [obdclass]
00101  ? llog_test_9_sub+0xd4/0x800 [llog_test]
00101  ? llog_test_9+0x4a4/0x960 [llog_test]
00101  ? llog_run_tests+0x3d64/0x5ac0 [llog_test]
00101  ? get_random_u32+0x51/0x470
00101  ? llog_test_device_init+0x503/0x840 [llog_test]
00101  ? obd_setup+0x559/0x960 [obdclass]
00101  ? class_setup+0xc7d/0x10e0 [obdclass]
00101  ? class_process_config+0x2edb/0x7cb0 [obdclass]
00101  ? class_handle_ioctl+0x2055/0x3590 [obdclass]
00101  ? obd_class_ioctl+0x1f6/0x3c0 [obdclass]
00101  ? __x64_sys_ioctl+0x961/0xe00
00101  ? _copy_to_user+0x3d/0x60
00101  ? __x64_sys_rt_sigaction+0x107/0x140
00101  ? do_syscall_64+0xc1/0x350
00101  ? entry_SYSCALL_64_after_hwframe+0x4b/0x53
00101  </TASK>
00101 ---[ end trace 0000000000000000 ]---
00101 Lustre: 2175:0:(llog_test.c:1475:llog_test_9()) 9d: test llog_changelog_user_rec2
00101 ------------[ cut here ]------------
00101 WARNING: /home/ktest/git/linux/include/linux/fs.h:889 at osd_create+0x9cf/0xcf0 [osd_wbcfs], CPU#15: lctl/2175
00101 Modules linked in: llog_test(O) mgs(O) osd_wbcfs(O) lustre(O) obdecho(O) mgc(O) mdc(O) lov(O) osc(O) lmv(O) ec(O) fid(O) fld(O) ptlrpc(O) efivarfs obdclass(O) ksocklnd(O) lnet(O) libcfs(O)
00101 CPU: 15 UID: 0 PID: 2175 Comm: lctl Tainted: G        W  O        7.0.0-ktest-a0e6133-6330a45-20260727-dirty #1 PREEMPT 
00101 Tainted: [W]=WARN, [O]=OOT_MODULE
00101 Hardware name: QEMU Standard PC (Q35 + ICH9, 2009), BIOS 2025.11-3ubuntu7 03/31/2026
00101 RIP: 0010:osd_create+0x9cf/0xcf0 [osd_wbcfs]
00101 Code: c7 c7 00 c6 7b a1 48 c7 c6 a0 42 7d a1 48 c7 c2 00 4c 7d a1 e8 82 dd 43 ff 48 c7 c7 00 c6 7b a1 e8 f6 6a 44 ff e9 fe fc ff ff <0f> 0b e9 a5 fa ff ff 48 c7 c1 80 44 5d a0 80 e1 07 80 c1 03 38 c1
00101 RSP: 0018:ffffc900023e7720 EFLAGS: 00010246
00101 RAX: 0000000000000000 RBX: ffff88813997b800 RCX: 0000000000000046
00101 RDX: 0000000000000000 RSI: ffff8881983a49c0 RDI: ffff88811cb02a58
00101 RBP: ffff8881983a4930 R08: ffffffff83a16803 R09: 1ffffffff0742d00
00101 R10: dffffc0000000000 R11: fffffbfff0742d01 R12: ffff88814ffd4400
00101 R13: dffffc0000000000 R14: 1ffff1102732f700 R15: 1ffff11029ffa88f
00101 FS:  00007fc510c18940(0000) GS:ffff88831ebad000(0000) knlGS:0000000000000000
00101 CS:  0010 DS: 0000 ES: 0000 CR0: 0000000080050033
00101 CR2: 0000555b63f78b40 CR3: 000000019a310000 CR4: 0000000000750eb0
00101 PKRU: 55555554
00101 Call Trace:
00101  <TASK>
00101  ? local_object_create+0x109/0x640 [obdclass]
00101  ? dt_write_lock+0x16d/0x2a0 [obdclass]
00101  ? llog_osd_create+0x356/0x1140 [obdclass]
00101  ? llog_create+0x2ed/0x530 [obdclass]
00101  ? llog_open_create+0x5af/0xb10 [obdclass]
00101  ? llog_test_9_sub+0xd4/0x800 [llog_test]
00101  ? llog_test_9+0x5d5/0x960 [llog_test]
00101  ? llog_run_tests+0x3d64/0x5ac0 [llog_test]
00101  ? get_random_u32+0x51/0x470
00101  ? llog_test_device_init+0x503/0x840 [llog_test]
00101  ? obd_setup+0x559/0x960 [obdclass]
00101  ? class_setup+0xc7d/0x10e0 [obdclass]
00101  ? class_process_config+0x2edb/0x7cb0 [obdclass]
00101  ? class_handle_ioctl+0x2055/0x3590 [obdclass]
00101  ? obd_class_ioctl+0x1f6/0x3c0 [obdclass]
00101  ? __x64_sys_ioctl+0x961/0xe00
00101  ? _copy_to_user+0x3d/0x60
00101  ? __x64_sys_rt_sigaction+0x107/0x140
00101  ? do_syscall_64+0xc1/0x350
00101  ? entry_SYSCALL_64_after_hwframe+0x4b/0x53
00101  </TASK>
00101 ---[ end trace 0000000000000000 ]---
00101 Lustre: 2175:0:(llog_test.c:1576:llog_test_10()) 10a: create a catalog log with name: 27f92724
00101 ------------[ cut here ]------------
00101 WARNING: /home/ktest/git/linux/include/linux/fs.h:889 at osd_create+0x9cf/0xcf0 [osd_wbcfs], CPU#15: lctl/2175
00101 Modules linked in: llog_test(O) mgs(O) osd_wbcfs(O) lustre(O) obdecho(O) mgc(O) mdc(O) lov(O) osc(O) lmv(O) ec(O) fid(O) fld(O) ptlrpc(O) efivarfs obdclass(O) ksocklnd(O) lnet(O) libcfs(O)
00101 CPU: 15 UID: 0 PID: 2175 Comm: lctl Tainted: G        W  O        7.0.0-ktest-a0e6133-6330a45-20260727-dirty #1 PREEMPT 
00101 Tainted: [W]=WARN, [O]=OOT_MODULE
00101 Hardware name: QEMU Standard PC (Q35 + ICH9, 2009), BIOS 2025.11-3ubuntu7 03/31/2026
00101 RIP: 0010:osd_create+0x9cf/0xcf0 [osd_wbcfs]
00101 Code: c7 c7 00 c6 7b a1 48 c7 c6 a0 42 7d a1 48 c7 c2 00 4c 7d a1 e8 82 dd 43 ff 48 c7 c7 00 c6 7b a1 e8 f6 6a 44 ff e9 fe fc ff ff <0f> 0b e9 a5 fa ff ff 48 c7 c1 80 44 5d a0 80 e1 07 80 c1 03 38 c1
00101 RSP: 0018:ffffc900023e75d8 EFLAGS: 00010246
00101 RAX: 0000000000000000 RBX: ffff88813997b000 RCX: 0000000000000046
00101 RDX: 0000000000000000 RSI: ffff8881983a42a8 RDI: ffff88811cb02a58
00101 RBP: ffff8881983a4218 R08: ffffffff83a16803 R09: 1ffffffff0742d00
00101 R10: dffffc0000000000 R11: fffffbfff0742d01 R12: ffff88814ffd4400
00101 R13: dffffc0000000000 R14: 1ffff1102732f600 R15: 1ffff11029ffa88f
00101 FS:  00007fc510c18940(0000) GS:ffff88831ebad000(0000) knlGS:0000000000000000
00101 CS:  0010 DS: 0000 ES: 0000 CR0: 0000000080050033
00101 CR2: 0000555b63f78b40 CR3: 000000019a310000 CR4: 0000000000750eb0
00101 PKRU: 55555554
00101 Call Trace:
00101  <TASK>
00101  ? local_object_create+0x109/0x640 [obdclass]
00101  ? dt_write_lock+0x16d/0x2a0 [obdclass]
00101  ? llog_osd_create+0x356/0x1140 [obdclass]
00101  ? llog_create+0x2ed/0x530 [obdclass]
00101  ? llog_open_create+0x5af/0xb10 [obdclass]
00101  ? llog_test_10+0x2e1/0x5600 [llog_test]
00101  ? lu_object_put+0xa64/0x1210 [obdclass]
00101  ? do_raw_spin_unlock+0x52/0x230
00101  ? _raw_spin_unlock+0x23/0x40
00101  ? __llog_ctxt_put+0x1c4/0x2f0 [obdclass]
00101  ? llog_run_tests+0x3f45/0x5ac0 [llog_test]
00101  ? get_random_u32+0x51/0x470
00101  ? llog_test_device_init+0x503/0x840 [llog_test]
00101  ? obd_setup+0x559/0x960 [obdclass]
00101  ? class_setup+0xc7d/0x10e0 [obdclass]
00101  ? class_process_config+0x2edb/0x7cb0 [obdclass]
00101  ? class_handle_ioctl+0x2055/0x3590 [obdclass]
00101  ? obd_class_ioctl+0x1f6/0x3c0 [obdclass]
00101  ? __x64_sys_ioctl+0x961/0xe00
00101  ? _copy_to_user+0x3d/0x60
00101  ? __x64_sys_rt_sigaction+0x107/0x140
00101  ? do_syscall_64+0xc1/0x350
00101  ? entry_SYSCALL_64_after_hwframe+0x4b/0x53
00101  </TASK>
00101 ---[ end trace 0000000000000000 ]---
00101 Lustre: 2175:0:(llog_test.c:1608:llog_test_10()) 10b: write 64767 log records
00101 ------------[ cut here ]------------
00101 WARNING: /home/ktest/git/linux/include/linux/fs.h:889 at osd_create+0x9cf/0xcf0 [osd_wbcfs], CPU#15: lctl/2175
00101 Modules linked in: llog_test(O) mgs(O) osd_wbcfs(O) lustre(O) obdecho(O) mgc(O) mdc(O) lov(O) osc(O) lmv(O) ec(O) fid(O) fld(O) ptlrpc(O) efivarfs obdclass(O) ksocklnd(O) lnet(O) libcfs(O)
00101 CPU: 15 UID: 0 PID: 2175 Comm: lctl Tainted: G        W  O        7.0.0-ktest-a0e6133-6330a45-20260727-dirty #1 PREEMPT 
00101 Tainted: [W]=WARN, [O]=OOT_MODULE
00101 Hardware name: QEMU Standard PC (Q35 + ICH9, 2009), BIOS 2025.11-3ubuntu7 03/31/2026
00101 RIP: 0010:osd_create+0x9cf/0xcf0 [osd_wbcfs]
00101 Code: c7 c7 00 c6 7b a1 48 c7 c6 a0 42 7d a1 48 c7 c2 00 4c 7d a1 e8 82 dd 43 ff 48 c7 c7 00 c6 7b a1 e8 f6 6a 44 ff e9 fe fc ff ff <0f> 0b e9 a5 fa ff ff 48 c7 c1 80 44 5d a0 80 e1 07 80 c1 03 38 c1
00101 RSP: 0018:ffffc900023e7478 EFLAGS: 00010246
00101 RAX: 0000000000000000 RBX: ffff88813997a800 RCX: 0000000000000046
00101 RDX: 0000000000000000 RSI: ffff8881983a3b90 RDI: ffff88811cb02a80
00101 RBP: ffff8881983a3b00 R08: ffffffff83a16803 R09: 1ffffffff0742d00
00101 R10: dffffc0000000000 R11: fffffbfff0742d01 R12: ffff88814ffd4400
00101 R13: dffffc0000000000 R14: 1ffff1102732f500 R15: 1ffff11029ffa88f
00101 FS:  00007fc510c18940(0000) GS:ffff88831ebad000(0000) knlGS:0000000000000000
00101 CS:  0010 DS: 0000 ES: 0000 CR0: 0000000080050033
00101 CR2: 0000555b63f78b40 CR3: 000000019a310000 CR4: 0000000000750eb0
00101 PKRU: 55555554
00101 Call Trace:
00101  <TASK>
00101  ? local_object_create+0x109/0x640 [obdclass]
00101  ? dt_write_lock+0x16d/0x2a0 [obdclass]
00101  ? llog_osd_create+0x356/0x1140 [obdclass]
00101  ? llog_create+0x2ed/0x530 [obdclass]
00101  ? llog_cat_new_log+0x6c3/0x2bf0 [obdclass]
00101  ? llog_cat_add_rec+0x6ba/0x1960 [obdclass]
00101  ? llog_cat_add+0x451/0x890 [obdclass]
00101  ? llog_test_10+0x91d/0x5600 [llog_test]
00101  ? lu_object_put+0xa64/0x1210 [obdclass]
00101  ? do_raw_spin_unlock+0x52/0x230
00101  ? _raw_spin_unlock+0x23/0x40
00101  ? __llog_ctxt_put+0x1c4/0x2f0 [obdclass]
00101  ? llog_run_tests+0x3f45/0x5ac0 [llog_test]
00101  ? get_random_u32+0x51/0x470
00101  ? llog_test_device_init+0x503/0x840 [llog_test]
00101  ? obd_setup+0x559/0x960 [obdclass]
00101  ? class_setup+0xc7d/0x10e0 [obdclass]
00101  ? class_process_config+0x2edb/0x7cb0 [obdclass]
00101  ? class_handle_ioctl+0x2055/0x3590 [obdclass]
00101  ? obd_class_ioctl+0x1f6/0x3c0 [obdclass]
00101  ? __x64_sys_ioctl+0x961/0xe00
00101  ? _copy_to_user+0x3d/0x60
00101  ? __x64_sys_rt_sigaction+0x107/0x140
00101  ? do_syscall_64+0xc1/0x350
00101  ? entry_SYSCALL_64_after_hwframe+0x4b/0x53
00101  </TASK>
00101 ---[ end trace 0000000000000000 ]---
00105 ------------[ cut here ]------------
00105 WARNING: /home/ktest/git/linux/include/linux/fs.h:889 at osd_create+0x9cf/0xcf0 [osd_wbcfs], CPU#15: lctl/2175
00105 Modules linked in: llog_test(O) mgs(O) osd_wbcfs(O) lustre(O) obdecho(O) mgc(O) mdc(O) lov(O) osc(O) lmv(O) ec(O) fid(O) fld(O) ptlrpc(O) efivarfs obdclass(O) ksocklnd(O) lnet(O) libcfs(O)
00105 CPU: 15 UID: 0 PID: 2175 Comm: lctl Tainted: G        W  O        7.0.0-ktest-a0e6133-6330a45-20260727-dirty #1 PREEMPT 
00105 Tainted: [W]=WARN, [O]=OOT_MODULE
00105 Hardware name: QEMU Standard PC (Q35 + ICH9, 2009), BIOS 2025.11-3ubuntu7 03/31/2026
00105 RIP: 0010:osd_create+0x9cf/0xcf0 [osd_wbcfs]
00105 Code: c7 c7 00 c6 7b a1 48 c7 c6 a0 42 7d a1 48 c7 c2 00 4c 7d a1 e8 82 dd 43 ff 48 c7 c7 00 c6 7b a1 e8 f6 6a 44 ff e9 fe fc ff ff <0f> 0b e9 a5 fa ff ff 48 c7 c1 80 44 5d a0 80 e1 07 80 c1 03 38 c1
00105 RSP: 0018:ffffc900023e7478 EFLAGS: 00010246
00105 RAX: 0000000000000000 RBX: ffff88813997a000 RCX: 0000000000000046
00105 RDX: 0000000000000000 RSI: ffff8881983a3478 RDI: ffff88811cb02a80
00105 RBP: ffff8881983a33e8 R08: ffffffff83a16803 R09: 1ffffffff0742d00
00105 R10: dffffc0000000000 R11: fffffbfff0742d01 R12: ffff88814ffd4400
00105 R13: dffffc0000000000 R14: 1ffff1102732f400 R15: 1ffff11029ffa88f
00105 FS:  00007fc510c18940(0000) GS:ffff88831ebad000(0000) knlGS:0000000000000000
00105 CS:  0010 DS: 0000 ES: 0000 CR0: 0000000080050033
00105 CR2: 0000555b63f78b40 CR3: 000000019a310000 CR4: 0000000000750eb0
00105 PKRU: 55555554
00105 Call Trace:
00105  <TASK>
00105  ? local_object_create+0x109/0x640 [obdclass]
00105  ? dt_write_lock+0x16d/0x2a0 [obdclass]
00105  ? llog_osd_create+0x356/0x1140 [obdclass]
00105  ? llog_create+0x2ed/0x530 [obdclass]
00105  ? llog_cat_new_log+0x6c3/0x2bf0 [obdclass]
00105  ? llog_cat_add_rec+0x6ba/0x1960 [obdclass]
00105  ? llog_cat_add+0x451/0x890 [obdclass]
00105  ? llog_test_10+0x91d/0x5600 [llog_test]
00105  ? lu_object_put+0xa64/0x1210 [obdclass]
00105  ? do_raw_spin_unlock+0x52/0x230
00105  ? _raw_spin_unlock+0x23/0x40
00105  ? __llog_ctxt_put+0x1c4/0x2f0 [obdclass]
00105  ? llog_run_tests+0x3f45/0x5ac0 [llog_test]
00105  ? get_random_u32+0x51/0x470
00105  ? llog_test_device_init+0x503/0x840 [llog_test]
00105  ? obd_setup+0x559/0x960 [obdclass]
00105  ? class_setup+0xc7d/0x10e0 [obdclass]
00105  ? class_process_config+0x2edb/0x7cb0 [obdclass]
00105  ? class_handle_ioctl+0x2055/0x3590 [obdclass]
00105  ? obd_class_ioctl+0x1f6/0x3c0 [obdclass]
00105  ? __x64_sys_ioctl+0x961/0xe00
00105  ? _copy_to_user+0x3d/0x60
00105  ? __x64_sys_rt_sigaction+0x107/0x140
00105  ? do_syscall_64+0xc1/0x350
00105  ? entry_SYSCALL_64_after_hwframe+0x4b/0x53
00105  </TASK>
00105 ---[ end trace 0000000000000000 ]---
00105 Lustre: 2175:0:(llog_test.c:1634:llog_test_10()) 10c: write 129534 more log records
00109 ------------[ cut here ]------------
00109 WARNING: /home/ktest/git/linux/include/linux/fs.h:889 at osd_create+0x9cf/0xcf0 [osd_wbcfs], CPU#15: lctl/2175
00109 Modules linked in: llog_test(O) mgs(O) osd_wbcfs(O) lustre(O) obdecho(O) mgc(O) mdc(O) lov(O) osc(O) lmv(O) ec(O) fid(O) fld(O) ptlrpc(O) efivarfs obdclass(O) ksocklnd(O) lnet(O) libcfs(O)
00109 CPU: 15 UID: 0 PID: 2175 Comm: lctl Tainted: G        W  O        7.0.0-ktest-a0e6133-6330a45-20260727-dirty #1 PREEMPT 
00109 Tainted: [W]=WARN, [O]=OOT_MODULE
00109 Hardware name: QEMU Standard PC (Q35 + ICH9, 2009), BIOS 2025.11-3ubuntu7 03/31/2026
00109 RIP: 0010:osd_create+0x9cf/0xcf0 [osd_wbcfs]
00109 Code: c7 c7 00 c6 7b a1 48 c7 c6 a0 42 7d a1 48 c7 c2 00 4c 7d a1 e8 82 dd 43 ff 48 c7 c7 00 c6 7b a1 e8 f6 6a 44 ff e9 fe fc ff ff <0f> 0b e9 a5 fa ff ff 48 c7 c1 80 44 5d a0 80 e1 07 80 c1 03 38 c1
00109 RSP: 0018:ffffc900023e7478 EFLAGS: 00010246
00109 RAX: 0000000000000000 RBX: ffff888187e5f800 RCX: 0000000000000046
00109 RDX: 0000000000000000 RSI: ffff8881983a2d60 RDI: ffff88811cb02a80
00109 RBP: ffff8881983a2cd0 R08: ffffffff83a16803 R09: 1ffffffff0742d00
00109 R10: dffffc0000000000 R11: fffffbfff0742d01 R12: ffff88814ffd4400
00109 R13: dffffc0000000000 R14: 1ffff11030fcbf00 R15: 1ffff11029ffa88f
00109 FS:  00007fc510c18940(0000) GS:ffff88831ebad000(0000) knlGS:0000000000000000
00109 CS:  0010 DS: 0000 ES: 0000 CR0: 0000000080050033
00109 CR2: 0000555b63f78b40 CR3: 000000019a310000 CR4: 0000000000750eb0
00109 PKRU: 55555554
00109 Call Trace:
00109  <TASK>
00109  ? local_object_create+0x109/0x640 [obdclass]
00109  ? dt_write_lock+0x16d/0x2a0 [obdclass]
00109  ? llog_osd_create+0x356/0x1140 [obdclass]
00109  ? llog_create+0x2ed/0x530 [obdclass]
00109  ? llog_cat_new_log+0x6c3/0x2bf0 [obdclass]
00109  ? llog_cat_add_rec+0x6ba/0x1960 [obdclass]
00109  ? llog_cat_add+0x451/0x890 [obdclass]
00109  ? llog_test_10+0xbd3/0x5600 [llog_test]
00109  ? lu_object_put+0xa64/0x1210 [obdclass]
00109  ? do_raw_spin_unlock+0x52/0x230
00109  ? _raw_spin_unlock+0x23/0x40
00109  ? __llog_ctxt_put+0x1c4/0x2f0 [obdclass]
00109  ? llog_run_tests+0x3f45/0x5ac0 [llog_test]
00109  ? get_random_u32+0x51/0x470
00109  ? llog_test_device_init+0x503/0x840 [llog_test]
00109  ? obd_setup+0x559/0x960 [obdclass]
00109  ? class_setup+0xc7d/0x10e0 [obdclass]
00109  ? class_process_config+0x2edb/0x7cb0 [obdclass]
00109  ? class_handle_ioctl+0x2055/0x3590 [obdclass]
00109  ? obd_class_ioctl+0x1f6/0x3c0 [obdclass]
00109  ? __x64_sys_ioctl+0x961/0xe00
00109  ? _copy_to_user+0x3d/0x60
00109  ? __x64_sys_rt_sigaction+0x107/0x140
00109  ? do_syscall_64+0xc1/0x350
00109  ? entry_SYSCALL_64_after_hwframe+0x4b/0x53
00109  </TASK>
00109 ---[ end trace 0000000000000000 ]---
00112 ------------[ cut here ]------------
00112 WARNING: /home/ktest/git/linux/include/linux/fs.h:889 at osd_create+0x9cf/0xcf0 [osd_wbcfs], CPU#15: lctl/2175
00112 Modules linked in: llog_test(O) mgs(O) osd_wbcfs(O) lustre(O) obdecho(O) mgc(O) mdc(O) lov(O) osc(O) lmv(O) ec(O) fid(O) fld(O) ptlrpc(O) efivarfs obdclass(O) ksocklnd(O) lnet(O) libcfs(O)
00112 CPU: 15 UID: 0 PID: 2175 Comm: lctl Tainted: G        W  O        7.0.0-ktest-a0e6133-6330a45-20260727-dirty #1 PREEMPT 
00112 Tainted: [W]=WARN, [O]=OOT_MODULE
00112 Hardware name: QEMU Standard PC (Q35 + ICH9, 2009), BIOS 2025.11-3ubuntu7 03/31/2026
00112 RIP: 0010:osd_create+0x9cf/0xcf0 [osd_wbcfs]
00112 Code: c7 c7 00 c6 7b a1 48 c7 c6 a0 42 7d a1 48 c7 c2 00 4c 7d a1 e8 82 dd 43 ff 48 c7 c7 00 c6 7b a1 e8 f6 6a 44 ff e9 fe fc ff ff <0f> 0b e9 a5 fa ff ff 48 c7 c1 80 44 5d a0 80 e1 07 80 c1 03 38 c1
00112 RSP: 0018:ffffc900023e7478 EFLAGS: 00010246
00112 RAX: 0000000000000000 RBX: ffff88818cca4c00 RCX: 0000000000000046
00112 RDX: 0000000000000000 RSI: ffff88819f92d0d8 RDI: ffff88811cb02a80
00112 RBP: ffff88819f92d048 R08: ffffffff83a16803 R09: 1ffffffff0742d00
00112 R10: dffffc0000000000 R11: fffffbfff0742d01 R12: ffff88814ffd4400
00112 R13: dffffc0000000000 R14: 1ffff11031994980 R15: 1ffff11029ffa88f
00112 FS:  00007fc510c18940(0000) GS:ffff88831ebad000(0000) knlGS:0000000000000000
00112 CS:  0010 DS: 0000 ES: 0000 CR0: 0000000080050033
00112 CR2: 0000555b63f78b40 CR3: 000000019a310000 CR4: 0000000000750eb0
00112 PKRU: 55555554
00112 Call Trace:
00112  <TASK>
00112  ? local_object_create+0x109/0x640 [obdclass]
00112  ? dt_write_lock+0x16d/0x2a0 [obdclass]
00112  ? llog_osd_create+0x356/0x1140 [obdclass]
00112  ? llog_create+0x2ed/0x530 [obdclass]
00112  ? llog_cat_new_log+0x6c3/0x2bf0 [obdclass]
00112  ? llog_cat_add_rec+0x6ba/0x1960 [obdclass]
00112  ? llog_cat_add+0x451/0x890 [obdclass]
00112  ? llog_test_10+0xbd3/0x5600 [llog_test]
00112  ? lu_object_put+0xa64/0x1210 [obdclass]
00112  ? do_raw_spin_unlock+0x52/0x230
00112  ? _raw_spin_unlock+0x23/0x40
00112  ? __llog_ctxt_put+0x1c4/0x2f0 [obdclass]
00112  ? llog_run_tests+0x3f45/0x5ac0 [llog_test]
00112  ? get_random_u32+0x51/0x470
00112  ? llog_test_device_init+0x503/0x840 [llog_test]
00112  ? obd_setup+0x559/0x960 [obdclass]
00112  ? class_setup+0xc7d/0x10e0 [obdclass]
00112  ? class_process_config+0x2edb/0x7cb0 [obdclass]
00112  ? class_handle_ioctl+0x2055/0x3590 [obdclass]
00112  ? obd_class_ioctl+0x1f6/0x3c0 [obdclass]
00112  ? __x64_sys_ioctl+0x961/0xe00
00112  ? _copy_to_user+0x3d/0x60
00112  ? __x64_sys_rt_sigaction+0x107/0x140
00112  ? do_syscall_64+0xc1/0x350
00112  ? entry_SYSCALL_64_after_hwframe+0x4b/0x53
00112  </TASK>
00112 ---[ end trace 0000000000000000 ]---
00112 Lustre: 2175:0:(llog_test.c:1666:llog_test_10()) 10c: write 64767 more log records
00116 Lustre: 2175:0:(llog_cat.c:80:llog_cat_new_log()) MGS: there are no more free slots in catalog 27f92724
00116 LustreError: 2175:0:(llog_cat.c:593:llog_cat_add_rec()) MGS: initialization error: rc = -28
00116 Lustre: 2175:0:(llog_test.c:1692:llog_test_10()) 10c: wrote 64011 records then 756 failed with ENOSPC
00116 Lustre: 2175:0:(llog_test.c:1711:llog_test_10()) 10d: Cancel 64767 records, see one log zapped
00118 Lustre: 2175:0:(llog_test.c:1725:llog_test_10()) 10d: print the catalog entries.. we expect 3
00118 Lustre: 2196:0:(llog_test.c:700:cat_print_cb()) seeing record at index 2 - [0x1:0x19:0x0] in log [0xa:0x5:0x0]
00118 Lustre: 2175:0:(llog_test.c:1755:llog_test_10()) 10e: write 64767 more log records
00118 ------------[ cut here ]------------
00118 WARNING: /home/ktest/git/linux/include/linux/fs.h:889 at osd_create+0x9cf/0xcf0 [osd_wbcfs], CPU#15: lctl/2175
00118 Modules linked in: llog_test(O) mgs(O) osd_wbcfs(O) lustre(O) obdecho(O) mgc(O) mdc(O) lov(O) osc(O) lmv(O) ec(O) fid(O) fld(O) ptlrpc(O) efivarfs obdclass(O) ksocklnd(O) lnet(O) libcfs(O)
00118 CPU: 15 UID: 0 PID: 2175 Comm: lctl Tainted: G        W  O        7.0.0-ktest-a0e6133-6330a45-20260727-dirty #1 PREEMPT 
00118 Tainted: [W]=WARN, [O]=OOT_MODULE
00118 Hardware name: QEMU Standard PC (Q35 + ICH9, 2009), BIOS 2025.11-3ubuntu7 03/31/2026
00118 RIP: 0010:osd_create+0x9cf/0xcf0 [osd_wbcfs]
00118 Code: c7 c7 00 c6 7b a1 48 c7 c6 a0 42 7d a1 48 c7 c2 00 4c 7d a1 e8 82 dd 43 ff 48 c7 c7 00 c6 7b a1 e8 f6 6a 44 ff e9 fe fc ff ff <0f> 0b e9 a5 fa ff ff 48 c7 c1 80 44 5d a0 80 e1 07 80 c1 03 38 c1
00118 RSP: 0018:ffffc900023e7478 EFLAGS: 00010246
00118 RAX: 0000000000000000 RBX: ffff8881a042fc00 RCX: 0000000000000046
00118 RDX: 0000000000000000 RSI: ffff88819f92c9c0 RDI: ffff88811cb02a80
00118 RBP: ffff88819f92c930 R08: ffffffff83a16803 R09: 1ffffffff0742d00
00118 R10: dffffc0000000000 R11: fffffbfff0742d01 R12: ffff88814ffd4400
00118 R13: dffffc0000000000 R14: 1ffff11034085f80 R15: 1ffff11029ffa88f
00118 FS:  00007fc510c18940(0000) GS:ffff88831ebad000(0000) knlGS:0000000000000000
00118 CS:  0010 DS: 0000 ES: 0000 CR0: 0000000080050033
00118 CR2: 0000555b63f78b40 CR3: 000000019a310000 CR4: 0000000000750eb0
00118 PKRU: 55555554
00118 Call Trace:
00118  <TASK>
00118  ? local_object_create+0x109/0x640 [obdclass]
00118  ? dt_write_lock+0x16d/0x2a0 [obdclass]
00118  ? llog_osd_create+0x356/0x1140 [obdclass]
00118  ? llog_create+0x2ed/0x530 [obdclass]
00118  ? llog_cat_new_log+0x6c3/0x2bf0 [obdclass]
00118  ? llog_cat_add_rec+0x6ba/0x1960 [obdclass]
00118  ? llog_cat_add+0x451/0x890 [obdclass]
00118  ? llog_test_10+0x19aa/0x5600 [llog_test]
00118  ? lu_object_put+0xa64/0x1210 [obdclass]
00118  ? do_raw_spin_unlock+0x52/0x230
00118  ? _raw_spin_unlock+0x23/0x40
00118  ? __llog_ctxt_put+0x1c4/0x2f0 [obdclass]
00118  ? llog_run_tests+0x3f45/0x5ac0 [llog_test]
00118  ? get_random_u32+0x51/0x470
00118  ? llog_test_device_init+0x503/0x840 [llog_test]
00118  ? obd_setup+0x559/0x960 [obdclass]
00118  ? class_setup+0xc7d/0x10e0 [obdclass]
00118  ? class_process_config+0x2edb/0x7cb0 [obdclass]
00118  ? class_handle_ioctl+0x2055/0x3590 [obdclass]
00118  ? obd_class_ioctl+0x1f6/0x3c0 [obdclass]
00118  ? __x64_sys_ioctl+0x961/0xe00
00118  ? _copy_to_user+0x3d/0x60
00118  ? __x64_sys_rt_sigaction+0x107/0x140
00118  ? do_syscall_64+0xc1/0x350
00118  ? entry_SYSCALL_64_after_hwframe+0x4b/0x53
00118  </TASK>
00118 ---[ end trace 0000000000000000 ]---
00122 Lustre: 2175:0:(llog_cat.c:80:llog_cat_new_log()) MGS: there are no more free slots in catalog 27f92724
00122 Lustre: 2175:0:(llog_cat.c:80:llog_cat_new_log()) Skipped 755 previous similar messages
00122 LustreError: 2175:0:(llog_cat.c:593:llog_cat_add_rec()) MGS: initialization error: rc = -28
00122 LustreError: 2175:0:(llog_cat.c:593:llog_cat_add_rec()) Skipped 755 previous similar messages
00122 Lustre: 2175:0:(llog_test.c:1781:llog_test_10()) 10e: wrote 64578 records then 189 failed with ENOSPC
00122 Lustre: 2175:0:(llog_test.c:1783:llog_test_10()) 10e: print the catalog entries.. we expect 4
00122 Lustre: 2175:0:(llog_cat.c:984:llog_cat_process_or_fork()) MGS: catlog [0xa:0x5:0x0] crosses index zero
00122 Lustre: 2175:0:(llog_test.c:700:cat_print_cb()) seeing record at index 2 - [0x1:0x19:0x0] in log [0xa:0x5:0x0]
00122 Lustre: 2175:0:(llog_test.c:700:cat_print_cb()) Skipped 2 previous similar messages
00122 Lustre: 2175:0:(llog_test.c:1819:llog_test_10()) 10e: catalog successfully wrap around, last_idx 1, first 1
00122 Lustre: 2175:0:(llog_test.c:1836:llog_test_10()) 10f: Cancel 64767 records, see one log zapped
00124 Lustre: 2175:0:(llog_test.c:1850:llog_test_10()) 10f: print the catalog entries.. we expect 3
00124 Lustre: 2175:0:(llog_cat.c:984:llog_cat_process_or_fork()) MGS: catlog [0xa:0x5:0x0] crosses index zero
00124 Lustre: 2175:0:(llog_cat.c:984:llog_cat_process_or_fork()) Skipped 1 previous similar message
00124 Lustre: 2175:0:(llog_test.c:1881:llog_test_10()) 10f: write 64767 more log records
00124 ------------[ cut here ]------------
00124 WARNING: /home/ktest/git/linux/include/linux/fs.h:889 at osd_create+0x9cf/0xcf0 [osd_wbcfs], CPU#15: lctl/2175
00124 Modules linked in: llog_test(O) mgs(O) osd_wbcfs(O) lustre(O) obdecho(O) mgc(O) mdc(O) lov(O) osc(O) lmv(O) ec(O) fid(O) fld(O) ptlrpc(O) efivarfs obdclass(O) ksocklnd(O) lnet(O) libcfs(O)
00124 CPU: 15 UID: 0 PID: 2175 Comm: lctl Tainted: G        W  O        7.0.0-ktest-a0e6133-6330a45-20260727-dirty #1 PREEMPT 
00124 Tainted: [W]=WARN, [O]=OOT_MODULE
00124 Hardware name: QEMU Standard PC (Q35 + ICH9, 2009), BIOS 2025.11-3ubuntu7 03/31/2026
00124 RIP: 0010:osd_create+0x9cf/0xcf0 [osd_wbcfs]
00124 Code: c7 c7 00 c6 7b a1 48 c7 c6 a0 42 7d a1 48 c7 c2 00 4c 7d a1 e8 82 dd 43 ff 48 c7 c7 00 c6 7b a1 e8 f6 6a 44 ff e9 fe fc ff ff <0f> 0b e9 a5 fa ff ff 48 c7 c1 80 44 5d a0 80 e1 07 80 c1 03 38 c1
00124 RSP: 0018:ffffc900023e7478 EFLAGS: 00010246
00124 RAX: 0000000000000000 RBX: ffff88813c02b400 RCX: 0000000000000046
00124 RDX: 0000000000000000 RSI: ffff88819f92c2a8 RDI: ffff88811cb02a80
00124 RBP: ffff88819f92c218 R08: ffffffff83a16803 R09: 1ffffffff0742d00
00124 R10: dffffc0000000000 R11: fffffbfff0742d01 R12: ffff88814ffd4400
00124 R13: dffffc0000000000 R14: 1ffff11027805680 R15: 1ffff11029ffa88f
00124 FS:  00007fc510c18940(0000) GS:ffff88831ebad000(0000) knlGS:0000000000000000
00124 CS:  0010 DS: 0000 ES: 0000 CR0: 0000000080050033
00124 CR2: 0000555b63f78b40 CR3: 000000019a310000 CR4: 0000000000750eb0
00124 PKRU: 55555554
00124 Call Trace:
00124  <TASK>
00124  ? local_object_create+0x109/0x640 [obdclass]
00124  ? dt_write_lock+0x16d/0x2a0 [obdclass]
00124  ? llog_osd_create+0x356/0x1140 [obdclass]
00124  ? llog_create+0x2ed/0x530 [obdclass]
00124  ? llog_cat_new_log+0x6c3/0x2bf0 [obdclass]
00124  ? llog_cat_add_rec+0x6ba/0x1960 [obdclass]
00124  ? llog_cat_add+0x451/0x890 [obdclass]
00124  ? llog_test_10+0x2c5e/0x5600 [llog_test]
00124  ? lu_object_put+0xa64/0x1210 [obdclass]
00124  ? do_raw_spin_unlock+0x52/0x230
00124  ? _raw_spin_unlock+0x23/0x40
00124  ? __llog_ctxt_put+0x1c4/0x2f0 [obdclass]
00124  ? llog_run_tests+0x3f45/0x5ac0 [llog_test]
00124  ? get_random_u32+0x51/0x470
00124  ? llog_test_device_init+0x503/0x840 [llog_test]
00124  ? obd_setup+0x559/0x960 [obdclass]
00124  ? class_setup+0xc7d/0x10e0 [obdclass]
00124  ? class_process_config+0x2edb/0x7cb0 [obdclass]
00124  ? class_handle_ioctl+0x2055/0x3590 [obdclass]
00124  ? obd_class_ioctl+0x1f6/0x3c0 [obdclass]
00124  ? __x64_sys_ioctl+0x961/0xe00
00124  ? _copy_to_user+0x3d/0x60
00124  ? __x64_sys_rt_sigaction+0x107/0x140
00124  ? do_syscall_64+0xc1/0x350
00124  ? entry_SYSCALL_64_after_hwframe+0x4b/0x53
00124  </TASK>
00124 ---[ end trace 0000000000000000 ]---
00127 Lustre: 2175:0:(llog_cat.c:80:llog_cat_new_log()) MGS: there are no more free slots in catalog 27f92724
00127 Lustre: 2175:0:(llog_cat.c:80:llog_cat_new_log()) Skipped 188 previous similar messages
00127 LustreError: 2175:0:(llog_cat.c:593:llog_cat_add_rec()) MGS: initialization error: rc = -28
00127 LustreError: 2175:0:(llog_cat.c:593:llog_cat_add_rec()) Skipped 188 previous similar messages
00127 Lustre: 2175:0:(llog_test.c:1907:llog_test_10()) 10f: wrote 64578 records then 189 failed with ENOSPC
00127 Lustre: 2175:0:(llog_test.c:1953:llog_test_10()) 10g: Cancel 64767 records, see one log zapped
00127 Lustre: 2175:0:(llog_cat.c:984:llog_cat_process_or_fork()) MGS: catlog [0xa:0x5:0x0] crosses index zero
00130 Lustre: 2175:0:(llog_test.c:1965:llog_test_10()) 10g: print the catalog entries.. we expect 3
00130 Lustre: 2175:0:(llog_cat.c:984:llog_cat_process_or_fork()) MGS: catlog [0xa:0x5:0x0] crosses index zero
00130 Lustre: 2175:0:(llog_test.c:700:cat_print_cb()) seeing record at index 4 - [0x1:0x1b:0x0] in log [0xa:0x5:0x0]
00130 Lustre: 2175:0:(llog_test.c:700:cat_print_cb()) Skipped 6 previous similar messages
00130 Lustre: 2175:0:(llog_test.c:1995:llog_test_10()) 10g: Cancel 64767 records, see one log zapped
00132 Lustre: 2175:0:(llog_test.c:2009:llog_test_10()) 10g: print the catalog entries.. we expect 2
00132 Lustre: 2175:0:(llog_test.c:2047:llog_test_10()) 10g: Cancel 64767 records, see one log zapped
00135 Lustre: 2175:0:(llog_test.c:2061:llog_test_10()) 10g: print the catalog entries.. we expect 1
00135 Lustre: 2175:0:(llog_test.c:2087:llog_test_10()) 10g: llh_cat_idx has also successfully wrapped!
00135 Lustre: 2198:0:(llog_test.c:1535:cat_check_old_cb()) seeing record at index 2 - [0x1:0x1d:0x0] in log [0xa:0x5:0x0]
00135 Lustre: 2175:0:(llog_test.c:2111:llog_test_10()) 10h: write 64767 more log records
00135 ------------[ cut here ]------------
00135 WARNING: /home/ktest/git/linux/include/linux/fs.h:889 at osd_create+0x9cf/0xcf0 [osd_wbcfs], CPU#15: lctl/2175
00135 Modules linked in: llog_test(O) mgs(O) osd_wbcfs(O) lustre(O) obdecho(O) mgc(O) mdc(O) lov(O) osc(O) lmv(O) ec(O) fid(O) fld(O) ptlrpc(O) efivarfs obdclass(O) ksocklnd(O) lnet(O) libcfs(O)
00135 CPU: 15 UID: 0 PID: 2175 Comm: lctl Tainted: G        W  O        7.0.0-ktest-a0e6133-6330a45-20260727-dirty #1 PREEMPT 
00135 Tainted: [W]=WARN, [O]=OOT_MODULE
00135 Hardware name: QEMU Standard PC (Q35 + ICH9, 2009), BIOS 2025.11-3ubuntu7 03/31/2026
00135 RIP: 0010:osd_create+0x9cf/0xcf0 [osd_wbcfs]
00135 Code: c7 c7 00 c6 7b a1 48 c7 c6 a0 42 7d a1 48 c7 c2 00 4c 7d a1 e8 82 dd 43 ff 48 c7 c7 00 c6 7b a1 e8 f6 6a 44 ff e9 fe fc ff ff <0f> 0b e9 a5 fa ff ff 48 c7 c1 80 44 5d a0 80 e1 07 80 c1 03 38 c1
00135 RSP: 0018:ffffc900023e7478 EFLAGS: 00010246
00135 RAX: 0000000000000000 RBX: ffff8880747f9c00 RCX: 0000000000000046
00135 RDX: 0000000000000000 RSI: ffff88819f92bb90 RDI: ffff88811cb02a80
00135 RBP: ffff88819f92bb00 R08: ffffffff83a16803 R09: 1ffffffff0742d00
00135 R10: dffffc0000000000 R11: fffffbfff0742d01 R12: ffff88814ffd4400
00135 R13: dffffc0000000000 R14: 1ffff1100e8ff380 R15: 1ffff11029ffa88f
00135 FS:  00007fc510c18940(0000) GS:ffff88831ebad000(0000) knlGS:0000000000000000
00135 CS:  0010 DS: 0000 ES: 0000 CR0: 0000000080050033
00135 CR2: 0000555b63f78b40 CR3: 000000019a310000 CR4: 0000000000750eb0
00135 PKRU: 55555554
00135 Call Trace:
00135  <TASK>
00135  ? local_object_create+0x109/0x640 [obdclass]
00135  ? dt_write_lock+0x16d/0x2a0 [obdclass]
00135  ? llog_osd_create+0x356/0x1140 [obdclass]
00135  ? llog_create+0x2ed/0x530 [obdclass]
00135  ? llog_cat_new_log+0x6c3/0x2bf0 [obdclass]
00135  ? llog_cat_add_rec+0x6ba/0x1960 [obdclass]
00135  ? llog_cat_add+0x451/0x890 [obdclass]
00135  ? llog_test_10+0x50f8/0x5600 [llog_test]
00135  ? llog_test_9_sub+0x800/0x800 [llog_test]
00135  ? llog_run_tests+0x3f45/0x5ac0 [llog_test]
00135  ? get_random_u32+0x51/0x470
00135  ? llog_test_device_init+0x503/0x840 [llog_test]
00135  ? obd_setup+0x559/0x960 [obdclass]
00135  ? class_setup+0xc7d/0x10e0 [obdclass]
00135  ? class_process_config+0x2edb/0x7cb0 [obdclass]
00135  ? class_handle_ioctl+0x2055/0x3590 [obdclass]
00135  ? obd_class_ioctl+0x1f6/0x3c0 [obdclass]
00135  ? __x64_sys_ioctl+0x961/0xe00
00135  ? _copy_to_user+0x3d/0x60
00135  ? __x64_sys_rt_sigaction+0x107/0x140
00135  ? do_syscall_64+0xc1/0x350
00135  ? entry_SYSCALL_64_after_hwframe+0x4b/0x53
00135  </TASK>
00135 ---[ end trace 0000000000000000 ]---
00135 LustreError: 2175:0:(llog_osd.c:684:llog_osd_write_rec()) cfs_race id 1317 sleeping
00136 LustreError: 2198:0:(llog.c:690:llog_process_thread()) cfs_fail_race id 1317 waking
00136 LustreError: 2175:0:(llog_osd.c:684:llog_osd_write_rec()) cfs_fail_race id 1317 awake: rc=445
00137 LustreError: 2198:0:(llog.c:690:llog_process_thread()) cfs_fail_race id 1317 waking
00137 Lustre: 2198:0:(llog_test.c:1535:cat_check_old_cb()) seeing record at index 3 - [0x1:0x1e:0x0] in log [0xa:0x5:0x0]
00140 ------------[ cut here ]------------
00140 WARNING: /home/ktest/git/linux/include/linux/fs.h:889 at osd_create+0x9cf/0xcf0 [osd_wbcfs], CPU#15: lctl/2175
00140 Modules linked in: llog_test(O) mgs(O) osd_wbcfs(O) lustre(O) obdecho(O) mgc(O) mdc(O) lov(O) osc(O) lmv(O) ec(O) fid(O) fld(O) ptlrpc(O) efivarfs obdclass(O) ksocklnd(O) lnet(O) libcfs(O)
00140 CPU: 15 UID: 0 PID: 2175 Comm: lctl Tainted: G        W  O        7.0.0-ktest-a0e6133-6330a45-20260727-dirty #1 PREEMPT 
00140 Tainted: [W]=WARN, [O]=OOT_MODULE
00140 Hardware name: QEMU Standard PC (Q35 + ICH9, 2009), BIOS 2025.11-3ubuntu7 03/31/2026
00140 RIP: 0010:osd_create+0x9cf/0xcf0 [osd_wbcfs]
00140 Code: c7 c7 00 c6 7b a1 48 c7 c6 a0 42 7d a1 48 c7 c2 00 4c 7d a1 e8 82 dd 43 ff 48 c7 c7 00 c6 7b a1 e8 f6 6a 44 ff e9 fe fc ff ff <0f> 0b e9 a5 fa ff ff 48 c7 c1 80 44 5d a0 80 e1 07 80 c1 03 38 c1
00140 RSP: 0018:ffffc900023e7478 EFLAGS: 00010246
00140 RAX: 0000000000000000 RBX: ffff888013a07400 RCX: 0000000000000046
00140 RDX: 0000000000000000 RSI: ffff88819f92b478 RDI: ffff88811cb02a80
00140 RBP: ffff88819f92b3e8 R08: ffffffff83a16803 R09: 1ffffffff0742d00
00140 R10: dffffc0000000000 R11: fffffbfff0742d01 R12: ffff88814ffd4400
00140 R13: dffffc0000000000 R14: 1ffff11002740e80 R15: 1ffff11029ffa88f
00140 FS:  00007fc510c18940(0000) GS:ffff88831ebad000(0000) knlGS:0000000000000000
00140 CS:  0010 DS: 0000 ES: 0000 CR0: 0000000080050033
00140 CR2: 0000555b63f78b40 CR3: 000000019a310000 CR4: 0000000000750eb0
00140 PKRU: 55555554
00140 Call Trace:
00140  <TASK>
00140  ? local_object_create+0x109/0x640 [obdclass]
00140  ? dt_write_lock+0x16d/0x2a0 [obdclass]
00140  ? llog_osd_create+0x356/0x1140 [obdclass]
00140  ? llog_create+0x2ed/0x530 [obdclass]
00140  ? llog_cat_new_log+0x6c3/0x2bf0 [obdclass]
00140  ? llog_cat_add_rec+0x6ba/0x1960 [obdclass]
00140  ? llog_cat_add+0x451/0x890 [obdclass]
00140  ? llog_test_10+0x50f8/0x5600 [llog_test]
00140  ? llog_test_9_sub+0x800/0x800 [llog_test]
00140  ? llog_run_tests+0x3f45/0x5ac0 [llog_test]
00140  ? get_random_u32+0x51/0x470
00140  ? llog_test_device_init+0x503/0x840 [llog_test]
00140  ? obd_setup+0x559/0x960 [obdclass]
00140  ? class_setup+0xc7d/0x10e0 [obdclass]
00140  ? class_process_config+0x2edb/0x7cb0 [obdclass]
00140  ? class_handle_ioctl+0x2055/0x3590 [obdclass]
00140  ? obd_class_ioctl+0x1f6/0x3c0 [obdclass]
00140  ? __x64_sys_ioctl+0x961/0xe00
00140  ? _copy_to_user+0x3d/0x60
00140  ? __x64_sys_rt_sigaction+0x107/0x140
00140  ? do_syscall_64+0xc1/0x350
00140  ? entry_SYSCALL_64_after_hwframe+0x4b/0x53
00140  </TASK>
00140 ---[ end trace 0000000000000000 ]---
00140 LustreError: 2175:0:(llog_osd.c:684:llog_osd_write_rec()) cfs_fail_race id 1317 waking
00141 Lustre: 2175:0:(llog_test.c:2137:llog_test_10()) 10h: wrote 64767 records then 0 failed with ENOSPC
00141 Lustre: 2175:0:(llog_test.c:2150:llog_test_10()) 10: put newly-created catalog
00141 Lustre: 2175:0:(llog_test.c:2180:llog_test_11()) 11: create a plain nameless log
00141 ------------[ cut here ]------------
00141 WARNING: /home/ktest/git/linux/include/linux/fs.h:889 at osd_create+0x9cf/0xcf0 [osd_wbcfs], CPU#15: lctl/2175
00141 Modules linked in: llog_test(O) mgs(O) osd_wbcfs(O) lustre(O) obdecho(O) mgc(O) mdc(O) lov(O) osc(O) lmv(O) ec(O) fid(O) fld(O) ptlrpc(O) efivarfs obdclass(O) ksocklnd(O) lnet(O) libcfs(O)
00141 CPU: 15 UID: 0 PID: 2175 Comm: lctl Tainted: G        W  O        7.0.0-ktest-a0e6133-6330a45-20260727-dirty #1 PREEMPT 
00141 Tainted: [W]=WARN, [O]=OOT_MODULE
00141 Hardware name: QEMU Standard PC (Q35 + ICH9, 2009), BIOS 2025.11-3ubuntu7 03/31/2026
00141 RIP: 0010:osd_create+0x9cf/0xcf0 [osd_wbcfs]
00141 Code: c7 c7 00 c6 7b a1 48 c7 c6 a0 42 7d a1 48 c7 c2 00 4c 7d a1 e8 82 dd 43 ff 48 c7 c7 00 c6 7b a1 e8 f6 6a 44 ff e9 fe fc ff ff <0f> 0b e9 a5 fa ff ff 48 c7 c1 80 44 5d a0 80 e1 07 80 c1 03 38 c1
00141 RSP: 0018:ffffc900023e7680 EFLAGS: 00010246
00141 RAX: 0000000000000000 RBX: ffff888034c01000 RCX: 0000000000000046
00141 RDX: 0000000000000000 RSI: ffff88819f92ad60 RDI: ffff88811cb02a58
00141 RBP: ffff88819f92acd0 R08: ffffffff83a16803 R09: 1ffffffff0742d00
00141 R10: dffffc0000000000 R11: fffffbfff0742d01 R12: ffff88814ffd4400
00141 R13: dffffc0000000000 R14: 1ffff11006980200 R15: 1ffff11029ffa88f
00141 FS:  00007fc510c18940(0000) GS:ffff88831ebad000(0000) knlGS:0000000000000000
00141 CS:  0010 DS: 0000 ES: 0000 CR0: 0000000080050033
00141 CR2: 0000555b63f78b40 CR3: 000000019a310000 CR4: 0000000000750eb0
00141 PKRU: 55555554
00141 Call Trace:
00141  <TASK>
00141  ? local_object_create+0x109/0x640 [obdclass]
00141  ? dt_write_lock+0x16d/0x2a0 [obdclass]
00141  ? llog_osd_create+0x356/0x1140 [obdclass]
00141  ? llog_create+0x2ed/0x530 [obdclass]
00141  ? llog_open_create+0x5af/0xb10 [obdclass]
00141  ? llog_test_11+0x2a4/0x1130 [llog_test]
00141  ? llog_test_9_sub+0x800/0x800 [llog_test]
00141  ? llog_run_tests+0x41b0/0x5ac0 [llog_test]
00141  ? get_random_u32+0x51/0x470
00141  ? llog_test_device_init+0x503/0x840 [llog_test]
00141  ? obd_setup+0x559/0x960 [obdclass]
00141  ? class_setup+0xc7d/0x10e0 [obdclass]
00141  ? class_process_config+0x2edb/0x7cb0 [obdclass]
00141  ? class_handle_ioctl+0x2055/0x3590 [obdclass]
00141  ? obd_class_ioctl+0x1f6/0x3c0 [obdclass]
00141  ? __x64_sys_ioctl+0x961/0xe00
00141  ? _copy_to_user+0x3d/0x60
00141  ? __x64_sys_rt_sigaction+0x107/0x140
00141  ? do_syscall_64+0xc1/0x350
00141  ? entry_SYSCALL_64_after_hwframe+0x4b/0x53
00141  </TASK>
00141 ---[ end trace 0000000000000000 ]---
00141 Lustre: 2175:0:(llog_test.c:2205:llog_test_11()) 11: size 8216 in 0 blocks after 1 rec
00141 Lustre: 2175:0:(llog_test.c:2207:llog_test_11()) 11: add few records
00141 Lustre: 2175:0:(llog_test.c:2224:llog_test_11()) 11: size 10616 in 0 blocks with few recs
00142 lctl (2175): drop_caches: 3
00142 Lustre: 2175:0:(llog_test.c:2250:llog_test_11()) 11: re-open the log by LOGID and verify llh_count
00142 Lustre: 2175:0:(llog_test.c:2265:llog_test_11()) 11: size 10616 in 0 blocks after re-open
00142 Lustre: 2175:0:(llog_test.c:2355:llog_test_12()) 12: create a catalog log with name: 27f92725
00142 ------------[ cut here ]------------
00142 WARNING: /home/ktest/git/linux/include/linux/fs.h:889 at osd_create+0x9cf/0xcf0 [osd_wbcfs], CPU#15: lctl/2175
00142 Modules linked in: llog_test(O) mgs(O) osd_wbcfs(O) lustre(O) obdecho(O) mgc(O) mdc(O) lov(O) osc(O) lmv(O) ec(O) fid(O) fld(O) ptlrpc(O) efivarfs obdclass(O) ksocklnd(O) lnet(O) libcfs(O)
00142 CPU: 15 UID: 0 PID: 2175 Comm: lctl Tainted: G        W  O        7.0.0-ktest-a0e6133-6330a45-20260727-dirty #1 PREEMPT 
00142 Tainted: [W]=WARN, [O]=OOT_MODULE
00142 Hardware name: QEMU Standard PC (Q35 + ICH9, 2009), BIOS 2025.11-3ubuntu7 03/31/2026
00142 RIP: 0010:osd_create+0x9cf/0xcf0 [osd_wbcfs]
00142 Code: c7 c7 00 c6 7b a1 48 c7 c6 a0 42 7d a1 48 c7 c2 00 4c 7d a1 e8 82 dd 43 ff 48 c7 c7 00 c6 7b a1 e8 f6 6a 44 ff e9 fe fc ff ff <0f> 0b e9 a5 fa ff ff 48 c7 c1 80 44 5d a0 80 e1 07 80 c1 03 38 c1
00142 RSP: 0018:ffffc900023e7678 EFLAGS: 00010246
00142 RAX: 0000000000000000 RBX: ffff888034c03c00 RCX: 0000000000000046
00142 RDX: 0000000000000000 RSI: ffff88819f92a648 RDI: ffff88811cb02a58
00142 RBP: ffff88819f92a5b8 R08: ffffffff83a16803 R09: 1ffffffff0742d00
00142 R10: dffffc0000000000 R11: fffffbfff0742d01 R12: ffff88814ffd4400
00142 R13: dffffc0000000000 R14: 1ffff11006980780 R15: 1ffff11029ffa88f
00142 FS:  00007fc510c18940(0000) GS:ffff88831ebad000(0000) knlGS:0000000000000000
00142 CS:  0010 DS: 0000 ES: 0000 CR0: 0000000080050033
00142 CR2: 0000555b63f78b40 CR3: 000000019a310000 CR4: 0000000000750eb0
00142 PKRU: 55555554
00142 Call Trace:
00142  <TASK>
00142  ? local_object_create+0x109/0x640 [obdclass]
00142  ? dt_write_lock+0x16d/0x2a0 [obdclass]
00142  ? llog_osd_create+0x356/0x1140 [obdclass]
00142  ? llog_create+0x2ed/0x530 [obdclass]
00142  ? llog_open_create+0x5af/0xb10 [obdclass]
00142  ? llog_test_12+0x40f/0x2d90 [llog_test]
00142  ? llog_test_11+0xc14/0x1130 [llog_test]
00142  ? llog_run_tests+0x4434/0x5ac0 [llog_test]
00142  ? get_random_u32+0x51/0x470
00142  ? llog_test_device_init+0x503/0x840 [llog_test]
00142  ? obd_setup+0x559/0x960 [obdclass]
00142  ? class_setup+0xc7d/0x10e0 [obdclass]
00142  ? class_process_config+0x2edb/0x7cb0 [obdclass]
00142  ? class_handle_ioctl+0x2055/0x3590 [obdclass]
00142  ? obd_class_ioctl+0x1f6/0x3c0 [obdclass]
00142  ? __x64_sys_ioctl+0x961/0xe00
00142  ? _copy_to_user+0x3d/0x60
00142  ? __x64_sys_rt_sigaction+0x107/0x140
00142  ? do_syscall_64+0xc1/0x350
00142  ? entry_SYSCALL_64_after_hwframe+0x4b/0x53
00142  </TASK>
00142 ---[ end trace 0000000000000000 ]---
00142 ------------[ cut here ]------------
00142 WARNING: /home/ktest/git/linux/include/linux/fs.h:889 at osd_create+0x9cf/0xcf0 [osd_wbcfs], CPU#15: lctl/2175
00142 Modules linked in: llog_test(O) mgs(O) osd_wbcfs(O) lustre(O) obdecho(O) mgc(O) mdc(O) lov(O) osc(O) lmv(O) ec(O) fid(O) fld(O) ptlrpc(O) efivarfs obdclass(O) ksocklnd(O) lnet(O) libcfs(O)
00142 CPU: 15 UID: 0 PID: 2175 Comm: lctl Tainted: G        W  O        7.0.0-ktest-a0e6133-6330a45-20260727-dirty #1 PREEMPT 
00142 Tainted: [W]=WARN, [O]=OOT_MODULE
00142 Hardware name: QEMU Standard PC (Q35 + ICH9, 2009), BIOS 2025.11-3ubuntu7 03/31/2026
00142 RIP: 0010:osd_create+0x9cf/0xcf0 [osd_wbcfs]
00142 Code: c7 c7 00 c6 7b a1 48 c7 c6 a0 42 7d a1 48 c7 c2 00 4c 7d a1 e8 82 dd 43 ff 48 c7 c7 00 c6 7b a1 e8 f6 6a 44 ff e9 fe fc ff ff <0f> 0b e9 a5 fa ff ff 48 c7 c1 80 44 5d a0 80 e1 07 80 c1 03 38 c1
00142 RSP: 0018:ffffc900023e7518 EFLAGS: 00010246
00142 RAX: 0000000000000000 RBX: ffff888034c03400 RCX: 0000000000000046
00142 RDX: 0000000000000000 RSI: ffff88819f929f30 RDI: ffff88811cb02a80
00142 RBP: ffff88819f929ea0 R08: ffffffff83a16803 R09: 1ffffffff0742d00
00142 R10: dffffc0000000000 R11: fffffbfff0742d01 R12: ffff88814ffd4400
00142 R13: dffffc0000000000 R14: 1ffff11006980680 R15: 1ffff11029ffa88f
00142 FS:  00007fc510c18940(0000) GS:ffff88831ebad000(0000) knlGS:0000000000000000
00142 CS:  0010 DS: 0000 ES: 0000 CR0: 0000000080050033
00142 CR2: 0000555b63f78b40 CR3: 000000019a310000 CR4: 0000000000750eb0
00142 PKRU: 55555554
00142 Call Trace:
00142  <TASK>
00142  ? local_object_create+0x109/0x640 [obdclass]
00142  ? dt_write_lock+0x16d/0x2a0 [obdclass]
00142  ? llog_osd_create+0x356/0x1140 [obdclass]
00142  ? llog_create+0x2ed/0x530 [obdclass]
00142  ? llog_cat_new_log+0x6c3/0x2bf0 [obdclass]
00142  ? llog_cat_add_rec+0x6ba/0x1960 [obdclass]
00142  ? llog_cat_add+0x451/0x890 [obdclass]
00142  ? llog_test_12+0x68f/0x2d90 [llog_test]
00142  ? llog_test_11+0xc14/0x1130 [llog_test]
00142  ? llog_run_tests+0x4434/0x5ac0 [llog_test]
00142  ? get_random_u32+0x51/0x470
00142  ? llog_test_device_init+0x503/0x840 [llog_test]
00142  ? obd_setup+0x559/0x960 [obdclass]
00142  ? class_setup+0xc7d/0x10e0 [obdclass]
00142  ? class_process_config+0x2edb/0x7cb0 [obdclass]
00142  ? class_handle_ioctl+0x2055/0x3590 [obdclass]
00142  ? obd_class_ioctl+0x1f6/0x3c0 [obdclass]
00142  ? __x64_sys_ioctl+0x961/0xe00
00142  ? _copy_to_user+0x3d/0x60
00142  ? __x64_sys_rt_sigaction+0x107/0x140
00142  ? do_syscall_64+0xc1/0x350
00142  ? entry_SYSCALL_64_after_hwframe+0x4b/0x53
00142  </TASK>
00142 ---[ end trace 0000000000000000 ]---
00142 Lustre: 12: truncate 24 bytes
00142 Lustre: 12: re-open and process the catalog
00142 LustreError: 2175:0:(llog_osd.c:1248:llog_osd_next_block()) MGS0000-osd: invalid llog tail at log id [0xa:0x6:0x0] offset 8232 last_rec idx 8704 tail idx 275010875 lrt len 1 read_size 40
00142 LustreError: 2175:0:(llog.c:886:llog_process_thread()) MGS: local llog is corrupted [0xa:0x6:0x0] catalog index 1 count 2
00142 Lustre: 12: try to add to the catalog
00142 ------------[ cut here ]------------
00142 WARNING: /home/ktest/git/linux/include/linux/fs.h:889 at osd_create+0x9cf/0xcf0 [osd_wbcfs], CPU#15: lctl/2175
00142 Modules linked in: llog_test(O) mgs(O) osd_wbcfs(O) lustre(O) obdecho(O) mgc(O) mdc(O) lov(O) osc(O) lmv(O) ec(O) fid(O) fld(O) ptlrpc(O) efivarfs obdclass(O) ksocklnd(O) lnet(O) libcfs(O)
00142 CPU: 15 UID: 0 PID: 2175 Comm: lctl Tainted: G        W  O        7.0.0-ktest-a0e6133-6330a45-20260727-dirty #1 PREEMPT 
00142 Tainted: [W]=WARN, [O]=OOT_MODULE
00142 Hardware name: QEMU Standard PC (Q35 + ICH9, 2009), BIOS 2025.11-3ubuntu7 03/31/2026
00142 RIP: 0010:osd_create+0x9cf/0xcf0 [osd_wbcfs]
00142 Code: c7 c7 00 c6 7b a1 48 c7 c6 a0 42 7d a1 48 c7 c2 00 4c 7d a1 e8 82 dd 43 ff 48 c7 c7 00 c6 7b a1 e8 f6 6a 44 ff e9 fe fc ff ff <0f> 0b e9 a5 fa ff ff 48 c7 c1 80 44 5d a0 80 e1 07 80 c1 03 38 c1
00142 RSP: 0018:ffffc900023e7518 EFLAGS: 00010246
00142 RAX: 0000000000000000 RBX: ffff888034c05c00 RCX: 0000000000000046
00142 RDX: 0000000000000000 RSI: ffff88819f929818 RDI: ffff88811cb02a80
00142 RBP: ffff88819f929788 R08: ffffffff83a16803 R09: 1ffffffff0742d00
00142 R10: dffffc0000000000 R11: fffffbfff0742d01 R12: ffff88814ffd4400
00142 R13: dffffc0000000000 R14: 1ffff11006980b80 R15: 1ffff11029ffa88f
00142 FS:  00007fc510c18940(0000) GS:ffff88831ebad000(0000) knlGS:0000000000000000
00142 CS:  0010 DS: 0000 ES: 0000 CR0: 0000000080050033
00142 CR2: 0000555b63f78b40 CR3: 000000019a310000 CR4: 0000000000750eb0
00142 PKRU: 55555554
00142 Call Trace:
00142  <TASK>
00142  ? local_object_create+0x109/0x640 [obdclass]
00142  ? dt_write_lock+0x16d/0x2a0 [obdclass]
00142  ? llog_osd_create+0x356/0x1140 [obdclass]
00142  ? llog_create+0x2ed/0x530 [obdclass]
00142  ? llog_cat_new_log+0x6c3/0x2bf0 [obdclass]
00142  ? llog_cat_add_rec+0x6ba/0x1960 [obdclass]
00142  ? llog_cat_add+0x451/0x890 [obdclass]
00142  ? llog_test_12+0xfdb/0x2d90 [llog_test]
00142  ? llog_run_tests+0x4434/0x5ac0 [llog_test]
00142  ? get_random_u32+0x51/0x470
00142  ? llog_test_device_init+0x503/0x840 [llog_test]
00142  ? obd_setup+0x559/0x960 [obdclass]
00142  ? class_setup+0xc7d/0x10e0 [obdclass]
00142  ? class_process_config+0x2edb/0x7cb0 [obdclass]
00142  ? class_handle_ioctl+0x2055/0x3590 [obdclass]
00142  ? obd_class_ioctl+0x1f6/0x3c0 [obdclass]
00142  ? __x64_sys_ioctl+0x961/0xe00
00142  ? _copy_to_user+0x3d/0x60
00142  ? __x64_sys_rt_sigaction+0x107/0x140
00142  ? do_syscall_64+0xc1/0x350
00142  ? entry_SYSCALL_64_after_hwframe+0x4b/0x53
00142  </TASK>
00142 ---[ end trace 0000000000000000 ]---
00142 LustreError: 2175:0:(llog_osd.c:1231:llog_osd_next_block()) MGS0000-osd: invalid llog tail at log id [0x6:0xa:0x0]:0 offset 8297 tail idx 603979776 lrt len 1074261 read_size 105
00142 ------------[ cut here ]------------
00142 WARNING: /home/ktest/git/linux/include/linux/fs.h:889 at osd_create+0x9cf/0xcf0 [osd_wbcfs], CPU#15: lctl/2175
00142 Modules linked in: llog_test(O) mgs(O) osd_wbcfs(O) lustre(O) obdecho(O) mgc(O) mdc(O) lov(O) osc(O) lmv(O) ec(O) fid(O) fld(O) ptlrpc(O) efivarfs obdclass(O) ksocklnd(O) lnet(O) libcfs(O)
00142 CPU: 15 UID: 0 PID: 2175 Comm: lctl Tainted: G        W  O        7.0.0-ktest-a0e6133-6330a45-20260727-dirty #1 PREEMPT 
00142 Tainted: [W]=WARN, [O]=OOT_MODULE
00142 Hardware name: QEMU Standard PC (Q35 + ICH9, 2009), BIOS 2025.11-3ubuntu7 03/31/2026
00142 RIP: 0010:osd_create+0x9cf/0xcf0 [osd_wbcfs]
00142 Code: c7 c7 00 c6 7b a1 48 c7 c6 a0 42 7d a1 48 c7 c2 00 4c 7d a1 e8 82 dd 43 ff 48 c7 c7 00 c6 7b a1 e8 f6 6a 44 ff e9 fe fc ff ff <0f> 0b e9 a5 fa ff ff 48 c7 c1 80 44 5d a0 80 e1 07 80 c1 03 38 c1
00142 RSP: 0018:ffffc900023e7518 EFLAGS: 00010246
00142 RAX: 0000000000000000 RBX: ffff88811f979000 RCX: 0000000000000046
00142 RDX: 0000000000000000 RSI: ffff88819f929100 RDI: ffff88811cb02a80
00142 RBP: ffff88819f929070 R08: ffffffff83a16803 R09: 1ffffffff0742d00
00142 R10: dffffc0000000000 R11: fffffbfff0742d01 R12: ffff88814ffd4400
00142 R13: dffffc0000000000 R14: 1ffff11023f2f200 R15: 1ffff11029ffa88f
00142 FS:  00007fc510c18940(0000) GS:ffff88831ebad000(0000) knlGS:0000000000000000
00142 CS:  0010 DS: 0000 ES: 0000 CR0: 0000000080050033
00142 CR2: 0000555b63f78b40 CR3: 000000019a310000 CR4: 0000000000750eb0
00142 PKRU: 55555554
00142 Call Trace:
00142  <TASK>
00142  ? local_object_create+0x109/0x640 [obdclass]
00142  ? dt_write_lock+0x16d/0x2a0 [obdclass]
00142  ? llog_osd_create+0x356/0x1140 [obdclass]
00142  ? llog_create+0x2ed/0x530 [obdclass]
00142  ? llog_cat_new_log+0x6c3/0x2bf0 [obdclass]
00142  ? llog_cat_add_rec+0x6ba/0x1960 [obdclass]
00142  ? llog_cat_add+0x451/0x890 [obdclass]
00142  ? llog_test_12+0xfdb/0x2d90 [llog_test]
00142  ? llog_run_tests+0x4434/0x5ac0 [llog_test]
00142  ? get_random_u32+0x51/0x470
00142  ? llog_test_device_init+0x503/0x840 [llog_test]
00142  ? obd_setup+0x559/0x960 [obdclass]
00142  ? class_setup+0xc7d/0x10e0 [obdclass]
00142  ? class_process_config+0x2edb/0x7cb0 [obdclass]
00142  ? class_handle_ioctl+0x2055/0x3590 [obdclass]
00142  ? obd_class_ioctl+0x1f6/0x3c0 [obdclass]
00142  ? __x64_sys_ioctl+0x961/0xe00
00142  ? _copy_to_user+0x3d/0x60
00142  ? __x64_sys_rt_sigaction+0x107/0x140
00142  ? do_syscall_64+0xc1/0x350
00142  ? entry_SYSCALL_64_after_hwframe+0x4b/0x53
00142  </TASK>
00142 ---[ end trace 0000000000000000 ]---
00142 ==================================================================
00142 BUG: KASAN: slab-out-of-bounds in llog_osd_next_block+0x13e1/0x3340 [obdclass]
00142 Read of size 4 at addr ffff888243d3b036 by task lctl/2175
00142 
00142 CPU: 15 UID: 0 PID: 2175 Comm: lctl Tainted: G        W  O        7.0.0-ktest-a0e6133-6330a45-20260727-dirty #1 PREEMPT 
00142 Tainted: [W]=WARN, [O]=OOT_MODULE
00142 Hardware name: QEMU Standard PC (Q35 + ICH9, 2009), BIOS 2025.11-3ubuntu7 03/31/2026
00142 Call Trace:
00142  <TASK>
00142  dump_stack_lvl+0x52/0x80
00142  print_report+0xbc/0x260
00142  ? llog_osd_next_block+0x13e1/0x3340 [obdclass]
00142  kasan_report+0xa2/0xd0
00142  ? llog_osd_next_block+0x13e1/0x3340 [obdclass]
00142  llog_osd_next_block+0x13e1/0x3340 [obdclass]
00142  ? local_trylock_acquire+0x23/0x70
00142  llog_process_thread+0xdd7/0x4f70 [obdclass]
00142  ? entry_SYSCALL_64_after_hwframe+0x4b/0x53
00142  ? task_work_add+0x177/0x210
00142  llog_process_or_fork+0x656/0xc90 [obdclass]
00142  ? llog_cat_process+0x30/0x30 [obdclass]
00142  llog_cat_process_or_fork+0x780/0xdb0 [obdclass]
00142  ? llog_cat_process+0x30/0x30 [obdclass]
00142  ? llog_cancel_rec_cb+0x450/0x450 [llog_test]
00142  llog_cat_process+0x24/0x30 [obdclass]
00142  llog_test_12+0xf58/0x2d90 [llog_test]
00142  llog_run_tests+0x4434/0x5ac0 [llog_test]
00142  ? get_random_u32+0x51/0x470
00142  llog_test_device_init+0x503/0x840 [llog_test]
00142  obd_setup+0x559/0x960 [obdclass]
00142  class_setup+0xc7d/0x10e0 [obdclass]
00142  class_process_config+0x2edb/0x7cb0 [obdclass]
00142  class_handle_ioctl+0x2055/0x3590 [obdclass]
00142  obd_class_ioctl+0x1f6/0x3c0 [obdclass]
00142  __x64_sys_ioctl+0x961/0xe00
00142  ? _copy_to_user+0x3d/0x60
00142  ? __x64_sys_rt_sigaction+0x107/0x140
00142  do_syscall_64+0xc1/0x350
00142  entry_SYSCALL_64_after_hwframe+0x4b/0x53
00142 RIP: 0033:0x7fc510b24e1d
00142 Code: 04 25 28 00 00 00 48 89 45 c8 31 c0 48 8d 45 10 c7 45 b0 10 00 00 00 48 89 45 b8 48 8d 45 d0 48 89 45 c0 b8 10 00 00 00 0f 05 <89> c2 3d 00 f0 ff ff 77 1a 48 8b 45 c8 64 48 2b 04 25 28 00 00 00
00142 RSP: 002b:00007ffc05248210 EFLAGS: 00000246 ORIG_RAX: 0000000000000010
00142 RAX: ffffffffffffffda RBX: 00007fc510d641f0 RCX: 00007fc510b24e1d
00142 RDX: 00007ffc052484f0 RSI: 00000000c00866b8 RDI: 0000000000000003
00142 RBP: 00007ffc05248260 R08: 00007ffc052482b0 R09: 00007ffc052484f0
00142 R10: 0000555b66eaf930 R11: 0000000000000246 R12: 00007ffc052484f0
00142 R13: 0000555b63f68822 R14: 0000000000000000 R15: 00007ffc0524a570
00142  </TASK>
00142 
00142 The buggy address belongs to the object at ffff888243d38000
00142  which belongs to the cache kmalloc-8k of size 8192
00142 The buggy address is located 4150 bytes to the right of
00142  allocated 8192-byte region [ffff888243d38000, ffff888243d3a000)
00142 
00142 The buggy address belongs to the physical page:
00142 page: refcount:0 mapcount:0 mapping:0000000000000000 index:0x0 pfn:0x243d38
00142 head: order:3 mapcount:0 entire_mapcount:0 nr_pages_mapped:0 pincount:0
00142 flags: 0x8000000000000040(head|zone=2)
00142 page_type: f5(slab)
00142 raw: 8000000000000040 ffff888100042e00 dead000000000122 0000000000000000
00142 raw: 0000000000000000 0000400000020002 00000000f5000000 ffff888243d3a010
00142 head: 8000000000000040 ffff888100042e00 dead000000000122 0000000000000000
00142 head: 0000000000000000 0000400000020002 00000000f5000000 ffff888243d3a010
00142 head: 8000000000000003 ffffea00090f4e01 00000000ffffffff 00000000ffffffff
00142 head: ffffffffffffffff 0000000000000000 00000000ffffffff 0000000000000008
00142 page dumped because: kasan: bad access detected
00142 
00142 Memory state around the buggy address:
00142  ffff888243d3af00: fc fc fc fc fc fc fc fc fc fc fc fc fc fc fc fc
00142  ffff888243d3af80: fc fc fc fc fc fc fc fc fc fc fc fc fc fc fc fc
00142 >ffff888243d3b000: fc fc fc fc fc fc fc fc fc fc fc fc fc fc fc fc
00142                                      ^
00142  ffff888243d3b080: fc fc fc fc fc fc fc fc fc fc fc fc fc fc fc fc
00142  ffff888243d3b100: fc fc fc fc fc fc fc fc fc fc fc fc fc fc fc fc
00142 ==================================================================
00142 Disabling lock debugging due to kernel taint
00142 Lustre: 2175:0:(llog_test.c:2464:llog_test_12()) 12: put newly-created catalog
00142 Lustre: 2175:0:(llog_test.c:2532:llog_test_13()) 13a: create a catalog log with name: 27f92725
00142 Lustre: 2175:0:(llog_test.c:2548:llog_test_13()) 13b: write 1 record into the catalog
00142 LustreError: 2175:0:(llog_test.c:2559:llog_test_13()) 13b: found 8 plain llogs
00142 Lustre: 2175:0:(llog_test.c:2561:llog_test_13()) 13c: erase plain llog
00142 LustreError: 2175:0:(llog_cat.c:404:llog_cat_id2handle()) MGS: error opening log id [0x1:0x4f:0x0]: rc = -2
00142 Lustre: 2175:0:(llog_test.c:2581:llog_test_13()) 13d: forward process: found=1708 rc=0
00142 Lustre: 2175:0:(llog_test.c:2585:llog_test_13()) 13e: erase another plain llog
00142 Lustre: 2175:0:(llog_test.c:2605:llog_test_13()) 13e: backward process: found=1367 rc=0
00142 Lustre: 2175:0:(llog_test.c:2608:llog_test_13()) 13f: put newly-created catalog
00147 ========= FAILED TIMEOUT llog-unit in 240s
Error 1 at /home/ktest/ktest/lib/libktest.sh 587 from: "$ktest_dir/lib/supervisor" -S -F -T "$ktest_timeout" -b "$test_basename" -o "$test_logdir" -f "$test_basename.$(date -Iseconds).log" -- "${qemu_cmd[@]}", exiting
Error 1 at ./qlkbuild 187 from: "$ktest_dir/lib/supervisor" -S -F -T "$ktest_timeout" -b "$test_basename" -o "$test_logdir" -f "$test_basename.$(date -Iseconds).log" -- "${qemu_cmd[@]}", exiting
Error 1 at ./qlkbuild 1202 from: "$ktest_dir/lib/supervisor" -S -F -T "$ktest_timeout" -b "$test_basename" -o "$test_logdir" -f "$test_basename.$(date -Iseconds).log" -- "${qemu_cmd[@]}", exiting
