WARNING:SPLIT_STRING: quoted string split across lines
#84: FILE: lnet/lnet/lib-disc-view.c:58:
+		 "Required externally supplied discovery visibility policies, "
+		 "comma-separated: servicenode (or none)");

WARNING:MEMORY_BARRIER: memory barrier without comment
#102: FILE: lnet/lnet/lib-disc-view.c:76:
+	unsigned long ready = smp_load_acquire(&lnet_external_disc_ready);

WARNING:SPLIT_STRING: quoted string split across lines
#152: FILE: lnet/lnet/lib-disc-view.c:126:
+			CERROR("%s: empty external_disc_visibility policy: "
+			       "rc = %d\n", __func__, rc);

WARNING:SPLIT_STRING: quoted string split across lines
#159: FILE: lnet/lnet/lib-disc-view.c:133:
+				CERROR("%s: duplicate external_disc_visibility "
+				       "policy 'none': rc = %d\n",

WARNING:SPLIT_STRING: quoted string split across lines
#173: FILE: lnet/lnet/lib-disc-view.c:147:
+		CERROR("%s: unknown external_disc_visibility policy '%s': "
+		       "rc = %d\n", __func__, tok, rc);

WARNING:SPLIT_STRING: quoted string split across lines
#182: FILE: lnet/lnet/lib-disc-view.c:156:
+		CERROR("%s: external_disc_visibility 'none' cannot be combined: "
+		       "rc = %d\n", __func__, rc);

WARNING:LONG_LINE_STRING: line length of 186 exceeds 100 columns
#659: FILE: lnet/lnet/lib-disc-view.c:1281:
+		CERROR("servicenode discovery: %d ungrouped NI(s) exceed lnet_interfaces_max=%d and get no discovery view; they are unreachable by discovery until the limit is raised\n",

WARNING:MEMORY_BARRIER: memory barrier without comment
#983: FILE: lnet/lnet/lib-disc-view.c:1685:
+		smp_store_release(&lnet_external_disc_required, required);

WARNING:MEMORY_BARRIER: memory barrier without comment
#1083: FILE: lnet/lnet/lib-disc-view.c:1785:
+			smp_store_release(&dv->dv_pbuf->pb_disc_view_ready, false);

WARNING:MEMORY_BARRIER: memory barrier without comment
#1120: FILE: lnet/lnet/lib-disc-view.c:1822:
+			smp_store_release(&dv->dv_pbuf->pb_disc_view_ready, true);

WARNING:STRCPY: Prefer strscpy over strcpy - see: https://github.com/KSPP/linux/issues/88
#1212: FILE: lnet/lnet/lib-disc-view.c:1914:
+	strcpy(svc->ds_name, name);

WARNING:MEMORY_BARRIER: memory barrier without comment
#1648: FILE: lnet/lnet/lib-disc-view.c:2465:
+	int count = smp_load_acquire(

WARNING:MEMORY_BARRIER: memory barrier without comment
#1703: FILE: lnet/lnet/lib-disc-view.c:2580:
+	int count = smp_load_acquire(

WARNING:MEMORY_BARRIER: memory barrier without comment
#2302: FILE: lnet/lnet/lib-disc-view.c:3365:
+		smp_wmb();

WARNING:MEMORY_BARRIER: memory barrier without comment
#2309: FILE: lnet/lnet/lib-disc-view.c:3372:
+		smp_store_release(&lnet_disc_active_policy_count,

total: 0 errors, 15 warnings, 2373 lines checked

NOTE: For some of the reported defects, checkpatch may be able to
      mechanically convert to the typical style using --fix or --fix-inplace.

Your patch has style problems, please review.

NOTE: If any of the errors are false positives, please report
      them to the maintainer, see CHECKPATCH in MAINTAINERS.
