CLI: ./pk --podman-socket unix:///run/podman/podman.sock --shared-filesystem /tmp --tarball-input job lustre-ci --output /var/www/ci-lustre/upstream-patch-review --git-hash a17d80f3d257ff553864084739db3e51f4ee1cbc --change-id 67620_a17d80f3d257ff553864084739db3e51f4ee1cbc --subject LU-19921 nodemap: Skip nodemap update and lock revocation

Environment validated successfully
Note: custom LLVM is not synced in tarball input mode
Creating kernel tarball at /tmp/ktest-kernel.tar.gz...
Creating lustre tarball at /tmp/ktest-lustre.tar.gz...
Creating ZFS tarball at /tmp/ktest-zfs.tar.gz...
Executing 14 jobs
Jobs will start as soon as their dependencies are satisfied
Using tarball input mode

START checkpatch:checkpatch tool checkpatch
START ml:lustre_mainline build tests/fs/lustre/boot.ktest
START al2023:al2023 build tests/fs/lustre/boot.ktest
START ml-miscvm:lustre_mainline_native build tests/fs/lustre/boot.ktest
START u24:u24 build tests/fs/lustre/boot.ktest
START ml-strict:lustre_mainline build tests/fs/lustre/boot-strict.ktest
PUT /tmp/ktest-lustre.tar.gz 1s
PUT /tmp/ktest-lustre.tar.gz 1s
PUT /tmp/ktest-kernel.tar.gz 6s
PUT /tmp/ktest-kernel.tar.gz 7s
PUT /tmp/ktest-kernel.tar.gz 7s
PUT /tmp/ktest-kernel.tar.gz 7s
PUT /tmp/ktest-lustre.tar.gz 3s
PUT /tmp/ktest-lustre.tar.gz 3s
PUT /tmp/ktest-lustre.tar.gz 3s
PUT /tmp/ktest-lustre.tar.gz 4s
PUT /tmp/ktest-zfs.tar.gz 0s
PUT /tmp/ktest-zfs.tar.gz 0s
PUT /tmp/ktest-zfs.tar.gz 0s
END checkpatch:checkpatch tool checkpatch PASS 13s
END u24:u24 build tests/fs/lustre/boot.ktest PASS 41s
END al2023:al2023 build tests/fs/lustre/boot.ktest PASS 46s
GET /tmp/ktest_ml-strict:lustre_mainline_40ey2497.tar 5s
END ml-strict:lustre_mainline build tests/fs/lustre/boot-strict.ktest FAIL 167s (exit code: 1)
GET /tmp/ktest_ml:lustre_mainline_zpj4xvfu.tar 2s
GET /tmp/ktest_ml-miscvm:lustre_mainline_native_vtirmnq3.tar 11s
END ml:lustre_mainline build tests/fs/lustre/boot.ktest PASS 168s
END ml-miscvm:lustre_mainline_native build tests/fs/lustre/boot.ktest PASS 170s
START ml-miscvm:boot run tests/fs/lustre/boot.ktest
START ml-miscvm:llmount run tests/fs/lustre/llmount.ktest
START ml-miscvm:llog-unit run tests/fs/lustre/llog-unit.ktest
START ml-miscvm:mgs-setup run tests/fs/lustre/mgs-setup.ktest
START ml-miscvm:sanity-1 run tests/fs/lustre/sanity/sanity-1.ktest
START ml-miscvm:sanity-2 run tests/fs/lustre/sanity/sanity-2.ktest
START ml-miscvm:sanity-3 run tests/fs/lustre/sanity/sanity-3.ktest
START ml-miscvm:sanity-4 run tests/fs/lustre/sanity/sanity-4.ktest
PUT /tmp/ktest-kernel.tar.gz 33s
PUT /tmp/ktest-kernel.tar.gz 33s
PUT /tmp/ktest-kernel.tar.gz 33s
PUT /tmp/ktest-kernel.tar.gz 34s
PUT /tmp/ktest-kernel.tar.gz 34s
PUT /tmp/ktest-kernel.tar.gz 34s
PUT /tmp/ktest-kernel.tar.gz 34s
PUT /tmp/ktest-kernel.tar.gz 34s
PUT /tmp/ktest-lustre.tar.gz 11s
PUT /tmp/ktest-lustre.tar.gz 10s
PUT /tmp/ktest-lustre.tar.gz 11s
PUT /tmp/ktest-lustre.tar.gz 11s
PUT /tmp/ktest-lustre.tar.gz 11s
PUT /tmp/ktest-lustre.tar.gz 10s
PUT /tmp/ktest-lustre.tar.gz 11s
PUT /tmp/ktest-lustre.tar.gz 10s
PUT /tmp/ktest_ml-miscvm:lustre_mainline_native_vtirmnq3.tar 1s
PUT /tmp/ktest_ml-miscvm:lustre_mainline_native_vtirmnq3.tar 1s
PUT /tmp/ktest_ml-miscvm:lustre_mainline_native_vtirmnq3.tar 1s
PUT /tmp/ktest_ml-miscvm:lustre_mainline_native_vtirmnq3.tar 1s
PUT /tmp/ktest_ml-miscvm:lustre_mainline_native_vtirmnq3.tar 1s
PUT /tmp/ktest_ml-miscvm:lustre_mainline_native_vtirmnq3.tar 1s
PUT /tmp/ktest_ml-miscvm:lustre_mainline_native_vtirmnq3.tar 1s
PUT /tmp/ktest_ml-miscvm:lustre_mainline_native_vtirmnq3.tar 1s
END ml-miscvm:boot run tests/fs/lustre/boot.ktest PASS 58s
END ml-miscvm:mgs-setup run tests/fs/lustre/mgs-setup.ktest PASS 68s
END ml-miscvm:sanity-4 run tests/fs/lustre/sanity/sanity-4.ktest PASS 95s
END ml-miscvm:sanity-1 run tests/fs/lustre/sanity/sanity-1.ktest PASS 97s
END ml-miscvm:llmount run tests/fs/lustre/llmount.ktest PASS 107s
END ml-miscvm:sanity-3 run tests/fs/lustre/sanity/sanity-3.ktest PASS 108s
END ml-miscvm:sanity-2 run tests/fs/lustre/sanity/sanity-2.ktest PASS 110s
END ml-miscvm:llog-unit run tests/fs/lustre/llog-unit.ktest FAIL 144s (exit code: 1)

============================================================
Final Results:
  checkpatch:checkpatch: PASS (13s) (log: /var/www/ci-lustre/upstream-patch-review/a17d80f3d257ff553864084739db3e51f4ee1cbc_checkpatch:checkpatch.log)
  u24:u24: PASS (41s) (log: /var/www/ci-lustre/upstream-patch-review/a17d80f3d257ff553864084739db3e51f4ee1cbc_u24:u24.log)
  al2023:al2023: PASS (46s) (log: /var/www/ci-lustre/upstream-patch-review/a17d80f3d257ff553864084739db3e51f4ee1cbc_al2023:al2023.log)
  ml-strict:lustre_mainline: FAIL (167s) (log: /var/www/ci-lustre/upstream-patch-review/a17d80f3d257ff553864084739db3e51f4ee1cbc_ml-strict:lustre_mainline.log)
  ml:lustre_mainline: PASS (168s) (log: /var/www/ci-lustre/upstream-patch-review/a17d80f3d257ff553864084739db3e51f4ee1cbc_ml:lustre_mainline.log)
  ml-miscvm:lustre_mainline_native: PASS (170s) (log: /var/www/ci-lustre/upstream-patch-review/a17d80f3d257ff553864084739db3e51f4ee1cbc_ml-miscvm:lustre_mainline_native.log)
  ml-miscvm:boot: PASS (58s) (log: /var/www/ci-lustre/upstream-patch-review/a17d80f3d257ff553864084739db3e51f4ee1cbc_ml-miscvm:boot.log)
  ml-miscvm:llmount: PASS (107s) (log: /var/www/ci-lustre/upstream-patch-review/a17d80f3d257ff553864084739db3e51f4ee1cbc_ml-miscvm:llmount.log)
  ml-miscvm:llog-unit: FAIL (144s) (log: /var/www/ci-lustre/upstream-patch-review/a17d80f3d257ff553864084739db3e51f4ee1cbc_ml-miscvm:llog-unit.log)
  ml-miscvm:mgs-setup: PASS (68s) (log: /var/www/ci-lustre/upstream-patch-review/a17d80f3d257ff553864084739db3e51f4ee1cbc_ml-miscvm:mgs-setup.log)
  ml-miscvm:sanity-1: PASS (97s) (log: /var/www/ci-lustre/upstream-patch-review/a17d80f3d257ff553864084739db3e51f4ee1cbc_ml-miscvm:sanity-1.log)
  ml-miscvm:sanity-2: PASS (110s) (log: /var/www/ci-lustre/upstream-patch-review/a17d80f3d257ff553864084739db3e51f4ee1cbc_ml-miscvm:sanity-2.log)
  ml-miscvm:sanity-3: PASS (108s) (log: /var/www/ci-lustre/upstream-patch-review/a17d80f3d257ff553864084739db3e51f4ee1cbc_ml-miscvm:sanity-3.log)
  ml-miscvm:sanity-4: PASS (95s) (log: /var/www/ci-lustre/upstream-patch-review/a17d80f3d257ff553864084739db3e51f4ee1cbc_ml-miscvm:sanity-4.log)

Total execution time: 344s

Packed 2192 logs from /var/www/ci-lustre/upstream-patch-review into /home/ktest/ktest/local-site/local_data.js
Open /home/ktest/ktest/local-site/index.html in a browser
