CLI: ./pk --podman-socket unix:///run/user/1000/podman/podman.sock --shared-filesystem /tmp --tarball-input job lustre-ci --output /var/www/ci-lustre/upstream-patch-review --git-hash a38bebbc8f0ed942aad029110a2fd415c9a23ddd --change-id 68699_a38bebbc8f0ed942aad029110a2fd415c9a23ddd --subject LU-19921 build: add l_gssiam_* files to .gitignore

Environment validated successfully
Note: custom LLVM is not synced in tarball input mode
Creating kernel tarball at /tmp/ktest-kernel.tar.gz...
Creating lustre tarball at /tmp/ktest-lustre.tar.gz...
Creating ZFS tarball at /tmp/ktest-zfs.tar.gz...
Executing 14 jobs
Jobs will start as soon as their dependencies are satisfied
Using tarball input mode

START al2023:al2023 build tests/fs/lustre/boot.ktest
START u24:u24 build tests/fs/lustre/boot.ktest
START ml:lustre_mainline build tests/fs/lustre/boot.ktest
START ml-strict:lustre_mainline build tests/fs/lustre/boot-strict.ktest
START ml-miscvm:lustre_mainline_native build tests/fs/lustre/boot.ktest
START checkpatch:checkpatch tool checkpatch
PUT /tmp/ktest-lustre.tar.gz 1s
PUT /tmp/ktest-lustre.tar.gz 1s
PUT /tmp/ktest-kernel.tar.gz 8s
PUT /tmp/ktest-kernel.tar.gz 8s
PUT /tmp/ktest-kernel.tar.gz 8s
PUT /tmp/ktest-kernel.tar.gz 8s
PUT /tmp/ktest-lustre.tar.gz 4s
PUT /tmp/ktest-lustre.tar.gz 4s
PUT /tmp/ktest-lustre.tar.gz 3s
PUT /tmp/ktest-lustre.tar.gz 3s
PUT /tmp/ktest-zfs.tar.gz 0s
PUT /tmp/ktest-zfs.tar.gz 0s
PUT /tmp/ktest-zfs.tar.gz 0s
END checkpatch:checkpatch tool checkpatch PASS 15s
END u24:u24 build tests/fs/lustre/boot.ktest PASS 41s
END al2023:al2023 build tests/fs/lustre/boot.ktest PASS 47s
GET /tmp/ktest_ml-miscvm:lustre_mainline_native__34q644u.tar 0s
END ml-miscvm:lustre_mainline_native build tests/fs/lustre/boot.ktest PASS 153s
START ml-miscvm:boot run tests/fs/lustre/boot.ktest
START ml-miscvm:llmount run tests/fs/lustre/llmount.ktest
START ml-miscvm:llog-unit run tests/fs/lustre/llog-unit.ktest
START ml-miscvm:mgs-setup run tests/fs/lustre/mgs-setup.ktest
START ml-miscvm:sanity-1 run tests/fs/lustre/sanity/sanity-1.ktest
START ml-miscvm:sanity-2 run tests/fs/lustre/sanity/sanity-2.ktest
START ml-miscvm:sanity-3 run tests/fs/lustre/sanity/sanity-3.ktest
START ml-miscvm:sanity-4 run tests/fs/lustre/sanity/sanity-4.ktest
GET /tmp/ktest_ml-strict:lustre_mainline_x54qsncc.tar 6s
GET /tmp/ktest_ml:lustre_mainline_7gmwe2je.tar 34s
PUT /tmp/ktest-kernel.tar.gz 34s
END ml-strict:lustre_mainline build tests/fs/lustre/boot-strict.ktest FAIL 190s (exit code: 1)
PUT /tmp/ktest-kernel.tar.gz 35s
PUT /tmp/ktest-kernel.tar.gz 36s
PUT /tmp/ktest-kernel.tar.gz 37s
END ml:lustre_mainline build tests/fs/lustre/boot.ktest PASS 192s
PUT /tmp/ktest-lustre.tar.gz 12s
PUT /tmp/ktest-kernel.tar.gz 18s
PUT /tmp/ktest-lustre.tar.gz 20s
PUT /tmp/ktest-kernel.tar.gz 19s
PUT /tmp/ktest-lustre.tar.gz 21s
PUT /tmp/ktest-kernel.tar.gz 19s
PUT /tmp/ktest-kernel.tar.gz 19s
PUT /tmp/ktest-lustre.tar.gz 23s
PUT /tmp/ktest_ml-miscvm:lustre_mainline_native__34q644u.tar 13s
PUT /tmp/ktest_ml-miscvm:lustre_mainline_native__34q644u.tar 5s
PUT /tmp/ktest-lustre.tar.gz 5s
PUT /tmp/ktest_ml-miscvm:lustre_mainline_native__34q644u.tar 5s
PUT /tmp/ktest-lustre.tar.gz 5s
PUT /tmp/ktest-lustre.tar.gz 5s
PUT /tmp/ktest-lustre.tar.gz 5s
PUT /tmp/ktest_ml-miscvm:lustre_mainline_native__34q644u.tar 5s
PUT /tmp/ktest_ml-miscvm:lustre_mainline_native__34q644u.tar 1s
PUT /tmp/ktest_ml-miscvm:lustre_mainline_native__34q644u.tar 1s
PUT /tmp/ktest_ml-miscvm:lustre_mainline_native__34q644u.tar 1s
PUT /tmp/ktest_ml-miscvm:lustre_mainline_native__34q644u.tar 1s
END ml-miscvm:boot run tests/fs/lustre/boot.ktest PASS 75s
END ml-miscvm:mgs-setup run tests/fs/lustre/mgs-setup.ktest PASS 85s
END ml-miscvm:sanity-2 run tests/fs/lustre/sanity/sanity-2.ktest PASS 114s
END ml-miscvm:sanity-4 run tests/fs/lustre/sanity/sanity-4.ktest PASS 117s
END ml-miscvm:sanity-3 run tests/fs/lustre/sanity/sanity-3.ktest PASS 119s
END ml-miscvm:llmount run tests/fs/lustre/llmount.ktest PASS 127s
END ml-miscvm:sanity-1 run tests/fs/lustre/sanity/sanity-1.ktest PASS 128s
END ml-miscvm:llog-unit run tests/fs/lustre/llog-unit.ktest FAIL 163s (exit code: 1)

============================================================
Final Results:
  checkpatch:checkpatch: PASS (15s) (log: /var/www/ci-lustre/upstream-patch-review/a38bebbc8f0ed942aad029110a2fd415c9a23ddd_checkpatch:checkpatch.log)
  u24:u24: PASS (41s) (log: /var/www/ci-lustre/upstream-patch-review/a38bebbc8f0ed942aad029110a2fd415c9a23ddd_u24:u24.log)
  al2023:al2023: PASS (47s) (log: /var/www/ci-lustre/upstream-patch-review/a38bebbc8f0ed942aad029110a2fd415c9a23ddd_al2023:al2023.log)
  ml-strict:lustre_mainline: FAIL (190s) (log: /var/www/ci-lustre/upstream-patch-review/a38bebbc8f0ed942aad029110a2fd415c9a23ddd_ml-strict:lustre_mainline.log)
  ml:lustre_mainline: PASS (192s) (log: /var/www/ci-lustre/upstream-patch-review/a38bebbc8f0ed942aad029110a2fd415c9a23ddd_ml:lustre_mainline.log)
  ml-miscvm:lustre_mainline_native: PASS (153s) (log: /var/www/ci-lustre/upstream-patch-review/a38bebbc8f0ed942aad029110a2fd415c9a23ddd_ml-miscvm:lustre_mainline_native.log)
  ml-miscvm:boot: PASS (75s) (log: /var/www/ci-lustre/upstream-patch-review/a38bebbc8f0ed942aad029110a2fd415c9a23ddd_ml-miscvm:boot.log)
  ml-miscvm:llmount: PASS (127s) (log: /var/www/ci-lustre/upstream-patch-review/a38bebbc8f0ed942aad029110a2fd415c9a23ddd_ml-miscvm:llmount.log)
  ml-miscvm:llog-unit: FAIL (163s) (log: /var/www/ci-lustre/upstream-patch-review/a38bebbc8f0ed942aad029110a2fd415c9a23ddd_ml-miscvm:llog-unit.log)
  ml-miscvm:mgs-setup: PASS (85s) (log: /var/www/ci-lustre/upstream-patch-review/a38bebbc8f0ed942aad029110a2fd415c9a23ddd_ml-miscvm:mgs-setup.log)
  ml-miscvm:sanity-1: PASS (128s) (log: /var/www/ci-lustre/upstream-patch-review/a38bebbc8f0ed942aad029110a2fd415c9a23ddd_ml-miscvm:sanity-1.log)
  ml-miscvm:sanity-2: PASS (114s) (log: /var/www/ci-lustre/upstream-patch-review/a38bebbc8f0ed942aad029110a2fd415c9a23ddd_ml-miscvm:sanity-2.log)
  ml-miscvm:sanity-3: PASS (119s) (log: /var/www/ci-lustre/upstream-patch-review/a38bebbc8f0ed942aad029110a2fd415c9a23ddd_ml-miscvm:sanity-3.log)
  ml-miscvm:sanity-4: PASS (117s) (log: /var/www/ci-lustre/upstream-patch-review/a38bebbc8f0ed942aad029110a2fd415c9a23ddd_ml-miscvm:sanity-4.log)

Total execution time: 346s

Packed 1135 logs from /var/www/ci-lustre/upstream-patch-review into /home/ktest/ktest/local-site/local_data.js
Open /home/ktest/ktest/local-site/index.html in a browser
