00003 
00012 RDSEED32 is broken. Disabling the corresponding CPUID bit.
00017 init: failed to load nvme_core
00017 init: failed to load nvme
00017 init: failed to load zfs
00018 LNetError: 1:0:(lib-socket.c:619:lnet_inet_enumerate()) lnet: Can't find any usable interfaces, rc = -ENOENT
00018 LNetError: Error -100 starting up LNI tcp
00018 LustreError: 1:0:(events.c:627:ptlrpc_init_portals()) network initialisation failed: rc = -100
00019 init: finit_module /lib/modules/7.0.0-ktest-a3acf5f-6330a45-20260726-dirty/updates/ptlrpc.ko: Network is down
00019 init: failed to load lustre
00019 init: failed to load osd_zfs
00019 init: failed to load iwlwifi
00019 init: failed to load iwlmvm
00019 init: failed to load mt7921e
00019 init: failed to load i915
00019 init: failed to load nouveau
00032 tlp: vm.laptop_mode is deprecated. Ignoring setting.
00032 Kernel version: 7.0.0-ktest-a3acf5f-6330a45-20260726-dirty
00032 hook init_noop
00033 
00033 Running tests boot
00033 
00033 ========= TEST   boot
00033 boot
00033 
00033 ========= PASSED boot in 0s
00033 
00033 Passed: boot
00033 Failed: 
00033 NOTICE: Automounting of tracing to debugfs is deprecated and will be removed in 2030
00033 Kernel version: 7.0.0-ktest-a3acf5f-6330a45-20260726-dirty
00033 TEST SUCCESS
