WARNING:MACRO_ARG_UNUSED: Argument 'pgno' is not used in function-like macro
#112: FILE: lustre/include/lustre_crypto.h:50:
+#define llcrypt_encrypt_pagecache_blocks(folio, pgno, len, offs, gfp_flags) \
+	fscrypt_encrypt_pagecache_blocks(folio, len, offs, gfp_flags)

WARNING:MACRO_ARG_UNUSED: Argument 'pgno' is not used in function-like macro
#114: FILE: lustre/include/lustre_crypto.h:52:
+#define llcrypt_decrypt_pagecache_blocks(folio, pgno, len, offs)	\
+	fscrypt_decrypt_pagecache_blocks(folio, len, offs)

WARNING:MACRO_ARG_UNUSED: Argument 'parent' is not used in function-like macro
#121: FILE: lustre/include/lustre_crypto.h:59:
+#define llcrypt_set_context(parent, child, fs_data)                    \
+	fscrypt_set_context(child, fs_data)

WARNING:MACRO_ARG_UNUSED: Argument 'pgno' is not used in function-like macro
#138: FILE: lustre/include/lustre_crypto.h:77:
+#define llcrypt_finalize_bounce_page(folio, pgno)			\
+	fscrypt_finalize_bounce_page(folio)

WARNING:BLOCK_COMMENT_STYLE: Block comments use a trailing */ on a separate line
#622: FILE: lustre/llite/namei.c:1626:
+		     open_flags & O_DIRECT)*/

total: 0 errors, 5 warnings, 1096 lines checked

NOTE: For some of the reported defects, checkpatch may be able to
      mechanically convert to the typical style using --fix or --fix-inplace.

Your patch has style problems, please review.

NOTE: If any of the errors are false positives, please report
      them to the maintainer, see CHECKPATCH in MAINTAINERS.
