CLI: ./pk --podman-socket unix:///run/user/1000/podman/podman.sock --shared-filesystem /tmp --tarball-input job lustre-ci --output /var/www/ci-lustre/upstream-patch-review --git-hash a546924de01f9e3245814979d8b2448e42583e23 --change-id 68774_a546924de01f9e3245814979d8b2448e42583e23 --subject LU-17000 brw: validate ioo_bufcnt against the niobuf array

Environment validated successfully
Note: custom LLVM is not synced in tarball input mode
Creating kernel tarball at /tmp/ktest-kernel.tar.gz...
Creating lustre tarball at /tmp/ktest-lustre.tar.gz...
Creating ZFS tarball at /tmp/ktest-zfs.tar.gz...
Executing 14 jobs
Jobs will start as soon as their dependencies are satisfied
Using tarball input mode

START ml-miscvm:lustre_mainline_native build tests/fs/lustre/boot.ktest
START checkpatch:checkpatch tool checkpatch
START ml:lustre_mainline build tests/fs/lustre/boot.ktest
START u24:u24 build tests/fs/lustre/boot.ktest
START ml-strict:lustre_mainline build tests/fs/lustre/boot-strict.ktest
START al2023:al2023 build tests/fs/lustre/boot.ktest
PUT /tmp/ktest-lustre.tar.gz 1s
PUT /tmp/ktest-lustre.tar.gz 1s
PUT /tmp/ktest-kernel.tar.gz 17s
PUT /tmp/ktest-kernel.tar.gz 17s
PUT /tmp/ktest-kernel.tar.gz 17s
PUT /tmp/ktest-kernel.tar.gz 17s
PUT /tmp/ktest-lustre.tar.gz 2s
PUT /tmp/ktest-lustre.tar.gz 1s
PUT /tmp/ktest-lustre.tar.gz 2s
PUT /tmp/ktest-lustre.tar.gz 2s
PUT /tmp/ktest-zfs.tar.gz 0s
PUT /tmp/ktest-zfs.tar.gz 0s
PUT /tmp/ktest-zfs.tar.gz 0s
END checkpatch:checkpatch tool checkpatch PASS 22s
END u24:u24 build tests/fs/lustre/boot.ktest PASS 48s
END al2023:al2023 build tests/fs/lustre/boot.ktest PASS 54s
GET /tmp/ktest_ml-strict:lustre_mainline_xhcba8nd.tar 4s
END ml-strict:lustre_mainline build tests/fs/lustre/boot-strict.ktest FAIL 170s (exit code: 1)
GET /tmp/ktest_ml:lustre_mainline_7xmj816i.tar 5s
END ml:lustre_mainline build tests/fs/lustre/boot.ktest PASS 174s
GET /tmp/ktest_ml-miscvm:lustre_mainline_native_zvbwd3if.tar 1s
END ml-miscvm:lustre_mainline_native build tests/fs/lustre/boot.ktest PASS 176s
START ml-miscvm:boot run tests/fs/lustre/boot.ktest
START ml-miscvm:llmount run tests/fs/lustre/llmount.ktest
START ml-miscvm:llog-unit run tests/fs/lustre/llog-unit.ktest
START ml-miscvm:mgs-setup run tests/fs/lustre/mgs-setup.ktest
START ml-miscvm:sanity-1 run tests/fs/lustre/sanity/sanity-1.ktest
START ml-miscvm:sanity-2 run tests/fs/lustre/sanity/sanity-2.ktest
START ml-miscvm:sanity-3 run tests/fs/lustre/sanity/sanity-3.ktest
START ml-miscvm:sanity-4 run tests/fs/lustre/sanity/sanity-4.ktest
PUT /tmp/ktest-kernel.tar.gz 36s
PUT /tmp/ktest-kernel.tar.gz 36s
PUT /tmp/ktest-kernel.tar.gz 36s
PUT /tmp/ktest-kernel.tar.gz 36s
PUT /tmp/ktest-kernel.tar.gz 36s
PUT /tmp/ktest-kernel.tar.gz 36s
PUT /tmp/ktest-kernel.tar.gz 36s
PUT /tmp/ktest-kernel.tar.gz 37s
PUT /tmp/ktest-lustre.tar.gz 12s
PUT /tmp/ktest-lustre.tar.gz 11s
PUT /tmp/ktest-lustre.tar.gz 12s
PUT /tmp/ktest-lustre.tar.gz 12s
PUT /tmp/ktest-lustre.tar.gz 11s
PUT /tmp/ktest-lustre.tar.gz 12s
PUT /tmp/ktest-lustre.tar.gz 12s
PUT /tmp/ktest-lustre.tar.gz 12s
PUT /tmp/ktest_ml-miscvm:lustre_mainline_native_zvbwd3if.tar 2s
PUT /tmp/ktest_ml-miscvm:lustre_mainline_native_zvbwd3if.tar 2s
PUT /tmp/ktest_ml-miscvm:lustre_mainline_native_zvbwd3if.tar 2s
PUT /tmp/ktest_ml-miscvm:lustre_mainline_native_zvbwd3if.tar 2s
PUT /tmp/ktest_ml-miscvm:lustre_mainline_native_zvbwd3if.tar 2s
PUT /tmp/ktest_ml-miscvm:lustre_mainline_native_zvbwd3if.tar 2s
PUT /tmp/ktest_ml-miscvm:lustre_mainline_native_zvbwd3if.tar 2s
PUT /tmp/ktest_ml-miscvm:lustre_mainline_native_zvbwd3if.tar 2s
END ml-miscvm:boot run tests/fs/lustre/boot.ktest PASS 64s
END ml-miscvm:mgs-setup run tests/fs/lustre/mgs-setup.ktest PASS 72s
END ml-miscvm:sanity-4 run tests/fs/lustre/sanity/sanity-4.ktest PASS 103s
END ml-miscvm:sanity-3 run tests/fs/lustre/sanity/sanity-3.ktest PASS 105s
END ml-miscvm:sanity-2 run tests/fs/lustre/sanity/sanity-2.ktest PASS 106s
END ml-miscvm:sanity-1 run tests/fs/lustre/sanity/sanity-1.ktest PASS 115s
END ml-miscvm:llmount run tests/fs/lustre/llmount.ktest PASS 124s
END ml-miscvm:llog-unit run tests/fs/lustre/llog-unit.ktest FAIL 149s (exit code: 1)

============================================================
Final Results:
  checkpatch:checkpatch: PASS (22s) (log: /var/www/ci-lustre/upstream-patch-review/a546924de01f9e3245814979d8b2448e42583e23_checkpatch:checkpatch.log)
  u24:u24: PASS (48s) (log: /var/www/ci-lustre/upstream-patch-review/a546924de01f9e3245814979d8b2448e42583e23_u24:u24.log)
  al2023:al2023: PASS (54s) (log: /var/www/ci-lustre/upstream-patch-review/a546924de01f9e3245814979d8b2448e42583e23_al2023:al2023.log)
  ml-strict:lustre_mainline: FAIL (170s) (log: /var/www/ci-lustre/upstream-patch-review/a546924de01f9e3245814979d8b2448e42583e23_ml-strict:lustre_mainline.log)
  ml:lustre_mainline: PASS (174s) (log: /var/www/ci-lustre/upstream-patch-review/a546924de01f9e3245814979d8b2448e42583e23_ml:lustre_mainline.log)
  ml-miscvm:lustre_mainline_native: PASS (176s) (log: /var/www/ci-lustre/upstream-patch-review/a546924de01f9e3245814979d8b2448e42583e23_ml-miscvm:lustre_mainline_native.log)
  ml-miscvm:boot: PASS (64s) (log: /var/www/ci-lustre/upstream-patch-review/a546924de01f9e3245814979d8b2448e42583e23_ml-miscvm:boot.log)
  ml-miscvm:llmount: PASS (124s) (log: /var/www/ci-lustre/upstream-patch-review/a546924de01f9e3245814979d8b2448e42583e23_ml-miscvm:llmount.log)
  ml-miscvm:llog-unit: FAIL (149s) (log: /var/www/ci-lustre/upstream-patch-review/a546924de01f9e3245814979d8b2448e42583e23_ml-miscvm:llog-unit.log)
  ml-miscvm:mgs-setup: PASS (72s) (log: /var/www/ci-lustre/upstream-patch-review/a546924de01f9e3245814979d8b2448e42583e23_ml-miscvm:mgs-setup.log)
  ml-miscvm:sanity-1: PASS (115s) (log: /var/www/ci-lustre/upstream-patch-review/a546924de01f9e3245814979d8b2448e42583e23_ml-miscvm:sanity-1.log)
  ml-miscvm:sanity-2: PASS (106s) (log: /var/www/ci-lustre/upstream-patch-review/a546924de01f9e3245814979d8b2448e42583e23_ml-miscvm:sanity-2.log)
  ml-miscvm:sanity-3: PASS (105s) (log: /var/www/ci-lustre/upstream-patch-review/a546924de01f9e3245814979d8b2448e42583e23_ml-miscvm:sanity-3.log)
  ml-miscvm:sanity-4: PASS (103s) (log: /var/www/ci-lustre/upstream-patch-review/a546924de01f9e3245814979d8b2448e42583e23_ml-miscvm:sanity-4.log)

Total execution time: 355s

Packed 895 logs from /var/www/ci-lustre/upstream-patch-review into /home/ktest/ktest/local-site/local_data.js
Open /home/ktest/ktest/local-site/index.html in a browser
