WARNING:FILE_PATH_CHANGES: added, moved or deleted file(s), does MAINTAINERS need updating?
#2: 
new file mode 100644

WARNING:DEEP_INDENTATION: Too many leading tabs - consider code refactoring
#801: FILE: lnet/lnet/lib-disc-view.c:3420:
+						if (blocked_idx == LNET_DISC_MAX_VIEWS)

WARNING:STRCPY: Prefer strscpy over strcpy - see: https://github.com/KSPP/linux/issues/88
#1074: FILE: lnet/lnet/peer.c:1050:
+	strcpy(dps->dps_name, service);

WARNING:LONG_LINE_STRING: line length of 125 exceeds 100 columns
#1930: FILE: lustre/target/tgt_main.c:903:
+		CERROR("cannot disable LNet servicenode discovery policy: rc = %d; keeping the external requirement armed\n",

WARNING:LONG_LINE_STRING: line length of 117 exceeds 100 columns
#2623: FILE: lustre/target/tgt_mount.c:2125:
+			CWARN("%s: cannot update LNet servicenode visibility NIDs: rc = %d; deferring IR update%s\n",

WARNING:LONG_LINE_STRING: line length of 104 exceeds 100 columns
#2725: FILE: lustre/target/tgt_mount.c:2409:
+			CERROR("%s: cannot publish initial LNet servicenode visibility NIDs: rc = %d\n",

WARNING:LONG_LINE_STRING: line length of 118 exceeds 100 columns
#2781: FILE: lustre/target/tgt_mount.c:2607:
+				CWARN("%s: cannot clear LNet servicenode visibility NIDs: rc = %d; deferring retry\n",

WARNING:LONG_LINE_STRING: line length of 153 exceeds 100 columns
#2787: FILE: lustre/target/tgt_mount.c:2613:
+					CERROR("%s: cannot allocate deferred servicenode clear; stale visibility state may remain until LNet shutdown\n",

WARNING:LONG_LINE_STRING: line length of 103 exceeds 100 columns
#3017: FILE: lustre/tests/conf-sanity.sh:5767:
+	echo "SERVICENODE DEBUG: setup base_policy=$base_policy servicenode_policy=$servicenode_policy"

total: 0 errors, 9 warnings, 3333 lines checked

NOTE: For some of the reported defects, checkpatch may be able to
      mechanically convert to the typical style using --fix or --fix-inplace.

Your patch has style problems, please review.

NOTE: If any of the errors are false positives, please report
      them to the maintainer, see CHECKPATCH in MAINTAINERS.
