CLI: ./pk --podman-socket unix:///run/podman/podman.sock --shared-filesystem /tmp --tarball-input job lustre-ci --output /var/www/ci-lustre/upstream-patch-review --git-hash a7ca1799a35bbddcf5605779b26a00727eefb1c1 --change-id 68281_a7ca1799a35bbddcf5605779b26a00727eefb1c1 --subject LU-17000 lfsck: do not fail a scan for a vanished directory

Environment validated successfully
Note: custom LLVM is not synced in tarball input mode
Creating kernel tarball at /tmp/ktest-kernel.tar.gz...
Creating lustre tarball at /tmp/ktest-lustre.tar.gz...
Creating ZFS tarball at /tmp/ktest-zfs.tar.gz...
Executing 14 jobs
Jobs will start as soon as their dependencies are satisfied
Using tarball input mode

START u24:u24 build tests/fs/lustre/boot.ktest
START ml-strict:lustre_mainline build tests/fs/lustre/boot-strict.ktest
START al2023:al2023 build tests/fs/lustre/boot.ktest
START checkpatch:checkpatch tool checkpatch
START ml-miscvm:lustre_mainline_native build tests/fs/lustre/boot.ktest
START ml:lustre_mainline build tests/fs/lustre/boot.ktest
PUT /tmp/ktest-lustre.tar.gz 1s
PUT /tmp/ktest-lustre.tar.gz 1s
PUT /tmp/ktest-kernel.tar.gz 7s
PUT /tmp/ktest-kernel.tar.gz 7s
PUT /tmp/ktest-kernel.tar.gz 7s
PUT /tmp/ktest-kernel.tar.gz 7s
PUT /tmp/ktest-lustre.tar.gz 1s
PUT /tmp/ktest-lustre.tar.gz 1s
PUT /tmp/ktest-lustre.tar.gz 1s
PUT /tmp/ktest-lustre.tar.gz 1s
PUT /tmp/ktest-zfs.tar.gz 0s
PUT /tmp/ktest-zfs.tar.gz 0s
PUT /tmp/ktest-zfs.tar.gz 0s
END checkpatch:checkpatch tool checkpatch PASS 10s
END u24:u24 build tests/fs/lustre/boot.ktest PASS 35s
END al2023:al2023 build tests/fs/lustre/boot.ktest PASS 44s
GET /tmp/ktest_ml-miscvm:lustre_mainline_native_wfkri0rs.tar 0s
END ml-miscvm:lustre_mainline_native build tests/fs/lustre/boot.ktest PASS 142s
START ml-miscvm:boot run tests/fs/lustre/boot.ktest
START ml-miscvm:llmount run tests/fs/lustre/llmount.ktest
START ml-miscvm:llog-unit run tests/fs/lustre/llog-unit.ktest
START ml-miscvm:mgs-setup run tests/fs/lustre/mgs-setup.ktest
START ml-miscvm:sanity-1 run tests/fs/lustre/sanity/sanity-1.ktest
START ml-miscvm:sanity-2 run tests/fs/lustre/sanity/sanity-2.ktest
START ml-miscvm:sanity-3 run tests/fs/lustre/sanity/sanity-3.ktest
START ml-miscvm:sanity-4 run tests/fs/lustre/sanity/sanity-4.ktest
GET /tmp/ktest_ml:lustre_mainline_8fbebs3_.tar 0s
END ml:lustre_mainline build tests/fs/lustre/boot.ktest PASS 144s
GET /tmp/ktest_ml-strict:lustre_mainline_ijwiemaf.tar 5s
END ml-strict:lustre_mainline build tests/fs/lustre/boot-strict.ktest FAIL 148s (exit code: 1)
PUT /tmp/ktest-kernel.tar.gz 12s
PUT /tmp/ktest-kernel.tar.gz 13s
PUT /tmp/ktest-kernel.tar.gz 13s
PUT /tmp/ktest-kernel.tar.gz 11s
PUT /tmp/ktest-kernel.tar.gz 11s
PUT /tmp/ktest-kernel.tar.gz 14s
PUT /tmp/ktest-kernel.tar.gz 14s
PUT /tmp/ktest-kernel.tar.gz 14s
PUT /tmp/ktest-lustre.tar.gz 4s
PUT /tmp/ktest-lustre.tar.gz 4s
PUT /tmp/ktest-lustre.tar.gz 6s
PUT /tmp/ktest-lustre.tar.gz 5s
PUT /tmp/ktest-lustre.tar.gz 4s
PUT /tmp/ktest-lustre.tar.gz 5s
PUT /tmp/ktest-lustre.tar.gz 4s
PUT /tmp/ktest-lustre.tar.gz 5s
PUT /tmp/ktest_ml-miscvm:lustre_mainline_native_wfkri0rs.tar 0s
PUT /tmp/ktest_ml-miscvm:lustre_mainline_native_wfkri0rs.tar 0s
PUT /tmp/ktest_ml-miscvm:lustre_mainline_native_wfkri0rs.tar 0s
PUT /tmp/ktest_ml-miscvm:lustre_mainline_native_wfkri0rs.tar 0s
PUT /tmp/ktest_ml-miscvm:lustre_mainline_native_wfkri0rs.tar 0s
PUT /tmp/ktest_ml-miscvm:lustre_mainline_native_wfkri0rs.tar 0s
PUT /tmp/ktest_ml-miscvm:lustre_mainline_native_wfkri0rs.tar 0s
PUT /tmp/ktest_ml-miscvm:lustre_mainline_native_wfkri0rs.tar 0s
END ml-miscvm:boot run tests/fs/lustre/boot.ktest PASS 30s
END ml-miscvm:mgs-setup run tests/fs/lustre/mgs-setup.ktest PASS 40s
END ml-miscvm:sanity-2 run tests/fs/lustre/sanity/sanity-2.ktest PASS 67s
END ml-miscvm:sanity-4 run tests/fs/lustre/sanity/sanity-4.ktest PASS 69s
END ml-miscvm:sanity-3 run tests/fs/lustre/sanity/sanity-3.ktest PASS 70s
END ml-miscvm:sanity-1 run tests/fs/lustre/sanity/sanity-1.ktest PASS 72s
END ml-miscvm:llmount run tests/fs/lustre/llmount.ktest PASS 92s
END ml-miscvm:llog-unit run tests/fs/lustre/llog-unit.ktest FAIL 117s (exit code: 1)

============================================================
Final Results:
  checkpatch:checkpatch: PASS (10s) (log: /var/www/ci-lustre/upstream-patch-review/a7ca1799a35bbddcf5605779b26a00727eefb1c1_checkpatch:checkpatch.log)
  u24:u24: PASS (35s) (log: /var/www/ci-lustre/upstream-patch-review/a7ca1799a35bbddcf5605779b26a00727eefb1c1_u24:u24.log)
  al2023:al2023: PASS (44s) (log: /var/www/ci-lustre/upstream-patch-review/a7ca1799a35bbddcf5605779b26a00727eefb1c1_al2023:al2023.log)
  ml-strict:lustre_mainline: FAIL (148s) (log: /var/www/ci-lustre/upstream-patch-review/a7ca1799a35bbddcf5605779b26a00727eefb1c1_ml-strict:lustre_mainline.log)
  ml:lustre_mainline: PASS (144s) (log: /var/www/ci-lustre/upstream-patch-review/a7ca1799a35bbddcf5605779b26a00727eefb1c1_ml:lustre_mainline.log)
  ml-miscvm:lustre_mainline_native: PASS (142s) (log: /var/www/ci-lustre/upstream-patch-review/a7ca1799a35bbddcf5605779b26a00727eefb1c1_ml-miscvm:lustre_mainline_native.log)
  ml-miscvm:boot: PASS (30s) (log: /var/www/ci-lustre/upstream-patch-review/a7ca1799a35bbddcf5605779b26a00727eefb1c1_ml-miscvm:boot.log)
  ml-miscvm:llmount: PASS (92s) (log: /var/www/ci-lustre/upstream-patch-review/a7ca1799a35bbddcf5605779b26a00727eefb1c1_ml-miscvm:llmount.log)
  ml-miscvm:llog-unit: FAIL (117s) (log: /var/www/ci-lustre/upstream-patch-review/a7ca1799a35bbddcf5605779b26a00727eefb1c1_ml-miscvm:llog-unit.log)
  ml-miscvm:mgs-setup: PASS (40s) (log: /var/www/ci-lustre/upstream-patch-review/a7ca1799a35bbddcf5605779b26a00727eefb1c1_ml-miscvm:mgs-setup.log)
  ml-miscvm:sanity-1: PASS (72s) (log: /var/www/ci-lustre/upstream-patch-review/a7ca1799a35bbddcf5605779b26a00727eefb1c1_ml-miscvm:sanity-1.log)
  ml-miscvm:sanity-2: PASS (67s) (log: /var/www/ci-lustre/upstream-patch-review/a7ca1799a35bbddcf5605779b26a00727eefb1c1_ml-miscvm:sanity-2.log)
  ml-miscvm:sanity-3: PASS (70s) (log: /var/www/ci-lustre/upstream-patch-review/a7ca1799a35bbddcf5605779b26a00727eefb1c1_ml-miscvm:sanity-3.log)
  ml-miscvm:sanity-4: PASS (69s) (log: /var/www/ci-lustre/upstream-patch-review/a7ca1799a35bbddcf5605779b26a00727eefb1c1_ml-miscvm:sanity-4.log)

Total execution time: 289s

Packed 16031 logs from /var/www/ci-lustre/upstream-patch-review into /home/ktest/ktest/local-site/local_data.js
Open /home/ktest/ktest/local-site/index.html in a browser
