CLI: ./pk --podman-socket unix:///run/podman/podman.sock --shared-filesystem /tmp --tarball-input job lustre-ci --output /var/www/ci-lustre/upstream-patch-review --git-hash a8333224041f3b2854fceafcdd8016d743b4effb --change-id 68394_a8333224041f3b2854fceafcdd8016d743b4effb --subject LU-10026 csdc: Added client parameters for compression types.

Environment validated successfully
Note: custom LLVM is not synced in tarball input mode
Creating kernel tarball at /tmp/ktest-kernel.tar.gz...
Creating lustre tarball at /tmp/ktest-lustre.tar.gz...
Creating ZFS tarball at /tmp/ktest-zfs.tar.gz...
Executing 14 jobs
Jobs will start as soon as their dependencies are satisfied
Using tarball input mode

START al2023:al2023 build tests/fs/lustre/boot.ktest
START ml-strict:lustre_mainline build tests/fs/lustre/boot-strict.ktest
START u24:u24 build tests/fs/lustre/boot.ktest
START checkpatch:checkpatch tool checkpatch
START ml:lustre_mainline build tests/fs/lustre/boot.ktest
START ml-miscvm:lustre_mainline_native build tests/fs/lustre/boot.ktest
PUT /tmp/ktest-lustre.tar.gz 1s
PUT /tmp/ktest-lustre.tar.gz 1s
PUT /tmp/ktest-kernel.tar.gz 8s
PUT /tmp/ktest-kernel.tar.gz 8s
PUT /tmp/ktest-kernel.tar.gz 8s
PUT /tmp/ktest-kernel.tar.gz 8s
PUT /tmp/ktest-lustre.tar.gz 2s
PUT /tmp/ktest-lustre.tar.gz 2s
PUT /tmp/ktest-lustre.tar.gz 2s
PUT /tmp/ktest-lustre.tar.gz 2s
PUT /tmp/ktest-zfs.tar.gz 0s
PUT /tmp/ktest-zfs.tar.gz 0s
PUT /tmp/ktest-zfs.tar.gz 0s
END checkpatch:checkpatch tool checkpatch PASS 14s
END u24:u24 build tests/fs/lustre/boot.ktest PASS 38s
END al2023:al2023 build tests/fs/lustre/boot.ktest PASS 46s
GET /tmp/ktest_ml-strict:lustre_mainline_6l_rl49j.tar 4s
GET /tmp/ktest_ml-miscvm:lustre_mainline_native_dnvw7l0q.tar 5s
END ml-strict:lustre_mainline build tests/fs/lustre/boot-strict.ktest FAIL 146s (exit code: 1)
GET /tmp/ktest_ml:lustre_mainline_3ph5c7ce.tar 8sEND ml-miscvm:lustre_mainline_native build tests/fs/lustre/boot.ktest FAIL 148s (exit code: 1)

END ml:lustre_mainline build tests/fs/lustre/boot.ktest FAIL 150s (exit code: 1)

============================================================
Final Results:
  checkpatch:checkpatch: PASS (14s) (log: /var/www/ci-lustre/upstream-patch-review/a8333224041f3b2854fceafcdd8016d743b4effb_checkpatch:checkpatch.log)
  u24:u24: PASS (38s) (log: /var/www/ci-lustre/upstream-patch-review/a8333224041f3b2854fceafcdd8016d743b4effb_u24:u24.log)
  al2023:al2023: PASS (46s) (log: /var/www/ci-lustre/upstream-patch-review/a8333224041f3b2854fceafcdd8016d743b4effb_al2023:al2023.log)
  ml-strict:lustre_mainline: FAIL (146s) (log: /var/www/ci-lustre/upstream-patch-review/a8333224041f3b2854fceafcdd8016d743b4effb_ml-strict:lustre_mainline.log)
  ml:lustre_mainline: FAIL (150s) (log: /var/www/ci-lustre/upstream-patch-review/a8333224041f3b2854fceafcdd8016d743b4effb_ml:lustre_mainline.log)
  ml-miscvm:lustre_mainline_native: FAIL (148s) (log: /var/www/ci-lustre/upstream-patch-review/a8333224041f3b2854fceafcdd8016d743b4effb_ml-miscvm:lustre_mainline_native.log)
  ml-miscvm:boot: SKIPPED (due to dependency failure)
  ml-miscvm:llmount: SKIPPED (due to dependency failure)
  ml-miscvm:llog-unit: SKIPPED (due to dependency failure)
  ml-miscvm:mgs-setup: SKIPPED (due to dependency failure)
  ml-miscvm:sanity-1: SKIPPED (due to dependency failure)
  ml-miscvm:sanity-2: SKIPPED (due to dependency failure)
  ml-miscvm:sanity-3: SKIPPED (due to dependency failure)
  ml-miscvm:sanity-4: SKIPPED (due to dependency failure)

Total execution time: 180s

Packed 19267 logs from /var/www/ci-lustre/upstream-patch-review into /home/ktest/ktest/local-site/local_data.js
Open /home/ktest/ktest/local-site/index.html in a browser
