WARNING:LONG_LINE_STRING: line length of 109 exceeds 100 columns
#32: FILE: lustre/osd-ldiskfs/osd_compat.c:756:
+					CERROR("%s: the FID "DFID" is used by two objects(2): %u/%u %u/%u\n",

WARNING:LONG_LINE_STRING: line length of 109 exceeds 100 columns
#42: FILE: lustre/osd-ldiskfs/osd_compat.c:767:
+					CERROR("%s: the FID "DFID" is used by two objects(2): %u/%u %u/%u\n",

WARNING:MACRO_ARG_UNUSED: Argument 'h' is not used in function-like macro
#97: FILE: lustre/osd-ldiskfs/osd_handler.c:1789:
+#define osd_th_alloced(h)                  do {} while (0)

WARNING:MACRO_ARG_UNUSED: Argument 'h' is not used in function-like macro
#98: FILE: lustre/osd-ldiskfs/osd_handler.c:1790:
+#define osd_th_started(h)                  do {} while (0)

WARNING:LONG_LINE_STRING: line length of 105 exceeds 100 columns
#108: FILE: lustre/osd-ldiskfs/osd_handler.c:2036:
+		CERROR("%s: someone try to start transaction under readonly mode, should be disabled.\n",

WARNING:LONG_LINE_STRING: line length of 158 exceeds 100 columns
#173: FILE: lustre/osd-ldiskfs/osd_handler.c:8444:
+		CERROR("%s: device %s extents feature is not guaranteed to work on big-endian systems. Use \"bigendian_extents\" mount option to override.\n",

WARNING:LONG_LINE_STRING: line length of 210 exceeds 100 columns
#186: FILE: lustre/osd-ldiskfs/osd_handler.c:8567:
+		CWARN("%s: device %s was upgraded from Lustre-1.x without enabling the dirdata feature. If you do not want to downgrade to Lustre-1.x again, you can enable it via 'tune2fs -O dirdata device'\n",

WARNING:MACRO_ARG_UNUSED: Argument 'test' is not used in function-like macro
#270: FILE: lustre/osd-ldiskfs/osd_iam.h:137:
+#define assert_corr(test) do { } while (0)

WARNING:MACRO_ARG_UNUSED: Argument 'exp' is not used in function-like macro
#271: FILE: lustre/osd-ldiskfs/osd_iam.h:138:
+#define do_corr(exp) do { } while (0)

WARNING:MACRO_ARG_UNUSED: Argument 'test' is not used in function-like macro
#278: FILE: lustre/osd-ldiskfs/osd_iam.h:144:
+#define assert_inv(test) do { } while (0)

WARNING:LONG_LINE_STRING: line length of 102 exceeds 100 columns
#1735: FILE: lustre/osd-ldiskfs/osd_lproc.c:764:
+		LCONSOLE_WARN("%s: OST-index in IDIF has been enabled, it cannot be reverted back.\n",

WARNING:LONG_LINE_STRING: line length of 126 exceeds 100 columns
#1843: FILE: lustre/osd-ldiskfs/osd_scrub.c:534:
+		CERROR("%s: scan the same object multiple times at the pos: group = %u, base = %u, offset = %u, start = %u\n",

total: 0 errors, 12 warnings, 1952 lines checked

NOTE: For some of the reported defects, checkpatch may be able to
      mechanically convert to the typical style using --fix or --fix-inplace.

Your patch has style problems, please review.

NOTE: If any of the errors are false positives, please report
      them to the maintainer, see CHECKPATCH in MAINTAINERS.
