CLI: ./pk --podman-socket unix:///run/podman/podman.sock --shared-filesystem /tmp --tarball-input job lustre-ci --output /var/www/ci-lustre/upstream-patch-review --git-hash a913dae575c88bc3162c68e17f8de5a3c16c652e --change-id 67435_a913dae575c88bc3162c68e17f8de5a3c16c652e --subject LU-20424 ldiskfs: save dirdata in dirent for 6.12/6.18/7.0

Environment validated successfully
Note: custom LLVM is not synced in tarball input mode
Creating kernel tarball at /tmp/ktest-kernel.tar.gz...
Creating lustre tarball at /tmp/ktest-lustre.tar.gz...
Creating ZFS tarball at /tmp/ktest-zfs.tar.gz...
Executing 14 jobs
Jobs will start as soon as their dependencies are satisfied
Using tarball input mode

START u24:u24 build tests/fs/lustre/boot.ktest
START al2023:al2023 build tests/fs/lustre/boot.ktest
START ml-miscvm:lustre_mainline_native build tests/fs/lustre/boot.ktest
START ml-strict:lustre_mainline build tests/fs/lustre/boot-strict.ktest
START ml:lustre_mainline build tests/fs/lustre/boot.ktest
START checkpatch:checkpatch tool checkpatch
PUT /tmp/ktest-lustre.tar.gz 2s
PUT /tmp/ktest-lustre.tar.gz 3s
PUT /tmp/ktest-kernel.tar.gz 7s
PUT /tmp/ktest-kernel.tar.gz 8s
PUT /tmp/ktest-kernel.tar.gz 8s
PUT /tmp/ktest-kernel.tar.gz 8s
PUT /tmp/ktest-lustre.tar.gz 2s
PUT /tmp/ktest-lustre.tar.gz 2s
PUT /tmp/ktest-lustre.tar.gz 2s
PUT /tmp/ktest-lustre.tar.gz 2s
PUT /tmp/ktest-zfs.tar.gz 0s
PUT /tmp/ktest-zfs.tar.gz 0s
PUT /tmp/ktest-zfs.tar.gz 0s
END checkpatch:checkpatch tool checkpatch FAIL 13s (exit code: 1)
END u24:u24 build tests/fs/lustre/boot.ktest PASS 40s
END al2023:al2023 build tests/fs/lustre/boot.ktest PASS 47s
GET /tmp/ktest_ml:lustre_mainline_uvxhs3tj.tar 0s
GET /tmp/ktest_ml-strict:lustre_mainline_rvvtdr6c.tar 6sEND ml:lustre_mainline build tests/fs/lustre/boot.ktest PASS 141s

END ml-strict:lustre_mainline build tests/fs/lustre/boot-strict.ktest FAIL 143s (exit code: 1)
GET /tmp/ktest_ml-miscvm:lustre_mainline_native_03mvxp8r.tar 0s
END ml-miscvm:lustre_mainline_native build tests/fs/lustre/boot.ktest PASS 146s
START ml-miscvm:boot run tests/fs/lustre/boot.ktest
START ml-miscvm:llmount run tests/fs/lustre/llmount.ktest
START ml-miscvm:llog-unit run tests/fs/lustre/llog-unit.ktest
START ml-miscvm:mgs-setup run tests/fs/lustre/mgs-setup.ktest
START ml-miscvm:sanity-1 run tests/fs/lustre/sanity/sanity-1.ktest
START ml-miscvm:sanity-2 run tests/fs/lustre/sanity/sanity-2.ktest
START ml-miscvm:sanity-3 run tests/fs/lustre/sanity/sanity-3.ktest
START ml-miscvm:sanity-4 run tests/fs/lustre/sanity/sanity-4.ktest
PUT /tmp/ktest-kernel.tar.gz 16s
PUT /tmp/ktest-kernel.tar.gz 16s
PUT /tmp/ktest-kernel.tar.gz 16s
PUT /tmp/ktest-kernel.tar.gz 16s
PUT /tmp/ktest-kernel.tar.gz 17s
PUT /tmp/ktest-kernel.tar.gz 17s
PUT /tmp/ktest-kernel.tar.gz 17s
PUT /tmp/ktest-kernel.tar.gz 17s
PUT /tmp/ktest-lustre.tar.gz 4s
PUT /tmp/ktest-lustre.tar.gz 4s
PUT /tmp/ktest-lustre.tar.gz 4s
PUT /tmp/ktest-lustre.tar.gz 4s
PUT /tmp/ktest-lustre.tar.gz 3s
PUT /tmp/ktest-lustre.tar.gz 4s
PUT /tmp/ktest-lustre.tar.gz 4s
PUT /tmp/ktest-lustre.tar.gz 4s
PUT /tmp/ktest_ml-miscvm:lustre_mainline_native_03mvxp8r.tar 0s
PUT /tmp/ktest_ml-miscvm:lustre_mainline_native_03mvxp8r.tar 0s
PUT /tmp/ktest_ml-miscvm:lustre_mainline_native_03mvxp8r.tar 0s
PUT /tmp/ktest_ml-miscvm:lustre_mainline_native_03mvxp8r.tar 0s
PUT /tmp/ktest_ml-miscvm:lustre_mainline_native_03mvxp8r.tar 0s
PUT /tmp/ktest_ml-miscvm:lustre_mainline_native_03mvxp8r.tar 0s
PUT /tmp/ktest_ml-miscvm:lustre_mainline_native_03mvxp8r.tar 0s
PUT /tmp/ktest_ml-miscvm:lustre_mainline_native_03mvxp8r.tar 0s
END ml-miscvm:boot run tests/fs/lustre/boot.ktest PASS 32s
END ml-miscvm:mgs-setup run tests/fs/lustre/mgs-setup.ktest PASS 42s
END ml-miscvm:sanity-1 run tests/fs/lustre/sanity/sanity-1.ktest PASS 71s
END ml-miscvm:sanity-4 run tests/fs/lustre/sanity/sanity-4.ktest PASS 72s
END ml-miscvm:sanity-3 run tests/fs/lustre/sanity/sanity-3.ktest PASS 74s
END ml-miscvm:sanity-2 run tests/fs/lustre/sanity/sanity-2.ktest PASS 75s
END ml-miscvm:llmount run tests/fs/lustre/llmount.ktest PASS 92s
END ml-miscvm:llog-unit run tests/fs/lustre/llog-unit.ktest FAIL 120s (exit code: 1)

============================================================
Final Results:
  checkpatch:checkpatch: FAIL (13s) (log: /var/www/ci-lustre/upstream-patch-review/a913dae575c88bc3162c68e17f8de5a3c16c652e_checkpatch:checkpatch.log)
  u24:u24: PASS (40s) (log: /var/www/ci-lustre/upstream-patch-review/a913dae575c88bc3162c68e17f8de5a3c16c652e_u24:u24.log)
  al2023:al2023: PASS (47s) (log: /var/www/ci-lustre/upstream-patch-review/a913dae575c88bc3162c68e17f8de5a3c16c652e_al2023:al2023.log)
  ml-strict:lustre_mainline: FAIL (143s) (log: /var/www/ci-lustre/upstream-patch-review/a913dae575c88bc3162c68e17f8de5a3c16c652e_ml-strict:lustre_mainline.log)
  ml:lustre_mainline: PASS (141s) (log: /var/www/ci-lustre/upstream-patch-review/a913dae575c88bc3162c68e17f8de5a3c16c652e_ml:lustre_mainline.log)
  ml-miscvm:lustre_mainline_native: PASS (146s) (log: /var/www/ci-lustre/upstream-patch-review/a913dae575c88bc3162c68e17f8de5a3c16c652e_ml-miscvm:lustre_mainline_native.log)
  ml-miscvm:boot: PASS (32s) (log: /var/www/ci-lustre/upstream-patch-review/a913dae575c88bc3162c68e17f8de5a3c16c652e_ml-miscvm:boot.log)
  ml-miscvm:llmount: PASS (92s) (log: /var/www/ci-lustre/upstream-patch-review/a913dae575c88bc3162c68e17f8de5a3c16c652e_ml-miscvm:llmount.log)
  ml-miscvm:llog-unit: FAIL (120s) (log: /var/www/ci-lustre/upstream-patch-review/a913dae575c88bc3162c68e17f8de5a3c16c652e_ml-miscvm:llog-unit.log)
  ml-miscvm:mgs-setup: PASS (42s) (log: /var/www/ci-lustre/upstream-patch-review/a913dae575c88bc3162c68e17f8de5a3c16c652e_ml-miscvm:mgs-setup.log)
  ml-miscvm:sanity-1: PASS (71s) (log: /var/www/ci-lustre/upstream-patch-review/a913dae575c88bc3162c68e17f8de5a3c16c652e_ml-miscvm:sanity-1.log)
  ml-miscvm:sanity-2: PASS (75s) (log: /var/www/ci-lustre/upstream-patch-review/a913dae575c88bc3162c68e17f8de5a3c16c652e_ml-miscvm:sanity-2.log)
  ml-miscvm:sanity-3: PASS (74s) (log: /var/www/ci-lustre/upstream-patch-review/a913dae575c88bc3162c68e17f8de5a3c16c652e_ml-miscvm:sanity-3.log)
  ml-miscvm:sanity-4: PASS (72s) (log: /var/www/ci-lustre/upstream-patch-review/a913dae575c88bc3162c68e17f8de5a3c16c652e_ml-miscvm:sanity-4.log)

Total execution time: 297s

Packed 3533 logs from /var/www/ci-lustre/upstream-patch-review into /home/ktest/ktest/local-site/local_data.js
Open /home/ktest/ktest/local-site/index.html in a browser
