WARNING:BLOCK_COMMENT_STYLE: Block comments use a trailing */ on a separate line
#169: FILE: lustre/llite/file.c:3681:
+	 * is server-only and must not be set by unprivileged callers. */

WARNING:PREFER_FALLTHROUGH: Prefer 'fallthrough;' over fallthrough comment
#489: FILE: lustre/mdd/mdd_object.c:3147:
+		 * parent file. Fall through to declare/xattr LOV set only.

WARNING:TYPO_SPELLING: 'informations' may be misspelled - perhaps 'information'?
#497: FILE: lustre/mdd/mdd_object.c:3150:
+		/* Full layout swap - set the file specific informations in lmm */
 		                                            ^^^^^^^^^^^^

WARNING:LONG_LINE_STRING: line length of 111 exceeds 100 columns
#658: FILE: lustre/mdd/mdd_object.c:3319:
+					CERROR("%s: failed to undo single-stripe swap for rollback: rc = %d\n",

WARNING:BLOCK_COMMENT_STYLE: Block comments use a trailing */ on a separate line
#734: FILE: lustre/mdt/mdt_handler.c:1935:
+	 * stay bound to the msl payload as sorted at the client. */

WARNING:FILE_PATH_CHANGES: added, moved or deleted file(s), does MAINTAINERS need updating?
#986: 
new file mode 100644

WARNING:SPDX_LICENSE_TAG: Missing or malformed SPDX-License-Identifier tag in line 1
#991: FILE: lustre/tests/swap_single_stripe.c:1:
+/*

WARNING:EMBEDDED_FILENAME: It's generally not useful to have the filename in the file
#1016: FILE: lustre/tests/swap_single_stripe.c:26:
+ * lustre/tests/swap_single_stripe.c

total: 0 errors, 8 warnings, 1152 lines checked

NOTE: For some of the reported defects, checkpatch may be able to
      mechanically convert to the typical style using --fix or --fix-inplace.

Your patch has style problems, please review.

NOTE: If any of the errors are false positives, please report
      them to the maintainer, see CHECKPATCH in MAINTAINERS.
