00001 
00003 init: failed to load nvme_core
00003 init: failed to load nvme
00003 init: failed to load zfs
00003 LNetError: 1:0:(lib-socket.c:619:lnet_inet_enumerate()) lnet: Can't find any usable interfaces, rc = -ENOENT
00003 LNetError: Error -100 starting up LNI tcp
00004 LustreError: 1:0:(events.c:627:ptlrpc_init_portals()) network initialisation failed: rc = -100
00004 init: finit_module /lib/modules/7.0.0-ktest-ab2d1d8-6330a45-20260814-dirty/updates/ptlrpc.ko: Network is down
00004 init: failed to load lustre
00004 init: failed to load osd_zfs
00004 init: failed to load iwlwifi
00004 init: failed to load iwlmvm
00004 init: failed to load mt7921e
00004 init: failed to load i915
00004 init: failed to load nouveau
00009 tlp: vm.laptop_mode is deprecated. Ignoring setting.
00009 Kernel version: 7.0.0-ktest-ab2d1d8-6330a45-20260814-dirty
00009 hook init_noop
00010 
00010 Running tests mgs-setup
00010 
00010 ========= TEST   mgs-setup
00010 /host/home/ktest/git/lustre-release/lustre/tests/test-framework.sh: line 6933: cd: HOME not set
00010 /host/home/ktest/git/lustre-release/lustre/tests/test-framework.sh: line 6933: cd: HOME not set
00010 /host/home/ktest/git/lustre-release/lustre/tests/test-framework.sh: line 6933: cd: HOME not set
00012 MGS_OS_VERSION_ID=24.04
00012 MGS_OS_ID=ubuntu
00012 MGS_OS_VERSION_CODE=402915328
00012 MGS_OS_ID_LIKE=debian ubuntu
00012 MDS1_OS_ID=ubuntu
00012 MDS1_OS_VERSION_CODE=402915328
00012 MDS1_OS_ID_LIKE=debian ubuntu
00012 MDS1_OS_VERSION_ID=24.04
00012 OST1_OS_VERSION_ID=24.04
00012 OST1_OS_VERSION_CODE=402915328
00012 OST1_OS_ID=ubuntu
00012 OST1_OS_ID_LIKE=debian ubuntu
00012 CLIENT_OS_VERSION_ID=24.04
00012 CLIENT_OS_ID_LIKE=debian ubuntu
00012 CLIENT_OS_ID=ubuntu
00012 CLIENT_OS_VERSION_CODE=402915328
00013 Loading modules from /host/home/ktest/git/lustre-release/lustre
00013 detected 16 online CPUs by sysfs
00013 MODOPTS_LIBCFS=
00013 libcfs will create CPU partition based on online CPUs
00013 LNet: Added LNI 10.0.2.15@tcp [8/256/0/180]
00013 gss/krb5 is not supported
00014 Lustre: Echo OBD driver; http://www.lustre.org/
00014 
00014 
00020 
00020 
00020 
00020 Lustre: server umount MGS0000 complete
00020 
00020 Removed directory: /mnt/lustre-384m3g-MGS0000
00020 
00020 ========= PASSED mgs-setup in 12s
00020 
00020 Passed: mgs-setup
00020 Failed: 
00020 NOTICE: Automounting of tracing to debugfs is deprecated and will be removed in 2030
00020 Kernel version: 7.0.0-ktest-ab2d1d8-6330a45-20260814-dirty
00020 TEST SUCCESS
