CLI: ./podman-ktest --podman-socket unix:///run/podman/podman.sock --shared-filesystem /tmp --tarball-input job lustre-ci --output /var/www/ci-lustre/upstream-patch-review --git-hash acc7e93fad4825ea3f3f5dc42bb00576413a8e43 --change-id 46384_acc7e93fad4825ea3f3f5dc42bb00576413a8e43 --subject LU-15248 tests: don't let racer leak fs users that hang the run

Environment validated successfully
Note: custom LLVM is not synced in tarball input mode
Creating kernel tarball at /tmp/ktest-kernel.tar.gz...
Creating lustre tarball at /tmp/ktest-lustre.tar.gz...
Creating ZFS tarball at /tmp/ktest-zfs.tar.gz...
Executing 14 jobs
Jobs will start as soon as their dependencies are satisfied
Using tarball input mode

START u24:u24 build tests/fs/lustre/boot.ktest
START al2023:al2023 build tests/fs/lustre/boot.ktest
START ml-strict:lustre_mainline build tests/fs/lustre/boot-strict.ktest
START ml-miscvm:lustre_mainline_native build tests/fs/lustre/boot.ktest
START checkpatch:checkpatch tool checkpatch
START ml:lustre_mainline build tests/fs/lustre/boot.ktest
PUT /tmp/ktest-lustre.tar.gz 1s
PUT /tmp/ktest-lustre.tar.gz 1s
PUT /tmp/ktest-kernel.tar.gz 7s
PUT /tmp/ktest-kernel.tar.gz 7s
PUT /tmp/ktest-kernel.tar.gz 8s
PUT /tmp/ktest-kernel.tar.gz 8s
PUT /tmp/ktest-lustre.tar.gz 3s
PUT /tmp/ktest-lustre.tar.gz 4s
PUT /tmp/ktest-lustre.tar.gz 3s
PUT /tmp/ktest-lustre.tar.gz 3s
PUT /tmp/ktest-zfs.tar.gz 0s
PUT /tmp/ktest-zfs.tar.gz 0s
PUT /tmp/ktest-zfs.tar.gz 0s
END checkpatch:checkpatch tool checkpatch PASS 14s
END al2023:al2023 build tests/fs/lustre/boot.ktest PASS 56s
END u24:u24 build tests/fs/lustre/boot.ktest PASS 56s
GET /tmp/ktest_ml-strict:lustre_mainline_294dm26b.tar 9s
END ml-strict:lustre_mainline build tests/fs/lustre/boot-strict.ktest FAIL 178s (exit code: 1)
GET /tmp/ktest_ml-miscvm:lustre_mainline_native_xngl6gr7.tar 0s
GET /tmp/ktest_ml:lustre_mainline_82ki1xt3.tar 0s
END ml-miscvm:lustre_mainline_native build tests/fs/lustre/boot.ktest PASS 190s
START ml-miscvm:boot run tests/fs/lustre/boot.ktest
START ml-miscvm:llmount run tests/fs/lustre/llmount.ktest
START ml-miscvm:llog-unit run tests/fs/lustre/llog-unit.ktest
START ml-miscvm:mgs-setup run tests/fs/lustre/mgs-setup.ktest
START ml-miscvm:sanity-1 run tests/fs/lustre/sanity/sanity-1.ktest
START ml-miscvm:sanity-2 run tests/fs/lustre/sanity/sanity-2.ktest
START ml-miscvm:sanity-3 run tests/fs/lustre/sanity/sanity-3.ktest
START ml-miscvm:sanity-4 run tests/fs/lustre/sanity/sanity-4.ktest
END ml:lustre_mainline build tests/fs/lustre/boot.ktest PASS 191s
PUT /tmp/ktest-kernel.tar.gz 28s
PUT /tmp/ktest-kernel.tar.gz 27s
PUT /tmp/ktest-kernel.tar.gz 28s
PUT /tmp/ktest-kernel.tar.gz 27s
PUT /tmp/ktest-kernel.tar.gz 28s
PUT /tmp/ktest-kernel.tar.gz 28s
PUT /tmp/ktest-kernel.tar.gz 28s
PUT /tmp/ktest-kernel.tar.gz 29s
PUT /tmp/ktest-lustre.tar.gz 9s
PUT /tmp/ktest-lustre.tar.gz 9s
PUT /tmp/ktest-lustre.tar.gz 9s
PUT /tmp/ktest-lustre.tar.gz 9s
PUT /tmp/ktest-lustre.tar.gz 10s
PUT /tmp/ktest-lustre.tar.gz 9s
PUT /tmp/ktest-lustre.tar.gz 9s
PUT /tmp/ktest-lustre.tar.gz 9s
PUT /tmp/ktest_ml-miscvm:lustre_mainline_native_xngl6gr7.tar 0s
PUT /tmp/ktest_ml-miscvm:lustre_mainline_native_xngl6gr7.tar 1s
PUT /tmp/ktest_ml-miscvm:lustre_mainline_native_xngl6gr7.tar 1s
PUT /tmp/ktest_ml-miscvm:lustre_mainline_native_xngl6gr7.tar 1s
PUT /tmp/ktest_ml-miscvm:lustre_mainline_native_xngl6gr7.tar 1s
PUT /tmp/ktest_ml-miscvm:lustre_mainline_native_xngl6gr7.tar 1s
PUT /tmp/ktest_ml-miscvm:lustre_mainline_native_xngl6gr7.tar 1s
PUT /tmp/ktest_ml-miscvm:lustre_mainline_native_xngl6gr7.tar 1s
END ml-miscvm:boot run tests/fs/lustre/boot.ktest PASS 78s
END ml-miscvm:mgs-setup run tests/fs/lustre/mgs-setup.ktest PASS 89s
END ml-miscvm:sanity-2 run tests/fs/lustre/sanity/sanity-2.ktest PASS 113s
END ml-miscvm:sanity-3 run tests/fs/lustre/sanity/sanity-3.ktest PASS 114s
END ml-miscvm:sanity-1 run tests/fs/lustre/sanity/sanity-1.ktest PASS 126s
END ml-miscvm:sanity-4 run tests/fs/lustre/sanity/sanity-4.ktest PASS 127s
END ml-miscvm:llmount run tests/fs/lustre/llmount.ktest PASS 128s
END ml-miscvm:llog-unit run tests/fs/lustre/llog-unit.ktest FAIL 191s (exit code: 1)

============================================================
Final Results:
  checkpatch:checkpatch: PASS (14s) (log: /var/www/ci-lustre/upstream-patch-review/acc7e93fad4825ea3f3f5dc42bb00576413a8e43_checkpatch:checkpatch.log)
  u24:u24: PASS (56s) (log: /var/www/ci-lustre/upstream-patch-review/acc7e93fad4825ea3f3f5dc42bb00576413a8e43_u24:u24.log)
  al2023:al2023: PASS (56s) (log: /var/www/ci-lustre/upstream-patch-review/acc7e93fad4825ea3f3f5dc42bb00576413a8e43_al2023:al2023.log)
  ml-strict:lustre_mainline: FAIL (178s) (log: /var/www/ci-lustre/upstream-patch-review/acc7e93fad4825ea3f3f5dc42bb00576413a8e43_ml-strict:lustre_mainline.log)
  ml:lustre_mainline: PASS (191s) (log: /var/www/ci-lustre/upstream-patch-review/acc7e93fad4825ea3f3f5dc42bb00576413a8e43_ml:lustre_mainline.log)
  ml-miscvm:lustre_mainline_native: PASS (190s) (log: /var/www/ci-lustre/upstream-patch-review/acc7e93fad4825ea3f3f5dc42bb00576413a8e43_ml-miscvm:lustre_mainline_native.log)
  ml-miscvm:boot: PASS (78s) (log: /var/www/ci-lustre/upstream-patch-review/acc7e93fad4825ea3f3f5dc42bb00576413a8e43_ml-miscvm:boot.log)
  ml-miscvm:llmount: PASS (128s) (log: /var/www/ci-lustre/upstream-patch-review/acc7e93fad4825ea3f3f5dc42bb00576413a8e43_ml-miscvm:llmount.log)
  ml-miscvm:llog-unit: FAIL (191s) (log: /var/www/ci-lustre/upstream-patch-review/acc7e93fad4825ea3f3f5dc42bb00576413a8e43_ml-miscvm:llog-unit.log)
  ml-miscvm:mgs-setup: PASS (89s) (log: /var/www/ci-lustre/upstream-patch-review/acc7e93fad4825ea3f3f5dc42bb00576413a8e43_ml-miscvm:mgs-setup.log)
  ml-miscvm:sanity-1: PASS (126s) (log: /var/www/ci-lustre/upstream-patch-review/acc7e93fad4825ea3f3f5dc42bb00576413a8e43_ml-miscvm:sanity-1.log)
  ml-miscvm:sanity-2: PASS (113s) (log: /var/www/ci-lustre/upstream-patch-review/acc7e93fad4825ea3f3f5dc42bb00576413a8e43_ml-miscvm:sanity-2.log)
  ml-miscvm:sanity-3: PASS (114s) (log: /var/www/ci-lustre/upstream-patch-review/acc7e93fad4825ea3f3f5dc42bb00576413a8e43_ml-miscvm:sanity-3.log)
  ml-miscvm:sanity-4: PASS (127s) (log: /var/www/ci-lustre/upstream-patch-review/acc7e93fad4825ea3f3f5dc42bb00576413a8e43_ml-miscvm:sanity-4.log)

Total execution time: 412s
