WARNING:VSPRINTF_SPECIFIER_PX: Using vsprintf specifier '%px' potentially exposes the kernel memory layout, if you don't really need the address please consider using '%p'.
#837: FILE: lustre/llite/llite_lib.c:3340:
+			LASSERTF(!folio_test_uptodate(folio) &&
+				 !folio_test_dirty(folio) &&
+				 !folio_test_private(folio), "%px", folio);

ERROR:POINTER_LOCATION: "foo *		bar" should be "foo *bar"
#1942: FILE: lustre/llite/vvp_dev.c:342:
+	struct folio *		vsp_folio; /* ref'd folio or NULL */

WARNING:VSPRINTF_SPECIFIER_PX: Using vsprintf specifier '%px' potentially exposes the kernel memory layout, if you don't really need the address please consider using '%p'.
#2207: FILE: lustre/llite/vvp_io.c:1024:
+	LASSERTF(mapping,
+		 "mapping must be set. folio %px, cl_page %px\n",
+		 folio, cl_page);

WARNING:VSPRINTF_SPECIFIER_PX: Using vsprintf specifier '%px' potentially exposes the kernel memory layout, if you don't really need the address please consider using '%p'.
#2304: FILE: lustre/llite/vvp_io.c:1083:
+		LASSERTF(folio->mapping == mapping,
+			 "all folios must have the same mapping.  folio %px, mapping %px, first mapping %px\n",
+			 folio, folio->mapping, mapping);

total: 1 errors, 3 warnings, 4319 lines checked

NOTE: For some of the reported defects, checkpatch may be able to
      mechanically convert to the typical style using --fix or --fix-inplace.

Your patch has style problems, please review.

NOTE: If any of the errors are false positives, please report
      them to the maintainer, see CHECKPATCH in MAINTAINERS.
