WARNING:LONG_LINE_STRING: line length of 186 exceeds 100 columns
#526: FILE: lnet/lnet/lib-disc-view.c:956:
+		CERROR("servicenode discovery: %d ungrouped NI(s) exceed lnet_interfaces_max=%d and get no discovery view; they are unreachable by discovery until the limit is raised\n",

WARNING:MEMORY_BARRIER: memory barrier without comment
#867: FILE: lnet/lnet/lib-disc-view.c:1373:
+			smp_store_release(&dv->dv_pbuf->pb_disc_view_ready, false);

WARNING:MEMORY_BARRIER: memory barrier without comment
#892: FILE: lnet/lnet/lib-disc-view.c:1398:
+			smp_store_release(&dv->dv_pbuf->pb_disc_view_ready, true);

WARNING:STRCPY: Prefer strscpy over strcpy - see: https://github.com/KSPP/linux/issues/88
#996: FILE: lnet/lnet/lib-disc-view.c:1502:
+	strcpy(svc->ds_name, name);

WARNING:MEMORY_BARRIER: memory barrier without comment
#1788: FILE: lnet/lnet/lib-disc-view.c:2725:
+		smp_wmb();

WARNING:MEMORY_BARRIER: memory barrier without comment
#1793: FILE: lnet/lnet/lib-disc-view.c:2730:
+	smp_wmb();

total: 0 errors, 6 warnings, 1844 lines checked

NOTE: For some of the reported defects, checkpatch may be able to
      mechanically convert to the typical style using --fix or --fix-inplace.

Your patch has style problems, please review.

NOTE: If any of the errors are false positives, please report
      them to the maintainer, see CHECKPATCH in MAINTAINERS.
