CLI: ./pk --podman-socket unix:///run/user/1000/podman/podman.sock --shared-filesystem /tmp --tarball-input job lustre-ci --output /var/www/ci-lustre/upstream-patch-review --git-hash adc69bd731b3d3114da827ad586a35f03c9920b7 --change-id 68825_adc69bd731b3d3114da827ad586a35f03c9920b7 --subject LU-20107 nrs: one ceiling per CPT for both scheduler heads

Environment validated successfully
Note: custom LLVM is not synced in tarball input mode
Creating kernel tarball at /tmp/ktest-kernel.tar.gz...
Creating lustre tarball at /tmp/ktest-lustre.tar.gz...
Creating ZFS tarball at /tmp/ktest-zfs.tar.gz...
Executing 14 jobs
Jobs will start as soon as their dependencies are satisfied
Using tarball input mode

START ml-strict:lustre_mainline build tests/fs/lustre/boot-strict.ktest
START ml:lustre_mainline build tests/fs/lustre/boot.ktest
START al2023:al2023 build tests/fs/lustre/boot.ktest
START checkpatch:checkpatch tool checkpatch
START ml-miscvm:lustre_mainline_native build tests/fs/lustre/boot.ktest
START u24:u24 build tests/fs/lustre/boot.ktest
PUT /tmp/ktest-lustre.tar.gz 1s
PUT /tmp/ktest-lustre.tar.gz 1s
PUT /tmp/ktest-kernel.tar.gz 7s
PUT /tmp/ktest-kernel.tar.gz 7s
PUT /tmp/ktest-kernel.tar.gz 7s
PUT /tmp/ktest-kernel.tar.gz 7s
PUT /tmp/ktest-lustre.tar.gz 3s
PUT /tmp/ktest-lustre.tar.gz 4s
PUT /tmp/ktest-lustre.tar.gz 3s
PUT /tmp/ktest-lustre.tar.gz 3s
PUT /tmp/ktest-zfs.tar.gz 0s
PUT /tmp/ktest-zfs.tar.gz 0s
PUT /tmp/ktest-zfs.tar.gz 0s
END checkpatch:checkpatch tool checkpatch PASS 14s
END u24:u24 build tests/fs/lustre/boot.ktest PASS 39s
END al2023:al2023 build tests/fs/lustre/boot.ktest PASS 45s
GET /tmp/ktest_ml-miscvm:lustre_mainline_native_vloun0pk.tar 0s
END ml-miscvm:lustre_mainline_native build tests/fs/lustre/boot.ktest PASS 153s
START ml-miscvm:boot run tests/fs/lustre/boot.ktest
START ml-miscvm:llmount run tests/fs/lustre/llmount.ktest
START ml-miscvm:llog-unit run tests/fs/lustre/llog-unit.ktest
START ml-miscvm:mgs-setup run tests/fs/lustre/mgs-setup.ktest
START ml-miscvm:sanity-1 run tests/fs/lustre/sanity/sanity-1.ktest
START ml-miscvm:sanity-2 run tests/fs/lustre/sanity/sanity-2.ktest
START ml-miscvm:sanity-3 run tests/fs/lustre/sanity/sanity-3.ktest
START ml-miscvm:sanity-4 run tests/fs/lustre/sanity/sanity-4.ktest
PUT /tmp/ktest-kernel.tar.gz 55s
PUT /tmp/ktest-kernel.tar.gz 55s
PUT /tmp/ktest-kernel.tar.gz 55s
PUT /tmp/ktest-kernel.tar.gz 55s
GET /tmp/ktest_ml-strict:lustre_mainline_9kcfsh1y.tar 56s
PUT /tmp/ktest-kernel.tar.gz 68s
PUT /tmp/ktest-kernel.tar.gz 68s
PUT /tmp/ktest-kernel.tar.gz 68s
PUT /tmp/ktest-kernel.tar.gz 68s
END ml-strict:lustre_mainline build tests/fs/lustre/boot-strict.ktest FAIL 225s (exit code: 1)
PUT /tmp/ktest-lustre.tar.gz 17s
PUT /tmp/ktest-lustre.tar.gz 18s
PUT /tmp/ktest-lustre.tar.gz 5s
PUT /tmp/ktest-lustre.tar.gz 6s
PUT /tmp/ktest-lustre.tar.gz 5s
PUT /tmp/ktest-lustre.tar.gz 5s
PUT /tmp/ktest-lustre.tar.gz 19s
PUT /tmp/ktest-lustre.tar.gz 18s
PUT /tmp/ktest_ml-miscvm:lustre_mainline_native_vloun0pk.tar 1s
PUT /tmp/ktest_ml-miscvm:lustre_mainline_native_vloun0pk.tar 2s
PUT /tmp/ktest_ml-miscvm:lustre_mainline_native_vloun0pk.tar 2s
PUT /tmp/ktest_ml-miscvm:lustre_mainline_native_vloun0pk.tar 2s
GET /tmp/ktest_ml:lustre_mainline_t99nz4l8.tar 2s
PUT /tmp/ktest_ml-miscvm:lustre_mainline_native_vloun0pk.tar 2s
PUT /tmp/ktest_ml-miscvm:lustre_mainline_native_vloun0pk.tar 2s
PUT /tmp/ktest_ml-miscvm:lustre_mainline_native_vloun0pk.tar 3s
PUT /tmp/ktest_ml-miscvm:lustre_mainline_native_vloun0pk.tar 3s
END ml:lustre_mainline build tests/fs/lustre/boot.ktest PASS 232s
END ml-miscvm:boot run tests/fs/lustre/boot.ktest PASS 91s
END ml-miscvm:mgs-setup run tests/fs/lustre/mgs-setup.ktest PASS 103s
END ml-miscvm:sanity-4 run tests/fs/lustre/sanity/sanity-4.ktest PASS 129s
END ml-miscvm:sanity-1 run tests/fs/lustre/sanity/sanity-1.ktest PASS 131s
END ml-miscvm:sanity-2 run tests/fs/lustre/sanity/sanity-2.ktest PASS 133s
END ml-miscvm:sanity-3 run tests/fs/lustre/sanity/sanity-3.ktest PASS 141s
END ml-miscvm:llmount run tests/fs/lustre/llmount.ktest PASS 151s
END ml-miscvm:llog-unit run tests/fs/lustre/llog-unit.ktest FAIL 177s (exit code: 1)

============================================================
Final Results:
  checkpatch:checkpatch: PASS (14s) (log: /var/www/ci-lustre/upstream-patch-review/adc69bd731b3d3114da827ad586a35f03c9920b7_checkpatch:checkpatch.log)
  u24:u24: PASS (39s) (log: /var/www/ci-lustre/upstream-patch-review/adc69bd731b3d3114da827ad586a35f03c9920b7_u24:u24.log)
  al2023:al2023: PASS (45s) (log: /var/www/ci-lustre/upstream-patch-review/adc69bd731b3d3114da827ad586a35f03c9920b7_al2023:al2023.log)
  ml-strict:lustre_mainline: FAIL (225s) (log: /var/www/ci-lustre/upstream-patch-review/adc69bd731b3d3114da827ad586a35f03c9920b7_ml-strict:lustre_mainline.log)
  ml:lustre_mainline: PASS (232s) (log: /var/www/ci-lustre/upstream-patch-review/adc69bd731b3d3114da827ad586a35f03c9920b7_ml:lustre_mainline.log)
  ml-miscvm:lustre_mainline_native: PASS (153s) (log: /var/www/ci-lustre/upstream-patch-review/adc69bd731b3d3114da827ad586a35f03c9920b7_ml-miscvm:lustre_mainline_native.log)
  ml-miscvm:boot: PASS (91s) (log: /var/www/ci-lustre/upstream-patch-review/adc69bd731b3d3114da827ad586a35f03c9920b7_ml-miscvm:boot.log)
  ml-miscvm:llmount: PASS (151s) (log: /var/www/ci-lustre/upstream-patch-review/adc69bd731b3d3114da827ad586a35f03c9920b7_ml-miscvm:llmount.log)
  ml-miscvm:llog-unit: FAIL (177s) (log: /var/www/ci-lustre/upstream-patch-review/adc69bd731b3d3114da827ad586a35f03c9920b7_ml-miscvm:llog-unit.log)
  ml-miscvm:mgs-setup: PASS (103s) (log: /var/www/ci-lustre/upstream-patch-review/adc69bd731b3d3114da827ad586a35f03c9920b7_ml-miscvm:mgs-setup.log)
  ml-miscvm:sanity-1: PASS (131s) (log: /var/www/ci-lustre/upstream-patch-review/adc69bd731b3d3114da827ad586a35f03c9920b7_ml-miscvm:sanity-1.log)
  ml-miscvm:sanity-2: PASS (133s) (log: /var/www/ci-lustre/upstream-patch-review/adc69bd731b3d3114da827ad586a35f03c9920b7_ml-miscvm:sanity-2.log)
  ml-miscvm:sanity-3: PASS (141s) (log: /var/www/ci-lustre/upstream-patch-review/adc69bd731b3d3114da827ad586a35f03c9920b7_ml-miscvm:sanity-3.log)
  ml-miscvm:sanity-4: PASS (129s) (log: /var/www/ci-lustre/upstream-patch-review/adc69bd731b3d3114da827ad586a35f03c9920b7_ml-miscvm:sanity-4.log)

Total execution time: 360s

Packed 5825 logs from /var/www/ci-lustre/upstream-patch-review into /home/ktest/ktest/local-site/local_data.js
Open /home/ktest/ktest/local-site/index.html in a browser
