CLI: ./pk --podman-socket unix:///run/podman/podman.sock --shared-filesystem /tmp --tarball-input job lustre-ci --output /var/www/ci-lustre/upstream-patch-review --git-hash ae146c6cba54727e2d4c6d4669631996b5889e3d --change-id 67995_ae146c6cba54727e2d4c6d4669631996b5889e3d --subject LU-20590 ldlm: pin a lock out of the client LRU

Environment validated successfully
Note: custom LLVM is not synced in tarball input mode
Creating kernel tarball at /tmp/ktest-kernel.tar.gz...
Creating lustre tarball at /tmp/ktest-lustre.tar.gz...
Creating ZFS tarball at /tmp/ktest-zfs.tar.gz...
Executing 14 jobs
Jobs will start as soon as their dependencies are satisfied
Using tarball input mode

START ml-miscvm:lustre_mainline_native build tests/fs/lustre/boot.ktest
START u24:u24 build tests/fs/lustre/boot.ktest
START checkpatch:checkpatch tool checkpatch
START ml:lustre_mainline build tests/fs/lustre/boot.ktest
START al2023:al2023 build tests/fs/lustre/boot.ktest
START ml-strict:lustre_mainline build tests/fs/lustre/boot-strict.ktest
PUT /tmp/ktest-lustre.tar.gz 1s
PUT /tmp/ktest-lustre.tar.gz 2s
PUT /tmp/ktest-kernel.tar.gz 6s
PUT /tmp/ktest-kernel.tar.gz 6s
PUT /tmp/ktest-kernel.tar.gz 7s
PUT /tmp/ktest-kernel.tar.gz 7s
PUT /tmp/ktest-lustre.tar.gz 2s
PUT /tmp/ktest-lustre.tar.gz 1s
PUT /tmp/ktest-lustre.tar.gz 2s
PUT /tmp/ktest-lustre.tar.gz 2s
PUT /tmp/ktest-zfs.tar.gz 0s
PUT /tmp/ktest-zfs.tar.gz 0s
PUT /tmp/ktest-zfs.tar.gz 0s
END checkpatch:checkpatch tool checkpatch PASS 11s
END u24:u24 build tests/fs/lustre/boot.ktest PASS 36s
END al2023:al2023 build tests/fs/lustre/boot.ktest PASS 46s
GET /tmp/ktest_ml-strict:lustre_mainline_csno95go.tar 4s
END ml-strict:lustre_mainline build tests/fs/lustre/boot-strict.ktest FAIL 198s (exit code: 1)
GET /tmp/ktest_ml:lustre_mainline__lik8jgd.tar 2s
GET /tmp/ktest_ml-miscvm:lustre_mainline_native_k1xqw050.tar 1s
END ml:lustre_mainline build tests/fs/lustre/boot.ktest PASS 199s
END ml-miscvm:lustre_mainline_native build tests/fs/lustre/boot.ktest PASS 200s
START ml-miscvm:boot run tests/fs/lustre/boot.ktest
START ml-miscvm:llmount run tests/fs/lustre/llmount.ktest
START ml-miscvm:llog-unit run tests/fs/lustre/llog-unit.ktest
START ml-miscvm:mgs-setup run tests/fs/lustre/mgs-setup.ktest
START ml-miscvm:sanity-1 run tests/fs/lustre/sanity/sanity-1.ktest
START ml-miscvm:sanity-2 run tests/fs/lustre/sanity/sanity-2.ktest
START ml-miscvm:sanity-3 run tests/fs/lustre/sanity/sanity-3.ktest
START ml-miscvm:sanity-4 run tests/fs/lustre/sanity/sanity-4.ktest
PUT /tmp/ktest-kernel.tar.gz 16s
PUT /tmp/ktest-kernel.tar.gz 16s
PUT /tmp/ktest-kernel.tar.gz 16s
PUT /tmp/ktest-kernel.tar.gz 16s
PUT /tmp/ktest-kernel.tar.gz 17s
PUT /tmp/ktest-kernel.tar.gz 17s
PUT /tmp/ktest-kernel.tar.gz 17s
PUT /tmp/ktest-kernel.tar.gz 17s
PUT /tmp/ktest-lustre.tar.gz 7s
PUT /tmp/ktest-lustre.tar.gz 7s
PUT /tmp/ktest-lustre.tar.gz 6s
PUT /tmp/ktest-lustre.tar.gz 7s
PUT /tmp/ktest-lustre.tar.gz 7s
PUT /tmp/ktest-lustre.tar.gz 7s
PUT /tmp/ktest-lustre.tar.gz 7s
PUT /tmp/ktest-lustre.tar.gz 7s
PUT /tmp/ktest_ml-miscvm:lustre_mainline_native_k1xqw050.tar 1s
PUT /tmp/ktest_ml-miscvm:lustre_mainline_native_k1xqw050.tar 1s
PUT /tmp/ktest_ml-miscvm:lustre_mainline_native_k1xqw050.tar 0s
PUT /tmp/ktest_ml-miscvm:lustre_mainline_native_k1xqw050.tar 1s
PUT /tmp/ktest_ml-miscvm:lustre_mainline_native_k1xqw050.tar 1s
PUT /tmp/ktest_ml-miscvm:lustre_mainline_native_k1xqw050.tar 0s
PUT /tmp/ktest_ml-miscvm:lustre_mainline_native_k1xqw050.tar 1s
PUT /tmp/ktest_ml-miscvm:lustre_mainline_native_k1xqw050.tar 1s
END ml-miscvm:boot run tests/fs/lustre/boot.ktest PASS 36s
END ml-miscvm:mgs-setup run tests/fs/lustre/mgs-setup.ktest PASS 46s
END ml-miscvm:sanity-1 run tests/fs/lustre/sanity/sanity-1.ktest PASS 74s
END ml-miscvm:sanity-4 run tests/fs/lustre/sanity/sanity-4.ktest PASS 75s
END ml-miscvm:sanity-2 run tests/fs/lustre/sanity/sanity-2.ktest PASS 76s
END ml-miscvm:sanity-3 run tests/fs/lustre/sanity/sanity-3.ktest PASS 77s
END ml-miscvm:llmount run tests/fs/lustre/llmount.ktest PASS 97s
END ml-miscvm:llog-unit run tests/fs/lustre/llog-unit.ktest FAIL 122s (exit code: 1)

============================================================
Final Results:
  checkpatch:checkpatch: PASS (11s) (log: /var/www/ci-lustre/upstream-patch-review/ae146c6cba54727e2d4c6d4669631996b5889e3d_checkpatch:checkpatch.log)
  u24:u24: PASS (36s) (log: /var/www/ci-lustre/upstream-patch-review/ae146c6cba54727e2d4c6d4669631996b5889e3d_u24:u24.log)
  al2023:al2023: PASS (46s) (log: /var/www/ci-lustre/upstream-patch-review/ae146c6cba54727e2d4c6d4669631996b5889e3d_al2023:al2023.log)
  ml-strict:lustre_mainline: FAIL (198s) (log: /var/www/ci-lustre/upstream-patch-review/ae146c6cba54727e2d4c6d4669631996b5889e3d_ml-strict:lustre_mainline.log)
  ml:lustre_mainline: PASS (199s) (log: /var/www/ci-lustre/upstream-patch-review/ae146c6cba54727e2d4c6d4669631996b5889e3d_ml:lustre_mainline.log)
  ml-miscvm:lustre_mainline_native: PASS (200s) (log: /var/www/ci-lustre/upstream-patch-review/ae146c6cba54727e2d4c6d4669631996b5889e3d_ml-miscvm:lustre_mainline_native.log)
  ml-miscvm:boot: PASS (36s) (log: /var/www/ci-lustre/upstream-patch-review/ae146c6cba54727e2d4c6d4669631996b5889e3d_ml-miscvm:boot.log)
  ml-miscvm:llmount: PASS (97s) (log: /var/www/ci-lustre/upstream-patch-review/ae146c6cba54727e2d4c6d4669631996b5889e3d_ml-miscvm:llmount.log)
  ml-miscvm:llog-unit: FAIL (122s) (log: /var/www/ci-lustre/upstream-patch-review/ae146c6cba54727e2d4c6d4669631996b5889e3d_ml-miscvm:llog-unit.log)
  ml-miscvm:mgs-setup: PASS (46s) (log: /var/www/ci-lustre/upstream-patch-review/ae146c6cba54727e2d4c6d4669631996b5889e3d_ml-miscvm:mgs-setup.log)
  ml-miscvm:sanity-1: PASS (74s) (log: /var/www/ci-lustre/upstream-patch-review/ae146c6cba54727e2d4c6d4669631996b5889e3d_ml-miscvm:sanity-1.log)
  ml-miscvm:sanity-2: PASS (76s) (log: /var/www/ci-lustre/upstream-patch-review/ae146c6cba54727e2d4c6d4669631996b5889e3d_ml-miscvm:sanity-2.log)
  ml-miscvm:sanity-3: PASS (77s) (log: /var/www/ci-lustre/upstream-patch-review/ae146c6cba54727e2d4c6d4669631996b5889e3d_ml-miscvm:sanity-3.log)
  ml-miscvm:sanity-4: PASS (75s) (log: /var/www/ci-lustre/upstream-patch-review/ae146c6cba54727e2d4c6d4669631996b5889e3d_ml-miscvm:sanity-4.log)

Total execution time: 354s

Packed 6364 logs from /var/www/ci-lustre/upstream-patch-review into /home/ktest/ktest/local-site/local_data.js
Open /home/ktest/ktest/local-site/index.html in a browser
