00001 
00004 LNetError: 152:0:(lib-socket.c:619:lnet_inet_enumerate()) lnet: Can't find any usable interfaces, rc = -ENOENT
00004 LNetError: Error -100 starting up LNI tcp
00004 LustreError: 152:0:(events.c:627:ptlrpc_init_portals()) network initialisation failed: rc = -100
00009 tlp: vm.laptop_mode is deprecated. Ignoring setting.
00009 Kernel version: 7.0.0-ktest-ae6d72a-6330a45-20260929-dirty
00009 hook init_noop
00009 
00009 Running tests llog-unit
00009 
00009 ========= TEST   llog-unit
00010 /host/home/ktest/git/lustre-release/lustre/tests/test-framework.sh: line 6933: cd: HOME not set
00010 /host/home/ktest/git/lustre-release/lustre/tests/test-framework.sh: line 6933: cd: HOME not set
00010 /host/home/ktest/git/lustre-release/lustre/tests/test-framework.sh: line 6933: cd: HOME not set
00011 MGS_OS_VERSION_ID=24.04
00011 MGS_OS_ID=ubuntu
00011 MGS_OS_VERSION_CODE=402915328
00011 MGS_OS_ID_LIKE=debian ubuntu
00011 MDS1_OS_ID=ubuntu
00011 MDS1_OS_VERSION_CODE=402915328
00011 MDS1_OS_ID_LIKE=debian ubuntu
00011 MDS1_OS_VERSION_ID=24.04
00012 OST1_OS_VERSION_ID=24.04
00012 OST1_OS_VERSION_CODE=402915328
00012 OST1_OS_ID=ubuntu
00012 OST1_OS_ID_LIKE=debian ubuntu
00012 CLIENT_OS_VERSION_ID=24.04
00012 CLIENT_OS_ID_LIKE=debian ubuntu
00012 CLIENT_OS_ID=ubuntu
00012 CLIENT_OS_VERSION_CODE=402915328
00012 Loading modules from /host/home/ktest/git/lustre-release/lustre
00012 detected 16 online CPUs by sysfs
00012 MODOPTS_LIBCFS=
00012 libcfs will create CPU partition based on online CPUs
00013 LNet: Added LNI 10.0.2.15@tcp [8/256/0/180]
00013 gss/krb5 is not supported
00014 Lustre: Echo OBD driver; http://www.lustre.org/
00014 
00014 
00014 /host/home/ktest/git/lustre-release/lustre/tests/test-framework.sh: line 6933: cd: HOME not set
00014 /host/home/ktest/git/lustre-release/lustre/tests/test-framework.sh: line 6933: cd: HOME not set
00014 /host/home/ktest/git/lustre-release/lustre/tests/test-framework.sh: line 6933: cd: HOME not set
00018 Lustre: DEBUG MARKER: Attempt llog unit tests
00018 Lustre: 2196:0:(llog_test.c:2805:llog_test_device_init()) Setup llog-test device over MGS device
00018 Lustre: 2196:0:(llog_test.c:98:llog_test_1()) 1a: create a log with name: 7877967c
00018 ------------[ cut here ]------------
00018 WARNING: /home/ktest/git/linux/include/linux/fs.h:889 at osd_create+0x9cf/0xcf0 [osd_wbcfs], CPU#15: lctl/2196
00018 Modules linked in: llog_test(O) mgs(O) osd_wbcfs(O) lustre(O) obdecho(O) mgc(O) mdc(O) lov(O) osc(O) lmv(O) ec(O) fid(O) fld(O) ptlrpc(O) efivarfs obdclass(O) ksocklnd(O) lnet(O) libcfs(O)
00018 CPU: 15 UID: 0 PID: 2196 Comm: lctl Tainted: G           O        7.0.0-ktest-ae6d72a-6330a45-20260929-dirty #1 PREEMPT 
00018 Tainted: [O]=OOT_MODULE
00018 Hardware name: QEMU Standard PC (Q35 + ICH9, 2009), BIOS 2025.11-3ubuntu7 03/31/2026
00018 RIP: 0010:osd_create+0x9cf/0xcf0 [osd_wbcfs]
00018 Code: c7 c7 00 96 7b a1 48 c7 c6 a0 12 7d a1 48 c7 c2 00 1c 7d a1 e8 52 f1 43 ff 48 c7 c7 00 96 7b a1 e8 46 81 44 ff e9 fe fc ff ff <0f> 0b e9 a5 fa ff ff 48 c7 c1 80 44 5d a0 80 e1 07 80 c1 03 38 c1
00018 RSP: 0018:ffffc900060af790 EFLAGS: 00010246
00018 RAX: 0000000000000000 RBX: ffff888164735c00 RCX: 0000000000000046
00018 RDX: 0000000000000000 RSI: ffff888156972648 RDI: ffff8881536bcb18
00018 RBP: ffff8881569725b8 R08: ffffffff83a16803 R09: 1ffffffff0742d00
00018 R10: dffffc0000000000 R11: fffffbfff0742d01 R12: ffff888164737000
00018 R13: dffffc0000000000 R14: 1ffff1102c8e6b80 R15: 1ffff1102c8e6e0f
00018 FS:  00007f7ddf075940(0000) GS:ffff88831eba9000(0000) knlGS:0000000000000000
00018 CS:  0010 DS: 0000 ES: 0000 CR0: 0000000080050033
00018 CR2: 0000564db5228b40 CR3: 0000000158ff1000 CR4: 0000000000750eb0
00018 PKRU: 55555554
00018 Call Trace:
00018  <TASK>
00018  ? local_object_create+0x109/0x640 [obdclass]
00018  ? dt_write_lock+0x16d/0x2a0 [obdclass]
00018  ? llog_osd_create+0x356/0x10d0 [obdclass]
00018  ? llog_create+0x2ed/0x530 [obdclass]
00018  ? llog_open_create+0x6e7/0xb30 [obdclass]
00018  ? llog_run_tests+0x4bb/0x5ac0 [llog_test]
00018  ? get_random_u32+0x51/0x470
00018  ? get_random_u32+0x51/0x470
00018  ? _raw_spin_unlock+0x23/0x40
00018  ? __llog_ctxt_put+0x1c4/0x2f0 [obdclass]
00018  ? llog_test_device_init+0x6e8/0xa20 [llog_test]
00018  ? obd_setup+0x54d/0x950 [obdclass]
00018  ? class_setup+0xc7d/0x10e0 [obdclass]
00018  ? class_process_config+0x2edb/0x7cb0 [obdclass]
00018  ? class_handle_ioctl+0x2055/0x3590 [obdclass]
00018  ? obd_class_ioctl+0x1f6/0x3c0 [obdclass]
00018  ? __x64_sys_ioctl+0x961/0xe00
00018  ? _copy_to_user+0x3d/0x60
00018  ? __x64_sys_rt_sigaction+0x107/0x140
00018  ? do_syscall_64+0xc1/0x350
00018  ? entry_SYSCALL_64_after_hwframe+0x4b/0x53
00018  </TASK>
00018 ---[ end trace 0000000000000000 ]---
00018 Lustre: 2196:0:(llog_test.c:115:llog_test_1()) 1b: close newly-created log
00018 Lustre: 2196:0:(llog_test.c:146:llog_test_2()) 2a: re-open a log with name: 7877967c
00018 Lustre: 2196:0:(llog_test.c:166:llog_test_2()) 2b: create a log without specified NAME & LOGID
00018 ------------[ cut here ]------------
00018 WARNING: /home/ktest/git/linux/include/linux/fs.h:889 at osd_create+0x9cf/0xcf0 [osd_wbcfs], CPU#15: lctl/2196
00018 Modules linked in: llog_test(O) mgs(O) osd_wbcfs(O) lustre(O) obdecho(O) mgc(O) mdc(O) lov(O) osc(O) lmv(O) ec(O) fid(O) fld(O) ptlrpc(O) efivarfs obdclass(O) ksocklnd(O) lnet(O) libcfs(O)
00018 CPU: 15 UID: 0 PID: 2196 Comm: lctl Tainted: G        W  O        7.0.0-ktest-ae6d72a-6330a45-20260929-dirty #1 PREEMPT 
00018 Tainted: [W]=WARN, [O]=OOT_MODULE
00018 Hardware name: QEMU Standard PC (Q35 + ICH9, 2009), BIOS 2025.11-3ubuntu7 03/31/2026
00018 RIP: 0010:osd_create+0x9cf/0xcf0 [osd_wbcfs]
00018 Code: c7 c7 00 96 7b a1 48 c7 c6 a0 12 7d a1 48 c7 c2 00 1c 7d a1 e8 52 f1 43 ff 48 c7 c7 00 96 7b a1 e8 46 81 44 ff e9 fe fc ff ff <0f> 0b e9 a5 fa ff ff 48 c7 c1 80 44 5d a0 80 e1 07 80 c1 03 38 c1
00018 RSP: 0018:ffffc900060af790 EFLAGS: 00010246
00018 RAX: 0000000000000000 RBX: ffff888152f97c00 RCX: 0000000000000046
00018 RDX: 0000000000000000 RSI: ffff888156971f30 RDI: ffff8881536bcb18
00018 RBP: ffff888156971ea0 R08: ffffffff83a16803 R09: 1ffffffff0742d00
00018 R10: dffffc0000000000 R11: fffffbfff0742d01 R12: ffff888164737000
00018 R13: dffffc0000000000 R14: 1ffff1102a5f2f80 R15: 1ffff1102c8e6e0f
00018 FS:  00007f7ddf075940(0000) GS:ffff88831eba9000(0000) knlGS:0000000000000000
00018 CS:  0010 DS: 0000 ES: 0000 CR0: 0000000080050033
00018 CR2: 0000564db5228b40 CR3: 0000000158ff1000 CR4: 0000000000750eb0
00018 PKRU: 55555554
00018 Call Trace:
00018  <TASK>
00018  ? local_object_create+0x109/0x640 [obdclass]
00018  ? dt_write_lock+0x16d/0x2a0 [obdclass]
00018  ? llog_osd_create+0x356/0x10d0 [obdclass]
00018  ? llog_create+0x2ed/0x530 [obdclass]
00018  ? llog_open_create+0x6e7/0xb30 [obdclass]
00018  ? llog_run_tests+0xd1a/0x5ac0 [llog_test]
00018  ? get_random_u32+0x51/0x470
00018  ? get_random_u32+0x51/0x470
00018  ? _raw_spin_unlock+0x23/0x40
00018  ? llog_test_device_init+0x6e8/0xa20 [llog_test]
00018  ? obd_setup+0x54d/0x950 [obdclass]
00018  ? class_setup+0xc7d/0x10e0 [obdclass]
00018  ? class_process_config+0x2edb/0x7cb0 [obdclass]
00018  ? class_handle_ioctl+0x2055/0x3590 [obdclass]
00018  ? obd_class_ioctl+0x1f6/0x3c0 [obdclass]
00018  ? __x64_sys_ioctl+0x961/0xe00
00018  ? _copy_to_user+0x3d/0x60
00018  ? __x64_sys_rt_sigaction+0x107/0x140
00018  ? do_syscall_64+0xc1/0x350
00018  ? entry_SYSCALL_64_after_hwframe+0x4b/0x53
00018  </TASK>
00018 ---[ end trace 0000000000000000 ]---
00018 Lustre: 2196:0:(llog_test.c:184:llog_test_2()) 2b: write 1 llog records, check llh_count
00018 Lustre: 2196:0:(llog_test.c:197:llog_test_2()) 2c: re-open the log by LOGID and verify llh_count
00018 Lustre: 2196:0:(llog_test.c:244:llog_test_2()) 2d: destroy this log
00018 Lustre: 2196:0:(llog_test.c:402:llog_test_3()) 3a: write 1023 fixed-size llog records
00018 Lustre: 2196:0:(llog_test.c:366:llog_test3_process()) test3: processing records from index 501 to the end
00018 Lustre: 2196:0:(llog_test.c:376:llog_test3_process()) test3: total 525 records processed with 0 paddings
00018 Lustre: 2196:0:(llog_test.c:458:llog_test_3()) 3b: write 566 variable size llog records
00018 Lustre: 2196:0:(llog_test.c:529:llog_test_3()) 3c: write records with variable size until BITMAP_SIZE, return -ENOSPC
00020 Lustre: 2196:0:(llog_test.c:552:llog_test_3()) 3c: wrote 63962 more records before end of llog is reached
00020 Lustre: 2196:0:(llog_test.c:581:llog_test_4()) 4a: create a catalog log with name: 7877967d
00020 ------------[ cut here ]------------
00020 WARNING: /home/ktest/git/linux/include/linux/fs.h:889 at osd_create+0x9cf/0xcf0 [osd_wbcfs], CPU#15: lctl/2196
00020 Modules linked in: llog_test(O) mgs(O) osd_wbcfs(O) lustre(O) obdecho(O) mgc(O) mdc(O) lov(O) osc(O) lmv(O) ec(O) fid(O) fld(O) ptlrpc(O) efivarfs obdclass(O) ksocklnd(O) lnet(O) libcfs(O)
00020 CPU: 15 UID: 0 PID: 2196 Comm: lctl Tainted: G        W  O        7.0.0-ktest-ae6d72a-6330a45-20260929-dirty #1 PREEMPT 
00020 Tainted: [W]=WARN, [O]=OOT_MODULE
00020 Hardware name: QEMU Standard PC (Q35 + ICH9, 2009), BIOS 2025.11-3ubuntu7 03/31/2026
00020 RIP: 0010:osd_create+0x9cf/0xcf0 [osd_wbcfs]
00020 Code: c7 c7 00 96 7b a1 48 c7 c6 a0 12 7d a1 48 c7 c2 00 1c 7d a1 e8 52 f1 43 ff 48 c7 c7 00 96 7b a1 e8 46 81 44 ff e9 fe fc ff ff <0f> 0b e9 a5 fa ff ff 48 c7 c1 80 44 5d a0 80 e1 07 80 c1 03 38 c1
00020 RSP: 0018:ffffc900060af790 EFLAGS: 00010246
00020 RAX: 0000000000000000 RBX: ffff88815354d000 RCX: 0000000000000046
00020 RDX: 0000000000000000 RSI: ffff888156971818 RDI: ffff8881536bcb18
00020 RBP: ffff888156971788 R08: ffffffff83a16803 R09: 1ffffffff0742d00
00020 R10: dffffc0000000000 R11: fffffbfff0742d01 R12: ffff888164737000
00020 R13: dffffc0000000000 R14: 1ffff1102a6a9a00 R15: 1ffff1102c8e6e0f
00020 FS:  00007f7ddf075940(0000) GS:ffff88831eba9000(0000) knlGS:0000000000000000
00020 CS:  0010 DS: 0000 ES: 0000 CR0: 0000000080050033
00020 CR2: 0000564db5228b40 CR3: 0000000158ff1000 CR4: 0000000000750eb0
00020 PKRU: 55555554
00020 Call Trace:
00020  <TASK>
00020  ? local_object_create+0x109/0x640 [obdclass]
00020  ? dt_write_lock+0x16d/0x2a0 [obdclass]
00020  ? llog_osd_create+0x356/0x10d0 [obdclass]
00020  ? llog_create+0x2ed/0x530 [obdclass]
00020  ? llog_open_create+0x6e7/0xb30 [obdclass]
00020  ? llog_run_tests+0x2c0e/0x5ac0 [llog_test]
00020  ? get_random_u32+0x51/0x470
00020  ? llog_test_device_init+0x6e8/0xa20 [llog_test]
00020  ? obd_setup+0x54d/0x950 [obdclass]
00020  ? class_setup+0xc7d/0x10e0 [obdclass]
00020  ? class_process_config+0x2edb/0x7cb0 [obdclass]
00020  ? class_handle_ioctl+0x2055/0x3590 [obdclass]
00020  ? obd_class_ioctl+0x1f6/0x3c0 [obdclass]
00020  ? __x64_sys_ioctl+0x961/0xe00
00020  ? _copy_to_user+0x3d/0x60
00020  ? __x64_sys_rt_sigaction+0x107/0x140
00020  ? do_syscall_64+0xc1/0x350
00020  ? entry_SYSCALL_64_after_hwframe+0x4b/0x53
00020  </TASK>
00020 ---[ end trace 0000000000000000 ]---
00020 Lustre: 2196:0:(llog_test.c:596:llog_test_4()) 4b: write 1 record into the catalog
00020 ------------[ cut here ]------------
00020 WARNING: /home/ktest/git/linux/include/linux/fs.h:889 at osd_create+0x9cf/0xcf0 [osd_wbcfs], CPU#15: lctl/2196
00020 Modules linked in: llog_test(O) mgs(O) osd_wbcfs(O) lustre(O) obdecho(O) mgc(O) mdc(O) lov(O) osc(O) lmv(O) ec(O) fid(O) fld(O) ptlrpc(O) efivarfs obdclass(O) ksocklnd(O) lnet(O) libcfs(O)
00020 CPU: 15 UID: 0 PID: 2196 Comm: lctl Tainted: G        W  O        7.0.0-ktest-ae6d72a-6330a45-20260929-dirty #1 PREEMPT 
00020 Tainted: [W]=WARN, [O]=OOT_MODULE
00020 Hardware name: QEMU Standard PC (Q35 + ICH9, 2009), BIOS 2025.11-3ubuntu7 03/31/2026
00020 RIP: 0010:osd_create+0x9cf/0xcf0 [osd_wbcfs]
00020 Code: c7 c7 00 96 7b a1 48 c7 c6 a0 12 7d a1 48 c7 c2 00 1c 7d a1 e8 52 f1 43 ff 48 c7 c7 00 96 7b a1 e8 46 81 44 ff e9 fe fc ff ff <0f> 0b e9 a5 fa ff ff 48 c7 c1 80 44 5d a0 80 e1 07 80 c1 03 38 c1
00020 RSP: 0018:ffffc900060af640 EFLAGS: 00010246
00020 RAX: 0000000000000000 RBX: ffff88815354c800 RCX: 0000000000000046
00020 RDX: 0000000000000000 RSI: ffff888156971100 RDI: ffff8881536bcb40
00020 RBP: ffff888156971070 R08: ffffffff83a16803 R09: 1ffffffff0742d00
00020 R10: dffffc0000000000 R11: fffffbfff0742d01 R12: ffff888164737000
00020 R13: dffffc0000000000 R14: 1ffff1102a6a9900 R15: 1ffff1102c8e6e0f
00020 FS:  00007f7ddf075940(0000) GS:ffff88831eba9000(0000) knlGS:0000000000000000
00020 CS:  0010 DS: 0000 ES: 0000 CR0: 0000000080050033
00020 CR2: 0000564db5228b40 CR3: 0000000158ff1000 CR4: 0000000000750eb0
00020 PKRU: 55555554
00020 Call Trace:
00020  <TASK>
00020  ? local_object_create+0x109/0x640 [obdclass]
00020  ? dt_write_lock+0x16d/0x2a0 [obdclass]
00020  ? llog_osd_create+0x356/0x10d0 [obdclass]
00020  ? llog_create+0x2ed/0x530 [obdclass]
00020  ? llog_cat_new_log+0x6d1/0x2970 [obdclass]
00020  ? llog_cat_add_rec+0x6ba/0x1960 [obdclass]
00020  ? llog_cat_add+0x499/0x7a0 [obdclass]
00020  ? llog_run_tests+0x2ff2/0x5ac0 [llog_test]
00020  ? get_random_u32+0x51/0x470
00020  ? llog_test_device_init+0x6e8/0xa20 [llog_test]
00020  ? obd_setup+0x54d/0x950 [obdclass]
00020  ? class_setup+0xc7d/0x10e0 [obdclass]
00020  ? class_process_config+0x2edb/0x7cb0 [obdclass]
00020  ? class_handle_ioctl+0x2055/0x3590 [obdclass]
00020  ? obd_class_ioctl+0x1f6/0x3c0 [obdclass]
00020  ? __x64_sys_ioctl+0x961/0xe00
00020  ? _copy_to_user+0x3d/0x60
00020  ? __x64_sys_rt_sigaction+0x107/0x140
00020  ? do_syscall_64+0xc1/0x350
00020  ? entry_SYSCALL_64_after_hwframe+0x4b/0x53
00020  </TASK>
00020 ---[ end trace 0000000000000000 ]---
00020 Lustre: 2196:0:(llog_test.c:623:llog_test_4()) 4c: cancel 1 log record
00020 Lustre: 2196:0:(llog_test.c:635:llog_test_4()) 4d: write 64767 more log records
00022 ------------[ cut here ]------------
00022 WARNING: /home/ktest/git/linux/include/linux/fs.h:889 at osd_create+0x9cf/0xcf0 [osd_wbcfs], CPU#15: lctl/2196
00022 Modules linked in: llog_test(O) mgs(O) osd_wbcfs(O) lustre(O) obdecho(O) mgc(O) mdc(O) lov(O) osc(O) lmv(O) ec(O) fid(O) fld(O) ptlrpc(O) efivarfs obdclass(O) ksocklnd(O) lnet(O) libcfs(O)
00022 CPU: 15 UID: 0 PID: 2196 Comm: lctl Tainted: G        W  O        7.0.0-ktest-ae6d72a-6330a45-20260929-dirty #1 PREEMPT 
00022 Tainted: [W]=WARN, [O]=OOT_MODULE
00022 Hardware name: QEMU Standard PC (Q35 + ICH9, 2009), BIOS 2025.11-3ubuntu7 03/31/2026
00022 RIP: 0010:osd_create+0x9cf/0xcf0 [osd_wbcfs]
00022 Code: c7 c7 00 96 7b a1 48 c7 c6 a0 12 7d a1 48 c7 c2 00 1c 7d a1 e8 52 f1 43 ff 48 c7 c7 00 96 7b a1 e8 46 81 44 ff e9 fe fc ff ff <0f> 0b e9 a5 fa ff ff 48 c7 c1 80 44 5d a0 80 e1 07 80 c1 03 38 c1
00022 RSP: 0018:ffffc900060af640 EFLAGS: 00010246
00022 RAX: 0000000000000000 RBX: ffff88815354c000 RCX: 0000000000000046
00022 RDX: 0000000000000000 RSI: ffff8881569709e8 RDI: ffff8881536bcb40
00022 RBP: ffff888156970958 R08: ffffffff83a16803 R09: 1ffffffff0742d00
00022 R10: dffffc0000000000 R11: fffffbfff0742d01 R12: ffff888164737000
00022 R13: dffffc0000000000 R14: 1ffff1102a6a9800 R15: 1ffff1102c8e6e0f
00022 FS:  00007f7ddf075940(0000) GS:ffff88831eba9000(0000) knlGS:0000000000000000
00022 CS:  0010 DS: 0000 ES: 0000 CR0: 0000000080050033
00022 CR2: 0000564db5228b40 CR3: 0000000158ff1000 CR4: 0000000000750eb0
00022 PKRU: 55555554
00022 Call Trace:
00022  <TASK>
00022  ? local_object_create+0x109/0x640 [obdclass]
00022  ? dt_write_lock+0x16d/0x2a0 [obdclass]
00022  ? llog_osd_create+0x356/0x10d0 [obdclass]
00022  ? llog_create+0x2ed/0x530 [obdclass]
00022  ? llog_cat_new_log+0x6d1/0x2970 [obdclass]
00022  ? llog_cat_add_rec+0x6ba/0x1960 [obdclass]
00022  ? llog_cat_add+0x499/0x7a0 [obdclass]
00022  ? llog_run_tests+0x40d3/0x5ac0 [llog_test]
00022  ? get_random_u32+0x51/0x470
00022  ? llog_test_device_init+0x6e8/0xa20 [llog_test]
00022  ? obd_setup+0x54d/0x950 [obdclass]
00022  ? class_setup+0xc7d/0x10e0 [obdclass]
00022  ? class_process_config+0x2edb/0x7cb0 [obdclass]
00022  ? class_handle_ioctl+0x2055/0x3590 [obdclass]
00022  ? obd_class_ioctl+0x1f6/0x3c0 [obdclass]
00022  ? __x64_sys_ioctl+0x961/0xe00
00022  ? _copy_to_user+0x3d/0x60
00022  ? __x64_sys_rt_sigaction+0x107/0x140
00022  ? do_syscall_64+0xc1/0x350
00022  ? entry_SYSCALL_64_after_hwframe+0x4b/0x53
00022  </TASK>
00022 ---[ end trace 0000000000000000 ]---
00022 Lustre: 2196:0:(llog_test.c:651:llog_test_4()) 4e: add 5 large records, one record per block
00022 Lustre: 2196:0:(llog_test.c:671:llog_test_4()) 4f: put newly-created catalog
00022 Lustre: 2196:0:(llog_test.c:770:llog_test_5()) 5a: re-open catalog by id
00022 Lustre: 2196:0:(llog_test.c:783:llog_test_5()) 5b: print the catalog entries.. we expect 2
00022 Lustre: 2203:0:(llog_test.c:700:cat_print_cb()) seeing record at index 1 - [0x1:0x3:0x0] in log [0xa:0x4:0x0]
00022 Lustre: 2196:0:(llog_test.c:795:llog_test_5()) 5c: Cancel 64767 records, see one log zapped
00045 Lustre: 2196:0:(llog_test.c:1024:llog_test_7_sub()) 7_sub: records are not aligned, written 64071 from 64767
00046 Lustre: 2196:0:(llog_test.c:1129:llog_test_7()) 7f: test llog_changelog_user_rec2
00046 ------------[ cut here ]------------
00046 WARNING: /home/ktest/git/linux/include/linux/fs.h:889 at osd_create+0x9cf/0xcf0 [osd_wbcfs], CPU#15: lctl/2196
00046 Modules linked in: llog_test(O) mgs(O) osd_wbcfs(O) lustre(O) obdecho(O) mgc(O) mdc(O) lov(O) osc(O) lmv(O) ec(O) fid(O) fld(O) ptlrpc(O) efivarfs obdclass(O) ksocklnd(O) lnet(O) libcfs(O)
00046 CPU: 15 UID: 0 PID: 2196 Comm: lctl Tainted: G        W  O        7.0.0-ktest-ae6d72a-6330a45-20260929-dirty #1 PREEMPT 
00046 Tainted: [W]=WARN, [O]=OOT_MODULE
00046 Hardware name: QEMU Standard PC (Q35 + ICH9, 2009), BIOS 2025.11-3ubuntu7 03/31/2026
00046 RIP: 0010:osd_create+0x9cf/0xcf0 [osd_wbcfs]
00046 Code: c7 c7 00 96 7b a1 48 c7 c6 a0 12 7d a1 48 c7 c2 00 1c 7d a1 e8 52 f1 43 ff 48 c7 c7 00 96 7b a1 e8 46 81 44 ff e9 fe fc ff ff <0f> 0b e9 a5 fa ff ff 48 c7 c1 80 44 5d a0 80 e1 07 80 c1 03 38 c1
00046 RSP: 0018:ffffc900060af6e8 EFLAGS: 00010246
00046 RAX: 0000000000000000 RBX: ffff8881b54f4800 RCX: 0000000000000046
00046 RDX: 0000000000000000 RSI: ffff888181f3d7f0 RDI: ffff8881536bcb18
00046 RBP: ffff888181f3d760 R08: ffffffff83a16803 R09: 1ffffffff0742d00
00046 R10: dffffc0000000000 R11: fffffbfff0742d01 R12: ffff888164737000
00046 R13: dffffc0000000000 R14: 1ffff11036a9e900 R15: 1ffff1102c8e6e0f
00046 FS:  00007f7ddf075940(0000) GS:ffff88831eba9000(0000) knlGS:0000000000000000
00046 CS:  0010 DS: 0000 ES: 0000 CR0: 0000000080050033
00046 CR2: 0000564db5228b40 CR3: 0000000158ff1000 CR4: 0000000000750eb0
00046 PKRU: 55555554
00046 Call Trace:
00046  <TASK>
00046  ? local_object_create+0x109/0x640 [obdclass]
00046  ? dt_write_lock+0x16d/0x2a0 [obdclass]
00046  ? llog_osd_create+0x356/0x10d0 [obdclass]
00046  ? llog_create+0x2ed/0x530 [obdclass]
00046  ? llog_open_create+0x6e7/0xb30 [obdclass]
00046  ? llog_test_7_sub+0xea/0x1250 [llog_test]
00046  ? llog_test_7+0x837/0xf50 [llog_test]
00046  ? llog_run_tests+0x3614/0x5ac0 [llog_test]
00046  ? get_random_u32+0x51/0x470
00046  ? llog_test_device_init+0x6e8/0xa20 [llog_test]
00046  ? obd_setup+0x54d/0x950 [obdclass]
00046  ? class_setup+0xc7d/0x10e0 [obdclass]
00046  ? class_process_config+0x2edb/0x7cb0 [obdclass]
00046  ? class_handle_ioctl+0x2055/0x3590 [obdclass]
00046  ? obd_class_ioctl+0x1f6/0x3c0 [obdclass]
00046  ? __x64_sys_ioctl+0x961/0xe00
00046  ? _copy_to_user+0x3d/0x60
00046  ? __x64_sys_rt_sigaction+0x107/0x140
00046  ? do_syscall_64+0xc1/0x350
00046  ? entry_SYSCALL_64_after_hwframe+0x4b/0x53
00046  </TASK>
00046 ---[ end trace 0000000000000000 ]---
00049 Lustre: 2196:0:(llog_test.c:1024:llog_test_7_sub()) 7_sub: records are not aligned, written 64139 from 64767
00051 Lustre: 2196:0:(llog_test.c:1140:llog_test_7()) 7g: test llog_gen_rec
00051 ------------[ cut here ]------------
00051 WARNING: /home/ktest/git/linux/include/linux/fs.h:889 at osd_create+0x9cf/0xcf0 [osd_wbcfs], CPU#15: lctl/2196
00051 Modules linked in: llog_test(O) mgs(O) osd_wbcfs(O) lustre(O) obdecho(O) mgc(O) mdc(O) lov(O) osc(O) lmv(O) ec(O) fid(O) fld(O) ptlrpc(O) efivarfs obdclass(O) ksocklnd(O) lnet(O) libcfs(O)
00051 CPU: 15 UID: 0 PID: 2196 Comm: lctl Tainted: G        W  O        7.0.0-ktest-ae6d72a-6330a45-20260929-dirty #1 PREEMPT 
00051 Tainted: [W]=WARN, [O]=OOT_MODULE
00051 Hardware name: QEMU Standard PC (Q35 + ICH9, 2009), BIOS 2025.11-3ubuntu7 03/31/2026
00051 RIP: 0010:osd_create+0x9cf/0xcf0 [osd_wbcfs]
00051 Code: c7 c7 00 96 7b a1 48 c7 c6 a0 12 7d a1 48 c7 c2 00 1c 7d a1 e8 52 f1 43 ff 48 c7 c7 00 96 7b a1 e8 46 81 44 ff e9 fe fc ff ff <0f> 0b e9 a5 fa ff ff 48 c7 c1 80 44 5d a0 80 e1 07 80 c1 03 38 c1
00051 RSP: 0018:ffffc900060af6e8 EFLAGS: 00010246
00051 RAX: 0000000000000000 RBX: ffff8881a4139400 RCX: 0000000000000046
00051 RDX: 0000000000000000 RSI: ffff888156977b68 RDI: ffff8881536bcb18
00051 RBP: ffff888156977ad8 R08: ffffffff83a16803 R09: 1ffffffff0742d00
00051 R10: dffffc0000000000 R11: fffffbfff0742d01 R12: ffff888164737000
00051 R13: dffffc0000000000 R14: 1ffff11034827280 R15: 1ffff1102c8e6e0f
00051 FS:  00007f7ddf075940(0000) GS:ffff88831eba9000(0000) knlGS:0000000000000000
00051 CS:  0010 DS: 0000 ES: 0000 CR0: 0000000080050033
00051 CR2: 0000564db5228b40 CR3: 0000000158ff1000 CR4: 0000000000750eb0
00051 PKRU: 55555554
00051 Call Trace:
00051  <TASK>
00051  ? local_object_create+0x109/0x640 [obdclass]
00051  ? dt_write_lock+0x16d/0x2a0 [obdclass]
00051  ? llog_osd_create+0x356/0x10d0 [obdclass]
00051  ? llog_create+0x2ed/0x530 [obdclass]
00051  ? llog_open_create+0x6e7/0xb30 [obdclass]
00051  ? llog_test_7_sub+0xea/0x1250 [llog_test]
00051  ? llog_test_7+0x968/0xf50 [llog_test]
00051  ? llog_run_tests+0x3614/0x5ac0 [llog_test]
00051  ? get_random_u32+0x51/0x470
00051  ? llog_test_device_init+0x6e8/0xa20 [llog_test]
00051  ? obd_setup+0x54d/0x950 [obdclass]
00051  ? class_setup+0xc7d/0x10e0 [obdclass]
00051  ? class_process_config+0x2edb/0x7cb0 [obdclass]
00051  ? class_handle_ioctl+0x2055/0x3590 [obdclass]
00051  ? obd_class_ioctl+0x1f6/0x3c0 [obdclass]
00051  ? __x64_sys_ioctl+0x961/0xe00
00051  ? _copy_to_user+0x3d/0x60
00051  ? __x64_sys_rt_sigaction+0x107/0x140
00051  ? do_syscall_64+0xc1/0x350
00051  ? entry_SYSCALL_64_after_hwframe+0x4b/0x53
00051  </TASK>
00051 ---[ end trace 0000000000000000 ]---
00055 Lustre: 2196:0:(llog_test.c:1151:llog_test_7()) 7h: test llog_setattr64_rec_v2
00055 ------------[ cut here ]------------
00055 WARNING: /home/ktest/git/linux/include/linux/fs.h:889 at osd_create+0x9cf/0xcf0 [osd_wbcfs], CPU#15: lctl/2196
00055 Modules linked in: llog_test(O) mgs(O) osd_wbcfs(O) lustre(O) obdecho(O) mgc(O) mdc(O) lov(O) osc(O) lmv(O) ec(O) fid(O) fld(O) ptlrpc(O) efivarfs obdclass(O) ksocklnd(O) lnet(O) libcfs(O)
00055 CPU: 15 UID: 0 PID: 2196 Comm: lctl Tainted: G        W  O        7.0.0-ktest-ae6d72a-6330a45-20260929-dirty #1 PREEMPT 
00055 Tainted: [W]=WARN, [O]=OOT_MODULE
00055 Hardware name: QEMU Standard PC (Q35 + ICH9, 2009), BIOS 2025.11-3ubuntu7 03/31/2026
00055 RIP: 0010:osd_create+0x9cf/0xcf0 [osd_wbcfs]
00055 Code: c7 c7 00 96 7b a1 48 c7 c6 a0 12 7d a1 48 c7 c2 00 1c 7d a1 e8 52 f1 43 ff 48 c7 c7 00 96 7b a1 e8 46 81 44 ff e9 fe fc ff ff <0f> 0b e9 a5 fa ff ff 48 c7 c1 80 44 5d a0 80 e1 07 80 c1 03 38 c1
00055 RSP: 0018:ffffc900060af6e8 EFLAGS: 00010246
00055 RAX: 0000000000000000 RBX: ffff88817d5eac00 RCX: 0000000000000046
00055 RDX: 0000000000000000 RSI: ffff888156977450 RDI: ffff8881536bcb18
00055 RBP: ffff8881569773c0 R08: ffffffff83a16803 R09: 1ffffffff0742d00
00055 R10: dffffc0000000000 R11: fffffbfff0742d01 R12: ffff888164737000
00055 R13: dffffc0000000000 R14: 1ffff1102fabd580 R15: 1ffff1102c8e6e0f
00055 FS:  00007f7ddf075940(0000) GS:ffff88831eba9000(0000) knlGS:0000000000000000
00055 CS:  0010 DS: 0000 ES: 0000 CR0: 0000000080050033
00055 CR2: 0000564db5228b40 CR3: 0000000158ff1000 CR4: 0000000000750eb0
00055 PKRU: 55555554
00055 Call Trace:
00055  <TASK>
00055  ? local_object_create+0x109/0x640 [obdclass]
00055  ? dt_write_lock+0x16d/0x2a0 [obdclass]
00055  ? llog_osd_create+0x356/0x10d0 [obdclass]
00055  ? llog_create+0x2ed/0x530 [obdclass]
00055  ? llog_open_create+0x6e7/0xb30 [obdclass]
00055  ? llog_test_7_sub+0xea/0x1250 [llog_test]
00055  ? llog_test_7+0xa99/0xf50 [llog_test]
00055  ? llog_run_tests+0x3614/0x5ac0 [llog_test]
00055  ? get_random_u32+0x51/0x470
00055  ? llog_test_device_init+0x6e8/0xa20 [llog_test]
00055  ? obd_setup+0x54d/0x950 [obdclass]
00055  ? class_setup+0xc7d/0x10e0 [obdclass]
00055  ? class_process_config+0x2edb/0x7cb0 [obdclass]
00055  ? class_handle_ioctl+0x2055/0x3590 [obdclass]
00055  ? obd_class_ioctl+0x1f6/0x3c0 [obdclass]
00055  ? __x64_sys_ioctl+0x961/0xe00
00055  ? _copy_to_user+0x3d/0x60
00055  ? __x64_sys_rt_sigaction+0x107/0x140
00055  ? do_syscall_64+0xc1/0x350
00055  ? entry_SYSCALL_64_after_hwframe+0x4b/0x53
00055  </TASK>
00055 ---[ end trace 0000000000000000 ]---
00057 Lustre: 2196:0:(llog_test.c:1024:llog_test_7_sub()) 7_sub: records are not aligned, written 64071 from 64767
00059 Lustre: 2196:0:(llog_test.c:1260:llog_test_8()) 8a: fill the first plain llog
00059 ------------[ cut here ]------------
00059 WARNING: /home/ktest/git/linux/include/linux/fs.h:889 at osd_create+0x9cf/0xcf0 [osd_wbcfs], CPU#11: lctl/2196
00059 Modules linked in: llog_test(O) mgs(O) osd_wbcfs(O) lustre(O) obdecho(O) mgc(O) mdc(O) lov(O) osc(O) lmv(O) ec(O) fid(O) fld(O) ptlrpc(O) efivarfs obdclass(O) ksocklnd(O) lnet(O) libcfs(O)
00059 CPU: 11 UID: 0 PID: 2196 Comm: lctl Tainted: G        W  O        7.0.0-ktest-ae6d72a-6330a45-20260929-dirty #1 PREEMPT 
00059 Tainted: [W]=WARN, [O]=OOT_MODULE
00059 Hardware name: QEMU Standard PC (Q35 + ICH9, 2009), BIOS 2025.11-3ubuntu7 03/31/2026
00059 RIP: 0010:osd_create+0x9cf/0xcf0 [osd_wbcfs]
00059 Code: c7 c7 00 96 7b a1 48 c7 c6 a0 12 7d a1 48 c7 c2 00 1c 7d a1 e8 52 f1 43 ff 48 c7 c7 00 96 7b a1 e8 46 81 44 ff e9 fe fc ff ff <0f> 0b e9 a5 fa ff ff 48 c7 c1 80 44 5d a0 80 e1 07 80 c1 03 38 c1
00059 RSP: 0018:ffffc900060af4c8 EFLAGS: 00010246
00059 RAX: 0000000000000000 RBX: ffff888154eafc00 RCX: 0000000000000046
00059 RDX: 0000000000000000 RSI: ffff88819a0250d8 RDI: ffff8881536bcb40
00059 RBP: ffff88819a025048 R08: ffffffff83a16803 R09: 1ffffffff0742d00
00059 R10: dffffc0000000000 R11: fffffbfff0742d01 R12: ffff888164737000
00059 R13: dffffc0000000000 R14: 1ffff1102a9d5f80 R15: 1ffff1102c8e6e0f
00059 FS:  00007f7ddf075940(0000) GS:ffff88831e9a9000(0000) knlGS:0000000000000000
00059 CS:  0010 DS: 0000 ES: 0000 CR0: 0000000080050033
00059 CR2: 00005576c7b43860 CR3: 0000000158ff1000 CR4: 0000000000750eb0
00059 PKRU: 55555554
00059 Call Trace:
00059  <TASK>
00059  ? local_object_create+0x109/0x640 [obdclass]
00059  ? dt_write_lock+0x16d/0x2a0 [obdclass]
00059  ? llog_osd_create+0x356/0x10d0 [obdclass]
00059  ? llog_create+0x2ed/0x530 [obdclass]
00059  ? llog_cat_new_log+0x6d1/0x2970 [obdclass]
00059  ? llog_cat_add_rec+0x6ba/0x1960 [obdclass]
00059  ? llog_cat_add+0x499/0x7a0 [obdclass]
00059  ? llog_test_8+0x567/0x1c20 [llog_test]
00059  ? do_raw_spin_unlock+0x52/0x230
00059  ? _raw_spin_unlock+0x23/0x40
00059  ? __llog_ctxt_put+0x1c4/0x2f0 [obdclass]
00059  ? llog_run_tests+0x39a2/0x5ac0 [llog_test]
00059  ? get_random_u32+0x51/0x470
00059  ? llog_test_device_init+0x6e8/0xa20 [llog_test]
00059  ? obd_setup+0x54d/0x950 [obdclass]
00059  ? class_setup+0xc7d/0x10e0 [obdclass]
00059  ? class_process_config+0x2edb/0x7cb0 [obdclass]
00059  ? class_handle_ioctl+0x2055/0x3590 [obdclass]
00059  ? obd_class_ioctl+0x1f6/0x3c0 [obdclass]
00059  ? __x64_sys_ioctl+0x961/0xe00
00059  ? _copy_to_user+0x3d/0x60
00059  ? __x64_sys_rt_sigaction+0x107/0x140
00059  ? do_syscall_64+0xc1/0x350
00059  ? entry_SYSCALL_64_after_hwframe+0x4b/0x53
00059  </TASK>
00059 ---[ end trace 0000000000000000 ]---
00059 Lustre: 2196:0:(llog_test.c:1289:llog_test_8()) 8b: first llog [0x1:0x10:0x0]
00059 Lustre: 2196:0:(llog_test.c:1305:llog_test_8()) 8b: fill the second plain llog
00059 ------------[ cut here ]------------
00059 WARNING: /home/ktest/git/linux/include/linux/fs.h:889 at osd_create+0x9cf/0xcf0 [osd_wbcfs], CPU#11: lctl/2196
00059 Modules linked in: llog_test(O) mgs(O) osd_wbcfs(O) lustre(O) obdecho(O) mgc(O) mdc(O) lov(O) osc(O) lmv(O) ec(O) fid(O) fld(O) ptlrpc(O) efivarfs obdclass(O) ksocklnd(O) lnet(O) libcfs(O)
00059 CPU: 11 UID: 0 PID: 2196 Comm: lctl Tainted: G        W  O        7.0.0-ktest-ae6d72a-6330a45-20260929-dirty #1 PREEMPT 
00059 Tainted: [W]=WARN, [O]=OOT_MODULE
00059 Hardware name: QEMU Standard PC (Q35 + ICH9, 2009), BIOS 2025.11-3ubuntu7 03/31/2026
00059 RIP: 0010:osd_create+0x9cf/0xcf0 [osd_wbcfs]
00059 Code: c7 c7 00 96 7b a1 48 c7 c6 a0 12 7d a1 48 c7 c2 00 1c 7d a1 e8 52 f1 43 ff 48 c7 c7 00 96 7b a1 e8 46 81 44 ff e9 fe fc ff ff <0f> 0b e9 a5 fa ff ff 48 c7 c1 80 44 5d a0 80 e1 07 80 c1 03 38 c1
00059 RSP: 0018:ffffc900060af4c8 EFLAGS: 00010246
00059 RAX: 0000000000000000 RBX: ffff888154eae400 RCX: 0000000000000046
00059 RDX: 0000000000000000 RSI: ffff88819a0249c0 RDI: ffff8881536bcb40
00059 RBP: ffff88819a024930 R08: ffffffff83a16803 R09: 1ffffffff0742d00
00059 R10: dffffc0000000000 R11: fffffbfff0742d01 R12: ffff888164737000
00059 R13: dffffc0000000000 R14: 1ffff1102a9d5c80 R15: 1ffff1102c8e6e0f
00059 FS:  00007f7ddf075940(0000) GS:ffff88831e9a9000(0000) knlGS:0000000000000000
00059 CS:  0010 DS: 0000 ES: 0000 CR0: 0000000080050033
00059 CR2: 00005576c7b43860 CR3: 0000000158ff1000 CR4: 0000000000750eb0
00059 PKRU: 55555554
00059 Call Trace:
00059  <TASK>
00059  ? local_object_create+0x109/0x640 [obdclass]
00059  ? dt_write_lock+0x16d/0x2a0 [obdclass]
00059  ? llog_osd_create+0x356/0x10d0 [obdclass]
00059  ? llog_create+0x2ed/0x530 [obdclass]
00059  ? llog_cat_new_log+0x6d1/0x2970 [obdclass]
00059  ? llog_cat_add_rec+0x6ba/0x1960 [obdclass]
00059  ? llog_cat_add+0x499/0x7a0 [obdclass]
00059  ? llog_test_8+0xd89/0x1c20 [llog_test]
00059  ? do_raw_spin_unlock+0x52/0x230
00059  ? _raw_spin_unlock+0x23/0x40
00059  ? __llog_ctxt_put+0x1c4/0x2f0 [obdclass]
00059  ? llog_run_tests+0x39a2/0x5ac0 [llog_test]
00059  ? get_random_u32+0x51/0x470
00059  ? llog_test_device_init+0x6e8/0xa20 [llog_test]
00059  ? obd_setup+0x54d/0x950 [obdclass]
00059  ? class_setup+0xc7d/0x10e0 [obdclass]
00059  ? class_process_config+0x2edb/0x7cb0 [obdclass]
00059  ? class_handle_ioctl+0x2055/0x3590 [obdclass]
00059  ? obd_class_ioctl+0x1f6/0x3c0 [obdclass]
00059  ? __x64_sys_ioctl+0x961/0xe00
00059  ? _copy_to_user+0x3d/0x60
00059  ? __x64_sys_rt_sigaction+0x107/0x140
00059  ? do_syscall_64+0xc1/0x350
00059  ? entry_SYSCALL_64_after_hwframe+0x4b/0x53
00059  </TASK>
00059 ---[ end trace 0000000000000000 ]---
00059 Lustre: 2196:0:(llog_test.c:1329:llog_test_8()) 8b: pin llog [0x1:0x12:0x0]
00059 Lustre: 2196:0:(llog_test.c:1332:llog_test_8()) 8b: clean first llog record in catalog
00059 Lustre: 2196:0:(llog_test.c:1343:llog_test_8()) 8c: corrupt first chunk in the middle
00059 Lustre: 2196:0:(llog_test.c:1346:llog_test_8()) 8c: corrupt second chunk at start
00059 Lustre: 2196:0:(llog_test.c:1349:llog_test_8()) 8d: count survived records
00059 Lustre: 2196:0:(llog_test.c:1379:llog_test_8()) 8d: close re-opened catalog
00059 Lustre: 2196:0:(llog_test.c:1440:llog_test_9()) 9a: test llog_logid_rec
00059 ------------[ cut here ]------------
00059 WARNING: /home/ktest/git/linux/include/linux/fs.h:889 at osd_create+0x9cf/0xcf0 [osd_wbcfs], CPU#11: lctl/2196
00059 Modules linked in: llog_test(O) mgs(O) osd_wbcfs(O) lustre(O) obdecho(O) mgc(O) mdc(O) lov(O) osc(O) lmv(O) ec(O) fid(O) fld(O) ptlrpc(O) efivarfs obdclass(O) ksocklnd(O) lnet(O) libcfs(O)
00059 CPU: 11 UID: 0 PID: 2196 Comm: lctl Tainted: G        W  O        7.0.0-ktest-ae6d72a-6330a45-20260929-dirty #1 PREEMPT 
00059 Tainted: [W]=WARN, [O]=OOT_MODULE
00059 Hardware name: QEMU Standard PC (Q35 + ICH9, 2009), BIOS 2025.11-3ubuntu7 03/31/2026
00059 RIP: 0010:osd_create+0x9cf/0xcf0 [osd_wbcfs]
00059 Code: c7 c7 00 96 7b a1 48 c7 c6 a0 12 7d a1 48 c7 c2 00 1c 7d a1 e8 52 f1 43 ff 48 c7 c7 00 96 7b a1 e8 46 81 44 ff e9 fe fc ff ff <0f> 0b e9 a5 fa ff ff 48 c7 c1 80 44 5d a0 80 e1 07 80 c1 03 38 c1
00059 RSP: 0018:ffffc900060af710 EFLAGS: 00010246
00059 RAX: 0000000000000000 RBX: ffff888155965c00 RCX: 0000000000000046
00059 RDX: 0000000000000000 RSI: ffff88819a0242a8 RDI: ffff8881536bcb18
00059 RBP: ffff88819a024218 R08: ffffffff83a16803 R09: 1ffffffff0742d00
00059 R10: dffffc0000000000 R11: fffffbfff0742d01 R12: ffff888164737000
00059 R13: dffffc0000000000 R14: 1ffff1102ab2cb80 R15: 1ffff1102c8e6e0f
00059 FS:  00007f7ddf075940(0000) GS:ffff88831e9a9000(0000) knlGS:0000000000000000
00059 CS:  0010 DS: 0000 ES: 0000 CR0: 0000000080050033
00059 CR2: 00005576c7b43860 CR3: 0000000158ff1000 CR4: 0000000000750eb0
00059 PKRU: 55555554
00059 Call Trace:
00059  <TASK>
00059  ? local_object_create+0x109/0x640 [obdclass]
00059  ? dt_write_lock+0x16d/0x2a0 [obdclass]
00059  ? llog_osd_create+0x356/0x10d0 [obdclass]
00059  ? llog_create+0x2ed/0x530 [obdclass]
00059  ? llog_open_create+0x6e7/0xb30 [obdclass]
00059  ? llog_test_9_sub+0xd4/0x800 [llog_test]
00059  ? llog_test_9+0x242/0x960 [llog_test]
00059  ? llog_run_tests+0x3d64/0x5ac0 [llog_test]
00059  ? get_random_u32+0x51/0x470
00059  ? llog_test_device_init+0x6e8/0xa20 [llog_test]
00059  ? obd_setup+0x54d/0x950 [obdclass]
00059  ? class_setup+0xc7d/0x10e0 [obdclass]
00059  ? class_process_config+0x2edb/0x7cb0 [obdclass]
00059  ? class_handle_ioctl+0x2055/0x3590 [obdclass]
00059  ? obd_class_ioctl+0x1f6/0x3c0 [obdclass]
00059  ? __x64_sys_ioctl+0x961/0xe00
00059  ? _copy_to_user+0x3d/0x60
00059  ? __x64_sys_rt_sigaction+0x107/0x140
00059  ? do_syscall_64+0xc1/0x350
00059  ? entry_SYSCALL_64_after_hwframe+0x4b/0x53
00059  </TASK>
00059 ---[ end trace 0000000000000000 ]---
00059 Lustre: 2196:0:(llog_test.c:1424:llog_test_9_sub()) 9_sub: record type 1064553b in log 0x1:0x14:0x0
00059 Lustre: 2196:0:(llog_test.c:1451:llog_test_9()) 9b: test llog_obd_cfg_rec
00059 ------------[ cut here ]------------
00059 WARNING: /home/ktest/git/linux/include/linux/fs.h:889 at osd_create+0x9cf/0xcf0 [osd_wbcfs], CPU#11: lctl/2196
00059 Modules linked in: llog_test(O) mgs(O) osd_wbcfs(O) lustre(O) obdecho(O) mgc(O) mdc(O) lov(O) osc(O) lmv(O) ec(O) fid(O) fld(O) ptlrpc(O) efivarfs obdclass(O) ksocklnd(O) lnet(O) libcfs(O)
00059 CPU: 11 UID: 0 PID: 2196 Comm: lctl Tainted: G        W  O        7.0.0-ktest-ae6d72a-6330a45-20260929-dirty #1 PREEMPT 
00059 Tainted: [W]=WARN, [O]=OOT_MODULE
00059 Hardware name: QEMU Standard PC (Q35 + ICH9, 2009), BIOS 2025.11-3ubuntu7 03/31/2026
00059 RIP: 0010:osd_create+0x9cf/0xcf0 [osd_wbcfs]
00059 Code: c7 c7 00 96 7b a1 48 c7 c6 a0 12 7d a1 48 c7 c2 00 1c 7d a1 e8 52 f1 43 ff 48 c7 c7 00 96 7b a1 e8 46 81 44 ff e9 fe fc ff ff <0f> 0b e9 a5 fa ff ff 48 c7 c1 80 44 5d a0 80 e1 07 80 c1 03 38 c1
00059 RSP: 0018:ffffc900060af710 EFLAGS: 00010246
00059 RAX: 0000000000000000 RBX: ffff888155965000 RCX: 0000000000000046
00059 RDX: 0000000000000000 RSI: ffff88819a023b90 RDI: ffff8881536bcb18
00059 RBP: ffff88819a023b00 R08: ffffffff83a16803 R09: 1ffffffff0742d00
00059 R10: dffffc0000000000 R11: fffffbfff0742d01 R12: ffff888164737000
00059 R13: dffffc0000000000 R14: 1ffff1102ab2ca00 R15: 1ffff1102c8e6e0f
00059 FS:  00007f7ddf075940(0000) GS:ffff88831e9a9000(0000) knlGS:0000000000000000
00059 CS:  0010 DS: 0000 ES: 0000 CR0: 0000000080050033
00059 CR2: 00005576c7b43860 CR3: 0000000158ff1000 CR4: 0000000000750eb0
00059 PKRU: 55555554
00059 Call Trace:
00059  <TASK>
00059  ? local_object_create+0x109/0x640 [obdclass]
00059  ? dt_write_lock+0x16d/0x2a0 [obdclass]
00059  ? llog_osd_create+0x356/0x10d0 [obdclass]
00059  ? llog_create+0x2ed/0x530 [obdclass]
00059  ? llog_open_create+0x6e7/0xb30 [obdclass]
00059  ? llog_test_9_sub+0xd4/0x800 [llog_test]
00059  ? llog_test_9+0x373/0x960 [llog_test]
00059  ? llog_run_tests+0x3d64/0x5ac0 [llog_test]
00059  ? get_random_u32+0x51/0x470
00059  ? llog_test_device_init+0x6e8/0xa20 [llog_test]
00059  ? obd_setup+0x54d/0x950 [obdclass]
00059  ? class_setup+0xc7d/0x10e0 [obdclass]
00059  ? class_process_config+0x2edb/0x7cb0 [obdclass]
00059  ? class_handle_ioctl+0x2055/0x3590 [obdclass]
00059  ? obd_class_ioctl+0x1f6/0x3c0 [obdclass]
00059  ? __x64_sys_ioctl+0x961/0xe00
00059  ? _copy_to_user+0x3d/0x60
00059  ? __x64_sys_rt_sigaction+0x107/0x140
00059  ? do_syscall_64+0xc1/0x350
00059  ? entry_SYSCALL_64_after_hwframe+0x4b/0x53
00059  </TASK>
00059 ---[ end trace 0000000000000000 ]---
00059 Lustre: 2196:0:(llog_test.c:1462:llog_test_9()) 9c: test llog_changelog_rec
00059 ------------[ cut here ]------------
00059 WARNING: /home/ktest/git/linux/include/linux/fs.h:889 at osd_create+0x9cf/0xcf0 [osd_wbcfs], CPU#11: lctl/2196
00059 Modules linked in: llog_test(O) mgs(O) osd_wbcfs(O) lustre(O) obdecho(O) mgc(O) mdc(O) lov(O) osc(O) lmv(O) ec(O) fid(O) fld(O) ptlrpc(O) efivarfs obdclass(O) ksocklnd(O) lnet(O) libcfs(O)
00059 CPU: 11 UID: 0 PID: 2196 Comm: lctl Tainted: G        W  O        7.0.0-ktest-ae6d72a-6330a45-20260929-dirty #1 PREEMPT 
00059 Tainted: [W]=WARN, [O]=OOT_MODULE
00059 Hardware name: QEMU Standard PC (Q35 + ICH9, 2009), BIOS 2025.11-3ubuntu7 03/31/2026
00059 RIP: 0010:osd_create+0x9cf/0xcf0 [osd_wbcfs]
00059 Code: c7 c7 00 96 7b a1 48 c7 c6 a0 12 7d a1 48 c7 c2 00 1c 7d a1 e8 52 f1 43 ff 48 c7 c7 00 96 7b a1 e8 46 81 44 ff e9 fe fc ff ff <0f> 0b e9 a5 fa ff ff 48 c7 c1 80 44 5d a0 80 e1 07 80 c1 03 38 c1
00059 RSP: 0018:ffffc900060af710 EFLAGS: 00010246
00059 RAX: 0000000000000000 RBX: ffff888155964800 RCX: 0000000000000046
00059 RDX: 0000000000000000 RSI: ffff88819a023478 RDI: ffff8881536bcb18
00059 RBP: ffff88819a0233e8 R08: ffffffff83a16803 R09: 1ffffffff0742d00
00059 R10: dffffc0000000000 R11: fffffbfff0742d01 R12: ffff888164737000
00059 R13: dffffc0000000000 R14: 1ffff1102ab2c900 R15: 1ffff1102c8e6e0f
00059 FS:  00007f7ddf075940(0000) GS:ffff88831e9a9000(0000) knlGS:0000000000000000
00059 CS:  0010 DS: 0000 ES: 0000 CR0: 0000000080050033
00059 CR2: 00005576c7b43860 CR3: 0000000158ff1000 CR4: 0000000000750eb0
00059 PKRU: 55555554
00059 Call Trace:
00059  <TASK>
00059  ? local_object_create+0x109/0x640 [obdclass]
00059  ? dt_write_lock+0x16d/0x2a0 [obdclass]
00059  ? llog_osd_create+0x356/0x10d0 [obdclass]
00059  ? llog_create+0x2ed/0x530 [obdclass]
00059  ? llog_open_create+0x6e7/0xb30 [obdclass]
00059  ? llog_test_9_sub+0xd4/0x800 [llog_test]
00059  ? llog_test_9+0x4a4/0x960 [llog_test]
00059  ? llog_run_tests+0x3d64/0x5ac0 [llog_test]
00059  ? get_random_u32+0x51/0x470
00059  ? llog_test_device_init+0x6e8/0xa20 [llog_test]
00059  ? obd_setup+0x54d/0x950 [obdclass]
00059  ? class_setup+0xc7d/0x10e0 [obdclass]
00059  ? class_process_config+0x2edb/0x7cb0 [obdclass]
00059  ? class_handle_ioctl+0x2055/0x3590 [obdclass]
00059  ? obd_class_ioctl+0x1f6/0x3c0 [obdclass]
00059  ? __x64_sys_ioctl+0x961/0xe00
00059  ? _copy_to_user+0x3d/0x60
00059  ? __x64_sys_rt_sigaction+0x107/0x140
00059  ? do_syscall_64+0xc1/0x350
00059  ? entry_SYSCALL_64_after_hwframe+0x4b/0x53
00059  </TASK>
00059 ---[ end trace 0000000000000000 ]---
00059 Lustre: 2196:0:(llog_test.c:1474:llog_test_9()) 9d: test llog_changelog_user_rec2
00059 ------------[ cut here ]------------
00059 WARNING: /home/ktest/git/linux/include/linux/fs.h:889 at osd_create+0x9cf/0xcf0 [osd_wbcfs], CPU#11: lctl/2196
00059 Modules linked in: llog_test(O) mgs(O) osd_wbcfs(O) lustre(O) obdecho(O) mgc(O) mdc(O) lov(O) osc(O) lmv(O) ec(O) fid(O) fld(O) ptlrpc(O) efivarfs obdclass(O) ksocklnd(O) lnet(O) libcfs(O)
00059 CPU: 11 UID: 0 PID: 2196 Comm: lctl Tainted: G        W  O        7.0.0-ktest-ae6d72a-6330a45-20260929-dirty #1 PREEMPT 
00059 Tainted: [W]=WARN, [O]=OOT_MODULE
00059 Hardware name: QEMU Standard PC (Q35 + ICH9, 2009), BIOS 2025.11-3ubuntu7 03/31/2026
00059 RIP: 0010:osd_create+0x9cf/0xcf0 [osd_wbcfs]
00059 Code: c7 c7 00 96 7b a1 48 c7 c6 a0 12 7d a1 48 c7 c2 00 1c 7d a1 e8 52 f1 43 ff 48 c7 c7 00 96 7b a1 e8 46 81 44 ff e9 fe fc ff ff <0f> 0b e9 a5 fa ff ff 48 c7 c1 80 44 5d a0 80 e1 07 80 c1 03 38 c1
00059 RSP: 0018:ffffc900060af710 EFLAGS: 00010246
00059 RAX: 0000000000000000 RBX: ffff888155964000 RCX: 0000000000000046
00059 RDX: 0000000000000000 RSI: ffff88819a022d60 RDI: ffff8881536bcb18
00059 RBP: ffff88819a022cd0 R08: ffffffff83a16803 R09: 1ffffffff0742d00
00059 R10: dffffc0000000000 R11: fffffbfff0742d01 R12: ffff888164737000
00059 R13: dffffc0000000000 R14: 1ffff1102ab2c800 R15: 1ffff1102c8e6e0f
00059 FS:  00007f7ddf075940(0000) GS:ffff88831e9a9000(0000) knlGS:0000000000000000
00059 CS:  0010 DS: 0000 ES: 0000 CR0: 0000000080050033
00059 CR2: 00005576c7b43860 CR3: 0000000158ff1000 CR4: 0000000000750eb0
00059 PKRU: 55555554
00059 Call Trace:
00059  <TASK>
00059  ? local_object_create+0x109/0x640 [obdclass]
00059  ? dt_write_lock+0x16d/0x2a0 [obdclass]
00059  ? llog_osd_create+0x356/0x10d0 [obdclass]
00059  ? llog_create+0x2ed/0x530 [obdclass]
00059  ? llog_open_create+0x6e7/0xb30 [obdclass]
00059  ? llog_test_9_sub+0xd4/0x800 [llog_test]
00059  ? llog_test_9+0x5d5/0x960 [llog_test]
00059  ? llog_run_tests+0x3d64/0x5ac0 [llog_test]
00059  ? get_random_u32+0x51/0x470
00059  ? llog_test_device_init+0x6e8/0xa20 [llog_test]
00059  ? obd_setup+0x54d/0x950 [obdclass]
00059  ? class_setup+0xc7d/0x10e0 [obdclass]
00059  ? class_process_config+0x2edb/0x7cb0 [obdclass]
00059  ? class_handle_ioctl+0x2055/0x3590 [obdclass]
00059  ? obd_class_ioctl+0x1f6/0x3c0 [obdclass]
00059  ? __x64_sys_ioctl+0x961/0xe00
00059  ? _copy_to_user+0x3d/0x60
00059  ? __x64_sys_rt_sigaction+0x107/0x140
00059  ? do_syscall_64+0xc1/0x350
00059  ? entry_SYSCALL_64_after_hwframe+0x4b/0x53
00059  </TASK>
00059 ---[ end trace 0000000000000000 ]---
00059 Lustre: 2196:0:(llog_test.c:1575:llog_test_10()) 10a: create a catalog log with name: 7877967e
00059 ------------[ cut here ]------------
00059 WARNING: /home/ktest/git/linux/include/linux/fs.h:889 at osd_create+0x9cf/0xcf0 [osd_wbcfs], CPU#11: lctl/2196
00059 Modules linked in: llog_test(O) mgs(O) osd_wbcfs(O) lustre(O) obdecho(O) mgc(O) mdc(O) lov(O) osc(O) lmv(O) ec(O) fid(O) fld(O) ptlrpc(O) efivarfs obdclass(O) ksocklnd(O) lnet(O) libcfs(O)
00059 CPU: 11 UID: 0 PID: 2196 Comm: lctl Tainted: G        W  O        7.0.0-ktest-ae6d72a-6330a45-20260929-dirty #1 PREEMPT 
00059 Tainted: [W]=WARN, [O]=OOT_MODULE
00059 Hardware name: QEMU Standard PC (Q35 + ICH9, 2009), BIOS 2025.11-3ubuntu7 03/31/2026
00059 RIP: 0010:osd_create+0x9cf/0xcf0 [osd_wbcfs]
00059 Code: c7 c7 00 96 7b a1 48 c7 c6 a0 12 7d a1 48 c7 c2 00 1c 7d a1 e8 52 f1 43 ff 48 c7 c7 00 96 7b a1 e8 46 81 44 ff e9 fe fc ff ff <0f> 0b e9 a5 fa ff ff 48 c7 c1 80 44 5d a0 80 e1 07 80 c1 03 38 c1
00059 RSP: 0018:ffffc900060af5c8 EFLAGS: 00010246
00059 RAX: 0000000000000000 RBX: ffff888155963800 RCX: 0000000000000046
00059 RDX: 0000000000000000 RSI: ffff88819a022648 RDI: ffff8881536bcb18
00059 RBP: ffff88819a0225b8 R08: ffffffff83a16803 R09: 1ffffffff0742d00
00059 R10: dffffc0000000000 R11: fffffbfff0742d01 R12: ffff888164737000
00059 R13: dffffc0000000000 R14: 1ffff1102ab2c700 R15: 1ffff1102c8e6e0f
00059 FS:  00007f7ddf075940(0000) GS:ffff88831e9a9000(0000) knlGS:0000000000000000
00059 CS:  0010 DS: 0000 ES: 0000 CR0: 0000000080050033
00059 CR2: 00005576c7b43860 CR3: 0000000158ff1000 CR4: 0000000000750eb0
00059 PKRU: 55555554
00059 Call Trace:
00059  <TASK>
00059  ? local_object_create+0x109/0x640 [obdclass]
00059  ? dt_write_lock+0x16d/0x2a0 [obdclass]
00059  ? llog_osd_create+0x356/0x10d0 [obdclass]
00059  ? llog_create+0x2ed/0x530 [obdclass]
00059  ? llog_open_create+0x6e7/0xb30 [obdclass]
00059  ? llog_test_10+0x2e1/0x5520 [llog_test]
00059  ? lu_object_put+0xa64/0x1210 [obdclass]
00059  ? do_raw_spin_unlock+0x52/0x230
00059  ? _raw_spin_unlock+0x23/0x40
00059  ? __llog_ctxt_put+0x1c4/0x2f0 [obdclass]
00059  ? llog_run_tests+0x3f45/0x5ac0 [llog_test]
00059  ? get_random_u32+0x51/0x470
00059  ? llog_test_device_init+0x6e8/0xa20 [llog_test]
00059  ? obd_setup+0x54d/0x950 [obdclass]
00059  ? class_setup+0xc7d/0x10e0 [obdclass]
00059  ? class_process_config+0x2edb/0x7cb0 [obdclass]
00059  ? class_handle_ioctl+0x2055/0x3590 [obdclass]
00059  ? obd_class_ioctl+0x1f6/0x3c0 [obdclass]
00059  ? __x64_sys_ioctl+0x961/0xe00
00059  ? _copy_to_user+0x3d/0x60
00059  ? __x64_sys_rt_sigaction+0x107/0x140
00059  ? do_syscall_64+0xc1/0x350
00059  ? entry_SYSCALL_64_after_hwframe+0x4b/0x53
00059  </TASK>
00059 ---[ end trace 0000000000000000 ]---
00059 Lustre: 2196:0:(llog_test.c:1605:llog_test_10()) 10b: write 64767 log records
00059 ------------[ cut here ]------------
00059 WARNING: /home/ktest/git/linux/include/linux/fs.h:889 at osd_create+0x9cf/0xcf0 [osd_wbcfs], CPU#11: lctl/2196
00059 Modules linked in: llog_test(O) mgs(O) osd_wbcfs(O) lustre(O) obdecho(O) mgc(O) mdc(O) lov(O) osc(O) lmv(O) ec(O) fid(O) fld(O) ptlrpc(O) efivarfs obdclass(O) ksocklnd(O) lnet(O) libcfs(O)
00059 CPU: 11 UID: 0 PID: 2196 Comm: lctl Tainted: G        W  O        7.0.0-ktest-ae6d72a-6330a45-20260929-dirty #1 PREEMPT 
00059 Tainted: [W]=WARN, [O]=OOT_MODULE
00059 Hardware name: QEMU Standard PC (Q35 + ICH9, 2009), BIOS 2025.11-3ubuntu7 03/31/2026
00059 RIP: 0010:osd_create+0x9cf/0xcf0 [osd_wbcfs]
00059 Code: c7 c7 00 96 7b a1 48 c7 c6 a0 12 7d a1 48 c7 c2 00 1c 7d a1 e8 52 f1 43 ff 48 c7 c7 00 96 7b a1 e8 46 81 44 ff e9 fe fc ff ff <0f> 0b e9 a5 fa ff ff 48 c7 c1 80 44 5d a0 80 e1 07 80 c1 03 38 c1
00059 RSP: 0018:ffffc900060af478 EFLAGS: 00010246
00059 RAX: 0000000000000000 RBX: ffff888183788c00 RCX: 0000000000000046
00059 RDX: 0000000000000000 RSI: ffff88819a021f30 RDI: ffff8881536bcb40
00059 RBP: ffff88819a021ea0 R08: ffffffff83a16803 R09: 1ffffffff0742d00
00059 R10: dffffc0000000000 R11: fffffbfff0742d01 R12: ffff888164737000
00059 R13: dffffc0000000000 R14: 1ffff110306f1180 R15: 1ffff1102c8e6e0f
00059 FS:  00007f7ddf075940(0000) GS:ffff88831e9a9000(0000) knlGS:0000000000000000
00059 CS:  0010 DS: 0000 ES: 0000 CR0: 0000000080050033
00059 CR2: 00005576c7b43860 CR3: 0000000158ff1000 CR4: 0000000000750eb0
00059 PKRU: 55555554
00059 Call Trace:
00059  <TASK>
00059  ? local_object_create+0x109/0x640 [obdclass]
00059  ? dt_write_lock+0x16d/0x2a0 [obdclass]
00059  ? llog_osd_create+0x356/0x10d0 [obdclass]
00059  ? llog_create+0x2ed/0x530 [obdclass]
00059  ? llog_cat_new_log+0x6d1/0x2970 [obdclass]
00059  ? llog_cat_add_rec+0x6ba/0x1960 [obdclass]
00059  ? llog_cat_add+0x499/0x7a0 [obdclass]
00059  ? llog_test_10+0x6d0/0x5520 [llog_test]
00059  ? lu_object_put+0xa64/0x1210 [obdclass]
00059  ? do_raw_spin_unlock+0x52/0x230
00059  ? _raw_spin_unlock+0x23/0x40
00059  ? __llog_ctxt_put+0x1c4/0x2f0 [obdclass]
00059  ? llog_run_tests+0x3f45/0x5ac0 [llog_test]
00059  ? get_random_u32+0x51/0x470
00059  ? llog_test_device_init+0x6e8/0xa20 [llog_test]
00059  ? obd_setup+0x54d/0x950 [obdclass]
00059  ? class_setup+0xc7d/0x10e0 [obdclass]
00059  ? class_process_config+0x2edb/0x7cb0 [obdclass]
00059  ? class_handle_ioctl+0x2055/0x3590 [obdclass]
00059  ? obd_class_ioctl+0x1f6/0x3c0 [obdclass]
00059  ? __x64_sys_ioctl+0x961/0xe00
00059  ? _copy_to_user+0x3d/0x60
00059  ? __x64_sys_rt_sigaction+0x107/0x140
00059  ? do_syscall_64+0xc1/0x350
00059  ? entry_SYSCALL_64_after_hwframe+0x4b/0x53
00059  </TASK>
00059 ---[ end trace 0000000000000000 ]---
00061 ------------[ cut here ]------------
00061 WARNING: /home/ktest/git/linux/include/linux/fs.h:889 at osd_create+0x9cf/0xcf0 [osd_wbcfs], CPU#11: lctl/2196
00061 Modules linked in: llog_test(O) mgs(O) osd_wbcfs(O) lustre(O) obdecho(O) mgc(O) mdc(O) lov(O) osc(O) lmv(O) ec(O) fid(O) fld(O) ptlrpc(O) efivarfs obdclass(O) ksocklnd(O) lnet(O) libcfs(O)
00061 CPU: 11 UID: 0 PID: 2196 Comm: lctl Tainted: G        W  O        7.0.0-ktest-ae6d72a-6330a45-20260929-dirty #1 PREEMPT 
00061 Tainted: [W]=WARN, [O]=OOT_MODULE
00061 Hardware name: QEMU Standard PC (Q35 + ICH9, 2009), BIOS 2025.11-3ubuntu7 03/31/2026
00061 RIP: 0010:osd_create+0x9cf/0xcf0 [osd_wbcfs]
00061 Code: c7 c7 00 96 7b a1 48 c7 c6 a0 12 7d a1 48 c7 c2 00 1c 7d a1 e8 52 f1 43 ff 48 c7 c7 00 96 7b a1 e8 46 81 44 ff e9 fe fc ff ff <0f> 0b e9 a5 fa ff ff 48 c7 c1 80 44 5d a0 80 e1 07 80 c1 03 38 c1
00061 RSP: 0018:ffffc900060af478 EFLAGS: 00010246
00061 RAX: 0000000000000000 RBX: ffff888183788400 RCX: 0000000000000046
00061 RDX: 0000000000000000 RSI: ffff88819a021818 RDI: ffff8881536bcb40
00061 RBP: ffff88819a021788 R08: ffffffff83a16803 R09: 1ffffffff0742d00
00061 R10: dffffc0000000000 R11: fffffbfff0742d01 R12: ffff888164737000
00061 R13: dffffc0000000000 R14: 1ffff110306f1080 R15: 1ffff1102c8e6e0f
00061 FS:  00007f7ddf075940(0000) GS:ffff88831e9a9000(0000) knlGS:0000000000000000
00061 CS:  0010 DS: 0000 ES: 0000 CR0: 0000000080050033
00061 CR2: 00005576c7b43860 CR3: 0000000158ff1000 CR4: 0000000000750eb0
00061 PKRU: 55555554
00061 Call Trace:
00061  <TASK>
00061  ? local_object_create+0x109/0x640 [obdclass]
00061  ? dt_write_lock+0x16d/0x2a0 [obdclass]
00061  ? llog_osd_create+0x356/0x10d0 [obdclass]
00061  ? llog_create+0x2ed/0x530 [obdclass]
00061  ? llog_cat_new_log+0x6d1/0x2970 [obdclass]
00061  ? llog_cat_add_rec+0x6ba/0x1960 [obdclass]
00061  ? llog_cat_add+0x499/0x7a0 [obdclass]
00061  ? llog_test_10+0x6d0/0x5520 [llog_test]
00061  ? lu_object_put+0xa64/0x1210 [obdclass]
00061  ? do_raw_spin_unlock+0x52/0x230
00061  ? _raw_spin_unlock+0x23/0x40
00061  ? __llog_ctxt_put+0x1c4/0x2f0 [obdclass]
00061  ? llog_run_tests+0x3f45/0x5ac0 [llog_test]
00061  ? get_random_u32+0x51/0x470
00061  ? llog_test_device_init+0x6e8/0xa20 [llog_test]
00061  ? obd_setup+0x54d/0x950 [obdclass]
00061  ? class_setup+0xc7d/0x10e0 [obdclass]
00061  ? class_process_config+0x2edb/0x7cb0 [obdclass]
00061  ? class_handle_ioctl+0x2055/0x3590 [obdclass]
00061  ? obd_class_ioctl+0x1f6/0x3c0 [obdclass]
00061  ? __x64_sys_ioctl+0x961/0xe00
00061  ? _copy_to_user+0x3d/0x60
00061  ? __x64_sys_rt_sigaction+0x107/0x140
00061  ? do_syscall_64+0xc1/0x350
00061  ? entry_SYSCALL_64_after_hwframe+0x4b/0x53
00061  </TASK>
00061 ---[ end trace 0000000000000000 ]---
00061 Lustre: 2196:0:(llog_test.c:1631:llog_test_10()) 10c: write 129534 more log records
00064 ------------[ cut here ]------------
00064 WARNING: /home/ktest/git/linux/include/linux/fs.h:889 at osd_create+0x9cf/0xcf0 [osd_wbcfs], CPU#11: lctl/2196
00064 Modules linked in: llog_test(O) mgs(O) osd_wbcfs(O) lustre(O) obdecho(O) mgc(O) mdc(O) lov(O) osc(O) lmv(O) ec(O) fid(O) fld(O) ptlrpc(O) efivarfs obdclass(O) ksocklnd(O) lnet(O) libcfs(O)
00064 CPU: 11 UID: 0 PID: 2196 Comm: lctl Tainted: G        W  O        7.0.0-ktest-ae6d72a-6330a45-20260929-dirty #1 PREEMPT 
00064 Tainted: [W]=WARN, [O]=OOT_MODULE
00064 Hardware name: QEMU Standard PC (Q35 + ICH9, 2009), BIOS 2025.11-3ubuntu7 03/31/2026
00064 RIP: 0010:osd_create+0x9cf/0xcf0 [osd_wbcfs]
00064 Code: c7 c7 00 96 7b a1 48 c7 c6 a0 12 7d a1 48 c7 c2 00 1c 7d a1 e8 52 f1 43 ff 48 c7 c7 00 96 7b a1 e8 46 81 44 ff e9 fe fc ff ff <0f> 0b e9 a5 fa ff ff 48 c7 c1 80 44 5d a0 80 e1 07 80 c1 03 38 c1
00064 RSP: 0018:ffffc900060af478 EFLAGS: 00010246
00064 RAX: 0000000000000000 RBX: ffff88827f864400 RCX: 0000000000000046
00064 RDX: 0000000000000000 RSI: ffff88819a021100 RDI: ffff8881536bcb40
00064 RBP: ffff88819a021070 R08: ffffffff83a16803 R09: 1ffffffff0742d00
00064 R10: dffffc0000000000 R11: fffffbfff0742d01 R12: ffff888164737000
00064 R13: dffffc0000000000 R14: 1ffff1104ff0c880 R15: 1ffff1102c8e6e0f
00064 FS:  00007f7ddf075940(0000) GS:ffff88831e9a9000(0000) knlGS:0000000000000000
00064 CS:  0010 DS: 0000 ES: 0000 CR0: 0000000080050033
00064 CR2: 00005576c7b43860 CR3: 0000000158ff1000 CR4: 0000000000750eb0
00064 PKRU: 55555554
00064 Call Trace:
00064  <TASK>
00064  ? local_object_create+0x109/0x640 [obdclass]
00064  ? dt_write_lock+0x16d/0x2a0 [obdclass]
00064  ? llog_osd_create+0x356/0x10d0 [obdclass]
00064  ? llog_create+0x2ed/0x530 [obdclass]
00064  ? llog_cat_new_log+0x6d1/0x2970 [obdclass]
00064  ? llog_cat_add_rec+0x6ba/0x1960 [obdclass]
00064  ? llog_cat_add+0x499/0x7a0 [obdclass]
00064  ? llog_test_10+0x986/0x5520 [llog_test]
00064  ? lu_object_put+0xa64/0x1210 [obdclass]
00064  ? do_raw_spin_unlock+0x52/0x230
00064  ? _raw_spin_unlock+0x23/0x40
00064  ? __llog_ctxt_put+0x1c4/0x2f0 [obdclass]
00064  ? llog_run_tests+0x3f45/0x5ac0 [llog_test]
00064  ? get_random_u32+0x51/0x470
00064  ? llog_test_device_init+0x6e8/0xa20 [llog_test]
00064  ? obd_setup+0x54d/0x950 [obdclass]
00064  ? class_setup+0xc7d/0x10e0 [obdclass]
00064  ? class_process_config+0x2edb/0x7cb0 [obdclass]
00064  ? class_handle_ioctl+0x2055/0x3590 [obdclass]
00064  ? obd_class_ioctl+0x1f6/0x3c0 [obdclass]
00064  ? __x64_sys_ioctl+0x961/0xe00
00064  ? _copy_to_user+0x3d/0x60
00064  ? __x64_sys_rt_sigaction+0x107/0x140
00064  ? do_syscall_64+0xc1/0x350
00064  ? entry_SYSCALL_64_after_hwframe+0x4b/0x53
00064  </TASK>
00064 ---[ end trace 0000000000000000 ]---
00066 ------------[ cut here ]------------
00066 WARNING: /home/ktest/git/linux/include/linux/fs.h:889 at osd_create+0x9cf/0xcf0 [osd_wbcfs], CPU#11: lctl/2196
00066 Modules linked in: llog_test(O) mgs(O) osd_wbcfs(O) lustre(O) obdecho(O) mgc(O) mdc(O) lov(O) osc(O) lmv(O) ec(O) fid(O) fld(O) ptlrpc(O) efivarfs obdclass(O) ksocklnd(O) lnet(O) libcfs(O)
00066 CPU: 11 UID: 0 PID: 2196 Comm: lctl Tainted: G        W  O        7.0.0-ktest-ae6d72a-6330a45-20260929-dirty #1 PREEMPT 
00066 Tainted: [W]=WARN, [O]=OOT_MODULE
00066 Hardware name: QEMU Standard PC (Q35 + ICH9, 2009), BIOS 2025.11-3ubuntu7 03/31/2026
00066 RIP: 0010:osd_create+0x9cf/0xcf0 [osd_wbcfs]
00066 Code: c7 c7 00 96 7b a1 48 c7 c6 a0 12 7d a1 48 c7 c2 00 1c 7d a1 e8 52 f1 43 ff 48 c7 c7 00 96 7b a1 e8 46 81 44 ff e9 fe fc ff ff <0f> 0b e9 a5 fa ff ff 48 c7 c1 80 44 5d a0 80 e1 07 80 c1 03 38 c1
00066 RSP: 0018:ffffc900060af478 EFLAGS: 00010246
00066 RAX: 0000000000000000 RBX: ffff88828cccfc00 RCX: 0000000000000046
00066 RDX: 0000000000000000 RSI: ffff88819a0209e8 RDI: ffff8881536bcb40
00066 RBP: ffff88819a020958 R08: ffffffff83a16803 R09: 1ffffffff0742d00
00066 R10: dffffc0000000000 R11: fffffbfff0742d01 R12: ffff888164737000
00066 R13: dffffc0000000000 R14: 1ffff11051999f80 R15: 1ffff1102c8e6e0f
00066 FS:  00007f7ddf075940(0000) GS:ffff88831e9a9000(0000) knlGS:0000000000000000
00066 CS:  0010 DS: 0000 ES: 0000 CR0: 0000000080050033
00066 CR2: 00005576c7b43860 CR3: 0000000158ff1000 CR4: 0000000000750eb0
00066 PKRU: 55555554
00066 Call Trace:
00066  <TASK>
00066  ? local_object_create+0x109/0x640 [obdclass]
00066  ? dt_write_lock+0x16d/0x2a0 [obdclass]
00066  ? llog_osd_create+0x356/0x10d0 [obdclass]
00066  ? llog_create+0x2ed/0x530 [obdclass]
00066  ? llog_cat_new_log+0x6d1/0x2970 [obdclass]
00066  ? llog_cat_add_rec+0x6ba/0x1960 [obdclass]
00066  ? llog_cat_add+0x499/0x7a0 [obdclass]
00066  ? llog_test_10+0x986/0x5520 [llog_test]
00066  ? lu_object_put+0xa64/0x1210 [obdclass]
00066  ? do_raw_spin_unlock+0x52/0x230
00066  ? _raw_spin_unlock+0x23/0x40
00066  ? __llog_ctxt_put+0x1c4/0x2f0 [obdclass]
00066  ? llog_run_tests+0x3f45/0x5ac0 [llog_test]
00066  ? get_random_u32+0x51/0x470
00066  ? llog_test_device_init+0x6e8/0xa20 [llog_test]
00066  ? obd_setup+0x54d/0x950 [obdclass]
00066  ? class_setup+0xc7d/0x10e0 [obdclass]
00066  ? class_process_config+0x2edb/0x7cb0 [obdclass]
00066  ? class_handle_ioctl+0x2055/0x3590 [obdclass]
00066  ? obd_class_ioctl+0x1f6/0x3c0 [obdclass]
00066  ? __x64_sys_ioctl+0x961/0xe00
00066  ? _copy_to_user+0x3d/0x60
00066  ? __x64_sys_rt_sigaction+0x107/0x140
00066  ? do_syscall_64+0xc1/0x350
00066  ? entry_SYSCALL_64_after_hwframe+0x4b/0x53
00066  </TASK>
00066 ---[ end trace 0000000000000000 ]---
00066 Lustre: 2196:0:(llog_test.c:1663:llog_test_10()) 10c: write 64767 more log records
00069 Lustre: 2196:0:(llog_cat.c:80:llog_cat_new_log()) MGS: there are no more free slots in catalog 7877967e
00069 LustreError: 2196:0:(llog_cat.c:588:llog_cat_add_rec()) MGS: initialization error: rc = -28
00069 Lustre: 2196:0:(llog_test.c:1689:llog_test_10()) 10c: wrote 64011 records then 756 failed with ENOSPC
00069 Lustre: 2196:0:(llog_test.c:1708:llog_test_10()) 10d: Cancel 64767 records, see one log zapped
00071 Lustre: 2196:0:(llog_test.c:1722:llog_test_10()) 10d: print the catalog entries.. we expect 3
00071 Lustre: 2219:0:(llog_test.c:700:cat_print_cb()) seeing record at index 2 - [0x1:0x19:0x0] in log [0xa:0x5:0x0]
00071 Lustre: 2196:0:(llog_test.c:1752:llog_test_10()) 10e: write 64767 more log records
00071 ------------[ cut here ]------------
00071 WARNING: /home/ktest/git/linux/include/linux/fs.h:889 at osd_create+0x9cf/0xcf0 [osd_wbcfs], CPU#11: lctl/2196
00071 Modules linked in: llog_test(O) mgs(O) osd_wbcfs(O) lustre(O) obdecho(O) mgc(O) mdc(O) lov(O) osc(O) lmv(O) ec(O) fid(O) fld(O) ptlrpc(O) efivarfs obdclass(O) ksocklnd(O) lnet(O) libcfs(O)
00071 CPU: 11 UID: 0 PID: 2196 Comm: lctl Tainted: G        W  O        7.0.0-ktest-ae6d72a-6330a45-20260929-dirty #1 PREEMPT 
00071 Tainted: [W]=WARN, [O]=OOT_MODULE
00071 Hardware name: QEMU Standard PC (Q35 + ICH9, 2009), BIOS 2025.11-3ubuntu7 03/31/2026
00071 RIP: 0010:osd_create+0x9cf/0xcf0 [osd_wbcfs]
00071 Code: c7 c7 00 96 7b a1 48 c7 c6 a0 12 7d a1 48 c7 c2 00 1c 7d a1 e8 52 f1 43 ff 48 c7 c7 00 96 7b a1 e8 46 81 44 ff e9 fe fc ff ff <0f> 0b e9 a5 fa ff ff 48 c7 c1 80 44 5d a0 80 e1 07 80 c1 03 38 c1
00071 RSP: 0018:ffffc900060af478 EFLAGS: 00010246
00071 RAX: 0000000000000000 RBX: ffff88829904d400 RCX: 0000000000000046
00071 RDX: 0000000000000000 RSI: ffff88819a0202d0 RDI: ffff8881536bcb40
00071 RBP: ffff88819a020240 R08: ffffffff83a16803 R09: 1ffffffff0742d00
00071 R10: dffffc0000000000 R11: fffffbfff0742d01 R12: ffff888164737000
00071 R13: dffffc0000000000 R14: 1ffff11053209a80 R15: 1ffff1102c8e6e0f
00071 FS:  00007f7ddf075940(0000) GS:ffff88831e9a9000(0000) knlGS:0000000000000000
00071 CS:  0010 DS: 0000 ES: 0000 CR0: 0000000080050033
00071 CR2: 00005576c7b43860 CR3: 0000000158ff1000 CR4: 0000000000750eb0
00071 PKRU: 55555554
00071 Call Trace:
00071  <TASK>
00071  ? local_object_create+0x109/0x640 [obdclass]
00071  ? dt_write_lock+0x16d/0x2a0 [obdclass]
00071  ? llog_osd_create+0x356/0x10d0 [obdclass]
00071  ? llog_create+0x2ed/0x530 [obdclass]
00071  ? llog_cat_new_log+0x6d1/0x2970 [obdclass]
00071  ? llog_cat_add_rec+0x6ba/0x1960 [obdclass]
00071  ? llog_cat_add+0x499/0x7a0 [obdclass]
00071  ? llog_test_10+0x1844/0x5520 [llog_test]
00071  ? lu_object_put+0xa64/0x1210 [obdclass]
00071  ? do_raw_spin_unlock+0x52/0x230
00071  ? _raw_spin_unlock+0x23/0x40
00071  ? __llog_ctxt_put+0x1c4/0x2f0 [obdclass]
00071  ? llog_run_tests+0x3f45/0x5ac0 [llog_test]
00071  ? get_random_u32+0x51/0x470
00071  ? llog_test_device_init+0x6e8/0xa20 [llog_test]
00071  ? obd_setup+0x54d/0x950 [obdclass]
00071  ? class_setup+0xc7d/0x10e0 [obdclass]
00071  ? class_process_config+0x2edb/0x7cb0 [obdclass]
00071  ? class_handle_ioctl+0x2055/0x3590 [obdclass]
00071  ? obd_class_ioctl+0x1f6/0x3c0 [obdclass]
00071  ? __x64_sys_ioctl+0x961/0xe00
00071  ? _copy_to_user+0x3d/0x60
00071  ? __x64_sys_rt_sigaction+0x107/0x140
00071  ? do_syscall_64+0xc1/0x350
00071  ? entry_SYSCALL_64_after_hwframe+0x4b/0x53
00071  </TASK>
00071 ---[ end trace 0000000000000000 ]---
00073 Lustre: 2196:0:(llog_cat.c:80:llog_cat_new_log()) MGS: there are no more free slots in catalog 7877967e
00073 Lustre: 2196:0:(llog_cat.c:80:llog_cat_new_log()) Skipped 755 previous similar messages
00073 LustreError: 2196:0:(llog_cat.c:588:llog_cat_add_rec()) MGS: initialization error: rc = -28
00073 LustreError: 2196:0:(llog_cat.c:588:llog_cat_add_rec()) Skipped 755 previous similar messages
00073 Lustre: 2196:0:(llog_test.c:1778:llog_test_10()) 10e: wrote 64578 records then 189 failed with ENOSPC
00073 Lustre: 2196:0:(llog_test.c:1780:llog_test_10()) 10e: print the catalog entries.. we expect 4
00073 Lustre: 2196:0:(llog_cat.c:977:llog_cat_process_or_fork()) MGS: catlog [0xa:0x5:0x0] crosses index zero
00073 Lustre: 2196:0:(llog_test.c:700:cat_print_cb()) seeing record at index 2 - [0x1:0x19:0x0] in log [0xa:0x5:0x0]
00073 Lustre: 2196:0:(llog_test.c:700:cat_print_cb()) Skipped 2 previous similar messages
00073 Lustre: 2196:0:(llog_test.c:1816:llog_test_10()) 10e: catalog successfully wrap around, last_idx 1, first 1
00073 Lustre: 2196:0:(llog_test.c:1833:llog_test_10()) 10f: Cancel 64767 records, see one log zapped
00075 Lustre: 2196:0:(llog_test.c:1847:llog_test_10()) 10f: print the catalog entries.. we expect 3
00075 Lustre: 2196:0:(llog_cat.c:977:llog_cat_process_or_fork()) MGS: catlog [0xa:0x5:0x0] crosses index zero
00075 Lustre: 2196:0:(llog_cat.c:977:llog_cat_process_or_fork()) Skipped 1 previous similar message
00075 Lustre: 2196:0:(llog_test.c:1878:llog_test_10()) 10f: write 64767 more log records
00075 ------------[ cut here ]------------
00075 WARNING: /home/ktest/git/linux/include/linux/fs.h:889 at osd_create+0x9cf/0xcf0 [osd_wbcfs], CPU#11: lctl/2196
00075 Modules linked in: llog_test(O) mgs(O) osd_wbcfs(O) lustre(O) obdecho(O) mgc(O) mdc(O) lov(O) osc(O) lmv(O) ec(O) fid(O) fld(O) ptlrpc(O) efivarfs obdclass(O) ksocklnd(O) lnet(O) libcfs(O)
00075 CPU: 11 UID: 0 PID: 2196 Comm: lctl Tainted: G        W  O        7.0.0-ktest-ae6d72a-6330a45-20260929-dirty #1 PREEMPT 
00075 Tainted: [W]=WARN, [O]=OOT_MODULE
00075 Hardware name: QEMU Standard PC (Q35 + ICH9, 2009), BIOS 2025.11-3ubuntu7 03/31/2026
00075 RIP: 0010:osd_create+0x9cf/0xcf0 [osd_wbcfs]
00075 Code: c7 c7 00 96 7b a1 48 c7 c6 a0 12 7d a1 48 c7 c2 00 1c 7d a1 e8 52 f1 43 ff 48 c7 c7 00 96 7b a1 e8 46 81 44 ff e9 fe fc ff ff <0f> 0b e9 a5 fa ff ff 48 c7 c1 80 44 5d a0 80 e1 07 80 c1 03 38 c1
00075 RSP: 0018:ffffc900060af478 EFLAGS: 00010246
00075 RAX: 0000000000000000 RBX: ffff8880010da800 RCX: 0000000000000046
00075 RDX: 0000000000000000 RSI: ffff88801849a648 RDI: ffff8881536bcb40
00075 RBP: ffff88801849a5b8 R08: ffffffff83a16803 R09: 1ffffffff0742d00
00075 R10: dffffc0000000000 R11: fffffbfff0742d01 R12: ffff888164737000
00075 R13: dffffc0000000000 R14: 1ffff1100021b500 R15: 1ffff1102c8e6e0f
00075 FS:  00007f7ddf075940(0000) GS:ffff88831e9a9000(0000) knlGS:0000000000000000
00075 CS:  0010 DS: 0000 ES: 0000 CR0: 0000000080050033
00075 CR2: 00005576c7b43860 CR3: 0000000158ff1000 CR4: 0000000000750eb0
00075 PKRU: 55555554
00075 Call Trace:
00075  <TASK>
00075  ? local_object_create+0x109/0x640 [obdclass]
00075  ? dt_write_lock+0x16d/0x2a0 [obdclass]
00075  ? llog_osd_create+0x356/0x10d0 [obdclass]
00075  ? llog_create+0x2ed/0x530 [obdclass]
00075  ? llog_cat_new_log+0x6d1/0x2970 [obdclass]
00075  ? llog_cat_add_rec+0x6ba/0x1960 [obdclass]
00075  ? llog_cat_add+0x499/0x7a0 [obdclass]
00075  ? llog_test_10+0x2b62/0x5520 [llog_test]
00075  ? lu_object_put+0xa64/0x1210 [obdclass]
00075  ? do_raw_spin_unlock+0x52/0x230
00075  ? _raw_spin_unlock+0x23/0x40
00075  ? __llog_ctxt_put+0x1c4/0x2f0 [obdclass]
00075  ? llog_run_tests+0x3f45/0x5ac0 [llog_test]
00075  ? get_random_u32+0x51/0x470
00075  ? llog_test_device_init+0x6e8/0xa20 [llog_test]
00075  ? obd_setup+0x54d/0x950 [obdclass]
00075  ? class_setup+0xc7d/0x10e0 [obdclass]
00075  ? class_process_config+0x2edb/0x7cb0 [obdclass]
00075  ? class_handle_ioctl+0x2055/0x3590 [obdclass]
00075  ? obd_class_ioctl+0x1f6/0x3c0 [obdclass]
00075  ? __x64_sys_ioctl+0x961/0xe00
00075  ? _copy_to_user+0x3d/0x60
00075  ? __x64_sys_rt_sigaction+0x107/0x140
00075  ? do_syscall_64+0xc1/0x350
00075  ? entry_SYSCALL_64_after_hwframe+0x4b/0x53
00075  </TASK>
00075 ---[ end trace 0000000000000000 ]---
00078 Lustre: 2196:0:(llog_cat.c:80:llog_cat_new_log()) MGS: there are no more free slots in catalog 7877967e
00078 Lustre: 2196:0:(llog_cat.c:80:llog_cat_new_log()) Skipped 188 previous similar messages
00078 LustreError: 2196:0:(llog_cat.c:588:llog_cat_add_rec()) MGS: initialization error: rc = -28
00078 LustreError: 2196:0:(llog_cat.c:588:llog_cat_add_rec()) Skipped 188 previous similar messages
00078 Lustre: 2196:0:(llog_test.c:1904:llog_test_10()) 10f: wrote 64578 records then 189 failed with ENOSPC
00078 Lustre: 2196:0:(llog_test.c:1950:llog_test_10()) 10g: Cancel 64767 records, see one log zapped
00078 Lustre: 2196:0:(llog_cat.c:977:llog_cat_process_or_fork()) MGS: catlog [0xa:0x5:0x0] crosses index zero
00079 Lustre: 2196:0:(llog_test.c:1962:llog_test_10()) 10g: print the catalog entries.. we expect 3
00079 Lustre: 2196:0:(llog_test.c:700:cat_print_cb()) seeing record at index 4 - [0x1:0x1b:0x0] in log [0xa:0x5:0x0]
00079 Lustre: 2196:0:(llog_test.c:700:cat_print_cb()) Skipped 6 previous similar messages
00079 Lustre: 2196:0:(llog_test.c:1992:llog_test_10()) 10g: Cancel 64767 records, see one log zapped
00081 Lustre: 2196:0:(llog_test.c:2006:llog_test_10()) 10g: print the catalog entries.. we expect 2
00081 Lustre: 2196:0:(llog_test.c:2044:llog_test_10()) 10g: Cancel 64767 records, see one log zapped
00083 Lustre: 2196:0:(llog_test.c:2058:llog_test_10()) 10g: print the catalog entries.. we expect 1
00083 Lustre: 2196:0:(llog_test.c:2084:llog_test_10()) 10g: llh_cat_idx has also successfully wrapped!
00083 Lustre: 2231:0:(llog_test.c:1534:cat_check_old_cb()) seeing record at index 2 - [0x1:0x1d:0x0] in log [0xa:0x5:0x0]
00084 Lustre: 2196:0:(llog_test.c:2108:llog_test_10()) 10h: write 64767 more log records
00084 ------------[ cut here ]------------
00084 WARNING: /home/ktest/git/linux/include/linux/fs.h:889 at osd_create+0x9cf/0xcf0 [osd_wbcfs], CPU#11: lctl/2196
00084 Modules linked in: llog_test(O) mgs(O) osd_wbcfs(O) lustre(O) obdecho(O) mgc(O) mdc(O) lov(O) osc(O) lmv(O) ec(O) fid(O) fld(O) ptlrpc(O) efivarfs obdclass(O) ksocklnd(O) lnet(O) libcfs(O)
00084 CPU: 11 UID: 0 PID: 2196 Comm: lctl Tainted: G        W  O        7.0.0-ktest-ae6d72a-6330a45-20260929-dirty #1 PREEMPT 
00084 Tainted: [W]=WARN, [O]=OOT_MODULE
00084 Hardware name: QEMU Standard PC (Q35 + ICH9, 2009), BIOS 2025.11-3ubuntu7 03/31/2026
00084 RIP: 0010:osd_create+0x9cf/0xcf0 [osd_wbcfs]
00084 Code: c7 c7 00 96 7b a1 48 c7 c6 a0 12 7d a1 48 c7 c2 00 1c 7d a1 e8 52 f1 43 ff 48 c7 c7 00 96 7b a1 e8 46 81 44 ff e9 fe fc ff ff <0f> 0b e9 a5 fa ff ff 48 c7 c1 80 44 5d a0 80 e1 07 80 c1 03 38 c1
00084 RSP: 0018:ffffc900060af478 EFLAGS: 00010246
00084 RAX: 0000000000000000 RBX: ffff8880113d2800 RCX: 0000000000000046
00084 RDX: 0000000000000000 RSI: ffff888018499f30 RDI: ffff8881536bcb40
00084 RBP: ffff888018499ea0 R08: ffffffff83a16803 R09: 1ffffffff0742d00
00084 R10: dffffc0000000000 R11: fffffbfff0742d01 R12: ffff888164737000
00084 R13: dffffc0000000000 R14: 1ffff1100227a500 R15: 1ffff1102c8e6e0f
00084 FS:  00007f7ddf075940(0000) GS:ffff88831e9a9000(0000) knlGS:0000000000000000
00084 CS:  0010 DS: 0000 ES: 0000 CR0: 0000000080050033
00084 CR2: 00005576c7b43860 CR3: 0000000158ff1000 CR4: 0000000000750eb0
00084 PKRU: 55555554
00084 Call Trace:
00084  <TASK>
00084  ? local_object_create+0x109/0x640 [obdclass]
00084  ? dt_write_lock+0x16d/0x2a0 [obdclass]
00084  ? llog_osd_create+0x356/0x10d0 [obdclass]
00084  ? llog_create+0x2ed/0x530 [obdclass]
00084  ? llog_cat_new_log+0x6d1/0x2970 [obdclass]
00084  ? llog_cat_add_rec+0x6ba/0x1960 [obdclass]
00084  ? llog_cat_add+0x499/0x7a0 [obdclass]
00084  ? llog_test_10+0x5016/0x5520 [llog_test]
00084  ? llog_test_9_sub+0x800/0x800 [llog_test]
00084  ? llog_run_tests+0x3f45/0x5ac0 [llog_test]
00084  ? get_random_u32+0x51/0x470
00084  ? llog_test_device_init+0x6e8/0xa20 [llog_test]
00084  ? obd_setup+0x54d/0x950 [obdclass]
00084  ? class_setup+0xc7d/0x10e0 [obdclass]
00084  ? class_process_config+0x2edb/0x7cb0 [obdclass]
00084  ? class_handle_ioctl+0x2055/0x3590 [obdclass]
00084  ? obd_class_ioctl+0x1f6/0x3c0 [obdclass]
00084  ? __x64_sys_ioctl+0x961/0xe00
00084  ? _copy_to_user+0x3d/0x60
00084  ? __x64_sys_rt_sigaction+0x107/0x140
00084  ? do_syscall_64+0xc1/0x350
00084  ? entry_SYSCALL_64_after_hwframe+0x4b/0x53
00084  </TASK>
00084 ---[ end trace 0000000000000000 ]---
00084 LustreError: 2196:0:(llog_osd.c:684:llog_osd_write_rec()) cfs_race id 1317 sleeping
00084 LustreError: 2231:0:(llog.c:685:llog_process_thread()) cfs_fail_race id 1317 waking
00084 LustreError: 2196:0:(llog_osd.c:684:llog_osd_write_rec()) cfs_fail_race id 1317 awake: rc=447
00085 LustreError: 2231:0:(llog.c:685:llog_process_thread()) cfs_fail_race id 1317 waking
00085 Lustre: 2231:0:(llog_test.c:1534:cat_check_old_cb()) seeing record at index 3 - [0x1:0x1e:0x0] in log [0xa:0x5:0x0]
00088 ------------[ cut here ]------------
00088 WARNING: /home/ktest/git/linux/include/linux/fs.h:889 at osd_create+0x9cf/0xcf0 [osd_wbcfs], CPU#11: lctl/2196
00088 Modules linked in: llog_test(O) mgs(O) osd_wbcfs(O) lustre(O) obdecho(O) mgc(O) mdc(O) lov(O) osc(O) lmv(O) ec(O) fid(O) fld(O) ptlrpc(O) efivarfs obdclass(O) ksocklnd(O) lnet(O) libcfs(O)
00088 CPU: 11 UID: 0 PID: 2196 Comm: lctl Tainted: G        W  O        7.0.0-ktest-ae6d72a-6330a45-20260929-dirty #1 PREEMPT 
00088 Tainted: [W]=WARN, [O]=OOT_MODULE
00088 Hardware name: QEMU Standard PC (Q35 + ICH9, 2009), BIOS 2025.11-3ubuntu7 03/31/2026
00088 RIP: 0010:osd_create+0x9cf/0xcf0 [osd_wbcfs]
00088 Code: c7 c7 00 96 7b a1 48 c7 c6 a0 12 7d a1 48 c7 c2 00 1c 7d a1 e8 52 f1 43 ff 48 c7 c7 00 96 7b a1 e8 46 81 44 ff e9 fe fc ff ff <0f> 0b e9 a5 fa ff ff 48 c7 c1 80 44 5d a0 80 e1 07 80 c1 03 38 c1
00088 RSP: 0018:ffffc900060af478 EFLAGS: 00010246
00088 RAX: 0000000000000000 RBX: ffff8880253fc800 RCX: 0000000000000046
00088 RDX: 0000000000000000 RSI: ffff888018499818 RDI: ffff8881536bcb40
00088 RBP: ffff888018499788 R08: ffffffff83a16803 R09: 1ffffffff0742d00
00088 R10: dffffc0000000000 R11: fffffbfff0742d01 R12: ffff888164737000
00088 R13: dffffc0000000000 R14: 1ffff11004a7f900 R15: 1ffff1102c8e6e0f
00088 FS:  00007f7ddf075940(0000) GS:ffff88831e9a9000(0000) knlGS:0000000000000000
00088 CS:  0010 DS: 0000 ES: 0000 CR0: 0000000080050033
00088 CR2: 00005576c7b43860 CR3: 0000000158ff1000 CR4: 0000000000750eb0
00088 PKRU: 55555554
00088 Call Trace:
00088  <TASK>
00088  ? local_object_create+0x109/0x640 [obdclass]
00088  ? dt_write_lock+0x16d/0x2a0 [obdclass]
00088  ? llog_osd_create+0x356/0x10d0 [obdclass]
00088  ? llog_create+0x2ed/0x530 [obdclass]
00088  ? llog_cat_new_log+0x6d1/0x2970 [obdclass]
00088  ? llog_cat_add_rec+0x6ba/0x1960 [obdclass]
00088  ? llog_cat_add+0x499/0x7a0 [obdclass]
00088  ? llog_test_10+0x5016/0x5520 [llog_test]
00088  ? llog_test_9_sub+0x800/0x800 [llog_test]
00088  ? llog_run_tests+0x3f45/0x5ac0 [llog_test]
00088  ? get_random_u32+0x51/0x470
00088  ? llog_test_device_init+0x6e8/0xa20 [llog_test]
00088  ? obd_setup+0x54d/0x950 [obdclass]
00088  ? class_setup+0xc7d/0x10e0 [obdclass]
00088  ? class_process_config+0x2edb/0x7cb0 [obdclass]
00088  ? class_handle_ioctl+0x2055/0x3590 [obdclass]
00088  ? obd_class_ioctl+0x1f6/0x3c0 [obdclass]
00088  ? __x64_sys_ioctl+0x961/0xe00
00088  ? _copy_to_user+0x3d/0x60
00088  ? __x64_sys_rt_sigaction+0x107/0x140
00088  ? do_syscall_64+0xc1/0x350
00088  ? entry_SYSCALL_64_after_hwframe+0x4b/0x53
00088  </TASK>
00088 ---[ end trace 0000000000000000 ]---
00088 LustreError: 2196:0:(llog_osd.c:684:llog_osd_write_rec()) cfs_fail_race id 1317 waking
00089 Lustre: 2196:0:(llog_test.c:2134:llog_test_10()) 10h: wrote 64767 records then 0 failed with ENOSPC
00089 Lustre: 2196:0:(llog_test.c:2147:llog_test_10()) 10: put newly-created catalog
00089 Lustre: 2196:0:(llog_test.c:2177:llog_test_11()) 11: create a plain nameless log
00089 ------------[ cut here ]------------
00089 WARNING: /home/ktest/git/linux/include/linux/fs.h:889 at osd_create+0x9cf/0xcf0 [osd_wbcfs], CPU#11: lctl/2196
00089 Modules linked in: llog_test(O) mgs(O) osd_wbcfs(O) lustre(O) obdecho(O) mgc(O) mdc(O) lov(O) osc(O) lmv(O) ec(O) fid(O) fld(O) ptlrpc(O) efivarfs obdclass(O) ksocklnd(O) lnet(O) libcfs(O)
00089 CPU: 11 UID: 0 PID: 2196 Comm: lctl Tainted: G        W  O        7.0.0-ktest-ae6d72a-6330a45-20260929-dirty #1 PREEMPT 
00089 Tainted: [W]=WARN, [O]=OOT_MODULE
00089 Hardware name: QEMU Standard PC (Q35 + ICH9, 2009), BIOS 2025.11-3ubuntu7 03/31/2026
00089 RIP: 0010:osd_create+0x9cf/0xcf0 [osd_wbcfs]
00089 Code: c7 c7 00 96 7b a1 48 c7 c6 a0 12 7d a1 48 c7 c2 00 1c 7d a1 e8 52 f1 43 ff 48 c7 c7 00 96 7b a1 e8 46 81 44 ff e9 fe fc ff ff <0f> 0b e9 a5 fa ff ff 48 c7 c1 80 44 5d a0 80 e1 07 80 c1 03 38 c1
00089 RSP: 0018:ffffc900060af670 EFLAGS: 00010246
00089 RAX: 0000000000000000 RBX: ffff8881d5d89c00 RCX: 0000000000000046
00089 RDX: 0000000000000000 RSI: ffff888018499100 RDI: ffff8881536bcb18
00089 RBP: ffff888018499070 R08: ffffffff83a16803 R09: 1ffffffff0742d00
00089 R10: dffffc0000000000 R11: fffffbfff0742d01 R12: ffff888164737000
00089 R13: dffffc0000000000 R14: 1ffff1103abb1380 R15: 1ffff1102c8e6e0f
00089 FS:  00007f7ddf075940(0000) GS:ffff88831e9a9000(0000) knlGS:0000000000000000
00089 CS:  0010 DS: 0000 ES: 0000 CR0: 0000000080050033
00089 CR2: 00005576c7b43860 CR3: 0000000158ff1000 CR4: 0000000000750eb0
00089 PKRU: 55555554
00089 Call Trace:
00089  <TASK>
00089  ? local_object_create+0x109/0x640 [obdclass]
00089  ? dt_write_lock+0x16d/0x2a0 [obdclass]
00089  ? llog_osd_create+0x356/0x10d0 [obdclass]
00089  ? llog_create+0x2ed/0x530 [obdclass]
00089  ? llog_open_create+0x6e7/0xb30 [obdclass]
00089  ? llog_test_11+0x2a4/0x1130 [llog_test]
00089  ? llog_test_9_sub+0x800/0x800 [llog_test]
00089  ? llog_run_tests+0x41b0/0x5ac0 [llog_test]
00089  ? get_random_u32+0x51/0x470
00089  ? llog_test_device_init+0x6e8/0xa20 [llog_test]
00089  ? obd_setup+0x54d/0x950 [obdclass]
00089  ? class_setup+0xc7d/0x10e0 [obdclass]
00089  ? class_process_config+0x2edb/0x7cb0 [obdclass]
00089  ? class_handle_ioctl+0x2055/0x3590 [obdclass]
00089  ? obd_class_ioctl+0x1f6/0x3c0 [obdclass]
00089  ? __x64_sys_ioctl+0x961/0xe00
00089  ? _copy_to_user+0x3d/0x60
00089  ? __x64_sys_rt_sigaction+0x107/0x140
00089  ? do_syscall_64+0xc1/0x350
00089  ? entry_SYSCALL_64_after_hwframe+0x4b/0x53
00089  </TASK>
00089 ---[ end trace 0000000000000000 ]---
00089 Lustre: 2196:0:(llog_test.c:2202:llog_test_11()) 11: size 8216 in 0 blocks after 1 rec
00089 Lustre: 2196:0:(llog_test.c:2204:llog_test_11()) 11: add few records
00089 Lustre: 2196:0:(llog_test.c:2221:llog_test_11()) 11: size 10616 in 0 blocks with few recs
00089 lctl (2196): drop_caches: 3
00089 Lustre: 2196:0:(llog_test.c:2247:llog_test_11()) 11: re-open the log by LOGID and verify llh_count
00089 Lustre: 2196:0:(llog_test.c:2262:llog_test_11()) 11: size 10616 in 0 blocks after re-open
00089 Lustre: 2196:0:(llog_test.c:2352:llog_test_12()) 12: create a catalog log with name: 7877967f
00089 ------------[ cut here ]------------
00089 WARNING: /home/ktest/git/linux/include/linux/fs.h:889 at osd_create+0x9cf/0xcf0 [osd_wbcfs], CPU#11: lctl/2196
00089 Modules linked in: llog_test(O) mgs(O) osd_wbcfs(O) lustre(O) obdecho(O) mgc(O) mdc(O) lov(O) osc(O) lmv(O) ec(O) fid(O) fld(O) ptlrpc(O) efivarfs obdclass(O) ksocklnd(O) lnet(O) libcfs(O)
00089 CPU: 11 UID: 0 PID: 2196 Comm: lctl Tainted: G        W  O        7.0.0-ktest-ae6d72a-6330a45-20260929-dirty #1 PREEMPT 
00089 Tainted: [W]=WARN, [O]=OOT_MODULE
00089 Hardware name: QEMU Standard PC (Q35 + ICH9, 2009), BIOS 2025.11-3ubuntu7 03/31/2026
00089 RIP: 0010:osd_create+0x9cf/0xcf0 [osd_wbcfs]
00089 Code: c7 c7 00 96 7b a1 48 c7 c6 a0 12 7d a1 48 c7 c2 00 1c 7d a1 e8 52 f1 43 ff 48 c7 c7 00 96 7b a1 e8 46 81 44 ff e9 fe fc ff ff <0f> 0b e9 a5 fa ff ff 48 c7 c1 80 44 5d a0 80 e1 07 80 c1 03 38 c1
00089 RSP: 0018:ffffc900060af648 EFLAGS: 00010246
00089 RAX: 0000000000000000 RBX: ffff8881d5d8c400 RCX: 0000000000000046
00089 RDX: 0000000000000000 RSI: ffff8880184989e8 RDI: ffff8881536bcb18
00089 RBP: ffff888018498958 R08: ffffffff83a16803 R09: 1ffffffff0742d00
00089 R10: dffffc0000000000 R11: fffffbfff0742d01 R12: ffff888164737000
00089 R13: dffffc0000000000 R14: 1ffff1103abb1880 R15: 1ffff1102c8e6e0f
00089 FS:  00007f7ddf075940(0000) GS:ffff88831e9a9000(0000) knlGS:0000000000000000
00089 CS:  0010 DS: 0000 ES: 0000 CR0: 0000000080050033
00089 CR2: 00005576c7b43860 CR3: 0000000158ff1000 CR4: 0000000000750eb0
00089 PKRU: 55555554
00089 Call Trace:
00089  <TASK>
00089  ? local_object_create+0x109/0x640 [obdclass]
00089  ? dt_write_lock+0x16d/0x2a0 [obdclass]
00089  ? llog_osd_create+0x356/0x10d0 [obdclass]
00089  ? llog_create+0x2ed/0x530 [obdclass]
00089  ? llog_open_create+0x6e7/0xb30 [obdclass]
00089  ? llog_test_12+0x402/0x2d90 [llog_test]
00089  ? llog_test_11+0xc14/0x1130 [llog_test]
00089  ? llog_run_tests+0x4434/0x5ac0 [llog_test]
00089  ? get_random_u32+0x51/0x470
00089  ? llog_test_device_init+0x6e8/0xa20 [llog_test]
00089  ? obd_setup+0x54d/0x950 [obdclass]
00089  ? class_setup+0xc7d/0x10e0 [obdclass]
00089  ? class_process_config+0x2edb/0x7cb0 [obdclass]
00089  ? class_handle_ioctl+0x2055/0x3590 [obdclass]
00089  ? obd_class_ioctl+0x1f6/0x3c0 [obdclass]
00089  ? __x64_sys_ioctl+0x961/0xe00
00089  ? _copy_to_user+0x3d/0x60
00089  ? __x64_sys_rt_sigaction+0x107/0x140
00089  ? do_syscall_64+0xc1/0x350
00089  ? entry_SYSCALL_64_after_hwframe+0x4b/0x53
00089  </TASK>
00089 ---[ end trace 0000000000000000 ]---
00089 ------------[ cut here ]------------
00089 WARNING: /home/ktest/git/linux/include/linux/fs.h:889 at osd_create+0x9cf/0xcf0 [osd_wbcfs], CPU#11: lctl/2196
00089 Modules linked in: llog_test(O) mgs(O) osd_wbcfs(O) lustre(O) obdecho(O) mgc(O) mdc(O) lov(O) osc(O) lmv(O) ec(O) fid(O) fld(O) ptlrpc(O) efivarfs obdclass(O) ksocklnd(O) lnet(O) libcfs(O)
00089 CPU: 11 UID: 0 PID: 2196 Comm: lctl Tainted: G        W  O        7.0.0-ktest-ae6d72a-6330a45-20260929-dirty #1 PREEMPT 
00089 Tainted: [W]=WARN, [O]=OOT_MODULE
00089 Hardware name: QEMU Standard PC (Q35 + ICH9, 2009), BIOS 2025.11-3ubuntu7 03/31/2026
00089 RIP: 0010:osd_create+0x9cf/0xcf0 [osd_wbcfs]
00089 Code: c7 c7 00 96 7b a1 48 c7 c6 a0 12 7d a1 48 c7 c2 00 1c 7d a1 e8 52 f1 43 ff 48 c7 c7 00 96 7b a1 e8 46 81 44 ff e9 fe fc ff ff <0f> 0b e9 a5 fa ff ff 48 c7 c1 80 44 5d a0 80 e1 07 80 c1 03 38 c1
00089 RSP: 0018:ffffc900060af4f8 EFLAGS: 00010246
00089 RAX: 0000000000000000 RBX: ffff8881d5d8bc00 RCX: 0000000000000046
00089 RDX: 0000000000000000 RSI: ffff8880184982d0 RDI: ffff8881536bcb40
00089 RBP: ffff888018498240 R08: ffffffff83a16803 R09: 1ffffffff0742d00
00089 R10: dffffc0000000000 R11: fffffbfff0742d01 R12: ffff888164737000
00089 R13: dffffc0000000000 R14: 1ffff1103abb1780 R15: 1ffff1102c8e6e0f
00089 FS:  00007f7ddf075940(0000) GS:ffff88831e9a9000(0000) knlGS:0000000000000000
00089 CS:  0010 DS: 0000 ES: 0000 CR0: 0000000080050033
00089 CR2: 00005576c7b43860 CR3: 0000000158ff1000 CR4: 0000000000750eb0
00089 PKRU: 55555554
00089 Call Trace:
00089  <TASK>
00089  ? local_object_create+0x109/0x640 [obdclass]
00089  ? dt_write_lock+0x16d/0x2a0 [obdclass]
00089  ? llog_osd_create+0x356/0x10d0 [obdclass]
00089  ? llog_create+0x2ed/0x530 [obdclass]
00089  ? llog_cat_new_log+0x6d1/0x2970 [obdclass]
00089  ? llog_cat_add_rec+0x6ba/0x1960 [obdclass]
00089  ? llog_cat_add+0x499/0x7a0 [obdclass]
00089  ? llog_test_12+0x683/0x2d90 [llog_test]
00089  ? llog_test_11+0xc14/0x1130 [llog_test]
00089  ? llog_run_tests+0x4434/0x5ac0 [llog_test]
00089  ? get_random_u32+0x51/0x470
00089  ? llog_test_device_init+0x6e8/0xa20 [llog_test]
00089  ? obd_setup+0x54d/0x950 [obdclass]
00089  ? class_setup+0xc7d/0x10e0 [obdclass]
00089  ? class_process_config+0x2edb/0x7cb0 [obdclass]
00089  ? class_handle_ioctl+0x2055/0x3590 [obdclass]
00089  ? obd_class_ioctl+0x1f6/0x3c0 [obdclass]
00089  ? __x64_sys_ioctl+0x961/0xe00
00089  ? _copy_to_user+0x3d/0x60
00089  ? __x64_sys_rt_sigaction+0x107/0x140
00089  ? do_syscall_64+0xc1/0x350
00089  ? entry_SYSCALL_64_after_hwframe+0x4b/0x53
00089  </TASK>
00089 ---[ end trace 0000000000000000 ]---
00089 Lustre: 12: truncate 24 bytes
00089 Lustre: 12: re-open and process the catalog
00089 LustreError: 2196:0:(llog_osd.c:1247:llog_osd_next_block()) MGS0000-osd: invalid llog tail at log id [0xa:0x6:0x0] offset 8232 last_rec idx 8704 tail idx 275010875 lrt len 1 read_size 40
00089 LustreError: 2196:0:(llog.c:881:llog_process_thread()) MGS: local llog is corrupted [0xa:0x6:0x0] catalog index 1 count 2
00089 Lustre: 12: try to add to the catalog
00089 ------------[ cut here ]------------
00089 WARNING: /home/ktest/git/linux/include/linux/fs.h:889 at osd_create+0x9cf/0xcf0 [osd_wbcfs], CPU#11: lctl/2196
00089 Modules linked in: llog_test(O) mgs(O) osd_wbcfs(O) lustre(O) obdecho(O) mgc(O) mdc(O) lov(O) osc(O) lmv(O) ec(O) fid(O) fld(O) ptlrpc(O) efivarfs obdclass(O) ksocklnd(O) lnet(O) libcfs(O)
00089 CPU: 11 UID: 0 PID: 2196 Comm: lctl Tainted: G        W  O        7.0.0-ktest-ae6d72a-6330a45-20260929-dirty #1 PREEMPT 
00089 Tainted: [W]=WARN, [O]=OOT_MODULE
00089 Hardware name: QEMU Standard PC (Q35 + ICH9, 2009), BIOS 2025.11-3ubuntu7 03/31/2026
00089 RIP: 0010:osd_create+0x9cf/0xcf0 [osd_wbcfs]
00089 Code: c7 c7 00 96 7b a1 48 c7 c6 a0 12 7d a1 48 c7 c2 00 1c 7d a1 e8 52 f1 43 ff 48 c7 c7 00 96 7b a1 e8 46 81 44 ff e9 fe fc ff ff <0f> 0b e9 a5 fa ff ff 48 c7 c1 80 44 5d a0 80 e1 07 80 c1 03 38 c1
00089 RSP: 0018:ffffc900060af4f8 EFLAGS: 00010246
00089 RAX: 0000000000000000 RBX: ffff888152b36400 RCX: 0000000000000046
00089 RDX: 0000000000000000 RSI: ffff88819a027b68 RDI: ffff8881536bcb40
00089 RBP: ffff88819a027ad8 R08: ffffffff83a16803 R09: 1ffffffff0742d00
00089 R10: dffffc0000000000 R11: fffffbfff0742d01 R12: ffff888164737000
00089 R13: dffffc0000000000 R14: 1ffff1102a566c80 R15: 1ffff1102c8e6e0f
00089 FS:  00007f7ddf075940(0000) GS:ffff88831e9a9000(0000) knlGS:0000000000000000
00089 CS:  0010 DS: 0000 ES: 0000 CR0: 0000000080050033
00089 CR2: 00005576c7b43860 CR3: 0000000158ff1000 CR4: 0000000000750eb0
00089 PKRU: 55555554
00089 Call Trace:
00089  <TASK>
00089  ? local_object_create+0x109/0x640 [obdclass]
00089  ? dt_write_lock+0x16d/0x2a0 [obdclass]
00089  ? llog_osd_create+0x356/0x10d0 [obdclass]
00089  ? llog_create+0x2ed/0x530 [obdclass]
00089  ? llog_cat_new_log+0x6d1/0x2970 [obdclass]
00089  ? llog_cat_add_rec+0x6ba/0x1960 [obdclass]
00089  ? llog_cat_add+0x499/0x7a0 [obdclass]
00089  ? llog_test_12+0x1471/0x2d90 [llog_test]
00089  ? llog_run_tests+0x4434/0x5ac0 [llog_test]
00089  ? get_random_u32+0x51/0x470
00089  ? llog_test_device_init+0x6e8/0xa20 [llog_test]
00089  ? obd_setup+0x54d/0x950 [obdclass]
00089  ? class_setup+0xc7d/0x10e0 [obdclass]
00089  ? class_process_config+0x2edb/0x7cb0 [obdclass]
00089  ? class_handle_ioctl+0x2055/0x3590 [obdclass]
00089  ? obd_class_ioctl+0x1f6/0x3c0 [obdclass]
00089  ? __x64_sys_ioctl+0x961/0xe00
00089  ? _copy_to_user+0x3d/0x60
00089  ? __x64_sys_rt_sigaction+0x107/0x140
00089  ? do_syscall_64+0xc1/0x350
00089  ? entry_SYSCALL_64_after_hwframe+0x4b/0x53
00089  </TASK>
00089 ---[ end trace 0000000000000000 ]---
00089 LustreError: 2196:0:(llog_osd.c:1230:llog_osd_next_block()) MGS0000-osd: invalid llog tail at log id [0x6:0xa:0x0]:0 offset 8297 tail idx 603979776 lrt len 1074261 read_size 105
00089 ------------[ cut here ]------------
00089 WARNING: /home/ktest/git/linux/include/linux/fs.h:889 at osd_create+0x9cf/0xcf0 [osd_wbcfs], CPU#11: lctl/2196
00089 Modules linked in: llog_test(O) mgs(O) osd_wbcfs(O) lustre(O) obdecho(O) mgc(O) mdc(O) lov(O) osc(O) lmv(O) ec(O) fid(O) fld(O) ptlrpc(O) efivarfs obdclass(O) ksocklnd(O) lnet(O) libcfs(O)
00089 CPU: 11 UID: 0 PID: 2196 Comm: lctl Tainted: G        W  O        7.0.0-ktest-ae6d72a-6330a45-20260929-dirty #1 PREEMPT 
00089 Tainted: [W]=WARN, [O]=OOT_MODULE
00089 Hardware name: QEMU Standard PC (Q35 + ICH9, 2009), BIOS 2025.11-3ubuntu7 03/31/2026
00089 RIP: 0010:osd_create+0x9cf/0xcf0 [osd_wbcfs]
00089 Code: c7 c7 00 96 7b a1 48 c7 c6 a0 12 7d a1 48 c7 c2 00 1c 7d a1 e8 52 f1 43 ff 48 c7 c7 00 96 7b a1 e8 46 81 44 ff e9 fe fc ff ff <0f> 0b e9 a5 fa ff ff 48 c7 c1 80 44 5d a0 80 e1 07 80 c1 03 38 c1
00089 RSP: 0018:ffffc900060af4f8 EFLAGS: 00010246
00089 RAX: 0000000000000000 RBX: ffff888153897c00 RCX: 0000000000000046
00089 RDX: 0000000000000000 RSI: ffff88819a027450 RDI: ffff8881536bcb40
00089 RBP: ffff88819a0273c0 R08: ffffffff83a16803 R09: 1ffffffff0742d00
00089 R10: dffffc0000000000 R11: fffffbfff0742d01 R12: ffff888164737000
00089 R13: dffffc0000000000 R14: 1ffff1102a712f80 R15: 1ffff1102c8e6e0f
00089 FS:  00007f7ddf075940(0000) GS:ffff88831e9a9000(0000) knlGS:0000000000000000
00089 CS:  0010 DS: 0000 ES: 0000 CR0: 0000000080050033
00089 CR2: 00005576c7b43860 CR3: 0000000158ff1000 CR4: 0000000000750eb0
00089 PKRU: 55555554
00089 Call Trace:
00089  <TASK>
00089  ? local_object_create+0x109/0x640 [obdclass]
00089  ? dt_write_lock+0x16d/0x2a0 [obdclass]
00089  ? llog_osd_create+0x356/0x10d0 [obdclass]
00089  ? llog_create+0x2ed/0x530 [obdclass]
00089  ? llog_cat_new_log+0x6d1/0x2970 [obdclass]
00089  ? llog_cat_add_rec+0x6ba/0x1960 [obdclass]
00089  ? llog_cat_add+0x499/0x7a0 [obdclass]
00089  ? llog_test_12+0x1471/0x2d90 [llog_test]
00089  ? llog_run_tests+0x4434/0x5ac0 [llog_test]
00089  ? get_random_u32+0x51/0x470
00089  ? llog_test_device_init+0x6e8/0xa20 [llog_test]
00089  ? obd_setup+0x54d/0x950 [obdclass]
00089  ? class_setup+0xc7d/0x10e0 [obdclass]
00089  ? class_process_config+0x2edb/0x7cb0 [obdclass]
00089  ? class_handle_ioctl+0x2055/0x3590 [obdclass]
00089  ? obd_class_ioctl+0x1f6/0x3c0 [obdclass]
00089  ? __x64_sys_ioctl+0x961/0xe00
00089  ? _copy_to_user+0x3d/0x60
00089  ? __x64_sys_rt_sigaction+0x107/0x140
00089  ? do_syscall_64+0xc1/0x350
00089  ? entry_SYSCALL_64_after_hwframe+0x4b/0x53
00089  </TASK>
00089 ---[ end trace 0000000000000000 ]---
00089 ==================================================================
00089 BUG: KASAN: slab-use-after-free in llog_osd_next_block+0x1368/0x3080 [obdclass]
00089 Read of size 4 at addr ffff888197c97036 by task lctl/2196
00089 
00089 CPU: 11 UID: 0 PID: 2196 Comm: lctl Tainted: G        W  O        7.0.0-ktest-ae6d72a-6330a45-20260929-dirty #1 PREEMPT 
00089 Tainted: [W]=WARN, [O]=OOT_MODULE
00089 Hardware name: QEMU Standard PC (Q35 + ICH9, 2009), BIOS 2025.11-3ubuntu7 03/31/2026
00089 Call Trace:
00089  <TASK>
00089  dump_stack_lvl+0x52/0x80
00089  print_report+0xbc/0x260
00089  ? llog_osd_next_block+0x1368/0x3080 [obdclass]
00089  kasan_report+0xa2/0xd0
00089  ? llog_osd_next_block+0x1368/0x3080 [obdclass]
00089  llog_osd_next_block+0x1368/0x3080 [obdclass]
00089  llog_process_thread+0xdd7/0x4f70 [obdclass]
00089  ? entry_SYSCALL_64_after_hwframe+0x4b/0x53
00089  ? refill_objects+0x4e6/0x550
00089  llog_process_or_fork+0x656/0xc90 [obdclass]
00089  ? llog_cat_process+0x30/0x30 [obdclass]
00089  llog_cat_process_or_fork+0x780/0xdb0 [obdclass]
00089  ? llog_cat_process+0x30/0x30 [obdclass]
00089  ? llog_cancel_rec_cb+0x450/0x450 [llog_test]
00089  llog_cat_process+0x24/0x30 [obdclass]
00089  llog_test_12+0x13ee/0x2d90 [llog_test]
00089  llog_run_tests+0x4434/0x5ac0 [llog_test]
00089  ? get_random_u32+0x51/0x470
00089  llog_test_device_init+0x6e8/0xa20 [llog_test]
00089  obd_setup+0x54d/0x950 [obdclass]
00089  class_setup+0xc7d/0x10e0 [obdclass]
00089  class_process_config+0x2edb/0x7cb0 [obdclass]
00089  class_handle_ioctl+0x2055/0x3590 [obdclass]
00089  obd_class_ioctl+0x1f6/0x3c0 [obdclass]
00089  __x64_sys_ioctl+0x961/0xe00
00089  ? _copy_to_user+0x3d/0x60
00089  ? __x64_sys_rt_sigaction+0x107/0x140
00089  do_syscall_64+0xc1/0x350
00089  entry_SYSCALL_64_after_hwframe+0x4b/0x53
00089 RIP: 0033:0x7f7ddef250bd
00089 Code: 04 25 28 00 00 00 48 89 45 c8 31 c0 48 8d 45 10 c7 45 b0 10 00 00 00 48 89 45 b8 48 8d 45 d0 48 89 45 c0 b8 10 00 00 00 0f 05 <89> c2 3d 00 f0 ff ff 77 1a 48 8b 45 c8 64 48 2b 04 25 28 00 00 00
00089 RSP: 002b:00007fff6621c060 EFLAGS: 00000246 ORIG_RAX: 0000000000000010
00089 RAX: ffffffffffffffda RBX: 00007f7ddf1f51f0 RCX: 00007f7ddef250bd
00089 RDX: 00007fff6621c340 RSI: 00000000c00866b8 RDI: 0000000000000003
00089 RBP: 00007fff6621c0b0 R08: 00007fff6621c100 R09: 00007fff6621c340
00089 R10: 0000564dc4bc2940 R11: 0000000000000246 R12: 00007fff6621c340
00089 R13: 0000564db5218822 R14: 0000000000000000 R15: 00007fff6621e3c0
00089  </TASK>
00089 
00089 Allocated by task 2196:
00089  kasan_save_track+0x2f/0x60
00089  __kasan_kmalloc+0x72/0x80
00089  osd_trans_create+0x24d/0x9f0 [osd_wbcfs]
00089  llog_cancel_arr_rec+0x3e0/0x2160 [obdclass]
00089  llog_reverse_process+0xafe/0x19a0 [obdclass]
00089  llog_test_7_sub+0x9bc/0x1250 [llog_test]
00089  llog_test_7+0x968/0xf50 [llog_test]
00089  llog_run_tests+0x3614/0x5ac0 [llog_test]
00089  llog_test_device_init+0x6e8/0xa20 [llog_test]
00089  obd_setup+0x54d/0x950 [obdclass]
00089  class_setup+0xc7d/0x10e0 [obdclass]
00089  class_process_config+0x2edb/0x7cb0 [obdclass]
00089  class_handle_ioctl+0x2055/0x3590 [obdclass]
00089  obd_class_ioctl+0x1f6/0x3c0 [obdclass]
00089  __x64_sys_ioctl+0x961/0xe00
00089  do_syscall_64+0xc1/0x350
00089  entry_SYSCALL_64_after_hwframe+0x4b/0x53
00089 
00089 Freed by task 2196:
00089  kasan_save_track+0x2f/0x60
00089  kasan_save_free_info+0x40/0x50
00089  __kasan_slab_free+0x3a/0x60
00089  kfree+0x1b5/0x530
00089  osd_trans_stop+0x70a/0x910 [osd_wbcfs]
00089  llog_cancel_arr_rec+0x1256/0x2160 [obdclass]
00089  llog_reverse_process+0xafe/0x19a0 [obdclass]
00089  llog_test_7_sub+0x9bc/0x1250 [llog_test]
00089  llog_test_7+0x968/0xf50 [llog_test]
00089  llog_run_tests+0x3614/0x5ac0 [llog_test]
00089  llog_test_device_init+0x6e8/0xa20 [llog_test]
00089  obd_setup+0x54d/0x950 [obdclass]
00089  class_setup+0xc7d/0x10e0 [obdclass]
00089  class_process_config+0x2edb/0x7cb0 [obdclass]
00089  class_handle_ioctl+0x2055/0x3590 [obdclass]
00089  obd_class_ioctl+0x1f6/0x3c0 [obdclass]
00089  __x64_sys_ioctl+0x961/0xe00
00089  do_syscall_64+0xc1/0x350
00089  entry_SYSCALL_64_after_hwframe+0x4b/0x53
00089 
00089 The buggy address belongs to the object at ffff888197c97000
00089  which belongs to the cache kmalloc-128 of size 128
00089 The buggy address is located 54 bytes inside of
00089  freed 128-byte region [ffff888197c97000, ffff888197c97080)
00089 
00089 The buggy address belongs to the physical page:
00089 page: refcount:0 mapcount:0 mapping:0000000000000000 index:0x0 pfn:0x197c96
00089 head: order:1 mapcount:0 entire_mapcount:0 nr_pages_mapped:0 pincount:0
00089 flags: 0x8000000000000040(head|zone=2)
00089 page_type: f5(slab)
00089 raw: 8000000000000040 ffff888100042800 dead000000000100 dead000000000122
00089 raw: 0000000000000000 0000010000200020 00000000f5000000 ffff888197c96090
00089 head: 8000000000000040 ffff888100042800 dead000000000100 dead000000000122
00089 head: 0000000000000000 0000010000200020 00000000f5000000 ffff888197c96090
00089 head: 8000000000000001 ffffea00065f2581 00000000ffffffff 00000000ffffffff
00089 head: ffffffffffffffff 0000000000000000 00000000ffffffff 0000000000000002
00089 page dumped because: kasan: bad access detected
00089 
00089 Memory state around the buggy address:
00089  ffff888197c96f00: fa fb fb fb fb fb fb fb fb fb fb fb fb fb fb fb
00089  ffff888197c96f80: fc fc fc fc fc fc fc fc fc fc fc fc fc fc fc fc
00089 >ffff888197c97000: fa fb fb fb fb fb fb fb fb fb fb fb fb fb fb fb
00089                                      ^
00089  ffff888197c97080: fc fc fc fc fc fc fc fc fc fc fc fc fc fc fc fc
00089  ffff888197c97100: fa fb fb fb fb fb fb fb fb fb fb fb fb fb fb fb
00089 ==================================================================
00089 Disabling lock debugging due to kernel taint
00089 Lustre: 2196:0:(llog_test.c:2461:llog_test_12()) 12: put newly-created catalog
00089 Lustre: 2196:0:(llog_test.c:2529:llog_test_13()) 13a: create a catalog log with name: 7877967f
00089 Lustre: 2196:0:(llog_test.c:2545:llog_test_13()) 13b: write 1 record into the catalog
00089 LustreError: 2196:0:(llog_test.c:2556:llog_test_13()) 13b: found 8 plain llogs
00089 Lustre: 2196:0:(llog_test.c:2558:llog_test_13()) 13c: erase plain llog
00089 LustreError: 2196:0:(llog_cat.c:399:llog_cat_id2handle()) MGS: error opening log id [0x1:0x4f:0x0]: rc = -2
00089 Lustre: 2196:0:(llog_test.c:2578:llog_test_13()) 13d: forward process: found=1708 rc=0
00089 Lustre: 2196:0:(llog_test.c:2582:llog_test_13()) 13e: erase another plain llog
00089 Lustre: 2196:0:(llog_test.c:2602:llog_test_13()) 13e: backward process: found=1367 rc=0
00089 Lustre: 2196:0:(llog_test.c:2605:llog_test_13()) 13f: put newly-created catalog
00094 ========= FAILED TIMEOUT llog-unit in 240s
Error 1 at /home/ktest/ktest/lib/libktest.sh 549 from: "$ktest_dir/lib/supervisor" -S -F -T "$ktest_timeout" -b "$test_basename" -o "$test_logdir" -f "$test_basename.$(date -Iseconds).log" -- "${qemu_cmd[@]}", exiting
Error 1 at ./qlkbuild 194 from: return $ret, exiting
Error 1 at ./qlkbuild 1262 from: return $ret, exiting
