CLI: ./pk --podman-socket unix:///run/user/1000/podman/podman.sock --shared-filesystem /tmp --tarball-input job lustre-ci --output /var/www/ci-lustre/upstream-patch-review --git-hash ae6d72af7d632ebe311402daa73fd6992bffef01 --change-id 67038_ae6d72af7d632ebe311402daa73fd6992bffef01 --subject LU-20446 man3: add llapi_find.3 and llapi_find_with_cb.3

Environment validated successfully
Note: custom LLVM is not synced in tarball input mode
Creating kernel tarball at /tmp/ktest-kernel.tar.gz...
Creating lustre tarball at /tmp/ktest-lustre.tar.gz...
Creating ZFS tarball at /tmp/ktest-zfs.tar.gz...
Executing 14 jobs
Jobs will start as soon as their dependencies are satisfied
Using tarball input mode

START checkpatch:checkpatch tool checkpatch
START ml-miscvm:lustre_mainline_native build tests/fs/lustre/boot.ktest
START ml-strict:lustre_mainline build tests/fs/lustre/boot-strict.ktest
START al2023:al2023 build tests/fs/lustre/boot.ktest
START ml:lustre_mainline build tests/fs/lustre/boot.ktest
START u24:u24 build tests/fs/lustre/boot.ktest
PUT /tmp/ktest-lustre.tar.gz 1s
PUT /tmp/ktest-lustre.tar.gz 1s
PUT /tmp/ktest-kernel.tar.gz 15s
PUT /tmp/ktest-kernel.tar.gz 15s
PUT /tmp/ktest-kernel.tar.gz 15s
PUT /tmp/ktest-kernel.tar.gz 15s
PUT /tmp/ktest-lustre.tar.gz 2s
PUT /tmp/ktest-lustre.tar.gz 2s
PUT /tmp/ktest-lustre.tar.gz 2s
PUT /tmp/ktest-lustre.tar.gz 2s
PUT /tmp/ktest-zfs.tar.gz 0s
PUT /tmp/ktest-zfs.tar.gz 0s
PUT /tmp/ktest-zfs.tar.gz 0s
END checkpatch:checkpatch tool checkpatch FAIL 20s (exit code: 1)
END u24:u24 build tests/fs/lustre/boot.ktest PASS 46s
END al2023:al2023 build tests/fs/lustre/boot.ktest PASS 50s
GET /tmp/ktest_ml-strict:lustre_mainline_0ojr6dtg.tar 4s
END ml-strict:lustre_mainline build tests/fs/lustre/boot-strict.ktest FAIL 145s (exit code: 1)
GET /tmp/ktest_ml:lustre_mainline_rnqxfmng.tar 0s
END ml:lustre_mainline build tests/fs/lustre/boot.ktest PASS 168s
GET /tmp/ktest_ml-miscvm:lustre_mainline_native_s5g9tfr0.tar 0s
END ml-miscvm:lustre_mainline_native build tests/fs/lustre/boot.ktest PASS 170s
START ml-miscvm:boot run tests/fs/lustre/boot.ktest
START ml-miscvm:llmount run tests/fs/lustre/llmount.ktest
START ml-miscvm:llog-unit run tests/fs/lustre/llog-unit.ktest
START ml-miscvm:mgs-setup run tests/fs/lustre/mgs-setup.ktest
START ml-miscvm:sanity-1 run tests/fs/lustre/sanity/sanity-1.ktest
START ml-miscvm:sanity-2 run tests/fs/lustre/sanity/sanity-2.ktest
START ml-miscvm:sanity-3 run tests/fs/lustre/sanity/sanity-3.ktest
START ml-miscvm:sanity-4 run tests/fs/lustre/sanity/sanity-4.ktest
PUT /tmp/ktest-kernel.tar.gz 31s
PUT /tmp/ktest-kernel.tar.gz 31s
PUT /tmp/ktest-kernel.tar.gz 31s
PUT /tmp/ktest-kernel.tar.gz 31s
PUT /tmp/ktest-kernel.tar.gz 31s
PUT /tmp/ktest-kernel.tar.gz 31s
PUT /tmp/ktest-kernel.tar.gz 31s
PUT /tmp/ktest-kernel.tar.gz 31s
PUT /tmp/ktest-lustre.tar.gz 9s
PUT /tmp/ktest-lustre.tar.gz 8s
PUT /tmp/ktest-lustre.tar.gz 9s
PUT /tmp/ktest-lustre.tar.gz 9s
PUT /tmp/ktest-lustre.tar.gz 9s
PUT /tmp/ktest-lustre.tar.gz 9s
PUT /tmp/ktest-lustre.tar.gz 9s
PUT /tmp/ktest-lustre.tar.gz 10s
PUT /tmp/ktest_ml-miscvm:lustre_mainline_native_s5g9tfr0.tar 2s
PUT /tmp/ktest_ml-miscvm:lustre_mainline_native_s5g9tfr0.tar 2s
PUT /tmp/ktest_ml-miscvm:lustre_mainline_native_s5g9tfr0.tar 2s
PUT /tmp/ktest_ml-miscvm:lustre_mainline_native_s5g9tfr0.tar 2s
PUT /tmp/ktest_ml-miscvm:lustre_mainline_native_s5g9tfr0.tar 2s
PUT /tmp/ktest_ml-miscvm:lustre_mainline_native_s5g9tfr0.tar 2s
PUT /tmp/ktest_ml-miscvm:lustre_mainline_native_s5g9tfr0.tar 2s
PUT /tmp/ktest_ml-miscvm:lustre_mainline_native_s5g9tfr0.tar 2s
END ml-miscvm:boot run tests/fs/lustre/boot.ktest PASS 58s
END ml-miscvm:mgs-setup run tests/fs/lustre/mgs-setup.ktest PASS 67s
END ml-miscvm:sanity-1 run tests/fs/lustre/sanity/sanity-1.ktest PASS 93s
END ml-miscvm:sanity-3 run tests/fs/lustre/sanity/sanity-3.ktest PASS 94s
END ml-miscvm:sanity-2 run tests/fs/lustre/sanity/sanity-2.ktest PASS 95s
END ml-miscvm:llmount run tests/fs/lustre/llmount.ktest PASS 115s
END ml-miscvm:sanity-4 run tests/fs/lustre/sanity/sanity-4.ktest PASS 121s
END ml-miscvm:llog-unit run tests/fs/lustre/llog-unit.ktest FAIL 140s (exit code: 1)

============================================================
Final Results:
  checkpatch:checkpatch: FAIL (20s) (log: /var/www/ci-lustre/upstream-patch-review/ae6d72af7d632ebe311402daa73fd6992bffef01_checkpatch:checkpatch.log)
  u24:u24: PASS (46s) (log: /var/www/ci-lustre/upstream-patch-review/ae6d72af7d632ebe311402daa73fd6992bffef01_u24:u24.log)
  al2023:al2023: PASS (50s) (log: /var/www/ci-lustre/upstream-patch-review/ae6d72af7d632ebe311402daa73fd6992bffef01_al2023:al2023.log)
  ml-strict:lustre_mainline: FAIL (145s) (log: /var/www/ci-lustre/upstream-patch-review/ae6d72af7d632ebe311402daa73fd6992bffef01_ml-strict:lustre_mainline.log)
  ml:lustre_mainline: PASS (168s) (log: /var/www/ci-lustre/upstream-patch-review/ae6d72af7d632ebe311402daa73fd6992bffef01_ml:lustre_mainline.log)
  ml-miscvm:lustre_mainline_native: PASS (170s) (log: /var/www/ci-lustre/upstream-patch-review/ae6d72af7d632ebe311402daa73fd6992bffef01_ml-miscvm:lustre_mainline_native.log)
  ml-miscvm:boot: PASS (58s) (log: /var/www/ci-lustre/upstream-patch-review/ae6d72af7d632ebe311402daa73fd6992bffef01_ml-miscvm:boot.log)
  ml-miscvm:llmount: PASS (115s) (log: /var/www/ci-lustre/upstream-patch-review/ae6d72af7d632ebe311402daa73fd6992bffef01_ml-miscvm:llmount.log)
  ml-miscvm:llog-unit: FAIL (140s) (log: /var/www/ci-lustre/upstream-patch-review/ae6d72af7d632ebe311402daa73fd6992bffef01_ml-miscvm:llog-unit.log)
  ml-miscvm:mgs-setup: PASS (67s) (log: /var/www/ci-lustre/upstream-patch-review/ae6d72af7d632ebe311402daa73fd6992bffef01_ml-miscvm:mgs-setup.log)
  ml-miscvm:sanity-1: PASS (93s) (log: /var/www/ci-lustre/upstream-patch-review/ae6d72af7d632ebe311402daa73fd6992bffef01_ml-miscvm:sanity-1.log)
  ml-miscvm:sanity-2: PASS (95s) (log: /var/www/ci-lustre/upstream-patch-review/ae6d72af7d632ebe311402daa73fd6992bffef01_ml-miscvm:sanity-2.log)
  ml-miscvm:sanity-3: PASS (94s) (log: /var/www/ci-lustre/upstream-patch-review/ae6d72af7d632ebe311402daa73fd6992bffef01_ml-miscvm:sanity-3.log)
  ml-miscvm:sanity-4: PASS (121s) (log: /var/www/ci-lustre/upstream-patch-review/ae6d72af7d632ebe311402daa73fd6992bffef01_ml-miscvm:sanity-4.log)

Total execution time: 341s

Packed 2642 logs from /var/www/ci-lustre/upstream-patch-review into /home/ktest/ktest/local-site/local_data.js
Open /home/ktest/ktest/local-site/index.html in a browser
