WARNING:SPACE_BEFORE_TAB: please, no space before tabs
#79: FILE: lustre/include/lustre_osc.h:247:
+ * ^I^I^Iskip bytes check length$

WARNING:SPACE_BEFORE_TAB: please, no space before tabs
#81: FILE: lustre/include/lustre_osc.h:249:
+ * ^I^I^Iskip bytes check length$

WARNING:LONG_LINE_STRING: line length of 118 exceeds 100 columns
#179: FILE: lustre/osc/osc_compress.c:161:
+			       "%s: object "DFID" skip %lu bytes uncompressed data, start to check compressibility\n",

WARNING:LONG_LINE_STRING: line length of 130 exceeds 100 columns
#210: FILE: lustre/osc/osc_compress.c:181:
+	CDEBUG(D_SEC, "%s: object "DFID" compression checked %lu bytes, average compression reduced %lu bytes of %lu raw bytes\n",

WARNING:LONG_LINE_STRING: line length of 143 exceeds 100 columns
#234: FILE: lustre/osc/osc_compress.c:197:
+			       "%s: object "DFID" compression reduced %lu bytes ( < %lu/%u bytes), the file is considered as incompressible\n",

total: 0 errors, 5 warnings, 352 lines checked

NOTE: For some of the reported defects, checkpatch may be able to
      mechanically convert to the typical style using --fix or --fix-inplace.

Your patch has style problems, please review.

NOTE: If any of the errors are false positives, please report
      them to the maintainer, see CHECKPATCH in MAINTAINERS.
