WARNING:TYPO_SPELLING: 'consistant' may be misspelled - perhaps 'consistent'?
#523: FILE: lustre/ldlm/ldlm_resource.c:101:
+	/* result is not strictly consistant */
 	                          ^^^^^^^^^^

WARNING:SUSPECT_CODE_INDENT: suspect code indent for conditional statements (8, 17)
#963: FILE: lustre/ldlm/ldlm_resource.c:1630:
+	if (res2) {
+		 if (atomic_dec_and_test(&res->lr_ns_bucket->nsb_count) &&

WARNING:TABSTOP: Statements should start on a tabstop
#964: FILE: lustre/ldlm/ldlm_resource.c:1631:
+		 if (atomic_dec_and_test(&res->lr_ns_bucket->nsb_count) &&

ERROR:CODE_INDENT: code indent should use tabs where possible
#1391: FILE: lustre/osc/osc_cache.c:646:
+^I^I^I^I^I^I        res ? PTR_ERR(res):$

ERROR:SPACING: spaces required around that ':' (ctx:VxE)
#1391: FILE: lustre/osc/osc_cache.c:646:
+						        res ? PTR_ERR(res):
 						                          ^

total: 2 errors, 3 warnings, 1522 lines checked

NOTE: For some of the reported defects, checkpatch may be able to
      mechanically convert to the typical style using --fix or --fix-inplace.

NOTE: Whitespace errors detected.
      You may wish to use scripts/cleanpatch or scripts/cleanfile

Your patch has style problems, please review.

NOTE: If any of the errors are false positives, please report
      them to the maintainer, see CHECKPATCH in MAINTAINERS.
