CLI: ./pk --podman-socket unix:///run/podman/podman.sock --shared-filesystem /tmp --tarball-input job lustre-ci --output /var/www/ci-lustre/upstream-patch-review --git-hash b091b04a87700b7baa1f97b6010f7d59c7a7ea5a --change-id 66690_b091b04a87700b7baa1f97b6010f7d59c7a7ea5a --subject LU-20400 o2iblnd: fix descriptor leak on FastReg map error

Environment validated successfully
Note: custom LLVM is not synced in tarball input mode
Creating kernel tarball at /tmp/ktest-kernel.tar.gz...
Creating lustre tarball at /tmp/ktest-lustre.tar.gz...
Creating ZFS tarball at /tmp/ktest-zfs.tar.gz...
Executing 14 jobs
Jobs will start as soon as their dependencies are satisfied
Using tarball input mode

START ml-miscvm:lustre_mainline_native build tests/fs/lustre/boot.ktest
START u24:u24 build tests/fs/lustre/boot.ktest
START al2023:al2023 build tests/fs/lustre/boot.ktest
START ml-strict:lustre_mainline build tests/fs/lustre/boot-strict.ktest
START checkpatch:checkpatch tool checkpatch
START ml:lustre_mainline build tests/fs/lustre/boot.ktest
PUT /tmp/ktest-lustre.tar.gz 1s
PUT /tmp/ktest-lustre.tar.gz 1s
PUT /tmp/ktest-kernel.tar.gz 8s
PUT /tmp/ktest-kernel.tar.gz 8s
PUT /tmp/ktest-kernel.tar.gz 8s
PUT /tmp/ktest-kernel.tar.gz 8s
PUT /tmp/ktest-lustre.tar.gz 2s
PUT /tmp/ktest-lustre.tar.gz 1s
PUT /tmp/ktest-lustre.tar.gz 2s
PUT /tmp/ktest-lustre.tar.gz 2s
PUT /tmp/ktest-zfs.tar.gz 0s
PUT /tmp/ktest-zfs.tar.gz 0s
PUT /tmp/ktest-zfs.tar.gz 0s
END checkpatch:checkpatch tool checkpatch PASS 14s
END al2023:al2023 build tests/fs/lustre/boot.ktest PASS 54s
END u24:u24 build tests/fs/lustre/boot.ktest PASS 55s
GET /tmp/ktest_ml:lustre_mainline_4yqdwjn_.tar 0s
END ml:lustre_mainline build tests/fs/lustre/boot.ktest PASS 176s
GET /tmp/ktest_ml-strict:lustre_mainline_ndwzkrpb.tar 4s
END ml-strict:lustre_mainline build tests/fs/lustre/boot-strict.ktest FAIL 180s (exit code: 1)
GET /tmp/ktest_ml-miscvm:lustre_mainline_native_n3jy4d6z.tar 1s
END ml-miscvm:lustre_mainline_native build tests/fs/lustre/boot.ktest PASS 181s
START ml-miscvm:boot run tests/fs/lustre/boot.ktest
START ml-miscvm:llmount run tests/fs/lustre/llmount.ktest
START ml-miscvm:llog-unit run tests/fs/lustre/llog-unit.ktest
START ml-miscvm:mgs-setup run tests/fs/lustre/mgs-setup.ktest
START ml-miscvm:sanity-1 run tests/fs/lustre/sanity/sanity-1.ktest
START ml-miscvm:sanity-2 run tests/fs/lustre/sanity/sanity-2.ktest
START ml-miscvm:sanity-3 run tests/fs/lustre/sanity/sanity-3.ktest
START ml-miscvm:sanity-4 run tests/fs/lustre/sanity/sanity-4.ktest
PUT /tmp/ktest-kernel.tar.gz 12s
PUT /tmp/ktest-kernel.tar.gz 12s
PUT /tmp/ktest-kernel.tar.gz 13s
PUT /tmp/ktest-kernel.tar.gz 13s
PUT /tmp/ktest-kernel.tar.gz 13s
PUT /tmp/ktest-kernel.tar.gz 13s
PUT /tmp/ktest-kernel.tar.gz 13s
PUT /tmp/ktest-kernel.tar.gz 13s
PUT /tmp/ktest-lustre.tar.gz 4s
PUT /tmp/ktest-lustre.tar.gz 4s
PUT /tmp/ktest-lustre.tar.gz 4s
PUT /tmp/ktest-lustre.tar.gz 3s
PUT /tmp/ktest-lustre.tar.gz 4s
PUT /tmp/ktest-lustre.tar.gz 3s
PUT /tmp/ktest-lustre.tar.gz 3s
PUT /tmp/ktest-lustre.tar.gz 4s
PUT /tmp/ktest_ml-miscvm:lustre_mainline_native_n3jy4d6z.tar 0s
PUT /tmp/ktest_ml-miscvm:lustre_mainline_native_n3jy4d6z.tar 0s
PUT /tmp/ktest_ml-miscvm:lustre_mainline_native_n3jy4d6z.tar 0s
PUT /tmp/ktest_ml-miscvm:lustre_mainline_native_n3jy4d6z.tar 0s
PUT /tmp/ktest_ml-miscvm:lustre_mainline_native_n3jy4d6z.tar 0s
PUT /tmp/ktest_ml-miscvm:lustre_mainline_native_n3jy4d6z.tar 0s
PUT /tmp/ktest_ml-miscvm:lustre_mainline_native_n3jy4d6z.tar 0s
PUT /tmp/ktest_ml-miscvm:lustre_mainline_native_n3jy4d6z.tar 0s
END ml-miscvm:boot run tests/fs/lustre/boot.ktest PASS 53s
END ml-miscvm:mgs-setup run tests/fs/lustre/mgs-setup.ktest PASS 66s
END ml-miscvm:sanity-4 run tests/fs/lustre/sanity/sanity-4.ktest PASS 89s
END ml-miscvm:sanity-1 run tests/fs/lustre/sanity/sanity-1.ktest PASS 91s
END ml-miscvm:sanity-2 run tests/fs/lustre/sanity/sanity-2.ktest PASS 104s
END ml-miscvm:sanity-3 run tests/fs/lustre/sanity/sanity-3.ktest PASS 106s
END ml-miscvm:llmount run tests/fs/lustre/llmount.ktest PASS 118s
END ml-miscvm:llog-unit run tests/fs/lustre/llog-unit.ktest FAIL 170s (exit code: 1)

============================================================
Final Results:
  checkpatch:checkpatch: PASS (14s) (log: /var/www/ci-lustre/upstream-patch-review/b091b04a87700b7baa1f97b6010f7d59c7a7ea5a_checkpatch:checkpatch.log)
  u24:u24: PASS (55s) (log: /var/www/ci-lustre/upstream-patch-review/b091b04a87700b7baa1f97b6010f7d59c7a7ea5a_u24:u24.log)
  al2023:al2023: PASS (54s) (log: /var/www/ci-lustre/upstream-patch-review/b091b04a87700b7baa1f97b6010f7d59c7a7ea5a_al2023:al2023.log)
  ml-strict:lustre_mainline: FAIL (180s) (log: /var/www/ci-lustre/upstream-patch-review/b091b04a87700b7baa1f97b6010f7d59c7a7ea5a_ml-strict:lustre_mainline.log)
  ml:lustre_mainline: PASS (176s) (log: /var/www/ci-lustre/upstream-patch-review/b091b04a87700b7baa1f97b6010f7d59c7a7ea5a_ml:lustre_mainline.log)
  ml-miscvm:lustre_mainline_native: PASS (181s) (log: /var/www/ci-lustre/upstream-patch-review/b091b04a87700b7baa1f97b6010f7d59c7a7ea5a_ml-miscvm:lustre_mainline_native.log)
  ml-miscvm:boot: PASS (53s) (log: /var/www/ci-lustre/upstream-patch-review/b091b04a87700b7baa1f97b6010f7d59c7a7ea5a_ml-miscvm:boot.log)
  ml-miscvm:llmount: PASS (118s) (log: /var/www/ci-lustre/upstream-patch-review/b091b04a87700b7baa1f97b6010f7d59c7a7ea5a_ml-miscvm:llmount.log)
  ml-miscvm:llog-unit: FAIL (170s) (log: /var/www/ci-lustre/upstream-patch-review/b091b04a87700b7baa1f97b6010f7d59c7a7ea5a_ml-miscvm:llog-unit.log)
  ml-miscvm:mgs-setup: PASS (66s) (log: /var/www/ci-lustre/upstream-patch-review/b091b04a87700b7baa1f97b6010f7d59c7a7ea5a_ml-miscvm:mgs-setup.log)
  ml-miscvm:sanity-1: PASS (91s) (log: /var/www/ci-lustre/upstream-patch-review/b091b04a87700b7baa1f97b6010f7d59c7a7ea5a_ml-miscvm:sanity-1.log)
  ml-miscvm:sanity-2: PASS (104s) (log: /var/www/ci-lustre/upstream-patch-review/b091b04a87700b7baa1f97b6010f7d59c7a7ea5a_ml-miscvm:sanity-2.log)
  ml-miscvm:sanity-3: PASS (106s) (log: /var/www/ci-lustre/upstream-patch-review/b091b04a87700b7baa1f97b6010f7d59c7a7ea5a_ml-miscvm:sanity-3.log)
  ml-miscvm:sanity-4: PASS (89s) (log: /var/www/ci-lustre/upstream-patch-review/b091b04a87700b7baa1f97b6010f7d59c7a7ea5a_ml-miscvm:sanity-4.log)

Total execution time: 382s
