CLI: ./pk --podman-socket unix:///run/podman/podman.sock --shared-filesystem /tmp --tarball-input job lustre-ci --output /var/www/ci-lustre/upstream-patch-review --git-hash b10b5ac9504430370516014e1f3a5577b3dbd272 --change-id 67579_b10b5ac9504430370516014e1f3a5577b3dbd272 --subject LU-12668 lov: track EC stripe health per-IO

Environment validated successfully
Note: custom LLVM is not synced in tarball input mode
Creating kernel tarball at /tmp/ktest-kernel.tar.gz...
Creating lustre tarball at /tmp/ktest-lustre.tar.gz...
Creating ZFS tarball at /tmp/ktest-zfs.tar.gz...
Executing 14 jobs
Jobs will start as soon as their dependencies are satisfied
Using tarball input mode

START ml:lustre_mainline build tests/fs/lustre/boot.ktest
START al2023:al2023 build tests/fs/lustre/boot.ktest
START u24:u24 build tests/fs/lustre/boot.ktest
START ml-strict:lustre_mainline build tests/fs/lustre/boot-strict.ktest
START checkpatch:checkpatch tool checkpatch
START ml-miscvm:lustre_mainline_native build tests/fs/lustre/boot.ktest
PUT /tmp/ktest-lustre.tar.gz 1s
PUT /tmp/ktest-lustre.tar.gz 1s
PUT /tmp/ktest-kernel.tar.gz 7s
PUT /tmp/ktest-kernel.tar.gz 7s
PUT /tmp/ktest-kernel.tar.gz 7s
PUT /tmp/ktest-kernel.tar.gz 7s
PUT /tmp/ktest-lustre.tar.gz 2s
PUT /tmp/ktest-lustre.tar.gz 3s
PUT /tmp/ktest-lustre.tar.gz 3s
PUT /tmp/ktest-lustre.tar.gz 2s
PUT /tmp/ktest-zfs.tar.gz 1s
PUT /tmp/ktest-zfs.tar.gz 1s
PUT /tmp/ktest-zfs.tar.gz 1s
END checkpatch:checkpatch tool checkpatch PASS 13s
END u24:u24 build tests/fs/lustre/boot.ktest PASS 42s
END al2023:al2023 build tests/fs/lustre/boot.ktest PASS 47s
GET /tmp/ktest_ml-strict:lustre_mainline_7bmos7zb.tar 10s
END ml-strict:lustre_mainline build tests/fs/lustre/boot-strict.ktest FAIL 184s (exit code: 1)
GET /tmp/ktest_ml-miscvm:lustre_mainline_native_c_w6jwod.tar 0s
GET /tmp/ktest_ml:lustre_mainline_ffmpzck9.tar 0s
END ml-miscvm:lustre_mainline_native build tests/fs/lustre/boot.ktest PASS 206s
START ml-miscvm:boot run tests/fs/lustre/boot.ktest
START ml-miscvm:llmount run tests/fs/lustre/llmount.ktest
START ml-miscvm:llog-unit run tests/fs/lustre/llog-unit.ktest
START ml-miscvm:mgs-setup run tests/fs/lustre/mgs-setup.ktest
START ml-miscvm:sanity-1 run tests/fs/lustre/sanity/sanity-1.ktest
START ml-miscvm:sanity-2 run tests/fs/lustre/sanity/sanity-2.ktest
START ml-miscvm:sanity-3 run tests/fs/lustre/sanity/sanity-3.ktest
START ml-miscvm:sanity-4 run tests/fs/lustre/sanity/sanity-4.ktest
END ml:lustre_mainline build tests/fs/lustre/boot.ktest PASS 207s
PUT /tmp/ktest-kernel.tar.gz 26s
PUT /tmp/ktest-kernel.tar.gz 26s
PUT /tmp/ktest-kernel.tar.gz 27s
PUT /tmp/ktest-kernel.tar.gz 26s
PUT /tmp/ktest-kernel.tar.gz 27s
PUT /tmp/ktest-kernel.tar.gz 27s
PUT /tmp/ktest-kernel.tar.gz 27s
PUT /tmp/ktest-kernel.tar.gz 28s
PUT /tmp/ktest-lustre.tar.gz 9s
PUT /tmp/ktest-lustre.tar.gz 9s
PUT /tmp/ktest-lustre.tar.gz 9s
PUT /tmp/ktest-lustre.tar.gz 10s
PUT /tmp/ktest-lustre.tar.gz 10s
PUT /tmp/ktest-lustre.tar.gz 10s
PUT /tmp/ktest-lustre.tar.gz 10s
PUT /tmp/ktest-lustre.tar.gz 10s
PUT /tmp/ktest_ml-miscvm:lustre_mainline_native_c_w6jwod.tar 1s
PUT /tmp/ktest_ml-miscvm:lustre_mainline_native_c_w6jwod.tar 1s
PUT /tmp/ktest_ml-miscvm:lustre_mainline_native_c_w6jwod.tar 1s
PUT /tmp/ktest_ml-miscvm:lustre_mainline_native_c_w6jwod.tar 1s
PUT /tmp/ktest_ml-miscvm:lustre_mainline_native_c_w6jwod.tar 1s
PUT /tmp/ktest_ml-miscvm:lustre_mainline_native_c_w6jwod.tar 1s
PUT /tmp/ktest_ml-miscvm:lustre_mainline_native_c_w6jwod.tar 1s
PUT /tmp/ktest_ml-miscvm:lustre_mainline_native_c_w6jwod.tar 1s
END ml-miscvm:boot run tests/fs/lustre/boot.ktest PASS 50s
END ml-miscvm:mgs-setup run tests/fs/lustre/mgs-setup.ktest PASS 62s
END ml-miscvm:sanity-1 run tests/fs/lustre/sanity/sanity-1.ktest PASS 90s
END ml-miscvm:sanity-2 run tests/fs/lustre/sanity/sanity-2.ktest PASS 92s
END ml-miscvm:sanity-4 run tests/fs/lustre/sanity/sanity-4.ktest PASS 102s
END ml-miscvm:sanity-3 run tests/fs/lustre/sanity/sanity-3.ktest PASS 103s
END ml-miscvm:llmount run tests/fs/lustre/llmount.ktest PASS 112s
END ml-miscvm:llog-unit run tests/fs/lustre/llog-unit.ktest FAIL 138s (exit code: 1)

============================================================
Final Results:
  checkpatch:checkpatch: PASS (13s) (log: /var/www/ci-lustre/upstream-patch-review/b10b5ac9504430370516014e1f3a5577b3dbd272_checkpatch:checkpatch.log)
  u24:u24: PASS (42s) (log: /var/www/ci-lustre/upstream-patch-review/b10b5ac9504430370516014e1f3a5577b3dbd272_u24:u24.log)
  al2023:al2023: PASS (47s) (log: /var/www/ci-lustre/upstream-patch-review/b10b5ac9504430370516014e1f3a5577b3dbd272_al2023:al2023.log)
  ml-strict:lustre_mainline: FAIL (184s) (log: /var/www/ci-lustre/upstream-patch-review/b10b5ac9504430370516014e1f3a5577b3dbd272_ml-strict:lustre_mainline.log)
  ml:lustre_mainline: PASS (207s) (log: /var/www/ci-lustre/upstream-patch-review/b10b5ac9504430370516014e1f3a5577b3dbd272_ml:lustre_mainline.log)
  ml-miscvm:lustre_mainline_native: PASS (206s) (log: /var/www/ci-lustre/upstream-patch-review/b10b5ac9504430370516014e1f3a5577b3dbd272_ml-miscvm:lustre_mainline_native.log)
  ml-miscvm:boot: PASS (50s) (log: /var/www/ci-lustre/upstream-patch-review/b10b5ac9504430370516014e1f3a5577b3dbd272_ml-miscvm:boot.log)
  ml-miscvm:llmount: PASS (112s) (log: /var/www/ci-lustre/upstream-patch-review/b10b5ac9504430370516014e1f3a5577b3dbd272_ml-miscvm:llmount.log)
  ml-miscvm:llog-unit: FAIL (138s) (log: /var/www/ci-lustre/upstream-patch-review/b10b5ac9504430370516014e1f3a5577b3dbd272_ml-miscvm:llog-unit.log)
  ml-miscvm:mgs-setup: PASS (62s) (log: /var/www/ci-lustre/upstream-patch-review/b10b5ac9504430370516014e1f3a5577b3dbd272_ml-miscvm:mgs-setup.log)
  ml-miscvm:sanity-1: PASS (90s) (log: /var/www/ci-lustre/upstream-patch-review/b10b5ac9504430370516014e1f3a5577b3dbd272_ml-miscvm:sanity-1.log)
  ml-miscvm:sanity-2: PASS (92s) (log: /var/www/ci-lustre/upstream-patch-review/b10b5ac9504430370516014e1f3a5577b3dbd272_ml-miscvm:sanity-2.log)
  ml-miscvm:sanity-3: PASS (103s) (log: /var/www/ci-lustre/upstream-patch-review/b10b5ac9504430370516014e1f3a5577b3dbd272_ml-miscvm:sanity-3.log)
  ml-miscvm:sanity-4: PASS (102s) (log: /var/www/ci-lustre/upstream-patch-review/b10b5ac9504430370516014e1f3a5577b3dbd272_ml-miscvm:sanity-4.log)

Total execution time: 374s

Packed 1060 logs from /var/www/ci-lustre/upstream-patch-review into /home/ktest/ktest/local-site/local_data.js
Open /home/ktest/ktest/local-site/index.html in a browser
