CLI: ./pk --podman-socket unix:///run/podman/podman.sock --shared-filesystem /tmp --tarball-input job lustre-ci --output /var/www/ci-lustre/upstream-patch-review --git-hash b25d991c57720f441d478b4814394e8294266152 --change-id 67827_b25d991c57720f441d478b4814394e8294266152 --subject LU-20264 ptlrpc: carry a mnt_idmap in ptlrpc_request

Environment validated successfully
Note: custom LLVM is not synced in tarball input mode
Creating kernel tarball at /tmp/ktest-kernel.tar.gz...
Creating lustre tarball at /tmp/ktest-lustre.tar.gz...
Creating ZFS tarball at /tmp/ktest-zfs.tar.gz...
Executing 14 jobs
Jobs will start as soon as their dependencies are satisfied
Using tarball input mode

START al2023:al2023 build tests/fs/lustre/boot.ktest
START ml-miscvm:lustre_mainline_native build tests/fs/lustre/boot.ktest
START checkpatch:checkpatch tool checkpatch
START u24:u24 build tests/fs/lustre/boot.ktest
START ml-strict:lustre_mainline build tests/fs/lustre/boot-strict.ktest
START ml:lustre_mainline build tests/fs/lustre/boot.ktest
PUT /tmp/ktest-lustre.tar.gz 1s
PUT /tmp/ktest-lustre.tar.gz 1s
PUT /tmp/ktest-kernel.tar.gz 7s
PUT /tmp/ktest-kernel.tar.gz 7s
PUT /tmp/ktest-kernel.tar.gz 7s
PUT /tmp/ktest-kernel.tar.gz 7s
PUT /tmp/ktest-lustre.tar.gz 2s
PUT /tmp/ktest-lustre.tar.gz 2s
PUT /tmp/ktest-lustre.tar.gz 2s
PUT /tmp/ktest-lustre.tar.gz 2s
PUT /tmp/ktest-zfs.tar.gz 0s
PUT /tmp/ktest-zfs.tar.gz 0s
PUT /tmp/ktest-zfs.tar.gz 0s
END checkpatch:checkpatch tool checkpatch PASS 13s
END u24:u24 build tests/fs/lustre/boot.ktest PASS 39s
END al2023:al2023 build tests/fs/lustre/boot.ktest PASS 46s
GET /tmp/ktest_ml-strict:lustre_mainline_ehpotpwn.tar 5s
END ml-strict:lustre_mainline build tests/fs/lustre/boot-strict.ktest FAIL 204s (exit code: 1)
GET /tmp/ktest_ml-miscvm:lustre_mainline_native_gokmc8a8.tar 3s
GET /tmp/ktest_ml:lustre_mainline_1lrk4x8t.tar 2s
END ml-miscvm:lustre_mainline_native build tests/fs/lustre/boot.ktest PASS 205s
START ml-miscvm:boot run tests/fs/lustre/boot.ktest
START ml-miscvm:llmount run tests/fs/lustre/llmount.ktest
START ml-miscvm:llog-unit run tests/fs/lustre/llog-unit.ktest
START ml-miscvm:mgs-setup run tests/fs/lustre/mgs-setup.ktest
START ml-miscvm:sanity-1 run tests/fs/lustre/sanity/sanity-1.ktest
START ml-miscvm:sanity-2 run tests/fs/lustre/sanity/sanity-2.ktest
START ml-miscvm:sanity-3 run tests/fs/lustre/sanity/sanity-3.ktest
START ml-miscvm:sanity-4 run tests/fs/lustre/sanity/sanity-4.ktest
END ml:lustre_mainline build tests/fs/lustre/boot.ktest PASS 206s
PUT /tmp/ktest-kernel.tar.gz 14s
PUT /tmp/ktest-kernel.tar.gz 14s
PUT /tmp/ktest-kernel.tar.gz 14s
PUT /tmp/ktest-kernel.tar.gz 14s
PUT /tmp/ktest-kernel.tar.gz 14s
PUT /tmp/ktest-kernel.tar.gz 15s
PUT /tmp/ktest-kernel.tar.gz 15s
PUT /tmp/ktest-kernel.tar.gz 15s
PUT /tmp/ktest-lustre.tar.gz 4s
PUT /tmp/ktest-lustre.tar.gz 4s
PUT /tmp/ktest-lustre.tar.gz 4s
PUT /tmp/ktest-lustre.tar.gz 4s
PUT /tmp/ktest-lustre.tar.gz 4s
PUT /tmp/ktest-lustre.tar.gz 3s
PUT /tmp/ktest-lustre.tar.gz 5s
PUT /tmp/ktest-lustre.tar.gz 4s
PUT /tmp/ktest_ml-miscvm:lustre_mainline_native_gokmc8a8.tar 0s
PUT /tmp/ktest_ml-miscvm:lustre_mainline_native_gokmc8a8.tar 0s
PUT /tmp/ktest_ml-miscvm:lustre_mainline_native_gokmc8a8.tar 0s
PUT /tmp/ktest_ml-miscvm:lustre_mainline_native_gokmc8a8.tar 0s
PUT /tmp/ktest_ml-miscvm:lustre_mainline_native_gokmc8a8.tar 0s
PUT /tmp/ktest_ml-miscvm:lustre_mainline_native_gokmc8a8.tar 0s
PUT /tmp/ktest_ml-miscvm:lustre_mainline_native_gokmc8a8.tar 0s
PUT /tmp/ktest_ml-miscvm:lustre_mainline_native_gokmc8a8.tar 0s
END ml-miscvm:boot run tests/fs/lustre/boot.ktest PASS 32s
END ml-miscvm:mgs-setup run tests/fs/lustre/mgs-setup.ktest PASS 41s
END ml-miscvm:sanity-4 run tests/fs/lustre/sanity/sanity-4.ktest PASS 72s
END ml-miscvm:sanity-2 run tests/fs/lustre/sanity/sanity-2.ktest PASS 74s
END ml-miscvm:llmount run tests/fs/lustre/llmount.ktest PASS 79s
END ml-miscvm:sanity-1 run tests/fs/lustre/sanity/sanity-1.ktest PASS 82s
END ml-miscvm:sanity-3 run tests/fs/lustre/sanity/sanity-3.ktest PASS 84s
END ml-miscvm:llog-unit run tests/fs/lustre/llog-unit.ktest FAIL 120s (exit code: 1)

============================================================
Final Results:
  checkpatch:checkpatch: PASS (13s) (log: /var/www/ci-lustre/upstream-patch-review/b25d991c57720f441d478b4814394e8294266152_checkpatch:checkpatch.log)
  u24:u24: PASS (39s) (log: /var/www/ci-lustre/upstream-patch-review/b25d991c57720f441d478b4814394e8294266152_u24:u24.log)
  al2023:al2023: PASS (46s) (log: /var/www/ci-lustre/upstream-patch-review/b25d991c57720f441d478b4814394e8294266152_al2023:al2023.log)
  ml-strict:lustre_mainline: FAIL (204s) (log: /var/www/ci-lustre/upstream-patch-review/b25d991c57720f441d478b4814394e8294266152_ml-strict:lustre_mainline.log)
  ml:lustre_mainline: PASS (206s) (log: /var/www/ci-lustre/upstream-patch-review/b25d991c57720f441d478b4814394e8294266152_ml:lustre_mainline.log)
  ml-miscvm:lustre_mainline_native: PASS (205s) (log: /var/www/ci-lustre/upstream-patch-review/b25d991c57720f441d478b4814394e8294266152_ml-miscvm:lustre_mainline_native.log)
  ml-miscvm:boot: PASS (32s) (log: /var/www/ci-lustre/upstream-patch-review/b25d991c57720f441d478b4814394e8294266152_ml-miscvm:boot.log)
  ml-miscvm:llmount: PASS (79s) (log: /var/www/ci-lustre/upstream-patch-review/b25d991c57720f441d478b4814394e8294266152_ml-miscvm:llmount.log)
  ml-miscvm:llog-unit: FAIL (120s) (log: /var/www/ci-lustre/upstream-patch-review/b25d991c57720f441d478b4814394e8294266152_ml-miscvm:llog-unit.log)
  ml-miscvm:mgs-setup: PASS (41s) (log: /var/www/ci-lustre/upstream-patch-review/b25d991c57720f441d478b4814394e8294266152_ml-miscvm:mgs-setup.log)
  ml-miscvm:sanity-1: PASS (82s) (log: /var/www/ci-lustre/upstream-patch-review/b25d991c57720f441d478b4814394e8294266152_ml-miscvm:sanity-1.log)
  ml-miscvm:sanity-2: PASS (74s) (log: /var/www/ci-lustre/upstream-patch-review/b25d991c57720f441d478b4814394e8294266152_ml-miscvm:sanity-2.log)
  ml-miscvm:sanity-3: PASS (84s) (log: /var/www/ci-lustre/upstream-patch-review/b25d991c57720f441d478b4814394e8294266152_ml-miscvm:sanity-3.log)
  ml-miscvm:sanity-4: PASS (72s) (log: /var/www/ci-lustre/upstream-patch-review/b25d991c57720f441d478b4814394e8294266152_ml-miscvm:sanity-4.log)

Total execution time: 357s

Packed 5676 logs from /var/www/ci-lustre/upstream-patch-review into /home/ktest/ktest/local-site/local_data.js
Open /home/ktest/ktest/local-site/index.html in a browser
