CLI: ./podman-ktest --podman-socket unix:///run/podman/podman.sock --shared-filesystem /tmp --tarball-input job mainline-lockdep --output /var/www/ci-lustre/upstream-patch-review --git-hash b2ddd9cfb68f23dfb77fe94569643732bc49d61d_mainline-lockdep --change-id master-next_b2ddd9cfb68f23dfb77fe94569643732bc49d61d_mainline-lockdep --subject [mainline-lockdep] Staging branch for new changes

Environment validated successfully
Note: custom LLVM is not synced in tarball input mode
Creating kernel tarball at /tmp/ktest-kernel.tar.gz...
Creating lustre tarball at /tmp/ktest-lustre.tar.gz...
Creating ZFS tarball at /tmp/ktest-zfs.tar.gz...
Executing 11 jobs
Jobs will start as soon as their dependencies are satisfied
Using tarball input mode

START ml-lockdep-llmount:lustre_mainline build tests/fs/lustre/lockdep-llmount.ktest
START ml-lockdep-miscvm:lustre_mainline_native build tests/fs/lustre/lockdep-boot.ktest
PUT /tmp/ktest-kernel.tar.gz 5s
PUT /tmp/ktest-kernel.tar.gz 5s
PUT /tmp/ktest-lustre.tar.gz 1s
PUT /tmp/ktest-lustre.tar.gz 0s
PUT /tmp/ktest-zfs.tar.gz 0s
PUT /tmp/ktest-zfs.tar.gz 0s
GET /tmp/ktest_ml-lockdep-miscvm:lustre_mainline_native_w8kjehak.tar 0s
GET /tmp/ktest_ml-lockdep-llmount:lustre_mainline_yr67j2fq.tar 0s
END ml-lockdep-miscvm:lustre_mainline_native build tests/fs/lustre/lockdep-boot.ktest PASS 153s
START ml-lockdep-miscvm:boot run tests/fs/lustre/lockdep-boot.ktest
START ml-lockdep-miscvm:llmount run tests/fs/lustre/lockdep-llmount.ktest
START ml-lockdep-miscvm:llog-unit run tests/fs/lustre/lockdep-llog-unit.ktest
START ml-lockdep-miscvm:mgs-setup run tests/fs/lustre/lockdep-mgs-setup.ktest
START ml-lockdep-miscvm:sanity-1 run tests/fs/lustre/sanity/lockdep-sanity-1.ktest
START ml-lockdep-miscvm:sanity-2 run tests/fs/lustre/sanity/lockdep-sanity-2.ktest
START ml-lockdep-miscvm:sanity-3 run tests/fs/lustre/sanity/lockdep-sanity-3.ktest
START ml-lockdep-miscvm:sanity-4 run tests/fs/lustre/sanity/lockdep-sanity-4.ktest
END ml-lockdep-llmount:lustre_mainline build tests/fs/lustre/lockdep-llmount.ktest PASS 154s
START ml-lockdep-llmount:boot run tests/fs/lustre/lockdep-llmount.ktest
PUT /tmp/ktest-kernel.tar.gz 42s
PUT /tmp/ktest-kernel.tar.gz 43s
PUT /tmp/ktest-kernel.tar.gz 42s
PUT /tmp/ktest-kernel.tar.gz 43s
PUT /tmp/ktest-kernel.tar.gz 43s
PUT /tmp/ktest-kernel.tar.gz 43s
PUT /tmp/ktest-kernel.tar.gz 43s
PUT /tmp/ktest-kernel.tar.gz 43s
PUT /tmp/ktest-kernel.tar.gz 44s
PUT /tmp/ktest-lustre.tar.gz 12s
PUT /tmp/ktest-lustre.tar.gz 12s
PUT /tmp/ktest-lustre.tar.gz 11s
PUT /tmp/ktest-lustre.tar.gz 12s
PUT /tmp/ktest-lustre.tar.gz 11s
PUT /tmp/ktest-lustre.tar.gz 12s
PUT /tmp/ktest-lustre.tar.gz 12s
PUT /tmp/ktest-lustre.tar.gz 11s
PUT /tmp/ktest-lustre.tar.gz 12s
PUT /tmp/ktest_ml-lockdep-miscvm:lustre_mainline_native_w8kjehak.tar 0s
PUT /tmp/ktest_ml-lockdep-miscvm:lustre_mainline_native_w8kjehak.tar 1s
PUT /tmp/ktest_ml-lockdep-miscvm:lustre_mainline_native_w8kjehak.tar 1s
PUT /tmp/ktest_ml-lockdep-miscvm:lustre_mainline_native_w8kjehak.tar 1s
PUT /tmp/ktest_ml-lockdep-miscvm:lustre_mainline_native_w8kjehak.tar 1s
PUT /tmp/ktest_ml-lockdep-miscvm:lustre_mainline_native_w8kjehak.tar 1s
PUT /tmp/ktest_ml-lockdep-llmount:lustre_mainline_yr67j2fq.tar 1s
PUT /tmp/ktest_ml-lockdep-miscvm:lustre_mainline_native_w8kjehak.tar 1s
PUT /tmp/ktest_ml-lockdep-miscvm:lustre_mainline_native_w8kjehak.tar 1s
END ml-lockdep-miscvm:boot run tests/fs/lustre/lockdep-boot.ktest PASS 100s
END ml-lockdep-miscvm:mgs-setup run tests/fs/lustre/lockdep-mgs-setup.ktest FAIL 111s (exit code: 1)
END ml-lockdep-miscvm:sanity-2 run tests/fs/lustre/sanity/lockdep-sanity-2.ktest FAIL 142s (exit code: 1)
END ml-lockdep-miscvm:sanity-1 run tests/fs/lustre/sanity/lockdep-sanity-1.ktest FAIL 145s (exit code: 1)
END ml-lockdep-miscvm:sanity-4 run tests/fs/lustre/sanity/lockdep-sanity-4.ktest FAIL 147s (exit code: 1)
END ml-lockdep-miscvm:sanity-3 run tests/fs/lustre/sanity/lockdep-sanity-3.ktest FAIL 150s (exit code: 1)
END ml-lockdep-miscvm:llmount run tests/fs/lustre/lockdep-llmount.ktest FAIL 152s (exit code: 1)
END ml-lockdep-llmount:boot run tests/fs/lustre/lockdep-llmount.ktest FAIL 152s (exit code: 1)
END ml-lockdep-miscvm:llog-unit run tests/fs/lustre/lockdep-llog-unit.ktest FAIL 216s (exit code: 1)

============================================================
Final Results:
  ml-lockdep-llmount:lustre_mainline: PASS (154s) (log: /var/www/ci-lustre/upstream-patch-review/b2ddd9cfb68f23dfb77fe94569643732bc49d61d_mainline-lockdep_ml-lockdep-llmount:lustre_mainline.log)
  ml-lockdep-llmount:boot: FAIL (152s) (log: /var/www/ci-lustre/upstream-patch-review/b2ddd9cfb68f23dfb77fe94569643732bc49d61d_mainline-lockdep_ml-lockdep-llmount:boot.log)
  ml-lockdep-miscvm:lustre_mainline_native: PASS (153s) (log: /var/www/ci-lustre/upstream-patch-review/b2ddd9cfb68f23dfb77fe94569643732bc49d61d_mainline-lockdep_ml-lockdep-miscvm:lustre_mainline_native.log)
  ml-lockdep-miscvm:boot: PASS (100s) (log: /var/www/ci-lustre/upstream-patch-review/b2ddd9cfb68f23dfb77fe94569643732bc49d61d_mainline-lockdep_ml-lockdep-miscvm:boot.log)
  ml-lockdep-miscvm:llmount: FAIL (152s) (log: /var/www/ci-lustre/upstream-patch-review/b2ddd9cfb68f23dfb77fe94569643732bc49d61d_mainline-lockdep_ml-lockdep-miscvm:llmount.log)
  ml-lockdep-miscvm:llog-unit: FAIL (216s) (log: /var/www/ci-lustre/upstream-patch-review/b2ddd9cfb68f23dfb77fe94569643732bc49d61d_mainline-lockdep_ml-lockdep-miscvm:llog-unit.log)
  ml-lockdep-miscvm:mgs-setup: FAIL (111s) (log: /var/www/ci-lustre/upstream-patch-review/b2ddd9cfb68f23dfb77fe94569643732bc49d61d_mainline-lockdep_ml-lockdep-miscvm:mgs-setup.log)
  ml-lockdep-miscvm:sanity-1: FAIL (145s) (log: /var/www/ci-lustre/upstream-patch-review/b2ddd9cfb68f23dfb77fe94569643732bc49d61d_mainline-lockdep_ml-lockdep-miscvm:sanity-1.log)
  ml-lockdep-miscvm:sanity-2: FAIL (142s) (log: /var/www/ci-lustre/upstream-patch-review/b2ddd9cfb68f23dfb77fe94569643732bc49d61d_mainline-lockdep_ml-lockdep-miscvm:sanity-2.log)
  ml-lockdep-miscvm:sanity-3: FAIL (150s) (log: /var/www/ci-lustre/upstream-patch-review/b2ddd9cfb68f23dfb77fe94569643732bc49d61d_mainline-lockdep_ml-lockdep-miscvm:sanity-3.log)
  ml-lockdep-miscvm:sanity-4: FAIL (147s) (log: /var/www/ci-lustre/upstream-patch-review/b2ddd9cfb68f23dfb77fe94569643732bc49d61d_mainline-lockdep_ml-lockdep-miscvm:sanity-4.log)

Total execution time: 400s
