00003 
00008 RDSEED32 is broken. Disabling the corresponding CPUID bit.
00014 init: failed to load nvme_core
00014 init: failed to load nvme
00014 init: failed to load zfs
00016 LNetError: 1:0:(lib-socket.c:619:lnet_inet_enumerate()) lnet: Can't find any usable interfaces, rc = -ENOENT
00016 LNetError: Error -100 starting up LNI tcp
00016 LustreError: 1:0:(events.c:627:ptlrpc_init_portals()) network initialisation failed: rc = -100
00016 init: finit_module /lib/modules/7.0.0-ktest-b2ddd9c-6330a45-20260728-dirty/updates/ptlrpc.ko: Network is down
00016 init: failed to load lustre
00016 init: failed to load osd_zfs
00016 init: failed to load iwlwifi
00016 init: failed to load iwlmvm
00016 init: failed to load mt7921e
00016 init: failed to load i915
00016 init: failed to load nouveau
00031 Kernel version: 7.0.0-ktest-b2ddd9c-6330a45-20260728-dirty
00032 hook init_noop
00032 
00032 Running tests sanity-quick
00032 
00032 ========= TEST   sanity-quick
00033 0a 0b 0c 0d 0e 1 2 3 4 5 6a 6c 6e 6g 6h 6i 7a 7b 8 9 10 11 12 13 14 15 16 17a 17b 17c 17d 17e 17f 17g 17h 17i 17k 17l 17m 17n 17o 17p 17q 18 19a 19b 19c 19d 20 21 22 23a 23b 23c 23d 24a 24b 24c 24d 24e 24f 24g 24h 24i 24j 24k 24l 24m 24n 24o 24p 24q 24r 24s 24t 24u 24v 24w 24x 24y 24z 24A 24B 24C 24E 24F 24G 24H 24I 25a 25b 26a 26b 26c 26d 26e 26f 27a 27b 27ca 27cb 27cc 27cd 27ce 27cf 27cg 27d 27e 27f 27g 27ga 27i 27j 27k 27l 27m 27n 27o 27oo 27p 27q 27r 27s 27t 27u 27v 27w 27wa 27x 27y 27z 27A 27B 27Ca 27Cb 27Cc 27Cd 27Ce 27Cf 27Cg 27Ci 27Cj 27D 27E 27F 27G 27H 27I 27Ia 27J 27K 27Ke 27L 27M 27N 27O 27P 27Q 27R 27T 27U 27V 27W 27X 28 29 30a 30b 30c 30d 31a 31b 31c 31d 31e 31f 31g 31h 31i 31j 31k 31l 31m 31n 31o 31p 31q 31r 32a 32b 32c 32d 32e 32f 32g 32h 32i 32j 32k 32l 32m 32n 32o 32p 32q 32r 33aa 33a 33b 33c 33d 33e 33f 33g 33h 33hh 33i 33j 34a 34b 34c 34d 34e 34f 34g 34h 35a 36a 36b 36c 36d 36e 36f 36g 36h 36i 38 39a 39b 39c 39d 39e 39f 39g 39h 39i 39j 39k 39l 39m 39n 39o 39p 39r 39q 39s 39u 40 41 42a 42b 42c 42d 42e 43A 43a 43b 43c 44A 44a 44b 44c 44d 44e 44f 44g 45 46 48a 48b 48c 48d 48e 48f 49a 49b 49c 50 51a 51b 51c 51d 51e 51f 52a 52b 53 54a 54b 54c 54d 54e 55a 55b 55c 56a 56b 56bb 56bc 56bd 56c 56ca 56d 56e 56g 56h 56i 56ib 56j 56k 56l 56m 56n 56o 56ob 56oc 56od 56oe 56p 56q 56r 56ra 56rb 56rc 56rd 56re 56rf 56s 56t 56u 56v 56wa 56wb 56wc 56wd 56we 56x 56xB 56xC 56xD 56xa 56xab 56xb 56xc 56xd 56xe 56xf 56xg 56xh 56xi 56xj 56xk 56xl 56y 56z 56Aa 56ab 56aca 56acb 56acc 56Ba 56Ca 56Da 56Db 56Dc 56Dd 56Ea 56Eaa 56Eab 56Eb 56Ebb 56Ec 56Ed 56Eda 56Edb 56Ef 56Eg 56Eh 56Ei 56Ej 56Ek 57a 57b 58 59 60a 60b 60c 60d 60e 60f 60g 60h 60i 60j 61a 61b 63a 63b 63c 64a 64b 64c 64d 64e 64f 64g 64h 64i 64j 65a 65b 65c 65d 65e 65f 65g 65h 65i 65j 65k 65l 65m 65n 65o 65p 65q 65r 66 69 70a 71 72a 72b 73 74a 74b 74c 76a 76b 77a 77b 77c 77d 77f 77g 77k 77l 77m 77n 77o 78 79 80 81a 81b 99 100 101a 101b 101c 101d 101e 101f 101g 101h 101i 101j 101m 102a 102b 102c 102d 102f 102h 102ha 102i 102j 102k 102l 102m 102n 102p 102q 102r 102s 102t 103a 103b 103c 103e 103f 103g 104a 104b 104c 104d 105a 105b 105c 105d 105e 105f 105g 105h 105i 106 107 110 116a 116b 117 118a 118b 118c 118d 118f 118g 118h 118i 118j 118k 118l 118m 118n 119a 119b 119c 119e 119f 119g 119h 119i 119j 119k 119m 119n 119o 119p 119q 119r 120a 120b 120c 120d 120e 120f 120g 121 123aa 123ab 123ac 123ad 123b 123c 123d 123e 123f 123g 123h 123i 123j 123k 123l 124a 124b 124c 124d 124e 124f 124g 125 126 127a 127b 127c 127d 127e 127f 128 129 130a 130b 130c 130d 130e 130f 130g 130h 130i 131a 131b 131c 131d 131e 133a 133b 133c 133d 133e 133f 133g 133h 134a 134b 134c 135 136 140 150a 150b 150bb 150c 150d 150e 150f 150g 150h 150ia 150ib 150ic 150id 151 152 153 154A 154B 154C 154a 154b 154c 154d 154db 154e 154ea 154f 154g 154h 154i 154j 155a 155b 155c 155d 155e 155f 155g 155h 156 157a 157b 160a 160b 160c 160d 160e 160f 160g 160h 160i 160j 160k 160l 160m 160n 160o 160p 160q 160s 160t 160u 160v 160w 160x 161a 161b 161c 161d 162a 162b 162c 165a 165b 165c 165d 165e 165f 165g 169 170a 170b 171 172 180a 180b 180c 181 182a 182b 183 184a 184b 184c 184d 184e 184f 185 185a 187a 187b 190a 190b 190c 200 204a 204b 204c 204d 204e 204f 204g 204h 205a 205b 205c 205d 205e 205f 205g 205h 205i 205k 205l 205m 206 207a 207b 208 209 210 212 213 214 215 216 217 218 219 220 221 222a 222b 223 224a 224b 224c 224d 225a 225b 226a 226b 226c 226d 226e 227 228a 228b 228c 229 230a 230b 230c 230d 230e 230f 230g 230h 230i 230j 230k 230l 230m 230n 230o 230p 230q 230r 230s 230t 230u 230v 230w 230x 230y 230z 230A 230B 231a 231b 232a 232b 233a 233b 234 235 236 238 239A 239a 239b 240 241a 241b 242 243 244a 244b 245a 245b 247a 247b 247c 247d 247e 247f 247g 247h 248a 248b 248c 248d 249 250 251a 252 253 254 255a 255b 255c 256 257 258a 258b 259 260 270a 270b 270c 270d 270e 270f 270g 270h 270i 270j 271a 271b 271ba 271c 271d 271f 271g 272a 272b 272c 272d 272e 272f 273a 273b 273c 275 276 277 278 280 300a 300b 300c 300d 300e 300f 300g 300h 300i 300j 300k 300l 300m 300n 300ne 300o 300p 300q 300r 300s 300t 300ua 300ub 300uc 300ud 300ue 300uf 300ug 300uh 300ui 300uj 310a 310b 310c 311 312 313 314 315 316 317 318 319 350 398a 398b 398c 398d 398e 398f 398g 398h 398i 398j 398k 398l 398m 398n 398o 398p 398q 398r 398s 398t 398u 399a 399b 400a 400b 401a 401aa 401ab 401ac 401ad 401b 401c 401d 401db 401e 401fa 401fb 401ga 401gb 401gc 401gd 402 403 404 405 406 407 408 409 410 411a 411b 412 413A 413a 413b 413c 413d 413e 413f 413g 413h 413i 413j 413k 413l 413z 414 415 416 417 418 419 420 421a 421b 421c 421d 421e 421f 421g 421h 422 423 424 425 426 427 428 429 430a 430b 430c 431 432 433 434 440 442 460d 600a 600b 600c 600d 801a 801b 801c 802b 802c 803a 803b 804 805 806 807a 807b 808 809 810 812a 812b 812c 813 814 815 816 817 818 819a 819b 820 823 831 832 833 834 842 850 851 852 853 854 855 860 900 901 902 903 904 905 906 907 908a 908b 909 910 911 912 913 914 920
00033 10 11 12 13 14 15 16 17a 17b 17c
00033 10,11,12,13,14,15,16,17a,17b,17c
00039 SETUP LUSTRE ... LNet: Added LNI 10.0.2.15@tcp [8/256/0/180]
00041 Lustre: Echo OBD driver; http://www.lustre.org/
00042 
00042 ============================================
00042 WARNING: possible recursive locking detected
00042 7.0.0-ktest-b2ddd9c-6330a45-20260728-dirty #1 Tainted: G           O       
00042 --------------------------------------------
00042 lustre-ktest/1775 is trying to acquire lock:
00042 ffff8881196f03f0 (sb_writers#11){.+.+}-{0:0}, at: kernel_write+0xf4/0x300
00042 
00042 but task is already holding lock:
00042 ffff8881196f03f0 (sb_writers#11){.+.+}-{0:0}, at: local_oid_storage_init+0x120d/0x2420 [obdclass]
00042 
00042 other info that might help us debug this:
00042  Possible unsafe locking scenario:
00042 
00042        CPU0
00042        ----
00042   lock(sb_writers#11);
00042   lock(sb_writers#11);
00042 
00042  *** DEADLOCK ***
00042 
00042  May be due to missing lock nesting notation
00042 
00042 4 locks held by lustre-ktest/1775:
00042  #0: ffff8881370ec0e0 (&type->s_umount_key#42/1){+.+.}-{4:4}, at: alloc_super+0x181/0x850
00042  #1: ffff888133168dd8 (&ls->ls_los_mutex){+.+.}-{4:4}, at: local_oid_storage_init+0x1b7/0x2420 [obdclass]
00042  #2: ffff8881196f03f0 (sb_writers#11){.+.+}-{0:0}, at: local_oid_storage_init+0x120d/0x2420 [obdclass]
00042  #3: ffff88813316b0b0 (&obj->oo_dt.dd_sem){+.+.}-{4:4}, at: dt_write_lock+0x16d/0x2a0 [obdclass]
00042 
00042 stack backtrace:
00042 CPU: 3 UID: 0 PID: 1775 Comm: lustre-ktest Tainted: G           O        7.0.0-ktest-b2ddd9c-6330a45-20260728-dirty #1 PREEMPT 
00042 Tainted: [O]=OOT_MODULE
00042 Hardware name: QEMU Standard PC (Q35 + ICH9, 2009), BIOS 2025.11-3ubuntu7 03/31/2026
00042 Call Trace:
00042  <TASK>
00042  dump_stack_lvl+0x6d/0xa0
00042  print_deadlock_bug+0x273/0x290
00042  __lock_acquire+0x128f/0x2a30
00042  lock_acquire+0xe7/0x2a0
00042  ? kernel_write+0xf4/0x300
00042  sb_start_write+0x42/0x130
00042  ? kernel_write+0xf4/0x300
00042  kernel_write+0xf4/0x300
00042  ? alloc_file_pseudo+0x114/0x180
00042  osd_write+0x4a2/0x720 [osd_wbcfs]
00042  dt_record_write+0xea/0x3e0 [obdclass]
00042  local_oid_storage_init+0x19c0/0x2420 [obdclass]
00042  mgs_fs_setup+0x206/0x1140 [mgs]
00042  ? ldlm_namespace_new+0x16a3/0x1f10 [ptlrpc]
00042  mgs_device_alloc+0x1097/0x2590 [mgs]
00042  ? keys_fill+0x3c7/0x420 [obdclass]
00042  ? lu_context_init+0x2c4/0x3b0 [obdclass]
00042  obd_setup+0x26d/0x970 [obdclass]
00042  class_setup+0xc7d/0x10e0 [obdclass]
00042  lustre_start_simple+0xe68/0x1b50 [obdclass]
00042  server_fill_super+0x1852/0x2f70 [ptlrpc]
00042  ? lustre_init_lsi+0x330/0x6c0 [obdclass]
00042  lustre_tgt_fill_super+0x273/0x730 [ptlrpc]
00042  ? lustre_tgt_get_tree+0x20/0x20 [ptlrpc]
00042  get_tree_nodev+0x9e/0x110
00042  vfs_get_tree+0x86/0x200
00042  do_new_mount+0x1ee/0xa10
00042  __x64_sys_mount+0x2a9/0x350
00042  do_syscall_64+0xda/0x430
00042  ? entry_SYSCALL_64_after_hwframe+0x4b/0x53
00042  entry_SYSCALL_64_after_hwframe+0x4b/0x53
00042 RIP: 0033:0x55cf4f04a066
00042 Code: 60 83 fb 01 41 89 de 41 83 d6 00 44 89 74 24 68 b8 a5 00 00 00 4c 89 e7 48 89 ee 48 8b 54 24 18 45 31 d2 4c 8b 44 24 10 0f 05 <48> 3d 01 f0 ff ff 0f 82 89 02 00 00 f7 d8 89 44 24 28 44 89 f0 ff
00042 RSP: 002b:00007ffe90db09b0 EFLAGS: 00000246 ORIG_RAX: 00000000000000a5
00042 RAX: ffffffffffffffda RBX: 0000000000000000 RCX: 000055cf4f04a066
00042 RDX: 000055cf6876f8f0 RSI: 000055cf6876fc00 RDI: 000055cf6876f7a0
00042 RBP: 000055cf6876fc00 R08: 000055cf6876f730 R09: 0000000000000060
00042 R10: 0000000000000000 R11: 0000000000000246 R12: 000055cf6876f7a0
00042 R13: 00007ffe90db0bc8 R14: 0000000000000001 R15: 000000000000000d
00042  </TASK>
00042 Lustre: 1794:0:(mdt_handler.c:64:mdt_max_mod_rpcs_per_client_set()) max_mod_rpcs_per_client is deprecated, set mdt.*.max_mod_rpcs_in_flight parameter instead
00043 Lustre: ctl-lustre-MDT0000: No data found on store. Initialize space.
00043 Lustre: lustre-MDT0000: new disk, initializing
00043 Lustre: lustre-MDT0000: Imperative Recovery not enabled, recovery window 300-900
00043 Lustre: ctl-lustre-MDT0000: super-sequence allocation rc = 0 [0x0000000200000400-0x0000000240000400]:0:mdt
00043 Lustre: cli-ctl-lustre-MDT0001: Allocated super-sequence [0x0000000240000400-0x0000000280000400]:1:mdt]
00043 LustreError: 1836:0:(osd_dirent.c:113:osd_index_dir_insert()) lustre-MDT0000: lookup [0x240000400:0x2:0x0] from icache failed: rc=-22
00043 Lustre: 1836:0:(out_handler.c:886:out_tx_end()) lustre-MDT0000-osd: error during execution of #0 from lustre/ptlrpc/../target/out_handler.c:535: rc = -22
00043 LustreError: 1844:0:(mdt_handler.c:8434:mdt_trash_setup_thread()) lustre-MDT0001: Trash dir setup failed: rc = -22
00043 Lustre: lustre-OST0000: new disk, initializing
00043 Lustre: Skipped 1 previous similar message
00043 Lustre: srv-lustre-OST0000: No data found on store. Initialize space.
00043 Lustre: Skipped 2 previous similar messages
00043 Lustre: lustre-OST0000: Imperative Recovery not enabled, recovery window 300-900
00043 Lustre: Skipped 1 previous similar message
00043 LustreError: 1836:0:(osd_dirent.c:113:osd_index_dir_insert()) lustre-MDT0000: lookup [0x240000400:0x30:0x0] from icache failed: rc=-22
00043 LustreError: 1836:0:(osd_dirent.c:113:osd_index_dir_insert()) Skipped 42 previous similar messages
00043 Lustre: 1836:0:(out_handler.c:886:out_tx_end()) lustre-MDT0000-osd: error during execution of #0 from lustre/ptlrpc/../target/out_handler.c:535: rc = -22
00043 Lustre: 1836:0:(out_handler.c:886:out_tx_end()) Skipped 42 previous similar messages
00043 LustreError: 1844:0:(mdt_handler.c:8434:mdt_trash_setup_thread()) lustre-MDT0001: Trash dir setup failed: rc = -22
00043 LustreError: 1844:0:(mdt_handler.c:8434:mdt_trash_setup_thread()) Skipped 43 previous similar messages
00044 LustreError: 1878:0:(osd_dirent.c:113:osd_index_dir_insert()) lustre-MDT0000: lookup [0x240000400:0xeb:0x0] from icache failed: rc=-22
00044 LustreError: 1878:0:(osd_dirent.c:113:osd_index_dir_insert()) Skipped 186 previous similar messages
00044 Lustre: 1878:0:(out_handler.c:886:out_tx_end()) lustre-MDT0000-osd: error during execution of #0 from lustre/ptlrpc/../target/out_handler.c:535: rc = -22
00044 Lustre: 1878:0:(out_handler.c:886:out_tx_end()) Skipped 186 previous similar messages
00044 LustreError: 1844:0:(mdt_handler.c:8434:mdt_trash_setup_thread()) lustre-MDT0001: Trash dir setup failed: rc = -22
00044 LustreError: 1844:0:(mdt_handler.c:8434:mdt_trash_setup_thread()) Skipped 186 previous similar messages
00046 LustreError: 1836:0:(osd_dirent.c:113:osd_index_dir_insert()) lustre-MDT0000: lookup [0x240000400:0x336:0x0] from icache failed: rc=-22
00046 LustreError: 1836:0:(osd_dirent.c:113:osd_index_dir_insert()) Skipped 586 previous similar messages
00046 Lustre: 1836:0:(out_handler.c:886:out_tx_end()) lustre-MDT0000-osd: error during execution of #0 from lustre/ptlrpc/../target/out_handler.c:535: rc = -22
00046 Lustre: 1836:0:(out_handler.c:886:out_tx_end()) Skipped 586 previous similar messages
00046 LustreError: 1844:0:(mdt_handler.c:8434:mdt_trash_setup_thread()) lustre-MDT0001: Trash dir setup failed: rc = -22
00046 LustreError: 1844:0:(mdt_handler.c:8434:mdt_trash_setup_thread()) Skipped 586 previous similar messages
00050 LustreError: 1878:0:(osd_dirent.c:113:osd_index_dir_insert()) lustre-MDT0000: lookup [0x240000400:0x8b5:0x0] from icache failed: rc=-22
00050 LustreError: 1878:0:(osd_dirent.c:113:osd_index_dir_insert()) Skipped 1405 previous similar messages
00050 Lustre: 1878:0:(out_handler.c:886:out_tx_end()) lustre-MDT0000-osd: error during execution of #0 from lustre/ptlrpc/../target/out_handler.c:535: rc = -22
00050 Lustre: 1878:0:(out_handler.c:886:out_tx_end()) Skipped 1405 previous similar messages
00050 LustreError: 1844:0:(mdt_handler.c:8434:mdt_trash_setup_thread()) lustre-MDT0001: Trash dir setup failed: rc = -22
00050 LustreError: 1844:0:(mdt_handler.c:8434:mdt_trash_setup_thread()) Skipped 1405 previous similar messages
00051 Lustre: ctl-lustre-MDT0000: super-sequence allocation rc = 0 [0x0000000280000400-0x00000002c0000400]:0:ost
00051 Lustre: Skipped 1 previous similar message
00051 Lustre: cli-lustre-OST0000-super: Allocated super-sequence [0x0000000280000400-0x00000002c0000400]:0:ost]
00051 Lustre: lustre-OST0001-osc-MDT0000: update sequence from 0x100010000 to 0x2c0000401
00056 Lustre: lustre-OST0000-osc-MDT0000: update sequence from 0x100000000 to 0x280000401
00056 Lustre: lustre-MDT0000: local client f8926488-a6bc-436d-8cca-95d99f667687 w/o recovery
00056 Lustre: client wants to enable acl, but mdt not!
00056 Lustre: Mounted lustre-client - version 2.17.56_77_gb2ddd9c
00056 lustre-ktest (1775) used greatest stack depth: 24072 bytes left
00056 23s
00056 /host/home/ktest/git/lustre-release/lustre/tests/test-framework.sh: line 6982: cd: HOME not set
00056 /host/home/ktest/git/lustre-release/lustre/tests/test-framework.sh: line 6982: cd: HOME not set
00056 /host/home/ktest/git/lustre-release/lustre/tests/test-framework.sh: line 6982: cd: HOME not set
00058 MGS_OS_VERSION_ID=24.04
00058 MGS_OS_ID=ubuntu
00058 MGS_OS_VERSION_CODE=402915328
00058 MGS_OS_ID_LIKE=debian ubuntu
00058 MDS1_OS_ID=ubuntu
00058 MDS1_OS_VERSION_CODE=402915328
00058 MDS1_OS_ID_LIKE=debian ubuntu
00058 MDS1_OS_VERSION_ID=24.04
00058 OST1_OS_VERSION_ID=24.04
00058 OST1_OS_VERSION_CODE=402915328
00058 OST1_OS_ID=ubuntu
00058 OST1_OS_ID_LIKE=debian ubuntu
00058 LustreError: 1879:0:(osd_dirent.c:113:osd_index_dir_insert()) lustre-MDT0000: lookup [0x240000400:0x1301:0x0] from icache failed: rc=-22
00058 LustreError: 1879:0:(osd_dirent.c:113:osd_index_dir_insert()) Skipped 2634 previous similar messages
00058 Lustre: 1879:0:(out_handler.c:886:out_tx_end()) lustre-MDT0000-osd: error during execution of #0 from lustre/ptlrpc/../target/out_handler.c:535: rc = -22
00058 Lustre: 1879:0:(out_handler.c:886:out_tx_end()) Skipped 2634 previous similar messages
00058 LustreError: 1844:0:(mdt_handler.c:8434:mdt_trash_setup_thread()) lustre-MDT0001: Trash dir setup failed: rc = -22
00058 LustreError: 1844:0:(mdt_handler.c:8434:mdt_trash_setup_thread()) Skipped 2634 previous similar messages
00058 CLIENT_OS_VERSION_ID=24.04
00058 CLIENT_OS_ID_LIKE=debian ubuntu
00058 CLIENT_OS_ID=ubuntu
00058 CLIENT_OS_VERSION_CODE=402915328
00059 Started at Tue Jul 28 04:18:08 UTC 2026
00060 localhost.localdomain: executing check_logdir /tmp/test_logs/2026-07-28/041805
00060 Lustre: DEBUG MARKER: localhost.localdomain: executing check_logdir /tmp/test_logs/2026-07-28/041805
00060 Logging to shared log directory: /tmp/test_logs/2026-07-28/041805
00061 localhost.localdomain: executing yml_node
00062 Lustre: DEBUG MARKER: localhost.localdomain: executing yml_node
00063 Client: 2.17.56.77
00063 Lustre: DEBUG MARKER: Client: 2.17.56.77
00063 MDS: 2.17.56.77
00063 Lustre: DEBUG MARKER: MDS: 2.17.56.77
00064 OSS: 2.17.56.77
00064 Lustre: DEBUG MARKER: OSS: 2.17.56.77
00064 running: sanity ONLY=10 11 12 13 14 15 16 17a 17b 17c 
00064 run_suite sanity /host/home/ktest/git/lustre-release/lustre/tests/sanity.sh
00064 -----============= acceptance-small: sanity ============----- Tue Jul 28 04:18:14 UTC 2026
00064 Lustre: DEBUG MARKER: -----============= acceptance-small: sanity ============----- Tue Jul 28 04:18:14 UTC 2026
00064 Running: bash /host/home/ktest/git/lustre-release/lustre/tests/sanity.sh
00066 MGS_OS_VERSION_ID=24.04
00066 MGS_OS_ID=ubuntu
00066 MGS_OS_VERSION_CODE=402915328
00066 MGS_OS_ID_LIKE=debian ubuntu
00066 MDS1_OS_ID=ubuntu
00066 MDS1_OS_VERSION_CODE=402915328
00066 MDS1_OS_ID_LIKE=debian ubuntu
00066 MDS1_OS_VERSION_ID=24.04
00066 OST1_OS_VERSION_ID=24.04
00066 OST1_OS_VERSION_CODE=402915328
00066 OST1_OS_ID=ubuntu
00066 OST1_OS_ID_LIKE=debian ubuntu
00066 CLIENT_OS_VERSION_ID=24.04
00066 CLIENT_OS_ID_LIKE=debian ubuntu
00066 CLIENT_OS_ID=ubuntu
00066 CLIENT_OS_VERSION_CODE=402915328
00067 localhost.localdomain: /host/home/ktest/git/lustre-release/lustre/tests/except/sanity.ex
00067 - see CLIENT_VERSION > v2_15_63-134-gdacc4b6d38 (34682957 > 34553734) for LU-15963, go 312
00067 - see CLIENT_VERSION > v2_15_63-239-gab4ede45b4 (34682957 > 34553839) for LU-17856, go 56wa 56xe
00067 - see CLIENT_VERSION > v2_16_54-54-ga2e3a2f5a3 (34682957 > 34616886) for LU-14590, go 0d
00067 - see CLIENT_VERSION >= v2_15_7-16-gab522d54ad (34682957 >= 34539280) for LU-16203, go 60i
00067 - see CLIENT_VERSION >= v2_17_50-196-g63ee4af3bb (34682957 >= 34681540) for LU-19620, go 60b
00067 - see CLIENT_VERSION >= v2_17_50-34-g089f438ba9 (34682957 >= 34681378) for LU-19692, go 77k
00067 - see CLIENT_VERSION >= v2_17_50-71-g2cbe29c282 (34682957 >= 34681415) for LU-19644, go 150ib
00067 - see CLIENT_VERSION >= v2_17_50-72-ge1f272796c (34682957 >= 34681416) for LU-19743, go 27z
00067 - see CLIENT_VERSION >= v2_17_52-99-g84242c4358 (34682957 >= 34681955) for LU-20010, go 56aa
00067 - see CLIENT_VERSION >= v2_17_55-19-g2868627130 (34682957 >= 34682643) for LU-20435, go 430a
00067 - need MDS1_VERSION < v2_14_55-100-g8a84c7f9c7 (34682957 < 34486116) for LU-14927, skip 0f
00067 Lustre: DEBUG MARKER: - need MDS1_VERSION < v2_14_55-100-g8a84c7f9c7 (34682957 < 34486116) for LU-14927, skip 0f
00067 - need MDS1_VERSION <= 2.16.61-1-g89cf292a8c2 (34682957 <= 34618625) for LU-18938, skip 360
00067 Lustre: DEBUG MARKER: - need MDS1_VERSION <= 2.16.61-1-g89cf292a8c2 (34682957 <= 34618625) for LU-18938, skip 360
00067 - see MDS1_VERSION <= CLIENT_VERSION (34682957 <= 34682957) for LU-18562, go 270a
00067 - need OST1_VERSION < v2_17_50-410-gbd8e7b9555 (34682957 < 34681754) for LU-12550, skip 216
00068 Lustre: DEBUG MARKER: - need OST1_VERSION < v2_17_50-410-gbd8e7b9555 (34682957 < 34681754) for LU-12550, skip 216
00068 excepting tests: 442 460d 600a 600b 600c 600d_base 600d 801a 801b 801c 802b 802c 803a 803b 804 805 806 807a 807b 808 809 810 812a 812b 812c 813 814 815 816 817 818 819a 819b 820 823 831 832 833 834 842 850 851 852 853 854 855 860 900 901 902 903 904 905 906 907 908a 908b 909 910 911 912 913 914 920 42a 42c 42b 118c 118d 407 119i 216 817 0f 27A 53 66 270a 119e 119f 119g 119h 156 17o 27oo 27z 27F 60a 64i 232 257 278 280 427 801c 818 820 17a 17b 17e 17g 17i 17p 21 25a 25b 26a 26c 26d 26e 26f 27ga 27Q 28 32e 32f 32g 32h 32m 32n 32o 32p 48a 54a 54c 54d 56l 56m 56n 56rd 56xb 56Eb 56eg 56eh 56ei 133a 140 170b 162a 226a 27p 27q 34a 31g 31l 31m 36g 44f 130a 130b 130c 130d 130e 130i 430a 51b 56ab 81b 220 413 418 806 52a 52b 102a 102h 102i 102r 102t 154B 154f 154g 160 161c 161d 205a 65k 807 808 812 56 65e 65a 406 205h 208 165 224d 226d 255 258 272 275 277 311 410 414 419 831 313 314 315 317 200 350 398 399 403 404 408 432 433 398a 405 411 421 27Cg 27U 422 424 425 426 428 429 434 442 430b 430c 431 814 833 850 801a 801b 802b 810 812b 842 851 901 903
00068 Lustre: DEBUG MARKER: excepting tests: 442 460d 600a 600b 600c 600d_base 600d 801a 801b 801c 802b 802c 803a 803b 804 805 806 807a 807b 808 809 810 812a 812b 812c 813 814 815 816 817 818 819a 819b 820 823 831 832 833 834 842 850 851 852 853 854 855 860 900 901 902 903 904 905 9
00068 skipping tests SLOW=no: 27m 60i 64b 68 71 135 136 230d 300o 842
00068 Lustre: DEBUG MARKER: skipping tests SLOW=no: 27m 60i 64b 68 71 135 136 230d 300o 842
00068 running as uid/gid/euid/egid 1000/1000/1000/1000, groups: 1000
00068  [true]
00068 running as uid/gid/euid/egid 1000/1000/1000/1000, groups: 1000
00068  [touch] [/mnt/lustre/d0_runas_test/f2717]
00068 LustreError: 3124:0:(osc_quota.c:196:osc_quotactl()) ptlrpc_queue_wait failed, rc: -95
00068 LustreError: 3124:0:(mdc_request.c:2191:mdc_quotactl()) lustre-MDT0000-mdc-ffff8881197c8000: ptlrpc_queue_wait failed: rc = -95
00068 LustreError: 3124:0:(lmv_obd.c:4344:lmv_quotactl()) getquota on mdt 0 failed. -95
00068 preparing for tests involving mounts
00068 mke2fs 1.47.0 (5-Feb-2023)
00068 
00068 Filesystem too small for a journal
00068 
00069 debug=all
00069 
00069 == sanity test 10: mkdir .../d10 .../d10/d2; touch .../d10/d2/f ================================================================ 04:18:18 (1785212298)
00069 Lustre: DEBUG MARKER: == sanity test 10: mkdir .../d10 .../d10/d2; touch .../d10/d2/f ================================================================ 04:18:18 (1785212298)
00069 mkdir: cannot create directory '/mnt/lustre/d10.sanity': Invalid argument
00069  sanity test_10: @@@@@@ FAIL: mkdir '/mnt/lustre/d10.sanity' failed 
00069 Lustre: DEBUG MARKER: sanity test_10: @@@@@@ FAIL: mkdir '/mnt/lustre/d10.sanity' failed
00069   Trace dump:
00069   = /host/home/ktest/git/lustre-release/lustre/tests/test-framework.sh:7496:error()
00069   = /host/home/ktest/git/lustre-release/lustre/tests/test-framework.sh:10569:test_mkdir()
00069   = /host/home/ktest/git/lustre-release/lustre/tests/sanity.sh:540:test_10()
00069   = /host/home/ktest/git/lustre-release/lustre/tests/test-framework.sh:7873:run_one()
00069   = /host/home/ktest/git/lustre-release/lustre/tests/test-framework.sh:7936:run_one_logged()
00069   = /host/home/ktest/git/lustre-release/lustre/tests/test-framework.sh:7735:run_test()
00069   = /host/home/ktest/git/lustre-release/lustre/tests/sanity.sh:546:main()
00069 Dumping lctl log to /tmp/test_logs/2026-07-28/041805/sanity.test_10.*.1785212299.log
00069 Dumping logs only on local client.
00070 FAIL 10 (2s)
00070 
00070 == sanity test 11: mkdir .../d11 d11/d2; chmod .../d11/d2 ====================================================================== 04:18:20 (1785212300)
00071 Lustre: DEBUG MARKER: == sanity test 11: mkdir .../d11 d11/d2; chmod .../d11/d2 ====================================================================== 04:18:20 (1785212300)
00071 LustreError: 1795:0:(llog_cat_server.c:492:llog_cat_add_rec()) llog_write_rec -116: lh=000000008b00caf0
00071 LustreError: 1795:0:(update_trans.c:1058:top_trans_stop()) lustre-MDT0000-osp-MDT0001: write updates failed: rc = -116
00071 /mnt/lustre/d11.sanity/d2 has type dir OK
00071 /mnt/lustre/d11.sanity/d2 has perms 0705 OK
00071 PASS 11 (1s)
00071 
00072 == sanity test 12: touch .../d12/f; chmod .../d12/f .../d12/f ================================================================== 04:18:21 (1785212301)
00072 Lustre: DEBUG MARKER: == sanity test 12: touch .../d12/f; chmod .../d12/f .../d12/f ================================================================== 04:18:21 (1785212301)
00072 mkdir: cannot create directory '/mnt/lustre/d12.sanity': Invalid argument
00072  sanity test_12: @@@@@@ FAIL: mkdir '/mnt/lustre/d12.sanity' failed 
00072 Lustre: DEBUG MARKER: sanity test_12: @@@@@@ FAIL: mkdir '/mnt/lustre/d12.sanity' failed
00072   Trace dump:
00072   = /host/home/ktest/git/lustre-release/lustre/tests/test-framework.sh:7496:error()
00072   = /host/home/ktest/git/lustre-release/lustre/tests/test-framework.sh:10569:test_mkdir()
00072   = /host/home/ktest/git/lustre-release/lustre/tests/sanity.sh:559:test_12()
00072   = /host/home/ktest/git/lustre-release/lustre/tests/test-framework.sh:7873:run_one()
00072   = /host/home/ktest/git/lustre-release/lustre/tests/test-framework.sh:7936:run_one_logged()
00072   = /host/home/ktest/git/lustre-release/lustre/tests/test-framework.sh:7735:run_test()
00072   = /host/home/ktest/git/lustre-release/lustre/tests/sanity.sh:566:main()
00072 Dumping lctl log to /tmp/test_logs/2026-07-28/041805/sanity.test_12.*.1785212302.log
00072 Dumping logs only on local client.
00073 FAIL 12 (2s)
00073 
00073 == sanity test 13: creat .../d13/f; dd .../d13/f; > .../d13/f ================================================================== 04:18:23 (1785212303)
00073 Lustre: DEBUG MARKER: == sanity test 13: creat .../d13/f; dd .../d13/f; > .../d13/f ================================================================== 04:18:23 (1785212303)
00073 10+0 records in
00073 10+0 records out
00073 5120 bytes (5.1 kB, 5.0 KiB) copied, 0.00330345 s, 1.5 MB/s
00073 /mnt/lustre/d13.sanity/f13.sanity has type file OK
00073 /mnt/lustre/d13.sanity/f13.sanity has size 0 OK
00074 bash (3439) used greatest stack depth: 23632 bytes left
00074 PASS 13 (1s)
00074 
00074 == sanity test 14: touch .../d14/f; rm .../d14/f; rm .../d14/f ================================================================= 04:18:24 (1785212304)
00074 Lustre: DEBUG MARKER: == sanity test 14: touch .../d14/f; rm .../d14/f; rm .../d14/f ================================================================= 04:18:24 (1785212304)
00074 LustreError: 1836:0:(osd_dirent.c:113:osd_index_dir_insert()) lustre-MDT0000: lookup [0x240000400:0x213e:0x0] from icache failed: rc=-22
00074 LustreError: 1836:0:(osd_dirent.c:113:osd_index_dir_insert()) Skipped 3643 previous similar messages
00074 Lustre: 1836:0:(out_handler.c:886:out_tx_end()) lustre-MDT0000-osd: error during execution of #0 from lustre/ptlrpc/../target/out_handler.c:535: rc = -22
00074 Lustre: 1836:0:(out_handler.c:886:out_tx_end()) Skipped 3643 previous similar messages
00074 LustreError: 1844:0:(mdt_handler.c:8434:mdt_trash_setup_thread()) lustre-MDT0001: Trash dir setup failed: rc = -22
00074 LustreError: 1844:0:(mdt_handler.c:8434:mdt_trash_setup_thread()) Skipped 3642 previous similar messages
00074 mkdir: cannot create directory '/mnt/lustre/d14.sanity': Invalid argument
00074  sanity test_14: @@@@@@ FAIL: mkdir '/mnt/lustre/d14.sanity' failed 
00075 Lustre: DEBUG MARKER: sanity test_14: @@@@@@ FAIL: mkdir '/mnt/lustre/d14.sanity' failed
00075   Trace dump:
00075   = /host/home/ktest/git/lustre-release/lustre/tests/test-framework.sh:7496:error()
00075   = /host/home/ktest/git/lustre-release/lustre/tests/test-framework.sh:10569:test_mkdir()
00075   = /host/home/ktest/git/lustre-release/lustre/tests/sanity.sh:578:test_14()
00075   = /host/home/ktest/git/lustre-release/lustre/tests/test-framework.sh:7873:run_one()
00075   = /host/home/ktest/git/lustre-release/lustre/tests/test-framework.sh:7936:run_one_logged()
00075   = /host/home/ktest/git/lustre-release/lustre/tests/test-framework.sh:7735:run_test()
00075   = /host/home/ktest/git/lustre-release/lustre/tests/sanity.sh:583:main()
00075 Dumping lctl log to /tmp/test_logs/2026-07-28/041805/sanity.test_14.*.1785212304.log
00075 Dumping logs only on local client.
00075 FAIL 14 (1s)
00075 
00075 == sanity test 15: touch .../d15/f; mv .../d15/f .../d15/f2 ==================================================================== 04:18:25 (1785212305)
00076 Lustre: DEBUG MARKER: == sanity test 15: touch .../d15/f; mv .../d15/f .../d15/f2 ==================================================================== 04:18:25 (1785212305)
00076 /mnt/lustre/d15.sanity/f15.sanity_2 has type file OK
00076 PASS 15 (1s)
00076 
00077 == sanity test 16: touch .../d16/f; rm -rf .../d16/f ===== 04:18:26 (1785212306)
00077 LustreError: 1844:0:(llog_osd.c:232:llog_osd_read_header()) lustre-MDT0000-osp-MDT0001: llog [0x200000401:0x2:0x0] header too small: rc = 92
00077 Lustre: DEBUG MARKER: == sanity test 16: touch .../d16/f; rm -rf .../d16/f ===== 04:18:26 (1785212306)
00077 mkdir: cannot create directory '/mnt/lustre/d16.sanity': Invalid argument
00077  sanity test_16: @@@@@@ FAIL: mkdir '/mnt/lustre/d16.sanity' failed 
00077 Lustre: DEBUG MARKER: sanity test_16: @@@@@@ FAIL: mkdir '/mnt/lustre/d16.sanity' failed
00077   Trace dump:
00077   = /host/home/ktest/git/lustre-release/lustre/tests/test-framework.sh:7496:error()
00077   = /host/home/ktest/git/lustre-release/lustre/tests/test-framework.sh:10569:test_mkdir()
00077   = /host/home/ktest/git/lustre-release/lustre/tests/sanity.sh:596:test_16()
00077   = /host/home/ktest/git/lustre-release/lustre/tests/test-framework.sh:7873:run_one()
00077   = /host/home/ktest/git/lustre-release/lustre/tests/test-framework.sh:7936:run_one_logged()
00077   = /host/home/ktest/git/lustre-release/lustre/tests/test-framework.sh:7735:run_test()
00077   = /host/home/ktest/git/lustre-release/lustre/tests/sanity.sh:601:main()
00077 Dumping lctl log to /tmp/test_logs/2026-07-28/041805/sanity.test_16.*.1785212307.log
00077 Dumping logs only on local client.
00077 LustreError: 1844:0:(llog_osd.c:232:llog_osd_read_header()) lustre-MDT0000-osp-MDT0001: llog [0x200000401:0x2:0x0] header too small: rc = 92
00077 LustreError: 1844:0:(llog_osd.c:232:llog_osd_read_header()) Skipped 71 previous similar messages
00078 FAIL 16 (2s)
00078 LustreError: 1844:0:(llog_osd.c:232:llog_osd_read_header()) lustre-MDT0000-osp-MDT0001: llog [0x200000401:0x2:0x0] header too small: rc = 92
00078 LustreError: 1844:0:(llog_osd.c:232:llog_osd_read_header()) Skipped 141 previous similar messages
00078 
00078 == sanity test 17a: symlinks: create, remove (real) ====== 04:18:28 (1785212308)
00078 Lustre: DEBUG MARKER: == sanity test 17a: symlinks: create, remove (real) ====== 04:18:28 (1785212308)
00079 ln: failed to create symbolic link '/mnt/lustre/d17a.sanity/l-exist': Operation not supported
00079 total 0
00079 -rw-r--r-- 1 root root 0 Jul 28 04:18 f17a.sanity
00079 Can't lstat /mnt/lustre/d17a.sanity/l-exist: No such file or directory
00079  sanity test_17a: @@@@@@ FAIL: d17a.sanity/l-exist not a symlink 
00079 Lustre: DEBUG MARKER: sanity test_17a: @@@@@@ FAIL: d17a.sanity/l-exist not a symlink
00079   Trace dump:
00079   = /host/home/ktest/git/lustre-release/lustre/tests/test-framework.sh:7496:error()
00079   = /host/home/ktest/git/lustre-release/lustre/tests/sanity.sh:609:test_17a()
00079   = /host/home/ktest/git/lustre-release/lustre/tests/test-framework.sh:7873:run_one()
00079   = /host/home/ktest/git/lustre-release/lustre/tests/test-framework.sh:7936:run_one_logged()
00079   = /host/home/ktest/git/lustre-release/lustre/tests/test-framework.sh:7735:run_test()
00079   = /host/home/ktest/git/lustre-release/lustre/tests/sanity.sh:615:main()
00079 Dumping lctl log to /tmp/test_logs/2026-07-28/041805/sanity.test_17a.*.1785212309.log
00079 Dumping logs only on local client.
00080 FAIL 17a (1s)
00080 
00080 == sanity test 17b: symlinks: create, remove (dangling) == 04:18:30 (1785212310)
00080 Lustre: DEBUG MARKER: == sanity test 17b: symlinks: create, remove (dangling) == 04:18:30 (1785212310)
00080 mkdir: cannot create directory '/mnt/lustre/d17b.sanity': Invalid argument
00080  sanity test_17b: @@@@@@ FAIL: mkdir '/mnt/lustre/d17b.sanity' failed 
00080 LustreError: 1844:0:(llog_osd.c:232:llog_osd_read_header()) lustre-MDT0000-osp-MDT0001: llog [0x200000401:0x2:0x0] header too small: rc = 92
00080 LustreError: 1844:0:(llog_osd.c:232:llog_osd_read_header()) Skipped 270 previous similar messages
00080 Lustre: DEBUG MARKER: sanity test_17b: @@@@@@ FAIL: mkdir '/mnt/lustre/d17b.sanity' failed
00080   Trace dump:
00080   = /host/home/ktest/git/lustre-release/lustre/tests/test-framework.sh:7496:error()
00080   = /host/home/ktest/git/lustre-release/lustre/tests/test-framework.sh:10569:test_mkdir()
00080   = /host/home/ktest/git/lustre-release/lustre/tests/sanity.sh:618:test_17b()
00080   = /host/home/ktest/git/lustre-release/lustre/tests/test-framework.sh:7873:run_one()
00080   = /host/home/ktest/git/lustre-release/lustre/tests/test-framework.sh:7936:run_one_logged()
00080   = /host/home/ktest/git/lustre-release/lustre/tests/test-framework.sh:7735:run_test()
00080   = /host/home/ktest/git/lustre-release/lustre/tests/sanity.sh:628:main()
00080 Dumping lctl log to /tmp/test_logs/2026-07-28/041805/sanity.test_17b.*.1785212310.log
00080 Dumping logs only on local client.
00081 FAIL 17b (2s)
00081 
00081 == sanity test 17c: symlinks: open dangling (should return error) ========================================================== 04:18:31 (1785212311)
00081 Lustre: DEBUG MARKER: == sanity test 17c: symlinks: open dangling (should return error) ========================================================== 04:18:31 (1785212311)
00082 ln: failed to create symbolic link '/mnt/lustre/d17c.sanity/f17c.sanity': Operation not supported
00082 cat: /mnt/lustre/d17c.sanity/f17c.sanity: No such file or directory
00082 PASS 17c (1s)
00083 resend_count is set to 4 4
00083 resend_count is set to 4 4
00084 resend_count is set to 4 4
00084 resend_count is set to 4 4
00084 resend_count is set to 4 4
00084 LustreError: 1844:0:(llog_osd.c:232:llog_osd_read_header()) lustre-MDT0000-osp-MDT0001: llog [0x200000401:0x2:0x0] header too small: rc = 92
00084 LustreError: 1844:0:(llog_osd.c:232:llog_osd_read_header()) Skipped 560 previous similar messages
00086 == sanity test complete, duration 21 sec ================= 04:18:36 (1785212316)
00086 Lustre: DEBUG MARKER: == sanity test complete, duration 21 sec ================= 04:18:36 (1785212316)
00086 sanity: FAIL: test_10 mkdir '/mnt/lustre/d10.sanity' failed
00086 sanity: FAIL: test_12 mkdir '/mnt/lustre/d12.sanity' failed
00086 sanity: FAIL: test_14 mkdir '/mnt/lustre/d14.sanity' failed
00086 sanity: FAIL: test_16 mkdir '/mnt/lustre/d16.sanity' failed
00086 sanity: FAIL: test_17a d17a.sanity/l-exist not a symlink
00086 sanity: FAIL: test_17b mkdir '/mnt/lustre/d17b.sanity' failed
00086 === sanity: start cleanup 04:18:36 (1785212316) ===
00086 Lustre: DEBUG MARKER: === sanity: start cleanup 04:18:36 (1785212316) ===
00086 skip cleanup
00087 === sanity: finish cleanup 04:18:36 (1785212316) ===
00087 Lustre: DEBUG MARKER: === sanity: finish cleanup 04:18:36 (1785212316) ===
00087 debug=super ioctl neterror warning dlmtrace error emerg ha rpctrace vfstrace config console lfsck
00087 sanity returned 1
00087 Finished at Tue Jul 28 04:18:37 UTC 2026 in 32s
00087 /host/home/ktest/git/lustre-release/lustre/tests/auster: completed with rc 0
00087 Error 1 at /host/home/ktest/ktest/tests/prelude.sh 466 from: grep -E -q -e "kernel BUG at" -e "WARNING:" -e "\bBUG:" -e "Oops:" -e "possible recursive locking detected" -e "Internal error" -e "(INFO|ERR): suspicious RCU usage" -e "INFO: possible circular locking dependency detected" -e "general protection fault:" -e "BUG .* remaining" -e "UBSAN:", exiting
00087 Error 1 at /host/home/ktest/ktest/tests/prelude.sh 485 from: ( set -e; run_test $i ), exiting
00087 
00087 ========= FAILED sanity-quick in 56s
00087 
00087 Passed: 
00087 Failed: sanity-quick
00087 Error 1 at /host/home/ktest/ktest/tests/prelude.sh 594 from: return ${#tests_failed[@]}, exiting
00087 Error 1 at /host/home/ktest/ktest/tests/fs/lustre/sanity/sanity-3.ktest 36 from: return ${#tests_failed[@]}, exiting
00087 Error 1 at /host/home/ktest/ktest/tests/test-libs.sh 105 from: . $(dirname $(readlink -e ${BASH_SOURCE[2]}))/$fname, exiting
00087 Error 1 at /host/home/ktest/ktest/tests/fs/lustre/sanity/../../../lockdep-base.sh 15 from: . $(dirname $(readlink -e ${BASH_SOURCE[2]}))/$fname, exiting
00087 NOTICE: Automounting of tracing to debugfs is deprecated and will be removed in 2030
00087 Kernel version: 7.0.0-ktest-b2ddd9c-6330a45-20260728-dirty
00087 TEST FAILED
Error 1 at /home/ktest/ktest/lib/libktest.sh 587 from: "$ktest_dir/lib/supervisor" -S -F -T "$ktest_timeout" -b "$test_basename" -o "$test_logdir" -f "$test_basename.$(date -Iseconds).log" -- "${qemu_cmd[@]}", exiting
Error 1 at ./qlkbuild 187 from: "$ktest_dir/lib/supervisor" -S -F -T "$ktest_timeout" -b "$test_basename" -o "$test_logdir" -f "$test_basename.$(date -Iseconds).log" -- "${qemu_cmd[@]}", exiting
Error 1 at ./qlkbuild 1202 from: "$ktest_dir/lib/supervisor" -S -F -T "$ktest_timeout" -b "$test_basename" -o "$test_logdir" -f "$test_basename.$(date -Iseconds).log" -- "${qemu_cmd[@]}", exiting
