CLI: ./podman-ktest --podman-socket unix:///run/podman/podman.sock --shared-filesystem /tmp --tarball-input job lustre-ci-branch --output /var/www/ci-lustre/upstream-patch-review --git-hash b2ddd9cfb68f23dfb77fe94569643732bc49d61d_lustre-ci-branch --change-id master-next_b2ddd9cfb68f23dfb77fe94569643732bc49d61d_lustre-ci-branch --subject [lustre-ci-branch] Staging branch for new changes

Environment validated successfully
Note: custom LLVM is not synced in tarball input mode
Creating kernel tarball at /tmp/ktest-kernel.tar.gz...
Creating lustre tarball at /tmp/ktest-lustre.tar.gz...
Creating ZFS tarball at /tmp/ktest-zfs.tar.gz...
Executing 18 jobs
Jobs will start as soon as their dependencies are satisfied
Using tarball input mode

START llvm-checks:cc-plugin build tests/fs/lustre/boot.ktest
START ml-miscvm:lustre_mainline_native build tests/fs/lustre/boot.ktest
START kernel-doc:kernel-doc tool kernel_doc_helper.sh
START ml:lustre_mainline build tests/fs/lustre/boot.ktest
START contributions:contributions tool contributions
START checkpatch-parallel:checkpatch-parallel tool checkpatch-parallel
START license-status:license-status tool license-status
START ml-strict:lustre_mainline build tests/fs/lustre/boot-strict.ktest
START al2023:al2023 build tests/fs/lustre/boot.ktest
START u24:u24 build tests/fs/lustre/boot.ktest
PUT /tmp/ktest-lustre.tar.gz 3s
PUT /tmp/ktest-lustre.tar.gz 10s
PUT /tmp/ktest-kernel.tar.gz 19s
PUT /tmp/ktest-kernel.tar.gz 19s
PUT /tmp/ktest-kernel.tar.gz 19s
PUT /tmp/ktest-kernel.tar.gz 19s
PUT /tmp/ktest-kernel.tar.gz 19s
PUT /tmp/ktest-kernel.tar.gz 19s
PUT /tmp/ktest-kernel.tar.gz 19s
PUT /tmp/ktest-kernel.tar.gz 19s
PUT /tmp/ktest-lustre.tar.gz 8s
PUT /tmp/ktest-lustre.tar.gz 9s
PUT /tmp/ktest-lustre.tar.gz 8s
PUT /tmp/ktest-lustre.tar.gz 8s
PUT /tmp/ktest-lustre.tar.gz 8s
PUT /tmp/ktest-lustre.tar.gz 8s
PUT /tmp/ktest-lustre.tar.gz 8s
PUT /tmp/ktest-lustre.tar.gz 8s
PUT /tmp/ktest-zfs.tar.gz 1s
PUT /tmp/ktest-zfs.tar.gz 1s
PUT /tmp/ktest-zfs.tar.gz 1s
PUT /tmp/ktest-zfs.tar.gz 1s
END contributions:contributions tool contributions PASS 32s
END kernel-doc:kernel-doc tool kernel_doc_helper.sh PASS 35s
END license-status:license-status tool license-status FAIL 37s (exit code: 1)
END al2023:al2023 build tests/fs/lustre/boot.ktest PASS 90s
END checkpatch-parallel:checkpatch-parallel tool checkpatch-parallel PASS 94s
END u24:u24 build tests/fs/lustre/boot.ktest PASS 121s
GET /tmp/ktest_ml-miscvm:lustre_mainline_native_dp5ln7ix.tar 0s
GET /tmp/ktest_ml:lustre_mainline_iebbdbcu.tar 0s
END ml-miscvm:lustre_mainline_native build tests/fs/lustre/boot.ktest PASS 288s
START ml-miscvm:boot run tests/fs/lustre/boot.ktest
START ml-miscvm:llmount run tests/fs/lustre/llmount.ktest
START ml-miscvm:llog-unit run tests/fs/lustre/llog-unit.ktest
START ml-miscvm:mgs-setup run tests/fs/lustre/mgs-setup.ktest
START ml-miscvm:sanity-1 run tests/fs/lustre/sanity/sanity-1.ktest
START ml-miscvm:sanity-2 run tests/fs/lustre/sanity/sanity-2.ktest
START ml-miscvm:sanity-3 run tests/fs/lustre/sanity/sanity-3.ktest
START ml-miscvm:sanity-4 run tests/fs/lustre/sanity/sanity-4.ktest
END ml:lustre_mainline build tests/fs/lustre/boot.ktest PASS 291s
GET /tmp/ktest_ml-strict:lustre_mainline_ivbqycu4.tar 10s
END ml-strict:lustre_mainline build tests/fs/lustre/boot-strict.ktest FAIL 301s (exit code: 1)
PUT /tmp/ktest-kernel.tar.gz 52s
PUT /tmp/ktest-kernel.tar.gz 51s
PUT /tmp/ktest-kernel.tar.gz 52s
PUT /tmp/ktest-kernel.tar.gz 53s
PUT /tmp/ktest-kernel.tar.gz 53s
PUT /tmp/ktest-kernel.tar.gz 52s
PUT /tmp/ktest-kernel.tar.gz 52s
PUT /tmp/ktest-kernel.tar.gz 53s
END llvm-checks:cc-plugin build tests/fs/lustre/boot.ktest PASS 347s
PUT /tmp/ktest-lustre.tar.gz 16s
PUT /tmp/ktest-lustre.tar.gz 16s
PUT /tmp/ktest-lustre.tar.gz 16s
PUT /tmp/ktest-lustre.tar.gz 15s
PUT /tmp/ktest-lustre.tar.gz 15s
PUT /tmp/ktest-lustre.tar.gz 16s
PUT /tmp/ktest-lustre.tar.gz 16s
PUT /tmp/ktest-lustre.tar.gz 16s
PUT /tmp/ktest_ml-miscvm:lustre_mainline_native_dp5ln7ix.tar 1s
PUT /tmp/ktest_ml-miscvm:lustre_mainline_native_dp5ln7ix.tar 1s
PUT /tmp/ktest_ml-miscvm:lustre_mainline_native_dp5ln7ix.tar 1s
PUT /tmp/ktest_ml-miscvm:lustre_mainline_native_dp5ln7ix.tar 1s
PUT /tmp/ktest_ml-miscvm:lustre_mainline_native_dp5ln7ix.tar 1s
PUT /tmp/ktest_ml-miscvm:lustre_mainline_native_dp5ln7ix.tar 1s
PUT /tmp/ktest_ml-miscvm:lustre_mainline_native_dp5ln7ix.tar 1s
PUT /tmp/ktest_ml-miscvm:lustre_mainline_native_dp5ln7ix.tar 1s
END ml-miscvm:boot run tests/fs/lustre/boot.ktest PASS 110s
END ml-miscvm:mgs-setup run tests/fs/lustre/mgs-setup.ktest PASS 121s
END ml-miscvm:llmount run tests/fs/lustre/llmount.ktest FAIL 144s (exit code: 1)
END ml-miscvm:sanity-2 run tests/fs/lustre/sanity/sanity-2.ktest PASS 154s
END ml-miscvm:sanity-1 run tests/fs/lustre/sanity/sanity-1.ktest PASS 155s
END ml-miscvm:sanity-3 run tests/fs/lustre/sanity/sanity-3.ktest PASS 157s
END ml-miscvm:sanity-4 run tests/fs/lustre/sanity/sanity-4.ktest PASS 162s
END ml-miscvm:llog-unit run tests/fs/lustre/llog-unit.ktest FAIL 235s (exit code: 1)

============================================================
Final Results:
  checkpatch-parallel:checkpatch-parallel: PASS (94s) (log: /var/www/ci-lustre/upstream-patch-review/b2ddd9cfb68f23dfb77fe94569643732bc49d61d_lustre-ci-branch_checkpatch-parallel:checkpatch-parallel.log)
  contributions:contributions: PASS (32s) (log: /var/www/ci-lustre/upstream-patch-review/b2ddd9cfb68f23dfb77fe94569643732bc49d61d_lustre-ci-branch_contributions:contributions.log)
  license-status:license-status: FAIL (37s) (log: /var/www/ci-lustre/upstream-patch-review/b2ddd9cfb68f23dfb77fe94569643732bc49d61d_lustre-ci-branch_license-status:license-status.log)
  kernel-doc:kernel-doc: PASS (35s) (log: /var/www/ci-lustre/upstream-patch-review/b2ddd9cfb68f23dfb77fe94569643732bc49d61d_lustre-ci-branch_kernel-doc:kernel-doc.log)
  u24:u24: PASS (121s) (log: /var/www/ci-lustre/upstream-patch-review/b2ddd9cfb68f23dfb77fe94569643732bc49d61d_lustre-ci-branch_u24:u24.log)
  al2023:al2023: PASS (90s) (log: /var/www/ci-lustre/upstream-patch-review/b2ddd9cfb68f23dfb77fe94569643732bc49d61d_lustre-ci-branch_al2023:al2023.log)
  ml-strict:lustre_mainline: FAIL (301s) (log: /var/www/ci-lustre/upstream-patch-review/b2ddd9cfb68f23dfb77fe94569643732bc49d61d_lustre-ci-branch_ml-strict:lustre_mainline.log)
  ml:lustre_mainline: PASS (291s) (log: /var/www/ci-lustre/upstream-patch-review/b2ddd9cfb68f23dfb77fe94569643732bc49d61d_lustre-ci-branch_ml:lustre_mainline.log)
  llvm-checks:cc-plugin: PASS (347s) (log: /var/www/ci-lustre/upstream-patch-review/b2ddd9cfb68f23dfb77fe94569643732bc49d61d_lustre-ci-branch_llvm-checks:cc-plugin.log)
  ml-miscvm:lustre_mainline_native: PASS (288s) (log: /var/www/ci-lustre/upstream-patch-review/b2ddd9cfb68f23dfb77fe94569643732bc49d61d_lustre-ci-branch_ml-miscvm:lustre_mainline_native.log)
  ml-miscvm:boot: PASS (110s) (log: /var/www/ci-lustre/upstream-patch-review/b2ddd9cfb68f23dfb77fe94569643732bc49d61d_lustre-ci-branch_ml-miscvm:boot.log)
  ml-miscvm:llmount: FAIL (144s) (log: /var/www/ci-lustre/upstream-patch-review/b2ddd9cfb68f23dfb77fe94569643732bc49d61d_lustre-ci-branch_ml-miscvm:llmount.log)
  ml-miscvm:llog-unit: FAIL (235s) (log: /var/www/ci-lustre/upstream-patch-review/b2ddd9cfb68f23dfb77fe94569643732bc49d61d_lustre-ci-branch_ml-miscvm:llog-unit.log)
  ml-miscvm:mgs-setup: PASS (121s) (log: /var/www/ci-lustre/upstream-patch-review/b2ddd9cfb68f23dfb77fe94569643732bc49d61d_lustre-ci-branch_ml-miscvm:mgs-setup.log)
  ml-miscvm:sanity-1: PASS (155s) (log: /var/www/ci-lustre/upstream-patch-review/b2ddd9cfb68f23dfb77fe94569643732bc49d61d_lustre-ci-branch_ml-miscvm:sanity-1.log)
  ml-miscvm:sanity-2: PASS (154s) (log: /var/www/ci-lustre/upstream-patch-review/b2ddd9cfb68f23dfb77fe94569643732bc49d61d_lustre-ci-branch_ml-miscvm:sanity-2.log)
  ml-miscvm:sanity-3: PASS (157s) (log: /var/www/ci-lustre/upstream-patch-review/b2ddd9cfb68f23dfb77fe94569643732bc49d61d_lustre-ci-branch_ml-miscvm:sanity-3.log)
  ml-miscvm:sanity-4: PASS (162s) (log: /var/www/ci-lustre/upstream-patch-review/b2ddd9cfb68f23dfb77fe94569643732bc49d61d_lustre-ci-branch_ml-miscvm:sanity-4.log)

Total execution time: 554s
