00003 
00013 RDSEED32 is broken. Disabling the corresponding CPUID bit.
00017 init: failed to load nvme_core
00017 init: failed to load nvme
00017 init: failed to load zfs
00019 LNetError: 1:0:(lib-socket.c:619:lnet_inet_enumerate()) lnet: Can't find any usable interfaces, rc = -ENOENT
00019 LNetError: Error -100 starting up LNI tcp
00019 LustreError: 1:0:(events.c:627:ptlrpc_init_portals()) network initialisation failed: rc = -100
00019 init: finit_module /lib/modules/7.0.0-ktest-b2ddd9c-6330a45-20260726-dirty/updates/ptlrpc.ko: Network is down
00019 init: failed to load lustre
00019 init: failed to load osd_zfs
00019 init: failed to load iwlwifi
00019 init: failed to load iwlmvm
00019 init: failed to load mt7921e
00019 init: failed to load i915
00019 init: failed to load nouveau
00031 tlp: vm.laptop_mode is deprecated. Ignoring setting.
00031 Kernel version: 7.0.0-ktest-b2ddd9c-6330a45-20260726-dirty
00032 hook init_noop
00032 
00032 Running tests mgs-setup
00032 
00032 ========= TEST   mgs-setup
00033 /host/home/ktest/git/lustre-release/lustre/tests/test-framework.sh: line 6982: cd: HOME not set
00033 /host/home/ktest/git/lustre-release/lustre/tests/test-framework.sh: line 6982: cd: HOME not set
00033 /host/home/ktest/git/lustre-release/lustre/tests/test-framework.sh: line 6982: cd: HOME not set
00036 MGS_OS_VERSION_ID=24.04
00036 MGS_OS_ID=ubuntu
00036 MGS_OS_VERSION_CODE=402915328
00036 MGS_OS_ID_LIKE=debian ubuntu
00036 MDS1_OS_ID=ubuntu
00036 MDS1_OS_VERSION_CODE=402915328
00036 MDS1_OS_ID_LIKE=debian ubuntu
00036 MDS1_OS_VERSION_ID=24.04
00037 OST1_OS_VERSION_ID=24.04
00037 OST1_OS_VERSION_CODE=402915328
00037 OST1_OS_ID=ubuntu
00037 OST1_OS_ID_LIKE=debian ubuntu
00037 CLIENT_OS_VERSION_ID=24.04
00037 CLIENT_OS_ID_LIKE=debian ubuntu
00037 CLIENT_OS_ID=ubuntu
00037 CLIENT_OS_VERSION_CODE=402915328
00037 Loading modules from /host/home/ktest/git/lustre-release/lustre
00037 detected 16 online CPUs by sysfs
00037 MODOPTS_LIBCFS=
00037 libcfs will create CPU partition based on online CPUs
00038 LNet: Added LNI 10.0.2.15@tcp [8/256/0/180]
00038 gss/krb5 is not supported
00039 Lustre: Echo OBD driver; http://www.lustre.org/
00039 
00039 
00044 
00044 
00044 
00044 Lustre: server umount MGS0000 complete
00044 
00044 Removed directory: /mnt/lustre-tu2gPA-MGS0000
00045 
00045 ========= PASSED mgs-setup in 13s
00045 
00045 Passed: mgs-setup
00045 Failed: 
00045 NOTICE: Automounting of tracing to debugfs is deprecated and will be removed in 2030
00045 Kernel version: 7.0.0-ktest-b2ddd9c-6330a45-20260726-dirty
00045 TEST SUCCESS
