00003 
00012 RDSEED32 is broken. Disabling the corresponding CPUID bit.
00016 init: failed to load nvme_core
00016 init: failed to load nvme
00016 init: failed to load zfs
00017 LNetError: 1:0:(lib-socket.c:619:lnet_inet_enumerate()) lnet: Can't find any usable interfaces, rc = -ENOENT
00017 LNetError: Error -100 starting up LNI tcp
00018 LustreError: 1:0:(events.c:627:ptlrpc_init_portals()) network initialisation failed: rc = -100
00018 init: finit_module /lib/modules/7.0.0-ktest-b2ddd9c-6330a45-20260726-dirty/updates/ptlrpc.ko: Network is down
00018 init: failed to load lustre
00018 init: failed to load osd_zfs
00018 init: failed to load iwlwifi
00018 init: failed to load iwlmvm
00018 init: failed to load mt7921e
00018 init: failed to load i915
00018 init: failed to load nouveau
00032 tlp: vm.laptop_mode is deprecated. Ignoring setting.
00032 Kernel version: 7.0.0-ktest-b2ddd9c-6330a45-20260726-dirty
00032 hook init_noop
00032 
00032 Running tests llmount
00032 
00032 ========= TEST   llmount
00038 SETUP LUSTRE ... LNet: Added LNI 10.0.2.15@tcp [8/256/0/180]
00039 Lustre: Echo OBD driver; http://www.lustre.org/
00040 Lustre: ctl-lustre-MDT0000: No data found on store. Initialize space.
00040 Lustre: lustre-MDT0000: new disk, initializing
00040 Lustre: lustre-MDT0000: Imperative Recovery not enabled, recovery window 300-900
00040 Lustre: ctl-lustre-MDT0000: super-sequence allocation rc = 0 [0x0000000200000400-0x0000000240000400]:0:mdt
00040 Lustre: cli-ctl-lustre-MDT0001: Allocated super-sequence [0x0000000240000400-0x0000000280000400]:1:mdt]
00040 LustreError: 1914:0:(osd_dirent.c:113:osd_index_dir_insert()) lustre-MDT0000: lookup [0x240000400:0x2:0x0] from icache failed: rc=-22
00040 Lustre: 1914:0:(out_handler.c:886:out_tx_end()) lustre-MDT0000-osd: error during execution of #0 from lustre/ptlrpc/../target/out_handler.c:535: rc = -22
00040 LustreError: 1960:0:(mdt_handler.c:8434:mdt_trash_setup_thread()) lustre-MDT0001: Trash dir setup failed: rc = -22
00041 Lustre: lustre-OST0000: new disk, initializing
00041 Lustre: Skipped 1 previous similar message
00041 Lustre: srv-lustre-OST0000: No data found on store. Initialize space.
00041 Lustre: Skipped 2 previous similar messages
00041 Lustre: lustre-OST0000: Imperative Recovery not enabled, recovery window 300-900
00041 Lustre: Skipped 1 previous similar message
00041 LustreError: 1960:0:(mdt_handler.c:8434:mdt_trash_setup_thread()) lustre-MDT0001: Trash dir setup failed: rc = -22
00041 LustreError: 1960:0:(mdt_handler.c:8434:mdt_trash_setup_thread()) Skipped 81 previous similar messages
00041 LustreError: 1952:0:(osd_dirent.c:113:osd_index_dir_insert()) lustre-MDT0000: lookup [0x240000400:0x57:0x0] from icache failed: rc=-22
00041 LustreError: 1952:0:(osd_dirent.c:113:osd_index_dir_insert()) Skipped 82 previous similar messages
00041 Lustre: 1952:0:(out_handler.c:886:out_tx_end()) lustre-MDT0000-osd: error during execution of #0 from lustre/ptlrpc/../target/out_handler.c:535: rc = -22
00041 Lustre: 1952:0:(out_handler.c:886:out_tx_end()) Skipped 82 previous similar messages
00042 LustreError: 1915:0:(osd_dirent.c:113:osd_index_dir_insert()) lustre-MDT0000: lookup [0x240000400:0x15f:0x0] from icache failed: rc=-22
00042 LustreError: 1915:0:(osd_dirent.c:113:osd_index_dir_insert()) Skipped 262 previous similar messages
00042 Lustre: 1915:0:(out_handler.c:886:out_tx_end()) lustre-MDT0000-osd: error during execution of #0 from lustre/ptlrpc/../target/out_handler.c:535: rc = -22
00042 Lustre: 1915:0:(out_handler.c:886:out_tx_end()) Skipped 262 previous similar messages
00042 LustreError: 1960:0:(mdt_handler.c:8434:mdt_trash_setup_thread()) lustre-MDT0001: Trash dir setup failed: rc = -22
00042 LustreError: 1960:0:(mdt_handler.c:8434:mdt_trash_setup_thread()) Skipped 264 previous similar messages
00044 LustreError: 1976:0:(osd_dirent.c:113:osd_index_dir_insert()) lustre-MDT0000: lookup [0x240000400:0x41c:0x0] from icache failed: rc=-22
00044 LustreError: 1976:0:(osd_dirent.c:113:osd_index_dir_insert()) Skipped 700 previous similar messages
00044 Lustre: 1976:0:(out_handler.c:886:out_tx_end()) lustre-MDT0000-osd: error during execution of #0 from lustre/ptlrpc/../target/out_handler.c:535: rc = -22
00044 Lustre: 1976:0:(out_handler.c:886:out_tx_end()) Skipped 700 previous similar messages
00044 LustreError: 1960:0:(mdt_handler.c:8434:mdt_trash_setup_thread()) lustre-MDT0001: Trash dir setup failed: rc = -22
00044 LustreError: 1960:0:(mdt_handler.c:8434:mdt_trash_setup_thread()) Skipped 700 previous similar messages
00047 Lustre: ctl-lustre-MDT0000: super-sequence allocation rc = 0 [0x0000000280000400-0x00000002c0000400]:0:ost
00047 Lustre: Skipped 1 previous similar message
00047 Lustre: cli-lustre-OST0000-super: Allocated super-sequence [0x0000000280000400-0x00000002c0000400]:0:ost]
00047 Lustre: lustre-OST0000-osc-MDT0000: update sequence from 0x100000000 to 0x280000401
00047 Lustre: lustre-OST0001-osc-MDT0000: update sequence from 0x100010000 to 0x2c0000401
00048 LustreError: 1976:0:(osd_dirent.c:113:osd_index_dir_insert()) lustre-MDT0000: lookup [0x240000400:0x931:0x0] from icache failed: rc=-22
00048 LustreError: 1976:0:(osd_dirent.c:113:osd_index_dir_insert()) Skipped 1299 previous similar messages
00048 Lustre: 1976:0:(out_handler.c:886:out_tx_end()) lustre-MDT0000-osd: error during execution of #0 from lustre/ptlrpc/../target/out_handler.c:535: rc = -22
00048 Lustre: 1976:0:(out_handler.c:886:out_tx_end()) Skipped 1299 previous similar messages
00048 LustreError: 1960:0:(mdt_handler.c:8434:mdt_trash_setup_thread()) lustre-MDT0001: Trash dir setup failed: rc = -22
00048 LustreError: 1960:0:(mdt_handler.c:8434:mdt_trash_setup_thread()) Skipped 1299 previous similar messages
00052 Lustre: lustre-MDT0001: local client 7b2b83b0-b18a-4a3f-96a4-f2b08b31ecb6 w/o recovery
00052 Lustre: Skipped 1 previous similar message
00052 Lustre: client wants to enable acl, but mdt not!
00052 Lustre: Mounted lustre-client - version 2.17.55_118_gb2ddd9c
00052 lustre-ktest (1889) used greatest stack depth: 24128 bytes left
00053 21s
00056 LustreError: 1994:0:(osd_dirent.c:113:osd_index_dir_insert()) lustre-MDT0000: lookup [0x240000400:0x12c1:0x0] from icache failed: rc=-22
00056 LustreError: 1994:0:(osd_dirent.c:113:osd_index_dir_insert()) Skipped 2446 previous similar messages
00056 Lustre: 1994:0:(out_handler.c:886:out_tx_end()) lustre-MDT0000-osd: error during execution of #0 from lustre/ptlrpc/../target/out_handler.c:535: rc = -22
00056 Lustre: 1994:0:(out_handler.c:886:out_tx_end()) Skipped 2446 previous similar messages
00056 LustreError: 1960:0:(mdt_handler.c:8434:mdt_trash_setup_thread()) lustre-MDT0001: Trash dir setup failed: rc = -22
00056 LustreError: 1960:0:(mdt_handler.c:8434:mdt_trash_setup_thread()) Skipped 2446 previous similar messages
00063 CLEANUP LUSTRE ... Lustre: Unmounted lustre-client
00063 Lustre: server umount lustre-OST0000 complete
00063 Lustre: server umount lustre-OST0001 complete
00063 LustreError: 1960:0:(osp_object.c:618:osp_attr_get()) lustre-MDT0000-osp-MDT0001: osp_attr_get update error [0x200000401:0x2:0x0]: rc = -5
00063 ==================================================================
00063 BUG: KASAN: slab-use-after-free in distribute_txn_commit_thread+0x160c/0x2fd0 [ptlrpc]
00063 Read of size 8 at addr ffff888137d43460 by task dist_txn-1/1956
00063 
00063 CPU: 1 UID: 0 PID: 1956 Comm: dist_txn-1 Tainted: G           O        7.0.0-ktest-b2ddd9c-6330a45-20260726-dirty #1 PREEMPT 
00063 Tainted: [O]=OOT_MODULE
00063 Hardware name: QEMU Standard PC (Q35 + ICH9, 2009), BIOS 2025.11-3ubuntu7 03/31/2026
00063 Call Trace:
00063  <TASK>
00063  dump_stack_lvl+0x52/0x80
00063  print_report+0xbc/0x260
00063  ? distribute_txn_commit_thread+0x160c/0x2fd0 [ptlrpc]
00063  kasan_report+0xa2/0xd0
00063  ? distribute_txn_commit_thread+0x160c/0x2fd0 [ptlrpc]
00063  distribute_txn_commit_thread+0x160c/0x2fd0 [ptlrpc]
00063  ? kthread_affine_node+0x1f6/0x280
00063  kthread+0x2cd/0x3a0
00063  ? distribute_txn_init+0xfe0/0xfe0 [ptlrpc]
00063  ? kthread_unuse_mm+0x130/0x130
00063  ret_from_fork+0x18c/0x520
00063  ? kthread_unuse_mm+0x130/0x130
00063  ret_from_fork_asm+0x11/0x20
00063  </TASK>
00063 
00063 Allocated by task 1960:
00063  kasan_save_track+0x2f/0x60
00063  __kasan_kmalloc+0x72/0x80
00063  top_trans_create_tmt+0x86/0x350 [ptlrpc]
00063  thandle_get_sub_by_dt+0x577/0xae0 [ptlrpc]
00063  lod_sub_get_thandle+0x67e/0xe40 [lod]
00063  lod_sub_declare_ref_add+0xdb/0x3c0 [lod]
00063  mdd_declare_create+0x1037/0x1e50 [mdd]
00063  mdd_create+0x1e8f/0x4110 [mdd]
00063 LustreError: 1960:0:(client.c:1381:ptlrpc_import_delay_req()) @@@ IMP_CLOSED  req@0000000028bb2fc3 x1871775436195712/t0(0) o1000->lustre-MDT0000-osp-MDT0001@0@lo:24/4 lens 304/4320 e 0 to 0 dl 0 ref 2 fl Rpc:QU/200/ffffffff rc 0/-1 job:'' uid:0 gid:0 projid:4294967295
00063  mdt_trash_setup_thread+0x11e1/0x2380 [mdt]
00063  kthread+0x2cd/0x3a0
00063  ret_from_fork+0x18c/0x520
00063  ret_from_fork_asm+0x11/0x20
00063 
00063 Freed by task 1960:
00063  kasan_save_track+0x2f/0x60
00063  kasan_save_free_info+0x40/0x50
00063  __kasan_slab_free+0x3a/0x60
00063  kfree+0x1b5/0x530
00063  top_trans_stop+0x154f/0x1bf0 [ptlrpc]
00063  mdd_trans_stop+0xa5/0x320 [mdd]
00063  mdd_create+0x20ce/0x4110 [mdd]
00063  mdt_trash_setup_thread+0x11e1/0x2380 [mdt]
00063  kthread+0x2cd/0x3a0
00063  ret_from_fork+0x18c/0x520
00063  ret_from_fork_asm+0x11/0x20
00063 
00063 The buggy address belongs to the object at ffff888137d43400
00063  which belongs to the cache kmalloc-256 of size 256
00063 The buggy address is located 96 bytes inside of
00063  freed 256-byte region [ffff888137d43400, ffff888137d43500)
00063 
00063 The buggy address belongs to the physical page:
00063 page: refcount:0 mapcount:0 mapping:0000000000000000 index:0x0 pfn:0x137d40
00063 head: order:2 mapcount:0 entire_mapcount:0 nr_pages_mapped:0 pincount:0
00063 flags: 0x8000000000000040(head|zone=2)
00063 page_type: f5(slab)
00063 raw: 8000000000000040 ffff888100042900 dead000000000100 dead000000000122
00063 raw: 0000000000000000 0000020000200020 00000000f5000000 ffff888137d40110
00063 head: 8000000000000040 ffff888100042900 dead000000000100 dead000000000122
00063 head: 0000000000000000 0000020000200020 00000000f5000000 ffff888137d40110
00063 head: 8000000000000002 ffffea0004df5001 00000000ffffffff 00000000ffffffff
00063 head: ffffffffffffffff 0000000000000000 00000000ffffffff 0000000000000004
00063 page dumped because: kasan: bad access detected
00063 
00063 Memory state around the buggy address:
00063  ffff888137d43300: fc fc fc fc fc fc fc fc fc fc fc fc fc fc fc fc
00063  ffff888137d43380: fc fc fc fc fc fc fc fc fc fc fc fc fc fc fc fc
00063 >ffff888137d43400: fa fb fb fb fb fb fb fb fb fb fb fb fb fb fb fb
00063                                                        ^
00063  ffff888137d43480: fb fb fb fb fb fb fb fb fb fb fb fb fb fb fb fb
00063  ffff888137d43500: fc fc fc fc fc fc fc fc fc fc fc fc fc fc fc fc
00063 ==================================================================
00063 Disabling lock debugging due to kernel taint
00068 LustreError: lustre-MDT0001-osp-MDT0000: operation mds_statfs to node 0@lo failed: rc = -107
00068 Lustre: lustre-MDT0001-osp-MDT0000: Connection to lustre-MDT0001 (at 0@lo) was lost; in progress operations using this service will wait for recovery to complete
00068 Lustre: lustre-MDT0001: Not available for connect from 0@lo (stopping)
00068 ========= FAILED TIMEOUT llmount in 240s
Error 1 at /home/ktest/ktest/lib/libktest.sh 587 from: "$ktest_dir/lib/supervisor" -S -F -T "$ktest_timeout" -b "$test_basename" -o "$test_logdir" -f "$test_basename.$(date -Iseconds).log" -- "${qemu_cmd[@]}", exiting
Error 1 at ./qlkbuild 182 from: "$ktest_dir/lib/supervisor" -S -F -T "$ktest_timeout" -b "$test_basename" -o "$test_logdir" -f "$test_basename.$(date -Iseconds).log" -- "${qemu_cmd[@]}", exiting
Error 1 at ./qlkbuild 1161 from: "$ktest_dir/lib/supervisor" -S -F -T "$ktest_timeout" -b "$test_basename" -o "$test_logdir" -f "$test_basename.$(date -Iseconds).log" -- "${qemu_cmd[@]}", exiting
