00004 
00015 RDSEED32 is broken. Disabling the corresponding CPUID bit.
00020 init: failed to load nvme_core
00020 init: failed to load nvme
00022 LNetError: 1:0:(lib-socket.c:619:lnet_inet_enumerate()) lnet: Can't find any usable interfaces, rc = -ENOENT
00022 LNetError: Error -100 starting up LNI tcp
00022 LustreError: 1:0:(events.c:627:ptlrpc_init_portals()) network initialisation failed: rc = -100
00022 init: finit_module /lib/modules/7.0.0-ktest-b2ddd9c-6330a45-20260726-dirty/updates/ptlrpc.ko: Network is down
00022 init: failed to load lustre
00022 init: failed to load osd_zfs
00022 init: failed to load iwlwifi
00022 init: failed to load iwlmvm
00022 init: failed to load mt7921e
00022 init: failed to load i915
00022 init: failed to load nouveau
00037 Kernel version: 7.0.0-ktest-b2ddd9c-6330a45-20260726-dirty
00037 hook init_noop
00037 
00037 Running tests boot
00037 
00037 ========= TEST   boot
00037 boot
00037 
00037 ========= PASSED boot in 0s
00037 
00037 Passed: boot
00037 Failed: 
00037 NOTICE: Automounting of tracing to debugfs is deprecated and will be removed in 2030
00037 Kernel version: 7.0.0-ktest-b2ddd9c-6330a45-20260726-dirty
00037 TEST SUCCESS
