CLI: ./pk --podman-socket unix:///run/podman/podman.sock --shared-filesystem /tmp --tarball-input job lustre-ci --output /var/www/ci-lustre/upstream-patch-review --git-hash b30a586b11f96cea2dd01e85336c323b6fe013ff --change-id 58514_b30a586b11f96cea2dd01e85336c323b6fe013ff --subject LU-18842 llapi: create volatile file with a layout

Environment validated successfully
Note: custom LLVM is not synced in tarball input mode
Creating kernel tarball at /tmp/ktest-kernel.tar.gz...
Creating lustre tarball at /tmp/ktest-lustre.tar.gz...
Creating ZFS tarball at /tmp/ktest-zfs.tar.gz...
Executing 14 jobs
Jobs will start as soon as their dependencies are satisfied
Using tarball input mode

START ml-strict:lustre_mainline build tests/fs/lustre/boot-strict.ktest
START checkpatch:checkpatch tool checkpatch
START ml-miscvm:lustre_mainline_native build tests/fs/lustre/boot.ktest
START al2023:al2023 build tests/fs/lustre/boot.ktest
START ml:lustre_mainline build tests/fs/lustre/boot.ktest
START u24:u24 build tests/fs/lustre/boot.ktest
PUT /tmp/ktest-lustre.tar.gz 1s
PUT /tmp/ktest-lustre.tar.gz 2s
PUT /tmp/ktest-kernel.tar.gz 8s
PUT /tmp/ktest-kernel.tar.gz 9s
PUT /tmp/ktest-kernel.tar.gz 9s
PUT /tmp/ktest-kernel.tar.gz 9s
PUT /tmp/ktest-lustre.tar.gz 3s
PUT /tmp/ktest-lustre.tar.gz 3s
PUT /tmp/ktest-lustre.tar.gz 3s
PUT /tmp/ktest-lustre.tar.gz 4s
PUT /tmp/ktest-zfs.tar.gz 0s
PUT /tmp/ktest-zfs.tar.gz 0s
PUT /tmp/ktest-zfs.tar.gz 0s
END checkpatch:checkpatch tool checkpatch FAIL 16s (exit code: 1)
END u24:u24 build tests/fs/lustre/boot.ktest PASS 42s
END al2023:al2023 build tests/fs/lustre/boot.ktest PASS 44s
GET /tmp/ktest_ml:lustre_mainline_nsp77key.tar 0s
GET /tmp/ktest_ml-miscvm:lustre_mainline_native_4v66wxrc.tar 0s
END ml:lustre_mainline build tests/fs/lustre/boot.ktest PASS 153s
END ml-miscvm:lustre_mainline_native build tests/fs/lustre/boot.ktest PASS 154s
START ml-miscvm:boot run tests/fs/lustre/boot.ktest
START ml-miscvm:llmount run tests/fs/lustre/llmount.ktest
START ml-miscvm:llog-unit run tests/fs/lustre/llog-unit.ktest
START ml-miscvm:mgs-setup run tests/fs/lustre/mgs-setup.ktest
START ml-miscvm:sanity-1 run tests/fs/lustre/sanity/sanity-1.ktest
START ml-miscvm:sanity-2 run tests/fs/lustre/sanity/sanity-2.ktest
START ml-miscvm:sanity-3 run tests/fs/lustre/sanity/sanity-3.ktest
START ml-miscvm:sanity-4 run tests/fs/lustre/sanity/sanity-4.ktest
GET /tmp/ktest_ml-strict:lustre_mainline_m9qxu4he.tar 6s
END ml-strict:lustre_mainline build tests/fs/lustre/boot-strict.ktest FAIL 161s (exit code: 1)
PUT /tmp/ktest-kernel.tar.gz 30s
PUT /tmp/ktest-kernel.tar.gz 30s
PUT /tmp/ktest-kernel.tar.gz 30s
PUT /tmp/ktest-kernel.tar.gz 30s
PUT /tmp/ktest-kernel.tar.gz 30s
PUT /tmp/ktest-kernel.tar.gz 31s
PUT /tmp/ktest-kernel.tar.gz 31s
PUT /tmp/ktest-kernel.tar.gz 30s
PUT /tmp/ktest-lustre.tar.gz 9s
PUT /tmp/ktest-lustre.tar.gz 10s
PUT /tmp/ktest-lustre.tar.gz 10s
PUT /tmp/ktest-lustre.tar.gz 10s
PUT /tmp/ktest-lustre.tar.gz 11s
PUT /tmp/ktest-lustre.tar.gz 10s
PUT /tmp/ktest-lustre.tar.gz 11s
PUT /tmp/ktest-lustre.tar.gz 10s
PUT /tmp/ktest_ml-miscvm:lustre_mainline_native_4v66wxrc.tar 1s
PUT /tmp/ktest_ml-miscvm:lustre_mainline_native_4v66wxrc.tar 1s
PUT /tmp/ktest_ml-miscvm:lustre_mainline_native_4v66wxrc.tar 1s
PUT /tmp/ktest_ml-miscvm:lustre_mainline_native_4v66wxrc.tar 1s
PUT /tmp/ktest_ml-miscvm:lustre_mainline_native_4v66wxrc.tar 1s
PUT /tmp/ktest_ml-miscvm:lustre_mainline_native_4v66wxrc.tar 1s
PUT /tmp/ktest_ml-miscvm:lustre_mainline_native_4v66wxrc.tar 1s
PUT /tmp/ktest_ml-miscvm:lustre_mainline_native_4v66wxrc.tar 1s
END ml-miscvm:boot run tests/fs/lustre/boot.ktest PASS 53s
END ml-miscvm:mgs-setup run tests/fs/lustre/mgs-setup.ktest PASS 64s
END ml-miscvm:sanity-2 run tests/fs/lustre/sanity/sanity-2.ktest PASS 93s
END ml-miscvm:llmount run tests/fs/lustre/llmount.ktest PASS 104s
END ml-miscvm:sanity-4 run tests/fs/lustre/sanity/sanity-4.ktest PASS 106s
END ml-miscvm:sanity-3 run tests/fs/lustre/sanity/sanity-3.ktest PASS 107s
END ml-miscvm:sanity-1 run tests/fs/lustre/sanity/sanity-1.ktest PASS 108s
END ml-miscvm:llog-unit run tests/fs/lustre/llog-unit.ktest FAIL 140s (exit code: 1)

============================================================
Final Results:
  checkpatch:checkpatch: FAIL (16s) (log: /var/www/ci-lustre/upstream-patch-review/b30a586b11f96cea2dd01e85336c323b6fe013ff_checkpatch:checkpatch.log)
  u24:u24: PASS (42s) (log: /var/www/ci-lustre/upstream-patch-review/b30a586b11f96cea2dd01e85336c323b6fe013ff_u24:u24.log)
  al2023:al2023: PASS (44s) (log: /var/www/ci-lustre/upstream-patch-review/b30a586b11f96cea2dd01e85336c323b6fe013ff_al2023:al2023.log)
  ml-strict:lustre_mainline: FAIL (161s) (log: /var/www/ci-lustre/upstream-patch-review/b30a586b11f96cea2dd01e85336c323b6fe013ff_ml-strict:lustre_mainline.log)
  ml:lustre_mainline: PASS (153s) (log: /var/www/ci-lustre/upstream-patch-review/b30a586b11f96cea2dd01e85336c323b6fe013ff_ml:lustre_mainline.log)
  ml-miscvm:lustre_mainline_native: PASS (154s) (log: /var/www/ci-lustre/upstream-patch-review/b30a586b11f96cea2dd01e85336c323b6fe013ff_ml-miscvm:lustre_mainline_native.log)
  ml-miscvm:boot: PASS (53s) (log: /var/www/ci-lustre/upstream-patch-review/b30a586b11f96cea2dd01e85336c323b6fe013ff_ml-miscvm:boot.log)
  ml-miscvm:llmount: PASS (104s) (log: /var/www/ci-lustre/upstream-patch-review/b30a586b11f96cea2dd01e85336c323b6fe013ff_ml-miscvm:llmount.log)
  ml-miscvm:llog-unit: FAIL (140s) (log: /var/www/ci-lustre/upstream-patch-review/b30a586b11f96cea2dd01e85336c323b6fe013ff_ml-miscvm:llog-unit.log)
  ml-miscvm:mgs-setup: PASS (64s) (log: /var/www/ci-lustre/upstream-patch-review/b30a586b11f96cea2dd01e85336c323b6fe013ff_ml-miscvm:mgs-setup.log)
  ml-miscvm:sanity-1: PASS (108s) (log: /var/www/ci-lustre/upstream-patch-review/b30a586b11f96cea2dd01e85336c323b6fe013ff_ml-miscvm:sanity-1.log)
  ml-miscvm:sanity-2: PASS (93s) (log: /var/www/ci-lustre/upstream-patch-review/b30a586b11f96cea2dd01e85336c323b6fe013ff_ml-miscvm:sanity-2.log)
  ml-miscvm:sanity-3: PASS (107s) (log: /var/www/ci-lustre/upstream-patch-review/b30a586b11f96cea2dd01e85336c323b6fe013ff_ml-miscvm:sanity-3.log)
  ml-miscvm:sanity-4: PASS (106s) (log: /var/www/ci-lustre/upstream-patch-review/b30a586b11f96cea2dd01e85336c323b6fe013ff_ml-miscvm:sanity-4.log)

Total execution time: 325s

Packed 9693 logs from /var/www/ci-lustre/upstream-patch-review into /home/ktest/ktest/local-site/local_data.js
Open /home/ktest/ktest/local-site/index.html in a browser
