CLI: ./pk --podman-socket unix:///run/podman/podman.sock --shared-filesystem /tmp --tarball-input job lustre-ci --output /var/www/ci-lustre/upstream-patch-review --git-hash b342f718edd3b0474e72f28f75460020f59ecb0f --change-id 67310_b342f718edd3b0474e72f28f75460020f59ecb0f --subject LU-20485 mdt: drop ctxt if we have a NULL handle

Environment validated successfully
Note: custom LLVM is not synced in tarball input mode
Creating kernel tarball at /tmp/ktest-kernel.tar.gz...
Creating lustre tarball at /tmp/ktest-lustre.tar.gz...
Creating ZFS tarball at /tmp/ktest-zfs.tar.gz...
Executing 14 jobs
Jobs will start as soon as their dependencies are satisfied
Using tarball input mode

START ml:lustre_mainline build tests/fs/lustre/boot.ktest
START al2023:al2023 build tests/fs/lustre/boot.ktest
START ml-strict:lustre_mainline build tests/fs/lustre/boot-strict.ktest
START ml-miscvm:lustre_mainline_native build tests/fs/lustre/boot.ktest
START u24:u24 build tests/fs/lustre/boot.ktest
START checkpatch:checkpatch tool checkpatch
PUT /tmp/ktest-lustre.tar.gz 1s
PUT /tmp/ktest-lustre.tar.gz 1s
PUT /tmp/ktest-kernel.tar.gz 6s
PUT /tmp/ktest-kernel.tar.gz 7s
PUT /tmp/ktest-kernel.tar.gz 7s
PUT /tmp/ktest-kernel.tar.gz 7s
PUT /tmp/ktest-lustre.tar.gz 2s
PUT /tmp/ktest-lustre.tar.gz 2s
PUT /tmp/ktest-lustre.tar.gz 1s
PUT /tmp/ktest-lustre.tar.gz 2s
PUT /tmp/ktest-zfs.tar.gz 0s
PUT /tmp/ktest-zfs.tar.gz 0s
PUT /tmp/ktest-zfs.tar.gz 0s
END checkpatch:checkpatch tool checkpatch PASS 11s
END u24:u24 build tests/fs/lustre/boot.ktest PASS 36s
END al2023:al2023 build tests/fs/lustre/boot.ktest PASS 44s
GET /tmp/ktest_ml-miscvm:lustre_mainline_native_42f479iy.tar 0s
GET /tmp/ktest_ml:lustre_mainline_fozo28yj.tar 0s
END ml-miscvm:lustre_mainline_native build tests/fs/lustre/boot.ktest PASS 166s
START ml-miscvm:boot run tests/fs/lustre/boot.ktest
START ml-miscvm:llmount run tests/fs/lustre/llmount.ktest
START ml-miscvm:llog-unit run tests/fs/lustre/llog-unit.ktest
START ml-miscvm:mgs-setup run tests/fs/lustre/mgs-setup.ktest
START ml-miscvm:sanity-1 run tests/fs/lustre/sanity/sanity-1.ktest
START ml-miscvm:sanity-2 run tests/fs/lustre/sanity/sanity-2.ktest
START ml-miscvm:sanity-3 run tests/fs/lustre/sanity/sanity-3.ktest
START ml-miscvm:sanity-4 run tests/fs/lustre/sanity/sanity-4.ktest
END ml:lustre_mainline build tests/fs/lustre/boot.ktest PASS 167s
GET /tmp/ktest_ml-strict:lustre_mainline_c8r6v7pb.tar 9s
END ml-strict:lustre_mainline build tests/fs/lustre/boot-strict.ktest FAIL 176s (exit code: 1)
PUT /tmp/ktest-kernel.tar.gz 45s
PUT /tmp/ktest-kernel.tar.gz 45s
PUT /tmp/ktest-kernel.tar.gz 45s
PUT /tmp/ktest-kernel.tar.gz 45s
PUT /tmp/ktest-kernel.tar.gz 46s
PUT /tmp/ktest-kernel.tar.gz 45s
PUT /tmp/ktest-kernel.tar.gz 46s
PUT /tmp/ktest-kernel.tar.gz 46s
PUT /tmp/ktest-lustre.tar.gz 9s
PUT /tmp/ktest-lustre.tar.gz 9s
PUT /tmp/ktest-lustre.tar.gz 8s
PUT /tmp/ktest-lustre.tar.gz 9s
PUT /tmp/ktest-lustre.tar.gz 9s
PUT /tmp/ktest-lustre.tar.gz 10s
PUT /tmp/ktest-lustre.tar.gz 9s
PUT /tmp/ktest-lustre.tar.gz 9s
PUT /tmp/ktest_ml-miscvm:lustre_mainline_native_42f479iy.tar 0s
PUT /tmp/ktest_ml-miscvm:lustre_mainline_native_42f479iy.tar 0s
PUT /tmp/ktest_ml-miscvm:lustre_mainline_native_42f479iy.tar 0s
PUT /tmp/ktest_ml-miscvm:lustre_mainline_native_42f479iy.tar 0s
PUT /tmp/ktest_ml-miscvm:lustre_mainline_native_42f479iy.tar 0s
PUT /tmp/ktest_ml-miscvm:lustre_mainline_native_42f479iy.tar 0s
PUT /tmp/ktest_ml-miscvm:lustre_mainline_native_42f479iy.tar 0s
PUT /tmp/ktest_ml-miscvm:lustre_mainline_native_42f479iy.tar 0s
END ml-miscvm:boot run tests/fs/lustre/boot.ktest PASS 69s
END ml-miscvm:mgs-setup run tests/fs/lustre/mgs-setup.ktest PASS 78s
END ml-miscvm:sanity-4 run tests/fs/lustre/sanity/sanity-4.ktest PASS 106s
END ml-miscvm:sanity-2 run tests/fs/lustre/sanity/sanity-2.ktest PASS 107s
END ml-miscvm:sanity-1 run tests/fs/lustre/sanity/sanity-1.ktest PASS 108s
END ml-miscvm:sanity-3 run tests/fs/lustre/sanity/sanity-3.ktest PASS 110s
END ml-miscvm:llmount run tests/fs/lustre/llmount.ktest PASS 117s
END ml-miscvm:llog-unit run tests/fs/lustre/llog-unit.ktest FAIL 155s (exit code: 1)

============================================================
Final Results:
  checkpatch:checkpatch: PASS (11s) (log: /var/www/ci-lustre/upstream-patch-review/b342f718edd3b0474e72f28f75460020f59ecb0f_checkpatch:checkpatch.log)
  u24:u24: PASS (36s) (log: /var/www/ci-lustre/upstream-patch-review/b342f718edd3b0474e72f28f75460020f59ecb0f_u24:u24.log)
  al2023:al2023: PASS (44s) (log: /var/www/ci-lustre/upstream-patch-review/b342f718edd3b0474e72f28f75460020f59ecb0f_al2023:al2023.log)
  ml-strict:lustre_mainline: FAIL (176s) (log: /var/www/ci-lustre/upstream-patch-review/b342f718edd3b0474e72f28f75460020f59ecb0f_ml-strict:lustre_mainline.log)
  ml:lustre_mainline: PASS (167s) (log: /var/www/ci-lustre/upstream-patch-review/b342f718edd3b0474e72f28f75460020f59ecb0f_ml:lustre_mainline.log)
  ml-miscvm:lustre_mainline_native: PASS (166s) (log: /var/www/ci-lustre/upstream-patch-review/b342f718edd3b0474e72f28f75460020f59ecb0f_ml-miscvm:lustre_mainline_native.log)
  ml-miscvm:boot: PASS (69s) (log: /var/www/ci-lustre/upstream-patch-review/b342f718edd3b0474e72f28f75460020f59ecb0f_ml-miscvm:boot.log)
  ml-miscvm:llmount: PASS (117s) (log: /var/www/ci-lustre/upstream-patch-review/b342f718edd3b0474e72f28f75460020f59ecb0f_ml-miscvm:llmount.log)
  ml-miscvm:llog-unit: FAIL (155s) (log: /var/www/ci-lustre/upstream-patch-review/b342f718edd3b0474e72f28f75460020f59ecb0f_ml-miscvm:llog-unit.log)
  ml-miscvm:mgs-setup: PASS (78s) (log: /var/www/ci-lustre/upstream-patch-review/b342f718edd3b0474e72f28f75460020f59ecb0f_ml-miscvm:mgs-setup.log)
  ml-miscvm:sanity-1: PASS (108s) (log: /var/www/ci-lustre/upstream-patch-review/b342f718edd3b0474e72f28f75460020f59ecb0f_ml-miscvm:sanity-1.log)
  ml-miscvm:sanity-2: PASS (107s) (log: /var/www/ci-lustre/upstream-patch-review/b342f718edd3b0474e72f28f75460020f59ecb0f_ml-miscvm:sanity-2.log)
  ml-miscvm:sanity-3: PASS (110s) (log: /var/www/ci-lustre/upstream-patch-review/b342f718edd3b0474e72f28f75460020f59ecb0f_ml-miscvm:sanity-3.log)
  ml-miscvm:sanity-4: PASS (106s) (log: /var/www/ci-lustre/upstream-patch-review/b342f718edd3b0474e72f28f75460020f59ecb0f_ml-miscvm:sanity-4.log)

Total execution time: 351s

Packed 1000 logs from /var/www/ci-lustre/upstream-patch-review into /home/ktest/ktest/local-site/local_data.js
Open /home/ktest/ktest/local-site/index.html in a browser
