CLI: ./pk --podman-socket unix:///run/podman/podman.sock --shared-filesystem /tmp --tarball-input job lustre-ci --output /var/www/ci-lustre/upstream-patch-review --git-hash b36f6334bf0f982816d5eb98bd4fdde6e209861c --change-id 68022_b36f6334bf0f982816d5eb98bd4fdde6e209861c --subject LU-20587 lnet: fix NULL pointer deref in lnet_peer_ni_show_dump

Environment validated successfully
Note: custom LLVM is not synced in tarball input mode
Creating kernel tarball at /tmp/ktest-kernel.tar.gz...
Creating lustre tarball at /tmp/ktest-lustre.tar.gz...
Creating ZFS tarball at /tmp/ktest-zfs.tar.gz...
Executing 14 jobs
Jobs will start as soon as their dependencies are satisfied
Using tarball input mode

START al2023:al2023 build tests/fs/lustre/boot.ktest
START ml-miscvm:lustre_mainline_native build tests/fs/lustre/boot.ktest
START checkpatch:checkpatch tool checkpatch
START ml-strict:lustre_mainline build tests/fs/lustre/boot-strict.ktest
START u24:u24 build tests/fs/lustre/boot.ktest
START ml:lustre_mainline build tests/fs/lustre/boot.ktest
PUT /tmp/ktest-lustre.tar.gz 1s
PUT /tmp/ktest-lustre.tar.gz 1s
PUT /tmp/ktest-kernel.tar.gz 6s
PUT /tmp/ktest-kernel.tar.gz 7s
PUT /tmp/ktest-kernel.tar.gz 7s
PUT /tmp/ktest-kernel.tar.gz 7s
PUT /tmp/ktest-lustre.tar.gz 1s
PUT /tmp/ktest-lustre.tar.gz 1s
PUT /tmp/ktest-lustre.tar.gz 1s
PUT /tmp/ktest-lustre.tar.gz 1s
PUT /tmp/ktest-zfs.tar.gz 0s
PUT /tmp/ktest-zfs.tar.gz 0s
PUT /tmp/ktest-zfs.tar.gz 0s
END checkpatch:checkpatch tool checkpatch FAIL 11s (exit code: 1)
END u24:u24 build tests/fs/lustre/boot.ktest PASS 37s
END al2023:al2023 build tests/fs/lustre/boot.ktest PASS 44s
GET /tmp/ktest_ml-miscvm:lustre_mainline_native_ntqtlcft.tar 0s
GET /tmp/ktest_ml:lustre_mainline_p7ndn3ph.tar 0s
END ml-miscvm:lustre_mainline_native build tests/fs/lustre/boot.ktest PASS 146s
START ml-miscvm:boot run tests/fs/lustre/boot.ktest
START ml-miscvm:llmount run tests/fs/lustre/llmount.ktest
START ml-miscvm:llog-unit run tests/fs/lustre/llog-unit.ktest
START ml-miscvm:mgs-setup run tests/fs/lustre/mgs-setup.ktest
START ml-miscvm:sanity-1 run tests/fs/lustre/sanity/sanity-1.ktest
START ml-miscvm:sanity-2 run tests/fs/lustre/sanity/sanity-2.ktest
START ml-miscvm:sanity-3 run tests/fs/lustre/sanity/sanity-3.ktest
START ml-miscvm:sanity-4 run tests/fs/lustre/sanity/sanity-4.ktest
END ml:lustre_mainline build tests/fs/lustre/boot.ktest PASS 147s
GET /tmp/ktest_ml-strict:lustre_mainline_4k1_l15z.tar 6s
END ml-strict:lustre_mainline build tests/fs/lustre/boot-strict.ktest FAIL 154s (exit code: 1)
PUT /tmp/ktest-kernel.tar.gz 19s
PUT /tmp/ktest-kernel.tar.gz 19s
PUT /tmp/ktest-kernel.tar.gz 19s
PUT /tmp/ktest-kernel.tar.gz 19s
PUT /tmp/ktest-kernel.tar.gz 19s
PUT /tmp/ktest-kernel.tar.gz 19s
PUT /tmp/ktest-kernel.tar.gz 19s
PUT /tmp/ktest-kernel.tar.gz 19s
PUT /tmp/ktest-lustre.tar.gz 5s
PUT /tmp/ktest-lustre.tar.gz 4s
PUT /tmp/ktest-lustre.tar.gz 4s
PUT /tmp/ktest-lustre.tar.gz 5s
PUT /tmp/ktest-lustre.tar.gz 4s
PUT /tmp/ktest-lustre.tar.gz 4s
PUT /tmp/ktest-lustre.tar.gz 4s
PUT /tmp/ktest-lustre.tar.gz 5s
PUT /tmp/ktest_ml-miscvm:lustre_mainline_native_ntqtlcft.tar 0s
PUT /tmp/ktest_ml-miscvm:lustre_mainline_native_ntqtlcft.tar 0s
PUT /tmp/ktest_ml-miscvm:lustre_mainline_native_ntqtlcft.tar 0s
PUT /tmp/ktest_ml-miscvm:lustre_mainline_native_ntqtlcft.tar 0s
PUT /tmp/ktest_ml-miscvm:lustre_mainline_native_ntqtlcft.tar 0s
PUT /tmp/ktest_ml-miscvm:lustre_mainline_native_ntqtlcft.tar 0s
PUT /tmp/ktest_ml-miscvm:lustre_mainline_native_ntqtlcft.tar 0s
PUT /tmp/ktest_ml-miscvm:lustre_mainline_native_ntqtlcft.tar 0s
END ml-miscvm:boot run tests/fs/lustre/boot.ktest PASS 37s
END ml-miscvm:mgs-setup run tests/fs/lustre/mgs-setup.ktest PASS 47s
END ml-miscvm:sanity-4 run tests/fs/lustre/sanity/sanity-4.ktest PASS 76s
END ml-miscvm:sanity-3 run tests/fs/lustre/sanity/sanity-3.ktest PASS 77s
END ml-miscvm:sanity-2 run tests/fs/lustre/sanity/sanity-2.ktest PASS 79s
END ml-miscvm:sanity-1 run tests/fs/lustre/sanity/sanity-1.ktest PASS 86s
END ml-miscvm:llmount run tests/fs/lustre/llmount.ktest PASS 87s
END ml-miscvm:llog-unit run tests/fs/lustre/llog-unit.ktest FAIL 122s (exit code: 1)

============================================================
Final Results:
  checkpatch:checkpatch: FAIL (11s) (log: /var/www/ci-lustre/upstream-patch-review/b36f6334bf0f982816d5eb98bd4fdde6e209861c_checkpatch:checkpatch.log)
  u24:u24: PASS (37s) (log: /var/www/ci-lustre/upstream-patch-review/b36f6334bf0f982816d5eb98bd4fdde6e209861c_u24:u24.log)
  al2023:al2023: PASS (44s) (log: /var/www/ci-lustre/upstream-patch-review/b36f6334bf0f982816d5eb98bd4fdde6e209861c_al2023:al2023.log)
  ml-strict:lustre_mainline: FAIL (154s) (log: /var/www/ci-lustre/upstream-patch-review/b36f6334bf0f982816d5eb98bd4fdde6e209861c_ml-strict:lustre_mainline.log)
  ml:lustre_mainline: PASS (147s) (log: /var/www/ci-lustre/upstream-patch-review/b36f6334bf0f982816d5eb98bd4fdde6e209861c_ml:lustre_mainline.log)
  ml-miscvm:lustre_mainline_native: PASS (146s) (log: /var/www/ci-lustre/upstream-patch-review/b36f6334bf0f982816d5eb98bd4fdde6e209861c_ml-miscvm:lustre_mainline_native.log)
  ml-miscvm:boot: PASS (37s) (log: /var/www/ci-lustre/upstream-patch-review/b36f6334bf0f982816d5eb98bd4fdde6e209861c_ml-miscvm:boot.log)
  ml-miscvm:llmount: PASS (87s) (log: /var/www/ci-lustre/upstream-patch-review/b36f6334bf0f982816d5eb98bd4fdde6e209861c_ml-miscvm:llmount.log)
  ml-miscvm:llog-unit: FAIL (122s) (log: /var/www/ci-lustre/upstream-patch-review/b36f6334bf0f982816d5eb98bd4fdde6e209861c_ml-miscvm:llog-unit.log)
  ml-miscvm:mgs-setup: PASS (47s) (log: /var/www/ci-lustre/upstream-patch-review/b36f6334bf0f982816d5eb98bd4fdde6e209861c_ml-miscvm:mgs-setup.log)
  ml-miscvm:sanity-1: PASS (86s) (log: /var/www/ci-lustre/upstream-patch-review/b36f6334bf0f982816d5eb98bd4fdde6e209861c_ml-miscvm:sanity-1.log)
  ml-miscvm:sanity-2: PASS (79s) (log: /var/www/ci-lustre/upstream-patch-review/b36f6334bf0f982816d5eb98bd4fdde6e209861c_ml-miscvm:sanity-2.log)
  ml-miscvm:sanity-3: PASS (77s) (log: /var/www/ci-lustre/upstream-patch-review/b36f6334bf0f982816d5eb98bd4fdde6e209861c_ml-miscvm:sanity-3.log)
  ml-miscvm:sanity-4: PASS (76s) (log: /var/www/ci-lustre/upstream-patch-review/b36f6334bf0f982816d5eb98bd4fdde6e209861c_ml-miscvm:sanity-4.log)

Total execution time: 299s

Packed 7870 logs from /var/www/ci-lustre/upstream-patch-review into /home/ktest/ktest/local-site/local_data.js
Open /home/ktest/ktest/local-site/index.html in a browser
