CLI: ./pk --podman-socket unix:///run/podman/podman.sock --shared-filesystem /tmp --tarball-input job lustre-ci --output /var/www/ci-lustre/upstream-patch-review --git-hash b3c2dd5b7f0208003bb603ae3c0099b9d7d23ea9 --change-id 68414_b3c2dd5b7f0208003bb603ae3c0099b9d7d23ea9 --subject LU-20648 mdc: a user with no changelog mask restricts nothing

Environment validated successfully
Note: custom LLVM is not synced in tarball input mode
Creating kernel tarball at /tmp/ktest-kernel.tar.gz...
Creating lustre tarball at /tmp/ktest-lustre.tar.gz...
Creating ZFS tarball at /tmp/ktest-zfs.tar.gz...
Executing 14 jobs
Jobs will start as soon as their dependencies are satisfied
Using tarball input mode

START ml-miscvm:lustre_mainline_native build tests/fs/lustre/boot.ktest
START ml:lustre_mainline build tests/fs/lustre/boot.ktest
START ml-strict:lustre_mainline build tests/fs/lustre/boot-strict.ktest
START checkpatch:checkpatch tool checkpatch
START u24:u24 build tests/fs/lustre/boot.ktest
START al2023:al2023 build tests/fs/lustre/boot.ktest
PUT /tmp/ktest-lustre.tar.gz 1s
PUT /tmp/ktest-lustre.tar.gz 1s
PUT /tmp/ktest-kernel.tar.gz 8s
PUT /tmp/ktest-kernel.tar.gz 8s
PUT /tmp/ktest-kernel.tar.gz 8s
PUT /tmp/ktest-kernel.tar.gz 8s
PUT /tmp/ktest-lustre.tar.gz 2s
PUT /tmp/ktest-lustre.tar.gz 2s
PUT /tmp/ktest-lustre.tar.gz 2s
PUT /tmp/ktest-lustre.tar.gz 2s
PUT /tmp/ktest-zfs.tar.gz 0s
PUT /tmp/ktest-zfs.tar.gz 0s
PUT /tmp/ktest-zfs.tar.gz 0s
END checkpatch:checkpatch tool checkpatch PASS 13s
END u24:u24 build tests/fs/lustre/boot.ktest PASS 39s
END al2023:al2023 build tests/fs/lustre/boot.ktest PASS 45s
GET /tmp/ktest_ml:lustre_mainline_elychzat.tar 0s
END ml:lustre_mainline build tests/fs/lustre/boot.ktest PASS 147s
GET /tmp/ktest_ml-strict:lustre_mainline_iqtbupmy.tar 4s
GET /tmp/ktest_ml-miscvm:lustre_mainline_native_4m7abdlc.tar 1s
END ml-strict:lustre_mainline build tests/fs/lustre/boot-strict.ktest FAIL 149s (exit code: 1)
END ml-miscvm:lustre_mainline_native build tests/fs/lustre/boot.ktest PASS 150s
START ml-miscvm:boot run tests/fs/lustre/boot.ktest
START ml-miscvm:llmount run tests/fs/lustre/llmount.ktest
START ml-miscvm:llog-unit run tests/fs/lustre/llog-unit.ktest
START ml-miscvm:mgs-setup run tests/fs/lustre/mgs-setup.ktest
START ml-miscvm:sanity-1 run tests/fs/lustre/sanity/sanity-1.ktest
START ml-miscvm:sanity-2 run tests/fs/lustre/sanity/sanity-2.ktest
START ml-miscvm:sanity-3 run tests/fs/lustre/sanity/sanity-3.ktest
START ml-miscvm:sanity-4 run tests/fs/lustre/sanity/sanity-4.ktest
PUT /tmp/ktest-kernel.tar.gz 13s
PUT /tmp/ktest-kernel.tar.gz 13s
PUT /tmp/ktest-kernel.tar.gz 13s
PUT /tmp/ktest-kernel.tar.gz 14s
PUT /tmp/ktest-kernel.tar.gz 14s
PUT /tmp/ktest-kernel.tar.gz 14s
PUT /tmp/ktest-kernel.tar.gz 14s
PUT /tmp/ktest-kernel.tar.gz 14s
PUT /tmp/ktest-lustre.tar.gz 4s
PUT /tmp/ktest-lustre.tar.gz 3s
PUT /tmp/ktest-lustre.tar.gz 3s
PUT /tmp/ktest-lustre.tar.gz 3s
PUT /tmp/ktest-lustre.tar.gz 4s
PUT /tmp/ktest-lustre.tar.gz 4s
PUT /tmp/ktest-lustre.tar.gz 4s
PUT /tmp/ktest-lustre.tar.gz 3s
PUT /tmp/ktest_ml-miscvm:lustre_mainline_native_4m7abdlc.tar 0s
PUT /tmp/ktest_ml-miscvm:lustre_mainline_native_4m7abdlc.tar 0s
PUT /tmp/ktest_ml-miscvm:lustre_mainline_native_4m7abdlc.tar 0s
PUT /tmp/ktest_ml-miscvm:lustre_mainline_native_4m7abdlc.tar 0s
PUT /tmp/ktest_ml-miscvm:lustre_mainline_native_4m7abdlc.tar 0s
PUT /tmp/ktest_ml-miscvm:lustre_mainline_native_4m7abdlc.tar 0s
PUT /tmp/ktest_ml-miscvm:lustre_mainline_native_4m7abdlc.tar 0s
PUT /tmp/ktest_ml-miscvm:lustre_mainline_native_4m7abdlc.tar 0s
END ml-miscvm:boot run tests/fs/lustre/boot.ktest PASS 29s
END ml-miscvm:mgs-setup run tests/fs/lustre/mgs-setup.ktest PASS 38s
END ml-miscvm:sanity-4 run tests/fs/lustre/sanity/sanity-4.ktest PASS 65s
END ml-miscvm:sanity-1 run tests/fs/lustre/sanity/sanity-1.ktest PASS 69s
END ml-miscvm:sanity-2 run tests/fs/lustre/sanity/sanity-2.ktest PASS 70s
END ml-miscvm:sanity-3 run tests/fs/lustre/sanity/sanity-3.ktest PASS 72s
END ml-miscvm:llmount run tests/fs/lustre/llmount.ktest PASS 78s
END ml-miscvm:llog-unit run tests/fs/lustre/llog-unit.ktest FAIL 115s (exit code: 1)

============================================================
Final Results:
  checkpatch:checkpatch: PASS (13s) (log: /var/www/ci-lustre/upstream-patch-review/b3c2dd5b7f0208003bb603ae3c0099b9d7d23ea9_checkpatch:checkpatch.log)
  u24:u24: PASS (39s) (log: /var/www/ci-lustre/upstream-patch-review/b3c2dd5b7f0208003bb603ae3c0099b9d7d23ea9_u24:u24.log)
  al2023:al2023: PASS (45s) (log: /var/www/ci-lustre/upstream-patch-review/b3c2dd5b7f0208003bb603ae3c0099b9d7d23ea9_al2023:al2023.log)
  ml-strict:lustre_mainline: FAIL (149s) (log: /var/www/ci-lustre/upstream-patch-review/b3c2dd5b7f0208003bb603ae3c0099b9d7d23ea9_ml-strict:lustre_mainline.log)
  ml:lustre_mainline: PASS (147s) (log: /var/www/ci-lustre/upstream-patch-review/b3c2dd5b7f0208003bb603ae3c0099b9d7d23ea9_ml:lustre_mainline.log)
  ml-miscvm:lustre_mainline_native: PASS (150s) (log: /var/www/ci-lustre/upstream-patch-review/b3c2dd5b7f0208003bb603ae3c0099b9d7d23ea9_ml-miscvm:lustre_mainline_native.log)
  ml-miscvm:boot: PASS (29s) (log: /var/www/ci-lustre/upstream-patch-review/b3c2dd5b7f0208003bb603ae3c0099b9d7d23ea9_ml-miscvm:boot.log)
  ml-miscvm:llmount: PASS (78s) (log: /var/www/ci-lustre/upstream-patch-review/b3c2dd5b7f0208003bb603ae3c0099b9d7d23ea9_ml-miscvm:llmount.log)
  ml-miscvm:llog-unit: FAIL (115s) (log: /var/www/ci-lustre/upstream-patch-review/b3c2dd5b7f0208003bb603ae3c0099b9d7d23ea9_ml-miscvm:llog-unit.log)
  ml-miscvm:mgs-setup: PASS (38s) (log: /var/www/ci-lustre/upstream-patch-review/b3c2dd5b7f0208003bb603ae3c0099b9d7d23ea9_ml-miscvm:mgs-setup.log)
  ml-miscvm:sanity-1: PASS (69s) (log: /var/www/ci-lustre/upstream-patch-review/b3c2dd5b7f0208003bb603ae3c0099b9d7d23ea9_ml-miscvm:sanity-1.log)
  ml-miscvm:sanity-2: PASS (70s) (log: /var/www/ci-lustre/upstream-patch-review/b3c2dd5b7f0208003bb603ae3c0099b9d7d23ea9_ml-miscvm:sanity-2.log)
  ml-miscvm:sanity-3: PASS (72s) (log: /var/www/ci-lustre/upstream-patch-review/b3c2dd5b7f0208003bb603ae3c0099b9d7d23ea9_ml-miscvm:sanity-3.log)
  ml-miscvm:sanity-4: PASS (65s) (log: /var/www/ci-lustre/upstream-patch-review/b3c2dd5b7f0208003bb603ae3c0099b9d7d23ea9_ml-miscvm:sanity-4.log)

Total execution time: 295s

Packed 19524 logs from /var/www/ci-lustre/upstream-patch-review into /home/ktest/ktest/local-site/local_data.js
Open /home/ktest/ktest/local-site/index.html in a browser
