WARNING:CONSTANT_COMPARISON: Comparisons should place the constant on the right side of the test
#70: FILE: lustre/osd-ldiskfs/osd_handler.c:9147:
+#if LUSTRE_VERSION_CODE < OBD_OCD_VERSION(2, 18, 53, 0)

WARNING:CONSTANT_COMPARISON: Comparisons should place the constant on the right side of the test
#107: FILE: lustre/osd-ldiskfs/osd_internal.h:949:
+#if LUSTRE_VERSION_CODE < OBD_OCD_VERSION(2, 18, 53, 0)

WARNING:CONSTANT_COMPARISON: Comparisons should place the constant on the right side of the test
#132: FILE: lustre/osd-ldiskfs/osd_lproc.c:39:
+#if LUSTRE_VERSION_CODE < OBD_OCD_VERSION(2, 18, 53, 0)

WARNING:CONSTANT_COMPARISON: Comparisons should place the constant on the right side of the test
#143: FILE: lustre/osd-ldiskfs/osd_lproc.c:134:
+#if LUSTRE_VERSION_CODE < OBD_OCD_VERSION(2, 18, 53, 0)

WARNING:CONSTANT_COMPARISON: Comparisons should place the constant on the right side of the test
#197: FILE: lustre/osd-ldiskfs/osd_lproc.c:919:
+#if LUSTRE_VERSION_CODE < OBD_OCD_VERSION(2, 18, 53, 0)

WARNING:CONSTANT_COMPARISON: Comparisons should place the constant on the right side of the test
#227: FILE: lustre/osd-ldiskfs/osd_lproc.c:944:
+#if LUSTRE_VERSION_CODE < OBD_OCD_VERSION(2, 18, 53, 0)

WARNING:CONSTANT_COMPARISON: Comparisons should place the constant on the right side of the test
#280: FILE: lustre/osd-zfs/osd_handler.c:1690:
+#if LUSTRE_VERSION_CODE < OBD_OCD_VERSION(2, 18, 53, 0)

WARNING:CONSTANT_COMPARISON: Comparisons should place the constant on the right side of the test
#298: FILE: lustre/osd-zfs/osd_internal.h:628:
+#if LUSTRE_VERSION_CODE < OBD_OCD_VERSION(2, 18, 53, 0)

WARNING:CONSTANT_COMPARISON: Comparisons should place the constant on the right side of the test
#317: FILE: lustre/osd-zfs/osd_lproc.c:26:
+#if LUSTRE_VERSION_CODE < OBD_OCD_VERSION(2, 18, 53, 0)

WARNING:CONSTANT_COMPARISON: Comparisons should place the constant on the right side of the test
#328: FILE: lustre/osd-zfs/osd_lproc.c:126:
+#if LUSTRE_VERSION_CODE < OBD_OCD_VERSION(2, 18, 53, 0)

WARNING:CONSTANT_COMPARISON: Comparisons should place the constant on the right side of the test
#380: FILE: lustre/osd-zfs/osd_lproc.c:503:
+#if LUSTRE_VERSION_CODE < OBD_OCD_VERSION(2, 18, 53, 0)

WARNING:CONST_STRUCT: struct kobj_type should normally be const
#751: FILE: lustre/quota/qmt_internal.h:169:
+	struct kobj_type	qpi_ktype;

WARNING:CONST_STRUCT: struct kobj_type should normally be const
#1022: FILE: lustre/quota/qsd_internal.h:111:
+	struct kobj_type	qsd_ktype;

total: 0 errors, 13 warnings, 1410 lines checked

NOTE: For some of the reported defects, checkpatch may be able to
      mechanically convert to the typical style using --fix or --fix-inplace.

Your patch has style problems, please review.

NOTE: If any of the errors are false positives, please report
      them to the maintainer, see CHECKPATCH in MAINTAINERS.
