CLI: ./pk --podman-socket unix:///run/podman/podman.sock --shared-filesystem /tmp --tarball-input job lustre-ci --output /var/www/ci-lustre/upstream-patch-review --git-hash b4eb73504fd763b65075dcd2d484cc70f8c824b8 --change-id 65184_b4eb73504fd763b65075dcd2d484cc70f8c824b8 --subject LU-19066 ofd: add os_failure_domain to struct obd_statfs

Environment validated successfully
Note: custom LLVM is not synced in tarball input mode
Creating kernel tarball at /tmp/ktest-kernel.tar.gz...
Creating lustre tarball at /tmp/ktest-lustre.tar.gz...
Creating ZFS tarball at /tmp/ktest-zfs.tar.gz...
Executing 14 jobs
Jobs will start as soon as their dependencies are satisfied
Using tarball input mode

START u24:u24 build tests/fs/lustre/boot.ktest
START ml:lustre_mainline build tests/fs/lustre/boot.ktest
START al2023:al2023 build tests/fs/lustre/boot.ktest
START ml-strict:lustre_mainline build tests/fs/lustre/boot-strict.ktest
START ml-miscvm:lustre_mainline_native build tests/fs/lustre/boot.ktest
START checkpatch:checkpatch tool checkpatch
PUT /tmp/ktest-lustre.tar.gz 1s
PUT /tmp/ktest-lustre.tar.gz 1s
PUT /tmp/ktest-kernel.tar.gz 7s
PUT /tmp/ktest-kernel.tar.gz 7s
PUT /tmp/ktest-kernel.tar.gz 7s
PUT /tmp/ktest-kernel.tar.gz 7s
PUT /tmp/ktest-lustre.tar.gz 4s
PUT /tmp/ktest-lustre.tar.gz 3s
PUT /tmp/ktest-lustre.tar.gz 3s
PUT /tmp/ktest-lustre.tar.gz 4s
PUT /tmp/ktest-zfs.tar.gz 0s
PUT /tmp/ktest-zfs.tar.gz 0s
PUT /tmp/ktest-zfs.tar.gz 0s
END checkpatch:checkpatch tool checkpatch FAIL 14s (exit code: 1)
END u24:u24 build tests/fs/lustre/boot.ktest PASS 42s
END al2023:al2023 build tests/fs/lustre/boot.ktest PASS 47s
GET /tmp/ktest_ml:lustre_mainline_v1z4y6_8.tar 0s
END ml:lustre_mainline build tests/fs/lustre/boot.ktest PASS 207s
GET /tmp/ktest_ml-miscvm:lustre_mainline_native_fsr2qoeq.tar 0s
END ml-miscvm:lustre_mainline_native build tests/fs/lustre/boot.ktest PASS 209s
START ml-miscvm:boot run tests/fs/lustre/boot.ktest
START ml-miscvm:llmount run tests/fs/lustre/llmount.ktest
START ml-miscvm:llog-unit run tests/fs/lustre/llog-unit.ktest
START ml-miscvm:mgs-setup run tests/fs/lustre/mgs-setup.ktest
START ml-miscvm:sanity-1 run tests/fs/lustre/sanity/sanity-1.ktest
START ml-miscvm:sanity-2 run tests/fs/lustre/sanity/sanity-2.ktest
START ml-miscvm:sanity-3 run tests/fs/lustre/sanity/sanity-3.ktest
START ml-miscvm:sanity-4 run tests/fs/lustre/sanity/sanity-4.ktest
GET /tmp/ktest_ml-strict:lustre_mainline_iu8ac3mc.tar 7s
END ml-strict:lustre_mainline build tests/fs/lustre/boot-strict.ktest FAIL 212s (exit code: 1)
PUT /tmp/ktest-kernel.tar.gz 46s
PUT /tmp/ktest-kernel.tar.gz 44s
PUT /tmp/ktest-kernel.tar.gz 44s
PUT /tmp/ktest-kernel.tar.gz 44s
PUT /tmp/ktest-kernel.tar.gz 44s
PUT /tmp/ktest-kernel.tar.gz 45s
PUT /tmp/ktest-kernel.tar.gz 44s
PUT /tmp/ktest-kernel.tar.gz 45s
PUT /tmp/ktest-lustre.tar.gz 11s
PUT /tmp/ktest-lustre.tar.gz 11s
PUT /tmp/ktest-lustre.tar.gz 10s
PUT /tmp/ktest-lustre.tar.gz 10s
PUT /tmp/ktest-lustre.tar.gz 10s
PUT /tmp/ktest-lustre.tar.gz 11s
PUT /tmp/ktest-lustre.tar.gz 11s
PUT /tmp/ktest-lustre.tar.gz 10s
PUT /tmp/ktest_ml-miscvm:lustre_mainline_native_fsr2qoeq.tar 1s
PUT /tmp/ktest_ml-miscvm:lustre_mainline_native_fsr2qoeq.tar 1s
PUT /tmp/ktest_ml-miscvm:lustre_mainline_native_fsr2qoeq.tar 1s
PUT /tmp/ktest_ml-miscvm:lustre_mainline_native_fsr2qoeq.tar 1s
PUT /tmp/ktest_ml-miscvm:lustre_mainline_native_fsr2qoeq.tar 1s
PUT /tmp/ktest_ml-miscvm:lustre_mainline_native_fsr2qoeq.tar 1s
PUT /tmp/ktest_ml-miscvm:lustre_mainline_native_fsr2qoeq.tar 1s
PUT /tmp/ktest_ml-miscvm:lustre_mainline_native_fsr2qoeq.tar 1s
END ml-miscvm:boot run tests/fs/lustre/boot.ktest PASS 69s
END ml-miscvm:mgs-setup run tests/fs/lustre/mgs-setup.ktest PASS 79s
END ml-miscvm:sanity-3 run tests/fs/lustre/sanity/sanity-3.ktest PASS 108s
END ml-miscvm:sanity-1 run tests/fs/lustre/sanity/sanity-1.ktest PASS 110s
END ml-miscvm:sanity-2 run tests/fs/lustre/sanity/sanity-2.ktest PASS 111s
END ml-miscvm:llmount run tests/fs/lustre/llmount.ktest PASS 118s
END ml-miscvm:sanity-4 run tests/fs/lustre/sanity/sanity-4.ktest PASS 120s
END ml-miscvm:llog-unit run tests/fs/lustre/llog-unit.ktest FAIL 156s (exit code: 1)

============================================================
Final Results:
  checkpatch:checkpatch: FAIL (14s) (log: /var/www/ci-lustre/upstream-patch-review/b4eb73504fd763b65075dcd2d484cc70f8c824b8_checkpatch:checkpatch.log)
  u24:u24: PASS (42s) (log: /var/www/ci-lustre/upstream-patch-review/b4eb73504fd763b65075dcd2d484cc70f8c824b8_u24:u24.log)
  al2023:al2023: PASS (47s) (log: /var/www/ci-lustre/upstream-patch-review/b4eb73504fd763b65075dcd2d484cc70f8c824b8_al2023:al2023.log)
  ml-strict:lustre_mainline: FAIL (212s) (log: /var/www/ci-lustre/upstream-patch-review/b4eb73504fd763b65075dcd2d484cc70f8c824b8_ml-strict:lustre_mainline.log)
  ml:lustre_mainline: PASS (207s) (log: /var/www/ci-lustre/upstream-patch-review/b4eb73504fd763b65075dcd2d484cc70f8c824b8_ml:lustre_mainline.log)
  ml-miscvm:lustre_mainline_native: PASS (209s) (log: /var/www/ci-lustre/upstream-patch-review/b4eb73504fd763b65075dcd2d484cc70f8c824b8_ml-miscvm:lustre_mainline_native.log)
  ml-miscvm:boot: PASS (69s) (log: /var/www/ci-lustre/upstream-patch-review/b4eb73504fd763b65075dcd2d484cc70f8c824b8_ml-miscvm:boot.log)
  ml-miscvm:llmount: PASS (118s) (log: /var/www/ci-lustre/upstream-patch-review/b4eb73504fd763b65075dcd2d484cc70f8c824b8_ml-miscvm:llmount.log)
  ml-miscvm:llog-unit: FAIL (156s) (log: /var/www/ci-lustre/upstream-patch-review/b4eb73504fd763b65075dcd2d484cc70f8c824b8_ml-miscvm:llog-unit.log)
  ml-miscvm:mgs-setup: PASS (79s) (log: /var/www/ci-lustre/upstream-patch-review/b4eb73504fd763b65075dcd2d484cc70f8c824b8_ml-miscvm:mgs-setup.log)
  ml-miscvm:sanity-1: PASS (110s) (log: /var/www/ci-lustre/upstream-patch-review/b4eb73504fd763b65075dcd2d484cc70f8c824b8_ml-miscvm:sanity-1.log)
  ml-miscvm:sanity-2: PASS (111s) (log: /var/www/ci-lustre/upstream-patch-review/b4eb73504fd763b65075dcd2d484cc70f8c824b8_ml-miscvm:sanity-2.log)
  ml-miscvm:sanity-3: PASS (108s) (log: /var/www/ci-lustre/upstream-patch-review/b4eb73504fd763b65075dcd2d484cc70f8c824b8_ml-miscvm:sanity-3.log)
  ml-miscvm:sanity-4: PASS (120s) (log: /var/www/ci-lustre/upstream-patch-review/b4eb73504fd763b65075dcd2d484cc70f8c824b8_ml-miscvm:sanity-4.log)

Total execution time: 396s

Packed 3253 logs from /var/www/ci-lustre/upstream-patch-review into /home/ktest/ktest/local-site/local_data.js
Open /home/ktest/ktest/local-site/index.html in a browser
