CLI: ./pk --podman-socket unix:///run/podman/podman.sock --shared-filesystem /tmp --tarball-input job lustre-ci --output /var/www/ci-lustre/upstream-patch-review --git-hash b53e9b178ab9aeab91485e2b7457f2c90bb123e9 --change-id 68383_b53e9b178ab9aeab91485e2b7457f2c90bb123e9 --subject LU-0000 lfsck: introduce a protocol change to sync MDSs

Environment validated successfully
Note: custom LLVM is not synced in tarball input mode
Creating kernel tarball at /tmp/ktest-kernel.tar.gz...
Creating lustre tarball at /tmp/ktest-lustre.tar.gz...
Creating ZFS tarball at /tmp/ktest-zfs.tar.gz...
Executing 14 jobs
Jobs will start as soon as their dependencies are satisfied
Using tarball input mode

START ml:lustre_mainline build tests/fs/lustre/boot.ktest
START checkpatch:checkpatch tool checkpatch
START ml-miscvm:lustre_mainline_native build tests/fs/lustre/boot.ktest
START ml-strict:lustre_mainline build tests/fs/lustre/boot-strict.ktest
START u24:u24 build tests/fs/lustre/boot.ktest
START al2023:al2023 build tests/fs/lustre/boot.ktest
PUT /tmp/ktest-lustre.tar.gz 1s
PUT /tmp/ktest-lustre.tar.gz 2s
PUT /tmp/ktest-kernel.tar.gz 7s
PUT /tmp/ktest-kernel.tar.gz 8s
PUT /tmp/ktest-kernel.tar.gz 8s
PUT /tmp/ktest-kernel.tar.gz 8s
PUT /tmp/ktest-lustre.tar.gz 2s
PUT /tmp/ktest-lustre.tar.gz 2s
PUT /tmp/ktest-lustre.tar.gz 1s
PUT /tmp/ktest-lustre.tar.gz 2s
PUT /tmp/ktest-zfs.tar.gz 0s
PUT /tmp/ktest-zfs.tar.gz 0s
PUT /tmp/ktest-zfs.tar.gz 0s
END checkpatch:checkpatch tool checkpatch PASS 13s
END u24:u24 build tests/fs/lustre/boot.ktest PASS 38s
END al2023:al2023 build tests/fs/lustre/boot.ktest PASS 46s
GET /tmp/ktest_ml-miscvm:lustre_mainline_native_zi9ztvd2.tar 0s
END ml-miscvm:lustre_mainline_native build tests/fs/lustre/boot.ktest PASS 147s
START ml-miscvm:boot run tests/fs/lustre/boot.ktest
START ml-miscvm:llmount run tests/fs/lustre/llmount.ktest
START ml-miscvm:llog-unit run tests/fs/lustre/llog-unit.ktest
START ml-miscvm:mgs-setup run tests/fs/lustre/mgs-setup.ktest
START ml-miscvm:sanity-1 run tests/fs/lustre/sanity/sanity-1.ktest
START ml-miscvm:sanity-2 run tests/fs/lustre/sanity/sanity-2.ktest
START ml-miscvm:sanity-3 run tests/fs/lustre/sanity/sanity-3.ktest
START ml-miscvm:sanity-4 run tests/fs/lustre/sanity/sanity-4.ktest
GET /tmp/ktest_ml:lustre_mainline_kj6i8eit.tar 0s
END ml:lustre_mainline build tests/fs/lustre/boot.ktest PASS 149s
GET /tmp/ktest_ml-strict:lustre_mainline_1kt47d1s.tar 5s
END ml-strict:lustre_mainline build tests/fs/lustre/boot-strict.ktest FAIL 153s (exit code: 1)
PUT /tmp/ktest-kernel.tar.gz 14s
PUT /tmp/ktest-kernel.tar.gz 14s
PUT /tmp/ktest-kernel.tar.gz 16s
PUT /tmp/ktest-kernel.tar.gz 16s
PUT /tmp/ktest-kernel.tar.gz 14s
PUT /tmp/ktest-kernel.tar.gz 14s
PUT /tmp/ktest-kernel.tar.gz 15s
PUT /tmp/ktest-kernel.tar.gz 15s
PUT /tmp/ktest-lustre.tar.gz 2s
PUT /tmp/ktest-lustre.tar.gz 2s
PUT /tmp/ktest-lustre.tar.gz 3s
PUT /tmp/ktest-lustre.tar.gz 2s
PUT /tmp/ktest-lustre.tar.gz 4s
PUT /tmp/ktest-lustre.tar.gz 2s
PUT /tmp/ktest-lustre.tar.gz 2s
PUT /tmp/ktest-lustre.tar.gz 2s
PUT /tmp/ktest_ml-miscvm:lustre_mainline_native_zi9ztvd2.tar 0s
PUT /tmp/ktest_ml-miscvm:lustre_mainline_native_zi9ztvd2.tar 0s
PUT /tmp/ktest_ml-miscvm:lustre_mainline_native_zi9ztvd2.tar 0s
PUT /tmp/ktest_ml-miscvm:lustre_mainline_native_zi9ztvd2.tar 0s
PUT /tmp/ktest_ml-miscvm:lustre_mainline_native_zi9ztvd2.tar 0s
PUT /tmp/ktest_ml-miscvm:lustre_mainline_native_zi9ztvd2.tar 0s
PUT /tmp/ktest_ml-miscvm:lustre_mainline_native_zi9ztvd2.tar 0s
PUT /tmp/ktest_ml-miscvm:lustre_mainline_native_zi9ztvd2.tar 0s
END ml-miscvm:boot run tests/fs/lustre/boot.ktest PASS 31s
END ml-miscvm:mgs-setup run tests/fs/lustre/mgs-setup.ktest PASS 40s
END ml-miscvm:sanity-4 run tests/fs/lustre/sanity/sanity-4.ktest PASS 71s
END ml-miscvm:llmount run tests/fs/lustre/llmount.ktest PASS 77s
END ml-miscvm:sanity-2 run tests/fs/lustre/sanity/sanity-2.ktest PASS 83s
END ml-miscvm:sanity-3 run tests/fs/lustre/sanity/sanity-3.ktest PASS 84s
END ml-miscvm:sanity-1 run tests/fs/lustre/sanity/sanity-1.ktest PASS 88s
END ml-miscvm:llog-unit run tests/fs/lustre/llog-unit.ktest FAIL 118s (exit code: 1)

============================================================
Final Results:
  checkpatch:checkpatch: PASS (13s) (log: /var/www/ci-lustre/upstream-patch-review/b53e9b178ab9aeab91485e2b7457f2c90bb123e9_checkpatch:checkpatch.log)
  u24:u24: PASS (38s) (log: /var/www/ci-lustre/upstream-patch-review/b53e9b178ab9aeab91485e2b7457f2c90bb123e9_u24:u24.log)
  al2023:al2023: PASS (46s) (log: /var/www/ci-lustre/upstream-patch-review/b53e9b178ab9aeab91485e2b7457f2c90bb123e9_al2023:al2023.log)
  ml-strict:lustre_mainline: FAIL (153s) (log: /var/www/ci-lustre/upstream-patch-review/b53e9b178ab9aeab91485e2b7457f2c90bb123e9_ml-strict:lustre_mainline.log)
  ml:lustre_mainline: PASS (149s) (log: /var/www/ci-lustre/upstream-patch-review/b53e9b178ab9aeab91485e2b7457f2c90bb123e9_ml:lustre_mainline.log)
  ml-miscvm:lustre_mainline_native: PASS (147s) (log: /var/www/ci-lustre/upstream-patch-review/b53e9b178ab9aeab91485e2b7457f2c90bb123e9_ml-miscvm:lustre_mainline_native.log)
  ml-miscvm:boot: PASS (31s) (log: /var/www/ci-lustre/upstream-patch-review/b53e9b178ab9aeab91485e2b7457f2c90bb123e9_ml-miscvm:boot.log)
  ml-miscvm:llmount: PASS (77s) (log: /var/www/ci-lustre/upstream-patch-review/b53e9b178ab9aeab91485e2b7457f2c90bb123e9_ml-miscvm:llmount.log)
  ml-miscvm:llog-unit: FAIL (118s) (log: /var/www/ci-lustre/upstream-patch-review/b53e9b178ab9aeab91485e2b7457f2c90bb123e9_ml-miscvm:llog-unit.log)
  ml-miscvm:mgs-setup: PASS (40s) (log: /var/www/ci-lustre/upstream-patch-review/b53e9b178ab9aeab91485e2b7457f2c90bb123e9_ml-miscvm:mgs-setup.log)
  ml-miscvm:sanity-1: PASS (88s) (log: /var/www/ci-lustre/upstream-patch-review/b53e9b178ab9aeab91485e2b7457f2c90bb123e9_ml-miscvm:sanity-1.log)
  ml-miscvm:sanity-2: PASS (83s) (log: /var/www/ci-lustre/upstream-patch-review/b53e9b178ab9aeab91485e2b7457f2c90bb123e9_ml-miscvm:sanity-2.log)
  ml-miscvm:sanity-3: PASS (84s) (log: /var/www/ci-lustre/upstream-patch-review/b53e9b178ab9aeab91485e2b7457f2c90bb123e9_ml-miscvm:sanity-3.log)
  ml-miscvm:sanity-4: PASS (71s) (log: /var/www/ci-lustre/upstream-patch-review/b53e9b178ab9aeab91485e2b7457f2c90bb123e9_ml-miscvm:sanity-4.log)

Total execution time: 295s

Packed 19141 logs from /var/www/ci-lustre/upstream-patch-review into /home/ktest/ktest/local-site/local_data.js
Open /home/ktest/ktest/local-site/index.html in a browser
