WARNING:BLOCK_COMMENT_STYLE: Block comments use a trailing */ on a separate line
#190: FILE: lustre/utils/libmount_utils_ldiskfs.c:630:
+	 * or --mmp given */

WARNING:BRACES: braces {} are not necessary for single statement blocks
#235: FILE: lustre/utils/mkfs_lustre.c:465:
+			if (mop->mo_flags & MO_MMP) {
+				mop->mo_flags &= ~MO_MMP;
+			}

WARNING:BRACES: braces {} are not necessary for single statement blocks
#242: FILE: lustre/utils/mkfs_lustre.c:472:
+			if (mop->mo_flags & MO_NOMMP) {
+				mop->mo_flags &= ~MO_NOMMP;
+			}

WARNING:USE_NEGATIVE_ERRNO: return of an errno should typically be negative (ie: return -EINVAL)
#268: FILE: lustre/utils/mkfs_lustre.c:789:
+		return EINVAL;

total: 0 errors, 4 warnings, 248 lines checked

NOTE: For some of the reported defects, checkpatch may be able to
      mechanically convert to the typical style using --fix or --fix-inplace.

Your patch has style problems, please review.

NOTE: If any of the errors are false positives, please report
      them to the maintainer, see CHECKPATCH in MAINTAINERS.
