WARNING:FILE_PATH_CHANGES: added, moved or deleted file(s), does MAINTAINERS need updating?
#59: 
new file mode 100755

WARNING:SPDX_LICENSE_TAG: Missing or malformed SPDX-License-Identifier tag in line 1
#181: FILE: lustre/tests/xfstests-fsx-src/fsx.c:1:
+/*

ERROR:TRAILING_WHITESPACE: trailing whitespace
#187: FILE: lustre/tests/xfstests-fsx-src/fsx.c:7:
+ *^IFile system exerciser. $

ERROR:GLOBAL_INITIALISERS: do not initialise globals to 0
#262: FILE: lustre/tests/xfstests-fsx-src/fsx.c:82:
+int			logptr = 0;	/* current position in log */

ERROR:GLOBAL_INITIALISERS: do not initialise globals to 0
#263: FILE: lustre/tests/xfstests-fsx-src/fsx.c:83:
+int			logcount = 0;	/* total ops */

ERROR:GLOBAL_INITIALISERS: do not initialise globals to 0
#336: FILE: lustre/tests/xfstests-fsx-src/fsx.c:156:
+int	dirpath = 0;			/* -P flag */

ERROR:GLOBAL_INITIALISERS: do not initialise globals to 0
#339: FILE: lustre/tests/xfstests-fsx-src/fsx.c:159:
+blksize_t	block_size = 0;

ERROR:GLOBAL_INITIALISERS: do not initialise globals to 0
#340: FILE: lustre/tests/xfstests-fsx-src/fsx.c:160:
+off_t		file_size = 0;

ERROR:GLOBAL_INITIALISERS: do not initialise globals to 0
#341: FILE: lustre/tests/xfstests-fsx-src/fsx.c:161:
+off_t		biggest = 0;

ERROR:GLOBAL_INITIALISERS: do not initialise globals to 0
#342: FILE: lustre/tests/xfstests-fsx-src/fsx.c:162:
+long long	testcalls = 0;		/* calls to function "test" */

ERROR:GLOBAL_INITIALISERS: do not initialise globals to 0
#344: FILE: lustre/tests/xfstests-fsx-src/fsx.c:164:
+long long	simulatedopcount = 0;	/* -b flag */

ERROR:GLOBAL_INITIALISERS: do not initialise globals to 0
#345: FILE: lustre/tests/xfstests-fsx-src/fsx.c:165:
+int	closeprob = 0;			/* -c flag */

ERROR:GLOBAL_INITIALISERS: do not initialise globals to 0
#346: FILE: lustre/tests/xfstests-fsx-src/fsx.c:166:
+int	debug = 0;			/* -d flag */

ERROR:GLOBAL_INITIALISERS: do not initialise globals to 0
#347: FILE: lustre/tests/xfstests-fsx-src/fsx.c:167:
+long long	debugstart = 0;		/* -D flag */

ERROR:GLOBAL_INITIALISERS: do not initialise globals to 0
#348: FILE: lustre/tests/xfstests-fsx-src/fsx.c:168:
+char	filldata = 0;			/* -g flag */

ERROR:GLOBAL_INITIALISERS: do not initialise globals to 0
#349: FILE: lustre/tests/xfstests-fsx-src/fsx.c:169:
+int	flush = 0;			/* -f flag */

ERROR:GLOBAL_INITIALISERS: do not initialise globals to 0
#350: FILE: lustre/tests/xfstests-fsx-src/fsx.c:170:
+int	do_fsync = 0;			/* -y flag */

ERROR:GLOBAL_INITIALISERS: do not initialise globals to 0
#354: FILE: lustre/tests/xfstests-fsx-src/fsx.c:174:
+int	quiet = 0;			/* -q flag */

ERROR:GLOBAL_INITIALISERS: do not initialise globals to 0
#355: FILE: lustre/tests/xfstests-fsx-src/fsx.c:175:
+long long	progressinterval = 0;	/* -p flag */

ERROR:GLOBAL_INITIALISERS: do not initialise globals to 0
#357: FILE: lustre/tests/xfstests-fsx-src/fsx.c:177:
+int	style = 0;			/* -s flag */

ERROR:GLOBAL_INITIALISERS: do not initialise globals to 0
#358: FILE: lustre/tests/xfstests-fsx-src/fsx.c:178:
+int	prealloc = 0;			/* -x flag */

ERROR:GLOBAL_INITIALISERS: do not initialise globals to 0
#363: FILE: lustre/tests/xfstests-fsx-src/fsx.c:183:
+int	lite = 0;			/* -L flag */

ERROR:GLOBAL_INITIALISERS: do not initialise globals to 0
#377: FILE: lustre/tests/xfstests-fsx-src/fsx.c:197:
+int	check_file = 0;			/* -X flag enables */

ERROR:GLOBAL_INITIALISERS: do not initialise globals to 0
#382: FILE: lustre/tests/xfstests-fsx-src/fsx.c:202:
+int	integrity = 0;			/* -i flag */

ERROR:GLOBAL_INITIALISERS: do not initialise globals to 0
#383: FILE: lustre/tests/xfstests-fsx-src/fsx.c:203:
+int	pollute_eof = 0;		/* -e flag */

ERROR:GLOBAL_INITIALISERS: do not initialise globals to 0
#384: FILE: lustre/tests/xfstests-fsx-src/fsx.c:204:
+int	fsxgoodfd = 0;

ERROR:GLOBAL_INITIALISERS: do not initialise globals to 0
#386: FILE: lustre/tests/xfstests-fsx-src/fsx.c:206:
+int	aio = 0;

ERROR:GLOBAL_INITIALISERS: do not initialise globals to 0
#387: FILE: lustre/tests/xfstests-fsx-src/fsx.c:207:
+int	uring = 0;

ERROR:GLOBAL_INITIALISERS: do not initialise globals to 0
#388: FILE: lustre/tests/xfstests-fsx-src/fsx.c:208:
+int	mark_nr = 0;

ERROR:GLOBAL_INITIALISERS: do not initialise globals to 0
#390: FILE: lustre/tests/xfstests-fsx-src/fsx.c:210:
+int	hugepages = 0;                  /* -h flag */

ERROR:GLOBAL_INITIALISERS: do not initialise globals to 0
#394: FILE: lustre/tests/xfstests-fsx-src/fsx.c:214:
+int awu_min = 0;

ERROR:GLOBAL_INITIALISERS: do not initialise globals to 0
#395: FILE: lustre/tests/xfstests-fsx-src/fsx.c:215:
+int awu_max = 0;

WARNING:UNSPECIFIED_INT: Prefer 'unsigned int' to bare use of 'unsigned'
#409: FILE: lustre/tests/xfstests-fsx-src/fsx.c:229:
+int fsx_rw(int rw, int fd, char *buf, unsigned len, unsigned offset, int flags);

WARNING:UNSPECIFIED_INT: Prefer 'unsigned int' to bare use of 'unsigned'
#409: FILE: lustre/tests/xfstests-fsx-src/fsx.c:229:
+int fsx_rw(int rw, int fd, char *buf, unsigned len, unsigned offset, int flags);

WARNING:AVOID_EXTERNS: externs should be avoided in .c files
#409: FILE: lustre/tests/xfstests-fsx-src/fsx.c:229:
+int fsx_rw(int rw, int fd, char *buf, unsigned len, unsigned offset, int flags);

ERROR:SPACING: space required after that ',' (ctx:VxV)
#412: FILE: lustre/tests/xfstests-fsx-src/fsx.c:232:
+#define fsxread(a,b,c,d,f)	fsx_rw(READ, a,b,c,d,f)
                  ^

ERROR:SPACING: space required after that ',' (ctx:VxV)
#412: FILE: lustre/tests/xfstests-fsx-src/fsx.c:232:
+#define fsxread(a,b,c,d,f)	fsx_rw(READ, a,b,c,d,f)
                    ^

ERROR:SPACING: space required after that ',' (ctx:VxV)
#412: FILE: lustre/tests/xfstests-fsx-src/fsx.c:232:
+#define fsxread(a,b,c,d,f)	fsx_rw(READ, a,b,c,d,f)
                      ^

ERROR:SPACING: space required after that ',' (ctx:VxV)
#412: FILE: lustre/tests/xfstests-fsx-src/fsx.c:232:
+#define fsxread(a,b,c,d,f)	fsx_rw(READ, a,b,c,d,f)
                        ^

ERROR:SPACING: space required after that ',' (ctx:VxV)
#412: FILE: lustre/tests/xfstests-fsx-src/fsx.c:232:
+#define fsxread(a,b,c,d,f)	fsx_rw(READ, a,b,c,d,f)
                           	              ^

ERROR:SPACING: space required after that ',' (ctx:VxV)
#412: FILE: lustre/tests/xfstests-fsx-src/fsx.c:232:
+#define fsxread(a,b,c,d,f)	fsx_rw(READ, a,b,c,d,f)
                           	                ^

ERROR:SPACING: space required after that ',' (ctx:VxV)
#412: FILE: lustre/tests/xfstests-fsx-src/fsx.c:232:
+#define fsxread(a,b,c,d,f)	fsx_rw(READ, a,b,c,d,f)
                           	                  ^

ERROR:SPACING: space required after that ',' (ctx:VxV)
#412: FILE: lustre/tests/xfstests-fsx-src/fsx.c:232:
+#define fsxread(a,b,c,d,f)	fsx_rw(READ, a,b,c,d,f)
                           	                    ^

ERROR:SPACING: space required after that ',' (ctx:VxV)
#413: FILE: lustre/tests/xfstests-fsx-src/fsx.c:233:
+#define fsxwrite(a,b,c,d,f)	fsx_rw(WRITE, a,b,c,d,f)
                   ^

ERROR:SPACING: space required after that ',' (ctx:VxV)
#413: FILE: lustre/tests/xfstests-fsx-src/fsx.c:233:
+#define fsxwrite(a,b,c,d,f)	fsx_rw(WRITE, a,b,c,d,f)
                     ^

ERROR:SPACING: space required after that ',' (ctx:VxV)
#413: FILE: lustre/tests/xfstests-fsx-src/fsx.c:233:
+#define fsxwrite(a,b,c,d,f)	fsx_rw(WRITE, a,b,c,d,f)
                       ^

ERROR:SPACING: space required after that ',' (ctx:VxV)
#413: FILE: lustre/tests/xfstests-fsx-src/fsx.c:233:
+#define fsxwrite(a,b,c,d,f)	fsx_rw(WRITE, a,b,c,d,f)
                         ^

ERROR:SPACING: space required after that ',' (ctx:VxV)
#413: FILE: lustre/tests/xfstests-fsx-src/fsx.c:233:
+#define fsxwrite(a,b,c,d,f)	fsx_rw(WRITE, a,b,c,d,f)
                            	               ^

ERROR:SPACING: space required after that ',' (ctx:VxV)
#413: FILE: lustre/tests/xfstests-fsx-src/fsx.c:233:
+#define fsxwrite(a,b,c,d,f)	fsx_rw(WRITE, a,b,c,d,f)
                            	                 ^

ERROR:SPACING: space required after that ',' (ctx:VxV)
#413: FILE: lustre/tests/xfstests-fsx-src/fsx.c:233:
+#define fsxwrite(a,b,c,d,f)	fsx_rw(WRITE, a,b,c,d,f)
                            	                   ^

ERROR:SPACING: space required after that ',' (ctx:VxV)
#413: FILE: lustre/tests/xfstests-fsx-src/fsx.c:233:
+#define fsxwrite(a,b,c,d,f)	fsx_rw(WRITE, a,b,c,d,f)
                            	                     ^

ERROR:GLOBAL_INITIALISERS: do not initialise globals to NULL
#417: FILE: lustre/tests/xfstests-fsx-src/fsx.c:237:
+const char *replayops = NULL;

ERROR:GLOBAL_INITIALISERS: do not initialise globals to NULL
#418: FILE: lustre/tests/xfstests-fsx-src/fsx.c:238:
+const char *recordops = NULL;

ERROR:GLOBAL_INITIALISERS: do not initialise globals to NULL
#419: FILE: lustre/tests/xfstests-fsx-src/fsx.c:239:
+FILE *	fsxlogf = NULL;

ERROR:POINTER_LOCATION: "foo *	bar" should be "foo *bar"
#419: FILE: lustre/tests/xfstests-fsx-src/fsx.c:239:
+FILE *	fsxlogf = NULL;

ERROR:GLOBAL_INITIALISERS: do not initialise globals to NULL
#420: FILE: lustre/tests/xfstests-fsx-src/fsx.c:240:
+FILE *	replayopsf = NULL;

ERROR:POINTER_LOCATION: "foo *	bar" should be "foo *bar"
#420: FILE: lustre/tests/xfstests-fsx-src/fsx.c:240:
+FILE *	replayopsf = NULL;

ERROR:GLOBAL_INITIALISERS: do not initialise globals to 0
#423: FILE: lustre/tests/xfstests-fsx-src/fsx.c:243:
+int closeopen = 0;

ERROR:OPEN_BRACE: open brace '{' following function definitions go on the next line
#447: FILE: lustre/tests/xfstests-fsx-src/fsx.c:267:
+void
+warn(const char * fmt, ...)  {

ERROR:POINTER_LOCATION: "foo * bar" should be "foo *bar"
#448: FILE: lustre/tests/xfstests-fsx-src/fsx.c:268:
+warn(const char * fmt, ...)  {

WARNING:LINE_SPACING: Missing a blank line after declarations
#450: FILE: lustre/tests/xfstests-fsx-src/fsx.c:270:
+	va_list ap;
+	va_start(ap, fmt);

WARNING:STATIC_CONST_CHAR_ARRAY: static const char * array should probably be static const char * const
#479: FILE: lustre/tests/xfstests-fsx-src/fsx.c:299:
+static const char *op_names[] = {

WARNING:ARRAY_SIZE: Prefer ARRAY_SIZE(op_names)
#504: FILE: lustre/tests/xfstests-fsx-src/fsx.c:324:
+	    operation < sizeof(op_names) / sizeof(op_names[0]))

WARNING:ARRAY_SIZE: Prefer ARRAY_SIZE(op_names)
#513: FILE: lustre/tests/xfstests-fsx-src/fsx.c:333:
+	for (i = 0; i < sizeof(op_names) / sizeof(op_names[0]); i++)

ERROR:SPACING: spaces required around that '>=' (ctx:WxV)
#630: FILE: lustre/tests/xfstests-fsx-src/fsx.c:450:
+				   badoff >=lp->args[2]) &&
 				          ^

WARNING:INDENTED_LABEL: labels should not be indented
#758: FILE: lustre/tests/xfstests-fsx-src/fsx.c:578:
+	    skipped:

WARNING:EMBEDDED_FUNCTION_NAME: Prefer using '"%s...", __func__' to using 'save_buffer', this function's name, in a string
#807: FILE: lustre/tests/xfstests-fsx-src/fsx.c:627:
+		prt("fsx flaw: overflow in save_buffer\n");

WARNING:LINE_SPACING: Missing a blank line after declarations
#812: FILE: lustre/tests/xfstests-fsx-src/fsx.c:632:
+		off_t size_by_seek = lseek(fd, (off_t)0, SEEK_END);
+		if (size_by_seek == (off_t)-1)

WARNING:EMBEDDED_FUNCTION_NAME: Prefer using '"%s...", __func__' to using 'save_buffer', this function's name, in a string
#813: FILE: lustre/tests/xfstests-fsx-src/fsx.c:633:
+			prterr("save_buffer: lseek eof");

WARNING:LONG_LINE: line length of 148 exceeds 100 columns
#815: FILE: lustre/tests/xfstests-fsx-src/fsx.c:635:
+			warn("save_buffer: .fsxgood file too short... will save 0x%llx bytes instead of 0x%llx\n", (unsigned long long)size_by_seek,

WARNING:EMBEDDED_FUNCTION_NAME: Prefer using '"%s...", __func__' to using 'save_buffer', this function's name, in a string
#815: FILE: lustre/tests/xfstests-fsx-src/fsx.c:635:
+			warn("save_buffer: .fsxgood file too short... will save 0x%llx bytes instead of 0x%llx\n", (unsigned long long)size_by_seek,

WARNING:EMBEDDED_FUNCTION_NAME: Prefer using '"%s...", __func__' to using 'save_buffer', this function's name, in a string
#823: FILE: lustre/tests/xfstests-fsx-src/fsx.c:643:
+		prterr("save_buffer: lseek 0");

ERROR:TRAILING_WHITESPACE: trailing whitespace
#824: FILE: lustre/tests/xfstests-fsx-src/fsx.c:644:
+^I$

WARNING:EMBEDDED_FUNCTION_NAME: Prefer using '"%s...", __func__' to using 'save_buffer', this function's name, in a string
#828: FILE: lustre/tests/xfstests-fsx-src/fsx.c:648:
+			prterr("save_buffer write");

WARNING:EMBEDDED_FUNCTION_NAME: Prefer using '"%s...", __func__' to using 'save_buffer', this function's name, in a string
#830: FILE: lustre/tests/xfstests-fsx-src/fsx.c:650:
+			warn("save_buffer: short write, 0x%x bytes instead of 0x%llx\n",

WARNING:UNSPECIFIED_INT: Prefer 'unsigned int' to bare use of 'unsigned'
#831: FILE: lustre/tests/xfstests-fsx-src/fsx.c:651:
+			     (unsigned)byteswritten,

ERROR:TRAILING_WHITESPACE: trailing whitespace
#841: FILE: lustre/tests/xfstests-fsx-src/fsx.c:661:
+^I$

ERROR:CODE_INDENT: code indent should use tabs where possible
#856: FILE: lustre/tests/xfstests-fsx-src/fsx.c:676:
+^I^I^I^I        *(((unsigned char *)(cp)) + 1)))$

WARNING:UNSPECIFIED_INT: Prefer 'unsigned int' to bare use of 'unsigned'
#896: FILE: lustre/tests/xfstests-fsx-src/fsx.c:716:
+check_buffers(char *buf, unsigned offset, unsigned size)

WARNING:UNSPECIFIED_INT: Prefer 'unsigned int' to bare use of 'unsigned'
#896: FILE: lustre/tests/xfstests-fsx-src/fsx.c:716:
+check_buffers(char *buf, unsigned offset, unsigned size)

WARNING:UNSPECIFIED_INT: Prefer 'unsigned int' to bare use of 'unsigned'
#899: FILE: lustre/tests/xfstests-fsx-src/fsx.c:719:
+	unsigned i = 0;

WARNING:UNSPECIFIED_INT: Prefer 'unsigned int' to bare use of 'unsigned'
#900: FILE: lustre/tests/xfstests-fsx-src/fsx.c:720:
+	unsigned n = 0;

WARNING:UNSPECIFIED_INT: Prefer 'unsigned int' to bare use of 'unsigned'
#901: FILE: lustre/tests/xfstests-fsx-src/fsx.c:721:
+	unsigned op = 0;

WARNING:UNSPECIFIED_INT: Prefer 'unsigned int' to bare use of 'unsigned'
#902: FILE: lustre/tests/xfstests-fsx-src/fsx.c:722:
+	unsigned bad = 0;

ERROR:CODE_INDENT: code indent should use tabs where possible
#912: FILE: lustre/tests/xfstests-fsx-src/fsx.c:732:
+^I^I^I        if (n < 16) {$

ERROR:CODE_INDENT: code indent should use tabs where possible
#914: FILE: lustre/tests/xfstests-fsx-src/fsx.c:734:
+^I^I^I^I        prt("0x%-8x  0x%04x  0x%04x  0x%x\n",$

WARNING:SPLIT_STRING: quoted string split across lines
#921: FILE: lustre/tests/xfstests-fsx-src/fsx.c:741:
+						prt("operation# (mod 256) for "
+						  "the bad data may be %u\n",

WARNING:UNSPECIFIED_INT: Prefer 'unsigned int' to bare use of 'unsigned'
#922: FILE: lustre/tests/xfstests-fsx-src/fsx.c:742:
+						((unsigned)op & 0xff));

WARNING:SPLIT_STRING: quoted string split across lines
#925: FILE: lustre/tests/xfstests-fsx-src/fsx.c:745:
+						prt("operation# (mod 256) for "
+						  "the bad data unknown, check"

WARNING:SPLIT_STRING: quoted string split across lines
#926: FILE: lustre/tests/xfstests-fsx-src/fsx.c:746:
+						  "the bad data unknown, check"
+						  " HOLE and EXTEND ops\n");

WARNING:EMBEDDED_FUNCTION_NAME: Prefer using '"%s...", __func__' to using 'check_size', this function's name, in a string
#947: FILE: lustre/tests/xfstests-fsx-src/fsx.c:767:
+		prterr("check_size: fstat");

WARNING:EMBEDDED_FUNCTION_NAME: Prefer using '"%s...", __func__' to using 'check_trunc_hack', this function's name, in a string
#978: FILE: lustre/tests/xfstests-fsx-src/fsx.c:798:
+		prterr("check_trunc_hack: ftruncate");

WARNING:UNSPECIFIED_INT: Prefer 'unsigned int' to bare use of 'unsigned'
#984: FILE: lustre/tests/xfstests-fsx-src/fsx.c:804:
+doflush(unsigned offset, unsigned size)

WARNING:UNSPECIFIED_INT: Prefer 'unsigned int' to bare use of 'unsigned'
#984: FILE: lustre/tests/xfstests-fsx-src/fsx.c:804:
+doflush(unsigned offset, unsigned size)

WARNING:UNSPECIFIED_INT: Prefer 'unsigned int' to bare use of 'unsigned'
#986: FILE: lustre/tests/xfstests-fsx-src/fsx.c:806:
+	unsigned pg_offset;

WARNING:UNSPECIFIED_INT: Prefer 'unsigned int' to bare use of 'unsigned'
#987: FILE: lustre/tests/xfstests-fsx-src/fsx.c:807:
+	unsigned map_size;

ERROR:ASSIGN_IN_IF: do not use assignment in if condition
#996: FILE: lustre/tests/xfstests-fsx-src/fsx.c:816:
+	if ((p = (char *)mmap(0, map_size, PROT_READ | PROT_WRITE,

WARNING:EMBEDDED_FUNCTION_NAME: Prefer using '"%s...", __func__' to using 'doflush', this function's name, in a string
#999: FILE: lustre/tests/xfstests-fsx-src/fsx.c:819:
+		prterr("doflush: mmap");

WARNING:EMBEDDED_FUNCTION_NAME: Prefer using '"%s...", __func__' to using 'doflush', this function's name, in a string
#1003: FILE: lustre/tests/xfstests-fsx-src/fsx.c:823:
+		prterr("doflush: msync");

WARNING:EMBEDDED_FUNCTION_NAME: Prefer using '"%s...", __func__' to using 'doflush', this function's name, in a string
#1007: FILE: lustre/tests/xfstests-fsx-src/fsx.c:827:
+		prterr("doflush: munmap");

WARNING:UNSPECIFIED_INT: Prefer 'unsigned int' to bare use of 'unsigned'
#1013: FILE: lustre/tests/xfstests-fsx-src/fsx.c:833:
+doread(unsigned offset, unsigned size, int flags)

WARNING:UNSPECIFIED_INT: Prefer 'unsigned int' to bare use of 'unsigned'
#1013: FILE: lustre/tests/xfstests-fsx-src/fsx.c:833:
+doread(unsigned offset, unsigned size, int flags)

WARNING:UNSPECIFIED_INT: Prefer 'unsigned int' to bare use of 'unsigned'
#1015: FILE: lustre/tests/xfstests-fsx-src/fsx.c:835:
+	unsigned iret;

WARNING:EMBEDDED_FUNCTION_NAME: Prefer using '"%s...", __func__' to using 'doread', this function's name, in a string
#1049: FILE: lustre/tests/xfstests-fsx-src/fsx.c:869:
+			prterr("doread: read");

WARNING:UNSPECIFIED_INT: Prefer 'unsigned int' to bare use of 'unsigned'
#1059: FILE: lustre/tests/xfstests-fsx-src/fsx.c:879:
+check_eofpage(char *s, unsigned offset, char *p, int size)

ERROR:TRAILING_WHITESPACE: trailing whitespace
#1067: FILE: lustre/tests/xfstests-fsx-src/fsx.c:887:
+^I * test to make sure the VM system provided 0's $

WARNING:LONG_LINE_STRING: line length of 102 exceeds 100 columns
#1077: FILE: lustre/tests/xfstests-fsx-src/fsx.c:897:
+			prt("Mapped %s: non-zero data past EOF (0x%llx) page offset 0x%x is 0x%04x\n",

WARNING:UNSPECIFIED_INT: Prefer 'unsigned int' to bare use of 'unsigned'
#1088: FILE: lustre/tests/xfstests-fsx-src/fsx.c:908:
+	unsigned offset = 0;

WARNING:UNSPECIFIED_INT: Prefer 'unsigned int' to bare use of 'unsigned'
#1089: FILE: lustre/tests/xfstests-fsx-src/fsx.c:909:
+	unsigned size = file_size;

WARNING:UNSPECIFIED_INT: Prefer 'unsigned int' to bare use of 'unsigned'
#1090: FILE: lustre/tests/xfstests-fsx-src/fsx.c:910:
+	unsigned map_offset;

WARNING:UNSPECIFIED_INT: Prefer 'unsigned int' to bare use of 'unsigned'
#1091: FILE: lustre/tests/xfstests-fsx-src/fsx.c:911:
+	unsigned map_size;

WARNING:UNSPECIFIED_INT: Prefer 'unsigned int' to bare use of 'unsigned'
#1093: FILE: lustre/tests/xfstests-fsx-src/fsx.c:913:
+	unsigned iret;

WARNING:EMBEDDED_FUNCTION_NAME: Prefer using '"%s...", __func__' to using 'check_contents', this function's name, in a string
#1110: FILE: lustre/tests/xfstests-fsx-src/fsx.c:930:
+			prterr("check_contents: read");

ERROR:CODE_INDENT: code indent should use tabs where possible
#1126: FILE: lustre/tests/xfstests-fsx-src/fsx.c:946:
+^I        prterr("check_contents: mmap");$

WARNING:EMBEDDED_FUNCTION_NAME: Prefer using '"%s...", __func__' to using 'check_contents', this function's name, in a string
#1126: FILE: lustre/tests/xfstests-fsx-src/fsx.c:946:
+	        prterr("check_contents: mmap");

WARNING:EMBEDDED_FUNCTION_NAME: Prefer using '"%s...", __func__' to using 'check_contents', this function's name, in a string
#1132: FILE: lustre/tests/xfstests-fsx-src/fsx.c:952:
+		prterr("check_contents: munmap");

WARNING:UNSPECIFIED_INT: Prefer 'unsigned int' to bare use of 'unsigned'
#1138: FILE: lustre/tests/xfstests-fsx-src/fsx.c:958:
+domapread(unsigned offset, unsigned size)

WARNING:UNSPECIFIED_INT: Prefer 'unsigned int' to bare use of 'unsigned'
#1138: FILE: lustre/tests/xfstests-fsx-src/fsx.c:958:
+domapread(unsigned offset, unsigned size)

WARNING:UNSPECIFIED_INT: Prefer 'unsigned int' to bare use of 'unsigned'
#1140: FILE: lustre/tests/xfstests-fsx-src/fsx.c:960:
+	unsigned pg_offset;

WARNING:UNSPECIFIED_INT: Prefer 'unsigned int' to bare use of 'unsigned'
#1141: FILE: lustre/tests/xfstests-fsx-src/fsx.c:961:
+	unsigned map_size;

ERROR:ASSIGN_IN_IF: do not use assignment in if condition
#1175: FILE: lustre/tests/xfstests-fsx-src/fsx.c:995:
+	if ((p = (char *)mmap(0, map_size, PROT_READ, MAP_SHARED, fd,

ERROR:CODE_INDENT: code indent should use tabs where possible
#1177: FILE: lustre/tests/xfstests-fsx-src/fsx.c:997:
+^I        prterr("domapread: mmap");$

WARNING:EMBEDDED_FUNCTION_NAME: Prefer using '"%s...", __func__' to using 'domapread', this function's name, in a string
#1177: FILE: lustre/tests/xfstests-fsx-src/fsx.c:997:
+	        prterr("domapread: mmap");

WARNING:EMBEDDED_FUNCTION_NAME: Prefer using '"%s...", __func__' to using 'domapread', this function's name, in a string
#1185: FILE: lustre/tests/xfstests-fsx-src/fsx.c:1005:
+		prterr("domapread: munmap");

WARNING:UNSPECIFIED_INT: Prefer 'unsigned int' to bare use of 'unsigned'
#1194: FILE: lustre/tests/xfstests-fsx-src/fsx.c:1014:
+gendata(char *original_buf, char *good_buf, unsigned offset, unsigned size)

WARNING:UNSPECIFIED_INT: Prefer 'unsigned int' to bare use of 'unsigned'
#1194: FILE: lustre/tests/xfstests-fsx-src/fsx.c:1014:
+gendata(char *original_buf, char *good_buf, unsigned offset, unsigned size)

WARNING:UNSPECIFIED_INT: Prefer 'unsigned int' to bare use of 'unsigned'
#1217: FILE: lustre/tests/xfstests-fsx-src/fsx.c:1037:
+	unsigned offset = file_size;

WARNING:UNSPECIFIED_INT: Prefer 'unsigned int' to bare use of 'unsigned'
#1218: FILE: lustre/tests/xfstests-fsx-src/fsx.c:1038:
+	unsigned pg_offset;

WARNING:UNSPECIFIED_INT: Prefer 'unsigned int' to bare use of 'unsigned'
#1219: FILE: lustre/tests/xfstests-fsx-src/fsx.c:1039:
+	unsigned write_size;

ERROR:ASSIGN_IN_IF: do not use assignment in if condition
#1247: FILE: lustre/tests/xfstests-fsx-src/fsx.c:1067:
+	if ((p = (char *)mmap(0, PAGE_SIZE, PROT_READ | PROT_WRITE,

WARNING:EMBEDDED_FUNCTION_NAME: Prefer using '"%s...", __func__' to using 'pollute_eofpage', this function's name, in a string
#1250: FILE: lustre/tests/xfstests-fsx-src/fsx.c:1070:
+		prterr("pollute_eofpage: mmap");

WARNING:EMBEDDED_FUNCTION_NAME: Prefer using '"%s...", __func__' to using 'pollute_eofpage', this function's name, in a string
#1262: FILE: lustre/tests/xfstests-fsx-src/fsx.c:1082:
+		prterr("pollute_eofpage: munmap");

WARNING:UNSPECIFIED_INT: Prefer 'unsigned int' to bare use of 'unsigned'
#1270: FILE: lustre/tests/xfstests-fsx-src/fsx.c:1090:
+update_file_size(unsigned offset, unsigned size)

WARNING:UNSPECIFIED_INT: Prefer 'unsigned int' to bare use of 'unsigned'
#1270: FILE: lustre/tests/xfstests-fsx-src/fsx.c:1090:
+update_file_size(unsigned offset, unsigned size)

WARNING:UNSPECIFIED_INT: Prefer 'unsigned int' to bare use of 'unsigned'
#1279: FILE: lustre/tests/xfstests-fsx-src/fsx.c:1099:
+static int is_power_of_2(unsigned n) {

ERROR:OPEN_BRACE: open brace '{' following function definitions go on the next line
#1279: FILE: lustre/tests/xfstests-fsx-src/fsx.c:1099:
+static int is_power_of_2(unsigned n) {

ERROR:OPEN_BRACE: open brace '{' following function definitions go on the next line
#1287: FILE: lustre/tests/xfstests-fsx-src/fsx.c:1107:
+static int rounddown_pow_of_2(int n) {

ERROR:TRAILING_STATEMENTS: trailing statements should be on next line
#1293: FILE: lustre/tests/xfstests-fsx-src/fsx.c:1113:
+	for (; (1 << i) < n; i++);

WARNING:UNSPECIFIED_INT: Prefer 'unsigned int' to bare use of 'unsigned'
#1299: FILE: lustre/tests/xfstests-fsx-src/fsx.c:1119:
+dowrite(unsigned offset, unsigned size, int flags)

WARNING:UNSPECIFIED_INT: Prefer 'unsigned int' to bare use of 'unsigned'
#1299: FILE: lustre/tests/xfstests-fsx-src/fsx.c:1119:
+dowrite(unsigned offset, unsigned size, int flags)

WARNING:UNSPECIFIED_INT: Prefer 'unsigned int' to bare use of 'unsigned'
#1301: FILE: lustre/tests/xfstests-fsx-src/fsx.c:1121:
+	unsigned iret;

WARNING:LONG_LINE: line length of 104 exceeds 100 columns
#1357: FILE: lustre/tests/xfstests-fsx-src/fsx.c:1177:
+		prt("%lld write\t0x%x thru\t0x%x\t(0x%x bytes)\tdontcache=%d atomic_wr=%d\n", testcalls,

WARNING:EMBEDDED_FUNCTION_NAME: Prefer using '"%s...", __func__' to using 'dowrite', this function's name, in a string
#1363: FILE: lustre/tests/xfstests-fsx-src/fsx.c:1183:
+			prterr("dowrite: write");

WARNING:BRACES: braces {} are not necessary for single statement blocks
#1375: FILE: lustre/tests/xfstests-fsx-src/fsx.c:1195:
+	if (flush) {
+		doflush(offset, size);
+	}

WARNING:UNSPECIFIED_INT: Prefer 'unsigned int' to bare use of 'unsigned'
#1382: FILE: lustre/tests/xfstests-fsx-src/fsx.c:1202:
+domapwrite(unsigned offset, unsigned size)

WARNING:UNSPECIFIED_INT: Prefer 'unsigned int' to bare use of 'unsigned'
#1382: FILE: lustre/tests/xfstests-fsx-src/fsx.c:1202:
+domapwrite(unsigned offset, unsigned size)

WARNING:UNSPECIFIED_INT: Prefer 'unsigned int' to bare use of 'unsigned'
#1384: FILE: lustre/tests/xfstests-fsx-src/fsx.c:1204:
+	unsigned pg_offset;

WARNING:UNSPECIFIED_INT: Prefer 'unsigned int' to bare use of 'unsigned'
#1385: FILE: lustre/tests/xfstests-fsx-src/fsx.c:1205:
+	unsigned map_size;

ERROR:CODE_INDENT: code indent should use tabs where possible
#1422: FILE: lustre/tests/xfstests-fsx-src/fsx.c:1242:
+^I        if (ftruncate(fd, file_size) == -1) {$

ERROR:CODE_INDENT: code indent should use tabs where possible
#1423: FILE: lustre/tests/xfstests-fsx-src/fsx.c:1243:
+^I^I        prterr("domapwrite: ftruncate");$

WARNING:EMBEDDED_FUNCTION_NAME: Prefer using '"%s...", __func__' to using 'domapwrite', this function's name, in a string
#1423: FILE: lustre/tests/xfstests-fsx-src/fsx.c:1243:
+		        prterr("domapwrite: ftruncate");

ERROR:ASSIGN_IN_IF: do not use assignment in if condition
#1430: FILE: lustre/tests/xfstests-fsx-src/fsx.c:1250:
+	if ((p = (char *)mmap(0, map_size, PROT_READ | PROT_WRITE,

ERROR:CODE_INDENT: code indent should use tabs where possible
#1433: FILE: lustre/tests/xfstests-fsx-src/fsx.c:1253:
+^I        prterr("domapwrite: mmap");$

WARNING:EMBEDDED_FUNCTION_NAME: Prefer using '"%s...", __func__' to using 'domapwrite', this function's name, in a string
#1433: FILE: lustre/tests/xfstests-fsx-src/fsx.c:1253:
+	        prterr("domapwrite: mmap");

WARNING:EMBEDDED_FUNCTION_NAME: Prefer using '"%s...", __func__' to using 'domapwrite', this function's name, in a string
#1438: FILE: lustre/tests/xfstests-fsx-src/fsx.c:1258:
+		prterr("domapwrite: msync");

WARNING:EMBEDDED_FUNCTION_NAME: Prefer using '"%s...", __func__' to using 'domapwrite', this function's name, in a string
#1445: FILE: lustre/tests/xfstests-fsx-src/fsx.c:1265:
+		prterr("domapwrite: munmap");

WARNING:UNSPECIFIED_INT: Prefer 'unsigned int' to bare use of 'unsigned'
#1452: FILE: lustre/tests/xfstests-fsx-src/fsx.c:1272:
+dotruncate(unsigned size)

ERROR:CODE_INDENT: code indent should use tabs where possible
#1479: FILE: lustre/tests/xfstests-fsx-src/fsx.c:1299:
+^I        prt("ftruncate1: %x\n", size);$

WARNING:EMBEDDED_FUNCTION_NAME: Prefer using '"%s...", __func__' to using 'dotruncate', this function's name, in a string
#1480: FILE: lustre/tests/xfstests-fsx-src/fsx.c:1300:
+		prterr("dotruncate: ftruncate");

WARNING:UNSPECIFIED_INT: Prefer 'unsigned int' to bare use of 'unsigned'
#1487: FILE: lustre/tests/xfstests-fsx-src/fsx.c:1307:
+do_punch_hole(unsigned offset, unsigned length)

WARNING:UNSPECIFIED_INT: Prefer 'unsigned int' to bare use of 'unsigned'
#1487: FILE: lustre/tests/xfstests-fsx-src/fsx.c:1307:
+do_punch_hole(unsigned offset, unsigned length)

WARNING:UNSPECIFIED_INT: Prefer 'unsigned int' to bare use of 'unsigned'
#1489: FILE: lustre/tests/xfstests-fsx-src/fsx.c:1309:
+	unsigned end_offset;

WARNING:EMBEDDED_FUNCTION_NAME: Prefer using '"%s...", __func__' to using 'do_punch_hole', this function's name, in a string
#1523: FILE: lustre/tests/xfstests-fsx-src/fsx.c:1343:
+		prterr("do_punch_hole: fallocate");

WARNING:UNSPECIFIED_INT: Prefer 'unsigned int' to bare use of 'unsigned'
#1536: FILE: lustre/tests/xfstests-fsx-src/fsx.c:1356:
+do_punch_hole(unsigned offset, unsigned length)

WARNING:UNSPECIFIED_INT: Prefer 'unsigned int' to bare use of 'unsigned'
#1536: FILE: lustre/tests/xfstests-fsx-src/fsx.c:1356:
+do_punch_hole(unsigned offset, unsigned length)

WARNING:RETURN_VOID: void function return statements are not generally useful
#1539: FILE: lustre/tests/xfstests-fsx-src/fsx.c:1359:
+	return;
+}

WARNING:UNSPECIFIED_INT: Prefer 'unsigned int' to bare use of 'unsigned'
#1544: FILE: lustre/tests/xfstests-fsx-src/fsx.c:1364:
+do_zero_range(unsigned offset, unsigned length, int keep_size)

WARNING:UNSPECIFIED_INT: Prefer 'unsigned int' to bare use of 'unsigned'
#1544: FILE: lustre/tests/xfstests-fsx-src/fsx.c:1364:
+do_zero_range(unsigned offset, unsigned length, int keep_size)

WARNING:UNSPECIFIED_INT: Prefer 'unsigned int' to bare use of 'unsigned'
#1546: FILE: lustre/tests/xfstests-fsx-src/fsx.c:1366:
+	unsigned end_offset;

WARNING:SPACE_BEFORE_TAB: please, no space before tabs
#1570: FILE: lustre/tests/xfstests-fsx-src/fsx.c:1390:
+^I * ^I0: allocate past EOF$

WARNING:SPACE_BEFORE_TAB: please, no space before tabs
#1571: FILE: lustre/tests/xfstests-fsx-src/fsx.c:1391:
+^I * ^I1: extending prealloc$

WARNING:SPACE_BEFORE_TAB: please, no space before tabs
#1572: FILE: lustre/tests/xfstests-fsx-src/fsx.c:1392:
+^I * ^I2: interior prealloc$

WARNING:EMBEDDED_FUNCTION_NAME: Prefer using '"%s...", __func__' to using 'do_zero_range', this function's name, in a string
#1591: FILE: lustre/tests/xfstests-fsx-src/fsx.c:1411:
+		prterr("do_zero_range: fallocate");

WARNING:UNSPECIFIED_INT: Prefer 'unsigned int' to bare use of 'unsigned'
#1600: FILE: lustre/tests/xfstests-fsx-src/fsx.c:1420:
+do_zero_range(unsigned offset, unsigned length, int keep_size)

WARNING:UNSPECIFIED_INT: Prefer 'unsigned int' to bare use of 'unsigned'
#1600: FILE: lustre/tests/xfstests-fsx-src/fsx.c:1420:
+do_zero_range(unsigned offset, unsigned length, int keep_size)

WARNING:RETURN_VOID: void function return statements are not generally useful
#1603: FILE: lustre/tests/xfstests-fsx-src/fsx.c:1423:
+	return;
+}

WARNING:UNSPECIFIED_INT: Prefer 'unsigned int' to bare use of 'unsigned'
#1608: FILE: lustre/tests/xfstests-fsx-src/fsx.c:1428:
+do_write_zeroes(unsigned offset, unsigned length)

WARNING:UNSPECIFIED_INT: Prefer 'unsigned int' to bare use of 'unsigned'
#1608: FILE: lustre/tests/xfstests-fsx-src/fsx.c:1428:
+do_write_zeroes(unsigned offset, unsigned length)

WARNING:UNSPECIFIED_INT: Prefer 'unsigned int' to bare use of 'unsigned'
#1610: FILE: lustre/tests/xfstests-fsx-src/fsx.c:1430:
+	unsigned end_offset;

WARNING:EMBEDDED_FUNCTION_NAME: Prefer using '"%s...", __func__' to using 'do_write_zeroes', this function's name, in a string
#1644: FILE: lustre/tests/xfstests-fsx-src/fsx.c:1464:
+		prterr("do_write_zeroes: fallocate");

WARNING:UNSPECIFIED_INT: Prefer 'unsigned int' to bare use of 'unsigned'
#1653: FILE: lustre/tests/xfstests-fsx-src/fsx.c:1473:
+do_write_zeroes(unsigned offset, unsigned length)

WARNING:UNSPECIFIED_INT: Prefer 'unsigned int' to bare use of 'unsigned'
#1653: FILE: lustre/tests/xfstests-fsx-src/fsx.c:1473:
+do_write_zeroes(unsigned offset, unsigned length)

WARNING:RETURN_VOID: void function return statements are not generally useful
#1656: FILE: lustre/tests/xfstests-fsx-src/fsx.c:1476:
+	return;
+}

WARNING:UNSPECIFIED_INT: Prefer 'unsigned int' to bare use of 'unsigned'
#1661: FILE: lustre/tests/xfstests-fsx-src/fsx.c:1481:
+do_collapse_range(unsigned offset, unsigned length)

WARNING:UNSPECIFIED_INT: Prefer 'unsigned int' to bare use of 'unsigned'
#1661: FILE: lustre/tests/xfstests-fsx-src/fsx.c:1481:
+do_collapse_range(unsigned offset, unsigned length)

WARNING:UNSPECIFIED_INT: Prefer 'unsigned int' to bare use of 'unsigned'
#1663: FILE: lustre/tests/xfstests-fsx-src/fsx.c:1483:
+	unsigned end_offset;

WARNING:EMBEDDED_FUNCTION_NAME: Prefer using '"%s...", __func__' to using 'do_collapse_range', this function's name, in a string
#1697: FILE: lustre/tests/xfstests-fsx-src/fsx.c:1517:
+		prterr("do_collapse_range: fallocate");

WARNING:UNSPECIFIED_INT: Prefer 'unsigned int' to bare use of 'unsigned'
#1708: FILE: lustre/tests/xfstests-fsx-src/fsx.c:1528:
+do_collapse_range(unsigned offset, unsigned length)

WARNING:UNSPECIFIED_INT: Prefer 'unsigned int' to bare use of 'unsigned'
#1708: FILE: lustre/tests/xfstests-fsx-src/fsx.c:1528:
+do_collapse_range(unsigned offset, unsigned length)

WARNING:RETURN_VOID: void function return statements are not generally useful
#1711: FILE: lustre/tests/xfstests-fsx-src/fsx.c:1531:
+	return;
+}

WARNING:UNSPECIFIED_INT: Prefer 'unsigned int' to bare use of 'unsigned'
#1716: FILE: lustre/tests/xfstests-fsx-src/fsx.c:1536:
+do_insert_range(unsigned offset, unsigned length)

WARNING:UNSPECIFIED_INT: Prefer 'unsigned int' to bare use of 'unsigned'
#1716: FILE: lustre/tests/xfstests-fsx-src/fsx.c:1536:
+do_insert_range(unsigned offset, unsigned length)

WARNING:UNSPECIFIED_INT: Prefer 'unsigned int' to bare use of 'unsigned'
#1718: FILE: lustre/tests/xfstests-fsx-src/fsx.c:1538:
+	unsigned end_offset;

WARNING:EMBEDDED_FUNCTION_NAME: Prefer using '"%s...", __func__' to using 'do_insert_range', this function's name, in a string
#1752: FILE: lustre/tests/xfstests-fsx-src/fsx.c:1572:
+		prterr("do_insert_range: fallocate");

WARNING:UNSPECIFIED_INT: Prefer 'unsigned int' to bare use of 'unsigned'
#1764: FILE: lustre/tests/xfstests-fsx-src/fsx.c:1584:
+do_insert_range(unsigned offset, unsigned length)

WARNING:UNSPECIFIED_INT: Prefer 'unsigned int' to bare use of 'unsigned'
#1764: FILE: lustre/tests/xfstests-fsx-src/fsx.c:1584:
+do_insert_range(unsigned offset, unsigned length)

WARNING:RETURN_VOID: void function return statements are not generally useful
#1767: FILE: lustre/tests/xfstests-fsx-src/fsx.c:1587:
+	return;
+}

WARNING:SPLIT_STRING: quoted string split across lines
#1786: FILE: lustre/tests/xfstests-fsx-src/fsx.c:1606:
+				"main: filesystem does not support "
+				"exchange range, disabling!\n");

WARNING:UNSPECIFIED_INT: Prefer 'unsigned int' to bare use of 'unsigned'
#1794: FILE: lustre/tests/xfstests-fsx-src/fsx.c:1614:
+do_exchange_range(unsigned offset, unsigned length, unsigned dest)

WARNING:UNSPECIFIED_INT: Prefer 'unsigned int' to bare use of 'unsigned'
#1794: FILE: lustre/tests/xfstests-fsx-src/fsx.c:1614:
+do_exchange_range(unsigned offset, unsigned length, unsigned dest)

WARNING:UNSPECIFIED_INT: Prefer 'unsigned int' to bare use of 'unsigned'
#1794: FILE: lustre/tests/xfstests-fsx-src/fsx.c:1614:
+do_exchange_range(unsigned offset, unsigned length, unsigned dest)

WARNING:EMBEDDED_FUNCTION_NAME: Prefer using '"%s...", __func__' to using 'do_exchange_range', this function's name, in a string
#1841: FILE: lustre/tests/xfstests-fsx-src/fsx.c:1661:
+		prterr("do_exchange_range: XFS_IOC_EXCHANGE_RANGE");

WARNING:UNSPECIFIED_INT: Prefer 'unsigned int' to bare use of 'unsigned'
#1861: FILE: lustre/tests/xfstests-fsx-src/fsx.c:1681:
+do_exchange_range(unsigned offset, unsigned length, unsigned dest)

WARNING:UNSPECIFIED_INT: Prefer 'unsigned int' to bare use of 'unsigned'
#1861: FILE: lustre/tests/xfstests-fsx-src/fsx.c:1681:
+do_exchange_range(unsigned offset, unsigned length, unsigned dest)

WARNING:UNSPECIFIED_INT: Prefer 'unsigned int' to bare use of 'unsigned'
#1861: FILE: lustre/tests/xfstests-fsx-src/fsx.c:1681:
+do_exchange_range(unsigned offset, unsigned length, unsigned dest)

WARNING:RETURN_VOID: void function return statements are not generally useful
#1864: FILE: lustre/tests/xfstests-fsx-src/fsx.c:1684:
+	return;
+}

WARNING:SPLIT_STRING: quoted string split across lines
#1880: FILE: lustre/tests/xfstests-fsx-src/fsx.c:1700:
+				"main: filesystem does not support "
+				"clone range, disabling!\n");

WARNING:UNSPECIFIED_INT: Prefer 'unsigned int' to bare use of 'unsigned'
#1888: FILE: lustre/tests/xfstests-fsx-src/fsx.c:1708:
+do_clone_range(unsigned offset, unsigned length, unsigned dest)

WARNING:UNSPECIFIED_INT: Prefer 'unsigned int' to bare use of 'unsigned'
#1888: FILE: lustre/tests/xfstests-fsx-src/fsx.c:1708:
+do_clone_range(unsigned offset, unsigned length, unsigned dest)

WARNING:UNSPECIFIED_INT: Prefer 'unsigned int' to bare use of 'unsigned'
#1888: FILE: lustre/tests/xfstests-fsx-src/fsx.c:1708:
+do_clone_range(unsigned offset, unsigned length, unsigned dest)

WARNING:EMBEDDED_FUNCTION_NAME: Prefer using '"%s...", __func__' to using 'do_clone_range', this function's name, in a string
#1935: FILE: lustre/tests/xfstests-fsx-src/fsx.c:1755:
+		prterr("do_clone_range: FICLONERANGE");

WARNING:UNSPECIFIED_INT: Prefer 'unsigned int' to bare use of 'unsigned'
#1950: FILE: lustre/tests/xfstests-fsx-src/fsx.c:1770:
+do_clone_range(unsigned offset, unsigned length, unsigned dest)

WARNING:UNSPECIFIED_INT: Prefer 'unsigned int' to bare use of 'unsigned'
#1950: FILE: lustre/tests/xfstests-fsx-src/fsx.c:1770:
+do_clone_range(unsigned offset, unsigned length, unsigned dest)

WARNING:UNSPECIFIED_INT: Prefer 'unsigned int' to bare use of 'unsigned'
#1950: FILE: lustre/tests/xfstests-fsx-src/fsx.c:1770:
+do_clone_range(unsigned offset, unsigned length, unsigned dest)

WARNING:RETURN_VOID: void function return statements are not generally useful
#1953: FILE: lustre/tests/xfstests-fsx-src/fsx.c:1773:
+	return;
+}

WARNING:ALLOC_ARRAY_ARGS: calloc uses number as first arg, sizeof is generally wrong
#1966: FILE: lustre/tests/xfstests-fsx-src/fsx.c:1786:
+	fdr = calloc(sizeof(struct file_dedupe_range_info) +

WARNING:SPLIT_STRING: quoted string split across lines
#1998: FILE: lustre/tests/xfstests-fsx-src/fsx.c:1818:
+				"main: filesystem does not support "
+				"dedupe range, disabling!\n");

WARNING:UNSPECIFIED_INT: Prefer 'unsigned int' to bare use of 'unsigned'
#2013: FILE: lustre/tests/xfstests-fsx-src/fsx.c:1833:
+do_dedupe_range(unsigned offset, unsigned length, unsigned dest)

WARNING:UNSPECIFIED_INT: Prefer 'unsigned int' to bare use of 'unsigned'
#2013: FILE: lustre/tests/xfstests-fsx-src/fsx.c:1833:
+do_dedupe_range(unsigned offset, unsigned length, unsigned dest)

WARNING:UNSPECIFIED_INT: Prefer 'unsigned int' to bare use of 'unsigned'
#2013: FILE: lustre/tests/xfstests-fsx-src/fsx.c:1833:
+do_dedupe_range(unsigned offset, unsigned length, unsigned dest)

WARNING:ALLOC_ARRAY_ARGS: calloc uses number as first arg, sizeof is generally wrong
#2044: FILE: lustre/tests/xfstests-fsx-src/fsx.c:1864:
+	fdr = calloc(sizeof(struct file_dedupe_range_info) +

WARNING:EMBEDDED_FUNCTION_NAME: Prefer using '"%s...", __func__' to using 'do_dedupe_range', this function's name, in a string
#2047: FILE: lustre/tests/xfstests-fsx-src/fsx.c:1867:
+		prterr("do_dedupe_range: malloc");

WARNING:EMBEDDED_FUNCTION_NAME: Prefer using '"%s...", __func__' to using 'do_dedupe_range', this function's name, in a string
#2061: FILE: lustre/tests/xfstests-fsx-src/fsx.c:1881:
+		prterr("do_dedupe_range(0): FIDEDUPERANGE");

WARNING:EMBEDDED_FUNCTION_NAME: Prefer using '"%s...", __func__' to using 'do_dedupe_range', this function's name, in a string
#2067: FILE: lustre/tests/xfstests-fsx-src/fsx.c:1887:
+		prterr("do_dedupe_range(1): FIDEDUPERANGE");

WARNING:UNSPECIFIED_INT: Prefer 'unsigned int' to bare use of 'unsigned'
#2082: FILE: lustre/tests/xfstests-fsx-src/fsx.c:1902:
+do_dedupe_range(unsigned offset, unsigned length, unsigned dest)

WARNING:UNSPECIFIED_INT: Prefer 'unsigned int' to bare use of 'unsigned'
#2082: FILE: lustre/tests/xfstests-fsx-src/fsx.c:1902:
+do_dedupe_range(unsigned offset, unsigned length, unsigned dest)

WARNING:UNSPECIFIED_INT: Prefer 'unsigned int' to bare use of 'unsigned'
#2082: FILE: lustre/tests/xfstests-fsx-src/fsx.c:1902:
+do_dedupe_range(unsigned offset, unsigned length, unsigned dest)

WARNING:RETURN_VOID: void function return statements are not generally useful
#2085: FILE: lustre/tests/xfstests-fsx-src/fsx.c:1905:
+	return;
+}

ERROR:OPEN_BRACE: open brace '{' following function definitions go on the next line
#2088: FILE: lustre/tests/xfstests-fsx-src/fsx.c:1908:
+int test_atomic_writes(void) {

WARNING:SPLIT_STRING: quoted string split across lines
#2095: FILE: lustre/tests/xfstests-fsx-src/fsx.c:1915:
+			fprintf(stderr, "main: atomic writes need O_DIRECT (-Z), "
+					"disabling!\n");

WARNING:SPLIT_STRING: quoted string split across lines
#2102: FILE: lustre/tests/xfstests-fsx-src/fsx.c:1922:
+		fprintf(stderr, "main: Statx failed with %d."
+			" Failed to determine atomic write limits, "

WARNING:SPLIT_STRING: quoted string split across lines
#2103: FILE: lustre/tests/xfstests-fsx-src/fsx.c:1923:
+			" Failed to determine atomic write limits, "
+			" disabling!\n", ret);

WARNING:SPLIT_STRING: quoted string split across lines
#2116: FILE: lustre/tests/xfstests-fsx-src/fsx.c:1936:
+		fprintf(stderr, "main: IO Stack does not support "
+				"atomic writes, disabling!\n");

WARNING:ENOSYS: ENOSYS means 'invalid syscall nr' and nothing else
#2127: FILE: lustre/tests/xfstests-fsx-src/fsx.c:1947:
+	    (errno == ENOSYS || errno == EOPNOTSUPP || errno == ENOTTY)) {

WARNING:SPLIT_STRING: quoted string split across lines
#2131: FILE: lustre/tests/xfstests-fsx-src/fsx.c:1951:
+				"main: filesystem does not support "
+				"copy range, disabling!\n");

WARNING:UNSPECIFIED_INT: Prefer 'unsigned int' to bare use of 'unsigned'
#2139: FILE: lustre/tests/xfstests-fsx-src/fsx.c:1959:
+do_copy_range(unsigned offset, unsigned length, unsigned dest)

WARNING:UNSPECIFIED_INT: Prefer 'unsigned int' to bare use of 'unsigned'
#2139: FILE: lustre/tests/xfstests-fsx-src/fsx.c:1959:
+do_copy_range(unsigned offset, unsigned length, unsigned dest)

WARNING:UNSPECIFIED_INT: Prefer 'unsigned int' to bare use of 'unsigned'
#2139: FILE: lustre/tests/xfstests-fsx-src/fsx.c:1959:
+do_copy_range(unsigned offset, unsigned length, unsigned dest)

WARNING:EMBEDDED_FUNCTION_NAME: Prefer using '"%s...", __func__' to using 'do_copy_range', this function's name, in a string
#2193: FILE: lustre/tests/xfstests-fsx-src/fsx.c:2013:
+			prt("do_copy_range: asked %u, copied %u??\n",

WARNING:EMBEDDED_FUNCTION_NAME: Prefer using '"%s...", __func__' to using 'do_copy_range', this function's name, in a string
#2202: FILE: lustre/tests/xfstests-fsx-src/fsx.c:2022:
+		prterr("do_copy_range:");

WARNING:UNSPECIFIED_INT: Prefer 'unsigned int' to bare use of 'unsigned'
#2217: FILE: lustre/tests/xfstests-fsx-src/fsx.c:2037:
+do_copy_range(unsigned offset, unsigned length, unsigned dest)

WARNING:UNSPECIFIED_INT: Prefer 'unsigned int' to bare use of 'unsigned'
#2217: FILE: lustre/tests/xfstests-fsx-src/fsx.c:2037:
+do_copy_range(unsigned offset, unsigned length, unsigned dest)

WARNING:UNSPECIFIED_INT: Prefer 'unsigned int' to bare use of 'unsigned'
#2217: FILE: lustre/tests/xfstests-fsx-src/fsx.c:2037:
+do_copy_range(unsigned offset, unsigned length, unsigned dest)

WARNING:RETURN_VOID: void function return statements are not generally useful
#2220: FILE: lustre/tests/xfstests-fsx-src/fsx.c:2040:
+	return;
+}

WARNING:UNSPECIFIED_INT: Prefer 'unsigned int' to bare use of 'unsigned'
#2226: FILE: lustre/tests/xfstests-fsx-src/fsx.c:2046:
+do_preallocate(unsigned offset, unsigned length, int keep_size, int unshare)

WARNING:UNSPECIFIED_INT: Prefer 'unsigned int' to bare use of 'unsigned'
#2226: FILE: lustre/tests/xfstests-fsx-src/fsx.c:2046:
+do_preallocate(unsigned offset, unsigned length, int keep_size, int unshare)

WARNING:UNSPECIFIED_INT: Prefer 'unsigned int' to bare use of 'unsigned'
#2228: FILE: lustre/tests/xfstests-fsx-src/fsx.c:2048:
+	unsigned end_offset;

ERROR:CODE_INDENT: code indent should use tabs where possible
#2243: FILE: lustre/tests/xfstests-fsx-src/fsx.c:2063:
+        if (length == 0) {$

WARNING:LEADING_SPACE: please, no spaces at the start of a line
#2243: FILE: lustre/tests/xfstests-fsx-src/fsx.c:2063:
+        if (length == 0) {$

ERROR:CODE_INDENT: code indent should use tabs where possible
#2244: FILE: lustre/tests/xfstests-fsx-src/fsx.c:2064:
+                if (!quiet && testcalls > simulatedopcount)$

WARNING:LEADING_SPACE: please, no spaces at the start of a line
#2244: FILE: lustre/tests/xfstests-fsx-src/fsx.c:2064:
+                if (!quiet && testcalls > simulatedopcount)$

ERROR:CODE_INDENT: code indent should use tabs where possible
#2245: FILE: lustre/tests/xfstests-fsx-src/fsx.c:2065:
+                        prt("skipping zero length fallocate\n");$

WARNING:LEADING_SPACE: please, no spaces at the start of a line
#2245: FILE: lustre/tests/xfstests-fsx-src/fsx.c:2065:
+                        prt("skipping zero length fallocate\n");$

ERROR:CODE_INDENT: code indent should use tabs where possible
#2246: FILE: lustre/tests/xfstests-fsx-src/fsx.c:2066:
+                log4(OP_FALLOCATE, offset, length, FL_SKIPPED | opflags);$

WARNING:LEADING_SPACE: please, no spaces at the start of a line
#2246: FILE: lustre/tests/xfstests-fsx-src/fsx.c:2066:
+                log4(OP_FALLOCATE, offset, length, FL_SKIPPED | opflags);$

ERROR:CODE_INDENT: code indent should use tabs where possible
#2247: FILE: lustre/tests/xfstests-fsx-src/fsx.c:2067:
+                return;$

WARNING:LEADING_SPACE: please, no spaces at the start of a line
#2247: FILE: lustre/tests/xfstests-fsx-src/fsx.c:2067:
+                return;$

ERROR:CODE_INDENT: code indent should use tabs where possible
#2248: FILE: lustre/tests/xfstests-fsx-src/fsx.c:2068:
+        }$

WARNING:LEADING_SPACE: please, no spaces at the start of a line
#2248: FILE: lustre/tests/xfstests-fsx-src/fsx.c:2068:
+        }$

WARNING:SPACE_BEFORE_TAB: please, no space before tabs
#2260: FILE: lustre/tests/xfstests-fsx-src/fsx.c:2080:
+^I * ^I0: allocate past EOF$

WARNING:SPACE_BEFORE_TAB: please, no space before tabs
#2261: FILE: lustre/tests/xfstests-fsx-src/fsx.c:2081:
+^I * ^I1: extending prealloc$

WARNING:SPACE_BEFORE_TAB: please, no space before tabs
#2262: FILE: lustre/tests/xfstests-fsx-src/fsx.c:2082:
+^I * ^I2: interior prealloc$

ERROR:TRAILING_WHITESPACE: trailing whitespace
#2273: FILE: lustre/tests/xfstests-fsx-src/fsx.c:2093:
+^I$

ERROR:CODE_INDENT: code indent should use tabs where possible
#2280: FILE: lustre/tests/xfstests-fsx-src/fsx.c:2100:
+^I        prt("fallocate: 0x%x to 0x%x\n", offset, offset + length);$

WARNING:EMBEDDED_FUNCTION_NAME: Prefer using '"%s...", __func__' to using 'do_preallocate', this function's name, in a string
#2281: FILE: lustre/tests/xfstests-fsx-src/fsx.c:2101:
+		prterr("do_preallocate: fallocate");

WARNING:UNSPECIFIED_INT: Prefer 'unsigned int' to bare use of 'unsigned'
#2287: FILE: lustre/tests/xfstests-fsx-src/fsx.c:2107:
+do_preallocate(unsigned offset, unsigned length, int keep_size, int unshare)

WARNING:UNSPECIFIED_INT: Prefer 'unsigned int' to bare use of 'unsigned'
#2287: FILE: lustre/tests/xfstests-fsx-src/fsx.c:2107:
+do_preallocate(unsigned offset, unsigned length, int keep_size, int unshare)

WARNING:RETURN_VOID: void function return statements are not generally useful
#2290: FILE: lustre/tests/xfstests-fsx-src/fsx.c:2110:
+	return;
+}

WARNING:SPLIT_STRING: quoted string split across lines
#2306: FILE: lustre/tests/xfstests-fsx-src/fsx.c:2126:
+				"main: filesystem does not support "
+				"dontcache IO, disabling!\n");

WARNING:EMBEDDED_FUNCTION_NAME: Prefer using '"%s...", __func__' to using 'writefileimage', this function's name, in a string
#2319: FILE: lustre/tests/xfstests-fsx-src/fsx.c:2139:
+		prterr("writefileimage: lseek");

WARNING:EMBEDDED_FUNCTION_NAME: Prefer using '"%s...", __func__' to using 'writefileimage', this function's name, in a string
#2325: FILE: lustre/tests/xfstests-fsx-src/fsx.c:2145:
+			prterr("writefileimage: write");

ERROR:CODE_INDENT: code indent should use tabs where possible
#2332: FILE: lustre/tests/xfstests-fsx-src/fsx.c:2152:
+^I        prt("ftruncate2: %llx\n", (unsigned long long)file_size);$

WARNING:EMBEDDED_FUNCTION_NAME: Prefer using '"%s...", __func__' to using 'writefileimage', this function's name, in a string
#2333: FILE: lustre/tests/xfstests-fsx-src/fsx.c:2153:
+		prterr("writefileimage: ftruncate");

ERROR:TRAILING_WHITESPACE: trailing whitespace
#2341: FILE: lustre/tests/xfstests-fsx-src/fsx.c:2161:
+{ $

WARNING:EMBEDDED_FUNCTION_NAME: Prefer using '"%s...", __func__' to using 'docloseopen', this function's name, in a string
#2348: FILE: lustre/tests/xfstests-fsx-src/fsx.c:2168:
+		prterr("docloseopen: close");

WARNING:EMBEDDED_FUNCTION_NAME: Prefer using '"%s...", __func__' to using 'docloseopen', this function's name, in a string
#2352: FILE: lustre/tests/xfstests-fsx-src/fsx.c:2172:
+		prterr("docloseopen: drop_caches");

WARNING:EMBEDDED_FUNCTION_NAME: Prefer using '"%s...", __func__' to using 'docloseopen', this function's name, in a string
#2357: FILE: lustre/tests/xfstests-fsx-src/fsx.c:2177:
+		prterr("docloseopen: open");

ERROR:SPACING: space required before the open parenthesis '('
#2595: FILE: lustre/tests/xfstests-fsx-src/fsx.c:2415:
+	switch(op) {

WARNING:EMBEDDED_FUNCTION_NAME: Prefer using '"%s...", __func__' to using 'test', this function's name, in a string
#2846: FILE: lustre/tests/xfstests-fsx-src/fsx.c:2666:
+		prterr("test: unknown operation");

WARNING:EMBEDDED_FUNCTION_NAME: Prefer using '"%s...", __func__' to using 'usage', this function's name, in a string
#2866: FILE: lustre/tests/xfstests-fsx-src/fsx.c:2686:
+	fprintf(stdout, "usage: %s",

WARNING:LINE_CONTINUATIONS: Avoid line continuations in quoted strings
#2867: FILE: lustre/tests/xfstests-fsx-src/fsx.c:2687:
+		"fsx [-adfhknqxyzBEFHIJKLORWXZ0Y]\n\

WARNING:LINE_CONTINUATIONS: Avoid line continuations in quoted strings
#2884: FILE: lustre/tests/xfstests-fsx-src/fsx.c:2704:
+"	-i logdev: do integrity testing, logdev is the dm log writes device\n\

WARNING:TYPO_SPELLING: 'messsages' may be misspelled - perhaps 'messages'?
#2885: FILE: lustre/tests/xfstests-fsx-src/fsx.c:2705:
+	-j logid: prefix debug log messsages with this id\n\
 	                           ^^^^^^^^^

WARNING:LINE_CONTINUATIONS: Avoid line continuations in quoted strings
#2899: FILE: lustre/tests/xfstests-fsx-src/fsx.c:2719:
+"	-w writebdy: 4096 would make writes page aligned (default 1)\n\

WARNING:LINE_CONTINUATIONS: Avoid line continuations in quoted strings
#2940: FILE: lustre/tests/xfstests-fsx-src/fsx.c:2760:
+"	-K: Do not use keep size\n\

WARNING:SPACE_BEFORE_TAB: please, no space before tabs
#2996: FILE: lustre/tests/xfstests-fsx-src/fsx.c:2816:
+struct iocb ^Iiocb;$

WARNING:LINE_SPACING: Missing a blank line after declarations
#3002: FILE: lustre/tests/xfstests-fsx-src/fsx.c:2822:
+	int ret;
+	ret = io_queue_init(QSZ, &io_ctx);

WARNING:EMBEDDED_FUNCTION_NAME: Prefer using '"%s...", __func__' to using 'aio_setup', this function's name, in a string
#3004: FILE: lustre/tests/xfstests-fsx-src/fsx.c:2824:
+		fprintf(stderr, "aio_setup: io_queue_init failed: %s\n",

ERROR:CODE_INDENT: code indent should use tabs where possible
#3005: FILE: lustre/tests/xfstests-fsx-src/fsx.c:2825:
+                        strerror(ret));$

WARNING:LEADING_SPACE: please, no spaces at the start of a line
#3005: FILE: lustre/tests/xfstests-fsx-src/fsx.c:2825:
+                        strerror(ret));$

ERROR:CODE_INDENT: code indent should use tabs where possible
#3006: FILE: lustre/tests/xfstests-fsx-src/fsx.c:2826:
+                return(-1);$

WARNING:LEADING_SPACE: please, no spaces at the start of a line
#3006: FILE: lustre/tests/xfstests-fsx-src/fsx.c:2826:
+                return(-1);$

ERROR:CODE_INDENT: code indent should use tabs where possible
#3007: FILE: lustre/tests/xfstests-fsx-src/fsx.c:2827:
+        }$

WARNING:LEADING_SPACE: please, no spaces at the start of a line
#3007: FILE: lustre/tests/xfstests-fsx-src/fsx.c:2827:
+        }$

ERROR:CODE_INDENT: code indent should use tabs where possible
#3008: FILE: lustre/tests/xfstests-fsx-src/fsx.c:2828:
+        return(0);$

WARNING:LEADING_SPACE: please, no spaces at the start of a line
#3008: FILE: lustre/tests/xfstests-fsx-src/fsx.c:2828:
+        return(0);$

WARNING:UNSPECIFIED_INT: Prefer 'unsigned int' to bare use of 'unsigned'
#3012: FILE: lustre/tests/xfstests-fsx-src/fsx.c:2832:
+aio_rw(int rw, int fd, char *buf, unsigned len, unsigned offset)

WARNING:UNSPECIFIED_INT: Prefer 'unsigned int' to bare use of 'unsigned'
#3012: FILE: lustre/tests/xfstests-fsx-src/fsx.c:2832:
+aio_rw(int rw, int fd, char *buf, unsigned len, unsigned offset)

WARNING:BRACES: braces {} are not necessary for any arm of this statement
#3020: FILE: lustre/tests/xfstests-fsx-src/fsx.c:2840:
+	if (rw == READ) {
[...]
+	} else {
[...]

WARNING:EMBEDDED_FUNCTION_NAME: Prefer using '"%s...", __func__' to using 'aio_rw', this function's name, in a string
#3031: FILE: lustre/tests/xfstests-fsx-src/fsx.c:2851:
+		fprintf(stderr, "aio_rw: io_submit failed: %s\n",

WARNING:EMBEDDED_FUNCTION_NAME: Prefer using '"%s...", __func__' to using 'aio_rw', this function's name, in a string
#3039: FILE: lustre/tests/xfstests-fsx-src/fsx.c:2859:
+			fprintf(stderr, "aio_rw: no events available\n");

WARNING:EMBEDDED_FUNCTION_NAME: Prefer using '"%s...", __func__' to using 'aio_rw', this function's name, in a string
#3042: FILE: lustre/tests/xfstests-fsx-src/fsx.c:2862:
+			fprintf(stderr, "aio_rw: io_getevents failed: %s\n",

ERROR:CODE_INDENT: code indent should use tabs where possible
#3043: FILE: lustre/tests/xfstests-fsx-src/fsx.c:2863:
+^I^I^I^I ^Istrerror(-ret));$

WARNING:SPACE_BEFORE_TAB: please, no space before tabs
#3043: FILE: lustre/tests/xfstests-fsx-src/fsx.c:2863:
+^I^I^I^I ^Istrerror(-ret));$

WARNING:TYPO_SPELLING: 'strucuture' may be misspelled - perhaps 'structure'?
#3050: FILE: lustre/tests/xfstests-fsx-src/fsx.c:2870:
+		 * However the kernel strucuture has it signed,
 		                      ^^^^^^^^^^

WARNING:EMBEDDED_FUNCTION_NAME: Prefer using '"%s...", __func__' to using 'aio_rw', this function's name, in a string
#3060: FILE: lustre/tests/xfstests-fsx-src/fsx.c:2880:
+			fprintf(stderr, "aio_rw: async io failed: %s\n",

WARNING:UNSPECIFIED_INT: Prefer 'unsigned int' to bare use of 'unsigned'
#3079: FILE: lustre/tests/xfstests-fsx-src/fsx.c:2899:
+aio_rw(int rw, int fd, char *buf, unsigned len, unsigned offset)

WARNING:UNSPECIFIED_INT: Prefer 'unsigned int' to bare use of 'unsigned'
#3079: FILE: lustre/tests/xfstests-fsx-src/fsx.c:2899:
+aio_rw(int rw, int fd, char *buf, unsigned len, unsigned offset)

WARNING:EMBEDDED_FUNCTION_NAME: Prefer using '"%s...", __func__' to using 'uring_setup', this function's name, in a string
#3098: FILE: lustre/tests/xfstests-fsx-src/fsx.c:2918:
+		fprintf(stderr, "uring_setup: io_uring_queue_init failed: %s\n",

WARNING:UNSPECIFIED_INT: Prefer 'unsigned int' to bare use of 'unsigned'
#3106: FILE: lustre/tests/xfstests-fsx-src/fsx.c:2926:
+uring_rw(int rw, int fd, char *buf, unsigned len, unsigned offset, int flags)

WARNING:UNSPECIFIED_INT: Prefer 'unsigned int' to bare use of 'unsigned'
#3106: FILE: lustre/tests/xfstests-fsx-src/fsx.c:2926:
+uring_rw(int rw, int fd, char *buf, unsigned len, unsigned offset, int flags)

WARNING:UNSPECIFIED_INT: Prefer 'unsigned int' to bare use of 'unsigned'
#3114: FILE: lustre/tests/xfstests-fsx-src/fsx.c:2934:
+	unsigned l = len;

WARNING:UNSPECIFIED_INT: Prefer 'unsigned int' to bare use of 'unsigned'
#3115: FILE: lustre/tests/xfstests-fsx-src/fsx.c:2935:
+	unsigned o = offset;

WARNING:EMBEDDED_FUNCTION_NAME: Prefer using '"%s...", __func__' to using 'uring_rw', this function's name, in a string
#3125: FILE: lustre/tests/xfstests-fsx-src/fsx.c:2945:
+			fprintf(stderr, "uring_rw: io_uring_get_sqe failed: %s\n",

WARNING:BRACES: braces {} are not necessary for any arm of this statement
#3132: FILE: lustre/tests/xfstests-fsx-src/fsx.c:2952:
+		if (rw == READ) {
[...]
+		} else {
[...]

WARNING:UNSPECIFIED_INT: Prefer 'unsigned int' to bare use of 'unsigned'
#3186: FILE: lustre/tests/xfstests-fsx-src/fsx.c:3006:
+uring_rw(int rw, int fd, char *buf, unsigned len, unsigned offset, int flags)

WARNING:UNSPECIFIED_INT: Prefer 'unsigned int' to bare use of 'unsigned'
#3186: FILE: lustre/tests/xfstests-fsx-src/fsx.c:3006:
+uring_rw(int rw, int fd, char *buf, unsigned len, unsigned offset, int flags)

WARNING:UNSPECIFIED_INT: Prefer 'unsigned int' to bare use of 'unsigned'
#3194: FILE: lustre/tests/xfstests-fsx-src/fsx.c:3014:
+fsx_rw(int rw, int fd, char *buf, unsigned len, unsigned offset, int flags)

WARNING:UNSPECIFIED_INT: Prefer 'unsigned int' to bare use of 'unsigned'
#3194: FILE: lustre/tests/xfstests-fsx-src/fsx.c:3014:
+fsx_rw(int rw, int fd, char *buf, unsigned len, unsigned offset, int flags)

WARNING:LINE_SPACING: Missing a blank line after declarations
#3220: FILE: lustre/tests/xfstests-fsx-src/fsx.c:3040:
+	int ret = 0;
+	if (!lite) {

WARNING:ENOSYS: ENOSYS means 'invalid syscall nr' and nothing else
#3222: FILE: lustre/tests/xfstests-fsx-src/fsx.c:3042:
+		    (errno == ENOSYS || errno == EOPNOTSUPP)) {

ERROR:SPACING: space required before the open parenthesis '('
#3223: FILE: lustre/tests/xfstests-fsx-src/fsx.c:3043:
+			if(!quiet)

WARNING:SPLIT_STRING: quoted string split across lines
#3226: FILE: lustre/tests/xfstests-fsx-src/fsx.c:3046:
+					"main: filesystem does not support "
+					"fallocate mode %s, disabling!\n",

ERROR:CODE_INDENT: code indent should use tabs where possible
#3273: FILE: lustre/tests/xfstests-fsx-src/fsx.c:3093:
+^I        collapse_hugepages();$

WARNING:STATIC_CONST_CHAR_ARRAY: const array should probably be static const
#3296: FILE: lustre/tests/xfstests-fsx-src/fsx.c:3116:
+	const char str[] = "Hugepagesize:";

WARNING:EMBEDDED_FUNCTION_NAME: Prefer using '"%s...", __func__' to using 'get_hugepage_size', this function's name, in a string
#3304: FILE: lustre/tests/xfstests-fsx-src/fsx.c:3124:
+		prterr("get_hugepage_size: fopen /proc/meminfo");

WARNING:NAKED_SSCANF: unchecked sscanf return value
#3309: FILE: lustre/tests/xfstests-fsx-src/fsx.c:3129:
+			sscanf(buffer + str_len, "%u", &hugepage_size);

WARNING:EMBEDDED_FUNCTION_NAME: Prefer using '"%s...", __func__' to using 'get_hugepage_size', this function's name, in a string
#3315: FILE: lustre/tests/xfstests-fsx-src/fsx.c:3135:
+		prterr("get_hugepage_size: failed to find "

WARNING:SPLIT_STRING: quoted string split across lines
#3316: FILE: lustre/tests/xfstests-fsx-src/fsx.c:3136:
+		prterr("get_hugepage_size: failed to find "
+			"hugepage size in /proc/meminfo\n");

WARNING:UNSPECIFIED_INT: Prefer 'unsigned int' to bare use of 'unsigned'
#3325: FILE: lustre/tests/xfstests-fsx-src/fsx.c:3145:
+init_hugepages_buf(unsigned len, int hugepage_size, int alignment, long *buf_size)

WARNING:LINE_SPACING: Missing a blank line after declarations
#3362: FILE: lustre/tests/xfstests-fsx-src/fsx.c:3182:
+		long hugepage_size = get_hugepage_size();
+		if (hugepage_size == -1) {

WARNING:SPLIT_STRING: quoted string split across lines
#3458: FILE: lustre/tests/xfstests-fsx-src/fsx.c:3278:
+			fprintf(stderr, "MADV_COLLAPSE not supported. "
+				"Can't support -h\n");

ERROR:CODE_INDENT: code indent should use tabs where possible
#3588: FILE: lustre/tests/xfstests-fsx-src/fsx.c:3408:
+^I^I        lite = 1;$

ERROR:CODE_INDENT: code indent should use tabs where possible
#3603: FILE: lustre/tests/xfstests-fsx-src/fsx.c:3423:
+                case 'R':$

WARNING:LEADING_SPACE: please, no spaces at the start of a line
#3603: FILE: lustre/tests/xfstests-fsx-src/fsx.c:3423:
+                case 'R':$

ERROR:CODE_INDENT: code indent should use tabs where possible
#3604: FILE: lustre/tests/xfstests-fsx-src/fsx.c:3424:
+                        mapped_reads = 0;$

WARNING:LEADING_SPACE: please, no spaces at the start of a line
#3604: FILE: lustre/tests/xfstests-fsx-src/fsx.c:3424:
+                        mapped_reads = 0;$

ERROR:CODE_INDENT: code indent should use tabs where possible
#3605: FILE: lustre/tests/xfstests-fsx-src/fsx.c:3425:
+                        break;$

WARNING:LEADING_SPACE: please, no spaces at the start of a line
#3605: FILE: lustre/tests/xfstests-fsx-src/fsx.c:3425:
+                        break;$

ERROR:CODE_INDENT: code indent should use tabs where possible
#3607: FILE: lustre/tests/xfstests-fsx-src/fsx.c:3427:
+                        seed = getnum(optarg, &endp);$

WARNING:LEADING_SPACE: please, no spaces at the start of a line
#3607: FILE: lustre/tests/xfstests-fsx-src/fsx.c:3427:
+                        seed = getnum(optarg, &endp);$

ERROR:CODE_INDENT: code indent should use tabs where possible
#3619: FILE: lustre/tests/xfstests-fsx-src/fsx.c:3439:
+^I^I        mapped_writes = 0;$

WARNING:EMBEDDED_FUNCTION_NAME: Prefer using '"%s...", __func__' to using 'main', this function's name, in a string
#3719: FILE: lustre/tests/xfstests-fsx-src/fsx.c:3539:
+			fprintf(stderr, "main: cannot prealloc, non XFS\n");

ERROR:TRAILING_WHITESPACE: trailing whitespace
#3763: FILE: lustre/tests/xfstests-fsx-src/fsx.c:3583:
+^Iif (aio) $

WARNING:LINE_SPACING: Missing a blank line after declarations
#3773: FILE: lustre/tests/xfstests-fsx-src/fsx.c:3593:
+		off_t ret;
+		file_size = maxfilelen = biggest = lseek(fd, (off_t)0, SEEK_END);

WARNING:EMBEDDED_FUNCTION_NAME: Prefer using '"%s...", __func__' to using 'main', this function's name, in a string
#3776: FILE: lustre/tests/xfstests-fsx-src/fsx.c:3596:
+			warn("main: lseek eof");

WARNING:EMBEDDED_FUNCTION_NAME: Prefer using '"%s...", __func__' to using 'main', this function's name, in a string
#3782: FILE: lustre/tests/xfstests-fsx-src/fsx.c:3602:
+			warn("main: lseek 0");

WARNING:EMBEDDED_FUNCTION_NAME: Prefer using '"%s...", __func__' to using 'main', this function's name, in a string
#3794: FILE: lustre/tests/xfstests-fsx-src/fsx.c:3614:
+				warn("main: error on write");

WARNING:EMBEDDED_FUNCTION_NAME: Prefer using '"%s...", __func__' to using 'main', this function's name, in a string
#3796: FILE: lustre/tests/xfstests-fsx-src/fsx.c:3616:
+				warn("main: short write, 0x%x bytes instead "

WARNING:SPLIT_STRING: quoted string split across lines
#3797: FILE: lustre/tests/xfstests-fsx-src/fsx.c:3617:
+				warn("main: short write, 0x%x bytes instead "
+					"of 0x%lx\n",

WARNING:UNSPECIFIED_INT: Prefer 'unsigned int' to bare use of 'unsigned'
#3798: FILE: lustre/tests/xfstests-fsx-src/fsx.c:3618:
+					(unsigned)written,

WARNING:EMBEDDED_FUNCTION_NAME: Prefer using '"%s...", __func__' to using 'main', this function's name, in a string
#3810: FILE: lustre/tests/xfstests-fsx-src/fsx.c:3630:
+				warn("main: error on read");

WARNING:SPDX_LICENSE_TAG: Improper SPDX comment style for 'lustre/tests/xfstests-fsx-src/global.h', please use '/*' instead
#3872: FILE: lustre/tests/xfstests-fsx-src/global.h:1:
+// SPDX-License-Identifier: GPL-2.0

WARNING:SPDX_LICENSE_TAG: Missing or malformed SPDX-License-Identifier tag in line 1
#3872: FILE: lustre/tests/xfstests-fsx-src/global.h:1:
+// SPDX-License-Identifier: GPL-2.0

ERROR:TRAILING_WHITESPACE: trailing whitespace
#3877: FILE: lustre/tests/xfstests-fsx-src/global.h:6:
+ $

WARNING:LEADING_SPACE: please, no spaces at the start of a line
#3877: FILE: lustre/tests/xfstests-fsx-src/global.h:6:
+ $

WARNING:SPDX_LICENSE_TAG: Missing or malformed SPDX-License-Identifier tag in line 1
#4116: FILE: lustre/tests/xfstests-fsx-src/statx.h:1:
+#ifndef STATX_H

WARNING:SPACING: space prohibited between function name and open parenthesis '('
#4146: FILE: lustre/tests/xfstests-fsx-src/statx.h:31:
+#  if defined (__ILP32__)

WARNING:UNSPECIFIED_INT: Prefer 'unsigned int' to bare use of 'unsigned'
#4306: FILE: lustre/tests/xfstests-fsx-src/statx.h:191:
+int xfstests_statx(int dfd, const char *filename, unsigned flags,

WARNING:ENOSYS: ENOSYS means 'invalid syscall nr' and nothing else
#4312: FILE: lustre/tests/xfstests-fsx-src/statx.h:197:
+	errno = ENOSYS;

total: 102 errors, 258 warnings, 4264 lines checked

NOTE: For some of the reported defects, checkpatch may be able to
      mechanically convert to the typical style using --fix or --fix-inplace.

NOTE: Whitespace errors detected.
      You may wish to use scripts/cleanpatch or scripts/cleanfile

Your patch has style problems, please review.

NOTE: If any of the errors are false positives, please report
      them to the maintainer, see CHECKPATCH in MAINTAINERS.
