CLI: ./pk --podman-socket unix:///run/user/1000/podman/podman.sock --shared-filesystem /tmp --tarball-input job lustre-ci --output /var/www/ci-lustre/upstream-patch-review --git-hash b7e132d6f771a313c12a9ba1ac24ec8c4eda9943 --change-id 68973_b7e132d6f771a313c12a9ba1ac24ec8c4eda9943 --subject LU-20763 nodemap: delete only the fileset records in use

Environment validated successfully
Note: custom LLVM is not synced in tarball input mode
Creating kernel tarball at /tmp/ktest-kernel.tar.gz...
Creating lustre tarball at /tmp/ktest-lustre.tar.gz...
Creating ZFS tarball at /tmp/ktest-zfs.tar.gz...
Executing 14 jobs
Jobs will start as soon as their dependencies are satisfied
Using tarball input mode

START al2023:al2023 build tests/fs/lustre/boot.ktest
START ml-strict:lustre_mainline build tests/fs/lustre/boot-strict.ktest
START ml:lustre_mainline build tests/fs/lustre/boot.ktest
START u24:u24 build tests/fs/lustre/boot.ktest
START checkpatch:checkpatch tool checkpatch
START ml-miscvm:lustre_mainline_native build tests/fs/lustre/boot.ktest
PUT /tmp/ktest-lustre.tar.gz 1s
PUT /tmp/ktest-lustre.tar.gz 1s
PUT /tmp/ktest-kernel.tar.gz 8s
PUT /tmp/ktest-kernel.tar.gz 8s
PUT /tmp/ktest-kernel.tar.gz 8s
PUT /tmp/ktest-kernel.tar.gz 8s
PUT /tmp/ktest-lustre.tar.gz 2s
PUT /tmp/ktest-lustre.tar.gz 2s
PUT /tmp/ktest-lustre.tar.gz 2s
PUT /tmp/ktest-lustre.tar.gz 3s
PUT /tmp/ktest-zfs.tar.gz 0s
PUT /tmp/ktest-zfs.tar.gz 0s
PUT /tmp/ktest-zfs.tar.gz 0s
END checkpatch:checkpatch tool checkpatch PASS 14s
END u24:u24 build tests/fs/lustre/boot.ktest PASS 42s
END al2023:al2023 build tests/fs/lustre/boot.ktest PASS 47s
GET /tmp/ktest_ml-strict:lustre_mainline_w1f6bv1k.tar 5s
END ml-strict:lustre_mainline build tests/fs/lustre/boot-strict.ktest FAIL 159s (exit code: 1)
GET /tmp/ktest_ml:lustre_mainline_5to8hm54.tar 2s
END ml:lustre_mainline build tests/fs/lustre/boot.ktest PASS 161s
GET /tmp/ktest_ml-miscvm:lustre_mainline_native_vv_906iz.tar 0s
END ml-miscvm:lustre_mainline_native build tests/fs/lustre/boot.ktest PASS 164s
START ml-miscvm:boot run tests/fs/lustre/boot.ktest
START ml-miscvm:llmount run tests/fs/lustre/llmount.ktest
START ml-miscvm:llog-unit run tests/fs/lustre/llog-unit.ktest
START ml-miscvm:mgs-setup run tests/fs/lustre/mgs-setup.ktest
START ml-miscvm:sanity-1 run tests/fs/lustre/sanity/sanity-1.ktest
START ml-miscvm:sanity-2 run tests/fs/lustre/sanity/sanity-2.ktest
START ml-miscvm:sanity-3 run tests/fs/lustre/sanity/sanity-3.ktest
START ml-miscvm:sanity-4 run tests/fs/lustre/sanity/sanity-4.ktest
PUT /tmp/ktest-kernel.tar.gz 29s
PUT /tmp/ktest-kernel.tar.gz 29s
PUT /tmp/ktest-kernel.tar.gz 29s
PUT /tmp/ktest-kernel.tar.gz 30s
PUT /tmp/ktest-kernel.tar.gz 30s
PUT /tmp/ktest-kernel.tar.gz 30s
PUT /tmp/ktest-kernel.tar.gz 30s
PUT /tmp/ktest-kernel.tar.gz 30s
PUT /tmp/ktest-lustre.tar.gz 8s
PUT /tmp/ktest-lustre.tar.gz 9s
PUT /tmp/ktest-lustre.tar.gz 9s
PUT /tmp/ktest-lustre.tar.gz 9s
PUT /tmp/ktest-lustre.tar.gz 9s
PUT /tmp/ktest-lustre.tar.gz 9s
PUT /tmp/ktest-lustre.tar.gz 9s
PUT /tmp/ktest-lustre.tar.gz 9s
PUT /tmp/ktest_ml-miscvm:lustre_mainline_native_vv_906iz.tar 2s
PUT /tmp/ktest_ml-miscvm:lustre_mainline_native_vv_906iz.tar 2s
PUT /tmp/ktest_ml-miscvm:lustre_mainline_native_vv_906iz.tar 2s
PUT /tmp/ktest_ml-miscvm:lustre_mainline_native_vv_906iz.tar 2s
PUT /tmp/ktest_ml-miscvm:lustre_mainline_native_vv_906iz.tar 2s
PUT /tmp/ktest_ml-miscvm:lustre_mainline_native_vv_906iz.tar 2s
PUT /tmp/ktest_ml-miscvm:lustre_mainline_native_vv_906iz.tar 2s
PUT /tmp/ktest_ml-miscvm:lustre_mainline_native_vv_906iz.tar 2s
END ml-miscvm:boot run tests/fs/lustre/boot.ktest PASS 54s
END ml-miscvm:mgs-setup run tests/fs/lustre/mgs-setup.ktest PASS 63s
END ml-miscvm:sanity-2 run tests/fs/lustre/sanity/sanity-2.ktest PASS 94s
END ml-miscvm:sanity-3 run tests/fs/lustre/sanity/sanity-3.ktest PASS 95s
END ml-miscvm:sanity-4 run tests/fs/lustre/sanity/sanity-4.ktest PASS 97s
END ml-miscvm:llmount run tests/fs/lustre/llmount.ktest PASS 104s
END ml-miscvm:sanity-1 run tests/fs/lustre/sanity/sanity-1.ktest PASS 106s
END ml-miscvm:llog-unit run tests/fs/lustre/llog-unit.ktest FAIL 140s (exit code: 1)

============================================================
Final Results:
  checkpatch:checkpatch: PASS (14s) (log: /var/www/ci-lustre/upstream-patch-review/b7e132d6f771a313c12a9ba1ac24ec8c4eda9943_checkpatch:checkpatch.log)
  u24:u24: PASS (42s) (log: /var/www/ci-lustre/upstream-patch-review/b7e132d6f771a313c12a9ba1ac24ec8c4eda9943_u24:u24.log)
  al2023:al2023: PASS (47s) (log: /var/www/ci-lustre/upstream-patch-review/b7e132d6f771a313c12a9ba1ac24ec8c4eda9943_al2023:al2023.log)
  ml-strict:lustre_mainline: FAIL (159s) (log: /var/www/ci-lustre/upstream-patch-review/b7e132d6f771a313c12a9ba1ac24ec8c4eda9943_ml-strict:lustre_mainline.log)
  ml:lustre_mainline: PASS (161s) (log: /var/www/ci-lustre/upstream-patch-review/b7e132d6f771a313c12a9ba1ac24ec8c4eda9943_ml:lustre_mainline.log)
  ml-miscvm:lustre_mainline_native: PASS (164s) (log: /var/www/ci-lustre/upstream-patch-review/b7e132d6f771a313c12a9ba1ac24ec8c4eda9943_ml-miscvm:lustre_mainline_native.log)
  ml-miscvm:boot: PASS (54s) (log: /var/www/ci-lustre/upstream-patch-review/b7e132d6f771a313c12a9ba1ac24ec8c4eda9943_ml-miscvm:boot.log)
  ml-miscvm:llmount: PASS (104s) (log: /var/www/ci-lustre/upstream-patch-review/b7e132d6f771a313c12a9ba1ac24ec8c4eda9943_ml-miscvm:llmount.log)
  ml-miscvm:llog-unit: FAIL (140s) (log: /var/www/ci-lustre/upstream-patch-review/b7e132d6f771a313c12a9ba1ac24ec8c4eda9943_ml-miscvm:llog-unit.log)
  ml-miscvm:mgs-setup: PASS (63s) (log: /var/www/ci-lustre/upstream-patch-review/b7e132d6f771a313c12a9ba1ac24ec8c4eda9943_ml-miscvm:mgs-setup.log)
  ml-miscvm:sanity-1: PASS (106s) (log: /var/www/ci-lustre/upstream-patch-review/b7e132d6f771a313c12a9ba1ac24ec8c4eda9943_ml-miscvm:sanity-1.log)
  ml-miscvm:sanity-2: PASS (94s) (log: /var/www/ci-lustre/upstream-patch-review/b7e132d6f771a313c12a9ba1ac24ec8c4eda9943_ml-miscvm:sanity-2.log)
  ml-miscvm:sanity-3: PASS (95s) (log: /var/www/ci-lustre/upstream-patch-review/b7e132d6f771a313c12a9ba1ac24ec8c4eda9943_ml-miscvm:sanity-3.log)
  ml-miscvm:sanity-4: PASS (97s) (log: /var/www/ci-lustre/upstream-patch-review/b7e132d6f771a313c12a9ba1ac24ec8c4eda9943_ml-miscvm:sanity-4.log)

Total execution time: 335s

Packed 670 logs from /var/www/ci-lustre/upstream-patch-review into /home/ktest/ktest/local-site/local_data.js
Open /home/ktest/ktest/local-site/index.html in a browser
