CLI: ./pk --podman-socket unix:///run/podman/podman.sock --shared-filesystem /tmp --tarball-input job lustre-ci --output /var/www/ci-lustre/upstream-patch-review --git-hash b8983b3f8d635034871ce9e26410c1e7b1cccb90 --change-id 64319_b8983b3f8d635034871ce9e26410c1e7b1cccb90 --subject LU-19921 ptlrpc: add SEC_INT ctx RPC handler

Environment validated successfully
Note: custom LLVM is not synced in tarball input mode
Creating kernel tarball at /tmp/ktest-kernel.tar.gz...
Creating lustre tarball at /tmp/ktest-lustre.tar.gz...
Creating ZFS tarball at /tmp/ktest-zfs.tar.gz...
Executing 14 jobs
Jobs will start as soon as their dependencies are satisfied
Using tarball input mode

START al2023:al2023 build tests/fs/lustre/boot.ktest
START ml:lustre_mainline build tests/fs/lustre/boot.ktest
START ml-strict:lustre_mainline build tests/fs/lustre/boot-strict.ktest
START checkpatch:checkpatch tool checkpatch
START u24:u24 build tests/fs/lustre/boot.ktest
START ml-miscvm:lustre_mainline_native build tests/fs/lustre/boot.ktest
PUT /tmp/ktest-lustre.tar.gz 1s
PUT /tmp/ktest-lustre.tar.gz 1s
PUT /tmp/ktest-kernel.tar.gz 6s
PUT /tmp/ktest-kernel.tar.gz 7s
PUT /tmp/ktest-kernel.tar.gz 7s
PUT /tmp/ktest-kernel.tar.gz 7s
PUT /tmp/ktest-lustre.tar.gz 3s
PUT /tmp/ktest-lustre.tar.gz 4s
PUT /tmp/ktest-lustre.tar.gz 4s
PUT /tmp/ktest-lustre.tar.gz 3s
PUT /tmp/ktest-zfs.tar.gz 0s
PUT /tmp/ktest-zfs.tar.gz 0s
PUT /tmp/ktest-zfs.tar.gz 0s
END checkpatch:checkpatch tool checkpatch FAIL 13s (exit code: 1)
END u24:u24 build tests/fs/lustre/boot.ktest PASS 41s
END al2023:al2023 build tests/fs/lustre/boot.ktest PASS 46s
GET /tmp/ktest_ml:lustre_mainline_3crc5mjn.tar 0s
END ml:lustre_mainline build tests/fs/lustre/boot.ktest PASS 151s
GET /tmp/ktest_ml-miscvm:lustre_mainline_native_ak_vsi__.tar 0s
GET /tmp/ktest_ml-strict:lustre_mainline_iydq8imf.tar 4s
END ml-miscvm:lustre_mainline_native build tests/fs/lustre/boot.ktest PASS 154s
START ml-miscvm:boot run tests/fs/lustre/boot.ktest
START ml-miscvm:llmount run tests/fs/lustre/llmount.ktest
START ml-miscvm:llog-unit run tests/fs/lustre/llog-unit.ktest
START ml-miscvm:mgs-setup run tests/fs/lustre/mgs-setup.ktest
START ml-miscvm:sanity-1 run tests/fs/lustre/sanity/sanity-1.ktest
START ml-miscvm:sanity-2 run tests/fs/lustre/sanity/sanity-2.ktest
START ml-miscvm:sanity-3 run tests/fs/lustre/sanity/sanity-3.ktest
START ml-miscvm:sanity-4 run tests/fs/lustre/sanity/sanity-4.ktest
END ml-strict:lustre_mainline build tests/fs/lustre/boot-strict.ktest FAIL 156s (exit code: 1)
PUT /tmp/ktest-kernel.tar.gz 27s
PUT /tmp/ktest-kernel.tar.gz 27s
PUT /tmp/ktest-kernel.tar.gz 27s
PUT /tmp/ktest-kernel.tar.gz 27s
PUT /tmp/ktest-kernel.tar.gz 27s
PUT /tmp/ktest-kernel.tar.gz 27s
PUT /tmp/ktest-kernel.tar.gz 28s
PUT /tmp/ktest-kernel.tar.gz 28s
PUT /tmp/ktest-lustre.tar.gz 10s
PUT /tmp/ktest-lustre.tar.gz 9s
PUT /tmp/ktest-lustre.tar.gz 9s
PUT /tmp/ktest-lustre.tar.gz 9s
PUT /tmp/ktest-lustre.tar.gz 9s
PUT /tmp/ktest-lustre.tar.gz 9s
PUT /tmp/ktest-lustre.tar.gz 10s
PUT /tmp/ktest-lustre.tar.gz 9s
PUT /tmp/ktest_ml-miscvm:lustre_mainline_native_ak_vsi__.tar 1s
PUT /tmp/ktest_ml-miscvm:lustre_mainline_native_ak_vsi__.tar 1s
PUT /tmp/ktest_ml-miscvm:lustre_mainline_native_ak_vsi__.tar 1s
PUT /tmp/ktest_ml-miscvm:lustre_mainline_native_ak_vsi__.tar 1s
PUT /tmp/ktest_ml-miscvm:lustre_mainline_native_ak_vsi__.tar 1s
PUT /tmp/ktest_ml-miscvm:lustre_mainline_native_ak_vsi__.tar 1s
PUT /tmp/ktest_ml-miscvm:lustre_mainline_native_ak_vsi__.tar 1s
PUT /tmp/ktest_ml-miscvm:lustre_mainline_native_ak_vsi__.tar 1s
END ml-miscvm:boot run tests/fs/lustre/boot.ktest PASS 52s
END ml-miscvm:mgs-setup run tests/fs/lustre/mgs-setup.ktest PASS 61s
END ml-miscvm:sanity-3 run tests/fs/lustre/sanity/sanity-3.ktest PASS 89s
END ml-miscvm:sanity-1 run tests/fs/lustre/sanity/sanity-1.ktest PASS 91s
END ml-miscvm:sanity-2 run tests/fs/lustre/sanity/sanity-2.ktest PASS 92s
END ml-miscvm:sanity-4 run tests/fs/lustre/sanity/sanity-4.ktest PASS 94s
END ml-miscvm:llmount run tests/fs/lustre/llmount.ktest PASS 99s
END ml-miscvm:llog-unit run tests/fs/lustre/llog-unit.ktest FAIL 138s (exit code: 1)

============================================================
Final Results:
  checkpatch:checkpatch: FAIL (13s) (log: /var/www/ci-lustre/upstream-patch-review/b8983b3f8d635034871ce9e26410c1e7b1cccb90_checkpatch:checkpatch.log)
  u24:u24: PASS (41s) (log: /var/www/ci-lustre/upstream-patch-review/b8983b3f8d635034871ce9e26410c1e7b1cccb90_u24:u24.log)
  al2023:al2023: PASS (46s) (log: /var/www/ci-lustre/upstream-patch-review/b8983b3f8d635034871ce9e26410c1e7b1cccb90_al2023:al2023.log)
  ml-strict:lustre_mainline: FAIL (156s) (log: /var/www/ci-lustre/upstream-patch-review/b8983b3f8d635034871ce9e26410c1e7b1cccb90_ml-strict:lustre_mainline.log)
  ml:lustre_mainline: PASS (151s) (log: /var/www/ci-lustre/upstream-patch-review/b8983b3f8d635034871ce9e26410c1e7b1cccb90_ml:lustre_mainline.log)
  ml-miscvm:lustre_mainline_native: PASS (154s) (log: /var/www/ci-lustre/upstream-patch-review/b8983b3f8d635034871ce9e26410c1e7b1cccb90_ml-miscvm:lustre_mainline_native.log)
  ml-miscvm:boot: PASS (52s) (log: /var/www/ci-lustre/upstream-patch-review/b8983b3f8d635034871ce9e26410c1e7b1cccb90_ml-miscvm:boot.log)
  ml-miscvm:llmount: PASS (99s) (log: /var/www/ci-lustre/upstream-patch-review/b8983b3f8d635034871ce9e26410c1e7b1cccb90_ml-miscvm:llmount.log)
  ml-miscvm:llog-unit: FAIL (138s) (log: /var/www/ci-lustre/upstream-patch-review/b8983b3f8d635034871ce9e26410c1e7b1cccb90_ml-miscvm:llog-unit.log)
  ml-miscvm:mgs-setup: PASS (61s) (log: /var/www/ci-lustre/upstream-patch-review/b8983b3f8d635034871ce9e26410c1e7b1cccb90_ml-miscvm:mgs-setup.log)
  ml-miscvm:sanity-1: PASS (91s) (log: /var/www/ci-lustre/upstream-patch-review/b8983b3f8d635034871ce9e26410c1e7b1cccb90_ml-miscvm:sanity-1.log)
  ml-miscvm:sanity-2: PASS (92s) (log: /var/www/ci-lustre/upstream-patch-review/b8983b3f8d635034871ce9e26410c1e7b1cccb90_ml-miscvm:sanity-2.log)
  ml-miscvm:sanity-3: PASS (89s) (log: /var/www/ci-lustre/upstream-patch-review/b8983b3f8d635034871ce9e26410c1e7b1cccb90_ml-miscvm:sanity-3.log)
  ml-miscvm:sanity-4: PASS (94s) (log: /var/www/ci-lustre/upstream-patch-review/b8983b3f8d635034871ce9e26410c1e7b1cccb90_ml-miscvm:sanity-4.log)

Total execution time: 323s

Packed 4242 logs from /var/www/ci-lustre/upstream-patch-review into /home/ktest/ktest/local-site/local_data.js
Open /home/ktest/ktest/local-site/index.html in a browser
