WARNING:FILE_PATH_CHANGES: added, moved or deleted file(s), does MAINTAINERS need updating?
#19: 
new file mode 100644

ERROR:TRAILING_WHITESPACE: trailing whitespace
#87: FILE: ldiskfs/kernel_patches/patches/linux-7.1/ext4-dir-entry-len.patch:64:
+ $

ERROR:TRAILING_WHITESPACE: trailing whitespace
#118: FILE: ldiskfs/kernel_patches/patches/linux-7.1/ext4-dir-entry-len.patch:95:
+ $

ERROR:TRAILING_WHITESPACE: trailing whitespace
#120: FILE: ldiskfs/kernel_patches/patches/linux-7.1/ext4-dir-entry-len.patch:97:
+ $

ERROR:TRAILING_WHITESPACE: trailing whitespace
#136: FILE: ldiskfs/kernel_patches/patches/linux-7.1/ext4-dir-entry-len.patch:113:
+ $

ERROR:TRAILING_WHITESPACE: trailing whitespace
#149: FILE: ldiskfs/kernel_patches/patches/linux-7.1/ext4-dir-entry-len.patch:126:
+ $

ERROR:TRAILING_WHITESPACE: trailing whitespace
#153: FILE: ldiskfs/kernel_patches/patches/linux-7.1/ext4-dir-entry-len.patch:130:
+ $

ERROR:TRAILING_WHITESPACE: trailing whitespace
#161: FILE: ldiskfs/kernel_patches/patches/linux-7.1/ext4-dir-entry-len.patch:138:
+ $

ERROR:TRAILING_WHITESPACE: trailing whitespace
#174: FILE: ldiskfs/kernel_patches/patches/linux-7.1/ext4-dir-entry-len.patch:151:
+ $

ERROR:TRAILING_WHITESPACE: trailing whitespace
#220: FILE: ldiskfs/kernel_patches/patches/linux-7.1/ext4-dir-entry-len.patch:197:
+ $

ERROR:TRAILING_WHITESPACE: trailing whitespace
#235: FILE: ldiskfs/kernel_patches/patches/linux-7.1/ext4-dir-entry-len.patch:212:
+ $

ERROR:TRAILING_WHITESPACE: trailing whitespace
#240: FILE: ldiskfs/kernel_patches/patches/linux-7.1/ext4-dir-entry-len.patch:217:
+ $

ERROR:TRAILING_WHITESPACE: trailing whitespace
#246: FILE: ldiskfs/kernel_patches/patches/linux-7.1/ext4-dir-entry-len.patch:223:
+ $

ERROR:TRAILING_WHITESPACE: trailing whitespace
#261: FILE: ldiskfs/kernel_patches/patches/linux-7.1/ext4-dir-entry-len.patch:238:
+-- $

ERROR:TRAILING_WHITESPACE: trailing whitespace
#322: FILE: ldiskfs/kernel_patches/patches/linux-7.1/ext4-dirdata-core.patch:55:
+ $

ERROR:TRAILING_WHITESPACE: trailing whitespace
#325: FILE: ldiskfs/kernel_patches/patches/linux-7.1/ext4-dirdata-core.patch:58:
+ $

ERROR:TRAILING_WHITESPACE: trailing whitespace
#345: FILE: ldiskfs/kernel_patches/patches/linux-7.1/ext4-dirdata-core.patch:78:
+ $

ERROR:TRAILING_WHITESPACE: trailing whitespace
#368: FILE: ldiskfs/kernel_patches/patches/linux-7.1/ext4-dirdata-core.patch:101:
+ $

ERROR:TRAILING_WHITESPACE: trailing whitespace
#388: FILE: ldiskfs/kernel_patches/patches/linux-7.1/ext4-dirdata-core.patch:121:
+ $

ERROR:TRAILING_WHITESPACE: trailing whitespace
#408: FILE: ldiskfs/kernel_patches/patches/linux-7.1/ext4-dirdata-core.patch:141:
+ $

ERROR:TRAILING_WHITESPACE: trailing whitespace
#414: FILE: ldiskfs/kernel_patches/patches/linux-7.1/ext4-dirdata-core.patch:147:
+ $

ERROR:TRAILING_WHITESPACE: trailing whitespace
#421: FILE: ldiskfs/kernel_patches/patches/linux-7.1/ext4-dirdata-core.patch:154:
+ $

ERROR:TRAILING_WHITESPACE: trailing whitespace
#423: FILE: ldiskfs/kernel_patches/patches/linux-7.1/ext4-dirdata-core.patch:156:
+ $

ERROR:TRAILING_WHITESPACE: trailing whitespace
#445: FILE: ldiskfs/kernel_patches/patches/linux-7.1/ext4-dirdata-core.patch:178:
+ $

ERROR:TRAILING_WHITESPACE: trailing whitespace
#465: FILE: ldiskfs/kernel_patches/patches/linux-7.1/ext4-dirdata-core.patch:198:
+ $

ERROR:TRAILING_WHITESPACE: trailing whitespace
#487: FILE: ldiskfs/kernel_patches/patches/linux-7.1/ext4-dirdata-core.patch:220:
+ $

ERROR:TRAILING_WHITESPACE: trailing whitespace
#501: FILE: ldiskfs/kernel_patches/patches/linux-7.1/ext4-dirdata-core.patch:234:
+ $

ERROR:TRAILING_WHITESPACE: trailing whitespace
#516: FILE: ldiskfs/kernel_patches/patches/linux-7.1/ext4-dirdata-core.patch:249:
+ $

ERROR:TRAILING_WHITESPACE: trailing whitespace
#529: FILE: ldiskfs/kernel_patches/patches/linux-7.1/ext4-dirdata-core.patch:262:
+ $

ERROR:TRAILING_WHITESPACE: trailing whitespace
#531: FILE: ldiskfs/kernel_patches/patches/linux-7.1/ext4-dirdata-core.patch:264:
+ $

ERROR:TRAILING_WHITESPACE: trailing whitespace
#545: FILE: ldiskfs/kernel_patches/patches/linux-7.1/ext4-dirdata-core.patch:278:
+ $

ERROR:TRAILING_WHITESPACE: trailing whitespace
#614: FILE: ldiskfs/kernel_patches/patches/linux-7.1/ext4-dirdata-core.patch:347:
+ $

ERROR:TRAILING_WHITESPACE: trailing whitespace
#658: FILE: ldiskfs/kernel_patches/patches/linux-7.1/ext4-dirdata-core.patch:391:
+ $

ERROR:TRAILING_WHITESPACE: trailing whitespace
#701: FILE: ldiskfs/kernel_patches/patches/linux-7.1/ext4-dirdata-core.patch:434:
+ $

ERROR:TRAILING_WHITESPACE: trailing whitespace
#703: FILE: ldiskfs/kernel_patches/patches/linux-7.1/ext4-dirdata-core.patch:436:
+ $

ERROR:TRAILING_WHITESPACE: trailing whitespace
#718: FILE: ldiskfs/kernel_patches/patches/linux-7.1/ext4-dirdata-core.patch:451:
+ $

ERROR:TRAILING_WHITESPACE: trailing whitespace
#727: FILE: ldiskfs/kernel_patches/patches/linux-7.1/ext4-dirdata-core.patch:460:
+ $

ERROR:TRAILING_WHITESPACE: trailing whitespace
#731: FILE: ldiskfs/kernel_patches/patches/linux-7.1/ext4-dirdata-core.patch:464:
+ $

ERROR:TRAILING_WHITESPACE: trailing whitespace
#744: FILE: ldiskfs/kernel_patches/patches/linux-7.1/ext4-dirdata-core.patch:477:
+ $

ERROR:TRAILING_WHITESPACE: trailing whitespace
#748: FILE: ldiskfs/kernel_patches/patches/linux-7.1/ext4-dirdata-core.patch:481:
+ $

ERROR:TRAILING_WHITESPACE: trailing whitespace
#757: FILE: ldiskfs/kernel_patches/patches/linux-7.1/ext4-dirdata-core.patch:490:
+ $

ERROR:TRAILING_WHITESPACE: trailing whitespace
#763: FILE: ldiskfs/kernel_patches/patches/linux-7.1/ext4-dirdata-core.patch:496:
+ $

ERROR:TRAILING_WHITESPACE: trailing whitespace
#872: FILE: ldiskfs/kernel_patches/patches/linux-7.1/ext4-dirdata-core.patch:605:
+ $

ERROR:TRAILING_WHITESPACE: trailing whitespace
#876: FILE: ldiskfs/kernel_patches/patches/linux-7.1/ext4-dirdata-core.patch:609:
+ $

ERROR:TRAILING_WHITESPACE: trailing whitespace
#878: FILE: ldiskfs/kernel_patches/patches/linux-7.1/ext4-dirdata-core.patch:611:
+ $

ERROR:TRAILING_WHITESPACE: trailing whitespace
#908: FILE: ldiskfs/kernel_patches/patches/linux-7.1/ext4-dirdata-core.patch:641:
+ $

ERROR:TRAILING_WHITESPACE: trailing whitespace
#931: FILE: ldiskfs/kernel_patches/patches/linux-7.1/ext4-dirdata-core.patch:664:
+ $

ERROR:TRAILING_WHITESPACE: trailing whitespace
#958: FILE: ldiskfs/kernel_patches/patches/linux-7.1/ext4-dirdata-core.patch:691:
+ $

ERROR:TRAILING_WHITESPACE: trailing whitespace
#1067: FILE: ldiskfs/kernel_patches/patches/linux-7.1/ext4-dirdata-lustre-compat.patch:48:
+ $

ERROR:TRAILING_WHITESPACE: trailing whitespace
#1070: FILE: ldiskfs/kernel_patches/patches/linux-7.1/ext4-dirdata-lustre-compat.patch:51:
+ $

ERROR:TRAILING_WHITESPACE: trailing whitespace
#1076: FILE: ldiskfs/kernel_patches/patches/linux-7.1/ext4-dirdata-lustre-compat.patch:57:
+ $

ERROR:TRAILING_WHITESPACE: trailing whitespace
#1090: FILE: ldiskfs/kernel_patches/patches/linux-7.1/ext4-dirdata-lustre-compat.patch:71:
+ $

ERROR:TRAILING_WHITESPACE: trailing whitespace
#1103: FILE: ldiskfs/kernel_patches/patches/linux-7.1/ext4-dirdata-lustre-compat.patch:84:
+ $

ERROR:TRAILING_WHITESPACE: trailing whitespace
#1111: FILE: ldiskfs/kernel_patches/patches/linux-7.1/ext4-dirdata-lustre-compat.patch:92:
+ $

ERROR:TRAILING_WHITESPACE: trailing whitespace
#1118: FILE: ldiskfs/kernel_patches/patches/linux-7.1/ext4-dirdata-lustre-compat.patch:99:
+ $

ERROR:TRAILING_WHITESPACE: trailing whitespace
#1120: FILE: ldiskfs/kernel_patches/patches/linux-7.1/ext4-dirdata-lustre-compat.patch:101:
+ $

ERROR:TRAILING_WHITESPACE: trailing whitespace
#1128: FILE: ldiskfs/kernel_patches/patches/linux-7.1/ext4-dirdata-lustre-compat.patch:109:
+ $

ERROR:TRAILING_WHITESPACE: trailing whitespace
#1136: FILE: ldiskfs/kernel_patches/patches/linux-7.1/ext4-dirdata-lustre-compat.patch:117:
+ $

ERROR:TRAILING_WHITESPACE: trailing whitespace
#1142: FILE: ldiskfs/kernel_patches/patches/linux-7.1/ext4-dirdata-lustre-compat.patch:123:
+ $

ERROR:TRAILING_WHITESPACE: trailing whitespace
#1145: FILE: ldiskfs/kernel_patches/patches/linux-7.1/ext4-dirdata-lustre-compat.patch:126:
+ $

ERROR:TRAILING_WHITESPACE: trailing whitespace
#1152: FILE: ldiskfs/kernel_patches/patches/linux-7.1/ext4-dirdata-lustre-compat.patch:133:
+ $

ERROR:TRAILING_WHITESPACE: trailing whitespace
#1183: FILE: ldiskfs/kernel_patches/patches/linux-7.1/ext4-dirdata-lustre-compat.patch:164:
+ $

ERROR:TRAILING_WHITESPACE: trailing whitespace
#1213: FILE: ldiskfs/kernel_patches/patches/linux-7.1/ext4-dirdata-lustre-compat.patch:194:
+ $

ERROR:TRAILING_WHITESPACE: trailing whitespace
#1219: FILE: ldiskfs/kernel_patches/patches/linux-7.1/ext4-dirdata-lustre-compat.patch:200:
+-- $

ERROR:TRAILING_WHITESPACE: trailing whitespace
#1294: FILE: ldiskfs/kernel_patches/patches/linux-7.1/ext4-give-warning-with-dir-htree-growing.patch:69:
+ $

ERROR:TRAILING_WHITESPACE: trailing whitespace
#1311: FILE: ldiskfs/kernel_patches/patches/linux-7.1/ext4-give-warning-with-dir-htree-growing.patch:86:
+ $

ERROR:TRAILING_WHITESPACE: trailing whitespace
#1368: FILE: ldiskfs/kernel_patches/patches/linux-7.1/ext4-give-warning-with-dir-htree-growing.patch:143:
+ $

ERROR:TRAILING_WHITESPACE: trailing whitespace
#1391: FILE: ldiskfs/kernel_patches/patches/linux-7.1/ext4-give-warning-with-dir-htree-growing.patch:166:
+ $

ERROR:TRAILING_WHITESPACE: trailing whitespace
#1413: FILE: ldiskfs/kernel_patches/patches/linux-7.1/ext4-give-warning-with-dir-htree-growing.patch:188:
+ $

ERROR:TRAILING_WHITESPACE: trailing whitespace
#1430: FILE: ldiskfs/kernel_patches/patches/linux-7.1/ext4-give-warning-with-dir-htree-growing.patch:205:
+ $

ERROR:TRAILING_WHITESPACE: trailing whitespace
#1449: FILE: ldiskfs/kernel_patches/patches/linux-7.1/ext4-give-warning-with-dir-htree-growing.patch:224:
+ $

ERROR:TRAILING_WHITESPACE: trailing whitespace
#1471: FILE: ldiskfs/kernel_patches/patches/linux-7.1/ext4-give-warning-with-dir-htree-growing.patch:246:
+-- $

ERROR:TRAILING_WHITESPACE: trailing whitespace
#1530: FILE: ldiskfs/kernel_patches/patches/linux-7.1/ext4-hash-indexed-dir-dotdot-update.patch:53:
+ $

ERROR:TRAILING_WHITESPACE: trailing whitespace
#1598: FILE: ldiskfs/kernel_patches/patches/linux-7.1/ext4-hash-indexed-dir-dotdot-update.patch:121:
+ $

ERROR:TRAILING_WHITESPACE: trailing whitespace
#1605: FILE: ldiskfs/kernel_patches/patches/linux-7.1/ext4-hash-indexed-dir-dotdot-update.patch:128:
+-- $

ERROR:TRAILING_WHITESPACE: trailing whitespace
#1642: FILE: ldiskfs/kernel_patches/patches/linux-7.1/ext4-kill-dx-root.patch:30:
+ $

ERROR:TRAILING_WHITESPACE: trailing whitespace
#1666: FILE: ldiskfs/kernel_patches/patches/linux-7.1/ext4-kill-dx-root.patch:54:
+ $

ERROR:TRAILING_WHITESPACE: trailing whitespace
#1682: FILE: ldiskfs/kernel_patches/patches/linux-7.1/ext4-kill-dx-root.patch:70:
+ $

ERROR:TRAILING_WHITESPACE: trailing whitespace
#1697: FILE: ldiskfs/kernel_patches/patches/linux-7.1/ext4-kill-dx-root.patch:85:
+ $

ERROR:TRAILING_WHITESPACE: trailing whitespace
#1741: FILE: ldiskfs/kernel_patches/patches/linux-7.1/ext4-kill-dx-root.patch:129:
+ $

ERROR:TRAILING_WHITESPACE: trailing whitespace
#1749: FILE: ldiskfs/kernel_patches/patches/linux-7.1/ext4-kill-dx-root.patch:137:
+ $

ERROR:TRAILING_WHITESPACE: trailing whitespace
#1758: FILE: ldiskfs/kernel_patches/patches/linux-7.1/ext4-kill-dx-root.patch:146:
+ $

ERROR:TRAILING_WHITESPACE: trailing whitespace
#1762: FILE: ldiskfs/kernel_patches/patches/linux-7.1/ext4-kill-dx-root.patch:150:
+ $

ERROR:TRAILING_WHITESPACE: trailing whitespace
#1772: FILE: ldiskfs/kernel_patches/patches/linux-7.1/ext4-kill-dx-root.patch:160:
+ $

ERROR:TRAILING_WHITESPACE: trailing whitespace
#1776: FILE: ldiskfs/kernel_patches/patches/linux-7.1/ext4-kill-dx-root.patch:164:
+ $

ERROR:TRAILING_WHITESPACE: trailing whitespace
#1785: FILE: ldiskfs/kernel_patches/patches/linux-7.1/ext4-kill-dx-root.patch:173:
+ $

ERROR:TRAILING_WHITESPACE: trailing whitespace
#1798: FILE: ldiskfs/kernel_patches/patches/linux-7.1/ext4-kill-dx-root.patch:186:
+ $

ERROR:TRAILING_WHITESPACE: trailing whitespace
#1815: FILE: ldiskfs/kernel_patches/patches/linux-7.1/ext4-kill-dx-root.patch:203:
+ $

ERROR:TRAILING_WHITESPACE: trailing whitespace
#1838: FILE: ldiskfs/kernel_patches/patches/linux-7.1/ext4-kill-dx-root.patch:226:
+ $

ERROR:TRAILING_WHITESPACE: trailing whitespace
#1857: FILE: ldiskfs/kernel_patches/patches/linux-7.1/ext4-kill-dx-root.patch:245:
+ $

ERROR:TRAILING_WHITESPACE: trailing whitespace
#1862: FILE: ldiskfs/kernel_patches/patches/linux-7.1/ext4-kill-dx-root.patch:250:
+ $

ERROR:TRAILING_WHITESPACE: trailing whitespace
#1871: FILE: ldiskfs/kernel_patches/patches/linux-7.1/ext4-kill-dx-root.patch:259:
+ $

ERROR:TRAILING_WHITESPACE: trailing whitespace
#1878: FILE: ldiskfs/kernel_patches/patches/linux-7.1/ext4-kill-dx-root.patch:266:
+ $

ERROR:TRAILING_WHITESPACE: trailing whitespace
#1883: FILE: ldiskfs/kernel_patches/patches/linux-7.1/ext4-kill-dx-root.patch:271:
+ $

ERROR:TRAILING_WHITESPACE: trailing whitespace
#1912: FILE: ldiskfs/kernel_patches/patches/linux-7.1/ext4-kill-dx-root.patch:300:
+ $

ERROR:TRAILING_WHITESPACE: trailing whitespace
#1940: FILE: ldiskfs/kernel_patches/patches/linux-7.1/ext4-kill-dx-root.patch:328:
+-- $

ERROR:TRAILING_WHITESPACE: trailing whitespace
#2000: FILE: ldiskfs/kernel_patches/patches/linux-7.1/ext4-lookup-dotdot.patch:54:
+ $

ERROR:TRAILING_WHITESPACE: trailing whitespace
#2003: FILE: ldiskfs/kernel_patches/patches/linux-7.1/ext4-lookup-dotdot.patch:57:
+-- $

ERROR:TRAILING_WHITESPACE: trailing whitespace
#2021: FILE: ldiskfs/kernel_patches/patches/linux-7.1/ext4-mballoc-pa-free-mismatch.patch:11:
+Reviewed-by: Rahul Deshmukh <rahul.deshmukh@sun.com> $

ERROR:TRAILING_WHITESPACE: trailing whitespace
#2035: FILE: ldiskfs/kernel_patches/patches/linux-7.1/ext4-mballoc-pa-free-mismatch.patch:25:
+ $

ERROR:TRAILING_WHITESPACE: trailing whitespace
#2043: FILE: ldiskfs/kernel_patches/patches/linux-7.1/ext4-mballoc-pa-free-mismatch.patch:33:
+ $

ERROR:TRAILING_WHITESPACE: trailing whitespace
#2049: FILE: ldiskfs/kernel_patches/patches/linux-7.1/ext4-mballoc-pa-free-mismatch.patch:39:
+ $

ERROR:TRAILING_WHITESPACE: trailing whitespace
#2089: FILE: ldiskfs/kernel_patches/patches/linux-7.1/ext4-mballoc-pa-free-mismatch.patch:79:
+ $

ERROR:TRAILING_WHITESPACE: trailing whitespace
#2127: FILE: ldiskfs/kernel_patches/patches/linux-7.1/ext4-mballoc-pa-free-mismatch.patch:117:
+-- $

ERROR:TRAILING_WHITESPACE: trailing whitespace
#2173: FILE: ldiskfs/kernel_patches/patches/linux-7.1/ext4-pdirop.patch:39:
+ $

ERROR:TRAILING_WHITESPACE: trailing whitespace
#2194: FILE: ldiskfs/kernel_patches/patches/linux-7.1/ext4-pdirop.patch:60:
+ $

ERROR:TRAILING_WHITESPACE: trailing whitespace
#2204: FILE: ldiskfs/kernel_patches/patches/linux-7.1/ext4-pdirop.patch:70:
+ $

ERROR:TRAILING_WHITESPACE: trailing whitespace
#2304: FILE: ldiskfs/kernel_patches/patches/linux-7.1/ext4-pdirop.patch:170:
+ $

ERROR:TRAILING_WHITESPACE: trailing whitespace
#2309: FILE: ldiskfs/kernel_patches/patches/linux-7.1/ext4-pdirop.patch:175:
+ $

ERROR:TRAILING_WHITESPACE: trailing whitespace
#2329: FILE: ldiskfs/kernel_patches/patches/linux-7.1/ext4-pdirop.patch:195:
+ $

ERROR:TRAILING_WHITESPACE: trailing whitespace
#2345: FILE: ldiskfs/kernel_patches/patches/linux-7.1/ext4-pdirop.patch:211:
+ $

ERROR:TRAILING_WHITESPACE: trailing whitespace
#2353: FILE: ldiskfs/kernel_patches/patches/linux-7.1/ext4-pdirop.patch:219:
+ $

ERROR:TRAILING_WHITESPACE: trailing whitespace
#2356: FILE: ldiskfs/kernel_patches/patches/linux-7.1/ext4-pdirop.patch:222:
+ $

ERROR:TRAILING_WHITESPACE: trailing whitespace
#2374: FILE: ldiskfs/kernel_patches/patches/linux-7.1/ext4-pdirop.patch:240:
+ $

WARNING:TYPO_SPELLING: 'mutiple' may be misspelled - perhaps 'multiple'?
#2515: FILE: ldiskfs/kernel_patches/patches/linux-7.1/ext4-pdirop.patch:381:
++	/* NB: it's safe to call mutiple times or even it's not locked */
  	                         ^^^^^^^

ERROR:TRAILING_WHITESPACE: trailing whitespace
#2745: FILE: ldiskfs/kernel_patches/patches/linux-7.1/ext4-pdirop.patch:611:
+ $

ERROR:TRAILING_WHITESPACE: trailing whitespace
#2767: FILE: ldiskfs/kernel_patches/patches/linux-7.1/ext4-pdirop.patch:633:
+ $

ERROR:TRAILING_WHITESPACE: trailing whitespace
#2792: FILE: ldiskfs/kernel_patches/patches/linux-7.1/ext4-pdirop.patch:658:
+ $

ERROR:TRAILING_WHITESPACE: trailing whitespace
#2832: FILE: ldiskfs/kernel_patches/patches/linux-7.1/ext4-pdirop.patch:698:
+ $

ERROR:TRAILING_WHITESPACE: trailing whitespace
#2845: FILE: ldiskfs/kernel_patches/patches/linux-7.1/ext4-pdirop.patch:711:
+ $

ERROR:TRAILING_WHITESPACE: trailing whitespace
#2848: FILE: ldiskfs/kernel_patches/patches/linux-7.1/ext4-pdirop.patch:714:
+ $

ERROR:TRAILING_WHITESPACE: trailing whitespace
#2853: FILE: ldiskfs/kernel_patches/patches/linux-7.1/ext4-pdirop.patch:719:
+ $

ERROR:TRAILING_WHITESPACE: trailing whitespace
#2859: FILE: ldiskfs/kernel_patches/patches/linux-7.1/ext4-pdirop.patch:725:
+ $

ERROR:TRAILING_WHITESPACE: trailing whitespace
#2862: FILE: ldiskfs/kernel_patches/patches/linux-7.1/ext4-pdirop.patch:728:
+ $

ERROR:TRAILING_WHITESPACE: trailing whitespace
#2866: FILE: ldiskfs/kernel_patches/patches/linux-7.1/ext4-pdirop.patch:732:
+ $

ERROR:TRAILING_WHITESPACE: trailing whitespace
#2885: FILE: ldiskfs/kernel_patches/patches/linux-7.1/ext4-pdirop.patch:751:
+ $

ERROR:TRAILING_WHITESPACE: trailing whitespace
#2907: FILE: ldiskfs/kernel_patches/patches/linux-7.1/ext4-pdirop.patch:773:
+ $

ERROR:TRAILING_WHITESPACE: trailing whitespace
#2925: FILE: ldiskfs/kernel_patches/patches/linux-7.1/ext4-pdirop.patch:791:
+ $

ERROR:TRAILING_WHITESPACE: trailing whitespace
#2952: FILE: ldiskfs/kernel_patches/patches/linux-7.1/ext4-pdirop.patch:818:
+ $

ERROR:TRAILING_WHITESPACE: trailing whitespace
#2960: FILE: ldiskfs/kernel_patches/patches/linux-7.1/ext4-pdirop.patch:826:
+ $

ERROR:TRAILING_WHITESPACE: trailing whitespace
#2983: FILE: ldiskfs/kernel_patches/patches/linux-7.1/ext4-pdirop.patch:849:
+ $

ERROR:TRAILING_WHITESPACE: trailing whitespace
#2996: FILE: ldiskfs/kernel_patches/patches/linux-7.1/ext4-pdirop.patch:862:
+ $

ERROR:TRAILING_WHITESPACE: trailing whitespace
#3003: FILE: ldiskfs/kernel_patches/patches/linux-7.1/ext4-pdirop.patch:869:
+ $

ERROR:TRAILING_WHITESPACE: trailing whitespace
#3005: FILE: ldiskfs/kernel_patches/patches/linux-7.1/ext4-pdirop.patch:871:
+ $

ERROR:TRAILING_WHITESPACE: trailing whitespace
#3013: FILE: ldiskfs/kernel_patches/patches/linux-7.1/ext4-pdirop.patch:879:
+ $

ERROR:TRAILING_WHITESPACE: trailing whitespace
#3025: FILE: ldiskfs/kernel_patches/patches/linux-7.1/ext4-pdirop.patch:891:
+ $

ERROR:TRAILING_WHITESPACE: trailing whitespace
#3036: FILE: ldiskfs/kernel_patches/patches/linux-7.1/ext4-pdirop.patch:902:
+ $

ERROR:TRAILING_WHITESPACE: trailing whitespace
#3108: FILE: ldiskfs/kernel_patches/patches/linux-7.1/ext4-pdirop.patch:974:
+ $

ERROR:TRAILING_WHITESPACE: trailing whitespace
#3117: FILE: ldiskfs/kernel_patches/patches/linux-7.1/ext4-pdirop.patch:983:
+ $

ERROR:TRAILING_WHITESPACE: trailing whitespace
#3131: FILE: ldiskfs/kernel_patches/patches/linux-7.1/ext4-pdirop.patch:997:
+ $

ERROR:TRAILING_WHITESPACE: trailing whitespace
#3137: FILE: ldiskfs/kernel_patches/patches/linux-7.1/ext4-pdirop.patch:1003:
+-- $

ERROR:TRAILING_WHITESPACE: trailing whitespace
#3170: FILE: ldiskfs/kernel_patches/patches/linux-7.1/ext4-prealloc.patch:26:
+ $

ERROR:TRAILING_WHITESPACE: trailing whitespace
#3193: FILE: ldiskfs/kernel_patches/patches/linux-7.1/ext4-prealloc.patch:49:
+ $

ERROR:TRAILING_WHITESPACE: trailing whitespace
#3205: FILE: ldiskfs/kernel_patches/patches/linux-7.1/ext4-prealloc.patch:61:
+ $

ERROR:TRAILING_WHITESPACE: trailing whitespace
#3211: FILE: ldiskfs/kernel_patches/patches/linux-7.1/ext4-prealloc.patch:67:
+ $

ERROR:TRAILING_WHITESPACE: trailing whitespace
#3218: FILE: ldiskfs/kernel_patches/patches/linux-7.1/ext4-prealloc.patch:74:
+ $

ERROR:TRAILING_WHITESPACE: trailing whitespace
#3331: FILE: ldiskfs/kernel_patches/patches/linux-7.1/ext4-prealloc.patch:187:
+ $

ERROR:TRAILING_WHITESPACE: trailing whitespace
#3363: FILE: ldiskfs/kernel_patches/patches/linux-7.1/ext4-prealloc.patch:219:
+ $

ERROR:TRAILING_WHITESPACE: trailing whitespace
#3375: FILE: ldiskfs/kernel_patches/patches/linux-7.1/ext4-prealloc.patch:231:
+ $

ERROR:TRAILING_WHITESPACE: trailing whitespace
#3380: FILE: ldiskfs/kernel_patches/patches/linux-7.1/ext4-prealloc.patch:236:
+ $

ERROR:TRAILING_WHITESPACE: trailing whitespace
#3384: FILE: ldiskfs/kernel_patches/patches/linux-7.1/ext4-prealloc.patch:240:
+ $

ERROR:TRAILING_WHITESPACE: trailing whitespace
#3387: FILE: ldiskfs/kernel_patches/patches/linux-7.1/ext4-prealloc.patch:243:
+ $

ERROR:TRAILING_WHITESPACE: trailing whitespace
#3401: FILE: ldiskfs/kernel_patches/patches/linux-7.1/ext4-prealloc.patch:257:
+ $

ERROR:TRAILING_WHITESPACE: trailing whitespace
#3410: FILE: ldiskfs/kernel_patches/patches/linux-7.1/ext4-prealloc.patch:266:
+ $

ERROR:TRAILING_WHITESPACE: trailing whitespace
#3415: FILE: ldiskfs/kernel_patches/patches/linux-7.1/ext4-prealloc.patch:271:
+ $

ERROR:TRAILING_WHITESPACE: trailing whitespace
#3482: FILE: ldiskfs/kernel_patches/patches/linux-7.1/ext4-prealloc.patch:338:
+ $

ERROR:TRAILING_WHITESPACE: trailing whitespace
#3490: FILE: ldiskfs/kernel_patches/patches/linux-7.1/ext4-prealloc.patch:346:
+ $

ERROR:TRAILING_WHITESPACE: trailing whitespace
#3492: FILE: ldiskfs/kernel_patches/patches/linux-7.1/ext4-prealloc.patch:348:
+ $

ERROR:TRAILING_WHITESPACE: trailing whitespace
#3495: FILE: ldiskfs/kernel_patches/patches/linux-7.1/ext4-prealloc.patch:351:
+ $

ERROR:TRAILING_WHITESPACE: trailing whitespace
#3502: FILE: ldiskfs/kernel_patches/patches/linux-7.1/ext4-prealloc.patch:358:
+ $

ERROR:TRAILING_WHITESPACE: trailing whitespace
#3507: FILE: ldiskfs/kernel_patches/patches/linux-7.1/ext4-prealloc.patch:363:
+ $

ERROR:TRAILING_WHITESPACE: trailing whitespace
#3550: FILE: ldiskfs/kernel_patches/patches/linux-7.1/ext4-prealloc.patch:406:
+-- $

total: 160 errors, 2 warnings, 3531 lines checked

NOTE: For some of the reported defects, checkpatch may be able to
      mechanically convert to the typical style using --fix or --fix-inplace.

NOTE: Whitespace errors detected.
      You may wish to use scripts/cleanpatch or scripts/cleanfile

Your patch has style problems, please review.

NOTE: If any of the errors are false positives, please report
      them to the maintainer, see CHECKPATCH in MAINTAINERS.
