CLI: ./pk --podman-socket unix:///run/user/1000/podman/podman.sock --shared-filesystem /tmp --tarball-input job lustre-ci --output /var/www/ci-lustre/upstream-patch-review --git-hash b9431efb463ef6324dfdbdcc88b5d6d9a6f0b577 --change-id 66081_b9431efb463ef6324dfdbdcc88b5d6d9a6f0b577 --subject LU-20296 gss: also force reconnect if ctx nego timeout

Environment validated successfully
Note: custom LLVM is not synced in tarball input mode
Creating kernel tarball at /tmp/ktest-kernel.tar.gz...
Creating lustre tarball at /tmp/ktest-lustre.tar.gz...
Creating ZFS tarball at /tmp/ktest-zfs.tar.gz...
Executing 14 jobs
Jobs will start as soon as their dependencies are satisfied
Using tarball input mode

START checkpatch:checkpatch tool checkpatch
START u24:u24 build tests/fs/lustre/boot.ktest
START ml:lustre_mainline build tests/fs/lustre/boot.ktest
START ml-miscvm:lustre_mainline_native build tests/fs/lustre/boot.ktest
START ml-strict:lustre_mainline build tests/fs/lustre/boot-strict.ktest
START al2023:al2023 build tests/fs/lustre/boot.ktest
PUT /tmp/ktest-lustre.tar.gz 1s
PUT /tmp/ktest-lustre.tar.gz 1s
PUT /tmp/ktest-kernel.tar.gz 8s
PUT /tmp/ktest-kernel.tar.gz 8s
PUT /tmp/ktest-kernel.tar.gz 8s
PUT /tmp/ktest-kernel.tar.gz 8s
PUT /tmp/ktest-lustre.tar.gz 2s
PUT /tmp/ktest-lustre.tar.gz 2s
PUT /tmp/ktest-lustre.tar.gz 2s
PUT /tmp/ktest-lustre.tar.gz 1s
PUT /tmp/ktest-zfs.tar.gz 0s
PUT /tmp/ktest-zfs.tar.gz 0s
PUT /tmp/ktest-zfs.tar.gz 0s
END checkpatch:checkpatch tool checkpatch FAIL 13s (exit code: 1)
END u24:u24 build tests/fs/lustre/boot.ktest PASS 39s
END al2023:al2023 build tests/fs/lustre/boot.ktest PASS 44s
GET /tmp/ktest_ml-miscvm:lustre_mainline_native_9jiix4vq.tar 0s
GET /tmp/ktest_ml-strict:lustre_mainline_1kkp_ym7.tar 5s
END ml-miscvm:lustre_mainline_native build tests/fs/lustre/boot.ktest PASS 164s
START ml-miscvm:boot run tests/fs/lustre/boot.ktest
START ml-miscvm:llmount run tests/fs/lustre/llmount.ktest
START ml-miscvm:llog-unit run tests/fs/lustre/llog-unit.ktest
START ml-miscvm:mgs-setup run tests/fs/lustre/mgs-setup.ktest
START ml-miscvm:sanity-1 run tests/fs/lustre/sanity/sanity-1.ktest
START ml-miscvm:sanity-2 run tests/fs/lustre/sanity/sanity-2.ktest
START ml-miscvm:sanity-3 run tests/fs/lustre/sanity/sanity-3.ktest
START ml-miscvm:sanity-4 run tests/fs/lustre/sanity/sanity-4.ktest
GET /tmp/ktest_ml:lustre_mainline_5fecuh2h.tar 7s
END ml-strict:lustre_mainline build tests/fs/lustre/boot-strict.ktest FAIL 170s (exit code: 1)
END ml:lustre_mainline build tests/fs/lustre/boot.ktest PASS 171s
PUT /tmp/ktest-kernel.tar.gz 40s
PUT /tmp/ktest-kernel.tar.gz 39s
PUT /tmp/ktest-kernel.tar.gz 40s
PUT /tmp/ktest-kernel.tar.gz 40s
PUT /tmp/ktest-kernel.tar.gz 40s
PUT /tmp/ktest-kernel.tar.gz 40s
PUT /tmp/ktest-kernel.tar.gz 40s
PUT /tmp/ktest-kernel.tar.gz 40s
PUT /tmp/ktest-lustre.tar.gz 15s
PUT /tmp/ktest-lustre.tar.gz 15s
PUT /tmp/ktest-lustre.tar.gz 16s
PUT /tmp/ktest-lustre.tar.gz 15s
PUT /tmp/ktest-lustre.tar.gz 15s
PUT /tmp/ktest-lustre.tar.gz 15s
PUT /tmp/ktest-lustre.tar.gz 15s
PUT /tmp/ktest-lustre.tar.gz 15s
PUT /tmp/ktest_ml-miscvm:lustre_mainline_native_9jiix4vq.tar 3s
PUT /tmp/ktest_ml-miscvm:lustre_mainline_native_9jiix4vq.tar 3s
PUT /tmp/ktest_ml-miscvm:lustre_mainline_native_9jiix4vq.tar 3s
PUT /tmp/ktest_ml-miscvm:lustre_mainline_native_9jiix4vq.tar 3s
PUT /tmp/ktest_ml-miscvm:lustre_mainline_native_9jiix4vq.tar 3s
PUT /tmp/ktest_ml-miscvm:lustre_mainline_native_9jiix4vq.tar 3s
PUT /tmp/ktest_ml-miscvm:lustre_mainline_native_9jiix4vq.tar 3s
PUT /tmp/ktest_ml-miscvm:lustre_mainline_native_9jiix4vq.tar 3s
END ml-miscvm:boot run tests/fs/lustre/boot.ktest PASS 79s
END ml-miscvm:mgs-setup run tests/fs/lustre/mgs-setup.ktest PASS 88s
END ml-miscvm:sanity-3 run tests/fs/lustre/sanity/sanity-3.ktest PASS 116s
END ml-miscvm:sanity-4 run tests/fs/lustre/sanity/sanity-4.ktest PASS 118s
END ml-miscvm:sanity-2 run tests/fs/lustre/sanity/sanity-2.ktest PASS 119s
END ml-miscvm:sanity-1 run tests/fs/lustre/sanity/sanity-1.ktest PASS 120s
END ml-miscvm:llmount run tests/fs/lustre/llmount.ktest PASS 124s
END ml-miscvm:llog-unit run tests/fs/lustre/llog-unit.ktest FAIL 163s (exit code: 1)

============================================================
Final Results:
  checkpatch:checkpatch: FAIL (13s) (log: /var/www/ci-lustre/upstream-patch-review/b9431efb463ef6324dfdbdcc88b5d6d9a6f0b577_checkpatch:checkpatch.log)
  u24:u24: PASS (39s) (log: /var/www/ci-lustre/upstream-patch-review/b9431efb463ef6324dfdbdcc88b5d6d9a6f0b577_u24:u24.log)
  al2023:al2023: PASS (44s) (log: /var/www/ci-lustre/upstream-patch-review/b9431efb463ef6324dfdbdcc88b5d6d9a6f0b577_al2023:al2023.log)
  ml-strict:lustre_mainline: FAIL (170s) (log: /var/www/ci-lustre/upstream-patch-review/b9431efb463ef6324dfdbdcc88b5d6d9a6f0b577_ml-strict:lustre_mainline.log)
  ml:lustre_mainline: PASS (171s) (log: /var/www/ci-lustre/upstream-patch-review/b9431efb463ef6324dfdbdcc88b5d6d9a6f0b577_ml:lustre_mainline.log)
  ml-miscvm:lustre_mainline_native: PASS (164s) (log: /var/www/ci-lustre/upstream-patch-review/b9431efb463ef6324dfdbdcc88b5d6d9a6f0b577_ml-miscvm:lustre_mainline_native.log)
  ml-miscvm:boot: PASS (79s) (log: /var/www/ci-lustre/upstream-patch-review/b9431efb463ef6324dfdbdcc88b5d6d9a6f0b577_ml-miscvm:boot.log)
  ml-miscvm:llmount: PASS (124s) (log: /var/www/ci-lustre/upstream-patch-review/b9431efb463ef6324dfdbdcc88b5d6d9a6f0b577_ml-miscvm:llmount.log)
  ml-miscvm:llog-unit: FAIL (163s) (log: /var/www/ci-lustre/upstream-patch-review/b9431efb463ef6324dfdbdcc88b5d6d9a6f0b577_ml-miscvm:llog-unit.log)
  ml-miscvm:mgs-setup: PASS (88s) (log: /var/www/ci-lustre/upstream-patch-review/b9431efb463ef6324dfdbdcc88b5d6d9a6f0b577_ml-miscvm:mgs-setup.log)
  ml-miscvm:sanity-1: PASS (120s) (log: /var/www/ci-lustre/upstream-patch-review/b9431efb463ef6324dfdbdcc88b5d6d9a6f0b577_ml-miscvm:sanity-1.log)
  ml-miscvm:sanity-2: PASS (119s) (log: /var/www/ci-lustre/upstream-patch-review/b9431efb463ef6324dfdbdcc88b5d6d9a6f0b577_ml-miscvm:sanity-2.log)
  ml-miscvm:sanity-3: PASS (116s) (log: /var/www/ci-lustre/upstream-patch-review/b9431efb463ef6324dfdbdcc88b5d6d9a6f0b577_ml-miscvm:sanity-3.log)
  ml-miscvm:sanity-4: PASS (118s) (log: /var/www/ci-lustre/upstream-patch-review/b9431efb463ef6324dfdbdcc88b5d6d9a6f0b577_ml-miscvm:sanity-4.log)

Total execution time: 357s

Packed 5176 logs from /var/www/ci-lustre/upstream-patch-review into /home/ktest/ktest/local-site/local_data.js
Open /home/ktest/ktest/local-site/index.html in a browser
