CLI: ./pk --podman-socket unix:///run/user/1000/podman/podman.sock --shared-filesystem /tmp --tarball-input job lustre-ci --output /var/www/ci-lustre/upstream-patch-review --git-hash ba2db9b0083e150287eb9e9cd3149f08e066fb37 --change-id 68749_ba2db9b0083e150287eb9e9cd3149f08e066fb37 --subject LU-19605 tests: Take nid1 off the wire in both directions

Environment validated successfully
Note: custom LLVM is not synced in tarball input mode
Creating kernel tarball at /tmp/ktest-kernel.tar.gz...
Creating lustre tarball at /tmp/ktest-lustre.tar.gz...
Creating ZFS tarball at /tmp/ktest-zfs.tar.gz...
Executing 14 jobs
Jobs will start as soon as their dependencies are satisfied
Using tarball input mode

START al2023:al2023 build tests/fs/lustre/boot.ktest
START checkpatch:checkpatch tool checkpatch
START u24:u24 build tests/fs/lustre/boot.ktest
START ml:lustre_mainline build tests/fs/lustre/boot.ktest
START ml-miscvm:lustre_mainline_native build tests/fs/lustre/boot.ktest
START ml-strict:lustre_mainline build tests/fs/lustre/boot-strict.ktest
PUT /tmp/ktest-lustre.tar.gz 1s
PUT /tmp/ktest-lustre.tar.gz 1s
PUT /tmp/ktest-kernel.tar.gz 8s
PUT /tmp/ktest-kernel.tar.gz 8s
PUT /tmp/ktest-kernel.tar.gz 8s
PUT /tmp/ktest-kernel.tar.gz 8s
PUT /tmp/ktest-lustre.tar.gz 3s
PUT /tmp/ktest-lustre.tar.gz 4s
PUT /tmp/ktest-lustre.tar.gz 4s
PUT /tmp/ktest-lustre.tar.gz 3s
PUT /tmp/ktest-zfs.tar.gz 1s
PUT /tmp/ktest-zfs.tar.gz 1s
PUT /tmp/ktest-zfs.tar.gz 1s
END checkpatch:checkpatch tool checkpatch PASS 15s
END u24:u24 build tests/fs/lustre/boot.ktest PASS 43s
END al2023:al2023 build tests/fs/lustre/boot.ktest PASS 47s
GET /tmp/ktest_ml-strict:lustre_mainline_lm1rb22q.tar 6s
END ml-strict:lustre_mainline build tests/fs/lustre/boot-strict.ktest FAIL 159s (exit code: 1)
GET /tmp/ktest_ml:lustre_mainline_i9g37ve9.tar 0s
GET /tmp/ktest_ml-miscvm:lustre_mainline_native_t4_8ozm4.tar 0s
END ml:lustre_mainline build tests/fs/lustre/boot.ktest PASS 165s
END ml-miscvm:lustre_mainline_native build tests/fs/lustre/boot.ktest PASS 166s
START ml-miscvm:boot run tests/fs/lustre/boot.ktest
START ml-miscvm:llmount run tests/fs/lustre/llmount.ktest
START ml-miscvm:llog-unit run tests/fs/lustre/llog-unit.ktest
START ml-miscvm:mgs-setup run tests/fs/lustre/mgs-setup.ktest
START ml-miscvm:sanity-1 run tests/fs/lustre/sanity/sanity-1.ktest
START ml-miscvm:sanity-2 run tests/fs/lustre/sanity/sanity-2.ktest
START ml-miscvm:sanity-3 run tests/fs/lustre/sanity/sanity-3.ktest
START ml-miscvm:sanity-4 run tests/fs/lustre/sanity/sanity-4.ktest
PUT /tmp/ktest-kernel.tar.gz 44s
PUT /tmp/ktest-kernel.tar.gz 44s
PUT /tmp/ktest-kernel.tar.gz 44s
PUT /tmp/ktest-kernel.tar.gz 44s
PUT /tmp/ktest-kernel.tar.gz 44s
PUT /tmp/ktest-kernel.tar.gz 45s
PUT /tmp/ktest-kernel.tar.gz 45s
PUT /tmp/ktest-kernel.tar.gz 45s
PUT /tmp/ktest-lustre.tar.gz 12s
PUT /tmp/ktest-lustre.tar.gz 11s
PUT /tmp/ktest-lustre.tar.gz 11s
PUT /tmp/ktest-lustre.tar.gz 11s
PUT /tmp/ktest-lustre.tar.gz 11s
PUT /tmp/ktest-lustre.tar.gz 12s
PUT /tmp/ktest-lustre.tar.gz 12s
PUT /tmp/ktest-lustre.tar.gz 11s
PUT /tmp/ktest_ml-miscvm:lustre_mainline_native_t4_8ozm4.tar 2s
PUT /tmp/ktest_ml-miscvm:lustre_mainline_native_t4_8ozm4.tar 2s
PUT /tmp/ktest_ml-miscvm:lustre_mainline_native_t4_8ozm4.tar 2s
PUT /tmp/ktest_ml-miscvm:lustre_mainline_native_t4_8ozm4.tar 2s
PUT /tmp/ktest_ml-miscvm:lustre_mainline_native_t4_8ozm4.tar 2s
PUT /tmp/ktest_ml-miscvm:lustre_mainline_native_t4_8ozm4.tar 2s
PUT /tmp/ktest_ml-miscvm:lustre_mainline_native_t4_8ozm4.tar 2s
PUT /tmp/ktest_ml-miscvm:lustre_mainline_native_t4_8ozm4.tar 2s
END ml-miscvm:boot run tests/fs/lustre/boot.ktest PASS 70s
END ml-miscvm:mgs-setup run tests/fs/lustre/mgs-setup.ktest PASS 82s
END ml-miscvm:sanity-3 run tests/fs/lustre/sanity/sanity-3.ktest PASS 112s
END ml-miscvm:sanity-1 run tests/fs/lustre/sanity/sanity-1.ktest PASS 113s
END ml-miscvm:sanity-2 run tests/fs/lustre/sanity/sanity-2.ktest PASS 114s
END ml-miscvm:llmount run tests/fs/lustre/llmount.ktest PASS 121s
END ml-miscvm:sanity-4 run tests/fs/lustre/sanity/sanity-4.ktest PASS 123s
END ml-miscvm:llog-unit run tests/fs/lustre/llog-unit.ktest FAIL 157s (exit code: 1)

============================================================
Final Results:
  checkpatch:checkpatch: PASS (15s) (log: /var/www/ci-lustre/upstream-patch-review/ba2db9b0083e150287eb9e9cd3149f08e066fb37_checkpatch:checkpatch.log)
  u24:u24: PASS (43s) (log: /var/www/ci-lustre/upstream-patch-review/ba2db9b0083e150287eb9e9cd3149f08e066fb37_u24:u24.log)
  al2023:al2023: PASS (47s) (log: /var/www/ci-lustre/upstream-patch-review/ba2db9b0083e150287eb9e9cd3149f08e066fb37_al2023:al2023.log)
  ml-strict:lustre_mainline: FAIL (159s) (log: /var/www/ci-lustre/upstream-patch-review/ba2db9b0083e150287eb9e9cd3149f08e066fb37_ml-strict:lustre_mainline.log)
  ml:lustre_mainline: PASS (165s) (log: /var/www/ci-lustre/upstream-patch-review/ba2db9b0083e150287eb9e9cd3149f08e066fb37_ml:lustre_mainline.log)
  ml-miscvm:lustre_mainline_native: PASS (166s) (log: /var/www/ci-lustre/upstream-patch-review/ba2db9b0083e150287eb9e9cd3149f08e066fb37_ml-miscvm:lustre_mainline_native.log)
  ml-miscvm:boot: PASS (70s) (log: /var/www/ci-lustre/upstream-patch-review/ba2db9b0083e150287eb9e9cd3149f08e066fb37_ml-miscvm:boot.log)
  ml-miscvm:llmount: PASS (121s) (log: /var/www/ci-lustre/upstream-patch-review/ba2db9b0083e150287eb9e9cd3149f08e066fb37_ml-miscvm:llmount.log)
  ml-miscvm:llog-unit: FAIL (157s) (log: /var/www/ci-lustre/upstream-patch-review/ba2db9b0083e150287eb9e9cd3149f08e066fb37_ml-miscvm:llog-unit.log)
  ml-miscvm:mgs-setup: PASS (82s) (log: /var/www/ci-lustre/upstream-patch-review/ba2db9b0083e150287eb9e9cd3149f08e066fb37_ml-miscvm:mgs-setup.log)
  ml-miscvm:sanity-1: PASS (113s) (log: /var/www/ci-lustre/upstream-patch-review/ba2db9b0083e150287eb9e9cd3149f08e066fb37_ml-miscvm:sanity-1.log)
  ml-miscvm:sanity-2: PASS (114s) (log: /var/www/ci-lustre/upstream-patch-review/ba2db9b0083e150287eb9e9cd3149f08e066fb37_ml-miscvm:sanity-2.log)
  ml-miscvm:sanity-3: PASS (112s) (log: /var/www/ci-lustre/upstream-patch-review/ba2db9b0083e150287eb9e9cd3149f08e066fb37_ml-miscvm:sanity-3.log)
  ml-miscvm:sanity-4: PASS (123s) (log: /var/www/ci-lustre/upstream-patch-review/ba2db9b0083e150287eb9e9cd3149f08e066fb37_ml-miscvm:sanity-4.log)

Total execution time: 354s

Packed 2558 logs from /var/www/ci-lustre/upstream-patch-review into /home/ktest/ktest/local-site/local_data.js
Open /home/ktest/ktest/local-site/index.html in a browser
