WARNING:FILE_PATH_CHANGES: added, moved or deleted file(s), does MAINTAINERS need updating?
#146: 
new file mode 100644

WARNING:SPACING: space prohibited between function name and open parenthesis '('
#1383: FILE: lnet/klnds/bxi3lnd/bxi3lnd_eq.c:185:
+	list_for_each (link, &irq->events) {

WARNING:SPLIT_STRING: quoted string split across lines
#1892: FILE: lnet/klnds/bxi3lnd/bxi3lnd_modparams.c:66:
+	"Minimum number of buffers linked when recovering from flow control."
+	" New buffers will be allocated if needed");

WARNING:LONG_LINE_STRING: line length of 129 exceeds 100 columns
#1932: FILE: lnet/klnds/bxi3lnd/bxi3lnd_modparams.c:106:
+		CERROR("Can't set min recovery count for immediate buffers larger than the total number of immediate buffers\n");

WARNING:SPACING: space prohibited between function name and open parenthesis '('
#2374: FILE: lnet/klnds/bxi3lnd/bxi3lnd_ni.c:396:
+	list_for_each_entry_safe (imm, tmp, &ctx->imm_bufs, next) {

WARNING:SPACING: space prohibited between function name and open parenthesis '('
#2398: FILE: lnet/klnds/bxi3lnd/bxi3lnd_ni.c:420:
+	list_for_each_entry_safe (imm, tmp, &ctx->imm_inject_list,

WARNING:SPACING: space prohibited between function name and open parenthesis '('
#2415: FILE: lnet/klnds/bxi3lnd/bxi3lnd_ni.c:437:
+	list_for_each_entry (imm, &ctx->imm_bufs, next) {

WARNING:SPACING: space prohibited between function name and open parenthesis '('
#2500: FILE: lnet/klnds/bxi3lnd/bxi3lnd_ni.c:522:
+		list_for_each_entry (imm, &ctx->imm_bufs, next) {

WARNING:SPACING: space prohibited between function name and open parenthesis '('
#2668: FILE: lnet/klnds/bxi3lnd/bxi3lnd_ni.c:690:
+	list_for_each_entry (imm, &ctx->imm_bufs, next) {

WARNING:SPACING: space prohibited between function name and open parenthesis '('
#2800: FILE: lnet/klnds/bxi3lnd/bxi3lnd_ni.c:822:
+	list_for_each_entry (tn, &ctx->ni->transactions, link) {

WARNING:SPACING: space prohibited between function name and open parenthesis '('
#2949: FILE: lnet/klnds/bxi3lnd/bxi3lnd_ni.c:971:
+	list_for_each (entry, &ni->transactions) {

WARNING:SPLIT_STRING: quoted string split across lines
#2992: FILE: lnet/klnds/bxi3lnd/bxi3lnd_ni.c:1014:
+		CERROR("NIC does not support the required features to run"
+		       " with matched_rdv=false\n");

WARNING:SPLIT_STRING: quoted string split across lines
#2998: FILE: lnet/klnds/bxi3lnd/bxi3lnd_ni.c:1020:
+		CERROR("NIC does not support the required features to run"
+		       " with matched_rdv=true\n");

ERROR:BRACKET_SPACE: space prohibited before open square bracket '['
#3208: FILE: lnet/klnds/bxi3lnd/bxi3lnd_tn.c:17:
+#define TN_STR_ENTRY(s) [s] = #s

WARNING:SPLIT_STRING: quoted string split across lines
#3334: FILE: lnet/klnds/bxi3lnd/bxi3lnd_tn.c:143:
+		"Packed header of %zu bytes with "
+		"magic=%x version=%u type=%u snid=%llu dnid=%llu length=%u",

WARNING:LONG_LINE_COMMENT: line length of 173 exceeds 100 columns
#3412: FILE: lnet/klnds/bxi3lnd/bxi3lnd_tn.c:221:
+ *              ┌─────┐    ───────                                         ───────    ┌─────────────┐

WARNING:LONG_LINE_COMMENT: line length of 145 exceeds 100 columns
#3413: FILE: lnet/klnds/bxi3lnd/bxi3lnd_tn.c:222:
+ *              │timer│───────┐                              │               ┌────────┼communication│

WARNING:LONG_LINE_COMMENT: line length of 151 exceeds 100 columns
#3414: FILE: lnet/klnds/bxi3lnd/bxi3lnd_tn.c:223:
+ *              └─────┘       │                              │               │        └─────────────┘

WARNING:LONG_LINE_COMMENT: line length of 116 exceeds 100 columns
#3423: FILE: lnet/klnds/bxi3lnd/bxi3lnd_tn.c:232:
+ *              ┌─fail─xchg───┤                                   ┌──────────┤

WARNING:LONG_LINE_COMMENT: line length of 106 exceeds 100 columns
#3429: FILE: lnet/klnds/bxi3lnd/bxi3lnd_tn.c:238:
+ *               bxi3lnd_cancel_bulk_request                      │ wait_completion(rdv_timeout_aborted)

WARNING:LONG_LINE_COMMENT: line length of 124 exceeds 100 columns
#3432: FILE: lnet/klnds/bxi3lnd/bxi3lnd_tn.c:241:
+ *              ┌──────false──┴──true───────┐                │    │          │

WARNING:LONG_LINE_COMMENT: line length of 108 exceeds 100 columns
#3433: FILE: lnet/klnds/bxi3lnd/bxi3lnd_tn.c:242:
+ *              │                           │                │    └──────────┤

WARNING:LONG_LINE_COMMENT: line length of 102 exceeds 100 columns
#3437: FILE: lnet/klnds/bxi3lnd/bxi3lnd_tn.c:246:
+ * return                                                    │               │     are certain the

WARNING:TYPO_SPELLING: 'occured' may be misspelled - perhaps 'occurred'?
#3440: FILE: lnet/klnds/bxi3lnd/bxi3lnd_tn.c:249:
+ *                            occured                        │               ▼
                               ^^^^^^^

WARNING:TYPO_SPELLING: 'succeded' may be misspelled - perhaps 'succeeded'?
#3533: FILE: lnet/klnds/bxi3lnd/bxi3lnd_tn.c:342:
+	 * We don't need to wait for the work, as if we succeded in the exchange
 	                                                ^^^^^^^^

WARNING:SPACING: space prohibited between function name and open parenthesis '('
#3635: FILE: lnet/klnds/bxi3lnd/bxi3lnd_tn.c:444:
+	for_each_sg (tn->frags, sg, tn->ptl_iov_count, i) {

WARNING:SPACING: space prohibited between function name and open parenthesis '('
#4381: FILE: lnet/klnds/bxi3lnd/bxi3lnd_tn.c:1190:
+		list_for_each_entry_safe (

total: 1 errors, 26 warnings, 4399 lines checked

NOTE: For some of the reported defects, checkpatch may be able to
      mechanically convert to the typical style using --fix or --fix-inplace.

Your patch has style problems, please review.

NOTE: If any of the errors are false positives, please report
      them to the maintainer, see CHECKPATCH in MAINTAINERS.
