CLI: ./pk --podman-socket unix:///run/user/1000/podman/podman.sock --shared-filesystem /tmp --tarball-input job lustre-ci --output /var/www/ci-lustre/upstream-patch-review --git-hash bb52696d5778354b959b6e265b2c5ec7918d9c05 --change-id 66252_bb52696d5778354b959b6e265b2c5ec7918d9c05 --subject LU-19712 llapi: Add new xattr syntax for lustre.pin

Environment validated successfully
Note: custom LLVM is not synced in tarball input mode
Creating kernel tarball at /tmp/ktest-kernel.tar.gz...
Creating lustre tarball at /tmp/ktest-lustre.tar.gz...
Creating ZFS tarball at /tmp/ktest-zfs.tar.gz...
Executing 14 jobs
Jobs will start as soon as their dependencies are satisfied
Using tarball input mode

START ml-strict:lustre_mainline build tests/fs/lustre/boot-strict.ktest
START ml-miscvm:lustre_mainline_native build tests/fs/lustre/boot.ktest
START al2023:al2023 build tests/fs/lustre/boot.ktest
START checkpatch:checkpatch tool checkpatch
START ml:lustre_mainline build tests/fs/lustre/boot.ktest
START u24:u24 build tests/fs/lustre/boot.ktest
PUT /tmp/ktest-lustre.tar.gz 1s
PUT /tmp/ktest-lustre.tar.gz 1s
PUT /tmp/ktest-kernel.tar.gz 8s
PUT /tmp/ktest-kernel.tar.gz 8s
PUT /tmp/ktest-kernel.tar.gz 8s
PUT /tmp/ktest-kernel.tar.gz 8s
PUT /tmp/ktest-lustre.tar.gz 5s
PUT /tmp/ktest-lustre.tar.gz 5s
PUT /tmp/ktest-lustre.tar.gz 5s
PUT /tmp/ktest-lustre.tar.gz 5s
PUT /tmp/ktest-zfs.tar.gz 1s
PUT /tmp/ktest-zfs.tar.gz 1s
PUT /tmp/ktest-zfs.tar.gz 1s
END checkpatch:checkpatch tool checkpatch FAIL 16s (exit code: 1)
END u24:u24 build tests/fs/lustre/boot.ktest PASS 44s
END al2023:al2023 build tests/fs/lustre/boot.ktest PASS 50s
GET /tmp/ktest_ml-miscvm:lustre_mainline_native_e4sem03p.tar 0s
GET /tmp/ktest_ml-strict:lustre_mainline_8qjqz8mc.tar 4sEND ml-miscvm:lustre_mainline_native build tests/fs/lustre/boot.ktest PASS 164s

START ml-miscvm:boot run tests/fs/lustre/boot.ktest
START ml-miscvm:llmount run tests/fs/lustre/llmount.ktest
START ml-miscvm:llog-unit run tests/fs/lustre/llog-unit.ktest
START ml-miscvm:mgs-setup run tests/fs/lustre/mgs-setup.ktest
START ml-miscvm:sanity-1 run tests/fs/lustre/sanity/sanity-1.ktest
START ml-miscvm:sanity-2 run tests/fs/lustre/sanity/sanity-2.ktest
START ml-miscvm:sanity-3 run tests/fs/lustre/sanity/sanity-3.ktest
START ml-miscvm:sanity-4 run tests/fs/lustre/sanity/sanity-4.ktest
END ml-strict:lustre_mainline build tests/fs/lustre/boot-strict.ktest FAIL 170s (exit code: 1)
GET /tmp/ktest_ml:lustre_mainline_scax_6ix.tar 2s
END ml:lustre_mainline build tests/fs/lustre/boot.ktest PASS 172s
PUT /tmp/ktest-kernel.tar.gz 32s
PUT /tmp/ktest-kernel.tar.gz 33s
PUT /tmp/ktest-kernel.tar.gz 34s
PUT /tmp/ktest-kernel.tar.gz 34s
PUT /tmp/ktest-kernel.tar.gz 34s
PUT /tmp/ktest-kernel.tar.gz 34s
PUT /tmp/ktest-kernel.tar.gz 36s
PUT /tmp/ktest-kernel.tar.gz 34s
PUT /tmp/ktest-lustre.tar.gz 13s
PUT /tmp/ktest-lustre.tar.gz 13s
PUT /tmp/ktest-lustre.tar.gz 13s
PUT /tmp/ktest-lustre.tar.gz 13s
PUT /tmp/ktest-lustre.tar.gz 12s
PUT /tmp/ktest-lustre.tar.gz 13s
PUT /tmp/ktest-lustre.tar.gz 13s
PUT /tmp/ktest-lustre.tar.gz 17s
PUT /tmp/ktest_ml-miscvm:lustre_mainline_native_e4sem03p.tar 2s
PUT /tmp/ktest_ml-miscvm:lustre_mainline_native_e4sem03p.tar 2s
PUT /tmp/ktest_ml-miscvm:lustre_mainline_native_e4sem03p.tar 2s
PUT /tmp/ktest_ml-miscvm:lustre_mainline_native_e4sem03p.tar 2s
PUT /tmp/ktest_ml-miscvm:lustre_mainline_native_e4sem03p.tar 2s
PUT /tmp/ktest_ml-miscvm:lustre_mainline_native_e4sem03p.tar 3s
PUT /tmp/ktest_ml-miscvm:lustre_mainline_native_e4sem03p.tar 2s
PUT /tmp/ktest_ml-miscvm:lustre_mainline_native_e4sem03p.tar 3s
END ml-miscvm:boot run tests/fs/lustre/boot.ktest PASS 69s
END ml-miscvm:mgs-setup run tests/fs/lustre/mgs-setup.ktest PASS 80s
END ml-miscvm:sanity-4 run tests/fs/lustre/sanity/sanity-4.ktest PASS 110s
END ml-miscvm:sanity-1 run tests/fs/lustre/sanity/sanity-1.ktest PASS 111s
END ml-miscvm:sanity-3 run tests/fs/lustre/sanity/sanity-3.ktest PASS 113s
END ml-miscvm:sanity-2 run tests/fs/lustre/sanity/sanity-2.ktest PASS 121s
END ml-miscvm:llmount run tests/fs/lustre/llmount.ktest PASS 131s
END ml-miscvm:llog-unit run tests/fs/lustre/llog-unit.ktest FAIL 157s (exit code: 1)

============================================================
Final Results:
  checkpatch:checkpatch: FAIL (16s) (log: /var/www/ci-lustre/upstream-patch-review/bb52696d5778354b959b6e265b2c5ec7918d9c05_checkpatch:checkpatch.log)
  u24:u24: PASS (44s) (log: /var/www/ci-lustre/upstream-patch-review/bb52696d5778354b959b6e265b2c5ec7918d9c05_u24:u24.log)
  al2023:al2023: PASS (50s) (log: /var/www/ci-lustre/upstream-patch-review/bb52696d5778354b959b6e265b2c5ec7918d9c05_al2023:al2023.log)
  ml-strict:lustre_mainline: FAIL (170s) (log: /var/www/ci-lustre/upstream-patch-review/bb52696d5778354b959b6e265b2c5ec7918d9c05_ml-strict:lustre_mainline.log)
  ml:lustre_mainline: PASS (172s) (log: /var/www/ci-lustre/upstream-patch-review/bb52696d5778354b959b6e265b2c5ec7918d9c05_ml:lustre_mainline.log)
  ml-miscvm:lustre_mainline_native: PASS (164s) (log: /var/www/ci-lustre/upstream-patch-review/bb52696d5778354b959b6e265b2c5ec7918d9c05_ml-miscvm:lustre_mainline_native.log)
  ml-miscvm:boot: PASS (69s) (log: /var/www/ci-lustre/upstream-patch-review/bb52696d5778354b959b6e265b2c5ec7918d9c05_ml-miscvm:boot.log)
  ml-miscvm:llmount: PASS (131s) (log: /var/www/ci-lustre/upstream-patch-review/bb52696d5778354b959b6e265b2c5ec7918d9c05_ml-miscvm:llmount.log)
  ml-miscvm:llog-unit: FAIL (157s) (log: /var/www/ci-lustre/upstream-patch-review/bb52696d5778354b959b6e265b2c5ec7918d9c05_ml-miscvm:llog-unit.log)
  ml-miscvm:mgs-setup: PASS (80s) (log: /var/www/ci-lustre/upstream-patch-review/bb52696d5778354b959b6e265b2c5ec7918d9c05_ml-miscvm:mgs-setup.log)
  ml-miscvm:sanity-1: PASS (111s) (log: /var/www/ci-lustre/upstream-patch-review/bb52696d5778354b959b6e265b2c5ec7918d9c05_ml-miscvm:sanity-1.log)
  ml-miscvm:sanity-2: PASS (121s) (log: /var/www/ci-lustre/upstream-patch-review/bb52696d5778354b959b6e265b2c5ec7918d9c05_ml-miscvm:sanity-2.log)
  ml-miscvm:sanity-3: PASS (113s) (log: /var/www/ci-lustre/upstream-patch-review/bb52696d5778354b959b6e265b2c5ec7918d9c05_ml-miscvm:sanity-3.log)
  ml-miscvm:sanity-4: PASS (110s) (log: /var/www/ci-lustre/upstream-patch-review/bb52696d5778354b959b6e265b2c5ec7918d9c05_ml-miscvm:sanity-4.log)

Total execution time: 352s

Packed 4906 logs from /var/www/ci-lustre/upstream-patch-review into /home/ktest/ktest/local-site/local_data.js
Open /home/ktest/ktest/local-site/index.html in a browser
