WARNING:FILE_PATH_CHANGES: added, moved or deleted file(s), does MAINTAINERS need updating?
#2: 
new file mode 100644

WARNING:LONG_LINE_STRING: line length of 162 exceeds 100 columns
#500: FILE: lustre/mgs/mgs_handler.c:517:
+			LCONSOLE_ERROR("%s: New target registration disabled. Use 'lctl set_param allow_register=unlimited' to allow new target registrations.\n",

WARNING:LONG_LINE_STRING: line length of 170 exceeds 100 columns
#560: FILE: lustre/mgs/mgs_llog.c:672:
+			CERROR("%s: New filesystem registration disabled. Use 'lctl set_param allow_register=unlimited' to allow new filesystem registrations: rc = %d\n",

WARNING:LONG_LINE_STRING: line length of 149 exceeds 100 columns
#668: FILE: lustre/obdclass/obd_sysfs.c:169:
+	LCONSOLE_WARN("New MDT/OST registration window disabled. Use 'lctl set_param allow_register=<value>' to re-enable (default unit: hours).\n");

WARNING:LONG_LINE_STRING: line length of 242 exceeds 100 columns
#702: FILE: lustre/obdclass/obd_sysfs.c:203:
+		LCONSOLE_WARN("First target registration detected: opening a one-time 24-hour registration window. Use 'lctl set_param allow_register=0' to close it early, or 'lctl set_param -P allow_register=0' to lock down permanently.\n");

WARNING:LONG_LINE_STRING: line length of 150 exceeds 100 columns
#825: FILE: lustre/obdclass/obd_sysfs.c:325:
+		LCONSOLE_WARN("allow_register=%lu exceeds maximum timed window of 7 days (604800s). Use 7 days or less (e.g. 168h) or 'unlimited'.\n",

WARNING:LONG_LINE_STRING: line length of 134 exceeds 100 columns
#845: FILE: lustre/obdclass/obd_sysfs.c:345:
+		LCONSOLE_WARN("Registration timeout window started: %lu seconds. New targets can be registered during this window.\n",

WARNING:LONG_LINE_STRING: line length of 112 exceeds 100 columns
#1419: FILE: lustre/tests/conf-sanity.sh:12929:
+			error "persistent allow_register=unlimited did not override modprobe.d allow_register=0"

WARNING:LONG_LINE_STRING: line length of 101 exceeds 100 columns
#1520: FILE: lustre/tests/conf-sanity.sh:13030:
+		error "second registration reset allow_register: was ${rem_before_fs2}s, now ${val}s"

WARNING:LONG_LINE: line length of 130 exceeds 100 columns
#1575: FILE: lustre/tests/test-framework.sh:2813:
+		   "find /etc/modprobe.d -name '*.conf' 2>/dev/null | xargs grep -l '^options mgs allow_register' 2>/dev/null") ||

total: 0 errors, 10 warnings, 1545 lines checked

NOTE: For some of the reported defects, checkpatch may be able to
      mechanically convert to the typical style using --fix or --fix-inplace.

Your patch has style problems, please review.

NOTE: If any of the errors are false positives, please report
      them to the maintainer, see CHECKPATCH in MAINTAINERS.
