CLI: ./pk --podman-socket unix:///run/podman/podman.sock --shared-filesystem /tmp --tarball-input job lustre-ci --output /var/www/ci-lustre/upstream-patch-review --git-hash bc1b2e6141d70448289c0d7ea2ff2c9c3ce22428 --change-id 67223_bc1b2e6141d70448289c0d7ea2ff2c9c3ce22428 --subject LU-20472 kernel: update RHEL 10.2 [6.12.0-211.40.1.el10_2]

Environment validated successfully
Note: custom LLVM is not synced in tarball input mode
Creating kernel tarball at /tmp/ktest-kernel.tar.gz...
Creating lustre tarball at /tmp/ktest-lustre.tar.gz...
Creating ZFS tarball at /tmp/ktest-zfs.tar.gz...
Executing 14 jobs
Jobs will start as soon as their dependencies are satisfied
Using tarball input mode

START u24:u24 build tests/fs/lustre/boot.ktest
START ml:lustre_mainline build tests/fs/lustre/boot.ktest
START ml-strict:lustre_mainline build tests/fs/lustre/boot-strict.ktest
START ml-miscvm:lustre_mainline_native build tests/fs/lustre/boot.ktest
START al2023:al2023 build tests/fs/lustre/boot.ktest
START checkpatch:checkpatch tool checkpatch
PUT /tmp/ktest-lustre.tar.gz 1s
PUT /tmp/ktest-lustre.tar.gz 1s
PUT /tmp/ktest-kernel.tar.gz 6s
PUT /tmp/ktest-kernel.tar.gz 6s
PUT /tmp/ktest-kernel.tar.gz 6s
PUT /tmp/ktest-kernel.tar.gz 7s
PUT /tmp/ktest-lustre.tar.gz 3s
PUT /tmp/ktest-lustre.tar.gz 2s
PUT /tmp/ktest-lustre.tar.gz 3s
PUT /tmp/ktest-lustre.tar.gz 3s
PUT /tmp/ktest-zfs.tar.gz 0s
PUT /tmp/ktest-zfs.tar.gz 0s
PUT /tmp/ktest-zfs.tar.gz 0s
END checkpatch:checkpatch tool checkpatch PASS 13s
END u24:u24 build tests/fs/lustre/boot.ktest PASS 38s
END al2023:al2023 build tests/fs/lustre/boot.ktest PASS 45s
GET /tmp/ktest_ml-strict:lustre_mainline_zzouroih.tar 10s
END ml-strict:lustre_mainline build tests/fs/lustre/boot-strict.ktest FAIL 163s (exit code: 1)
GET /tmp/ktest_ml-miscvm:lustre_mainline_native_956mu4a2.tar 0s
GET /tmp/ktest_ml:lustre_mainline_esos47nu.tar 0s
END ml-miscvm:lustre_mainline_native build tests/fs/lustre/boot.ktest PASS 176s
START ml-miscvm:boot run tests/fs/lustre/boot.ktest
START ml-miscvm:llmount run tests/fs/lustre/llmount.ktest
START ml-miscvm:llog-unit run tests/fs/lustre/llog-unit.ktest
START ml-miscvm:mgs-setup run tests/fs/lustre/mgs-setup.ktest
START ml-miscvm:sanity-1 run tests/fs/lustre/sanity/sanity-1.ktest
START ml-miscvm:sanity-2 run tests/fs/lustre/sanity/sanity-2.ktest
START ml-miscvm:sanity-3 run tests/fs/lustre/sanity/sanity-3.ktest
START ml-miscvm:sanity-4 run tests/fs/lustre/sanity/sanity-4.ktest
END ml:lustre_mainline build tests/fs/lustre/boot.ktest PASS 178s
PUT /tmp/ktest-kernel.tar.gz 25s
PUT /tmp/ktest-kernel.tar.gz 25s
PUT /tmp/ktest-kernel.tar.gz 25s
PUT /tmp/ktest-kernel.tar.gz 25s
PUT /tmp/ktest-kernel.tar.gz 25s
PUT /tmp/ktest-kernel.tar.gz 26s
PUT /tmp/ktest-kernel.tar.gz 26s
PUT /tmp/ktest-kernel.tar.gz 26s
PUT /tmp/ktest-lustre.tar.gz 10s
PUT /tmp/ktest-lustre.tar.gz 10s
PUT /tmp/ktest-lustre.tar.gz 10s
PUT /tmp/ktest-lustre.tar.gz 10s
PUT /tmp/ktest-lustre.tar.gz 10s
PUT /tmp/ktest-lustre.tar.gz 10s
PUT /tmp/ktest-lustre.tar.gz 11s
PUT /tmp/ktest-lustre.tar.gz 10s
PUT /tmp/ktest_ml-miscvm:lustre_mainline_native_956mu4a2.tar 1s
PUT /tmp/ktest_ml-miscvm:lustre_mainline_native_956mu4a2.tar 1s
PUT /tmp/ktest_ml-miscvm:lustre_mainline_native_956mu4a2.tar 1s
PUT /tmp/ktest_ml-miscvm:lustre_mainline_native_956mu4a2.tar 1s
PUT /tmp/ktest_ml-miscvm:lustre_mainline_native_956mu4a2.tar 1s
PUT /tmp/ktest_ml-miscvm:lustre_mainline_native_956mu4a2.tar 1s
PUT /tmp/ktest_ml-miscvm:lustre_mainline_native_956mu4a2.tar 1s
PUT /tmp/ktest_ml-miscvm:lustre_mainline_native_956mu4a2.tar 1s
END ml-miscvm:boot run tests/fs/lustre/boot.ktest PASS 50s
END ml-miscvm:mgs-setup run tests/fs/lustre/mgs-setup.ktest PASS 59s
END ml-miscvm:sanity-3 run tests/fs/lustre/sanity/sanity-3.ktest PASS 87s
END ml-miscvm:sanity-1 run tests/fs/lustre/sanity/sanity-1.ktest PASS 89s
END ml-miscvm:sanity-2 run tests/fs/lustre/sanity/sanity-2.ktest PASS 90s
END ml-miscvm:sanity-4 run tests/fs/lustre/sanity/sanity-4.ktest PASS 92s
END ml-miscvm:llmount run tests/fs/lustre/llmount.ktest PASS 109s
END ml-miscvm:llog-unit run tests/fs/lustre/llog-unit.ktest FAIL 136s (exit code: 1)

============================================================
Final Results:
  checkpatch:checkpatch: PASS (13s) (log: /var/www/ci-lustre/upstream-patch-review/bc1b2e6141d70448289c0d7ea2ff2c9c3ce22428_checkpatch:checkpatch.log)
  u24:u24: PASS (38s) (log: /var/www/ci-lustre/upstream-patch-review/bc1b2e6141d70448289c0d7ea2ff2c9c3ce22428_u24:u24.log)
  al2023:al2023: PASS (45s) (log: /var/www/ci-lustre/upstream-patch-review/bc1b2e6141d70448289c0d7ea2ff2c9c3ce22428_al2023:al2023.log)
  ml-strict:lustre_mainline: FAIL (163s) (log: /var/www/ci-lustre/upstream-patch-review/bc1b2e6141d70448289c0d7ea2ff2c9c3ce22428_ml-strict:lustre_mainline.log)
  ml:lustre_mainline: PASS (178s) (log: /var/www/ci-lustre/upstream-patch-review/bc1b2e6141d70448289c0d7ea2ff2c9c3ce22428_ml:lustre_mainline.log)
  ml-miscvm:lustre_mainline_native: PASS (176s) (log: /var/www/ci-lustre/upstream-patch-review/bc1b2e6141d70448289c0d7ea2ff2c9c3ce22428_ml-miscvm:lustre_mainline_native.log)
  ml-miscvm:boot: PASS (50s) (log: /var/www/ci-lustre/upstream-patch-review/bc1b2e6141d70448289c0d7ea2ff2c9c3ce22428_ml-miscvm:boot.log)
  ml-miscvm:llmount: PASS (109s) (log: /var/www/ci-lustre/upstream-patch-review/bc1b2e6141d70448289c0d7ea2ff2c9c3ce22428_ml-miscvm:llmount.log)
  ml-miscvm:llog-unit: FAIL (136s) (log: /var/www/ci-lustre/upstream-patch-review/bc1b2e6141d70448289c0d7ea2ff2c9c3ce22428_ml-miscvm:llog-unit.log)
  ml-miscvm:mgs-setup: PASS (59s) (log: /var/www/ci-lustre/upstream-patch-review/bc1b2e6141d70448289c0d7ea2ff2c9c3ce22428_ml-miscvm:mgs-setup.log)
  ml-miscvm:sanity-1: PASS (89s) (log: /var/www/ci-lustre/upstream-patch-review/bc1b2e6141d70448289c0d7ea2ff2c9c3ce22428_ml-miscvm:sanity-1.log)
  ml-miscvm:sanity-2: PASS (90s) (log: /var/www/ci-lustre/upstream-patch-review/bc1b2e6141d70448289c0d7ea2ff2c9c3ce22428_ml-miscvm:sanity-2.log)
  ml-miscvm:sanity-3: PASS (87s) (log: /var/www/ci-lustre/upstream-patch-review/bc1b2e6141d70448289c0d7ea2ff2c9c3ce22428_ml-miscvm:sanity-3.log)
  ml-miscvm:sanity-4: PASS (92s) (log: /var/www/ci-lustre/upstream-patch-review/bc1b2e6141d70448289c0d7ea2ff2c9c3ce22428_ml-miscvm:sanity-4.log)

Total execution time: 343s

Packed 4730 logs from /var/www/ci-lustre/upstream-patch-review into /home/ktest/ktest/local-site/local_data.js
Open /home/ktest/ktest/local-site/index.html in a browser
