CLI: ./pk --podman-socket unix:///run/user/1000/podman/podman.sock --shared-filesystem /tmp --tarball-input job lustre-ci --output /var/www/ci-lustre/upstream-patch-review --git-hash bcce4f3af3fd4846eb4ef3d99e2e6f443f936684 --change-id 67213_bcce4f3af3fd4846eb4ef3d99e2e6f443f936684 --subject LU-20350 o2iblnd: skip auto bounce with relaxed ordering

Environment validated successfully
Note: custom LLVM is not synced in tarball input mode
Creating kernel tarball at /tmp/ktest-kernel.tar.gz...
Creating lustre tarball at /tmp/ktest-lustre.tar.gz...
Creating ZFS tarball at /tmp/ktest-zfs.tar.gz...
Executing 14 jobs
Jobs will start as soon as their dependencies are satisfied
Using tarball input mode

START ml-miscvm:lustre_mainline_native build tests/fs/lustre/boot.ktest
START ml-strict:lustre_mainline build tests/fs/lustre/boot-strict.ktest
START checkpatch:checkpatch tool checkpatch
START ml:lustre_mainline build tests/fs/lustre/boot.ktest
START al2023:al2023 build tests/fs/lustre/boot.ktest
START u24:u24 build tests/fs/lustre/boot.ktest
PUT /tmp/ktest-lustre.tar.gz 1s
PUT /tmp/ktest-lustre.tar.gz 1s
PUT /tmp/ktest-kernel.tar.gz 11s
PUT /tmp/ktest-kernel.tar.gz 11s
PUT /tmp/ktest-kernel.tar.gz 11s
PUT /tmp/ktest-kernel.tar.gz 11s
PUT /tmp/ktest-lustre.tar.gz 2s
PUT /tmp/ktest-lustre.tar.gz 1s
PUT /tmp/ktest-lustre.tar.gz 1s
PUT /tmp/ktest-lustre.tar.gz 1s
PUT /tmp/ktest-zfs.tar.gz 0s
PUT /tmp/ktest-zfs.tar.gz 0s
PUT /tmp/ktest-zfs.tar.gz 0s
END checkpatch:checkpatch tool checkpatch FAIL 15s (exit code: 1)
END u24:u24 build tests/fs/lustre/boot.ktest PASS 43s
END al2023:al2023 build tests/fs/lustre/boot.ktest PASS 48s
GET /tmp/ktest_ml:lustre_mainline_9wxqosw2.tar 0s
END ml:lustre_mainline build tests/fs/lustre/boot.ktest PASS 157s
GET /tmp/ktest_ml-strict:lustre_mainline_s98j1h1n.tar 6s
END ml-strict:lustre_mainline build tests/fs/lustre/boot-strict.ktest FAIL 162s (exit code: 1)
GET /tmp/ktest_ml-miscvm:lustre_mainline_native_s9xryaha.tar 0s
END ml-miscvm:lustre_mainline_native build tests/fs/lustre/boot.ktest PASS 173s
START ml-miscvm:boot run tests/fs/lustre/boot.ktest
START ml-miscvm:llmount run tests/fs/lustre/llmount.ktest
START ml-miscvm:llog-unit run tests/fs/lustre/llog-unit.ktest
START ml-miscvm:mgs-setup run tests/fs/lustre/mgs-setup.ktest
START ml-miscvm:sanity-1 run tests/fs/lustre/sanity/sanity-1.ktest
START ml-miscvm:sanity-2 run tests/fs/lustre/sanity/sanity-2.ktest
START ml-miscvm:sanity-3 run tests/fs/lustre/sanity/sanity-3.ktest
START ml-miscvm:sanity-4 run tests/fs/lustre/sanity/sanity-4.ktest
PUT /tmp/ktest-kernel.tar.gz 29s
PUT /tmp/ktest-kernel.tar.gz 29s
PUT /tmp/ktest-kernel.tar.gz 29s
PUT /tmp/ktest-kernel.tar.gz 29s
PUT /tmp/ktest-kernel.tar.gz 30s
PUT /tmp/ktest-kernel.tar.gz 29s
PUT /tmp/ktest-kernel.tar.gz 29s
PUT /tmp/ktest-kernel.tar.gz 30s
PUT /tmp/ktest-lustre.tar.gz 7s
PUT /tmp/ktest-lustre.tar.gz 7s
PUT /tmp/ktest-lustre.tar.gz 6s
PUT /tmp/ktest-lustre.tar.gz 7s
PUT /tmp/ktest-lustre.tar.gz 6s
PUT /tmp/ktest-lustre.tar.gz 6s
PUT /tmp/ktest-lustre.tar.gz 7s
PUT /tmp/ktest-lustre.tar.gz 7s
PUT /tmp/ktest_ml-miscvm:lustre_mainline_native_s9xryaha.tar 2s
PUT /tmp/ktest_ml-miscvm:lustre_mainline_native_s9xryaha.tar 2s
PUT /tmp/ktest_ml-miscvm:lustre_mainline_native_s9xryaha.tar 2s
PUT /tmp/ktest_ml-miscvm:lustre_mainline_native_s9xryaha.tar 2s
PUT /tmp/ktest_ml-miscvm:lustre_mainline_native_s9xryaha.tar 2s
PUT /tmp/ktest_ml-miscvm:lustre_mainline_native_s9xryaha.tar 2s
PUT /tmp/ktest_ml-miscvm:lustre_mainline_native_s9xryaha.tar 2s
PUT /tmp/ktest_ml-miscvm:lustre_mainline_native_s9xryaha.tar 2s
END ml-miscvm:boot run tests/fs/lustre/boot.ktest PASS 51s
END ml-miscvm:mgs-setup run tests/fs/lustre/mgs-setup.ktest PASS 63s
END ml-miscvm:sanity-2 run tests/fs/lustre/sanity/sanity-2.ktest PASS 89s
END ml-miscvm:sanity-1 run tests/fs/lustre/sanity/sanity-1.ktest PASS 90s
END ml-miscvm:sanity-4 run tests/fs/lustre/sanity/sanity-4.ktest PASS 92s
END ml-miscvm:sanity-3 run tests/fs/lustre/sanity/sanity-3.ktest PASS 93s
END ml-miscvm:llmount run tests/fs/lustre/llmount.ktest PASS 102s
END ml-miscvm:llog-unit run tests/fs/lustre/llog-unit.ktest FAIL 136s (exit code: 1)

============================================================
Final Results:
  checkpatch:checkpatch: FAIL (15s) (log: /var/www/ci-lustre/upstream-patch-review/bcce4f3af3fd4846eb4ef3d99e2e6f443f936684_checkpatch:checkpatch.log)
  u24:u24: PASS (43s) (log: /var/www/ci-lustre/upstream-patch-review/bcce4f3af3fd4846eb4ef3d99e2e6f443f936684_u24:u24.log)
  al2023:al2023: PASS (48s) (log: /var/www/ci-lustre/upstream-patch-review/bcce4f3af3fd4846eb4ef3d99e2e6f443f936684_al2023:al2023.log)
  ml-strict:lustre_mainline: FAIL (162s) (log: /var/www/ci-lustre/upstream-patch-review/bcce4f3af3fd4846eb4ef3d99e2e6f443f936684_ml-strict:lustre_mainline.log)
  ml:lustre_mainline: PASS (157s) (log: /var/www/ci-lustre/upstream-patch-review/bcce4f3af3fd4846eb4ef3d99e2e6f443f936684_ml:lustre_mainline.log)
  ml-miscvm:lustre_mainline_native: PASS (173s) (log: /var/www/ci-lustre/upstream-patch-review/bcce4f3af3fd4846eb4ef3d99e2e6f443f936684_ml-miscvm:lustre_mainline_native.log)
  ml-miscvm:boot: PASS (51s) (log: /var/www/ci-lustre/upstream-patch-review/bcce4f3af3fd4846eb4ef3d99e2e6f443f936684_ml-miscvm:boot.log)
  ml-miscvm:llmount: PASS (102s) (log: /var/www/ci-lustre/upstream-patch-review/bcce4f3af3fd4846eb4ef3d99e2e6f443f936684_ml-miscvm:llmount.log)
  ml-miscvm:llog-unit: FAIL (136s) (log: /var/www/ci-lustre/upstream-patch-review/bcce4f3af3fd4846eb4ef3d99e2e6f443f936684_ml-miscvm:llog-unit.log)
  ml-miscvm:mgs-setup: PASS (63s) (log: /var/www/ci-lustre/upstream-patch-review/bcce4f3af3fd4846eb4ef3d99e2e6f443f936684_ml-miscvm:mgs-setup.log)
  ml-miscvm:sanity-1: PASS (90s) (log: /var/www/ci-lustre/upstream-patch-review/bcce4f3af3fd4846eb4ef3d99e2e6f443f936684_ml-miscvm:sanity-1.log)
  ml-miscvm:sanity-2: PASS (89s) (log: /var/www/ci-lustre/upstream-patch-review/bcce4f3af3fd4846eb4ef3d99e2e6f443f936684_ml-miscvm:sanity-2.log)
  ml-miscvm:sanity-3: PASS (93s) (log: /var/www/ci-lustre/upstream-patch-review/bcce4f3af3fd4846eb4ef3d99e2e6f443f936684_ml-miscvm:sanity-3.log)
  ml-miscvm:sanity-4: PASS (92s) (log: /var/www/ci-lustre/upstream-patch-review/bcce4f3af3fd4846eb4ef3d99e2e6f443f936684_ml-miscvm:sanity-4.log)

Total execution time: 337s

Packed 9982 logs from /var/www/ci-lustre/upstream-patch-review into /home/ktest/ktest/local-site/local_data.js
Open /home/ktest/ktest/local-site/index.html in a browser
