CLI: ./pk --podman-socket unix:///run/podman/podman.sock --shared-filesystem /tmp --tarball-input job lustre-ci --output /var/www/ci-lustre/upstream-patch-review --git-hash bd8721307051d573ddad38c4c4483d7c1ff215e7 --change-id 66529_bd8721307051d573ddad38c4c4483d7c1ff215e7 --subject LU-19917 mgc: dynamic MGS nids discovery

Environment validated successfully
Note: custom LLVM is not synced in tarball input mode
Creating kernel tarball at /tmp/ktest-kernel.tar.gz...
Creating lustre tarball at /tmp/ktest-lustre.tar.gz...
Creating ZFS tarball at /tmp/ktest-zfs.tar.gz...
Executing 14 jobs
Jobs will start as soon as their dependencies are satisfied
Using tarball input mode

START u24:u24 build tests/fs/lustre/boot.ktest
START ml-strict:lustre_mainline build tests/fs/lustre/boot-strict.ktest
START al2023:al2023 build tests/fs/lustre/boot.ktest
START ml:lustre_mainline build tests/fs/lustre/boot.ktest
START ml-miscvm:lustre_mainline_native build tests/fs/lustre/boot.ktest
START checkpatch:checkpatch tool checkpatch
PUT /tmp/ktest-lustre.tar.gz 1s
PUT /tmp/ktest-lustre.tar.gz 1s
PUT /tmp/ktest-kernel.tar.gz 7s
PUT /tmp/ktest-kernel.tar.gz 7s
PUT /tmp/ktest-kernel.tar.gz 7s
PUT /tmp/ktest-kernel.tar.gz 7s
PUT /tmp/ktest-lustre.tar.gz 2s
PUT /tmp/ktest-lustre.tar.gz 1s
PUT /tmp/ktest-lustre.tar.gz 2s
PUT /tmp/ktest-lustre.tar.gz 2s
PUT /tmp/ktest-zfs.tar.gz 0s
PUT /tmp/ktest-zfs.tar.gz 0s
PUT /tmp/ktest-zfs.tar.gz 0s
END checkpatch:checkpatch tool checkpatch FAIL 12s (exit code: 1)
END u24:u24 build tests/fs/lustre/boot.ktest PASS 43s
END al2023:al2023 build tests/fs/lustre/boot.ktest PASS 45s
GET /tmp/ktest_ml-strict:lustre_mainline_yt6qwou_.tar 5s
GET /tmp/ktest_ml-miscvm:lustre_mainline_native_xrcwvsn3.tar 5s
GET /tmp/ktest_ml:lustre_mainline_u9ms456v.tar 4s
END ml-strict:lustre_mainline build tests/fs/lustre/boot-strict.ktest FAIL 135s (exit code: 1)
END ml:lustre_mainline build tests/fs/lustre/boot.ktest FAIL 136s (exit code: 1)
END ml-miscvm:lustre_mainline_native build tests/fs/lustre/boot.ktest FAIL 138s (exit code: 1)

============================================================
Final Results:
  checkpatch:checkpatch: FAIL (12s) (log: /var/www/ci-lustre/upstream-patch-review/bd8721307051d573ddad38c4c4483d7c1ff215e7_checkpatch:checkpatch.log)
  u24:u24: PASS (43s) (log: /var/www/ci-lustre/upstream-patch-review/bd8721307051d573ddad38c4c4483d7c1ff215e7_u24:u24.log)
  al2023:al2023: PASS (45s) (log: /var/www/ci-lustre/upstream-patch-review/bd8721307051d573ddad38c4c4483d7c1ff215e7_al2023:al2023.log)
  ml-strict:lustre_mainline: FAIL (135s) (log: /var/www/ci-lustre/upstream-patch-review/bd8721307051d573ddad38c4c4483d7c1ff215e7_ml-strict:lustre_mainline.log)
  ml:lustre_mainline: FAIL (136s) (log: /var/www/ci-lustre/upstream-patch-review/bd8721307051d573ddad38c4c4483d7c1ff215e7_ml:lustre_mainline.log)
  ml-miscvm:lustre_mainline_native: FAIL (138s) (log: /var/www/ci-lustre/upstream-patch-review/bd8721307051d573ddad38c4c4483d7c1ff215e7_ml-miscvm:lustre_mainline_native.log)
  ml-miscvm:boot: SKIPPED (due to dependency failure)
  ml-miscvm:llmount: SKIPPED (due to dependency failure)
  ml-miscvm:llog-unit: SKIPPED (due to dependency failure)
  ml-miscvm:mgs-setup: SKIPPED (due to dependency failure)
  ml-miscvm:sanity-1: SKIPPED (due to dependency failure)
  ml-miscvm:sanity-2: SKIPPED (due to dependency failure)
  ml-miscvm:sanity-3: SKIPPED (due to dependency failure)
  ml-miscvm:sanity-4: SKIPPED (due to dependency failure)

Total execution time: 166s

Packed 18786 logs from /var/www/ci-lustre/upstream-patch-review into /home/ktest/ktest/local-site/local_data.js
Open /home/ktest/ktest/local-site/index.html in a browser
