CLI: ./pk --podman-socket unix:///run/podman/podman.sock --shared-filesystem /tmp --tarball-input job lustre-ci --output /var/www/ci-lustre/upstream-patch-review --git-hash bdc4c18e3b4dfd452b5ba87e5ecc2c0393670cee --change-id 66083_bdc4c18e3b4dfd452b5ba87e5ecc2c0393670cee --subject LU-20221 lnet: fix panic in lnet_net_show_dump with >128 NIDs

Environment validated successfully
Note: custom LLVM is not synced in tarball input mode
Creating kernel tarball at /tmp/ktest-kernel.tar.gz...
Creating lustre tarball at /tmp/ktest-lustre.tar.gz...
Creating ZFS tarball at /tmp/ktest-zfs.tar.gz...
Executing 14 jobs
Jobs will start as soon as their dependencies are satisfied
Using tarball input mode

START al2023:al2023 build tests/fs/lustre/boot.ktest
START checkpatch:checkpatch tool checkpatch
START u24:u24 build tests/fs/lustre/boot.ktest
START ml-miscvm:lustre_mainline_native build tests/fs/lustre/boot.ktest
START ml-strict:lustre_mainline build tests/fs/lustre/boot-strict.ktest
START ml:lustre_mainline build tests/fs/lustre/boot.ktest
PUT /tmp/ktest-lustre.tar.gz 1s
PUT /tmp/ktest-lustre.tar.gz 1s
PUT /tmp/ktest-kernel.tar.gz 7s
PUT /tmp/ktest-kernel.tar.gz 7s
PUT /tmp/ktest-kernel.tar.gz 7s
PUT /tmp/ktest-kernel.tar.gz 7s
PUT /tmp/ktest-lustre.tar.gz 2s
PUT /tmp/ktest-lustre.tar.gz 1s
PUT /tmp/ktest-lustre.tar.gz 1s
PUT /tmp/ktest-lustre.tar.gz 1s
PUT /tmp/ktest-zfs.tar.gz 0s
PUT /tmp/ktest-zfs.tar.gz 0s
PUT /tmp/ktest-zfs.tar.gz 0s
END checkpatch:checkpatch tool checkpatch PASS 11s
END u24:u24 build tests/fs/lustre/boot.ktest PASS 38s
END al2023:al2023 build tests/fs/lustre/boot.ktest PASS 44s
GET /tmp/ktest_ml-strict:lustre_mainline_vqf5gi7z.tar 4s
END ml-strict:lustre_mainline build tests/fs/lustre/boot-strict.ktest FAIL 148s (exit code: 1)
GET /tmp/ktest_ml:lustre_mainline_6ftbny2j.tar 2s
GET /tmp/ktest_ml-miscvm:lustre_mainline_native_cln9r8n1.tar 1s
END ml:lustre_mainline build tests/fs/lustre/boot.ktest PASS 149s
END ml-miscvm:lustre_mainline_native build tests/fs/lustre/boot.ktest PASS 150s
START ml-miscvm:boot run tests/fs/lustre/boot.ktest
START ml-miscvm:llmount run tests/fs/lustre/llmount.ktest
START ml-miscvm:llog-unit run tests/fs/lustre/llog-unit.ktest
START ml-miscvm:mgs-setup run tests/fs/lustre/mgs-setup.ktest
START ml-miscvm:sanity-1 run tests/fs/lustre/sanity/sanity-1.ktest
START ml-miscvm:sanity-2 run tests/fs/lustre/sanity/sanity-2.ktest
START ml-miscvm:sanity-3 run tests/fs/lustre/sanity/sanity-3.ktest
START ml-miscvm:sanity-4 run tests/fs/lustre/sanity/sanity-4.ktest
PUT /tmp/ktest-kernel.tar.gz 13s
PUT /tmp/ktest-kernel.tar.gz 13s
PUT /tmp/ktest-kernel.tar.gz 13s
PUT /tmp/ktest-kernel.tar.gz 13s
PUT /tmp/ktest-kernel.tar.gz 13s
PUT /tmp/ktest-kernel.tar.gz 13s
PUT /tmp/ktest-kernel.tar.gz 13s
PUT /tmp/ktest-kernel.tar.gz 14s
PUT /tmp/ktest-lustre.tar.gz 3s
PUT /tmp/ktest-lustre.tar.gz 3s
PUT /tmp/ktest-lustre.tar.gz 3s
PUT /tmp/ktest-lustre.tar.gz 3s
PUT /tmp/ktest-lustre.tar.gz 3s
PUT /tmp/ktest-lustre.tar.gz 3s
PUT /tmp/ktest-lustre.tar.gz 2s
PUT /tmp/ktest-lustre.tar.gz 2s
PUT /tmp/ktest_ml-miscvm:lustre_mainline_native_cln9r8n1.tar 0s
PUT /tmp/ktest_ml-miscvm:lustre_mainline_native_cln9r8n1.tar 0s
PUT /tmp/ktest_ml-miscvm:lustre_mainline_native_cln9r8n1.tar 0s
PUT /tmp/ktest_ml-miscvm:lustre_mainline_native_cln9r8n1.tar 0s
PUT /tmp/ktest_ml-miscvm:lustre_mainline_native_cln9r8n1.tar 0s
PUT /tmp/ktest_ml-miscvm:lustre_mainline_native_cln9r8n1.tar 0s
PUT /tmp/ktest_ml-miscvm:lustre_mainline_native_cln9r8n1.tar 0s
PUT /tmp/ktest_ml-miscvm:lustre_mainline_native_cln9r8n1.tar 0s
END ml-miscvm:boot run tests/fs/lustre/boot.ktest PASS 28s
END ml-miscvm:mgs-setup run tests/fs/lustre/mgs-setup.ktest PASS 38s
END ml-miscvm:sanity-2 run tests/fs/lustre/sanity/sanity-2.ktest PASS 64s
END ml-miscvm:sanity-4 run tests/fs/lustre/sanity/sanity-4.ktest PASS 78s
END ml-miscvm:sanity-1 run tests/fs/lustre/sanity/sanity-1.ktest PASS 80s
END ml-miscvm:sanity-3 run tests/fs/lustre/sanity/sanity-3.ktest PASS 81s
END ml-miscvm:llmount run tests/fs/lustre/llmount.ktest PASS 88s
END ml-miscvm:llog-unit run tests/fs/lustre/llog-unit.ktest FAIL 114s (exit code: 1)

============================================================
Final Results:
  checkpatch:checkpatch: PASS (11s) (log: /var/www/ci-lustre/upstream-patch-review/bdc4c18e3b4dfd452b5ba87e5ecc2c0393670cee_checkpatch:checkpatch.log)
  u24:u24: PASS (38s) (log: /var/www/ci-lustre/upstream-patch-review/bdc4c18e3b4dfd452b5ba87e5ecc2c0393670cee_u24:u24.log)
  al2023:al2023: PASS (44s) (log: /var/www/ci-lustre/upstream-patch-review/bdc4c18e3b4dfd452b5ba87e5ecc2c0393670cee_al2023:al2023.log)
  ml-strict:lustre_mainline: FAIL (148s) (log: /var/www/ci-lustre/upstream-patch-review/bdc4c18e3b4dfd452b5ba87e5ecc2c0393670cee_ml-strict:lustre_mainline.log)
  ml:lustre_mainline: PASS (149s) (log: /var/www/ci-lustre/upstream-patch-review/bdc4c18e3b4dfd452b5ba87e5ecc2c0393670cee_ml:lustre_mainline.log)
  ml-miscvm:lustre_mainline_native: PASS (150s) (log: /var/www/ci-lustre/upstream-patch-review/bdc4c18e3b4dfd452b5ba87e5ecc2c0393670cee_ml-miscvm:lustre_mainline_native.log)
  ml-miscvm:boot: PASS (28s) (log: /var/www/ci-lustre/upstream-patch-review/bdc4c18e3b4dfd452b5ba87e5ecc2c0393670cee_ml-miscvm:boot.log)
  ml-miscvm:llmount: PASS (88s) (log: /var/www/ci-lustre/upstream-patch-review/bdc4c18e3b4dfd452b5ba87e5ecc2c0393670cee_ml-miscvm:llmount.log)
  ml-miscvm:llog-unit: FAIL (114s) (log: /var/www/ci-lustre/upstream-patch-review/bdc4c18e3b4dfd452b5ba87e5ecc2c0393670cee_ml-miscvm:llog-unit.log)
  ml-miscvm:mgs-setup: PASS (38s) (log: /var/www/ci-lustre/upstream-patch-review/bdc4c18e3b4dfd452b5ba87e5ecc2c0393670cee_ml-miscvm:mgs-setup.log)
  ml-miscvm:sanity-1: PASS (80s) (log: /var/www/ci-lustre/upstream-patch-review/bdc4c18e3b4dfd452b5ba87e5ecc2c0393670cee_ml-miscvm:sanity-1.log)
  ml-miscvm:sanity-2: PASS (64s) (log: /var/www/ci-lustre/upstream-patch-review/bdc4c18e3b4dfd452b5ba87e5ecc2c0393670cee_ml-miscvm:sanity-2.log)
  ml-miscvm:sanity-3: PASS (81s) (log: /var/www/ci-lustre/upstream-patch-review/bdc4c18e3b4dfd452b5ba87e5ecc2c0393670cee_ml-miscvm:sanity-3.log)
  ml-miscvm:sanity-4: PASS (78s) (log: /var/www/ci-lustre/upstream-patch-review/bdc4c18e3b4dfd452b5ba87e5ecc2c0393670cee_ml-miscvm:sanity-4.log)

Total execution time: 293s

Packed 12696 logs from /var/www/ci-lustre/upstream-patch-review into /home/ktest/ktest/local-site/local_data.js
Open /home/ktest/ktest/local-site/index.html in a browser
