00004 
00013 RDSEED32 is broken. Disabling the corresponding CPUID bit.
00017 init: failed to load nvme_core
00017 init: failed to load nvme
00017 init: failed to load zfs
00018 LNetError: 1:0:(lib-socket.c:619:lnet_inet_enumerate()) lnet: Can't find any usable interfaces, rc = -ENOENT
00018 LNetError: Error -100 starting up LNI tcp
00019 LustreError: 1:0:(events.c:627:ptlrpc_init_portals()) network initialisation failed: rc = -100
00019 init: finit_module /lib/modules/7.0.0-ktest-be31f99-6330a45-20260727-dirty/updates/ptlrpc.ko: Network is down
00019 init: failed to load lustre
00019 init: failed to load osd_zfs
00019 init: failed to load iwlwifi
00019 init: failed to load iwlmvm
00019 init: failed to load mt7921e
00019 init: failed to load i915
00019 init: failed to load nouveau
00032 tlp: vm.laptop_mode is deprecated. Ignoring setting.
00032 Kernel version: 7.0.0-ktest-be31f99-6330a45-20260727-dirty
00032 hook init_noop
00033 
00033 Running tests mgs-setup
00033 
00033 ========= TEST   mgs-setup
00033 /host/home/ktest/git/lustre-release/lustre/tests/test-framework.sh: line 6934: cd: HOME not set
00034 /host/home/ktest/git/lustre-release/lustre/tests/test-framework.sh: line 6934: cd: HOME not set
00034 /host/home/ktest/git/lustre-release/lustre/tests/test-framework.sh: line 6934: cd: HOME not set
00037 MGS_OS_VERSION_ID=24.04
00037 MGS_OS_ID=ubuntu
00037 MGS_OS_VERSION_CODE=402915328
00037 MGS_OS_ID_LIKE=debian ubuntu
00037 MDS1_OS_ID=ubuntu
00037 MDS1_OS_VERSION_CODE=402915328
00037 MDS1_OS_ID_LIKE=debian ubuntu
00037 MDS1_OS_VERSION_ID=24.04
00037 OST1_OS_VERSION_ID=24.04
00037 OST1_OS_VERSION_CODE=402915328
00037 OST1_OS_ID=ubuntu
00037 OST1_OS_ID_LIKE=debian ubuntu
00037 CLIENT_OS_VERSION_ID=24.04
00037 CLIENT_OS_ID_LIKE=debian ubuntu
00037 CLIENT_OS_ID=ubuntu
00037 CLIENT_OS_VERSION_CODE=402915328
00038 Loading modules from /host/home/ktest/git/lustre-release/lustre
00038 detected 16 online CPUs by sysfs
00038 MODOPTS_LIBCFS=
00038 libcfs will create CPU partition based on online CPUs
00039 LNet: Added LNI 10.0.2.15@tcp [8/256/0/180]
00039 gss/krb5 is not supported
00040 Lustre: Echo OBD driver; http://www.lustre.org/
00040 
00040 
00045 
00045 
00045 
00045 Lustre: server umount MGS0000 complete
00045 
00045 Removed directory: /mnt/lustre-6iqDhY-MGS0000
00045 
00045 ========= PASSED mgs-setup in 13s
00045 
00045 Passed: mgs-setup
00045 Failed: 
00045 NOTICE: Automounting of tracing to debugfs is deprecated and will be removed in 2030
00045 Kernel version: 7.0.0-ktest-be31f99-6330a45-20260727-dirty
00045 TEST SUCCESS
