00004 
00013 RDSEED32 is broken. Disabling the corresponding CPUID bit.
00018 init: failed to load nvme_core
00018 init: failed to load nvme
00018 init: failed to load zfs
00019 LNetError: 1:0:(lib-socket.c:619:lnet_inet_enumerate()) lnet: Can't find any usable interfaces, rc = -ENOENT
00019 LNetError: Error -100 starting up LNI tcp
00020 init: failed to load osd_zfs
00020 init: failed to load iwlwifi
00020 init: failed to load iwlmvm
00020 init: failed to load mt7921e
00020 init: failed to load i915
00020 init: failed to load nouveau
00034 tlp: vm.laptop_mode is deprecated. Ignoring setting.
00034 Kernel version: 7.0.0-ktest-bed296e-6330a45-20260727-dirty
00035 hook init_noop
00035 
00035 Running tests mgs-setup
00035 
00035 ========= TEST   mgs-setup
00035 /host/home/ktest/git/lustre-release/lustre/tests/test-framework.sh: line 6969: cd: HOME not set
00035 /host/home/ktest/git/lustre-release/lustre/tests/test-framework.sh: line 6969: cd: HOME not set
00036 /host/home/ktest/git/lustre-release/lustre/tests/test-framework.sh: line 6969: cd: HOME not set
00038 MGS_OS_VERSION_ID=24.04
00038 MGS_OS_ID=ubuntu
00038 MGS_OS_VERSION_CODE=402915328
00038 MGS_OS_ID_LIKE=debian ubuntu
00038 MDS1_OS_ID=ubuntu
00038 MDS1_OS_VERSION_CODE=402915328
00038 MDS1_OS_ID_LIKE=debian ubuntu
00038 MDS1_OS_VERSION_ID=24.04
00038 OST1_OS_VERSION_ID=24.04
00038 OST1_OS_VERSION_CODE=402915328
00038 OST1_OS_ID=ubuntu
00038 OST1_OS_ID_LIKE=debian ubuntu
00038 CLIENT_OS_VERSION_ID=24.04
00038 CLIENT_OS_ID_LIKE=debian ubuntu
00038 CLIENT_OS_ID=ubuntu
00038 CLIENT_OS_VERSION_CODE=402915328
00038 Loading modules from /host/home/ktest/git/lustre-release/lustre
00039 detected 16 online CPUs by sysfs
00039 MODOPTS_LIBCFS=
00039 libcfs will create CPU partition based on online CPUs
00039 gss/krb5 is not supported
00039 Lustre: Echo OBD driver; http://www.lustre.org/
00040 
00040 
00045 
00045 
00045 
00045 Lustre: server umount MGS0000 complete
00045 
00045 Removed directory: /mnt/lustre-Vt5QyM-MGS0000
00045 
00045 ========= PASSED mgs-setup in 11s
00045 
00045 Passed: mgs-setup
00045 Failed: 
00045 NOTICE: Automounting of tracing to debugfs is deprecated and will be removed in 2030
00045 Kernel version: 7.0.0-ktest-bed296e-6330a45-20260727-dirty
00045 TEST SUCCESS
