00004 
00014 RDSEED32 is broken. Disabling the corresponding CPUID bit.
00018 init: failed to load nvme_core
00018 init: failed to load nvme
00018 init: failed to load zfs
00020 LNetError: 1:0:(lib-socket.c:619:lnet_inet_enumerate()) lnet: Can't find any usable interfaces, rc = -ENOENT
00020 LNetError: Error -100 starting up LNI tcp
00020 init: failed to load osd_zfs
00020 init: failed to load iwlwifi
00020 init: failed to load iwlmvm
00020 init: failed to load mt7921e
00020 init: failed to load i915
00020 init: failed to load nouveau
00034 tlp: vm.laptop_mode is deprecated. Ignoring setting.
00035 Kernel version: 7.0.0-ktest-bed296e-6330a45-20260727-dirty
00035 hook init_noop
00035 
00035 Running tests llmount
00035 
00035 ========= TEST   llmount
00040 SETUP LUSTRE ... Lustre: Echo OBD driver; http://www.lustre.org/
00040 Lustre: 1846:0:(mdt_handler.c:64:mdt_max_mod_rpcs_per_client_set()) max_mod_rpcs_per_client is deprecated, set mdt.*.max_mod_rpcs_in_flight parameter instead
00041 Lustre: ctl-lustre-MDT0000: No data found on store. Initialize space.
00041 Lustre: lustre-MDT0000: new disk, initializing
00041 Lustre: lustre-MDT0000: Imperative Recovery not enabled, recovery window 300-900
00041 Lustre: ctl-lustre-MDT0000: super-sequence allocation rc = 0 [0x0000000200000400-0x0000000240000400]:0:mdt
00041 Lustre: cli-ctl-lustre-MDT0001: Allocated super-sequence [0x0000000240000400-0x0000000280000400]:1:mdt]
00041 Lustre: lustre-OST0000: new disk, initializing
00041 Lustre: Skipped 1 previous similar message
00041 Lustre: srv-lustre-OST0000: No data found on store. Initialize space.
00041 Lustre: Skipped 2 previous similar messages
00041 Lustre: lustre-OST0000: Imperative Recovery not enabled, recovery window 300-900
00041 Lustre: Skipped 1 previous similar message
00046 Lustre: ctl-lustre-MDT0000: super-sequence allocation rc = 0 [0x0000000280000400-0x00000002c0000400]:0:ost
00046 Lustre: Skipped 1 previous similar message
00046 Lustre: cli-lustre-OST0000-super: Allocated super-sequence [0x0000000280000400-0x00000002c0000400]:0:ost]
00046 Lustre: lustre-OST0000-osc-MDT0000: update sequence from 0x100000000 to 0x280000401
00046 Lustre: lustre-OST0001-osc-MDT0000: update sequence from 0x100010000 to 0x2c0000401
00067 Lustre: lustre-MDT0000: local client 5f973743-5269-41d0-b56d-09b394e9edf0 w/o recovery
00067 Lustre: Skipped 1 previous similar message
00067 Lustre: client wants to enable acl, but mdt not!
00067 Lustre: Mounted lustre-client
00067 lustre-ktest (1826) used greatest stack depth: 23664 bytes left
00067 33s
00077 CLEANUP LUSTRE ... Lustre: Unmounted lustre-client
00077 Lustre: server umount lustre-OST0000 complete
00077 Lustre: server umount lustre-OST0001 complete
00081 LustreError: lustre-MDT0001-osp-MDT0000: operation mds_statfs to node 0@lo failed: rc = -107
00081 Lustre: lustre-MDT0001-osp-MDT0000: Connection to lustre-MDT0001 (at 0@lo) was lost; in progress operations using this service will wait for recovery to complete
00081 Lustre: lustre-MDT0001: Not available for connect from 0@lo (stopping)
00087 Lustre: server umount lustre-MDT0001 complete
00097 Lustre: server umount lustre-MDT0000 complete
00097 20s
00097 
00098 ========= PASSED llmount in 63s
00098 
00098 Passed: llmount
00098 Failed: 
00098 NOTICE: Automounting of tracing to debugfs is deprecated and will be removed in 2030
00098 Kernel version: 7.0.0-ktest-bed296e-6330a45-20260727-dirty
00098 TEST SUCCESS
