CLI: ./pk --podman-socket unix:///run/podman/podman.sock --shared-filesystem /tmp --tarball-input job lustre-ci --output /var/www/ci-lustre/upstream-patch-review --git-hash bf4a2d699deb6b0f2b45774d82a3a441c102ae26 --change-id 68114_bf4a2d699deb6b0f2b45774d82a3a441c102ae26 --subject LU-0000 tests: sanity-ec sanity check

Environment validated successfully
Note: custom LLVM is not synced in tarball input mode
Creating kernel tarball at /tmp/ktest-kernel.tar.gz...
Creating lustre tarball at /tmp/ktest-lustre.tar.gz...
Creating ZFS tarball at /tmp/ktest-zfs.tar.gz...
Executing 14 jobs
Jobs will start as soon as their dependencies are satisfied
Using tarball input mode

START checkpatch:checkpatch tool checkpatch
START ml:lustre_mainline build tests/fs/lustre/boot.ktest
START ml-miscvm:lustre_mainline_native build tests/fs/lustre/boot.ktest
START u24:u24 build tests/fs/lustre/boot.ktest
START ml-strict:lustre_mainline build tests/fs/lustre/boot-strict.ktest
START al2023:al2023 build tests/fs/lustre/boot.ktest
PUT /tmp/ktest-lustre.tar.gz 1s
PUT /tmp/ktest-lustre.tar.gz 2s
PUT /tmp/ktest-kernel.tar.gz 6s
PUT /tmp/ktest-kernel.tar.gz 6s
PUT /tmp/ktest-kernel.tar.gz 6s
PUT /tmp/ktest-kernel.tar.gz 7s
PUT /tmp/ktest-lustre.tar.gz 1s
PUT /tmp/ktest-lustre.tar.gz 1s
PUT /tmp/ktest-lustre.tar.gz 1s
PUT /tmp/ktest-lustre.tar.gz 2s
PUT /tmp/ktest-zfs.tar.gz 0s
PUT /tmp/ktest-zfs.tar.gz 0s
PUT /tmp/ktest-zfs.tar.gz 0s
END checkpatch:checkpatch tool checkpatch PASS 10s
END u24:u24 build tests/fs/lustre/boot.ktest PASS 36s
END al2023:al2023 build tests/fs/lustre/boot.ktest PASS 45s
GET /tmp/ktest_ml-miscvm:lustre_mainline_native_m72f10cp.tar 0s
END ml-miscvm:lustre_mainline_native build tests/fs/lustre/boot.ktest PASS 138s
START ml-miscvm:boot run tests/fs/lustre/boot.ktest
START ml-miscvm:llmount run tests/fs/lustre/llmount.ktest
START ml-miscvm:llog-unit run tests/fs/lustre/llog-unit.ktest
START ml-miscvm:mgs-setup run tests/fs/lustre/mgs-setup.ktest
START ml-miscvm:sanity-1 run tests/fs/lustre/sanity/sanity-1.ktest
START ml-miscvm:sanity-2 run tests/fs/lustre/sanity/sanity-2.ktest
START ml-miscvm:sanity-3 run tests/fs/lustre/sanity/sanity-3.ktest
START ml-miscvm:sanity-4 run tests/fs/lustre/sanity/sanity-4.ktest
GET /tmp/ktest_ml-strict:lustre_mainline_1wr04a5_.tar 11s
PUT /tmp/ktest-kernel.tar.gz 13s
PUT /tmp/ktest-kernel.tar.gz 16s
PUT /tmp/ktest-kernel.tar.gz 16s
END ml-strict:lustre_mainline build tests/fs/lustre/boot-strict.ktest FAIL 157s (exit code: 1)
PUT /tmp/ktest-kernel.tar.gz 17s
PUT /tmp/ktest-kernel.tar.gz 17s
PUT /tmp/ktest-kernel.tar.gz 18s
PUT /tmp/ktest-kernel.tar.gz 18s
GET /tmp/ktest_ml:lustre_mainline_s39h9nq1.tar 15s
PUT /tmp/ktest-kernel.tar.gz 18s
END ml:lustre_mainline build tests/fs/lustre/boot.ktest PASS 159s
PUT /tmp/ktest-lustre.tar.gz 6s
PUT /tmp/ktest-lustre.tar.gz 4s
PUT /tmp/ktest-lustre.tar.gz 6s
PUT /tmp/ktest-lustre.tar.gz 9s
PUT /tmp/ktest-lustre.tar.gz 4s
PUT /tmp/ktest-lustre.tar.gz 4s
PUT /tmp/ktest-lustre.tar.gz 4s
PUT /tmp/ktest-lustre.tar.gz 4s
PUT /tmp/ktest_ml-miscvm:lustre_mainline_native_m72f10cp.tar 0s
PUT /tmp/ktest_ml-miscvm:lustre_mainline_native_m72f10cp.tar 0s
PUT /tmp/ktest_ml-miscvm:lustre_mainline_native_m72f10cp.tar 0s
PUT /tmp/ktest_ml-miscvm:lustre_mainline_native_m72f10cp.tar 0s
PUT /tmp/ktest_ml-miscvm:lustre_mainline_native_m72f10cp.tar 0s
PUT /tmp/ktest_ml-miscvm:lustre_mainline_native_m72f10cp.tar 0s
PUT /tmp/ktest_ml-miscvm:lustre_mainline_native_m72f10cp.tar 0s
PUT /tmp/ktest_ml-miscvm:lustre_mainline_native_m72f10cp.tar 0s
END ml-miscvm:boot run tests/fs/lustre/boot.ktest PASS 34s
END ml-miscvm:mgs-setup run tests/fs/lustre/mgs-setup.ktest PASS 45s
END ml-miscvm:sanity-3 run tests/fs/lustre/sanity/sanity-3.ktest PASS 73s
END ml-miscvm:llmount run tests/fs/lustre/llmount.ktest PASS 83s
END ml-miscvm:sanity-1 run tests/fs/lustre/sanity/sanity-1.ktest PASS 85s
END ml-miscvm:sanity-2 run tests/fs/lustre/sanity/sanity-2.ktest PASS 86s
END ml-miscvm:sanity-4 run tests/fs/lustre/sanity/sanity-4.ktest PASS 87s
END ml-miscvm:llog-unit run tests/fs/lustre/llog-unit.ktest FAIL 121s (exit code: 1)

============================================================
Final Results:
  checkpatch:checkpatch: PASS (10s) (log: /var/www/ci-lustre/upstream-patch-review/bf4a2d699deb6b0f2b45774d82a3a441c102ae26_checkpatch:checkpatch.log)
  u24:u24: PASS (36s) (log: /var/www/ci-lustre/upstream-patch-review/bf4a2d699deb6b0f2b45774d82a3a441c102ae26_u24:u24.log)
  al2023:al2023: PASS (45s) (log: /var/www/ci-lustre/upstream-patch-review/bf4a2d699deb6b0f2b45774d82a3a441c102ae26_al2023:al2023.log)
  ml-strict:lustre_mainline: FAIL (157s) (log: /var/www/ci-lustre/upstream-patch-review/bf4a2d699deb6b0f2b45774d82a3a441c102ae26_ml-strict:lustre_mainline.log)
  ml:lustre_mainline: PASS (159s) (log: /var/www/ci-lustre/upstream-patch-review/bf4a2d699deb6b0f2b45774d82a3a441c102ae26_ml:lustre_mainline.log)
  ml-miscvm:lustre_mainline_native: PASS (138s) (log: /var/www/ci-lustre/upstream-patch-review/bf4a2d699deb6b0f2b45774d82a3a441c102ae26_ml-miscvm:lustre_mainline_native.log)
  ml-miscvm:boot: PASS (34s) (log: /var/www/ci-lustre/upstream-patch-review/bf4a2d699deb6b0f2b45774d82a3a441c102ae26_ml-miscvm:boot.log)
  ml-miscvm:llmount: PASS (83s) (log: /var/www/ci-lustre/upstream-patch-review/bf4a2d699deb6b0f2b45774d82a3a441c102ae26_ml-miscvm:llmount.log)
  ml-miscvm:llog-unit: FAIL (121s) (log: /var/www/ci-lustre/upstream-patch-review/bf4a2d699deb6b0f2b45774d82a3a441c102ae26_ml-miscvm:llog-unit.log)
  ml-miscvm:mgs-setup: PASS (45s) (log: /var/www/ci-lustre/upstream-patch-review/bf4a2d699deb6b0f2b45774d82a3a441c102ae26_ml-miscvm:mgs-setup.log)
  ml-miscvm:sanity-1: PASS (85s) (log: /var/www/ci-lustre/upstream-patch-review/bf4a2d699deb6b0f2b45774d82a3a441c102ae26_ml-miscvm:sanity-1.log)
  ml-miscvm:sanity-2: PASS (86s) (log: /var/www/ci-lustre/upstream-patch-review/bf4a2d699deb6b0f2b45774d82a3a441c102ae26_ml-miscvm:sanity-2.log)
  ml-miscvm:sanity-3: PASS (73s) (log: /var/www/ci-lustre/upstream-patch-review/bf4a2d699deb6b0f2b45774d82a3a441c102ae26_ml-miscvm:sanity-3.log)
  ml-miscvm:sanity-4: PASS (87s) (log: /var/www/ci-lustre/upstream-patch-review/bf4a2d699deb6b0f2b45774d82a3a441c102ae26_ml-miscvm:sanity-4.log)

Total execution time: 291s

Packed 9103 logs from /var/www/ci-lustre/upstream-patch-review into /home/ktest/ktest/local-site/local_data.js
Open /home/ktest/ktest/local-site/index.html in a browser
