CLI: ./pk --podman-socket unix:///run/podman/podman.sock --shared-filesystem /tmp --tarball-input job lustre-ci --output /var/www/ci-lustre/upstream-patch-review --git-hash bffbd52d0a4d9797cf112d3c8f4c052b1c341a3a --change-id 66199_bffbd52d0a4d9797cf112d3c8f4c052b1c341a3a --subject LU-20310 osd-ldiskfs: fix remaining checkpatch.pl warnings

Environment validated successfully
Note: custom LLVM is not synced in tarball input mode
Creating kernel tarball at /tmp/ktest-kernel.tar.gz...
Creating lustre tarball at /tmp/ktest-lustre.tar.gz...
Creating ZFS tarball at /tmp/ktest-zfs.tar.gz...
Executing 14 jobs
Jobs will start as soon as their dependencies are satisfied
Using tarball input mode

START al2023:al2023 build tests/fs/lustre/boot.ktest
START u24:u24 build tests/fs/lustre/boot.ktest
START ml:lustre_mainline build tests/fs/lustre/boot.ktest
START checkpatch:checkpatch tool checkpatch
START ml-strict:lustre_mainline build tests/fs/lustre/boot-strict.ktest
START ml-miscvm:lustre_mainline_native build tests/fs/lustre/boot.ktest
PUT /tmp/ktest-lustre.tar.gz 1s
PUT /tmp/ktest-lustre.tar.gz 1s
PUT /tmp/ktest-kernel.tar.gz 7s
PUT /tmp/ktest-kernel.tar.gz 7s
PUT /tmp/ktest-kernel.tar.gz 7s
PUT /tmp/ktest-kernel.tar.gz 7s
PUT /tmp/ktest-lustre.tar.gz 3s
PUT /tmp/ktest-lustre.tar.gz 4s
PUT /tmp/ktest-lustre.tar.gz 4s
PUT /tmp/ktest-lustre.tar.gz 3s
PUT /tmp/ktest-zfs.tar.gz 0s
PUT /tmp/ktest-zfs.tar.gz 0s
PUT /tmp/ktest-zfs.tar.gz 0s
END checkpatch:checkpatch tool checkpatch FAIL 15s (exit code: 1)
END u24:u24 build tests/fs/lustre/boot.ktest PASS 42s
END al2023:al2023 build tests/fs/lustre/boot.ktest PASS 47s
GET /tmp/ktest_ml-strict:lustre_mainline_2v6wfihf.tar 10s
END ml-strict:lustre_mainline build tests/fs/lustre/boot-strict.ktest FAIL 166s (exit code: 1)
GET /tmp/ktest_ml-miscvm:lustre_mainline_native_vaq6nb8m.tar 0s
GET /tmp/ktest_ml:lustre_mainline_87af63u5.tar 0s
END ml-miscvm:lustre_mainline_native build tests/fs/lustre/boot.ktest PASS 179s
START ml-miscvm:boot run tests/fs/lustre/boot.ktest
START ml-miscvm:llmount run tests/fs/lustre/llmount.ktest
START ml-miscvm:llog-unit run tests/fs/lustre/llog-unit.ktest
START ml-miscvm:mgs-setup run tests/fs/lustre/mgs-setup.ktest
START ml-miscvm:sanity-1 run tests/fs/lustre/sanity/sanity-1.ktest
START ml-miscvm:sanity-2 run tests/fs/lustre/sanity/sanity-2.ktest
START ml-miscvm:sanity-3 run tests/fs/lustre/sanity/sanity-3.ktest
START ml-miscvm:sanity-4 run tests/fs/lustre/sanity/sanity-4.ktest
END ml:lustre_mainline build tests/fs/lustre/boot.ktest PASS 181s
PUT /tmp/ktest-kernel.tar.gz 31s
PUT /tmp/ktest-kernel.tar.gz 30s
PUT /tmp/ktest-kernel.tar.gz 30s
PUT /tmp/ktest-kernel.tar.gz 30s
PUT /tmp/ktest-kernel.tar.gz 31s
PUT /tmp/ktest-kernel.tar.gz 31s
PUT /tmp/ktest-kernel.tar.gz 31s
PUT /tmp/ktest-kernel.tar.gz 31s
PUT /tmp/ktest-lustre.tar.gz 9s
PUT /tmp/ktest-lustre.tar.gz 10s
PUT /tmp/ktest-lustre.tar.gz 9s
PUT /tmp/ktest-lustre.tar.gz 9s
PUT /tmp/ktest-lustre.tar.gz 10s
PUT /tmp/ktest-lustre.tar.gz 9s
PUT /tmp/ktest-lustre.tar.gz 9s
PUT /tmp/ktest-lustre.tar.gz 9s
PUT /tmp/ktest_ml-miscvm:lustre_mainline_native_vaq6nb8m.tar 0s
PUT /tmp/ktest_ml-miscvm:lustre_mainline_native_vaq6nb8m.tar 0s
PUT /tmp/ktest_ml-miscvm:lustre_mainline_native_vaq6nb8m.tar 0s
PUT /tmp/ktest_ml-miscvm:lustre_mainline_native_vaq6nb8m.tar 0s
PUT /tmp/ktest_ml-miscvm:lustre_mainline_native_vaq6nb8m.tar 0s
PUT /tmp/ktest_ml-miscvm:lustre_mainline_native_vaq6nb8m.tar 0s
PUT /tmp/ktest_ml-miscvm:lustre_mainline_native_vaq6nb8m.tar 0s
PUT /tmp/ktest_ml-miscvm:lustre_mainline_native_vaq6nb8m.tar 0s
END ml-miscvm:boot run tests/fs/lustre/boot.ktest PASS 53s
END ml-miscvm:mgs-setup run tests/fs/lustre/mgs-setup.ktest PASS 63s
END ml-miscvm:sanity-2 run tests/fs/lustre/sanity/sanity-2.ktest PASS 91s
END ml-miscvm:sanity-4 run tests/fs/lustre/sanity/sanity-4.ktest PASS 92s
END ml-miscvm:sanity-3 run tests/fs/lustre/sanity/sanity-3.ktest PASS 94s
END ml-miscvm:llmount run tests/fs/lustre/llmount.ktest PASS 101s
END ml-miscvm:sanity-1 run tests/fs/lustre/sanity/sanity-1.ktest PASS 104s
END ml-miscvm:llog-unit run tests/fs/lustre/llog-unit.ktest FAIL 139s (exit code: 1)

============================================================
Final Results:
  checkpatch:checkpatch: FAIL (15s) (log: /var/www/ci-lustre/upstream-patch-review/bffbd52d0a4d9797cf112d3c8f4c052b1c341a3a_checkpatch:checkpatch.log)
  u24:u24: PASS (42s) (log: /var/www/ci-lustre/upstream-patch-review/bffbd52d0a4d9797cf112d3c8f4c052b1c341a3a_u24:u24.log)
  al2023:al2023: PASS (47s) (log: /var/www/ci-lustre/upstream-patch-review/bffbd52d0a4d9797cf112d3c8f4c052b1c341a3a_al2023:al2023.log)
  ml-strict:lustre_mainline: FAIL (166s) (log: /var/www/ci-lustre/upstream-patch-review/bffbd52d0a4d9797cf112d3c8f4c052b1c341a3a_ml-strict:lustre_mainline.log)
  ml:lustre_mainline: PASS (181s) (log: /var/www/ci-lustre/upstream-patch-review/bffbd52d0a4d9797cf112d3c8f4c052b1c341a3a_ml:lustre_mainline.log)
  ml-miscvm:lustre_mainline_native: PASS (179s) (log: /var/www/ci-lustre/upstream-patch-review/bffbd52d0a4d9797cf112d3c8f4c052b1c341a3a_ml-miscvm:lustre_mainline_native.log)
  ml-miscvm:boot: PASS (53s) (log: /var/www/ci-lustre/upstream-patch-review/bffbd52d0a4d9797cf112d3c8f4c052b1c341a3a_ml-miscvm:boot.log)
  ml-miscvm:llmount: PASS (101s) (log: /var/www/ci-lustre/upstream-patch-review/bffbd52d0a4d9797cf112d3c8f4c052b1c341a3a_ml-miscvm:llmount.log)
  ml-miscvm:llog-unit: FAIL (139s) (log: /var/www/ci-lustre/upstream-patch-review/bffbd52d0a4d9797cf112d3c8f4c052b1c341a3a_ml-miscvm:llog-unit.log)
  ml-miscvm:mgs-setup: PASS (63s) (log: /var/www/ci-lustre/upstream-patch-review/bffbd52d0a4d9797cf112d3c8f4c052b1c341a3a_ml-miscvm:mgs-setup.log)
  ml-miscvm:sanity-1: PASS (104s) (log: /var/www/ci-lustre/upstream-patch-review/bffbd52d0a4d9797cf112d3c8f4c052b1c341a3a_ml-miscvm:sanity-1.log)
  ml-miscvm:sanity-2: PASS (91s) (log: /var/www/ci-lustre/upstream-patch-review/bffbd52d0a4d9797cf112d3c8f4c052b1c341a3a_ml-miscvm:sanity-2.log)
  ml-miscvm:sanity-3: PASS (94s) (log: /var/www/ci-lustre/upstream-patch-review/bffbd52d0a4d9797cf112d3c8f4c052b1c341a3a_ml-miscvm:sanity-3.log)
  ml-miscvm:sanity-4: PASS (92s) (log: /var/www/ci-lustre/upstream-patch-review/bffbd52d0a4d9797cf112d3c8f4c052b1c341a3a_ml-miscvm:sanity-4.log)

Total execution time: 350s

Packed 4985 logs from /var/www/ci-lustre/upstream-patch-review into /home/ktest/ktest/local-site/local_data.js
Open /home/ktest/ktest/local-site/index.html in a browser
