CLI: ./pk --podman-socket unix:///run/user/1000/podman/podman.sock --shared-filesystem /tmp --tarball-input job lustre-ci --output /var/www/ci-lustre/upstream-patch-review --git-hash c13abcf34955f88bf6d8b85e898b559791ec61e0 --change-id 68233_c13abcf34955f88bf6d8b85e898b559791ec61e0 --subject LU-20626 lnet: cancel discovery Ping on peer down

Environment validated successfully
Note: custom LLVM is not synced in tarball input mode
Creating kernel tarball at /tmp/ktest-kernel.tar.gz...
Creating lustre tarball at /tmp/ktest-lustre.tar.gz...
Creating ZFS tarball at /tmp/ktest-zfs.tar.gz...
Executing 14 jobs
Jobs will start as soon as their dependencies are satisfied
Using tarball input mode

START ml-miscvm:lustre_mainline_native build tests/fs/lustre/boot.ktest
START checkpatch:checkpatch tool checkpatch
START u24:u24 build tests/fs/lustre/boot.ktest
START al2023:al2023 build tests/fs/lustre/boot.ktest
START ml-strict:lustre_mainline build tests/fs/lustre/boot-strict.ktest
START ml:lustre_mainline build tests/fs/lustre/boot.ktest
PUT /tmp/ktest-lustre.tar.gz 1s
PUT /tmp/ktest-lustre.tar.gz 2s
PUT /tmp/ktest-kernel.tar.gz 9s
PUT /tmp/ktest-kernel.tar.gz 9s
PUT /tmp/ktest-kernel.tar.gz 9s
PUT /tmp/ktest-kernel.tar.gz 9s
PUT /tmp/ktest-lustre.tar.gz 5s
PUT /tmp/ktest-lustre.tar.gz 5s
PUT /tmp/ktest-lustre.tar.gz 5s
PUT /tmp/ktest-lustre.tar.gz 5s
PUT /tmp/ktest-zfs.tar.gz 1s
PUT /tmp/ktest-zfs.tar.gz 1s
PUT /tmp/ktest-zfs.tar.gz 1s
END checkpatch:checkpatch tool checkpatch PASS 17s
END u24:u24 build tests/fs/lustre/boot.ktest PASS 44s
END al2023:al2023 build tests/fs/lustre/boot.ktest PASS 49s
GET /tmp/ktest_ml-miscvm:lustre_mainline_native_p6ttoyjc.tar 0s
END ml-miscvm:lustre_mainline_native build tests/fs/lustre/boot.ktest PASS 145s
START ml-miscvm:boot run tests/fs/lustre/boot.ktest
START ml-miscvm:llmount run tests/fs/lustre/llmount.ktest
START ml-miscvm:llog-unit run tests/fs/lustre/llog-unit.ktest
START ml-miscvm:mgs-setup run tests/fs/lustre/mgs-setup.ktest
START ml-miscvm:sanity-1 run tests/fs/lustre/sanity/sanity-1.ktest
START ml-miscvm:sanity-2 run tests/fs/lustre/sanity/sanity-2.ktest
START ml-miscvm:sanity-3 run tests/fs/lustre/sanity/sanity-3.ktest
START ml-miscvm:sanity-4 run tests/fs/lustre/sanity/sanity-4.ktest
PUT /tmp/ktest-kernel.tar.gz 55s
PUT /tmp/ktest-kernel.tar.gz 56s
PUT /tmp/ktest-kernel.tar.gz 56s
PUT /tmp/ktest-kernel.tar.gz 55s
PUT /tmp/ktest-kernel.tar.gz 56s
PUT /tmp/ktest-kernel.tar.gz 55s
PUT /tmp/ktest-kernel.tar.gz 57s
PUT /tmp/ktest-kernel.tar.gz 56s
PUT /tmp/ktest-lustre.tar.gz 15s
PUT /tmp/ktest-lustre.tar.gz 15s
PUT /tmp/ktest-lustre.tar.gz 15s
PUT /tmp/ktest-lustre.tar.gz 14s
PUT /tmp/ktest-lustre.tar.gz 14s
PUT /tmp/ktest-lustre.tar.gz 15s
PUT /tmp/ktest-lustre.tar.gz 15s
PUT /tmp/ktest-lustre.tar.gz 15s
GET /tmp/ktest_ml-strict:lustre_mainline_41limk6g.tar 29s
PUT /tmp/ktest_ml-miscvm:lustre_mainline_native_p6ttoyjc.tar 4s
PUT /tmp/ktest_ml-miscvm:lustre_mainline_native_p6ttoyjc.tar 14s
PUT /tmp/ktest_ml-miscvm:lustre_mainline_native_p6ttoyjc.tar 14s
PUT /tmp/ktest_ml-miscvm:lustre_mainline_native_p6ttoyjc.tar 17sEND ml-strict:lustre_mainline build tests/fs/lustre/boot-strict.ktest FAIL 234s (exit code: 1)

PUT /tmp/ktest_ml-miscvm:lustre_mainline_native_p6ttoyjc.tar 17s
PUT /tmp/ktest_ml-miscvm:lustre_mainline_native_p6ttoyjc.tar 17s
PUT /tmp/ktest_ml-miscvm:lustre_mainline_native_p6ttoyjc.tar 17s
PUT /tmp/ktest_ml-miscvm:lustre_mainline_native_p6ttoyjc.tar 17s
GET /tmp/ktest_ml:lustre_mainline_9k1jugfw.tar 0s
END ml:lustre_mainline build tests/fs/lustre/boot.ktest PASS 238s
END ml-miscvm:boot run tests/fs/lustre/boot.ktest PASS 104s
END ml-miscvm:mgs-setup run tests/fs/lustre/mgs-setup.ktest PASS 112s
END ml-miscvm:sanity-2 run tests/fs/lustre/sanity/sanity-2.ktest PASS 139s
END ml-miscvm:sanity-1 run tests/fs/lustre/sanity/sanity-1.ktest PASS 141s
END ml-miscvm:sanity-4 run tests/fs/lustre/sanity/sanity-4.ktest PASS 143s
END ml-miscvm:sanity-3 run tests/fs/lustre/sanity/sanity-3.ktest PASS 152s
END ml-miscvm:llmount run tests/fs/lustre/llmount.ktest PASS 153s
END ml-miscvm:llog-unit run tests/fs/lustre/llog-unit.ktest FAIL 188s (exit code: 1)

============================================================
Final Results:
  checkpatch:checkpatch: PASS (17s) (log: /var/www/ci-lustre/upstream-patch-review/c13abcf34955f88bf6d8b85e898b559791ec61e0_checkpatch:checkpatch.log)
  u24:u24: PASS (44s) (log: /var/www/ci-lustre/upstream-patch-review/c13abcf34955f88bf6d8b85e898b559791ec61e0_u24:u24.log)
  al2023:al2023: PASS (49s) (log: /var/www/ci-lustre/upstream-patch-review/c13abcf34955f88bf6d8b85e898b559791ec61e0_al2023:al2023.log)
  ml-strict:lustre_mainline: FAIL (234s) (log: /var/www/ci-lustre/upstream-patch-review/c13abcf34955f88bf6d8b85e898b559791ec61e0_ml-strict:lustre_mainline.log)
  ml:lustre_mainline: PASS (238s) (log: /var/www/ci-lustre/upstream-patch-review/c13abcf34955f88bf6d8b85e898b559791ec61e0_ml:lustre_mainline.log)
  ml-miscvm:lustre_mainline_native: PASS (145s) (log: /var/www/ci-lustre/upstream-patch-review/c13abcf34955f88bf6d8b85e898b559791ec61e0_ml-miscvm:lustre_mainline_native.log)
  ml-miscvm:boot: PASS (104s) (log: /var/www/ci-lustre/upstream-patch-review/c13abcf34955f88bf6d8b85e898b559791ec61e0_ml-miscvm:boot.log)
  ml-miscvm:llmount: PASS (153s) (log: /var/www/ci-lustre/upstream-patch-review/c13abcf34955f88bf6d8b85e898b559791ec61e0_ml-miscvm:llmount.log)
  ml-miscvm:llog-unit: FAIL (188s) (log: /var/www/ci-lustre/upstream-patch-review/c13abcf34955f88bf6d8b85e898b559791ec61e0_ml-miscvm:llog-unit.log)
  ml-miscvm:mgs-setup: PASS (112s) (log: /var/www/ci-lustre/upstream-patch-review/c13abcf34955f88bf6d8b85e898b559791ec61e0_ml-miscvm:mgs-setup.log)
  ml-miscvm:sanity-1: PASS (141s) (log: /var/www/ci-lustre/upstream-patch-review/c13abcf34955f88bf6d8b85e898b559791ec61e0_ml-miscvm:sanity-1.log)
  ml-miscvm:sanity-2: PASS (139s) (log: /var/www/ci-lustre/upstream-patch-review/c13abcf34955f88bf6d8b85e898b559791ec61e0_ml-miscvm:sanity-2.log)
  ml-miscvm:sanity-3: PASS (152s) (log: /var/www/ci-lustre/upstream-patch-review/c13abcf34955f88bf6d8b85e898b559791ec61e0_ml-miscvm:sanity-3.log)
  ml-miscvm:sanity-4: PASS (143s) (log: /var/www/ci-lustre/upstream-patch-review/c13abcf34955f88bf6d8b85e898b559791ec61e0_ml-miscvm:sanity-4.log)

Total execution time: 363s

Packed 3826 logs from /var/www/ci-lustre/upstream-patch-review into /home/ktest/ktest/local-site/local_data.js
Open /home/ktest/ktest/local-site/index.html in a browser
