CLI: ./podman-ktest --podman-socket unix:///run/podman/podman.sock --shared-filesystem /tmp --tarball-input job lustre-ci --output /var/www/ci-lustre/upstream-patch-review --git-hash c19754d9b61917bdd8e9bdf003e49461d5e01d32 --change-id 66662_c19754d9b61917bdd8e9bdf003e49461d5e01d32 --subject LU-20373 build: Compatibility updates for kernel v7.1

Environment validated successfully
Note: custom LLVM is not synced in tarball input mode
Creating kernel tarball at /tmp/ktest-kernel.tar.gz...
Creating lustre tarball at /tmp/ktest-lustre.tar.gz...
Creating ZFS tarball at /tmp/ktest-zfs.tar.gz...
Executing 14 jobs
Jobs will start as soon as their dependencies are satisfied
Using tarball input mode

START ml-strict:lustre_mainline build tests/fs/lustre/boot-strict.ktest
START u24:u24 build tests/fs/lustre/boot.ktest
START checkpatch:checkpatch tool checkpatch
START ml-miscvm:lustre_mainline_native build tests/fs/lustre/boot.ktest
START al2023:al2023 build tests/fs/lustre/boot.ktest
START ml:lustre_mainline build tests/fs/lustre/boot.ktest
PUT /tmp/ktest-lustre.tar.gz 1s
PUT /tmp/ktest-lustre.tar.gz 1s
PUT /tmp/ktest-kernel.tar.gz 18s
PUT /tmp/ktest-kernel.tar.gz 18s
PUT /tmp/ktest-kernel.tar.gz 18s
PUT /tmp/ktest-kernel.tar.gz 19s
PUT /tmp/ktest-lustre.tar.gz 2s
PUT /tmp/ktest-lustre.tar.gz 2s
PUT /tmp/ktest-lustre.tar.gz 2s
PUT /tmp/ktest-lustre.tar.gz 2s
PUT /tmp/ktest-zfs.tar.gz 0s
PUT /tmp/ktest-zfs.tar.gz 0s
PUT /tmp/ktest-zfs.tar.gz 0s
END checkpatch:checkpatch tool checkpatch FAIL 24s (exit code: 1)
END al2023:al2023 build tests/fs/lustre/boot.ktest PASS 65s
END u24:u24 build tests/fs/lustre/boot.ktest PASS 67s
GET /tmp/ktest_ml-strict:lustre_mainline_t57aeog2.tar 8s
END ml-strict:lustre_mainline build tests/fs/lustre/boot-strict.ktest FAIL 193s (exit code: 1)
GET /tmp/ktest_ml-miscvm:lustre_mainline_native_1302hujg.tar 0s
GET /tmp/ktest_ml:lustre_mainline_w_5_02lc.tar 0s
END ml-miscvm:lustre_mainline_native build tests/fs/lustre/boot.ktest PASS 205s
START ml-miscvm:boot run tests/fs/lustre/boot.ktest
START ml-miscvm:llmount run tests/fs/lustre/llmount.ktest
START ml-miscvm:llog-unit run tests/fs/lustre/llog-unit.ktest
START ml-miscvm:mgs-setup run tests/fs/lustre/mgs-setup.ktest
START ml-miscvm:sanity-1 run tests/fs/lustre/sanity/sanity-1.ktest
START ml-miscvm:sanity-2 run tests/fs/lustre/sanity/sanity-2.ktest
START ml-miscvm:sanity-3 run tests/fs/lustre/sanity/sanity-3.ktest
START ml-miscvm:sanity-4 run tests/fs/lustre/sanity/sanity-4.ktest
END ml:lustre_mainline build tests/fs/lustre/boot.ktest PASS 207s
PUT /tmp/ktest-kernel.tar.gz 27s
PUT /tmp/ktest-kernel.tar.gz 27s
PUT /tmp/ktest-kernel.tar.gz 28s
PUT /tmp/ktest-kernel.tar.gz 28s
PUT /tmp/ktest-kernel.tar.gz 27s
PUT /tmp/ktest-kernel.tar.gz 27s
PUT /tmp/ktest-kernel.tar.gz 28s
PUT /tmp/ktest-kernel.tar.gz 28s
PUT /tmp/ktest-lustre.tar.gz 9s
PUT /tmp/ktest-lustre.tar.gz 8s
PUT /tmp/ktest-lustre.tar.gz 9s
PUT /tmp/ktest-lustre.tar.gz 9s
PUT /tmp/ktest-lustre.tar.gz 8s
PUT /tmp/ktest-lustre.tar.gz 8s
PUT /tmp/ktest-lustre.tar.gz 9s
PUT /tmp/ktest-lustre.tar.gz 9s
PUT /tmp/ktest_ml-miscvm:lustre_mainline_native_1302hujg.tar 0s
PUT /tmp/ktest_ml-miscvm:lustre_mainline_native_1302hujg.tar 1s
PUT /tmp/ktest_ml-miscvm:lustre_mainline_native_1302hujg.tar 1s
PUT /tmp/ktest_ml-miscvm:lustre_mainline_native_1302hujg.tar 1s
PUT /tmp/ktest_ml-miscvm:lustre_mainline_native_1302hujg.tar 1s
PUT /tmp/ktest_ml-miscvm:lustre_mainline_native_1302hujg.tar 1s
PUT /tmp/ktest_ml-miscvm:lustre_mainline_native_1302hujg.tar 1s
PUT /tmp/ktest_ml-miscvm:lustre_mainline_native_1302hujg.tar 1s
END ml-miscvm:boot run tests/fs/lustre/boot.ktest PASS 72s
END ml-miscvm:mgs-setup run tests/fs/lustre/mgs-setup.ktest PASS 84s
END ml-miscvm:sanity-4 run tests/fs/lustre/sanity/sanity-4.ktest PASS 111s
END ml-miscvm:sanity-3 run tests/fs/lustre/sanity/sanity-3.ktest PASS 120s
END ml-miscvm:sanity-2 run tests/fs/lustre/sanity/sanity-2.ktest PASS 124s
END ml-miscvm:sanity-1 run tests/fs/lustre/sanity/sanity-1.ktest PASS 125s
END ml-miscvm:llmount run tests/fs/lustre/llmount.ktest PASS 127s
END ml-miscvm:llog-unit run tests/fs/lustre/llog-unit.ktest FAIL 176s (exit code: 1)

============================================================
Final Results:
  checkpatch:checkpatch: FAIL (24s) (log: /var/www/ci-lustre/upstream-patch-review/c19754d9b61917bdd8e9bdf003e49461d5e01d32_checkpatch:checkpatch.log)
  u24:u24: PASS (67s) (log: /var/www/ci-lustre/upstream-patch-review/c19754d9b61917bdd8e9bdf003e49461d5e01d32_u24:u24.log)
  al2023:al2023: PASS (65s) (log: /var/www/ci-lustre/upstream-patch-review/c19754d9b61917bdd8e9bdf003e49461d5e01d32_al2023:al2023.log)
  ml-strict:lustre_mainline: FAIL (193s) (log: /var/www/ci-lustre/upstream-patch-review/c19754d9b61917bdd8e9bdf003e49461d5e01d32_ml-strict:lustre_mainline.log)
  ml:lustre_mainline: PASS (207s) (log: /var/www/ci-lustre/upstream-patch-review/c19754d9b61917bdd8e9bdf003e49461d5e01d32_ml:lustre_mainline.log)
  ml-miscvm:lustre_mainline_native: PASS (205s) (log: /var/www/ci-lustre/upstream-patch-review/c19754d9b61917bdd8e9bdf003e49461d5e01d32_ml-miscvm:lustre_mainline_native.log)
  ml-miscvm:boot: PASS (72s) (log: /var/www/ci-lustre/upstream-patch-review/c19754d9b61917bdd8e9bdf003e49461d5e01d32_ml-miscvm:boot.log)
  ml-miscvm:llmount: PASS (127s) (log: /var/www/ci-lustre/upstream-patch-review/c19754d9b61917bdd8e9bdf003e49461d5e01d32_ml-miscvm:llmount.log)
  ml-miscvm:llog-unit: FAIL (176s) (log: /var/www/ci-lustre/upstream-patch-review/c19754d9b61917bdd8e9bdf003e49461d5e01d32_ml-miscvm:llog-unit.log)
  ml-miscvm:mgs-setup: PASS (84s) (log: /var/www/ci-lustre/upstream-patch-review/c19754d9b61917bdd8e9bdf003e49461d5e01d32_ml-miscvm:mgs-setup.log)
  ml-miscvm:sanity-1: PASS (125s) (log: /var/www/ci-lustre/upstream-patch-review/c19754d9b61917bdd8e9bdf003e49461d5e01d32_ml-miscvm:sanity-1.log)
  ml-miscvm:sanity-2: PASS (124s) (log: /var/www/ci-lustre/upstream-patch-review/c19754d9b61917bdd8e9bdf003e49461d5e01d32_ml-miscvm:sanity-2.log)
  ml-miscvm:sanity-3: PASS (120s) (log: /var/www/ci-lustre/upstream-patch-review/c19754d9b61917bdd8e9bdf003e49461d5e01d32_ml-miscvm:sanity-3.log)
  ml-miscvm:sanity-4: PASS (111s) (log: /var/www/ci-lustre/upstream-patch-review/c19754d9b61917bdd8e9bdf003e49461d5e01d32_ml-miscvm:sanity-4.log)

Total execution time: 411s
