CLI: ./pk --podman-socket unix:///run/user/1000/podman/podman.sock --shared-filesystem /tmp --tarball-input job lustre-ci --output /var/www/ci-lustre/upstream-patch-review --git-hash c23bf92568be775cccb2620db90786709e630806 --change-id 68844_c23bf92568be775cccb2620db90786709e630806 --subject LU-8622 tests: keep recovery-small 24b pages dirty

Environment validated successfully
Note: custom LLVM is not synced in tarball input mode
Creating kernel tarball at /tmp/ktest-kernel.tar.gz...
Creating lustre tarball at /tmp/ktest-lustre.tar.gz...
Creating ZFS tarball at /tmp/ktest-zfs.tar.gz...
Executing 14 jobs
Jobs will start as soon as their dependencies are satisfied
Using tarball input mode

START u24:u24 build tests/fs/lustre/boot.ktest
START al2023:al2023 build tests/fs/lustre/boot.ktest
START checkpatch:checkpatch tool checkpatch
START ml:lustre_mainline build tests/fs/lustre/boot.ktest
START ml-strict:lustre_mainline build tests/fs/lustre/boot-strict.ktest
START ml-miscvm:lustre_mainline_native build tests/fs/lustre/boot.ktest
PUT /tmp/ktest-lustre.tar.gz 1s
PUT /tmp/ktest-lustre.tar.gz 1s
PUT /tmp/ktest-kernel.tar.gz 15s
PUT /tmp/ktest-kernel.tar.gz 15s
PUT /tmp/ktest-kernel.tar.gz 15s
PUT /tmp/ktest-kernel.tar.gz 15s
PUT /tmp/ktest-lustre.tar.gz 2s
PUT /tmp/ktest-lustre.tar.gz 2s
PUT /tmp/ktest-lustre.tar.gz 2s
PUT /tmp/ktest-lustre.tar.gz 2s
PUT /tmp/ktest-zfs.tar.gz 0s
PUT /tmp/ktest-zfs.tar.gz 0s
PUT /tmp/ktest-zfs.tar.gz 0s
END checkpatch:checkpatch tool checkpatch PASS 21s
END u24:u24 build tests/fs/lustre/boot.ktest PASS 47s
END al2023:al2023 build tests/fs/lustre/boot.ktest PASS 51s
GET /tmp/ktest_ml:lustre_mainline_uf1xg6qv.tar 0s
GET /tmp/ktest_ml-strict:lustre_mainline_lzmd_bo4.tar 6s
END ml:lustre_mainline build tests/fs/lustre/boot.ktest PASS 155s
END ml-strict:lustre_mainline build tests/fs/lustre/boot-strict.ktest FAIL 157s (exit code: 1)
GET /tmp/ktest_ml-miscvm:lustre_mainline_native_kuus3_91.tar 0s
END ml-miscvm:lustre_mainline_native build tests/fs/lustre/boot.ktest PASS 175s
START ml-miscvm:boot run tests/fs/lustre/boot.ktest
START ml-miscvm:llmount run tests/fs/lustre/llmount.ktest
START ml-miscvm:llog-unit run tests/fs/lustre/llog-unit.ktest
START ml-miscvm:mgs-setup run tests/fs/lustre/mgs-setup.ktest
START ml-miscvm:sanity-1 run tests/fs/lustre/sanity/sanity-1.ktest
START ml-miscvm:sanity-2 run tests/fs/lustre/sanity/sanity-2.ktest
START ml-miscvm:sanity-3 run tests/fs/lustre/sanity/sanity-3.ktest
START ml-miscvm:sanity-4 run tests/fs/lustre/sanity/sanity-4.ktest
PUT /tmp/ktest-kernel.tar.gz 53s
PUT /tmp/ktest-kernel.tar.gz 53s
PUT /tmp/ktest-kernel.tar.gz 54s
PUT /tmp/ktest-kernel.tar.gz 54s
PUT /tmp/ktest-kernel.tar.gz 54s
PUT /tmp/ktest-kernel.tar.gz 54s
PUT /tmp/ktest-kernel.tar.gz 54s
PUT /tmp/ktest-kernel.tar.gz 54s
PUT /tmp/ktest-lustre.tar.gz 14s
PUT /tmp/ktest-lustre.tar.gz 14s
PUT /tmp/ktest-lustre.tar.gz 13s
PUT /tmp/ktest-lustre.tar.gz 14s
PUT /tmp/ktest-lustre.tar.gz 13s
PUT /tmp/ktest-lustre.tar.gz 13s
PUT /tmp/ktest-lustre.tar.gz 13s
PUT /tmp/ktest-lustre.tar.gz 14s
PUT /tmp/ktest_ml-miscvm:lustre_mainline_native_kuus3_91.tar 2s
PUT /tmp/ktest_ml-miscvm:lustre_mainline_native_kuus3_91.tar 2s
PUT /tmp/ktest_ml-miscvm:lustre_mainline_native_kuus3_91.tar 2s
PUT /tmp/ktest_ml-miscvm:lustre_mainline_native_kuus3_91.tar 2s
PUT /tmp/ktest_ml-miscvm:lustre_mainline_native_kuus3_91.tar 2s
PUT /tmp/ktest_ml-miscvm:lustre_mainline_native_kuus3_91.tar 2s
PUT /tmp/ktest_ml-miscvm:lustre_mainline_native_kuus3_91.tar 3s
PUT /tmp/ktest_ml-miscvm:lustre_mainline_native_kuus3_91.tar 2s
END ml-miscvm:boot run tests/fs/lustre/boot.ktest PASS 84s
END ml-miscvm:mgs-setup run tests/fs/lustre/mgs-setup.ktest PASS 93s
END ml-miscvm:sanity-3 run tests/fs/lustre/sanity/sanity-3.ktest PASS 124s
END ml-miscvm:llmount run tests/fs/lustre/llmount.ktest PASS 133s
END ml-miscvm:sanity-1 run tests/fs/lustre/sanity/sanity-1.ktest PASS 135s
END ml-miscvm:sanity-2 run tests/fs/lustre/sanity/sanity-2.ktest PASS 137s
END ml-miscvm:sanity-4 run tests/fs/lustre/sanity/sanity-4.ktest PASS 138s
END ml-miscvm:llog-unit run tests/fs/lustre/llog-unit.ktest FAIL 168s (exit code: 1)

============================================================
Final Results:
  checkpatch:checkpatch: PASS (21s) (log: /var/www/ci-lustre/upstream-patch-review/c23bf92568be775cccb2620db90786709e630806_checkpatch:checkpatch.log)
  u24:u24: PASS (47s) (log: /var/www/ci-lustre/upstream-patch-review/c23bf92568be775cccb2620db90786709e630806_u24:u24.log)
  al2023:al2023: PASS (51s) (log: /var/www/ci-lustre/upstream-patch-review/c23bf92568be775cccb2620db90786709e630806_al2023:al2023.log)
  ml-strict:lustre_mainline: FAIL (157s) (log: /var/www/ci-lustre/upstream-patch-review/c23bf92568be775cccb2620db90786709e630806_ml-strict:lustre_mainline.log)
  ml:lustre_mainline: PASS (155s) (log: /var/www/ci-lustre/upstream-patch-review/c23bf92568be775cccb2620db90786709e630806_ml:lustre_mainline.log)
  ml-miscvm:lustre_mainline_native: PASS (175s) (log: /var/www/ci-lustre/upstream-patch-review/c23bf92568be775cccb2620db90786709e630806_ml-miscvm:lustre_mainline_native.log)
  ml-miscvm:boot: PASS (84s) (log: /var/www/ci-lustre/upstream-patch-review/c23bf92568be775cccb2620db90786709e630806_ml-miscvm:boot.log)
  ml-miscvm:llmount: PASS (133s) (log: /var/www/ci-lustre/upstream-patch-review/c23bf92568be775cccb2620db90786709e630806_ml-miscvm:llmount.log)
  ml-miscvm:llog-unit: FAIL (168s) (log: /var/www/ci-lustre/upstream-patch-review/c23bf92568be775cccb2620db90786709e630806_ml-miscvm:llog-unit.log)
  ml-miscvm:mgs-setup: PASS (93s) (log: /var/www/ci-lustre/upstream-patch-review/c23bf92568be775cccb2620db90786709e630806_ml-miscvm:mgs-setup.log)
  ml-miscvm:sanity-1: PASS (135s) (log: /var/www/ci-lustre/upstream-patch-review/c23bf92568be775cccb2620db90786709e630806_ml-miscvm:sanity-1.log)
  ml-miscvm:sanity-2: PASS (137s) (log: /var/www/ci-lustre/upstream-patch-review/c23bf92568be775cccb2620db90786709e630806_ml-miscvm:sanity-2.log)
  ml-miscvm:sanity-3: PASS (124s) (log: /var/www/ci-lustre/upstream-patch-review/c23bf92568be775cccb2620db90786709e630806_ml-miscvm:sanity-3.log)
  ml-miscvm:sanity-4: PASS (138s) (log: /var/www/ci-lustre/upstream-patch-review/c23bf92568be775cccb2620db90786709e630806_ml-miscvm:sanity-4.log)

Total execution time: 374s

Packed 5930 logs from /var/www/ci-lustre/upstream-patch-review into /home/ktest/ktest/local-site/local_data.js
Open /home/ktest/ktest/local-site/index.html in a browser
