CLI: ./pk --podman-socket unix:///run/user/1000/podman/podman.sock --shared-filesystem /tmp --tarball-input job lustre-ci --output /var/www/ci-lustre/upstream-patch-review --git-hash c2e9cda86c8012896e5dd16618e5c01a0eaa6dd1 --change-id 66252_c2e9cda86c8012896e5dd16618e5c01a0eaa6dd1 --subject LU-19712 llapi: Add new xattr syntax for lustre.pin

Environment validated successfully
Note: custom LLVM is not synced in tarball input mode
Creating kernel tarball at /tmp/ktest-kernel.tar.gz...
Creating lustre tarball at /tmp/ktest-lustre.tar.gz...
Creating ZFS tarball at /tmp/ktest-zfs.tar.gz...
Executing 14 jobs
Jobs will start as soon as their dependencies are satisfied
Using tarball input mode

START ml-strict:lustre_mainline build tests/fs/lustre/boot-strict.ktest
START ml-miscvm:lustre_mainline_native build tests/fs/lustre/boot.ktest
START ml:lustre_mainline build tests/fs/lustre/boot.ktest
START checkpatch:checkpatch tool checkpatch
START al2023:al2023 build tests/fs/lustre/boot.ktest
START u24:u24 build tests/fs/lustre/boot.ktest
PUT /tmp/ktest-lustre.tar.gz 1s
PUT /tmp/ktest-lustre.tar.gz 2s
PUT /tmp/ktest-kernel.tar.gz 7s
PUT /tmp/ktest-kernel.tar.gz 8s
PUT /tmp/ktest-kernel.tar.gz 8s
PUT /tmp/ktest-kernel.tar.gz 8s
PUT /tmp/ktest-lustre.tar.gz 2s
PUT /tmp/ktest-lustre.tar.gz 3s
PUT /tmp/ktest-lustre.tar.gz 3s
PUT /tmp/ktest-lustre.tar.gz 3s
PUT /tmp/ktest-zfs.tar.gz 0s
PUT /tmp/ktest-zfs.tar.gz 0s
PUT /tmp/ktest-zfs.tar.gz 0s
END checkpatch:checkpatch tool checkpatch FAIL 14s (exit code: 1)
END u24:u24 build tests/fs/lustre/boot.ktest PASS 43s
END al2023:al2023 build tests/fs/lustre/boot.ktest PASS 49s
GET /tmp/ktest_ml-miscvm:lustre_mainline_native_00coh7rr.tar 0s
END ml-miscvm:lustre_mainline_native build tests/fs/lustre/boot.ktest PASS 149s
START ml-miscvm:boot run tests/fs/lustre/boot.ktest
START ml-miscvm:llmount run tests/fs/lustre/llmount.ktest
START ml-miscvm:llog-unit run tests/fs/lustre/llog-unit.ktest
START ml-miscvm:mgs-setup run tests/fs/lustre/mgs-setup.ktest
START ml-miscvm:sanity-1 run tests/fs/lustre/sanity/sanity-1.ktest
START ml-miscvm:sanity-2 run tests/fs/lustre/sanity/sanity-2.ktest
START ml-miscvm:sanity-3 run tests/fs/lustre/sanity/sanity-3.ktest
START ml-miscvm:sanity-4 run tests/fs/lustre/sanity/sanity-4.ktest
PUT /tmp/ktest-kernel.tar.gz 37s
PUT /tmp/ktest-kernel.tar.gz 37s
PUT /tmp/ktest-kernel.tar.gz 37s
PUT /tmp/ktest-kernel.tar.gz 37s
PUT /tmp/ktest-kernel.tar.gz 37s
PUT /tmp/ktest-kernel.tar.gz 37s
PUT /tmp/ktest-kernel.tar.gz 38s
GET /tmp/ktest_ml-strict:lustre_mainline_weby6ys4.tar 39s
PUT /tmp/ktest-kernel.tar.gz 41s
END ml-strict:lustre_mainline build tests/fs/lustre/boot-strict.ktest FAIL 196s (exit code: 1)
PUT /tmp/ktest-lustre.tar.gz 16s
PUT /tmp/ktest-lustre.tar.gz 17s
PUT /tmp/ktest-lustre.tar.gz 17s
PUT /tmp/ktest-lustre.tar.gz 17s
PUT /tmp/ktest-lustre.tar.gz 16s
PUT /tmp/ktest-lustre.tar.gz 13s
PUT /tmp/ktest-lustre.tar.gz 18s
PUT /tmp/ktest-lustre.tar.gz 17s
PUT /tmp/ktest_ml-miscvm:lustre_mainline_native_00coh7rr.tar 0s
PUT /tmp/ktest_ml-miscvm:lustre_mainline_native_00coh7rr.tar 2s
PUT /tmp/ktest_ml-miscvm:lustre_mainline_native_00coh7rr.tar 2s
PUT /tmp/ktest_ml-miscvm:lustre_mainline_native_00coh7rr.tar 2s
PUT /tmp/ktest_ml-miscvm:lustre_mainline_native_00coh7rr.tar 2s
PUT /tmp/ktest_ml-miscvm:lustre_mainline_native_00coh7rr.tar 2s
PUT /tmp/ktest_ml-miscvm:lustre_mainline_native_00coh7rr.tar 2s
GET /tmp/ktest_ml:lustre_mainline_u2_5fgds.tar 2s
PUT /tmp/ktest_ml-miscvm:lustre_mainline_native_00coh7rr.tar 2s
END ml:lustre_mainline build tests/fs/lustre/boot.ktest PASS 211s
END ml-miscvm:boot run tests/fs/lustre/boot.ktest PASS 73s
END ml-miscvm:mgs-setup run tests/fs/lustre/mgs-setup.ktest PASS 84s
END ml-miscvm:sanity-3 run tests/fs/lustre/sanity/sanity-3.ktest PASS 110s
END ml-miscvm:sanity-1 run tests/fs/lustre/sanity/sanity-1.ktest PASS 112s
END ml-miscvm:sanity-2 run tests/fs/lustre/sanity/sanity-2.ktest PASS 114s
END ml-miscvm:llmount run tests/fs/lustre/llmount.ktest PASS 122s
END ml-miscvm:sanity-4 run tests/fs/lustre/sanity/sanity-4.ktest PASS 124s
END ml-miscvm:llog-unit run tests/fs/lustre/llog-unit.ktest FAIL 159s (exit code: 1)

============================================================
Final Results:
  checkpatch:checkpatch: FAIL (14s) (log: /var/www/ci-lustre/upstream-patch-review/c2e9cda86c8012896e5dd16618e5c01a0eaa6dd1_checkpatch:checkpatch.log)
  u24:u24: PASS (43s) (log: /var/www/ci-lustre/upstream-patch-review/c2e9cda86c8012896e5dd16618e5c01a0eaa6dd1_u24:u24.log)
  al2023:al2023: PASS (49s) (log: /var/www/ci-lustre/upstream-patch-review/c2e9cda86c8012896e5dd16618e5c01a0eaa6dd1_al2023:al2023.log)
  ml-strict:lustre_mainline: FAIL (196s) (log: /var/www/ci-lustre/upstream-patch-review/c2e9cda86c8012896e5dd16618e5c01a0eaa6dd1_ml-strict:lustre_mainline.log)
  ml:lustre_mainline: PASS (211s) (log: /var/www/ci-lustre/upstream-patch-review/c2e9cda86c8012896e5dd16618e5c01a0eaa6dd1_ml:lustre_mainline.log)
  ml-miscvm:lustre_mainline_native: PASS (149s) (log: /var/www/ci-lustre/upstream-patch-review/c2e9cda86c8012896e5dd16618e5c01a0eaa6dd1_ml-miscvm:lustre_mainline_native.log)
  ml-miscvm:boot: PASS (73s) (log: /var/www/ci-lustre/upstream-patch-review/c2e9cda86c8012896e5dd16618e5c01a0eaa6dd1_ml-miscvm:boot.log)
  ml-miscvm:llmount: PASS (122s) (log: /var/www/ci-lustre/upstream-patch-review/c2e9cda86c8012896e5dd16618e5c01a0eaa6dd1_ml-miscvm:llmount.log)
  ml-miscvm:llog-unit: FAIL (159s) (log: /var/www/ci-lustre/upstream-patch-review/c2e9cda86c8012896e5dd16618e5c01a0eaa6dd1_ml-miscvm:llog-unit.log)
  ml-miscvm:mgs-setup: PASS (84s) (log: /var/www/ci-lustre/upstream-patch-review/c2e9cda86c8012896e5dd16618e5c01a0eaa6dd1_ml-miscvm:mgs-setup.log)
  ml-miscvm:sanity-1: PASS (112s) (log: /var/www/ci-lustre/upstream-patch-review/c2e9cda86c8012896e5dd16618e5c01a0eaa6dd1_ml-miscvm:sanity-1.log)
  ml-miscvm:sanity-2: PASS (114s) (log: /var/www/ci-lustre/upstream-patch-review/c2e9cda86c8012896e5dd16618e5c01a0eaa6dd1_ml-miscvm:sanity-2.log)
  ml-miscvm:sanity-3: PASS (110s) (log: /var/www/ci-lustre/upstream-patch-review/c2e9cda86c8012896e5dd16618e5c01a0eaa6dd1_ml-miscvm:sanity-3.log)
  ml-miscvm:sanity-4: PASS (124s) (log: /var/www/ci-lustre/upstream-patch-review/c2e9cda86c8012896e5dd16618e5c01a0eaa6dd1_ml-miscvm:sanity-4.log)

Total execution time: 339s

Packed 4270 logs from /var/www/ci-lustre/upstream-patch-review into /home/ktest/ktest/local-site/local_data.js
Open /home/ktest/ktest/local-site/index.html in a browser
