00001 
00002 init: failed to load nvme_core
00002 init: failed to load nvme
00002 init: failed to load zfs
00003 LNetError: 1:0:(lib-socket.c:619:lnet_inet_enumerate()) lnet: Can't find any usable interfaces, rc = -ENOENT
00003 LNetError: Error -100 starting up LNI tcp
00003 LustreError: 1:0:(events.c:627:ptlrpc_init_portals()) network initialisation failed: rc = -100
00004 init: finit_module /lib/modules/7.0.0-ktest-c3885b5-6330a45-20260814-dirty/updates/ptlrpc.ko: Network is down
00004 init: failed to load lustre
00004 init: failed to load osd_zfs
00004 init: failed to load iwlwifi
00004 init: failed to load iwlmvm
00004 init: failed to load mt7921e
00004 init: failed to load i915
00004 init: failed to load nouveau
00008 Kernel version: 7.0.0-ktest-c3885b5-6330a45-20260814-dirty
00008 hook init_noop
00008 
00008 Running tests llog-unit
00008 
00008 ========= TEST   llog-unit
00008 /host/home/ktest/git/lustre-release/lustre/tests/test-framework.sh: line 6933: cd: HOME not set
00008 /host/home/ktest/git/lustre-release/lustre/tests/test-framework.sh: line 6933: cd: HOME not set
00008 /host/home/ktest/git/lustre-release/lustre/tests/test-framework.sh: line 6933: cd: HOME not set
00010 MGS_OS_VERSION_ID=24.04
00010 MGS_OS_ID=ubuntu
00010 MGS_OS_VERSION_CODE=402915328
00010 MGS_OS_ID_LIKE=debian ubuntu
00010 MDS1_OS_ID=ubuntu
00010 MDS1_OS_VERSION_CODE=402915328
00010 MDS1_OS_ID_LIKE=debian ubuntu
00010 MDS1_OS_VERSION_ID=24.04
00010 OST1_OS_VERSION_ID=24.04
00010 OST1_OS_VERSION_CODE=402915328
00010 OST1_OS_ID=ubuntu
00010 OST1_OS_ID_LIKE=debian ubuntu
00011 CLIENT_OS_VERSION_ID=24.04
00011 CLIENT_OS_ID_LIKE=debian ubuntu
00011 CLIENT_OS_ID=ubuntu
00011 CLIENT_OS_VERSION_CODE=402915328
00011 Loading modules from /host/home/ktest/git/lustre-release/lustre
00011 detected 16 online CPUs by sysfs
00011 MODOPTS_LIBCFS=
00011 libcfs will create CPU partition based on online CPUs
00012 LNet: Added LNI 10.0.2.15@tcp [8/256/0/180]
00012 gss/krb5 is not supported
00013 Lustre: Echo OBD driver; http://www.lustre.org/
00013 
00013 
00013 /host/home/ktest/git/lustre-release/lustre/tests/test-framework.sh: line 6933: cd: HOME not set
00013 /host/home/ktest/git/lustre-release/lustre/tests/test-framework.sh: line 6933: cd: HOME not set
00013 /host/home/ktest/git/lustre-release/lustre/tests/test-framework.sh: line 6933: cd: HOME not set
00017 Lustre: DEBUG MARKER: Attempt llog unit tests
00017 Lustre: 2179:0:(llog_test.c:2805:llog_test_device_init()) Setup llog-test device over MGS device
00017 Lustre: 2179:0:(llog_test.c:98:llog_test_1()) 1a: create a log with name: d1b5145f
00017 ------------[ cut here ]------------
00017 WARNING: /home/ktest/git/linux/include/linux/fs.h:889 at osd_create+0x9cf/0xcf0 [osd_wbcfs], CPU#11: lctl/2179
00017 Modules linked in: llog_test(O) mgs(O) osd_wbcfs(O) lustre(O) obdecho(O) mgc(O) mdc(O) lov(O) osc(O) lmv(O) ec(O) fid(O) fld(O) ptlrpc(O) efivarfs obdclass(O) ksocklnd(O) lnet(O) libcfs(O)
00017 CPU: 11 UID: 0 PID: 2179 Comm: lctl Tainted: G           O        7.0.0-ktest-c3885b5-6330a45-20260814-dirty #1 PREEMPT 
00017 Tainted: [O]=OOT_MODULE
00017 Hardware name: QEMU Standard PC (Q35 + ICH9, 2009), BIOS 2025.11-3ubuntu7 03/31/2026
00017 RIP: 0010:osd_create+0x9cf/0xcf0 [osd_wbcfs]
00017 Code: c7 c7 00 56 7c a1 48 c7 c6 a0 d2 7d a1 48 c7 c2 00 dc 7d a1 e8 52 f1 43 ff 48 c7 c7 00 56 7c a1 e8 46 81 44 ff e9 fe fc ff ff <0f> 0b e9 a5 fa ff ff 48 c7 c1 80 44 5d a0 80 e1 07 80 c1 03 38 c1
00017 RSP: 0018:ffffc900054ef790 EFLAGS: 00010246
00017 RAX: 0000000000000000 RBX: ffff88815f9ddc00 RCX: 0000000000000046
00017 RDX: 0000000000000000 RSI: ffff888181532648 RDI: ffff88811e8f8998
00017 RBP: ffff8881815325b8 R08: ffffffff83a16803 R09: 1ffffffff0742d00
00017 R10: dffffc0000000000 R11: fffffbfff0742d01 R12: ffff88815f9d9400
00017 R13: dffffc0000000000 R14: 1ffff1102bf3bb80 R15: 1ffff1102bf3b28f
00017 FS:  00007fb957644940(0000) GS:ffff88831e9aa000(0000) knlGS:0000000000000000
00017 CS:  0010 DS: 0000 ES: 0000 CR0: 0000000080050033
00017 CR2: 000055c0d2cd6b40 CR3: 0000000145fb6000 CR4: 0000000000750eb0
00017 PKRU: 55555554
00017 Call Trace:
00017  <TASK>
00017  ? local_object_create+0x109/0x640 [obdclass]
00017  ? dt_write_lock+0x16d/0x2a0 [obdclass]
00017  ? llog_osd_create+0x356/0x10d0 [obdclass]
00017  ? llog_create+0x2ed/0x530 [obdclass]
00017  ? llog_open_create+0x6e7/0xb30 [obdclass]
00017  ? llog_run_tests+0x4bb/0x5ac0 [llog_test]
00017  ? get_random_u32+0x51/0x470
00017  ? get_random_u32+0x51/0x470
00017  ? _raw_spin_unlock+0x23/0x40
00017  ? __llog_ctxt_put+0x1c4/0x2f0 [obdclass]
00017  ? llog_test_device_init+0x6e8/0xa20 [llog_test]
00017  ? obd_setup+0x54d/0x950 [obdclass]
00017  ? class_setup+0xc7d/0x10e0 [obdclass]
00017  ? class_process_config+0x2edb/0x7cb0 [obdclass]
00017  ? class_handle_ioctl+0x2055/0x3590 [obdclass]
00017  ? obd_class_ioctl+0x1f6/0x3c0 [obdclass]
00017  ? __x64_sys_ioctl+0x961/0xe00
00017  ? _copy_to_user+0x3d/0x60
00017  ? __x64_sys_rt_sigaction+0x107/0x140
00017  ? do_syscall_64+0xc1/0x350
00017  ? entry_SYSCALL_64_after_hwframe+0x4b/0x53
00017  </TASK>
00017 ---[ end trace 0000000000000000 ]---
00017 Lustre: 2179:0:(llog_test.c:115:llog_test_1()) 1b: close newly-created log
00017 Lustre: 2179:0:(llog_test.c:146:llog_test_2()) 2a: re-open a log with name: d1b5145f
00017 Lustre: 2179:0:(llog_test.c:166:llog_test_2()) 2b: create a log without specified NAME & LOGID
00017 ------------[ cut here ]------------
00017 WARNING: /home/ktest/git/linux/include/linux/fs.h:889 at osd_create+0x9cf/0xcf0 [osd_wbcfs], CPU#11: lctl/2179
00017 Modules linked in: llog_test(O) mgs(O) osd_wbcfs(O) lustre(O) obdecho(O) mgc(O) mdc(O) lov(O) osc(O) lmv(O) ec(O) fid(O) fld(O) ptlrpc(O) efivarfs obdclass(O) ksocklnd(O) lnet(O) libcfs(O)
00017 CPU: 11 UID: 0 PID: 2179 Comm: lctl Tainted: G        W  O        7.0.0-ktest-c3885b5-6330a45-20260814-dirty #1 PREEMPT 
00017 Tainted: [W]=WARN, [O]=OOT_MODULE
00017 Hardware name: QEMU Standard PC (Q35 + ICH9, 2009), BIOS 2025.11-3ubuntu7 03/31/2026
00017 RIP: 0010:osd_create+0x9cf/0xcf0 [osd_wbcfs]
00017 Code: c7 c7 00 56 7c a1 48 c7 c6 a0 d2 7d a1 48 c7 c2 00 dc 7d a1 e8 52 f1 43 ff 48 c7 c7 00 56 7c a1 e8 46 81 44 ff e9 fe fc ff ff <0f> 0b e9 a5 fa ff ff 48 c7 c1 80 44 5d a0 80 e1 07 80 c1 03 38 c1
00017 RSP: 0018:ffffc900054ef790 EFLAGS: 00010246
00017 RAX: 0000000000000000 RBX: ffff88817e5c4c00 RCX: 0000000000000046
00017 RDX: 0000000000000000 RSI: ffff888181531f30 RDI: ffff88811e8f8998
00017 RBP: ffff888181531ea0 R08: ffffffff83a16803 R09: 1ffffffff0742d00
00017 R10: dffffc0000000000 R11: fffffbfff0742d01 R12: ffff88815f9d9400
00017 R13: dffffc0000000000 R14: 1ffff1102fcb8980 R15: 1ffff1102bf3b28f
00017 FS:  00007fb957644940(0000) GS:ffff88831e9aa000(0000) knlGS:0000000000000000
00017 CS:  0010 DS: 0000 ES: 0000 CR0: 0000000080050033
00017 CR2: 000055c0d2cd6b40 CR3: 0000000145fb6000 CR4: 0000000000750eb0
00017 PKRU: 55555554
00017 Call Trace:
00017  <TASK>
00017  ? local_object_create+0x109/0x640 [obdclass]
00017  ? dt_write_lock+0x16d/0x2a0 [obdclass]
00017  ? llog_osd_create+0x356/0x10d0 [obdclass]
00017  ? llog_create+0x2ed/0x530 [obdclass]
00017  ? llog_open_create+0x6e7/0xb30 [obdclass]
00017  ? llog_run_tests+0xd1a/0x5ac0 [llog_test]
00017  ? get_random_u32+0x51/0x470
00017  ? get_random_u32+0x51/0x470
00017  ? _raw_spin_unlock+0x23/0x40
00017  ? llog_test_device_init+0x6e8/0xa20 [llog_test]
00017  ? obd_setup+0x54d/0x950 [obdclass]
00017  ? class_setup+0xc7d/0x10e0 [obdclass]
00017  ? class_process_config+0x2edb/0x7cb0 [obdclass]
00017  ? class_handle_ioctl+0x2055/0x3590 [obdclass]
00017  ? obd_class_ioctl+0x1f6/0x3c0 [obdclass]
00017  ? __x64_sys_ioctl+0x961/0xe00
00017  ? _copy_to_user+0x3d/0x60
00017  ? __x64_sys_rt_sigaction+0x107/0x140
00017  ? do_syscall_64+0xc1/0x350
00017  ? entry_SYSCALL_64_after_hwframe+0x4b/0x53
00017  </TASK>
00017 ---[ end trace 0000000000000000 ]---
00017 Lustre: 2179:0:(llog_test.c:184:llog_test_2()) 2b: write 1 llog records, check llh_count
00017 Lustre: 2179:0:(llog_test.c:197:llog_test_2()) 2c: re-open the log by LOGID and verify llh_count
00017 Lustre: 2179:0:(llog_test.c:244:llog_test_2()) 2d: destroy this log
00017 Lustre: 2179:0:(llog_test.c:402:llog_test_3()) 3a: write 1023 fixed-size llog records
00017 Lustre: 2179:0:(llog_test.c:366:llog_test3_process()) test3: processing records from index 501 to the end
00017 Lustre: 2179:0:(llog_test.c:376:llog_test3_process()) test3: total 525 records processed with 0 paddings
00017 Lustre: 2179:0:(llog_test.c:458:llog_test_3()) 3b: write 566 variable size llog records
00017 Lustre: 2179:0:(llog_test.c:529:llog_test_3()) 3c: write records with variable size until BITMAP_SIZE, return -ENOSPC
00032 Lustre: 2179:0:(llog_test.c:1095:llog_test_7()) 7c: test llog_setattr64_rec
00032 ------------[ cut here ]------------
00032 WARNING: /home/ktest/git/linux/include/linux/fs.h:889 at osd_create+0x9cf/0xcf0 [osd_wbcfs], CPU#5: lctl/2179
00032 Modules linked in: llog_test(O) mgs(O) osd_wbcfs(O) lustre(O) obdecho(O) mgc(O) mdc(O) lov(O) osc(O) lmv(O) ec(O) fid(O) fld(O) ptlrpc(O) efivarfs obdclass(O) ksocklnd(O) lnet(O) libcfs(O)
00032 CPU: 5 UID: 0 PID: 2179 Comm: lctl Tainted: G        W  O        7.0.0-ktest-c3885b5-6330a45-20260814-dirty #1 PREEMPT 
00032 Tainted: [W]=WARN, [O]=OOT_MODULE
00032 Hardware name: QEMU Standard PC (Q35 + ICH9, 2009), BIOS 2025.11-3ubuntu7 03/31/2026
00032 RIP: 0010:osd_create+0x9cf/0xcf0 [osd_wbcfs]
00032 Code: c7 c7 00 56 7c a1 48 c7 c6 a0 d2 7d a1 48 c7 c2 00 dc 7d a1 e8 52 f1 43 ff 48 c7 c7 00 56 7c a1 e8 46 81 44 ff e9 fe fc ff ff <0f> 0b e9 a5 fa ff ff 48 c7 c1 80 44 5d a0 80 e1 07 80 c1 03 38 c1
00032 RSP: 0018:ffffc900054ef6e8 EFLAGS: 00010246
00032 RAX: 0000000000000000 RBX: ffff88819a8cdc00 RCX: 0000000000000046
00032 RDX: 0000000000000000 RSI: ffff8881815350d8 RDI: ffff88811e8f8998
00032 RBP: ffff888181535048 R08: ffffffff83a16803 R09: 1ffffffff0742d00
00032 R10: dffffc0000000000 R11: fffffbfff0742d01 R12: ffff88815f9d9400
00032 R13: dffffc0000000000 R14: 1ffff11033519b80 R15: 1ffff1102bf3b28f
00032 FS:  00007fb957644940(0000) GS:ffff88831e6aa000(0000) knlGS:0000000000000000
00032 CS:  0010 DS: 0000 ES: 0000 CR0: 0000000080050033
00032 CR2: 00007fd2720ee200 CR3: 0000000145fb6000 CR4: 0000000000750eb0
00032 PKRU: 55555554
00032 Call Trace:
00032  <TASK>
00032  ? local_object_create+0x109/0x640 [obdclass]
00032  ? dt_write_lock+0x16d/0x2a0 [obdclass]
00032  ? llog_osd_create+0x356/0x10d0 [obdclass]
00032  ? llog_create+0x2ed/0x530 [obdclass]
00032  ? llog_open_create+0x6e7/0xb30 [obdclass]
00032  ? llog_test_7_sub+0xea/0x1250 [llog_test]
00032  ? llog_test_7+0x4a4/0xf50 [llog_test]
00032  ? llog_run_tests+0x3614/0x5ac0 [llog_test]
00032  ? get_random_u32+0x51/0x470
00032  ? llog_test_device_init+0x6e8/0xa20 [llog_test]
00032  ? obd_setup+0x54d/0x950 [obdclass]
00032  ? class_setup+0xc7d/0x10e0 [obdclass]
00032  ? class_process_config+0x2edb/0x7cb0 [obdclass]
00032  ? class_handle_ioctl+0x2055/0x3590 [obdclass]
00032  ? obd_class_ioctl+0x1f6/0x3c0 [obdclass]
00032  ? __x64_sys_ioctl+0x961/0xe00
00032  ? _copy_to_user+0x3d/0x60
00032  ? __x64_sys_rt_sigaction+0x107/0x140
00032  ? do_syscall_64+0xc1/0x350
00032  ? entry_SYSCALL_64_after_hwframe+0x4b/0x53
00032  </TASK>
00032 ---[ end trace 0000000000000000 ]---
00037 Lustre: 2179:0:(llog_test.c:1106:llog_test_7()) 7d: test llog_size_change_rec
00037 ------------[ cut here ]------------
00037 WARNING: /home/ktest/git/linux/include/linux/fs.h:889 at osd_create+0x9cf/0xcf0 [osd_wbcfs], CPU#5: lctl/2179
00037 Modules linked in: llog_test(O) mgs(O) osd_wbcfs(O) lustre(O) obdecho(O) mgc(O) mdc(O) lov(O) osc(O) lmv(O) ec(O) fid(O) fld(O) ptlrpc(O) efivarfs obdclass(O) ksocklnd(O) lnet(O) libcfs(O)
00037 CPU: 5 UID: 0 PID: 2179 Comm: lctl Tainted: G        W  O        7.0.0-ktest-c3885b5-6330a45-20260814-dirty #1 PREEMPT 
00037 Tainted: [W]=WARN, [O]=OOT_MODULE
00037 Hardware name: QEMU Standard PC (Q35 + ICH9, 2009), BIOS 2025.11-3ubuntu7 03/31/2026
00037 RIP: 0010:osd_create+0x9cf/0xcf0 [osd_wbcfs]
00037 Code: c7 c7 00 56 7c a1 48 c7 c6 a0 d2 7d a1 48 c7 c2 00 dc 7d a1 e8 52 f1 43 ff 48 c7 c7 00 56 7c a1 e8 46 81 44 ff e9 fe fc ff ff <0f> 0b e9 a5 fa ff ff 48 c7 c1 80 44 5d a0 80 e1 07 80 c1 03 38 c1
00037 RSP: 0018:ffffc900054ef6e8 EFLAGS: 00010246
00037 RAX: 0000000000000000 RBX: ffff8881660ff800 RCX: 0000000000000046
00037 RDX: 0000000000000000 RSI: ffff8881815349c0 RDI: ffff88811e8f8998
00037 RBP: ffff888181534930 R08: ffffffff83a16803 R09: 1ffffffff0742d00
00037 R10: dffffc0000000000 R11: fffffbfff0742d01 R12: ffff88815f9d9400
00037 R13: dffffc0000000000 R14: 1ffff1102cc1ff00 R15: 1ffff1102bf3b28f
00037 FS:  00007fb957644940(0000) GS:ffff88831e6aa000(0000) knlGS:0000000000000000
00037 CS:  0010 DS: 0000 ES: 0000 CR0: 0000000080050033
00037 CR2: 00007fd2720ee200 CR3: 0000000145fb6000 CR4: 0000000000750eb0
00037 PKRU: 55555554
00037 Call Trace:
00037  <TASK>
00037  ? local_object_create+0x109/0x640 [obdclass]
00037  ? dt_write_lock+0x16d/0x2a0 [obdclass]
00037  ? llog_osd_create+0x356/0x10d0 [obdclass]
00037  ? llog_create+0x2ed/0x530 [obdclass]
00037  ? llog_open_create+0x6e7/0xb30 [obdclass]
00037  ? llog_test_7_sub+0xea/0x1250 [llog_test]
00037  ? llog_test_7+0x5d5/0xf50 [llog_test]
00037  ? llog_run_tests+0x3614/0x5ac0 [llog_test]
00037  ? get_random_u32+0x51/0x470
00037  ? llog_test_device_init+0x6e8/0xa20 [llog_test]
00037  ? obd_setup+0x54d/0x950 [obdclass]
00037  ? class_setup+0xc7d/0x10e0 [obdclass]
00037  ? class_process_config+0x2edb/0x7cb0 [obdclass]
00037  ? class_handle_ioctl+0x2055/0x3590 [obdclass]
00037  ? obd_class_ioctl+0x1f6/0x3c0 [obdclass]
00037  ? __x64_sys_ioctl+0x961/0xe00
00037  ? _copy_to_user+0x3d/0x60
00037  ? __x64_sys_rt_sigaction+0x107/0x140
00037  ? do_syscall_64+0xc1/0x350
00037  ? entry_SYSCALL_64_after_hwframe+0x4b/0x53
00037  </TASK>
00037 ---[ end trace 0000000000000000 ]---
00041 Lustre: 2179:0:(llog_test.c:1117:llog_test_7()) 7e: test llog_changelog_rec
00041 ------------[ cut here ]------------
00041 WARNING: /home/ktest/git/linux/include/linux/fs.h:889 at osd_create+0x9cf/0xcf0 [osd_wbcfs], CPU#5: lctl/2179
00041 Modules linked in: llog_test(O) mgs(O) osd_wbcfs(O) lustre(O) obdecho(O) mgc(O) mdc(O) lov(O) osc(O) lmv(O) ec(O) fid(O) fld(O) ptlrpc(O) efivarfs obdclass(O) ksocklnd(O) lnet(O) libcfs(O)
00041 CPU: 5 UID: 0 PID: 2179 Comm: lctl Tainted: G        W  O        7.0.0-ktest-c3885b5-6330a45-20260814-dirty #1 PREEMPT 
00041 Tainted: [W]=WARN, [O]=OOT_MODULE
00041 Hardware name: QEMU Standard PC (Q35 + ICH9, 2009), BIOS 2025.11-3ubuntu7 03/31/2026
00041 RIP: 0010:osd_create+0x9cf/0xcf0 [osd_wbcfs]
00041 Code: c7 c7 00 56 7c a1 48 c7 c6 a0 d2 7d a1 48 c7 c2 00 dc 7d a1 e8 52 f1 43 ff 48 c7 c7 00 56 7c a1 e8 46 81 44 ff e9 fe fc ff ff <0f> 0b e9 a5 fa ff ff 48 c7 c1 80 44 5d a0 80 e1 07 80 c1 03 38 c1
00041 RSP: 0018:ffffc900054ef6e8 EFLAGS: 00010246
00041 RAX: 0000000000000000 RBX: ffff88811ab6bc00 RCX: 0000000000000046
00041 RDX: 0000000000000000 RSI: ffff8881815342a8 RDI: ffff88811e8f8998
00041 RBP: ffff888181534218 R08: ffffffff83a16803 R09: 1ffffffff0742d00
00041 R10: dffffc0000000000 R11: fffffbfff0742d01 R12: ffff88815f9d9400
00041 R13: dffffc0000000000 R14: 1ffff1102356d780 R15: 1ffff1102bf3b28f
00041 FS:  00007fb957644940(0000) GS:ffff88831e6aa000(0000) knlGS:0000000000000000
00041 CS:  0010 DS: 0000 ES: 0000 CR0: 0000000080050033
00041 CR2: 00007fd2720ee200 CR3: 0000000145fb6000 CR4: 0000000000750eb0
00041 PKRU: 55555554
00041 Call Trace:
00041  <TASK>
00041  ? local_object_create+0x109/0x640 [obdclass]
00041  ? dt_write_lock+0x16d/0x2a0 [obdclass]
00041  ? llog_osd_create+0x356/0x10d0 [obdclass]
00041  ? llog_create+0x2ed/0x530 [obdclass]
00041  ? llog_open_create+0x6e7/0xb30 [obdclass]
00041  ? llog_test_7_sub+0xea/0x1250 [llog_test]
00041  ? llog_test_7+0x706/0xf50 [llog_test]
00041  ? llog_run_tests+0x3614/0x5ac0 [llog_test]
00041  ? get_random_u32+0x51/0x470
00041  ? llog_test_device_init+0x6e8/0xa20 [llog_test]
00041  ? obd_setup+0x54d/0x950 [obdclass]
00041  ? class_setup+0xc7d/0x10e0 [obdclass]
00041  ? class_process_config+0x2edb/0x7cb0 [obdclass]
00041  ? class_handle_ioctl+0x2055/0x3590 [obdclass]
00041  ? obd_class_ioctl+0x1f6/0x3c0 [obdclass]
00041  ? __x64_sys_ioctl+0x961/0xe00
00041  ? _copy_to_user+0x3d/0x60
00041  ? __x64_sys_rt_sigaction+0x107/0x140
00041  ? do_syscall_64+0xc1/0x350
00041  ? entry_SYSCALL_64_after_hwframe+0x4b/0x53
00041  </TASK>
00041 ---[ end trace 0000000000000000 ]---
00044 Lustre: 2179:0:(llog_test.c:1024:llog_test_7_sub()) 7_sub: records are not aligned, written 64071 from 64767
00046 Lustre: 2179:0:(llog_test.c:1129:llog_test_7()) 7f: test llog_changelog_user_rec2
00046 ------------[ cut here ]------------
00046 WARNING: /home/ktest/git/linux/include/linux/fs.h:889 at osd_create+0x9cf/0xcf0 [osd_wbcfs], CPU#5: lctl/2179
00046 Modules linked in: llog_test(O) mgs(O) osd_wbcfs(O) lustre(O) obdecho(O) mgc(O) mdc(O) lov(O) osc(O) lmv(O) ec(O) fid(O) fld(O) ptlrpc(O) efivarfs obdclass(O) ksocklnd(O) lnet(O) libcfs(O)
00046 CPU: 5 UID: 0 PID: 2179 Comm: lctl Tainted: G        W  O        7.0.0-ktest-c3885b5-6330a45-20260814-dirty #1 PREEMPT 
00046 Tainted: [W]=WARN, [O]=OOT_MODULE
00046 Hardware name: QEMU Standard PC (Q35 + ICH9, 2009), BIOS 2025.11-3ubuntu7 03/31/2026
00046 RIP: 0010:osd_create+0x9cf/0xcf0 [osd_wbcfs]
00046 Code: c7 c7 00 56 7c a1 48 c7 c6 a0 d2 7d a1 48 c7 c2 00 dc 7d a1 e8 52 f1 43 ff 48 c7 c7 00 56 7c a1 e8 46 81 44 ff e9 fe fc ff ff <0f> 0b e9 a5 fa ff ff 48 c7 c1 80 44 5d a0 80 e1 07 80 c1 03 38 c1
00046 RSP: 0018:ffffc900054ef6e8 EFLAGS: 00010246
00046 RAX: 0000000000000000 RBX: ffff888189010c00 RCX: 0000000000000046
00046 RDX: 0000000000000000 RSI: ffff888181533b90 RDI: ffff88811e8f8998
00046 RBP: ffff888181533b00 R08: ffffffff83a16803 R09: 1ffffffff0742d00
00046 R10: dffffc0000000000 R11: fffffbfff0742d01 R12: ffff88815f9d9400
00046 R13: dffffc0000000000 R14: 1ffff11031202180 R15: 1ffff1102bf3b28f
00046 FS:  00007fb957644940(0000) GS:ffff88831e6aa000(0000) knlGS:0000000000000000
00046 CS:  0010 DS: 0000 ES: 0000 CR0: 0000000080050033
00046 CR2: 00007fd2720ee200 CR3: 0000000145fb6000 CR4: 0000000000750eb0
00046 PKRU: 55555554
00046 Call Trace:
00046  <TASK>
00046  ? local_object_create+0x109/0x640 [obdclass]
00046  ? dt_write_lock+0x16d/0x2a0 [obdclass]
00046  ? llog_osd_create+0x356/0x10d0 [obdclass]
00046  ? llog_create+0x2ed/0x530 [obdclass]
00046  ? llog_open_create+0x6e7/0xb30 [obdclass]
00046  ? llog_test_7_sub+0xea/0x1250 [llog_test]
00046  ? llog_test_7+0x837/0xf50 [llog_test]
00046  ? llog_run_tests+0x3614/0x5ac0 [llog_test]
00046  ? get_random_u32+0x51/0x470
00046  ? llog_test_device_init+0x6e8/0xa20 [llog_test]
00046  ? obd_setup+0x54d/0x950 [obdclass]
00046  ? class_setup+0xc7d/0x10e0 [obdclass]
00046  ? class_process_config+0x2edb/0x7cb0 [obdclass]
00046  ? class_handle_ioctl+0x2055/0x3590 [obdclass]
00046  ? obd_class_ioctl+0x1f6/0x3c0 [obdclass]
00046  ? __x64_sys_ioctl+0x961/0xe00
00046  ? _copy_to_user+0x3d/0x60
00046  ? __x64_sys_rt_sigaction+0x107/0x140
00046  ? do_syscall_64+0xc1/0x350
00046  ? entry_SYSCALL_64_after_hwframe+0x4b/0x53
00046  </TASK>
00046 ---[ end trace 0000000000000000 ]---
00049 Lustre: 2179:0:(llog_test.c:1024:llog_test_7_sub()) 7_sub: records are not aligned, written 64139 from 64767
00051 Lustre: 2179:0:(llog_test.c:1140:llog_test_7()) 7g: test llog_gen_rec
00051 ------------[ cut here ]------------
00051 WARNING: /home/ktest/git/linux/include/linux/fs.h:889 at osd_create+0x9cf/0xcf0 [osd_wbcfs], CPU#5: lctl/2179
00051 Modules linked in: llog_test(O) mgs(O) osd_wbcfs(O) lustre(O) obdecho(O) mgc(O) mdc(O) lov(O) osc(O) lmv(O) ec(O) fid(O) fld(O) ptlrpc(O) efivarfs obdclass(O) ksocklnd(O) lnet(O) libcfs(O)
00051 CPU: 5 UID: 0 PID: 2179 Comm: lctl Tainted: G        W  O        7.0.0-ktest-c3885b5-6330a45-20260814-dirty #1 PREEMPT 
00051 Tainted: [W]=WARN, [O]=OOT_MODULE
00051 Hardware name: QEMU Standard PC (Q35 + ICH9, 2009), BIOS 2025.11-3ubuntu7 03/31/2026
00051 RIP: 0010:osd_create+0x9cf/0xcf0 [osd_wbcfs]
00051 Code: c7 c7 00 56 7c a1 48 c7 c6 a0 d2 7d a1 48 c7 c2 00 dc 7d a1 e8 52 f1 43 ff 48 c7 c7 00 56 7c a1 e8 46 81 44 ff e9 fe fc ff ff <0f> 0b e9 a5 fa ff ff 48 c7 c1 80 44 5d a0 80 e1 07 80 c1 03 38 c1
00051 RSP: 0018:ffffc900054ef6e8 EFLAGS: 00010246
00051 RAX: 0000000000000000 RBX: ffff88817d4d5000 RCX: 0000000000000046
00051 RDX: 0000000000000000 RSI: ffff888181533478 RDI: ffff88811e8f8998
00051 RBP: ffff8881815333e8 R08: ffffffff83a16803 R09: 1ffffffff0742d00
00051 R10: dffffc0000000000 R11: fffffbfff0742d01 R12: ffff88815f9d9400
00051 R13: dffffc0000000000 R14: 1ffff1102fa9aa00 R15: 1ffff1102bf3b28f
00051 FS:  00007fb957644940(0000) GS:ffff88831e6aa000(0000) knlGS:0000000000000000
00051 CS:  0010 DS: 0000 ES: 0000 CR0: 0000000080050033
00051 CR2: 00007fd2720ee200 CR3: 0000000145fb6000 CR4: 0000000000750eb0
00051 PKRU: 55555554
00051 Call Trace:
00051  <TASK>
00051  ? local_object_create+0x109/0x640 [obdclass]
00051  ? dt_write_lock+0x16d/0x2a0 [obdclass]
00051  ? llog_osd_create+0x356/0x10d0 [obdclass]
00051  ? llog_create+0x2ed/0x530 [obdclass]
00051  ? llog_open_create+0x6e7/0xb30 [obdclass]
00051  ? llog_test_7_sub+0xea/0x1250 [llog_test]
00051  ? llog_test_7+0x968/0xf50 [llog_test]
00051  ? llog_run_tests+0x3614/0x5ac0 [llog_test]
00051  ? get_random_u32+0x51/0x470
00051  ? llog_test_device_init+0x6e8/0xa20 [llog_test]
00051  ? obd_setup+0x54d/0x950 [obdclass]
00051  ? class_setup+0xc7d/0x10e0 [obdclass]
00051  ? class_process_config+0x2edb/0x7cb0 [obdclass]
00051  ? class_handle_ioctl+0x2055/0x3590 [obdclass]
00051  ? obd_class_ioctl+0x1f6/0x3c0 [obdclass]
00051  ? __x64_sys_ioctl+0x961/0xe00
00051  ? _copy_to_user+0x3d/0x60
00051  ? __x64_sys_rt_sigaction+0x107/0x140
00051  ? do_syscall_64+0xc1/0x350
00051  ? entry_SYSCALL_64_after_hwframe+0x4b/0x53
00051  </TASK>
00051 ---[ end trace 0000000000000000 ]---
00060 Lustre: 2179:0:(llog_test.c:1260:llog_test_8()) 8a: fill the first plain llog
00060 ------------[ cut here ]------------
00060 WARNING: /home/ktest/git/linux/include/linux/fs.h:889 at osd_create+0x9cf/0xcf0 [osd_wbcfs], CPU#5: lctl/2179
00060 Modules linked in: llog_test(O) mgs(O) osd_wbcfs(O) lustre(O) obdecho(O) mgc(O) mdc(O) lov(O) osc(O) lmv(O) ec(O) fid(O) fld(O) ptlrpc(O) efivarfs obdclass(O) ksocklnd(O) lnet(O) libcfs(O)
00060 CPU: 5 UID: 0 PID: 2179 Comm: lctl Tainted: G        W  O        7.0.0-ktest-c3885b5-6330a45-20260814-dirty #1 PREEMPT 
00060 Tainted: [W]=WARN, [O]=OOT_MODULE
00060 Hardware name: QEMU Standard PC (Q35 + ICH9, 2009), BIOS 2025.11-3ubuntu7 03/31/2026
00060 RIP: 0010:osd_create+0x9cf/0xcf0 [osd_wbcfs]
00060 Code: c7 c7 00 56 7c a1 48 c7 c6 a0 d2 7d a1 48 c7 c2 00 dc 7d a1 e8 52 f1 43 ff 48 c7 c7 00 56 7c a1 e8 46 81 44 ff e9 fe fc ff ff <0f> 0b e9 a5 fa ff ff 48 c7 c1 80 44 5d a0 80 e1 07 80 c1 03 38 c1
00060 RSP: 0018:ffffc900054ef4c8 EFLAGS: 00010246
00060 RAX: 0000000000000000 RBX: ffff88813c043800 RCX: 0000000000000046
00060 RDX: 0000000000000000 RSI: ffff88819bc6d0d8 RDI: ffff88811e8f89c0
00060 RBP: ffff88819bc6d048 R08: ffffffff83a16803 R09: 1ffffffff0742d00
00060 R10: dffffc0000000000 R11: fffffbfff0742d01 R12: ffff88815f9d9400
00060 R13: dffffc0000000000 R14: 1ffff11027808700 R15: 1ffff1102bf3b28f
00060 FS:  00007fb957644940(0000) GS:ffff88831e6aa000(0000) knlGS:0000000000000000
00060 CS:  0010 DS: 0000 ES: 0000 CR0: 0000000080050033
00060 CR2: 00007fd2720ee200 CR3: 0000000145fb6000 CR4: 0000000000750eb0
00060 PKRU: 55555554
00060 Call Trace:
00060  <TASK>
00060  ? local_object_create+0x109/0x640 [obdclass]
00060  ? dt_write_lock+0x16d/0x2a0 [obdclass]
00060  ? llog_osd_create+0x356/0x10d0 [obdclass]
00060  ? llog_create+0x2ed/0x530 [obdclass]
00060  ? llog_cat_new_log+0x6d1/0x2970 [obdclass]
00060  ? llog_cat_add_rec+0x6ba/0x1960 [obdclass]
00060  ? llog_cat_add+0x499/0x7a0 [obdclass]
00060  ? llog_test_8+0x567/0x1c20 [llog_test]
00060  ? do_raw_spin_unlock+0x52/0x230
00060  ? _raw_spin_unlock+0x23/0x40
00060  ? __llog_ctxt_put+0x1c4/0x2f0 [obdclass]
00060  ? llog_run_tests+0x39a2/0x5ac0 [llog_test]
00060  ? get_random_u32+0x51/0x470
00060  ? llog_test_device_init+0x6e8/0xa20 [llog_test]
00060  ? obd_setup+0x54d/0x950 [obdclass]
00060  ? class_setup+0xc7d/0x10e0 [obdclass]
00060  ? class_process_config+0x2edb/0x7cb0 [obdclass]
00060  ? class_handle_ioctl+0x2055/0x3590 [obdclass]
00060  ? obd_class_ioctl+0x1f6/0x3c0 [obdclass]
00060  ? __x64_sys_ioctl+0x961/0xe00
00060  ? _copy_to_user+0x3d/0x60
00060  ? __x64_sys_rt_sigaction+0x107/0x140
00060  ? do_syscall_64+0xc1/0x350
00060  ? entry_SYSCALL_64_after_hwframe+0x4b/0x53
00060  </TASK>
00060 ---[ end trace 0000000000000000 ]---
00060 Lustre: 2179:0:(llog_test.c:1289:llog_test_8()) 8b: first llog [0x1:0x10:0x0]
00060 Lustre: 2179:0:(llog_test.c:1305:llog_test_8()) 8b: fill the second plain llog
00060 ------------[ cut here ]------------
00060 WARNING: /home/ktest/git/linux/include/linux/fs.h:889 at osd_create+0x9cf/0xcf0 [osd_wbcfs], CPU#5: lctl/2179
00060 Modules linked in: llog_test(O) mgs(O) osd_wbcfs(O) lustre(O) obdecho(O) mgc(O) mdc(O) lov(O) osc(O) lmv(O) ec(O) fid(O) fld(O) ptlrpc(O) efivarfs obdclass(O) ksocklnd(O) lnet(O) libcfs(O)
00060 CPU: 5 UID: 0 PID: 2179 Comm: lctl Tainted: G        W  O        7.0.0-ktest-c3885b5-6330a45-20260814-dirty #1 PREEMPT 
00060 Tainted: [W]=WARN, [O]=OOT_MODULE
00060 Hardware name: QEMU Standard PC (Q35 + ICH9, 2009), BIOS 2025.11-3ubuntu7 03/31/2026
00060 RIP: 0010:osd_create+0x9cf/0xcf0 [osd_wbcfs]
00060 Code: c7 c7 00 56 7c a1 48 c7 c6 a0 d2 7d a1 48 c7 c2 00 dc 7d a1 e8 52 f1 43 ff 48 c7 c7 00 56 7c a1 e8 46 81 44 ff e9 fe fc ff ff <0f> 0b e9 a5 fa ff ff 48 c7 c1 80 44 5d a0 80 e1 07 80 c1 03 38 c1
00060 RSP: 0018:ffffc900054ef4c8 EFLAGS: 00010246
00060 RAX: 0000000000000000 RBX: ffff88813c042400 RCX: 0000000000000046
00060 RDX: 0000000000000000 RSI: ffff88819bc6c9c0 RDI: ffff88811e8f89c0
00060 RBP: ffff88819bc6c930 R08: ffffffff83a16803 R09: 1ffffffff0742d00
00060 R10: dffffc0000000000 R11: fffffbfff0742d01 R12: ffff88815f9d9400
00060 R13: dffffc0000000000 R14: 1ffff11027808480 R15: 1ffff1102bf3b28f
00060 FS:  00007fb957644940(0000) GS:ffff88831e6aa000(0000) knlGS:0000000000000000
00060 CS:  0010 DS: 0000 ES: 0000 CR0: 0000000080050033
00060 CR2: 00007fd2720ee200 CR3: 0000000145fb6000 CR4: 0000000000750eb0
00060 PKRU: 55555554
00060 Call Trace:
00060  <TASK>
00060  ? local_object_create+0x109/0x640 [obdclass]
00060  ? dt_write_lock+0x16d/0x2a0 [obdclass]
00060  ? llog_osd_create+0x356/0x10d0 [obdclass]
00060  ? llog_create+0x2ed/0x530 [obdclass]
00060  ? llog_cat_new_log+0x6d1/0x2970 [obdclass]
00060  ? llog_cat_add_rec+0x6ba/0x1960 [obdclass]
00060  ? llog_cat_add+0x499/0x7a0 [obdclass]
00060  ? llog_test_8+0xd89/0x1c20 [llog_test]
00060  ? do_raw_spin_unlock+0x52/0x230
00060  ? _raw_spin_unlock+0x23/0x40
00060  ? __llog_ctxt_put+0x1c4/0x2f0 [obdclass]
00060  ? llog_run_tests+0x39a2/0x5ac0 [llog_test]
00060  ? get_random_u32+0x51/0x470
00060  ? llog_test_device_init+0x6e8/0xa20 [llog_test]
00060  ? obd_setup+0x54d/0x950 [obdclass]
00060  ? class_setup+0xc7d/0x10e0 [obdclass]
00060  ? class_process_config+0x2edb/0x7cb0 [obdclass]
00060  ? class_handle_ioctl+0x2055/0x3590 [obdclass]
00060  ? obd_class_ioctl+0x1f6/0x3c0 [obdclass]
00060  ? __x64_sys_ioctl+0x961/0xe00
00060  ? _copy_to_user+0x3d/0x60
00060  ? __x64_sys_rt_sigaction+0x107/0x140
00060  ? do_syscall_64+0xc1/0x350
00060  ? entry_SYSCALL_64_after_hwframe+0x4b/0x53
00060  </TASK>
00060 ---[ end trace 0000000000000000 ]---
00060 Lustre: 2179:0:(llog_test.c:1329:llog_test_8()) 8b: pin llog [0x1:0x12:0x0]
00060 Lustre: 2179:0:(llog_test.c:1332:llog_test_8()) 8b: clean first llog record in catalog
00060 Lustre: 2179:0:(llog_test.c:1343:llog_test_8()) 8c: corrupt first chunk in the middle
00060 Lustre: 2179:0:(llog_test.c:1346:llog_test_8()) 8c: corrupt second chunk at start
00060 Lustre: 2179:0:(llog_test.c:1349:llog_test_8()) 8d: count survived records
00060 Lustre: 2179:0:(llog_test.c:1379:llog_test_8()) 8d: close re-opened catalog
00060 Lustre: 2179:0:(llog_test.c:1440:llog_test_9()) 9a: test llog_logid_rec
00060 ------------[ cut here ]------------
00060 WARNING: /home/ktest/git/linux/include/linux/fs.h:889 at osd_create+0x9cf/0xcf0 [osd_wbcfs], CPU#5: lctl/2179
00060 Modules linked in: llog_test(O) mgs(O) osd_wbcfs(O) lustre(O) obdecho(O) mgc(O) mdc(O) lov(O) osc(O) lmv(O) ec(O) fid(O) fld(O) ptlrpc(O) efivarfs obdclass(O) ksocklnd(O) lnet(O) libcfs(O)
00060 CPU: 5 UID: 0 PID: 2179 Comm: lctl Tainted: G        W  O        7.0.0-ktest-c3885b5-6330a45-20260814-dirty #1 PREEMPT 
00060 Tainted: [W]=WARN, [O]=OOT_MODULE
00060 Hardware name: QEMU Standard PC (Q35 + ICH9, 2009), BIOS 2025.11-3ubuntu7 03/31/2026
00060 RIP: 0010:osd_create+0x9cf/0xcf0 [osd_wbcfs]
00060 Code: c7 c7 00 56 7c a1 48 c7 c6 a0 d2 7d a1 48 c7 c2 00 dc 7d a1 e8 52 f1 43 ff 48 c7 c7 00 56 7c a1 e8 46 81 44 ff e9 fe fc ff ff <0f> 0b e9 a5 fa ff ff 48 c7 c1 80 44 5d a0 80 e1 07 80 c1 03 38 c1
00060 RSP: 0018:ffffc900054ef710 EFLAGS: 00010246
00060 RAX: 0000000000000000 RBX: ffff88813b609800 RCX: 0000000000000046
00060 RDX: 0000000000000000 RSI: ffff88819bc6c2a8 RDI: ffff88811e8f8998
00060 RBP: ffff88819bc6c218 R08: ffffffff83a16803 R09: 1ffffffff0742d00
00060 R10: dffffc0000000000 R11: fffffbfff0742d01 R12: ffff88815f9d9400
00060 R13: dffffc0000000000 R14: 1ffff110276c1300 R15: 1ffff1102bf3b28f
00060 FS:  00007fb957644940(0000) GS:ffff88831e6aa000(0000) knlGS:0000000000000000
00060 CS:  0010 DS: 0000 ES: 0000 CR0: 0000000080050033
00060 CR2: 00007fd2720ee200 CR3: 0000000145fb6000 CR4: 0000000000750eb0
00060 PKRU: 55555554
00060 Call Trace:
00060  <TASK>
00060  ? local_object_create+0x109/0x640 [obdclass]
00060  ? dt_write_lock+0x16d/0x2a0 [obdclass]
00060  ? llog_osd_create+0x356/0x10d0 [obdclass]
00060  ? llog_create+0x2ed/0x530 [obdclass]
00060  ? llog_open_create+0x6e7/0xb30 [obdclass]
00060  ? llog_test_9_sub+0xd4/0x800 [llog_test]
00060  ? llog_test_9+0x242/0x960 [llog_test]
00060  ? llog_run_tests+0x3d64/0x5ac0 [llog_test]
00060  ? get_random_u32+0x51/0x470
00060  ? llog_test_device_init+0x6e8/0xa20 [llog_test]
00060  ? obd_setup+0x54d/0x950 [obdclass]
00060  ? class_setup+0xc7d/0x10e0 [obdclass]
00060  ? class_process_config+0x2edb/0x7cb0 [obdclass]
00060  ? class_handle_ioctl+0x2055/0x3590 [obdclass]
00060  ? obd_class_ioctl+0x1f6/0x3c0 [obdclass]
00060  ? __x64_sys_ioctl+0x961/0xe00
00060  ? _copy_to_user+0x3d/0x60
00060  ? __x64_sys_rt_sigaction+0x107/0x140
00060  ? do_syscall_64+0xc1/0x350
00060  ? entry_SYSCALL_64_after_hwframe+0x4b/0x53
00060  </TASK>
00060 ---[ end trace 0000000000000000 ]---
00060 Lustre: 2179:0:(llog_test.c:1424:llog_test_9_sub()) 9_sub: record type 1064553b in log 0x1:0x14:0x0
00060 Lustre: 2179:0:(llog_test.c:1451:llog_test_9()) 9b: test llog_obd_cfg_rec
00060 ------------[ cut here ]------------
00060 WARNING: /home/ktest/git/linux/include/linux/fs.h:889 at osd_create+0x9cf/0xcf0 [osd_wbcfs], CPU#5: lctl/2179
00060 Modules linked in: llog_test(O) mgs(O) osd_wbcfs(O) lustre(O) obdecho(O) mgc(O) mdc(O) lov(O) osc(O) lmv(O) ec(O) fid(O) fld(O) ptlrpc(O) efivarfs obdclass(O) ksocklnd(O) lnet(O) libcfs(O)
00060 CPU: 5 UID: 0 PID: 2179 Comm: lctl Tainted: G        W  O        7.0.0-ktest-c3885b5-6330a45-20260814-dirty #1 PREEMPT 
00060 Tainted: [W]=WARN, [O]=OOT_MODULE
00060 Hardware name: QEMU Standard PC (Q35 + ICH9, 2009), BIOS 2025.11-3ubuntu7 03/31/2026
00060 RIP: 0010:osd_create+0x9cf/0xcf0 [osd_wbcfs]
00060 Code: c7 c7 00 56 7c a1 48 c7 c6 a0 d2 7d a1 48 c7 c2 00 dc 7d a1 e8 52 f1 43 ff 48 c7 c7 00 56 7c a1 e8 46 81 44 ff e9 fe fc ff ff <0f> 0b e9 a5 fa ff ff 48 c7 c1 80 44 5d a0 80 e1 07 80 c1 03 38 c1
00060 RSP: 0018:ffffc900054ef710 EFLAGS: 00010246
00060 RAX: 0000000000000000 RBX: ffff88813b608c00 RCX: 0000000000000046
00060 RDX: 0000000000000000 RSI: ffff88819bc6bb90 RDI: ffff88811e8f8998
00060 RBP: ffff88819bc6bb00 R08: ffffffff83a16803 R09: 1ffffffff0742d00
00060 R10: dffffc0000000000 R11: fffffbfff0742d01 R12: ffff88815f9d9400
00060 R13: dffffc0000000000 R14: 1ffff110276c1180 R15: 1ffff1102bf3b28f
00060 FS:  00007fb957644940(0000) GS:ffff88831e6aa000(0000) knlGS:0000000000000000
00060 CS:  0010 DS: 0000 ES: 0000 CR0: 0000000080050033
00060 CR2: 00007fd2720ee200 CR3: 0000000145fb6000 CR4: 0000000000750eb0
00060 PKRU: 55555554
00060 Call Trace:
00060  <TASK>
00060  ? local_object_create+0x109/0x640 [obdclass]
00060  ? dt_write_lock+0x16d/0x2a0 [obdclass]
00060  ? llog_osd_create+0x356/0x10d0 [obdclass]
00060  ? llog_create+0x2ed/0x530 [obdclass]
00060  ? llog_open_create+0x6e7/0xb30 [obdclass]
00060  ? llog_test_9_sub+0xd4/0x800 [llog_test]
00060  ? llog_test_9+0x373/0x960 [llog_test]
00060  ? llog_run_tests+0x3d64/0x5ac0 [llog_test]
00060  ? get_random_u32+0x51/0x470
00060  ? llog_test_device_init+0x6e8/0xa20 [llog_test]
00060  ? obd_setup+0x54d/0x950 [obdclass]
00060  ? class_setup+0xc7d/0x10e0 [obdclass]
00060  ? class_process_config+0x2edb/0x7cb0 [obdclass]
00060  ? class_handle_ioctl+0x2055/0x3590 [obdclass]
00060  ? obd_class_ioctl+0x1f6/0x3c0 [obdclass]
00060  ? __x64_sys_ioctl+0x961/0xe00
00060  ? _copy_to_user+0x3d/0x60
00060  ? __x64_sys_rt_sigaction+0x107/0x140
00060  ? do_syscall_64+0xc1/0x350
00060  ? entry_SYSCALL_64_after_hwframe+0x4b/0x53
00060  </TASK>
00060 ---[ end trace 0000000000000000 ]---
00060 Lustre: 2179:0:(llog_test.c:1462:llog_test_9()) 9c: test llog_changelog_rec
00060 ------------[ cut here ]------------
00060 WARNING: /home/ktest/git/linux/include/linux/fs.h:889 at osd_create+0x9cf/0xcf0 [osd_wbcfs], CPU#5: lctl/2179
00060 Modules linked in: llog_test(O) mgs(O) osd_wbcfs(O) lustre(O) obdecho(O) mgc(O) mdc(O) lov(O) osc(O) lmv(O) ec(O) fid(O) fld(O) ptlrpc(O) efivarfs obdclass(O) ksocklnd(O) lnet(O) libcfs(O)
00060 CPU: 5 UID: 0 PID: 2179 Comm: lctl Tainted: G        W  O        7.0.0-ktest-c3885b5-6330a45-20260814-dirty #1 PREEMPT 
00060 Tainted: [W]=WARN, [O]=OOT_MODULE
00060 Hardware name: QEMU Standard PC (Q35 + ICH9, 2009), BIOS 2025.11-3ubuntu7 03/31/2026
00060 RIP: 0010:osd_create+0x9cf/0xcf0 [osd_wbcfs]
00060 Code: c7 c7 00 56 7c a1 48 c7 c6 a0 d2 7d a1 48 c7 c2 00 dc 7d a1 e8 52 f1 43 ff 48 c7 c7 00 56 7c a1 e8 46 81 44 ff e9 fe fc ff ff <0f> 0b e9 a5 fa ff ff 48 c7 c1 80 44 5d a0 80 e1 07 80 c1 03 38 c1
00060 RSP: 0018:ffffc900054ef710 EFLAGS: 00010246
00060 RAX: 0000000000000000 RBX: ffff88813b608400 RCX: 0000000000000046
00060 RDX: 0000000000000000 RSI: ffff88819bc6b478 RDI: ffff88811e8f8998
00060 RBP: ffff88819bc6b3e8 R08: ffffffff83a16803 R09: 1ffffffff0742d00
00060 R10: dffffc0000000000 R11: fffffbfff0742d01 R12: ffff88815f9d9400
00060 R13: dffffc0000000000 R14: 1ffff110276c1080 R15: 1ffff1102bf3b28f
00060 FS:  00007fb957644940(0000) GS:ffff88831e6aa000(0000) knlGS:0000000000000000
00060 CS:  0010 DS: 0000 ES: 0000 CR0: 0000000080050033
00060 CR2: 00007fd2720ee200 CR3: 0000000145fb6000 CR4: 0000000000750eb0
00060 PKRU: 55555554
00060 Call Trace:
00060  <TASK>
00060  ? local_object_create+0x109/0x640 [obdclass]
00060  ? dt_write_lock+0x16d/0x2a0 [obdclass]
00060  ? llog_osd_create+0x356/0x10d0 [obdclass]
00060  ? llog_create+0x2ed/0x530 [obdclass]
00060  ? llog_open_create+0x6e7/0xb30 [obdclass]
00060  ? llog_test_9_sub+0xd4/0x800 [llog_test]
00060  ? llog_test_9+0x4a4/0x960 [llog_test]
00060  ? llog_run_tests+0x3d64/0x5ac0 [llog_test]
00060  ? get_random_u32+0x51/0x470
00060  ? llog_test_device_init+0x6e8/0xa20 [llog_test]
00060  ? obd_setup+0x54d/0x950 [obdclass]
00060  ? class_setup+0xc7d/0x10e0 [obdclass]
00060  ? class_process_config+0x2edb/0x7cb0 [obdclass]
00060  ? class_handle_ioctl+0x2055/0x3590 [obdclass]
00060  ? obd_class_ioctl+0x1f6/0x3c0 [obdclass]
00060  ? __x64_sys_ioctl+0x961/0xe00
00060  ? _copy_to_user+0x3d/0x60
00060  ? __x64_sys_rt_sigaction+0x107/0x140
00060  ? do_syscall_64+0xc1/0x350
00060  ? entry_SYSCALL_64_after_hwframe+0x4b/0x53
00060  </TASK>
00060 ---[ end trace 0000000000000000 ]---
00060 Lustre: 2179:0:(llog_test.c:1474:llog_test_9()) 9d: test llog_changelog_user_rec2
00060 ------------[ cut here ]------------
00060 WARNING: /home/ktest/git/linux/include/linux/fs.h:889 at osd_create+0x9cf/0xcf0 [osd_wbcfs], CPU#5: lctl/2179
00060 Modules linked in: llog_test(O) mgs(O) osd_wbcfs(O) lustre(O) obdecho(O) mgc(O) mdc(O) lov(O) osc(O) lmv(O) ec(O) fid(O) fld(O) ptlrpc(O) efivarfs obdclass(O) ksocklnd(O) lnet(O) libcfs(O)
00060 CPU: 5 UID: 0 PID: 2179 Comm: lctl Tainted: G        W  O        7.0.0-ktest-c3885b5-6330a45-20260814-dirty #1 PREEMPT 
00060 Tainted: [W]=WARN, [O]=OOT_MODULE
00060 Hardware name: QEMU Standard PC (Q35 + ICH9, 2009), BIOS 2025.11-3ubuntu7 03/31/2026
00060 RIP: 0010:osd_create+0x9cf/0xcf0 [osd_wbcfs]
00060 Code: c7 c7 00 56 7c a1 48 c7 c6 a0 d2 7d a1 48 c7 c2 00 dc 7d a1 e8 52 f1 43 ff 48 c7 c7 00 56 7c a1 e8 46 81 44 ff e9 fe fc ff ff <0f> 0b e9 a5 fa ff ff 48 c7 c1 80 44 5d a0 80 e1 07 80 c1 03 38 c1
00060 RSP: 0018:ffffc900054ef710 EFLAGS: 00010246
00060 RAX: 0000000000000000 RBX: ffff88813c047c00 RCX: 0000000000000046
00060 RDX: 0000000000000000 RSI: ffff88819bc6ad60 RDI: ffff88811e8f8998
00060 RBP: ffff88819bc6acd0 R08: ffffffff83a16803 R09: 1ffffffff0742d00
00060 R10: dffffc0000000000 R11: fffffbfff0742d01 R12: ffff88815f9d9400
00060 R13: dffffc0000000000 R14: 1ffff11027808f80 R15: 1ffff1102bf3b28f
00060 FS:  00007fb957644940(0000) GS:ffff88831e6aa000(0000) knlGS:0000000000000000
00060 CS:  0010 DS: 0000 ES: 0000 CR0: 0000000080050033
00060 CR2: 00007fd2720ee200 CR3: 0000000145fb6000 CR4: 0000000000750eb0
00060 PKRU: 55555554
00060 Call Trace:
00060  <TASK>
00060  ? local_object_create+0x109/0x640 [obdclass]
00060  ? dt_write_lock+0x16d/0x2a0 [obdclass]
00060  ? llog_osd_create+0x356/0x10d0 [obdclass]
00060  ? llog_create+0x2ed/0x530 [obdclass]
00060  ? llog_open_create+0x6e7/0xb30 [obdclass]
00060  ? llog_test_9_sub+0xd4/0x800 [llog_test]
00060  ? llog_test_9+0x5d5/0x960 [llog_test]
00060  ? llog_run_tests+0x3d64/0x5ac0 [llog_test]
00060  ? get_random_u32+0x51/0x470
00060  ? llog_test_device_init+0x6e8/0xa20 [llog_test]
00060  ? obd_setup+0x54d/0x950 [obdclass]
00060  ? class_setup+0xc7d/0x10e0 [obdclass]
00060  ? class_process_config+0x2edb/0x7cb0 [obdclass]
00060  ? class_handle_ioctl+0x2055/0x3590 [obdclass]
00060  ? obd_class_ioctl+0x1f6/0x3c0 [obdclass]
00060  ? __x64_sys_ioctl+0x961/0xe00
00060  ? _copy_to_user+0x3d/0x60
00060  ? __x64_sys_rt_sigaction+0x107/0x140
00060  ? do_syscall_64+0xc1/0x350
00060  ? entry_SYSCALL_64_after_hwframe+0x4b/0x53
00060  </TASK>
00060 ---[ end trace 0000000000000000 ]---
00060 Lustre: 2179:0:(llog_test.c:1575:llog_test_10()) 10a: create a catalog log with name: d1b51461
00060 ------------[ cut here ]------------
00060 WARNING: /home/ktest/git/linux/include/linux/fs.h:889 at osd_create+0x9cf/0xcf0 [osd_wbcfs], CPU#5: lctl/2179
00060 Modules linked in: llog_test(O) mgs(O) osd_wbcfs(O) lustre(O) obdecho(O) mgc(O) mdc(O) lov(O) osc(O) lmv(O) ec(O) fid(O) fld(O) ptlrpc(O) efivarfs obdclass(O) ksocklnd(O) lnet(O) libcfs(O)
00060 CPU: 5 UID: 0 PID: 2179 Comm: lctl Tainted: G        W  O        7.0.0-ktest-c3885b5-6330a45-20260814-dirty #1 PREEMPT 
00060 Tainted: [W]=WARN, [O]=OOT_MODULE
00060 Hardware name: QEMU Standard PC (Q35 + ICH9, 2009), BIOS 2025.11-3ubuntu7 03/31/2026
00060 RIP: 0010:osd_create+0x9cf/0xcf0 [osd_wbcfs]
00060 Code: c7 c7 00 56 7c a1 48 c7 c6 a0 d2 7d a1 48 c7 c2 00 dc 7d a1 e8 52 f1 43 ff 48 c7 c7 00 56 7c a1 e8 46 81 44 ff e9 fe fc ff ff <0f> 0b e9 a5 fa ff ff 48 c7 c1 80 44 5d a0 80 e1 07 80 c1 03 38 c1
00060 RSP: 0018:ffffc900054ef5c8 EFLAGS: 00010246
00060 RAX: 0000000000000000 RBX: ffff88813c047400 RCX: 0000000000000046
00060 RDX: 0000000000000000 RSI: ffff88819bc6a648 RDI: ffff88811e8f8998
00060 RBP: ffff88819bc6a5b8 R08: ffffffff83a16803 R09: 1ffffffff0742d00
00060 R10: dffffc0000000000 R11: fffffbfff0742d01 R12: ffff88815f9d9400
00060 R13: dffffc0000000000 R14: 1ffff11027808e80 R15: 1ffff1102bf3b28f
00060 FS:  00007fb957644940(0000) GS:ffff88831e6aa000(0000) knlGS:0000000000000000
00060 CS:  0010 DS: 0000 ES: 0000 CR0: 0000000080050033
00060 CR2: 00007fd2720ee200 CR3: 0000000145fb6000 CR4: 0000000000750eb0
00060 PKRU: 55555554
00060 Call Trace:
00060  <TASK>
00060  ? local_object_create+0x109/0x640 [obdclass]
00060  ? dt_write_lock+0x16d/0x2a0 [obdclass]
00060  ? llog_osd_create+0x356/0x10d0 [obdclass]
00060  ? llog_create+0x2ed/0x530 [obdclass]
00060  ? llog_open_create+0x6e7/0xb30 [obdclass]
00060  ? llog_test_10+0x2e1/0x5520 [llog_test]
00060  ? lu_object_put+0xa64/0x1210 [obdclass]
00060  ? do_raw_spin_unlock+0x52/0x230
00060  ? _raw_spin_unlock+0x23/0x40
00060  ? __llog_ctxt_put+0x1c4/0x2f0 [obdclass]
00060  ? llog_run_tests+0x3f45/0x5ac0 [llog_test]
00060  ? get_random_u32+0x51/0x470
00060  ? llog_test_device_init+0x6e8/0xa20 [llog_test]
00060  ? obd_setup+0x54d/0x950 [obdclass]
00060  ? class_setup+0xc7d/0x10e0 [obdclass]
00060  ? class_process_config+0x2edb/0x7cb0 [obdclass]
00060  ? class_handle_ioctl+0x2055/0x3590 [obdclass]
00060  ? obd_class_ioctl+0x1f6/0x3c0 [obdclass]
00060  ? __x64_sys_ioctl+0x961/0xe00
00060  ? _copy_to_user+0x3d/0x60
00060  ? __x64_sys_rt_sigaction+0x107/0x140
00060  ? do_syscall_64+0xc1/0x350
00060  ? entry_SYSCALL_64_after_hwframe+0x4b/0x53
00060  </TASK>
00060 ---[ end trace 0000000000000000 ]---
00060 Lustre: 2179:0:(llog_test.c:1605:llog_test_10()) 10b: write 64767 log records
00060 ------------[ cut here ]------------
00060 WARNING: /home/ktest/git/linux/include/linux/fs.h:889 at osd_create+0x9cf/0xcf0 [osd_wbcfs], CPU#5: lctl/2179
00060 Modules linked in: llog_test(O) mgs(O) osd_wbcfs(O) lustre(O) obdecho(O) mgc(O) mdc(O) lov(O) osc(O) lmv(O) ec(O) fid(O) fld(O) ptlrpc(O) efivarfs obdclass(O) ksocklnd(O) lnet(O) libcfs(O)
00060 CPU: 5 UID: 0 PID: 2179 Comm: lctl Tainted: G        W  O        7.0.0-ktest-c3885b5-6330a45-20260814-dirty #1 PREEMPT 
00060 Tainted: [W]=WARN, [O]=OOT_MODULE
00060 Hardware name: QEMU Standard PC (Q35 + ICH9, 2009), BIOS 2025.11-3ubuntu7 03/31/2026
00060 RIP: 0010:osd_create+0x9cf/0xcf0 [osd_wbcfs]
00060 Code: c7 c7 00 56 7c a1 48 c7 c6 a0 d2 7d a1 48 c7 c2 00 dc 7d a1 e8 52 f1 43 ff 48 c7 c7 00 56 7c a1 e8 46 81 44 ff e9 fe fc ff ff <0f> 0b e9 a5 fa ff ff 48 c7 c1 80 44 5d a0 80 e1 07 80 c1 03 38 c1
00060 RSP: 0018:ffffc900054ef478 EFLAGS: 00010246
00060 RAX: 0000000000000000 RBX: ffff88813b60cc00 RCX: 0000000000000046
00060 RDX: 0000000000000000 RSI: ffff88819bc69f30 RDI: ffff88811e8f89c0
00060 RBP: ffff88819bc69ea0 R08: ffffffff83a16803 R09: 1ffffffff0742d00
00060 R10: dffffc0000000000 R11: fffffbfff0742d01 R12: ffff88815f9d9400
00060 R13: dffffc0000000000 R14: 1ffff110276c1980 R15: 1ffff1102bf3b28f
00060 FS:  00007fb957644940(0000) GS:ffff88831e6aa000(0000) knlGS:0000000000000000
00060 CS:  0010 DS: 0000 ES: 0000 CR0: 0000000080050033
00060 CR2: 00007fd2720ee200 CR3: 0000000145fb6000 CR4: 0000000000750eb0
00060 PKRU: 55555554
00060 Call Trace:
00060  <TASK>
00060  ? local_object_create+0x109/0x640 [obdclass]
00060  ? dt_write_lock+0x16d/0x2a0 [obdclass]
00060  ? llog_osd_create+0x356/0x10d0 [obdclass]
00060  ? llog_create+0x2ed/0x530 [obdclass]
00060  ? llog_cat_new_log+0x6d1/0x2970 [obdclass]
00060  ? llog_cat_add_rec+0x6ba/0x1960 [obdclass]
00060  ? llog_cat_add+0x499/0x7a0 [obdclass]
00060  ? llog_test_10+0x6d0/0x5520 [llog_test]
00060  ? lu_object_put+0xa64/0x1210 [obdclass]
00060  ? do_raw_spin_unlock+0x52/0x230
00060  ? _raw_spin_unlock+0x23/0x40
00060  ? __llog_ctxt_put+0x1c4/0x2f0 [obdclass]
00060  ? llog_run_tests+0x3f45/0x5ac0 [llog_test]
00060  ? get_random_u32+0x51/0x470
00060  ? llog_test_device_init+0x6e8/0xa20 [llog_test]
00060  ? obd_setup+0x54d/0x950 [obdclass]
00060  ? class_setup+0xc7d/0x10e0 [obdclass]
00060  ? class_process_config+0x2edb/0x7cb0 [obdclass]
00060  ? class_handle_ioctl+0x2055/0x3590 [obdclass]
00060  ? obd_class_ioctl+0x1f6/0x3c0 [obdclass]
00060  ? __x64_sys_ioctl+0x961/0xe00
00060  ? _copy_to_user+0x3d/0x60
00060  ? __x64_sys_rt_sigaction+0x107/0x140
00060  ? do_syscall_64+0xc1/0x350
00060  ? entry_SYSCALL_64_after_hwframe+0x4b/0x53
00060  </TASK>
00060 ---[ end trace 0000000000000000 ]---
00062 ------------[ cut here ]------------
00062 WARNING: /home/ktest/git/linux/include/linux/fs.h:889 at osd_create+0x9cf/0xcf0 [osd_wbcfs], CPU#5: lctl/2179
00062 Modules linked in: llog_test(O) mgs(O) osd_wbcfs(O) lustre(O) obdecho(O) mgc(O) mdc(O) lov(O) osc(O) lmv(O) ec(O) fid(O) fld(O) ptlrpc(O) efivarfs obdclass(O) ksocklnd(O) lnet(O) libcfs(O)
00062 CPU: 5 UID: 0 PID: 2179 Comm: lctl Tainted: G        W  O        7.0.0-ktest-c3885b5-6330a45-20260814-dirty #1 PREEMPT 
00062 Tainted: [W]=WARN, [O]=OOT_MODULE
00062 Hardware name: QEMU Standard PC (Q35 + ICH9, 2009), BIOS 2025.11-3ubuntu7 03/31/2026
00062 RIP: 0010:osd_create+0x9cf/0xcf0 [osd_wbcfs]
00062 Code: c7 c7 00 56 7c a1 48 c7 c6 a0 d2 7d a1 48 c7 c2 00 dc 7d a1 e8 52 f1 43 ff 48 c7 c7 00 56 7c a1 e8 46 81 44 ff e9 fe fc ff ff <0f> 0b e9 a5 fa ff ff 48 c7 c1 80 44 5d a0 80 e1 07 80 c1 03 38 c1
00062 RSP: 0018:ffffc900054ef478 EFLAGS: 00010246
00062 RAX: 0000000000000000 RBX: ffff88813b60c400 RCX: 0000000000000046
00062 RDX: 0000000000000000 RSI: ffff88819bc69818 RDI: ffff88811e8f89c0
00062 RBP: ffff88819bc69788 R08: ffffffff83a16803 R09: 1ffffffff0742d00
00062 R10: dffffc0000000000 R11: fffffbfff0742d01 R12: ffff88815f9d9400
00062 R13: dffffc0000000000 R14: 1ffff110276c1880 R15: 1ffff1102bf3b28f
00062 FS:  00007fb957644940(0000) GS:ffff88831e6aa000(0000) knlGS:0000000000000000
00062 CS:  0010 DS: 0000 ES: 0000 CR0: 0000000080050033
00062 CR2: 00007fd2720ee200 CR3: 0000000145fb6000 CR4: 0000000000750eb0
00062 PKRU: 55555554
00062 Call Trace:
00062  <TASK>
00062  ? local_object_create+0x109/0x640 [obdclass]
00062  ? dt_write_lock+0x16d/0x2a0 [obdclass]
00062  ? llog_osd_create+0x356/0x10d0 [obdclass]
00062  ? llog_create+0x2ed/0x530 [obdclass]
00062  ? llog_cat_new_log+0x6d1/0x2970 [obdclass]
00062  ? llog_cat_add_rec+0x6ba/0x1960 [obdclass]
00062  ? llog_cat_add+0x499/0x7a0 [obdclass]
00062  ? llog_test_10+0x6d0/0x5520 [llog_test]
00062  ? lu_object_put+0xa64/0x1210 [obdclass]
00062  ? do_raw_spin_unlock+0x52/0x230
00062  ? _raw_spin_unlock+0x23/0x40
00062  ? __llog_ctxt_put+0x1c4/0x2f0 [obdclass]
00062  ? llog_run_tests+0x3f45/0x5ac0 [llog_test]
00062  ? get_random_u32+0x51/0x470
00062  ? llog_test_device_init+0x6e8/0xa20 [llog_test]
00062  ? obd_setup+0x54d/0x950 [obdclass]
00062  ? class_setup+0xc7d/0x10e0 [obdclass]
00062  ? class_process_config+0x2edb/0x7cb0 [obdclass]
00062  ? class_handle_ioctl+0x2055/0x3590 [obdclass]
00062  ? obd_class_ioctl+0x1f6/0x3c0 [obdclass]
00062  ? __x64_sys_ioctl+0x961/0xe00
00062  ? _copy_to_user+0x3d/0x60
00062  ? __x64_sys_rt_sigaction+0x107/0x140
00062  ? do_syscall_64+0xc1/0x350
00062  ? entry_SYSCALL_64_after_hwframe+0x4b/0x53
00062  </TASK>
00062 ---[ end trace 0000000000000000 ]---
00062 Lustre: 2179:0:(llog_test.c:1631:llog_test_10()) 10c: write 129534 more log records
00065 ------------[ cut here ]------------
00065 WARNING: /home/ktest/git/linux/include/linux/fs.h:889 at osd_create+0x9cf/0xcf0 [osd_wbcfs], CPU#5: lctl/2179
00065 Modules linked in: llog_test(O) mgs(O) osd_wbcfs(O) lustre(O) obdecho(O) mgc(O) mdc(O) lov(O) osc(O) lmv(O) ec(O) fid(O) fld(O) ptlrpc(O) efivarfs obdclass(O) ksocklnd(O) lnet(O) libcfs(O)
00065 CPU: 5 UID: 0 PID: 2179 Comm: lctl Tainted: G        W  O        7.0.0-ktest-c3885b5-6330a45-20260814-dirty #1 PREEMPT 
00065 Tainted: [W]=WARN, [O]=OOT_MODULE
00065 Hardware name: QEMU Standard PC (Q35 + ICH9, 2009), BIOS 2025.11-3ubuntu7 03/31/2026
00065 RIP: 0010:osd_create+0x9cf/0xcf0 [osd_wbcfs]
00065 Code: c7 c7 00 56 7c a1 48 c7 c6 a0 d2 7d a1 48 c7 c2 00 dc 7d a1 e8 52 f1 43 ff 48 c7 c7 00 56 7c a1 e8 46 81 44 ff e9 fe fc ff ff <0f> 0b e9 a5 fa ff ff 48 c7 c1 80 44 5d a0 80 e1 07 80 c1 03 38 c1
00065 RSP: 0018:ffffc900054ef478 EFLAGS: 00010246
00065 RAX: 0000000000000000 RBX: ffff88818fd42400 RCX: 0000000000000046
00065 RDX: 0000000000000000 RSI: ffff88819bc69100 RDI: ffff88811e8f89c0
00065 RBP: ffff88819bc69070 R08: ffffffff83a16803 R09: 1ffffffff0742d00
00065 R10: dffffc0000000000 R11: fffffbfff0742d01 R12: ffff88815f9d9400
00065 R13: dffffc0000000000 R14: 1ffff11031fa8480 R15: 1ffff1102bf3b28f
00065 FS:  00007fb957644940(0000) GS:ffff88831e6aa000(0000) knlGS:0000000000000000
00065 CS:  0010 DS: 0000 ES: 0000 CR0: 0000000080050033
00065 CR2: 00007fd2720ee200 CR3: 0000000145fb6000 CR4: 0000000000750eb0
00065 PKRU: 55555554
00065 Call Trace:
00065  <TASK>
00065  ? local_object_create+0x109/0x640 [obdclass]
00065  ? dt_write_lock+0x16d/0x2a0 [obdclass]
00065  ? llog_osd_create+0x356/0x10d0 [obdclass]
00065  ? llog_create+0x2ed/0x530 [obdclass]
00065  ? llog_cat_new_log+0x6d1/0x2970 [obdclass]
00065  ? llog_cat_add_rec+0x6ba/0x1960 [obdclass]
00065  ? llog_cat_add+0x499/0x7a0 [obdclass]
00065  ? llog_test_10+0x986/0x5520 [llog_test]
00065  ? lu_object_put+0xa64/0x1210 [obdclass]
00065  ? do_raw_spin_unlock+0x52/0x230
00065  ? _raw_spin_unlock+0x23/0x40
00065  ? __llog_ctxt_put+0x1c4/0x2f0 [obdclass]
00065  ? llog_run_tests+0x3f45/0x5ac0 [llog_test]
00065  ? get_random_u32+0x51/0x470
00065  ? llog_test_device_init+0x6e8/0xa20 [llog_test]
00065  ? obd_setup+0x54d/0x950 [obdclass]
00065  ? class_setup+0xc7d/0x10e0 [obdclass]
00065  ? class_process_config+0x2edb/0x7cb0 [obdclass]
00065  ? class_handle_ioctl+0x2055/0x3590 [obdclass]
00065  ? obd_class_ioctl+0x1f6/0x3c0 [obdclass]
00065  ? __x64_sys_ioctl+0x961/0xe00
00065  ? _copy_to_user+0x3d/0x60
00065  ? __x64_sys_rt_sigaction+0x107/0x140
00065  ? do_syscall_64+0xc1/0x350
00065  ? entry_SYSCALL_64_after_hwframe+0x4b/0x53
00065  </TASK>
00065 ---[ end trace 0000000000000000 ]---
00067 ------------[ cut here ]------------
00067 WARNING: /home/ktest/git/linux/include/linux/fs.h:889 at osd_create+0x9cf/0xcf0 [osd_wbcfs], CPU#5: lctl/2179
00067 Modules linked in: llog_test(O) mgs(O) osd_wbcfs(O) lustre(O) obdecho(O) mgc(O) mdc(O) lov(O) osc(O) lmv(O) ec(O) fid(O) fld(O) ptlrpc(O) efivarfs obdclass(O) ksocklnd(O) lnet(O) libcfs(O)
00067 CPU: 5 UID: 0 PID: 2179 Comm: lctl Tainted: G        W  O        7.0.0-ktest-c3885b5-6330a45-20260814-dirty #1 PREEMPT 
00067 Tainted: [W]=WARN, [O]=OOT_MODULE
00067 Hardware name: QEMU Standard PC (Q35 + ICH9, 2009), BIOS 2025.11-3ubuntu7 03/31/2026
00067 RIP: 0010:osd_create+0x9cf/0xcf0 [osd_wbcfs]
00067 Code: c7 c7 00 56 7c a1 48 c7 c6 a0 d2 7d a1 48 c7 c2 00 dc 7d a1 e8 52 f1 43 ff 48 c7 c7 00 56 7c a1 e8 46 81 44 ff e9 fe fc ff ff <0f> 0b e9 a5 fa ff ff 48 c7 c1 80 44 5d a0 80 e1 07 80 c1 03 38 c1
00067 RSP: 0018:ffffc900054ef478 EFLAGS: 00010246
00067 RAX: 0000000000000000 RBX: ffff88811e93f400 RCX: 0000000000000046
00067 RDX: 0000000000000000 RSI: ffff88819bc689e8 RDI: ffff88811e8f89c0
00067 RBP: ffff88819bc68958 R08: ffffffff83a16803 R09: 1ffffffff0742d00
00067 R10: dffffc0000000000 R11: fffffbfff0742d01 R12: ffff88815f9d9400
00067 R13: dffffc0000000000 R14: 1ffff11023d27e80 R15: 1ffff1102bf3b28f
00067 FS:  00007fb957644940(0000) GS:ffff88831e6aa000(0000) knlGS:0000000000000000
00067 CS:  0010 DS: 0000 ES: 0000 CR0: 0000000080050033
00067 CR2: 00007fd2720ee200 CR3: 0000000145fb6000 CR4: 0000000000750eb0
00067 PKRU: 55555554
00067 Call Trace:
00067  <TASK>
00067  ? local_object_create+0x109/0x640 [obdclass]
00067  ? dt_write_lock+0x16d/0x2a0 [obdclass]
00067  ? llog_osd_create+0x356/0x10d0 [obdclass]
00067  ? llog_create+0x2ed/0x530 [obdclass]
00067  ? llog_cat_new_log+0x6d1/0x2970 [obdclass]
00067  ? llog_cat_add_rec+0x6ba/0x1960 [obdclass]
00067  ? llog_cat_add+0x499/0x7a0 [obdclass]
00067  ? llog_test_10+0x986/0x5520 [llog_test]
00067  ? lu_object_put+0xa64/0x1210 [obdclass]
00067  ? do_raw_spin_unlock+0x52/0x230
00067  ? _raw_spin_unlock+0x23/0x40
00067  ? __llog_ctxt_put+0x1c4/0x2f0 [obdclass]
00067  ? llog_run_tests+0x3f45/0x5ac0 [llog_test]
00067  ? get_random_u32+0x51/0x470
00067  ? llog_test_device_init+0x6e8/0xa20 [llog_test]
00067  ? obd_setup+0x54d/0x950 [obdclass]
00067  ? class_setup+0xc7d/0x10e0 [obdclass]
00067  ? class_process_config+0x2edb/0x7cb0 [obdclass]
00067  ? class_handle_ioctl+0x2055/0x3590 [obdclass]
00067  ? obd_class_ioctl+0x1f6/0x3c0 [obdclass]
00067  ? __x64_sys_ioctl+0x961/0xe00
00067  ? _copy_to_user+0x3d/0x60
00067  ? __x64_sys_rt_sigaction+0x107/0x140
00067  ? do_syscall_64+0xc1/0x350
00067  ? entry_SYSCALL_64_after_hwframe+0x4b/0x53
00067  </TASK>
00067 ---[ end trace 0000000000000000 ]---
00068 Lustre: 2179:0:(llog_test.c:1663:llog_test_10()) 10c: write 64767 more log records
00070 Lustre: 2179:0:(llog_cat.c:80:llog_cat_new_log()) MGS: there are no more free slots in catalog d1b51461
00070 LustreError: 2179:0:(llog_cat.c:588:llog_cat_add_rec()) MGS: initialization error: rc = -28
00070 Lustre: 2179:0:(llog_test.c:1689:llog_test_10()) 10c: wrote 64011 records then 756 failed with ENOSPC
00070 Lustre: 2179:0:(llog_test.c:1708:llog_test_10()) 10d: Cancel 64767 records, see one log zapped
00072 Lustre: 2179:0:(llog_test.c:1722:llog_test_10()) 10d: print the catalog entries.. we expect 3
00072 Lustre: 2201:0:(llog_test.c:700:cat_print_cb()) seeing record at index 2 - [0x1:0x19:0x0] in log [0xa:0x5:0x0]
00072 Lustre: 2179:0:(llog_test.c:1752:llog_test_10()) 10e: write 64767 more log records
00072 ------------[ cut here ]------------
00072 WARNING: /home/ktest/git/linux/include/linux/fs.h:889 at osd_create+0x9cf/0xcf0 [osd_wbcfs], CPU#5: lctl/2179
00072 Modules linked in: llog_test(O) mgs(O) osd_wbcfs(O) lustre(O) obdecho(O) mgc(O) mdc(O) lov(O) osc(O) lmv(O) ec(O) fid(O) fld(O) ptlrpc(O) efivarfs obdclass(O) ksocklnd(O) lnet(O) libcfs(O)
00072 CPU: 5 UID: 0 PID: 2179 Comm: lctl Tainted: G        W  O        7.0.0-ktest-c3885b5-6330a45-20260814-dirty #1 PREEMPT 
00072 Tainted: [W]=WARN, [O]=OOT_MODULE
00072 Hardware name: QEMU Standard PC (Q35 + ICH9, 2009), BIOS 2025.11-3ubuntu7 03/31/2026
00072 RIP: 0010:osd_create+0x9cf/0xcf0 [osd_wbcfs]
00072 Code: c7 c7 00 56 7c a1 48 c7 c6 a0 d2 7d a1 48 c7 c2 00 dc 7d a1 e8 52 f1 43 ff 48 c7 c7 00 56 7c a1 e8 46 81 44 ff e9 fe fc ff ff <0f> 0b e9 a5 fa ff ff 48 c7 c1 80 44 5d a0 80 e1 07 80 c1 03 38 c1
00072 RSP: 0018:ffffc900054ef478 EFLAGS: 00010246
00072 RAX: 0000000000000000 RBX: ffff88813968ac00 RCX: 0000000000000046
00072 RDX: 0000000000000000 RSI: ffff88819bc682d0 RDI: ffff88811e8f89c0
00072 RBP: ffff88819bc68240 R08: ffffffff83a16803 R09: 1ffffffff0742d00
00072 R10: dffffc0000000000 R11: fffffbfff0742d01 R12: ffff88815f9d9400
00072 R13: dffffc0000000000 R14: 1ffff110272d1580 R15: 1ffff1102bf3b28f
00072 FS:  00007fb957644940(0000) GS:ffff88831e6aa000(0000) knlGS:0000000000000000
00072 CS:  0010 DS: 0000 ES: 0000 CR0: 0000000080050033
00072 CR2: 00007fd2720ee200 CR3: 0000000145fb6000 CR4: 0000000000750eb0
00072 PKRU: 55555554
00072 Call Trace:
00072  <TASK>
00072  ? local_object_create+0x109/0x640 [obdclass]
00072  ? dt_write_lock+0x16d/0x2a0 [obdclass]
00072  ? llog_osd_create+0x356/0x10d0 [obdclass]
00072  ? llog_create+0x2ed/0x530 [obdclass]
00072  ? llog_cat_new_log+0x6d1/0x2970 [obdclass]
00072  ? llog_cat_add_rec+0x6ba/0x1960 [obdclass]
00072  ? llog_cat_add+0x499/0x7a0 [obdclass]
00072  ? llog_test_10+0x1844/0x5520 [llog_test]
00072  ? lu_object_put+0xa64/0x1210 [obdclass]
00072  ? do_raw_spin_unlock+0x52/0x230
00072  ? _raw_spin_unlock+0x23/0x40
00072  ? __llog_ctxt_put+0x1c4/0x2f0 [obdclass]
00072  ? llog_run_tests+0x3f45/0x5ac0 [llog_test]
00072  ? get_random_u32+0x51/0x470
00072  ? llog_test_device_init+0x6e8/0xa20 [llog_test]
00072  ? obd_setup+0x54d/0x950 [obdclass]
00072  ? class_setup+0xc7d/0x10e0 [obdclass]
00072  ? class_process_config+0x2edb/0x7cb0 [obdclass]
00072  ? class_handle_ioctl+0x2055/0x3590 [obdclass]
00072  ? obd_class_ioctl+0x1f6/0x3c0 [obdclass]
00072  ? __x64_sys_ioctl+0x961/0xe00
00072  ? _copy_to_user+0x3d/0x60
00072  ? __x64_sys_rt_sigaction+0x107/0x140
00072  ? do_syscall_64+0xc1/0x350
00072  ? entry_SYSCALL_64_after_hwframe+0x4b/0x53
00072  </TASK>
00072 ---[ end trace 0000000000000000 ]---
00075 Lustre: 2179:0:(llog_cat.c:80:llog_cat_new_log()) MGS: there are no more free slots in catalog d1b51461
00075 Lustre: 2179:0:(llog_cat.c:80:llog_cat_new_log()) Skipped 755 previous similar messages
00075 LustreError: 2179:0:(llog_cat.c:588:llog_cat_add_rec()) MGS: initialization error: rc = -28
00075 LustreError: 2179:0:(llog_cat.c:588:llog_cat_add_rec()) Skipped 755 previous similar messages
00075 Lustre: 2179:0:(llog_test.c:1778:llog_test_10()) 10e: wrote 64578 records then 189 failed with ENOSPC
00075 Lustre: 2179:0:(llog_test.c:1780:llog_test_10()) 10e: print the catalog entries.. we expect 4
00075 Lustre: 2179:0:(llog_cat.c:977:llog_cat_process_or_fork()) MGS: catlog [0xa:0x5:0x0] crosses index zero
00075 Lustre: 2179:0:(llog_test.c:700:cat_print_cb()) seeing record at index 2 - [0x1:0x19:0x0] in log [0xa:0x5:0x0]
00075 Lustre: 2179:0:(llog_test.c:700:cat_print_cb()) Skipped 2 previous similar messages
00075 Lustre: 2179:0:(llog_test.c:1816:llog_test_10()) 10e: catalog successfully wrap around, last_idx 1, first 1
00075 Lustre: 2179:0:(llog_test.c:1833:llog_test_10()) 10f: Cancel 64767 records, see one log zapped
00077 Lustre: 2179:0:(llog_test.c:1847:llog_test_10()) 10f: print the catalog entries.. we expect 3
00077 Lustre: 2179:0:(llog_cat.c:977:llog_cat_process_or_fork()) MGS: catlog [0xa:0x5:0x0] crosses index zero
00077 Lustre: 2179:0:(llog_cat.c:977:llog_cat_process_or_fork()) Skipped 1 previous similar message
00077 Lustre: 2179:0:(llog_test.c:1878:llog_test_10()) 10f: write 64767 more log records
00077 ------------[ cut here ]------------
00077 WARNING: /home/ktest/git/linux/include/linux/fs.h:889 at osd_create+0x9cf/0xcf0 [osd_wbcfs], CPU#5: lctl/2179
00077 Modules linked in: llog_test(O) mgs(O) osd_wbcfs(O) lustre(O) obdecho(O) mgc(O) mdc(O) lov(O) osc(O) lmv(O) ec(O) fid(O) fld(O) ptlrpc(O) efivarfs obdclass(O) ksocklnd(O) lnet(O) libcfs(O)
00077 CPU: 5 UID: 0 PID: 2179 Comm: lctl Tainted: G        W  O        7.0.0-ktest-c3885b5-6330a45-20260814-dirty #1 PREEMPT 
00077 Tainted: [W]=WARN, [O]=OOT_MODULE
00077 Hardware name: QEMU Standard PC (Q35 + ICH9, 2009), BIOS 2025.11-3ubuntu7 03/31/2026
00077 RIP: 0010:osd_create+0x9cf/0xcf0 [osd_wbcfs]
00077 Code: c7 c7 00 56 7c a1 48 c7 c6 a0 d2 7d a1 48 c7 c2 00 dc 7d a1 e8 52 f1 43 ff 48 c7 c7 00 56 7c a1 e8 46 81 44 ff e9 fe fc ff ff <0f> 0b e9 a5 fa ff ff 48 c7 c1 80 44 5d a0 80 e1 07 80 c1 03 38 c1
00077 RSP: 0018:ffffc900054ef478 EFLAGS: 00010246
00077 RAX: 0000000000000000 RBX: ffff88819a46f000 RCX: 0000000000000046
00077 RDX: 0000000000000000 RSI: ffff88800591a648 RDI: ffff88811e8f89c0
00077 RBP: ffff88800591a5b8 R08: ffffffff83a16803 R09: 1ffffffff0742d00
00077 R10: dffffc0000000000 R11: fffffbfff0742d01 R12: ffff88815f9d9400
00077 R13: dffffc0000000000 R14: 1ffff1103348de00 R15: 1ffff1102bf3b28f
00077 FS:  00007fb957644940(0000) GS:ffff88831e6aa000(0000) knlGS:0000000000000000
00077 CS:  0010 DS: 0000 ES: 0000 CR0: 0000000080050033
00077 CR2: 00007fd2720ee200 CR3: 0000000145fb6000 CR4: 0000000000750eb0
00077 PKRU: 55555554
00077 Call Trace:
00077  <TASK>
00077  ? local_object_create+0x109/0x640 [obdclass]
00077  ? dt_write_lock+0x16d/0x2a0 [obdclass]
00077  ? llog_osd_create+0x356/0x10d0 [obdclass]
00077  ? llog_create+0x2ed/0x530 [obdclass]
00077  ? llog_cat_new_log+0x6d1/0x2970 [obdclass]
00077  ? llog_cat_add_rec+0x6ba/0x1960 [obdclass]
00077  ? llog_cat_add+0x499/0x7a0 [obdclass]
00077  ? llog_test_10+0x2b62/0x5520 [llog_test]
00077  ? lu_object_put+0xa64/0x1210 [obdclass]
00077  ? do_raw_spin_unlock+0x52/0x230
00077  ? _raw_spin_unlock+0x23/0x40
00077  ? __llog_ctxt_put+0x1c4/0x2f0 [obdclass]
00077  ? llog_run_tests+0x3f45/0x5ac0 [llog_test]
00077  ? get_random_u32+0x51/0x470
00077  ? llog_test_device_init+0x6e8/0xa20 [llog_test]
00077  ? obd_setup+0x54d/0x950 [obdclass]
00077  ? class_setup+0xc7d/0x10e0 [obdclass]
00077  ? class_process_config+0x2edb/0x7cb0 [obdclass]
00077  ? class_handle_ioctl+0x2055/0x3590 [obdclass]
00077  ? obd_class_ioctl+0x1f6/0x3c0 [obdclass]
00077  ? __x64_sys_ioctl+0x961/0xe00
00077  ? _copy_to_user+0x3d/0x60
00077  ? __x64_sys_rt_sigaction+0x107/0x140
00077  ? do_syscall_64+0xc1/0x350
00077  ? entry_SYSCALL_64_after_hwframe+0x4b/0x53
00077  </TASK>
00077 ---[ end trace 0000000000000000 ]---
00079 Lustre: 2179:0:(llog_cat.c:80:llog_cat_new_log()) MGS: there are no more free slots in catalog d1b51461
00079 Lustre: 2179:0:(llog_cat.c:80:llog_cat_new_log()) Skipped 188 previous similar messages
00079 LustreError: 2179:0:(llog_cat.c:588:llog_cat_add_rec()) MGS: initialization error: rc = -28
00079 LustreError: 2179:0:(llog_cat.c:588:llog_cat_add_rec()) Skipped 188 previous similar messages
00079 Lustre: 2179:0:(llog_test.c:1904:llog_test_10()) 10f: wrote 64578 records then 189 failed with ENOSPC
00079 Lustre: 2179:0:(llog_test.c:1950:llog_test_10()) 10g: Cancel 64767 records, see one log zapped
00079 Lustre: 2179:0:(llog_cat.c:977:llog_cat_process_or_fork()) MGS: catlog [0xa:0x5:0x0] crosses index zero
00081 Lustre: 2179:0:(llog_test.c:1962:llog_test_10()) 10g: print the catalog entries.. we expect 3
00081 Lustre: 2179:0:(llog_cat.c:977:llog_cat_process_or_fork()) MGS: catlog [0xa:0x5:0x0] crosses index zero
00081 Lustre: 2179:0:(llog_test.c:700:cat_print_cb()) seeing record at index 4 - [0x1:0x1b:0x0] in log [0xa:0x5:0x0]
00081 Lustre: 2179:0:(llog_test.c:700:cat_print_cb()) Skipped 6 previous similar messages
00081 Lustre: 2179:0:(llog_test.c:1992:llog_test_10()) 10g: Cancel 64767 records, see one log zapped
00083 Lustre: 2179:0:(llog_test.c:2006:llog_test_10()) 10g: print the catalog entries.. we expect 2
00083 Lustre: 2179:0:(llog_test.c:2044:llog_test_10()) 10g: Cancel 64767 records, see one log zapped
00086 Lustre: 2179:0:(llog_test.c:2058:llog_test_10()) 10g: print the catalog entries.. we expect 1
00086 Lustre: 2179:0:(llog_test.c:2084:llog_test_10()) 10g: llh_cat_idx has also successfully wrapped!
00086 Lustre: 2203:0:(llog_test.c:1534:cat_check_old_cb()) seeing record at index 2 - [0x1:0x1d:0x0] in log [0xa:0x5:0x0]
00086 Lustre: 2179:0:(llog_test.c:2108:llog_test_10()) 10h: write 64767 more log records
00086 ------------[ cut here ]------------
00086 WARNING: /home/ktest/git/linux/include/linux/fs.h:889 at osd_create+0x9cf/0xcf0 [osd_wbcfs], CPU#5: lctl/2179
00086 Modules linked in: llog_test(O) mgs(O) osd_wbcfs(O) lustre(O) obdecho(O) mgc(O) mdc(O) lov(O) osc(O) lmv(O) ec(O) fid(O) fld(O) ptlrpc(O) efivarfs obdclass(O) ksocklnd(O) lnet(O) libcfs(O)
00086 CPU: 5 UID: 0 PID: 2179 Comm: lctl Tainted: G        W  O        7.0.0-ktest-c3885b5-6330a45-20260814-dirty #1 PREEMPT 
00086 Tainted: [W]=WARN, [O]=OOT_MODULE
00086 Hardware name: QEMU Standard PC (Q35 + ICH9, 2009), BIOS 2025.11-3ubuntu7 03/31/2026
00086 RIP: 0010:osd_create+0x9cf/0xcf0 [osd_wbcfs]
00086 Code: c7 c7 00 56 7c a1 48 c7 c6 a0 d2 7d a1 48 c7 c2 00 dc 7d a1 e8 52 f1 43 ff 48 c7 c7 00 56 7c a1 e8 46 81 44 ff e9 fe fc ff ff <0f> 0b e9 a5 fa ff ff 48 c7 c1 80 44 5d a0 80 e1 07 80 c1 03 38 c1
00086 RSP: 0018:ffffc900054ef478 EFLAGS: 00010246
00086 RAX: 0000000000000000 RBX: ffff888001061800 RCX: 0000000000000046
00086 RDX: 0000000000000000 RSI: ffff888005919f30 RDI: ffff88811e8f89c0
00086 RBP: ffff888005919ea0 R08: ffffffff83a16803 R09: 1ffffffff0742d00
00086 R10: dffffc0000000000 R11: fffffbfff0742d01 R12: ffff88815f9d9400
00086 R13: dffffc0000000000 R14: 1ffff1100020c300 R15: 1ffff1102bf3b28f
00086 FS:  00007fb957644940(0000) GS:ffff88831e6aa000(0000) knlGS:0000000000000000
00086 CS:  0010 DS: 0000 ES: 0000 CR0: 0000000080050033
00086 CR2: 00007fd2720ee200 CR3: 0000000145fb6000 CR4: 0000000000750eb0
00086 PKRU: 55555554
00086 Call Trace:
00086  <TASK>
00086  ? local_object_create+0x109/0x640 [obdclass]
00086  ? dt_write_lock+0x16d/0x2a0 [obdclass]
00086  ? llog_osd_create+0x356/0x10d0 [obdclass]
00086  ? llog_create+0x2ed/0x530 [obdclass]
00086  ? llog_cat_new_log+0x6d1/0x2970 [obdclass]
00086  ? llog_cat_add_rec+0x6ba/0x1960 [obdclass]
00086  ? llog_cat_add+0x499/0x7a0 [obdclass]
00086  ? llog_test_10+0x5016/0x5520 [llog_test]
00086  ? llog_test_9_sub+0x800/0x800 [llog_test]
00086  ? llog_run_tests+0x3f45/0x5ac0 [llog_test]
00086  ? get_random_u32+0x51/0x470
00086  ? llog_test_device_init+0x6e8/0xa20 [llog_test]
00086  ? obd_setup+0x54d/0x950 [obdclass]
00086  ? class_setup+0xc7d/0x10e0 [obdclass]
00086  ? class_process_config+0x2edb/0x7cb0 [obdclass]
00086  ? class_handle_ioctl+0x2055/0x3590 [obdclass]
00086  ? obd_class_ioctl+0x1f6/0x3c0 [obdclass]
00086  ? __x64_sys_ioctl+0x961/0xe00
00086  ? _copy_to_user+0x3d/0x60
00086  ? __x64_sys_rt_sigaction+0x107/0x140
00086  ? do_syscall_64+0xc1/0x350
00086  ? entry_SYSCALL_64_after_hwframe+0x4b/0x53
00086  </TASK>
00086 ---[ end trace 0000000000000000 ]---
00086 LustreError: 2179:0:(llog_osd.c:684:llog_osd_write_rec()) cfs_race id 1317 sleeping
00087 LustreError: 2203:0:(llog.c:685:llog_process_thread()) cfs_fail_race id 1317 waking
00087 LustreError: 2179:0:(llog_osd.c:684:llog_osd_write_rec()) cfs_fail_race id 1317 awake: rc=447
00088 LustreError: 2203:0:(llog.c:685:llog_process_thread()) cfs_fail_race id 1317 waking
00088 Lustre: 2203:0:(llog_test.c:1534:cat_check_old_cb()) seeing record at index 3 - [0x1:0x1e:0x0] in log [0xa:0x5:0x0]
00090 ------------[ cut here ]------------
00090 WARNING: /home/ktest/git/linux/include/linux/fs.h:889 at osd_create+0x9cf/0xcf0 [osd_wbcfs], CPU#5: lctl/2179
00090 Modules linked in: llog_test(O) mgs(O) osd_wbcfs(O) lustre(O) obdecho(O) mgc(O) mdc(O) lov(O) osc(O) lmv(O) ec(O) fid(O) fld(O) ptlrpc(O) efivarfs obdclass(O) ksocklnd(O) lnet(O) libcfs(O)
00090 CPU: 5 UID: 0 PID: 2179 Comm: lctl Tainted: G        W  O        7.0.0-ktest-c3885b5-6330a45-20260814-dirty #1 PREEMPT 
00090 Tainted: [W]=WARN, [O]=OOT_MODULE
00090 Hardware name: QEMU Standard PC (Q35 + ICH9, 2009), BIOS 2025.11-3ubuntu7 03/31/2026
00090 RIP: 0010:osd_create+0x9cf/0xcf0 [osd_wbcfs]
00090 Code: c7 c7 00 56 7c a1 48 c7 c6 a0 d2 7d a1 48 c7 c2 00 dc 7d a1 e8 52 f1 43 ff 48 c7 c7 00 56 7c a1 e8 46 81 44 ff e9 fe fc ff ff <0f> 0b e9 a5 fa ff ff 48 c7 c1 80 44 5d a0 80 e1 07 80 c1 03 38 c1
00090 RSP: 0018:ffffc900054ef478 EFLAGS: 00010246
00090 RAX: 0000000000000000 RBX: ffff8880129d1000 RCX: 0000000000000046
00090 RDX: 0000000000000000 RSI: ffff888005919818 RDI: ffff88811e8f89c0
00090 RBP: ffff888005919788 R08: ffffffff83a16803 R09: 1ffffffff0742d00
00090 R10: dffffc0000000000 R11: fffffbfff0742d01 R12: ffff88815f9d9400
00090 R13: dffffc0000000000 R14: 1ffff1100253a200 R15: 1ffff1102bf3b28f
00090 FS:  00007fb957644940(0000) GS:ffff88831e6aa000(0000) knlGS:0000000000000000
00090 CS:  0010 DS: 0000 ES: 0000 CR0: 0000000080050033
00090 CR2: 00007fd2720ee200 CR3: 0000000145fb6000 CR4: 0000000000750eb0
00090 PKRU: 55555554
00090 Call Trace:
00090  <TASK>
00090  ? local_object_create+0x109/0x640 [obdclass]
00090  ? dt_write_lock+0x16d/0x2a0 [obdclass]
00090  ? llog_osd_create+0x356/0x10d0 [obdclass]
00090  ? llog_create+0x2ed/0x530 [obdclass]
00090  ? llog_cat_new_log+0x6d1/0x2970 [obdclass]
00090  ? llog_cat_add_rec+0x6ba/0x1960 [obdclass]
00090  ? llog_cat_add+0x499/0x7a0 [obdclass]
00090  ? llog_test_10+0x5016/0x5520 [llog_test]
00090  ? llog_test_9_sub+0x800/0x800 [llog_test]
00090  ? llog_run_tests+0x3f45/0x5ac0 [llog_test]
00090  ? get_random_u32+0x51/0x470
00090  ? llog_test_device_init+0x6e8/0xa20 [llog_test]
00090  ? obd_setup+0x54d/0x950 [obdclass]
00090  ? class_setup+0xc7d/0x10e0 [obdclass]
00090  ? class_process_config+0x2edb/0x7cb0 [obdclass]
00090  ? class_handle_ioctl+0x2055/0x3590 [obdclass]
00090  ? obd_class_ioctl+0x1f6/0x3c0 [obdclass]
00090  ? __x64_sys_ioctl+0x961/0xe00
00090  ? _copy_to_user+0x3d/0x60
00090  ? __x64_sys_rt_sigaction+0x107/0x140
00090  ? do_syscall_64+0xc1/0x350
00090  ? entry_SYSCALL_64_after_hwframe+0x4b/0x53
00090  </TASK>
00090 ---[ end trace 0000000000000000 ]---
00090 LustreError: 2179:0:(llog_osd.c:684:llog_osd_write_rec()) cfs_fail_race id 1317 waking
00091 Lustre: 2179:0:(llog_test.c:2134:llog_test_10()) 10h: wrote 64767 records then 0 failed with ENOSPC
00091 Lustre: 2179:0:(llog_test.c:2147:llog_test_10()) 10: put newly-created catalog
00091 Lustre: 2179:0:(llog_test.c:2177:llog_test_11()) 11: create a plain nameless log
00091 ------------[ cut here ]------------
00091 WARNING: /home/ktest/git/linux/include/linux/fs.h:889 at osd_create+0x9cf/0xcf0 [osd_wbcfs], CPU#5: lctl/2179
00091 Modules linked in: llog_test(O) mgs(O) osd_wbcfs(O) lustre(O) obdecho(O) mgc(O) mdc(O) lov(O) osc(O) lmv(O) ec(O) fid(O) fld(O) ptlrpc(O) efivarfs obdclass(O) ksocklnd(O) lnet(O) libcfs(O)
00091 CPU: 5 UID: 0 PID: 2179 Comm: lctl Tainted: G        W  O        7.0.0-ktest-c3885b5-6330a45-20260814-dirty #1 PREEMPT 
00091 Tainted: [W]=WARN, [O]=OOT_MODULE
00091 Hardware name: QEMU Standard PC (Q35 + ICH9, 2009), BIOS 2025.11-3ubuntu7 03/31/2026
00091 RIP: 0010:osd_create+0x9cf/0xcf0 [osd_wbcfs]
00091 Code: c7 c7 00 56 7c a1 48 c7 c6 a0 d2 7d a1 48 c7 c2 00 dc 7d a1 e8 52 f1 43 ff 48 c7 c7 00 56 7c a1 e8 46 81 44 ff e9 fe fc ff ff <0f> 0b e9 a5 fa ff ff 48 c7 c1 80 44 5d a0 80 e1 07 80 c1 03 38 c1
00091 RSP: 0018:ffffc900054ef670 EFLAGS: 00010246
00091 RAX: 0000000000000000 RBX: ffff888033d72c00 RCX: 0000000000000046
00091 RDX: 0000000000000000 RSI: ffff888005919100 RDI: ffff88811e8f8998
00091 RBP: ffff888005919070 R08: ffffffff83a16803 R09: 1ffffffff0742d00
00091 R10: dffffc0000000000 R11: fffffbfff0742d01 R12: ffff88815f9d9400
00091 R13: dffffc0000000000 R14: 1ffff110067ae580 R15: 1ffff1102bf3b28f
00091 FS:  00007fb957644940(0000) GS:ffff88831e6aa000(0000) knlGS:0000000000000000
00091 CS:  0010 DS: 0000 ES: 0000 CR0: 0000000080050033
00091 CR2: 00007fd2720ee200 CR3: 0000000145fb6000 CR4: 0000000000750eb0
00091 PKRU: 55555554
00091 Call Trace:
00091  <TASK>
00091  ? local_object_create+0x109/0x640 [obdclass]
00091  ? dt_write_lock+0x16d/0x2a0 [obdclass]
00091  ? llog_osd_create+0x356/0x10d0 [obdclass]
00091  ? llog_create+0x2ed/0x530 [obdclass]
00091  ? llog_open_create+0x6e7/0xb30 [obdclass]
00091  ? llog_test_11+0x2a4/0x1130 [llog_test]
00091  ? llog_test_9_sub+0x800/0x800 [llog_test]
00091  ? llog_run_tests+0x41b0/0x5ac0 [llog_test]
00091  ? get_random_u32+0x51/0x470
00091  ? llog_test_device_init+0x6e8/0xa20 [llog_test]
00091  ? obd_setup+0x54d/0x950 [obdclass]
00091  ? class_setup+0xc7d/0x10e0 [obdclass]
00091  ? class_process_config+0x2edb/0x7cb0 [obdclass]
00091  ? class_handle_ioctl+0x2055/0x3590 [obdclass]
00091  ? obd_class_ioctl+0x1f6/0x3c0 [obdclass]
00091  ? __x64_sys_ioctl+0x961/0xe00
00091  ? _copy_to_user+0x3d/0x60
00091  ? __x64_sys_rt_sigaction+0x107/0x140
00091  ? do_syscall_64+0xc1/0x350
00091  ? entry_SYSCALL_64_after_hwframe+0x4b/0x53
00091  </TASK>
00091 ---[ end trace 0000000000000000 ]---
00091 Lustre: 2179:0:(llog_test.c:2202:llog_test_11()) 11: size 8216 in 0 blocks after 1 rec
00091 Lustre: 2179:0:(llog_test.c:2204:llog_test_11()) 11: add few records
00091 Lustre: 2179:0:(llog_test.c:2221:llog_test_11()) 11: size 10616 in 0 blocks with few recs
00091 lctl (2179): drop_caches: 3
00091 Lustre: 2179:0:(llog_test.c:2247:llog_test_11()) 11: re-open the log by LOGID and verify llh_count
00091 Lustre: 2179:0:(llog_test.c:2262:llog_test_11()) 11: size 10616 in 0 blocks after re-open
00091 Lustre: 2179:0:(llog_test.c:2352:llog_test_12()) 12: create a catalog log with name: d1b51462
00091 ------------[ cut here ]------------
00091 WARNING: /home/ktest/git/linux/include/linux/fs.h:889 at osd_create+0x9cf/0xcf0 [osd_wbcfs], CPU#5: lctl/2179
00091 Modules linked in: llog_test(O) mgs(O) osd_wbcfs(O) lustre(O) obdecho(O) mgc(O) mdc(O) lov(O) osc(O) lmv(O) ec(O) fid(O) fld(O) ptlrpc(O) efivarfs obdclass(O) ksocklnd(O) lnet(O) libcfs(O)
00091 CPU: 5 UID: 0 PID: 2179 Comm: lctl Tainted: G        W  O        7.0.0-ktest-c3885b5-6330a45-20260814-dirty #1 PREEMPT 
00091 Tainted: [W]=WARN, [O]=OOT_MODULE
00091 Hardware name: QEMU Standard PC (Q35 + ICH9, 2009), BIOS 2025.11-3ubuntu7 03/31/2026
00091 RIP: 0010:osd_create+0x9cf/0xcf0 [osd_wbcfs]
00091 Code: c7 c7 00 56 7c a1 48 c7 c6 a0 d2 7d a1 48 c7 c2 00 dc 7d a1 e8 52 f1 43 ff 48 c7 c7 00 56 7c a1 e8 46 81 44 ff e9 fe fc ff ff <0f> 0b e9 a5 fa ff ff 48 c7 c1 80 44 5d a0 80 e1 07 80 c1 03 38 c1
00091 RSP: 0018:ffffc900054ef648 EFLAGS: 00010246
00091 RAX: 0000000000000000 RBX: ffff888033d75800 RCX: 0000000000000046
00091 RDX: 0000000000000000 RSI: ffff8880059189e8 RDI: ffff88811e8f8998
00091 RBP: ffff888005918958 R08: ffffffff83a16803 R09: 1ffffffff0742d00
00091 R10: dffffc0000000000 R11: fffffbfff0742d01 R12: ffff88815f9d9400
00091 R13: dffffc0000000000 R14: 1ffff110067aeb00 R15: 1ffff1102bf3b28f
00091 FS:  00007fb957644940(0000) GS:ffff88831e6aa000(0000) knlGS:0000000000000000
00091 CS:  0010 DS: 0000 ES: 0000 CR0: 0000000080050033
00091 CR2: 00007fd2720ee200 CR3: 0000000145fb6000 CR4: 0000000000750eb0
00091 PKRU: 55555554
00091 Call Trace:
00091  <TASK>
00091  ? local_object_create+0x109/0x640 [obdclass]
00091  ? dt_write_lock+0x16d/0x2a0 [obdclass]
00091  ? llog_osd_create+0x356/0x10d0 [obdclass]
00091  ? llog_create+0x2ed/0x530 [obdclass]
00091  ? llog_open_create+0x6e7/0xb30 [obdclass]
00091  ? llog_test_12+0x402/0x2d90 [llog_test]
00091  ? llog_test_11+0xc14/0x1130 [llog_test]
00091  ? llog_run_tests+0x4434/0x5ac0 [llog_test]
00091  ? get_random_u32+0x51/0x470
00091  ? llog_test_device_init+0x6e8/0xa20 [llog_test]
00091  ? obd_setup+0x54d/0x950 [obdclass]
00091  ? class_setup+0xc7d/0x10e0 [obdclass]
00091  ? class_process_config+0x2edb/0x7cb0 [obdclass]
00091  ? class_handle_ioctl+0x2055/0x3590 [obdclass]
00091  ? obd_class_ioctl+0x1f6/0x3c0 [obdclass]
00091  ? __x64_sys_ioctl+0x961/0xe00
00091  ? _copy_to_user+0x3d/0x60
00091  ? __x64_sys_rt_sigaction+0x107/0x140
00091  ? do_syscall_64+0xc1/0x350
00091  ? entry_SYSCALL_64_after_hwframe+0x4b/0x53
00091  </TASK>
00091 ---[ end trace 0000000000000000 ]---
00091 ------------[ cut here ]------------
00091 WARNING: /home/ktest/git/linux/include/linux/fs.h:889 at osd_create+0x9cf/0xcf0 [osd_wbcfs], CPU#5: lctl/2179
00091 Modules linked in: llog_test(O) mgs(O) osd_wbcfs(O) lustre(O) obdecho(O) mgc(O) mdc(O) lov(O) osc(O) lmv(O) ec(O) fid(O) fld(O) ptlrpc(O) efivarfs obdclass(O) ksocklnd(O) lnet(O) libcfs(O)
00091 CPU: 5 UID: 0 PID: 2179 Comm: lctl Tainted: G        W  O        7.0.0-ktest-c3885b5-6330a45-20260814-dirty #1 PREEMPT 
00091 Tainted: [W]=WARN, [O]=OOT_MODULE
00091 Hardware name: QEMU Standard PC (Q35 + ICH9, 2009), BIOS 2025.11-3ubuntu7 03/31/2026
00091 RIP: 0010:osd_create+0x9cf/0xcf0 [osd_wbcfs]
00091 Code: c7 c7 00 56 7c a1 48 c7 c6 a0 d2 7d a1 48 c7 c2 00 dc 7d a1 e8 52 f1 43 ff 48 c7 c7 00 56 7c a1 e8 46 81 44 ff e9 fe fc ff ff <0f> 0b e9 a5 fa ff ff 48 c7 c1 80 44 5d a0 80 e1 07 80 c1 03 38 c1
00091 RSP: 0018:ffffc900054ef4f8 EFLAGS: 00010246
00091 RAX: 0000000000000000 RBX: ffff888033d75000 RCX: 0000000000000046
00091 RDX: 0000000000000000 RSI: ffff8880059182d0 RDI: ffff88811e8f89c0
00091 RBP: ffff888005918240 R08: ffffffff83a16803 R09: 1ffffffff0742d00
00091 R10: dffffc0000000000 R11: fffffbfff0742d01 R12: ffff88815f9d9400
00091 R13: dffffc0000000000 R14: 1ffff110067aea00 R15: 1ffff1102bf3b28f
00091 FS:  00007fb957644940(0000) GS:ffff88831e6aa000(0000) knlGS:0000000000000000
00091 CS:  0010 DS: 0000 ES: 0000 CR0: 0000000080050033
00091 CR2: 00007fd2720ee200 CR3: 0000000145fb6000 CR4: 0000000000750eb0
00091 PKRU: 55555554
00091 Call Trace:
00091  <TASK>
00091  ? local_object_create+0x109/0x640 [obdclass]
00091  ? dt_write_lock+0x16d/0x2a0 [obdclass]
00091  ? llog_osd_create+0x356/0x10d0 [obdclass]
00091  ? llog_create+0x2ed/0x530 [obdclass]
00091  ? llog_cat_new_log+0x6d1/0x2970 [obdclass]
00091  ? llog_cat_add_rec+0x6ba/0x1960 [obdclass]
00091  ? llog_cat_add+0x499/0x7a0 [obdclass]
00091  ? llog_test_12+0x683/0x2d90 [llog_test]
00091  ? llog_test_11+0xc14/0x1130 [llog_test]
00091  ? llog_run_tests+0x4434/0x5ac0 [llog_test]
00091  ? get_random_u32+0x51/0x470
00091  ? llog_test_device_init+0x6e8/0xa20 [llog_test]
00091  ? obd_setup+0x54d/0x950 [obdclass]
00091  ? class_setup+0xc7d/0x10e0 [obdclass]
00091  ? class_process_config+0x2edb/0x7cb0 [obdclass]
00091  ? class_handle_ioctl+0x2055/0x3590 [obdclass]
00091  ? obd_class_ioctl+0x1f6/0x3c0 [obdclass]
00091  ? __x64_sys_ioctl+0x961/0xe00
00091  ? _copy_to_user+0x3d/0x60
00091  ? __x64_sys_rt_sigaction+0x107/0x140
00091  ? do_syscall_64+0xc1/0x350
00091  ? entry_SYSCALL_64_after_hwframe+0x4b/0x53
00091  </TASK>
00091 ---[ end trace 0000000000000000 ]---
00091 Lustre: 12: truncate 24 bytes
00091 Lustre: 12: re-open and process the catalog
00091 LustreError: 2179:0:(llog_osd.c:1247:llog_osd_next_block()) MGS0000-osd: invalid llog tail at log id [0xa:0x6:0x0] offset 8232 last_rec idx 8704 tail idx 275010875 lrt len 1 read_size 40
00091 LustreError: 2179:0:(llog.c:881:llog_process_thread()) MGS: local llog is corrupted [0xa:0x6:0x0] catalog index 1 count 2
00091 Lustre: 12: try to add to the catalog
00091 ------------[ cut here ]------------
00091 WARNING: /home/ktest/git/linux/include/linux/fs.h:889 at osd_create+0x9cf/0xcf0 [osd_wbcfs], CPU#5: lctl/2179
00091 Modules linked in: llog_test(O) mgs(O) osd_wbcfs(O) lustre(O) obdecho(O) mgc(O) mdc(O) lov(O) osc(O) lmv(O) ec(O) fid(O) fld(O) ptlrpc(O) efivarfs obdclass(O) ksocklnd(O) lnet(O) libcfs(O)
00091 CPU: 5 UID: 0 PID: 2179 Comm: lctl Tainted: G        W  O        7.0.0-ktest-c3885b5-6330a45-20260814-dirty #1 PREEMPT 
00091 Tainted: [W]=WARN, [O]=OOT_MODULE
00091 Hardware name: QEMU Standard PC (Q35 + ICH9, 2009), BIOS 2025.11-3ubuntu7 03/31/2026
00091 RIP: 0010:osd_create+0x9cf/0xcf0 [osd_wbcfs]
00091 Code: c7 c7 00 56 7c a1 48 c7 c6 a0 d2 7d a1 48 c7 c2 00 dc 7d a1 e8 52 f1 43 ff 48 c7 c7 00 56 7c a1 e8 46 81 44 ff e9 fe fc ff ff <0f> 0b e9 a5 fa ff ff 48 c7 c1 80 44 5d a0 80 e1 07 80 c1 03 38 c1
00091 RSP: 0018:ffffc900054ef4f8 EFLAGS: 00010246
00091 RAX: 0000000000000000 RBX: ffff888145f83c00 RCX: 0000000000000046
00091 RDX: 0000000000000000 RSI: ffff88819bc6fb68 RDI: ffff88811e8f89c0
00091 RBP: ffff88819bc6fad8 R08: ffffffff83a16803 R09: 1ffffffff0742d00
00091 R10: dffffc0000000000 R11: fffffbfff0742d01 R12: ffff88815f9d9400
00091 R13: dffffc0000000000 R14: 1ffff11028bf0780 R15: 1ffff1102bf3b28f
00091 FS:  00007fb957644940(0000) GS:ffff88831e6aa000(0000) knlGS:0000000000000000
00091 CS:  0010 DS: 0000 ES: 0000 CR0: 0000000080050033
00091 CR2: 00007fd2720ee200 CR3: 0000000145fb6000 CR4: 0000000000750eb0
00091 PKRU: 55555554
00091 Call Trace:
00091  <TASK>
00091  ? local_object_create+0x109/0x640 [obdclass]
00091  ? dt_write_lock+0x16d/0x2a0 [obdclass]
00091  ? llog_osd_create+0x356/0x10d0 [obdclass]
00091  ? llog_create+0x2ed/0x530 [obdclass]
00091  ? llog_cat_new_log+0x6d1/0x2970 [obdclass]
00091  ? llog_cat_add_rec+0x6ba/0x1960 [obdclass]
00091  ? llog_cat_add+0x499/0x7a0 [obdclass]
00091  ? llog_test_12+0x1471/0x2d90 [llog_test]
00091  ? llog_run_tests+0x4434/0x5ac0 [llog_test]
00091  ? get_random_u32+0x51/0x470
00091  ? llog_test_device_init+0x6e8/0xa20 [llog_test]
00091  ? obd_setup+0x54d/0x950 [obdclass]
00091  ? class_setup+0xc7d/0x10e0 [obdclass]
00091  ? class_process_config+0x2edb/0x7cb0 [obdclass]
00091  ? class_handle_ioctl+0x2055/0x3590 [obdclass]
00091  ? obd_class_ioctl+0x1f6/0x3c0 [obdclass]
00091  ? __x64_sys_ioctl+0x961/0xe00
00091  ? _copy_to_user+0x3d/0x60
00091  ? __x64_sys_rt_sigaction+0x107/0x140
00091  ? do_syscall_64+0xc1/0x350
00091  ? entry_SYSCALL_64_after_hwframe+0x4b/0x53
00091  </TASK>
00091 ---[ end trace 0000000000000000 ]---
00091 LustreError: 2179:0:(llog_osd.c:1230:llog_osd_next_block()) MGS0000-osd: invalid llog tail at log id [0x6:0xa:0x0]:0 offset 8297 tail idx 603979776 lrt len 1074261 read_size 105
00091 ------------[ cut here ]------------
00091 WARNING: /home/ktest/git/linux/include/linux/fs.h:889 at osd_create+0x9cf/0xcf0 [osd_wbcfs], CPU#5: lctl/2179
00091 Modules linked in: llog_test(O) mgs(O) osd_wbcfs(O) lustre(O) obdecho(O) mgc(O) mdc(O) lov(O) osc(O) lmv(O) ec(O) fid(O) fld(O) ptlrpc(O) efivarfs obdclass(O) ksocklnd(O) lnet(O) libcfs(O)
00091 CPU: 5 UID: 0 PID: 2179 Comm: lctl Tainted: G        W  O        7.0.0-ktest-c3885b5-6330a45-20260814-dirty #1 PREEMPT 
00091 Tainted: [W]=WARN, [O]=OOT_MODULE
00091 Hardware name: QEMU Standard PC (Q35 + ICH9, 2009), BIOS 2025.11-3ubuntu7 03/31/2026
00091 RIP: 0010:osd_create+0x9cf/0xcf0 [osd_wbcfs]
00091 Code: c7 c7 00 56 7c a1 48 c7 c6 a0 d2 7d a1 48 c7 c2 00 dc 7d a1 e8 52 f1 43 ff 48 c7 c7 00 56 7c a1 e8 46 81 44 ff e9 fe fc ff ff <0f> 0b e9 a5 fa ff ff 48 c7 c1 80 44 5d a0 80 e1 07 80 c1 03 38 c1
00091 RSP: 0018:ffffc900054ef4f8 EFLAGS: 00010246
00091 RAX: 0000000000000000 RBX: ffff888181410400 RCX: 0000000000000046
00091 RDX: 0000000000000000 RSI: ffff88819bc6f450 RDI: ffff88811e8f89c0
00091 RBP: ffff88819bc6f3c0 R08: ffffffff83a16803 R09: 1ffffffff0742d00
00091 R10: dffffc0000000000 R11: fffffbfff0742d01 R12: ffff88815f9d9400
00091 R13: dffffc0000000000 R14: 1ffff11030282080 R15: 1ffff1102bf3b28f
00091 FS:  00007fb957644940(0000) GS:ffff88831e6aa000(0000) knlGS:0000000000000000
00091 CS:  0010 DS: 0000 ES: 0000 CR0: 0000000080050033
00091 CR2: 00007fd2720ee200 CR3: 0000000145fb6000 CR4: 0000000000750eb0
00091 PKRU: 55555554
00091 Call Trace:
00091  <TASK>
00091  ? local_object_create+0x109/0x640 [obdclass]
00091  ? dt_write_lock+0x16d/0x2a0 [obdclass]
00091  ? llog_osd_create+0x356/0x10d0 [obdclass]
00091  ? llog_create+0x2ed/0x530 [obdclass]
00091  ? llog_cat_new_log+0x6d1/0x2970 [obdclass]
00091  ? llog_cat_add_rec+0x6ba/0x1960 [obdclass]
00091  ? llog_cat_add+0x499/0x7a0 [obdclass]
00091  ? llog_test_12+0x1471/0x2d90 [llog_test]
00091  ? llog_run_tests+0x4434/0x5ac0 [llog_test]
00091  ? get_random_u32+0x51/0x470
00091  ? llog_test_device_init+0x6e8/0xa20 [llog_test]
00091  ? obd_setup+0x54d/0x950 [obdclass]
00091  ? class_setup+0xc7d/0x10e0 [obdclass]
00091  ? class_process_config+0x2edb/0x7cb0 [obdclass]
00091  ? class_handle_ioctl+0x2055/0x3590 [obdclass]
00091  ? obd_class_ioctl+0x1f6/0x3c0 [obdclass]
00091  ? __x64_sys_ioctl+0x961/0xe00
00091  ? _copy_to_user+0x3d/0x60
00091  ? __x64_sys_rt_sigaction+0x107/0x140
00091  ? do_syscall_64+0xc1/0x350
00091  ? entry_SYSCALL_64_after_hwframe+0x4b/0x53
00091  </TASK>
00091 ---[ end trace 0000000000000000 ]---
00091 ==================================================================
00091 BUG: KASAN: slab-out-of-bounds in llog_osd_next_block+0x1368/0x3080 [obdclass]
00091 Read of size 4 at addr ffff8882421ab036 by task lctl/2179
00091 
00091 CPU: 5 UID: 0 PID: 2179 Comm: lctl Tainted: G        W  O        7.0.0-ktest-c3885b5-6330a45-20260814-dirty #1 PREEMPT 
00091 Tainted: [W]=WARN, [O]=OOT_MODULE
00091 Hardware name: QEMU Standard PC (Q35 + ICH9, 2009), BIOS 2025.11-3ubuntu7 03/31/2026
00091 Call Trace:
00091  <TASK>
00091  dump_stack_lvl+0x52/0x80
00091  print_report+0xbc/0x260
00091  ? llog_osd_next_block+0x1368/0x3080 [obdclass]
00091  kasan_report+0xa2/0xd0
00091  ? llog_osd_next_block+0x1368/0x3080 [obdclass]
00091  llog_osd_next_block+0x1368/0x3080 [obdclass]
00091  llog_process_thread+0xdd7/0x4f70 [obdclass]
00091  ? entry_SYSCALL_64_after_hwframe+0x4b/0x53
00091  ? task_work_add+0x177/0x210
00091  llog_process_or_fork+0x656/0xc90 [obdclass]
00091  ? llog_cat_process+0x30/0x30 [obdclass]
00091  llog_cat_process_or_fork+0x780/0xdb0 [obdclass]
00091  ? llog_cat_process+0x30/0x30 [obdclass]
00091  ? llog_cancel_rec_cb+0x450/0x450 [llog_test]
00091  llog_cat_process+0x24/0x30 [obdclass]
00091  llog_test_12+0x13ee/0x2d90 [llog_test]
00091  llog_run_tests+0x4434/0x5ac0 [llog_test]
00091  ? get_random_u32+0x51/0x470
00091  llog_test_device_init+0x6e8/0xa20 [llog_test]
00091  obd_setup+0x54d/0x950 [obdclass]
00091  class_setup+0xc7d/0x10e0 [obdclass]
00091  class_process_config+0x2edb/0x7cb0 [obdclass]
00091  class_handle_ioctl+0x2055/0x3590 [obdclass]
00091  obd_class_ioctl+0x1f6/0x3c0 [obdclass]
00091  __x64_sys_ioctl+0x961/0xe00
00091  ? _copy_to_user+0x3d/0x60
00091  ? __x64_sys_rt_sigaction+0x107/0x140
00091  do_syscall_64+0xc1/0x350
00091  entry_SYSCALL_64_after_hwframe+0x4b/0x53
00091 RIP: 0033:0x7fb957524e1d
00091 Code: 04 25 28 00 00 00 48 89 45 c8 31 c0 48 8d 45 10 c7 45 b0 10 00 00 00 48 89 45 b8 48 8d 45 d0 48 89 45 c0 b8 10 00 00 00 0f 05 <89> c2 3d 00 f0 ff ff 77 1a 48 8b 45 c8 64 48 2b 04 25 28 00 00 00
00091 RSP: 002b:00007ffc37ac4b20 EFLAGS: 00000246 ORIG_RAX: 0000000000000010
00091 RAX: ffffffffffffffda RBX: 00007fb9578ad1f0 RCX: 00007fb957524e1d
00091 RDX: 00007ffc37ac4e00 RSI: 00000000c00866b8 RDI: 0000000000000003
00091 RBP: 00007ffc37ac4b70 R08: 00007ffc37ac4bc0 R09: 00007ffc37ac4e00
00091 R10: 000055c0e9bed930 R11: 0000000000000246 R12: 00007ffc37ac4e00
00091 R13: 000055c0d2cc6822 R14: 0000000000000000 R15: 00007ffc37ac6e80
00091  </TASK>
00091 
00091 The buggy address belongs to the object at ffff8882421a8000
00091  which belongs to the cache kmalloc-8k of size 8192
00091 The buggy address is located 4150 bytes to the right of
00091  allocated 8192-byte region [ffff8882421a8000, ffff8882421aa000)
00091 
00091 The buggy address belongs to the physical page:
00091 page: refcount:0 mapcount:0 mapping:0000000000000000 index:0x0 pfn:0x2421a8
00091 head: order:3 mapcount:0 entire_mapcount:0 nr_pages_mapped:0 pincount:0
00091 flags: 0x8000000000000040(head|zone=2)
00091 page_type: f5(slab)
00091 raw: 8000000000000040 ffff888100042e00 dead000000000122 0000000000000000
00091 raw: 0000000000000000 0000400000020002 00000000f5000000 ffff8882421aa010
00091 head: 8000000000000040 ffff888100042e00 dead000000000122 0000000000000000
00091 head: 0000000000000000 0000400000020002 00000000f5000000 ffff8882421aa010
00091 head: 8000000000000003 ffffea0009086a01 00000000ffffffff 00000000ffffffff
00091 head: ffffffffffffffff 0000000000000000 00000000ffffffff 0000000000000008
00091 page dumped because: kasan: bad access detected
00091 
00091 Memory state around the buggy address:
00091  ffff8882421aaf00: fc fc fc fc fc fc fc fc fc fc fc fc fc fc fc fc
00091  ffff8882421aaf80: fc fc fc fc fc fc fc fc fc fc fc fc fc fc fc fc
00091 >ffff8882421ab000: fc fc fc fc fc fc fc fc fc fc fc fc fc fc fc fc
00091                                      ^
00091  ffff8882421ab080: fc fc fc fc fc fc fc fc fc fc fc fc fc fc fc fc
00091  ffff8882421ab100: fc fc fc fc fc fc fc fc fc fc fc fc fc fc fc fc
00091 ==================================================================
00091 Disabling lock debugging due to kernel taint
00092 Lustre: 2179:0:(llog_test.c:2461:llog_test_12()) 12: put newly-created catalog
00092 Lustre: 2179:0:(llog_test.c:2529:llog_test_13()) 13a: create a catalog log with name: d1b51462
00092 Lustre: 2179:0:(llog_test.c:2545:llog_test_13()) 13b: write 1 record into the catalog
00092 LustreError: 2179:0:(llog_test.c:2556:llog_test_13()) 13b: found 8 plain llogs
00092 Lustre: 2179:0:(llog_test.c:2558:llog_test_13()) 13c: erase plain llog
00092 LustreError: 2179:0:(llog_cat.c:399:llog_cat_id2handle()) MGS: error opening log id [0x1:0x4f:0x0]: rc = -2
00092 Lustre: 2179:0:(llog_test.c:2578:llog_test_13()) 13d: forward process: found=1708 rc=0
00092 Lustre: 2179:0:(llog_test.c:2582:llog_test_13()) 13e: erase another plain llog
00092 Lustre: 2179:0:(llog_test.c:2602:llog_test_13()) 13e: backward process: found=1367 rc=0
00092 Lustre: 2179:0:(llog_test.c:2605:llog_test_13()) 13f: put newly-created catalog
00096 ========= FAILED TIMEOUT llog-unit in 240s
Error 1 at /home/ktest/ktest/lib/libktest.sh 524 from: "$ktest_dir/lib/supervisor" -S -F -T "$ktest_timeout" -b "$test_basename" -o "$test_logdir" -f "$test_basename.$(date -Iseconds).log" -- "${qemu_cmd[@]}", exiting
Error 1 at ./qlkbuild 194 from: "$ktest_dir/lib/supervisor" -S -F -T "$ktest_timeout" -b "$test_basename" -o "$test_logdir" -f "$test_basename.$(date -Iseconds).log" -- "${qemu_cmd[@]}", exiting
Error 1 at ./qlkbuild 1262 from: "$ktest_dir/lib/supervisor" -S -F -T "$ktest_timeout" -b "$test_basename" -o "$test_logdir" -f "$test_basename.$(date -Iseconds).log" -- "${qemu_cmd[@]}", exiting
