00003 
00013 RDSEED32 is broken. Disabling the corresponding CPUID bit.
00017 init: failed to load nvme_core
00017 init: failed to load nvme
00017 init: failed to load zfs
00018 LNetError: 1:0:(lib-socket.c:619:lnet_inet_enumerate()) lnet: Can't find any usable interfaces, rc = -ENOENT
00018 LNetError: Error -100 starting up LNI tcp
00019 LustreError: 1:0:(events.c:627:ptlrpc_init_portals()) network initialisation failed: rc = -100
00019 init: finit_module /lib/modules/7.0.0-ktest-c3c4645-6330a45-20260727-dirty/updates/ptlrpc.ko: Network is down
00019 init: failed to load lustre
00019 init: failed to load osd_zfs
00019 init: failed to load iwlwifi
00019 init: failed to load iwlmvm
00019 init: failed to load mt7921e
00019 init: failed to load i915
00019 init: failed to load nouveau
00031 tlp: vm.laptop_mode is deprecated. Ignoring setting.
00032 Kernel version: 7.0.0-ktest-c3c4645-6330a45-20260727-dirty
00032 hook init_noop
00032 
00032 Running tests llmount
00032 
00032 ========= TEST   llmount
00038 SETUP LUSTRE ... LNet: Added LNI 10.0.2.15@tcp [8/256/0/180]
00039 Lustre: Echo OBD driver; http://www.lustre.org/
00039 Lustre: 1915:0:(mdt_handler.c:64:mdt_max_mod_rpcs_per_client_set()) max_mod_rpcs_per_client is deprecated, set mdt.*.max_mod_rpcs_in_flight parameter instead
00040 Lustre: ctl-lustre-MDT0000: No data found on store. Initialize space.
00040 Lustre: lustre-MDT0000: new disk, initializing
00040 Lustre: lustre-MDT0000: Imperative Recovery not enabled, recovery window 300-900
00040 Lustre: ctl-lustre-MDT0000: super-sequence allocation rc = 0 [0x0000000200000400-0x0000000240000400]:0:mdt
00040 Lustre: cli-ctl-lustre-MDT0001: Allocated super-sequence [0x0000000240000400-0x0000000280000400]:1:mdt]
00040 Lustre: lustre-OST0000: new disk, initializing
00040 Lustre: Skipped 1 previous similar message
00040 Lustre: srv-lustre-OST0000: No data found on store. Initialize space.
00040 Lustre: Skipped 2 previous similar messages
00040 Lustre: lustre-OST0000: Imperative Recovery not enabled, recovery window 300-900
00040 Lustre: Skipped 1 previous similar message
00046 Lustre: ctl-lustre-MDT0000: super-sequence allocation rc = 0 [0x0000000280000400-0x00000002c0000400]:0:ost
00046 Lustre: Skipped 1 previous similar message
00046 Lustre: cli-lustre-OST0000-super: Allocated super-sequence [0x0000000280000400-0x00000002c0000400]:0:ost]
00046 Lustre: lustre-OST0000-osc-MDT0000: update sequence from 0x100000000 to 0x280000401
00046 Lustre: lustre-OST0001-osc-MDT0000: update sequence from 0x100010000 to 0x2c0000401
00066 Lustre: lustre-MDT0000: local client deffb7bb-400b-40fa-85f3-8db998353a70 w/o recovery
00066 Lustre: Skipped 1 previous similar message
00066 Lustre: client wants to enable acl, but mdt not!
00066 Lustre: Mounted lustre-client
00066 lustre-ktest (1896) used greatest stack depth: 24224 bytes left
00066 34s
00076 CLEANUP LUSTRE ... Lustre: Unmounted lustre-client
00076 Lustre: server umount lustre-OST0000 complete
00077 Lustre: server umount lustre-OST0001 complete
00081 LustreError: lustre-MDT0001-osp-MDT0000: operation mds_statfs to node 0@lo failed: rc = -107
00081 Lustre: lustre-MDT0001-osp-MDT0000: Connection to lustre-MDT0001 (at 0@lo) was lost; in progress operations using this service will wait for recovery to complete
00081 Lustre: lustre-MDT0001: Not available for connect from 0@lo (stopping)
00086 Lustre: server umount lustre-MDT0001 complete
00096 Lustre: server umount lustre-MDT0000 complete
00096 20s
00096 
00096 ========= PASSED llmount in 64s
00096 
00096 Passed: llmount
00096 Failed: 
00096 NOTICE: Automounting of tracing to debugfs is deprecated and will be removed in 2030
00096 Kernel version: 7.0.0-ktest-c3c4645-6330a45-20260727-dirty
00096 TEST SUCCESS
