CLI: ./pk --podman-socket unix:///run/user/1000/podman/podman.sock --shared-filesystem /tmp --tarball-input job lustre-ci --output /var/www/ci-lustre/upstream-patch-review --git-hash c4ef0c28d096a7e8ec29a80e265218ec32ae7a3d --change-id 69011_c4ef0c28d096a7e8ec29a80e265218ec32ae7a3d --subject LU-19804 quota: enforce projquota on PROJINHERIT rename

Environment validated successfully
Note: custom LLVM is not synced in tarball input mode
Creating kernel tarball at /tmp/ktest-kernel.tar.gz...
Creating lustre tarball at /tmp/ktest-lustre.tar.gz...
Creating ZFS tarball at /tmp/ktest-zfs.tar.gz...
Executing 14 jobs
Jobs will start as soon as their dependencies are satisfied
Using tarball input mode

START al2023:al2023 build tests/fs/lustre/boot.ktest
START ml:lustre_mainline build tests/fs/lustre/boot.ktest
START checkpatch:checkpatch tool checkpatch
START ml-miscvm:lustre_mainline_native build tests/fs/lustre/boot.ktest
START ml-strict:lustre_mainline build tests/fs/lustre/boot-strict.ktest
START u24:u24 build tests/fs/lustre/boot.ktest
PUT /tmp/ktest-lustre.tar.gz 1s
PUT /tmp/ktest-lustre.tar.gz 1s
PUT /tmp/ktest-kernel.tar.gz 8s
PUT /tmp/ktest-kernel.tar.gz 8s
PUT /tmp/ktest-kernel.tar.gz 8s
PUT /tmp/ktest-kernel.tar.gz 8s
PUT /tmp/ktest-lustre.tar.gz 4s
PUT /tmp/ktest-lustre.tar.gz 3s
PUT /tmp/ktest-lustre.tar.gz 4s
PUT /tmp/ktest-lustre.tar.gz 4s
PUT /tmp/ktest-zfs.tar.gz 0s
PUT /tmp/ktest-zfs.tar.gz 0s
PUT /tmp/ktest-zfs.tar.gz 0s
END checkpatch:checkpatch tool checkpatch FAIL 16s (exit code: 1)
END u24:u24 build tests/fs/lustre/boot.ktest PASS 42s
END al2023:al2023 build tests/fs/lustre/boot.ktest PASS 48s
GET /tmp/ktest_ml-strict:lustre_mainline_jsblhqgc.tar 5s
END ml-strict:lustre_mainline build tests/fs/lustre/boot-strict.ktest FAIL 220s (exit code: 1)
GET /tmp/ktest_ml:lustre_mainline_rjliav7m.tar 0s
END ml:lustre_mainline build tests/fs/lustre/boot.ktest PASS 223s
GET /tmp/ktest_ml-miscvm:lustre_mainline_native_61vtd_ny.tar 0s
END ml-miscvm:lustre_mainline_native build tests/fs/lustre/boot.ktest PASS 226s
START ml-miscvm:boot run tests/fs/lustre/boot.ktest
START ml-miscvm:llmount run tests/fs/lustre/llmount.ktest
START ml-miscvm:llog-unit run tests/fs/lustre/llog-unit.ktest
START ml-miscvm:mgs-setup run tests/fs/lustre/mgs-setup.ktest
START ml-miscvm:sanity-1 run tests/fs/lustre/sanity/sanity-1.ktest
START ml-miscvm:sanity-2 run tests/fs/lustre/sanity/sanity-2.ktest
START ml-miscvm:sanity-3 run tests/fs/lustre/sanity/sanity-3.ktest
START ml-miscvm:sanity-4 run tests/fs/lustre/sanity/sanity-4.ktest
PUT /tmp/ktest-kernel.tar.gz 37s
PUT /tmp/ktest-kernel.tar.gz 36s
PUT /tmp/ktest-kernel.tar.gz 36s
PUT /tmp/ktest-kernel.tar.gz 37s
PUT /tmp/ktest-kernel.tar.gz 37s
PUT /tmp/ktest-kernel.tar.gz 37s
PUT /tmp/ktest-kernel.tar.gz 37s
PUT /tmp/ktest-kernel.tar.gz 38s
PUT /tmp/ktest-lustre.tar.gz 15s
PUT /tmp/ktest-lustre.tar.gz 16s
PUT /tmp/ktest-lustre.tar.gz 16s
PUT /tmp/ktest-lustre.tar.gz 16s
PUT /tmp/ktest-lustre.tar.gz 17s
PUT /tmp/ktest-lustre.tar.gz 16s
PUT /tmp/ktest-lustre.tar.gz 16s
PUT /tmp/ktest-lustre.tar.gz 16s
PUT /tmp/ktest_ml-miscvm:lustre_mainline_native_61vtd_ny.tar 2s
PUT /tmp/ktest_ml-miscvm:lustre_mainline_native_61vtd_ny.tar 2s
PUT /tmp/ktest_ml-miscvm:lustre_mainline_native_61vtd_ny.tar 2s
PUT /tmp/ktest_ml-miscvm:lustre_mainline_native_61vtd_ny.tar 2s
PUT /tmp/ktest_ml-miscvm:lustre_mainline_native_61vtd_ny.tar 2s
PUT /tmp/ktest_ml-miscvm:lustre_mainline_native_61vtd_ny.tar 2s
PUT /tmp/ktest_ml-miscvm:lustre_mainline_native_61vtd_ny.tar 2s
PUT /tmp/ktest_ml-miscvm:lustre_mainline_native_61vtd_ny.tar 2s
END ml-miscvm:boot run tests/fs/lustre/boot.ktest PASS 70s
END ml-miscvm:mgs-setup run tests/fs/lustre/mgs-setup.ktest PASS 79s
END ml-miscvm:sanity-4 run tests/fs/lustre/sanity/sanity-4.ktest PASS 110s
END ml-miscvm:sanity-3 run tests/fs/lustre/sanity/sanity-3.ktest PASS 112s
END ml-miscvm:sanity-2 run tests/fs/lustre/sanity/sanity-2.ktest PASS 113s
END ml-miscvm:sanity-1 run tests/fs/lustre/sanity/sanity-1.ktest PASS 115s
END ml-miscvm:llmount run tests/fs/lustre/llmount.ktest PASS 117s
END ml-miscvm:llog-unit run tests/fs/lustre/llog-unit.ktest FAIL 156s (exit code: 1)

============================================================
Final Results:
  checkpatch:checkpatch: FAIL (16s) (log: /var/www/ci-lustre/upstream-patch-review/c4ef0c28d096a7e8ec29a80e265218ec32ae7a3d_checkpatch:checkpatch.log)
  u24:u24: PASS (42s) (log: /var/www/ci-lustre/upstream-patch-review/c4ef0c28d096a7e8ec29a80e265218ec32ae7a3d_u24:u24.log)
  al2023:al2023: PASS (48s) (log: /var/www/ci-lustre/upstream-patch-review/c4ef0c28d096a7e8ec29a80e265218ec32ae7a3d_al2023:al2023.log)
  ml-strict:lustre_mainline: FAIL (220s) (log: /var/www/ci-lustre/upstream-patch-review/c4ef0c28d096a7e8ec29a80e265218ec32ae7a3d_ml-strict:lustre_mainline.log)
  ml:lustre_mainline: PASS (223s) (log: /var/www/ci-lustre/upstream-patch-review/c4ef0c28d096a7e8ec29a80e265218ec32ae7a3d_ml:lustre_mainline.log)
  ml-miscvm:lustre_mainline_native: PASS (226s) (log: /var/www/ci-lustre/upstream-patch-review/c4ef0c28d096a7e8ec29a80e265218ec32ae7a3d_ml-miscvm:lustre_mainline_native.log)
  ml-miscvm:boot: PASS (70s) (log: /var/www/ci-lustre/upstream-patch-review/c4ef0c28d096a7e8ec29a80e265218ec32ae7a3d_ml-miscvm:boot.log)
  ml-miscvm:llmount: PASS (117s) (log: /var/www/ci-lustre/upstream-patch-review/c4ef0c28d096a7e8ec29a80e265218ec32ae7a3d_ml-miscvm:llmount.log)
  ml-miscvm:llog-unit: FAIL (156s) (log: /var/www/ci-lustre/upstream-patch-review/c4ef0c28d096a7e8ec29a80e265218ec32ae7a3d_ml-miscvm:llog-unit.log)
  ml-miscvm:mgs-setup: PASS (79s) (log: /var/www/ci-lustre/upstream-patch-review/c4ef0c28d096a7e8ec29a80e265218ec32ae7a3d_ml-miscvm:mgs-setup.log)
  ml-miscvm:sanity-1: PASS (115s) (log: /var/www/ci-lustre/upstream-patch-review/c4ef0c28d096a7e8ec29a80e265218ec32ae7a3d_ml-miscvm:sanity-1.log)
  ml-miscvm:sanity-2: PASS (113s) (log: /var/www/ci-lustre/upstream-patch-review/c4ef0c28d096a7e8ec29a80e265218ec32ae7a3d_ml-miscvm:sanity-2.log)
  ml-miscvm:sanity-3: PASS (112s) (log: /var/www/ci-lustre/upstream-patch-review/c4ef0c28d096a7e8ec29a80e265218ec32ae7a3d_ml-miscvm:sanity-3.log)
  ml-miscvm:sanity-4: PASS (110s) (log: /var/www/ci-lustre/upstream-patch-review/c4ef0c28d096a7e8ec29a80e265218ec32ae7a3d_ml-miscvm:sanity-4.log)

Total execution time: 414s

Packed 7012 logs from /var/www/ci-lustre/upstream-patch-review into /home/ktest/ktest/local-site/local_data.js
Open /home/ktest/ktest/local-site/index.html in a browser
