CLI: ./pk --podman-socket unix:///run/podman/podman.sock --shared-filesystem /tmp --tarball-input job lustre-ci --output /var/www/ci-lustre/upstream-patch-review --git-hash c577274f9c1f7e3d7a8e2e8cb3fd1dbc335bef8c --change-id 66882_c577274f9c1f7e3d7a8e2e8cb3fd1dbc335bef8c --subject LU-20211 mdt: trunc(0) layout replace on inactive stripes

Environment validated successfully
Note: custom LLVM is not synced in tarball input mode
Creating kernel tarball at /tmp/ktest-kernel.tar.gz...
Creating lustre tarball at /tmp/ktest-lustre.tar.gz...
Creating ZFS tarball at /tmp/ktest-zfs.tar.gz...
Executing 14 jobs
Jobs will start as soon as their dependencies are satisfied
Using tarball input mode

START u24:u24 build tests/fs/lustre/boot.ktest
START ml-strict:lustre_mainline build tests/fs/lustre/boot-strict.ktest
START al2023:al2023 build tests/fs/lustre/boot.ktest
START ml:lustre_mainline build tests/fs/lustre/boot.ktest
START checkpatch:checkpatch tool checkpatch
START ml-miscvm:lustre_mainline_native build tests/fs/lustre/boot.ktest
PUT /tmp/ktest-lustre.tar.gz 1s
PUT /tmp/ktest-lustre.tar.gz 1s
PUT /tmp/ktest-kernel.tar.gz 8s
PUT /tmp/ktest-kernel.tar.gz 8s
PUT /tmp/ktest-kernel.tar.gz 8s
PUT /tmp/ktest-kernel.tar.gz 8s
PUT /tmp/ktest-lustre.tar.gz 2s
PUT /tmp/ktest-lustre.tar.gz 2s
PUT /tmp/ktest-lustre.tar.gz 2s
PUT /tmp/ktest-lustre.tar.gz 3s
PUT /tmp/ktest-zfs.tar.gz 0s
PUT /tmp/ktest-zfs.tar.gz 0s
PUT /tmp/ktest-zfs.tar.gz 0s
END checkpatch:checkpatch tool checkpatch FAIL 15s (exit code: 1)
END u24:u24 build tests/fs/lustre/boot.ktest PASS 42s
END al2023:al2023 build tests/fs/lustre/boot.ktest PASS 48s
GET /tmp/ktest_ml-miscvm:lustre_mainline_native_aypqzfq3.tar 0s
GET /tmp/ktest_ml:lustre_mainline_0t3_3nsg.tar 0s
END ml-miscvm:lustre_mainline_native build tests/fs/lustre/boot.ktest PASS 200s
START ml-miscvm:boot run tests/fs/lustre/boot.ktest
START ml-miscvm:llmount run tests/fs/lustre/llmount.ktest
START ml-miscvm:llog-unit run tests/fs/lustre/llog-unit.ktest
START ml-miscvm:mgs-setup run tests/fs/lustre/mgs-setup.ktest
START ml-miscvm:sanity-1 run tests/fs/lustre/sanity/sanity-1.ktest
START ml-miscvm:sanity-2 run tests/fs/lustre/sanity/sanity-2.ktest
START ml-miscvm:sanity-3 run tests/fs/lustre/sanity/sanity-3.ktest
START ml-miscvm:sanity-4 run tests/fs/lustre/sanity/sanity-4.ktest
GET /tmp/ktest_ml-strict:lustre_mainline_8feyk_pg.tar 5s
END ml:lustre_mainline build tests/fs/lustre/boot.ktest PASS 201s
END ml-strict:lustre_mainline build tests/fs/lustre/boot-strict.ktest FAIL 203s (exit code: 1)
PUT /tmp/ktest-kernel.tar.gz 44s
PUT /tmp/ktest-kernel.tar.gz 44s
PUT /tmp/ktest-kernel.tar.gz 44s
PUT /tmp/ktest-kernel.tar.gz 43s
PUT /tmp/ktest-kernel.tar.gz 44s
PUT /tmp/ktest-kernel.tar.gz 44s
PUT /tmp/ktest-kernel.tar.gz 44s
PUT /tmp/ktest-kernel.tar.gz 44s
PUT /tmp/ktest-lustre.tar.gz 11s
PUT /tmp/ktest-lustre.tar.gz 12s
PUT /tmp/ktest-lustre.tar.gz 11s
PUT /tmp/ktest-lustre.tar.gz 11s
PUT /tmp/ktest-lustre.tar.gz 11s
PUT /tmp/ktest-lustre.tar.gz 11s
PUT /tmp/ktest-lustre.tar.gz 11s
PUT /tmp/ktest-lustre.tar.gz 11s
PUT /tmp/ktest_ml-miscvm:lustre_mainline_native_aypqzfq3.tar 1s
PUT /tmp/ktest_ml-miscvm:lustre_mainline_native_aypqzfq3.tar 1s
PUT /tmp/ktest_ml-miscvm:lustre_mainline_native_aypqzfq3.tar 1s
PUT /tmp/ktest_ml-miscvm:lustre_mainline_native_aypqzfq3.tar 1s
PUT /tmp/ktest_ml-miscvm:lustre_mainline_native_aypqzfq3.tar 1s
PUT /tmp/ktest_ml-miscvm:lustre_mainline_native_aypqzfq3.tar 1s
PUT /tmp/ktest_ml-miscvm:lustre_mainline_native_aypqzfq3.tar 1s
PUT /tmp/ktest_ml-miscvm:lustre_mainline_native_aypqzfq3.tar 1s
END ml-miscvm:boot run tests/fs/lustre/boot.ktest PASS 71s
END ml-miscvm:mgs-setup run tests/fs/lustre/mgs-setup.ktest PASS 81s
END ml-miscvm:sanity-4 run tests/fs/lustre/sanity/sanity-4.ktest PASS 108s
END ml-miscvm:sanity-2 run tests/fs/lustre/sanity/sanity-2.ktest PASS 110s
END ml-miscvm:sanity-1 run tests/fs/lustre/sanity/sanity-1.ktest PASS 111s
END ml-miscvm:llmount run tests/fs/lustre/llmount.ktest PASS 119s
END ml-miscvm:sanity-3 run tests/fs/lustre/sanity/sanity-3.ktest PASS 121s
END ml-miscvm:llog-unit run tests/fs/lustre/llog-unit.ktest FAIL 158s (exit code: 1)

============================================================
Final Results:
  checkpatch:checkpatch: FAIL (15s) (log: /var/www/ci-lustre/upstream-patch-review/c577274f9c1f7e3d7a8e2e8cb3fd1dbc335bef8c_checkpatch:checkpatch.log)
  u24:u24: PASS (42s) (log: /var/www/ci-lustre/upstream-patch-review/c577274f9c1f7e3d7a8e2e8cb3fd1dbc335bef8c_u24:u24.log)
  al2023:al2023: PASS (48s) (log: /var/www/ci-lustre/upstream-patch-review/c577274f9c1f7e3d7a8e2e8cb3fd1dbc335bef8c_al2023:al2023.log)
  ml-strict:lustre_mainline: FAIL (203s) (log: /var/www/ci-lustre/upstream-patch-review/c577274f9c1f7e3d7a8e2e8cb3fd1dbc335bef8c_ml-strict:lustre_mainline.log)
  ml:lustre_mainline: PASS (201s) (log: /var/www/ci-lustre/upstream-patch-review/c577274f9c1f7e3d7a8e2e8cb3fd1dbc335bef8c_ml:lustre_mainline.log)
  ml-miscvm:lustre_mainline_native: PASS (200s) (log: /var/www/ci-lustre/upstream-patch-review/c577274f9c1f7e3d7a8e2e8cb3fd1dbc335bef8c_ml-miscvm:lustre_mainline_native.log)
  ml-miscvm:boot: PASS (71s) (log: /var/www/ci-lustre/upstream-patch-review/c577274f9c1f7e3d7a8e2e8cb3fd1dbc335bef8c_ml-miscvm:boot.log)
  ml-miscvm:llmount: PASS (119s) (log: /var/www/ci-lustre/upstream-patch-review/c577274f9c1f7e3d7a8e2e8cb3fd1dbc335bef8c_ml-miscvm:llmount.log)
  ml-miscvm:llog-unit: FAIL (158s) (log: /var/www/ci-lustre/upstream-patch-review/c577274f9c1f7e3d7a8e2e8cb3fd1dbc335bef8c_ml-miscvm:llog-unit.log)
  ml-miscvm:mgs-setup: PASS (81s) (log: /var/www/ci-lustre/upstream-patch-review/c577274f9c1f7e3d7a8e2e8cb3fd1dbc335bef8c_ml-miscvm:mgs-setup.log)
  ml-miscvm:sanity-1: PASS (111s) (log: /var/www/ci-lustre/upstream-patch-review/c577274f9c1f7e3d7a8e2e8cb3fd1dbc335bef8c_ml-miscvm:sanity-1.log)
  ml-miscvm:sanity-2: PASS (110s) (log: /var/www/ci-lustre/upstream-patch-review/c577274f9c1f7e3d7a8e2e8cb3fd1dbc335bef8c_ml-miscvm:sanity-2.log)
  ml-miscvm:sanity-3: PASS (121s) (log: /var/www/ci-lustre/upstream-patch-review/c577274f9c1f7e3d7a8e2e8cb3fd1dbc335bef8c_ml-miscvm:sanity-3.log)
  ml-miscvm:sanity-4: PASS (108s) (log: /var/www/ci-lustre/upstream-patch-review/c577274f9c1f7e3d7a8e2e8cb3fd1dbc335bef8c_ml-miscvm:sanity-4.log)

Total execution time: 388s

Packed 1375 logs from /var/www/ci-lustre/upstream-patch-review into /home/ktest/ktest/local-site/local_data.js
Open /home/ktest/ktest/local-site/index.html in a browser
