WARNING:BLOCK_COMMENT_STYLE: Block comments use a trailing */ on a separate line
#156: FILE: lustre/include/md_object.h:164:
+				 * @mlc_source pattern */

WARNING:SYMBOLIC_PERMS: Symbolic permissions 'S_IWUSR' are not preferred. Consider using octal permissions '0200'.
#1222: FILE: lustre/mdt/mdt_reint.c:1033:
+	orp_ma->ma_attr.la_mode = S_IFREG | S_IWUSR;

WARNING:LONG_LINE_STRING: line length of 113 exceeds 100 columns
#1297: FILE: lustre/mdt/mdt_reint.c:1216:
+				CERROR("%s: "DFID": trunc(0) unavailable layout check/replace failed: rc = %d\n",

WARNING:UNSPECIFIED_INT: Prefer 'unsigned int' to bare use of 'unsigned'
#1418: FILE: lustre/ptlrpc/wiretest.c:2855:
+		 (unsigned)MS_RESTORE);

WARNING:UNSPECIFIED_INT: Prefer 'unsigned int' to bare use of 'unsigned'
#1420: FILE: lustre/ptlrpc/wiretest.c:2857:
+		 (unsigned)MS_LAYOUT_REPLACED);

WARNING:UNSPECIFIED_INT: Prefer 'unsigned int' to bare use of 'unsigned'
#1878: FILE: lustre/utils/wiretest.c:2874:
+		 (unsigned)MS_RESTORE);

WARNING:UNSPECIFIED_INT: Prefer 'unsigned int' to bare use of 'unsigned'
#1880: FILE: lustre/utils/wiretest.c:2876:
+		 (unsigned)MS_LAYOUT_REPLACED);

total: 0 errors, 7 warnings, 1671 lines checked

NOTE: For some of the reported defects, checkpatch may be able to
      mechanically convert to the typical style using --fix or --fix-inplace.

Your patch has style problems, please review.

NOTE: If any of the errors are false positives, please report
      them to the maintainer, see CHECKPATCH in MAINTAINERS.
