CLI: ./pk --podman-socket unix:///run/user/1000/podman/podman.sock --shared-filesystem /tmp --tarball-input job lustre-ci --output /var/www/ci-lustre/upstream-patch-review --git-hash c6060be6c8c858ba526c88283ecd20e98a42b160 --change-id 69200_c6060be6c8c858ba526c88283ecd20e98a42b160 --subject LU-6689 nodemap: refuse migrate early without layout_ops

Environment validated successfully
Note: custom LLVM is not synced in tarball input mode
Creating kernel tarball at /tmp/ktest-kernel.tar.gz...
Creating lustre tarball at /tmp/ktest-lustre.tar.gz...
Creating ZFS tarball at /tmp/ktest-zfs.tar.gz...
Executing 14 jobs
Jobs will start as soon as their dependencies are satisfied
Using tarball input mode

START al2023:al2023 build tests/fs/lustre/boot.ktest
START u24:u24 build tests/fs/lustre/boot.ktest
START checkpatch:checkpatch tool checkpatch
START ml:lustre_mainline build tests/fs/lustre/boot.ktest
START ml-strict:lustre_mainline build tests/fs/lustre/boot-strict.ktest
START ml-miscvm:lustre_mainline_native build tests/fs/lustre/boot.ktest
PUT /tmp/ktest-lustre.tar.gz 1s
PUT /tmp/ktest-lustre.tar.gz 1s
PUT /tmp/ktest-kernel.tar.gz 7s
PUT /tmp/ktest-kernel.tar.gz 7s
PUT /tmp/ktest-kernel.tar.gz 7s
PUT /tmp/ktest-kernel.tar.gz 8s
PUT /tmp/ktest-lustre.tar.gz 4s
PUT /tmp/ktest-lustre.tar.gz 4s
PUT /tmp/ktest-lustre.tar.gz 4s
PUT /tmp/ktest-lustre.tar.gz 4s
PUT /tmp/ktest-zfs.tar.gz 0s
PUT /tmp/ktest-zfs.tar.gz 0s
PUT /tmp/ktest-zfs.tar.gz 1s
END checkpatch:checkpatch tool checkpatch PASS 15s
END u24:u24 build tests/fs/lustre/boot.ktest PASS 41s
END al2023:al2023 build tests/fs/lustre/boot.ktest PASS 46s
GET /tmp/ktest_ml-strict:lustre_mainline_68ej_5n4.tar 6s
END ml-strict:lustre_mainline build tests/fs/lustre/boot-strict.ktest FAIL 208s (exit code: 1)
GET /tmp/ktest_ml:lustre_mainline_o4bi6p9g.tar 0s
GET /tmp/ktest_ml-miscvm:lustre_mainline_native_tm0gmhcu.tar 0s
END ml:lustre_mainline build tests/fs/lustre/boot.ktest PASS 226s
END ml-miscvm:lustre_mainline_native build tests/fs/lustre/boot.ktest PASS 228s
START ml-miscvm:boot run tests/fs/lustre/boot.ktest
START ml-miscvm:llmount run tests/fs/lustre/llmount.ktest
START ml-miscvm:llog-unit run tests/fs/lustre/llog-unit.ktest
START ml-miscvm:mgs-setup run tests/fs/lustre/mgs-setup.ktest
START ml-miscvm:sanity-1 run tests/fs/lustre/sanity/sanity-1.ktest
START ml-miscvm:sanity-2 run tests/fs/lustre/sanity/sanity-2.ktest
START ml-miscvm:sanity-3 run tests/fs/lustre/sanity/sanity-3.ktest
START ml-miscvm:sanity-4 run tests/fs/lustre/sanity/sanity-4.ktest
PUT /tmp/ktest-kernel.tar.gz 36s
PUT /tmp/ktest-kernel.tar.gz 35s
PUT /tmp/ktest-kernel.tar.gz 36s
PUT /tmp/ktest-kernel.tar.gz 36s
PUT /tmp/ktest-kernel.tar.gz 36s
PUT /tmp/ktest-kernel.tar.gz 36s
PUT /tmp/ktest-kernel.tar.gz 36s
PUT /tmp/ktest-kernel.tar.gz 37s
PUT /tmp/ktest-lustre.tar.gz 11s
PUT /tmp/ktest-lustre.tar.gz 10s
PUT /tmp/ktest-lustre.tar.gz 10s
PUT /tmp/ktest-lustre.tar.gz 11s
PUT /tmp/ktest-lustre.tar.gz 10s
PUT /tmp/ktest-lustre.tar.gz 11s
PUT /tmp/ktest-lustre.tar.gz 11s
PUT /tmp/ktest-lustre.tar.gz 10s
PUT /tmp/ktest_ml-miscvm:lustre_mainline_native_tm0gmhcu.tar 2s
PUT /tmp/ktest_ml-miscvm:lustre_mainline_native_tm0gmhcu.tar 2s
PUT /tmp/ktest_ml-miscvm:lustre_mainline_native_tm0gmhcu.tar 2s
PUT /tmp/ktest_ml-miscvm:lustre_mainline_native_tm0gmhcu.tar 2s
PUT /tmp/ktest_ml-miscvm:lustre_mainline_native_tm0gmhcu.tar 2s
PUT /tmp/ktest_ml-miscvm:lustre_mainline_native_tm0gmhcu.tar 2s
PUT /tmp/ktest_ml-miscvm:lustre_mainline_native_tm0gmhcu.tar 2s
PUT /tmp/ktest_ml-miscvm:lustre_mainline_native_tm0gmhcu.tar 2s
END ml-miscvm:sanity-2 run tests/fs/lustre/sanity/sanity-2.ktest FAIL 60s (exit code: 1)
END ml-miscvm:sanity-4 run tests/fs/lustre/sanity/sanity-4.ktest FAIL 62s (exit code: 1)
END ml-miscvm:llmount run tests/fs/lustre/llmount.ktest FAIL 64s (exit code: 1)
END ml-miscvm:sanity-3 run tests/fs/lustre/sanity/sanity-3.ktest FAIL 66s (exit code: 1)
END ml-miscvm:llog-unit run tests/fs/lustre/llog-unit.ktest FAIL 67s (exit code: 1)
END ml-miscvm:mgs-setup run tests/fs/lustre/mgs-setup.ktest FAIL 69s (exit code: 1)
END ml-miscvm:sanity-1 run tests/fs/lustre/sanity/sanity-1.ktest FAIL 70s (exit code: 1)
END ml-miscvm:boot run tests/fs/lustre/boot.ktest FAIL 71s (exit code: 1)

============================================================
Final Results:
  checkpatch:checkpatch: PASS (15s) (log: /var/www/ci-lustre/upstream-patch-review/c6060be6c8c858ba526c88283ecd20e98a42b160_checkpatch:checkpatch.log)
  u24:u24: PASS (41s) (log: /var/www/ci-lustre/upstream-patch-review/c6060be6c8c858ba526c88283ecd20e98a42b160_u24:u24.log)
  al2023:al2023: PASS (46s) (log: /var/www/ci-lustre/upstream-patch-review/c6060be6c8c858ba526c88283ecd20e98a42b160_al2023:al2023.log)
  ml-strict:lustre_mainline: FAIL (208s) (log: /var/www/ci-lustre/upstream-patch-review/c6060be6c8c858ba526c88283ecd20e98a42b160_ml-strict:lustre_mainline.log)
  ml:lustre_mainline: PASS (226s) (log: /var/www/ci-lustre/upstream-patch-review/c6060be6c8c858ba526c88283ecd20e98a42b160_ml:lustre_mainline.log)
  ml-miscvm:lustre_mainline_native: PASS (228s) (log: /var/www/ci-lustre/upstream-patch-review/c6060be6c8c858ba526c88283ecd20e98a42b160_ml-miscvm:lustre_mainline_native.log)
  ml-miscvm:boot: FAIL (71s) (log: /var/www/ci-lustre/upstream-patch-review/c6060be6c8c858ba526c88283ecd20e98a42b160_ml-miscvm:boot.log)
  ml-miscvm:llmount: FAIL (64s) (log: /var/www/ci-lustre/upstream-patch-review/c6060be6c8c858ba526c88283ecd20e98a42b160_ml-miscvm:llmount.log)
  ml-miscvm:llog-unit: FAIL (67s) (log: /var/www/ci-lustre/upstream-patch-review/c6060be6c8c858ba526c88283ecd20e98a42b160_ml-miscvm:llog-unit.log)
  ml-miscvm:mgs-setup: FAIL (69s) (log: /var/www/ci-lustre/upstream-patch-review/c6060be6c8c858ba526c88283ecd20e98a42b160_ml-miscvm:mgs-setup.log)
  ml-miscvm:sanity-1: FAIL (70s) (log: /var/www/ci-lustre/upstream-patch-review/c6060be6c8c858ba526c88283ecd20e98a42b160_ml-miscvm:sanity-1.log)
  ml-miscvm:sanity-2: FAIL (60s) (log: /var/www/ci-lustre/upstream-patch-review/c6060be6c8c858ba526c88283ecd20e98a42b160_ml-miscvm:sanity-2.log)
  ml-miscvm:sanity-3: FAIL (66s) (log: /var/www/ci-lustre/upstream-patch-review/c6060be6c8c858ba526c88283ecd20e98a42b160_ml-miscvm:sanity-3.log)
  ml-miscvm:sanity-4: FAIL (62s) (log: /var/www/ci-lustre/upstream-patch-review/c6060be6c8c858ba526c88283ecd20e98a42b160_ml-miscvm:sanity-4.log)

Total execution time: 329s

Packed 1592 logs from /var/www/ci-lustre/upstream-patch-review into /home/ktest/ktest/local-site/local_data.js
Open /home/ktest/ktest/local-site/index.html in a browser
