00001 
00004 LNetError: 152:0:(lib-socket.c:619:lnet_inet_enumerate()) lnet: Can't find any usable interfaces, rc = -ENOENT
00004 LNetError: Error -100 starting up LNI tcp
00004 LustreError: 152:0:(events.c:627:ptlrpc_init_portals()) network initialisation failed: rc = -100
00009 tlp: vm.laptop_mode is deprecated. Ignoring setting.
00010 Kernel version: 7.0.0-ktest-c7429ec-6330a45-20260910-dirty
00010 hook init_noop
00010 
00010 Running tests llog-unit
00010 
00010 ========= TEST   llog-unit
00010 /host/home/ktest/git/lustre-release/lustre/tests/test-framework.sh: line 6933: cd: HOME not set
00010 /host/home/ktest/git/lustre-release/lustre/tests/test-framework.sh: line 6933: cd: HOME not set
00010 /host/home/ktest/git/lustre-release/lustre/tests/test-framework.sh: line 6933: cd: HOME not set
00012 MGS_OS_VERSION_ID=24.04
00012 MGS_OS_ID=ubuntu
00012 MGS_OS_VERSION_CODE=402915328
00012 MGS_OS_ID_LIKE=debian ubuntu
00012 MDS1_OS_ID=ubuntu
00012 MDS1_OS_VERSION_CODE=402915328
00012 MDS1_OS_ID_LIKE=debian ubuntu
00012 MDS1_OS_VERSION_ID=24.04
00012 OST1_OS_VERSION_ID=24.04
00012 OST1_OS_VERSION_CODE=402915328
00012 OST1_OS_ID=ubuntu
00012 OST1_OS_ID_LIKE=debian ubuntu
00013 CLIENT_OS_VERSION_ID=24.04
00013 CLIENT_OS_ID_LIKE=debian ubuntu
00013 CLIENT_OS_ID=ubuntu
00013 CLIENT_OS_VERSION_CODE=402915328
00013 Loading modules from /host/home/ktest/git/lustre-release/lustre
00013 detected 16 online CPUs by sysfs
00013 MODOPTS_LIBCFS=
00013 libcfs will create CPU partition based on online CPUs
00013 LNet: Added LNI 10.0.2.15@tcp [8/256/0/180]
00014 gss/krb5 is not supported
00014 Lustre: Echo OBD driver; http://www.lustre.org/
00015 
00015 
00015 /host/home/ktest/git/lustre-release/lustre/tests/test-framework.sh: line 6933: cd: HOME not set
00015 /host/home/ktest/git/lustre-release/lustre/tests/test-framework.sh: line 6933: cd: HOME not set
00015 /host/home/ktest/git/lustre-release/lustre/tests/test-framework.sh: line 6933: cd: HOME not set
00018 Lustre: DEBUG MARKER: Attempt llog unit tests
00018 Lustre: 2178:0:(llog_test.c:2805:llog_test_device_init()) Setup llog-test device over MGS device
00018 Lustre: 2178:0:(llog_test.c:98:llog_test_1()) 1a: create a log with name: 6be401fa
00018 ------------[ cut here ]------------
00018 WARNING: /home/ktest/git/linux/include/linux/fs.h:889 at osd_create+0x9cf/0xcf0 [osd_wbcfs], CPU#4: lctl/2178
00018 Modules linked in: llog_test(O) mgs(O) osd_wbcfs(O) lustre(O) obdecho(O) mgc(O) mdc(O) lov(O) osc(O) lmv(O) ec(O) fid(O) fld(O) ptlrpc(O) efivarfs obdclass(O) ksocklnd(O) lnet(O) libcfs(O)
00018 CPU: 4 UID: 0 PID: 2178 Comm: lctl Tainted: G           O        7.0.0-ktest-c7429ec-6330a45-20260910-dirty #1 PREEMPT 
00018 Tainted: [O]=OOT_MODULE
00018 Hardware name: QEMU Standard PC (Q35 + ICH9, 2009), BIOS 2025.11-3ubuntu7 03/31/2026
00018 RIP: 0010:osd_create+0x9cf/0xcf0 [osd_wbcfs]
00018 Code: c7 c7 00 16 7c a1 48 c7 c6 a0 92 7d a1 48 c7 c2 00 9c 7d a1 e8 52 f1 43 ff 48 c7 c7 00 16 7c a1 e8 46 81 44 ff e9 fe fc ff ff <0f> 0b e9 a5 fa ff ff 48 c7 c1 80 44 5d a0 80 e1 07 80 c1 03 38 c1
00018 RSP: 0018:ffffc90005e3f790 EFLAGS: 00010246
00018 RAX: 0000000000000000 RBX: ffff8881a5bff000 RCX: 0000000000000046
00018 RDX: 0000000000000000 RSI: ffff88819c281818 RDI: ffff88819f532a58
00018 RBP: ffff88819c281788 R08: ffffffff83a16803 R09: 1ffffffff0742d00
00018 R10: dffffc0000000000 R11: fffffbfff0742d01 R12: ffff8881b150e800
00018 R13: dffffc0000000000 R14: 1ffff11034b7fe00 R15: 1ffff110362a1d0f
00018 FS:  00007fd0628a4940(0000) GS:ffff88831e629000(0000) knlGS:0000000000000000
00018 CS:  0010 DS: 0000 ES: 0000 CR0: 0000000080050033
00018 CR2: 00005639c7b7db40 CR3: 0000000126f5c000 CR4: 0000000000750eb0
00018 PKRU: 55555554
00018 Call Trace:
00018  <TASK>
00018  ? local_object_create+0x109/0x640 [obdclass]
00018  ? dt_write_lock+0x16d/0x2a0 [obdclass]
00018  ? llog_osd_create+0x356/0x10d0 [obdclass]
00018  ? llog_create+0x2ed/0x530 [obdclass]
00018  ? llog_open_create+0x6e7/0xb30 [obdclass]
00018  ? llog_run_tests+0x4bb/0x5ac0 [llog_test]
00018  ? get_random_u32+0x51/0x470
00018  ? get_random_u32+0x51/0x470
00018  ? _raw_spin_unlock+0x23/0x40
00018  ? __llog_ctxt_put+0x1c4/0x2f0 [obdclass]
00018  ? llog_test_device_init+0x6e8/0xa20 [llog_test]
00018  ? obd_setup+0x54d/0x950 [obdclass]
00018  ? class_setup+0xc7d/0x10e0 [obdclass]
00018  ? class_process_config+0x2edb/0x7cb0 [obdclass]
00018  ? class_handle_ioctl+0x2055/0x3590 [obdclass]
00018  ? obd_class_ioctl+0x1f6/0x3c0 [obdclass]
00018  ? __x64_sys_ioctl+0x961/0xe00
00018  ? _copy_to_user+0x3d/0x60
00018  ? __x64_sys_rt_sigaction+0x107/0x140
00018  ? do_syscall_64+0xc1/0x350
00018  ? entry_SYSCALL_64_after_hwframe+0x4b/0x53
00018  </TASK>
00018 ---[ end trace 0000000000000000 ]---
00018 Lustre: 2178:0:(llog_test.c:115:llog_test_1()) 1b: close newly-created log
00018 Lustre: 2178:0:(llog_test.c:146:llog_test_2()) 2a: re-open a log with name: 6be401fa
00018 Lustre: 2178:0:(llog_test.c:166:llog_test_2()) 2b: create a log without specified NAME & LOGID
00018 ------------[ cut here ]------------
00018 WARNING: /home/ktest/git/linux/include/linux/fs.h:889 at osd_create+0x9cf/0xcf0 [osd_wbcfs], CPU#4: lctl/2178
00018 Modules linked in: llog_test(O) mgs(O) osd_wbcfs(O) lustre(O) obdecho(O) mgc(O) mdc(O) lov(O) osc(O) lmv(O) ec(O) fid(O) fld(O) ptlrpc(O) efivarfs obdclass(O) ksocklnd(O) lnet(O) libcfs(O)
00018 CPU: 4 UID: 0 PID: 2178 Comm: lctl Tainted: G        W  O        7.0.0-ktest-c7429ec-6330a45-20260910-dirty #1 PREEMPT 
00018 Tainted: [W]=WARN, [O]=OOT_MODULE
00018 Hardware name: QEMU Standard PC (Q35 + ICH9, 2009), BIOS 2025.11-3ubuntu7 03/31/2026
00018 RIP: 0010:osd_create+0x9cf/0xcf0 [osd_wbcfs]
00018 Code: c7 c7 00 16 7c a1 48 c7 c6 a0 92 7d a1 48 c7 c2 00 9c 7d a1 e8 52 f1 43 ff 48 c7 c7 00 16 7c a1 e8 46 81 44 ff e9 fe fc ff ff <0f> 0b e9 a5 fa ff ff 48 c7 c1 80 44 5d a0 80 e1 07 80 c1 03 38 c1
00018 RSP: 0018:ffffc90005e3f790 EFLAGS: 00010246
00018 RAX: 0000000000000000 RBX: ffff8881a5bfb800 RCX: 0000000000000046
00018 RDX: 0000000000000000 RSI: ffff88819c281100 RDI: ffff88819f532a58
00018 RBP: ffff88819c281070 R08: ffffffff83a16803 R09: 1ffffffff0742d00
00018 R10: dffffc0000000000 R11: fffffbfff0742d01 R12: ffff8881b150e800
00018 R13: dffffc0000000000 R14: 1ffff11034b7f700 R15: 1ffff110362a1d0f
00018 FS:  00007fd0628a4940(0000) GS:ffff88831e629000(0000) knlGS:0000000000000000
00018 CS:  0010 DS: 0000 ES: 0000 CR0: 0000000080050033
00018 CR2: 00005639c7b7db40 CR3: 0000000126f5c000 CR4: 0000000000750eb0
00018 PKRU: 55555554
00018 Call Trace:
00018  <TASK>
00018  ? local_object_create+0x109/0x640 [obdclass]
00018  ? dt_write_lock+0x16d/0x2a0 [obdclass]
00018  ? llog_osd_create+0x356/0x10d0 [obdclass]
00018  ? llog_create+0x2ed/0x530 [obdclass]
00018  ? llog_open_create+0x6e7/0xb30 [obdclass]
00018  ? llog_run_tests+0xd1a/0x5ac0 [llog_test]
00018  ? get_random_u32+0x51/0x470
00018  ? get_random_u32+0x51/0x470
00018  ? _raw_spin_unlock+0x23/0x40
00018  ? llog_test_device_init+0x6e8/0xa20 [llog_test]
00018  ? obd_setup+0x54d/0x950 [obdclass]
00018  ? class_setup+0xc7d/0x10e0 [obdclass]
00018  ? class_process_config+0x2edb/0x7cb0 [obdclass]
00018  ? class_handle_ioctl+0x2055/0x3590 [obdclass]
00018  ? obd_class_ioctl+0x1f6/0x3c0 [obdclass]
00018  ? __x64_sys_ioctl+0x961/0xe00
00018  ? _copy_to_user+0x3d/0x60
00018  ? __x64_sys_rt_sigaction+0x107/0x140
00018  ? do_syscall_64+0xc1/0x350
00018  ? entry_SYSCALL_64_after_hwframe+0x4b/0x53
00018  </TASK>
00018 ---[ end trace 0000000000000000 ]---
00018 Lustre: 2178:0:(llog_test.c:184:llog_test_2()) 2b: write 1 llog records, check llh_count
00018 Lustre: 2178:0:(llog_test.c:197:llog_test_2()) 2c: re-open the log by LOGID and verify llh_count
00018 Lustre: 2178:0:(llog_test.c:244:llog_test_2()) 2d: destroy this log
00018 Lustre: 2178:0:(llog_test.c:402:llog_test_3()) 3a: write 1023 fixed-size llog records
00018 Lustre: 2178:0:(llog_test.c:366:llog_test3_process()) test3: processing records from index 501 to the end
00019 Lustre: 2178:0:(llog_test.c:376:llog_test3_process()) test3: total 525 records processed with 0 paddings
00019 Lustre: 2178:0:(llog_test.c:458:llog_test_3()) 3b: write 566 variable size llog records
00019 Lustre: 2178:0:(llog_test.c:529:llog_test_3()) 3c: write records with variable size until BITMAP_SIZE, return -ENOSPC
00021 Lustre: 2178:0:(llog_test.c:552:llog_test_3()) 3c: wrote 63962 more records before end of llog is reached
00021 Lustre: 2178:0:(llog_test.c:581:llog_test_4()) 4a: create a catalog log with name: 6be401fb
00021 ------------[ cut here ]------------
00021 WARNING: /home/ktest/git/linux/include/linux/fs.h:889 at osd_create+0x9cf/0xcf0 [osd_wbcfs], CPU#13: lctl/2178
00021 Modules linked in: llog_test(O) mgs(O) osd_wbcfs(O) lustre(O) obdecho(O) mgc(O) mdc(O) lov(O) osc(O) lmv(O) ec(O) fid(O) fld(O) ptlrpc(O) efivarfs obdclass(O) ksocklnd(O) lnet(O) libcfs(O)
00021 CPU: 13 UID: 0 PID: 2178 Comm: lctl Tainted: G        W  O        7.0.0-ktest-c7429ec-6330a45-20260910-dirty #1 PREEMPT 
00021 Tainted: [W]=WARN, [O]=OOT_MODULE
00021 Hardware name: QEMU Standard PC (Q35 + ICH9, 2009), BIOS 2025.11-3ubuntu7 03/31/2026
00021 RIP: 0010:osd_create+0x9cf/0xcf0 [osd_wbcfs]
00021 Code: c7 c7 00 16 7c a1 48 c7 c6 a0 92 7d a1 48 c7 c2 00 9c 7d a1 e8 52 f1 43 ff 48 c7 c7 00 16 7c a1 e8 46 81 44 ff e9 fe fc ff ff <0f> 0b e9 a5 fa ff ff 48 c7 c1 80 44 5d a0 80 e1 07 80 c1 03 38 c1
00021 RSP: 0018:ffffc90005e3f790 EFLAGS: 00010246
00021 RAX: 0000000000000000 RBX: ffff88819a136800 RCX: 0000000000000046
00021 RDX: 0000000000000000 RSI: ffff888126de2648 RDI: ffff88819f532a58
00021 RBP: ffff888126de25b8 R08: ffffffff83a16803 R09: 1ffffffff0742d00
00021 R10: dffffc0000000000 R11: fffffbfff0742d01 R12: ffff8881b150e800
00021 R13: dffffc0000000000 R14: 1ffff11033426d00 R15: 1ffff110362a1d0f
00021 FS:  00007fd0628a4940(0000) GS:ffff88831eaa9000(0000) knlGS:0000000000000000
00021 CS:  0010 DS: 0000 ES: 0000 CR0: 0000000080050033
00021 CR2: 00007f7ed48ee300 CR3: 0000000126f5c000 CR4: 0000000000750eb0
00021 PKRU: 55555554
00021 Call Trace:
00021  <TASK>
00021  ? local_object_create+0x109/0x640 [obdclass]
00021  ? dt_write_lock+0x16d/0x2a0 [obdclass]
00021  ? llog_osd_create+0x356/0x10d0 [obdclass]
00021  ? llog_create+0x2ed/0x530 [obdclass]
00021  ? llog_open_create+0x6e7/0xb30 [obdclass]
00021  ? llog_run_tests+0x2c0e/0x5ac0 [llog_test]
00021  ? get_random_u32+0x51/0x470
00021  ? llog_test_device_init+0x6e8/0xa20 [llog_test]
00021  ? obd_setup+0x54d/0x950 [obdclass]
00021  ? class_setup+0xc7d/0x10e0 [obdclass]
00021  ? class_process_config+0x2edb/0x7cb0 [obdclass]
00021  ? class_handle_ioctl+0x2055/0x3590 [obdclass]
00021  ? obd_class_ioctl+0x1f6/0x3c0 [obdclass]
00021  ? __x64_sys_ioctl+0x961/0xe00
00021  ? _copy_to_user+0x3d/0x60
00021  ? __x64_sys_rt_sigaction+0x107/0x140
00021  ? do_syscall_64+0xc1/0x350
00021  ? entry_SYSCALL_64_after_hwframe+0x4b/0x53
00021  </TASK>
00021 ---[ end trace 0000000000000000 ]---
00021 Lustre: 2178:0:(llog_test.c:596:llog_test_4()) 4b: write 1 record into the catalog
00021 ------------[ cut here ]------------
00021 WARNING: /home/ktest/git/linux/include/linux/fs.h:889 at osd_create+0x9cf/0xcf0 [osd_wbcfs], CPU#13: lctl/2178
00021 Modules linked in: llog_test(O) mgs(O) osd_wbcfs(O) lustre(O) obdecho(O) mgc(O) mdc(O) lov(O) osc(O) lmv(O) ec(O) fid(O) fld(O) ptlrpc(O) efivarfs obdclass(O) ksocklnd(O) lnet(O) libcfs(O)
00021 CPU: 13 UID: 0 PID: 2178 Comm: lctl Tainted: G        W  O        7.0.0-ktest-c7429ec-6330a45-20260910-dirty #1 PREEMPT 
00021 Tainted: [W]=WARN, [O]=OOT_MODULE
00021 Hardware name: QEMU Standard PC (Q35 + ICH9, 2009), BIOS 2025.11-3ubuntu7 03/31/2026
00021 RIP: 0010:osd_create+0x9cf/0xcf0 [osd_wbcfs]
00021 Code: c7 c7 00 16 7c a1 48 c7 c6 a0 92 7d a1 48 c7 c2 00 9c 7d a1 e8 52 f1 43 ff 48 c7 c7 00 16 7c a1 e8 46 81 44 ff e9 fe fc ff ff <0f> 0b e9 a5 fa ff ff 48 c7 c1 80 44 5d a0 80 e1 07 80 c1 03 38 c1
00021 RSP: 0018:ffffc90005e3f640 EFLAGS: 00010246
00021 RAX: 0000000000000000 RBX: ffff88819dd49800 RCX: 0000000000000046
00021 RDX: 0000000000000000 RSI: ffff888126de1f30 RDI: ffff88819f532a80
00021 RBP: ffff888126de1ea0 R08: ffffffff83a16803 R09: 1ffffffff0742d00
00021 R10: dffffc0000000000 R11: fffffbfff0742d01 R12: ffff8881b150e800
00021 R13: dffffc0000000000 R14: 1ffff11033ba9300 R15: 1ffff110362a1d0f
00021 FS:  00007fd0628a4940(0000) GS:ffff88831eaa9000(0000) knlGS:0000000000000000
00021 CS:  0010 DS: 0000 ES: 0000 CR0: 0000000080050033
00021 CR2: 00007f7ed48ee300 CR3: 0000000126f5c000 CR4: 0000000000750eb0
00021 PKRU: 55555554
00021 Call Trace:
00021  <TASK>
00021  ? local_object_create+0x109/0x640 [obdclass]
00021  ? dt_write_lock+0x16d/0x2a0 [obdclass]
00021  ? llog_osd_create+0x356/0x10d0 [obdclass]
00021  ? llog_create+0x2ed/0x530 [obdclass]
00021  ? llog_cat_new_log+0x6d1/0x2970 [obdclass]
00021  ? llog_cat_add_rec+0x6ba/0x1960 [obdclass]
00021  ? llog_cat_add+0x499/0x7a0 [obdclass]
00021  ? llog_run_tests+0x2ff2/0x5ac0 [llog_test]
00021  ? get_random_u32+0x51/0x470
00021  ? llog_test_device_init+0x6e8/0xa20 [llog_test]
00021  ? obd_setup+0x54d/0x950 [obdclass]
00021  ? class_setup+0xc7d/0x10e0 [obdclass]
00021  ? class_process_config+0x2edb/0x7cb0 [obdclass]
00021  ? class_handle_ioctl+0x2055/0x3590 [obdclass]
00021  ? obd_class_ioctl+0x1f6/0x3c0 [obdclass]
00021  ? __x64_sys_ioctl+0x961/0xe00
00021  ? _copy_to_user+0x3d/0x60
00021  ? __x64_sys_rt_sigaction+0x107/0x140
00021  ? do_syscall_64+0xc1/0x350
00021  ? entry_SYSCALL_64_after_hwframe+0x4b/0x53
00021  </TASK>
00021 ---[ end trace 0000000000000000 ]---
00021 Lustre: 2178:0:(llog_test.c:623:llog_test_4()) 4c: cancel 1 log record
00021 Lustre: 2178:0:(llog_test.c:635:llog_test_4()) 4d: write 64767 more log records
00046 Lustre: 2178:0:(llog_test.c:1024:llog_test_7_sub()) 7_sub: records are not aligned, written 64071 from 64767
00047 Lustre: 2178:0:(llog_test.c:1129:llog_test_7()) 7f: test llog_changelog_user_rec2
00047 ------------[ cut here ]------------
00047 WARNING: /home/ktest/git/linux/include/linux/fs.h:889 at osd_create+0x9cf/0xcf0 [osd_wbcfs], CPU#13: lctl/2178
00047 Modules linked in: llog_test(O) mgs(O) osd_wbcfs(O) lustre(O) obdecho(O) mgc(O) mdc(O) lov(O) osc(O) lmv(O) ec(O) fid(O) fld(O) ptlrpc(O) efivarfs obdclass(O) ksocklnd(O) lnet(O) libcfs(O)
00047 CPU: 13 UID: 0 PID: 2178 Comm: lctl Tainted: G        W  O        7.0.0-ktest-c7429ec-6330a45-20260910-dirty #1 PREEMPT 
00047 Tainted: [W]=WARN, [O]=OOT_MODULE
00047 Hardware name: QEMU Standard PC (Q35 + ICH9, 2009), BIOS 2025.11-3ubuntu7 03/31/2026
00047 RIP: 0010:osd_create+0x9cf/0xcf0 [osd_wbcfs]
00047 Code: c7 c7 00 16 7c a1 48 c7 c6 a0 92 7d a1 48 c7 c2 00 9c 7d a1 e8 52 f1 43 ff 48 c7 c7 00 16 7c a1 e8 46 81 44 ff e9 fe fc ff ff <0f> 0b e9 a5 fa ff ff 48 c7 c1 80 44 5d a0 80 e1 07 80 c1 03 38 c1
00047 RSP: 0018:ffffc90005e3f6e8 EFLAGS: 00010246
00047 RAX: 0000000000000000 RBX: ffff8881a47dbc00 RCX: 0000000000000046
00047 RDX: 0000000000000000 RSI: ffff88819c286620 RDI: ffff88819f532a58
00047 RBP: ffff88819c286590 R08: ffffffff83a16803 R09: 1ffffffff0742d00
00047 R10: dffffc0000000000 R11: fffffbfff0742d01 R12: ffff8881b150e800
00047 R13: dffffc0000000000 R14: 1ffff110348fb780 R15: 1ffff110362a1d0f
00047 FS:  00007fd0628a4940(0000) GS:ffff88831eaa9000(0000) knlGS:0000000000000000
00047 CS:  0010 DS: 0000 ES: 0000 CR0: 0000000080050033
00047 CR2: 00007f7ed48ee300 CR3: 0000000126f5c000 CR4: 0000000000750eb0
00047 PKRU: 55555554
00047 Call Trace:
00047  <TASK>
00047  ? local_object_create+0x109/0x640 [obdclass]
00047  ? dt_write_lock+0x16d/0x2a0 [obdclass]
00047  ? llog_osd_create+0x356/0x10d0 [obdclass]
00047  ? llog_create+0x2ed/0x530 [obdclass]
00047  ? llog_open_create+0x6e7/0xb30 [obdclass]
00047  ? llog_test_7_sub+0xea/0x1250 [llog_test]
00047  ? llog_test_7+0x837/0xf50 [llog_test]
00047  ? llog_run_tests+0x3614/0x5ac0 [llog_test]
00047  ? get_random_u32+0x51/0x470
00047  ? llog_test_device_init+0x6e8/0xa20 [llog_test]
00047  ? obd_setup+0x54d/0x950 [obdclass]
00047  ? class_setup+0xc7d/0x10e0 [obdclass]
00047  ? class_process_config+0x2edb/0x7cb0 [obdclass]
00047  ? class_handle_ioctl+0x2055/0x3590 [obdclass]
00047  ? obd_class_ioctl+0x1f6/0x3c0 [obdclass]
00047  ? __x64_sys_ioctl+0x961/0xe00
00047  ? _copy_to_user+0x3d/0x60
00047  ? __x64_sys_rt_sigaction+0x107/0x140
00047  ? do_syscall_64+0xc1/0x350
00047  ? entry_SYSCALL_64_after_hwframe+0x4b/0x53
00047  </TASK>
00047 ---[ end trace 0000000000000000 ]---
00050 Lustre: 2178:0:(llog_test.c:1024:llog_test_7_sub()) 7_sub: records are not aligned, written 64139 from 64767
00052 Lustre: 2178:0:(llog_test.c:1140:llog_test_7()) 7g: test llog_gen_rec
00052 ------------[ cut here ]------------
00052 WARNING: /home/ktest/git/linux/include/linux/fs.h:889 at osd_create+0x9cf/0xcf0 [osd_wbcfs], CPU#13: lctl/2178
00052 Modules linked in: llog_test(O) mgs(O) osd_wbcfs(O) lustre(O) obdecho(O) mgc(O) mdc(O) lov(O) osc(O) lmv(O) ec(O) fid(O) fld(O) ptlrpc(O) efivarfs obdclass(O) ksocklnd(O) lnet(O) libcfs(O)
00052 CPU: 13 UID: 0 PID: 2178 Comm: lctl Tainted: G        W  O        7.0.0-ktest-c7429ec-6330a45-20260910-dirty #1 PREEMPT 
00052 Tainted: [W]=WARN, [O]=OOT_MODULE
00052 Hardware name: QEMU Standard PC (Q35 + ICH9, 2009), BIOS 2025.11-3ubuntu7 03/31/2026
00052 RIP: 0010:osd_create+0x9cf/0xcf0 [osd_wbcfs]
00052 Code: c7 c7 00 16 7c a1 48 c7 c6 a0 92 7d a1 48 c7 c2 00 9c 7d a1 e8 52 f1 43 ff 48 c7 c7 00 16 7c a1 e8 46 81 44 ff e9 fe fc ff ff <0f> 0b e9 a5 fa ff ff 48 c7 c1 80 44 5d a0 80 e1 07 80 c1 03 38 c1
00052 RSP: 0018:ffffc90005e3f6e8 EFLAGS: 00010246
00052 RAX: 0000000000000000 RBX: ffff8881fe963800 RCX: 0000000000000046
00052 RDX: 0000000000000000 RSI: ffff88819c285f08 RDI: ffff88819f532a58
00052 RBP: ffff88819c285e78 R08: ffffffff83a16803 R09: 1ffffffff0742d00
00052 R10: dffffc0000000000 R11: fffffbfff0742d01 R12: ffff8881b150e800
00052 R13: dffffc0000000000 R14: 1ffff1103fd2c700 R15: 1ffff110362a1d0f
00052 FS:  00007fd0628a4940(0000) GS:ffff88831eaa9000(0000) knlGS:0000000000000000
00052 CS:  0010 DS: 0000 ES: 0000 CR0: 0000000080050033
00052 CR2: 00007f7ed48ee300 CR3: 0000000126f5c000 CR4: 0000000000750eb0
00052 PKRU: 55555554
00052 Call Trace:
00052  <TASK>
00052  ? local_object_create+0x109/0x640 [obdclass]
00052  ? dt_write_lock+0x16d/0x2a0 [obdclass]
00052  ? llog_osd_create+0x356/0x10d0 [obdclass]
00052  ? llog_create+0x2ed/0x530 [obdclass]
00052  ? llog_open_create+0x6e7/0xb30 [obdclass]
00052  ? llog_test_7_sub+0xea/0x1250 [llog_test]
00052  ? llog_test_7+0x968/0xf50 [llog_test]
00052  ? llog_run_tests+0x3614/0x5ac0 [llog_test]
00052  ? get_random_u32+0x51/0x470
00052  ? llog_test_device_init+0x6e8/0xa20 [llog_test]
00052  ? obd_setup+0x54d/0x950 [obdclass]
00052  ? class_setup+0xc7d/0x10e0 [obdclass]
00052  ? class_process_config+0x2edb/0x7cb0 [obdclass]
00052  ? class_handle_ioctl+0x2055/0x3590 [obdclass]
00052  ? obd_class_ioctl+0x1f6/0x3c0 [obdclass]
00052  ? __x64_sys_ioctl+0x961/0xe00
00052  ? _copy_to_user+0x3d/0x60
00052  ? __x64_sys_rt_sigaction+0x107/0x140
00052  ? do_syscall_64+0xc1/0x350
00052  ? entry_SYSCALL_64_after_hwframe+0x4b/0x53
00052  </TASK>
00052 ---[ end trace 0000000000000000 ]---
00056 Lustre: 2178:0:(llog_test.c:1151:llog_test_7()) 7h: test llog_setattr64_rec_v2
00056 ------------[ cut here ]------------
00056 WARNING: /home/ktest/git/linux/include/linux/fs.h:889 at osd_create+0x9cf/0xcf0 [osd_wbcfs], CPU#13: lctl/2178
00056 Modules linked in: llog_test(O) mgs(O) osd_wbcfs(O) lustre(O) obdecho(O) mgc(O) mdc(O) lov(O) osc(O) lmv(O) ec(O) fid(O) fld(O) ptlrpc(O) efivarfs obdclass(O) ksocklnd(O) lnet(O) libcfs(O)
00056 CPU: 13 UID: 0 PID: 2178 Comm: lctl Tainted: G        W  O        7.0.0-ktest-c7429ec-6330a45-20260910-dirty #1 PREEMPT 
00056 Tainted: [W]=WARN, [O]=OOT_MODULE
00056 Hardware name: QEMU Standard PC (Q35 + ICH9, 2009), BIOS 2025.11-3ubuntu7 03/31/2026
00056 RIP: 0010:osd_create+0x9cf/0xcf0 [osd_wbcfs]
00056 Code: c7 c7 00 16 7c a1 48 c7 c6 a0 92 7d a1 48 c7 c2 00 9c 7d a1 e8 52 f1 43 ff 48 c7 c7 00 16 7c a1 e8 46 81 44 ff e9 fe fc ff ff <0f> 0b e9 a5 fa ff ff 48 c7 c1 80 44 5d a0 80 e1 07 80 c1 03 38 c1
00056 RSP: 0018:ffffc90005e3f6e8 EFLAGS: 00010246
00056 RAX: 0000000000000000 RBX: ffff888203c9a800 RCX: 0000000000000046
00056 RDX: 0000000000000000 RSI: ffff88819c2857f0 RDI: ffff88819f532a58
00056 RBP: ffff88819c285760 R08: ffffffff83a16803 R09: 1ffffffff0742d00
00056 R10: dffffc0000000000 R11: fffffbfff0742d01 R12: ffff8881b150e800
00056 R13: dffffc0000000000 R14: 1ffff11040793500 R15: 1ffff110362a1d0f
00056 FS:  00007fd0628a4940(0000) GS:ffff88831eaa9000(0000) knlGS:0000000000000000
00056 CS:  0010 DS: 0000 ES: 0000 CR0: 0000000080050033
00056 CR2: 00007f7ed48ee300 CR3: 0000000126f5c000 CR4: 0000000000750eb0
00056 PKRU: 55555554
00056 Call Trace:
00056  <TASK>
00056  ? local_object_create+0x109/0x640 [obdclass]
00056  ? dt_write_lock+0x16d/0x2a0 [obdclass]
00056  ? llog_osd_create+0x356/0x10d0 [obdclass]
00056  ? llog_create+0x2ed/0x530 [obdclass]
00056  ? llog_open_create+0x6e7/0xb30 [obdclass]
00056  ? llog_test_7_sub+0xea/0x1250 [llog_test]
00056  ? llog_test_7+0xa99/0xf50 [llog_test]
00056  ? llog_run_tests+0x3614/0x5ac0 [llog_test]
00056  ? get_random_u32+0x51/0x470
00056  ? llog_test_device_init+0x6e8/0xa20 [llog_test]
00056  ? obd_setup+0x54d/0x950 [obdclass]
00056  ? class_setup+0xc7d/0x10e0 [obdclass]
00056  ? class_process_config+0x2edb/0x7cb0 [obdclass]
00056  ? class_handle_ioctl+0x2055/0x3590 [obdclass]
00056  ? obd_class_ioctl+0x1f6/0x3c0 [obdclass]
00056  ? __x64_sys_ioctl+0x961/0xe00
00056  ? _copy_to_user+0x3d/0x60
00056  ? __x64_sys_rt_sigaction+0x107/0x140
00056  ? do_syscall_64+0xc1/0x350
00056  ? entry_SYSCALL_64_after_hwframe+0x4b/0x53
00056  </TASK>
00056 ---[ end trace 0000000000000000 ]---
00059 Lustre: 2178:0:(llog_test.c:1024:llog_test_7_sub()) 7_sub: records are not aligned, written 64071 from 64767
00060 Lustre: 2178:0:(llog_test.c:1260:llog_test_8()) 8a: fill the first plain llog
00060 ------------[ cut here ]------------
00060 WARNING: /home/ktest/git/linux/include/linux/fs.h:889 at osd_create+0x9cf/0xcf0 [osd_wbcfs], CPU#13: lctl/2178
00060 Modules linked in: llog_test(O) mgs(O) osd_wbcfs(O) lustre(O) obdecho(O) mgc(O) mdc(O) lov(O) osc(O) lmv(O) ec(O) fid(O) fld(O) ptlrpc(O) efivarfs obdclass(O) ksocklnd(O) lnet(O) libcfs(O)
00060 CPU: 13 UID: 0 PID: 2178 Comm: lctl Tainted: G        W  O        7.0.0-ktest-c7429ec-6330a45-20260910-dirty #1 PREEMPT 
00060 Tainted: [W]=WARN, [O]=OOT_MODULE
00060 Hardware name: QEMU Standard PC (Q35 + ICH9, 2009), BIOS 2025.11-3ubuntu7 03/31/2026
00060 RIP: 0010:osd_create+0x9cf/0xcf0 [osd_wbcfs]
00060 Code: c7 c7 00 16 7c a1 48 c7 c6 a0 92 7d a1 48 c7 c2 00 9c 7d a1 e8 52 f1 43 ff 48 c7 c7 00 16 7c a1 e8 46 81 44 ff e9 fe fc ff ff <0f> 0b e9 a5 fa ff ff 48 c7 c1 80 44 5d a0 80 e1 07 80 c1 03 38 c1
00060 RSP: 0018:ffffc90005e3f4c8 EFLAGS: 00010246
00060 RAX: 0000000000000000 RBX: ffff888014239000 RCX: 0000000000000046
00060 RDX: 0000000000000000 RSI: ffff888126de7b68 RDI: ffff88819f532a80
00060 RBP: ffff888126de7ad8 R08: ffffffff83a16803 R09: 1ffffffff0742d00
00060 R10: dffffc0000000000 R11: fffffbfff0742d01 R12: ffff8881b150e800
00060 R13: dffffc0000000000 R14: 1ffff11002847200 R15: 1ffff110362a1d0f
00060 FS:  00007fd0628a4940(0000) GS:ffff88831eaa9000(0000) knlGS:0000000000000000
00060 CS:  0010 DS: 0000 ES: 0000 CR0: 0000000080050033
00060 CR2: 00007f7ed48ee300 CR3: 0000000126f5c000 CR4: 0000000000750eb0
00060 PKRU: 55555554
00060 Call Trace:
00060  <TASK>
00060  ? local_object_create+0x109/0x640 [obdclass]
00060  ? dt_write_lock+0x16d/0x2a0 [obdclass]
00060  ? llog_osd_create+0x356/0x10d0 [obdclass]
00060  ? llog_create+0x2ed/0x530 [obdclass]
00060  ? llog_cat_new_log+0x6d1/0x2970 [obdclass]
00060  ? llog_cat_add_rec+0x6ba/0x1960 [obdclass]
00060  ? llog_cat_add+0x499/0x7a0 [obdclass]
00060  ? llog_test_8+0x567/0x1c20 [llog_test]
00060  ? do_raw_spin_unlock+0x52/0x230
00060  ? _raw_spin_unlock+0x23/0x40
00060  ? __llog_ctxt_put+0x1c4/0x2f0 [obdclass]
00060  ? llog_run_tests+0x39a2/0x5ac0 [llog_test]
00060  ? get_random_u32+0x51/0x470
00060  ? llog_test_device_init+0x6e8/0xa20 [llog_test]
00060  ? obd_setup+0x54d/0x950 [obdclass]
00060  ? class_setup+0xc7d/0x10e0 [obdclass]
00060  ? class_process_config+0x2edb/0x7cb0 [obdclass]
00060  ? class_handle_ioctl+0x2055/0x3590 [obdclass]
00060  ? obd_class_ioctl+0x1f6/0x3c0 [obdclass]
00060  ? __x64_sys_ioctl+0x961/0xe00
00060  ? _copy_to_user+0x3d/0x60
00060  ? __x64_sys_rt_sigaction+0x107/0x140
00060  ? do_syscall_64+0xc1/0x350
00060  ? entry_SYSCALL_64_after_hwframe+0x4b/0x53
00060  </TASK>
00060 ---[ end trace 0000000000000000 ]---
00060 Lustre: 2178:0:(llog_test.c:1289:llog_test_8()) 8b: first llog [0x1:0x10:0x0]
00060 Lustre: 2178:0:(llog_test.c:1305:llog_test_8()) 8b: fill the second plain llog
00060 ------------[ cut here ]------------
00060 WARNING: /home/ktest/git/linux/include/linux/fs.h:889 at osd_create+0x9cf/0xcf0 [osd_wbcfs], CPU#13: lctl/2178
00060 Modules linked in: llog_test(O) mgs(O) osd_wbcfs(O) lustre(O) obdecho(O) mgc(O) mdc(O) lov(O) osc(O) lmv(O) ec(O) fid(O) fld(O) ptlrpc(O) efivarfs obdclass(O) ksocklnd(O) lnet(O) libcfs(O)
00060 CPU: 13 UID: 0 PID: 2178 Comm: lctl Tainted: G        W  O        7.0.0-ktest-c7429ec-6330a45-20260910-dirty #1 PREEMPT 
00060 Tainted: [W]=WARN, [O]=OOT_MODULE
00060 Hardware name: QEMU Standard PC (Q35 + ICH9, 2009), BIOS 2025.11-3ubuntu7 03/31/2026
00060 RIP: 0010:osd_create+0x9cf/0xcf0 [osd_wbcfs]
00060 Code: c7 c7 00 16 7c a1 48 c7 c6 a0 92 7d a1 48 c7 c2 00 9c 7d a1 e8 52 f1 43 ff 48 c7 c7 00 16 7c a1 e8 46 81 44 ff e9 fe fc ff ff <0f> 0b e9 a5 fa ff ff 48 c7 c1 80 44 5d a0 80 e1 07 80 c1 03 38 c1
00060 RSP: 0018:ffffc90005e3f4c8 EFLAGS: 00010246
00060 RAX: 0000000000000000 RBX: ffff888014237800 RCX: 0000000000000046
00060 RDX: 0000000000000000 RSI: ffff888126de7450 RDI: ffff88819f532a80
00060 RBP: ffff888126de73c0 R08: ffffffff83a16803 R09: 1ffffffff0742d00
00060 R10: dffffc0000000000 R11: fffffbfff0742d01 R12: ffff8881b150e800
00060 R13: dffffc0000000000 R14: 1ffff11002846f00 R15: 1ffff110362a1d0f
00060 FS:  00007fd0628a4940(0000) GS:ffff88831eaa9000(0000) knlGS:0000000000000000
00060 CS:  0010 DS: 0000 ES: 0000 CR0: 0000000080050033
00060 CR2: 00007f7ed48ee300 CR3: 0000000126f5c000 CR4: 0000000000750eb0
00060 PKRU: 55555554
00060 Call Trace:
00060  <TASK>
00060  ? local_object_create+0x109/0x640 [obdclass]
00060  ? dt_write_lock+0x16d/0x2a0 [obdclass]
00060  ? llog_osd_create+0x356/0x10d0 [obdclass]
00060  ? llog_create+0x2ed/0x530 [obdclass]
00060  ? llog_cat_new_log+0x6d1/0x2970 [obdclass]
00060  ? llog_cat_add_rec+0x6ba/0x1960 [obdclass]
00060  ? llog_cat_add+0x499/0x7a0 [obdclass]
00060  ? llog_test_8+0xd89/0x1c20 [llog_test]
00060  ? do_raw_spin_unlock+0x52/0x230
00060  ? _raw_spin_unlock+0x23/0x40
00060  ? __llog_ctxt_put+0x1c4/0x2f0 [obdclass]
00060  ? llog_run_tests+0x39a2/0x5ac0 [llog_test]
00060  ? get_random_u32+0x51/0x470
00060  ? llog_test_device_init+0x6e8/0xa20 [llog_test]
00060  ? obd_setup+0x54d/0x950 [obdclass]
00060  ? class_setup+0xc7d/0x10e0 [obdclass]
00060  ? class_process_config+0x2edb/0x7cb0 [obdclass]
00060  ? class_handle_ioctl+0x2055/0x3590 [obdclass]
00060  ? obd_class_ioctl+0x1f6/0x3c0 [obdclass]
00060  ? __x64_sys_ioctl+0x961/0xe00
00060  ? _copy_to_user+0x3d/0x60
00060  ? __x64_sys_rt_sigaction+0x107/0x140
00060  ? do_syscall_64+0xc1/0x350
00060  ? entry_SYSCALL_64_after_hwframe+0x4b/0x53
00060  </TASK>
00060 ---[ end trace 0000000000000000 ]---
00060 Lustre: 2178:0:(llog_test.c:1329:llog_test_8()) 8b: pin llog [0x1:0x12:0x0]
00060 Lustre: 2178:0:(llog_test.c:1332:llog_test_8()) 8b: clean first llog record in catalog
00060 Lustre: 2178:0:(llog_test.c:1343:llog_test_8()) 8c: corrupt first chunk in the middle
00060 Lustre: 2178:0:(llog_test.c:1346:llog_test_8()) 8c: corrupt second chunk at start
00060 Lustre: 2178:0:(llog_test.c:1349:llog_test_8()) 8d: count survived records
00060 Lustre: 2178:0:(llog_test.c:1379:llog_test_8()) 8d: close re-opened catalog
00060 Lustre: 2178:0:(llog_test.c:1440:llog_test_9()) 9a: test llog_logid_rec
00060 ------------[ cut here ]------------
00060 WARNING: /home/ktest/git/linux/include/linux/fs.h:889 at osd_create+0x9cf/0xcf0 [osd_wbcfs], CPU#13: lctl/2178
00060 Modules linked in: llog_test(O) mgs(O) osd_wbcfs(O) lustre(O) obdecho(O) mgc(O) mdc(O) lov(O) osc(O) lmv(O) ec(O) fid(O) fld(O) ptlrpc(O) efivarfs obdclass(O) ksocklnd(O) lnet(O) libcfs(O)
00060 CPU: 13 UID: 0 PID: 2178 Comm: lctl Tainted: G        W  O        7.0.0-ktest-c7429ec-6330a45-20260910-dirty #1 PREEMPT 
00060 Tainted: [W]=WARN, [O]=OOT_MODULE
00060 Hardware name: QEMU Standard PC (Q35 + ICH9, 2009), BIOS 2025.11-3ubuntu7 03/31/2026
00060 RIP: 0010:osd_create+0x9cf/0xcf0 [osd_wbcfs]
00060 Code: c7 c7 00 16 7c a1 48 c7 c6 a0 92 7d a1 48 c7 c2 00 9c 7d a1 e8 52 f1 43 ff 48 c7 c7 00 16 7c a1 e8 46 81 44 ff e9 fe fc ff ff <0f> 0b e9 a5 fa ff ff 48 c7 c1 80 44 5d a0 80 e1 07 80 c1 03 38 c1
00060 RSP: 0018:ffffc90005e3f710 EFLAGS: 00010246
00060 RAX: 0000000000000000 RBX: ffff88801423f400 RCX: 0000000000000046
00060 RDX: 0000000000000000 RSI: ffff888126de6d38 RDI: ffff88819f532a58
00060 RBP: ffff888126de6ca8 R08: ffffffff83a16803 R09: 1ffffffff0742d00
00060 R10: dffffc0000000000 R11: fffffbfff0742d01 R12: ffff8881b150e800
00060 R13: dffffc0000000000 R14: 1ffff11002847e80 R15: 1ffff110362a1d0f
00060 FS:  00007fd0628a4940(0000) GS:ffff88831eaa9000(0000) knlGS:0000000000000000
00060 CS:  0010 DS: 0000 ES: 0000 CR0: 0000000080050033
00060 CR2: 00007f7ed48ee300 CR3: 0000000126f5c000 CR4: 0000000000750eb0
00060 PKRU: 55555554
00060 Call Trace:
00060  <TASK>
00060  ? local_object_create+0x109/0x640 [obdclass]
00060  ? dt_write_lock+0x16d/0x2a0 [obdclass]
00060  ? llog_osd_create+0x356/0x10d0 [obdclass]
00060  ? llog_create+0x2ed/0x530 [obdclass]
00060  ? llog_open_create+0x6e7/0xb30 [obdclass]
00060  ? llog_test_9_sub+0xd4/0x800 [llog_test]
00060  ? llog_test_9+0x242/0x960 [llog_test]
00060  ? llog_run_tests+0x3d64/0x5ac0 [llog_test]
00060  ? get_random_u32+0x51/0x470
00060  ? llog_test_device_init+0x6e8/0xa20 [llog_test]
00060  ? obd_setup+0x54d/0x950 [obdclass]
00060  ? class_setup+0xc7d/0x10e0 [obdclass]
00060  ? class_process_config+0x2edb/0x7cb0 [obdclass]
00060  ? class_handle_ioctl+0x2055/0x3590 [obdclass]
00060  ? obd_class_ioctl+0x1f6/0x3c0 [obdclass]
00060  ? __x64_sys_ioctl+0x961/0xe00
00060  ? _copy_to_user+0x3d/0x60
00060  ? __x64_sys_rt_sigaction+0x107/0x140
00060  ? do_syscall_64+0xc1/0x350
00060  ? entry_SYSCALL_64_after_hwframe+0x4b/0x53
00060  </TASK>
00060 ---[ end trace 0000000000000000 ]---
00060 Lustre: 2178:0:(llog_test.c:1424:llog_test_9_sub()) 9_sub: record type 1064553b in log 0x1:0x14:0x0
00060 Lustre: 2178:0:(llog_test.c:1451:llog_test_9()) 9b: test llog_obd_cfg_rec
00060 ------------[ cut here ]------------
00060 WARNING: /home/ktest/git/linux/include/linux/fs.h:889 at osd_create+0x9cf/0xcf0 [osd_wbcfs], CPU#13: lctl/2178
00060 Modules linked in: llog_test(O) mgs(O) osd_wbcfs(O) lustre(O) obdecho(O) mgc(O) mdc(O) lov(O) osc(O) lmv(O) ec(O) fid(O) fld(O) ptlrpc(O) efivarfs obdclass(O) ksocklnd(O) lnet(O) libcfs(O)
00060 CPU: 13 UID: 0 PID: 2178 Comm: lctl Tainted: G        W  O        7.0.0-ktest-c7429ec-6330a45-20260910-dirty #1 PREEMPT 
00060 Tainted: [W]=WARN, [O]=OOT_MODULE
00060 Hardware name: QEMU Standard PC (Q35 + ICH9, 2009), BIOS 2025.11-3ubuntu7 03/31/2026
00060 RIP: 0010:osd_create+0x9cf/0xcf0 [osd_wbcfs]
00060 Code: c7 c7 00 16 7c a1 48 c7 c6 a0 92 7d a1 48 c7 c2 00 9c 7d a1 e8 52 f1 43 ff 48 c7 c7 00 16 7c a1 e8 46 81 44 ff e9 fe fc ff ff <0f> 0b e9 a5 fa ff ff 48 c7 c1 80 44 5d a0 80 e1 07 80 c1 03 38 c1
00060 RSP: 0018:ffffc90005e3f710 EFLAGS: 00010246
00060 RAX: 0000000000000000 RBX: ffff88801423e800 RCX: 0000000000000046
00060 RDX: 0000000000000000 RSI: ffff888126de6620 RDI: ffff88819f532a58
00060 RBP: ffff888126de6590 R08: ffffffff83a16803 R09: 1ffffffff0742d00
00060 R10: dffffc0000000000 R11: fffffbfff0742d01 R12: ffff8881b150e800
00060 R13: dffffc0000000000 R14: 1ffff11002847d00 R15: 1ffff110362a1d0f
00060 FS:  00007fd0628a4940(0000) GS:ffff88831eaa9000(0000) knlGS:0000000000000000
00060 CS:  0010 DS: 0000 ES: 0000 CR0: 0000000080050033
00060 CR2: 00007f7ed48ee300 CR3: 0000000126f5c000 CR4: 0000000000750eb0
00060 PKRU: 55555554
00060 Call Trace:
00060  <TASK>
00060  ? local_object_create+0x109/0x640 [obdclass]
00060  ? dt_write_lock+0x16d/0x2a0 [obdclass]
00060  ? llog_osd_create+0x356/0x10d0 [obdclass]
00060  ? llog_create+0x2ed/0x530 [obdclass]
00060  ? llog_open_create+0x6e7/0xb30 [obdclass]
00060  ? llog_test_9_sub+0xd4/0x800 [llog_test]
00060  ? llog_test_9+0x373/0x960 [llog_test]
00060  ? llog_run_tests+0x3d64/0x5ac0 [llog_test]
00060  ? get_random_u32+0x51/0x470
00060  ? llog_test_device_init+0x6e8/0xa20 [llog_test]
00060  ? obd_setup+0x54d/0x950 [obdclass]
00060  ? class_setup+0xc7d/0x10e0 [obdclass]
00060  ? class_process_config+0x2edb/0x7cb0 [obdclass]
00060  ? class_handle_ioctl+0x2055/0x3590 [obdclass]
00060  ? obd_class_ioctl+0x1f6/0x3c0 [obdclass]
00060  ? __x64_sys_ioctl+0x961/0xe00
00060  ? _copy_to_user+0x3d/0x60
00060  ? __x64_sys_rt_sigaction+0x107/0x140
00060  ? do_syscall_64+0xc1/0x350
00060  ? entry_SYSCALL_64_after_hwframe+0x4b/0x53
00060  </TASK>
00060 ---[ end trace 0000000000000000 ]---
00060 Lustre: 2178:0:(llog_test.c:1462:llog_test_9()) 9c: test llog_changelog_rec
00060 ------------[ cut here ]------------
00060 WARNING: /home/ktest/git/linux/include/linux/fs.h:889 at osd_create+0x9cf/0xcf0 [osd_wbcfs], CPU#13: lctl/2178
00060 Modules linked in: llog_test(O) mgs(O) osd_wbcfs(O) lustre(O) obdecho(O) mgc(O) mdc(O) lov(O) osc(O) lmv(O) ec(O) fid(O) fld(O) ptlrpc(O) efivarfs obdclass(O) ksocklnd(O) lnet(O) libcfs(O)
00060 CPU: 13 UID: 0 PID: 2178 Comm: lctl Tainted: G        W  O        7.0.0-ktest-c7429ec-6330a45-20260910-dirty #1 PREEMPT 
00060 Tainted: [W]=WARN, [O]=OOT_MODULE
00060 Hardware name: QEMU Standard PC (Q35 + ICH9, 2009), BIOS 2025.11-3ubuntu7 03/31/2026
00060 RIP: 0010:osd_create+0x9cf/0xcf0 [osd_wbcfs]
00060 Code: c7 c7 00 16 7c a1 48 c7 c6 a0 92 7d a1 48 c7 c2 00 9c 7d a1 e8 52 f1 43 ff 48 c7 c7 00 16 7c a1 e8 46 81 44 ff e9 fe fc ff ff <0f> 0b e9 a5 fa ff ff 48 c7 c1 80 44 5d a0 80 e1 07 80 c1 03 38 c1
00060 RSP: 0018:ffffc90005e3f710 EFLAGS: 00010246
00060 RAX: 0000000000000000 RBX: ffff88801423e000 RCX: 0000000000000046
00060 RDX: 0000000000000000 RSI: ffff888126de5f08 RDI: ffff88819f532a58
00060 RBP: ffff888126de5e78 R08: ffffffff83a16803 R09: 1ffffffff0742d00
00060 R10: dffffc0000000000 R11: fffffbfff0742d01 R12: ffff8881b150e800
00060 R13: dffffc0000000000 R14: 1ffff11002847c00 R15: 1ffff110362a1d0f
00060 FS:  00007fd0628a4940(0000) GS:ffff88831eaa9000(0000) knlGS:0000000000000000
00060 CS:  0010 DS: 0000 ES: 0000 CR0: 0000000080050033
00060 CR2: 00007f7ed48ee300 CR3: 0000000126f5c000 CR4: 0000000000750eb0
00060 PKRU: 55555554
00060 Call Trace:
00060  <TASK>
00060  ? local_object_create+0x109/0x640 [obdclass]
00060  ? dt_write_lock+0x16d/0x2a0 [obdclass]
00060  ? llog_osd_create+0x356/0x10d0 [obdclass]
00060  ? llog_create+0x2ed/0x530 [obdclass]
00060  ? llog_open_create+0x6e7/0xb30 [obdclass]
00060  ? llog_test_9_sub+0xd4/0x800 [llog_test]
00060  ? llog_test_9+0x4a4/0x960 [llog_test]
00060  ? llog_run_tests+0x3d64/0x5ac0 [llog_test]
00060  ? get_random_u32+0x51/0x470
00060  ? llog_test_device_init+0x6e8/0xa20 [llog_test]
00060  ? obd_setup+0x54d/0x950 [obdclass]
00060  ? class_setup+0xc7d/0x10e0 [obdclass]
00060  ? class_process_config+0x2edb/0x7cb0 [obdclass]
00060  ? class_handle_ioctl+0x2055/0x3590 [obdclass]
00060  ? obd_class_ioctl+0x1f6/0x3c0 [obdclass]
00060  ? __x64_sys_ioctl+0x961/0xe00
00060  ? _copy_to_user+0x3d/0x60
00060  ? __x64_sys_rt_sigaction+0x107/0x140
00060  ? do_syscall_64+0xc1/0x350
00060  ? entry_SYSCALL_64_after_hwframe+0x4b/0x53
00060  </TASK>
00060 ---[ end trace 0000000000000000 ]---
00060 Lustre: 2178:0:(llog_test.c:1474:llog_test_9()) 9d: test llog_changelog_user_rec2
00060 ------------[ cut here ]------------
00060 WARNING: /home/ktest/git/linux/include/linux/fs.h:889 at osd_create+0x9cf/0xcf0 [osd_wbcfs], CPU#13: lctl/2178
00060 Modules linked in: llog_test(O) mgs(O) osd_wbcfs(O) lustre(O) obdecho(O) mgc(O) mdc(O) lov(O) osc(O) lmv(O) ec(O) fid(O) fld(O) ptlrpc(O) efivarfs obdclass(O) ksocklnd(O) lnet(O) libcfs(O)
00060 CPU: 13 UID: 0 PID: 2178 Comm: lctl Tainted: G        W  O        7.0.0-ktest-c7429ec-6330a45-20260910-dirty #1 PREEMPT 
00060 Tainted: [W]=WARN, [O]=OOT_MODULE
00060 Hardware name: QEMU Standard PC (Q35 + ICH9, 2009), BIOS 2025.11-3ubuntu7 03/31/2026
00060 RIP: 0010:osd_create+0x9cf/0xcf0 [osd_wbcfs]
00060 Code: c7 c7 00 16 7c a1 48 c7 c6 a0 92 7d a1 48 c7 c2 00 9c 7d a1 e8 52 f1 43 ff 48 c7 c7 00 16 7c a1 e8 46 81 44 ff e9 fe fc ff ff <0f> 0b e9 a5 fa ff ff 48 c7 c1 80 44 5d a0 80 e1 07 80 c1 03 38 c1
00060 RSP: 0018:ffffc90005e3f710 EFLAGS: 00010246
00060 RAX: 0000000000000000 RBX: ffff88801423d800 RCX: 0000000000000046
00060 RDX: 0000000000000000 RSI: ffff888126de57f0 RDI: ffff88819f532a58
00060 RBP: ffff888126de5760 R08: ffffffff83a16803 R09: 1ffffffff0742d00
00060 R10: dffffc0000000000 R11: fffffbfff0742d01 R12: ffff8881b150e800
00060 R13: dffffc0000000000 R14: 1ffff11002847b00 R15: 1ffff110362a1d0f
00060 FS:  00007fd0628a4940(0000) GS:ffff88831eaa9000(0000) knlGS:0000000000000000
00060 CS:  0010 DS: 0000 ES: 0000 CR0: 0000000080050033
00060 CR2: 00007f7ed48ee300 CR3: 0000000126f5c000 CR4: 0000000000750eb0
00060 PKRU: 55555554
00060 Call Trace:
00060  <TASK>
00060  ? local_object_create+0x109/0x640 [obdclass]
00060  ? dt_write_lock+0x16d/0x2a0 [obdclass]
00060  ? llog_osd_create+0x356/0x10d0 [obdclass]
00060  ? llog_create+0x2ed/0x530 [obdclass]
00060  ? llog_open_create+0x6e7/0xb30 [obdclass]
00060  ? llog_test_9_sub+0xd4/0x800 [llog_test]
00060  ? llog_test_9+0x5d5/0x960 [llog_test]
00060  ? llog_run_tests+0x3d64/0x5ac0 [llog_test]
00060  ? get_random_u32+0x51/0x470
00060  ? llog_test_device_init+0x6e8/0xa20 [llog_test]
00060  ? obd_setup+0x54d/0x950 [obdclass]
00060  ? class_setup+0xc7d/0x10e0 [obdclass]
00060  ? class_process_config+0x2edb/0x7cb0 [obdclass]
00060  ? class_handle_ioctl+0x2055/0x3590 [obdclass]
00060  ? obd_class_ioctl+0x1f6/0x3c0 [obdclass]
00060  ? __x64_sys_ioctl+0x961/0xe00
00060  ? _copy_to_user+0x3d/0x60
00060  ? __x64_sys_rt_sigaction+0x107/0x140
00060  ? do_syscall_64+0xc1/0x350
00060  ? entry_SYSCALL_64_after_hwframe+0x4b/0x53
00060  </TASK>
00060 ---[ end trace 0000000000000000 ]---
00060 Lustre: 2178:0:(llog_test.c:1575:llog_test_10()) 10a: create a catalog log with name: 6be401fc
00060 ------------[ cut here ]------------
00060 WARNING: /home/ktest/git/linux/include/linux/fs.h:889 at osd_create+0x9cf/0xcf0 [osd_wbcfs], CPU#13: lctl/2178
00060 Modules linked in: llog_test(O) mgs(O) osd_wbcfs(O) lustre(O) obdecho(O) mgc(O) mdc(O) lov(O) osc(O) lmv(O) ec(O) fid(O) fld(O) ptlrpc(O) efivarfs obdclass(O) ksocklnd(O) lnet(O) libcfs(O)
00060 CPU: 13 UID: 0 PID: 2178 Comm: lctl Tainted: G        W  O        7.0.0-ktest-c7429ec-6330a45-20260910-dirty #1 PREEMPT 
00060 Tainted: [W]=WARN, [O]=OOT_MODULE
00060 Hardware name: QEMU Standard PC (Q35 + ICH9, 2009), BIOS 2025.11-3ubuntu7 03/31/2026
00060 RIP: 0010:osd_create+0x9cf/0xcf0 [osd_wbcfs]
00060 Code: c7 c7 00 16 7c a1 48 c7 c6 a0 92 7d a1 48 c7 c2 00 9c 7d a1 e8 52 f1 43 ff 48 c7 c7 00 16 7c a1 e8 46 81 44 ff e9 fe fc ff ff <0f> 0b e9 a5 fa ff ff 48 c7 c1 80 44 5d a0 80 e1 07 80 c1 03 38 c1
00060 RSP: 0018:ffffc90005e3f5c8 EFLAGS: 00010246
00060 RAX: 0000000000000000 RBX: ffff88801423d000 RCX: 0000000000000046
00060 RDX: 0000000000000000 RSI: ffff888126de50d8 RDI: ffff88819f532a58
00060 RBP: ffff888126de5048 R08: ffffffff83a16803 R09: 1ffffffff0742d00
00060 R10: dffffc0000000000 R11: fffffbfff0742d01 R12: ffff8881b150e800
00060 R13: dffffc0000000000 R14: 1ffff11002847a00 R15: 1ffff110362a1d0f
00060 FS:  00007fd0628a4940(0000) GS:ffff88831eaa9000(0000) knlGS:0000000000000000
00060 CS:  0010 DS: 0000 ES: 0000 CR0: 0000000080050033
00060 CR2: 00007f7ed48ee300 CR3: 0000000126f5c000 CR4: 0000000000750eb0
00060 PKRU: 55555554
00060 Call Trace:
00060  <TASK>
00060  ? local_object_create+0x109/0x640 [obdclass]
00060  ? dt_write_lock+0x16d/0x2a0 [obdclass]
00060  ? llog_osd_create+0x356/0x10d0 [obdclass]
00060  ? llog_create+0x2ed/0x530 [obdclass]
00060  ? llog_open_create+0x6e7/0xb30 [obdclass]
00060  ? llog_test_10+0x2e1/0x5520 [llog_test]
00060  ? lu_object_put+0xa64/0x1210 [obdclass]
00060  ? do_raw_spin_unlock+0x52/0x230
00060  ? _raw_spin_unlock+0x23/0x40
00060  ? __llog_ctxt_put+0x1c4/0x2f0 [obdclass]
00060  ? llog_run_tests+0x3f45/0x5ac0 [llog_test]
00060  ? get_random_u32+0x51/0x470
00060  ? llog_test_device_init+0x6e8/0xa20 [llog_test]
00060  ? obd_setup+0x54d/0x950 [obdclass]
00060  ? class_setup+0xc7d/0x10e0 [obdclass]
00060  ? class_process_config+0x2edb/0x7cb0 [obdclass]
00060  ? class_handle_ioctl+0x2055/0x3590 [obdclass]
00060  ? obd_class_ioctl+0x1f6/0x3c0 [obdclass]
00060  ? __x64_sys_ioctl+0x961/0xe00
00060  ? _copy_to_user+0x3d/0x60
00060  ? __x64_sys_rt_sigaction+0x107/0x140
00060  ? do_syscall_64+0xc1/0x350
00060  ? entry_SYSCALL_64_after_hwframe+0x4b/0x53
00060  </TASK>
00060 ---[ end trace 0000000000000000 ]---
00060 Lustre: 2178:0:(llog_test.c:1605:llog_test_10()) 10b: write 64767 log records
00060 ------------[ cut here ]------------
00060 WARNING: /home/ktest/git/linux/include/linux/fs.h:889 at osd_create+0x9cf/0xcf0 [osd_wbcfs], CPU#13: lctl/2178
00060 Modules linked in: llog_test(O) mgs(O) osd_wbcfs(O) lustre(O) obdecho(O) mgc(O) mdc(O) lov(O) osc(O) lmv(O) ec(O) fid(O) fld(O) ptlrpc(O) efivarfs obdclass(O) ksocklnd(O) lnet(O) libcfs(O)
00060 CPU: 13 UID: 0 PID: 2178 Comm: lctl Tainted: G        W  O        7.0.0-ktest-c7429ec-6330a45-20260910-dirty #1 PREEMPT 
00060 Tainted: [W]=WARN, [O]=OOT_MODULE
00060 Hardware name: QEMU Standard PC (Q35 + ICH9, 2009), BIOS 2025.11-3ubuntu7 03/31/2026
00060 RIP: 0010:osd_create+0x9cf/0xcf0 [osd_wbcfs]
00060 Code: c7 c7 00 16 7c a1 48 c7 c6 a0 92 7d a1 48 c7 c2 00 9c 7d a1 e8 52 f1 43 ff 48 c7 c7 00 16 7c a1 e8 46 81 44 ff e9 fe fc ff ff <0f> 0b e9 a5 fa ff ff 48 c7 c1 80 44 5d a0 80 e1 07 80 c1 03 38 c1
00060 RSP: 0018:ffffc90005e3f478 EFLAGS: 00010246
00060 RAX: 0000000000000000 RBX: ffff88801423c800 RCX: 0000000000000046
00060 RDX: 0000000000000000 RSI: ffff888126de49c0 RDI: ffff88819f532a80
00060 RBP: ffff888126de4930 R08: ffffffff83a16803 R09: 1ffffffff0742d00
00060 R10: dffffc0000000000 R11: fffffbfff0742d01 R12: ffff8881b150e800
00060 R13: dffffc0000000000 R14: 1ffff11002847900 R15: 1ffff110362a1d0f
00060 FS:  00007fd0628a4940(0000) GS:ffff88831eaa9000(0000) knlGS:0000000000000000
00060 CS:  0010 DS: 0000 ES: 0000 CR0: 0000000080050033
00060 CR2: 00007f7ed48ee300 CR3: 0000000126f5c000 CR4: 0000000000750eb0
00060 PKRU: 55555554
00060 Call Trace:
00060  <TASK>
00060  ? local_object_create+0x109/0x640 [obdclass]
00060  ? dt_write_lock+0x16d/0x2a0 [obdclass]
00060  ? llog_osd_create+0x356/0x10d0 [obdclass]
00060  ? llog_create+0x2ed/0x530 [obdclass]
00060  ? llog_cat_new_log+0x6d1/0x2970 [obdclass]
00060  ? llog_cat_add_rec+0x6ba/0x1960 [obdclass]
00060  ? llog_cat_add+0x499/0x7a0 [obdclass]
00060  ? llog_test_10+0x6d0/0x5520 [llog_test]
00060  ? lu_object_put+0xa64/0x1210 [obdclass]
00060  ? do_raw_spin_unlock+0x52/0x230
00060  ? _raw_spin_unlock+0x23/0x40
00060  ? __llog_ctxt_put+0x1c4/0x2f0 [obdclass]
00060  ? llog_run_tests+0x3f45/0x5ac0 [llog_test]
00060  ? get_random_u32+0x51/0x470
00060  ? llog_test_device_init+0x6e8/0xa20 [llog_test]
00060  ? obd_setup+0x54d/0x950 [obdclass]
00060  ? class_setup+0xc7d/0x10e0 [obdclass]
00060  ? class_process_config+0x2edb/0x7cb0 [obdclass]
00060  ? class_handle_ioctl+0x2055/0x3590 [obdclass]
00060  ? obd_class_ioctl+0x1f6/0x3c0 [obdclass]
00060  ? __x64_sys_ioctl+0x961/0xe00
00060  ? _copy_to_user+0x3d/0x60
00060  ? __x64_sys_rt_sigaction+0x107/0x140
00060  ? do_syscall_64+0xc1/0x350
00060  ? entry_SYSCALL_64_after_hwframe+0x4b/0x53
00060  </TASK>
00060 ---[ end trace 0000000000000000 ]---
00063 ------------[ cut here ]------------
00063 WARNING: /home/ktest/git/linux/include/linux/fs.h:889 at osd_create+0x9cf/0xcf0 [osd_wbcfs], CPU#13: lctl/2178
00063 Modules linked in: llog_test(O) mgs(O) osd_wbcfs(O) lustre(O) obdecho(O) mgc(O) mdc(O) lov(O) osc(O) lmv(O) ec(O) fid(O) fld(O) ptlrpc(O) efivarfs obdclass(O) ksocklnd(O) lnet(O) libcfs(O)
00063 CPU: 13 UID: 0 PID: 2178 Comm: lctl Tainted: G        W  O        7.0.0-ktest-c7429ec-6330a45-20260910-dirty #1 PREEMPT 
00063 Tainted: [W]=WARN, [O]=OOT_MODULE
00063 Hardware name: QEMU Standard PC (Q35 + ICH9, 2009), BIOS 2025.11-3ubuntu7 03/31/2026
00063 RIP: 0010:osd_create+0x9cf/0xcf0 [osd_wbcfs]
00063 Code: c7 c7 00 16 7c a1 48 c7 c6 a0 92 7d a1 48 c7 c2 00 9c 7d a1 e8 52 f1 43 ff 48 c7 c7 00 16 7c a1 e8 46 81 44 ff e9 fe fc ff ff <0f> 0b e9 a5 fa ff ff 48 c7 c1 80 44 5d a0 80 e1 07 80 c1 03 38 c1
00063 RSP: 0018:ffffc90005e3f478 EFLAGS: 00010246
00063 RAX: 0000000000000000 RBX: ffff88820695a000 RCX: 0000000000000046
00063 RDX: 0000000000000000 RSI: ffff888126de42a8 RDI: ffff88819f532a80
00063 RBP: ffff888126de4218 R08: ffffffff83a16803 R09: 1ffffffff0742d00
00063 R10: dffffc0000000000 R11: fffffbfff0742d01 R12: ffff8881b150e800
00063 R13: dffffc0000000000 R14: 1ffff11040d2b400 R15: 1ffff110362a1d0f
00063 FS:  00007fd0628a4940(0000) GS:ffff88831eaa9000(0000) knlGS:0000000000000000
00063 CS:  0010 DS: 0000 ES: 0000 CR0: 0000000080050033
00063 CR2: 00007f7ed48ee300 CR3: 0000000126f5c000 CR4: 0000000000750eb0
00063 PKRU: 55555554
00063 Call Trace:
00063  <TASK>
00063  ? local_object_create+0x109/0x640 [obdclass]
00063  ? dt_write_lock+0x16d/0x2a0 [obdclass]
00063  ? llog_osd_create+0x356/0x10d0 [obdclass]
00063  ? llog_create+0x2ed/0x530 [obdclass]
00063  ? llog_cat_new_log+0x6d1/0x2970 [obdclass]
00063  ? llog_cat_add_rec+0x6ba/0x1960 [obdclass]
00063  ? llog_cat_add+0x499/0x7a0 [obdclass]
00063  ? llog_test_10+0x6d0/0x5520 [llog_test]
00063  ? lu_object_put+0xa64/0x1210 [obdclass]
00063  ? do_raw_spin_unlock+0x52/0x230
00063  ? _raw_spin_unlock+0x23/0x40
00063  ? __llog_ctxt_put+0x1c4/0x2f0 [obdclass]
00063  ? llog_run_tests+0x3f45/0x5ac0 [llog_test]
00063  ? get_random_u32+0x51/0x470
00063  ? llog_test_device_init+0x6e8/0xa20 [llog_test]
00063  ? obd_setup+0x54d/0x950 [obdclass]
00063  ? class_setup+0xc7d/0x10e0 [obdclass]
00063  ? class_process_config+0x2edb/0x7cb0 [obdclass]
00063  ? class_handle_ioctl+0x2055/0x3590 [obdclass]
00063  ? obd_class_ioctl+0x1f6/0x3c0 [obdclass]
00063  ? __x64_sys_ioctl+0x961/0xe00
00063  ? _copy_to_user+0x3d/0x60
00063  ? __x64_sys_rt_sigaction+0x107/0x140
00063  ? do_syscall_64+0xc1/0x350
00063  ? entry_SYSCALL_64_after_hwframe+0x4b/0x53
00063  </TASK>
00063 ---[ end trace 0000000000000000 ]---
00063 Lustre: 2178:0:(llog_test.c:1631:llog_test_10()) 10c: write 129534 more log records
00065 ------------[ cut here ]------------
00065 WARNING: /home/ktest/git/linux/include/linux/fs.h:889 at osd_create+0x9cf/0xcf0 [osd_wbcfs], CPU#13: lctl/2178
00065 Modules linked in: llog_test(O) mgs(O) osd_wbcfs(O) lustre(O) obdecho(O) mgc(O) mdc(O) lov(O) osc(O) lmv(O) ec(O) fid(O) fld(O) ptlrpc(O) efivarfs obdclass(O) ksocklnd(O) lnet(O) libcfs(O)
00065 CPU: 13 UID: 0 PID: 2178 Comm: lctl Tainted: G        W  O        7.0.0-ktest-c7429ec-6330a45-20260910-dirty #1 PREEMPT 
00065 Tainted: [W]=WARN, [O]=OOT_MODULE
00065 Hardware name: QEMU Standard PC (Q35 + ICH9, 2009), BIOS 2025.11-3ubuntu7 03/31/2026
00065 RIP: 0010:osd_create+0x9cf/0xcf0 [osd_wbcfs]
00065 Code: c7 c7 00 16 7c a1 48 c7 c6 a0 92 7d a1 48 c7 c2 00 9c 7d a1 e8 52 f1 43 ff 48 c7 c7 00 16 7c a1 e8 46 81 44 ff e9 fe fc ff ff <0f> 0b e9 a5 fa ff ff 48 c7 c1 80 44 5d a0 80 e1 07 80 c1 03 38 c1
00065 RSP: 0018:ffffc90005e3f478 EFLAGS: 00010246
00065 RAX: 0000000000000000 RBX: ffff88802200fc00 RCX: 0000000000000046
00065 RDX: 0000000000000000 RSI: ffff888126de3b90 RDI: ffff88819f532a80
00065 RBP: ffff888126de3b00 R08: ffffffff83a16803 R09: 1ffffffff0742d00
00065 R10: dffffc0000000000 R11: fffffbfff0742d01 R12: ffff8881b150e800
00065 R13: dffffc0000000000 R14: 1ffff11004401f80 R15: 1ffff110362a1d0f
00065 FS:  00007fd0628a4940(0000) GS:ffff88831eaa9000(0000) knlGS:0000000000000000
00065 CS:  0010 DS: 0000 ES: 0000 CR0: 0000000080050033
00065 CR2: 00007f7ed48ee300 CR3: 0000000126f5c000 CR4: 0000000000750eb0
00065 PKRU: 55555554
00065 Call Trace:
00065  <TASK>
00065  ? local_object_create+0x109/0x640 [obdclass]
00065  ? dt_write_lock+0x16d/0x2a0 [obdclass]
00065  ? llog_osd_create+0x356/0x10d0 [obdclass]
00065  ? llog_create+0x2ed/0x530 [obdclass]
00065  ? llog_cat_new_log+0x6d1/0x2970 [obdclass]
00065  ? llog_cat_add_rec+0x6ba/0x1960 [obdclass]
00065  ? llog_cat_add+0x499/0x7a0 [obdclass]
00065  ? llog_test_10+0x986/0x5520 [llog_test]
00065  ? lu_object_put+0xa64/0x1210 [obdclass]
00065  ? do_raw_spin_unlock+0x52/0x230
00065  ? _raw_spin_unlock+0x23/0x40
00065  ? __llog_ctxt_put+0x1c4/0x2f0 [obdclass]
00065  ? llog_run_tests+0x3f45/0x5ac0 [llog_test]
00065  ? get_random_u32+0x51/0x470
00065  ? llog_test_device_init+0x6e8/0xa20 [llog_test]
00065  ? obd_setup+0x54d/0x950 [obdclass]
00065  ? class_setup+0xc7d/0x10e0 [obdclass]
00065  ? class_process_config+0x2edb/0x7cb0 [obdclass]
00065  ? class_handle_ioctl+0x2055/0x3590 [obdclass]
00065  ? obd_class_ioctl+0x1f6/0x3c0 [obdclass]
00065  ? __x64_sys_ioctl+0x961/0xe00
00065  ? _copy_to_user+0x3d/0x60
00065  ? __x64_sys_rt_sigaction+0x107/0x140
00065  ? do_syscall_64+0xc1/0x350
00065  ? entry_SYSCALL_64_after_hwframe+0x4b/0x53
00065  </TASK>
00065 ---[ end trace 0000000000000000 ]---
00068 ------------[ cut here ]------------
00068 WARNING: /home/ktest/git/linux/include/linux/fs.h:889 at osd_create+0x9cf/0xcf0 [osd_wbcfs], CPU#13: lctl/2178
00068 Modules linked in: llog_test(O) mgs(O) osd_wbcfs(O) lustre(O) obdecho(O) mgc(O) mdc(O) lov(O) osc(O) lmv(O) ec(O) fid(O) fld(O) ptlrpc(O) efivarfs obdclass(O) ksocklnd(O) lnet(O) libcfs(O)
00068 CPU: 13 UID: 0 PID: 2178 Comm: lctl Tainted: G        W  O        7.0.0-ktest-c7429ec-6330a45-20260910-dirty #1 PREEMPT 
00068 Tainted: [W]=WARN, [O]=OOT_MODULE
00068 Hardware name: QEMU Standard PC (Q35 + ICH9, 2009), BIOS 2025.11-3ubuntu7 03/31/2026
00068 RIP: 0010:osd_create+0x9cf/0xcf0 [osd_wbcfs]
00068 Code: c7 c7 00 16 7c a1 48 c7 c6 a0 92 7d a1 48 c7 c2 00 9c 7d a1 e8 52 f1 43 ff 48 c7 c7 00 16 7c a1 e8 46 81 44 ff e9 fe fc ff ff <0f> 0b e9 a5 fa ff ff 48 c7 c1 80 44 5d a0 80 e1 07 80 c1 03 38 c1
00068 RSP: 0018:ffffc90005e3f478 EFLAGS: 00010246
00068 RAX: 0000000000000000 RBX: ffff88802f1fd400 RCX: 0000000000000046
00068 RDX: 0000000000000000 RSI: ffff888126de3478 RDI: ffff88819f532a80
00068 RBP: ffff888126de33e8 R08: ffffffff83a16803 R09: 1ffffffff0742d00
00068 R10: dffffc0000000000 R11: fffffbfff0742d01 R12: ffff8881b150e800
00068 R13: dffffc0000000000 R14: 1ffff11005e3fa80 R15: 1ffff110362a1d0f
00068 FS:  00007fd0628a4940(0000) GS:ffff88831eaa9000(0000) knlGS:0000000000000000
00068 CS:  0010 DS: 0000 ES: 0000 CR0: 0000000080050033
00068 CR2: 00007f7ed48ee300 CR3: 0000000126f5c000 CR4: 0000000000750eb0
00068 PKRU: 55555554
00068 Call Trace:
00068  <TASK>
00068  ? local_object_create+0x109/0x640 [obdclass]
00068  ? dt_write_lock+0x16d/0x2a0 [obdclass]
00068  ? llog_osd_create+0x356/0x10d0 [obdclass]
00068  ? llog_create+0x2ed/0x530 [obdclass]
00068  ? llog_cat_new_log+0x6d1/0x2970 [obdclass]
00068  ? llog_cat_add_rec+0x6ba/0x1960 [obdclass]
00068  ? llog_cat_add+0x499/0x7a0 [obdclass]
00068  ? llog_test_10+0x986/0x5520 [llog_test]
00068  ? lu_object_put+0xa64/0x1210 [obdclass]
00068  ? do_raw_spin_unlock+0x52/0x230
00068  ? _raw_spin_unlock+0x23/0x40
00068  ? __llog_ctxt_put+0x1c4/0x2f0 [obdclass]
00068  ? llog_run_tests+0x3f45/0x5ac0 [llog_test]
00068  ? get_random_u32+0x51/0x470
00068  ? llog_test_device_init+0x6e8/0xa20 [llog_test]
00068  ? obd_setup+0x54d/0x950 [obdclass]
00068  ? class_setup+0xc7d/0x10e0 [obdclass]
00068  ? class_process_config+0x2edb/0x7cb0 [obdclass]
00068  ? class_handle_ioctl+0x2055/0x3590 [obdclass]
00068  ? obd_class_ioctl+0x1f6/0x3c0 [obdclass]
00068  ? __x64_sys_ioctl+0x961/0xe00
00068  ? _copy_to_user+0x3d/0x60
00068  ? __x64_sys_rt_sigaction+0x107/0x140
00068  ? do_syscall_64+0xc1/0x350
00068  ? entry_SYSCALL_64_after_hwframe+0x4b/0x53
00068  </TASK>
00068 ---[ end trace 0000000000000000 ]---
00068 Lustre: 2178:0:(llog_test.c:1663:llog_test_10()) 10c: write 64767 more log records
00071 Lustre: 2178:0:(llog_cat.c:80:llog_cat_new_log()) MGS: there are no more free slots in catalog 6be401fc
00071 LustreError: 2178:0:(llog_cat.c:588:llog_cat_add_rec()) MGS: initialization error: rc = -28
00071 Lustre: 2178:0:(llog_test.c:1689:llog_test_10()) 10c: wrote 64011 records then 756 failed with ENOSPC
00071 Lustre: 2178:0:(llog_test.c:1708:llog_test_10()) 10d: Cancel 64767 records, see one log zapped
00073 Lustre: 2178:0:(llog_test.c:1722:llog_test_10()) 10d: print the catalog entries.. we expect 3
00073 Lustre: 2200:0:(llog_test.c:700:cat_print_cb()) seeing record at index 2 - [0x1:0x19:0x0] in log [0xa:0x5:0x0]
00073 Lustre: 2178:0:(llog_test.c:1752:llog_test_10()) 10e: write 64767 more log records
00073 ------------[ cut here ]------------
00073 WARNING: /home/ktest/git/linux/include/linux/fs.h:889 at osd_create+0x9cf/0xcf0 [osd_wbcfs], CPU#13: lctl/2178
00073 Modules linked in: llog_test(O) mgs(O) osd_wbcfs(O) lustre(O) obdecho(O) mgc(O) mdc(O) lov(O) osc(O) lmv(O) ec(O) fid(O) fld(O) ptlrpc(O) efivarfs obdclass(O) ksocklnd(O) lnet(O) libcfs(O)
00073 CPU: 13 UID: 0 PID: 2178 Comm: lctl Tainted: G        W  O        7.0.0-ktest-c7429ec-6330a45-20260910-dirty #1 PREEMPT 
00073 Tainted: [W]=WARN, [O]=OOT_MODULE
00073 Hardware name: QEMU Standard PC (Q35 + ICH9, 2009), BIOS 2025.11-3ubuntu7 03/31/2026
00073 RIP: 0010:osd_create+0x9cf/0xcf0 [osd_wbcfs]
00073 Code: c7 c7 00 16 7c a1 48 c7 c6 a0 92 7d a1 48 c7 c2 00 9c 7d a1 e8 52 f1 43 ff 48 c7 c7 00 16 7c a1 e8 46 81 44 ff e9 fe fc ff ff <0f> 0b e9 a5 fa ff ff 48 c7 c1 80 44 5d a0 80 e1 07 80 c1 03 38 c1
00073 RSP: 0018:ffffc90005e3f478 EFLAGS: 00010246
00073 RAX: 0000000000000000 RBX: ffff88803c2ca800 RCX: 0000000000000046
00073 RDX: 0000000000000000 RSI: ffff888126de2d60 RDI: ffff88819f532a80
00073 RBP: ffff888126de2cd0 R08: ffffffff83a16803 R09: 1ffffffff0742d00
00073 R10: dffffc0000000000 R11: fffffbfff0742d01 R12: ffff8881b150e800
00073 R13: dffffc0000000000 R14: 1ffff11007859500 R15: 1ffff110362a1d0f
00073 FS:  00007fd0628a4940(0000) GS:ffff88831eaa9000(0000) knlGS:0000000000000000
00073 CS:  0010 DS: 0000 ES: 0000 CR0: 0000000080050033
00073 CR2: 00007f7ed48ee300 CR3: 0000000126f5c000 CR4: 0000000000750eb0
00073 PKRU: 55555554
00073 Call Trace:
00073  <TASK>
00073  ? local_object_create+0x109/0x640 [obdclass]
00073  ? dt_write_lock+0x16d/0x2a0 [obdclass]
00073  ? llog_osd_create+0x356/0x10d0 [obdclass]
00073  ? llog_create+0x2ed/0x530 [obdclass]
00073  ? llog_cat_new_log+0x6d1/0x2970 [obdclass]
00073  ? llog_cat_add_rec+0x6ba/0x1960 [obdclass]
00073  ? llog_cat_add+0x499/0x7a0 [obdclass]
00073  ? llog_test_10+0x1844/0x5520 [llog_test]
00073  ? lu_object_put+0xa64/0x1210 [obdclass]
00073  ? do_raw_spin_unlock+0x52/0x230
00073  ? _raw_spin_unlock+0x23/0x40
00073  ? __llog_ctxt_put+0x1c4/0x2f0 [obdclass]
00073  ? llog_run_tests+0x3f45/0x5ac0 [llog_test]
00073  ? get_random_u32+0x51/0x470
00073  ? llog_test_device_init+0x6e8/0xa20 [llog_test]
00073  ? obd_setup+0x54d/0x950 [obdclass]
00073  ? class_setup+0xc7d/0x10e0 [obdclass]
00073  ? class_process_config+0x2edb/0x7cb0 [obdclass]
00073  ? class_handle_ioctl+0x2055/0x3590 [obdclass]
00073  ? obd_class_ioctl+0x1f6/0x3c0 [obdclass]
00073  ? __x64_sys_ioctl+0x961/0xe00
00073  ? _copy_to_user+0x3d/0x60
00073  ? __x64_sys_rt_sigaction+0x107/0x140
00073  ? do_syscall_64+0xc1/0x350
00073  ? entry_SYSCALL_64_after_hwframe+0x4b/0x53
00073  </TASK>
00073 ---[ end trace 0000000000000000 ]---
00075 Lustre: 2178:0:(llog_cat.c:80:llog_cat_new_log()) MGS: there are no more free slots in catalog 6be401fc
00075 Lustre: 2178:0:(llog_cat.c:80:llog_cat_new_log()) Skipped 755 previous similar messages
00075 LustreError: 2178:0:(llog_cat.c:588:llog_cat_add_rec()) MGS: initialization error: rc = -28
00075 LustreError: 2178:0:(llog_cat.c:588:llog_cat_add_rec()) Skipped 755 previous similar messages
00075 Lustre: 2178:0:(llog_test.c:1778:llog_test_10()) 10e: wrote 64578 records then 189 failed with ENOSPC
00075 Lustre: 2178:0:(llog_test.c:1780:llog_test_10()) 10e: print the catalog entries.. we expect 4
00075 Lustre: 2178:0:(llog_cat.c:977:llog_cat_process_or_fork()) MGS: catlog [0xa:0x5:0x0] crosses index zero
00075 Lustre: 2178:0:(llog_test.c:700:cat_print_cb()) seeing record at index 2 - [0x1:0x19:0x0] in log [0xa:0x5:0x0]
00075 Lustre: 2178:0:(llog_test.c:700:cat_print_cb()) Skipped 2 previous similar messages
00075 Lustre: 2178:0:(llog_test.c:1816:llog_test_10()) 10e: catalog successfully wrap around, last_idx 1, first 1
00075 Lustre: 2178:0:(llog_test.c:1833:llog_test_10()) 10f: Cancel 64767 records, see one log zapped
00077 Lustre: 2178:0:(llog_test.c:1847:llog_test_10()) 10f: print the catalog entries.. we expect 3
00077 Lustre: 2178:0:(llog_cat.c:977:llog_cat_process_or_fork()) MGS: catlog [0xa:0x5:0x0] crosses index zero
00077 Lustre: 2178:0:(llog_cat.c:977:llog_cat_process_or_fork()) Skipped 1 previous similar message
00077 Lustre: 2178:0:(llog_test.c:1878:llog_test_10()) 10f: write 64767 more log records
00077 ------------[ cut here ]------------
00077 WARNING: /home/ktest/git/linux/include/linux/fs.h:889 at osd_create+0x9cf/0xcf0 [osd_wbcfs], CPU#13: lctl/2178
00077 Modules linked in: llog_test(O) mgs(O) osd_wbcfs(O) lustre(O) obdecho(O) mgc(O) mdc(O) lov(O) osc(O) lmv(O) ec(O) fid(O) fld(O) ptlrpc(O) efivarfs obdclass(O) ksocklnd(O) lnet(O) libcfs(O)
00077 CPU: 13 UID: 0 PID: 2178 Comm: lctl Tainted: G        W  O        7.0.0-ktest-c7429ec-6330a45-20260910-dirty #1 PREEMPT 
00077 Tainted: [W]=WARN, [O]=OOT_MODULE
00077 Hardware name: QEMU Standard PC (Q35 + ICH9, 2009), BIOS 2025.11-3ubuntu7 03/31/2026
00077 RIP: 0010:osd_create+0x9cf/0xcf0 [osd_wbcfs]
00077 Code: c7 c7 00 16 7c a1 48 c7 c6 a0 92 7d a1 48 c7 c2 00 9c 7d a1 e8 52 f1 43 ff 48 c7 c7 00 16 7c a1 e8 46 81 44 ff e9 fe fc ff ff <0f> 0b e9 a5 fa ff ff 48 c7 c1 80 44 5d a0 80 e1 07 80 c1 03 38 c1
00077 RSP: 0018:ffffc90005e3f478 EFLAGS: 00010246
00077 RAX: 0000000000000000 RBX: ffff8881a265d800 RCX: 0000000000000046
00077 RDX: 0000000000000000 RSI: ffff8880642cd0d8 RDI: ffff88819f532a80
00077 RBP: ffff8880642cd048 R08: ffffffff83a16803 R09: 1ffffffff0742d00
00077 R10: dffffc0000000000 R11: fffffbfff0742d01 R12: ffff8881b150e800
00077 R13: dffffc0000000000 R14: 1ffff110344cbb00 R15: 1ffff110362a1d0f
00077 FS:  00007fd0628a4940(0000) GS:ffff88831eaa9000(0000) knlGS:0000000000000000
00077 CS:  0010 DS: 0000 ES: 0000 CR0: 0000000080050033
00077 CR2: 00007f7ed48ee300 CR3: 0000000126f5c000 CR4: 0000000000750eb0
00077 PKRU: 55555554
00077 Call Trace:
00077  <TASK>
00077  ? local_object_create+0x109/0x640 [obdclass]
00077  ? dt_write_lock+0x16d/0x2a0 [obdclass]
00077  ? llog_osd_create+0x356/0x10d0 [obdclass]
00077  ? llog_create+0x2ed/0x530 [obdclass]
00077  ? llog_cat_new_log+0x6d1/0x2970 [obdclass]
00077  ? llog_cat_add_rec+0x6ba/0x1960 [obdclass]
00077  ? llog_cat_add+0x499/0x7a0 [obdclass]
00077  ? llog_test_10+0x2b62/0x5520 [llog_test]
00077  ? lu_object_put+0xa64/0x1210 [obdclass]
00077  ? do_raw_spin_unlock+0x52/0x230
00077  ? _raw_spin_unlock+0x23/0x40
00077  ? __llog_ctxt_put+0x1c4/0x2f0 [obdclass]
00077  ? llog_run_tests+0x3f45/0x5ac0 [llog_test]
00077  ? get_random_u32+0x51/0x470
00077  ? llog_test_device_init+0x6e8/0xa20 [llog_test]
00077  ? obd_setup+0x54d/0x950 [obdclass]
00077  ? class_setup+0xc7d/0x10e0 [obdclass]
00077  ? class_process_config+0x2edb/0x7cb0 [obdclass]
00077  ? class_handle_ioctl+0x2055/0x3590 [obdclass]
00077  ? obd_class_ioctl+0x1f6/0x3c0 [obdclass]
00077  ? __x64_sys_ioctl+0x961/0xe00
00077  ? _copy_to_user+0x3d/0x60
00077  ? __x64_sys_rt_sigaction+0x107/0x140
00077  ? do_syscall_64+0xc1/0x350
00077  ? entry_SYSCALL_64_after_hwframe+0x4b/0x53
00077  </TASK>
00077 ---[ end trace 0000000000000000 ]---
00080 Lustre: 2178:0:(llog_cat.c:80:llog_cat_new_log()) MGS: there are no more free slots in catalog 6be401fc
00080 Lustre: 2178:0:(llog_cat.c:80:llog_cat_new_log()) Skipped 188 previous similar messages
00080 LustreError: 2178:0:(llog_cat.c:588:llog_cat_add_rec()) MGS: initialization error: rc = -28
00080 LustreError: 2178:0:(llog_cat.c:588:llog_cat_add_rec()) Skipped 188 previous similar messages
00080 Lustre: 2178:0:(llog_test.c:1904:llog_test_10()) 10f: wrote 64578 records then 189 failed with ENOSPC
00080 Lustre: 2178:0:(llog_test.c:1950:llog_test_10()) 10g: Cancel 64767 records, see one log zapped
00080 Lustre: 2178:0:(llog_cat.c:977:llog_cat_process_or_fork()) MGS: catlog [0xa:0x5:0x0] crosses index zero
00082 Lustre: 2178:0:(llog_test.c:1962:llog_test_10()) 10g: print the catalog entries.. we expect 3
00082 Lustre: 2178:0:(llog_cat.c:977:llog_cat_process_or_fork()) MGS: catlog [0xa:0x5:0x0] crosses index zero
00082 Lustre: 2178:0:(llog_test.c:700:cat_print_cb()) seeing record at index 4 - [0x1:0x1b:0x0] in log [0xa:0x5:0x0]
00082 Lustre: 2178:0:(llog_test.c:700:cat_print_cb()) Skipped 6 previous similar messages
00082 Lustre: 2178:0:(llog_test.c:1992:llog_test_10()) 10g: Cancel 64767 records, see one log zapped
00084 Lustre: 2178:0:(llog_test.c:2006:llog_test_10()) 10g: print the catalog entries.. we expect 2
00084 Lustre: 2178:0:(llog_test.c:2044:llog_test_10()) 10g: Cancel 64767 records, see one log zapped
00086 Lustre: 2178:0:(llog_test.c:2058:llog_test_10()) 10g: print the catalog entries.. we expect 1
00086 Lustre: 2178:0:(llog_test.c:2084:llog_test_10()) 10g: llh_cat_idx has also successfully wrapped!
00086 Lustre: 2202:0:(llog_test.c:1534:cat_check_old_cb()) seeing record at index 2 - [0x1:0x1d:0x0] in log [0xa:0x5:0x0]
00086 Lustre: 2178:0:(llog_test.c:2108:llog_test_10()) 10h: write 64767 more log records
00086 ------------[ cut here ]------------
00086 WARNING: /home/ktest/git/linux/include/linux/fs.h:889 at osd_create+0x9cf/0xcf0 [osd_wbcfs], CPU#13: lctl/2178
00086 Modules linked in: llog_test(O) mgs(O) osd_wbcfs(O) lustre(O) obdecho(O) mgc(O) mdc(O) lov(O) osc(O) lmv(O) ec(O) fid(O) fld(O) ptlrpc(O) efivarfs obdclass(O) ksocklnd(O) lnet(O) libcfs(O)
00086 CPU: 13 UID: 0 PID: 2178 Comm: lctl Tainted: G        W  O        7.0.0-ktest-c7429ec-6330a45-20260910-dirty #1 PREEMPT 
00086 Tainted: [W]=WARN, [O]=OOT_MODULE
00086 Hardware name: QEMU Standard PC (Q35 + ICH9, 2009), BIOS 2025.11-3ubuntu7 03/31/2026
00086 RIP: 0010:osd_create+0x9cf/0xcf0 [osd_wbcfs]
00086 Code: c7 c7 00 16 7c a1 48 c7 c6 a0 92 7d a1 48 c7 c2 00 9c 7d a1 e8 52 f1 43 ff 48 c7 c7 00 16 7c a1 e8 46 81 44 ff e9 fe fc ff ff <0f> 0b e9 a5 fa ff ff 48 c7 c1 80 44 5d a0 80 e1 07 80 c1 03 38 c1
00086 RSP: 0018:ffffc90005e3f478 EFLAGS: 00010246
00086 RAX: 0000000000000000 RBX: ffff88825fb71800 RCX: 0000000000000046
00086 RDX: 0000000000000000 RSI: ffff8880642cc9c0 RDI: ffff88819f532a80
00086 RBP: ffff8880642cc930 R08: ffffffff83a16803 R09: 1ffffffff0742d00
00086 R10: dffffc0000000000 R11: fffffbfff0742d01 R12: ffff8881b150e800
00086 R13: dffffc0000000000 R14: 1ffff1104bf6e300 R15: 1ffff110362a1d0f
00086 FS:  00007fd0628a4940(0000) GS:ffff88831eaa9000(0000) knlGS:0000000000000000
00086 CS:  0010 DS: 0000 ES: 0000 CR0: 0000000080050033
00086 CR2: 00007f7ed48ee300 CR3: 0000000126f5c000 CR4: 0000000000750eb0
00086 PKRU: 55555554
00086 Call Trace:
00086  <TASK>
00086  ? local_object_create+0x109/0x640 [obdclass]
00086  ? dt_write_lock+0x16d/0x2a0 [obdclass]
00086  ? llog_osd_create+0x356/0x10d0 [obdclass]
00086  ? llog_create+0x2ed/0x530 [obdclass]
00086  ? llog_cat_new_log+0x6d1/0x2970 [obdclass]
00086  ? llog_cat_add_rec+0x6ba/0x1960 [obdclass]
00086  ? llog_cat_add+0x499/0x7a0 [obdclass]
00086  ? llog_test_10+0x5016/0x5520 [llog_test]
00086  ? llog_test_9_sub+0x800/0x800 [llog_test]
00086  ? llog_run_tests+0x3f45/0x5ac0 [llog_test]
00086  ? get_random_u32+0x51/0x470
00086  ? llog_test_device_init+0x6e8/0xa20 [llog_test]
00086  ? obd_setup+0x54d/0x950 [obdclass]
00086  ? class_setup+0xc7d/0x10e0 [obdclass]
00086  ? class_process_config+0x2edb/0x7cb0 [obdclass]
00086  ? class_handle_ioctl+0x2055/0x3590 [obdclass]
00086  ? obd_class_ioctl+0x1f6/0x3c0 [obdclass]
00086  ? __x64_sys_ioctl+0x961/0xe00
00086  ? _copy_to_user+0x3d/0x60
00086  ? __x64_sys_rt_sigaction+0x107/0x140
00086  ? do_syscall_64+0xc1/0x350
00086  ? entry_SYSCALL_64_after_hwframe+0x4b/0x53
00086  </TASK>
00086 ---[ end trace 0000000000000000 ]---
00086 LustreError: 2178:0:(llog_osd.c:684:llog_osd_write_rec()) cfs_race id 1317 sleeping
00087 LustreError: 2202:0:(llog.c:685:llog_process_thread()) cfs_fail_race id 1317 waking
00087 LustreError: 2178:0:(llog_osd.c:684:llog_osd_write_rec()) cfs_fail_race id 1317 awake: rc=450
00088 LustreError: 2202:0:(llog.c:685:llog_process_thread()) cfs_fail_race id 1317 waking
00088 Lustre: 2202:0:(llog_test.c:1534:cat_check_old_cb()) seeing record at index 3 - [0x1:0x1e:0x0] in log [0xa:0x5:0x0]
00090 ------------[ cut here ]------------
00090 WARNING: /home/ktest/git/linux/include/linux/fs.h:889 at osd_create+0x9cf/0xcf0 [osd_wbcfs], CPU#13: lctl/2178
00090 Modules linked in: llog_test(O) mgs(O) osd_wbcfs(O) lustre(O) obdecho(O) mgc(O) mdc(O) lov(O) osc(O) lmv(O) ec(O) fid(O) fld(O) ptlrpc(O) efivarfs obdclass(O) ksocklnd(O) lnet(O) libcfs(O)
00090 CPU: 13 UID: 0 PID: 2178 Comm: lctl Tainted: G        W  O        7.0.0-ktest-c7429ec-6330a45-20260910-dirty #1 PREEMPT 
00090 Tainted: [W]=WARN, [O]=OOT_MODULE
00090 Hardware name: QEMU Standard PC (Q35 + ICH9, 2009), BIOS 2025.11-3ubuntu7 03/31/2026
00090 RIP: 0010:osd_create+0x9cf/0xcf0 [osd_wbcfs]
00090 Code: c7 c7 00 16 7c a1 48 c7 c6 a0 92 7d a1 48 c7 c2 00 9c 7d a1 e8 52 f1 43 ff 48 c7 c7 00 16 7c a1 e8 46 81 44 ff e9 fe fc ff ff <0f> 0b e9 a5 fa ff ff 48 c7 c1 80 44 5d a0 80 e1 07 80 c1 03 38 c1
00090 RSP: 0018:ffffc90005e3f478 EFLAGS: 00010246
00090 RAX: 0000000000000000 RBX: ffff8881a7cba800 RCX: 0000000000000046
00090 RDX: 0000000000000000 RSI: ffff8880642cc2a8 RDI: ffff88819f532a80
00090 RBP: ffff8880642cc218 R08: ffffffff83a16803 R09: 1ffffffff0742d00
00090 R10: dffffc0000000000 R11: fffffbfff0742d01 R12: ffff8881b150e800
00090 R13: dffffc0000000000 R14: 1ffff11034f97500 R15: 1ffff110362a1d0f
00090 FS:  00007fd0628a4940(0000) GS:ffff88831eaa9000(0000) knlGS:0000000000000000
00090 CS:  0010 DS: 0000 ES: 0000 CR0: 0000000080050033
00090 CR2: 00007f7ed48ee300 CR3: 0000000126f5c000 CR4: 0000000000750eb0
00090 PKRU: 55555554
00090 Call Trace:
00090  <TASK>
00090  ? local_object_create+0x109/0x640 [obdclass]
00090  ? dt_write_lock+0x16d/0x2a0 [obdclass]
00090  ? llog_osd_create+0x356/0x10d0 [obdclass]
00090  ? llog_create+0x2ed/0x530 [obdclass]
00090  ? llog_cat_new_log+0x6d1/0x2970 [obdclass]
00090  ? llog_cat_add_rec+0x6ba/0x1960 [obdclass]
00090  ? llog_cat_add+0x499/0x7a0 [obdclass]
00090  ? llog_test_10+0x5016/0x5520 [llog_test]
00090  ? llog_test_9_sub+0x800/0x800 [llog_test]
00090  ? llog_run_tests+0x3f45/0x5ac0 [llog_test]
00090  ? get_random_u32+0x51/0x470
00090  ? llog_test_device_init+0x6e8/0xa20 [llog_test]
00090  ? obd_setup+0x54d/0x950 [obdclass]
00090  ? class_setup+0xc7d/0x10e0 [obdclass]
00090  ? class_process_config+0x2edb/0x7cb0 [obdclass]
00090  ? class_handle_ioctl+0x2055/0x3590 [obdclass]
00090  ? obd_class_ioctl+0x1f6/0x3c0 [obdclass]
00090  ? __x64_sys_ioctl+0x961/0xe00
00090  ? _copy_to_user+0x3d/0x60
00090  ? __x64_sys_rt_sigaction+0x107/0x140
00090  ? do_syscall_64+0xc1/0x350
00090  ? entry_SYSCALL_64_after_hwframe+0x4b/0x53
00090  </TASK>
00090 ---[ end trace 0000000000000000 ]---
00090 LustreError: 2178:0:(llog_osd.c:684:llog_osd_write_rec()) cfs_fail_race id 1317 waking
00091 Lustre: 2178:0:(llog_test.c:2134:llog_test_10()) 10h: wrote 64767 records then 0 failed with ENOSPC
00091 Lustre: 2178:0:(llog_test.c:2147:llog_test_10()) 10: put newly-created catalog
00091 Lustre: 2178:0:(llog_test.c:2177:llog_test_11()) 11: create a plain nameless log
00091 ------------[ cut here ]------------
00091 WARNING: /home/ktest/git/linux/include/linux/fs.h:889 at osd_create+0x9cf/0xcf0 [osd_wbcfs], CPU#13: lctl/2178
00091 Modules linked in: llog_test(O) mgs(O) osd_wbcfs(O) lustre(O) obdecho(O) mgc(O) mdc(O) lov(O) osc(O) lmv(O) ec(O) fid(O) fld(O) ptlrpc(O) efivarfs obdclass(O) ksocklnd(O) lnet(O) libcfs(O)
00091 CPU: 13 UID: 0 PID: 2178 Comm: lctl Tainted: G        W  O        7.0.0-ktest-c7429ec-6330a45-20260910-dirty #1 PREEMPT 
00091 Tainted: [W]=WARN, [O]=OOT_MODULE
00091 Hardware name: QEMU Standard PC (Q35 + ICH9, 2009), BIOS 2025.11-3ubuntu7 03/31/2026
00091 RIP: 0010:osd_create+0x9cf/0xcf0 [osd_wbcfs]
00091 Code: c7 c7 00 16 7c a1 48 c7 c6 a0 92 7d a1 48 c7 c2 00 9c 7d a1 e8 52 f1 43 ff 48 c7 c7 00 16 7c a1 e8 46 81 44 ff e9 fe fc ff ff <0f> 0b e9 a5 fa ff ff 48 c7 c1 80 44 5d a0 80 e1 07 80 c1 03 38 c1
00091 RSP: 0018:ffffc90005e3f670 EFLAGS: 00010246
00091 RAX: 0000000000000000 RBX: ffff8881cdc94800 RCX: 0000000000000046
00091 RDX: 0000000000000000 RSI: ffff8880642cbb90 RDI: ffff88819f532a58
00091 RBP: ffff8880642cbb00 R08: ffffffff83a16803 R09: 1ffffffff0742d00
00091 R10: dffffc0000000000 R11: fffffbfff0742d01 R12: ffff8881b150e800
00091 R13: dffffc0000000000 R14: 1ffff11039b92900 R15: 1ffff110362a1d0f
00091 FS:  00007fd0628a4940(0000) GS:ffff88831eaa9000(0000) knlGS:0000000000000000
00091 CS:  0010 DS: 0000 ES: 0000 CR0: 0000000080050033
00091 CR2: 00007f7ed48ee300 CR3: 0000000126f5c000 CR4: 0000000000750eb0
00091 PKRU: 55555554
00091 Call Trace:
00091  <TASK>
00091  ? local_object_create+0x109/0x640 [obdclass]
00091  ? dt_write_lock+0x16d/0x2a0 [obdclass]
00091  ? llog_osd_create+0x356/0x10d0 [obdclass]
00091  ? llog_create+0x2ed/0x530 [obdclass]
00091  ? llog_open_create+0x6e7/0xb30 [obdclass]
00091  ? llog_test_11+0x2a4/0x1130 [llog_test]
00091  ? llog_test_9_sub+0x800/0x800 [llog_test]
00091  ? llog_run_tests+0x41b0/0x5ac0 [llog_test]
00091  ? get_random_u32+0x51/0x470
00091  ? llog_test_device_init+0x6e8/0xa20 [llog_test]
00091  ? obd_setup+0x54d/0x950 [obdclass]
00091  ? class_setup+0xc7d/0x10e0 [obdclass]
00091  ? class_process_config+0x2edb/0x7cb0 [obdclass]
00091  ? class_handle_ioctl+0x2055/0x3590 [obdclass]
00091  ? obd_class_ioctl+0x1f6/0x3c0 [obdclass]
00091  ? __x64_sys_ioctl+0x961/0xe00
00091  ? _copy_to_user+0x3d/0x60
00091  ? __x64_sys_rt_sigaction+0x107/0x140
00091  ? do_syscall_64+0xc1/0x350
00091  ? entry_SYSCALL_64_after_hwframe+0x4b/0x53
00091  </TASK>
00091 ---[ end trace 0000000000000000 ]---
00091 Lustre: 2178:0:(llog_test.c:2202:llog_test_11()) 11: size 8216 in 0 blocks after 1 rec
00091 Lustre: 2178:0:(llog_test.c:2204:llog_test_11()) 11: add few records
00091 Lustre: 2178:0:(llog_test.c:2221:llog_test_11()) 11: size 10616 in 0 blocks with few recs
00092 lctl (2178): drop_caches: 3
00092 Lustre: 2178:0:(llog_test.c:2247:llog_test_11()) 11: re-open the log by LOGID and verify llh_count
00092 Lustre: 2178:0:(llog_test.c:2262:llog_test_11()) 11: size 10616 in 0 blocks after re-open
00092 Lustre: 2178:0:(llog_test.c:2352:llog_test_12()) 12: create a catalog log with name: 6be401fd
00092 ------------[ cut here ]------------
00092 WARNING: /home/ktest/git/linux/include/linux/fs.h:889 at osd_create+0x9cf/0xcf0 [osd_wbcfs], CPU#13: lctl/2178
00092 Modules linked in: llog_test(O) mgs(O) osd_wbcfs(O) lustre(O) obdecho(O) mgc(O) mdc(O) lov(O) osc(O) lmv(O) ec(O) fid(O) fld(O) ptlrpc(O) efivarfs obdclass(O) ksocklnd(O) lnet(O) libcfs(O)
00092 CPU: 13 UID: 0 PID: 2178 Comm: lctl Tainted: G        W  O        7.0.0-ktest-c7429ec-6330a45-20260910-dirty #1 PREEMPT 
00092 Tainted: [W]=WARN, [O]=OOT_MODULE
00092 Hardware name: QEMU Standard PC (Q35 + ICH9, 2009), BIOS 2025.11-3ubuntu7 03/31/2026
00092 RIP: 0010:osd_create+0x9cf/0xcf0 [osd_wbcfs]
00092 Code: c7 c7 00 16 7c a1 48 c7 c6 a0 92 7d a1 48 c7 c2 00 9c 7d a1 e8 52 f1 43 ff 48 c7 c7 00 16 7c a1 e8 46 81 44 ff e9 fe fc ff ff <0f> 0b e9 a5 fa ff ff 48 c7 c1 80 44 5d a0 80 e1 07 80 c1 03 38 c1
00092 RSP: 0018:ffffc90005e3f648 EFLAGS: 00010246
00092 RAX: 0000000000000000 RBX: ffff8881cdc97400 RCX: 0000000000000046
00092 RDX: 0000000000000000 RSI: ffff8880642cb478 RDI: ffff88819f532a58
00092 RBP: ffff8880642cb3e8 R08: ffffffff83a16803 R09: 1ffffffff0742d00
00092 R10: dffffc0000000000 R11: fffffbfff0742d01 R12: ffff8881b150e800
00092 R13: dffffc0000000000 R14: 1ffff11039b92e80 R15: 1ffff110362a1d0f
00092 FS:  00007fd0628a4940(0000) GS:ffff88831eaa9000(0000) knlGS:0000000000000000
00092 CS:  0010 DS: 0000 ES: 0000 CR0: 0000000080050033
00092 CR2: 00007f7ed48ee300 CR3: 0000000126f5c000 CR4: 0000000000750eb0
00092 PKRU: 55555554
00092 Call Trace:
00092  <TASK>
00092  ? local_object_create+0x109/0x640 [obdclass]
00092  ? dt_write_lock+0x16d/0x2a0 [obdclass]
00092  ? llog_osd_create+0x356/0x10d0 [obdclass]
00092  ? llog_create+0x2ed/0x530 [obdclass]
00092  ? llog_open_create+0x6e7/0xb30 [obdclass]
00092  ? llog_test_12+0x402/0x2d90 [llog_test]
00092  ? llog_test_11+0xc14/0x1130 [llog_test]
00092  ? llog_run_tests+0x4434/0x5ac0 [llog_test]
00092  ? get_random_u32+0x51/0x470
00092  ? llog_test_device_init+0x6e8/0xa20 [llog_test]
00092  ? obd_setup+0x54d/0x950 [obdclass]
00092  ? class_setup+0xc7d/0x10e0 [obdclass]
00092  ? class_process_config+0x2edb/0x7cb0 [obdclass]
00092  ? class_handle_ioctl+0x2055/0x3590 [obdclass]
00092  ? obd_class_ioctl+0x1f6/0x3c0 [obdclass]
00092  ? __x64_sys_ioctl+0x961/0xe00
00092  ? _copy_to_user+0x3d/0x60
00092  ? __x64_sys_rt_sigaction+0x107/0x140
00092  ? do_syscall_64+0xc1/0x350
00092  ? entry_SYSCALL_64_after_hwframe+0x4b/0x53
00092  </TASK>
00092 ---[ end trace 0000000000000000 ]---
00092 ------------[ cut here ]------------
00092 WARNING: /home/ktest/git/linux/include/linux/fs.h:889 at osd_create+0x9cf/0xcf0 [osd_wbcfs], CPU#13: lctl/2178
00092 Modules linked in: llog_test(O) mgs(O) osd_wbcfs(O) lustre(O) obdecho(O) mgc(O) mdc(O) lov(O) osc(O) lmv(O) ec(O) fid(O) fld(O) ptlrpc(O) efivarfs obdclass(O) ksocklnd(O) lnet(O) libcfs(O)
00092 CPU: 13 UID: 0 PID: 2178 Comm: lctl Tainted: G        W  O        7.0.0-ktest-c7429ec-6330a45-20260910-dirty #1 PREEMPT 
00092 Tainted: [W]=WARN, [O]=OOT_MODULE
00092 Hardware name: QEMU Standard PC (Q35 + ICH9, 2009), BIOS 2025.11-3ubuntu7 03/31/2026
00092 RIP: 0010:osd_create+0x9cf/0xcf0 [osd_wbcfs]
00092 Code: c7 c7 00 16 7c a1 48 c7 c6 a0 92 7d a1 48 c7 c2 00 9c 7d a1 e8 52 f1 43 ff 48 c7 c7 00 16 7c a1 e8 46 81 44 ff e9 fe fc ff ff <0f> 0b e9 a5 fa ff ff 48 c7 c1 80 44 5d a0 80 e1 07 80 c1 03 38 c1
00092 RSP: 0018:ffffc90005e3f4f8 EFLAGS: 00010246
00092 RAX: 0000000000000000 RBX: ffff8881cdc96800 RCX: 0000000000000046
00092 RDX: 0000000000000000 RSI: ffff8880642cad60 RDI: ffff88819f532a80
00092 RBP: ffff8880642cacd0 R08: ffffffff83a16803 R09: 1ffffffff0742d00
00092 R10: dffffc0000000000 R11: fffffbfff0742d01 R12: ffff8881b150e800
00092 R13: dffffc0000000000 R14: 1ffff11039b92d00 R15: 1ffff110362a1d0f
00092 FS:  00007fd0628a4940(0000) GS:ffff88831eaa9000(0000) knlGS:0000000000000000
00092 CS:  0010 DS: 0000 ES: 0000 CR0: 0000000080050033
00092 CR2: 00007f7ed48ee300 CR3: 0000000126f5c000 CR4: 0000000000750eb0
00092 PKRU: 55555554
00092 Call Trace:
00092  <TASK>
00092  ? local_object_create+0x109/0x640 [obdclass]
00092  ? dt_write_lock+0x16d/0x2a0 [obdclass]
00092  ? llog_osd_create+0x356/0x10d0 [obdclass]
00092  ? llog_create+0x2ed/0x530 [obdclass]
00092  ? llog_cat_new_log+0x6d1/0x2970 [obdclass]
00092  ? llog_cat_add_rec+0x6ba/0x1960 [obdclass]
00092  ? llog_cat_add+0x499/0x7a0 [obdclass]
00092  ? llog_test_12+0x683/0x2d90 [llog_test]
00092  ? llog_test_11+0xc14/0x1130 [llog_test]
00092  ? llog_run_tests+0x4434/0x5ac0 [llog_test]
00092  ? get_random_u32+0x51/0x470
00092  ? llog_test_device_init+0x6e8/0xa20 [llog_test]
00092  ? obd_setup+0x54d/0x950 [obdclass]
00092  ? class_setup+0xc7d/0x10e0 [obdclass]
00092  ? class_process_config+0x2edb/0x7cb0 [obdclass]
00092  ? class_handle_ioctl+0x2055/0x3590 [obdclass]
00092  ? obd_class_ioctl+0x1f6/0x3c0 [obdclass]
00092  ? __x64_sys_ioctl+0x961/0xe00
00092  ? _copy_to_user+0x3d/0x60
00092  ? __x64_sys_rt_sigaction+0x107/0x140
00092  ? do_syscall_64+0xc1/0x350
00092  ? entry_SYSCALL_64_after_hwframe+0x4b/0x53
00092  </TASK>
00092 ---[ end trace 0000000000000000 ]---
00092 Lustre: 12: truncate 24 bytes
00092 Lustre: 12: re-open and process the catalog
00092 LustreError: 2178:0:(llog_osd.c:1247:llog_osd_next_block()) MGS0000-osd: invalid llog tail at log id [0xa:0x6:0x0] offset 8232 last_rec idx 8704 tail idx 275010875 lrt len 1 read_size 40
00092 LustreError: 2178:0:(llog.c:881:llog_process_thread()) MGS: local llog is corrupted [0xa:0x6:0x0] catalog index 1 count 2
00092 Lustre: 12: try to add to the catalog
00092 ------------[ cut here ]------------
00092 WARNING: /home/ktest/git/linux/include/linux/fs.h:889 at osd_create+0x9cf/0xcf0 [osd_wbcfs], CPU#13: lctl/2178
00092 Modules linked in: llog_test(O) mgs(O) osd_wbcfs(O) lustre(O) obdecho(O) mgc(O) mdc(O) lov(O) osc(O) lmv(O) ec(O) fid(O) fld(O) ptlrpc(O) efivarfs obdclass(O) ksocklnd(O) lnet(O) libcfs(O)
00092 CPU: 13 UID: 0 PID: 2178 Comm: lctl Tainted: G        W  O        7.0.0-ktest-c7429ec-6330a45-20260910-dirty #1 PREEMPT 
00092 Tainted: [W]=WARN, [O]=OOT_MODULE
00092 Hardware name: QEMU Standard PC (Q35 + ICH9, 2009), BIOS 2025.11-3ubuntu7 03/31/2026
00092 RIP: 0010:osd_create+0x9cf/0xcf0 [osd_wbcfs]
00092 Code: c7 c7 00 16 7c a1 48 c7 c6 a0 92 7d a1 48 c7 c2 00 9c 7d a1 e8 52 f1 43 ff 48 c7 c7 00 16 7c a1 e8 46 81 44 ff e9 fe fc ff ff <0f> 0b e9 a5 fa ff ff 48 c7 c1 80 44 5d a0 80 e1 07 80 c1 03 38 c1
00092 RSP: 0018:ffffc90005e3f4f8 EFLAGS: 00010246
00092 RAX: 0000000000000000 RBX: ffff8881cdc99400 RCX: 0000000000000046
00092 RDX: 0000000000000000 RSI: ffff8880642ca648 RDI: ffff88819f532a80
00092 RBP: ffff8880642ca5b8 R08: ffffffff83a16803 R09: 1ffffffff0742d00
00092 R10: dffffc0000000000 R11: fffffbfff0742d01 R12: ffff8881b150e800
00092 R13: dffffc0000000000 R14: 1ffff11039b93280 R15: 1ffff110362a1d0f
00092 FS:  00007fd0628a4940(0000) GS:ffff88831eaa9000(0000) knlGS:0000000000000000
00092 CS:  0010 DS: 0000 ES: 0000 CR0: 0000000080050033
00092 CR2: 00007f7ed48ee300 CR3: 0000000126f5c000 CR4: 0000000000750eb0
00092 PKRU: 55555554
00092 Call Trace:
00092  <TASK>
00092  ? local_object_create+0x109/0x640 [obdclass]
00092  ? dt_write_lock+0x16d/0x2a0 [obdclass]
00092  ? llog_osd_create+0x356/0x10d0 [obdclass]
00092  ? llog_create+0x2ed/0x530 [obdclass]
00092  ? llog_cat_new_log+0x6d1/0x2970 [obdclass]
00092  ? llog_cat_add_rec+0x6ba/0x1960 [obdclass]
00092  ? llog_cat_add+0x499/0x7a0 [obdclass]
00092  ? llog_test_12+0x1471/0x2d90 [llog_test]
00092  ? llog_run_tests+0x4434/0x5ac0 [llog_test]
00092  ? get_random_u32+0x51/0x470
00092  ? llog_test_device_init+0x6e8/0xa20 [llog_test]
00092  ? obd_setup+0x54d/0x950 [obdclass]
00092  ? class_setup+0xc7d/0x10e0 [obdclass]
00092  ? class_process_config+0x2edb/0x7cb0 [obdclass]
00092  ? class_handle_ioctl+0x2055/0x3590 [obdclass]
00092  ? obd_class_ioctl+0x1f6/0x3c0 [obdclass]
00092  ? __x64_sys_ioctl+0x961/0xe00
00092  ? _copy_to_user+0x3d/0x60
00092  ? __x64_sys_rt_sigaction+0x107/0x140
00092  ? do_syscall_64+0xc1/0x350
00092  ? entry_SYSCALL_64_after_hwframe+0x4b/0x53
00092  </TASK>
00092 ---[ end trace 0000000000000000 ]---
00092 LustreError: 2178:0:(llog_osd.c:1230:llog_osd_next_block()) MGS0000-osd: invalid llog tail at log id [0x6:0xa:0x0]:0 offset 8297 tail idx 603979776 lrt len 1074261 read_size 105
00092 ------------[ cut here ]------------
00092 WARNING: /home/ktest/git/linux/include/linux/fs.h:889 at osd_create+0x9cf/0xcf0 [osd_wbcfs], CPU#13: lctl/2178
00092 Modules linked in: llog_test(O) mgs(O) osd_wbcfs(O) lustre(O) obdecho(O) mgc(O) mdc(O) lov(O) osc(O) lmv(O) ec(O) fid(O) fld(O) ptlrpc(O) efivarfs obdclass(O) ksocklnd(O) lnet(O) libcfs(O)
00092 CPU: 13 UID: 0 PID: 2178 Comm: lctl Tainted: G        W  O        7.0.0-ktest-c7429ec-6330a45-20260910-dirty #1 PREEMPT 
00092 Tainted: [W]=WARN, [O]=OOT_MODULE
00092 Hardware name: QEMU Standard PC (Q35 + ICH9, 2009), BIOS 2025.11-3ubuntu7 03/31/2026
00092 RIP: 0010:osd_create+0x9cf/0xcf0 [osd_wbcfs]
00092 Code: c7 c7 00 16 7c a1 48 c7 c6 a0 92 7d a1 48 c7 c2 00 9c 7d a1 e8 52 f1 43 ff 48 c7 c7 00 16 7c a1 e8 46 81 44 ff e9 fe fc ff ff <0f> 0b e9 a5 fa ff ff 48 c7 c1 80 44 5d a0 80 e1 07 80 c1 03 38 c1
00092 RSP: 0018:ffffc90005e3f4f8 EFLAGS: 00010246
00092 RAX: 0000000000000000 RBX: ffff8881a2644c00 RCX: 0000000000000046
00092 RDX: 0000000000000000 RSI: ffff8880642c9f30 RDI: ffff88819f532a80
00092 RBP: ffff8880642c9ea0 R08: ffffffff83a16803 R09: 1ffffffff0742d00
00092 R10: dffffc0000000000 R11: fffffbfff0742d01 R12: ffff8881b150e800
00092 R13: dffffc0000000000 R14: 1ffff110344c8980 R15: 1ffff110362a1d0f
00092 FS:  00007fd0628a4940(0000) GS:ffff88831eaa9000(0000) knlGS:0000000000000000
00092 CS:  0010 DS: 0000 ES: 0000 CR0: 0000000080050033
00092 CR2: 00007f7ed48ee300 CR3: 0000000126f5c000 CR4: 0000000000750eb0
00092 PKRU: 55555554
00092 Call Trace:
00092  <TASK>
00092  ? local_object_create+0x109/0x640 [obdclass]
00092  ? dt_write_lock+0x16d/0x2a0 [obdclass]
00092  ? llog_osd_create+0x356/0x10d0 [obdclass]
00092  ? llog_create+0x2ed/0x530 [obdclass]
00092  ? llog_cat_new_log+0x6d1/0x2970 [obdclass]
00092  ? llog_cat_add_rec+0x6ba/0x1960 [obdclass]
00092  ? llog_cat_add+0x499/0x7a0 [obdclass]
00092  ? llog_test_12+0x1471/0x2d90 [llog_test]
00092  ? llog_run_tests+0x4434/0x5ac0 [llog_test]
00092  ? get_random_u32+0x51/0x470
00092  ? llog_test_device_init+0x6e8/0xa20 [llog_test]
00092  ? obd_setup+0x54d/0x950 [obdclass]
00092  ? class_setup+0xc7d/0x10e0 [obdclass]
00092  ? class_process_config+0x2edb/0x7cb0 [obdclass]
00092  ? class_handle_ioctl+0x2055/0x3590 [obdclass]
00092  ? obd_class_ioctl+0x1f6/0x3c0 [obdclass]
00092  ? __x64_sys_ioctl+0x961/0xe00
00092  ? _copy_to_user+0x3d/0x60
00092  ? __x64_sys_rt_sigaction+0x107/0x140
00092  ? do_syscall_64+0xc1/0x350
00092  ? entry_SYSCALL_64_after_hwframe+0x4b/0x53
00092  </TASK>
00092 ---[ end trace 0000000000000000 ]---
00092 ==================================================================
00092 BUG: KASAN: slab-out-of-bounds in llog_osd_next_block+0x1368/0x3080 [obdclass]
00092 Read of size 4 at addr ffff8881a3f1b036 by task lctl/2178
00092 
00092 CPU: 13 UID: 0 PID: 2178 Comm: lctl Tainted: G        W  O        7.0.0-ktest-c7429ec-6330a45-20260910-dirty #1 PREEMPT 
00092 Tainted: [W]=WARN, [O]=OOT_MODULE
00092 Hardware name: QEMU Standard PC (Q35 + ICH9, 2009), BIOS 2025.11-3ubuntu7 03/31/2026
00092 Call Trace:
00092  <TASK>
00092  dump_stack_lvl+0x52/0x80
00092  print_report+0xbc/0x260
00092  ? llog_osd_next_block+0x1368/0x3080 [obdclass]
00092  kasan_report+0xa2/0xd0
00092  ? llog_osd_next_block+0x1368/0x3080 [obdclass]
00092  llog_osd_next_block+0x1368/0x3080 [obdclass]
00092  llog_process_thread+0xdd7/0x4f70 [obdclass]
00092  ? entry_SYSCALL_64_after_hwframe+0x4b/0x53
00092  ? refill_objects+0x3b1/0x550
00092  llog_process_or_fork+0x656/0xc90 [obdclass]
00092  ? llog_cat_process+0x30/0x30 [obdclass]
00092  llog_cat_process_or_fork+0x780/0xdb0 [obdclass]
00092  ? llog_cat_process+0x30/0x30 [obdclass]
00092  ? llog_cancel_rec_cb+0x450/0x450 [llog_test]
00092  llog_cat_process+0x24/0x30 [obdclass]
00092  llog_test_12+0x13ee/0x2d90 [llog_test]
00092  llog_run_tests+0x4434/0x5ac0 [llog_test]
00092  ? get_random_u32+0x51/0x470
00092  llog_test_device_init+0x6e8/0xa20 [llog_test]
00092  obd_setup+0x54d/0x950 [obdclass]
00092  class_setup+0xc7d/0x10e0 [obdclass]
00092  class_process_config+0x2edb/0x7cb0 [obdclass]
00092  class_handle_ioctl+0x2055/0x3590 [obdclass]
00092  obd_class_ioctl+0x1f6/0x3c0 [obdclass]
00092  __x64_sys_ioctl+0x961/0xe00
00092  ? _copy_to_user+0x3d/0x60
00092  ? __x64_sys_rt_sigaction+0x107/0x140
00092  do_syscall_64+0xc1/0x350
00092  entry_SYSCALL_64_after_hwframe+0x4b/0x53
00092 RIP: 0033:0x7fd062724f1d
00092 Code: 04 25 28 00 00 00 48 89 45 c8 31 c0 48 8d 45 10 c7 45 b0 10 00 00 00 48 89 45 b8 48 8d 45 d0 48 89 45 c0 b8 10 00 00 00 0f 05 <89> c2 3d 00 f0 ff ff 77 1a 48 8b 45 c8 64 48 2b 04 25 28 00 00 00
00092 RSP: 002b:00007fff6fb65d50 EFLAGS: 00000246 ORIG_RAX: 0000000000000010
00092 RAX: ffffffffffffffda RBX: 00007fd062a241f0 RCX: 00007fd062724f1d
00092 RDX: 00007fff6fb66030 RSI: 00000000c00866b8 RDI: 0000000000000003
00092 RBP: 00007fff6fb65da0 R08: 00007fff6fb65df0 R09: 00007fff6fb66030
00092 R10: 00005639c89d7930 R11: 0000000000000246 R12: 00007fff6fb66030
00092 R13: 00005639c7b6d822 R14: 0000000000000000 R15: 00007fff6fb680b0
00092  </TASK>
00092 
00092 The buggy address belongs to the object at ffff8881a3f18000
00092  which belongs to the cache kmalloc-8k of size 8192
00092 The buggy address is located 4150 bytes to the right of
00092  allocated 8192-byte region [ffff8881a3f18000, ffff8881a3f1a000)
00092 
00092 The buggy address belongs to the physical page:
00092 page: refcount:0 mapcount:0 mapping:0000000000000000 index:0x0 pfn:0x1a3f18
00092 head: order:3 mapcount:0 entire_mapcount:0 nr_pages_mapped:0 pincount:0
00092 flags: 0x8000000000000040(head|zone=2)
00092 page_type: f5(slab)
00092 raw: 8000000000000040 ffff888100042e00 dead000000000122 0000000000000000
00092 raw: 0000000000000000 0000400000020002 00000000f5000000 ffff8881a3f1a010
00092 head: 8000000000000040 ffff888100042e00 dead000000000122 0000000000000000
00092 head: 0000000000000000 0000400000020002 00000000f5000000 ffff8881a3f1a010
00092 head: 8000000000000003 ffffea00068fc601 00000000ffffffff 00000000ffffffff
00092 head: ffffffffffffffff 0000000000000000 00000000ffffffff 0000000000000008
00092 page dumped because: kasan: bad access detected
00092 
00092 Memory state around the buggy address:
00092  ffff8881a3f1af00: fc fc fc fc fc fc fc fc fc fc fc fc fc fc fc fc
00092  ffff8881a3f1af80: fc fc fc fc fc fc fc fc fc fc fc fc fc fc fc fc
00092 >ffff8881a3f1b000: fc fc fc fc fc fc fc fc fc fc fc fc fc fc fc fc
00092                                      ^
00092  ffff8881a3f1b080: fc fc fc fc fc fc fc fc fc fc fc fc fc fc fc fc
00092  ffff8881a3f1b100: fc fc fc fc fc fc fc fc fc fc fc fc fc fc fc fc
00092 ==================================================================
00092 Disabling lock debugging due to kernel taint
00092 Lustre: 2178:0:(llog_test.c:2461:llog_test_12()) 12: put newly-created catalog
00092 Lustre: 2178:0:(llog_test.c:2529:llog_test_13()) 13a: create a catalog log with name: 6be401fd
00092 Lustre: 2178:0:(llog_test.c:2545:llog_test_13()) 13b: write 1 record into the catalog
00092 LustreError: 2178:0:(llog_test.c:2556:llog_test_13()) 13b: found 8 plain llogs
00092 Lustre: 2178:0:(llog_test.c:2558:llog_test_13()) 13c: erase plain llog
00092 LustreError: 2178:0:(llog_cat.c:399:llog_cat_id2handle()) MGS: error opening log id [0x1:0x4f:0x0]: rc = -2
00092 Lustre: 2178:0:(llog_test.c:2578:llog_test_13()) 13d: forward process: found=1708 rc=0
00092 Lustre: 2178:0:(llog_test.c:2582:llog_test_13()) 13e: erase another plain llog
00092 Lustre: 2178:0:(llog_test.c:2602:llog_test_13()) 13e: backward process: found=1367 rc=0
00092 Lustre: 2178:0:(llog_test.c:2605:llog_test_13()) 13f: put newly-created catalog
00097 ========= FAILED TIMEOUT llog-unit in 240s
Error 1 at /home/ktest/ktest/lib/libktest.sh 527 from: "$ktest_dir/lib/supervisor" -S -F -T "$ktest_timeout" -b "$test_basename" -o "$test_logdir" -f "$test_basename.$(date -Iseconds).log" -- "${qemu_cmd[@]}", exiting
Error 1 at ./qlkbuild 194 from: "$ktest_dir/lib/supervisor" -S -F -T "$ktest_timeout" -b "$test_basename" -o "$test_logdir" -f "$test_basename.$(date -Iseconds).log" -- "${qemu_cmd[@]}", exiting
Error 1 at ./qlkbuild 1262 from: "$ktest_dir/lib/supervisor" -S -F -T "$ktest_timeout" -b "$test_basename" -o "$test_logdir" -f "$test_basename.$(date -Iseconds).log" -- "${qemu_cmd[@]}", exiting
