CLI: ./pk --podman-socket unix:///run/podman/podman.sock --shared-filesystem /tmp --tarball-input job lustre-ci --output /var/www/ci-lustre/upstream-patch-review --git-hash c75b94ce368097c81d65948dd627e582f775879c --change-id 68287_c75b94ce368097c81d65948dd627e582f775879c --subject LU-14291 obdclass: unwind server code out of llog

Environment validated successfully
Note: custom LLVM is not synced in tarball input mode
Creating kernel tarball at /tmp/ktest-kernel.tar.gz...
Creating lustre tarball at /tmp/ktest-lustre.tar.gz...
Creating ZFS tarball at /tmp/ktest-zfs.tar.gz...
Executing 14 jobs
Jobs will start as soon as their dependencies are satisfied
Using tarball input mode

START ml-miscvm:lustre_mainline_native build tests/fs/lustre/boot.ktest
START u24:u24 build tests/fs/lustre/boot.ktest
START checkpatch:checkpatch tool checkpatch
START ml-strict:lustre_mainline build tests/fs/lustre/boot-strict.ktest
START ml:lustre_mainline build tests/fs/lustre/boot.ktest
START al2023:al2023 build tests/fs/lustre/boot.ktest
PUT /tmp/ktest-lustre.tar.gz 1s
PUT /tmp/ktest-lustre.tar.gz 1s
PUT /tmp/ktest-kernel.tar.gz 7s
PUT /tmp/ktest-kernel.tar.gz 7s
PUT /tmp/ktest-kernel.tar.gz 7s
PUT /tmp/ktest-kernel.tar.gz 7s
PUT /tmp/ktest-lustre.tar.gz 1s
PUT /tmp/ktest-lustre.tar.gz 1s
PUT /tmp/ktest-lustre.tar.gz 1s
PUT /tmp/ktest-lustre.tar.gz 1s
PUT /tmp/ktest-zfs.tar.gz 0s
PUT /tmp/ktest-zfs.tar.gz 0s
PUT /tmp/ktest-zfs.tar.gz 0s
END checkpatch:checkpatch tool checkpatch FAIL 11s (exit code: 1)
END u24:u24 build tests/fs/lustre/boot.ktest FAIL 30s (exit code: 2)
END al2023:al2023 build tests/fs/lustre/boot.ktest FAIL 36s (exit code: 2)
GET /tmp/ktest_ml-miscvm:lustre_mainline_native_j4az_ixq.tar 0s
END ml-miscvm:lustre_mainline_native build tests/fs/lustre/boot.ktest PASS 148s
START ml-miscvm:boot run tests/fs/lustre/boot.ktest
START ml-miscvm:llmount run tests/fs/lustre/llmount.ktest
START ml-miscvm:llog-unit run tests/fs/lustre/llog-unit.ktest
START ml-miscvm:mgs-setup run tests/fs/lustre/mgs-setup.ktest
START ml-miscvm:sanity-1 run tests/fs/lustre/sanity/sanity-1.ktest
START ml-miscvm:sanity-2 run tests/fs/lustre/sanity/sanity-2.ktest
START ml-miscvm:sanity-3 run tests/fs/lustre/sanity/sanity-3.ktest
START ml-miscvm:sanity-4 run tests/fs/lustre/sanity/sanity-4.ktest
GET /tmp/ktest_ml:lustre_mainline_olaac4xz.tar 1s
GET /tmp/ktest_ml-strict:lustre_mainline__e3clehv.tar 4s
END ml:lustre_mainline build tests/fs/lustre/boot.ktest PASS 150s
END ml-strict:lustre_mainline build tests/fs/lustre/boot-strict.ktest FAIL 152s (exit code: 1)
PUT /tmp/ktest-kernel.tar.gz 9s
PUT /tmp/ktest-kernel.tar.gz 12s
PUT /tmp/ktest-kernel.tar.gz 14s
PUT /tmp/ktest-kernel.tar.gz 11s
PUT /tmp/ktest-kernel.tar.gz 11s
PUT /tmp/ktest-kernel.tar.gz 11s
PUT /tmp/ktest-kernel.tar.gz 12s
PUT /tmp/ktest-kernel.tar.gz 12s
PUT /tmp/ktest-lustre.tar.gz 7s
PUT /tmp/ktest-lustre.tar.gz 3s
PUT /tmp/ktest-lustre.tar.gz 1s
PUT /tmp/ktest_ml-miscvm:lustre_mainline_native_j4az_ixq.tar 0s
PUT /tmp/ktest_ml-miscvm:lustre_mainline_native_j4az_ixq.tar 1s
PUT /tmp/ktest_ml-miscvm:lustre_mainline_native_j4az_ixq.tar 1s
PUT /tmp/ktest-lustre.tar.gz 2s
PUT /tmp/ktest-lustre.tar.gz 3s
PUT /tmp/ktest-lustre.tar.gz 2s
PUT /tmp/ktest-lustre.tar.gz 1s
PUT /tmp/ktest-lustre.tar.gz 1s
PUT /tmp/ktest_ml-miscvm:lustre_mainline_native_j4az_ixq.tar 0s
PUT /tmp/ktest_ml-miscvm:lustre_mainline_native_j4az_ixq.tar 0s
PUT /tmp/ktest_ml-miscvm:lustre_mainline_native_j4az_ixq.tar 0s
PUT /tmp/ktest_ml-miscvm:lustre_mainline_native_j4az_ixq.tar 0s
PUT /tmp/ktest_ml-miscvm:lustre_mainline_native_j4az_ixq.tar 0s
END ml-miscvm:boot run tests/fs/lustre/boot.ktest PASS 29s
END ml-miscvm:mgs-setup run tests/fs/lustre/mgs-setup.ktest PASS 38s
END ml-miscvm:sanity-4 run tests/fs/lustre/sanity/sanity-4.ktest FAIL 39s (exit code: 1)
END ml-miscvm:sanity-1 run tests/fs/lustre/sanity/sanity-1.ktest FAIL 40s (exit code: 1)
END ml-miscvm:sanity-2 run tests/fs/lustre/sanity/sanity-2.ktest FAIL 41s (exit code: 1)
END ml-miscvm:sanity-3 run tests/fs/lustre/sanity/sanity-3.ktest FAIL 42s (exit code: 1)
END ml-miscvm:llmount run tests/fs/lustre/llmount.ktest FAIL 44s (exit code: 1)
END ml-miscvm:llog-unit run tests/fs/lustre/llog-unit.ktest FAIL 45s (exit code: 1)

============================================================
Final Results:
  checkpatch:checkpatch: FAIL (11s) (log: /var/www/ci-lustre/upstream-patch-review/c75b94ce368097c81d65948dd627e582f775879c_checkpatch:checkpatch.log)
  u24:u24: FAIL (30s) (log: /var/www/ci-lustre/upstream-patch-review/c75b94ce368097c81d65948dd627e582f775879c_u24:u24.log)
  al2023:al2023: FAIL (36s) (log: /var/www/ci-lustre/upstream-patch-review/c75b94ce368097c81d65948dd627e582f775879c_al2023:al2023.log)
  ml-strict:lustre_mainline: FAIL (152s) (log: /var/www/ci-lustre/upstream-patch-review/c75b94ce368097c81d65948dd627e582f775879c_ml-strict:lustre_mainline.log)
  ml:lustre_mainline: PASS (150s) (log: /var/www/ci-lustre/upstream-patch-review/c75b94ce368097c81d65948dd627e582f775879c_ml:lustre_mainline.log)
  ml-miscvm:lustre_mainline_native: PASS (148s) (log: /var/www/ci-lustre/upstream-patch-review/c75b94ce368097c81d65948dd627e582f775879c_ml-miscvm:lustre_mainline_native.log)
  ml-miscvm:boot: PASS (29s) (log: /var/www/ci-lustre/upstream-patch-review/c75b94ce368097c81d65948dd627e582f775879c_ml-miscvm:boot.log)
  ml-miscvm:llmount: FAIL (44s) (log: /var/www/ci-lustre/upstream-patch-review/c75b94ce368097c81d65948dd627e582f775879c_ml-miscvm:llmount.log)
  ml-miscvm:llog-unit: FAIL (45s) (log: /var/www/ci-lustre/upstream-patch-review/c75b94ce368097c81d65948dd627e582f775879c_ml-miscvm:llog-unit.log)
  ml-miscvm:mgs-setup: PASS (38s) (log: /var/www/ci-lustre/upstream-patch-review/c75b94ce368097c81d65948dd627e582f775879c_ml-miscvm:mgs-setup.log)
  ml-miscvm:sanity-1: FAIL (40s) (log: /var/www/ci-lustre/upstream-patch-review/c75b94ce368097c81d65948dd627e582f775879c_ml-miscvm:sanity-1.log)
  ml-miscvm:sanity-2: FAIL (41s) (log: /var/www/ci-lustre/upstream-patch-review/c75b94ce368097c81d65948dd627e582f775879c_ml-miscvm:sanity-2.log)
  ml-miscvm:sanity-3: FAIL (42s) (log: /var/www/ci-lustre/upstream-patch-review/c75b94ce368097c81d65948dd627e582f775879c_ml-miscvm:sanity-3.log)
  ml-miscvm:sanity-4: FAIL (39s) (log: /var/www/ci-lustre/upstream-patch-review/c75b94ce368097c81d65948dd627e582f775879c_ml-miscvm:sanity-4.log)

Total execution time: 221s

Packed 16391 logs from /var/www/ci-lustre/upstream-patch-review into /home/ktest/ktest/local-site/local_data.js
Open /home/ktest/ktest/local-site/index.html in a browser
