Repository: /home/ktest/git/lustre-release

============================================================
                 Top Contributors (Names)
============================================================

=== Last month (since 1 month ago) ===
     33 Timothy Day
     21 Oleg Drokin
     12 Andreas Dilger
     10 Chris Horn
     10 Arshad Hussain
      9 Shaun Tancheff
      8 Ronnie Sahlberg
      7 Alex Zhuravlev
      5 Yonatan Nachum
      4 Sohei Koyama
      4 Jian Yu
      3 Minh Diep
      3 Di Wang
      3 Bruno Faccini
      3 Aurélien Cedeyn
      2 Patrick Farrell
      2 James Simmons
      2 Chakshu Kansal
      2 Artem Blagodarenko
      1 fvogdunc
      1 Xiyang Wang
      1 Xiao Yang
      1 Sergey Cheremencev
      1 Nikitas Angelinas
      1 Mikhail Pershin
      1 John L. Hammond
      1 Jinshan Xiong
      1 Jin Gwoun
      1 Hiroshi Nishida
      1 Emoly Liu
      1 Bobi Jam
      1 Alexander Zarochentsev

=== Last 3 months (since 3 months ago) ===
     85 Timothy Day
     48 Andreas Dilger
     29 Arshad Hussain
     27 Oleg Drokin
     22 Shaun Tancheff
     18 Chris Horn
     16 Ronnie Sahlberg
     13 Sohei Koyama
     13 Jian Yu
     12 James Simmons
     11 Patrick Farrell
     10 Sebastien Buisson
     10 Alex Zhuravlev
      9 Marc Vef
      7 Chakshu Kansal
      6 Yonatan Nachum
      6 Di Wang
      5 Qian Yingjin
      5 Minh Diep
      5 Hiroshi Nishida
      4 Robert Read
      4 Keguang Xu
      4 Emoly Liu
      3 Xiao Yang
      3 Matt Raso-Barnett
      3 Jinshan Xiong
      3 Bruno Faccini
      3 Aurélien Cedeyn
      2 Xinxia Qu
      2 Vitaly Fertman
      2 Vandana Rungta
      2 Nikos Papakonstantinou
      2 Mikhail Pershin
      2 Manish Regmi
      2 Malkeet Singh
      2 Bobi Jam
      2 Artem Blagodarenko
      2 Alexey Lyashkov
      2 Alexander Boyko
      1 王晞阳
      1 shkim
      1 fvogdunc
      1 Zanhua Huang
      1 Xiyang Wang
      1 Sonia Sharma
      1 Shivaji Kant
      1 Serguei Smirnov
      1 Sergey Cheremencev
      1 Ram Kumar Pochammala
      1 Rahul Bansal

=== Last year (since 1 year ago) ===
    153 Andreas Dilger
    152 Arshad Hussain
    148 Timothy Day
     75 Alex Zhuravlev
     63 Shaun Tancheff
     61 Jian Yu
     52 Chris Horn
     51 Sebastien Buisson
     50 Patrick Farrell
     49 James Simmons
     46 Oleg Drokin
     41 Marc Vef
     29 Sohei Koyama
     28 Ronnie Sahlberg
     28 Chakshu Kansal
     21 Xiao Yang
     18 Mikhail Pershin
     15 Li Dongyang
     13 Frederick Dilger
     13 Alexey Lyashkov
     12 Sergey Cheremencev
     12 Qian Yingjin
     12 Hongchao Zhang
     12 Emoly Liu
     12 Bobi Jam
     11 Yonatan Nachum
     11 Lai Siyao
     11 Aurélien Cedeyn
      9 Di Wang
      9 Bruno Faccini
      8 Minh Diep
      8 Artem Blagodarenko
      8 Alexander Boyko
      7 Vitaly Fertman
      7 Serguei Smirnov
      7 Nikos Papakonstantinou
      7 Keguang Xu
      7 Hiroshi Nishida
      7 Aurelien Degremont
      7 Abdul Halim
      6 Etienne AUJAMES
      6 Cyril Bordage
      5 Yang Sheng
      5 Robert Read
      5 Jinshan Xiong
      5 Alexander Zarochentsev
      4 Maximilian Dilger
      3 Zanhua Huang
      3 Xinxia Qu
      3 Rajeev Mishra

=== Last 3 years (since 3 years ago) ===
    412 Arshad Hussain
    403 Timothy Day
    332 Andreas Dilger
    234 Shaun Tancheff
    188 Sebastien Buisson
    184 James Simmons
    178 Jian Yu
    173 Patrick Farrell
    171 Alex Zhuravlev
    121 Chris Horn
    108 Oleg Drokin
     87 Qian Yingjin
     73 Marc Vef
     72 Frederick Dilger
     53 Sergey Cheremencev
     53 Bobi Jam
     52 Mikhail Pershin
     47 Li Dongyang
     45 Etienne AUJAMES
     45 Emoly Liu
     44 Hongchao Zhang
     43 Lai Siyao
     38 Ronnie Sahlberg
     36 Serguei Smirnov
     35 Alexey Lyashkov
     34 Sohei Koyama
     31 Chakshu Kansal
     30 Alexander Boyko
     27 Yang Sheng
     25 Aurelien Degremont
     21 Xiao Yang
     21 Alexander Zarochentsev
     20 Vladimir Saveliev
     20 Bruno Faccini
     19 Mr NeilBrown
     16 Rajeev Mishra
     15 Frank Sehr
     15 Artem Blagodarenko
     14 Lei Feng
     14 Keguang Xu
     13 Vitaly Fertman
     13 Maximilian Dilger
     13 Cyril Bordage
     12 Yonatan Nachum
     12 Di Wang
     11 Aurélien Cedeyn
     10 Elena Gryaznova
      9 Minh Diep
      8 Feng Lei
      8 Aryan Gupta


============================================================
          Top Contributors by Email Domain
============================================================

=== Last month (since 1 month ago) ===
     49 thelustrecollective.com
     46 whamcloud.com
     23 ddn.com
     10 aeoncomputing.com
      8 amazon.com
      5 hpe.com
      4 google.com
      3 tancheff.com
      3 nvidia.com
      3 gmail.com
      2 infradead.org

=== Last 3 months (since 3 months ago) ===
    149 thelustrecollective.com
     99 whamcloud.com
     72 ddn.com
     29 aeoncomputing.com
     24 hpe.com
     15 amazon.com
     12 infradead.org
     10 google.com
      9 gmail.com
      4 nvidia.com
      3 tancheff.com
      1 oracle.com
      1 gluesys.com
      1 canonical.com

=== Last year (since 1 year ago) ===
    440 whamcloud.com
    230 thelustrecollective.com
    225 ddn.com
    152 aeoncomputing.com
    132 hpe.com
     84 amazon.com
     49 infradead.org
     19 gmail.com
     17 nvidia.com
     14 google.com
      9 cea.fr
      7 openchip.com
      3 tancheff.com
      3 brown.name
      2 oracle.com
      2 llnl.gov
      2 lanl.gov
      1 stanford.edu
      1 hpc2n.umu.se
      1 gluesys.com
      1 canonical.com
      1 163.com

=== Last 3 years (since 3 years ago) ===
   1376 whamcloud.com
    547 ddn.com
    508 hpe.com
    412 aeoncomputing.com
    345 amazon.com
    233 thelustrecollective.com
    184 infradead.org
     55 cea.fr
     46 nvidia.com
     40 oracle.com
     32 gmail.com
     19 suse.de
     15 google.com
     10 llnl.gov
      9 lanl.gov
      7 openchip.com
      6 microsoft.com
      5 linaro.org
      4 tintri.com
      4 hpc2n.umu.se
      3 tancheff.com
      3 gluesys.com
      3 brown.name
      2 stanford.edu
      2 cray.com
      2 1up.unl.edu
      1 zeniv.linux.org.uk
      1 ornl.gov
      1 jlab.org
      1 intel.com
      1 iastate.edu
      1 eviden.com
      1 codewreck.org
      1 canonical.com
      1 atos.net
      1 163.com


============================================================
                 Top Reviewers (Names)
============================================================

=== Last month (since 1 month ago) ===
    136 Oleg Drokin
     72 Andreas Dilger
     61 James Simmons
     50 Timothy Day
     17 Arshad Hussain
     13 Alex Zhuravlev
     12 Sebastien Buisson
     11 Marc Vef
      7 Chris Horn
      6 Shaun Tancheff
      6 Minh
      5 Tom Sela
      5 Qian Yingjin
      5 Michael Margolin
      5 Jian Yu
      5 Cyril Bordage
      5 Alexey Lyashkov
      4 Xinxia Qu
      4 Patrick Farrell
      4 Manish Regmi
      4 Keguang Xu
      4 Artem Blagodarenko
      3 Sergey Cheremencev
      2 Xiao Yang
      2 Serguei Smirnov
      2 Sarah Liu
      2 Pranjal Shrivastava
      2 Mikhail Pershin
      2 Lai Siyao
      2 Jinshan Xiong
      2 Alex Deiter
      1 wangdi
      1 kg.xu
      1 Zhenyu Xu
      1 Yonatan Nachum
      1 Maximilian Dilger
      1 Bruno Faccini
      1 Aurelien Degremont
      1 Andrew Perepechko
      1 Alexander Boyko

=== Last 3 months (since 3 months ago) ===
    403 Oleg Drokin
    236 Andreas Dilger
    136 James Simmons
     79 Timothy Day
     74 Arshad Hussain
     39 Shaun Tancheff
     36 Sebastien Buisson
     35 Marc Vef
     29 Jian Yu
     29 Alex Zhuravlev
     24 Chris Horn
     11 Minh
     11 Cyril Bordage
     11 Anjus George
     11 Alex Deiter
      9 Xinxia Qu
      9 Qian Yingjin
      9 Mikhail Pershin
      9 Manish Regmi
      9 Artem Blagodarenko
      7 Keguang Xu
      7 Alexander Zarochentsev
      6 Maximilian Dilger
      6 Alexey Lyashkov
      5 kg.xu
      5 Tom Sela
      5 Sergey Cheremencev
      5 Michael Margolin
      5 Etienne AUJAMES
      5 Alexander Boyko
      4 wangdi
      4 Zhenyu Xu
      4 Xiao Yang
      4 Serguei Smirnov
      4 Patrick Farrell
      4 Chakshu Kansal
      3 Yonatan Nachum
      3 Li Dongyang
      3 Bruno Faccini
      2 Zanhua Huang
      2 Yang Sheng
      2 Sarah Liu
      2 Ronnie Sahlberg
      2 Rajeev Mishra
      2 Pranjal Shrivastava
      2 Li Xi
      2 Lai Siyao
      2 Jinshan Xiong
      2 Hongchao Zhang
      2 Emoly Liu

=== Last year (since 1 year ago) ===
   1349 Oleg Drokin
    876 Andreas Dilger
    364 James Simmons
    212 Arshad Hussain
    169 Timothy Day
    130 Marc Vef
    116 Jian Yu
    113 Sebastien Buisson
     97 Shaun Tancheff
     94 Anjus George
     79 Alex Zhuravlev
     49 Chris Horn
     47 Mikhail Pershin
     40 Serguei Smirnov
     39 Alex Deiter
     35 Yang Sheng
     28 Alexander Boyko
     27 Chakshu Kansal
     27 Artem Blagodarenko
     25 Sergey Cheremencev
     24 Patrick Farrell
     24 Maximilian Dilger
     22 Qian Yingjin
     22 Frederick Dilger
     21 Cyril Bordage
     20 Li Dongyang
     20 Lai Siyao
     17 Emoly Liu
     16 Minh
     15 Ronnie Sahlberg
     14 Yonatan Nachum
     14 Alexander Zarochentsev
     13 Xinxia Qu
     13 Frank Sehr
     13 Andrew Perepechko
     13 Alexey Lyashkov
     12 Manish Regmi
     12 Etienne AUJAMES
     11 Hongchao Zhang
     10 kg.xu
     10 Xiao Yang
      9 Aurelien Degremont
      8 Rahul Bansal
      8 Akash B
      7 wangdi
      7 Zhenyu Xu
      7 Vitaliy Kuznetsov
      7 Keguang Xu
      7 Andriy Skulysh
      6 Zanhua Huang

=== Last 3 years (since 3 years ago) ===
   3763 Oleg Drokin
   2465 Andreas Dilger
    989 James Simmons
    548 Arshad Hussain
    504 Timothy Day
    310 Jian Yu
    269 Sebastien Buisson
    246 Shaun Tancheff
    191 Marc Vef
    189 Alex Zhuravlev
    181 Chris Horn
    153 Patrick Farrell
    134 Frank Sehr
    133 Anjus George
    128 Serguei Smirnov
    127 Alex Deiter
    121 Yang Sheng
    120 Petros Koutoupis
    112 Mikhail Pershin
    103 Qian Yingjin
     88 Lai Siyao
     85 Sergey Cheremencev
     85 Aurelien Degremont
     78 Cyril Bordage
     75 Alexander Boyko
     63 Artem Blagodarenko
     53 Neil Brown
     53 Li Dongyang
     52 Frederick Dilger
     52 Andrew Perepechko
     47 Hongchao Zhang
     43 Emoly Liu
     42 Etienne AUJAMES
     40 Zhenyu Xu
     40 Li Xi
     39 Alexander Zarochentsev
     37 jsimmons
     34 Alexey Lyashkov
     32 Maximilian Dilger
     29 Chakshu Kansal
     25 Andriy Skulysh
     22 Feng Lei
     20 Manish Regmi
     20 Caleb Carlson
     18 Max Wang
     16 Sarah Liu
     16 Ronnie Sahlberg
     16 Ron Gredvig
     16 Minh
     15 Olaf Faaland


============================================================
           Top Reviewers by Email Domain
============================================================

=== Last month (since 1 month ago) ===
    178 whamcloud.com
    138 thelustrecollective.com
     61 infradead.org
     43 ddn.com
     17 aeoncomputing.com
     11 amazon.com
      7 hpe.com
      5 tancheff.com
      5 google.com
      2 nvidia.com
      2 gmail.com

=== Last 3 months (since 3 months ago) ===
    539 whamcloud.com
    343 thelustrecollective.com
    136 infradead.org
    130 ddn.com
     74 aeoncomputing.com
     56 hpe.com
     16 amazon.com
     11 ornl.gov
      9 google.com
      7 gmail.com
      5 tancheff.com
      5 nvidia.com
      2 llnl.gov
      1 stanford.edu
      1 gluesys.com

=== Last year (since 1 year ago) ===
   2106 whamcloud.com
    856 thelustrecollective.com
    364 infradead.org
    353 ddn.com
    212 aeoncomputing.com
    210 hpe.com
     94 ornl.gov
     94 amazon.com
     43 dilger.ca
     27 gmail.com
     14 nvidia.com
     14 google.com
      9 llnl.gov
      5 tancheff.com
      5 cea.fr
      2 cray.com
      1 stanford.edu
      1 microsoft.com
      1 hpc2n.umu.se
      1 gluesys.com

=== Last 3 years (since 3 years ago) ===
   7193 whamcloud.com
   1026 infradead.org
    881 ddn.com
    856 thelustrecollective.com
    850 hpe.com
    548 aeoncomputing.com
    459 amazon.com
    134 ornl.gov
     99 nvidia.com
     54 gmail.com
     52 suse.de
     49 oracle.com
     43 dilger.ca
     29 llnl.gov
     29 hotmail.com
     14 google.com
     13 linaro.org
      9 cea.fr
      6 stanford.edu
      6 lanl.gov
      6 cray.com
      5 tancheff.com
      5 microsoft.com
      3 hpc2n.umu.se
      2 stibor.net
      1 gluesys.com
      1 brown.name

