CLI: ./pk --podman-socket unix:///run/podman/podman.sock --shared-filesystem /tmp --tarball-input job lustre-ci --output /var/www/ci-lustre/upstream-patch-review --git-hash c905d6ba1d01ac5c05f9f5646aa298b0a1608aa2 --change-id 67843_c905d6ba1d01ac5c05f9f5646aa298b0a1608aa2 --subject LU-9325 obdclass: do not absorb mount options into param= value

Environment validated successfully
Note: custom LLVM is not synced in tarball input mode
Creating kernel tarball at /tmp/ktest-kernel.tar.gz...
Creating lustre tarball at /tmp/ktest-lustre.tar.gz...
Creating ZFS tarball at /tmp/ktest-zfs.tar.gz...
Executing 14 jobs
Jobs will start as soon as their dependencies are satisfied
Using tarball input mode

START checkpatch:checkpatch tool checkpatch
START ml-strict:lustre_mainline build tests/fs/lustre/boot-strict.ktest
START ml:lustre_mainline build tests/fs/lustre/boot.ktest
START u24:u24 build tests/fs/lustre/boot.ktest
START al2023:al2023 build tests/fs/lustre/boot.ktest
START ml-miscvm:lustre_mainline_native build tests/fs/lustre/boot.ktest
PUT /tmp/ktest-lustre.tar.gz 1s
PUT /tmp/ktest-lustre.tar.gz 2s
PUT /tmp/ktest-kernel.tar.gz 7s
PUT /tmp/ktest-kernel.tar.gz 7s
PUT /tmp/ktest-kernel.tar.gz 7s
PUT /tmp/ktest-kernel.tar.gz 8s
PUT /tmp/ktest-lustre.tar.gz 2s
PUT /tmp/ktest-lustre.tar.gz 2s
PUT /tmp/ktest-lustre.tar.gz 2s
PUT /tmp/ktest-lustre.tar.gz 2s
PUT /tmp/ktest-zfs.tar.gz 0s
PUT /tmp/ktest-zfs.tar.gz 0s
PUT /tmp/ktest-zfs.tar.gz 0s
END checkpatch:checkpatch tool checkpatch PASS 12s
END u24:u24 build tests/fs/lustre/boot.ktest PASS 38s
END al2023:al2023 build tests/fs/lustre/boot.ktest PASS 47s
GET /tmp/ktest_ml:lustre_mainline__n0y2h1n.tar 0s
GET /tmp/ktest_ml-miscvm:lustre_mainline_native_hbknpvub.tar 0s
END ml:lustre_mainline build tests/fs/lustre/boot.ktest PASS 171s
END ml-miscvm:lustre_mainline_native build tests/fs/lustre/boot.ktest PASS 172s
START ml-miscvm:boot run tests/fs/lustre/boot.ktest
START ml-miscvm:llmount run tests/fs/lustre/llmount.ktest
START ml-miscvm:llog-unit run tests/fs/lustre/llog-unit.ktest
START ml-miscvm:mgs-setup run tests/fs/lustre/mgs-setup.ktest
START ml-miscvm:sanity-1 run tests/fs/lustre/sanity/sanity-1.ktest
START ml-miscvm:sanity-2 run tests/fs/lustre/sanity/sanity-2.ktest
START ml-miscvm:sanity-3 run tests/fs/lustre/sanity/sanity-3.ktest
START ml-miscvm:sanity-4 run tests/fs/lustre/sanity/sanity-4.ktest
GET /tmp/ktest_ml-strict:lustre_mainline_l3peo1tp.tar 8s
END ml-strict:lustre_mainline build tests/fs/lustre/boot-strict.ktest FAIL 180s (exit code: 1)
PUT /tmp/ktest-kernel.tar.gz 16s
PUT /tmp/ktest-kernel.tar.gz 16s
PUT /tmp/ktest-kernel.tar.gz 16s
PUT /tmp/ktest-kernel.tar.gz 16s
PUT /tmp/ktest-kernel.tar.gz 17s
PUT /tmp/ktest-kernel.tar.gz 17s
PUT /tmp/ktest-kernel.tar.gz 17s
PUT /tmp/ktest-kernel.tar.gz 17s
PUT /tmp/ktest-lustre.tar.gz 3s
PUT /tmp/ktest-lustre.tar.gz 4s
PUT /tmp/ktest-lustre.tar.gz 4s
PUT /tmp/ktest-lustre.tar.gz 4s
PUT /tmp/ktest-lustre.tar.gz 4s
PUT /tmp/ktest-lustre.tar.gz 5s
PUT /tmp/ktest-lustre.tar.gz 4s
PUT /tmp/ktest-lustre.tar.gz 5s
PUT /tmp/ktest_ml-miscvm:lustre_mainline_native_hbknpvub.tar 0s
PUT /tmp/ktest_ml-miscvm:lustre_mainline_native_hbknpvub.tar 0s
PUT /tmp/ktest_ml-miscvm:lustre_mainline_native_hbknpvub.tar 0s
PUT /tmp/ktest_ml-miscvm:lustre_mainline_native_hbknpvub.tar 0s
PUT /tmp/ktest_ml-miscvm:lustre_mainline_native_hbknpvub.tar 0s
PUT /tmp/ktest_ml-miscvm:lustre_mainline_native_hbknpvub.tar 0s
PUT /tmp/ktest_ml-miscvm:lustre_mainline_native_hbknpvub.tar 0s
PUT /tmp/ktest_ml-miscvm:lustre_mainline_native_hbknpvub.tar 0s
END ml-miscvm:boot run tests/fs/lustre/boot.ktest PASS 33s
END ml-miscvm:mgs-setup run tests/fs/lustre/mgs-setup.ktest PASS 42s
END ml-miscvm:sanity-2 run tests/fs/lustre/sanity/sanity-2.ktest PASS 73s
END ml-miscvm:sanity-3 run tests/fs/lustre/sanity/sanity-3.ktest PASS 74s
END ml-miscvm:sanity-1 run tests/fs/lustre/sanity/sanity-1.ktest PASS 76s
END ml-miscvm:llmount run tests/fs/lustre/llmount.ktest PASS 82s
END ml-miscvm:sanity-4 run tests/fs/lustre/sanity/sanity-4.ktest PASS 84s
END ml-miscvm:llog-unit run tests/fs/lustre/llog-unit.ktest FAIL 120s (exit code: 1)

============================================================
Final Results:
  checkpatch:checkpatch: PASS (12s) (log: /var/www/ci-lustre/upstream-patch-review/c905d6ba1d01ac5c05f9f5646aa298b0a1608aa2_checkpatch:checkpatch.log)
  u24:u24: PASS (38s) (log: /var/www/ci-lustre/upstream-patch-review/c905d6ba1d01ac5c05f9f5646aa298b0a1608aa2_u24:u24.log)
  al2023:al2023: PASS (47s) (log: /var/www/ci-lustre/upstream-patch-review/c905d6ba1d01ac5c05f9f5646aa298b0a1608aa2_al2023:al2023.log)
  ml-strict:lustre_mainline: FAIL (180s) (log: /var/www/ci-lustre/upstream-patch-review/c905d6ba1d01ac5c05f9f5646aa298b0a1608aa2_ml-strict:lustre_mainline.log)
  ml:lustre_mainline: PASS (171s) (log: /var/www/ci-lustre/upstream-patch-review/c905d6ba1d01ac5c05f9f5646aa298b0a1608aa2_ml:lustre_mainline.log)
  ml-miscvm:lustre_mainline_native: PASS (172s) (log: /var/www/ci-lustre/upstream-patch-review/c905d6ba1d01ac5c05f9f5646aa298b0a1608aa2_ml-miscvm:lustre_mainline_native.log)
  ml-miscvm:boot: PASS (33s) (log: /var/www/ci-lustre/upstream-patch-review/c905d6ba1d01ac5c05f9f5646aa298b0a1608aa2_ml-miscvm:boot.log)
  ml-miscvm:llmount: PASS (82s) (log: /var/www/ci-lustre/upstream-patch-review/c905d6ba1d01ac5c05f9f5646aa298b0a1608aa2_ml-miscvm:llmount.log)
  ml-miscvm:llog-unit: FAIL (120s) (log: /var/www/ci-lustre/upstream-patch-review/c905d6ba1d01ac5c05f9f5646aa298b0a1608aa2_ml-miscvm:llog-unit.log)
  ml-miscvm:mgs-setup: PASS (42s) (log: /var/www/ci-lustre/upstream-patch-review/c905d6ba1d01ac5c05f9f5646aa298b0a1608aa2_ml-miscvm:mgs-setup.log)
  ml-miscvm:sanity-1: PASS (76s) (log: /var/www/ci-lustre/upstream-patch-review/c905d6ba1d01ac5c05f9f5646aa298b0a1608aa2_ml-miscvm:sanity-1.log)
  ml-miscvm:sanity-2: PASS (73s) (log: /var/www/ci-lustre/upstream-patch-review/c905d6ba1d01ac5c05f9f5646aa298b0a1608aa2_ml-miscvm:sanity-2.log)
  ml-miscvm:sanity-3: PASS (74s) (log: /var/www/ci-lustre/upstream-patch-review/c905d6ba1d01ac5c05f9f5646aa298b0a1608aa2_ml-miscvm:sanity-3.log)
  ml-miscvm:sanity-4: PASS (84s) (log: /var/www/ci-lustre/upstream-patch-review/c905d6ba1d01ac5c05f9f5646aa298b0a1608aa2_ml-miscvm:sanity-4.log)

Total execution time: 324s

Packed 5736 logs from /var/www/ci-lustre/upstream-patch-review into /home/ktest/ktest/local-site/local_data.js
Open /home/ktest/ktest/local-site/index.html in a browser
