CLI: ./pk --podman-socket unix:///run/user/1000/podman/podman.sock --shared-filesystem /tmp --tarball-input job lustre-ci --output /var/www/ci-lustre/upstream-patch-review --git-hash c9165aa67a7896871a16cf3f4bb6d49cea342c51 --change-id 69015_c9165aa67a7896871a16cf3f4bb6d49cea342c51 --subject LU-20769 lfsck: flush signals before sending RPC

Environment validated successfully
Note: custom LLVM is not synced in tarball input mode
Creating kernel tarball at /tmp/ktest-kernel.tar.gz...
Creating lustre tarball at /tmp/ktest-lustre.tar.gz...
Creating ZFS tarball at /tmp/ktest-zfs.tar.gz...
Executing 14 jobs
Jobs will start as soon as their dependencies are satisfied
Using tarball input mode

START ml:lustre_mainline build tests/fs/lustre/boot.ktest
START al2023:al2023 build tests/fs/lustre/boot.ktest
START ml-miscvm:lustre_mainline_native build tests/fs/lustre/boot.ktest
START checkpatch:checkpatch tool checkpatch
START ml-strict:lustre_mainline build tests/fs/lustre/boot-strict.ktest
START u24:u24 build tests/fs/lustre/boot.ktest
PUT /tmp/ktest-lustre.tar.gz 1s
PUT /tmp/ktest-lustre.tar.gz 1s
PUT /tmp/ktest-kernel.tar.gz 8s
PUT /tmp/ktest-kernel.tar.gz 8s
PUT /tmp/ktest-kernel.tar.gz 9s
PUT /tmp/ktest-kernel.tar.gz 9s
PUT /tmp/ktest-lustre.tar.gz 3s
PUT /tmp/ktest-lustre.tar.gz 4s
PUT /tmp/ktest-lustre.tar.gz 4s
PUT /tmp/ktest-lustre.tar.gz 3s
PUT /tmp/ktest-zfs.tar.gz 0s
PUT /tmp/ktest-zfs.tar.gz 0s
PUT /tmp/ktest-zfs.tar.gz 0s
END checkpatch:checkpatch tool checkpatch PASS 15s
END u24:u24 build tests/fs/lustre/boot.ktest PASS 41s
END al2023:al2023 build tests/fs/lustre/boot.ktest PASS 48s
GET /tmp/ktest_ml-miscvm:lustre_mainline_native_j_6_zk8l.tar 0s
GET /tmp/ktest_ml-strict:lustre_mainline_wgoxolze.tar 4s
END ml-miscvm:lustre_mainline_native build tests/fs/lustre/boot.ktest PASS 161s
START ml-miscvm:boot run tests/fs/lustre/boot.ktest
START ml-miscvm:llmount run tests/fs/lustre/llmount.ktest
START ml-miscvm:llog-unit run tests/fs/lustre/llog-unit.ktest
START ml-miscvm:mgs-setup run tests/fs/lustre/mgs-setup.ktest
START ml-miscvm:sanity-1 run tests/fs/lustre/sanity/sanity-1.ktest
START ml-miscvm:sanity-2 run tests/fs/lustre/sanity/sanity-2.ktest
START ml-miscvm:sanity-3 run tests/fs/lustre/sanity/sanity-3.ktest
START ml-miscvm:sanity-4 run tests/fs/lustre/sanity/sanity-4.ktest
END ml-strict:lustre_mainline build tests/fs/lustre/boot-strict.ktest FAIL 170s (exit code: 1)
GET /tmp/ktest_ml:lustre_mainline_mzm2iba_.tar 2s
END ml:lustre_mainline build tests/fs/lustre/boot.ktest PASS 172s
PUT /tmp/ktest-kernel.tar.gz 42s
PUT /tmp/ktest-kernel.tar.gz 40s
PUT /tmp/ktest-kernel.tar.gz 40s
PUT /tmp/ktest-kernel.tar.gz 43s
PUT /tmp/ktest-kernel.tar.gz 41s
PUT /tmp/ktest-kernel.tar.gz 41s
PUT /tmp/ktest-kernel.tar.gz 41s
PUT /tmp/ktest-kernel.tar.gz 41s
PUT /tmp/ktest-lustre.tar.gz 15s
PUT /tmp/ktest-lustre.tar.gz 14s
PUT /tmp/ktest-lustre.tar.gz 15s
PUT /tmp/ktest-lustre.tar.gz 15s
PUT /tmp/ktest-lustre.tar.gz 15s
PUT /tmp/ktest-lustre.tar.gz 15s
PUT /tmp/ktest-lustre.tar.gz 15s
PUT /tmp/ktest-lustre.tar.gz 14s
PUT /tmp/ktest_ml-miscvm:lustre_mainline_native_j_6_zk8l.tar 3s
PUT /tmp/ktest_ml-miscvm:lustre_mainline_native_j_6_zk8l.tar 3s
PUT /tmp/ktest_ml-miscvm:lustre_mainline_native_j_6_zk8l.tar 3s
PUT /tmp/ktest_ml-miscvm:lustre_mainline_native_j_6_zk8l.tar 3s
PUT /tmp/ktest_ml-miscvm:lustre_mainline_native_j_6_zk8l.tar 3s
PUT /tmp/ktest_ml-miscvm:lustre_mainline_native_j_6_zk8l.tar 3s
PUT /tmp/ktest_ml-miscvm:lustre_mainline_native_j_6_zk8l.tar 3s
PUT /tmp/ktest_ml-miscvm:lustre_mainline_native_j_6_zk8l.tar 3s
END ml-miscvm:boot run tests/fs/lustre/boot.ktest PASS 84s
END ml-miscvm:mgs-setup run tests/fs/lustre/mgs-setup.ktest PASS 93s
END ml-miscvm:sanity-2 run tests/fs/lustre/sanity/sanity-2.ktest PASS 123s
END ml-miscvm:sanity-1 run tests/fs/lustre/sanity/sanity-1.ktest PASS 124s
END ml-miscvm:sanity-4 run tests/fs/lustre/sanity/sanity-4.ktest PASS 125s
END ml-miscvm:sanity-3 run tests/fs/lustre/sanity/sanity-3.ktest PASS 127s
END ml-miscvm:llmount run tests/fs/lustre/llmount.ktest PASS 131s
END ml-miscvm:llog-unit run tests/fs/lustre/llog-unit.ktest FAIL 169s (exit code: 1)

============================================================
Final Results:
  checkpatch:checkpatch: PASS (15s) (log: /var/www/ci-lustre/upstream-patch-review/c9165aa67a7896871a16cf3f4bb6d49cea342c51_checkpatch:checkpatch.log)
  u24:u24: PASS (41s) (log: /var/www/ci-lustre/upstream-patch-review/c9165aa67a7896871a16cf3f4bb6d49cea342c51_u24:u24.log)
  al2023:al2023: PASS (48s) (log: /var/www/ci-lustre/upstream-patch-review/c9165aa67a7896871a16cf3f4bb6d49cea342c51_al2023:al2023.log)
  ml-strict:lustre_mainline: FAIL (170s) (log: /var/www/ci-lustre/upstream-patch-review/c9165aa67a7896871a16cf3f4bb6d49cea342c51_ml-strict:lustre_mainline.log)
  ml:lustre_mainline: PASS (172s) (log: /var/www/ci-lustre/upstream-patch-review/c9165aa67a7896871a16cf3f4bb6d49cea342c51_ml:lustre_mainline.log)
  ml-miscvm:lustre_mainline_native: PASS (161s) (log: /var/www/ci-lustre/upstream-patch-review/c9165aa67a7896871a16cf3f4bb6d49cea342c51_ml-miscvm:lustre_mainline_native.log)
  ml-miscvm:boot: PASS (84s) (log: /var/www/ci-lustre/upstream-patch-review/c9165aa67a7896871a16cf3f4bb6d49cea342c51_ml-miscvm:boot.log)
  ml-miscvm:llmount: PASS (131s) (log: /var/www/ci-lustre/upstream-patch-review/c9165aa67a7896871a16cf3f4bb6d49cea342c51_ml-miscvm:llmount.log)
  ml-miscvm:llog-unit: FAIL (169s) (log: /var/www/ci-lustre/upstream-patch-review/c9165aa67a7896871a16cf3f4bb6d49cea342c51_ml-miscvm:llog-unit.log)
  ml-miscvm:mgs-setup: PASS (93s) (log: /var/www/ci-lustre/upstream-patch-review/c9165aa67a7896871a16cf3f4bb6d49cea342c51_ml-miscvm:mgs-setup.log)
  ml-miscvm:sanity-1: PASS (124s) (log: /var/www/ci-lustre/upstream-patch-review/c9165aa67a7896871a16cf3f4bb6d49cea342c51_ml-miscvm:sanity-1.log)
  ml-miscvm:sanity-2: PASS (123s) (log: /var/www/ci-lustre/upstream-patch-review/c9165aa67a7896871a16cf3f4bb6d49cea342c51_ml-miscvm:sanity-2.log)
  ml-miscvm:sanity-3: PASS (127s) (log: /var/www/ci-lustre/upstream-patch-review/c9165aa67a7896871a16cf3f4bb6d49cea342c51_ml-miscvm:sanity-3.log)
  ml-miscvm:sanity-4: PASS (125s) (log: /var/www/ci-lustre/upstream-patch-review/c9165aa67a7896871a16cf3f4bb6d49cea342c51_ml-miscvm:sanity-4.log)

Total execution time: 361s

Packed 5369 logs from /var/www/ci-lustre/upstream-patch-review into /home/ktest/ktest/local-site/local_data.js
Open /home/ktest/ktest/local-site/index.html in a browser
