CLI: ./pk --podman-socket unix:///run/podman/podman.sock --shared-filesystem /tmp --tarball-input job lustre-ci --output /var/www/ci-lustre/upstream-patch-review --git-hash c9acd911bd5e9b05268d52343d48645d67a5040d --change-id 67651_c9acd911bd5e9b05268d52343d48645d67a5040d --subject LU-20541 lfs: Implement migrate_stripe command and add test

Environment validated successfully
Note: custom LLVM is not synced in tarball input mode
Creating kernel tarball at /tmp/ktest-kernel.tar.gz...
Creating lustre tarball at /tmp/ktest-lustre.tar.gz...
Creating ZFS tarball at /tmp/ktest-zfs.tar.gz...
Executing 14 jobs
Jobs will start as soon as their dependencies are satisfied
Using tarball input mode

START ml-strict:lustre_mainline build tests/fs/lustre/boot-strict.ktest
START u24:u24 build tests/fs/lustre/boot.ktest
START al2023:al2023 build tests/fs/lustre/boot.ktest
START ml:lustre_mainline build tests/fs/lustre/boot.ktest
START checkpatch:checkpatch tool checkpatch
START ml-miscvm:lustre_mainline_native build tests/fs/lustre/boot.ktest
PUT /tmp/ktest-lustre.tar.gz 1s
PUT /tmp/ktest-lustre.tar.gz 2s
PUT /tmp/ktest-kernel.tar.gz 8s
PUT /tmp/ktest-kernel.tar.gz 8s
PUT /tmp/ktest-kernel.tar.gz 8s
PUT /tmp/ktest-kernel.tar.gz 8s
PUT /tmp/ktest-lustre.tar.gz 3s
PUT /tmp/ktest-lustre.tar.gz 3s
PUT /tmp/ktest-lustre.tar.gz 3s
PUT /tmp/ktest-lustre.tar.gz 3s
PUT /tmp/ktest-zfs.tar.gz 0s
PUT /tmp/ktest-zfs.tar.gz 0s
PUT /tmp/ktest-zfs.tar.gz 0s
END checkpatch:checkpatch tool checkpatch FAIL 15s (exit code: 1)
END u24:u24 build tests/fs/lustre/boot.ktest PASS 41s
END al2023:al2023 build tests/fs/lustre/boot.ktest PASS 48s
GET /tmp/ktest_ml-miscvm:lustre_mainline_native_d1adi1ml.tar 0s
GET /tmp/ktest_ml:lustre_mainline_43q_hjz2.tar 0s
END ml-miscvm:lustre_mainline_native build tests/fs/lustre/boot.ktest PASS 170s
START ml-miscvm:boot run tests/fs/lustre/boot.ktest
START ml-miscvm:llmount run tests/fs/lustre/llmount.ktest
START ml-miscvm:llog-unit run tests/fs/lustre/llog-unit.ktest
START ml-miscvm:mgs-setup run tests/fs/lustre/mgs-setup.ktest
START ml-miscvm:sanity-1 run tests/fs/lustre/sanity/sanity-1.ktest
START ml-miscvm:sanity-2 run tests/fs/lustre/sanity/sanity-2.ktest
START ml-miscvm:sanity-3 run tests/fs/lustre/sanity/sanity-3.ktest
START ml-miscvm:sanity-4 run tests/fs/lustre/sanity/sanity-4.ktest
GET /tmp/ktest_ml-strict:lustre_mainline_96cp5nd0.tar 6s
END ml:lustre_mainline build tests/fs/lustre/boot.ktest PASS 171s
END ml-strict:lustre_mainline build tests/fs/lustre/boot-strict.ktest FAIL 173s (exit code: 1)
PUT /tmp/ktest-kernel.tar.gz 35s
PUT /tmp/ktest-kernel.tar.gz 35s
PUT /tmp/ktest-kernel.tar.gz 35s
PUT /tmp/ktest-kernel.tar.gz 35s
PUT /tmp/ktest-kernel.tar.gz 36s
PUT /tmp/ktest-kernel.tar.gz 36s
PUT /tmp/ktest-kernel.tar.gz 36s
PUT /tmp/ktest-kernel.tar.gz 36s
PUT /tmp/ktest-lustre.tar.gz 6s
PUT /tmp/ktest-lustre.tar.gz 6s
PUT /tmp/ktest-lustre.tar.gz 5s
PUT /tmp/ktest-lustre.tar.gz 6s
PUT /tmp/ktest-lustre.tar.gz 5s
PUT /tmp/ktest-lustre.tar.gz 6s
PUT /tmp/ktest-lustre.tar.gz 6s
PUT /tmp/ktest-lustre.tar.gz 6s
PUT /tmp/ktest_ml-miscvm:lustre_mainline_native_d1adi1ml.tar 0s
PUT /tmp/ktest_ml-miscvm:lustre_mainline_native_d1adi1ml.tar 0s
PUT /tmp/ktest_ml-miscvm:lustre_mainline_native_d1adi1ml.tar 0s
PUT /tmp/ktest_ml-miscvm:lustre_mainline_native_d1adi1ml.tar 0s
PUT /tmp/ktest_ml-miscvm:lustre_mainline_native_d1adi1ml.tar 0s
PUT /tmp/ktest_ml-miscvm:lustre_mainline_native_d1adi1ml.tar 0s
PUT /tmp/ktest_ml-miscvm:lustre_mainline_native_d1adi1ml.tar 0s
PUT /tmp/ktest_ml-miscvm:lustre_mainline_native_d1adi1ml.tar 0s
END ml-miscvm:boot run tests/fs/lustre/boot.ktest PASS 58s
END ml-miscvm:mgs-setup run tests/fs/lustre/mgs-setup.ktest PASS 67s
END ml-miscvm:sanity-1 run tests/fs/lustre/sanity/sanity-1.ktest PASS 95s
END ml-miscvm:sanity-4 run tests/fs/lustre/sanity/sanity-4.ktest PASS 97s
END ml-miscvm:sanity-3 run tests/fs/lustre/sanity/sanity-3.ktest PASS 98s
END ml-miscvm:sanity-2 run tests/fs/lustre/sanity/sanity-2.ktest PASS 106s
END ml-miscvm:llmount run tests/fs/lustre/llmount.ktest PASS 118s
END ml-miscvm:llog-unit run tests/fs/lustre/llog-unit.ktest FAIL 143s (exit code: 1)

============================================================
Final Results:
  checkpatch:checkpatch: FAIL (15s) (log: /var/www/ci-lustre/upstream-patch-review/c9acd911bd5e9b05268d52343d48645d67a5040d_checkpatch:checkpatch.log)
  u24:u24: PASS (41s) (log: /var/www/ci-lustre/upstream-patch-review/c9acd911bd5e9b05268d52343d48645d67a5040d_u24:u24.log)
  al2023:al2023: PASS (48s) (log: /var/www/ci-lustre/upstream-patch-review/c9acd911bd5e9b05268d52343d48645d67a5040d_al2023:al2023.log)
  ml-strict:lustre_mainline: FAIL (173s) (log: /var/www/ci-lustre/upstream-patch-review/c9acd911bd5e9b05268d52343d48645d67a5040d_ml-strict:lustre_mainline.log)
  ml:lustre_mainline: PASS (171s) (log: /var/www/ci-lustre/upstream-patch-review/c9acd911bd5e9b05268d52343d48645d67a5040d_ml:lustre_mainline.log)
  ml-miscvm:lustre_mainline_native: PASS (170s) (log: /var/www/ci-lustre/upstream-patch-review/c9acd911bd5e9b05268d52343d48645d67a5040d_ml-miscvm:lustre_mainline_native.log)
  ml-miscvm:boot: PASS (58s) (log: /var/www/ci-lustre/upstream-patch-review/c9acd911bd5e9b05268d52343d48645d67a5040d_ml-miscvm:boot.log)
  ml-miscvm:llmount: PASS (118s) (log: /var/www/ci-lustre/upstream-patch-review/c9acd911bd5e9b05268d52343d48645d67a5040d_ml-miscvm:llmount.log)
  ml-miscvm:llog-unit: FAIL (143s) (log: /var/www/ci-lustre/upstream-patch-review/c9acd911bd5e9b05268d52343d48645d67a5040d_ml-miscvm:llog-unit.log)
  ml-miscvm:mgs-setup: PASS (67s) (log: /var/www/ci-lustre/upstream-patch-review/c9acd911bd5e9b05268d52343d48645d67a5040d_ml-miscvm:mgs-setup.log)
  ml-miscvm:sanity-1: PASS (95s) (log: /var/www/ci-lustre/upstream-patch-review/c9acd911bd5e9b05268d52343d48645d67a5040d_ml-miscvm:sanity-1.log)
  ml-miscvm:sanity-2: PASS (106s) (log: /var/www/ci-lustre/upstream-patch-review/c9acd911bd5e9b05268d52343d48645d67a5040d_ml-miscvm:sanity-2.log)
  ml-miscvm:sanity-3: PASS (98s) (log: /var/www/ci-lustre/upstream-patch-review/c9acd911bd5e9b05268d52343d48645d67a5040d_ml-miscvm:sanity-3.log)
  ml-miscvm:sanity-4: PASS (97s) (log: /var/www/ci-lustre/upstream-patch-review/c9acd911bd5e9b05268d52343d48645d67a5040d_ml-miscvm:sanity-4.log)

Total execution time: 344s

Packed 6661 logs from /var/www/ci-lustre/upstream-patch-review into /home/ktest/ktest/local-site/local_data.js
Open /home/ktest/ktest/local-site/index.html in a browser
