WARNING:LONG_LINE_STRING: line length of 132 exceeds 100 columns
#862: FILE: lustre/lov/lov_io.c:283:
+		CERROR("%s:"DFID": cannot find known valid non-stale mirror, could be new server picked a mirror which this client "

WARNING:LONG_LINE_STRING: line length of 129 exceeds 100 columns
#964: FILE: lustre/lov/lov_io.c:509:
+			CERROR("%s:"DFID": no data component matching parity extent "DEXT" (parity mirror %u, data mirror %u)\n",

WARNING:LONG_LINE_STRING: line length of 108 exceeds 100 columns
#1148: FILE: lustre/lov/lov_io.c:1484:
+				CDEBUG(D_INFO, DFID": stripe %u in comp %d is unavailable (%d): rc = %ld\n",

WARNING:LONG_LINE_STRING: line length of 107 exceeds 100 columns
#1158: FILE: lustre/lov/lov_io.c:1494:
+				CDEBUG(D_INFO, DFID": stripe %u in comp %d is unavailable (%d): rc = %d\n",

WARNING:LONG_LINE_STRING: line length of 101 exceeds 100 columns
#1193: FILE: lustre/lov/lov_io.c:1529:
+		CWARN("%s: "DFID": failed to find valid parity mirror for data mirror %d: rc = %d\n",

WARNING:LONG_LINE_STRING: line length of 107 exceeds 100 columns
#1226: FILE: lustre/lov/lov_io.c:1562:
+			CWARN("%s: "DFID": too few parity (%d) components to recover data (%d): rc = %d\n",

WARNING:LONG_LINE_STRING: line length of 121 exceeds 100 columns
#2345: FILE: lustre/lov/lov_io.c:2762:
+		CWARN("%s: "DFID": failed to find valid data component covering file offset %llu, mirror: %d: rc = %d\n",

WARNING:LONG_LINE_STRING: line length of 101 exceeds 100 columns
#2353: FILE: lustre/lov/lov_io.c:2770:
+		CWARN("%s: "DFID": failed to find valid parity mirror for data mirror %d: rc = %d\n",

WARNING:LONG_LINE_STRING: line length of 131 exceeds 100 columns
#2424: FILE: lustre/lov/lov_io.c:2841:
+			CWARN("%s: "DFID": failed to find valid parity component covering file offset %llu, mirror: %d: rc = %d\n",

WARNING:LONG_LINE_STRING: line length of 117 exceeds 100 columns
#2437: FILE: lustre/lov/lov_io.c:2854:
+	CDEBUG(D_INODE, DFID": ec read comp %d (dcount %d pcount %d) from %llu to %llu, RGs %lu pgs_per_stripe %d\n",

WARNING:LONG_LINE_STRING: line length of 124 exceeds 100 columns
#2556: FILE: lustre/lov/lov_io.c:2973:
+			CWARN("%s: "DFID": too many unrecoverable stripes in raid set %d: err_nr %d > pcount %d: rc = %d\n",

total: 0 errors, 11 warnings, 3347 lines checked

NOTE: For some of the reported defects, checkpatch may be able to
      mechanically convert to the typical style using --fix or --fix-inplace.

Your patch has style problems, please review.

NOTE: If any of the errors are false positives, please report
      them to the maintainer, see CHECKPATCH in MAINTAINERS.
