WARNING:LONG_LINE_STRING: line length of 106 exceeds 100 columns
#143: FILE: lustre/llite/file.c:3662:
+			CERROR("%s: server does not support single-stripe swap (connect_flags2=0x%llx)\n",

WARNING:BLOCK_COMMENT_STYLE: Block comments use a trailing */ on a separate line
#158: FILE: lustre/llite/file.c:3680:
+	 * is server-only and must not be set by unprivileged callers. */

WARNING:BLOCK_COMMENT_STYLE: Block comments use a trailing */ on a separate line
#272: FILE: lustre/mdd/mdd_object.c:2844:
+		 * allowing client-controlled heap corruption. */

WARNING:BLOCK_COMMENT_STYLE: Block comments use a trailing */ on a separate line
#326: FILE: lustre/mdd/mdd_object.c:2898:
+		 * allowing client-controlled heap corruption. */

WARNING:BLOCK_COMMENT_STYLE: Block comments use a trailing */ on a separate line
#385: FILE: lustre/mdd/mdd_object.c:2999:
+		 * the same FIDs, so only one swap occurs. */

WARNING:TYPO_SPELLING: 'informations' may be misspelled - perhaps 'information'?
#442: FILE: lustre/mdd/mdd_object.c:3144:
+		/* Full layout swap - set the file specific informations in lmm */
 		                                            ^^^^^^^^^^^^

WARNING:BLOCK_COMMENT_STYLE: Block comments use a trailing */ on a separate line
#564: FILE: lustre/mdd/mdd_object.c:3285:
+				 * in the buffer before writing it back */

WARNING:LONG_LINE_STRING: line length of 111 exceeds 100 columns
#571: FILE: lustre/mdd/mdd_object.c:3292:
+					CERROR("%s: failed to undo single-stripe swap for rollback: rc = %d\n",

WARNING:BLOCK_COMMENT_STYLE: Block comments use a trailing */ on a separate line
#608: FILE: lustre/mdt/mdt_handler.c:1917:
+	 * needed (both layers reorder by FID, so only one swap occurs). */

WARNING:LONG_LINE_STRING: line length of 102 exceeds 100 columns
#716: FILE: lustre/ptlrpc/wiretest.c:5549:
+	LASSERTF((int)sizeof(((struct lustre_swap_layouts *)0)->sl_stripe_index) == 4, "found %lld\n",

WARNING:LONG_LINE_STRING: line length of 103 exceeds 100 columns
#724: FILE: lustre/ptlrpc/wiretest.c:5557:
+	LASSERTF((int)sizeof(((struct lustre_swap_layouts *)0)->sl_stripe_index2) == 4, "found %lld\n",

WARNING:LONG_LINE_STRING: line length of 101 exceeds 100 columns
#751: FILE: lustre/ptlrpc/wiretest.c:5589:
+	LASSERTF((int)sizeof(((struct mdc_swap_layouts *)0)->msl_stripe_index2) == 4, "found %lld\n",

WARNING:FILE_PATH_CHANGES: added, moved or deleted file(s), does MAINTAINERS need updating?
#863: 
new file mode 100644

WARNING:SPDX_LICENSE_TAG: Missing or malformed SPDX-License-Identifier tag in line 1
#868: FILE: lustre/tests/swap_single_stripe.c:1:
+/*

WARNING:EMBEDDED_FILENAME: It's generally not useful to have the filename in the file
#893: FILE: lustre/tests/swap_single_stripe.c:26:
+ * lustre/tests/swap_single_stripe.c

WARNING:BLOCK_COMMENT_STYLE: Block comments use a trailing */ on a separate line
#1007: FILE: lustre/utils/liblustreapi_swap.c:263:
+	 * initialized to 0 by memset() for full layout swaps */

WARNING:LONG_LINE_STRING: line length of 102 exceeds 100 columns
#1116: FILE: lustre/utils/wiretest.c:5568:
+	LASSERTF((int)sizeof(((struct lustre_swap_layouts *)0)->sl_stripe_index) == 4, "found %lld\n",

WARNING:LONG_LINE_STRING: line length of 103 exceeds 100 columns
#1124: FILE: lustre/utils/wiretest.c:5576:
+	LASSERTF((int)sizeof(((struct lustre_swap_layouts *)0)->sl_stripe_index2) == 4, "found %lld\n",

WARNING:LONG_LINE_STRING: line length of 101 exceeds 100 columns
#1151: FILE: lustre/utils/wiretest.c:5608:
+	LASSERTF((int)sizeof(((struct mdc_swap_layouts *)0)->msl_stripe_index2) == 4, "found %lld\n",

total: 0 errors, 19 warnings, 1042 lines checked

NOTE: For some of the reported defects, checkpatch may be able to
      mechanically convert to the typical style using --fix or --fix-inplace.

Your patch has style problems, please review.

NOTE: If any of the errors are false positives, please report
      them to the maintainer, see CHECKPATCH in MAINTAINERS.
