WARNING:FILE_PATH_CHANGES: added, moved or deleted file(s), does MAINTAINERS need updating?
#159: 
new file mode 100644

WARNING:LINE_SPACING: Missing a blank line after declarations
#280: FILE: lustre/target/kernelcomm.c:117:
+	struct lustre_nl_ctx		base;
+	GENRADIX(struct recovery_entry)	list;

WARNING:LINE_SPACING: Missing a blank line after declarations
#499: FILE: lustre/target/kernelcomm.c:336:
+	struct lustre_nl_ctx			base;
+	GENRADIX(struct obd_params_entry)	list;

WARNING:LINE_SPACING: Missing a blank line after declarations
#682: FILE: lustre/target/kernelcomm.c:519:
+	struct lustre_nl_ctx			base;
+	GENRADIX(struct brw_stats_entry)	list;

WARNING:LINE_SPACING: Missing a blank line after declarations
#930: FILE: lustre/target/kernelcomm.c:767:
+	unsigned int				gel_count;
+	GENRADIX(struct export_entry)		gel_list;

WARNING:LINE_SPACING: Missing a blank line after declarations
#1256: FILE: lustre/target/kernelcomm.c:1093:
+	bool					hdr_sent;
+	GENRADIX(struct job_stats_dev_entry)	list;

total: 0 errors, 6 warnings, 1733 lines checked

NOTE: For some of the reported defects, checkpatch may be able to
      mechanically convert to the typical style using --fix or --fix-inplace.

Your patch has style problems, please review.

NOTE: If any of the errors are false positives, please report
      them to the maintainer, see CHECKPATCH in MAINTAINERS.
