WARNING:BLOCK_COMMENT_STYLE: Block comments use a trailing */ on a separate line
#13: FILE: lustre/osd-ldiskfs/osd_internal.h:255:
+	 * in fini() (LFU). */

WARNING:BLOCK_COMMENT_STYLE: Block comments use a trailing */ on a separate line
#54: FILE: lustre/osd-ldiskfs/osd_scrub.c:757:
+		 * predicate is answerable from this path as well */

WARNING:BLOCK_COMMENT_STYLE: Block comments use a trailing */ on a separate line
#64: FILE: lustre/osd-ldiskfs/osd_scrub.c:767:
+		 * can never equal a stored normal-sequence one). */

WARNING:BLOCK_COMMENT_STYLE: Block comments use a trailing */ on a separate line
#84: FILE: lustre/osd-ldiskfs/osd_scrub.c:2993:
+ * group descriptor directly -- this is that function's body (LFU). */

WARNING:BLOCK_COMMENT_STYLE: Block comments use a trailing */ on a separate line
#124: FILE: lustre/osd-ldiskfs/osd_scrub.c:3040:
+	 * one thread, plugged gave 594,180 obj/s against 666,026 unplugged. */

WARNING:BLOCK_COMMENT_STYLE: Block comments use a trailing */ on a separate line
#137: FILE: lustre/osd-ldiskfs/osd_scrub.c:3053:
+ * rather than reaching into the ldiskfs build tree (LFU). */

WARNING:BLOCK_COMMENT_STYLE: Block comments use a trailing */ on a separate line
#199: FILE: lustre/osd-ldiskfs/osd_scrub.c:3115:
+	 * header outside the inode record. */

WARNING:BLOCK_COMMENT_STYLE: Block comments use a trailing */ on a separate line
#228: FILE: lustre/osd-ldiskfs/osd_scrub.c:3144:
+		 * (ea_inode feature); not worth handling on this path. */

WARNING:BLOCK_COMMENT_STYLE: Block comments use a trailing */ on a separate line
#319: FILE: lustre/osd-ldiskfs/osd_scrub.c:3235:
+	 * value counts file system blocks -- ldiskfs_inode_blocks(). */

WARNING:BLOCK_COMMENT_STYLE: Block comments use a trailing */ on a separate line
#335: FILE: lustre/osd-ldiskfs/osd_scrub.c:3251:
+	 * extension actually reaches that far. */

WARNING:BLOCK_COMMENT_STYLE: Block comments use a trailing */ on a separate line
#351: FILE: lustre/osd-ldiskfs/osd_scrub.c:3267:
+	 * ldiskfs_iget() leaves in the inode too. */

WARNING:BLOCK_COMMENT_STYLE: Block comments use a trailing */ on a separate line
#366: FILE: lustre/osd-ldiskfs/osd_scrub.c:3282:
+	 * on-disk bits, which is what makes the mask a plain AND. */

WARNING:BLOCK_COMMENT_STYLE: Block comments use a trailing */ on a separate line
#431: FILE: lustre/osd-ldiskfs/osd_scrub.c:3347:
+	 * visible to the namespace nor have OI mappings. */

WARNING:BLOCK_COMMENT_STYLE: Block comments use a trailing */ on a separate line
#472: FILE: lustre/osd-ldiskfs/osd_scrub.c:3388:
+	 * not verify the inode checksum. */

WARNING:BLOCK_COMMENT_STYLE: Block comments use a trailing */ on a separate line
#482: FILE: lustre/osd-ldiskfs/osd_scrub.c:3398:
+	 * and then this path gives up. */

WARNING:BLOCK_COMMENT_STYLE: Block comments use a trailing */ on a separate line
#487: FILE: lustre/osd-ldiskfs/osd_scrub.c:3403:
+		 * path's job either way. */

WARNING:BLOCK_COMMENT_STYLE: Block comments use a trailing */ on a separate line
#496: FILE: lustre/osd-ldiskfs/osd_scrub.c:3412:
+	 * raw inode has it (raw->i_generation) if a consumer ever wants it. */

total: 0 errors, 17 warnings, 548 lines checked

NOTE: For some of the reported defects, checkpatch may be able to
      mechanically convert to the typical style using --fix or --fix-inplace.

Your patch has style problems, please review.

NOTE: If any of the errors are false positives, please report
      them to the maintainer, see CHECKPATCH in MAINTAINERS.
