CLI: ./pk --podman-socket unix:///run/user/1000/podman/podman.sock --shared-filesystem /tmp --tarball-input job lustre-ci --output /var/www/ci-lustre/upstream-patch-review --git-hash cf3a1454a09ad34bd5913a3c568c029f6ecfa2a0 --change-id 68453_cf3a1454a09ad34bd5913a3c568c029f6ecfa2a0 --subject LU-12669 ec: create lock placeholder for reconstructed pages

Environment validated successfully
Note: custom LLVM is not synced in tarball input mode
Creating kernel tarball at /tmp/ktest-kernel.tar.gz...
Creating lustre tarball at /tmp/ktest-lustre.tar.gz...
Creating ZFS tarball at /tmp/ktest-zfs.tar.gz...
Executing 14 jobs
Jobs will start as soon as their dependencies are satisfied
Using tarball input mode

START u24:u24 build tests/fs/lustre/boot.ktest
START ml-strict:lustre_mainline build tests/fs/lustre/boot-strict.ktest
START ml:lustre_mainline build tests/fs/lustre/boot.ktest
START al2023:al2023 build tests/fs/lustre/boot.ktest
START ml-miscvm:lustre_mainline_native build tests/fs/lustre/boot.ktest
START checkpatch:checkpatch tool checkpatch
PUT /tmp/ktest-lustre.tar.gz 1s
PUT /tmp/ktest-lustre.tar.gz 2s
PUT /tmp/ktest-kernel.tar.gz 7s
PUT /tmp/ktest-kernel.tar.gz 7s
PUT /tmp/ktest-kernel.tar.gz 7s
PUT /tmp/ktest-kernel.tar.gz 8s
PUT /tmp/ktest-lustre.tar.gz 3s
PUT /tmp/ktest-lustre.tar.gz 2s
PUT /tmp/ktest-lustre.tar.gz 2s
PUT /tmp/ktest-lustre.tar.gz 3s
PUT /tmp/ktest-zfs.tar.gz 0s
PUT /tmp/ktest-zfs.tar.gz 0s
PUT /tmp/ktest-zfs.tar.gz 0s
END checkpatch:checkpatch tool checkpatch FAIL 14s (exit code: 1)
END u24:u24 build tests/fs/lustre/boot.ktest PASS 37s
END al2023:al2023 build tests/fs/lustre/boot.ktest PASS 47s
GET /tmp/ktest_ml-strict:lustre_mainline_uyc3jfeh.tar 3s
END ml-strict:lustre_mainline build tests/fs/lustre/boot-strict.ktest FAIL 202s (exit code: 1)
GET /tmp/ktest_ml-miscvm:lustre_mainline_native_01u7aaus.tar 0s
GET /tmp/ktest_ml:lustre_mainline_sishmp2k.tar 0s
END ml-miscvm:lustre_mainline_native build tests/fs/lustre/boot.ktest PASS 207s
START ml-miscvm:boot run tests/fs/lustre/boot.ktest
START ml-miscvm:llmount run tests/fs/lustre/llmount.ktest
START ml-miscvm:llog-unit run tests/fs/lustre/llog-unit.ktest
START ml-miscvm:mgs-setup run tests/fs/lustre/mgs-setup.ktest
START ml-miscvm:sanity-1 run tests/fs/lustre/sanity/sanity-1.ktest
START ml-miscvm:sanity-2 run tests/fs/lustre/sanity/sanity-2.ktest
START ml-miscvm:sanity-3 run tests/fs/lustre/sanity/sanity-3.ktest
START ml-miscvm:sanity-4 run tests/fs/lustre/sanity/sanity-4.ktest
END ml:lustre_mainline build tests/fs/lustre/boot.ktest PASS 208s
PUT /tmp/ktest-kernel.tar.gz 15s
PUT /tmp/ktest-kernel.tar.gz 15s
PUT /tmp/ktest-kernel.tar.gz 15s
PUT /tmp/ktest-kernel.tar.gz 15s
PUT /tmp/ktest-kernel.tar.gz 16s
PUT /tmp/ktest-kernel.tar.gz 16s
PUT /tmp/ktest-kernel.tar.gz 16s
PUT /tmp/ktest-kernel.tar.gz 16s
PUT /tmp/ktest-lustre.tar.gz 8s
PUT /tmp/ktest-lustre.tar.gz 8s
PUT /tmp/ktest-lustre.tar.gz 8s
PUT /tmp/ktest-lustre.tar.gz 8s
PUT /tmp/ktest-lustre.tar.gz 8s
PUT /tmp/ktest-lustre.tar.gz 8s
PUT /tmp/ktest-lustre.tar.gz 8s
PUT /tmp/ktest-lustre.tar.gz 8s
PUT /tmp/ktest_ml-miscvm:lustre_mainline_native_01u7aaus.tar 2s
PUT /tmp/ktest_ml-miscvm:lustre_mainline_native_01u7aaus.tar 2s
PUT /tmp/ktest_ml-miscvm:lustre_mainline_native_01u7aaus.tar 1s
PUT /tmp/ktest_ml-miscvm:lustre_mainline_native_01u7aaus.tar 2s
PUT /tmp/ktest_ml-miscvm:lustre_mainline_native_01u7aaus.tar 2s
PUT /tmp/ktest_ml-miscvm:lustre_mainline_native_01u7aaus.tar 2s
PUT /tmp/ktest_ml-miscvm:lustre_mainline_native_01u7aaus.tar 1s
PUT /tmp/ktest_ml-miscvm:lustre_mainline_native_01u7aaus.tar 2s
END ml-miscvm:boot run tests/fs/lustre/boot.ktest PASS 39s
END ml-miscvm:mgs-setup run tests/fs/lustre/mgs-setup.ktest PASS 50s
END ml-miscvm:sanity-3 run tests/fs/lustre/sanity/sanity-3.ktest PASS 79s
END ml-miscvm:sanity-1 run tests/fs/lustre/sanity/sanity-1.ktest PASS 80s
END ml-miscvm:llmount run tests/fs/lustre/llmount.ktest PASS 86s
END ml-miscvm:sanity-2 run tests/fs/lustre/sanity/sanity-2.ktest PASS 92s
END ml-miscvm:sanity-4 run tests/fs/lustre/sanity/sanity-4.ktest PASS 93s
END ml-miscvm:llog-unit run tests/fs/lustre/llog-unit.ktest FAIL 126s (exit code: 1)

============================================================
Final Results:
  checkpatch:checkpatch: FAIL (14s) (log: /var/www/ci-lustre/upstream-patch-review/cf3a1454a09ad34bd5913a3c568c029f6ecfa2a0_checkpatch:checkpatch.log)
  u24:u24: PASS (37s) (log: /var/www/ci-lustre/upstream-patch-review/cf3a1454a09ad34bd5913a3c568c029f6ecfa2a0_u24:u24.log)
  al2023:al2023: PASS (47s) (log: /var/www/ci-lustre/upstream-patch-review/cf3a1454a09ad34bd5913a3c568c029f6ecfa2a0_al2023:al2023.log)
  ml-strict:lustre_mainline: FAIL (202s) (log: /var/www/ci-lustre/upstream-patch-review/cf3a1454a09ad34bd5913a3c568c029f6ecfa2a0_ml-strict:lustre_mainline.log)
  ml:lustre_mainline: PASS (208s) (log: /var/www/ci-lustre/upstream-patch-review/cf3a1454a09ad34bd5913a3c568c029f6ecfa2a0_ml:lustre_mainline.log)
  ml-miscvm:lustre_mainline_native: PASS (207s) (log: /var/www/ci-lustre/upstream-patch-review/cf3a1454a09ad34bd5913a3c568c029f6ecfa2a0_ml-miscvm:lustre_mainline_native.log)
  ml-miscvm:boot: PASS (39s) (log: /var/www/ci-lustre/upstream-patch-review/cf3a1454a09ad34bd5913a3c568c029f6ecfa2a0_ml-miscvm:boot.log)
  ml-miscvm:llmount: PASS (86s) (log: /var/www/ci-lustre/upstream-patch-review/cf3a1454a09ad34bd5913a3c568c029f6ecfa2a0_ml-miscvm:llmount.log)
  ml-miscvm:llog-unit: FAIL (126s) (log: /var/www/ci-lustre/upstream-patch-review/cf3a1454a09ad34bd5913a3c568c029f6ecfa2a0_ml-miscvm:llog-unit.log)
  ml-miscvm:mgs-setup: PASS (50s) (log: /var/www/ci-lustre/upstream-patch-review/cf3a1454a09ad34bd5913a3c568c029f6ecfa2a0_ml-miscvm:mgs-setup.log)
  ml-miscvm:sanity-1: PASS (80s) (log: /var/www/ci-lustre/upstream-patch-review/cf3a1454a09ad34bd5913a3c568c029f6ecfa2a0_ml-miscvm:sanity-1.log)
  ml-miscvm:sanity-2: PASS (92s) (log: /var/www/ci-lustre/upstream-patch-review/cf3a1454a09ad34bd5913a3c568c029f6ecfa2a0_ml-miscvm:sanity-2.log)
  ml-miscvm:sanity-3: PASS (79s) (log: /var/www/ci-lustre/upstream-patch-review/cf3a1454a09ad34bd5913a3c568c029f6ecfa2a0_ml-miscvm:sanity-3.log)
  ml-miscvm:sanity-4: PASS (93s) (log: /var/www/ci-lustre/upstream-patch-review/cf3a1454a09ad34bd5913a3c568c029f6ecfa2a0_ml-miscvm:sanity-4.log)

Total execution time: 364s

Packed 9697 logs from /var/www/ci-lustre/upstream-patch-review into /home/ktest/ktest/local-site/local_data.js
Open /home/ktest/ktest/local-site/index.html in a browser
