WARNING:FILE_PATH_CHANGES: added, moved or deleted file(s), does MAINTAINERS need updating?
#15: 
new file mode 100644

WARNING:MACRO_ARG_UNUSED: Argument 'page' is not used in function-like macro
#425: FILE: include/lustre_compat/linux/folio.h:221:
+#define folio_order(page)		(0)

WARNING:MACRO_ARG_UNUSED: Argument 'page' is not used in function-like macro
#441: FILE: include/lustre_compat/linux/folio.h:389:
+#define wbe_folio_size(page)		(PAGE_SIZE)

WARNING:INDENTED_LABEL: labels should not be indented
#520: FILE: lustre/include/cl_object.h:789:
+				cp_off:CL_PAGE_FOLIO_MAX_BITS,

WARNING:INDENTED_LABEL: labels should not be indented
#521: FILE: lustre/include/cl_object.h:790:
+				cp_len:CL_PAGE_FOLIO_MAX_BITS;

WARNING:LONG_LINE_STRING: line length of 110 exceeds 100 columns
#1120: FILE: lustre/llite/llite_mmap.c:438:
+	       "COMPLETED: "DFID": vma=%p start=%#lx end=%#lx vm_flags=%#lx pgoff=%lu vmf_flags=%#x: rc=%d\n",

WARNING:VSPRINTF_SPECIFIER_PX: Using vsprintf specifier '%px' potentially exposes the kernel memory layout, if you don't really need the address please consider using '%p'.
#3630: FILE: lustre/osc/osc_cache.c:1217:
+		LASSERTF(ext->oe_npgs <=
+			 (LNET_MAX_IOV * osc_max_brw_imp(osc_cli(obj))),
+			 "ext:%px [%lu-%lu] oe_npgs:%d\n",
+			 ext, ext->oe_start, ext->oe_end, ext->oe_npgs);

WARNING:VSPRINTF_SPECIFIER_PX: Using vsprintf specifier '%px' potentially exposes the kernel memory layout, if you don't really need the address please consider using '%p'.
#4234: FILE: lustre/osc/osc_cache.c:2763:
+		LASSERTF(ext->oe_npgs <= (LNET_MAX_IOV * osc_max_brw_imp(cli)),
+			 "ext:%px [%lu-%lu] oe_npgs:%d (added:%d)\n",
+			 ext, ext->oe_start, ext->oe_end, ext->oe_npgs, npgs);

WARNING:VSPRINTF_SPECIFIER_PX: Using vsprintf specifier '%px' potentially exposes the kernel memory layout, if you don't really need the address please consider using '%p'.
#6117: FILE: lustre/osc/osc_request.c:1994:
+		LASSERTF(brw_count == 1 ||
+			 (ergo(i == 0, poff + pg->bp_count == brw_size(pg)) &&
+			  ergo(i > 0 && i < brw_count - 1,
+			       poff == 0 && pg->bp_count == brw_size(pg)) &&
+			  ergo(i == brw_count - 1, poff == 0)),
+			 "i:%d/%d pg:%px f:%px bp_off:%llu, bp_pgoff:%d poff:%d bp_count:%u size:%zu npgs:%d\n",
+			 i, brw_count, pg, pg->bp_folio,
+			 pg->bp_off, pg->bp_pgoff, poff,
+			 pg->bp_count, brw_size(pg), brw_npgs(pg));

total: 0 errors, 9 warnings, 6420 lines checked

NOTE: For some of the reported defects, checkpatch may be able to
      mechanically convert to the typical style using --fix or --fix-inplace.

Your patch has style problems, please review.

NOTE: If any of the errors are false positives, please report
      them to the maintainer, see CHECKPATCH in MAINTAINERS.
