CLI: ./pk --podman-socket unix:///run/podman/podman.sock --shared-filesystem /tmp --tarball-input job lustre-ci --output /var/www/ci-lustre/upstream-patch-review --git-hash d02ea2a9588ad92178a1c18a8052124bf1e9a53d --change-id 67872_d02ea2a9588ad92178a1c18a8052124bf1e9a53d --subject LU-20559 ofd: release the mount on the setup error path

Environment validated successfully
Note: custom LLVM is not synced in tarball input mode
Creating kernel tarball at /tmp/ktest-kernel.tar.gz...
Creating lustre tarball at /tmp/ktest-lustre.tar.gz...
Creating ZFS tarball at /tmp/ktest-zfs.tar.gz...
Executing 14 jobs
Jobs will start as soon as their dependencies are satisfied
Using tarball input mode

START checkpatch:checkpatch tool checkpatch
START ml-strict:lustre_mainline build tests/fs/lustre/boot-strict.ktest
START ml-miscvm:lustre_mainline_native build tests/fs/lustre/boot.ktest
START u24:u24 build tests/fs/lustre/boot.ktest
START ml:lustre_mainline build tests/fs/lustre/boot.ktest
START al2023:al2023 build tests/fs/lustre/boot.ktest
PUT /tmp/ktest-lustre.tar.gz 1s
PUT /tmp/ktest-lustre.tar.gz 1s
PUT /tmp/ktest-kernel.tar.gz 9s
PUT /tmp/ktest-kernel.tar.gz 9s
PUT /tmp/ktest-kernel.tar.gz 9s
PUT /tmp/ktest-kernel.tar.gz 9s
PUT /tmp/ktest-lustre.tar.gz 4s
PUT /tmp/ktest-lustre.tar.gz 4s
PUT /tmp/ktest-lustre.tar.gz 4s
PUT /tmp/ktest-lustre.tar.gz 4s
PUT /tmp/ktest-zfs.tar.gz 0s
PUT /tmp/ktest-zfs.tar.gz 0s
PUT /tmp/ktest-zfs.tar.gz 1s
END checkpatch:checkpatch tool checkpatch PASS 16s
END u24:u24 build tests/fs/lustre/boot.ktest PASS 46s
END al2023:al2023 build tests/fs/lustre/boot.ktest PASS 50s
GET /tmp/ktest_ml-strict:lustre_mainline_0vfp95_m.tar 4s
END ml-strict:lustre_mainline build tests/fs/lustre/boot-strict.ktest FAIL 160s (exit code: 1)
GET /tmp/ktest_ml-miscvm:lustre_mainline_native_0mpe0qx8.tar 5s
GET /tmp/ktest_ml:lustre_mainline_lpe_6yia.tar 2s
END ml-miscvm:lustre_mainline_native build tests/fs/lustre/boot.ktest PASS 162s
START ml-miscvm:boot run tests/fs/lustre/boot.ktest
START ml-miscvm:llmount run tests/fs/lustre/llmount.ktest
START ml-miscvm:llog-unit run tests/fs/lustre/llog-unit.ktest
START ml-miscvm:mgs-setup run tests/fs/lustre/mgs-setup.ktest
START ml-miscvm:sanity-1 run tests/fs/lustre/sanity/sanity-1.ktest
START ml-miscvm:sanity-2 run tests/fs/lustre/sanity/sanity-2.ktest
START ml-miscvm:sanity-3 run tests/fs/lustre/sanity/sanity-3.ktest
START ml-miscvm:sanity-4 run tests/fs/lustre/sanity/sanity-4.ktest
END ml:lustre_mainline build tests/fs/lustre/boot.ktest PASS 163s
PUT /tmp/ktest-kernel.tar.gz 24s
PUT /tmp/ktest-kernel.tar.gz 24s
PUT /tmp/ktest-kernel.tar.gz 24s
PUT /tmp/ktest-kernel.tar.gz 24s
PUT /tmp/ktest-kernel.tar.gz 24s
PUT /tmp/ktest-kernel.tar.gz 24s
PUT /tmp/ktest-kernel.tar.gz 24s
PUT /tmp/ktest-kernel.tar.gz 24s
PUT /tmp/ktest-lustre.tar.gz 7s
PUT /tmp/ktest-lustre.tar.gz 7s
PUT /tmp/ktest-lustre.tar.gz 7s
PUT /tmp/ktest-lustre.tar.gz 8s
PUT /tmp/ktest-lustre.tar.gz 7s
PUT /tmp/ktest-lustre.tar.gz 7s
PUT /tmp/ktest-lustre.tar.gz 8s
PUT /tmp/ktest-lustre.tar.gz 7s
PUT /tmp/ktest_ml-miscvm:lustre_mainline_native_0mpe0qx8.tar 1s
PUT /tmp/ktest_ml-miscvm:lustre_mainline_native_0mpe0qx8.tar 1s
PUT /tmp/ktest_ml-miscvm:lustre_mainline_native_0mpe0qx8.tar 1s
PUT /tmp/ktest_ml-miscvm:lustre_mainline_native_0mpe0qx8.tar 1s
PUT /tmp/ktest_ml-miscvm:lustre_mainline_native_0mpe0qx8.tar 1s
PUT /tmp/ktest_ml-miscvm:lustre_mainline_native_0mpe0qx8.tar 1s
PUT /tmp/ktest_ml-miscvm:lustre_mainline_native_0mpe0qx8.tar 1s
PUT /tmp/ktest_ml-miscvm:lustre_mainline_native_0mpe0qx8.tar 1s
END ml-miscvm:boot run tests/fs/lustre/boot.ktest PASS 46s
END ml-miscvm:mgs-setup run tests/fs/lustre/mgs-setup.ktest PASS 56s
END ml-miscvm:sanity-2 run tests/fs/lustre/sanity/sanity-2.ktest PASS 83s
END ml-miscvm:sanity-1 run tests/fs/lustre/sanity/sanity-1.ktest PASS 85s
END ml-miscvm:sanity-3 run tests/fs/lustre/sanity/sanity-3.ktest PASS 86s
END ml-miscvm:sanity-4 run tests/fs/lustre/sanity/sanity-4.ktest PASS 96s
END ml-miscvm:llmount run tests/fs/lustre/llmount.ktest PASS 106s
END ml-miscvm:llog-unit run tests/fs/lustre/llog-unit.ktest FAIL 132s (exit code: 1)

============================================================
Final Results:
  checkpatch:checkpatch: PASS (16s) (log: /var/www/ci-lustre/upstream-patch-review/d02ea2a9588ad92178a1c18a8052124bf1e9a53d_checkpatch:checkpatch.log)
  u24:u24: PASS (46s) (log: /var/www/ci-lustre/upstream-patch-review/d02ea2a9588ad92178a1c18a8052124bf1e9a53d_u24:u24.log)
  al2023:al2023: PASS (50s) (log: /var/www/ci-lustre/upstream-patch-review/d02ea2a9588ad92178a1c18a8052124bf1e9a53d_al2023:al2023.log)
  ml-strict:lustre_mainline: FAIL (160s) (log: /var/www/ci-lustre/upstream-patch-review/d02ea2a9588ad92178a1c18a8052124bf1e9a53d_ml-strict:lustre_mainline.log)
  ml:lustre_mainline: PASS (163s) (log: /var/www/ci-lustre/upstream-patch-review/d02ea2a9588ad92178a1c18a8052124bf1e9a53d_ml:lustre_mainline.log)
  ml-miscvm:lustre_mainline_native: PASS (162s) (log: /var/www/ci-lustre/upstream-patch-review/d02ea2a9588ad92178a1c18a8052124bf1e9a53d_ml-miscvm:lustre_mainline_native.log)
  ml-miscvm:boot: PASS (46s) (log: /var/www/ci-lustre/upstream-patch-review/d02ea2a9588ad92178a1c18a8052124bf1e9a53d_ml-miscvm:boot.log)
  ml-miscvm:llmount: PASS (106s) (log: /var/www/ci-lustre/upstream-patch-review/d02ea2a9588ad92178a1c18a8052124bf1e9a53d_ml-miscvm:llmount.log)
  ml-miscvm:llog-unit: FAIL (132s) (log: /var/www/ci-lustre/upstream-patch-review/d02ea2a9588ad92178a1c18a8052124bf1e9a53d_ml-miscvm:llog-unit.log)
  ml-miscvm:mgs-setup: PASS (56s) (log: /var/www/ci-lustre/upstream-patch-review/d02ea2a9588ad92178a1c18a8052124bf1e9a53d_ml-miscvm:mgs-setup.log)
  ml-miscvm:sanity-1: PASS (85s) (log: /var/www/ci-lustre/upstream-patch-review/d02ea2a9588ad92178a1c18a8052124bf1e9a53d_ml-miscvm:sanity-1.log)
  ml-miscvm:sanity-2: PASS (83s) (log: /var/www/ci-lustre/upstream-patch-review/d02ea2a9588ad92178a1c18a8052124bf1e9a53d_ml-miscvm:sanity-2.log)
  ml-miscvm:sanity-3: PASS (86s) (log: /var/www/ci-lustre/upstream-patch-review/d02ea2a9588ad92178a1c18a8052124bf1e9a53d_ml-miscvm:sanity-3.log)
  ml-miscvm:sanity-4: PASS (96s) (log: /var/www/ci-lustre/upstream-patch-review/d02ea2a9588ad92178a1c18a8052124bf1e9a53d_ml-miscvm:sanity-4.log)

Total execution time: 325s

Packed 2544 logs from /var/www/ci-lustre/upstream-patch-review into /home/ktest/ktest/local-site/local_data.js
Open /home/ktest/ktest/local-site/index.html in a browser
