CLI: ./pk --podman-socket unix:///run/podman/podman.sock --shared-filesystem /tmp --tarball-input job lustre-ci --output /var/www/ci-lustre/upstream-patch-review --git-hash d10522e006674cd1b25787620a60ada9b9ff92d4 --change-id 67314_d10522e006674cd1b25787620a60ada9b9ff92d4 --subject LU-20486 ldiskfs: give 6.12 series their own patch copies

Environment validated successfully
Note: custom LLVM is not synced in tarball input mode
Creating kernel tarball at /tmp/ktest-kernel.tar.gz...
Creating lustre tarball at /tmp/ktest-lustre.tar.gz...
Creating ZFS tarball at /tmp/ktest-zfs.tar.gz...
Executing 14 jobs
Jobs will start as soon as their dependencies are satisfied
Using tarball input mode

START u24:u24 build tests/fs/lustre/boot.ktest
START ml-miscvm:lustre_mainline_native build tests/fs/lustre/boot.ktest
START ml-strict:lustre_mainline build tests/fs/lustre/boot-strict.ktest
START checkpatch:checkpatch tool checkpatch
START al2023:al2023 build tests/fs/lustre/boot.ktest
START ml:lustre_mainline build tests/fs/lustre/boot.ktest
PUT /tmp/ktest-lustre.tar.gz 1s
PUT /tmp/ktest-lustre.tar.gz 1s
PUT /tmp/ktest-kernel.tar.gz 7s
PUT /tmp/ktest-kernel.tar.gz 7s
PUT /tmp/ktest-kernel.tar.gz 8s
PUT /tmp/ktest-kernel.tar.gz 8s
PUT /tmp/ktest-lustre.tar.gz 2s
PUT /tmp/ktest-lustre.tar.gz 2s
PUT /tmp/ktest-lustre.tar.gz 2s
PUT /tmp/ktest-lustre.tar.gz 2s
PUT /tmp/ktest-zfs.tar.gz 0s
PUT /tmp/ktest-zfs.tar.gz 0s
PUT /tmp/ktest-zfs.tar.gz 0s
END checkpatch:checkpatch tool checkpatch FAIL 13s (exit code: 1)
END u24:u24 build tests/fs/lustre/boot.ktest PASS 41s
END al2023:al2023 build tests/fs/lustre/boot.ktest PASS 46s
GET /tmp/ktest_ml-strict:lustre_mainline_lcztg5t8.tar 8s
END ml-strict:lustre_mainline build tests/fs/lustre/boot-strict.ktest FAIL 166s (exit code: 1)
GET /tmp/ktest_ml-miscvm:lustre_mainline_native_in5c_j2j.tar 0s
GET /tmp/ktest_ml:lustre_mainline_bzcca1tt.tar 0s
END ml-miscvm:lustre_mainline_native build tests/fs/lustre/boot.ktest PASS 168s
START ml-miscvm:boot run tests/fs/lustre/boot.ktest
START ml-miscvm:llmount run tests/fs/lustre/llmount.ktest
START ml-miscvm:llog-unit run tests/fs/lustre/llog-unit.ktest
START ml-miscvm:mgs-setup run tests/fs/lustre/mgs-setup.ktest
START ml-miscvm:sanity-1 run tests/fs/lustre/sanity/sanity-1.ktest
START ml-miscvm:sanity-2 run tests/fs/lustre/sanity/sanity-2.ktest
START ml-miscvm:sanity-3 run tests/fs/lustre/sanity/sanity-3.ktest
START ml-miscvm:sanity-4 run tests/fs/lustre/sanity/sanity-4.ktest
END ml:lustre_mainline build tests/fs/lustre/boot.ktest PASS 170s
PUT /tmp/ktest-kernel.tar.gz 14s
PUT /tmp/ktest-kernel.tar.gz 14s
PUT /tmp/ktest-kernel.tar.gz 14s
PUT /tmp/ktest-kernel.tar.gz 14s
PUT /tmp/ktest-kernel.tar.gz 14s
PUT /tmp/ktest-kernel.tar.gz 14s
PUT /tmp/ktest-kernel.tar.gz 15s
PUT /tmp/ktest-kernel.tar.gz 15s
PUT /tmp/ktest-lustre.tar.gz 4s
PUT /tmp/ktest-lustre.tar.gz 3s
PUT /tmp/ktest-lustre.tar.gz 5s
PUT /tmp/ktest-lustre.tar.gz 4s
PUT /tmp/ktest-lustre.tar.gz 4s
PUT /tmp/ktest-lustre.tar.gz 4s
PUT /tmp/ktest-lustre.tar.gz 4s
PUT /tmp/ktest-lustre.tar.gz 4s
PUT /tmp/ktest_ml-miscvm:lustre_mainline_native_in5c_j2j.tar 0s
PUT /tmp/ktest_ml-miscvm:lustre_mainline_native_in5c_j2j.tar 0s
PUT /tmp/ktest_ml-miscvm:lustre_mainline_native_in5c_j2j.tar 0s
PUT /tmp/ktest_ml-miscvm:lustre_mainline_native_in5c_j2j.tar 0s
PUT /tmp/ktest_ml-miscvm:lustre_mainline_native_in5c_j2j.tar 0s
PUT /tmp/ktest_ml-miscvm:lustre_mainline_native_in5c_j2j.tar 0s
PUT /tmp/ktest_ml-miscvm:lustre_mainline_native_in5c_j2j.tar 0s
PUT /tmp/ktest_ml-miscvm:lustre_mainline_native_in5c_j2j.tar 0s
END ml-miscvm:boot run tests/fs/lustre/boot.ktest PASS 31s
END ml-miscvm:mgs-setup run tests/fs/lustre/mgs-setup.ktest PASS 40s
END ml-miscvm:sanity-2 run tests/fs/lustre/sanity/sanity-2.ktest PASS 70s
END ml-miscvm:sanity-1 run tests/fs/lustre/sanity/sanity-1.ktest PASS 72s
END ml-miscvm:sanity-3 run tests/fs/lustre/sanity/sanity-3.ktest PASS 73s
END ml-miscvm:sanity-4 run tests/fs/lustre/sanity/sanity-4.ktest PASS 83s
END ml-miscvm:llmount run tests/fs/lustre/llmount.ktest PASS 91s
END ml-miscvm:llog-unit run tests/fs/lustre/llog-unit.ktest FAIL 120s (exit code: 1)

============================================================
Final Results:
  checkpatch:checkpatch: FAIL (13s) (log: /var/www/ci-lustre/upstream-patch-review/d10522e006674cd1b25787620a60ada9b9ff92d4_checkpatch:checkpatch.log)
  u24:u24: PASS (41s) (log: /var/www/ci-lustre/upstream-patch-review/d10522e006674cd1b25787620a60ada9b9ff92d4_u24:u24.log)
  al2023:al2023: PASS (46s) (log: /var/www/ci-lustre/upstream-patch-review/d10522e006674cd1b25787620a60ada9b9ff92d4_al2023:al2023.log)
  ml-strict:lustre_mainline: FAIL (166s) (log: /var/www/ci-lustre/upstream-patch-review/d10522e006674cd1b25787620a60ada9b9ff92d4_ml-strict:lustre_mainline.log)
  ml:lustre_mainline: PASS (170s) (log: /var/www/ci-lustre/upstream-patch-review/d10522e006674cd1b25787620a60ada9b9ff92d4_ml:lustre_mainline.log)
  ml-miscvm:lustre_mainline_native: PASS (168s) (log: /var/www/ci-lustre/upstream-patch-review/d10522e006674cd1b25787620a60ada9b9ff92d4_ml-miscvm:lustre_mainline_native.log)
  ml-miscvm:boot: PASS (31s) (log: /var/www/ci-lustre/upstream-patch-review/d10522e006674cd1b25787620a60ada9b9ff92d4_ml-miscvm:boot.log)
  ml-miscvm:llmount: PASS (91s) (log: /var/www/ci-lustre/upstream-patch-review/d10522e006674cd1b25787620a60ada9b9ff92d4_ml-miscvm:llmount.log)
  ml-miscvm:llog-unit: FAIL (120s) (log: /var/www/ci-lustre/upstream-patch-review/d10522e006674cd1b25787620a60ada9b9ff92d4_ml-miscvm:llog-unit.log)
  ml-miscvm:mgs-setup: PASS (40s) (log: /var/www/ci-lustre/upstream-patch-review/d10522e006674cd1b25787620a60ada9b9ff92d4_ml-miscvm:mgs-setup.log)
  ml-miscvm:sanity-1: PASS (72s) (log: /var/www/ci-lustre/upstream-patch-review/d10522e006674cd1b25787620a60ada9b9ff92d4_ml-miscvm:sanity-1.log)
  ml-miscvm:sanity-2: PASS (70s) (log: /var/www/ci-lustre/upstream-patch-review/d10522e006674cd1b25787620a60ada9b9ff92d4_ml-miscvm:sanity-2.log)
  ml-miscvm:sanity-3: PASS (73s) (log: /var/www/ci-lustre/upstream-patch-review/d10522e006674cd1b25787620a60ada9b9ff92d4_ml-miscvm:sanity-3.log)
  ml-miscvm:sanity-4: PASS (83s) (log: /var/www/ci-lustre/upstream-patch-review/d10522e006674cd1b25787620a60ada9b9ff92d4_ml-miscvm:sanity-4.log)

Total execution time: 320s

Packed 5796 logs from /var/www/ci-lustre/upstream-patch-review into /home/ktest/ktest/local-site/local_data.js
Open /home/ktest/ktest/local-site/index.html in a browser
