CLI: ./pk --podman-socket unix:///run/podman/podman.sock --shared-filesystem /tmp --tarball-input job lustre-ci --output /var/www/ci-lustre/upstream-patch-review --git-hash d1835760e61f71ef92b4d1be51c9eb707ceb9c30 --change-id 67791_d1835760e61f71ef92b4d1be51c9eb707ceb9c30 --subject LU-17916 osd-ldiskfs: prefer jbd2_journal_invalidate_folio()

Environment validated successfully
Note: custom LLVM is not synced in tarball input mode
Creating kernel tarball at /tmp/ktest-kernel.tar.gz...
Creating lustre tarball at /tmp/ktest-lustre.tar.gz...
Creating ZFS tarball at /tmp/ktest-zfs.tar.gz...
Executing 14 jobs
Jobs will start as soon as their dependencies are satisfied
Using tarball input mode

START checkpatch:checkpatch tool checkpatch
START ml-miscvm:lustre_mainline_native build tests/fs/lustre/boot.ktest
START ml-strict:lustre_mainline build tests/fs/lustre/boot-strict.ktest
START u24:u24 build tests/fs/lustre/boot.ktest
START al2023:al2023 build tests/fs/lustre/boot.ktest
START ml:lustre_mainline build tests/fs/lustre/boot.ktest
PUT /tmp/ktest-lustre.tar.gz 1s
PUT /tmp/ktest-lustre.tar.gz 2s
PUT /tmp/ktest-kernel.tar.gz 6s
PUT /tmp/ktest-kernel.tar.gz 6s
PUT /tmp/ktest-kernel.tar.gz 7s
PUT /tmp/ktest-kernel.tar.gz 7s
PUT /tmp/ktest-lustre.tar.gz 1s
PUT /tmp/ktest-lustre.tar.gz 1s
PUT /tmp/ktest-lustre.tar.gz 1s
PUT /tmp/ktest-lustre.tar.gz 1s
PUT /tmp/ktest-zfs.tar.gz 0s
PUT /tmp/ktest-zfs.tar.gz 0s
PUT /tmp/ktest-zfs.tar.gz 0s
END checkpatch:checkpatch tool checkpatch FAIL 10s (exit code: 1)
END u24:u24 build tests/fs/lustre/boot.ktest PASS 37s
END al2023:al2023 build tests/fs/lustre/boot.ktest PASS 45s
GET /tmp/ktest_ml-strict:lustre_mainline_fstm6dwo.tar 4s
END ml-strict:lustre_mainline build tests/fs/lustre/boot-strict.ktest FAIL 161s (exit code: 1)
GET /tmp/ktest_ml-miscvm:lustre_mainline_native_lludlqbf.tar 1s
GET /tmp/ktest_ml:lustre_mainline_3dedn1au.tar 1s
END ml-miscvm:lustre_mainline_native build tests/fs/lustre/boot.ktest PASS 163s
START ml-miscvm:boot run tests/fs/lustre/boot.ktest
START ml-miscvm:llmount run tests/fs/lustre/llmount.ktest
START ml-miscvm:llog-unit run tests/fs/lustre/llog-unit.ktest
START ml-miscvm:mgs-setup run tests/fs/lustre/mgs-setup.ktest
START ml-miscvm:sanity-1 run tests/fs/lustre/sanity/sanity-1.ktest
START ml-miscvm:sanity-2 run tests/fs/lustre/sanity/sanity-2.ktest
START ml-miscvm:sanity-3 run tests/fs/lustre/sanity/sanity-3.ktest
START ml-miscvm:sanity-4 run tests/fs/lustre/sanity/sanity-4.ktest
END ml:lustre_mainline build tests/fs/lustre/boot.ktest PASS 164s
PUT /tmp/ktest-kernel.tar.gz 10s
PUT /tmp/ktest-kernel.tar.gz 10s
PUT /tmp/ktest-kernel.tar.gz 10s
PUT /tmp/ktest-kernel.tar.gz 10s
PUT /tmp/ktest-kernel.tar.gz 10s
PUT /tmp/ktest-kernel.tar.gz 10s
PUT /tmp/ktest-kernel.tar.gz 11s
PUT /tmp/ktest-kernel.tar.gz 11s
PUT /tmp/ktest-lustre.tar.gz 2s
PUT /tmp/ktest-lustre.tar.gz 2s
PUT /tmp/ktest-lustre.tar.gz 2s
PUT /tmp/ktest-lustre.tar.gz 3s
PUT /tmp/ktest-lustre.tar.gz 3s
PUT /tmp/ktest-lustre.tar.gz 2s
PUT /tmp/ktest-lustre.tar.gz 2s
PUT /tmp/ktest-lustre.tar.gz 2s
PUT /tmp/ktest_ml-miscvm:lustre_mainline_native_lludlqbf.tar 0s
PUT /tmp/ktest_ml-miscvm:lustre_mainline_native_lludlqbf.tar 0s
PUT /tmp/ktest_ml-miscvm:lustre_mainline_native_lludlqbf.tar 0s
PUT /tmp/ktest_ml-miscvm:lustre_mainline_native_lludlqbf.tar 0s
PUT /tmp/ktest_ml-miscvm:lustre_mainline_native_lludlqbf.tar 0s
PUT /tmp/ktest_ml-miscvm:lustre_mainline_native_lludlqbf.tar 0s
PUT /tmp/ktest_ml-miscvm:lustre_mainline_native_lludlqbf.tar 0s
PUT /tmp/ktest_ml-miscvm:lustre_mainline_native_lludlqbf.tar 0s
END ml-miscvm:boot run tests/fs/lustre/boot.ktest PASS 25s
END ml-miscvm:mgs-setup run tests/fs/lustre/mgs-setup.ktest PASS 35s
END ml-miscvm:sanity-3 run tests/fs/lustre/sanity/sanity-3.ktest PASS 64s
END ml-miscvm:sanity-1 run tests/fs/lustre/sanity/sanity-1.ktest PASS 65s
END ml-miscvm:sanity-4 run tests/fs/lustre/sanity/sanity-4.ktest PASS 66s
END ml-miscvm:sanity-2 run tests/fs/lustre/sanity/sanity-2.ktest PASS 68s
END ml-miscvm:llmount run tests/fs/lustre/llmount.ktest PASS 85s
END ml-miscvm:llog-unit run tests/fs/lustre/llog-unit.ktest FAIL 113s (exit code: 1)

============================================================
Final Results:
  checkpatch:checkpatch: FAIL (10s) (log: /var/www/ci-lustre/upstream-patch-review/d1835760e61f71ef92b4d1be51c9eb707ceb9c30_checkpatch:checkpatch.log)
  u24:u24: PASS (37s) (log: /var/www/ci-lustre/upstream-patch-review/d1835760e61f71ef92b4d1be51c9eb707ceb9c30_u24:u24.log)
  al2023:al2023: PASS (45s) (log: /var/www/ci-lustre/upstream-patch-review/d1835760e61f71ef92b4d1be51c9eb707ceb9c30_al2023:al2023.log)
  ml-strict:lustre_mainline: FAIL (161s) (log: /var/www/ci-lustre/upstream-patch-review/d1835760e61f71ef92b4d1be51c9eb707ceb9c30_ml-strict:lustre_mainline.log)
  ml:lustre_mainline: PASS (164s) (log: /var/www/ci-lustre/upstream-patch-review/d1835760e61f71ef92b4d1be51c9eb707ceb9c30_ml:lustre_mainline.log)
  ml-miscvm:lustre_mainline_native: PASS (163s) (log: /var/www/ci-lustre/upstream-patch-review/d1835760e61f71ef92b4d1be51c9eb707ceb9c30_ml-miscvm:lustre_mainline_native.log)
  ml-miscvm:boot: PASS (25s) (log: /var/www/ci-lustre/upstream-patch-review/d1835760e61f71ef92b4d1be51c9eb707ceb9c30_ml-miscvm:boot.log)
  ml-miscvm:llmount: PASS (85s) (log: /var/www/ci-lustre/upstream-patch-review/d1835760e61f71ef92b4d1be51c9eb707ceb9c30_ml-miscvm:llmount.log)
  ml-miscvm:llog-unit: FAIL (113s) (log: /var/www/ci-lustre/upstream-patch-review/d1835760e61f71ef92b4d1be51c9eb707ceb9c30_ml-miscvm:llog-unit.log)
  ml-miscvm:mgs-setup: PASS (35s) (log: /var/www/ci-lustre/upstream-patch-review/d1835760e61f71ef92b4d1be51c9eb707ceb9c30_ml-miscvm:mgs-setup.log)
  ml-miscvm:sanity-1: PASS (65s) (log: /var/www/ci-lustre/upstream-patch-review/d1835760e61f71ef92b4d1be51c9eb707ceb9c30_ml-miscvm:sanity-1.log)
  ml-miscvm:sanity-2: PASS (68s) (log: /var/www/ci-lustre/upstream-patch-review/d1835760e61f71ef92b4d1be51c9eb707ceb9c30_ml-miscvm:sanity-2.log)
  ml-miscvm:sanity-3: PASS (64s) (log: /var/www/ci-lustre/upstream-patch-review/d1835760e61f71ef92b4d1be51c9eb707ceb9c30_ml-miscvm:sanity-3.log)
  ml-miscvm:sanity-4: PASS (66s) (log: /var/www/ci-lustre/upstream-patch-review/d1835760e61f71ef92b4d1be51c9eb707ceb9c30_ml-miscvm:sanity-4.log)

Total execution time: 307s

Packed 6679 logs from /var/www/ci-lustre/upstream-patch-review into /home/ktest/ktest/local-site/local_data.js
Open /home/ktest/ktest/local-site/index.html in a browser
