CLI: ./pk --podman-socket unix:///run/podman/podman.sock --shared-filesystem /tmp --tarball-input job lustre-ci --output /var/www/ci-lustre/upstream-patch-review --git-hash d4dba4f5911b87c2689c5fb87cc3595afb30b336 --change-id 66254_d4dba4f5911b87c2689c5fb87cc3595afb30b336 --subject LU-19712 utils: Add pin and not-pool options in lfs setstripe

Environment validated successfully
Note: custom LLVM is not synced in tarball input mode
Creating kernel tarball at /tmp/ktest-kernel.tar.gz...
Creating lustre tarball at /tmp/ktest-lustre.tar.gz...
Creating ZFS tarball at /tmp/ktest-zfs.tar.gz...
Executing 14 jobs
Jobs will start as soon as their dependencies are satisfied
Using tarball input mode

START checkpatch:checkpatch tool checkpatch
START ml:lustre_mainline build tests/fs/lustre/boot.ktest
START ml-miscvm:lustre_mainline_native build tests/fs/lustre/boot.ktest
START al2023:al2023 build tests/fs/lustre/boot.ktest
START u24:u24 build tests/fs/lustre/boot.ktest
START ml-strict:lustre_mainline build tests/fs/lustre/boot-strict.ktest
PUT /tmp/ktest-lustre.tar.gz 1s
PUT /tmp/ktest-lustre.tar.gz 2s
PUT /tmp/ktest-kernel.tar.gz 8s
PUT /tmp/ktest-kernel.tar.gz 8s
PUT /tmp/ktest-kernel.tar.gz 8s
PUT /tmp/ktest-kernel.tar.gz 8s
PUT /tmp/ktest-lustre.tar.gz 2s
PUT /tmp/ktest-lustre.tar.gz 2s
PUT /tmp/ktest-lustre.tar.gz 2s
PUT /tmp/ktest-lustre.tar.gz 2s
PUT /tmp/ktest-zfs.tar.gz 0s
PUT /tmp/ktest-zfs.tar.gz 0s
PUT /tmp/ktest-zfs.tar.gz 0s
END checkpatch:checkpatch tool checkpatch PASS 13s
END u24:u24 build tests/fs/lustre/boot.ktest PASS 39s
END al2023:al2023 build tests/fs/lustre/boot.ktest PASS 45s
GET /tmp/ktest_ml-strict:lustre_mainline_ppam3jn9.tar 4s
END ml-strict:lustre_mainline build tests/fs/lustre/boot-strict.ktest FAIL 148s (exit code: 1)
GET /tmp/ktest_ml:lustre_mainline_o2bemsa5.tar 2s
GET /tmp/ktest_ml-miscvm:lustre_mainline_native_a03d8ekk.tar 1s
END ml:lustre_mainline build tests/fs/lustre/boot.ktest PASS 150s
END ml-miscvm:lustre_mainline_native build tests/fs/lustre/boot.ktest PASS 151s
START ml-miscvm:boot run tests/fs/lustre/boot.ktest
START ml-miscvm:llmount run tests/fs/lustre/llmount.ktest
START ml-miscvm:llog-unit run tests/fs/lustre/llog-unit.ktest
START ml-miscvm:mgs-setup run tests/fs/lustre/mgs-setup.ktest
START ml-miscvm:sanity-1 run tests/fs/lustre/sanity/sanity-1.ktest
START ml-miscvm:sanity-2 run tests/fs/lustre/sanity/sanity-2.ktest
START ml-miscvm:sanity-3 run tests/fs/lustre/sanity/sanity-3.ktest
START ml-miscvm:sanity-4 run tests/fs/lustre/sanity/sanity-4.ktest
PUT /tmp/ktest-kernel.tar.gz 12s
PUT /tmp/ktest-kernel.tar.gz 12s
PUT /tmp/ktest-kernel.tar.gz 12s
PUT /tmp/ktest-kernel.tar.gz 12s
PUT /tmp/ktest-kernel.tar.gz 13s
PUT /tmp/ktest-kernel.tar.gz 13s
PUT /tmp/ktest-kernel.tar.gz 12s
PUT /tmp/ktest-kernel.tar.gz 13s
PUT /tmp/ktest-lustre.tar.gz 4s
PUT /tmp/ktest-lustre.tar.gz 3s
PUT /tmp/ktest-lustre.tar.gz 4s
PUT /tmp/ktest-lustre.tar.gz 3s
PUT /tmp/ktest-lustre.tar.gz 4s
PUT /tmp/ktest-lustre.tar.gz 4s
PUT /tmp/ktest-lustre.tar.gz 3s
PUT /tmp/ktest-lustre.tar.gz 4s
PUT /tmp/ktest_ml-miscvm:lustre_mainline_native_a03d8ekk.tar 0s
PUT /tmp/ktest_ml-miscvm:lustre_mainline_native_a03d8ekk.tar 0s
PUT /tmp/ktest_ml-miscvm:lustre_mainline_native_a03d8ekk.tar 0s
PUT /tmp/ktest_ml-miscvm:lustre_mainline_native_a03d8ekk.tar 0s
PUT /tmp/ktest_ml-miscvm:lustre_mainline_native_a03d8ekk.tar 0s
PUT /tmp/ktest_ml-miscvm:lustre_mainline_native_a03d8ekk.tar 0s
PUT /tmp/ktest_ml-miscvm:lustre_mainline_native_a03d8ekk.tar 0s
PUT /tmp/ktest_ml-miscvm:lustre_mainline_native_a03d8ekk.tar 0s
END ml-miscvm:boot run tests/fs/lustre/boot.ktest PASS 28s
END ml-miscvm:mgs-setup run tests/fs/lustre/mgs-setup.ktest PASS 38s
END ml-miscvm:sanity-1 run tests/fs/lustre/sanity/sanity-1.ktest PASS 68s
END ml-miscvm:sanity-3 run tests/fs/lustre/sanity/sanity-3.ktest PASS 69s
END ml-miscvm:sanity-2 run tests/fs/lustre/sanity/sanity-2.ktest PASS 78s
END ml-miscvm:sanity-4 run tests/fs/lustre/sanity/sanity-4.ktest PASS 80s
END ml-miscvm:llmount run tests/fs/lustre/llmount.ktest PASS 90s
END ml-miscvm:llog-unit run tests/fs/lustre/llog-unit.ktest FAIL 114s (exit code: 1)

============================================================
Final Results:
  checkpatch:checkpatch: PASS (13s) (log: /var/www/ci-lustre/upstream-patch-review/d4dba4f5911b87c2689c5fb87cc3595afb30b336_checkpatch:checkpatch.log)
  u24:u24: PASS (39s) (log: /var/www/ci-lustre/upstream-patch-review/d4dba4f5911b87c2689c5fb87cc3595afb30b336_u24:u24.log)
  al2023:al2023: PASS (45s) (log: /var/www/ci-lustre/upstream-patch-review/d4dba4f5911b87c2689c5fb87cc3595afb30b336_al2023:al2023.log)
  ml-strict:lustre_mainline: FAIL (148s) (log: /var/www/ci-lustre/upstream-patch-review/d4dba4f5911b87c2689c5fb87cc3595afb30b336_ml-strict:lustre_mainline.log)
  ml:lustre_mainline: PASS (150s) (log: /var/www/ci-lustre/upstream-patch-review/d4dba4f5911b87c2689c5fb87cc3595afb30b336_ml:lustre_mainline.log)
  ml-miscvm:lustre_mainline_native: PASS (151s) (log: /var/www/ci-lustre/upstream-patch-review/d4dba4f5911b87c2689c5fb87cc3595afb30b336_ml-miscvm:lustre_mainline_native.log)
  ml-miscvm:boot: PASS (28s) (log: /var/www/ci-lustre/upstream-patch-review/d4dba4f5911b87c2689c5fb87cc3595afb30b336_ml-miscvm:boot.log)
  ml-miscvm:llmount: PASS (90s) (log: /var/www/ci-lustre/upstream-patch-review/d4dba4f5911b87c2689c5fb87cc3595afb30b336_ml-miscvm:llmount.log)
  ml-miscvm:llog-unit: FAIL (114s) (log: /var/www/ci-lustre/upstream-patch-review/d4dba4f5911b87c2689c5fb87cc3595afb30b336_ml-miscvm:llog-unit.log)
  ml-miscvm:mgs-setup: PASS (38s) (log: /var/www/ci-lustre/upstream-patch-review/d4dba4f5911b87c2689c5fb87cc3595afb30b336_ml-miscvm:mgs-setup.log)
  ml-miscvm:sanity-1: PASS (68s) (log: /var/www/ci-lustre/upstream-patch-review/d4dba4f5911b87c2689c5fb87cc3595afb30b336_ml-miscvm:sanity-1.log)
  ml-miscvm:sanity-2: PASS (78s) (log: /var/www/ci-lustre/upstream-patch-review/d4dba4f5911b87c2689c5fb87cc3595afb30b336_ml-miscvm:sanity-2.log)
  ml-miscvm:sanity-3: PASS (69s) (log: /var/www/ci-lustre/upstream-patch-review/d4dba4f5911b87c2689c5fb87cc3595afb30b336_ml-miscvm:sanity-3.log)
  ml-miscvm:sanity-4: PASS (80s) (log: /var/www/ci-lustre/upstream-patch-review/d4dba4f5911b87c2689c5fb87cc3595afb30b336_ml-miscvm:sanity-4.log)

Total execution time: 295s

Packed 19404 logs from /var/www/ci-lustre/upstream-patch-review into /home/ktest/ktest/local-site/local_data.js
Open /home/ktest/ktest/local-site/index.html in a browser
