CLI: ./pk --podman-socket unix:///run/user/1000/podman/podman.sock --shared-filesystem /tmp --tarball-input job lustre-ci --output /var/www/ci-lustre/upstream-patch-review --git-hash d5558a598f27dd09807ef0cb30c2cece5dbffc60 --change-id 67804_d5558a598f27dd09807ef0cb30c2cece5dbffc60 --subject LU-20560 build: quiet checkpatch spelling nags

Environment validated successfully
Note: custom LLVM is not synced in tarball input mode
Creating kernel tarball at /tmp/ktest-kernel.tar.gz...
Creating lustre tarball at /tmp/ktest-lustre.tar.gz...
Creating ZFS tarball at /tmp/ktest-zfs.tar.gz...
Executing 14 jobs
Jobs will start as soon as their dependencies are satisfied
Using tarball input mode

START ml-miscvm:lustre_mainline_native build tests/fs/lustre/boot.ktest
START ml:lustre_mainline build tests/fs/lustre/boot.ktest
START al2023:al2023 build tests/fs/lustre/boot.ktest
START checkpatch:checkpatch tool checkpatch
START ml-strict:lustre_mainline build tests/fs/lustre/boot-strict.ktest
START u24:u24 build tests/fs/lustre/boot.ktest
PUT /tmp/ktest-lustre.tar.gz 1s
PUT /tmp/ktest-lustre.tar.gz 1s
PUT /tmp/ktest-kernel.tar.gz 10s
PUT /tmp/ktest-kernel.tar.gz 10s
PUT /tmp/ktest-kernel.tar.gz 10s
PUT /tmp/ktest-kernel.tar.gz 10s
PUT /tmp/ktest-lustre.tar.gz 5s
PUT /tmp/ktest-lustre.tar.gz 5s
PUT /tmp/ktest-lustre.tar.gz 5s
PUT /tmp/ktest-lustre.tar.gz 5s
PUT /tmp/ktest-zfs.tar.gz 1s
PUT /tmp/ktest-zfs.tar.gz 1s
PUT /tmp/ktest-zfs.tar.gz 1s
END checkpatch:checkpatch tool checkpatch PASS 18s
END u24:u24 build tests/fs/lustre/boot.ktest PASS 47s
END al2023:al2023 build tests/fs/lustre/boot.ktest PASS 51s
GET /tmp/ktest_ml-strict:lustre_mainline_c5vg1lil.tar 4s
END ml-strict:lustre_mainline build tests/fs/lustre/boot-strict.ktest FAIL 222s (exit code: 1)
GET /tmp/ktest_ml-miscvm:lustre_mainline_native_ouzuux77.tar 0s
GET /tmp/ktest_ml:lustre_mainline_skoc7dt_.tar 0s
END ml-miscvm:lustre_mainline_native build tests/fs/lustre/boot.ktest PASS 227s
START ml-miscvm:boot run tests/fs/lustre/boot.ktest
START ml-miscvm:llmount run tests/fs/lustre/llmount.ktest
START ml-miscvm:llog-unit run tests/fs/lustre/llog-unit.ktest
START ml-miscvm:mgs-setup run tests/fs/lustre/mgs-setup.ktest
START ml-miscvm:sanity-1 run tests/fs/lustre/sanity/sanity-1.ktest
START ml-miscvm:sanity-2 run tests/fs/lustre/sanity/sanity-2.ktest
START ml-miscvm:sanity-3 run tests/fs/lustre/sanity/sanity-3.ktest
START ml-miscvm:sanity-4 run tests/fs/lustre/sanity/sanity-4.ktest
END ml:lustre_mainline build tests/fs/lustre/boot.ktest PASS 228s
PUT /tmp/ktest-kernel.tar.gz 19s
PUT /tmp/ktest-kernel.tar.gz 19s
PUT /tmp/ktest-kernel.tar.gz 20s
PUT /tmp/ktest-kernel.tar.gz 20s
PUT /tmp/ktest-kernel.tar.gz 20s
PUT /tmp/ktest-kernel.tar.gz 20s
PUT /tmp/ktest-kernel.tar.gz 20s
PUT /tmp/ktest-kernel.tar.gz 20s
PUT /tmp/ktest-lustre.tar.gz 7s
PUT /tmp/ktest-lustre.tar.gz 7s
PUT /tmp/ktest-lustre.tar.gz 7s
PUT /tmp/ktest-lustre.tar.gz 7s
PUT /tmp/ktest-lustre.tar.gz 7s
PUT /tmp/ktest-lustre.tar.gz 8s
PUT /tmp/ktest-lustre.tar.gz 8s
PUT /tmp/ktest-lustre.tar.gz 8s
PUT /tmp/ktest_ml-miscvm:lustre_mainline_native_ouzuux77.tar 2s
PUT /tmp/ktest_ml-miscvm:lustre_mainline_native_ouzuux77.tar 2s
PUT /tmp/ktest_ml-miscvm:lustre_mainline_native_ouzuux77.tar 2s
PUT /tmp/ktest_ml-miscvm:lustre_mainline_native_ouzuux77.tar 2s
PUT /tmp/ktest_ml-miscvm:lustre_mainline_native_ouzuux77.tar 2s
PUT /tmp/ktest_ml-miscvm:lustre_mainline_native_ouzuux77.tar 2s
PUT /tmp/ktest_ml-miscvm:lustre_mainline_native_ouzuux77.tar 2s
PUT /tmp/ktest_ml-miscvm:lustre_mainline_native_ouzuux77.tar 2s
END ml-miscvm:boot run tests/fs/lustre/boot.ktest PASS 45s
END ml-miscvm:mgs-setup run tests/fs/lustre/mgs-setup.ktest PASS 55s
END ml-miscvm:sanity-1 run tests/fs/lustre/sanity/sanity-1.ktest PASS 82s
END ml-miscvm:sanity-2 run tests/fs/lustre/sanity/sanity-2.ktest PASS 83s
END ml-miscvm:sanity-3 run tests/fs/lustre/sanity/sanity-3.ktest PASS 84s
END ml-miscvm:llmount run tests/fs/lustre/llmount.ktest PASS 96s
END ml-miscvm:sanity-4 run tests/fs/lustre/sanity/sanity-4.ktest PASS 99s
END ml-miscvm:llog-unit run tests/fs/lustre/llog-unit.ktest FAIL 130s (exit code: 1)

============================================================
Final Results:
  checkpatch:checkpatch: PASS (18s) (log: /var/www/ci-lustre/upstream-patch-review/d5558a598f27dd09807ef0cb30c2cece5dbffc60_checkpatch:checkpatch.log)
  u24:u24: PASS (47s) (log: /var/www/ci-lustre/upstream-patch-review/d5558a598f27dd09807ef0cb30c2cece5dbffc60_u24:u24.log)
  al2023:al2023: PASS (51s) (log: /var/www/ci-lustre/upstream-patch-review/d5558a598f27dd09807ef0cb30c2cece5dbffc60_al2023:al2023.log)
  ml-strict:lustre_mainline: FAIL (222s) (log: /var/www/ci-lustre/upstream-patch-review/d5558a598f27dd09807ef0cb30c2cece5dbffc60_ml-strict:lustre_mainline.log)
  ml:lustre_mainline: PASS (228s) (log: /var/www/ci-lustre/upstream-patch-review/d5558a598f27dd09807ef0cb30c2cece5dbffc60_ml:lustre_mainline.log)
  ml-miscvm:lustre_mainline_native: PASS (227s) (log: /var/www/ci-lustre/upstream-patch-review/d5558a598f27dd09807ef0cb30c2cece5dbffc60_ml-miscvm:lustre_mainline_native.log)
  ml-miscvm:boot: PASS (45s) (log: /var/www/ci-lustre/upstream-patch-review/d5558a598f27dd09807ef0cb30c2cece5dbffc60_ml-miscvm:boot.log)
  ml-miscvm:llmount: PASS (96s) (log: /var/www/ci-lustre/upstream-patch-review/d5558a598f27dd09807ef0cb30c2cece5dbffc60_ml-miscvm:llmount.log)
  ml-miscvm:llog-unit: FAIL (130s) (log: /var/www/ci-lustre/upstream-patch-review/d5558a598f27dd09807ef0cb30c2cece5dbffc60_ml-miscvm:llog-unit.log)
  ml-miscvm:mgs-setup: PASS (55s) (log: /var/www/ci-lustre/upstream-patch-review/d5558a598f27dd09807ef0cb30c2cece5dbffc60_ml-miscvm:mgs-setup.log)
  ml-miscvm:sanity-1: PASS (82s) (log: /var/www/ci-lustre/upstream-patch-review/d5558a598f27dd09807ef0cb30c2cece5dbffc60_ml-miscvm:sanity-1.log)
  ml-miscvm:sanity-2: PASS (83s) (log: /var/www/ci-lustre/upstream-patch-review/d5558a598f27dd09807ef0cb30c2cece5dbffc60_ml-miscvm:sanity-2.log)
  ml-miscvm:sanity-3: PASS (84s) (log: /var/www/ci-lustre/upstream-patch-review/d5558a598f27dd09807ef0cb30c2cece5dbffc60_ml-miscvm:sanity-3.log)
  ml-miscvm:sanity-4: PASS (99s) (log: /var/www/ci-lustre/upstream-patch-review/d5558a598f27dd09807ef0cb30c2cece5dbffc60_ml-miscvm:sanity-4.log)

Total execution time: 388s

Packed 3961 logs from /var/www/ci-lustre/upstream-patch-review into /home/ktest/ktest/local-site/local_data.js
Open /home/ktest/ktest/local-site/index.html in a browser
