WARNING:MACRO_ARG_UNUSED: Argument 'pgno' is not used in function-like macro
#90: FILE: lustre/include/lustre_crypto.h:50:
+#define llcrypt_encrypt_pagecache_blocks(folio, pgno, len, offs, gfp_flags) \
+	fscrypt_encrypt_pagecache_blocks(folio, len, offs, gfp_flags)

WARNING:MACRO_ARG_UNUSED: Argument 'pgno' is not used in function-like macro
#92: FILE: lustre/include/lustre_crypto.h:52:
+#define llcrypt_decrypt_pagecache_blocks(folio, pgno, len, offs)	\
+	fscrypt_decrypt_pagecache_blocks(folio, len, offs)

WARNING:MACRO_ARG_UNUSED: Argument 'parent' is not used in function-like macro
#99: FILE: lustre/include/lustre_crypto.h:59:
+#define llcrypt_set_context(parent, child, fs_data)                    \
+	fscrypt_set_context(child, fs_data)

WARNING:MACRO_ARG_UNUSED: Argument 'pgno' is not used in function-like macro
#116: FILE: lustre/include/lustre_crypto.h:77:
+#define llcrypt_finalize_bounce_page(folio, pgno)			\
+	fscrypt_finalize_bounce_page(folio)

WARNING:BLOCK_COMMENT_STYLE: Block comments use a trailing */ on a separate line
#598: FILE: lustre/llite/namei.c:1631:
+		     open_flags & O_DIRECT)*/

WARNING:EMBEDDED_FUNCTION_NAME: Prefer using '"%s...", __func__' to using 'llcrypt_context_for_new_inode', this function's name, in a string
#1075: FILE: lustre_compat/fs/crypto/policy.c:663:
+	pr_info("llcrypt_context_for_new_inode: inode %lu policy ci = %px, version %u\n",

WARNING:VSPRINTF_SPECIFIER_PX: Using vsprintf specifier '%px' potentially exposes the kernel memory layout, if you don't really need the address please consider using '%p'.
#1075: FILE: lustre_compat/fs/crypto/policy.c:663:
+	pr_info("llcrypt_context_for_new_inode: inode %lu policy ci = %px, version %u\n",
+		inode->i_ino, ci, ci->ci_policy.version);

total: 0 errors, 7 warnings, 984 lines checked

NOTE: For some of the reported defects, checkpatch may be able to
      mechanically convert to the typical style using --fix or --fix-inplace.

Your patch has style problems, please review.

NOTE: If any of the errors are false positives, please report
      them to the maintainer, see CHECKPATCH in MAINTAINERS.
