CLI: ./pk --podman-socket unix:///run/user/1000/podman/podman.sock --shared-filesystem /tmp --tarball-input job lustre-ci --output /var/www/ci-lustre/upstream-patch-review --git-hash d76390e417fa91eaefc7e1baa7e3e9824a7b42ce --change-id 68791_d76390e417fa91eaefc7e1baa7e3e9824a7b42ce --subject LU-10026 lov: disable compression for DoM

Environment validated successfully
Note: custom LLVM is not synced in tarball input mode
Creating kernel tarball at /tmp/ktest-kernel.tar.gz...
Creating lustre tarball at /tmp/ktest-lustre.tar.gz...
Creating ZFS tarball at /tmp/ktest-zfs.tar.gz...
Executing 14 jobs
Jobs will start as soon as their dependencies are satisfied
Using tarball input mode

START ml-miscvm:lustre_mainline_native build tests/fs/lustre/boot.ktest
START checkpatch:checkpatch tool checkpatch
START ml:lustre_mainline build tests/fs/lustre/boot.ktest
START ml-strict:lustre_mainline build tests/fs/lustre/boot-strict.ktest
START al2023:al2023 build tests/fs/lustre/boot.ktest
START u24:u24 build tests/fs/lustre/boot.ktest
PUT /tmp/ktest-lustre.tar.gz 1s
PUT /tmp/ktest-lustre.tar.gz 2s
PUT /tmp/ktest-kernel.tar.gz 9s
PUT /tmp/ktest-kernel.tar.gz 9s
PUT /tmp/ktest-kernel.tar.gz 9s
PUT /tmp/ktest-kernel.tar.gz 10s
PUT /tmp/ktest-lustre.tar.gz 6s
PUT /tmp/ktest-lustre.tar.gz 5s
PUT /tmp/ktest-lustre.tar.gz 5s
PUT /tmp/ktest-lustre.tar.gz 5s
PUT /tmp/ktest-zfs.tar.gz 1s
PUT /tmp/ktest-zfs.tar.gz 1s
PUT /tmp/ktest-zfs.tar.gz 1s
END checkpatch:checkpatch tool checkpatch PASS 18s
END u24:u24 build tests/fs/lustre/boot.ktest PASS 47s
END al2023:al2023 build tests/fs/lustre/boot.ktest PASS 53s
GET /tmp/ktest_ml-miscvm:lustre_mainline_native_3qhi45cu.tar 4s
END ml-miscvm:lustre_mainline_native build tests/fs/lustre/boot.ktest FAIL 152s (exit code: 1)
GET /tmp/ktest_ml-strict:lustre_mainline_8tn93kyd.tar 20s
GET /tmp/ktest_ml:lustre_mainline_6eyvg650.tar 20s
END ml-strict:lustre_mainline build tests/fs/lustre/boot-strict.ktest FAIL 169s (exit code: 1)
END ml:lustre_mainline build tests/fs/lustre/boot.ktest FAIL 170s (exit code: 1)

============================================================
Final Results:
  checkpatch:checkpatch: PASS (18s) (log: /var/www/ci-lustre/upstream-patch-review/d76390e417fa91eaefc7e1baa7e3e9824a7b42ce_checkpatch:checkpatch.log)
  u24:u24: PASS (47s) (log: /var/www/ci-lustre/upstream-patch-review/d76390e417fa91eaefc7e1baa7e3e9824a7b42ce_u24:u24.log)
  al2023:al2023: PASS (53s) (log: /var/www/ci-lustre/upstream-patch-review/d76390e417fa91eaefc7e1baa7e3e9824a7b42ce_al2023:al2023.log)
  ml-strict:lustre_mainline: FAIL (169s) (log: /var/www/ci-lustre/upstream-patch-review/d76390e417fa91eaefc7e1baa7e3e9824a7b42ce_ml-strict:lustre_mainline.log)
  ml:lustre_mainline: FAIL (170s) (log: /var/www/ci-lustre/upstream-patch-review/d76390e417fa91eaefc7e1baa7e3e9824a7b42ce_ml:lustre_mainline.log)
  ml-miscvm:lustre_mainline_native: FAIL (152s) (log: /var/www/ci-lustre/upstream-patch-review/d76390e417fa91eaefc7e1baa7e3e9824a7b42ce_ml-miscvm:lustre_mainline_native.log)
  ml-miscvm:boot: SKIPPED (due to dependency failure)
  ml-miscvm:llmount: SKIPPED (due to dependency failure)
  ml-miscvm:llog-unit: SKIPPED (due to dependency failure)
  ml-miscvm:mgs-setup: SKIPPED (due to dependency failure)
  ml-miscvm:sanity-1: SKIPPED (due to dependency failure)
  ml-miscvm:sanity-2: SKIPPED (due to dependency failure)
  ml-miscvm:sanity-3: SKIPPED (due to dependency failure)
  ml-miscvm:sanity-4: SKIPPED (due to dependency failure)

Total execution time: 201s

Packed 4285 logs from /var/www/ci-lustre/upstream-patch-review into /home/ktest/ktest/local-site/local_data.js
Open /home/ktest/ktest/local-site/index.html in a browser
