CLI: ./pk --podman-socket unix:///run/user/1000/podman/podman.sock --shared-filesystem /tmp --tarball-input job lustre-ci --output /var/www/ci-lustre/upstream-patch-review --git-hash d7ba2e5c97d97a3dca97196a2de3ddf9f6554c64 --change-id 69425_d7ba2e5c97d97a3dca97196a2de3ddf9f6554c64 --subject LU-16678 obdclass: limit QoS weight by bytes per inode

Environment validated successfully
Note: custom LLVM is not synced in tarball input mode
Creating kernel tarball at /tmp/ktest-kernel.tar.gz...
Creating lustre tarball at /tmp/ktest-lustre.tar.gz...
Creating ZFS tarball at /tmp/ktest-zfs.tar.gz...
Executing 14 jobs
Jobs will start as soon as their dependencies are satisfied
Using tarball input mode

START checkpatch:checkpatch tool checkpatch
START ml-miscvm:lustre_mainline_native build tests/fs/lustre/boot.ktest
START ml-strict:lustre_mainline build tests/fs/lustre/boot-strict.ktest
START al2023:al2023 build tests/fs/lustre/boot.ktest
START u24:u24 build tests/fs/lustre/boot.ktest
START ml:lustre_mainline build tests/fs/lustre/boot.ktest
PUT /tmp/ktest-lustre.tar.gz 1s
PUT /tmp/ktest-lustre.tar.gz 2s
PUT /tmp/ktest-kernel.tar.gz 14s
PUT /tmp/ktest-kernel.tar.gz 15s
PUT /tmp/ktest-kernel.tar.gz 15s
PUT /tmp/ktest-kernel.tar.gz 15s
PUT /tmp/ktest-lustre.tar.gz 2s
PUT /tmp/ktest-lustre.tar.gz 2s
PUT /tmp/ktest-lustre.tar.gz 2s
PUT /tmp/ktest-lustre.tar.gz 2s
PUT /tmp/ktest-zfs.tar.gz 0s
PUT /tmp/ktest-zfs.tar.gz 0s
PUT /tmp/ktest-zfs.tar.gz 0s
END checkpatch:checkpatch tool checkpatch PASS 20s
END u24:u24 build tests/fs/lustre/boot.ktest PASS 45s
END al2023:al2023 build tests/fs/lustre/boot.ktest PASS 52s
GET /tmp/ktest_ml-strict:lustre_mainline_k2ir8_av.tar 7s
END ml-strict:lustre_mainline build tests/fs/lustre/boot-strict.ktest FAIL 232s (exit code: 1)
GET /tmp/ktest_ml-miscvm:lustre_mainline_native_2908ojq3.tar 0s
GET /tmp/ktest_ml:lustre_mainline_j_j6yyb2.tar 0s
END ml-miscvm:lustre_mainline_native build tests/fs/lustre/boot.ktest PASS 247s
START ml-miscvm:boot run tests/fs/lustre/boot.ktest
START ml-miscvm:llmount run tests/fs/lustre/llmount.ktest
START ml-miscvm:llog-unit run tests/fs/lustre/llog-unit.ktest
START ml-miscvm:mgs-setup run tests/fs/lustre/mgs-setup.ktest
START ml-miscvm:sanity-1 run tests/fs/lustre/sanity/sanity-1.ktest
START ml-miscvm:sanity-2 run tests/fs/lustre/sanity/sanity-2.ktest
START ml-miscvm:sanity-3 run tests/fs/lustre/sanity/sanity-3.ktest
START ml-miscvm:sanity-4 run tests/fs/lustre/sanity/sanity-4.ktest
END ml:lustre_mainline build tests/fs/lustre/boot.ktest PASS 248s
PUT /tmp/ktest-kernel.tar.gz 31s
PUT /tmp/ktest-kernel.tar.gz 32s
PUT /tmp/ktest-kernel.tar.gz 32s
PUT /tmp/ktest-kernel.tar.gz 31s
PUT /tmp/ktest-kernel.tar.gz 32s
PUT /tmp/ktest-kernel.tar.gz 32s
PUT /tmp/ktest-kernel.tar.gz 32s
PUT /tmp/ktest-kernel.tar.gz 32s
PUT /tmp/ktest-lustre.tar.gz 14s
PUT /tmp/ktest-lustre.tar.gz 14s
PUT /tmp/ktest-lustre.tar.gz 14s
PUT /tmp/ktest-lustre.tar.gz 14s
PUT /tmp/ktest-lustre.tar.gz 13s
PUT /tmp/ktest-lustre.tar.gz 14s
PUT /tmp/ktest-lustre.tar.gz 14s
PUT /tmp/ktest-lustre.tar.gz 13s
PUT /tmp/ktest_ml-miscvm:lustre_mainline_native_2908ojq3.tar 2s
PUT /tmp/ktest_ml-miscvm:lustre_mainline_native_2908ojq3.tar 2s
PUT /tmp/ktest_ml-miscvm:lustre_mainline_native_2908ojq3.tar 2s
PUT /tmp/ktest_ml-miscvm:lustre_mainline_native_2908ojq3.tar 2s
PUT /tmp/ktest_ml-miscvm:lustre_mainline_native_2908ojq3.tar 2s
PUT /tmp/ktest_ml-miscvm:lustre_mainline_native_2908ojq3.tar 2s
PUT /tmp/ktest_ml-miscvm:lustre_mainline_native_2908ojq3.tar 2s
PUT /tmp/ktest_ml-miscvm:lustre_mainline_native_2908ojq3.tar 2s
END ml-miscvm:boot run tests/fs/lustre/boot.ktest PASS 63s
END ml-miscvm:mgs-setup run tests/fs/lustre/mgs-setup.ktest PASS 71s
END ml-miscvm:sanity-4 run tests/fs/lustre/sanity/sanity-4.ktest PASS 102s
END ml-miscvm:sanity-2 run tests/fs/lustre/sanity/sanity-2.ktest PASS 103s
END ml-miscvm:sanity-1 run tests/fs/lustre/sanity/sanity-1.ktest PASS 104s
END ml-miscvm:llmount run tests/fs/lustre/llmount.ktest PASS 109s
END ml-miscvm:sanity-3 run tests/fs/lustre/sanity/sanity-3.ktest PASS 114s
END ml-miscvm:llog-unit run tests/fs/lustre/llog-unit.ktest FAIL 148s (exit code: 1)

============================================================
Final Results:
  checkpatch:checkpatch: PASS (20s) (log: /var/www/ci-lustre/upstream-patch-review/d7ba2e5c97d97a3dca97196a2de3ddf9f6554c64_checkpatch:checkpatch.log)
  u24:u24: PASS (45s) (log: /var/www/ci-lustre/upstream-patch-review/d7ba2e5c97d97a3dca97196a2de3ddf9f6554c64_u24:u24.log)
  al2023:al2023: PASS (52s) (log: /var/www/ci-lustre/upstream-patch-review/d7ba2e5c97d97a3dca97196a2de3ddf9f6554c64_al2023:al2023.log)
  ml-strict:lustre_mainline: FAIL (232s) (log: /var/www/ci-lustre/upstream-patch-review/d7ba2e5c97d97a3dca97196a2de3ddf9f6554c64_ml-strict:lustre_mainline.log)
  ml:lustre_mainline: PASS (248s) (log: /var/www/ci-lustre/upstream-patch-review/d7ba2e5c97d97a3dca97196a2de3ddf9f6554c64_ml:lustre_mainline.log)
  ml-miscvm:lustre_mainline_native: PASS (247s) (log: /var/www/ci-lustre/upstream-patch-review/d7ba2e5c97d97a3dca97196a2de3ddf9f6554c64_ml-miscvm:lustre_mainline_native.log)
  ml-miscvm:boot: PASS (63s) (log: /var/www/ci-lustre/upstream-patch-review/d7ba2e5c97d97a3dca97196a2de3ddf9f6554c64_ml-miscvm:boot.log)
  ml-miscvm:llmount: PASS (109s) (log: /var/www/ci-lustre/upstream-patch-review/d7ba2e5c97d97a3dca97196a2de3ddf9f6554c64_ml-miscvm:llmount.log)
  ml-miscvm:llog-unit: FAIL (148s) (log: /var/www/ci-lustre/upstream-patch-review/d7ba2e5c97d97a3dca97196a2de3ddf9f6554c64_ml-miscvm:llog-unit.log)
  ml-miscvm:mgs-setup: PASS (71s) (log: /var/www/ci-lustre/upstream-patch-review/d7ba2e5c97d97a3dca97196a2de3ddf9f6554c64_ml-miscvm:mgs-setup.log)
  ml-miscvm:sanity-1: PASS (104s) (log: /var/www/ci-lustre/upstream-patch-review/d7ba2e5c97d97a3dca97196a2de3ddf9f6554c64_ml-miscvm:sanity-1.log)
  ml-miscvm:sanity-2: PASS (103s) (log: /var/www/ci-lustre/upstream-patch-review/d7ba2e5c97d97a3dca97196a2de3ddf9f6554c64_ml-miscvm:sanity-2.log)
  ml-miscvm:sanity-3: PASS (114s) (log: /var/www/ci-lustre/upstream-patch-review/d7ba2e5c97d97a3dca97196a2de3ddf9f6554c64_ml-miscvm:sanity-3.log)
  ml-miscvm:sanity-4: PASS (102s) (log: /var/www/ci-lustre/upstream-patch-review/d7ba2e5c97d97a3dca97196a2de3ddf9f6554c64_ml-miscvm:sanity-4.log)

Total execution time: 427s

Packed 7921 logs from /var/www/ci-lustre/upstream-patch-review into /home/ktest/ktest/local-site/local_data.js
Open /home/ktest/ktest/local-site/index.html in a browser
