CLI: ./podman-ktest --podman-socket unix:///run/podman/podman.sock --shared-filesystem /tmp --tarball-input job lustre-ci --output /var/www/ci-lustre/upstream-patch-review --git-hash d8551c21135011275b357d263d3c4ca1c7af75b4 --change-id 64086_d8551c21135011275b357d263d3c4ca1c7af75b4 --subject LU-12668 lov: handle ESHUTDOWN for LSEEK on EC files

Environment validated successfully
Note: custom LLVM is not synced in tarball input mode
Creating kernel tarball at /tmp/ktest-kernel.tar.gz...
Creating lustre tarball at /tmp/ktest-lustre.tar.gz...
Creating ZFS tarball at /tmp/ktest-zfs.tar.gz...
Executing 14 jobs
Jobs will start as soon as their dependencies are satisfied
Using tarball input mode

START checkpatch:checkpatch tool checkpatch
START ml-miscvm:lustre_mainline_native build tests/fs/lustre/boot.ktest
START ml:lustre_mainline build tests/fs/lustre/boot.ktest
START ml-strict:lustre_mainline build tests/fs/lustre/boot-strict.ktest
START u24:u24 build tests/fs/lustre/boot.ktest
START al2023:al2023 build tests/fs/lustre/boot.ktest
PUT /tmp/ktest-lustre.tar.gz 1s
PUT /tmp/ktest-lustre.tar.gz 2s
PUT /tmp/ktest-kernel.tar.gz 7s
PUT /tmp/ktest-kernel.tar.gz 7s
PUT /tmp/ktest-kernel.tar.gz 7s
PUT /tmp/ktest-kernel.tar.gz 7s
PUT /tmp/ktest-lustre.tar.gz 1s
PUT /tmp/ktest-lustre.tar.gz 1s
PUT /tmp/ktest-lustre.tar.gz 1s
PUT /tmp/ktest-lustre.tar.gz 1s
PUT /tmp/ktest-zfs.tar.gz 0s
PUT /tmp/ktest-zfs.tar.gz 0s
PUT /tmp/ktest-zfs.tar.gz 0s
END checkpatch:checkpatch tool checkpatch PASS 11s
END al2023:al2023 build tests/fs/lustre/boot.ktest PASS 53s
END u24:u24 build tests/fs/lustre/boot.ktest PASS 54s
GET /tmp/ktest_ml-strict:lustre_mainline_higxl1en.tar 9s
END ml-strict:lustre_mainline build tests/fs/lustre/boot-strict.ktest FAIL 175s (exit code: 1)
GET /tmp/ktest_ml-miscvm:lustre_mainline_native_gkercst3.tar 0s
GET /tmp/ktest_ml:lustre_mainline__v21dwle.tar 0s
END ml-miscvm:lustre_mainline_native build tests/fs/lustre/boot.ktest PASS 187s
START ml-miscvm:boot run tests/fs/lustre/boot.ktest
START ml-miscvm:llmount run tests/fs/lustre/llmount.ktest
START ml-miscvm:llog-unit run tests/fs/lustre/llog-unit.ktest
START ml-miscvm:mgs-setup run tests/fs/lustre/mgs-setup.ktest
START ml-miscvm:sanity-1 run tests/fs/lustre/sanity/sanity-1.ktest
START ml-miscvm:sanity-2 run tests/fs/lustre/sanity/sanity-2.ktest
START ml-miscvm:sanity-3 run tests/fs/lustre/sanity/sanity-3.ktest
START ml-miscvm:sanity-4 run tests/fs/lustre/sanity/sanity-4.ktest
END ml:lustre_mainline build tests/fs/lustre/boot.ktest PASS 188s
PUT /tmp/ktest-kernel.tar.gz 26s
PUT /tmp/ktest-kernel.tar.gz 26s
PUT /tmp/ktest-kernel.tar.gz 26s
PUT /tmp/ktest-kernel.tar.gz 25s
PUT /tmp/ktest-kernel.tar.gz 26s
PUT /tmp/ktest-kernel.tar.gz 26s
PUT /tmp/ktest-kernel.tar.gz 26s
PUT /tmp/ktest-kernel.tar.gz 27s
PUT /tmp/ktest-lustre.tar.gz 7s
PUT /tmp/ktest-lustre.tar.gz 7s
PUT /tmp/ktest-lustre.tar.gz 6s
PUT /tmp/ktest-lustre.tar.gz 7s
PUT /tmp/ktest-lustre.tar.gz 7s
PUT /tmp/ktest-lustre.tar.gz 7s
PUT /tmp/ktest-lustre.tar.gz 7s
PUT /tmp/ktest-lustre.tar.gz 7s
PUT /tmp/ktest_ml-miscvm:lustre_mainline_native_gkercst3.tar 0s
PUT /tmp/ktest_ml-miscvm:lustre_mainline_native_gkercst3.tar 0s
PUT /tmp/ktest_ml-miscvm:lustre_mainline_native_gkercst3.tar 0s
PUT /tmp/ktest_ml-miscvm:lustre_mainline_native_gkercst3.tar 0s
PUT /tmp/ktest_ml-miscvm:lustre_mainline_native_gkercst3.tar 0s
PUT /tmp/ktest_ml-miscvm:lustre_mainline_native_gkercst3.tar 0s
PUT /tmp/ktest_ml-miscvm:lustre_mainline_native_gkercst3.tar 0s
PUT /tmp/ktest_ml-miscvm:lustre_mainline_native_gkercst3.tar 0s
END ml-miscvm:boot run tests/fs/lustre/boot.ktest PASS 70s
END ml-miscvm:mgs-setup run tests/fs/lustre/mgs-setup.ktest PASS 83s
END ml-miscvm:sanity-2 run tests/fs/lustre/sanity/sanity-2.ktest PASS 108s
END ml-miscvm:sanity-3 run tests/fs/lustre/sanity/sanity-3.ktest PASS 110s
END ml-miscvm:llmount run tests/fs/lustre/llmount.ktest PASS 121s
END ml-miscvm:sanity-4 run tests/fs/lustre/sanity/sanity-4.ktest PASS 123s
END ml-miscvm:sanity-1 run tests/fs/lustre/sanity/sanity-1.ktest PASS 124s
END ml-miscvm:llog-unit run tests/fs/lustre/llog-unit.ktest FAIL 185s (exit code: 1)

============================================================
Final Results:
  checkpatch:checkpatch: PASS (11s) (log: /var/www/ci-lustre/upstream-patch-review/d8551c21135011275b357d263d3c4ca1c7af75b4_checkpatch:checkpatch.log)
  u24:u24: PASS (54s) (log: /var/www/ci-lustre/upstream-patch-review/d8551c21135011275b357d263d3c4ca1c7af75b4_u24:u24.log)
  al2023:al2023: PASS (53s) (log: /var/www/ci-lustre/upstream-patch-review/d8551c21135011275b357d263d3c4ca1c7af75b4_al2023:al2023.log)
  ml-strict:lustre_mainline: FAIL (175s) (log: /var/www/ci-lustre/upstream-patch-review/d8551c21135011275b357d263d3c4ca1c7af75b4_ml-strict:lustre_mainline.log)
  ml:lustre_mainline: PASS (188s) (log: /var/www/ci-lustre/upstream-patch-review/d8551c21135011275b357d263d3c4ca1c7af75b4_ml:lustre_mainline.log)
  ml-miscvm:lustre_mainline_native: PASS (187s) (log: /var/www/ci-lustre/upstream-patch-review/d8551c21135011275b357d263d3c4ca1c7af75b4_ml-miscvm:lustre_mainline_native.log)
  ml-miscvm:boot: PASS (70s) (log: /var/www/ci-lustre/upstream-patch-review/d8551c21135011275b357d263d3c4ca1c7af75b4_ml-miscvm:boot.log)
  ml-miscvm:llmount: PASS (121s) (log: /var/www/ci-lustre/upstream-patch-review/d8551c21135011275b357d263d3c4ca1c7af75b4_ml-miscvm:llmount.log)
  ml-miscvm:llog-unit: FAIL (185s) (log: /var/www/ci-lustre/upstream-patch-review/d8551c21135011275b357d263d3c4ca1c7af75b4_ml-miscvm:llog-unit.log)
  ml-miscvm:mgs-setup: PASS (83s) (log: /var/www/ci-lustre/upstream-patch-review/d8551c21135011275b357d263d3c4ca1c7af75b4_ml-miscvm:mgs-setup.log)
  ml-miscvm:sanity-1: PASS (124s) (log: /var/www/ci-lustre/upstream-patch-review/d8551c21135011275b357d263d3c4ca1c7af75b4_ml-miscvm:sanity-1.log)
  ml-miscvm:sanity-2: PASS (108s) (log: /var/www/ci-lustre/upstream-patch-review/d8551c21135011275b357d263d3c4ca1c7af75b4_ml-miscvm:sanity-2.log)
  ml-miscvm:sanity-3: PASS (110s) (log: /var/www/ci-lustre/upstream-patch-review/d8551c21135011275b357d263d3c4ca1c7af75b4_ml-miscvm:sanity-3.log)
  ml-miscvm:sanity-4: PASS (123s) (log: /var/www/ci-lustre/upstream-patch-review/d8551c21135011275b357d263d3c4ca1c7af75b4_ml-miscvm:sanity-4.log)

Total execution time: 403s
