CLI: ./pk --podman-socket unix:///run/user/1000/podman/podman.sock --shared-filesystem /tmp --tarball-input job lustre-ci --output /var/www/ci-lustre/upstream-patch-review --git-hash d89513569832c13b6392582e98bfa4e1b0dec234 --change-id 68889_d89513569832c13b6392582e98bfa4e1b0dec234 --subject LU-20749 obdclass: be more robust to OSD module load fail

Environment validated successfully
Note: custom LLVM is not synced in tarball input mode
Creating kernel tarball at /tmp/ktest-kernel.tar.gz...
Creating lustre tarball at /tmp/ktest-lustre.tar.gz...
Creating ZFS tarball at /tmp/ktest-zfs.tar.gz...
Executing 14 jobs
Jobs will start as soon as their dependencies are satisfied
Using tarball input mode

START u24:u24 build tests/fs/lustre/boot.ktest
START ml-strict:lustre_mainline build tests/fs/lustre/boot-strict.ktest
START al2023:al2023 build tests/fs/lustre/boot.ktest
START ml-miscvm:lustre_mainline_native build tests/fs/lustre/boot.ktest
START ml:lustre_mainline build tests/fs/lustre/boot.ktest
START checkpatch:checkpatch tool checkpatch
PUT /tmp/ktest-lustre.tar.gz 1s
PUT /tmp/ktest-lustre.tar.gz 1s
PUT /tmp/ktest-kernel.tar.gz 15s
PUT /tmp/ktest-kernel.tar.gz 15s
PUT /tmp/ktest-kernel.tar.gz 15s
PUT /tmp/ktest-kernel.tar.gz 15s
PUT /tmp/ktest-lustre.tar.gz 2s
PUT /tmp/ktest-lustre.tar.gz 2s
PUT /tmp/ktest-lustre.tar.gz 2s
PUT /tmp/ktest-lustre.tar.gz 2s
PUT /tmp/ktest-zfs.tar.gz 0s
PUT /tmp/ktest-zfs.tar.gz 0s
PUT /tmp/ktest-zfs.tar.gz 0s
END checkpatch:checkpatch tool checkpatch FAIL 21s (exit code: 1)
END u24:u24 build tests/fs/lustre/boot.ktest PASS 46s
END al2023:al2023 build tests/fs/lustre/boot.ktest PASS 51s
GET /tmp/ktest_ml-strict:lustre_mainline_5n9biitf.tar 5s
END ml-strict:lustre_mainline build tests/fs/lustre/boot-strict.ktest FAIL 173s (exit code: 1)
GET /tmp/ktest_ml-miscvm:lustre_mainline_native_nxvpv_kn.tar 1s
GET /tmp/ktest_ml:lustre_mainline_a2d_v_ho.tar 1s
END ml-miscvm:lustre_mainline_native build tests/fs/lustre/boot.ktest PASS 175s
START ml-miscvm:boot run tests/fs/lustre/boot.ktest
START ml-miscvm:llmount run tests/fs/lustre/llmount.ktest
START ml-miscvm:llog-unit run tests/fs/lustre/llog-unit.ktest
START ml-miscvm:mgs-setup run tests/fs/lustre/mgs-setup.ktest
START ml-miscvm:sanity-1 run tests/fs/lustre/sanity/sanity-1.ktest
START ml-miscvm:sanity-2 run tests/fs/lustre/sanity/sanity-2.ktest
START ml-miscvm:sanity-3 run tests/fs/lustre/sanity/sanity-3.ktest
START ml-miscvm:sanity-4 run tests/fs/lustre/sanity/sanity-4.ktest
END ml:lustre_mainline build tests/fs/lustre/boot.ktest PASS 176s
PUT /tmp/ktest-kernel.tar.gz 35s
PUT /tmp/ktest-kernel.tar.gz 35s
PUT /tmp/ktest-kernel.tar.gz 35s
PUT /tmp/ktest-kernel.tar.gz 35s
PUT /tmp/ktest-kernel.tar.gz 35s
PUT /tmp/ktest-kernel.tar.gz 36s
PUT /tmp/ktest-kernel.tar.gz 36s
PUT /tmp/ktest-kernel.tar.gz 36s
PUT /tmp/ktest-lustre.tar.gz 10s
PUT /tmp/ktest-lustre.tar.gz 10s
PUT /tmp/ktest-lustre.tar.gz 11s
PUT /tmp/ktest-lustre.tar.gz 11s
PUT /tmp/ktest-lustre.tar.gz 10s
PUT /tmp/ktest-lustre.tar.gz 10s
PUT /tmp/ktest-lustre.tar.gz 10s
PUT /tmp/ktest-lustre.tar.gz 10s
PUT /tmp/ktest_ml-miscvm:lustre_mainline_native_nxvpv_kn.tar 1s
PUT /tmp/ktest_ml-miscvm:lustre_mainline_native_nxvpv_kn.tar 1s
PUT /tmp/ktest_ml-miscvm:lustre_mainline_native_nxvpv_kn.tar 1s
PUT /tmp/ktest_ml-miscvm:lustre_mainline_native_nxvpv_kn.tar 1s
PUT /tmp/ktest_ml-miscvm:lustre_mainline_native_nxvpv_kn.tar 1s
PUT /tmp/ktest_ml-miscvm:lustre_mainline_native_nxvpv_kn.tar 1s
PUT /tmp/ktest_ml-miscvm:lustre_mainline_native_nxvpv_kn.tar 1s
PUT /tmp/ktest_ml-miscvm:lustre_mainline_native_nxvpv_kn.tar 1s
END ml-miscvm:boot run tests/fs/lustre/boot.ktest PASS 63s
END ml-miscvm:mgs-setup run tests/fs/lustre/mgs-setup.ktest PASS 72s
END ml-miscvm:sanity-3 run tests/fs/lustre/sanity/sanity-3.ktest PASS 100s
END ml-miscvm:sanity-2 run tests/fs/lustre/sanity/sanity-2.ktest PASS 103s
END ml-miscvm:sanity-1 run tests/fs/lustre/sanity/sanity-1.ktest PASS 104s
END ml-miscvm:llmount run tests/fs/lustre/llmount.ktest PASS 109s
END ml-miscvm:sanity-4 run tests/fs/lustre/sanity/sanity-4.ktest PASS 113s
END ml-miscvm:llog-unit run tests/fs/lustre/llog-unit.ktest FAIL 147s (exit code: 1)

============================================================
Final Results:
  checkpatch:checkpatch: FAIL (21s) (log: /var/www/ci-lustre/upstream-patch-review/d89513569832c13b6392582e98bfa4e1b0dec234_checkpatch:checkpatch.log)
  u24:u24: PASS (46s) (log: /var/www/ci-lustre/upstream-patch-review/d89513569832c13b6392582e98bfa4e1b0dec234_u24:u24.log)
  al2023:al2023: PASS (51s) (log: /var/www/ci-lustre/upstream-patch-review/d89513569832c13b6392582e98bfa4e1b0dec234_al2023:al2023.log)
  ml-strict:lustre_mainline: FAIL (173s) (log: /var/www/ci-lustre/upstream-patch-review/d89513569832c13b6392582e98bfa4e1b0dec234_ml-strict:lustre_mainline.log)
  ml:lustre_mainline: PASS (176s) (log: /var/www/ci-lustre/upstream-patch-review/d89513569832c13b6392582e98bfa4e1b0dec234_ml:lustre_mainline.log)
  ml-miscvm:lustre_mainline_native: PASS (175s) (log: /var/www/ci-lustre/upstream-patch-review/d89513569832c13b6392582e98bfa4e1b0dec234_ml-miscvm:lustre_mainline_native.log)
  ml-miscvm:boot: PASS (63s) (log: /var/www/ci-lustre/upstream-patch-review/d89513569832c13b6392582e98bfa4e1b0dec234_ml-miscvm:boot.log)
  ml-miscvm:llmount: PASS (109s) (log: /var/www/ci-lustre/upstream-patch-review/d89513569832c13b6392582e98bfa4e1b0dec234_ml-miscvm:llmount.log)
  ml-miscvm:llog-unit: FAIL (147s) (log: /var/www/ci-lustre/upstream-patch-review/d89513569832c13b6392582e98bfa4e1b0dec234_ml-miscvm:llog-unit.log)
  ml-miscvm:mgs-setup: PASS (72s) (log: /var/www/ci-lustre/upstream-patch-review/d89513569832c13b6392582e98bfa4e1b0dec234_ml-miscvm:mgs-setup.log)
  ml-miscvm:sanity-1: PASS (104s) (log: /var/www/ci-lustre/upstream-patch-review/d89513569832c13b6392582e98bfa4e1b0dec234_ml-miscvm:sanity-1.log)
  ml-miscvm:sanity-2: PASS (103s) (log: /var/www/ci-lustre/upstream-patch-review/d89513569832c13b6392582e98bfa4e1b0dec234_ml-miscvm:sanity-2.log)
  ml-miscvm:sanity-3: PASS (100s) (log: /var/www/ci-lustre/upstream-patch-review/d89513569832c13b6392582e98bfa4e1b0dec234_ml-miscvm:sanity-3.log)
  ml-miscvm:sanity-4: PASS (113s) (log: /var/www/ci-lustre/upstream-patch-review/d89513569832c13b6392582e98bfa4e1b0dec234_ml-miscvm:sanity-4.log)

Total execution time: 352s

Packed 4259 logs from /var/www/ci-lustre/upstream-patch-review into /home/ktest/ktest/local-site/local_data.js
Open /home/ktest/ktest/local-site/index.html in a browser
