CLI: ./pk --podman-socket unix:///run/podman/podman.sock --shared-filesystem /tmp --tarball-input job lustre-ci --output /var/www/ci-lustre/upstream-patch-review --git-hash d93da22193a1d1ec036bfb2ec51252a050af298b --change-id 65064_d93da22193a1d1ec036bfb2ec51252a050af298b --subject LU-19921 target: move target tunables to tgt_lproc.c

Environment validated successfully
Note: custom LLVM is not synced in tarball input mode
Creating kernel tarball at /tmp/ktest-kernel.tar.gz...
Creating lustre tarball at /tmp/ktest-lustre.tar.gz...
Creating ZFS tarball at /tmp/ktest-zfs.tar.gz...
Executing 14 jobs
Jobs will start as soon as their dependencies are satisfied
Using tarball input mode

START ml-strict:lustre_mainline build tests/fs/lustre/boot-strict.ktest
START ml:lustre_mainline build tests/fs/lustre/boot.ktest
START u24:u24 build tests/fs/lustre/boot.ktest
START ml-miscvm:lustre_mainline_native build tests/fs/lustre/boot.ktest
START checkpatch:checkpatch tool checkpatch
START al2023:al2023 build tests/fs/lustre/boot.ktest
PUT /tmp/ktest-lustre.tar.gz 1s
PUT /tmp/ktest-lustre.tar.gz 1s
PUT /tmp/ktest-kernel.tar.gz 8s
PUT /tmp/ktest-kernel.tar.gz 8s
PUT /tmp/ktest-kernel.tar.gz 8s
PUT /tmp/ktest-kernel.tar.gz 8s
PUT /tmp/ktest-lustre.tar.gz 2s
PUT /tmp/ktest-lustre.tar.gz 2s
PUT /tmp/ktest-lustre.tar.gz 2s
PUT /tmp/ktest-lustre.tar.gz 1s
PUT /tmp/ktest-zfs.tar.gz 0s
PUT /tmp/ktest-zfs.tar.gz 0s
PUT /tmp/ktest-zfs.tar.gz 0s
END checkpatch:checkpatch tool checkpatch FAIL 13s (exit code: 1)
END al2023:al2023 build tests/fs/lustre/boot.ktest PASS 54s
END u24:u24 build tests/fs/lustre/boot.ktest PASS 55s
GET /tmp/ktest_ml-strict:lustre_mainline_c5kuh3ci.tar 7s
END ml-strict:lustre_mainline build tests/fs/lustre/boot-strict.ktest FAIL 170s (exit code: 1)
GET /tmp/ktest_ml-miscvm:lustre_mainline_native_hsrvggmg.tar 0s
GET /tmp/ktest_ml:lustre_mainline_hs5j0sk4.tar 0s
END ml-miscvm:lustre_mainline_native build tests/fs/lustre/boot.ktest PASS 173s
START ml-miscvm:boot run tests/fs/lustre/boot.ktest
START ml-miscvm:llmount run tests/fs/lustre/llmount.ktest
START ml-miscvm:llog-unit run tests/fs/lustre/llog-unit.ktest
START ml-miscvm:mgs-setup run tests/fs/lustre/mgs-setup.ktest
START ml-miscvm:sanity-1 run tests/fs/lustre/sanity/sanity-1.ktest
START ml-miscvm:sanity-2 run tests/fs/lustre/sanity/sanity-2.ktest
START ml-miscvm:sanity-3 run tests/fs/lustre/sanity/sanity-3.ktest
START ml-miscvm:sanity-4 run tests/fs/lustre/sanity/sanity-4.ktest
END ml:lustre_mainline build tests/fs/lustre/boot.ktest PASS 174s
PUT /tmp/ktest-kernel.tar.gz 13s
PUT /tmp/ktest-kernel.tar.gz 13s
PUT /tmp/ktest-kernel.tar.gz 13s
PUT /tmp/ktest-kernel.tar.gz 13s
PUT /tmp/ktest-kernel.tar.gz 13s
PUT /tmp/ktest-kernel.tar.gz 13s
PUT /tmp/ktest-kernel.tar.gz 13s
PUT /tmp/ktest-kernel.tar.gz 13s
PUT /tmp/ktest-lustre.tar.gz 4s
PUT /tmp/ktest-lustre.tar.gz 3s
PUT /tmp/ktest-lustre.tar.gz 3s
PUT /tmp/ktest-lustre.tar.gz 3s
PUT /tmp/ktest-lustre.tar.gz 4s
PUT /tmp/ktest-lustre.tar.gz 3s
PUT /tmp/ktest-lustre.tar.gz 4s
PUT /tmp/ktest-lustre.tar.gz 3s
PUT /tmp/ktest_ml-miscvm:lustre_mainline_native_hsrvggmg.tar 0s
PUT /tmp/ktest_ml-miscvm:lustre_mainline_native_hsrvggmg.tar 0s
PUT /tmp/ktest_ml-miscvm:lustre_mainline_native_hsrvggmg.tar 0s
PUT /tmp/ktest_ml-miscvm:lustre_mainline_native_hsrvggmg.tar 0s
PUT /tmp/ktest_ml-miscvm:lustre_mainline_native_hsrvggmg.tar 0s
PUT /tmp/ktest_ml-miscvm:lustre_mainline_native_hsrvggmg.tar 0s
PUT /tmp/ktest_ml-miscvm:lustre_mainline_native_hsrvggmg.tar 0s
PUT /tmp/ktest_ml-miscvm:lustre_mainline_native_hsrvggmg.tar 0s
END ml-miscvm:boot run tests/fs/lustre/boot.ktest PASS 55s
END ml-miscvm:mgs-setup run tests/fs/lustre/mgs-setup.ktest PASS 67s
END ml-miscvm:sanity-1 run tests/fs/lustre/sanity/sanity-1.ktest PASS 103s
END ml-miscvm:sanity-3 run tests/fs/lustre/sanity/sanity-3.ktest PASS 104s
END ml-miscvm:sanity-4 run tests/fs/lustre/sanity/sanity-4.ktest PASS 106s
END ml-miscvm:sanity-2 run tests/fs/lustre/sanity/sanity-2.ktest PASS 108s
END ml-miscvm:llmount run tests/fs/lustre/llmount.ktest PASS 117s
END ml-miscvm:llog-unit run tests/fs/lustre/llog-unit.ktest FAIL 169s (exit code: 1)

============================================================
Final Results:
  checkpatch:checkpatch: FAIL (13s) (log: /var/www/ci-lustre/upstream-patch-review/d93da22193a1d1ec036bfb2ec51252a050af298b_checkpatch:checkpatch.log)
  u24:u24: PASS (55s) (log: /var/www/ci-lustre/upstream-patch-review/d93da22193a1d1ec036bfb2ec51252a050af298b_u24:u24.log)
  al2023:al2023: PASS (54s) (log: /var/www/ci-lustre/upstream-patch-review/d93da22193a1d1ec036bfb2ec51252a050af298b_al2023:al2023.log)
  ml-strict:lustre_mainline: FAIL (170s) (log: /var/www/ci-lustre/upstream-patch-review/d93da22193a1d1ec036bfb2ec51252a050af298b_ml-strict:lustre_mainline.log)
  ml:lustre_mainline: PASS (174s) (log: /var/www/ci-lustre/upstream-patch-review/d93da22193a1d1ec036bfb2ec51252a050af298b_ml:lustre_mainline.log)
  ml-miscvm:lustre_mainline_native: PASS (173s) (log: /var/www/ci-lustre/upstream-patch-review/d93da22193a1d1ec036bfb2ec51252a050af298b_ml-miscvm:lustre_mainline_native.log)
  ml-miscvm:boot: PASS (55s) (log: /var/www/ci-lustre/upstream-patch-review/d93da22193a1d1ec036bfb2ec51252a050af298b_ml-miscvm:boot.log)
  ml-miscvm:llmount: PASS (117s) (log: /var/www/ci-lustre/upstream-patch-review/d93da22193a1d1ec036bfb2ec51252a050af298b_ml-miscvm:llmount.log)
  ml-miscvm:llog-unit: FAIL (169s) (log: /var/www/ci-lustre/upstream-patch-review/d93da22193a1d1ec036bfb2ec51252a050af298b_ml-miscvm:llog-unit.log)
  ml-miscvm:mgs-setup: PASS (67s) (log: /var/www/ci-lustre/upstream-patch-review/d93da22193a1d1ec036bfb2ec51252a050af298b_ml-miscvm:mgs-setup.log)
  ml-miscvm:sanity-1: PASS (103s) (log: /var/www/ci-lustre/upstream-patch-review/d93da22193a1d1ec036bfb2ec51252a050af298b_ml-miscvm:sanity-1.log)
  ml-miscvm:sanity-2: PASS (108s) (log: /var/www/ci-lustre/upstream-patch-review/d93da22193a1d1ec036bfb2ec51252a050af298b_ml-miscvm:sanity-2.log)
  ml-miscvm:sanity-3: PASS (104s) (log: /var/www/ci-lustre/upstream-patch-review/d93da22193a1d1ec036bfb2ec51252a050af298b_ml-miscvm:sanity-3.log)
  ml-miscvm:sanity-4: PASS (106s) (log: /var/www/ci-lustre/upstream-patch-review/d93da22193a1d1ec036bfb2ec51252a050af298b_ml-miscvm:sanity-4.log)

Total execution time: 371s
