CLI: ./pk --podman-socket unix:///run/user/1000/podman/podman.sock --shared-filesystem /tmp --tarball-input job lustre-ci --output /var/www/ci-lustre/upstream-patch-review --git-hash d95ed031fac81469ea767645d7beb45ddf5020ad --change-id 68233_d95ed031fac81469ea767645d7beb45ddf5020ad --subject LU-20626 lnet: cancel discovery Ping on peer down

Environment validated successfully
Note: custom LLVM is not synced in tarball input mode
Creating kernel tarball at /tmp/ktest-kernel.tar.gz...
Creating lustre tarball at /tmp/ktest-lustre.tar.gz...
Creating ZFS tarball at /tmp/ktest-zfs.tar.gz...
Executing 14 jobs
Jobs will start as soon as their dependencies are satisfied
Using tarball input mode

START checkpatch:checkpatch tool checkpatch
START ml-strict:lustre_mainline build tests/fs/lustre/boot-strict.ktest
START u24:u24 build tests/fs/lustre/boot.ktest
START ml:lustre_mainline build tests/fs/lustre/boot.ktest
START ml-miscvm:lustre_mainline_native build tests/fs/lustre/boot.ktest
START al2023:al2023 build tests/fs/lustre/boot.ktest
PUT /tmp/ktest-lustre.tar.gz 1s
PUT /tmp/ktest-lustre.tar.gz 2s
PUT /tmp/ktest-kernel.tar.gz 14s
PUT /tmp/ktest-kernel.tar.gz 14s
PUT /tmp/ktest-kernel.tar.gz 14s
PUT /tmp/ktest-kernel.tar.gz 14s
PUT /tmp/ktest-lustre.tar.gz 2s
PUT /tmp/ktest-lustre.tar.gz 1s
PUT /tmp/ktest-lustre.tar.gz 2s
PUT /tmp/ktest-lustre.tar.gz 2s
PUT /tmp/ktest-zfs.tar.gz 0s
PUT /tmp/ktest-zfs.tar.gz 0s
PUT /tmp/ktest-zfs.tar.gz 0s
END checkpatch:checkpatch tool checkpatch PASS 18s
END u24:u24 build tests/fs/lustre/boot.ktest PASS 46s
END al2023:al2023 build tests/fs/lustre/boot.ktest PASS 52s
GET /tmp/ktest_ml-miscvm:lustre_mainline_native_w6jp72x2.tar 0s
GET /tmp/ktest_ml-strict:lustre_mainline_p0j7xxhu.tar 5s
END ml-miscvm:lustre_mainline_native build tests/fs/lustre/boot.ktest PASS 157s
START ml-miscvm:boot run tests/fs/lustre/boot.ktest
START ml-miscvm:llmount run tests/fs/lustre/llmount.ktest
START ml-miscvm:llog-unit run tests/fs/lustre/llog-unit.ktest
START ml-miscvm:mgs-setup run tests/fs/lustre/mgs-setup.ktest
START ml-miscvm:sanity-1 run tests/fs/lustre/sanity/sanity-1.ktest
START ml-miscvm:sanity-2 run tests/fs/lustre/sanity/sanity-2.ktest
START ml-miscvm:sanity-3 run tests/fs/lustre/sanity/sanity-3.ktest
START ml-miscvm:sanity-4 run tests/fs/lustre/sanity/sanity-4.ktest
END ml-strict:lustre_mainline build tests/fs/lustre/boot-strict.ktest FAIL 169s (exit code: 1)
GET /tmp/ktest_ml:lustre_mainline_mc7y8id0.tar 2s
END ml:lustre_mainline build tests/fs/lustre/boot.ktest PASS 170s
PUT /tmp/ktest-kernel.tar.gz 35s
PUT /tmp/ktest-kernel.tar.gz 35s
PUT /tmp/ktest-kernel.tar.gz 34s
PUT /tmp/ktest-kernel.tar.gz 35s
PUT /tmp/ktest-kernel.tar.gz 35s
PUT /tmp/ktest-kernel.tar.gz 35s
PUT /tmp/ktest-kernel.tar.gz 37s
PUT /tmp/ktest-kernel.tar.gz 35s
PUT /tmp/ktest-lustre.tar.gz 12s
PUT /tmp/ktest-lustre.tar.gz 12s
PUT /tmp/ktest-lustre.tar.gz 12s
PUT /tmp/ktest-lustre.tar.gz 14s
PUT /tmp/ktest-lustre.tar.gz 12s
PUT /tmp/ktest-lustre.tar.gz 11s
PUT /tmp/ktest-lustre.tar.gz 11s
PUT /tmp/ktest-lustre.tar.gz 12s
PUT /tmp/ktest_ml-miscvm:lustre_mainline_native_w6jp72x2.tar 2s
PUT /tmp/ktest_ml-miscvm:lustre_mainline_native_w6jp72x2.tar 2s
PUT /tmp/ktest_ml-miscvm:lustre_mainline_native_w6jp72x2.tar 2s
PUT /tmp/ktest_ml-miscvm:lustre_mainline_native_w6jp72x2.tar 2s
PUT /tmp/ktest_ml-miscvm:lustre_mainline_native_w6jp72x2.tar 2s
PUT /tmp/ktest_ml-miscvm:lustre_mainline_native_w6jp72x2.tar 2s
PUT /tmp/ktest_ml-miscvm:lustre_mainline_native_w6jp72x2.tar 2s
PUT /tmp/ktest_ml-miscvm:lustre_mainline_native_w6jp72x2.tar 3s
END ml-miscvm:boot run tests/fs/lustre/boot.ktest PASS 77s
END ml-miscvm:mgs-setup run tests/fs/lustre/mgs-setup.ktest PASS 86s
END ml-miscvm:sanity-3 run tests/fs/lustre/sanity/sanity-3.ktest PASS 114s
END ml-miscvm:sanity-1 run tests/fs/lustre/sanity/sanity-1.ktest PASS 117s
END ml-miscvm:sanity-4 run tests/fs/lustre/sanity/sanity-4.ktest PASS 119s
END ml-miscvm:llmount run tests/fs/lustre/llmount.ktest PASS 126s
END ml-miscvm:sanity-2 run tests/fs/lustre/sanity/sanity-2.ktest PASS 128s
END ml-miscvm:llog-unit run tests/fs/lustre/llog-unit.ktest FAIL 163s (exit code: 1)

============================================================
Final Results:
  checkpatch:checkpatch: PASS (18s) (log: /var/www/ci-lustre/upstream-patch-review/d95ed031fac81469ea767645d7beb45ddf5020ad_checkpatch:checkpatch.log)
  u24:u24: PASS (46s) (log: /var/www/ci-lustre/upstream-patch-review/d95ed031fac81469ea767645d7beb45ddf5020ad_u24:u24.log)
  al2023:al2023: PASS (52s) (log: /var/www/ci-lustre/upstream-patch-review/d95ed031fac81469ea767645d7beb45ddf5020ad_al2023:al2023.log)
  ml-strict:lustre_mainline: FAIL (169s) (log: /var/www/ci-lustre/upstream-patch-review/d95ed031fac81469ea767645d7beb45ddf5020ad_ml-strict:lustre_mainline.log)
  ml:lustre_mainline: PASS (170s) (log: /var/www/ci-lustre/upstream-patch-review/d95ed031fac81469ea767645d7beb45ddf5020ad_ml:lustre_mainline.log)
  ml-miscvm:lustre_mainline_native: PASS (157s) (log: /var/www/ci-lustre/upstream-patch-review/d95ed031fac81469ea767645d7beb45ddf5020ad_ml-miscvm:lustre_mainline_native.log)
  ml-miscvm:boot: PASS (77s) (log: /var/www/ci-lustre/upstream-patch-review/d95ed031fac81469ea767645d7beb45ddf5020ad_ml-miscvm:boot.log)
  ml-miscvm:llmount: PASS (126s) (log: /var/www/ci-lustre/upstream-patch-review/d95ed031fac81469ea767645d7beb45ddf5020ad_ml-miscvm:llmount.log)
  ml-miscvm:llog-unit: FAIL (163s) (log: /var/www/ci-lustre/upstream-patch-review/d95ed031fac81469ea767645d7beb45ddf5020ad_ml-miscvm:llog-unit.log)
  ml-miscvm:mgs-setup: PASS (86s) (log: /var/www/ci-lustre/upstream-patch-review/d95ed031fac81469ea767645d7beb45ddf5020ad_ml-miscvm:mgs-setup.log)
  ml-miscvm:sanity-1: PASS (117s) (log: /var/www/ci-lustre/upstream-patch-review/d95ed031fac81469ea767645d7beb45ddf5020ad_ml-miscvm:sanity-1.log)
  ml-miscvm:sanity-2: PASS (128s) (log: /var/www/ci-lustre/upstream-patch-review/d95ed031fac81469ea767645d7beb45ddf5020ad_ml-miscvm:sanity-2.log)
  ml-miscvm:sanity-3: PASS (114s) (log: /var/www/ci-lustre/upstream-patch-review/d95ed031fac81469ea767645d7beb45ddf5020ad_ml-miscvm:sanity-3.log)
  ml-miscvm:sanity-4: PASS (119s) (log: /var/www/ci-lustre/upstream-patch-review/d95ed031fac81469ea767645d7beb45ddf5020ad_ml-miscvm:sanity-4.log)

Total execution time: 351s

Packed 2715 logs from /var/www/ci-lustre/upstream-patch-review into /home/ktest/ktest/local-site/local_data.js
Open /home/ktest/ktest/local-site/index.html in a browser
