WARNING:LONG_LINE: line length of 101 exceeds 100 columns
#348: FILE: lnet/lnet/peer.c:4842:
+					     &the_lnet.ln_mt_peerNIRecovq, now) == LNET_PEER_EXPIRED)

WARNING:LONG_LINE: line length of 101 exceeds 100 columns
#360: FILE: lnet/lnet/peer.c:4865:
+					     &the_lnet.ln_mt_peerNIRecovq, now) == LNET_PEER_EXPIRED)

WARNING:LINE_SPACING: Missing a blank line after declarations
#443: FILE: lnet/utils/lnetconfig/liblnetconfig.c:6365:
+	struct cYAML *del_on_recov_limit = cYAML_get_object_item(tree, "del_on_recovery_limit");
+	if (del_on_recov_limit)

WARNING:LINE_SPACING: Missing a blank line after declarations
#457: FILE: lnet/utils/lnetconfig/liblnetconfig.c:6496:
+	struct cYAML *del_on_recov_limit = cYAML_get_object_item(tree, "del_on_recovery_limit");
+	if (del_on_recov_limit)

WARNING:SPLIT_STRING: quoted string split across lines
#498: FILE: lnet/utils/lnetctl.c:108:
 			   " | recovery_interval | router_sensitivity"
+			   " | response_tracking | recovery_limit"

WARNING:SPLIT_STRING: quoted string split across lines
#499: FILE: lnet/utils/lnetctl.c:109:
+			   " | response_tracking | recovery_limit"
+			   " | del_on_recovery_limit}"},

WARNING:UNNECESSARY_INT: Prefer 'long' over 'long int' as the int is unnecessary
#520: FILE: lnet/utils/lnetctl.c:563:
+	long int value;

total: 0 errors, 7 warnings, 631 lines checked

NOTE: For some of the reported defects, checkpatch may be able to
      mechanically convert to the typical style using --fix or --fix-inplace.

Your patch has style problems, please review.

NOTE: If any of the errors are false positives, please report
      them to the maintainer, see CHECKPATCH in MAINTAINERS.
