CLI: ./pk --podman-socket unix:///run/podman/podman.sock --shared-filesystem /tmp --tarball-input job lustre-ci --output /var/www/ci-lustre/upstream-patch-review --git-hash dc27e79fb1d12a6a4ad8e6503124b70392c3d4af --change-id 67792_dc27e79fb1d12a6a4ad8e6503124b70392c3d4af --subject LU-19740 utils: Record tunefs.lustre commands to syslog

Environment validated successfully
Note: custom LLVM is not synced in tarball input mode
Creating kernel tarball at /tmp/ktest-kernel.tar.gz...
Creating lustre tarball at /tmp/ktest-lustre.tar.gz...
Creating ZFS tarball at /tmp/ktest-zfs.tar.gz...
Executing 14 jobs
Jobs will start as soon as their dependencies are satisfied
Using tarball input mode

START checkpatch:checkpatch tool checkpatch
START ml-miscvm:lustre_mainline_native build tests/fs/lustre/boot.ktest
START ml-strict:lustre_mainline build tests/fs/lustre/boot-strict.ktest
START al2023:al2023 build tests/fs/lustre/boot.ktest
START ml:lustre_mainline build tests/fs/lustre/boot.ktest
START u24:u24 build tests/fs/lustre/boot.ktest
PUT /tmp/ktest-lustre.tar.gz 1s
PUT /tmp/ktest-lustre.tar.gz 2s
PUT /tmp/ktest-kernel.tar.gz 8s
PUT /tmp/ktest-kernel.tar.gz 8s
PUT /tmp/ktest-kernel.tar.gz 8s
PUT /tmp/ktest-kernel.tar.gz 8s
PUT /tmp/ktest-lustre.tar.gz 2s
PUT /tmp/ktest-lustre.tar.gz 2s
PUT /tmp/ktest-lustre.tar.gz 2s
PUT /tmp/ktest-lustre.tar.gz 2s
PUT /tmp/ktest-zfs.tar.gz 0s
PUT /tmp/ktest-zfs.tar.gz 0s
PUT /tmp/ktest-zfs.tar.gz 0s
END checkpatch:checkpatch tool checkpatch PASS 13s
END u24:u24 build tests/fs/lustre/boot.ktest PASS 40s
END al2023:al2023 build tests/fs/lustre/boot.ktest PASS 46s
GET /tmp/ktest_ml-miscvm:lustre_mainline_native_qhmaib_2.tar 0s
END ml-miscvm:lustre_mainline_native build tests/fs/lustre/boot.ktest PASS 145s
START ml-miscvm:boot run tests/fs/lustre/boot.ktest
START ml-miscvm:llmount run tests/fs/lustre/llmount.ktest
START ml-miscvm:llog-unit run tests/fs/lustre/llog-unit.ktest
START ml-miscvm:mgs-setup run tests/fs/lustre/mgs-setup.ktest
START ml-miscvm:sanity-1 run tests/fs/lustre/sanity/sanity-1.ktest
START ml-miscvm:sanity-2 run tests/fs/lustre/sanity/sanity-2.ktest
START ml-miscvm:sanity-3 run tests/fs/lustre/sanity/sanity-3.ktest
START ml-miscvm:sanity-4 run tests/fs/lustre/sanity/sanity-4.ktest
GET /tmp/ktest_ml:lustre_mainline_fd473_0_.tar 0s
GET /tmp/ktest_ml-strict:lustre_mainline_dtly87xe.tar 5s
END ml:lustre_mainline build tests/fs/lustre/boot.ktest PASS 148s
END ml-strict:lustre_mainline build tests/fs/lustre/boot-strict.ktest FAIL 151s (exit code: 1)
PUT /tmp/ktest-kernel.tar.gz 32s
PUT /tmp/ktest-kernel.tar.gz 30s
PUT /tmp/ktest-kernel.tar.gz 35s
PUT /tmp/ktest-kernel.tar.gz 36s
PUT /tmp/ktest-kernel.tar.gz 31s
PUT /tmp/ktest-kernel.tar.gz 36s
PUT /tmp/ktest-kernel.tar.gz 31s
PUT /tmp/ktest-kernel.tar.gz 36s
PUT /tmp/ktest-lustre.tar.gz 13s
PUT /tmp/ktest-lustre.tar.gz 9s
PUT /tmp/ktest-lustre.tar.gz 8s
PUT /tmp/ktest-lustre.tar.gz 9s
PUT /tmp/ktest-lustre.tar.gz 9s
PUT /tmp/ktest-lustre.tar.gz 8s
PUT /tmp/ktest-lustre.tar.gz 9s
PUT /tmp/ktest-lustre.tar.gz 9s
PUT /tmp/ktest_ml-miscvm:lustre_mainline_native_qhmaib_2.tar 1s
PUT /tmp/ktest_ml-miscvm:lustre_mainline_native_qhmaib_2.tar 1s
PUT /tmp/ktest_ml-miscvm:lustre_mainline_native_qhmaib_2.tar 1s
PUT /tmp/ktest_ml-miscvm:lustre_mainline_native_qhmaib_2.tar 1s
PUT /tmp/ktest_ml-miscvm:lustre_mainline_native_qhmaib_2.tar 1s
PUT /tmp/ktest_ml-miscvm:lustre_mainline_native_qhmaib_2.tar 1s
PUT /tmp/ktest_ml-miscvm:lustre_mainline_native_qhmaib_2.tar 1s
PUT /tmp/ktest_ml-miscvm:lustre_mainline_native_qhmaib_2.tar 1s
END ml-miscvm:boot run tests/fs/lustre/boot.ktest PASS 58s
END ml-miscvm:mgs-setup run tests/fs/lustre/mgs-setup.ktest PASS 69s
END ml-miscvm:sanity-4 run tests/fs/lustre/sanity/sanity-4.ktest PASS 97s
END ml-miscvm:sanity-1 run tests/fs/lustre/sanity/sanity-1.ktest PASS 98s
END ml-miscvm:sanity-3 run tests/fs/lustre/sanity/sanity-3.ktest PASS 109s
END ml-miscvm:sanity-2 run tests/fs/lustre/sanity/sanity-2.ktest PASS 111s
END ml-miscvm:llmount run tests/fs/lustre/llmount.ktest PASS 119s
END ml-miscvm:llog-unit run tests/fs/lustre/llog-unit.ktest FAIL 145s (exit code: 1)

============================================================
Final Results:
  checkpatch:checkpatch: PASS (13s) (log: /var/www/ci-lustre/upstream-patch-review/dc27e79fb1d12a6a4ad8e6503124b70392c3d4af_checkpatch:checkpatch.log)
  u24:u24: PASS (40s) (log: /var/www/ci-lustre/upstream-patch-review/dc27e79fb1d12a6a4ad8e6503124b70392c3d4af_u24:u24.log)
  al2023:al2023: PASS (46s) (log: /var/www/ci-lustre/upstream-patch-review/dc27e79fb1d12a6a4ad8e6503124b70392c3d4af_al2023:al2023.log)
  ml-strict:lustre_mainline: FAIL (151s) (log: /var/www/ci-lustre/upstream-patch-review/dc27e79fb1d12a6a4ad8e6503124b70392c3d4af_ml-strict:lustre_mainline.log)
  ml:lustre_mainline: PASS (148s) (log: /var/www/ci-lustre/upstream-patch-review/dc27e79fb1d12a6a4ad8e6503124b70392c3d4af_ml:lustre_mainline.log)
  ml-miscvm:lustre_mainline_native: PASS (145s) (log: /var/www/ci-lustre/upstream-patch-review/dc27e79fb1d12a6a4ad8e6503124b70392c3d4af_ml-miscvm:lustre_mainline_native.log)
  ml-miscvm:boot: PASS (58s) (log: /var/www/ci-lustre/upstream-patch-review/dc27e79fb1d12a6a4ad8e6503124b70392c3d4af_ml-miscvm:boot.log)
  ml-miscvm:llmount: PASS (119s) (log: /var/www/ci-lustre/upstream-patch-review/dc27e79fb1d12a6a4ad8e6503124b70392c3d4af_ml-miscvm:llmount.log)
  ml-miscvm:llog-unit: FAIL (145s) (log: /var/www/ci-lustre/upstream-patch-review/dc27e79fb1d12a6a4ad8e6503124b70392c3d4af_ml-miscvm:llog-unit.log)
  ml-miscvm:mgs-setup: PASS (69s) (log: /var/www/ci-lustre/upstream-patch-review/dc27e79fb1d12a6a4ad8e6503124b70392c3d4af_ml-miscvm:mgs-setup.log)
  ml-miscvm:sanity-1: PASS (98s) (log: /var/www/ci-lustre/upstream-patch-review/dc27e79fb1d12a6a4ad8e6503124b70392c3d4af_ml-miscvm:sanity-1.log)
  ml-miscvm:sanity-2: PASS (111s) (log: /var/www/ci-lustre/upstream-patch-review/dc27e79fb1d12a6a4ad8e6503124b70392c3d4af_ml-miscvm:sanity-2.log)
  ml-miscvm:sanity-3: PASS (109s) (log: /var/www/ci-lustre/upstream-patch-review/dc27e79fb1d12a6a4ad8e6503124b70392c3d4af_ml-miscvm:sanity-3.log)
  ml-miscvm:sanity-4: PASS (97s) (log: /var/www/ci-lustre/upstream-patch-review/dc27e79fb1d12a6a4ad8e6503124b70392c3d4af_ml-miscvm:sanity-4.log)

Total execution time: 321s

Packed 4707 logs from /var/www/ci-lustre/upstream-patch-review into /home/ktest/ktest/local-site/local_data.js
Open /home/ktest/ktest/local-site/index.html in a browser
