WARNING:FILE_PATH_CHANGES: added, moved or deleted file(s), does MAINTAINERS need updating?
#14: 
new file mode 100644

ERROR:POINTER_LOCATION: "foo* bar" should be "foo *bar"
#233: FILE: lustre/include/osd_dio_stats.h:37:
+static inline int osd_dio_alloc_stats_register(char* name,

ERROR:OPEN_BRACE: open brace '{' following function definitions go on the next line
#244: FILE: lustre/include/osd_dio_stats.h:48:
+static inline void osd_dio_alloc_stats_free(struct osd_device *osd) {

WARNING:SPACE_BEFORE_TAB: please, no space before tabs
#302: FILE: lustre/osd-ldiskfs/osd_internal.h:328:
+^Iint ^I^I^Iod_dio_alloc_order;$

WARNING:SPACE_BEFORE_TAB: please, no space before tabs
#436: FILE: lustre/osd-zfs/osd_internal.h:391:
+^Iint ^I^I^Iod_dio_alloc_order;$

total: 2 errors, 3 warnings, 503 lines checked

NOTE: For some of the reported defects, checkpatch may be able to
      mechanically convert to the typical style using --fix or --fix-inplace.

Your patch has style problems, please review.

NOTE: If any of the errors are false positives, please report
      them to the maintainer, see CHECKPATCH in MAINTAINERS.
