CLI: ./pk --podman-socket unix:///run/podman/podman.sock --shared-filesystem /tmp --tarball-input job lustre-ci --output /var/www/ci-lustre/upstream-patch-review --git-hash dcd149c3e06957146f55b09861b0e2e4d440d846 --change-id 68351_dcd149c3e06957146f55b09861b0e2e4d440d846 --subject LU-10026 llite: don't queue async IO page for inode in freeing

Environment validated successfully
Note: custom LLVM is not synced in tarball input mode
Creating kernel tarball at /tmp/ktest-kernel.tar.gz...
Creating lustre tarball at /tmp/ktest-lustre.tar.gz...
Creating ZFS tarball at /tmp/ktest-zfs.tar.gz...
Executing 14 jobs
Jobs will start as soon as their dependencies are satisfied
Using tarball input mode

START ml-strict:lustre_mainline build tests/fs/lustre/boot-strict.ktest
START al2023:al2023 build tests/fs/lustre/boot.ktest
START u24:u24 build tests/fs/lustre/boot.ktest
START checkpatch:checkpatch tool checkpatch
START ml-miscvm:lustre_mainline_native build tests/fs/lustre/boot.ktest
START ml:lustre_mainline build tests/fs/lustre/boot.ktest
PUT /tmp/ktest-lustre.tar.gz 1s
PUT /tmp/ktest-lustre.tar.gz 1s
PUT /tmp/ktest-kernel.tar.gz 7s
PUT /tmp/ktest-kernel.tar.gz 7s
PUT /tmp/ktest-kernel.tar.gz 7s
PUT /tmp/ktest-kernel.tar.gz 7s
PUT /tmp/ktest-lustre.tar.gz 2s
PUT /tmp/ktest-lustre.tar.gz 2s
PUT /tmp/ktest-lustre.tar.gz 2s
PUT /tmp/ktest-lustre.tar.gz 2s
PUT /tmp/ktest-zfs.tar.gz 0s
PUT /tmp/ktest-zfs.tar.gz 0s
PUT /tmp/ktest-zfs.tar.gz 0s
END checkpatch:checkpatch tool checkpatch PASS 11s
END u24:u24 build tests/fs/lustre/boot.ktest PASS 38s
END al2023:al2023 build tests/fs/lustre/boot.ktest PASS 43s
GET /tmp/ktest_ml-strict:lustre_mainline_00pox8h3.tar 5s
END ml-strict:lustre_mainline build tests/fs/lustre/boot-strict.ktest FAIL 139s (exit code: 1)
GET /tmp/ktest_ml-miscvm:lustre_mainline_native_jxh9cm0o.tar 6s
GET /tmp/ktest_ml:lustre_mainline_xpem7_xo.tar 4s
END ml-miscvm:lustre_mainline_native build tests/fs/lustre/boot.ktest FAIL 145s (exit code: 1)
END ml:lustre_mainline build tests/fs/lustre/boot.ktest FAIL 146s (exit code: 1)

============================================================
Final Results:
  checkpatch:checkpatch: PASS (11s) (log: /var/www/ci-lustre/upstream-patch-review/dcd149c3e06957146f55b09861b0e2e4d440d846_checkpatch:checkpatch.log)
  u24:u24: PASS (38s) (log: /var/www/ci-lustre/upstream-patch-review/dcd149c3e06957146f55b09861b0e2e4d440d846_u24:u24.log)
  al2023:al2023: PASS (43s) (log: /var/www/ci-lustre/upstream-patch-review/dcd149c3e06957146f55b09861b0e2e4d440d846_al2023:al2023.log)
  ml-strict:lustre_mainline: FAIL (139s) (log: /var/www/ci-lustre/upstream-patch-review/dcd149c3e06957146f55b09861b0e2e4d440d846_ml-strict:lustre_mainline.log)
  ml:lustre_mainline: FAIL (146s) (log: /var/www/ci-lustre/upstream-patch-review/dcd149c3e06957146f55b09861b0e2e4d440d846_ml:lustre_mainline.log)
  ml-miscvm:lustre_mainline_native: FAIL (145s) (log: /var/www/ci-lustre/upstream-patch-review/dcd149c3e06957146f55b09861b0e2e4d440d846_ml-miscvm:lustre_mainline_native.log)
  ml-miscvm:boot: SKIPPED (due to dependency failure)
  ml-miscvm:llmount: SKIPPED (due to dependency failure)
  ml-miscvm:llog-unit: SKIPPED (due to dependency failure)
  ml-miscvm:mgs-setup: SKIPPED (due to dependency failure)
  ml-miscvm:sanity-1: SKIPPED (due to dependency failure)
  ml-miscvm:sanity-2: SKIPPED (due to dependency failure)
  ml-miscvm:sanity-3: SKIPPED (due to dependency failure)
  ml-miscvm:sanity-4: SKIPPED (due to dependency failure)

Total execution time: 176s

Packed 18843 logs from /var/www/ci-lustre/upstream-patch-review into /home/ktest/ktest/local-site/local_data.js
Open /home/ktest/ktest/local-site/index.html in a browser
