WARNING:FILE_PATH_CHANGES: added, moved or deleted file(s), does MAINTAINERS need updating?
#2: 
new file mode 100644

WARNING:SPDX_LICENSE_TAG: Missing or malformed SPDX-License-Identifier tag in line 1
#188: FILE: contrib/debug_tools/lurat/args/parse.py:1:
+import os

WARNING:SPDX_LICENSE_TAG: Missing or malformed SPDX-License-Identifier tag in line 1
#312: FILE: contrib/debug_tools/lurat/config/config.py:1:
+import appdirs

WARNING:SPDX_LICENSE_TAG: Missing or malformed SPDX-License-Identifier tag in line 1
#430: FILE: contrib/debug_tools/lurat/data/actions.py:1:
+from datetime import datetime

WARNING:SPDX_LICENSE_TAG: Missing or malformed SPDX-License-Identifier tag in line 1
#950: FILE: contrib/debug_tools/lurat/data/analysis.py:1:
+import re

WARNING:SPDX_LICENSE_TAG: Missing or malformed SPDX-License-Identifier tag in line 1
#1117: FILE: contrib/debug_tools/lurat/data/display.py:1:
+import os

WARNING:SPDX_LICENSE_TAG: Missing or malformed SPDX-License-Identifier tag in line 1
#2195: FILE: contrib/debug_tools/lurat/data/exceptions.py:1:
+class ActionValueError(Exception):

WARNING:SPDX_LICENSE_TAG: Missing or malformed SPDX-License-Identifier tag in line 1
#2203: FILE: contrib/debug_tools/lurat/data/read.py:1:
+import os

WARNING:SPDX_LICENSE_TAG: Missing or malformed SPDX-License-Identifier tag in line 2
#2829: FILE: contrib/debug_tools/lurat/dk_call_graph.py:2:
+import sys

WARNING:SPDX_LICENSE_TAG: Missing or malformed SPDX-License-Identifier tag in line 2
#2950: FILE: contrib/debug_tools/lurat/dk_traces.py:2:
+import sys

WARNING:SPDX_LICENSE_TAG: Missing or malformed SPDX-License-Identifier tag in line 1
#3126: FILE: contrib/debug_tools/lurat/editors/editor.py:1:
+class Editor():

WARNING:SPDX_LICENSE_TAG: Missing or malformed SPDX-License-Identifier tag in line 1
#3141: FILE: contrib/debug_tools/lurat/editors/editors.py:1:
+from editors.neovim import EditorNeoVim

WARNING:SPDX_LICENSE_TAG: Missing or malformed SPDX-License-Identifier tag in line 1
#3157: FILE: contrib/debug_tools/lurat/editors/neovim.py:1:
+import os

WARNING:SPDX_LICENSE_TAG: Missing or malformed SPDX-License-Identifier tag in line 2
#3215: FILE: contrib/debug_tools/lurat/log_analyze.py:2:
+import os

WARNING:SPDX_LICENSE_TAG: Missing or malformed SPDX-License-Identifier tag in line 2
#3393: FILE: contrib/debug_tools/lurat/report_get.py:2:
+import subprocess

WARNING:SPDX_LICENSE_TAG: Missing or malformed SPDX-License-Identifier tag in line 2
#4136: FILE: contrib/debug_tools/lurat/report_summary.py:2:
+import os

WARNING:SPDX_LICENSE_TAG: Missing or malformed SPDX-License-Identifier tag in line 1
#4551: FILE: contrib/debug_tools/lurat/utils/gc.py:1:
+class GarbageCollector():

WARNING:SPDX_LICENSE_TAG: Missing or malformed SPDX-License-Identifier tag in line 1
#4567: FILE: contrib/debug_tools/lurat/utils/logger.py:1:
+from multiprocessing import Value

WARNING:SPDX_LICENSE_TAG: Missing or malformed SPDX-License-Identifier tag in line 1
#4661: FILE: contrib/debug_tools/lurat/utils/tzdetect.py:1:
+"""Find the UTC offset a sosreport was written with.

WARNING:SPDX_LICENSE_TAG: Missing or malformed SPDX-License-Identifier tag in line 1
#4931: FILE: contrib/debug_tools/lurat/utils/utils.py:1:
+import os

WARNING:SPDX_LICENSE_TAG: Missing or malformed SPDX-License-Identifier tag in line 1
#5070: FILE: contrib/debug_tools/lurat/yaml_files/default.yaml:1:
+yaml-version: 14.77

WARNING:SPDX_LICENSE_TAG: Missing or malformed SPDX-License-Identifier tag in line 1
#5418: FILE: contrib/debug_tools/lurat/yaml_files/report.yaml:1:
+yaml-version: 2.37

WARNING:SPDX_LICENSE_TAG: Missing or malformed SPDX-License-Identifier tag in line 1
#5520: FILE: contrib/debug_tools/lurat/yaml_files/tags.yaml:1:
+yaml-version: 2.102

WARNING:SPDX_LICENSE_TAG: Missing or malformed SPDX-License-Identifier tag in line 1
#5904: FILE: contrib/debug_tools/lurat/yaml_files/yaml.py:1:
+import os

total: 0 errors, 24 warnings, 5864 lines checked

NOTE: For some of the reported defects, checkpatch may be able to
      mechanically convert to the typical style using --fix or --fix-inplace.

Your patch has style problems, please review.

NOTE: If any of the errors are false positives, please report
      them to the maintainer, see CHECKPATCH in MAINTAINERS.
