00003 
00012 RDSEED32 is broken. Disabling the corresponding CPUID bit.
00017 init: failed to load nvme_core
00017 init: failed to load nvme
00017 init: failed to load zfs
00018 LNetError: 1:0:(lib-socket.c:619:lnet_inet_enumerate()) lnet: Can't find any usable interfaces, rc = -ENOENT
00018 LNetError: Error -100 starting up LNI tcp
00018 LustreError: 1:0:(events.c:627:ptlrpc_init_portals()) network initialisation failed: rc = -100
00019 init: finit_module /lib/modules/7.0.0-ktest-de16992-6330a45-20260728-dirty/updates/ptlrpc.ko: Network is down
00019 init: failed to load lustre
00019 init: failed to load osd_zfs
00019 init: failed to load iwlwifi
00019 init: failed to load iwlmvm
00019 init: failed to load mt7921e
00019 init: failed to load i915
00019 init: failed to load nouveau
00031 Kernel version: 7.0.0-ktest-de16992-6330a45-20260728-dirty
00031 hook init_noop
00031 
00031 Running tests llmount
00031 
00031 ========= TEST   llmount
00037 SETUP LUSTRE ... LNet: Added LNI 10.0.2.15@tcp [8/256/0/180]
00038 Lustre: Echo OBD driver; http://www.lustre.org/
00038 Lustre: 1903:0:(mdt_handler.c:64:mdt_max_mod_rpcs_per_client_set()) max_mod_rpcs_per_client is deprecated, set mdt.*.max_mod_rpcs_in_flight parameter instead
00039 ------------[ cut here ]------------
00039 WARNING: /home/ktest/git/linux/include/linux/fs.h:889 at osd_create+0x9cf/0xcf0 [osd_wbcfs], CPU#10: ll_mgs_0002/1900
00039 Modules linked in: mdt(O) lquota(O) lfsck(O) mgs(O) osd_wbcfs(O) lustre(O) obdecho(O) mgc(O) mdc(O) lov(O) osc(O) lmv(O) ec(O) fid(O) fld(O) ptlrpc(O) efivarfs obdclass(O) ksocklnd(O) lnet(O) libcfs(O)
00039 CPU: 10 UID: 0 PID: 1900 Comm: ll_mgs_0002 Tainted: G           O        7.0.0-ktest-de16992-6330a45-20260728-dirty #1 PREEMPT 
00039 Tainted: [O]=OOT_MODULE
00039 Hardware name: QEMU Standard PC (Q35 + ICH9, 2009), BIOS 2025.11-3ubuntu7 03/31/2026
00039 RIP: 0010:osd_create+0x9cf/0xcf0 [osd_wbcfs]
00039 Code: c7 c7 00 16 7c a1 48 c7 c6 a0 92 7d a1 48 c7 c2 00 9c 7d a1 e8 82 dd 43 ff 48 c7 c7 00 16 7c a1 e8 f6 6a 44 ff e9 fe fc ff ff <0f> 0b e9 a5 fa ff ff 48 c7 c1 80 44 5d a0 80 e1 07 80 c1 03 38 c1
00039 RSP: 0018:ffffc90001b87750 EFLAGS: 00010246
00039 RAX: 0000000000000000 RBX: ffff8881416ba800 RCX: 0000000000000046
00039 RDX: 0000000000000000 RSI: ffff8881192a2648 RDI: ffff88817f8aaaa8
00039 RBP: ffff8881192a25b8 R08: ffffffff83a16803 R09: 1ffffffff0742d00
00039 R10: dffffc0000000000 R11: fffffbfff0742d01 R12: ffff88813891d800
00039 R13: dffffc0000000000 R14: 1ffff110282d7500 R15: 1ffff11027123b0f
00039 FS:  0000000000000000(0000) GS:ffff88831e92d000(0000) knlGS:0000000000000000
00039 CS:  0010 DS: 0000 ES: 0000 CR0: 0000000080050033
00039 CR2: 00007f99749e6194 CR3: 0000000004274000 CR4: 0000000000750eb0
00039 PKRU: 55555554
00039 Call Trace:
00039  <TASK>
00039  ? local_object_create+0x109/0x640 [obdclass]
00039  ? dt_write_lock+0x16d/0x2a0 [obdclass]
00039  ? llog_osd_create+0x356/0x1140 [obdclass]
00039  ? llog_create+0x2ed/0x530 [obdclass]
00039  ? llog_open_create+0x5af/0xb10 [obdclass]
00039  ? mgs_find_or_make_fsdb_nolock+0x16d4/0x2d80 [mgs]
00039  ? class_find_param+0x25/0x70 [obdclass]
00039  ? mgs_find_or_make_fsdb+0xda/0x1f0 [mgs]
00039  ? mgs_target_reg+0x2333/0x4480 [mgs]
00039  ? tgt_request_handle+0x23ad/0x3d30 [ptlrpc]
00039  ? ptlrpc_main+0x6359/0x96f0 [ptlrpc]
00039  ? __kthread_parkme+0x73/0x130
00039  ? kthread+0x2cd/0x3a0
00039  ? ptlrpc_start_thread+0x1f10/0x1f10 [ptlrpc]
00039  ? kthread_unuse_mm+0x130/0x130
00039  ? ret_from_fork+0x18c/0x520
00039  ? kthread_unuse_mm+0x130/0x130
00039  ? ret_from_fork_asm+0x11/0x20
00039  </TASK>
00039 ---[ end trace 0000000000000000 ]---
00039 ------------[ cut here ]------------
00039 WARNING: /home/ktest/git/linux/include/linux/fs.h:889 at osd_create+0x9cf/0xcf0 [osd_wbcfs], CPU#10: ll_mgs_0002/1900
00039 Modules linked in: mdt(O) lquota(O) lfsck(O) mgs(O) osd_wbcfs(O) lustre(O) obdecho(O) mgc(O) mdc(O) lov(O) osc(O) lmv(O) ec(O) fid(O) fld(O) ptlrpc(O) efivarfs obdclass(O) ksocklnd(O) lnet(O) libcfs(O)
00039 CPU: 10 UID: 0 PID: 1900 Comm: ll_mgs_0002 Tainted: G        W  O        7.0.0-ktest-de16992-6330a45-20260728-dirty #1 PREEMPT 
00039 Tainted: [W]=WARN, [O]=OOT_MODULE
00039 Hardware name: QEMU Standard PC (Q35 + ICH9, 2009), BIOS 2025.11-3ubuntu7 03/31/2026
00039 RIP: 0010:osd_create+0x9cf/0xcf0 [osd_wbcfs]
00039 Code: c7 c7 00 16 7c a1 48 c7 c6 a0 92 7d a1 48 c7 c2 00 9c 7d a1 e8 82 dd 43 ff 48 c7 c7 00 16 7c a1 e8 f6 6a 44 ff e9 fe fc ff ff <0f> 0b e9 a5 fa ff ff 48 c7 c1 80 44 5d a0 80 e1 07 80 c1 03 38 c1
00039 RSP: 0018:ffffc90001b87698 EFLAGS: 00010246
00039 RAX: 0000000000000000 RBX: ffff8881416bec00 RCX: 0000000000000046
00039 RDX: 0000000000000000 RSI: ffff8881192a1f30 RDI: ffff88817f8aaaa8
00039 RBP: ffff8881192a1ea0 R08: ffffffff83a16803 R09: 1ffffffff0742d00
00039 R10: dffffc0000000000 R11: fffffbfff0742d01 R12: ffff88813891d800
00039 R13: dffffc0000000000 R14: 1ffff110282d7d80 R15: 1ffff11027123b0f
00039 FS:  0000000000000000(0000) GS:ffff88831e92d000(0000) knlGS:0000000000000000
00039 CS:  0010 DS: 0000 ES: 0000 CR0: 0000000080050033
00039 CR2: 00007f99749e6194 CR3: 0000000004274000 CR4: 0000000000750eb0
00039 PKRU: 55555554
00039 Call Trace:
00039  <TASK>
00039  ? local_object_create+0x109/0x640 [obdclass]
00039  ? dt_write_lock+0x16d/0x2a0 [obdclass]
00039  ? llog_osd_create+0x356/0x1140 [obdclass]
00039  ? llog_create+0x2ed/0x530 [obdclass]
00039  ? llog_open_create+0x5af/0xb10 [obdclass]
00039  ? record_start_log+0x348/0xa40 [mgs]
00039  ? mgs_write_log_lov+0x3ac/0xde0 [mgs]
00039  ? mgs_write_log_target+0x17a4/0x6ab0 [mgs]
00039  ? mgs_target_reg+0x254e/0x4480 [mgs]
00039  ? tgt_request_handle+0x23ad/0x3d30 [ptlrpc]
00039  ? ptlrpc_main+0x6359/0x96f0 [ptlrpc]
00039  ? __kthread_parkme+0x73/0x130
00039  ? kthread+0x2cd/0x3a0
00039  ? ptlrpc_start_thread+0x1f10/0x1f10 [ptlrpc]
00039  ? kthread_unuse_mm+0x130/0x130
00039  ? ret_from_fork+0x18c/0x520
00039  ? kthread_unuse_mm+0x130/0x130
00039  ? ret_from_fork_asm+0x11/0x20
00039  </TASK>
00039 ---[ end trace 0000000000000000 ]---
00039 ------------[ cut here ]------------
00039 WARNING: /home/ktest/git/linux/include/linux/fs.h:889 at osd_create+0x9cf/0xcf0 [osd_wbcfs], CPU#13: llog_process_th/1924
00039 Modules linked in: mdd(O) lod(O) mdt(O) lquota(O) lfsck(O) mgs(O) osd_wbcfs(O) lustre(O) obdecho(O) mgc(O) mdc(O) lov(O) osc(O) lmv(O) ec(O) fid(O) fld(O) ptlrpc(O) efivarfs obdclass(O) ksocklnd(O) lnet(O) libcfs(O)
00039 CPU: 13 UID: 0 PID: 1924 Comm: llog_process_th Tainted: G        W  O        7.0.0-ktest-de16992-6330a45-20260728-dirty #1 PREEMPT 
00039 Tainted: [W]=WARN, [O]=OOT_MODULE
00039 Hardware name: QEMU Standard PC (Q35 + ICH9, 2009), BIOS 2025.11-3ubuntu7 03/31/2026
00039 RIP: 0010:osd_create+0x9cf/0xcf0 [osd_wbcfs]
00039 Code: c7 c7 00 16 7c a1 48 c7 c6 a0 92 7d a1 48 c7 c2 00 9c 7d a1 e8 82 dd 43 ff 48 c7 c7 00 16 7c a1 e8 f6 6a 44 ff e9 fe fc ff ff <0f> 0b e9 a5 fa ff ff 48 c7 c1 80 44 5d a0 80 e1 07 80 c1 03 38 c1
00039 RSP: 0018:ffffc90001d47450 EFLAGS: 00010246
00039 RAX: 0000000000000000 RBX: ffff888147ef7000 RCX: 0000000000000046
00039 RDX: ffffffff84c41d40 RSI: ffff8881192a7b68 RDI: ffff88818ebc4b18
00039 RBP: ffff8881192a7ad8 R08: 0000000000000001 R09: 0000000000000000
00039 R10: dffffc0000000000 R11: ffffed1023254f50 R12: ffff88813c752600
00039 R13: dffffc0000000000 R14: 1ffff11028fdee00 R15: 1ffff920003a8ebf
00039 FS:  0000000000000000(0000) GS:ffff88831eaad000(0000) knlGS:0000000000000000
00039 CS:  0010 DS: 0000 ES: 0000 CR0: 0000000080050033
00039 CR2: 00007f82e41e6194 CR3: 0000000004274000 CR4: 0000000000750eb0
00039 PKRU: 55555554
00039 Call Trace:
00039  <TASK>
00039  ? dt_find_or_create+0x81a/0x1170 [obdclass]
00039  ? fld_index_init+0x404/0x1610 [fld]
00039  ? is_module_address+0x1b/0x70
00039  ? is_module_address+0x5e/0x70
00039  ? __asan_memset+0x22/0x40
00039  ? fld_server_init+0x1d7/0x580 [fld]
00039  ? mdt_device_alloc+0x36b4/0x66c0 [mdt]
00039  ? __alloc_tagging_slab_alloc_hook+0x136/0x190
00039  ? obd_setup+0x25c/0x960 [obdclass]
00039  ? class_setup+0xc7d/0x10e0 [obdclass]
00039  ? class_process_config+0x2edb/0x7cb0 [obdclass]
00039  ? __kasan_kmalloc+0x72/0x80
00039  ? class_config_llog_handler+0x2954/0x4f80 [obdclass]
00039  ? class_config_llog_handler+0x2cea/0x4f80 [obdclass]
00039  ? lustre_cfg_rec_free+0x350/0x350 [obdclass]
00039  ? llog_process_thread+0x1fd2/0x4f70 [obdclass]
00039  ? _raw_spin_unlock+0x23/0x40
00039  ? llog_process_thread_daemonize+0x16d/0x1b0 [obdclass]
00039  ? kthread+0x2cd/0x3a0
00039  ? llog_process_or_fork+0xc90/0xc90 [obdclass]
00039  ? kthread_unuse_mm+0x130/0x130
00039  ? ret_from_fork+0x18c/0x520
00039  ? kthread_unuse_mm+0x130/0x130
00039  ? ret_from_fork_asm+0x11/0x20
00039  </TASK>
00039 ---[ end trace 0000000000000000 ]---
00039 ------------[ cut here ]------------
00039 WARNING: /home/ktest/git/linux/include/linux/fs.h:889 at osd_create+0x9cf/0xcf0 [osd_wbcfs], CPU#13: llog_process_th/1924
00039 Modules linked in: mdd(O) lod(O) mdt(O) lquota(O) lfsck(O) mgs(O) osd_wbcfs(O) lustre(O) obdecho(O) mgc(O) mdc(O) lov(O) osc(O) lmv(O) ec(O) fid(O) fld(O) ptlrpc(O) efivarfs obdclass(O) ksocklnd(O) lnet(O) libcfs(O)
00039 CPU: 13 UID: 0 PID: 1924 Comm: llog_process_th Tainted: G        W  O        7.0.0-ktest-de16992-6330a45-20260728-dirty #1 PREEMPT 
00039 Tainted: [W]=WARN, [O]=OOT_MODULE
00039 Hardware name: QEMU Standard PC (Q35 + ICH9, 2009), BIOS 2025.11-3ubuntu7 03/31/2026
00039 RIP: 0010:osd_create+0x9cf/0xcf0 [osd_wbcfs]
00039 Code: c7 c7 00 16 7c a1 48 c7 c6 a0 92 7d a1 48 c7 c2 00 9c 7d a1 e8 82 dd 43 ff 48 c7 c7 00 16 7c a1 e8 f6 6a 44 ff e9 fe fc ff ff <0f> 0b e9 a5 fa ff ff 48 c7 c1 80 44 5d a0 80 e1 07 80 c1 03 38 c1
00039 RSP: 0018:ffffc90001d47430 EFLAGS: 00010246
00039 RAX: 0000000000000000 RBX: ffff888147ef4400 RCX: 0000000000000046
00039 RDX: 0000000000000000 RSI: ffff8881192a7450 RDI: ffff88818ebc4b18
00039 RBP: ffff8881192a73c0 R08: ffffffff83a16803 R09: 1ffffffff0742d00
00039 R10: dffffc0000000000 R11: fffffbfff0742d01 R12: ffffc90001d47530
00039 R13: dffffc0000000000 R14: 1ffff11028fde880 R15: 1ffff920003a8ea4
00039 FS:  0000000000000000(0000) GS:ffff88831eaad000(0000) knlGS:0000000000000000
00039 CS:  0010 DS: 0000 ES: 0000 CR0: 0000000080050033
00039 CR2: 00007f82e41e6194 CR3: 0000000004274000 CR4: 0000000000750eb0
00039 PKRU: 55555554
00039 Call Trace:
00039  <TASK>
00039  ? dt_find_or_create+0x81a/0x1170 [obdclass]
00039  ? seq_store_init+0x155/0x360 [fid]
00039  ? seq_server_init+0x290/0xba0 [fid]
00039  ? mdt_seq_init+0x513/0x1ef0 [mdt]
00039  ? fld_server_init+0x34e/0x580 [fld]
00039  ? mdt_device_alloc+0x39c5/0x66c0 [mdt]
00039  ? __alloc_tagging_slab_alloc_hook+0x136/0x190
00039  ? obd_setup+0x25c/0x960 [obdclass]
00039  ? class_setup+0xc7d/0x10e0 [obdclass]
00039  ? class_process_config+0x2edb/0x7cb0 [obdclass]
00039  ? __kasan_kmalloc+0x72/0x80
00039  ? class_config_llog_handler+0x2954/0x4f80 [obdclass]
00039  ? class_config_llog_handler+0x2cea/0x4f80 [obdclass]
00039  ? lustre_cfg_rec_free+0x350/0x350 [obdclass]
00039  ? llog_process_thread+0x1fd2/0x4f70 [obdclass]
00039  ? _raw_spin_unlock+0x23/0x40
00039  ? llog_process_thread_daemonize+0x16d/0x1b0 [obdclass]
00039  ? kthread+0x2cd/0x3a0
00039  ? llog_process_or_fork+0xc90/0xc90 [obdclass]
00039  ? kthread_unuse_mm+0x130/0x130
00039  ? ret_from_fork+0x18c/0x520
00039  ? kthread_unuse_mm+0x130/0x130
00039  ? ret_from_fork_asm+0x11/0x20
00039  </TASK>
00039 ---[ end trace 0000000000000000 ]---
00039 Lustre: ctl-lustre-MDT0000: No data found on store. Initialize space.
00039 ------------[ cut here ]------------
00039 WARNING: /home/ktest/git/linux/include/linux/fs.h:889 at osd_create+0x9cf/0xcf0 [osd_wbcfs], CPU#13: llog_process_th/1924
00039 Modules linked in: mdd(O) lod(O) mdt(O) lquota(O) lfsck(O) mgs(O) osd_wbcfs(O) lustre(O) obdecho(O) mgc(O) mdc(O) lov(O) osc(O) lmv(O) ec(O) fid(O) fld(O) ptlrpc(O) efivarfs obdclass(O) ksocklnd(O) lnet(O) libcfs(O)
00039 CPU: 13 UID: 0 PID: 1924 Comm: llog_process_th Tainted: G        W  O        7.0.0-ktest-de16992-6330a45-20260728-dirty #1 PREEMPT 
00039 Tainted: [W]=WARN, [O]=OOT_MODULE
00039 Hardware name: QEMU Standard PC (Q35 + ICH9, 2009), BIOS 2025.11-3ubuntu7 03/31/2026
00039 RIP: 0010:osd_create+0x9cf/0xcf0 [osd_wbcfs]
00039 Code: c7 c7 00 16 7c a1 48 c7 c6 a0 92 7d a1 48 c7 c2 00 9c 7d a1 e8 82 dd 43 ff 48 c7 c7 00 16 7c a1 e8 f6 6a 44 ff e9 fe fc ff ff <0f> 0b e9 a5 fa ff ff 48 c7 c1 80 44 5d a0 80 e1 07 80 c1 03 38 c1
00039 RSP: 0018:ffffc90001d47430 EFLAGS: 00010246
00039 RAX: 0000000000000000 RBX: ffff888147ef4800 RCX: 0000000000000046
00039 RDX: 0000000000000000 RSI: ffff8881192a6d38 RDI: ffff88818ebc4b18
00039 RBP: ffff8881192a6ca8 R08: ffffffff83a16803 R09: 1ffffffff0742d00
00039 R10: dffffc0000000000 R11: fffffbfff0742d01 R12: ffffc90001d47530
00039 R13: dffffc0000000000 R14: 1ffff11028fde900 R15: 1ffff920003a8ea4
00039 FS:  0000000000000000(0000) GS:ffff88831eaad000(0000) knlGS:0000000000000000
00039 CS:  0010 DS: 0000 ES: 0000 CR0: 0000000080050033
00039 CR2: 00007f82e41e6194 CR3: 0000000004274000 CR4: 0000000000750eb0
00039 PKRU: 55555554
00039 Call Trace:
00039  <TASK>
00039  ? dt_find_or_create+0x81a/0x1170 [obdclass]
00039  ? seq_store_init+0x155/0x360 [fid]
00039  ? seq_server_init+0x290/0xba0 [fid]
00039  ? mdt_seq_init+0x2c1/0x1ef0 [mdt]
00039  ? fld_server_init+0x34e/0x580 [fld]
00039  ? mdt_device_alloc+0x39c5/0x66c0 [mdt]
00039  ? __alloc_tagging_slab_alloc_hook+0x136/0x190
00039  ? obd_setup+0x25c/0x960 [obdclass]
00039  ? class_setup+0xc7d/0x10e0 [obdclass]
00039  ? class_process_config+0x2edb/0x7cb0 [obdclass]
00039  ? __kasan_kmalloc+0x72/0x80
00039  ? class_config_llog_handler+0x2954/0x4f80 [obdclass]
00039  ? class_config_llog_handler+0x2cea/0x4f80 [obdclass]
00039  ? lustre_cfg_rec_free+0x350/0x350 [obdclass]
00039  ? llog_process_thread+0x1fd2/0x4f70 [obdclass]
00039  ? _raw_spin_unlock+0x23/0x40
00039  ? llog_process_thread_daemonize+0x16d/0x1b0 [obdclass]
00039  ? kthread+0x2cd/0x3a0
00039  ? llog_process_or_fork+0xc90/0xc90 [obdclass]
00039  ? kthread_unuse_mm+0x130/0x130
00039  ? ret_from_fork+0x18c/0x520
00039  ? kthread_unuse_mm+0x130/0x130
00039  ? ret_from_fork_asm+0x11/0x20
00039  </TASK>
00039 ---[ end trace 0000000000000000 ]---
00039 ------------[ cut here ]------------
00039 WARNING: /home/ktest/git/linux/include/linux/fs.h:889 at osd_create+0x9cf/0xcf0 [osd_wbcfs], CPU#13: llog_process_th/1924
00039 Modules linked in: mdd(O) lod(O) mdt(O) lquota(O) lfsck(O) mgs(O) osd_wbcfs(O) lustre(O) obdecho(O) mgc(O) mdc(O) lov(O) osc(O) lmv(O) ec(O) fid(O) fld(O) ptlrpc(O) efivarfs obdclass(O) ksocklnd(O) lnet(O) libcfs(O)
00039 CPU: 13 UID: 0 PID: 1924 Comm: llog_process_th Tainted: G        W  O        7.0.0-ktest-de16992-6330a45-20260728-dirty #1 PREEMPT 
00039 Tainted: [W]=WARN, [O]=OOT_MODULE
00039 Hardware name: QEMU Standard PC (Q35 + ICH9, 2009), BIOS 2025.11-3ubuntu7 03/31/2026
00039 RIP: 0010:osd_create+0x9cf/0xcf0 [osd_wbcfs]
00039 Code: c7 c7 00 16 7c a1 48 c7 c6 a0 92 7d a1 48 c7 c2 00 9c 7d a1 e8 82 dd 43 ff 48 c7 c7 00 16 7c a1 e8 f6 6a 44 ff e9 fe fc ff ff <0f> 0b e9 a5 fa ff ff 48 c7 c1 80 44 5d a0 80 e1 07 80 c1 03 38 c1
00039 RSP: 0018:ffffc90001d47470 EFLAGS: 00010246
00039 RAX: 0000000000000000 RBX: ffff88814db2dc00 RCX: 0000000000000046
00039 RDX: 0000000000000000 RSI: ffff8881192a6620 RDI: ffff88818ebc4b18
00039 RBP: ffff8881192a6590 R08: ffffffff83a16803 R09: 1ffffffff0742d00
00039 R10: dffffc0000000000 R11: fffffbfff0742d01 R12: ffffc90001d475e0
00039 R13: dffffc0000000000 R14: 1ffff11029b65b80 R15: 1ffff920003a8ec9
00039 FS:  0000000000000000(0000) GS:ffff88831eaad000(0000) knlGS:0000000000000000
00039 CS:  0010 DS: 0000 ES: 0000 CR0: 0000000080050033
00039 CR2: 00007f82e41e6194 CR3: 0000000004274000 CR4: 0000000000750eb0
00039 PKRU: 55555554
00039 Call Trace:
00039  <TASK>
00039  ? dt_find_or_create+0x81a/0x1170 [obdclass]
00039  ? tgt_init+0xb72/0x2a60 [ptlrpc]
00039  ? mdt_device_alloc+0x3ce7/0x66c0 [mdt]
00039  ? __alloc_tagging_slab_alloc_hook+0x136/0x190
00039  ? obd_setup+0x25c/0x960 [obdclass]
00039  ? class_setup+0xc7d/0x10e0 [obdclass]
00039  ? class_process_config+0x2edb/0x7cb0 [obdclass]
00039  ? __kasan_kmalloc+0x72/0x80
00039  ? class_config_llog_handler+0x2954/0x4f80 [obdclass]
00039  ? class_config_llog_handler+0x2cea/0x4f80 [obdclass]
00039  ? lustre_cfg_rec_free+0x350/0x350 [obdclass]
00039  ? llog_process_thread+0x1fd2/0x4f70 [obdclass]
00039  ? _raw_spin_unlock+0x23/0x40
00039  ? llog_process_thread_daemonize+0x16d/0x1b0 [obdclass]
00039  ? kthread+0x2cd/0x3a0
00039  ? llog_process_or_fork+0xc90/0xc90 [obdclass]
00039  ? kthread_unuse_mm+0x130/0x130
00039  ? ret_from_fork+0x18c/0x520
00039  ? kthread_unuse_mm+0x130/0x130
00039  ? ret_from_fork_asm+0x11/0x20
00039  </TASK>
00039 ---[ end trace 0000000000000000 ]---
00039 Lustre: lustre-MDT0000: new disk, initializing
00039 ------------[ cut here ]------------
00039 WARNING: /home/ktest/git/linux/include/linux/fs.h:889 at osd_create+0x9cf/0xcf0 [osd_wbcfs], CPU#13: llog_process_th/1924
00039 Modules linked in: mdd(O) lod(O) mdt(O) lquota(O) lfsck(O) mgs(O) osd_wbcfs(O) lustre(O) obdecho(O) mgc(O) mdc(O) lov(O) osc(O) lmv(O) ec(O) fid(O) fld(O) ptlrpc(O) efivarfs obdclass(O) ksocklnd(O) lnet(O) libcfs(O)
00039 CPU: 13 UID: 0 PID: 1924 Comm: llog_process_th Tainted: G        W  O        7.0.0-ktest-de16992-6330a45-20260728-dirty #1 PREEMPT 
00039 Tainted: [W]=WARN, [O]=OOT_MODULE
00039 Hardware name: QEMU Standard PC (Q35 + ICH9, 2009), BIOS 2025.11-3ubuntu7 03/31/2026
00039 RIP: 0010:osd_create+0x9cf/0xcf0 [osd_wbcfs]
00039 Code: c7 c7 00 16 7c a1 48 c7 c6 a0 92 7d a1 48 c7 c2 00 9c 7d a1 e8 82 dd 43 ff 48 c7 c7 00 16 7c a1 e8 f6 6a 44 ff e9 fe fc ff ff <0f> 0b e9 a5 fa ff ff 48 c7 c1 80 44 5d a0 80 e1 07 80 c1 03 38 c1
00039 RSP: 0018:ffffc90001d47470 EFLAGS: 00010246
00039 RAX: 0000000000000000 RBX: ffff88814db2c800 RCX: 0000000000000046
00039 RDX: 0000000000000000 RSI: ffff8881192a5f08 RDI: ffff88818ebc4b18
00039 RBP: ffff8881192a5e78 R08: ffffffff83a16803 R09: 1ffffffff0742d00
00039 R10: dffffc0000000000 R11: fffffbfff0742d01 R12: ffffc90001d475e0
00039 R13: dffffc0000000000 R14: 1ffff11029b65900 R15: 1ffff920003a8ec9
00039 FS:  0000000000000000(0000) GS:ffff88831eaad000(0000) knlGS:0000000000000000
00039 CS:  0010 DS: 0000 ES: 0000 CR0: 0000000080050033
00039 CR2: 00007f82e41e6194 CR3: 0000000004274000 CR4: 0000000000750eb0
00039 PKRU: 55555554
00039 Call Trace:
00039  <TASK>
00039  ? dt_find_or_create+0x81a/0x1170 [obdclass]
00039  ? tgt_init+0x1a98/0x2a60 [ptlrpc]
00039  ? mdt_device_alloc+0x3ce7/0x66c0 [mdt]
00039  ? __alloc_tagging_slab_alloc_hook+0x136/0x190
00039  ? obd_setup+0x25c/0x960 [obdclass]
00039  ? class_setup+0xc7d/0x10e0 [obdclass]
00039  ? class_process_config+0x2edb/0x7cb0 [obdclass]
00039  ? __kasan_kmalloc+0x72/0x80
00039  ? class_config_llog_handler+0x2954/0x4f80 [obdclass]
00039  ? class_config_llog_handler+0x2cea/0x4f80 [obdclass]
00039  ? lustre_cfg_rec_free+0x350/0x350 [obdclass]
00039  ? llog_process_thread+0x1fd2/0x4f70 [obdclass]
00039  ? _raw_spin_unlock+0x23/0x40
00039  ? llog_process_thread_daemonize+0x16d/0x1b0 [obdclass]
00039  ? kthread+0x2cd/0x3a0
00039  ? llog_process_or_fork+0xc90/0xc90 [obdclass]
00039  ? kthread_unuse_mm+0x130/0x130
00039  ? ret_from_fork+0x18c/0x520
00039  ? kthread_unuse_mm+0x130/0x130
00039  ? ret_from_fork_asm+0x11/0x20
00039  </TASK>
00039 ---[ end trace 0000000000000000 ]---
00039 ------------[ cut here ]------------
00039 WARNING: /home/ktest/git/linux/include/linux/fs.h:889 at osd_create+0x9cf/0xcf0 [osd_wbcfs], CPU#13: llog_process_th/1924
00039 Modules linked in: mdd(O) lod(O) mdt(O) lquota(O) lfsck(O) mgs(O) osd_wbcfs(O) lustre(O) obdecho(O) mgc(O) mdc(O) lov(O) osc(O) lmv(O) ec(O) fid(O) fld(O) ptlrpc(O) efivarfs obdclass(O) ksocklnd(O) lnet(O) libcfs(O)
00039 CPU: 13 UID: 0 PID: 1924 Comm: llog_process_th Tainted: G        W  O        7.0.0-ktest-de16992-6330a45-20260728-dirty #1 PREEMPT 
00039 Tainted: [W]=WARN, [O]=OOT_MODULE
00039 Hardware name: QEMU Standard PC (Q35 + ICH9, 2009), BIOS 2025.11-3ubuntu7 03/31/2026
00039 RIP: 0010:osd_create+0x9cf/0xcf0 [osd_wbcfs]
00039 Code: c7 c7 00 16 7c a1 48 c7 c6 a0 92 7d a1 48 c7 c2 00 9c 7d a1 e8 82 dd 43 ff 48 c7 c7 00 16 7c a1 e8 f6 6a 44 ff e9 fe fc ff ff <0f> 0b e9 a5 fa ff ff 48 c7 c1 80 44 5d a0 80 e1 07 80 c1 03 38 c1
00039 RSP: 0018:ffffc90001d47370 EFLAGS: 00010246
00039 RAX: 0000000000000000 RBX: ffff888151c12c00 RCX: 0000000000000046
00039 RDX: 0000000000000000 RSI: ffff8881192a57f0 RDI: ffff88818ebc4b18
00039 RBP: ffff8881192a5760 R08: ffffffff83a16803 R09: 1ffffffff0742d00
00039 R10: dffffc0000000000 R11: fffffbfff0742d01 R12: ffff8881402e0418
00039 R13: dffffc0000000000 R14: 1ffff1102a382580 R15: 1ffff1102805c092
00039 FS:  0000000000000000(0000) GS:ffff88831eaad000(0000) knlGS:0000000000000000
00039 CS:  0010 DS: 0000 ES: 0000 CR0: 0000000080050033
00039 CR2: 00007f82e41e6194 CR3: 0000000004274000 CR4: 0000000000750eb0
00039 PKRU: 55555554
00039 Call Trace:
00039  <TASK>
00039  ? local_object_create+0x109/0x640 [obdclass]
00039  ? dt_write_lock+0x16d/0x2a0 [obdclass]
00039  ? __local_file_create+0xce4/0x1bc0 [obdclass]
00039  ? local_file_find_or_create+0x13c/0x1d0 [obdclass]
00039  ? lquota_disk_dir_find_create+0x31f/0xd10 [lquota]
00039  ? qmt_device_prepare+0x157/0x600 [lquota]
00039  ? mdt_quota_init+0x1a65/0x3220 [mdt]
00039  ? mdt_tunables_init+0x3e6/0x530 [mdt]
00039  ? mdt_device_alloc+0x46a6/0x66c0 [mdt]
00039  ? obd_setup+0x25c/0x960 [obdclass]
00039  ? class_setup+0xc7d/0x10e0 [obdclass]
00039  ? class_process_config+0x2edb/0x7cb0 [obdclass]
00039  ? __kasan_kmalloc+0x72/0x80
00039  ? class_config_llog_handler+0x2954/0x4f80 [obdclass]
00039  ? class_config_llog_handler+0x2cea/0x4f80 [obdclass]
00039  ? lustre_cfg_rec_free+0x350/0x350 [obdclass]
00039  ? llog_process_thread+0x1fd2/0x4f70 [obdclass]
00039  ? _raw_spin_unlock+0x23/0x40
00039  ? llog_process_thread_daemonize+0x16d/0x1b0 [obdclass]
00039  ? kthread+0x2cd/0x3a0
00039  ? llog_process_or_fork+0xc90/0xc90 [obdclass]
00039  ? kthread_unuse_mm+0x130/0x130
00039  ? ret_from_fork+0x18c/0x520
00039  ? kthread_unuse_mm+0x130/0x130
00039  ? ret_from_fork_asm+0x11/0x20
00039  </TASK>
00039 ---[ end trace 0000000000000000 ]---
00039 ------------[ cut here ]------------
00039 WARNING: /home/ktest/git/linux/include/linux/fs.h:889 at osd_create+0x9cf/0xcf0 [osd_wbcfs], CPU#13: llog_process_th/1924
00039 Modules linked in: mdd(O) lod(O) mdt(O) lquota(O) lfsck(O) mgs(O) osd_wbcfs(O) lustre(O) obdecho(O) mgc(O) mdc(O) lov(O) osc(O) lmv(O) ec(O) fid(O) fld(O) ptlrpc(O) efivarfs obdclass(O) ksocklnd(O) lnet(O) libcfs(O)
00039 CPU: 13 UID: 0 PID: 1924 Comm: llog_process_th Tainted: G        W  O        7.0.0-ktest-de16992-6330a45-20260728-dirty #1 PREEMPT 
00039 Tainted: [W]=WARN, [O]=OOT_MODULE
00039 Hardware name: QEMU Standard PC (Q35 + ICH9, 2009), BIOS 2025.11-3ubuntu7 03/31/2026
00039 RIP: 0010:osd_create+0x9cf/0xcf0 [osd_wbcfs]
00039 Code: c7 c7 00 16 7c a1 48 c7 c6 a0 92 7d a1 48 c7 c2 00 9c 7d a1 e8 82 dd 43 ff 48 c7 c7 00 16 7c a1 e8 f6 6a 44 ff e9 fe fc ff ff <0f> 0b e9 a5 fa ff ff 48 c7 c1 80 44 5d a0 80 e1 07 80 c1 03 38 c1
00039 RSP: 0018:ffffc90001d47270 EFLAGS: 00010246
00039 RAX: 0000000000000000 RBX: ffff888151c16400 RCX: 0000000000000046
00039 RDX: 0000000000000000 RSI: ffff8881192a50d8 RDI: ffff88818ebc4b18
00039 RBP: ffff8881192a5048 R08: ffffffff83a16803 R09: 1ffffffff0742d00
00039 R10: dffffc0000000000 R11: fffffbfff0742d01 R12: ffff8881402e0418
00039 R13: dffffc0000000000 R14: 1ffff1102a382c80 R15: 1ffff1102805c092
00039 FS:  0000000000000000(0000) GS:ffff88831eaad000(0000) knlGS:0000000000000000
00039 CS:  0010 DS: 0000 ES: 0000 CR0: 0000000080050033
00039 CR2: 00007f82e41e6194 CR3: 0000000004274000 CR4: 0000000000750eb0
00039 PKRU: 55555554
00039 Call Trace:
00039  <TASK>
00039  ? local_object_create+0x109/0x640 [obdclass]
00039  ? dt_write_lock+0x16d/0x2a0 [obdclass]
00039  ? __local_file_create+0xce4/0x1bc0 [obdclass]
00039  ? local_file_find_or_create+0x13c/0x1d0 [obdclass]
00039  ? lquota_disk_dir_find_create+0x31f/0xd10 [lquota]
00039  ? qmt_pool_prepare+0x3ee/0x16f0 [lquota]
00039  ? qmt_device_prepare+0x25f/0x600 [lquota]
00039  ? mdt_quota_init+0x1a65/0x3220 [mdt]
00039  ? mdt_tunables_init+0x3e6/0x530 [mdt]
00039  ? mdt_device_alloc+0x46a6/0x66c0 [mdt]
00039  ? obd_setup+0x25c/0x960 [obdclass]
00039  ? class_setup+0xc7d/0x10e0 [obdclass]
00039  ? class_process_config+0x2edb/0x7cb0 [obdclass]
00039  ? __kasan_kmalloc+0x72/0x80
00039  ? class_config_llog_handler+0x2954/0x4f80 [obdclass]
00039  ? class_config_llog_handler+0x2cea/0x4f80 [obdclass]
00039  ? lustre_cfg_rec_free+0x350/0x350 [obdclass]
00039  ? llog_process_thread+0x1fd2/0x4f70 [obdclass]
00039  ? _raw_spin_unlock+0x23/0x40
00039  ? llog_process_thread_daemonize+0x16d/0x1b0 [obdclass]
00039  ? kthread+0x2cd/0x3a0
00039  ? llog_process_or_fork+0xc90/0xc90 [obdclass]
00039  ? kthread_unuse_mm+0x130/0x130
00039  ? ret_from_fork+0x18c/0x520
00039  ? kthread_unuse_mm+0x130/0x130
00039  ? ret_from_fork_asm+0x11/0x20
00039  </TASK>
00039 ---[ end trace 0000000000000000 ]---
00039 ------------[ cut here ]------------
00039 WARNING: /home/ktest/git/linux/include/linux/fs.h:889 at osd_create+0x9cf/0xcf0 [osd_wbcfs], CPU#13: llog_process_th/1924
00039 Modules linked in: mdd(O) lod(O) mdt(O) lquota(O) lfsck(O) mgs(O) osd_wbcfs(O) lustre(O) obdecho(O) mgc(O) mdc(O) lov(O) osc(O) lmv(O) ec(O) fid(O) fld(O) ptlrpc(O) efivarfs obdclass(O) ksocklnd(O) lnet(O) libcfs(O)
00039 CPU: 13 UID: 0 PID: 1924 Comm: llog_process_th Tainted: G        W  O        7.0.0-ktest-de16992-6330a45-20260728-dirty #1 PREEMPT 
00039 Tainted: [W]=WARN, [O]=OOT_MODULE
00039 Hardware name: QEMU Standard PC (Q35 + ICH9, 2009), BIOS 2025.11-3ubuntu7 03/31/2026
00039 RIP: 0010:osd_create+0x9cf/0xcf0 [osd_wbcfs]
00039 Code: c7 c7 00 16 7c a1 48 c7 c6 a0 92 7d a1 48 c7 c2 00 9c 7d a1 e8 82 dd 43 ff 48 c7 c7 00 16 7c a1 e8 f6 6a 44 ff e9 fe fc ff ff <0f> 0b e9 a5 fa ff ff 48 c7 c1 80 44 5d a0 80 e1 07 80 c1 03 38 c1
00039 RSP: 0018:ffffc90001d47258 EFLAGS: 00010246
00039 RAX: 0000000000000000 RBX: ffff888151c13800 RCX: 0000000000000046
00039 RDX: ffffffff84c41d40 RSI: ffff8881192a49c0 RDI: ffff88818ebc4b18
00039 RBP: ffff8881192a4930 R08: 0000000000000001 R09: 0000000000000000
00039 R10: dffffc0000000000 R11: ffffed102325491b R12: ffff8881402e0418
00039 R13: dffffc0000000000 R14: 1ffff1102a382700 R15: 1ffff1102805c092
00039 FS:  0000000000000000(0000) GS:ffff88831eaad000(0000) knlGS:0000000000000000
00039 CS:  0010 DS: 0000 ES: 0000 CR0: 0000000080050033
00039 CR2: 00007f82e41e6194 CR3: 0000000004274000 CR4: 0000000000750eb0
00039 PKRU: 55555554
00039 Call Trace:
00039  <TASK>
00039  ? local_object_create+0x109/0x640 [obdclass]
00039  ? dt_write_lock+0x16d/0x2a0 [obdclass]
00039  ? __local_file_create+0xce4/0x1bc0 [obdclass]
00039  ? local_index_find_or_create_with_fid+0x20d/0x3c0 [obdclass]
00039  ? lquota_disk_glb_find_create+0x3e7/0xe50 [lquota]
00039  ? qmt_pool_prepare+0x5af/0x16f0 [lquota]
00039  ? qmt_device_prepare+0x25f/0x600 [lquota]
00039  ? mdt_quota_init+0x1a65/0x3220 [mdt]
00039  ? mdt_tunables_init+0x3e6/0x530 [mdt]
00039  ? mdt_device_alloc+0x46a6/0x66c0 [mdt]
00039  ? obd_setup+0x25c/0x960 [obdclass]
00039  ? class_setup+0xc7d/0x10e0 [obdclass]
00039  ? class_process_config+0x2edb/0x7cb0 [obdclass]
00039  ? __kasan_kmalloc+0x72/0x80
00039  ? class_config_llog_handler+0x2954/0x4f80 [obdclass]
00039  ? class_config_llog_handler+0x2cea/0x4f80 [obdclass]
00039  ? lustre_cfg_rec_free+0x350/0x350 [obdclass]
00039  ? llog_process_thread+0x1fd2/0x4f70 [obdclass]
00039  ? _raw_spin_unlock+0x23/0x40
00039  ? llog_process_thread_daemonize+0x16d/0x1b0 [obdclass]
00039  ? kthread+0x2cd/0x3a0
00039  ? llog_process_or_fork+0xc90/0xc90 [obdclass]
00039  ? kthread_unuse_mm+0x130/0x130
00039  ? ret_from_fork+0x18c/0x520
00039  ? kthread_unuse_mm+0x130/0x130
00039  ? ret_from_fork_asm+0x11/0x20
00039  </TASK>
00039 ---[ end trace 0000000000000000 ]---
00039 ------------[ cut here ]------------
00039 WARNING: /home/ktest/git/linux/include/linux/fs.h:889 at osd_create+0x9cf/0xcf0 [osd_wbcfs], CPU#13: llog_process_th/1924
00039 Modules linked in: mdd(O) lod(O) mdt(O) lquota(O) lfsck(O) mgs(O) osd_wbcfs(O) lustre(O) obdecho(O) mgc(O) mdc(O) lov(O) osc(O) lmv(O) ec(O) fid(O) fld(O) ptlrpc(O) efivarfs obdclass(O) ksocklnd(O) lnet(O) libcfs(O)
00039 CPU: 13 UID: 0 PID: 1924 Comm: llog_process_th Tainted: G        W  O        7.0.0-ktest-de16992-6330a45-20260728-dirty #1 PREEMPT 
00039 Tainted: [W]=WARN, [O]=OOT_MODULE
00039 Hardware name: QEMU Standard PC (Q35 + ICH9, 2009), BIOS 2025.11-3ubuntu7 03/31/2026
00039 RIP: 0010:osd_create+0x9cf/0xcf0 [osd_wbcfs]
00039 Code: c7 c7 00 16 7c a1 48 c7 c6 a0 92 7d a1 48 c7 c2 00 9c 7d a1 e8 82 dd 43 ff 48 c7 c7 00 16 7c a1 e8 f6 6a 44 ff e9 fe fc ff ff <0f> 0b e9 a5 fa ff ff 48 c7 c1 80 44 5d a0 80 e1 07 80 c1 03 38 c1
00039 RSP: 0018:ffffc90001d47258 EFLAGS: 00010246
00039 RAX: 0000000000000000 RBX: ffff88815413bc00 RCX: 0000000000000046
00039 RDX: ffffffff84c41d40 RSI: ffff8881192a42a8 RDI: ffff88818ebc4b18
00039 RBP: ffff8881192a4218 R08: 0000000000000001 R09: 0000000000000000
00039 R10: dffffc0000000000 R11: ffffed1023254838 R12: ffff8881402e0418
00039 R13: dffffc0000000000 R14: 1ffff1102a827780 R15: 1ffff1102805c092
00039 FS:  0000000000000000(0000) GS:ffff88831eaad000(0000) knlGS:0000000000000000
00039 CS:  0010 DS: 0000 ES: 0000 CR0: 0000000080050033
00039 CR2: 00007f82e41e6194 CR3: 0000000004274000 CR4: 0000000000750eb0
00039 PKRU: 55555554
00039 Call Trace:
00039  <TASK>
00039  ? local_object_create+0x109/0x640 [obdclass]
00039  ? dt_write_lock+0x16d/0x2a0 [obdclass]
00039  ? __local_file_create+0xce4/0x1bc0 [obdclass]
00039  ? local_index_find_or_create_with_fid+0x20d/0x3c0 [obdclass]
00039  ? lquota_disk_glb_find_create+0x3e7/0xe50 [lquota]
00039  ? lprocfs_seq_create+0x120/0x340 [obdclass]
00039  ? qmt_pool_prepare+0x5af/0x16f0 [lquota]
00039  ? qmt_device_prepare+0x25f/0x600 [lquota]
00039  ? mdt_quota_init+0x1a65/0x3220 [mdt]
00039  ? mdt_tunables_init+0x3e6/0x530 [mdt]
00039  ? mdt_device_alloc+0x46a6/0x66c0 [mdt]
00039  ? obd_setup+0x25c/0x960 [obdclass]
00039  ? class_setup+0xc7d/0x10e0 [obdclass]
00039  ? class_process_config+0x2edb/0x7cb0 [obdclass]
00039  ? __kasan_kmalloc+0x72/0x80
00039  ? class_config_llog_handler+0x2954/0x4f80 [obdclass]
00039  ? class_config_llog_handler+0x2cea/0x4f80 [obdclass]
00039  ? lustre_cfg_rec_free+0x350/0x350 [obdclass]
00039  ? llog_process_thread+0x1fd2/0x4f70 [obdclass]
00039  ? _raw_spin_unlock+0x23/0x40
00039  ? llog_process_thread_daemonize+0x16d/0x1b0 [obdclass]
00039  ? kthread+0x2cd/0x3a0
00039  ? llog_process_or_fork+0xc90/0xc90 [obdclass]
00039  ? kthread_unuse_mm+0x130/0x130
00039  ? ret_from_fork+0x18c/0x520
00039  ? kthread_unuse_mm+0x130/0x130
00039  ? ret_from_fork_asm+0x11/0x20
00039  </TASK>
00039 ---[ end trace 0000000000000000 ]---
00039 ------------[ cut here ]------------
00039 WARNING: /home/ktest/git/linux/include/linux/fs.h:889 at osd_create+0x9cf/0xcf0 [osd_wbcfs], CPU#13: llog_process_th/1924
00039 Modules linked in: mdd(O) lod(O) mdt(O) lquota(O) lfsck(O) mgs(O) osd_wbcfs(O) lustre(O) obdecho(O) mgc(O) mdc(O) lov(O) osc(O) lmv(O) ec(O) fid(O) fld(O) ptlrpc(O) efivarfs obdclass(O) ksocklnd(O) lnet(O) libcfs(O)
00039 CPU: 13 UID: 0 PID: 1924 Comm: llog_process_th Tainted: G        W  O        7.0.0-ktest-de16992-6330a45-20260728-dirty #1 PREEMPT 
00039 Tainted: [W]=WARN, [O]=OOT_MODULE
00039 Hardware name: QEMU Standard PC (Q35 + ICH9, 2009), BIOS 2025.11-3ubuntu7 03/31/2026
00039 RIP: 0010:osd_create+0x9cf/0xcf0 [osd_wbcfs]
00039 Code: c7 c7 00 16 7c a1 48 c7 c6 a0 92 7d a1 48 c7 c2 00 9c 7d a1 e8 82 dd 43 ff 48 c7 c7 00 16 7c a1 e8 f6 6a 44 ff e9 fe fc ff ff <0f> 0b e9 a5 fa ff ff 48 c7 c1 80 44 5d a0 80 e1 07 80 c1 03 38 c1
00039 RSP: 0018:ffffc90001d47258 EFLAGS: 00010246
00039 RAX: 0000000000000000 RBX: ffff88815413cc00 RCX: 0000000000000046
00039 RDX: ffffffff84c41d40 RSI: ffff8881192a3b90 RDI: ffff88818ebc4b18
00039 RBP: ffff8881192a3b00 R08: 0000000000000001 R09: 0000000000000000
00039 R10: dffffc0000000000 R11: ffffed1023254755 R12: ffff8881402e0418
00039 R13: dffffc0000000000 R14: 1ffff1102a827980 R15: 1ffff1102805c092
00039 FS:  0000000000000000(0000) GS:ffff88831eaad000(0000) knlGS:0000000000000000
00039 CS:  0010 DS: 0000 ES: 0000 CR0: 0000000080050033
00039 CR2: 00007f82e41e6194 CR3: 0000000004274000 CR4: 0000000000750eb0
00039 PKRU: 55555554
00039 Call Trace:
00039  <TASK>
00039  ? local_object_create+0x109/0x640 [obdclass]
00039  ? dt_write_lock+0x16d/0x2a0 [obdclass]
00039  ? __local_file_create+0xce4/0x1bc0 [obdclass]
00039  ? local_index_find_or_create_with_fid+0x20d/0x3c0 [obdclass]
00039  ? lquota_disk_glb_find_create+0x3e7/0xe50 [lquota]
00039  ? lprocfs_seq_create+0x120/0x340 [obdclass]
00039  ? qmt_pool_prepare+0x5af/0x16f0 [lquota]
00039  ? qmt_device_prepare+0x25f/0x600 [lquota]
00039  ? mdt_quota_init+0x1a65/0x3220 [mdt]
00039  ? mdt_tunables_init+0x3e6/0x530 [mdt]
00039  ? mdt_device_alloc+0x46a6/0x66c0 [mdt]
00039  ? obd_setup+0x25c/0x960 [obdclass]
00039  ? class_setup+0xc7d/0x10e0 [obdclass]
00039  ? class_process_config+0x2edb/0x7cb0 [obdclass]
00039  ? __kasan_kmalloc+0x72/0x80
00039  ? class_config_llog_handler+0x2954/0x4f80 [obdclass]
00039  ? class_config_llog_handler+0x2cea/0x4f80 [obdclass]
00039  ? lustre_cfg_rec_free+0x350/0x350 [obdclass]
00039  ? llog_process_thread+0x1fd2/0x4f70 [obdclass]
00039  ? _raw_spin_unlock+0x23/0x40
00039  ? llog_process_thread_daemonize+0x16d/0x1b0 [obdclass]
00039  ? kthread+0x2cd/0x3a0
00039  ? llog_process_or_fork+0xc90/0xc90 [obdclass]
00039  ? kthread_unuse_mm+0x130/0x130
00039  ? ret_from_fork+0x18c/0x520
00039  ? kthread_unuse_mm+0x130/0x130
00039  ? ret_from_fork_asm+0x11/0x20
00039  </TASK>
00039 ---[ end trace 0000000000000000 ]---
00039 ------------[ cut here ]------------
00039 WARNING: /home/ktest/git/linux/include/linux/fs.h:889 at osd_create+0x9cf/0xcf0 [osd_wbcfs], CPU#13: llog_process_th/1924
00039 Modules linked in: mdd(O) lod(O) mdt(O) lquota(O) lfsck(O) mgs(O) osd_wbcfs(O) lustre(O) obdecho(O) mgc(O) mdc(O) lov(O) osc(O) lmv(O) ec(O) fid(O) fld(O) ptlrpc(O) efivarfs obdclass(O) ksocklnd(O) lnet(O) libcfs(O)
00039 CPU: 13 UID: 0 PID: 1924 Comm: llog_process_th Tainted: G        W  O        7.0.0-ktest-de16992-6330a45-20260728-dirty #1 PREEMPT 
00039 Tainted: [W]=WARN, [O]=OOT_MODULE
00039 Hardware name: QEMU Standard PC (Q35 + ICH9, 2009), BIOS 2025.11-3ubuntu7 03/31/2026
00039 RIP: 0010:osd_create+0x9cf/0xcf0 [osd_wbcfs]
00039 Code: c7 c7 00 16 7c a1 48 c7 c6 a0 92 7d a1 48 c7 c2 00 9c 7d a1 e8 82 dd 43 ff 48 c7 c7 00 16 7c a1 e8 f6 6a 44 ff e9 fe fc ff ff <0f> 0b e9 a5 fa ff ff 48 c7 c1 80 44 5d a0 80 e1 07 80 c1 03 38 c1
00039 RSP: 0018:ffffc90001d47270 EFLAGS: 00010246
00039 RAX: 0000000000000000 RBX: ffff88814bf0ec00 RCX: 0000000000000046
00039 RDX: 0000000000000000 RSI: ffff8881192a3478 RDI: ffff88818ebc4b18
00039 RBP: ffff8881192a33e8 R08: ffffffff83a16803 R09: 1ffffffff0742d00
00039 R10: dffffc0000000000 R11: fffffbfff0742d01 R12: ffff8881402e0418
00039 R13: dffffc0000000000 R14: 1ffff110297e1d80 R15: 1ffff1102805c092
00039 FS:  0000000000000000(0000) GS:ffff88831eaad000(0000) knlGS:0000000000000000
00039 CS:  0010 DS: 0000 ES: 0000 CR0: 0000000080050033
00039 CR2: 00007f82e41e6194 CR3: 0000000004274000 CR4: 0000000000750eb0
00039 PKRU: 55555554
00039 Call Trace:
00039  <TASK>
00039  ? local_object_create+0x109/0x640 [obdclass]
00039  ? dt_write_lock+0x16d/0x2a0 [obdclass]
00039  ? __local_file_create+0xce4/0x1bc0 [obdclass]
00039  ? local_file_find_or_create+0x13c/0x1d0 [obdclass]
00039  ? lquota_disk_dir_find_create+0x31f/0xd10 [lquota]
00039  ? qmt_pool_prepare+0x3ee/0x16f0 [lquota]
00039  ? qmt_device_prepare+0x25f/0x600 [lquota]
00039  ? mdt_quota_init+0x1a65/0x3220 [mdt]
00039  ? mdt_tunables_init+0x3e6/0x530 [mdt]
00039  ? mdt_device_alloc+0x46a6/0x66c0 [mdt]
00039  ? obd_setup+0x25c/0x960 [obdclass]
00039  ? class_setup+0xc7d/0x10e0 [obdclass]
00039  ? class_process_config+0x2edb/0x7cb0 [obdclass]
00039  ? __kasan_kmalloc+0x72/0x80
00039  ? class_config_llog_handler+0x2954/0x4f80 [obdclass]
00039  ? class_config_llog_handler+0x2cea/0x4f80 [obdclass]
00039  ? lustre_cfg_rec_free+0x350/0x350 [obdclass]
00039  ? llog_process_thread+0x1fd2/0x4f70 [obdclass]
00039  ? _raw_spin_unlock+0x23/0x40
00039  ? llog_process_thread_daemonize+0x16d/0x1b0 [obdclass]
00039  ? kthread+0x2cd/0x3a0
00039  ? llog_process_or_fork+0xc90/0xc90 [obdclass]
00039  ? kthread_unuse_mm+0x130/0x130
00039  ? ret_from_fork+0x18c/0x520
00039  ? kthread_unuse_mm+0x130/0x130
00039  ? ret_from_fork_asm+0x11/0x20
00039  </TASK>
00039 ---[ end trace 0000000000000000 ]---
00039 ------------[ cut here ]------------
00039 WARNING: /home/ktest/git/linux/include/linux/fs.h:889 at osd_create+0x9cf/0xcf0 [osd_wbcfs], CPU#13: llog_process_th/1924
00039 Modules linked in: mdd(O) lod(O) mdt(O) lquota(O) lfsck(O) mgs(O) osd_wbcfs(O) lustre(O) obdecho(O) mgc(O) mdc(O) lov(O) osc(O) lmv(O) ec(O) fid(O) fld(O) ptlrpc(O) efivarfs obdclass(O) ksocklnd(O) lnet(O) libcfs(O)
00039 CPU: 13 UID: 0 PID: 1924 Comm: llog_process_th Tainted: G        W  O        7.0.0-ktest-de16992-6330a45-20260728-dirty #1 PREEMPT 
00039 Tainted: [W]=WARN, [O]=OOT_MODULE
00039 Hardware name: QEMU Standard PC (Q35 + ICH9, 2009), BIOS 2025.11-3ubuntu7 03/31/2026
00039 RIP: 0010:osd_create+0x9cf/0xcf0 [osd_wbcfs]
00039 Code: c7 c7 00 16 7c a1 48 c7 c6 a0 92 7d a1 48 c7 c2 00 9c 7d a1 e8 82 dd 43 ff 48 c7 c7 00 16 7c a1 e8 f6 6a 44 ff e9 fe fc ff ff <0f> 0b e9 a5 fa ff ff 48 c7 c1 80 44 5d a0 80 e1 07 80 c1 03 38 c1
00039 RSP: 0018:ffffc90001d47258 EFLAGS: 00010246
00039 RAX: 0000000000000000 RBX: ffff88814bf0cc00 RCX: 0000000000000046
00039 RDX: ffffffff84c41d40 RSI: ffff8881192a2d60 RDI: ffff88818ebc4b18
00039 RBP: ffff8881192a2cd0 R08: 0000000000000001 R09: 0000000000000000
00039 R10: dffffc0000000000 R11: ffffed102325458f R12: ffff8881402e0418
00039 R13: dffffc0000000000 R14: 1ffff110297e1980 R15: 1ffff1102805c092
00039 FS:  0000000000000000(0000) GS:ffff88831eaad000(0000) knlGS:0000000000000000
00039 CS:  0010 DS: 0000 ES: 0000 CR0: 0000000080050033
00039 CR2: 00007f82e41e6194 CR3: 0000000004274000 CR4: 0000000000750eb0
00039 PKRU: 55555554
00039 Call Trace:
00039  <TASK>
00039  ? local_object_create+0x109/0x640 [obdclass]
00039  ? dt_write_lock+0x16d/0x2a0 [obdclass]
00039  ? __local_file_create+0xce4/0x1bc0 [obdclass]
00039  ? local_index_find_or_create_with_fid+0x20d/0x3c0 [obdclass]
00039  ? lquota_disk_glb_find_create+0x3e7/0xe50 [lquota]
00039  ? qmt_pool_prepare+0x5af/0x16f0 [lquota]
00039  ? qmt_device_prepare+0x25f/0x600 [lquota]
00039  ? mdt_quota_init+0x1a65/0x3220 [mdt]
00039  ? mdt_tunables_init+0x3e6/0x530 [mdt]
00039  ? mdt_device_alloc+0x46a6/0x66c0 [mdt]
00039  ? obd_setup+0x25c/0x960 [obdclass]
00039  ? class_setup+0xc7d/0x10e0 [obdclass]
00039  ? class_process_config+0x2edb/0x7cb0 [obdclass]
00039  ? __kasan_kmalloc+0x72/0x80
00039  ? class_config_llog_handler+0x2954/0x4f80 [obdclass]
00039  ? class_config_llog_handler+0x2cea/0x4f80 [obdclass]
00039  ? lustre_cfg_rec_free+0x350/0x350 [obdclass]
00039  ? llog_process_thread+0x1fd2/0x4f70 [obdclass]
00039  ? _raw_spin_unlock+0x23/0x40
00039  ? llog_process_thread_daemonize+0x16d/0x1b0 [obdclass]
00039  ? kthread+0x2cd/0x3a0
00039  ? llog_process_or_fork+0xc90/0xc90 [obdclass]
00039  ? kthread_unuse_mm+0x130/0x130
00039  ? ret_from_fork+0x18c/0x520
00039  ? kthread_unuse_mm+0x130/0x130
00039  ? ret_from_fork_asm+0x11/0x20
00039  </TASK>
00039 ---[ end trace 0000000000000000 ]---
00039 ------------[ cut here ]------------
00039 WARNING: /home/ktest/git/linux/include/linux/fs.h:889 at osd_create+0x9cf/0xcf0 [osd_wbcfs], CPU#13: llog_process_th/1924
00039 Modules linked in: mdd(O) lod(O) mdt(O) lquota(O) lfsck(O) mgs(O) osd_wbcfs(O) lustre(O) obdecho(O) mgc(O) mdc(O) lov(O) osc(O) lmv(O) ec(O) fid(O) fld(O) ptlrpc(O) efivarfs obdclass(O) ksocklnd(O) lnet(O) libcfs(O)
00039 CPU: 13 UID: 0 PID: 1924 Comm: llog_process_th Tainted: G        W  O        7.0.0-ktest-de16992-6330a45-20260728-dirty #1 PREEMPT 
00039 Tainted: [W]=WARN, [O]=OOT_MODULE
00039 Hardware name: QEMU Standard PC (Q35 + ICH9, 2009), BIOS 2025.11-3ubuntu7 03/31/2026
00039 RIP: 0010:osd_create+0x9cf/0xcf0 [osd_wbcfs]
00039 Code: c7 c7 00 16 7c a1 48 c7 c6 a0 92 7d a1 48 c7 c2 00 9c 7d a1 e8 82 dd 43 ff 48 c7 c7 00 16 7c a1 e8 f6 6a 44 ff e9 fe fc ff ff <0f> 0b e9 a5 fa ff ff 48 c7 c1 80 44 5d a0 80 e1 07 80 c1 03 38 c1
00039 RSP: 0018:ffffc90001d47258 EFLAGS: 00010246
00039 RAX: 0000000000000000 RBX: ffff888138ae5c00 RCX: 0000000000000046
00039 RDX: ffffffff84c41d40 RSI: ffff88813c9ed0d8 RDI: ffff88818ebc4b18
00039 RBP: ffff88813c9ed048 R08: 0000000000000001 R09: 0000000000000000
00039 R10: dffffc0000000000 R11: ffffed102793d9fe R12: ffff8881402e0418
00039 R13: dffffc0000000000 R14: 1ffff1102715cb80 R15: 1ffff1102805c092
00039 FS:  0000000000000000(0000) GS:ffff88831eaad000(0000) knlGS:0000000000000000
00039 CS:  0010 DS: 0000 ES: 0000 CR0: 0000000080050033
00039 CR2: 00007f82e41e6194 CR3: 0000000004274000 CR4: 0000000000750eb0
00039 PKRU: 55555554
00039 Call Trace:
00039  <TASK>
00039  ? local_object_create+0x109/0x640 [obdclass]
00039  ? dt_write_lock+0x16d/0x2a0 [obdclass]
00039  ? __local_file_create+0xce4/0x1bc0 [obdclass]
00039  ? local_index_find_or_create_with_fid+0x20d/0x3c0 [obdclass]
00039  ? lquota_disk_glb_find_create+0x3e7/0xe50 [lquota]
00039  ? lprocfs_seq_create+0x120/0x340 [obdclass]
00039  ? qmt_pool_prepare+0x5af/0x16f0 [lquota]
00039  ? qmt_device_prepare+0x25f/0x600 [lquota]
00039  ? mdt_quota_init+0x1a65/0x3220 [mdt]
00039  ? mdt_tunables_init+0x3e6/0x530 [mdt]
00039  ? mdt_device_alloc+0x46a6/0x66c0 [mdt]
00039  ? obd_setup+0x25c/0x960 [obdclass]
00039  ? class_setup+0xc7d/0x10e0 [obdclass]
00039  ? class_process_config+0x2edb/0x7cb0 [obdclass]
00039  ? __kasan_kmalloc+0x72/0x80
00039  ? class_config_llog_handler+0x2954/0x4f80 [obdclass]
00039  ? class_config_llog_handler+0x2cea/0x4f80 [obdclass]
00039  ? lustre_cfg_rec_free+0x350/0x350 [obdclass]
00039  ? llog_process_thread+0x1fd2/0x4f70 [obdclass]
00039  ? _raw_spin_unlock+0x23/0x40
00039  ? llog_process_thread_daemonize+0x16d/0x1b0 [obdclass]
00039  ? kthread+0x2cd/0x3a0
00039  ? llog_process_or_fork+0xc90/0xc90 [obdclass]
00039  ? kthread_unuse_mm+0x130/0x130
00039  ? ret_from_fork+0x18c/0x520
00039  ? kthread_unuse_mm+0x130/0x130
00039  ? ret_from_fork_asm+0x11/0x20
00039  </TASK>
00039 ---[ end trace 0000000000000000 ]---
00039 ------------[ cut here ]------------
00039 WARNING: /home/ktest/git/linux/include/linux/fs.h:889 at osd_create+0x9cf/0xcf0 [osd_wbcfs], CPU#13: llog_process_th/1924
00039 Modules linked in: mdd(O) lod(O) mdt(O) lquota(O) lfsck(O) mgs(O) osd_wbcfs(O) lustre(O) obdecho(O) mgc(O) mdc(O) lov(O) osc(O) lmv(O) ec(O) fid(O) fld(O) ptlrpc(O) efivarfs obdclass(O) ksocklnd(O) lnet(O) libcfs(O)
00039 CPU: 13 UID: 0 PID: 1924 Comm: llog_process_th Tainted: G        W  O        7.0.0-ktest-de16992-6330a45-20260728-dirty #1 PREEMPT 
00039 Tainted: [W]=WARN, [O]=OOT_MODULE
00039 Hardware name: QEMU Standard PC (Q35 + ICH9, 2009), BIOS 2025.11-3ubuntu7 03/31/2026
00039 RIP: 0010:osd_create+0x9cf/0xcf0 [osd_wbcfs]
00039 Code: c7 c7 00 16 7c a1 48 c7 c6 a0 92 7d a1 48 c7 c2 00 9c 7d a1 e8 82 dd 43 ff 48 c7 c7 00 16 7c a1 e8 f6 6a 44 ff e9 fe fc ff ff <0f> 0b e9 a5 fa ff ff 48 c7 c1 80 44 5d a0 80 e1 07 80 c1 03 38 c1
00039 RSP: 0018:ffffc90001d47258 EFLAGS: 00010246
00039 RAX: 0000000000000000 RBX: ffff88814ec15400 RCX: 0000000000000046
00039 RDX: ffffffff84c41d40 RSI: ffff88813c9ec9c0 RDI: ffff88818ebc4b18
00039 RBP: ffff88813c9ec930 R08: 0000000000000001 R09: 0000000000000000
00039 R10: dffffc0000000000 R11: ffffed102793d91b R12: ffff8881402e0418
00039 R13: dffffc0000000000 R14: 1ffff11029d82a80 R15: 1ffff1102805c092
00039 FS:  0000000000000000(0000) GS:ffff88831eaad000(0000) knlGS:0000000000000000
00039 CS:  0010 DS: 0000 ES: 0000 CR0: 0000000080050033
00039 CR2: 00007f82e41e6194 CR3: 0000000004274000 CR4: 0000000000750eb0
00039 PKRU: 55555554
00039 Call Trace:
00039  <TASK>
00039  ? local_object_create+0x109/0x640 [obdclass]
00039  ? dt_write_lock+0x16d/0x2a0 [obdclass]
00039  ? __local_file_create+0xce4/0x1bc0 [obdclass]
00039  ? local_index_find_or_create_with_fid+0x20d/0x3c0 [obdclass]
00039  ? lquota_disk_glb_find_create+0x3e7/0xe50 [lquota]
00039  ? lprocfs_seq_create+0x120/0x340 [obdclass]
00039  ? qmt_pool_prepare+0x5af/0x16f0 [lquota]
00039  ? qmt_device_prepare+0x25f/0x600 [lquota]
00039  ? mdt_quota_init+0x1a65/0x3220 [mdt]
00039  ? mdt_tunables_init+0x3e6/0x530 [mdt]
00039  ? mdt_device_alloc+0x46a6/0x66c0 [mdt]
00039  ? obd_setup+0x25c/0x960 [obdclass]
00039  ? class_setup+0xc7d/0x10e0 [obdclass]
00039  ? class_process_config+0x2edb/0x7cb0 [obdclass]
00039  ? __kasan_kmalloc+0x72/0x80
00039  ? class_config_llog_handler+0x2954/0x4f80 [obdclass]
00039  ? class_config_llog_handler+0x2cea/0x4f80 [obdclass]
00039  ? lustre_cfg_rec_free+0x350/0x350 [obdclass]
00039  ? llog_process_thread+0x1fd2/0x4f70 [obdclass]
00039  ? _raw_spin_unlock+0x23/0x40
00039  ? llog_process_thread_daemonize+0x16d/0x1b0 [obdclass]
00039  ? kthread+0x2cd/0x3a0
00039  ? llog_process_or_fork+0xc90/0xc90 [obdclass]
00039  ? kthread_unuse_mm+0x130/0x130
00039  ? ret_from_fork+0x18c/0x520
00039  ? kthread_unuse_mm+0x130/0x130
00039  ? ret_from_fork_asm+0x11/0x20
00039  </TASK>
00039 ---[ end trace 0000000000000000 ]---
00039 ------------[ cut here ]------------
00039 WARNING: /home/ktest/git/linux/include/linux/fs.h:889 at osd_create+0x9cf/0xcf0 [osd_wbcfs], CPU#4: ll_mgs_0000/1898
00039 Modules linked in: osp(O) mdd(O) lod(O) mdt(O) lquota(O) lfsck(O) mgs(O) osd_wbcfs(O) lustre(O) obdecho(O) mgc(O) mdc(O) lov(O) osc(O) lmv(O) ec(O) fid(O) fld(O) ptlrpc(O) efivarfs obdclass(O) ksocklnd(O) lnet(O) libcfs(O)
00039 CPU: 4 UID: 0 PID: 1898 Comm: ll_mgs_0000 Tainted: G        W  O        7.0.0-ktest-de16992-6330a45-20260728-dirty #1 PREEMPT 
00039 Tainted: [W]=WARN, [O]=OOT_MODULE
00039 Hardware name: QEMU Standard PC (Q35 + ICH9, 2009), BIOS 2025.11-3ubuntu7 03/31/2026
00039 RIP: 0010:osd_create+0x9cf/0xcf0 [osd_wbcfs]
00039 Code: c7 c7 00 16 7c a1 48 c7 c6 a0 92 7d a1 48 c7 c2 00 9c 7d a1 e8 82 dd 43 ff 48 c7 c7 00 16 7c a1 e8 f6 6a 44 ff e9 fe fc ff ff <0f> 0b e9 a5 fa ff ff 48 c7 c1 80 44 5d a0 80 e1 07 80 c1 03 38 c1
00039 RSP: 0018:ffffc90001b67700 EFLAGS: 00010246
00039 RAX: 0000000000000000 RBX: ffff8881441ff000 RCX: 0000000000000046
00039 RDX: 0000000000000000 RSI: ffff888151ed2648 RDI: ffff88813c8c2aa8
00039 RBP: ffff888151ed25b8 R08: ffffffff83a16803 R09: 1ffffffff0742d00
00039 R10: dffffc0000000000 R11: fffffbfff0742d01 R12: ffff88818febd418
00039 R13: dffffc0000000000 R14: 1ffff1102883fe00 R15: 1ffff11031fd7a92
00039 FS:  0000000000000000(0000) GS:ffff88831e62d000(0000) knlGS:0000000000000000
00039 CS:  0010 DS: 0000 ES: 0000 CR0: 0000000080050033
00039 CR2: 00007ffc8d6b0f28 CR3: 0000000004274000 CR4: 0000000000750eb0
00039 PKRU: 55555554
00039 Call Trace:
00039  <TASK>
00039  ? local_object_create+0x109/0x640 [obdclass]
00039  ? dt_write_lock+0x16d/0x2a0 [obdclass]
00039  ? __local_file_create+0xce4/0x1bc0 [obdclass]
00039  ? local_file_find_or_create+0x13c/0x1d0 [obdclass]
00039  ? mgs_ir_update+0x1ce1/0x3850 [mgs]
00039  ? mgs_target_reg+0xd98/0x4480 [mgs]
00039  ? tgt_request_handle+0x23ad/0x3d30 [ptlrpc]
00039  ? ptlrpc_main+0x6359/0x96f0 [ptlrpc]
00039  ? __kthread_parkme+0x73/0x130
00039  ? kthread+0x2cd/0x3a0
00039  ? ptlrpc_start_thread+0x1f10/0x1f10 [ptlrpc]
00039  ? kthread_unuse_mm+0x130/0x130
00039  ? ret_from_fork+0x18c/0x520
00039  ? kthread_unuse_mm+0x130/0x130
00039  ? ret_from_fork_asm+0x11/0x20
00039  </TASK>
00039 ---[ end trace 0000000000000000 ]---
00039 Lustre: lustre-MDT0000: Imperative Recovery not enabled, recovery window 300-900
00039 Lustre: ctl-lustre-MDT0000: super-sequence allocation rc = 0 [0x0000000200000400-0x0000000240000400]:0:mdt
00039 ------------[ cut here ]------------
00039 WARNING: /home/ktest/git/linux/include/linux/fs.h:889 at osd_create+0x9cf/0xcf0 [osd_wbcfs], CPU#5: lod0000_rec0000/1935
00039 Modules linked in: osp(O) mdd(O) lod(O) mdt(O) lquota(O) lfsck(O) mgs(O) osd_wbcfs(O) lustre(O) obdecho(O) mgc(O) mdc(O) lov(O) osc(O) lmv(O) ec(O) fid(O) fld(O) ptlrpc(O) efivarfs obdclass(O) ksocklnd(O) lnet(O) libcfs(O)
00039 CPU: 5 UID: 0 PID: 1935 Comm: lod0000_rec0000 Tainted: G        W  O        7.0.0-ktest-de16992-6330a45-20260728-dirty #1 PREEMPT 
00039 Tainted: [W]=WARN, [O]=OOT_MODULE
00039 Hardware name: QEMU Standard PC (Q35 + ICH9, 2009), BIOS 2025.11-3ubuntu7 03/31/2026
00039 RIP: 0010:osd_create+0x9cf/0xcf0 [osd_wbcfs]
00039 Code: c7 c7 00 16 7c a1 48 c7 c6 a0 92 7d a1 48 c7 c2 00 9c 7d a1 e8 82 dd 43 ff 48 c7 c7 00 16 7c a1 e8 f6 6a 44 ff e9 fe fc ff ff <0f> 0b e9 a5 fa ff ff 48 c7 c1 80 44 5d a0 80 e1 07 80 c1 03 38 c1
00039 RSP: 0018:ffffc900014bfb60 EFLAGS: 00010246
00039 RAX: 0000000000000000 RBX: ffff8881457d7000 RCX: 0000000000000046
00039 RDX: 0000000000000000 RSI: ffff88819839d0d8 RDI: ffff88813a69aa58
00039 RBP: ffff88819839d048 R08: ffffffff83a16803 R09: 1ffffffff0742d00
00039 R10: dffffc0000000000 R11: fffffbfff0742d01 R12: ffff8881843adc00
00039 R13: dffffc0000000000 R14: 1ffff11028afae00 R15: 1ffff11030875b8f
00039 FS:  0000000000000000(0000) GS:ffff88831e6ad000(0000) knlGS:0000000000000000
00039 CS:  0010 DS: 0000 ES: 0000 CR0: 0000000080050033
00039 CR2: 00007f8a406ee200 CR3: 0000000004274000 CR4: 0000000000750eb0
00039 PKRU: 55555554
00039 Call Trace:
00039  <TASK>
00039  ? llog_osd_create+0x645/0x1140 [obdclass]
00039  ? llog_create+0x2ed/0x530 [obdclass]
00039  ? llog_open_create+0x5af/0xb10 [obdclass]
00039  ? lod_sub_prep_llog+0xdfd/0x1b40 [lod]
00039  ? lod_sub_recovery_thread+0x316/0x18d0 [lod]
00039  ? __kthread_parkme+0x73/0x130
00039  ? kthread+0x2cd/0x3a0
00039  ? lod_sub_init_llog+0x1180/0x1180 [lod]
00039  ? kthread_unuse_mm+0x130/0x130
00039  ? ret_from_fork+0x18c/0x520
00039  ? kthread_unuse_mm+0x130/0x130
00039  ? ret_from_fork_asm+0x11/0x20
00039  </TASK>
00039 ---[ end trace 0000000000000000 ]---
00039 ------------[ cut here ]------------
00039 WARNING: /home/ktest/git/linux/include/linux/fs.h:889 at osd_create+0x9cf/0xcf0 [osd_wbcfs], CPU#12: ll_mgs_0000/1898
00039 Modules linked in: osp(O) mdd(O) lod(O) mdt(O) lquota(O) lfsck(O) mgs(O) osd_wbcfs(O) lustre(O) obdecho(O) mgc(O) mdc(O) lov(O) osc(O) lmv(O) ec(O) fid(O) fld(O) ptlrpc(O) efivarfs obdclass(O) ksocklnd(O) lnet(O) libcfs(O)
00039 CPU: 12 UID: 0 PID: 1898 Comm: ll_mgs_0000 Tainted: G        W  O        7.0.0-ktest-de16992-6330a45-20260728-dirty #1 PREEMPT 
00039 Tainted: [W]=WARN, [O]=OOT_MODULE
00039 Hardware name: QEMU Standard PC (Q35 + ICH9, 2009), BIOS 2025.11-3ubuntu7 03/31/2026
00039 RIP: 0010:osd_create+0x9cf/0xcf0 [osd_wbcfs]
00039 Code: c7 c7 00 16 7c a1 48 c7 c6 a0 92 7d a1 48 c7 c2 00 9c 7d a1 e8 82 dd 43 ff 48 c7 c7 00 16 7c a1 e8 f6 6a 44 ff e9 fe fc ff ff <0f> 0b e9 a5 fa ff ff 48 c7 c1 80 44 5d a0 80 e1 07 80 c1 03 38 c1
00039 RSP: 0018:ffffc90001b67698 EFLAGS: 00010246
00039 RAX: 0000000000000000 RBX: ffff88813706c000 RCX: 0000000000000046
00039 RDX: 0000000000000000 RSI: ffff88819102fb68 RDI: ffff88813c8c2aa8
00039 RBP: ffff88819102fad8 R08: ffffffff83a16803 R09: 1ffffffff0742d00
00039 R10: dffffc0000000000 R11: fffffbfff0742d01 R12: ffff88813843dc00
00039 R13: dffffc0000000000 R14: 1ffff11026e0d800 R15: 1ffff11027087b8f
00039 FS:  0000000000000000(0000) GS:ffff88831ea2d000(0000) knlGS:0000000000000000
00039 CS:  0010 DS: 0000 ES: 0000 CR0: 0000000080050033
00039 CR2: 00007fafe65e6194 CR3: 0000000004274000 CR4: 0000000000750eb0
00039 PKRU: 55555554
00039 Call Trace:
00039  <TASK>
00039  ? local_object_create+0x109/0x640 [obdclass]
00039  ? dt_write_lock+0x16d/0x2a0 [obdclass]
00039  ? llog_osd_create+0x356/0x1140 [obdclass]
00039  ? llog_create+0x2ed/0x530 [obdclass]
00039  ? llog_open_create+0x5af/0xb10 [obdclass]
00039  ? record_start_log+0x348/0xa40 [mgs]
00039  ? mgs_write_log_lov+0x3ac/0xde0 [mgs]
00039  ? mgs_write_log_target+0x17a4/0x6ab0 [mgs]
00039  ? mgs_target_reg+0x254e/0x4480 [mgs]
00039  ? tgt_request_handle+0x23ad/0x3d30 [ptlrpc]
00039  ? ptlrpc_main+0x6359/0x96f0 [ptlrpc]
00039  ? __kthread_parkme+0x73/0x130
00039  ? kthread+0x2cd/0x3a0
00039  ? ptlrpc_start_thread+0x1f10/0x1f10 [ptlrpc]
00039  ? kthread_unuse_mm+0x130/0x130
00039  ? ret_from_fork+0x18c/0x520
00039  ? kthread_unuse_mm+0x130/0x130
00039  ? ret_from_fork_asm+0x11/0x20
00039  </TASK>
00039 ---[ end trace 0000000000000000 ]---
00039 ------------[ cut here ]------------
00039 WARNING: /home/ktest/git/linux/include/linux/fs.h:889 at osd_create+0x9cf/0xcf0 [osd_wbcfs], CPU#5: llog_process_th/1943
00039 Modules linked in: osp(O) mdd(O) lod(O) mdt(O) lquota(O) lfsck(O) mgs(O) osd_wbcfs(O) lustre(O) obdecho(O) mgc(O) mdc(O) lov(O) osc(O) lmv(O) ec(O) fid(O) fld(O) ptlrpc(O) efivarfs obdclass(O) ksocklnd(O) lnet(O) libcfs(O)
00039 CPU: 5 UID: 0 PID: 1943 Comm: llog_process_th Tainted: G        W  O        7.0.0-ktest-de16992-6330a45-20260728-dirty #1 PREEMPT 
00039 Tainted: [W]=WARN, [O]=OOT_MODULE
00039 Hardware name: QEMU Standard PC (Q35 + ICH9, 2009), BIOS 2025.11-3ubuntu7 03/31/2026
00039 RIP: 0010:osd_create+0x9cf/0xcf0 [osd_wbcfs]
00039 Code: c7 c7 00 16 7c a1 48 c7 c6 a0 92 7d a1 48 c7 c2 00 9c 7d a1 e8 82 dd 43 ff 48 c7 c7 00 16 7c a1 e8 f6 6a 44 ff e9 fe fc ff ff <0f> 0b e9 a5 fa ff ff 48 c7 c1 80 44 5d a0 80 e1 07 80 c1 03 38 c1
00039 RSP: 0018:ffffc90002507450 EFLAGS: 00010246
00039 RAX: 0000000000000000 RBX: ffff88818ea5dc00 RCX: 0000000000000046
00039 RDX: ffffffff84c41d40 RSI: ffff88819839c9c0 RDI: ffff88811c0b8998
00039 RBP: ffff88819839c930 R08: 0000000000000001 R09: 0000000000000000
00039 R10: dffffc0000000000 R11: ffffed103307391b R12: ffff888139f04800
00039 R13: dffffc0000000000 R14: 1ffff11031d4bb80 R15: 1ffff920004a0ebf
00039 FS:  0000000000000000(0000) GS:ffff88831e6ad000(0000) knlGS:0000000000000000
00039 CS:  0010 DS: 0000 ES: 0000 CR0: 0000000080050033
00039 CR2: 00007f8a406ee200 CR3: 0000000004274000 CR4: 0000000000750eb0
00039 PKRU: 55555554
00039 Call Trace:
00039  <TASK>
00039  ? dt_find_or_create+0x81a/0x1170 [obdclass]
00039  ? fld_index_init+0x404/0x1610 [fld]
00039  ? is_module_address+0x1b/0x70
00039  ? is_module_address+0x5e/0x70
00039  ? __asan_memset+0x22/0x40
00039  ? fld_server_init+0x1d7/0x580 [fld]
00039  ? mdt_device_alloc+0x36b4/0x66c0 [mdt]
00039  ? __alloc_tagging_slab_alloc_hook+0x136/0x190
00039  ? obd_setup+0x25c/0x960 [obdclass]
00039  ? class_setup+0xc7d/0x10e0 [obdclass]
00039  ? class_process_config+0x2edb/0x7cb0 [obdclass]
00039  ? __kasan_kmalloc+0x72/0x80
00039  ? class_config_llog_handler+0x2954/0x4f80 [obdclass]
00039  ? class_config_llog_handler+0x2cea/0x4f80 [obdclass]
00039  ? lustre_cfg_rec_free+0x350/0x350 [obdclass]
00039  ? llog_process_thread+0x1fd2/0x4f70 [obdclass]
00039  ? _raw_spin_unlock+0x23/0x40
00039  ? llog_process_thread_daemonize+0x16d/0x1b0 [obdclass]
00039  ? kthread+0x2cd/0x3a0
00039  ? llog_process_or_fork+0xc90/0xc90 [obdclass]
00039  ? kthread_unuse_mm+0x130/0x130
00039  ? ret_from_fork+0x18c/0x520
00039  ? kthread_unuse_mm+0x130/0x130
00039  ? ret_from_fork_asm+0x11/0x20
00039  </TASK>
00039 ---[ end trace 0000000000000000 ]---
00039 ------------[ cut here ]------------
00039 WARNING: /home/ktest/git/linux/include/linux/fs.h:889 at osd_create+0x9cf/0xcf0 [osd_wbcfs], CPU#5: llog_process_th/1943
00039 Modules linked in: osp(O) mdd(O) lod(O) mdt(O) lquota(O) lfsck(O) mgs(O) osd_wbcfs(O) lustre(O) obdecho(O) mgc(O) mdc(O) lov(O) osc(O) lmv(O) ec(O) fid(O) fld(O) ptlrpc(O) efivarfs obdclass(O) ksocklnd(O) lnet(O) libcfs(O)
00039 CPU: 5 UID: 0 PID: 1943 Comm: llog_process_th Tainted: G        W  O        7.0.0-ktest-de16992-6330a45-20260728-dirty #1 PREEMPT 
00039 Tainted: [W]=WARN, [O]=OOT_MODULE
00039 Hardware name: QEMU Standard PC (Q35 + ICH9, 2009), BIOS 2025.11-3ubuntu7 03/31/2026
00039 RIP: 0010:osd_create+0x9cf/0xcf0 [osd_wbcfs]
00039 Code: c7 c7 00 16 7c a1 48 c7 c6 a0 92 7d a1 48 c7 c2 00 9c 7d a1 e8 82 dd 43 ff 48 c7 c7 00 16 7c a1 e8 f6 6a 44 ff e9 fe fc ff ff <0f> 0b e9 a5 fa ff ff 48 c7 c1 80 44 5d a0 80 e1 07 80 c1 03 38 c1
00039 RSP: 0018:ffffc90002507430 EFLAGS: 00010246
00039 RAX: 0000000000000000 RBX: ffff88818ea5b000 RCX: 0000000000000046
00039 RDX: 0000000000000000 RSI: ffff88819839c2a8 RDI: ffff88811c0b8998
00039 RBP: ffff88819839c218 R08: ffffffff83a16803 R09: 1ffffffff0742d00
00039 R10: dffffc0000000000 R11: fffffbfff0742d01 R12: ffffc90002507530
00039 R13: dffffc0000000000 R14: 1ffff11031d4b600 R15: 1ffff920004a0ea4
00039 FS:  0000000000000000(0000) GS:ffff88831e6ad000(0000) knlGS:0000000000000000
00039 CS:  0010 DS: 0000 ES: 0000 CR0: 0000000080050033
00039 CR2: 00007f8a406ee200 CR3: 0000000004274000 CR4: 0000000000750eb0
00039 PKRU: 55555554
00039 Call Trace:
00039  <TASK>
00039  ? dt_find_or_create+0x81a/0x1170 [obdclass]
00039  ? seq_store_init+0x155/0x360 [fid]
00039  ? seq_server_init+0x290/0xba0 [fid]
00039  ? mdt_seq_init+0x2c1/0x1ef0 [mdt]
00039  ? fld_server_init+0x34e/0x580 [fld]
00039  ? mdt_device_alloc+0x39c5/0x66c0 [mdt]
00039  ? __alloc_tagging_slab_alloc_hook+0x136/0x190
00039  ? obd_setup+0x25c/0x960 [obdclass]
00039  ? class_setup+0xc7d/0x10e0 [obdclass]
00039  ? class_process_config+0x2edb/0x7cb0 [obdclass]
00039  ? __kasan_kmalloc+0x72/0x80
00039  ? class_config_llog_handler+0x2954/0x4f80 [obdclass]
00039  ? class_config_llog_handler+0x2cea/0x4f80 [obdclass]
00039  ? lustre_cfg_rec_free+0x350/0x350 [obdclass]
00039  ? llog_process_thread+0x1fd2/0x4f70 [obdclass]
00039  ? _raw_spin_unlock+0x23/0x40
00039  ? llog_process_thread_daemonize+0x16d/0x1b0 [obdclass]
00039  ? kthread+0x2cd/0x3a0
00039  ? llog_process_or_fork+0xc90/0xc90 [obdclass]
00039  ? kthread_unuse_mm+0x130/0x130
00039  ? ret_from_fork+0x18c/0x520
00039  ? kthread_unuse_mm+0x130/0x130
00039  ? ret_from_fork_asm+0x11/0x20
00039  </TASK>
00039 ---[ end trace 0000000000000000 ]---
00039 ------------[ cut here ]------------
00039 WARNING: /home/ktest/git/linux/include/linux/fs.h:889 at osd_create+0x9cf/0xcf0 [osd_wbcfs], CPU#5: llog_process_th/1943
00039 Modules linked in: osp(O) mdd(O) lod(O) mdt(O) lquota(O) lfsck(O) mgs(O) osd_wbcfs(O) lustre(O) obdecho(O) mgc(O) mdc(O) lov(O) osc(O) lmv(O) ec(O) fid(O) fld(O) ptlrpc(O) efivarfs obdclass(O) ksocklnd(O) lnet(O) libcfs(O)
00039 CPU: 5 UID: 0 PID: 1943 Comm: llog_process_th Tainted: G        W  O        7.0.0-ktest-de16992-6330a45-20260728-dirty #1 PREEMPT 
00039 Tainted: [W]=WARN, [O]=OOT_MODULE
00039 Hardware name: QEMU Standard PC (Q35 + ICH9, 2009), BIOS 2025.11-3ubuntu7 03/31/2026
00039 RIP: 0010:osd_create+0x9cf/0xcf0 [osd_wbcfs]
00039 Code: c7 c7 00 16 7c a1 48 c7 c6 a0 92 7d a1 48 c7 c2 00 9c 7d a1 e8 82 dd 43 ff 48 c7 c7 00 16 7c a1 e8 f6 6a 44 ff e9 fe fc ff ff <0f> 0b e9 a5 fa ff ff 48 c7 c1 80 44 5d a0 80 e1 07 80 c1 03 38 c1
00039 RSP: 0018:ffffc90002507470 EFLAGS: 00010246
00039 RAX: 0000000000000000 RBX: ffff88818c074400 RCX: 0000000000000046
00039 RDX: 0000000000000000 RSI: ffff88819839bb90 RDI: ffff88811c0b8998
00039 RBP: ffff88819839bb00 R08: ffffffff83a16803 R09: 1ffffffff0742d00
00039 R10: dffffc0000000000 R11: fffffbfff0742d01 R12: ffffc900025075e0
00039 R13: dffffc0000000000 R14: 1ffff1103180e880 R15: 1ffff920004a0ec9
00039 FS:  0000000000000000(0000) GS:ffff88831e6ad000(0000) knlGS:0000000000000000
00039 CS:  0010 DS: 0000 ES: 0000 CR0: 0000000080050033
00039 CR2: 00007f8a406ee200 CR3: 0000000004274000 CR4: 0000000000750eb0
00039 PKRU: 55555554
00039 Call Trace:
00039  <TASK>
00039  ? dt_find_or_create+0x81a/0x1170 [obdclass]
00039  ? tgt_init+0xb72/0x2a60 [ptlrpc]
00039  ? mdt_device_alloc+0x3ce7/0x66c0 [mdt]
00039  ? __alloc_tagging_slab_alloc_hook+0x136/0x190
00039  ? obd_setup+0x25c/0x960 [obdclass]
00039  ? class_setup+0xc7d/0x10e0 [obdclass]
00039  ? class_process_config+0x2edb/0x7cb0 [obdclass]
00039  ? __kasan_kmalloc+0x72/0x80
00039  ? class_config_llog_handler+0x2954/0x4f80 [obdclass]
00039  ? class_config_llog_handler+0x2cea/0x4f80 [obdclass]
00039  ? lustre_cfg_rec_free+0x350/0x350 [obdclass]
00039  ? llog_process_thread+0x1fd2/0x4f70 [obdclass]
00039  ? _raw_spin_unlock+0x23/0x40
00039  ? llog_process_thread_daemonize+0x16d/0x1b0 [obdclass]
00039  ? kthread+0x2cd/0x3a0
00039  ? llog_process_or_fork+0xc90/0xc90 [obdclass]
00039  ? kthread_unuse_mm+0x130/0x130
00039  ? ret_from_fork+0x18c/0x520
00039  ? kthread_unuse_mm+0x130/0x130
00039  ? ret_from_fork_asm+0x11/0x20
00039  </TASK>
00039 ---[ end trace 0000000000000000 ]---
00039 ------------[ cut here ]------------
00039 WARNING: /home/ktest/git/linux/include/linux/fs.h:889 at osd_create+0x9cf/0xcf0 [osd_wbcfs], CPU#5: llog_process_th/1943
00039 Modules linked in: osp(O) mdd(O) lod(O) mdt(O) lquota(O) lfsck(O) mgs(O) osd_wbcfs(O) lustre(O) obdecho(O) mgc(O) mdc(O) lov(O) osc(O) lmv(O) ec(O) fid(O) fld(O) ptlrpc(O) efivarfs obdclass(O) ksocklnd(O) lnet(O) libcfs(O)
00039 CPU: 5 UID: 0 PID: 1943 Comm: llog_process_th Tainted: G        W  O        7.0.0-ktest-de16992-6330a45-20260728-dirty #1 PREEMPT 
00039 Tainted: [W]=WARN, [O]=OOT_MODULE
00039 Hardware name: QEMU Standard PC (Q35 + ICH9, 2009), BIOS 2025.11-3ubuntu7 03/31/2026
00039 RIP: 0010:osd_create+0x9cf/0xcf0 [osd_wbcfs]
00039 Code: c7 c7 00 16 7c a1 48 c7 c6 a0 92 7d a1 48 c7 c2 00 9c 7d a1 e8 82 dd 43 ff 48 c7 c7 00 16 7c a1 e8 f6 6a 44 ff e9 fe fc ff ff <0f> 0b e9 a5 fa ff ff 48 c7 c1 80 44 5d a0 80 e1 07 80 c1 03 38 c1
00039 RSP: 0018:ffffc90002507470 EFLAGS: 00010246
00039 RAX: 0000000000000000 RBX: ffff88818c075c00 RCX: 0000000000000046
00039 RDX: 0000000000000000 RSI: ffff88819839b478 RDI: ffff88811c0b8998
00039 RBP: ffff88819839b3e8 R08: ffffffff83a16803 R09: 1ffffffff0742d00
00039 R10: dffffc0000000000 R11: fffffbfff0742d01 R12: ffffc900025075e0
00039 R13: dffffc0000000000 R14: 1ffff1103180eb80 R15: 1ffff920004a0ec9
00039 FS:  0000000000000000(0000) GS:ffff88831e6ad000(0000) knlGS:0000000000000000
00039 CS:  0010 DS: 0000 ES: 0000 CR0: 0000000080050033
00039 CR2: 00007f8a406ee200 CR3: 0000000004274000 CR4: 0000000000750eb0
00039 PKRU: 55555554
00039 Call Trace:
00039  <TASK>
00039  ? dt_find_or_create+0x81a/0x1170 [obdclass]
00039  ? tgt_init+0x1a98/0x2a60 [ptlrpc]
00039  ? mdt_device_alloc+0x3ce7/0x66c0 [mdt]
00039  ? __alloc_tagging_slab_alloc_hook+0x136/0x190
00039  ? obd_setup+0x25c/0x960 [obdclass]
00039  ? class_setup+0xc7d/0x10e0 [obdclass]
00039  ? class_process_config+0x2edb/0x7cb0 [obdclass]
00039  ? __kasan_kmalloc+0x72/0x80
00039  ? class_config_llog_handler+0x2954/0x4f80 [obdclass]
00039  ? class_config_llog_handler+0x2cea/0x4f80 [obdclass]
00039  ? lustre_cfg_rec_free+0x350/0x350 [obdclass]
00039  ? llog_process_thread+0x1fd2/0x4f70 [obdclass]
00039  ? _raw_spin_unlock+0x23/0x40
00039  ? llog_process_thread_daemonize+0x16d/0x1b0 [obdclass]
00039  ? kthread+0x2cd/0x3a0
00039  ? llog_process_or_fork+0xc90/0xc90 [obdclass]
00039  ? kthread_unuse_mm+0x130/0x130
00039  ? ret_from_fork+0x18c/0x520
00039  ? kthread_unuse_mm+0x130/0x130
00039  ? ret_from_fork_asm+0x11/0x20
00039  </TASK>
00039 ---[ end trace 0000000000000000 ]---
00039 Lustre: cli-ctl-lustre-MDT0001: Allocated super-sequence [0x0000000240000400-0x0000000280000400]:1:mdt]
00039 ------------[ cut here ]------------
00039 WARNING: /home/ktest/git/linux/include/linux/fs.h:889 at osd_create+0x9cf/0xcf0 [osd_wbcfs], CPU#4: lod0001_rec0001/1951
00039 Modules linked in: osp(O) mdd(O) lod(O) mdt(O) lquota(O) lfsck(O) mgs(O) osd_wbcfs(O) lustre(O) obdecho(O) mgc(O) mdc(O) lov(O) osc(O) lmv(O) ec(O) fid(O) fld(O) ptlrpc(O) efivarfs obdclass(O) ksocklnd(O) lnet(O) libcfs(O)
00039 CPU: 4 UID: 0 PID: 1951 Comm: lod0001_rec0001 Tainted: G        W  O        7.0.0-ktest-de16992-6330a45-20260728-dirty #1 PREEMPT 
00039 Tainted: [W]=WARN, [O]=OOT_MODULE
00039 Hardware name: QEMU Standard PC (Q35 + ICH9, 2009), BIOS 2025.11-3ubuntu7 03/31/2026
00039 RIP: 0010:osd_create+0x9cf/0xcf0 [osd_wbcfs]
00039 Code: c7 c7 00 16 7c a1 48 c7 c6 a0 92 7d a1 48 c7 c2 00 9c 7d a1 e8 82 dd 43 ff 48 c7 c7 00 16 7c a1 e8 f6 6a 44 ff e9 fe fc ff ff <0f> 0b e9 a5 fa ff ff 48 c7 c1 80 44 5d a0 80 e1 07 80 c1 03 38 c1
00039 ------------[ cut here ]------------
00039 RSP: 0018:ffffc90002e47b60 EFLAGS: 00010246
00039 WARNING: /home/ktest/git/linux/include/linux/fs.h:889 at osd_create+0x9cf/0xcf0 [osd_wbcfs], CPU#12: mdt_out00_001/1911
00039 RAX: 0000000000000000 RBX: ffff888190f42c00 RCX: 0000000000000046
00039 Modules linked in:
00039 RDX: 0000000000000000 RSI: ffff888151ed1f30 RDI: ffff888138eb2a58
00039  osp(O)
00039 RBP: ffff888151ed1ea0 R08: ffffffff83a16803 R09: 1ffffffff0742d00
00039  mdd(O)
00039 R10: dffffc0000000000 R11: fffffbfff0742d01 R12: ffff888190fb7c00
00039  lod(O)
00039 R13: dffffc0000000000 R14: 1ffff110321e8580 R15: 1ffff110321f6f8f
00039  mdt(O)
00039 FS:  0000000000000000(0000) GS:ffff88831e62d000(0000) knlGS:0000000000000000
00039  lquota(O)
00039 CS:  0010 DS: 0000 ES: 0000 CR0: 0000000080050033
00039  lfsck(O)
00039 CR2: 00007ffc8d6b0f28 CR3: 000000014d95b000 CR4: 0000000000750eb0
00039  mgs(O)
00039 PKRU: 55555554
00039  osd_wbcfs(O)
00039 Call Trace:
00039  lustre(O)
00039  <TASK>
00039  obdecho(O) mgc(O) mdc(O) lov(O) osc(O) lmv(O) ec(O) fid(O) fld(O) ptlrpc(O) efivarfs obdclass(O) ksocklnd(O) lnet(O) libcfs(O)
00039  ? llog_osd_create+0x645/0x1140 [obdclass]
00039 CPU: 12 UID: 0 PID: 1911 Comm: mdt_out00_001 Tainted: G        W  O        7.0.0-ktest-de16992-6330a45-20260728-dirty #1 PREEMPT 
00039  ? llog_create+0x2ed/0x530 [obdclass]
00039 Tainted: [W]=WARN, [O]=OOT_MODULE
00039 Hardware name: QEMU Standard PC (Q35 + ICH9, 2009), BIOS 2025.11-3ubuntu7 03/31/2026
00039  ? llog_open_create+0x5af/0xb10 [obdclass]
00039 RIP: 0010:osd_create+0x9cf/0xcf0 [osd_wbcfs]
00039  ? lod_sub_prep_llog+0xdfd/0x1b40 [lod]
00039 Code: c7 c7 00 16 7c a1 48 c7 c6 a0 92 7d a1 48 c7 c2 00 9c 7d a1 e8 82 dd 43 ff 48 c7 c7 00 16 7c a1 e8 f6 6a 44 ff e9 fe fc ff ff <0f> 0b e9 a5 fa ff ff 48 c7 c1 80 44 5d a0 80 e1 07 80 c1 03 38 c1
00039  ? lod_sub_recovery_thread+0x316/0x18d0 [lod]
00039 RSP: 0018:ffffc90001c67800 EFLAGS: 00010246
00039  ? __kthread_parkme+0x73/0x130
00039 RAX: 0000000000000000 RBX: ffff88818caa8400 RCX: 0000000000000046
00039 RDX: 0000000000000000 RSI: ffff88819102f450 RDI: ffff88810c190998
00039 RBP: ffff88819102f3c0 R08: ffffffff83a16803 R09: 1ffffffff0742d00
00039 R10: dffffc0000000000 R11: fffffbfff0742d01 R12: ffff888106121430
00039 R13: dffffc0000000000 R14: 1ffff11031955080 R15: 1ffff11020c24298
00039 FS:  0000000000000000(0000) GS:ffff88831ea2d000(0000) knlGS:0000000000000000
00039 CS:  0010 DS: 0000 ES: 0000 CR0: 0000000080050033
00039 CR2: 00007fafe65e6194 CR3: 0000000004274000 CR4: 0000000000750eb0
00039 PKRU: 55555554
00039 Call Trace:
00039  <TASK>
00039  ? out_tx_create_exec+0x277/0x7a0 [ptlrpc]
00039  ? tx_add_exec+0xd70/0xd70 [ptlrpc]
00039  ? out_tx_end+0x3e3/0x1190 [ptlrpc]
00039  ? out_handle+0x539f/0x6350 [ptlrpc]
00039  ? kthread+0x2cd/0x3a0
00039  ? tgt_request_handle+0x23ad/0x3d30 [ptlrpc]
00039  ? lod_sub_init_llog+0x1180/0x1180 [lod]
00039  ? ptlrpc_main+0x6359/0x96f0 [ptlrpc]
00039  ? kthread_unuse_mm+0x130/0x130
00039  ? __kthread_parkme+0x73/0x130
00039  ? ret_from_fork+0x18c/0x520
00039  ? kthread+0x2cd/0x3a0
00039  ? kthread_unuse_mm+0x130/0x130
00039  ? ptlrpc_start_thread+0x1f10/0x1f10 [ptlrpc]
00039  ? ret_from_fork_asm+0x11/0x20
00039  ? kthread_unuse_mm+0x130/0x130
00039  </TASK>
00039  ? ret_from_fork+0x18c/0x520
00039 ---[ end trace 0000000000000000 ]---
00039  ? kthread_unuse_mm+0x130/0x130
00039  ? ret_from_fork_asm+0x11/0x20
00039  </TASK>
00039 ---[ end trace 0000000000000000 ]---
00040 ------------[ cut here ]------------
00040 WARNING: /home/ktest/git/linux/include/linux/fs.h:889 at osd_create+0x9cf/0xcf0 [osd_wbcfs], CPU#13: ll_mgs_0000/1898
00040 Modules linked in: ofd(O) osp(O) mdd(O) lod(O) mdt(O) lquota(O) lfsck(O) mgs(O) osd_wbcfs(O) lustre(O) obdecho(O) mgc(O) mdc(O) lov(O) osc(O) lmv(O) ec(O) fid(O) fld(O) ptlrpc(O) efivarfs obdclass(O) ksocklnd(O) lnet(O) libcfs(O)
00040 CPU: 13 UID: 0 PID: 1898 Comm: ll_mgs_0000 Tainted: G        W  O        7.0.0-ktest-de16992-6330a45-20260728-dirty #1 PREEMPT 
00040 Tainted: [W]=WARN, [O]=OOT_MODULE
00040 Hardware name: QEMU Standard PC (Q35 + ICH9, 2009), BIOS 2025.11-3ubuntu7 03/31/2026
00040 RIP: 0010:osd_create+0x9cf/0xcf0 [osd_wbcfs]
00040 Code: c7 c7 00 16 7c a1 48 c7 c6 a0 92 7d a1 48 c7 c2 00 9c 7d a1 e8 82 dd 43 ff 48 c7 c7 00 16 7c a1 e8 f6 6a 44 ff e9 fe fc ff ff <0f> 0b e9 a5 fa ff ff 48 c7 c1 80 44 5d a0 80 e1 07 80 c1 03 38 c1
00040 RSP: 0018:ffffc90001b67700 EFLAGS: 00010246
00040 RAX: 0000000000000000 RBX: ffff8881910ff800 RCX: 0000000000000046
00040 RDX: 0000000000000000 RSI: ffff88813c9ec2a8 RDI: ffff88813c8c2aa8
00040 RBP: ffff88813c9ec218 R08: ffffffff83a16803 R09: 1ffffffff0742d00
00040 R10: dffffc0000000000 R11: fffffbfff0742d01 R12: ffff88813843dc00
00040 R13: dffffc0000000000 R14: 1ffff1103221ff00 R15: 1ffff11027087b8f
00040 FS:  0000000000000000(0000) GS:ffff88831eaad000(0000) knlGS:0000000000000000
00040 CS:  0010 DS: 0000 ES: 0000 CR0: 0000000080050033
00040 CR2: 00007f6f1140a4d8 CR3: 0000000196cac000 CR4: 0000000000750eb0
00040 PKRU: 55555554
00040 Call Trace:
00040  <TASK>
00040  ? local_object_create+0x109/0x640 [obdclass]
00040  ? dt_write_lock+0x16d/0x2a0 [obdclass]
00040  ? llog_osd_create+0x356/0x1140 [obdclass]
00040  ? llog_create+0x2ed/0x530 [obdclass]
00040  ? llog_open_create+0x5af/0xb10 [obdclass]
00040  ? record_start_log+0x348/0xa40 [mgs]
00040  ? mgs_write_log_target+0x16f2/0x6ab0 [mgs]
00040  ? mgs_target_reg+0x254e/0x4480 [mgs]
00040  ? tgt_request_handle+0x23ad/0x3d30 [ptlrpc]
00040  ? ptlrpc_main+0x6359/0x96f0 [ptlrpc]
00040  ? __kthread_parkme+0x73/0x130
00040  ? kthread+0x2cd/0x3a0
00040  ? ptlrpc_start_thread+0x1f10/0x1f10 [ptlrpc]
00040  ? kthread_unuse_mm+0x130/0x130
00040  ? ret_from_fork+0x18c/0x520
00040  ? kthread_unuse_mm+0x130/0x130
00040  ? ret_from_fork_asm+0x11/0x20
00040  </TASK>
00040 ---[ end trace 0000000000000000 ]---
00040 ------------[ cut here ]------------
00040 WARNING: /home/ktest/git/linux/include/linux/fs.h:889 at osd_create+0x9cf/0xcf0 [osd_wbcfs], CPU#1: llog_process_th/1970
00040 Modules linked in: ofd(O) osp(O) mdd(O) lod(O) mdt(O) lquota(O) lfsck(O) mgs(O) osd_wbcfs(O) lustre(O) obdecho(O) mgc(O) mdc(O) lov(O) osc(O) lmv(O) ec(O) fid(O) fld(O) ptlrpc(O) efivarfs obdclass(O) ksocklnd(O) lnet(O) libcfs(O)
00040 CPU: 1 UID: 0 PID: 1970 Comm: llog_process_th Tainted: G        W  O        7.0.0-ktest-de16992-6330a45-20260728-dirty #1 PREEMPT 
00040 Tainted: [W]=WARN, [O]=OOT_MODULE
00040 Hardware name: QEMU Standard PC (Q35 + ICH9, 2009), BIOS 2025.11-3ubuntu7 03/31/2026
00040 RIP: 0010:osd_create+0x9cf/0xcf0 [osd_wbcfs]
00040 Code: c7 c7 00 16 7c a1 48 c7 c6 a0 92 7d a1 48 c7 c2 00 9c 7d a1 e8 82 dd 43 ff 48 c7 c7 00 16 7c a1 e8 f6 6a 44 ff e9 fe fc ff ff <0f> 0b e9 a5 fa ff ff 48 c7 c1 80 44 5d a0 80 e1 07 80 c1 03 38 c1
00040 RSP: 0018:ffffc900025b7618 EFLAGS: 00010246
00040 RAX: 0000000000000000 RBX: ffff888105894400 RCX: 0000000000000046
00040 RDX: 0000000000000000 RSI: ffff8881b2082648 RDI: ffff88813940aa58
00040 RBP: ffff8881b20825b8 R08: ffffffff83a16803 R09: 1ffffffff0742d00
00040 R10: dffffc0000000000 R11: fffffbfff0742d01 R12: ffffc900025b7788
00040 R13: dffffc0000000000 R14: 1ffff11020b12880 R15: 1ffff920004b6efe
00040 FS:  0000000000000000(0000) GS:ffff88831e4ad000(0000) knlGS:0000000000000000
00040 CS:  0010 DS: 0000 ES: 0000 CR0: 0000000080050033
00040 CR2: 0000555c2686aff0 CR3: 000000010251f000 CR4: 0000000000750eb0
00040 PKRU: 55555554
00040 Call Trace:
00040  <TASK>
00040  ? dt_find_or_create+0x81a/0x1170 [obdclass]
00040  ? tgt_init+0xb72/0x2a60 [ptlrpc]
00040  ? ofd_device_alloc+0x1d4b/0x3600 [ofd]
00040  ? obd_setup+0x25c/0x960 [obdclass]
00040  ? class_setup+0xc7d/0x10e0 [obdclass]
00040  ? class_process_config+0x2edb/0x7cb0 [obdclass]
00040  ? __kasan_kmalloc+0x72/0x80
00040  ? class_config_llog_handler+0x2954/0x4f80 [obdclass]
00040  ? class_config_llog_handler+0x2cea/0x4f80 [obdclass]
00040  ? lustre_cfg_rec_free+0x350/0x350 [obdclass]
00040  ? llog_process_thread+0x1fd2/0x4f70 [obdclass]
00040  ? _raw_spin_unlock+0x23/0x40
00040  ? llog_process_thread_daemonize+0x16d/0x1b0 [obdclass]
00040  ? kthread+0x2cd/0x3a0
00040  ? llog_process_or_fork+0xc90/0xc90 [obdclass]
00040  ? kthread_unuse_mm+0x130/0x130
00040  ? ret_from_fork+0x18c/0x520
00040  ? kthread_unuse_mm+0x130/0x130
00040  ? ret_from_fork_asm+0x11/0x20
00040  </TASK>
00040 ---[ end trace 0000000000000000 ]---
00040 Lustre: lustre-OST0000: new disk, initializing
00040 Lustre: Skipped 1 previous similar message
00040 ------------[ cut here ]------------
00040 WARNING: /home/ktest/git/linux/include/linux/fs.h:889 at osd_create+0x9cf/0xcf0 [osd_wbcfs], CPU#1: llog_process_th/1970
00040 Modules linked in: ofd(O) osp(O) mdd(O) lod(O) mdt(O) lquota(O) lfsck(O) mgs(O) osd_wbcfs(O) lustre(O) obdecho(O) mgc(O) mdc(O) lov(O) osc(O) lmv(O) ec(O) fid(O) fld(O) ptlrpc(O) efivarfs obdclass(O) ksocklnd(O) lnet(O) libcfs(O)
00040 CPU: 1 UID: 0 PID: 1970 Comm: llog_process_th Tainted: G        W  O        7.0.0-ktest-de16992-6330a45-20260728-dirty #1 PREEMPT 
00040 Tainted: [W]=WARN, [O]=OOT_MODULE
00040 Hardware name: QEMU Standard PC (Q35 + ICH9, 2009), BIOS 2025.11-3ubuntu7 03/31/2026
00040 RIP: 0010:osd_create+0x9cf/0xcf0 [osd_wbcfs]
00040 Code: c7 c7 00 16 7c a1 48 c7 c6 a0 92 7d a1 48 c7 c2 00 9c 7d a1 e8 82 dd 43 ff 48 c7 c7 00 16 7c a1 e8 f6 6a 44 ff e9 fe fc ff ff <0f> 0b e9 a5 fa ff ff 48 c7 c1 80 44 5d a0 80 e1 07 80 c1 03 38 c1
00040 RSP: 0018:ffffc900025b74f0 EFLAGS: 00010246
00040 RAX: 0000000000000000 RBX: ffff888105894800 RCX: 0000000000000046
00040 RDX: 0000000000000000 RSI: ffff8881b2081f30 RDI: ffff88813940aa58
00040 RBP: ffff8881b2081ea0 R08: ffffffff83a16803 R09: 1ffffffff0742d00
00040 R10: dffffc0000000000 R11: fffffbfff0742d01 R12: ffffc900025b75f0
00040 R13: dffffc0000000000 R14: 1ffff11020b12900 R15: 1ffff920004b6ebc
00040 FS:  0000000000000000(0000) GS:ffff88831e4ad000(0000) knlGS:0000000000000000
00040 CS:  0010 DS: 0000 ES: 0000 CR0: 0000000080050033
00040 CR2: 0000555c2686aff0 CR3: 000000010251f000 CR4: 0000000000750eb0
00040 PKRU: 55555554
00040 Call Trace:
00040  <TASK>
00040  ? dt_find_or_create+0x81a/0x1170 [obdclass]
00040  ? seq_store_init+0x155/0x360 [fid]
00040  ? seq_server_init+0x290/0xba0 [fid]
00040  ? ofd_fid_init+0x41c/0xf80 [ofd]
00040  ? ofd_seqs_init+0xb6/0x1370 [ofd]
00040  ? ofd_fs_setup+0x13c/0xdd0 [ofd]
00040  ? ofd_device_alloc+0x1f64/0x3600 [ofd]
00040  ? obd_setup+0x25c/0x960 [obdclass]
00040  ? class_setup+0xc7d/0x10e0 [obdclass]
00040  ? class_process_config+0x2edb/0x7cb0 [obdclass]
00040  ? __kasan_kmalloc+0x72/0x80
00040  ? class_config_llog_handler+0x2954/0x4f80 [obdclass]
00040  ? class_config_llog_handler+0x2cea/0x4f80 [obdclass]
00040  ? lustre_cfg_rec_free+0x350/0x350 [obdclass]
00040  ? llog_process_thread+0x1fd2/0x4f70 [obdclass]
00040  ? _raw_spin_unlock+0x23/0x40
00040  ? llog_process_thread_daemonize+0x16d/0x1b0 [obdclass]
00040  ? kthread+0x2cd/0x3a0
00040  ? llog_process_or_fork+0xc90/0xc90 [obdclass]
00040  ? kthread_unuse_mm+0x130/0x130
00040  ? ret_from_fork+0x18c/0x520
00040  ? kthread_unuse_mm+0x130/0x130
00040  ? ret_from_fork_asm+0x11/0x20
00040  </TASK>
00040 ---[ end trace 0000000000000000 ]---
00040 Lustre: srv-lustre-OST0000: No data found on store. Initialize space.
00040 Lustre: Skipped 2 previous similar messages
00040 ------------[ cut here ]------------
00040 WARNING: /home/ktest/git/linux/include/linux/fs.h:889 at osd_create+0x9cf/0xcf0 [osd_wbcfs], CPU#1: llog_process_th/1970
00040 Modules linked in: ofd(O) osp(O) mdd(O) lod(O) mdt(O) lquota(O) lfsck(O) mgs(O) osd_wbcfs(O) lustre(O) obdecho(O) mgc(O) mdc(O) lov(O) osc(O) lmv(O) ec(O) fid(O) fld(O) ptlrpc(O) efivarfs obdclass(O) ksocklnd(O) lnet(O) libcfs(O)
00040 CPU: 1 UID: 0 PID: 1970 Comm: llog_process_th Tainted: G        W  O        7.0.0-ktest-de16992-6330a45-20260728-dirty #1 PREEMPT 
00040 Tainted: [W]=WARN, [O]=OOT_MODULE
00040 Hardware name: QEMU Standard PC (Q35 + ICH9, 2009), BIOS 2025.11-3ubuntu7 03/31/2026
00040 RIP: 0010:osd_create+0x9cf/0xcf0 [osd_wbcfs]
00040 Code: c7 c7 00 16 7c a1 48 c7 c6 a0 92 7d a1 48 c7 c2 00 9c 7d a1 e8 82 dd 43 ff 48 c7 c7 00 16 7c a1 e8 f6 6a 44 ff e9 fe fc ff ff <0f> 0b e9 a5 fa ff ff 48 c7 c1 80 44 5d a0 80 e1 07 80 c1 03 38 c1
00040 RSP: 0018:ffffc900025b7530 EFLAGS: 00010246
00040 RAX: 0000000000000000 RBX: ffff88811b11cc00 RCX: 0000000000000046
00040 RDX: ffffffff84c41d40 RSI: ffff8881b2081818 RDI: ffff88813940aa58
00040 RBP: ffff8881b2081788 R08: 0000000000000001 R09: 0000000000000000
00040 R10: dffffc0000000000 R11: ffffed10364102e6 R12: ffff88818294db00
00040 R13: dffffc0000000000 R14: 1ffff11023623980 R15: 1ffff920004b6edb
00040 FS:  0000000000000000(0000) GS:ffff88831e4ad000(0000) knlGS:0000000000000000
00040 CS:  0010 DS: 0000 ES: 0000 CR0: 0000000080050033
00040 CR2: 0000555c2686aff0 CR3: 000000010251f000 CR4: 0000000000750eb0
00040 PKRU: 55555554
00040 Call Trace:
00040  <TASK>
00040  ? dt_find_or_create+0x81a/0x1170 [obdclass]
00040  ? fld_index_init+0x404/0x1610 [fld]
00040  ? is_module_address+0x1b/0x70
00040  ? is_module_address+0x5e/0x70
00040  ? __asan_memset+0x22/0x40
00040  ? fld_server_init+0x1d7/0x580 [fld]
00040  ? ofd_seqs_init+0x430/0x1370 [ofd]
00040  ? ofd_fs_setup+0x13c/0xdd0 [ofd]
00040  ? ofd_device_alloc+0x1f64/0x3600 [ofd]
00040  ? obd_setup+0x25c/0x960 [obdclass]
00040  ? class_setup+0xc7d/0x10e0 [obdclass]
00040  ? class_process_config+0x2edb/0x7cb0 [obdclass]
00040  ? __kasan_kmalloc+0x72/0x80
00040  ? class_config_llog_handler+0x2954/0x4f80 [obdclass]
00040  ? class_config_llog_handler+0x2cea/0x4f80 [obdclass]
00040  ? lustre_cfg_rec_free+0x350/0x350 [obdclass]
00040  ? llog_process_thread+0x1fd2/0x4f70 [obdclass]
00040  ? _raw_spin_unlock+0x23/0x40
00040  ? llog_process_thread_daemonize+0x16d/0x1b0 [obdclass]
00040  ? kthread+0x2cd/0x3a0
00040  ? llog_process_or_fork+0xc90/0xc90 [obdclass]
00040  ? kthread_unuse_mm+0x130/0x130
00040  ? ret_from_fork+0x18c/0x520
00040  ? kthread_unuse_mm+0x130/0x130
00040  ? ret_from_fork_asm+0x11/0x20
00040  </TASK>
00040 ---[ end trace 0000000000000000 ]---
00040 ------------[ cut here ]------------
00040 WARNING: /home/ktest/git/linux/include/linux/fs.h:889 at osd_create+0x9cf/0xcf0 [osd_wbcfs], CPU#1: llog_process_th/1970
00040 Modules linked in: ofd(O) osp(O) mdd(O) lod(O) mdt(O) lquota(O) lfsck(O) mgs(O) osd_wbcfs(O) lustre(O) obdecho(O) mgc(O) mdc(O) lov(O) osc(O) lmv(O) ec(O) fid(O) fld(O) ptlrpc(O) efivarfs obdclass(O) ksocklnd(O) lnet(O) libcfs(O)
00040 CPU: 1 UID: 0 PID: 1970 Comm: llog_process_th Tainted: G        W  O        7.0.0-ktest-de16992-6330a45-20260728-dirty #1 PREEMPT 
00040 Tainted: [W]=WARN, [O]=OOT_MODULE
00040 Hardware name: QEMU Standard PC (Q35 + ICH9, 2009), BIOS 2025.11-3ubuntu7 03/31/2026
00040 RIP: 0010:osd_create+0x9cf/0xcf0 [osd_wbcfs]
00040 Code: c7 c7 00 16 7c a1 48 c7 c6 a0 92 7d a1 48 c7 c2 00 9c 7d a1 e8 82 dd 43 ff 48 c7 c7 00 16 7c a1 e8 f6 6a 44 ff e9 fe fc ff ff <0f> 0b e9 a5 fa ff ff 48 c7 c1 80 44 5d a0 80 e1 07 80 c1 03 38 c1
00040 RSP: 0018:ffffc900025b76e0 EFLAGS: 00010246
00040 RAX: 0000000000000000 RBX: ffff88811b118800 RCX: 0000000000000046
00040 RDX: 0000000000000000 RSI: ffff8881b2081100 RDI: ffff88813940aa58
00040 RBP: ffff8881b2081070 R08: ffffffff83a16803 R09: 1ffffffff0742d00
00040 R10: dffffc0000000000 R11: fffffbfff0742d01 R12: ffff88816b7a0030
00040 R13: dffffc0000000000 R14: 1ffff11023623100 R15: 1ffff1102d6f4042
00040 FS:  0000000000000000(0000) GS:ffff88831e4ad000(0000) knlGS:0000000000000000
00040 CS:  0010 DS: 0000 ES: 0000 CR0: 0000000080050033
00040 CR2: 0000555c2686aff0 CR3: 000000010251f000 CR4: 0000000000750eb0
00040 PKRU: 55555554
00040 Call Trace:
00040  <TASK>
00040  ? dt_find_or_create+0x81a/0x1170 [obdclass]
00040  ? ofd_fs_setup+0x42c/0xdd0 [ofd]
00040  ? ofd_device_alloc+0x1f64/0x3600 [ofd]
00040  ? obd_setup+0x25c/0x960 [obdclass]
00040  ? class_setup+0xc7d/0x10e0 [obdclass]
00040  ? class_process_config+0x2edb/0x7cb0 [obdclass]
00040  ? __kasan_kmalloc+0x72/0x80
00040  ? class_config_llog_handler+0x2954/0x4f80 [obdclass]
00040  ? class_config_llog_handler+0x2cea/0x4f80 [obdclass]
00040  ? lustre_cfg_rec_free+0x350/0x350 [obdclass]
00040  ? llog_process_thread+0x1fd2/0x4f70 [obdclass]
00040  ? _raw_spin_unlock+0x23/0x40
00040  ? llog_process_thread_daemonize+0x16d/0x1b0 [obdclass]
00040  ? kthread+0x2cd/0x3a0
00040  ? llog_process_or_fork+0xc90/0xc90 [obdclass]
00040  ? kthread_unuse_mm+0x130/0x130
00040  ? ret_from_fork+0x18c/0x520
00040  ? kthread_unuse_mm+0x130/0x130
00040  ? ret_from_fork_asm+0x11/0x20
00040  </TASK>
00040 ---[ end trace 0000000000000000 ]---
00040 ------------[ cut here ]------------
00040 WARNING: /home/ktest/git/linux/include/linux/fs.h:889 at osd_create+0x9cf/0xcf0 [osd_wbcfs], CPU#1: llog_process_th/1970
00040 Modules linked in: ofd(O) osp(O) mdd(O) lod(O) mdt(O) lquota(O) lfsck(O) mgs(O) osd_wbcfs(O) lustre(O) obdecho(O) mgc(O) mdc(O) lov(O) osc(O) lmv(O) ec(O) fid(O) fld(O) ptlrpc(O) efivarfs obdclass(O) ksocklnd(O) lnet(O) libcfs(O)
00040 CPU: 1 UID: 0 PID: 1970 Comm: llog_process_th Tainted: G        W  O        7.0.0-ktest-de16992-6330a45-20260728-dirty #1 PREEMPT 
00040 Tainted: [W]=WARN, [O]=OOT_MODULE
00040 Hardware name: QEMU Standard PC (Q35 + ICH9, 2009), BIOS 2025.11-3ubuntu7 03/31/2026
00040 RIP: 0010:osd_create+0x9cf/0xcf0 [osd_wbcfs]
00040 Code: c7 c7 00 16 7c a1 48 c7 c6 a0 92 7d a1 48 c7 c2 00 9c 7d a1 e8 82 dd 43 ff 48 c7 c7 00 16 7c a1 e8 f6 6a 44 ff e9 fe fc ff ff <0f> 0b e9 a5 fa ff ff 48 c7 c1 80 44 5d a0 80 e1 07 80 c1 03 38 c1
00040 RSP: 0018:ffffc900025b76e0 EFLAGS: 00010246
00040 RAX: 0000000000000000 RBX: ffff88811b118000 RCX: 0000000000000046
00040 RDX: 0000000000000000 RSI: ffff8881b20809e8 RDI: ffff88813940aa58
00040 RBP: ffff8881b2080958 R08: ffffffff83a16803 R09: 1ffffffff0742d00
00040 R10: dffffc0000000000 R11: fffffbfff0742d01 R12: ffff88816b7a0030
00040 R13: dffffc0000000000 R14: 1ffff11023623000 R15: 1ffff1102d6f4042
00040 FS:  0000000000000000(0000) GS:ffff88831e4ad000(0000) knlGS:0000000000000000
00040 CS:  0010 DS: 0000 ES: 0000 CR0: 0000000080050033
00040 CR2: 0000555c2686aff0 CR3: 000000010251f000 CR4: 0000000000750eb0
00040 PKRU: 55555554
00040 Call Trace:
00040  <TASK>
00040  ? dt_find_or_create+0x81a/0x1170 [obdclass]
00040  ? ofd_fs_setup+0x57f/0xdd0 [ofd]
00040  ? ofd_device_alloc+0x1f64/0x3600 [ofd]
00040  ? obd_setup+0x25c/0x960 [obdclass]
00040  ? class_setup+0xc7d/0x10e0 [obdclass]
00040  ? class_process_config+0x2edb/0x7cb0 [obdclass]
00040  ? __kasan_kmalloc+0x72/0x80
00040  ? class_config_llog_handler+0x2954/0x4f80 [obdclass]
00040  ? class_config_llog_handler+0x2cea/0x4f80 [obdclass]
00040  ? lustre_cfg_rec_free+0x350/0x350 [obdclass]
00040  ? llog_process_thread+0x1fd2/0x4f70 [obdclass]
00040  ? _raw_spin_unlock+0x23/0x40
00040  ? llog_process_thread_daemonize+0x16d/0x1b0 [obdclass]
00040  ? kthread+0x2cd/0x3a0
00040  ? llog_process_or_fork+0xc90/0xc90 [obdclass]
00040  ? kthread_unuse_mm+0x130/0x130
00040  ? ret_from_fork+0x18c/0x520
00040  ? kthread_unuse_mm+0x130/0x130
00040  ? ret_from_fork_asm+0x11/0x20
00040  </TASK>
00040 ---[ end trace 0000000000000000 ]---
00040 ------------[ cut here ]------------
00040 WARNING: /home/ktest/git/linux/include/linux/fs.h:889 at osd_create+0x9cf/0xcf0 [osd_wbcfs], CPU#1: llog_process_th/1970
00040 Modules linked in: ofd(O) osp(O) mdd(O) lod(O) mdt(O) lquota(O) lfsck(O) mgs(O) osd_wbcfs(O) lustre(O) obdecho(O) mgc(O) mdc(O) lov(O) osc(O) lmv(O) ec(O) fid(O) fld(O) ptlrpc(O) efivarfs obdclass(O) ksocklnd(O) lnet(O) libcfs(O)
00040 CPU: 1 UID: 0 PID: 1970 Comm: llog_process_th Tainted: G        W  O        7.0.0-ktest-de16992-6330a45-20260728-dirty #1 PREEMPT 
00040 Tainted: [W]=WARN, [O]=OOT_MODULE
00040 Hardware name: QEMU Standard PC (Q35 + ICH9, 2009), BIOS 2025.11-3ubuntu7 03/31/2026
00040 RIP: 0010:osd_create+0x9cf/0xcf0 [osd_wbcfs]
00040 Code: c7 c7 00 16 7c a1 48 c7 c6 a0 92 7d a1 48 c7 c2 00 9c 7d a1 e8 82 dd 43 ff 48 c7 c7 00 16 7c a1 e8 f6 6a 44 ff e9 fe fc ff ff <0f> 0b e9 a5 fa ff ff 48 c7 c1 80 44 5d a0 80 e1 07 80 c1 03 38 c1
00040 RSP: 0018:ffffc900025b74a8 EFLAGS: 00010246
00040 RAX: 0000000000000000 RBX: ffff888108340000 RCX: 0000000000000046
00040 RDX: ffffffff84c41d40 RSI: ffff8881b20802d0 RDI: ffff88813940aa58
00040 RBP: ffff8881b2080240 R08: 0000000000000001 R09: 0000000000000000
00040 R10: dffffc0000000000 R11: ffffed103641003d R12: ffff888197436418
00040 R13: dffffc0000000000 R14: 1ffff11021068000 R15: 1ffff11032e86c92
00040 FS:  0000000000000000(0000) GS:ffff88831e4ad000(0000) knlGS:0000000000000000
00040 CS:  0010 DS: 0000 ES: 0000 CR0: 0000000080050033
00040 CR2: 0000555c2686aff0 CR3: 000000010251f000 CR4: 0000000000750eb0
00040 PKRU: 55555554
00040 Call Trace:
00040  <TASK>
00040  ? local_object_create+0x109/0x640 [obdclass]
00040  ? dt_write_lock+0x16d/0x2a0 [obdclass]
00040  ? __local_file_create+0xce4/0x1bc0 [obdclass]
00040  ? local_index_find_or_create+0x1dc/0x2c0 [obdclass]
00040  ? nodemap_cache_find_create+0x4f9/0xe80 [ptlrpc]
00040  ? nodemap_save_config_cache+0x123/0x19b0 [ptlrpc]
00040  ? nm_config_file_register_tgt+0x19b/0x860 [ptlrpc]
00040  ? nm_config_file_register_tgt+0x1a9/0x860 [ptlrpc]
00040  ? ofd_device_alloc+0x213d/0x3600 [ofd]
00040  ? obd_setup+0x25c/0x960 [obdclass]
00040  ? class_setup+0xc7d/0x10e0 [obdclass]
00040  ? class_process_config+0x2edb/0x7cb0 [obdclass]
00040  ? __kasan_kmalloc+0x72/0x80
00040  ? class_config_llog_handler+0x2954/0x4f80 [obdclass]
00040  ? class_config_llog_handler+0x2cea/0x4f80 [obdclass]
00040  ? lustre_cfg_rec_free+0x350/0x350 [obdclass]
00040  ? llog_process_thread+0x1fd2/0x4f70 [obdclass]
00040  ? _raw_spin_unlock+0x23/0x40
00040  ? llog_process_thread_daemonize+0x16d/0x1b0 [obdclass]
00040  ? kthread+0x2cd/0x3a0
00040  ? llog_process_or_fork+0xc90/0xc90 [obdclass]
00040  ? kthread_unuse_mm+0x130/0x130
00040  ? ret_from_fork+0x18c/0x520
00040  ? kthread_unuse_mm+0x130/0x130
00040  ? ret_from_fork_asm+0x11/0x20
00040  </TASK>
00040 ---[ end trace 0000000000000000 ]---
00040 Lustre: lustre-OST0000: Imperative Recovery not enabled, recovery window 300-900
00040 Lustre: Skipped 1 previous similar message
00040 ------------[ cut here ]------------
00040 WARNING: /home/ktest/git/linux/include/linux/fs.h:889 at osd_create+0x9cf/0xcf0 [osd_wbcfs], CPU#15: ll_mgs_0002/1900
00040 Modules linked in: ofd(O) osp(O) mdd(O) lod(O) mdt(O) lquota(O) lfsck(O) mgs(O) osd_wbcfs(O) lustre(O) obdecho(O) mgc(O) mdc(O) lov(O) osc(O) lmv(O) ec(O) fid(O) fld(O) ptlrpc(O) efivarfs obdclass(O) ksocklnd(O) lnet(O) libcfs(O)
00040 CPU: 15 UID: 0 PID: 1900 Comm: ll_mgs_0002 Tainted: G        W  O        7.0.0-ktest-de16992-6330a45-20260728-dirty #1 PREEMPT 
00040 Tainted: [W]=WARN, [O]=OOT_MODULE
00040 Hardware name: QEMU Standard PC (Q35 + ICH9, 2009), BIOS 2025.11-3ubuntu7 03/31/2026
00040 RIP: 0010:osd_create+0x9cf/0xcf0 [osd_wbcfs]
00040 Code: c7 c7 00 16 7c a1 48 c7 c6 a0 92 7d a1 48 c7 c2 00 9c 7d a1 e8 82 dd 43 ff 48 c7 c7 00 16 7c a1 e8 f6 6a 44 ff e9 fe fc ff ff <0f> 0b e9 a5 fa ff ff 48 c7 c1 80 44 5d a0 80 e1 07 80 c1 03 38 c1
00040 RSP: 0018:ffffc90001b87700 EFLAGS: 00010246
00040 RAX: 0000000000000000 RBX: ffff88811e659400 RCX: 0000000000000046
00040 RDX: 0000000000000000 RSI: ffff8881b20dd0d8 RDI: ffff88817f8aaaa8
00040 RBP: ffff8881b20dd048 R08: ffffffff83a16803 R09: 1ffffffff0742d00
00040 R10: dffffc0000000000 R11: fffffbfff0742d01 R12: ffff88813891d800
00040 R13: dffffc0000000000 R14: 1ffff11023ccb280 R15: 1ffff11027123b0f
00040 FS:  0000000000000000(0000) GS:ffff88831ebad000(0000) knlGS:0000000000000000
00040 CS:  0010 DS: 0000 ES: 0000 CR0: 0000000080050033
00040 CR2: 00007f6bac1e6194 CR3: 0000000004274000 CR4: 0000000000750eb0
00040 PKRU: 55555554
00040 Call Trace:
00040  <TASK>
00040  ? local_object_create+0x109/0x640 [obdclass]
00040  ? dt_write_lock+0x16d/0x2a0 [obdclass]
00040  ? llog_osd_create+0x356/0x1140 [obdclass]
00040  ? llog_create+0x2ed/0x530 [obdclass]
00040  ? llog_open_create+0x5af/0xb10 [obdclass]
00040  ? record_start_log+0x348/0xa40 [mgs]
00040  ? mgs_write_log_target+0x16f2/0x6ab0 [mgs]
00040  ? mgs_target_reg+0x254e/0x4480 [mgs]
00040  ? tgt_request_handle+0x23ad/0x3d30 [ptlrpc]
00040  ? ptlrpc_main+0x6359/0x96f0 [ptlrpc]
00040  ? __kthread_parkme+0x73/0x130
00040  ? kthread+0x2cd/0x3a0
00040  ? ptlrpc_start_thread+0x1f10/0x1f10 [ptlrpc]
00040  ? kthread_unuse_mm+0x130/0x130
00040  ? ret_from_fork+0x18c/0x520
00040  ? kthread_unuse_mm+0x130/0x130
00040  ? ret_from_fork_asm+0x11/0x20
00040  </TASK>
00040 ---[ end trace 0000000000000000 ]---
00040 ------------[ cut here ]------------
00040 WARNING: /home/ktest/git/linux/include/linux/fs.h:889 at osd_create+0x9cf/0xcf0 [osd_wbcfs], CPU#4: llog_process_th/1977
00040 Modules linked in: ofd(O) osp(O) mdd(O) lod(O) mdt(O) lquota(O) lfsck(O) mgs(O) osd_wbcfs(O) lustre(O) obdecho(O) mgc(O) mdc(O) lov(O) osc(O) lmv(O) ec(O) fid(O) fld(O) ptlrpc(O) efivarfs obdclass(O) ksocklnd(O) lnet(O) libcfs(O)
00040 CPU: 4 UID: 0 PID: 1977 Comm: llog_process_th Tainted: G        W  O        7.0.0-ktest-de16992-6330a45-20260728-dirty #1 PREEMPT 
00040 Tainted: [W]=WARN, [O]=OOT_MODULE
00040 Hardware name: QEMU Standard PC (Q35 + ICH9, 2009), BIOS 2025.11-3ubuntu7 03/31/2026
00040 RIP: 0010:osd_create+0x9cf/0xcf0 [osd_wbcfs]
00040 Code: c7 c7 00 16 7c a1 48 c7 c6 a0 92 7d a1 48 c7 c2 00 9c 7d a1 e8 82 dd 43 ff 48 c7 c7 00 16 7c a1 e8 f6 6a 44 ff e9 fe fc ff ff <0f> 0b e9 a5 fa ff ff 48 c7 c1 80 44 5d a0 80 e1 07 80 c1 03 38 c1
00040 RSP: 0018:ffffc90005ad7618 EFLAGS: 00010246
00040 RAX: 0000000000000000 RBX: ffff888138d96800 RCX: 0000000000000046
00040 RDX: 0000000000000000 RSI: ffff888151ed1818 RDI: ffff88819ec62a58
00040 RBP: ffff888151ed1788 R08: ffffffff83a16803 R09: 1ffffffff0742d00
00040 R10: dffffc0000000000 R11: fffffbfff0742d01 R12: ffffc90005ad7788
00040 R13: dffffc0000000000 R14: 1ffff110271b2d00 R15: 1ffff92000b5aefe
00040 FS:  0000000000000000(0000) GS:ffff88831e62d000(0000) knlGS:0000000000000000
00040 CS:  0010 DS: 0000 ES: 0000 CR0: 0000000080050033
00040 CR2: 00007f6f1140b048 CR3: 000000014ed42000 CR4: 0000000000750eb0
00040 PKRU: 55555554
00040 Call Trace:
00040  <TASK>
00067 LustreError: lustre-MDT0001-osp-MDT0000: operation mds_statfs to node 0@lo failed: rc = -107
00067 Lustre: lustre-MDT0001-osp-MDT0000: Connection to lustre-MDT0001 (at 0@lo) was lost; in progress operations using this service will wait for recovery to complete
00067 Lustre: lustre-MDT0001: Not available for connect from 0@lo (stopping)
00072 Lustre: server umount lustre-MDT0001 complete
00082 Lustre: server umount lustre-MDT0000 complete
00082 20s
00083 
00083 ========= PASSED llmount in 52s
00083 
00083 Passed: llmount
00083 Failed: 
00083 NOTICE: Automounting of tracing to debugfs is deprecated and will be removed in 2030
00083 Kernel version: 7.0.0-ktest-de16992-6330a45-20260728-dirty
00083 TEST SUCCESS
