CLI: ./pk --podman-socket unix:///run/user/1000/podman/podman.sock --shared-filesystem /tmp --tarball-input job lustre-ci --output /var/www/ci-lustre/upstream-patch-review --git-hash de92e98111baea146ca6d7fb99d2383dea8b7419 --change-id 68043_de92e98111baea146ca6d7fb99d2383dea8b7419 --subject LU-20601 utils: make Lustre headers c++ compatible

Environment validated successfully
Note: custom LLVM is not synced in tarball input mode
Creating kernel tarball at /tmp/ktest-kernel.tar.gz...
Creating lustre tarball at /tmp/ktest-lustre.tar.gz...
Creating ZFS tarball at /tmp/ktest-zfs.tar.gz...
Executing 14 jobs
Jobs will start as soon as their dependencies are satisfied
Using tarball input mode

START al2023:al2023 build tests/fs/lustre/boot.ktest
START ml-miscvm:lustre_mainline_native build tests/fs/lustre/boot.ktest
START u24:u24 build tests/fs/lustre/boot.ktest
START ml:lustre_mainline build tests/fs/lustre/boot.ktest
START ml-strict:lustre_mainline build tests/fs/lustre/boot-strict.ktest
START checkpatch:checkpatch tool checkpatch
PUT /tmp/ktest-lustre.tar.gz 1s
PUT /tmp/ktest-lustre.tar.gz 1s
PUT /tmp/ktest-kernel.tar.gz 7s
PUT /tmp/ktest-kernel.tar.gz 7s
PUT /tmp/ktest-kernel.tar.gz 7s
PUT /tmp/ktest-kernel.tar.gz 8s
PUT /tmp/ktest-lustre.tar.gz 2s
PUT /tmp/ktest-lustre.tar.gz 2s
PUT /tmp/ktest-lustre.tar.gz 2s
PUT /tmp/ktest-lustre.tar.gz 2s
PUT /tmp/ktest-zfs.tar.gz 0s
PUT /tmp/ktest-zfs.tar.gz 0s
PUT /tmp/ktest-zfs.tar.gz 0s
END checkpatch:checkpatch tool checkpatch FAIL 13s (exit code: 1)
END u24:u24 build tests/fs/lustre/boot.ktest PASS 41s
END al2023:al2023 build tests/fs/lustre/boot.ktest PASS 46s
GET /tmp/ktest_ml-strict:lustre_mainline_wpbq8477.tar 7s
END ml-strict:lustre_mainline build tests/fs/lustre/boot-strict.ktest FAIL 207s (exit code: 1)
GET /tmp/ktest_ml-miscvm:lustre_mainline_native_tzu84l9b.tar 0s
GET /tmp/ktest_ml:lustre_mainline_nnstgc6q.tar 0s
END ml-miscvm:lustre_mainline_native build tests/fs/lustre/boot.ktest PASS 220s
START ml-miscvm:boot run tests/fs/lustre/boot.ktest
START ml-miscvm:llmount run tests/fs/lustre/llmount.ktest
START ml-miscvm:llog-unit run tests/fs/lustre/llog-unit.ktest
START ml-miscvm:mgs-setup run tests/fs/lustre/mgs-setup.ktest
START ml-miscvm:sanity-1 run tests/fs/lustre/sanity/sanity-1.ktest
START ml-miscvm:sanity-2 run tests/fs/lustre/sanity/sanity-2.ktest
START ml-miscvm:sanity-3 run tests/fs/lustre/sanity/sanity-3.ktest
START ml-miscvm:sanity-4 run tests/fs/lustre/sanity/sanity-4.ktest
END ml:lustre_mainline build tests/fs/lustre/boot.ktest PASS 221s
PUT /tmp/ktest-kernel.tar.gz 39s
PUT /tmp/ktest-kernel.tar.gz 39s
PUT /tmp/ktest-kernel.tar.gz 39s
PUT /tmp/ktest-kernel.tar.gz 39s
PUT /tmp/ktest-kernel.tar.gz 39s
PUT /tmp/ktest-kernel.tar.gz 39s
PUT /tmp/ktest-kernel.tar.gz 40s
PUT /tmp/ktest-kernel.tar.gz 40s
PUT /tmp/ktest-lustre.tar.gz 14s
PUT /tmp/ktest-lustre.tar.gz 14s
PUT /tmp/ktest-lustre.tar.gz 13s
PUT /tmp/ktest-lustre.tar.gz 14s
PUT /tmp/ktest-lustre.tar.gz 14s
PUT /tmp/ktest-lustre.tar.gz 14s
PUT /tmp/ktest-lustre.tar.gz 14s
PUT /tmp/ktest-lustre.tar.gz 15s
PUT /tmp/ktest_ml-miscvm:lustre_mainline_native_tzu84l9b.tar 3s
PUT /tmp/ktest_ml-miscvm:lustre_mainline_native_tzu84l9b.tar 3s
PUT /tmp/ktest_ml-miscvm:lustre_mainline_native_tzu84l9b.tar 3s
PUT /tmp/ktest_ml-miscvm:lustre_mainline_native_tzu84l9b.tar 3s
PUT /tmp/ktest_ml-miscvm:lustre_mainline_native_tzu84l9b.tar 3s
PUT /tmp/ktest_ml-miscvm:lustre_mainline_native_tzu84l9b.tar 3s
PUT /tmp/ktest_ml-miscvm:lustre_mainline_native_tzu84l9b.tar 3s
PUT /tmp/ktest_ml-miscvm:lustre_mainline_native_tzu84l9b.tar 3s
END ml-miscvm:boot run tests/fs/lustre/boot.ktest PASS 73s
END ml-miscvm:mgs-setup run tests/fs/lustre/mgs-setup.ktest PASS 81s
END ml-miscvm:sanity-1 run tests/fs/lustre/sanity/sanity-1.ktest PASS 111s
END ml-miscvm:sanity-4 run tests/fs/lustre/sanity/sanity-4.ktest PASS 112s
END ml-miscvm:llmount run tests/fs/lustre/llmount.ktest PASS 121s
END ml-miscvm:sanity-2 run tests/fs/lustre/sanity/sanity-2.ktest PASS 124s
END ml-miscvm:sanity-3 run tests/fs/lustre/sanity/sanity-3.ktest PASS 125s
END ml-miscvm:llog-unit run tests/fs/lustre/llog-unit.ktest FAIL 157s (exit code: 1)

============================================================
Final Results:
  checkpatch:checkpatch: FAIL (13s) (log: /var/www/ci-lustre/upstream-patch-review/de92e98111baea146ca6d7fb99d2383dea8b7419_checkpatch:checkpatch.log)
  u24:u24: PASS (41s) (log: /var/www/ci-lustre/upstream-patch-review/de92e98111baea146ca6d7fb99d2383dea8b7419_u24:u24.log)
  al2023:al2023: PASS (46s) (log: /var/www/ci-lustre/upstream-patch-review/de92e98111baea146ca6d7fb99d2383dea8b7419_al2023:al2023.log)
  ml-strict:lustre_mainline: FAIL (207s) (log: /var/www/ci-lustre/upstream-patch-review/de92e98111baea146ca6d7fb99d2383dea8b7419_ml-strict:lustre_mainline.log)
  ml:lustre_mainline: PASS (221s) (log: /var/www/ci-lustre/upstream-patch-review/de92e98111baea146ca6d7fb99d2383dea8b7419_ml:lustre_mainline.log)
  ml-miscvm:lustre_mainline_native: PASS (220s) (log: /var/www/ci-lustre/upstream-patch-review/de92e98111baea146ca6d7fb99d2383dea8b7419_ml-miscvm:lustre_mainline_native.log)
  ml-miscvm:boot: PASS (73s) (log: /var/www/ci-lustre/upstream-patch-review/de92e98111baea146ca6d7fb99d2383dea8b7419_ml-miscvm:boot.log)
  ml-miscvm:llmount: PASS (121s) (log: /var/www/ci-lustre/upstream-patch-review/de92e98111baea146ca6d7fb99d2383dea8b7419_ml-miscvm:llmount.log)
  ml-miscvm:llog-unit: FAIL (157s) (log: /var/www/ci-lustre/upstream-patch-review/de92e98111baea146ca6d7fb99d2383dea8b7419_ml-miscvm:llog-unit.log)
  ml-miscvm:mgs-setup: PASS (81s) (log: /var/www/ci-lustre/upstream-patch-review/de92e98111baea146ca6d7fb99d2383dea8b7419_ml-miscvm:mgs-setup.log)
  ml-miscvm:sanity-1: PASS (111s) (log: /var/www/ci-lustre/upstream-patch-review/de92e98111baea146ca6d7fb99d2383dea8b7419_ml-miscvm:sanity-1.log)
  ml-miscvm:sanity-2: PASS (124s) (log: /var/www/ci-lustre/upstream-patch-review/de92e98111baea146ca6d7fb99d2383dea8b7419_ml-miscvm:sanity-2.log)
  ml-miscvm:sanity-3: PASS (125s) (log: /var/www/ci-lustre/upstream-patch-review/de92e98111baea146ca6d7fb99d2383dea8b7419_ml-miscvm:sanity-3.log)
  ml-miscvm:sanity-4: PASS (112s) (log: /var/www/ci-lustre/upstream-patch-review/de92e98111baea146ca6d7fb99d2383dea8b7419_ml-miscvm:sanity-4.log)

Total execution time: 408s

Packed 5189 logs from /var/www/ci-lustre/upstream-patch-review into /home/ktest/ktest/local-site/local_data.js
Open /home/ktest/ktest/local-site/index.html in a browser
