CLI: ./pk --podman-socket unix:///run/user/1000/podman/podman.sock --shared-filesystem /tmp --tarball-input job lustre-ci --output /var/www/ci-lustre/upstream-patch-review --git-hash de9c00a5faaa20d94885d72cc4c5bc2767eae48d --change-id 69216_de9c00a5faaa20d94885d72cc4c5bc2767eae48d --subject LU-20836 kernel: update RHEL 8.10 [4.18.0-553.168.1.el8_10]

Environment validated successfully
Note: custom LLVM is not synced in tarball input mode
Creating kernel tarball at /tmp/ktest-kernel.tar.gz...
Creating lustre tarball at /tmp/ktest-lustre.tar.gz...
Creating ZFS tarball at /tmp/ktest-zfs.tar.gz...
Executing 14 jobs
Jobs will start as soon as their dependencies are satisfied
Using tarball input mode

START al2023:al2023 build tests/fs/lustre/boot.ktest
START ml-strict:lustre_mainline build tests/fs/lustre/boot-strict.ktest
START ml-miscvm:lustre_mainline_native build tests/fs/lustre/boot.ktest
START u24:u24 build tests/fs/lustre/boot.ktest
START checkpatch:checkpatch tool checkpatch
START ml:lustre_mainline build tests/fs/lustre/boot.ktest
PUT /tmp/ktest-lustre.tar.gz 1s
PUT /tmp/ktest-lustre.tar.gz 1s
PUT /tmp/ktest-kernel.tar.gz 6s
PUT /tmp/ktest-kernel.tar.gz 6s
PUT /tmp/ktest-kernel.tar.gz 6s
PUT /tmp/ktest-kernel.tar.gz 7s
PUT /tmp/ktest-lustre.tar.gz 3s
PUT /tmp/ktest-lustre.tar.gz 3s
PUT /tmp/ktest-lustre.tar.gz 3s
PUT /tmp/ktest-lustre.tar.gz 4s
PUT /tmp/ktest-zfs.tar.gz 0s
PUT /tmp/ktest-zfs.tar.gz 0s
PUT /tmp/ktest-zfs.tar.gz 0s
END checkpatch:checkpatch tool checkpatch PASS 13s
END u24:u24 build tests/fs/lustre/boot.ktest PASS 40s
END al2023:al2023 build tests/fs/lustre/boot.ktest PASS 46s
GET /tmp/ktest_ml-miscvm:lustre_mainline_native_b944icth.tar 0s
END ml-miscvm:lustre_mainline_native build tests/fs/lustre/boot.ktest PASS 146s
START ml-miscvm:boot run tests/fs/lustre/boot.ktest
START ml-miscvm:llmount run tests/fs/lustre/llmount.ktest
START ml-miscvm:llog-unit run tests/fs/lustre/llog-unit.ktest
START ml-miscvm:mgs-setup run tests/fs/lustre/mgs-setup.ktest
START ml-miscvm:sanity-1 run tests/fs/lustre/sanity/sanity-1.ktest
START ml-miscvm:sanity-2 run tests/fs/lustre/sanity/sanity-2.ktest
START ml-miscvm:sanity-3 run tests/fs/lustre/sanity/sanity-3.ktest
START ml-miscvm:sanity-4 run tests/fs/lustre/sanity/sanity-4.ktest
GET /tmp/ktest_ml-strict:lustre_mainline__8pzt_q6.tar 36s
PUT /tmp/ktest-kernel.tar.gz 58s
PUT /tmp/ktest-kernel.tar.gz 58s
PUT /tmp/ktest-kernel.tar.gz 59s
PUT /tmp/ktest-kernel.tar.gz 59s
PUT /tmp/ktest-kernel.tar.gz 59s
PUT /tmp/ktest-kernel.tar.gz 59s
PUT /tmp/ktest-kernel.tar.gz 59s
PUT /tmp/ktest-kernel.tar.gz 60s
END ml-strict:lustre_mainline build tests/fs/lustre/boot-strict.ktest FAIL 208s (exit code: 1)
PUT /tmp/ktest-lustre.tar.gz 19s
PUT /tmp/ktest-lustre.tar.gz 19s
PUT /tmp/ktest-lustre.tar.gz 19s
PUT /tmp/ktest-lustre.tar.gz 19s
PUT /tmp/ktest-lustre.tar.gz 19s
PUT /tmp/ktest-lustre.tar.gz 19s
PUT /tmp/ktest-lustre.tar.gz 19s
PUT /tmp/ktest-lustre.tar.gz 19s
PUT /tmp/ktest_ml-miscvm:lustre_mainline_native_b944icth.tar 0s
GET /tmp/ktest_ml:lustre_mainline_nmbfm006.tar 2s
PUT /tmp/ktest_ml-miscvm:lustre_mainline_native_b944icth.tar 2s
PUT /tmp/ktest_ml-miscvm:lustre_mainline_native_b944icth.tar 2s
PUT /tmp/ktest_ml-miscvm:lustre_mainline_native_b944icth.tar 2s
PUT /tmp/ktest_ml-miscvm:lustre_mainline_native_b944icth.tar 2s
PUT /tmp/ktest_ml-miscvm:lustre_mainline_native_b944icth.tar 2s
PUT /tmp/ktest_ml-miscvm:lustre_mainline_native_b944icth.tar 2s
PUT /tmp/ktest_ml-miscvm:lustre_mainline_native_b944icth.tar 2s
END ml:lustre_mainline build tests/fs/lustre/boot.ktest PASS 230s
END ml-miscvm:boot run tests/fs/lustre/boot.ktest PASS 96s
END ml-miscvm:mgs-setup run tests/fs/lustre/mgs-setup.ktest PASS 101s
END ml-miscvm:sanity-3 run tests/fs/lustre/sanity/sanity-3.ktest PASS 133s
END ml-miscvm:sanity-1 run tests/fs/lustre/sanity/sanity-1.ktest PASS 135s
END ml-miscvm:sanity-4 run tests/fs/lustre/sanity/sanity-4.ktest PASS 136s
END ml-miscvm:llmount run tests/fs/lustre/llmount.ktest PASS 143s
END ml-miscvm:sanity-2 run tests/fs/lustre/sanity/sanity-2.ktest PASS 147s
END ml-miscvm:llog-unit run tests/fs/lustre/llog-unit.ktest FAIL 179s (exit code: 1)

============================================================
Final Results:
  checkpatch:checkpatch: PASS (13s) (log: /var/www/ci-lustre/upstream-patch-review/de9c00a5faaa20d94885d72cc4c5bc2767eae48d_checkpatch:checkpatch.log)
  u24:u24: PASS (40s) (log: /var/www/ci-lustre/upstream-patch-review/de9c00a5faaa20d94885d72cc4c5bc2767eae48d_u24:u24.log)
  al2023:al2023: PASS (46s) (log: /var/www/ci-lustre/upstream-patch-review/de9c00a5faaa20d94885d72cc4c5bc2767eae48d_al2023:al2023.log)
  ml-strict:lustre_mainline: FAIL (208s) (log: /var/www/ci-lustre/upstream-patch-review/de9c00a5faaa20d94885d72cc4c5bc2767eae48d_ml-strict:lustre_mainline.log)
  ml:lustre_mainline: PASS (230s) (log: /var/www/ci-lustre/upstream-patch-review/de9c00a5faaa20d94885d72cc4c5bc2767eae48d_ml:lustre_mainline.log)
  ml-miscvm:lustre_mainline_native: PASS (146s) (log: /var/www/ci-lustre/upstream-patch-review/de9c00a5faaa20d94885d72cc4c5bc2767eae48d_ml-miscvm:lustre_mainline_native.log)
  ml-miscvm:boot: PASS (96s) (log: /var/www/ci-lustre/upstream-patch-review/de9c00a5faaa20d94885d72cc4c5bc2767eae48d_ml-miscvm:boot.log)
  ml-miscvm:llmount: PASS (143s) (log: /var/www/ci-lustre/upstream-patch-review/de9c00a5faaa20d94885d72cc4c5bc2767eae48d_ml-miscvm:llmount.log)
  ml-miscvm:llog-unit: FAIL (179s) (log: /var/www/ci-lustre/upstream-patch-review/de9c00a5faaa20d94885d72cc4c5bc2767eae48d_ml-miscvm:llog-unit.log)
  ml-miscvm:mgs-setup: PASS (101s) (log: /var/www/ci-lustre/upstream-patch-review/de9c00a5faaa20d94885d72cc4c5bc2767eae48d_ml-miscvm:mgs-setup.log)
  ml-miscvm:sanity-1: PASS (135s) (log: /var/www/ci-lustre/upstream-patch-review/de9c00a5faaa20d94885d72cc4c5bc2767eae48d_ml-miscvm:sanity-1.log)
  ml-miscvm:sanity-2: PASS (147s) (log: /var/www/ci-lustre/upstream-patch-review/de9c00a5faaa20d94885d72cc4c5bc2767eae48d_ml-miscvm:sanity-2.log)
  ml-miscvm:sanity-3: PASS (133s) (log: /var/www/ci-lustre/upstream-patch-review/de9c00a5faaa20d94885d72cc4c5bc2767eae48d_ml-miscvm:sanity-3.log)
  ml-miscvm:sanity-4: PASS (136s) (log: /var/www/ci-lustre/upstream-patch-review/de9c00a5faaa20d94885d72cc4c5bc2767eae48d_ml-miscvm:sanity-4.log)

Total execution time: 356s

Packed 6938 logs from /var/www/ci-lustre/upstream-patch-review into /home/ktest/ktest/local-site/local_data.js
Open /home/ktest/ktest/local-site/index.html in a browser
