CLI: ./pk --podman-socket unix:///run/podman/podman.sock --shared-filesystem /tmp --tarball-input job lustre-ci --output /var/www/ci-lustre/upstream-patch-review --git-hash debb130670c53aac3180cb9c3a4f2c55a8bf1510 --change-id 66215_debb130670c53aac3180cb9c3a4f2c55a8bf1510 --subject LU-20310 ec: fix remaining checkpatch.pl warnings

Environment validated successfully
Note: custom LLVM is not synced in tarball input mode
Creating kernel tarball at /tmp/ktest-kernel.tar.gz...
Creating lustre tarball at /tmp/ktest-lustre.tar.gz...
Creating ZFS tarball at /tmp/ktest-zfs.tar.gz...
Executing 14 jobs
Jobs will start as soon as their dependencies are satisfied
Using tarball input mode

START ml-strict:lustre_mainline build tests/fs/lustre/boot-strict.ktest
START checkpatch:checkpatch tool checkpatch
START ml-miscvm:lustre_mainline_native build tests/fs/lustre/boot.ktest
START al2023:al2023 build tests/fs/lustre/boot.ktest
START u24:u24 build tests/fs/lustre/boot.ktest
START ml:lustre_mainline build tests/fs/lustre/boot.ktest
PUT /tmp/ktest-lustre.tar.gz 1s
PUT /tmp/ktest-lustre.tar.gz 2s
PUT /tmp/ktest-kernel.tar.gz 7s
PUT /tmp/ktest-kernel.tar.gz 7s
PUT /tmp/ktest-kernel.tar.gz 7s
PUT /tmp/ktest-kernel.tar.gz 7s
PUT /tmp/ktest-lustre.tar.gz 2s
PUT /tmp/ktest-lustre.tar.gz 2s
PUT /tmp/ktest-lustre.tar.gz 2s
PUT /tmp/ktest-lustre.tar.gz 2s
PUT /tmp/ktest-zfs.tar.gz 0s
PUT /tmp/ktest-zfs.tar.gz 0s
PUT /tmp/ktest-zfs.tar.gz 0s
END checkpatch:checkpatch tool checkpatch FAIL 12s (exit code: 1)
END u24:u24 build tests/fs/lustre/boot.ktest PASS 39s
END al2023:al2023 build tests/fs/lustre/boot.ktest PASS 47s
GET /tmp/ktest_ml:lustre_mainline_fjgdhr2a.tar 0s
END ml:lustre_mainline build tests/fs/lustre/boot.ktest PASS 162s
GET /tmp/ktest_ml-strict:lustre_mainline_mkl80_cb.tar 8s
GET /tmp/ktest_ml-miscvm:lustre_mainline_native_i8g_wuni.tar 9s
END ml-strict:lustre_mainline build tests/fs/lustre/boot-strict.ktest FAIL 175s (exit code: 1)
END ml-miscvm:lustre_mainline_native build tests/fs/lustre/boot.ktest PASS 176s
START ml-miscvm:boot run tests/fs/lustre/boot.ktest
START ml-miscvm:llmount run tests/fs/lustre/llmount.ktest
START ml-miscvm:llog-unit run tests/fs/lustre/llog-unit.ktest
START ml-miscvm:mgs-setup run tests/fs/lustre/mgs-setup.ktest
START ml-miscvm:sanity-1 run tests/fs/lustre/sanity/sanity-1.ktest
START ml-miscvm:sanity-2 run tests/fs/lustre/sanity/sanity-2.ktest
START ml-miscvm:sanity-3 run tests/fs/lustre/sanity/sanity-3.ktest
START ml-miscvm:sanity-4 run tests/fs/lustre/sanity/sanity-4.ktest
PUT /tmp/ktest-kernel.tar.gz 27s
PUT /tmp/ktest-kernel.tar.gz 27s
PUT /tmp/ktest-kernel.tar.gz 28s
PUT /tmp/ktest-kernel.tar.gz 28s
PUT /tmp/ktest-kernel.tar.gz 28s
PUT /tmp/ktest-kernel.tar.gz 28s
PUT /tmp/ktest-kernel.tar.gz 28s
PUT /tmp/ktest-kernel.tar.gz 28s
PUT /tmp/ktest-lustre.tar.gz 9s
PUT /tmp/ktest-lustre.tar.gz 9s
PUT /tmp/ktest-lustre.tar.gz 10s
PUT /tmp/ktest-lustre.tar.gz 10s
PUT /tmp/ktest-lustre.tar.gz 10s
PUT /tmp/ktest-lustre.tar.gz 10s
PUT /tmp/ktest-lustre.tar.gz 10s
PUT /tmp/ktest-lustre.tar.gz 9s
PUT /tmp/ktest_ml-miscvm:lustre_mainline_native_i8g_wuni.tar 1s
PUT /tmp/ktest_ml-miscvm:lustre_mainline_native_i8g_wuni.tar 1s
PUT /tmp/ktest_ml-miscvm:lustre_mainline_native_i8g_wuni.tar 1s
PUT /tmp/ktest_ml-miscvm:lustre_mainline_native_i8g_wuni.tar 1s
PUT /tmp/ktest_ml-miscvm:lustre_mainline_native_i8g_wuni.tar 1s
PUT /tmp/ktest_ml-miscvm:lustre_mainline_native_i8g_wuni.tar 1s
PUT /tmp/ktest_ml-miscvm:lustre_mainline_native_i8g_wuni.tar 1s
PUT /tmp/ktest_ml-miscvm:lustre_mainline_native_i8g_wuni.tar 1s
END ml-miscvm:boot run tests/fs/lustre/boot.ktest PASS 50s
END ml-miscvm:mgs-setup run tests/fs/lustre/mgs-setup.ktest PASS 59s
END ml-miscvm:sanity-3 run tests/fs/lustre/sanity/sanity-3.ktest PASS 88s
END ml-miscvm:sanity-1 run tests/fs/lustre/sanity/sanity-1.ktest PASS 89s
END ml-miscvm:sanity-2 run tests/fs/lustre/sanity/sanity-2.ktest PASS 90s
END ml-miscvm:sanity-4 run tests/fs/lustre/sanity/sanity-4.ktest PASS 92s
END ml-miscvm:llmount run tests/fs/lustre/llmount.ktest PASS 97s
END ml-miscvm:llog-unit run tests/fs/lustre/llog-unit.ktest FAIL 135s (exit code: 1)

============================================================
Final Results:
  checkpatch:checkpatch: FAIL (12s) (log: /var/www/ci-lustre/upstream-patch-review/debb130670c53aac3180cb9c3a4f2c55a8bf1510_checkpatch:checkpatch.log)
  u24:u24: PASS (39s) (log: /var/www/ci-lustre/upstream-patch-review/debb130670c53aac3180cb9c3a4f2c55a8bf1510_u24:u24.log)
  al2023:al2023: PASS (47s) (log: /var/www/ci-lustre/upstream-patch-review/debb130670c53aac3180cb9c3a4f2c55a8bf1510_al2023:al2023.log)
  ml-strict:lustre_mainline: FAIL (175s) (log: /var/www/ci-lustre/upstream-patch-review/debb130670c53aac3180cb9c3a4f2c55a8bf1510_ml-strict:lustre_mainline.log)
  ml:lustre_mainline: PASS (162s) (log: /var/www/ci-lustre/upstream-patch-review/debb130670c53aac3180cb9c3a4f2c55a8bf1510_ml:lustre_mainline.log)
  ml-miscvm:lustre_mainline_native: PASS (176s) (log: /var/www/ci-lustre/upstream-patch-review/debb130670c53aac3180cb9c3a4f2c55a8bf1510_ml-miscvm:lustre_mainline_native.log)
  ml-miscvm:boot: PASS (50s) (log: /var/www/ci-lustre/upstream-patch-review/debb130670c53aac3180cb9c3a4f2c55a8bf1510_ml-miscvm:boot.log)
  ml-miscvm:llmount: PASS (97s) (log: /var/www/ci-lustre/upstream-patch-review/debb130670c53aac3180cb9c3a4f2c55a8bf1510_ml-miscvm:llmount.log)
  ml-miscvm:llog-unit: FAIL (135s) (log: /var/www/ci-lustre/upstream-patch-review/debb130670c53aac3180cb9c3a4f2c55a8bf1510_ml-miscvm:llog-unit.log)
  ml-miscvm:mgs-setup: PASS (59s) (log: /var/www/ci-lustre/upstream-patch-review/debb130670c53aac3180cb9c3a4f2c55a8bf1510_ml-miscvm:mgs-setup.log)
  ml-miscvm:sanity-1: PASS (89s) (log: /var/www/ci-lustre/upstream-patch-review/debb130670c53aac3180cb9c3a4f2c55a8bf1510_ml-miscvm:sanity-1.log)
  ml-miscvm:sanity-2: PASS (90s) (log: /var/www/ci-lustre/upstream-patch-review/debb130670c53aac3180cb9c3a4f2c55a8bf1510_ml-miscvm:sanity-2.log)
  ml-miscvm:sanity-3: PASS (88s) (log: /var/www/ci-lustre/upstream-patch-review/debb130670c53aac3180cb9c3a4f2c55a8bf1510_ml-miscvm:sanity-3.log)
  ml-miscvm:sanity-4: PASS (92s) (log: /var/www/ci-lustre/upstream-patch-review/debb130670c53aac3180cb9c3a4f2c55a8bf1510_ml-miscvm:sanity-4.log)

Total execution time: 343s

Packed 5667 logs from /var/www/ci-lustre/upstream-patch-review into /home/ktest/ktest/local-site/local_data.js
Open /home/ktest/ktest/local-site/index.html in a browser
