00001 
00002 init: failed to load nvme_core
00002 init: failed to load nvme
00002 init: failed to load zfs
00003 LNetError: 1:0:(lib-socket.c:619:lnet_inet_enumerate()) lnet: Can't find any usable interfaces, rc = -ENOENT
00003 LNetError: Error -100 starting up LNI tcp
00003 LustreError: 1:0:(events.c:627:ptlrpc_init_portals()) network initialisation failed: rc = -100
00004 init: finit_module /lib/modules/7.0.0-ktest-df67fd6-6330a45-20260730-dirty/updates/ptlrpc.ko: Network is down
00004 init: failed to load lustre
00004 init: failed to load osd_zfs
00004 init: failed to load iwlwifi
00004 init: failed to load iwlmvm
00004 init: failed to load mt7921e
00004 init: failed to load i915
00004 init: failed to load nouveau
00007 tlp: vm.laptop_mode is deprecated. Ignoring setting.
00007 Kernel version: 7.0.0-ktest-df67fd6-6330a45-20260730-dirty
00007 hook init_noop
00007 
00007 Running tests llog-unit
00007 
00007 ========= TEST   llog-unit
00008 /host/home/ktest/git/lustre-release/lustre/tests/test-framework.sh: line 6933: cd: HOME not set
00008 /host/home/ktest/git/lustre-release/lustre/tests/test-framework.sh: line 6933: cd: HOME not set
00008 /host/home/ktest/git/lustre-release/lustre/tests/test-framework.sh: line 6933: cd: HOME not set
00009 MGS_OS_VERSION_ID=24.04
00009 MGS_OS_ID=ubuntu
00009 MGS_OS_VERSION_CODE=402915328
00009 MGS_OS_ID_LIKE=debian ubuntu
00010 MDS1_OS_ID=ubuntu
00010 MDS1_OS_VERSION_CODE=402915328
00010 MDS1_OS_ID_LIKE=debian ubuntu
00010 MDS1_OS_VERSION_ID=24.04
00010 OST1_OS_VERSION_ID=24.04
00010 OST1_OS_VERSION_CODE=402915328
00010 OST1_OS_ID=ubuntu
00010 OST1_OS_ID_LIKE=debian ubuntu
00010 CLIENT_OS_VERSION_ID=24.04
00010 CLIENT_OS_ID_LIKE=debian ubuntu
00010 CLIENT_OS_ID=ubuntu
00010 CLIENT_OS_VERSION_CODE=402915328
00010 Loading modules from /host/home/ktest/git/lustre-release/lustre
00010 detected 16 online CPUs by sysfs
00010 MODOPTS_LIBCFS=
00010 libcfs will create CPU partition based on online CPUs
00011 LNet: Added LNI 10.0.2.15@tcp [8/256/0/180]
00011 gss/krb5 is not supported
00012 Lustre: Echo OBD driver; http://www.lustre.org/
00012 
00012 
00013 /host/home/ktest/git/lustre-release/lustre/tests/test-framework.sh: line 6933: cd: HOME not set
00013 /host/home/ktest/git/lustre-release/lustre/tests/test-framework.sh: line 6933: cd: HOME not set
00013 /host/home/ktest/git/lustre-release/lustre/tests/test-framework.sh: line 6933: cd: HOME not set
00016 Lustre: DEBUG MARKER: Attempt llog unit tests
00016 Lustre: 2164:0:(llog_test.c:2805:llog_test_device_init()) Setup llog-test device over MGS device
00016 Lustre: 2164:0:(llog_test.c:98:llog_test_1()) 1a: create a log with name: 98369126
00016 ------------[ cut here ]------------
00016 WARNING: /home/ktest/git/linux/include/linux/fs.h:889 at osd_create+0x9cf/0xcf0 [osd_wbcfs], CPU#3: lctl/2164
00016 Modules linked in: llog_test(O) mgs(O) osd_wbcfs(O) lustre(O) obdecho(O) mgc(O) mdc(O) lov(O) osc(O) lmv(O) ec(O) fid(O) fld(O) ptlrpc(O) efivarfs obdclass(O) ksocklnd(O) lnet(O) libcfs(O)
00016 CPU: 3 UID: 0 PID: 2164 Comm: lctl Tainted: G           O        7.0.0-ktest-df67fd6-6330a45-20260730-dirty #1 PREEMPT 
00016 Tainted: [O]=OOT_MODULE
00016 Hardware name: QEMU Standard PC (Q35 + ICH9, 2009), BIOS 2025.11-3ubuntu7 03/31/2026
00016 RIP: 0010:osd_create+0x9cf/0xcf0 [osd_wbcfs]
00016 Code: c7 c7 e0 a7 7b a1 48 c7 c6 a0 22 7d a1 48 c7 c2 00 2c 7d a1 e8 52 f1 43 ff 48 c7 c7 e0 a7 7b a1 e8 46 81 44 ff e9 fe fc ff ff <0f> 0b e9 a5 fa ff ff 48 c7 c1 80 44 5d a0 80 e1 07 80 c1 03 38 c1
00016 RSP: 0018:ffffc900016a7790 EFLAGS: 00010246
00016 RAX: 0000000000000000 RBX: ffff88816889d800 RCX: 0000000000000046
00016 RDX: 0000000000000000 RSI: ffff88819d232648 RDI: ffff88813fdf4b18
00016 RBP: ffff88819d2325b8 R08: ffffffff83a16803 R09: 1ffffffff0742d00
00016 R10: dffffc0000000000 R11: fffffbfff0742d01 R12: ffff88816889a400
00016 R13: dffffc0000000000 R14: 1ffff1102d113b00 R15: 1ffff1102d11348f
00016 FS:  00007f15616ae940(0000) GS:ffff88831e5aa000(0000) knlGS:0000000000000000
00016 CS:  0010 DS: 0000 ES: 0000 CR0: 0000000080050033
00016 CR2: 000055ffcb67db40 CR3: 000000013fe77000 CR4: 0000000000750eb0
00016 PKRU: 55555554
00016 Call Trace:
00016  <TASK>
00016  ? local_object_create+0x109/0x640 [obdclass]
00016  ? dt_write_lock+0x16d/0x2a0 [obdclass]
00016  ? llog_osd_create+0x356/0x10d0 [obdclass]
00016  ? llog_create+0x2ed/0x530 [obdclass]
00016  ? llog_open_create+0x6e7/0xb30 [obdclass]
00016  ? llog_run_tests+0x4bb/0x5ac0 [llog_test]
00016  ? get_random_u32+0x51/0x470
00016  ? get_random_u32+0x51/0x470
00016  ? _raw_spin_unlock+0x23/0x40
00016  ? __llog_ctxt_put+0x1c4/0x2f0 [obdclass]
00016  ? llog_test_device_init+0x6e8/0xa20 [llog_test]
00016  ? obd_setup+0x54d/0x950 [obdclass]
00016  ? class_setup+0xc7d/0x10e0 [obdclass]
00016  ? class_process_config+0x2edb/0x7cb0 [obdclass]
00016  ? class_handle_ioctl+0x2055/0x3590 [obdclass]
00016  ? obd_class_ioctl+0x1f6/0x3c0 [obdclass]
00016  ? __x64_sys_ioctl+0x961/0xe00
00016  ? _copy_to_user+0x3d/0x60
00016  ? __x64_sys_rt_sigaction+0x107/0x140
00016  ? do_syscall_64+0xc1/0x350
00016  ? entry_SYSCALL_64_after_hwframe+0x4b/0x53
00016  </TASK>
00016 ---[ end trace 0000000000000000 ]---
00016 Lustre: 2164:0:(llog_test.c:115:llog_test_1()) 1b: close newly-created log
00016 Lustre: 2164:0:(llog_test.c:146:llog_test_2()) 2a: re-open a log with name: 98369126
00016 Lustre: 2164:0:(llog_test.c:166:llog_test_2()) 2b: create a log without specified NAME & LOGID
00016 ------------[ cut here ]------------
00016 WARNING: /home/ktest/git/linux/include/linux/fs.h:889 at osd_create+0x9cf/0xcf0 [osd_wbcfs], CPU#3: lctl/2164
00016 Modules linked in: llog_test(O) mgs(O) osd_wbcfs(O) lustre(O) obdecho(O) mgc(O) mdc(O) lov(O) osc(O) lmv(O) ec(O) fid(O) fld(O) ptlrpc(O) efivarfs obdclass(O) ksocklnd(O) lnet(O) libcfs(O)
00016 CPU: 3 UID: 0 PID: 2164 Comm: lctl Tainted: G        W  O        7.0.0-ktest-df67fd6-6330a45-20260730-dirty #1 PREEMPT 
00016 Tainted: [W]=WARN, [O]=OOT_MODULE
00016 Hardware name: QEMU Standard PC (Q35 + ICH9, 2009), BIOS 2025.11-3ubuntu7 03/31/2026
00016 RIP: 0010:osd_create+0x9cf/0xcf0 [osd_wbcfs]
00016 Code: c7 c7 e0 a7 7b a1 48 c7 c6 a0 22 7d a1 48 c7 c2 00 2c 7d a1 e8 52 f1 43 ff 48 c7 c7 e0 a7 7b a1 e8 46 81 44 ff e9 fe fc ff ff <0f> 0b e9 a5 fa ff ff 48 c7 c1 80 44 5d a0 80 e1 07 80 c1 03 38 c1
00016 RSP: 0018:ffffc900016a7790 EFLAGS: 00010246
00016 RAX: 0000000000000000 RBX: ffff888168899800 RCX: 0000000000000046
00016 RDX: 0000000000000000 RSI: ffff88819d231f30 RDI: ffff88813fdf4b18
00016 RBP: ffff88819d231ea0 R08: ffffffff83a16803 R09: 1ffffffff0742d00
00016 R10: dffffc0000000000 R11: fffffbfff0742d01 R12: ffff88816889a400
00016 R13: dffffc0000000000 R14: 1ffff1102d113300 R15: 1ffff1102d11348f
00016 FS:  00007f15616ae940(0000) GS:ffff88831e5aa000(0000) knlGS:0000000000000000
00016 CS:  0010 DS: 0000 ES: 0000 CR0: 0000000080050033
00016 CR2: 000055ffcb67db40 CR3: 000000013fe77000 CR4: 0000000000750eb0
00016 PKRU: 55555554
00016 Call Trace:
00016  <TASK>
00016  ? local_object_create+0x109/0x640 [obdclass]
00016  ? dt_write_lock+0x16d/0x2a0 [obdclass]
00016  ? llog_osd_create+0x356/0x10d0 [obdclass]
00016  ? llog_create+0x2ed/0x530 [obdclass]
00016  ? llog_open_create+0x6e7/0xb30 [obdclass]
00016  ? llog_run_tests+0xd1a/0x5ac0 [llog_test]
00016  ? get_random_u32+0x51/0x470
00016  ? get_random_u32+0x51/0x470
00016  ? _raw_spin_unlock+0x23/0x40
00016  ? llog_test_device_init+0x6e8/0xa20 [llog_test]
00016  ? obd_setup+0x54d/0x950 [obdclass]
00016  ? class_setup+0xc7d/0x10e0 [obdclass]
00016  ? class_process_config+0x2edb/0x7cb0 [obdclass]
00016  ? class_handle_ioctl+0x2055/0x3590 [obdclass]
00016  ? obd_class_ioctl+0x1f6/0x3c0 [obdclass]
00016  ? __x64_sys_ioctl+0x961/0xe00
00016  ? _copy_to_user+0x3d/0x60
00016  ? __x64_sys_rt_sigaction+0x107/0x140
00016  ? do_syscall_64+0xc1/0x350
00016  ? entry_SYSCALL_64_after_hwframe+0x4b/0x53
00016  </TASK>
00016 ---[ end trace 0000000000000000 ]---
00016 Lustre: 2164:0:(llog_test.c:184:llog_test_2()) 2b: write 1 llog records, check llh_count
00016 Lustre: 2164:0:(llog_test.c:197:llog_test_2()) 2c: re-open the log by LOGID and verify llh_count
00016 Lustre: 2164:0:(llog_test.c:244:llog_test_2()) 2d: destroy this log
00016 Lustre: 2164:0:(llog_test.c:402:llog_test_3()) 3a: write 1023 fixed-size llog records
00016 Lustre: 2164:0:(llog_test.c:366:llog_test3_process()) test3: processing records from index 501 to the end
00016 Lustre: 2164:0:(llog_test.c:376:llog_test3_process()) test3: total 525 records processed with 0 paddings
00016 Lustre: 2164:0:(llog_test.c:458:llog_test_3()) 3b: write 566 variable size llog records
00016 Lustre: 2164:0:(llog_test.c:529:llog_test_3()) 3c: write records with variable size until BITMAP_SIZE, return -ENOSPC
00018 Lustre: 2164:0:(llog_test.c:552:llog_test_3()) 3c: wrote 63962 more records before end of llog is reached
00018 Lustre: 2164:0:(llog_test.c:581:llog_test_4()) 4a: create a catalog log with name: 98369127
00018 ------------[ cut here ]------------
00018 WARNING: /home/ktest/git/linux/include/linux/fs.h:889 at osd_create+0x9cf/0xcf0 [osd_wbcfs], CPU#3: lctl/2164
00018 Modules linked in: llog_test(O) mgs(O) osd_wbcfs(O) lustre(O) obdecho(O) mgc(O) mdc(O) lov(O) osc(O) lmv(O) ec(O) fid(O) fld(O) ptlrpc(O) efivarfs obdclass(O) ksocklnd(O) lnet(O) libcfs(O)
00018 CPU: 3 UID: 0 PID: 2164 Comm: lctl Tainted: G        W  O        7.0.0-ktest-df67fd6-6330a45-20260730-dirty #1 PREEMPT 
00018 Tainted: [W]=WARN, [O]=OOT_MODULE
00018 Hardware name: QEMU Standard PC (Q35 + ICH9, 2009), BIOS 2025.11-3ubuntu7 03/31/2026
00018 RIP: 0010:osd_create+0x9cf/0xcf0 [osd_wbcfs]
00018 Code: c7 c7 e0 a7 7b a1 48 c7 c6 a0 22 7d a1 48 c7 c2 00 2c 7d a1 e8 52 f1 43 ff 48 c7 c7 e0 a7 7b a1 e8 46 81 44 ff e9 fe fc ff ff <0f> 0b e9 a5 fa ff ff 48 c7 c1 80 44 5d a0 80 e1 07 80 c1 03 38 c1
00018 RSP: 0018:ffffc900016a7790 EFLAGS: 00010246
00018 RAX: 0000000000000000 RBX: ffff88813a191400 RCX: 0000000000000046
00018 RDX: 0000000000000000 RSI: ffff88819d231818 RDI: ffff88813fdf4b18
00018 RBP: ffff88819d231788 R08: ffffffff83a16803 R09: 1ffffffff0742d00
00018 R10: dffffc0000000000 R11: fffffbfff0742d01 R12: ffff88816889a400
00018 R13: dffffc0000000000 R14: 1ffff11027432280 R15: 1ffff1102d11348f
00018 FS:  00007f15616ae940(0000) GS:ffff88831e5aa000(0000) knlGS:0000000000000000
00018 CS:  0010 DS: 0000 ES: 0000 CR0: 0000000080050033
00018 CR2: 000055ffcb67db40 CR3: 000000013fe77000 CR4: 0000000000750eb0
00018 PKRU: 55555554
00018 Call Trace:
00018  <TASK>
00018  ? local_object_create+0x109/0x640 [obdclass]
00018  ? dt_write_lock+0x16d/0x2a0 [obdclass]
00018  ? llog_osd_create+0x356/0x10d0 [obdclass]
00018  ? llog_create+0x2ed/0x530 [obdclass]
00018  ? llog_open_create+0x6e7/0xb30 [obdclass]
00018  ? llog_run_tests+0x2c0e/0x5ac0 [llog_test]
00018  ? get_random_u32+0x51/0x470
00018  ? llog_test_device_init+0x6e8/0xa20 [llog_test]
00018  ? obd_setup+0x54d/0x950 [obdclass]
00018  ? class_setup+0xc7d/0x10e0 [obdclass]
00018  ? class_process_config+0x2edb/0x7cb0 [obdclass]
00018  ? class_handle_ioctl+0x2055/0x3590 [obdclass]
00018  ? obd_class_ioctl+0x1f6/0x3c0 [obdclass]
00018  ? __x64_sys_ioctl+0x961/0xe00
00018  ? _copy_to_user+0x3d/0x60
00018  ? __x64_sys_rt_sigaction+0x107/0x140
00018  ? do_syscall_64+0xc1/0x350
00018  ? entry_SYSCALL_64_after_hwframe+0x4b/0x53
00018  </TASK>
00018 ---[ end trace 0000000000000000 ]---
00018 Lustre: 2164:0:(llog_test.c:596:llog_test_4()) 4b: write 1 record into the catalog
00018 ------------[ cut here ]------------
00018 WARNING: /home/ktest/git/linux/include/linux/fs.h:889 at osd_create+0x9cf/0xcf0 [osd_wbcfs], CPU#3: lctl/2164
00018 Modules linked in: llog_test(O) mgs(O) osd_wbcfs(O) lustre(O) obdecho(O) mgc(O) mdc(O) lov(O) osc(O) lmv(O) ec(O) fid(O) fld(O) ptlrpc(O) efivarfs obdclass(O) ksocklnd(O) lnet(O) libcfs(O)
00018 CPU: 3 UID: 0 PID: 2164 Comm: lctl Tainted: G        W  O        7.0.0-ktest-df67fd6-6330a45-20260730-dirty #1 PREEMPT 
00018 Tainted: [W]=WARN, [O]=OOT_MODULE
00018 Hardware name: QEMU Standard PC (Q35 + ICH9, 2009), BIOS 2025.11-3ubuntu7 03/31/2026
00018 RIP: 0010:osd_create+0x9cf/0xcf0 [osd_wbcfs]
00018 Code: c7 c7 e0 a7 7b a1 48 c7 c6 a0 22 7d a1 48 c7 c2 00 2c 7d a1 e8 52 f1 43 ff 48 c7 c7 e0 a7 7b a1 e8 46 81 44 ff e9 fe fc ff ff <0f> 0b e9 a5 fa ff ff 48 c7 c1 80 44 5d a0 80 e1 07 80 c1 03 38 c1
00018 RSP: 0018:ffffc900016a7640 EFLAGS: 00010246
00018 RAX: 0000000000000000 RBX: ffff88813a190c00 RCX: 0000000000000046
00018 RDX: 0000000000000000 RSI: ffff88819d231100 RDI: ffff88813fdf4b40
00018 RBP: ffff88819d231070 R08: ffffffff83a16803 R09: 1ffffffff0742d00
00018 R10: dffffc0000000000 R11: fffffbfff0742d01 R12: ffff88816889a400
00018 R13: dffffc0000000000 R14: 1ffff11027432180 R15: 1ffff1102d11348f
00018 FS:  00007f15616ae940(0000) GS:ffff88831e5aa000(0000) knlGS:0000000000000000
00018 CS:  0010 DS: 0000 ES: 0000 CR0: 0000000080050033
00018 CR2: 000055ffcb67db40 CR3: 000000013fe77000 CR4: 0000000000750eb0
00018 PKRU: 55555554
00018 Call Trace:
00018  <TASK>
00018  ? local_object_create+0x109/0x640 [obdclass]
00018  ? dt_write_lock+0x16d/0x2a0 [obdclass]
00018  ? llog_osd_create+0x356/0x10d0 [obdclass]
00018  ? llog_create+0x2ed/0x530 [obdclass]
00018  ? llog_cat_new_log+0x6d1/0x2970 [obdclass]
00018  ? llog_cat_add_rec+0x6ba/0x1960 [obdclass]
00018  ? llog_cat_add+0x499/0x7a0 [obdclass]
00018  ? llog_run_tests+0x2ff2/0x5ac0 [llog_test]
00018  ? get_random_u32+0x51/0x470
00018  ? llog_test_device_init+0x6e8/0xa20 [llog_test]
00018  ? obd_setup+0x54d/0x950 [obdclass]
00018  ? class_setup+0xc7d/0x10e0 [obdclass]
00018  ? class_process_config+0x2edb/0x7cb0 [obdclass]
00018  ? class_handle_ioctl+0x2055/0x3590 [obdclass]
00018  ? obd_class_ioctl+0x1f6/0x3c0 [obdclass]
00018  ? __x64_sys_ioctl+0x961/0xe00
00018  ? _copy_to_user+0x3d/0x60
00018  ? __x64_sys_rt_sigaction+0x107/0x140
00018  ? do_syscall_64+0xc1/0x350
00018  ? entry_SYSCALL_64_after_hwframe+0x4b/0x53
00018  </TASK>
00018 ---[ end trace 0000000000000000 ]---
00018 Lustre: 2164:0:(llog_test.c:623:llog_test_4()) 4c: cancel 1 log record
00018 Lustre: 2164:0:(llog_test.c:635:llog_test_4()) 4d: write 64767 more log records
00021 ------------[ cut here ]------------
00021 WARNING: /home/ktest/git/linux/include/linux/fs.h:889 at osd_create+0x9cf/0xcf0 [osd_wbcfs], CPU#3: lctl/2164
00021 Modules linked in: llog_test(O) mgs(O) osd_wbcfs(O) lustre(O) obdecho(O) mgc(O) mdc(O) lov(O) osc(O) lmv(O) ec(O) fid(O) fld(O) ptlrpc(O) efivarfs obdclass(O) ksocklnd(O) lnet(O) libcfs(O)
00021 CPU: 3 UID: 0 PID: 2164 Comm: lctl Tainted: G        W  O        7.0.0-ktest-df67fd6-6330a45-20260730-dirty #1 PREEMPT 
00021 Tainted: [W]=WARN, [O]=OOT_MODULE
00021 Hardware name: QEMU Standard PC (Q35 + ICH9, 2009), BIOS 2025.11-3ubuntu7 03/31/2026
00021 RIP: 0010:osd_create+0x9cf/0xcf0 [osd_wbcfs]
00021 Code: c7 c7 e0 a7 7b a1 48 c7 c6 a0 22 7d a1 48 c7 c2 00 2c 7d a1 e8 52 f1 43 ff 48 c7 c7 e0 a7 7b a1 e8 46 81 44 ff e9 fe fc ff ff <0f> 0b e9 a5 fa ff ff 48 c7 c1 80 44 5d a0 80 e1 07 80 c1 03 38 c1
00021 RSP: 0018:ffffc900016a7640 EFLAGS: 00010246
00021 RAX: 0000000000000000 RBX: ffff88813a196400 RCX: 0000000000000046
00021 RDX: 0000000000000000 RSI: ffff88819d2309e8 RDI: ffff88813fdf4b40
00021 RBP: ffff88819d230958 R08: ffffffff83a16803 R09: 1ffffffff0742d00
00021 R10: dffffc0000000000 R11: fffffbfff0742d01 R12: ffff88816889a400
00021 R13: dffffc0000000000 R14: 1ffff11027432c80 R15: 1ffff1102d11348f
00021 FS:  00007f15616ae940(0000) GS:ffff88831e5aa000(0000) knlGS:0000000000000000
00021 CS:  0010 DS: 0000 ES: 0000 CR0: 0000000080050033
00021 CR2: 000055ffcb67db40 CR3: 000000013fe77000 CR4: 0000000000750eb0
00021 PKRU: 55555554
00021 Call Trace:
00021  <TASK>
00021  ? local_object_create+0x109/0x640 [obdclass]
00021  ? dt_write_lock+0x16d/0x2a0 [obdclass]
00021  ? llog_osd_create+0x356/0x10d0 [obdclass]
00021  ? llog_create+0x2ed/0x530 [obdclass]
00021  ? llog_cat_new_log+0x6d1/0x2970 [obdclass]
00021  ? llog_cat_add_rec+0x6ba/0x1960 [obdclass]
00021  ? llog_cat_add+0x499/0x7a0 [obdclass]
00021  ? llog_run_tests+0x40d3/0x5ac0 [llog_test]
00021  ? get_random_u32+0x51/0x470
00021  ? llog_test_device_init+0x6e8/0xa20 [llog_test]
00021  ? obd_setup+0x54d/0x950 [obdclass]
00021  ? class_setup+0xc7d/0x10e0 [obdclass]
00021  ? class_process_config+0x2edb/0x7cb0 [obdclass]
00021  ? class_handle_ioctl+0x2055/0x3590 [obdclass]
00021  ? obd_class_ioctl+0x1f6/0x3c0 [obdclass]
00021  ? __x64_sys_ioctl+0x961/0xe00
00021  ? _copy_to_user+0x3d/0x60
00021  ? __x64_sys_rt_sigaction+0x107/0x140
00021  ? do_syscall_64+0xc1/0x350
00021  ? entry_SYSCALL_64_after_hwframe+0x4b/0x53
00021  </TASK>
00021 ---[ end trace 0000000000000000 ]---
00021 Lustre: 2164:0:(llog_test.c:651:llog_test_4()) 4e: add 5 large records, one record per block
00021 Lustre: 2164:0:(llog_test.c:671:llog_test_4()) 4f: put newly-created catalog
00021 Lustre: 2164:0:(llog_test.c:770:llog_test_5()) 5a: re-open catalog by id
00021 Lustre: 2164:0:(llog_test.c:783:llog_test_5()) 5b: print the catalog entries.. we expect 2
00021 Lustre: 2170:0:(llog_test.c:700:cat_print_cb()) seeing record at index 1 - [0x1:0x3:0x0] in log [0xa:0x4:0x0]
00021 Lustre: 2164:0:(llog_test.c:795:llog_test_5()) 5c: Cancel 64767 records, see one log zapped
00042 Lustre: 2164:0:(llog_test.c:1117:llog_test_7()) 7e: test llog_changelog_rec
00042 ------------[ cut here ]------------
00042 WARNING: /home/ktest/git/linux/include/linux/fs.h:889 at osd_create+0x9cf/0xcf0 [osd_wbcfs], CPU#3: lctl/2164
00042 Modules linked in: llog_test(O) mgs(O) osd_wbcfs(O) lustre(O) obdecho(O) mgc(O) mdc(O) lov(O) osc(O) lmv(O) ec(O) fid(O) fld(O) ptlrpc(O) efivarfs obdclass(O) ksocklnd(O) lnet(O) libcfs(O)
00042 CPU: 3 UID: 0 PID: 2164 Comm: lctl Tainted: G        W  O        7.0.0-ktest-df67fd6-6330a45-20260730-dirty #1 PREEMPT 
00042 Tainted: [W]=WARN, [O]=OOT_MODULE
00042 Hardware name: QEMU Standard PC (Q35 + ICH9, 2009), BIOS 2025.11-3ubuntu7 03/31/2026
00042 RIP: 0010:osd_create+0x9cf/0xcf0 [osd_wbcfs]
00042 Code: c7 c7 e0 a7 7b a1 48 c7 c6 a0 22 7d a1 48 c7 c2 00 2c 7d a1 e8 52 f1 43 ff 48 c7 c7 e0 a7 7b a1 e8 46 81 44 ff e9 fe fc ff ff <0f> 0b e9 a5 fa ff ff 48 c7 c1 80 44 5d a0 80 e1 07 80 c1 03 38 c1
00042 RSP: 0018:ffffc900016a76e8 EFLAGS: 00010246
00042 RAX: 0000000000000000 RBX: ffff888184651c00 RCX: 0000000000000046
00042 RDX: 0000000000000000 RSI: ffff88819aac5f08 RDI: ffff88813fdf4b18
00042 RBP: ffff88819aac5e78 R08: ffffffff83a16803 R09: 1ffffffff0742d00
00042 R10: dffffc0000000000 R11: fffffbfff0742d01 R12: ffff88816889a400
00042 R13: dffffc0000000000 R14: 1ffff110308ca380 R15: 1ffff1102d11348f
00042 FS:  00007f15616ae940(0000) GS:ffff88831e5aa000(0000) knlGS:0000000000000000
00042 CS:  0010 DS: 0000 ES: 0000 CR0: 0000000080050033
00042 CR2: 000055ffcb67db40 CR3: 000000013fe77000 CR4: 0000000000750eb0
00042 PKRU: 55555554
00042 Call Trace:
00042  <TASK>
00042  ? local_object_create+0x109/0x640 [obdclass]
00042  ? dt_write_lock+0x16d/0x2a0 [obdclass]
00042  ? llog_osd_create+0x356/0x10d0 [obdclass]
00042  ? llog_create+0x2ed/0x530 [obdclass]
00042  ? llog_open_create+0x6e7/0xb30 [obdclass]
00042  ? llog_test_7_sub+0xea/0x1250 [llog_test]
00042  ? llog_test_7+0x706/0xf50 [llog_test]
00042  ? llog_run_tests+0x3614/0x5ac0 [llog_test]
00042  ? get_random_u32+0x51/0x470
00042  ? llog_test_device_init+0x6e8/0xa20 [llog_test]
00042  ? obd_setup+0x54d/0x950 [obdclass]
00042  ? class_setup+0xc7d/0x10e0 [obdclass]
00042  ? class_process_config+0x2edb/0x7cb0 [obdclass]
00042  ? class_handle_ioctl+0x2055/0x3590 [obdclass]
00042  ? obd_class_ioctl+0x1f6/0x3c0 [obdclass]
00042  ? __x64_sys_ioctl+0x961/0xe00
00042  ? _copy_to_user+0x3d/0x60
00042  ? __x64_sys_rt_sigaction+0x107/0x140
00042  ? do_syscall_64+0xc1/0x350
00042  ? entry_SYSCALL_64_after_hwframe+0x4b/0x53
00042  </TASK>
00042 ---[ end trace 0000000000000000 ]---
00044 Lustre: 2164:0:(llog_test.c:1024:llog_test_7_sub()) 7_sub: records are not aligned, written 64071 from 64767
00046 Lustre: 2164:0:(llog_test.c:1129:llog_test_7()) 7f: test llog_changelog_user_rec2
00046 ------------[ cut here ]------------
00046 WARNING: /home/ktest/git/linux/include/linux/fs.h:889 at osd_create+0x9cf/0xcf0 [osd_wbcfs], CPU#3: lctl/2164
00046 Modules linked in: llog_test(O) mgs(O) osd_wbcfs(O) lustre(O) obdecho(O) mgc(O) mdc(O) lov(O) osc(O) lmv(O) ec(O) fid(O) fld(O) ptlrpc(O) efivarfs obdclass(O) ksocklnd(O) lnet(O) libcfs(O)
00046 CPU: 3 UID: 0 PID: 2164 Comm: lctl Tainted: G        W  O        7.0.0-ktest-df67fd6-6330a45-20260730-dirty #1 PREEMPT 
00046 Tainted: [W]=WARN, [O]=OOT_MODULE
00046 Hardware name: QEMU Standard PC (Q35 + ICH9, 2009), BIOS 2025.11-3ubuntu7 03/31/2026
00046 RIP: 0010:osd_create+0x9cf/0xcf0 [osd_wbcfs]
00046 Code: c7 c7 e0 a7 7b a1 48 c7 c6 a0 22 7d a1 48 c7 c2 00 2c 7d a1 e8 52 f1 43 ff 48 c7 c7 e0 a7 7b a1 e8 46 81 44 ff e9 fe fc ff ff <0f> 0b e9 a5 fa ff ff 48 c7 c1 80 44 5d a0 80 e1 07 80 c1 03 38 c1
00046 RSP: 0018:ffffc900016a76e8 EFLAGS: 00010246
00046 RAX: 0000000000000000 RBX: ffff88819d1e0800 RCX: 0000000000000046
00046 RDX: 0000000000000000 RSI: ffff88819aac57f0 RDI: ffff88813fdf4b18
00046 RBP: ffff88819aac5760 R08: ffffffff83a16803 R09: 1ffffffff0742d00
00046 R10: dffffc0000000000 R11: fffffbfff0742d01 R12: ffff88816889a400
00046 R13: dffffc0000000000 R14: 1ffff11033a3c100 R15: 1ffff1102d11348f
00046 FS:  00007f15616ae940(0000) GS:ffff88831e5aa000(0000) knlGS:0000000000000000
00046 CS:  0010 DS: 0000 ES: 0000 CR0: 0000000080050033
00046 CR2: 000055ffcb67db40 CR3: 000000013fe77000 CR4: 0000000000750eb0
00046 PKRU: 55555554
00046 Call Trace:
00046  <TASK>
00046  ? local_object_create+0x109/0x640 [obdclass]
00046  ? dt_write_lock+0x16d/0x2a0 [obdclass]
00046  ? llog_osd_create+0x356/0x10d0 [obdclass]
00046  ? llog_create+0x2ed/0x530 [obdclass]
00046  ? llog_open_create+0x6e7/0xb30 [obdclass]
00046  ? llog_test_7_sub+0xea/0x1250 [llog_test]
00046  ? llog_test_7+0x837/0xf50 [llog_test]
00046  ? llog_run_tests+0x3614/0x5ac0 [llog_test]
00046  ? get_random_u32+0x51/0x470
00046  ? llog_test_device_init+0x6e8/0xa20 [llog_test]
00046  ? obd_setup+0x54d/0x950 [obdclass]
00046  ? class_setup+0xc7d/0x10e0 [obdclass]
00046  ? class_process_config+0x2edb/0x7cb0 [obdclass]
00046  ? class_handle_ioctl+0x2055/0x3590 [obdclass]
00046  ? obd_class_ioctl+0x1f6/0x3c0 [obdclass]
00046  ? __x64_sys_ioctl+0x961/0xe00
00046  ? _copy_to_user+0x3d/0x60
00046  ? __x64_sys_rt_sigaction+0x107/0x140
00046  ? do_syscall_64+0xc1/0x350
00046  ? entry_SYSCALL_64_after_hwframe+0x4b/0x53
00046  </TASK>
00046 ---[ end trace 0000000000000000 ]---
00049 Lustre: 2164:0:(llog_test.c:1024:llog_test_7_sub()) 7_sub: records are not aligned, written 64139 from 64767
00050 Lustre: 2164:0:(llog_test.c:1140:llog_test_7()) 7g: test llog_gen_rec
00050 ------------[ cut here ]------------
00050 WARNING: /home/ktest/git/linux/include/linux/fs.h:889 at osd_create+0x9cf/0xcf0 [osd_wbcfs], CPU#3: lctl/2164
00050 Modules linked in: llog_test(O) mgs(O) osd_wbcfs(O) lustre(O) obdecho(O) mgc(O) mdc(O) lov(O) osc(O) lmv(O) ec(O) fid(O) fld(O) ptlrpc(O) efivarfs obdclass(O) ksocklnd(O) lnet(O) libcfs(O)
00050 CPU: 3 UID: 0 PID: 2164 Comm: lctl Tainted: G        W  O        7.0.0-ktest-df67fd6-6330a45-20260730-dirty #1 PREEMPT 
00050 Tainted: [W]=WARN, [O]=OOT_MODULE
00050 Hardware name: QEMU Standard PC (Q35 + ICH9, 2009), BIOS 2025.11-3ubuntu7 03/31/2026
00050 RIP: 0010:osd_create+0x9cf/0xcf0 [osd_wbcfs]
00050 Code: c7 c7 e0 a7 7b a1 48 c7 c6 a0 22 7d a1 48 c7 c2 00 2c 7d a1 e8 52 f1 43 ff 48 c7 c7 e0 a7 7b a1 e8 46 81 44 ff e9 fe fc ff ff <0f> 0b e9 a5 fa ff ff 48 c7 c1 80 44 5d a0 80 e1 07 80 c1 03 38 c1
00050 RSP: 0018:ffffc900016a76e8 EFLAGS: 00010246
00050 RAX: 0000000000000000 RBX: ffff88814ff3d400 RCX: 0000000000000046
00050 RDX: 0000000000000000 RSI: ffff88819d237b68 RDI: ffff88813fdf4b18
00050 RBP: ffff88819d237ad8 R08: ffffffff83a16803 R09: 1ffffffff0742d00
00050 R10: dffffc0000000000 R11: fffffbfff0742d01 R12: ffff88816889a400
00050 R13: dffffc0000000000 R14: 1ffff11029fe7a80 R15: 1ffff1102d11348f
00050 FS:  00007f15616ae940(0000) GS:ffff88831e5aa000(0000) knlGS:0000000000000000
00050 CS:  0010 DS: 0000 ES: 0000 CR0: 0000000080050033
00050 CR2: 000055ffcb67db40 CR3: 000000013fe77000 CR4: 0000000000750eb0
00050 PKRU: 55555554
00050 Call Trace:
00050  <TASK>
00050  ? local_object_create+0x109/0x640 [obdclass]
00050  ? dt_write_lock+0x16d/0x2a0 [obdclass]
00050  ? llog_osd_create+0x356/0x10d0 [obdclass]
00050  ? llog_create+0x2ed/0x530 [obdclass]
00050  ? llog_open_create+0x6e7/0xb30 [obdclass]
00050  ? llog_test_7_sub+0xea/0x1250 [llog_test]
00050  ? llog_test_7+0x968/0xf50 [llog_test]
00050  ? llog_run_tests+0x3614/0x5ac0 [llog_test]
00050  ? get_random_u32+0x51/0x470
00050  ? llog_test_device_init+0x6e8/0xa20 [llog_test]
00050  ? obd_setup+0x54d/0x950 [obdclass]
00050  ? class_setup+0xc7d/0x10e0 [obdclass]
00050  ? class_process_config+0x2edb/0x7cb0 [obdclass]
00050  ? class_handle_ioctl+0x2055/0x3590 [obdclass]
00050  ? obd_class_ioctl+0x1f6/0x3c0 [obdclass]
00050  ? __x64_sys_ioctl+0x961/0xe00
00050  ? _copy_to_user+0x3d/0x60
00050  ? __x64_sys_rt_sigaction+0x107/0x140
00050  ? do_syscall_64+0xc1/0x350
00050  ? entry_SYSCALL_64_after_hwframe+0x4b/0x53
00050  </TASK>
00050 ---[ end trace 0000000000000000 ]---
00054 Lustre: 2164:0:(llog_test.c:1151:llog_test_7()) 7h: test llog_setattr64_rec_v2
00054 ------------[ cut here ]------------
00054 WARNING: /home/ktest/git/linux/include/linux/fs.h:889 at osd_create+0x9cf/0xcf0 [osd_wbcfs], CPU#1: lctl/2164
00054 Modules linked in: llog_test(O) mgs(O) osd_wbcfs(O) lustre(O) obdecho(O) mgc(O) mdc(O) lov(O) osc(O) lmv(O) ec(O) fid(O) fld(O) ptlrpc(O) efivarfs obdclass(O) ksocklnd(O) lnet(O) libcfs(O)
00054 CPU: 1 UID: 0 PID: 2164 Comm: lctl Tainted: G        W  O        7.0.0-ktest-df67fd6-6330a45-20260730-dirty #1 PREEMPT 
00054 Tainted: [W]=WARN, [O]=OOT_MODULE
00054 Hardware name: QEMU Standard PC (Q35 + ICH9, 2009), BIOS 2025.11-3ubuntu7 03/31/2026
00054 RIP: 0010:osd_create+0x9cf/0xcf0 [osd_wbcfs]
00054 Code: c7 c7 e0 a7 7b a1 48 c7 c6 a0 22 7d a1 48 c7 c2 00 2c 7d a1 e8 52 f1 43 ff 48 c7 c7 e0 a7 7b a1 e8 46 81 44 ff e9 fe fc ff ff <0f> 0b e9 a5 fa ff ff 48 c7 c1 80 44 5d a0 80 e1 07 80 c1 03 38 c1
00054 RSP: 0018:ffffc900016a76e8 EFLAGS: 00010246
00054 RAX: 0000000000000000 RBX: ffff88819f1c3c00 RCX: 0000000000000046
00054 RDX: 0000000000000000 RSI: ffff88813a11d0d8 RDI: ffff88813fdf4b18
00054 RBP: ffff88813a11d048 R08: ffffffff83a16803 R09: 1ffffffff0742d00
00054 R10: dffffc0000000000 R11: fffffbfff0742d01 R12: ffff88816889a400
00054 R13: dffffc0000000000 R14: 1ffff11033e38780 R15: 1ffff1102d11348f
00054 FS:  00007f15616ae940(0000) GS:ffff88831e4aa000(0000) knlGS:0000000000000000
00054 CS:  0010 DS: 0000 ES: 0000 CR0: 0000000080050033
00054 CR2: 00007fc41de053e8 CR3: 000000013fe77000 CR4: 0000000000750eb0
00054 PKRU: 55555554
00054 Call Trace:
00054  <TASK>
00054  ? local_object_create+0x109/0x640 [obdclass]
00054  ? dt_write_lock+0x16d/0x2a0 [obdclass]
00054  ? llog_osd_create+0x356/0x10d0 [obdclass]
00054  ? llog_create+0x2ed/0x530 [obdclass]
00054  ? llog_open_create+0x6e7/0xb30 [obdclass]
00054  ? llog_test_7_sub+0xea/0x1250 [llog_test]
00054  ? llog_test_7+0xa99/0xf50 [llog_test]
00054  ? llog_run_tests+0x3614/0x5ac0 [llog_test]
00054  ? get_random_u32+0x51/0x470
00054  ? llog_test_device_init+0x6e8/0xa20 [llog_test]
00054  ? obd_setup+0x54d/0x950 [obdclass]
00054  ? class_setup+0xc7d/0x10e0 [obdclass]
00054  ? class_process_config+0x2edb/0x7cb0 [obdclass]
00054  ? class_handle_ioctl+0x2055/0x3590 [obdclass]
00054  ? obd_class_ioctl+0x1f6/0x3c0 [obdclass]
00054  ? __x64_sys_ioctl+0x961/0xe00
00054  ? _copy_to_user+0x3d/0x60
00054  ? __x64_sys_rt_sigaction+0x107/0x140
00054  ? do_syscall_64+0xc1/0x350
00054  ? entry_SYSCALL_64_after_hwframe+0x4b/0x53
00054  </TASK>
00054 ---[ end trace 0000000000000000 ]---
00057 Lustre: 2164:0:(llog_test.c:1024:llog_test_7_sub()) 7_sub: records are not aligned, written 64071 from 64767
00058 Lustre: 2164:0:(llog_test.c:1260:llog_test_8()) 8a: fill the first plain llog
00058 ------------[ cut here ]------------
00058 WARNING: /home/ktest/git/linux/include/linux/fs.h:889 at osd_create+0x9cf/0xcf0 [osd_wbcfs], CPU#1: lctl/2164
00058 Modules linked in: llog_test(O) mgs(O) osd_wbcfs(O) lustre(O) obdecho(O) mgc(O) mdc(O) lov(O) osc(O) lmv(O) ec(O) fid(O) fld(O) ptlrpc(O) efivarfs obdclass(O) ksocklnd(O) lnet(O) libcfs(O)
00058 CPU: 1 UID: 0 PID: 2164 Comm: lctl Tainted: G        W  O        7.0.0-ktest-df67fd6-6330a45-20260730-dirty #1 PREEMPT 
00058 Tainted: [W]=WARN, [O]=OOT_MODULE
00058 Hardware name: QEMU Standard PC (Q35 + ICH9, 2009), BIOS 2025.11-3ubuntu7 03/31/2026
00058 RIP: 0010:osd_create+0x9cf/0xcf0 [osd_wbcfs]
00058 Code: c7 c7 e0 a7 7b a1 48 c7 c6 a0 22 7d a1 48 c7 c2 00 2c 7d a1 e8 52 f1 43 ff 48 c7 c7 e0 a7 7b a1 e8 46 81 44 ff e9 fe fc ff ff <0f> 0b e9 a5 fa ff ff 48 c7 c1 80 44 5d a0 80 e1 07 80 c1 03 38 c1
00058 RSP: 0018:ffffc900016a74c8 EFLAGS: 00010246
00058 RAX: 0000000000000000 RBX: ffff888193cf5c00 RCX: 0000000000000046
00058 RDX: 0000000000000000 RSI: ffff88813a11c9c0 RDI: ffff88813fdf4b40
00058 RBP: ffff88813a11c930 R08: ffffffff83a16803 R09: 1ffffffff0742d00
00058 R10: dffffc0000000000 R11: fffffbfff0742d01 R12: ffff88816889a400
00058 R13: dffffc0000000000 R14: 1ffff1103279eb80 R15: 1ffff1102d11348f
00058 FS:  00007f15616ae940(0000) GS:ffff88831e4aa000(0000) knlGS:0000000000000000
00058 CS:  0010 DS: 0000 ES: 0000 CR0: 0000000080050033
00058 CR2: 00007fc41de053e8 CR3: 000000013fe77000 CR4: 0000000000750eb0
00058 PKRU: 55555554
00058 Call Trace:
00058  <TASK>
00058  ? local_object_create+0x109/0x640 [obdclass]
00058  ? dt_write_lock+0x16d/0x2a0 [obdclass]
00058  ? llog_osd_create+0x356/0x10d0 [obdclass]
00058  ? llog_create+0x2ed/0x530 [obdclass]
00058  ? llog_cat_new_log+0x6d1/0x2970 [obdclass]
00058  ? llog_cat_add_rec+0x6ba/0x1960 [obdclass]
00058  ? llog_cat_add+0x499/0x7a0 [obdclass]
00058  ? llog_test_8+0x567/0x1c20 [llog_test]
00058  ? do_raw_spin_unlock+0x52/0x230
00058  ? _raw_spin_unlock+0x23/0x40
00058  ? __llog_ctxt_put+0x1c4/0x2f0 [obdclass]
00058  ? llog_run_tests+0x39a2/0x5ac0 [llog_test]
00058  ? get_random_u32+0x51/0x470
00058  ? llog_test_device_init+0x6e8/0xa20 [llog_test]
00058  ? obd_setup+0x54d/0x950 [obdclass]
00058  ? class_setup+0xc7d/0x10e0 [obdclass]
00058  ? class_process_config+0x2edb/0x7cb0 [obdclass]
00058  ? class_handle_ioctl+0x2055/0x3590 [obdclass]
00058  ? obd_class_ioctl+0x1f6/0x3c0 [obdclass]
00058  ? __x64_sys_ioctl+0x961/0xe00
00058  ? _copy_to_user+0x3d/0x60
00058  ? __x64_sys_rt_sigaction+0x107/0x140
00058  ? do_syscall_64+0xc1/0x350
00058  ? entry_SYSCALL_64_after_hwframe+0x4b/0x53
00058  </TASK>
00058 ---[ end trace 0000000000000000 ]---
00058 Lustre: 2164:0:(llog_test.c:1289:llog_test_8()) 8b: first llog [0x1:0x10:0x0]
00058 Lustre: 2164:0:(llog_test.c:1305:llog_test_8()) 8b: fill the second plain llog
00058 ------------[ cut here ]------------
00058 WARNING: /home/ktest/git/linux/include/linux/fs.h:889 at osd_create+0x9cf/0xcf0 [osd_wbcfs], CPU#1: lctl/2164
00058 Modules linked in: llog_test(O) mgs(O) osd_wbcfs(O) lustre(O) obdecho(O) mgc(O) mdc(O) lov(O) osc(O) lmv(O) ec(O) fid(O) fld(O) ptlrpc(O) efivarfs obdclass(O) ksocklnd(O) lnet(O) libcfs(O)
00058 CPU: 1 UID: 0 PID: 2164 Comm: lctl Tainted: G        W  O        7.0.0-ktest-df67fd6-6330a45-20260730-dirty #1 PREEMPT 
00058 Tainted: [W]=WARN, [O]=OOT_MODULE
00058 Hardware name: QEMU Standard PC (Q35 + ICH9, 2009), BIOS 2025.11-3ubuntu7 03/31/2026
00058 RIP: 0010:osd_create+0x9cf/0xcf0 [osd_wbcfs]
00058 Code: c7 c7 e0 a7 7b a1 48 c7 c6 a0 22 7d a1 48 c7 c2 00 2c 7d a1 e8 52 f1 43 ff 48 c7 c7 e0 a7 7b a1 e8 46 81 44 ff e9 fe fc ff ff <0f> 0b e9 a5 fa ff ff 48 c7 c1 80 44 5d a0 80 e1 07 80 c1 03 38 c1
00058 RSP: 0018:ffffc900016a74c8 EFLAGS: 00010246
00058 RAX: 0000000000000000 RBX: ffff888193cf4400 RCX: 0000000000000046
00058 RDX: 0000000000000000 RSI: ffff88813a11c2a8 RDI: ffff88813fdf4b40
00058 RBP: ffff88813a11c218 R08: ffffffff83a16803 R09: 1ffffffff0742d00
00058 R10: dffffc0000000000 R11: fffffbfff0742d01 R12: ffff88816889a400
00058 R13: dffffc0000000000 R14: 1ffff1103279e880 R15: 1ffff1102d11348f
00058 FS:  00007f15616ae940(0000) GS:ffff88831e4aa000(0000) knlGS:0000000000000000
00058 CS:  0010 DS: 0000 ES: 0000 CR0: 0000000080050033
00058 CR2: 00007fc41de053e8 CR3: 000000013fe77000 CR4: 0000000000750eb0
00058 PKRU: 55555554
00058 Call Trace:
00058  <TASK>
00058  ? local_object_create+0x109/0x640 [obdclass]
00058  ? dt_write_lock+0x16d/0x2a0 [obdclass]
00058  ? llog_osd_create+0x356/0x10d0 [obdclass]
00058  ? llog_create+0x2ed/0x530 [obdclass]
00058  ? llog_cat_new_log+0x6d1/0x2970 [obdclass]
00058  ? llog_cat_add_rec+0x6ba/0x1960 [obdclass]
00058  ? llog_cat_add+0x499/0x7a0 [obdclass]
00058  ? llog_test_8+0xd89/0x1c20 [llog_test]
00058  ? do_raw_spin_unlock+0x52/0x230
00058  ? _raw_spin_unlock+0x23/0x40
00058  ? __llog_ctxt_put+0x1c4/0x2f0 [obdclass]
00058  ? llog_run_tests+0x39a2/0x5ac0 [llog_test]
00058  ? get_random_u32+0x51/0x470
00058  ? llog_test_device_init+0x6e8/0xa20 [llog_test]
00058  ? obd_setup+0x54d/0x950 [obdclass]
00058  ? class_setup+0xc7d/0x10e0 [obdclass]
00058  ? class_process_config+0x2edb/0x7cb0 [obdclass]
00058  ? class_handle_ioctl+0x2055/0x3590 [obdclass]
00058  ? obd_class_ioctl+0x1f6/0x3c0 [obdclass]
00058  ? __x64_sys_ioctl+0x961/0xe00
00058  ? _copy_to_user+0x3d/0x60
00058  ? __x64_sys_rt_sigaction+0x107/0x140
00058  ? do_syscall_64+0xc1/0x350
00058  ? entry_SYSCALL_64_after_hwframe+0x4b/0x53
00058  </TASK>
00058 ---[ end trace 0000000000000000 ]---
00058 Lustre: 2164:0:(llog_test.c:1329:llog_test_8()) 8b: pin llog [0x1:0x12:0x0]
00058 Lustre: 2164:0:(llog_test.c:1332:llog_test_8()) 8b: clean first llog record in catalog
00058 Lustre: 2164:0:(llog_test.c:1343:llog_test_8()) 8c: corrupt first chunk in the middle
00058 Lustre: 2164:0:(llog_test.c:1346:llog_test_8()) 8c: corrupt second chunk at start
00058 Lustre: 2164:0:(llog_test.c:1349:llog_test_8()) 8d: count survived records
00058 Lustre: 2164:0:(llog_test.c:1379:llog_test_8()) 8d: close re-opened catalog
00058 Lustre: 2164:0:(llog_test.c:1440:llog_test_9()) 9a: test llog_logid_rec
00058 ------------[ cut here ]------------
00058 WARNING: /home/ktest/git/linux/include/linux/fs.h:889 at osd_create+0x9cf/0xcf0 [osd_wbcfs], CPU#1: lctl/2164
00058 Modules linked in: llog_test(O) mgs(O) osd_wbcfs(O) lustre(O) obdecho(O) mgc(O) mdc(O) lov(O) osc(O) lmv(O) ec(O) fid(O) fld(O) ptlrpc(O) efivarfs obdclass(O) ksocklnd(O) lnet(O) libcfs(O)
00058 CPU: 1 UID: 0 PID: 2164 Comm: lctl Tainted: G        W  O        7.0.0-ktest-df67fd6-6330a45-20260730-dirty #1 PREEMPT 
00058 Tainted: [W]=WARN, [O]=OOT_MODULE
00058 Hardware name: QEMU Standard PC (Q35 + ICH9, 2009), BIOS 2025.11-3ubuntu7 03/31/2026
00058 RIP: 0010:osd_create+0x9cf/0xcf0 [osd_wbcfs]
00058 Code: c7 c7 e0 a7 7b a1 48 c7 c6 a0 22 7d a1 48 c7 c2 00 2c 7d a1 e8 52 f1 43 ff 48 c7 c7 e0 a7 7b a1 e8 46 81 44 ff e9 fe fc ff ff <0f> 0b e9 a5 fa ff ff 48 c7 c1 80 44 5d a0 80 e1 07 80 c1 03 38 c1
00058 RSP: 0018:ffffc900016a7710 EFLAGS: 00010246
00058 RAX: 0000000000000000 RBX: ffff888193ce3c00 RCX: 0000000000000046
00058 RDX: 0000000000000000 RSI: ffff88813a11bb90 RDI: ffff88813fdf4b18
00058 RBP: ffff88813a11bb00 R08: ffffffff83a16803 R09: 1ffffffff0742d00
00058 R10: dffffc0000000000 R11: fffffbfff0742d01 R12: ffff88816889a400
00058 R13: dffffc0000000000 R14: 1ffff1103279c780 R15: 1ffff1102d11348f
00058 FS:  00007f15616ae940(0000) GS:ffff88831e4aa000(0000) knlGS:0000000000000000
00058 CS:  0010 DS: 0000 ES: 0000 CR0: 0000000080050033
00058 CR2: 00007fc41de053e8 CR3: 000000013fe77000 CR4: 0000000000750eb0
00058 PKRU: 55555554
00058 Call Trace:
00058  <TASK>
00058  ? local_object_create+0x109/0x640 [obdclass]
00058  ? dt_write_lock+0x16d/0x2a0 [obdclass]
00058  ? llog_osd_create+0x356/0x10d0 [obdclass]
00058  ? llog_create+0x2ed/0x530 [obdclass]
00058  ? llog_open_create+0x6e7/0xb30 [obdclass]
00058  ? llog_test_9_sub+0xd4/0x800 [llog_test]
00058  ? llog_test_9+0x242/0x960 [llog_test]
00058  ? llog_run_tests+0x3d64/0x5ac0 [llog_test]
00058  ? get_random_u32+0x51/0x470
00058  ? llog_test_device_init+0x6e8/0xa20 [llog_test]
00058  ? obd_setup+0x54d/0x950 [obdclass]
00058  ? class_setup+0xc7d/0x10e0 [obdclass]
00058  ? class_process_config+0x2edb/0x7cb0 [obdclass]
00058  ? class_handle_ioctl+0x2055/0x3590 [obdclass]
00058  ? obd_class_ioctl+0x1f6/0x3c0 [obdclass]
00058  ? __x64_sys_ioctl+0x961/0xe00
00058  ? _copy_to_user+0x3d/0x60
00058  ? __x64_sys_rt_sigaction+0x107/0x140
00058  ? do_syscall_64+0xc1/0x350
00058  ? entry_SYSCALL_64_after_hwframe+0x4b/0x53
00058  </TASK>
00058 ---[ end trace 0000000000000000 ]---
00058 Lustre: 2164:0:(llog_test.c:1424:llog_test_9_sub()) 9_sub: record type 1064553b in log 0x1:0x14:0x0
00058 Lustre: 2164:0:(llog_test.c:1451:llog_test_9()) 9b: test llog_obd_cfg_rec
00058 ------------[ cut here ]------------
00058 WARNING: /home/ktest/git/linux/include/linux/fs.h:889 at osd_create+0x9cf/0xcf0 [osd_wbcfs], CPU#1: lctl/2164
00058 Modules linked in: llog_test(O) mgs(O) osd_wbcfs(O) lustre(O) obdecho(O) mgc(O) mdc(O) lov(O) osc(O) lmv(O) ec(O) fid(O) fld(O) ptlrpc(O) efivarfs obdclass(O) ksocklnd(O) lnet(O) libcfs(O)
00058 CPU: 1 UID: 0 PID: 2164 Comm: lctl Tainted: G        W  O        7.0.0-ktest-df67fd6-6330a45-20260730-dirty #1 PREEMPT 
00058 Tainted: [W]=WARN, [O]=OOT_MODULE
00058 Hardware name: QEMU Standard PC (Q35 + ICH9, 2009), BIOS 2025.11-3ubuntu7 03/31/2026
00058 RIP: 0010:osd_create+0x9cf/0xcf0 [osd_wbcfs]
00058 Code: c7 c7 e0 a7 7b a1 48 c7 c6 a0 22 7d a1 48 c7 c2 00 2c 7d a1 e8 52 f1 43 ff 48 c7 c7 e0 a7 7b a1 e8 46 81 44 ff e9 fe fc ff ff <0f> 0b e9 a5 fa ff ff 48 c7 c1 80 44 5d a0 80 e1 07 80 c1 03 38 c1
00058 RSP: 0018:ffffc900016a7710 EFLAGS: 00010246
00058 RAX: 0000000000000000 RBX: ffff888193ce3000 RCX: 0000000000000046
00058 RDX: 0000000000000000 RSI: ffff88813a11b478 RDI: ffff88813fdf4b18
00058 RBP: ffff88813a11b3e8 R08: ffffffff83a16803 R09: 1ffffffff0742d00
00058 R10: dffffc0000000000 R11: fffffbfff0742d01 R12: ffff88816889a400
00058 R13: dffffc0000000000 R14: 1ffff1103279c600 R15: 1ffff1102d11348f
00058 FS:  00007f15616ae940(0000) GS:ffff88831e4aa000(0000) knlGS:0000000000000000
00058 CS:  0010 DS: 0000 ES: 0000 CR0: 0000000080050033
00058 CR2: 00007fc41de053e8 CR3: 000000013fe77000 CR4: 0000000000750eb0
00058 PKRU: 55555554
00058 Call Trace:
00058  <TASK>
00058  ? local_object_create+0x109/0x640 [obdclass]
00058  ? dt_write_lock+0x16d/0x2a0 [obdclass]
00058  ? llog_osd_create+0x356/0x10d0 [obdclass]
00058  ? llog_create+0x2ed/0x530 [obdclass]
00058  ? llog_open_create+0x6e7/0xb30 [obdclass]
00058  ? llog_test_9_sub+0xd4/0x800 [llog_test]
00058  ? llog_test_9+0x373/0x960 [llog_test]
00058  ? llog_run_tests+0x3d64/0x5ac0 [llog_test]
00058  ? get_random_u32+0x51/0x470
00058  ? llog_test_device_init+0x6e8/0xa20 [llog_test]
00058  ? obd_setup+0x54d/0x950 [obdclass]
00058  ? class_setup+0xc7d/0x10e0 [obdclass]
00058  ? class_process_config+0x2edb/0x7cb0 [obdclass]
00058  ? class_handle_ioctl+0x2055/0x3590 [obdclass]
00058  ? obd_class_ioctl+0x1f6/0x3c0 [obdclass]
00058  ? __x64_sys_ioctl+0x961/0xe00
00058  ? _copy_to_user+0x3d/0x60
00058  ? __x64_sys_rt_sigaction+0x107/0x140
00058  ? do_syscall_64+0xc1/0x350
00058  ? entry_SYSCALL_64_after_hwframe+0x4b/0x53
00058  </TASK>
00058 ---[ end trace 0000000000000000 ]---
00058 Lustre: 2164:0:(llog_test.c:1462:llog_test_9()) 9c: test llog_changelog_rec
00058 ------------[ cut here ]------------
00058 WARNING: /home/ktest/git/linux/include/linux/fs.h:889 at osd_create+0x9cf/0xcf0 [osd_wbcfs], CPU#1: lctl/2164
00058 Modules linked in: llog_test(O) mgs(O) osd_wbcfs(O) lustre(O) obdecho(O) mgc(O) mdc(O) lov(O) osc(O) lmv(O) ec(O) fid(O) fld(O) ptlrpc(O) efivarfs obdclass(O) ksocklnd(O) lnet(O) libcfs(O)
00058 CPU: 1 UID: 0 PID: 2164 Comm: lctl Tainted: G        W  O        7.0.0-ktest-df67fd6-6330a45-20260730-dirty #1 PREEMPT 
00058 Tainted: [W]=WARN, [O]=OOT_MODULE
00058 Hardware name: QEMU Standard PC (Q35 + ICH9, 2009), BIOS 2025.11-3ubuntu7 03/31/2026
00058 RIP: 0010:osd_create+0x9cf/0xcf0 [osd_wbcfs]
00058 Code: c7 c7 e0 a7 7b a1 48 c7 c6 a0 22 7d a1 48 c7 c2 00 2c 7d a1 e8 52 f1 43 ff 48 c7 c7 e0 a7 7b a1 e8 46 81 44 ff e9 fe fc ff ff <0f> 0b e9 a5 fa ff ff 48 c7 c1 80 44 5d a0 80 e1 07 80 c1 03 38 c1
00058 RSP: 0018:ffffc900016a7710 EFLAGS: 00010246
00058 RAX: 0000000000000000 RBX: ffff888193ce2800 RCX: 0000000000000046
00058 RDX: 0000000000000000 RSI: ffff88813a11ad60 RDI: ffff88813fdf4b18
00058 RBP: ffff88813a11acd0 R08: ffffffff83a16803 R09: 1ffffffff0742d00
00058 R10: dffffc0000000000 R11: fffffbfff0742d01 R12: ffff88816889a400
00058 R13: dffffc0000000000 R14: 1ffff1103279c500 R15: 1ffff1102d11348f
00058 FS:  00007f15616ae940(0000) GS:ffff88831e4aa000(0000) knlGS:0000000000000000
00058 CS:  0010 DS: 0000 ES: 0000 CR0: 0000000080050033
00058 CR2: 00007fc41de053e8 CR3: 000000013fe77000 CR4: 0000000000750eb0
00058 PKRU: 55555554
00058 Call Trace:
00058  <TASK>
00058  ? local_object_create+0x109/0x640 [obdclass]
00058  ? dt_write_lock+0x16d/0x2a0 [obdclass]
00058  ? llog_osd_create+0x356/0x10d0 [obdclass]
00058  ? llog_create+0x2ed/0x530 [obdclass]
00058  ? llog_open_create+0x6e7/0xb30 [obdclass]
00058  ? llog_test_9_sub+0xd4/0x800 [llog_test]
00058  ? llog_test_9+0x4a4/0x960 [llog_test]
00058  ? llog_run_tests+0x3d64/0x5ac0 [llog_test]
00058  ? get_random_u32+0x51/0x470
00058  ? llog_test_device_init+0x6e8/0xa20 [llog_test]
00058  ? obd_setup+0x54d/0x950 [obdclass]
00058  ? class_setup+0xc7d/0x10e0 [obdclass]
00058  ? class_process_config+0x2edb/0x7cb0 [obdclass]
00058  ? class_handle_ioctl+0x2055/0x3590 [obdclass]
00058  ? obd_class_ioctl+0x1f6/0x3c0 [obdclass]
00058  ? __x64_sys_ioctl+0x961/0xe00
00058  ? _copy_to_user+0x3d/0x60
00058  ? __x64_sys_rt_sigaction+0x107/0x140
00058  ? do_syscall_64+0xc1/0x350
00058  ? entry_SYSCALL_64_after_hwframe+0x4b/0x53
00058  </TASK>
00058 ---[ end trace 0000000000000000 ]---
00058 Lustre: 2164:0:(llog_test.c:1474:llog_test_9()) 9d: test llog_changelog_user_rec2
00058 ------------[ cut here ]------------
00058 WARNING: /home/ktest/git/linux/include/linux/fs.h:889 at osd_create+0x9cf/0xcf0 [osd_wbcfs], CPU#1: lctl/2164
00058 Modules linked in: llog_test(O) mgs(O) osd_wbcfs(O) lustre(O) obdecho(O) mgc(O) mdc(O) lov(O) osc(O) lmv(O) ec(O) fid(O) fld(O) ptlrpc(O) efivarfs obdclass(O) ksocklnd(O) lnet(O) libcfs(O)
00058 CPU: 1 UID: 0 PID: 2164 Comm: lctl Tainted: G        W  O        7.0.0-ktest-df67fd6-6330a45-20260730-dirty #1 PREEMPT 
00058 Tainted: [W]=WARN, [O]=OOT_MODULE
00058 Hardware name: QEMU Standard PC (Q35 + ICH9, 2009), BIOS 2025.11-3ubuntu7 03/31/2026
00058 RIP: 0010:osd_create+0x9cf/0xcf0 [osd_wbcfs]
00058 Code: c7 c7 e0 a7 7b a1 48 c7 c6 a0 22 7d a1 48 c7 c2 00 2c 7d a1 e8 52 f1 43 ff 48 c7 c7 e0 a7 7b a1 e8 46 81 44 ff e9 fe fc ff ff <0f> 0b e9 a5 fa ff ff 48 c7 c1 80 44 5d a0 80 e1 07 80 c1 03 38 c1
00058 RSP: 0018:ffffc900016a7710 EFLAGS: 00010246
00058 RAX: 0000000000000000 RBX: ffff888193ce2000 RCX: 0000000000000046
00058 RDX: 0000000000000000 RSI: ffff88813a11a648 RDI: ffff88813fdf4b18
00058 RBP: ffff88813a11a5b8 R08: ffffffff83a16803 R09: 1ffffffff0742d00
00058 R10: dffffc0000000000 R11: fffffbfff0742d01 R12: ffff88816889a400
00058 R13: dffffc0000000000 R14: 1ffff1103279c400 R15: 1ffff1102d11348f
00058 FS:  00007f15616ae940(0000) GS:ffff88831e4aa000(0000) knlGS:0000000000000000
00058 CS:  0010 DS: 0000 ES: 0000 CR0: 0000000080050033
00058 CR2: 00007fc41de053e8 CR3: 000000013fe77000 CR4: 0000000000750eb0
00058 PKRU: 55555554
00058 Call Trace:
00058  <TASK>
00058  ? local_object_create+0x109/0x640 [obdclass]
00058  ? dt_write_lock+0x16d/0x2a0 [obdclass]
00058  ? llog_osd_create+0x356/0x10d0 [obdclass]
00058  ? llog_create+0x2ed/0x530 [obdclass]
00058  ? llog_open_create+0x6e7/0xb30 [obdclass]
00058  ? llog_test_9_sub+0xd4/0x800 [llog_test]
00058  ? llog_test_9+0x5d5/0x960 [llog_test]
00058  ? llog_run_tests+0x3d64/0x5ac0 [llog_test]
00058  ? get_random_u32+0x51/0x470
00058  ? llog_test_device_init+0x6e8/0xa20 [llog_test]
00058  ? obd_setup+0x54d/0x950 [obdclass]
00058  ? class_setup+0xc7d/0x10e0 [obdclass]
00058  ? class_process_config+0x2edb/0x7cb0 [obdclass]
00058  ? class_handle_ioctl+0x2055/0x3590 [obdclass]
00058  ? obd_class_ioctl+0x1f6/0x3c0 [obdclass]
00058  ? __x64_sys_ioctl+0x961/0xe00
00058  ? _copy_to_user+0x3d/0x60
00058  ? __x64_sys_rt_sigaction+0x107/0x140
00058  ? do_syscall_64+0xc1/0x350
00058  ? entry_SYSCALL_64_after_hwframe+0x4b/0x53
00058  </TASK>
00058 ---[ end trace 0000000000000000 ]---
00058 Lustre: 2164:0:(llog_test.c:1575:llog_test_10()) 10a: create a catalog log with name: 98369128
00058 ------------[ cut here ]------------
00058 WARNING: /home/ktest/git/linux/include/linux/fs.h:889 at osd_create+0x9cf/0xcf0 [osd_wbcfs], CPU#1: lctl/2164
00058 Modules linked in: llog_test(O) mgs(O) osd_wbcfs(O) lustre(O) obdecho(O) mgc(O) mdc(O) lov(O) osc(O) lmv(O) ec(O) fid(O) fld(O) ptlrpc(O) efivarfs obdclass(O) ksocklnd(O) lnet(O) libcfs(O)
00058 CPU: 1 UID: 0 PID: 2164 Comm: lctl Tainted: G        W  O        7.0.0-ktest-df67fd6-6330a45-20260730-dirty #1 PREEMPT 
00058 Tainted: [W]=WARN, [O]=OOT_MODULE
00058 Hardware name: QEMU Standard PC (Q35 + ICH9, 2009), BIOS 2025.11-3ubuntu7 03/31/2026
00058 RIP: 0010:osd_create+0x9cf/0xcf0 [osd_wbcfs]
00058 Code: c7 c7 e0 a7 7b a1 48 c7 c6 a0 22 7d a1 48 c7 c2 00 2c 7d a1 e8 52 f1 43 ff 48 c7 c7 e0 a7 7b a1 e8 46 81 44 ff e9 fe fc ff ff <0f> 0b e9 a5 fa ff ff 48 c7 c1 80 44 5d a0 80 e1 07 80 c1 03 38 c1
00058 RSP: 0018:ffffc900016a75c8 EFLAGS: 00010246
00058 RAX: 0000000000000000 RBX: ffff888193ce7800 RCX: 0000000000000046
00058 RDX: 0000000000000000 RSI: ffff88813a119f30 RDI: ffff88813fdf4b18
00058 RBP: ffff88813a119ea0 R08: ffffffff83a16803 R09: 1ffffffff0742d00
00058 R10: dffffc0000000000 R11: fffffbfff0742d01 R12: ffff88816889a400
00058 R13: dffffc0000000000 R14: 1ffff1103279cf00 R15: 1ffff1102d11348f
00058 FS:  00007f15616ae940(0000) GS:ffff88831e4aa000(0000) knlGS:0000000000000000
00058 CS:  0010 DS: 0000 ES: 0000 CR0: 0000000080050033
00058 CR2: 00007fc41de053e8 CR3: 000000013fe77000 CR4: 0000000000750eb0
00058 PKRU: 55555554
00058 Call Trace:
00058  <TASK>
00058  ? local_object_create+0x109/0x640 [obdclass]
00058  ? dt_write_lock+0x16d/0x2a0 [obdclass]
00058  ? llog_osd_create+0x356/0x10d0 [obdclass]
00058  ? llog_create+0x2ed/0x530 [obdclass]
00058  ? llog_open_create+0x6e7/0xb30 [obdclass]
00058  ? llog_test_10+0x2e1/0x5520 [llog_test]
00058  ? lu_object_put+0xa64/0x1210 [obdclass]
00058  ? do_raw_spin_unlock+0x52/0x230
00058  ? _raw_spin_unlock+0x23/0x40
00058  ? __llog_ctxt_put+0x1c4/0x2f0 [obdclass]
00058  ? llog_run_tests+0x3f45/0x5ac0 [llog_test]
00058  ? get_random_u32+0x51/0x470
00058  ? llog_test_device_init+0x6e8/0xa20 [llog_test]
00058  ? obd_setup+0x54d/0x950 [obdclass]
00058  ? class_setup+0xc7d/0x10e0 [obdclass]
00058  ? class_process_config+0x2edb/0x7cb0 [obdclass]
00058  ? class_handle_ioctl+0x2055/0x3590 [obdclass]
00058  ? obd_class_ioctl+0x1f6/0x3c0 [obdclass]
00058  ? __x64_sys_ioctl+0x961/0xe00
00058  ? _copy_to_user+0x3d/0x60
00058  ? __x64_sys_rt_sigaction+0x107/0x140
00058  ? do_syscall_64+0xc1/0x350
00058  ? entry_SYSCALL_64_after_hwframe+0x4b/0x53
00058  </TASK>
00058 ---[ end trace 0000000000000000 ]---
00058 Lustre: 2164:0:(llog_test.c:1605:llog_test_10()) 10b: write 64767 log records
00058 ------------[ cut here ]------------
00058 WARNING: /home/ktest/git/linux/include/linux/fs.h:889 at osd_create+0x9cf/0xcf0 [osd_wbcfs], CPU#1: lctl/2164
00058 Modules linked in: llog_test(O) mgs(O) osd_wbcfs(O) lustre(O) obdecho(O) mgc(O) mdc(O) lov(O) osc(O) lmv(O) ec(O) fid(O) fld(O) ptlrpc(O) efivarfs obdclass(O) ksocklnd(O) lnet(O) libcfs(O)
00058 CPU: 1 UID: 0 PID: 2164 Comm: lctl Tainted: G        W  O        7.0.0-ktest-df67fd6-6330a45-20260730-dirty #1 PREEMPT 
00058 Tainted: [W]=WARN, [O]=OOT_MODULE
00058 Hardware name: QEMU Standard PC (Q35 + ICH9, 2009), BIOS 2025.11-3ubuntu7 03/31/2026
00058 RIP: 0010:osd_create+0x9cf/0xcf0 [osd_wbcfs]
00058 Code: c7 c7 e0 a7 7b a1 48 c7 c6 a0 22 7d a1 48 c7 c2 00 2c 7d a1 e8 52 f1 43 ff 48 c7 c7 e0 a7 7b a1 e8 46 81 44 ff e9 fe fc ff ff <0f> 0b e9 a5 fa ff ff 48 c7 c1 80 44 5d a0 80 e1 07 80 c1 03 38 c1
00058 RSP: 0018:ffffc900016a7478 EFLAGS: 00010246
00058 RAX: 0000000000000000 RBX: ffff888193ce7000 RCX: 0000000000000046
00058 RDX: 0000000000000000 RSI: ffff88813a119818 RDI: ffff88813fdf4b40
00058 RBP: ffff88813a119788 R08: ffffffff83a16803 R09: 1ffffffff0742d00
00058 R10: dffffc0000000000 R11: fffffbfff0742d01 R12: ffff88816889a400
00058 R13: dffffc0000000000 R14: 1ffff1103279ce00 R15: 1ffff1102d11348f
00058 FS:  00007f15616ae940(0000) GS:ffff88831e4aa000(0000) knlGS:0000000000000000
00058 CS:  0010 DS: 0000 ES: 0000 CR0: 0000000080050033
00058 CR2: 00007fc41de053e8 CR3: 000000013fe77000 CR4: 0000000000750eb0
00058 PKRU: 55555554
00058 Call Trace:
00058  <TASK>
00058  ? local_object_create+0x109/0x640 [obdclass]
00058  ? dt_write_lock+0x16d/0x2a0 [obdclass]
00058  ? llog_osd_create+0x356/0x10d0 [obdclass]
00058  ? llog_create+0x2ed/0x530 [obdclass]
00058  ? llog_cat_new_log+0x6d1/0x2970 [obdclass]
00058  ? llog_cat_add_rec+0x6ba/0x1960 [obdclass]
00058  ? llog_cat_add+0x499/0x7a0 [obdclass]
00058  ? llog_test_10+0x6d0/0x5520 [llog_test]
00058  ? lu_object_put+0xa64/0x1210 [obdclass]
00058  ? do_raw_spin_unlock+0x52/0x230
00058  ? _raw_spin_unlock+0x23/0x40
00058  ? __llog_ctxt_put+0x1c4/0x2f0 [obdclass]
00058  ? llog_run_tests+0x3f45/0x5ac0 [llog_test]
00058  ? get_random_u32+0x51/0x470
00058  ? llog_test_device_init+0x6e8/0xa20 [llog_test]
00058  ? obd_setup+0x54d/0x950 [obdclass]
00058  ? class_setup+0xc7d/0x10e0 [obdclass]
00058  ? class_process_config+0x2edb/0x7cb0 [obdclass]
00058  ? class_handle_ioctl+0x2055/0x3590 [obdclass]
00058  ? obd_class_ioctl+0x1f6/0x3c0 [obdclass]
00058  ? __x64_sys_ioctl+0x961/0xe00
00058  ? _copy_to_user+0x3d/0x60
00058  ? __x64_sys_rt_sigaction+0x107/0x140
00058  ? do_syscall_64+0xc1/0x350
00058  ? entry_SYSCALL_64_after_hwframe+0x4b/0x53
00058  </TASK>
00058 ---[ end trace 0000000000000000 ]---
00061 ------------[ cut here ]------------
00061 WARNING: /home/ktest/git/linux/include/linux/fs.h:889 at osd_create+0x9cf/0xcf0 [osd_wbcfs], CPU#1: lctl/2164
00061 Modules linked in: llog_test(O) mgs(O) osd_wbcfs(O) lustre(O) obdecho(O) mgc(O) mdc(O) lov(O) osc(O) lmv(O) ec(O) fid(O) fld(O) ptlrpc(O) efivarfs obdclass(O) ksocklnd(O) lnet(O) libcfs(O)
00061 CPU: 1 UID: 0 PID: 2164 Comm: lctl Tainted: G        W  O        7.0.0-ktest-df67fd6-6330a45-20260730-dirty #1 PREEMPT 
00061 Tainted: [W]=WARN, [O]=OOT_MODULE
00061 Hardware name: QEMU Standard PC (Q35 + ICH9, 2009), BIOS 2025.11-3ubuntu7 03/31/2026
00061 RIP: 0010:osd_create+0x9cf/0xcf0 [osd_wbcfs]
00061 Code: c7 c7 e0 a7 7b a1 48 c7 c6 a0 22 7d a1 48 c7 c2 00 2c 7d a1 e8 52 f1 43 ff 48 c7 c7 e0 a7 7b a1 e8 46 81 44 ff e9 fe fc ff ff <0f> 0b e9 a5 fa ff ff 48 c7 c1 80 44 5d a0 80 e1 07 80 c1 03 38 c1
00061 RSP: 0018:ffffc900016a7478 EFLAGS: 00010246
00061 RAX: 0000000000000000 RBX: ffff888193ce6800 RCX: 0000000000000046
00061 RDX: 0000000000000000 RSI: ffff88813a119100 RDI: ffff88813fdf4b40
00061 RBP: ffff88813a119070 R08: ffffffff83a16803 R09: 1ffffffff0742d00
00061 R10: dffffc0000000000 R11: fffffbfff0742d01 R12: ffff88816889a400
00061 R13: dffffc0000000000 R14: 1ffff1103279cd00 R15: 1ffff1102d11348f
00061 FS:  00007f15616ae940(0000) GS:ffff88831e4aa000(0000) knlGS:0000000000000000
00061 CS:  0010 DS: 0000 ES: 0000 CR0: 0000000080050033
00061 CR2: 00007fc41de053e8 CR3: 000000013fe77000 CR4: 0000000000750eb0
00061 PKRU: 55555554
00061 Call Trace:
00061  <TASK>
00061  ? local_object_create+0x109/0x640 [obdclass]
00061  ? dt_write_lock+0x16d/0x2a0 [obdclass]
00061  ? llog_osd_create+0x356/0x10d0 [obdclass]
00061  ? llog_create+0x2ed/0x530 [obdclass]
00061  ? llog_cat_new_log+0x6d1/0x2970 [obdclass]
00061  ? llog_cat_add_rec+0x6ba/0x1960 [obdclass]
00061  ? llog_cat_add+0x499/0x7a0 [obdclass]
00061  ? llog_test_10+0x6d0/0x5520 [llog_test]
00061  ? lu_object_put+0xa64/0x1210 [obdclass]
00061  ? do_raw_spin_unlock+0x52/0x230
00061  ? _raw_spin_unlock+0x23/0x40
00061  ? __llog_ctxt_put+0x1c4/0x2f0 [obdclass]
00061  ? llog_run_tests+0x3f45/0x5ac0 [llog_test]
00061  ? get_random_u32+0x51/0x470
00061  ? llog_test_device_init+0x6e8/0xa20 [llog_test]
00061  ? obd_setup+0x54d/0x950 [obdclass]
00061  ? class_setup+0xc7d/0x10e0 [obdclass]
00061  ? class_process_config+0x2edb/0x7cb0 [obdclass]
00061  ? class_handle_ioctl+0x2055/0x3590 [obdclass]
00061  ? obd_class_ioctl+0x1f6/0x3c0 [obdclass]
00061  ? __x64_sys_ioctl+0x961/0xe00
00061  ? _copy_to_user+0x3d/0x60
00061  ? __x64_sys_rt_sigaction+0x107/0x140
00061  ? do_syscall_64+0xc1/0x350
00061  ? entry_SYSCALL_64_after_hwframe+0x4b/0x53
00061  </TASK>
00061 ---[ end trace 0000000000000000 ]---
00061 Lustre: 2164:0:(llog_test.c:1631:llog_test_10()) 10c: write 129534 more log records
00064 ------------[ cut here ]------------
00064 WARNING: /home/ktest/git/linux/include/linux/fs.h:889 at osd_create+0x9cf/0xcf0 [osd_wbcfs], CPU#1: lctl/2164
00064 Modules linked in: llog_test(O) mgs(O) osd_wbcfs(O) lustre(O) obdecho(O) mgc(O) mdc(O) lov(O) osc(O) lmv(O) ec(O) fid(O) fld(O) ptlrpc(O) efivarfs obdclass(O) ksocklnd(O) lnet(O) libcfs(O)
00064 CPU: 1 UID: 0 PID: 2164 Comm: lctl Tainted: G        W  O        7.0.0-ktest-df67fd6-6330a45-20260730-dirty #1 PREEMPT 
00064 Tainted: [W]=WARN, [O]=OOT_MODULE
00064 Hardware name: QEMU Standard PC (Q35 + ICH9, 2009), BIOS 2025.11-3ubuntu7 03/31/2026
00064 RIP: 0010:osd_create+0x9cf/0xcf0 [osd_wbcfs]
00064 Code: c7 c7 e0 a7 7b a1 48 c7 c6 a0 22 7d a1 48 c7 c2 00 2c 7d a1 e8 52 f1 43 ff 48 c7 c7 e0 a7 7b a1 e8 46 81 44 ff e9 fe fc ff ff <0f> 0b e9 a5 fa ff ff 48 c7 c1 80 44 5d a0 80 e1 07 80 c1 03 38 c1
00064 RSP: 0018:ffffc900016a7478 EFLAGS: 00010246
00064 RAX: 0000000000000000 RBX: ffff88811f933000 RCX: 0000000000000046
00064 RDX: 0000000000000000 RSI: ffff88813a1189e8 RDI: ffff88813fdf4b40
00064 RBP: ffff88813a118958 R08: ffffffff83a16803 R09: 1ffffffff0742d00
00064 R10: dffffc0000000000 R11: fffffbfff0742d01 R12: ffff88816889a400
00064 R13: dffffc0000000000 R14: 1ffff11023f26600 R15: 1ffff1102d11348f
00064 FS:  00007f15616ae940(0000) GS:ffff88831e4aa000(0000) knlGS:0000000000000000
00064 CS:  0010 DS: 0000 ES: 0000 CR0: 0000000080050033
00064 CR2: 00007fc41de053e8 CR3: 000000013fe77000 CR4: 0000000000750eb0
00064 PKRU: 55555554
00064 Call Trace:
00064  <TASK>
00064  ? local_object_create+0x109/0x640 [obdclass]
00064  ? dt_write_lock+0x16d/0x2a0 [obdclass]
00064  ? llog_osd_create+0x356/0x10d0 [obdclass]
00064  ? llog_create+0x2ed/0x530 [obdclass]
00064  ? llog_cat_new_log+0x6d1/0x2970 [obdclass]
00064  ? llog_cat_add_rec+0x6ba/0x1960 [obdclass]
00064  ? llog_cat_add+0x499/0x7a0 [obdclass]
00064  ? llog_test_10+0x986/0x5520 [llog_test]
00064  ? lu_object_put+0xa64/0x1210 [obdclass]
00064  ? do_raw_spin_unlock+0x52/0x230
00064  ? _raw_spin_unlock+0x23/0x40
00064  ? __llog_ctxt_put+0x1c4/0x2f0 [obdclass]
00064  ? llog_run_tests+0x3f45/0x5ac0 [llog_test]
00064  ? get_random_u32+0x51/0x470
00064  ? llog_test_device_init+0x6e8/0xa20 [llog_test]
00064  ? obd_setup+0x54d/0x950 [obdclass]
00064  ? class_setup+0xc7d/0x10e0 [obdclass]
00064  ? class_process_config+0x2edb/0x7cb0 [obdclass]
00064  ? class_handle_ioctl+0x2055/0x3590 [obdclass]
00064  ? obd_class_ioctl+0x1f6/0x3c0 [obdclass]
00064  ? __x64_sys_ioctl+0x961/0xe00
00064  ? _copy_to_user+0x3d/0x60
00064  ? __x64_sys_rt_sigaction+0x107/0x140
00064  ? do_syscall_64+0xc1/0x350
00064  ? entry_SYSCALL_64_after_hwframe+0x4b/0x53
00064  </TASK>
00064 ---[ end trace 0000000000000000 ]---
00066 ------------[ cut here ]------------
00066 WARNING: /home/ktest/git/linux/include/linux/fs.h:889 at osd_create+0x9cf/0xcf0 [osd_wbcfs], CPU#1: lctl/2164
00066 Modules linked in: llog_test(O) mgs(O) osd_wbcfs(O) lustre(O) obdecho(O) mgc(O) mdc(O) lov(O) osc(O) lmv(O) ec(O) fid(O) fld(O) ptlrpc(O) efivarfs obdclass(O) ksocklnd(O) lnet(O) libcfs(O)
00066 CPU: 1 UID: 0 PID: 2164 Comm: lctl Tainted: G        W  O        7.0.0-ktest-df67fd6-6330a45-20260730-dirty #1 PREEMPT 
00066 Tainted: [W]=WARN, [O]=OOT_MODULE
00066 Hardware name: QEMU Standard PC (Q35 + ICH9, 2009), BIOS 2025.11-3ubuntu7 03/31/2026
00066 RIP: 0010:osd_create+0x9cf/0xcf0 [osd_wbcfs]
00066 Code: c7 c7 e0 a7 7b a1 48 c7 c6 a0 22 7d a1 48 c7 c2 00 2c 7d a1 e8 52 f1 43 ff 48 c7 c7 e0 a7 7b a1 e8 46 81 44 ff e9 fe fc ff ff <0f> 0b e9 a5 fa ff ff 48 c7 c1 80 44 5d a0 80 e1 07 80 c1 03 38 c1
00066 RSP: 0018:ffffc900016a7478 EFLAGS: 00010246
00066 RAX: 0000000000000000 RBX: ffff888105696400 RCX: 0000000000000046
00066 RDX: 0000000000000000 RSI: ffff88813a1182d0 RDI: ffff88813fdf4b40
00066 RBP: ffff88813a118240 R08: ffffffff83a16803 R09: 1ffffffff0742d00
00066 R10: dffffc0000000000 R11: fffffbfff0742d01 R12: ffff88816889a400
00066 R13: dffffc0000000000 R14: 1ffff11020ad2c80 R15: 1ffff1102d11348f
00066 FS:  00007f15616ae940(0000) GS:ffff88831e4aa000(0000) knlGS:0000000000000000
00066 CS:  0010 DS: 0000 ES: 0000 CR0: 0000000080050033
00066 CR2: 00007fc41de053e8 CR3: 000000013fe77000 CR4: 0000000000750eb0
00066 PKRU: 55555554
00066 Call Trace:
00066  <TASK>
00066  ? local_object_create+0x109/0x640 [obdclass]
00066  ? dt_write_lock+0x16d/0x2a0 [obdclass]
00066  ? llog_osd_create+0x356/0x10d0 [obdclass]
00066  ? llog_create+0x2ed/0x530 [obdclass]
00066  ? llog_cat_new_log+0x6d1/0x2970 [obdclass]
00066  ? llog_cat_add_rec+0x6ba/0x1960 [obdclass]
00066  ? llog_cat_add+0x499/0x7a0 [obdclass]
00066  ? llog_test_10+0x986/0x5520 [llog_test]
00066  ? lu_object_put+0xa64/0x1210 [obdclass]
00066  ? do_raw_spin_unlock+0x52/0x230
00066  ? _raw_spin_unlock+0x23/0x40
00066  ? __llog_ctxt_put+0x1c4/0x2f0 [obdclass]
00066  ? llog_run_tests+0x3f45/0x5ac0 [llog_test]
00066  ? get_random_u32+0x51/0x470
00066  ? llog_test_device_init+0x6e8/0xa20 [llog_test]
00066  ? obd_setup+0x54d/0x950 [obdclass]
00066  ? class_setup+0xc7d/0x10e0 [obdclass]
00066  ? class_process_config+0x2edb/0x7cb0 [obdclass]
00066  ? class_handle_ioctl+0x2055/0x3590 [obdclass]
00066  ? obd_class_ioctl+0x1f6/0x3c0 [obdclass]
00066  ? __x64_sys_ioctl+0x961/0xe00
00066  ? _copy_to_user+0x3d/0x60
00066  ? __x64_sys_rt_sigaction+0x107/0x140
00066  ? do_syscall_64+0xc1/0x350
00066  ? entry_SYSCALL_64_after_hwframe+0x4b/0x53
00066  </TASK>
00066 ---[ end trace 0000000000000000 ]---
00066 Lustre: 2164:0:(llog_test.c:1663:llog_test_10()) 10c: write 64767 more log records
00069 Lustre: 2164:0:(llog_cat.c:80:llog_cat_new_log()) MGS: there are no more free slots in catalog 98369128
00069 LustreError: 2164:0:(llog_cat.c:588:llog_cat_add_rec()) MGS: initialization error: rc = -28
00069 Lustre: 2164:0:(llog_test.c:1689:llog_test_10()) 10c: wrote 64011 records then 756 failed with ENOSPC
00069 Lustre: 2164:0:(llog_test.c:1708:llog_test_10()) 10d: Cancel 64767 records, see one log zapped
00071 Lustre: 2164:0:(llog_test.c:1722:llog_test_10()) 10d: print the catalog entries.. we expect 3
00071 Lustre: 2186:0:(llog_test.c:700:cat_print_cb()) seeing record at index 2 - [0x1:0x19:0x0] in log [0xa:0x5:0x0]
00071 Lustre: 2164:0:(llog_test.c:1752:llog_test_10()) 10e: write 64767 more log records
00071 ------------[ cut here ]------------
00071 WARNING: /home/ktest/git/linux/include/linux/fs.h:889 at osd_create+0x9cf/0xcf0 [osd_wbcfs], CPU#1: lctl/2164
00071 Modules linked in: llog_test(O) mgs(O) osd_wbcfs(O) lustre(O) obdecho(O) mgc(O) mdc(O) lov(O) osc(O) lmv(O) ec(O) fid(O) fld(O) ptlrpc(O) efivarfs obdclass(O) ksocklnd(O) lnet(O) libcfs(O)
00071 CPU: 1 UID: 0 PID: 2164 Comm: lctl Tainted: G        W  O        7.0.0-ktest-df67fd6-6330a45-20260730-dirty #1 PREEMPT 
00071 Tainted: [W]=WARN, [O]=OOT_MODULE
00071 Hardware name: QEMU Standard PC (Q35 + ICH9, 2009), BIOS 2025.11-3ubuntu7 03/31/2026
00071 RIP: 0010:osd_create+0x9cf/0xcf0 [osd_wbcfs]
00071 Code: c7 c7 e0 a7 7b a1 48 c7 c6 a0 22 7d a1 48 c7 c2 00 2c 7d a1 e8 52 f1 43 ff 48 c7 c7 e0 a7 7b a1 e8 46 81 44 ff e9 fe fc ff ff <0f> 0b e9 a5 fa ff ff 48 c7 c1 80 44 5d a0 80 e1 07 80 c1 03 38 c1
00071 RSP: 0018:ffffc900016a7478 EFLAGS: 00010246
00071 RAX: 0000000000000000 RBX: ffff88816f79b000 RCX: 0000000000000046
00071 RDX: 0000000000000000 RSI: ffff88829438a648 RDI: ffff88813fdf4b40
00071 RBP: ffff88829438a5b8 R08: ffffffff83a16803 R09: 1ffffffff0742d00
00071 R10: dffffc0000000000 R11: fffffbfff0742d01 R12: ffff88816889a400
00071 R13: dffffc0000000000 R14: 1ffff1102def3600 R15: 1ffff1102d11348f
00071 FS:  00007f15616ae940(0000) GS:ffff88831e4aa000(0000) knlGS:0000000000000000
00071 CS:  0010 DS: 0000 ES: 0000 CR0: 0000000080050033
00071 CR2: 00007fc41de053e8 CR3: 000000013fe77000 CR4: 0000000000750eb0
00071 PKRU: 55555554
00071 Call Trace:
00071  <TASK>
00071  ? local_object_create+0x109/0x640 [obdclass]
00071  ? dt_write_lock+0x16d/0x2a0 [obdclass]
00071  ? llog_osd_create+0x356/0x10d0 [obdclass]
00071  ? llog_create+0x2ed/0x530 [obdclass]
00071  ? llog_cat_new_log+0x6d1/0x2970 [obdclass]
00071  ? llog_cat_add_rec+0x6ba/0x1960 [obdclass]
00071  ? llog_cat_add+0x499/0x7a0 [obdclass]
00071  ? llog_test_10+0x1844/0x5520 [llog_test]
00071  ? lu_object_put+0xa64/0x1210 [obdclass]
00071  ? do_raw_spin_unlock+0x52/0x230
00071  ? _raw_spin_unlock+0x23/0x40
00071  ? __llog_ctxt_put+0x1c4/0x2f0 [obdclass]
00071  ? llog_run_tests+0x3f45/0x5ac0 [llog_test]
00071  ? get_random_u32+0x51/0x470
00071  ? llog_test_device_init+0x6e8/0xa20 [llog_test]
00071  ? obd_setup+0x54d/0x950 [obdclass]
00071  ? class_setup+0xc7d/0x10e0 [obdclass]
00071  ? class_process_config+0x2edb/0x7cb0 [obdclass]
00071  ? class_handle_ioctl+0x2055/0x3590 [obdclass]
00071  ? obd_class_ioctl+0x1f6/0x3c0 [obdclass]
00071  ? __x64_sys_ioctl+0x961/0xe00
00071  ? _copy_to_user+0x3d/0x60
00071  ? __x64_sys_rt_sigaction+0x107/0x140
00071  ? do_syscall_64+0xc1/0x350
00071  ? entry_SYSCALL_64_after_hwframe+0x4b/0x53
00071  </TASK>
00071 ---[ end trace 0000000000000000 ]---
00073 Lustre: 2164:0:(llog_cat.c:80:llog_cat_new_log()) MGS: there are no more free slots in catalog 98369128
00073 Lustre: 2164:0:(llog_cat.c:80:llog_cat_new_log()) Skipped 755 previous similar messages
00073 LustreError: 2164:0:(llog_cat.c:588:llog_cat_add_rec()) MGS: initialization error: rc = -28
00073 LustreError: 2164:0:(llog_cat.c:588:llog_cat_add_rec()) Skipped 755 previous similar messages
00073 Lustre: 2164:0:(llog_test.c:1778:llog_test_10()) 10e: wrote 64578 records then 189 failed with ENOSPC
00073 Lustre: 2164:0:(llog_test.c:1780:llog_test_10()) 10e: print the catalog entries.. we expect 4
00073 Lustre: 2164:0:(llog_cat.c:977:llog_cat_process_or_fork()) MGS: catlog [0xa:0x5:0x0] crosses index zero
00073 Lustre: 2164:0:(llog_test.c:700:cat_print_cb()) seeing record at index 2 - [0x1:0x19:0x0] in log [0xa:0x5:0x0]
00073 Lustre: 2164:0:(llog_test.c:700:cat_print_cb()) Skipped 2 previous similar messages
00073 Lustre: 2164:0:(llog_test.c:1816:llog_test_10()) 10e: catalog successfully wrap around, last_idx 1, first 1
00073 Lustre: 2164:0:(llog_test.c:1833:llog_test_10()) 10f: Cancel 64767 records, see one log zapped
00075 Lustre: 2164:0:(llog_test.c:1847:llog_test_10()) 10f: print the catalog entries.. we expect 3
00075 Lustre: 2164:0:(llog_cat.c:977:llog_cat_process_or_fork()) MGS: catlog [0xa:0x5:0x0] crosses index zero
00075 Lustre: 2164:0:(llog_cat.c:977:llog_cat_process_or_fork()) Skipped 1 previous similar message
00075 Lustre: 2164:0:(llog_test.c:1878:llog_test_10()) 10f: write 64767 more log records
00075 ------------[ cut here ]------------
00075 WARNING: /home/ktest/git/linux/include/linux/fs.h:889 at osd_create+0x9cf/0xcf0 [osd_wbcfs], CPU#1: lctl/2164
00075 Modules linked in: llog_test(O) mgs(O) osd_wbcfs(O) lustre(O) obdecho(O) mgc(O) mdc(O) lov(O) osc(O) lmv(O) ec(O) fid(O) fld(O) ptlrpc(O) efivarfs obdclass(O) ksocklnd(O) lnet(O) libcfs(O)
00075 CPU: 1 UID: 0 PID: 2164 Comm: lctl Tainted: G        W  O        7.0.0-ktest-df67fd6-6330a45-20260730-dirty #1 PREEMPT 
00075 Tainted: [W]=WARN, [O]=OOT_MODULE
00075 Hardware name: QEMU Standard PC (Q35 + ICH9, 2009), BIOS 2025.11-3ubuntu7 03/31/2026
00075 RIP: 0010:osd_create+0x9cf/0xcf0 [osd_wbcfs]
00075 Code: c7 c7 e0 a7 7b a1 48 c7 c6 a0 22 7d a1 48 c7 c2 00 2c 7d a1 e8 52 f1 43 ff 48 c7 c7 e0 a7 7b a1 e8 46 81 44 ff e9 fe fc ff ff <0f> 0b e9 a5 fa ff ff 48 c7 c1 80 44 5d a0 80 e1 07 80 c1 03 38 c1
00075 RSP: 0018:ffffc900016a7478 EFLAGS: 00010246
00075 RAX: 0000000000000000 RBX: ffff88828d9f6400 RCX: 0000000000000046
00075 RDX: 0000000000000000 RSI: ffff888294389f30 RDI: ffff88813fdf4b40
00075 RBP: ffff888294389ea0 R08: ffffffff83a16803 R09: 1ffffffff0742d00
00075 R10: dffffc0000000000 R11: fffffbfff0742d01 R12: ffff88816889a400
00075 R13: dffffc0000000000 R14: 1ffff11051b3ec80 R15: 1ffff1102d11348f
00075 FS:  00007f15616ae940(0000) GS:ffff88831e4aa000(0000) knlGS:0000000000000000
00075 CS:  0010 DS: 0000 ES: 0000 CR0: 0000000080050033
00075 CR2: 00007fc41de053e8 CR3: 000000013fe77000 CR4: 0000000000750eb0
00075 PKRU: 55555554
00075 Call Trace:
00075  <TASK>
00075  ? local_object_create+0x109/0x640 [obdclass]
00075  ? dt_write_lock+0x16d/0x2a0 [obdclass]
00075  ? llog_osd_create+0x356/0x10d0 [obdclass]
00075  ? llog_create+0x2ed/0x530 [obdclass]
00075  ? llog_cat_new_log+0x6d1/0x2970 [obdclass]
00075  ? llog_cat_add_rec+0x6ba/0x1960 [obdclass]
00075  ? llog_cat_add+0x499/0x7a0 [obdclass]
00075  ? llog_test_10+0x2b62/0x5520 [llog_test]
00075  ? lu_object_put+0xa64/0x1210 [obdclass]
00075  ? do_raw_spin_unlock+0x52/0x230
00075  ? _raw_spin_unlock+0x23/0x40
00075  ? __llog_ctxt_put+0x1c4/0x2f0 [obdclass]
00075  ? llog_run_tests+0x3f45/0x5ac0 [llog_test]
00075  ? get_random_u32+0x51/0x470
00075  ? llog_test_device_init+0x6e8/0xa20 [llog_test]
00075  ? obd_setup+0x54d/0x950 [obdclass]
00075  ? class_setup+0xc7d/0x10e0 [obdclass]
00075  ? class_process_config+0x2edb/0x7cb0 [obdclass]
00075  ? class_handle_ioctl+0x2055/0x3590 [obdclass]
00075  ? obd_class_ioctl+0x1f6/0x3c0 [obdclass]
00075  ? __x64_sys_ioctl+0x961/0xe00
00075  ? _copy_to_user+0x3d/0x60
00075  ? __x64_sys_rt_sigaction+0x107/0x140
00075  ? do_syscall_64+0xc1/0x350
00075  ? entry_SYSCALL_64_after_hwframe+0x4b/0x53
00075  </TASK>
00075 ---[ end trace 0000000000000000 ]---
00078 Lustre: 2164:0:(llog_cat.c:80:llog_cat_new_log()) MGS: there are no more free slots in catalog 98369128
00078 Lustre: 2164:0:(llog_cat.c:80:llog_cat_new_log()) Skipped 188 previous similar messages
00078 LustreError: 2164:0:(llog_cat.c:588:llog_cat_add_rec()) MGS: initialization error: rc = -28
00078 LustreError: 2164:0:(llog_cat.c:588:llog_cat_add_rec()) Skipped 188 previous similar messages
00078 Lustre: 2164:0:(llog_test.c:1904:llog_test_10()) 10f: wrote 64578 records then 189 failed with ENOSPC
00078 Lustre: 2164:0:(llog_test.c:1950:llog_test_10()) 10g: Cancel 64767 records, see one log zapped
00078 Lustre: 2164:0:(llog_cat.c:977:llog_cat_process_or_fork()) MGS: catlog [0xa:0x5:0x0] crosses index zero
00080 Lustre: 2164:0:(llog_test.c:1962:llog_test_10()) 10g: print the catalog entries.. we expect 3
00080 Lustre: 2164:0:(llog_test.c:700:cat_print_cb()) seeing record at index 4 - [0x1:0x1b:0x0] in log [0xa:0x5:0x0]
00080 Lustre: 2164:0:(llog_test.c:700:cat_print_cb()) Skipped 6 previous similar messages
00080 Lustre: 2164:0:(llog_test.c:1992:llog_test_10()) 10g: Cancel 64767 records, see one log zapped
00082 Lustre: 2164:0:(llog_test.c:2006:llog_test_10()) 10g: print the catalog entries.. we expect 2
00082 Lustre: 2164:0:(llog_test.c:2044:llog_test_10()) 10g: Cancel 64767 records, see one log zapped
00084 Lustre: 2164:0:(llog_test.c:2058:llog_test_10()) 10g: print the catalog entries.. we expect 1
00084 Lustre: 2164:0:(llog_test.c:2084:llog_test_10()) 10g: llh_cat_idx has also successfully wrapped!
00084 Lustre: 2188:0:(llog_test.c:1534:cat_check_old_cb()) seeing record at index 2 - [0x1:0x1d:0x0] in log [0xa:0x5:0x0]
00084 Lustre: 2164:0:(llog_test.c:2108:llog_test_10()) 10h: write 64767 more log records
00084 ------------[ cut here ]------------
00084 WARNING: /home/ktest/git/linux/include/linux/fs.h:889 at osd_create+0x9cf/0xcf0 [osd_wbcfs], CPU#1: lctl/2164
00084 Modules linked in: llog_test(O) mgs(O) osd_wbcfs(O) lustre(O) obdecho(O) mgc(O) mdc(O) lov(O) osc(O) lmv(O) ec(O) fid(O) fld(O) ptlrpc(O) efivarfs obdclass(O) ksocklnd(O) lnet(O) libcfs(O)
00084 CPU: 1 UID: 0 PID: 2164 Comm: lctl Tainted: G        W  O        7.0.0-ktest-df67fd6-6330a45-20260730-dirty #1 PREEMPT 
00084 Tainted: [W]=WARN, [O]=OOT_MODULE
00084 Hardware name: QEMU Standard PC (Q35 + ICH9, 2009), BIOS 2025.11-3ubuntu7 03/31/2026
00084 RIP: 0010:osd_create+0x9cf/0xcf0 [osd_wbcfs]
00084 Code: c7 c7 e0 a7 7b a1 48 c7 c6 a0 22 7d a1 48 c7 c2 00 2c 7d a1 e8 52 f1 43 ff 48 c7 c7 e0 a7 7b a1 e8 46 81 44 ff e9 fe fc ff ff <0f> 0b e9 a5 fa ff ff 48 c7 c1 80 44 5d a0 80 e1 07 80 c1 03 38 c1
00084 RSP: 0018:ffffc900016a7478 EFLAGS: 00010246
00084 RAX: 0000000000000000 RBX: ffff8881fb025c00 RCX: 0000000000000046
00084 RDX: 0000000000000000 RSI: ffff888294389818 RDI: ffff88813fdf4b40
00084 RBP: ffff888294389788 R08: ffffffff83a16803 R09: 1ffffffff0742d00
00084 R10: dffffc0000000000 R11: fffffbfff0742d01 R12: ffff88816889a400
00084 R13: dffffc0000000000 R14: 1ffff1103f604b80 R15: 1ffff1102d11348f
00084 FS:  00007f15616ae940(0000) GS:ffff88831e4aa000(0000) knlGS:0000000000000000
00084 CS:  0010 DS: 0000 ES: 0000 CR0: 0000000080050033
00084 CR2: 00007fc41de053e8 CR3: 000000013fe77000 CR4: 0000000000750eb0
00084 PKRU: 55555554
00084 Call Trace:
00084  <TASK>
00084  ? local_object_create+0x109/0x640 [obdclass]
00084  ? dt_write_lock+0x16d/0x2a0 [obdclass]
00084  ? llog_osd_create+0x356/0x10d0 [obdclass]
00084  ? llog_create+0x2ed/0x530 [obdclass]
00084  ? llog_cat_new_log+0x6d1/0x2970 [obdclass]
00084  ? llog_cat_add_rec+0x6ba/0x1960 [obdclass]
00084  ? llog_cat_add+0x499/0x7a0 [obdclass]
00084  ? llog_test_10+0x5016/0x5520 [llog_test]
00084  ? llog_test_9_sub+0x800/0x800 [llog_test]
00084  ? llog_run_tests+0x3f45/0x5ac0 [llog_test]
00084  ? get_random_u32+0x51/0x470
00084  ? llog_test_device_init+0x6e8/0xa20 [llog_test]
00084  ? obd_setup+0x54d/0x950 [obdclass]
00084  ? class_setup+0xc7d/0x10e0 [obdclass]
00084  ? class_process_config+0x2edb/0x7cb0 [obdclass]
00084  ? class_handle_ioctl+0x2055/0x3590 [obdclass]
00084  ? obd_class_ioctl+0x1f6/0x3c0 [obdclass]
00084  ? __x64_sys_ioctl+0x961/0xe00
00084  ? _copy_to_user+0x3d/0x60
00084  ? __x64_sys_rt_sigaction+0x107/0x140
00084  ? do_syscall_64+0xc1/0x350
00084  ? entry_SYSCALL_64_after_hwframe+0x4b/0x53
00084  </TASK>
00084 ---[ end trace 0000000000000000 ]---
00084 LustreError: 2164:0:(llog_osd.c:684:llog_osd_write_rec()) cfs_race id 1317 sleeping
00085 LustreError: 2188:0:(llog.c:685:llog_process_thread()) cfs_fail_race id 1317 waking
00085 LustreError: 2164:0:(llog_osd.c:684:llog_osd_write_rec()) cfs_fail_race id 1317 awake: rc=449
00086 LustreError: 2188:0:(llog.c:685:llog_process_thread()) cfs_fail_race id 1317 waking
00086 Lustre: 2188:0:(llog_test.c:1534:cat_check_old_cb()) seeing record at index 3 - [0x1:0x1e:0x0] in log [0xa:0x5:0x0]
00088 ------------[ cut here ]------------
00088 WARNING: /home/ktest/git/linux/include/linux/fs.h:889 at osd_create+0x9cf/0xcf0 [osd_wbcfs], CPU#1: lctl/2164
00088 Modules linked in: llog_test(O) mgs(O) osd_wbcfs(O) lustre(O) obdecho(O) mgc(O) mdc(O) lov(O) osc(O) lmv(O) ec(O) fid(O) fld(O) ptlrpc(O) efivarfs obdclass(O) ksocklnd(O) lnet(O) libcfs(O)
00088 CPU: 1 UID: 0 PID: 2164 Comm: lctl Tainted: G        W  O        7.0.0-ktest-df67fd6-6330a45-20260730-dirty #1 PREEMPT 
00088 Tainted: [W]=WARN, [O]=OOT_MODULE
00088 Hardware name: QEMU Standard PC (Q35 + ICH9, 2009), BIOS 2025.11-3ubuntu7 03/31/2026
00088 RIP: 0010:osd_create+0x9cf/0xcf0 [osd_wbcfs]
00088 Code: c7 c7 e0 a7 7b a1 48 c7 c6 a0 22 7d a1 48 c7 c2 00 2c 7d a1 e8 52 f1 43 ff 48 c7 c7 e0 a7 7b a1 e8 46 81 44 ff e9 fe fc ff ff <0f> 0b e9 a5 fa ff ff 48 c7 c1 80 44 5d a0 80 e1 07 80 c1 03 38 c1
00088 RSP: 0018:ffffc900016a7478 EFLAGS: 00010246
00088 RAX: 0000000000000000 RBX: ffff888014087c00 RCX: 0000000000000046
00088 RDX: 0000000000000000 RSI: ffff888294389100 RDI: ffff88813fdf4b40
00088 RBP: ffff888294389070 R08: ffffffff83a16803 R09: 1ffffffff0742d00
00088 R10: dffffc0000000000 R11: fffffbfff0742d01 R12: ffff88816889a400
00088 R13: dffffc0000000000 R14: 1ffff11002810f80 R15: 1ffff1102d11348f
00088 FS:  00007f15616ae940(0000) GS:ffff88831e4aa000(0000) knlGS:0000000000000000
00088 CS:  0010 DS: 0000 ES: 0000 CR0: 0000000080050033
00088 CR2: 00007fc41de053e8 CR3: 000000013fe77000 CR4: 0000000000750eb0
00088 PKRU: 55555554
00088 Call Trace:
00088  <TASK>
00088  ? local_object_create+0x109/0x640 [obdclass]
00088  ? dt_write_lock+0x16d/0x2a0 [obdclass]
00088  ? llog_osd_create+0x356/0x10d0 [obdclass]
00088  ? llog_create+0x2ed/0x530 [obdclass]
00088  ? llog_cat_new_log+0x6d1/0x2970 [obdclass]
00088  ? llog_cat_add_rec+0x6ba/0x1960 [obdclass]
00088  ? llog_cat_add+0x499/0x7a0 [obdclass]
00088  ? llog_test_10+0x5016/0x5520 [llog_test]
00088  ? llog_test_9_sub+0x800/0x800 [llog_test]
00088  ? llog_run_tests+0x3f45/0x5ac0 [llog_test]
00088  ? get_random_u32+0x51/0x470
00088  ? llog_test_device_init+0x6e8/0xa20 [llog_test]
00088  ? obd_setup+0x54d/0x950 [obdclass]
00088  ? class_setup+0xc7d/0x10e0 [obdclass]
00088  ? class_process_config+0x2edb/0x7cb0 [obdclass]
00088  ? class_handle_ioctl+0x2055/0x3590 [obdclass]
00088  ? obd_class_ioctl+0x1f6/0x3c0 [obdclass]
00088  ? __x64_sys_ioctl+0x961/0xe00
00088  ? _copy_to_user+0x3d/0x60
00088  ? __x64_sys_rt_sigaction+0x107/0x140
00088  ? do_syscall_64+0xc1/0x350
00088  ? entry_SYSCALL_64_after_hwframe+0x4b/0x53
00088  </TASK>
00088 ---[ end trace 0000000000000000 ]---
00088 LustreError: 2164:0:(llog_osd.c:684:llog_osd_write_rec()) cfs_fail_race id 1317 waking
00089 Lustre: 2164:0:(llog_test.c:2134:llog_test_10()) 10h: wrote 64767 records then 0 failed with ENOSPC
00089 Lustre: 2164:0:(llog_test.c:2147:llog_test_10()) 10: put newly-created catalog
00089 Lustre: 2164:0:(llog_test.c:2177:llog_test_11()) 11: create a plain nameless log
00089 ------------[ cut here ]------------
00089 WARNING: /home/ktest/git/linux/include/linux/fs.h:889 at osd_create+0x9cf/0xcf0 [osd_wbcfs], CPU#1: lctl/2164
00089 Modules linked in: llog_test(O) mgs(O) osd_wbcfs(O) lustre(O) obdecho(O) mgc(O) mdc(O) lov(O) osc(O) lmv(O) ec(O) fid(O) fld(O) ptlrpc(O) efivarfs obdclass(O) ksocklnd(O) lnet(O) libcfs(O)
00089 CPU: 1 UID: 0 PID: 2164 Comm: lctl Tainted: G        W  O        7.0.0-ktest-df67fd6-6330a45-20260730-dirty #1 PREEMPT 
00089 Tainted: [W]=WARN, [O]=OOT_MODULE
00089 Hardware name: QEMU Standard PC (Q35 + ICH9, 2009), BIOS 2025.11-3ubuntu7 03/31/2026
00089 RIP: 0010:osd_create+0x9cf/0xcf0 [osd_wbcfs]
00089 Code: c7 c7 e0 a7 7b a1 48 c7 c6 a0 22 7d a1 48 c7 c2 00 2c 7d a1 e8 52 f1 43 ff 48 c7 c7 e0 a7 7b a1 e8 46 81 44 ff e9 fe fc ff ff <0f> 0b e9 a5 fa ff ff 48 c7 c1 80 44 5d a0 80 e1 07 80 c1 03 38 c1
00089 RSP: 0018:ffffc900016a7670 EFLAGS: 00010246
00089 RAX: 0000000000000000 RBX: ffff8881b98e9400 RCX: 0000000000000046
00089 RDX: 0000000000000000 RSI: ffff8882943889e8 RDI: ffff88813fdf4b18
00089 RBP: ffff888294388958 R08: ffffffff83a16803 R09: 1ffffffff0742d00
00089 R10: dffffc0000000000 R11: fffffbfff0742d01 R12: ffff88816889a400
00089 R13: dffffc0000000000 R14: 1ffff1103731d280 R15: 1ffff1102d11348f
00089 FS:  00007f15616ae940(0000) GS:ffff88831e4aa000(0000) knlGS:0000000000000000
00089 CS:  0010 DS: 0000 ES: 0000 CR0: 0000000080050033
00089 CR2: 00007fc41de053e8 CR3: 000000013fe77000 CR4: 0000000000750eb0
00089 PKRU: 55555554
00089 Call Trace:
00089  <TASK>
00089  ? local_object_create+0x109/0x640 [obdclass]
00089  ? dt_write_lock+0x16d/0x2a0 [obdclass]
00089  ? llog_osd_create+0x356/0x10d0 [obdclass]
00089  ? llog_create+0x2ed/0x530 [obdclass]
00089  ? llog_open_create+0x6e7/0xb30 [obdclass]
00089  ? llog_test_11+0x2a4/0x1130 [llog_test]
00089  ? llog_test_9_sub+0x800/0x800 [llog_test]
00089  ? llog_run_tests+0x41b0/0x5ac0 [llog_test]
00089  ? get_random_u32+0x51/0x470
00089  ? llog_test_device_init+0x6e8/0xa20 [llog_test]
00089  ? obd_setup+0x54d/0x950 [obdclass]
00089  ? class_setup+0xc7d/0x10e0 [obdclass]
00089  ? class_process_config+0x2edb/0x7cb0 [obdclass]
00089  ? class_handle_ioctl+0x2055/0x3590 [obdclass]
00089  ? obd_class_ioctl+0x1f6/0x3c0 [obdclass]
00089  ? __x64_sys_ioctl+0x961/0xe00
00089  ? _copy_to_user+0x3d/0x60
00089  ? __x64_sys_rt_sigaction+0x107/0x140
00089  ? do_syscall_64+0xc1/0x350
00089  ? entry_SYSCALL_64_after_hwframe+0x4b/0x53
00089  </TASK>
00089 ---[ end trace 0000000000000000 ]---
00089 Lustre: 2164:0:(llog_test.c:2202:llog_test_11()) 11: size 8216 in 0 blocks after 1 rec
00089 Lustre: 2164:0:(llog_test.c:2204:llog_test_11()) 11: add few records
00089 Lustre: 2164:0:(llog_test.c:2221:llog_test_11()) 11: size 10616 in 0 blocks with few recs
00090 lctl (2164): drop_caches: 3
00090 Lustre: 2164:0:(llog_test.c:2247:llog_test_11()) 11: re-open the log by LOGID and verify llh_count
00090 Lustre: 2164:0:(llog_test.c:2262:llog_test_11()) 11: size 10616 in 0 blocks after re-open
00090 Lustre: 2164:0:(llog_test.c:2352:llog_test_12()) 12: create a catalog log with name: 98369129
00090 ------------[ cut here ]------------
00090 WARNING: /home/ktest/git/linux/include/linux/fs.h:889 at osd_create+0x9cf/0xcf0 [osd_wbcfs], CPU#1: lctl/2164
00090 Modules linked in: llog_test(O) mgs(O) osd_wbcfs(O) lustre(O) obdecho(O) mgc(O) mdc(O) lov(O) osc(O) lmv(O) ec(O) fid(O) fld(O) ptlrpc(O) efivarfs obdclass(O) ksocklnd(O) lnet(O) libcfs(O)
00090 CPU: 1 UID: 0 PID: 2164 Comm: lctl Tainted: G        W  O        7.0.0-ktest-df67fd6-6330a45-20260730-dirty #1 PREEMPT 
00090 Tainted: [W]=WARN, [O]=OOT_MODULE
00090 Hardware name: QEMU Standard PC (Q35 + ICH9, 2009), BIOS 2025.11-3ubuntu7 03/31/2026
00090 RIP: 0010:osd_create+0x9cf/0xcf0 [osd_wbcfs]
00090 Code: c7 c7 e0 a7 7b a1 48 c7 c6 a0 22 7d a1 48 c7 c2 00 2c 7d a1 e8 52 f1 43 ff 48 c7 c7 e0 a7 7b a1 e8 46 81 44 ff e9 fe fc ff ff <0f> 0b e9 a5 fa ff ff 48 c7 c1 80 44 5d a0 80 e1 07 80 c1 03 38 c1
00090 RSP: 0018:ffffc900016a7648 EFLAGS: 00010246
00090 RAX: 0000000000000000 RBX: ffff8881b98ebc00 RCX: 0000000000000046
00090 RDX: 0000000000000000 RSI: ffff8882943882d0 RDI: ffff88813fdf4b18
00090 RBP: ffff888294388240 R08: ffffffff83a16803 R09: 1ffffffff0742d00
00090 R10: dffffc0000000000 R11: fffffbfff0742d01 R12: ffff88816889a400
00090 R13: dffffc0000000000 R14: 1ffff1103731d780 R15: 1ffff1102d11348f
00090 FS:  00007f15616ae940(0000) GS:ffff88831e4aa000(0000) knlGS:0000000000000000
00090 CS:  0010 DS: 0000 ES: 0000 CR0: 0000000080050033
00090 CR2: 00007fc41de053e8 CR3: 000000013fe77000 CR4: 0000000000750eb0
00090 PKRU: 55555554
00090 Call Trace:
00090  <TASK>
00090  ? local_object_create+0x109/0x640 [obdclass]
00090  ? dt_write_lock+0x16d/0x2a0 [obdclass]
00090  ? llog_osd_create+0x356/0x10d0 [obdclass]
00090  ? llog_create+0x2ed/0x530 [obdclass]
00090  ? llog_open_create+0x6e7/0xb30 [obdclass]
00090  ? llog_test_12+0x402/0x2d90 [llog_test]
00090  ? llog_test_11+0xc14/0x1130 [llog_test]
00090  ? llog_run_tests+0x4434/0x5ac0 [llog_test]
00090  ? get_random_u32+0x51/0x470
00090  ? llog_test_device_init+0x6e8/0xa20 [llog_test]
00090  ? obd_setup+0x54d/0x950 [obdclass]
00090  ? class_setup+0xc7d/0x10e0 [obdclass]
00090  ? class_process_config+0x2edb/0x7cb0 [obdclass]
00090  ? class_handle_ioctl+0x2055/0x3590 [obdclass]
00090  ? obd_class_ioctl+0x1f6/0x3c0 [obdclass]
00090  ? __x64_sys_ioctl+0x961/0xe00
00090  ? _copy_to_user+0x3d/0x60
00090  ? __x64_sys_rt_sigaction+0x107/0x140
00090  ? do_syscall_64+0xc1/0x350
00090  ? entry_SYSCALL_64_after_hwframe+0x4b/0x53
00090  </TASK>
00090 ---[ end trace 0000000000000000 ]---
00090 ------------[ cut here ]------------
00090 WARNING: /home/ktest/git/linux/include/linux/fs.h:889 at osd_create+0x9cf/0xcf0 [osd_wbcfs], CPU#1: lctl/2164
00090 Modules linked in: llog_test(O) mgs(O) osd_wbcfs(O) lustre(O) obdecho(O) mgc(O) mdc(O) lov(O) osc(O) lmv(O) ec(O) fid(O) fld(O) ptlrpc(O) efivarfs obdclass(O) ksocklnd(O) lnet(O) libcfs(O)
00090 CPU: 1 UID: 0 PID: 2164 Comm: lctl Tainted: G        W  O        7.0.0-ktest-df67fd6-6330a45-20260730-dirty #1 PREEMPT 
00090 Tainted: [W]=WARN, [O]=OOT_MODULE
00090 Hardware name: QEMU Standard PC (Q35 + ICH9, 2009), BIOS 2025.11-3ubuntu7 03/31/2026
00090 RIP: 0010:osd_create+0x9cf/0xcf0 [osd_wbcfs]
00090 Code: c7 c7 e0 a7 7b a1 48 c7 c6 a0 22 7d a1 48 c7 c2 00 2c 7d a1 e8 52 f1 43 ff 48 c7 c7 e0 a7 7b a1 e8 46 81 44 ff e9 fe fc ff ff <0f> 0b e9 a5 fa ff ff 48 c7 c1 80 44 5d a0 80 e1 07 80 c1 03 38 c1
00090 RSP: 0018:ffffc900016a74f8 EFLAGS: 00010246
00090 RAX: 0000000000000000 RBX: ffff8881b98eb400 RCX: 0000000000000046
00090 RDX: 0000000000000000 RSI: ffff88813a11fb68 RDI: ffff88813fdf4b40
00090 RBP: ffff88813a11fad8 R08: ffffffff83a16803 R09: 1ffffffff0742d00
00090 R10: dffffc0000000000 R11: fffffbfff0742d01 R12: ffff88816889a400
00090 R13: dffffc0000000000 R14: 1ffff1103731d680 R15: 1ffff1102d11348f
00090 FS:  00007f15616ae940(0000) GS:ffff88831e4aa000(0000) knlGS:0000000000000000
00090 CS:  0010 DS: 0000 ES: 0000 CR0: 0000000080050033
00090 CR2: 00007fc41de053e8 CR3: 000000013fe77000 CR4: 0000000000750eb0
00090 PKRU: 55555554
00090 Call Trace:
00090  <TASK>
00090  ? local_object_create+0x109/0x640 [obdclass]
00090  ? dt_write_lock+0x16d/0x2a0 [obdclass]
00090  ? llog_osd_create+0x356/0x10d0 [obdclass]
00090  ? llog_create+0x2ed/0x530 [obdclass]
00090  ? llog_cat_new_log+0x6d1/0x2970 [obdclass]
00090  ? llog_cat_add_rec+0x6ba/0x1960 [obdclass]
00090  ? llog_cat_add+0x499/0x7a0 [obdclass]
00090  ? llog_test_12+0x683/0x2d90 [llog_test]
00090  ? llog_test_11+0xc14/0x1130 [llog_test]
00090  ? llog_run_tests+0x4434/0x5ac0 [llog_test]
00090  ? get_random_u32+0x51/0x470
00090  ? llog_test_device_init+0x6e8/0xa20 [llog_test]
00090  ? obd_setup+0x54d/0x950 [obdclass]
00090  ? class_setup+0xc7d/0x10e0 [obdclass]
00090  ? class_process_config+0x2edb/0x7cb0 [obdclass]
00090  ? class_handle_ioctl+0x2055/0x3590 [obdclass]
00090  ? obd_class_ioctl+0x1f6/0x3c0 [obdclass]
00090  ? __x64_sys_ioctl+0x961/0xe00
00090  ? _copy_to_user+0x3d/0x60
00090  ? __x64_sys_rt_sigaction+0x107/0x140
00090  ? do_syscall_64+0xc1/0x350
00090  ? entry_SYSCALL_64_after_hwframe+0x4b/0x53
00090  </TASK>
00090 ---[ end trace 0000000000000000 ]---
00090 Lustre: 12: truncate 24 bytes
00090 Lustre: 12: re-open and process the catalog
00090 LustreError: 2164:0:(llog_osd.c:1247:llog_osd_next_block()) MGS0000-osd: invalid llog tail at log id [0xa:0x6:0x0] offset 8232 last_rec idx 8704 tail idx 275010875 lrt len 1 read_size 40
00090 LustreError: 2164:0:(llog.c:881:llog_process_thread()) MGS: local llog is corrupted [0xa:0x6:0x0] catalog index 1 count 2
00090 Lustre: 12: try to add to the catalog
00090 ------------[ cut here ]------------
00090 WARNING: /home/ktest/git/linux/include/linux/fs.h:889 at osd_create+0x9cf/0xcf0 [osd_wbcfs], CPU#1: lctl/2164
00090 Modules linked in: llog_test(O) mgs(O) osd_wbcfs(O) lustre(O) obdecho(O) mgc(O) mdc(O) lov(O) osc(O) lmv(O) ec(O) fid(O) fld(O) ptlrpc(O) efivarfs obdclass(O) ksocklnd(O) lnet(O) libcfs(O)
00090 CPU: 1 UID: 0 PID: 2164 Comm: lctl Tainted: G        W  O        7.0.0-ktest-df67fd6-6330a45-20260730-dirty #1 PREEMPT 
00090 Tainted: [W]=WARN, [O]=OOT_MODULE
00090 Hardware name: QEMU Standard PC (Q35 + ICH9, 2009), BIOS 2025.11-3ubuntu7 03/31/2026
00090 RIP: 0010:osd_create+0x9cf/0xcf0 [osd_wbcfs]
00090 Code: c7 c7 e0 a7 7b a1 48 c7 c6 a0 22 7d a1 48 c7 c2 00 2c 7d a1 e8 52 f1 43 ff 48 c7 c7 e0 a7 7b a1 e8 46 81 44 ff e9 fe fc ff ff <0f> 0b e9 a5 fa ff ff 48 c7 c1 80 44 5d a0 80 e1 07 80 c1 03 38 c1
00090 RSP: 0018:ffffc900016a74f8 EFLAGS: 00010246
00090 RAX: 0000000000000000 RBX: ffff88813c379400 RCX: 0000000000000046
00090 RDX: 0000000000000000 RSI: ffff88813a11f450 RDI: ffff88813fdf4b40
00090 RBP: ffff88813a11f3c0 R08: ffffffff83a16803 R09: 1ffffffff0742d00
00090 R10: dffffc0000000000 R11: fffffbfff0742d01 R12: ffff88816889a400
00090 R13: dffffc0000000000 R14: 1ffff1102786f280 R15: 1ffff1102d11348f
00090 FS:  00007f15616ae940(0000) GS:ffff88831e4aa000(0000) knlGS:0000000000000000
00090 CS:  0010 DS: 0000 ES: 0000 CR0: 0000000080050033
00090 CR2: 00007fc41de053e8 CR3: 000000013fe77000 CR4: 0000000000750eb0
00090 PKRU: 55555554
00090 Call Trace:
00090  <TASK>
00090  ? local_object_create+0x109/0x640 [obdclass]
00090  ? dt_write_lock+0x16d/0x2a0 [obdclass]
00090  ? llog_osd_create+0x356/0x10d0 [obdclass]
00090  ? llog_create+0x2ed/0x530 [obdclass]
00090  ? llog_cat_new_log+0x6d1/0x2970 [obdclass]
00090  ? llog_cat_add_rec+0x6ba/0x1960 [obdclass]
00090  ? llog_cat_add+0x499/0x7a0 [obdclass]
00090  ? llog_test_12+0x1471/0x2d90 [llog_test]
00090  ? llog_run_tests+0x4434/0x5ac0 [llog_test]
00090  ? get_random_u32+0x51/0x470
00090  ? llog_test_device_init+0x6e8/0xa20 [llog_test]
00090  ? obd_setup+0x54d/0x950 [obdclass]
00090  ? class_setup+0xc7d/0x10e0 [obdclass]
00090  ? class_process_config+0x2edb/0x7cb0 [obdclass]
00090  ? class_handle_ioctl+0x2055/0x3590 [obdclass]
00090  ? obd_class_ioctl+0x1f6/0x3c0 [obdclass]
00090  ? __x64_sys_ioctl+0x961/0xe00
00090  ? _copy_to_user+0x3d/0x60
00090  ? __x64_sys_rt_sigaction+0x107/0x140
00090  ? do_syscall_64+0xc1/0x350
00090  ? entry_SYSCALL_64_after_hwframe+0x4b/0x53
00090  </TASK>
00090 ---[ end trace 0000000000000000 ]---
00090 LustreError: 2164:0:(llog_osd.c:1230:llog_osd_next_block()) MGS0000-osd: invalid llog tail at log id [0x6:0xa:0x0]:0 offset 8297 tail idx 603979776 lrt len 1074261 read_size 105
00090 ------------[ cut here ]------------
00090 WARNING: /home/ktest/git/linux/include/linux/fs.h:889 at osd_create+0x9cf/0xcf0 [osd_wbcfs], CPU#1: lctl/2164
00090 Modules linked in: llog_test(O) mgs(O) osd_wbcfs(O) lustre(O) obdecho(O) mgc(O) mdc(O) lov(O) osc(O) lmv(O) ec(O) fid(O) fld(O) ptlrpc(O) efivarfs obdclass(O) ksocklnd(O) lnet(O) libcfs(O)
00090 CPU: 1 UID: 0 PID: 2164 Comm: lctl Tainted: G        W  O        7.0.0-ktest-df67fd6-6330a45-20260730-dirty #1 PREEMPT 
00090 Tainted: [W]=WARN, [O]=OOT_MODULE
00090 Hardware name: QEMU Standard PC (Q35 + ICH9, 2009), BIOS 2025.11-3ubuntu7 03/31/2026
00090 RIP: 0010:osd_create+0x9cf/0xcf0 [osd_wbcfs]
00090 Code: c7 c7 e0 a7 7b a1 48 c7 c6 a0 22 7d a1 48 c7 c2 00 2c 7d a1 e8 52 f1 43 ff 48 c7 c7 e0 a7 7b a1 e8 46 81 44 ff e9 fe fc ff ff <0f> 0b e9 a5 fa ff ff 48 c7 c1 80 44 5d a0 80 e1 07 80 c1 03 38 c1
00090 RSP: 0018:ffffc900016a74f8 EFLAGS: 00010246
00090 RAX: 0000000000000000 RBX: ffff888177a88000 RCX: 0000000000000046
00090 RDX: 0000000000000000 RSI: ffff88813a11ed38 RDI: ffff88813fdf4b40
00090 RBP: ffff88813a11eca8 R08: ffffffff83a16803 R09: 1ffffffff0742d00
00090 R10: dffffc0000000000 R11: fffffbfff0742d01 R12: ffff88816889a400
00090 R13: dffffc0000000000 R14: 1ffff1102ef51000 R15: 1ffff1102d11348f
00090 FS:  00007f15616ae940(0000) GS:ffff88831e4aa000(0000) knlGS:0000000000000000
00090 CS:  0010 DS: 0000 ES: 0000 CR0: 0000000080050033
00090 CR2: 00007fc41de053e8 CR3: 000000013fe77000 CR4: 0000000000750eb0
00090 PKRU: 55555554
00090 Call Trace:
00090  <TASK>
00090  ? local_object_create+0x109/0x640 [obdclass]
00090  ? dt_write_lock+0x16d/0x2a0 [obdclass]
00090  ? llog_osd_create+0x356/0x10d0 [obdclass]
00090  ? llog_create+0x2ed/0x530 [obdclass]
00090  ? llog_cat_new_log+0x6d1/0x2970 [obdclass]
00090  ? llog_cat_add_rec+0x6ba/0x1960 [obdclass]
00090  ? llog_cat_add+0x499/0x7a0 [obdclass]
00090  ? llog_test_12+0x1471/0x2d90 [llog_test]
00090  ? llog_run_tests+0x4434/0x5ac0 [llog_test]
00090  ? get_random_u32+0x51/0x470
00090  ? llog_test_device_init+0x6e8/0xa20 [llog_test]
00090  ? obd_setup+0x54d/0x950 [obdclass]
00090  ? class_setup+0xc7d/0x10e0 [obdclass]
00090  ? class_process_config+0x2edb/0x7cb0 [obdclass]
00090  ? class_handle_ioctl+0x2055/0x3590 [obdclass]
00090  ? obd_class_ioctl+0x1f6/0x3c0 [obdclass]
00090  ? __x64_sys_ioctl+0x961/0xe00
00090  ? _copy_to_user+0x3d/0x60
00090  ? __x64_sys_rt_sigaction+0x107/0x140
00090  ? do_syscall_64+0xc1/0x350
00090  ? entry_SYSCALL_64_after_hwframe+0x4b/0x53
00090  </TASK>
00090 ---[ end trace 0000000000000000 ]---
00090 ==================================================================
00090 BUG: KASAN: slab-out-of-bounds in llog_osd_next_block+0x1368/0x3080 [obdclass]
00090 Read of size 4 at addr ffff888193f83036 by task lctl/2164
00090 
00090 CPU: 1 UID: 0 PID: 2164 Comm: lctl Tainted: G        W  O        7.0.0-ktest-df67fd6-6330a45-20260730-dirty #1 PREEMPT 
00090 Tainted: [W]=WARN, [O]=OOT_MODULE
00090 Hardware name: QEMU Standard PC (Q35 + ICH9, 2009), BIOS 2025.11-3ubuntu7 03/31/2026
00090 Call Trace:
00090  <TASK>
00090  dump_stack_lvl+0x52/0x80
00090  print_report+0xbc/0x260
00090  ? llog_osd_next_block+0x1368/0x3080 [obdclass]
00090  kasan_report+0xa2/0xd0
00090  ? llog_osd_next_block+0x1368/0x3080 [obdclass]
00090  llog_osd_next_block+0x1368/0x3080 [obdclass]
00090  llog_process_thread+0xdd7/0x4f70 [obdclass]
00090  ? entry_SYSCALL_64_after_hwframe+0x4b/0x53
00090  ? task_work_add+0x177/0x210
00090  llog_process_or_fork+0x656/0xc90 [obdclass]
00090  ? llog_cat_process+0x30/0x30 [obdclass]
00090  llog_cat_process_or_fork+0x780/0xdb0 [obdclass]
00090  ? llog_cat_process+0x30/0x30 [obdclass]
00090  ? llog_cancel_rec_cb+0x450/0x450 [llog_test]
00090  llog_cat_process+0x24/0x30 [obdclass]
00090  llog_test_12+0x13ee/0x2d90 [llog_test]
00090  llog_run_tests+0x4434/0x5ac0 [llog_test]
00090  ? get_random_u32+0x51/0x470
00090  llog_test_device_init+0x6e8/0xa20 [llog_test]
00090  obd_setup+0x54d/0x950 [obdclass]
00090  class_setup+0xc7d/0x10e0 [obdclass]
00090  class_process_config+0x2edb/0x7cb0 [obdclass]
00090  class_handle_ioctl+0x2055/0x3590 [obdclass]
00090  obd_class_ioctl+0x1f6/0x3c0 [obdclass]
00090  __x64_sys_ioctl+0x961/0xe00
00090  ? _copy_to_user+0x3d/0x60
00090  ? __x64_sys_rt_sigaction+0x107/0x140
00090  do_syscall_64+0xc1/0x350
00090  entry_SYSCALL_64_after_hwframe+0x4b/0x53
00090 RIP: 0033:0x7f1561524e1d
00090 Code: 04 25 28 00 00 00 48 89 45 c8 31 c0 48 8d 45 10 c7 45 b0 10 00 00 00 48 89 45 b8 48 8d 45 d0 48 89 45 c0 b8 10 00 00 00 0f 05 <89> c2 3d 00 f0 ff ff 77 1a 48 8b 45 c8 64 48 2b 04 25 28 00 00 00
00090 RSP: 002b:00007fffb3c154a0 EFLAGS: 00000246 ORIG_RAX: 0000000000000010
00090 RAX: ffffffffffffffda RBX: 00007f156182e1f0 RCX: 00007f1561524e1d
00090 RDX: 00007fffb3c15780 RSI: 00000000c00866b8 RDI: 0000000000000003
00090 RBP: 00007fffb3c154f0 R08: 00007fffb3c15540 R09: 00007fffb3c15780
00090 R10: 000055fffced5930 R11: 0000000000000246 R12: 00007fffb3c15780
00090 R13: 000055ffcb66d822 R14: 0000000000000000 R15: 00007fffb3c17800
00090  </TASK>
00090 
00090 The buggy address belongs to the object at ffff888193f80000
00090  which belongs to the cache kmalloc-8k of size 8192
00090 The buggy address is located 4150 bytes to the right of
00090  allocated 8192-byte region [ffff888193f80000, ffff888193f82000)
00090 
00090 The buggy address belongs to the physical page:
00090 page: refcount:0 mapcount:0 mapping:0000000000000000 index:0x0 pfn:0x193f80
00090 head: order:3 mapcount:0 entire_mapcount:0 nr_pages_mapped:0 pincount:0
00090 flags: 0x8000000000000040(head|zone=2)
00090 page_type: f5(slab)
00090 raw: 8000000000000040 ffff888100042e00 dead000000000122 0000000000000000
00090 raw: 0000000000000000 0000400000020002 00000000f5000000 ffff888193f82010
00090 head: 8000000000000040 ffff888100042e00 dead000000000122 0000000000000000
00090 head: 0000000000000000 0000400000020002 00000000f5000000 ffff888193f82010
00090 head: 8000000000000003 ffffea00064fe001 00000000ffffffff 00000000ffffffff
00090 head: ffffffffffffffff 0000000000000000 00000000ffffffff 0000000000000008
00090 page dumped because: kasan: bad access detected
00090 
00090 Memory state around the buggy address:
00090  ffff888193f82f00: fc fc fc fc fc fc fc fc fc fc fc fc fc fc fc fc
00090  ffff888193f82f80: fc fc fc fc fc fc fc fc fc fc fc fc fc fc fc fc
00090 >ffff888193f83000: fc fc fc fc fc fc fc fc fc fc fc fc fc fc fc fc
00090                                      ^
00090  ffff888193f83080: fc fc fc fc fc fc fc fc fc fc fc fc fc fc fc fc
00090  ffff888193f83100: fc fc fc fc fc fc fc fc fc fc fc fc fc fc fc fc
00090 ==================================================================
00090 Disabling lock debugging due to kernel taint
00090 Lustre: 2164:0:(llog_test.c:2461:llog_test_12()) 12: put newly-created catalog
00090 Lustre: 2164:0:(llog_test.c:2529:llog_test_13()) 13a: create a catalog log with name: 98369129
00090 Lustre: 2164:0:(llog_test.c:2545:llog_test_13()) 13b: write 1 record into the catalog
00090 LustreError: 2164:0:(llog_test.c:2556:llog_test_13()) 13b: found 8 plain llogs
00090 Lustre: 2164:0:(llog_test.c:2558:llog_test_13()) 13c: erase plain llog
00090 LustreError: 2164:0:(llog_cat.c:399:llog_cat_id2handle()) MGS: error opening log id [0x1:0x4f:0x0]: rc = -2
00090 Lustre: 2164:0:(llog_test.c:2578:llog_test_13()) 13d: forward process: found=1708 rc=0
00090 Lustre: 2164:0:(llog_test.c:2582:llog_test_13()) 13e: erase another plain llog
00090 Lustre: 2164:0:(llog_test.c:2602:llog_test_13()) 13e: backward process: found=1367 rc=0
00090 Lustre: 2164:0:(llog_test.c:2605:llog_test_13()) 13f: put newly-created catalog
00095 ========= FAILED TIMEOUT llog-unit in 240s
Error 1 at /home/ktest/ktest/lib/libktest.sh 587 from: "$ktest_dir/lib/supervisor" -S -F -T "$ktest_timeout" -b "$test_basename" -o "$test_logdir" -f "$test_basename.$(date -Iseconds).log" -- "${qemu_cmd[@]}", exiting
Error 1 at ./qlkbuild 187 from: "$ktest_dir/lib/supervisor" -S -F -T "$ktest_timeout" -b "$test_basename" -o "$test_logdir" -f "$test_basename.$(date -Iseconds).log" -- "${qemu_cmd[@]}", exiting
Error 1 at ./qlkbuild 1202 from: "$ktest_dir/lib/supervisor" -S -F -T "$ktest_timeout" -b "$test_basename" -o "$test_logdir" -f "$test_basename.$(date -Iseconds).log" -- "${qemu_cmd[@]}", exiting
