CLI: ./podman-ktest --podman-socket unix:///run/podman/podman.sock --shared-filesystem /tmp --tarball-input job lustre-ci --output /var/www/ci-lustre/upstream-patch-review --git-hash e023ae733dbc7881e6b6f46a11c5ec83471c915c --change-id 66095_e023ae733dbc7881e6b6f46a11c5ec83471c915c --subject LU-17761 tests: fix sanity-compr/1000 ratio/repeats

Environment validated successfully
Note: custom LLVM is not synced in tarball input mode
Creating kernel tarball at /tmp/ktest-kernel.tar.gz...
Creating lustre tarball at /tmp/ktest-lustre.tar.gz...
Creating ZFS tarball at /tmp/ktest-zfs.tar.gz...
Executing 14 jobs
Jobs will start as soon as their dependencies are satisfied
Using tarball input mode

START u24:u24 build tests/fs/lustre/boot.ktest
START ml:lustre_mainline build tests/fs/lustre/boot.ktest
START checkpatch:checkpatch tool checkpatch
START al2023:al2023 build tests/fs/lustre/boot.ktest
START ml-strict:lustre_mainline build tests/fs/lustre/boot-strict.ktest
START ml-miscvm:lustre_mainline_native build tests/fs/lustre/boot.ktest
PUT /tmp/ktest-lustre.tar.gz 1s
PUT /tmp/ktest-lustre.tar.gz 1s
PUT /tmp/ktest-kernel.tar.gz 9s
PUT /tmp/ktest-kernel.tar.gz 9s
PUT /tmp/ktest-kernel.tar.gz 9s
PUT /tmp/ktest-kernel.tar.gz 9s
PUT /tmp/ktest-lustre.tar.gz 5s
PUT /tmp/ktest-lustre.tar.gz 5s
PUT /tmp/ktest-lustre.tar.gz 5s
PUT /tmp/ktest-lustre.tar.gz 5s
PUT /tmp/ktest-zfs.tar.gz 1s
PUT /tmp/ktest-zfs.tar.gz 1s
PUT /tmp/ktest-zfs.tar.gz 1s
END checkpatch:checkpatch tool checkpatch PASS 17s
END al2023:al2023 build tests/fs/lustre/boot.ktest PASS 62s
END u24:u24 build tests/fs/lustre/boot.ktest PASS 62s
GET /tmp/ktest_ml-strict:lustre_mainline_9qrynaya.tar 6s
END ml-strict:lustre_mainline build tests/fs/lustre/boot-strict.ktest FAIL 190s (exit code: 1)
GET /tmp/ktest_ml:lustre_mainline_tlemy1ty.tar 0s
GET /tmp/ktest_ml-miscvm:lustre_mainline_native_emtbbk_i.tar 0s
END ml:lustre_mainline build tests/fs/lustre/boot.ktest PASS 202s
END ml-miscvm:lustre_mainline_native build tests/fs/lustre/boot.ktest PASS 203s
START ml-miscvm:boot run tests/fs/lustre/boot.ktest
START ml-miscvm:llmount run tests/fs/lustre/llmount.ktest
START ml-miscvm:llog-unit run tests/fs/lustre/llog-unit.ktest
START ml-miscvm:mgs-setup run tests/fs/lustre/mgs-setup.ktest
START ml-miscvm:sanity-1 run tests/fs/lustre/sanity/sanity-1.ktest
START ml-miscvm:sanity-2 run tests/fs/lustre/sanity/sanity-2.ktest
START ml-miscvm:sanity-3 run tests/fs/lustre/sanity/sanity-3.ktest
START ml-miscvm:sanity-4 run tests/fs/lustre/sanity/sanity-4.ktest
PUT /tmp/ktest-kernel.tar.gz 27s
PUT /tmp/ktest-kernel.tar.gz 27s
PUT /tmp/ktest-kernel.tar.gz 27s
PUT /tmp/ktest-kernel.tar.gz 27s
PUT /tmp/ktest-kernel.tar.gz 27s
PUT /tmp/ktest-kernel.tar.gz 28s
PUT /tmp/ktest-kernel.tar.gz 28s
PUT /tmp/ktest-kernel.tar.gz 28s
PUT /tmp/ktest-lustre.tar.gz 10s
PUT /tmp/ktest-lustre.tar.gz 9s
PUT /tmp/ktest-lustre.tar.gz 9s
PUT /tmp/ktest-lustre.tar.gz 9s
PUT /tmp/ktest-lustre.tar.gz 9s
PUT /tmp/ktest-lustre.tar.gz 9s
PUT /tmp/ktest-lustre.tar.gz 10s
PUT /tmp/ktest-lustre.tar.gz 10s
PUT /tmp/ktest_ml-miscvm:lustre_mainline_native_emtbbk_i.tar 0s
PUT /tmp/ktest_ml-miscvm:lustre_mainline_native_emtbbk_i.tar 1s
PUT /tmp/ktest_ml-miscvm:lustre_mainline_native_emtbbk_i.tar 1s
PUT /tmp/ktest_ml-miscvm:lustre_mainline_native_emtbbk_i.tar 1s
PUT /tmp/ktest_ml-miscvm:lustre_mainline_native_emtbbk_i.tar 1s
PUT /tmp/ktest_ml-miscvm:lustre_mainline_native_emtbbk_i.tar 1s
PUT /tmp/ktest_ml-miscvm:lustre_mainline_native_emtbbk_i.tar 1s
PUT /tmp/ktest_ml-miscvm:lustre_mainline_native_emtbbk_i.tar 1s
END ml-miscvm:boot run tests/fs/lustre/boot.ktest PASS 76s
END ml-miscvm:mgs-setup run tests/fs/lustre/mgs-setup.ktest PASS 86s
END ml-miscvm:sanity-4 run tests/fs/lustre/sanity/sanity-4.ktest PASS 105s
END ml-miscvm:sanity-2 run tests/fs/lustre/sanity/sanity-2.ktest PASS 108s
END ml-miscvm:sanity-3 run tests/fs/lustre/sanity/sanity-3.ktest PASS 114s
END ml-miscvm:sanity-1 run tests/fs/lustre/sanity/sanity-1.ktest PASS 124s
END ml-miscvm:llmount run tests/fs/lustre/llmount.ktest PASS 138s
END ml-miscvm:llog-unit run tests/fs/lustre/llog-unit.ktest FAIL 183s (exit code: 1)

============================================================
Final Results:
  checkpatch:checkpatch: PASS (17s) (log: /var/www/ci-lustre/upstream-patch-review/e023ae733dbc7881e6b6f46a11c5ec83471c915c_checkpatch:checkpatch.log)
  u24:u24: PASS (62s) (log: /var/www/ci-lustre/upstream-patch-review/e023ae733dbc7881e6b6f46a11c5ec83471c915c_u24:u24.log)
  al2023:al2023: PASS (62s) (log: /var/www/ci-lustre/upstream-patch-review/e023ae733dbc7881e6b6f46a11c5ec83471c915c_al2023:al2023.log)
  ml-strict:lustre_mainline: FAIL (190s) (log: /var/www/ci-lustre/upstream-patch-review/e023ae733dbc7881e6b6f46a11c5ec83471c915c_ml-strict:lustre_mainline.log)
  ml:lustre_mainline: PASS (202s) (log: /var/www/ci-lustre/upstream-patch-review/e023ae733dbc7881e6b6f46a11c5ec83471c915c_ml:lustre_mainline.log)
  ml-miscvm:lustre_mainline_native: PASS (203s) (log: /var/www/ci-lustre/upstream-patch-review/e023ae733dbc7881e6b6f46a11c5ec83471c915c_ml-miscvm:lustre_mainline_native.log)
  ml-miscvm:boot: PASS (76s) (log: /var/www/ci-lustre/upstream-patch-review/e023ae733dbc7881e6b6f46a11c5ec83471c915c_ml-miscvm:boot.log)
  ml-miscvm:llmount: PASS (138s) (log: /var/www/ci-lustre/upstream-patch-review/e023ae733dbc7881e6b6f46a11c5ec83471c915c_ml-miscvm:llmount.log)
  ml-miscvm:llog-unit: FAIL (183s) (log: /var/www/ci-lustre/upstream-patch-review/e023ae733dbc7881e6b6f46a11c5ec83471c915c_ml-miscvm:llog-unit.log)
  ml-miscvm:mgs-setup: PASS (86s) (log: /var/www/ci-lustre/upstream-patch-review/e023ae733dbc7881e6b6f46a11c5ec83471c915c_ml-miscvm:mgs-setup.log)
  ml-miscvm:sanity-1: PASS (124s) (log: /var/www/ci-lustre/upstream-patch-review/e023ae733dbc7881e6b6f46a11c5ec83471c915c_ml-miscvm:sanity-1.log)
  ml-miscvm:sanity-2: PASS (108s) (log: /var/www/ci-lustre/upstream-patch-review/e023ae733dbc7881e6b6f46a11c5ec83471c915c_ml-miscvm:sanity-2.log)
  ml-miscvm:sanity-3: PASS (114s) (log: /var/www/ci-lustre/upstream-patch-review/e023ae733dbc7881e6b6f46a11c5ec83471c915c_ml-miscvm:sanity-3.log)
  ml-miscvm:sanity-4: PASS (105s) (log: /var/www/ci-lustre/upstream-patch-review/e023ae733dbc7881e6b6f46a11c5ec83471c915c_ml-miscvm:sanity-4.log)

Total execution time: 417s
