WARNING:PREFER_FALLTHROUGH: Prefer 'fallthrough;' over fallthrough comment
#346: FILE: lustre/obdclass/kernelcomm.c:408:
+						/* fallthrough */

WARNING:BRACES: braces {} are not necessary for any arm of this statement
#422: FILE: lustre/obdclass/kernelcomm.c:455:
+		if (len < 0) {
[...]
+		} else {
[...]

WARNING:ALLOC_WITH_SIZEOF: Prefer kzalloc_obj over kzalloc with sizeof
#543: FILE: lustre/obdclass/kernelcomm.c:575:
+	ltl = kzalloc(sizeof(*ltl), GFP_ATOMIC);

WARNING:BRACES: braces {} are not necessary for single statement blocks
#544: FILE: lustre/obdclass/kernelcomm.c:576:
+	if (!ltl) {
+		return -ENOMEM;
+	}

ERROR:SPACING: spaces required around that '=' (ctx:WxO)
#621: FILE: lustre/obdclass/kernelcomm.c:653:
+			len =+ 48;
 			    ^

ERROR:SPACING: need consistent spacing around '+' (ctx:OxW)
#621: FILE: lustre/obdclass/kernelcomm.c:653:
+			len =+ 48;
 			     ^

total: 2 errors, 4 warnings, 704 lines checked

NOTE: For some of the reported defects, checkpatch may be able to
      mechanically convert to the typical style using --fix or --fix-inplace.

Your patch has style problems, please review.

NOTE: If any of the errors are false positives, please report
      them to the maintainer, see CHECKPATCH in MAINTAINERS.
