CLI: ./pk --podman-socket unix:///run/user/1000/podman/podman.sock --shared-filesystem /tmp --tarball-input job lustre-ci --output /var/www/ci-lustre/upstream-patch-review --git-hash e0a463fb02a67ed41ffab6b55aee2a6d1fc39fb9 --change-id 68418_e0a463fb02a67ed41ffab6b55aee2a6d1fc39fb9 --subject LU-20650 lfs: add find --changelog, the log as source

Environment validated successfully
Note: custom LLVM is not synced in tarball input mode
Creating kernel tarball at /tmp/ktest-kernel.tar.gz...
Creating lustre tarball at /tmp/ktest-lustre.tar.gz...
Creating ZFS tarball at /tmp/ktest-zfs.tar.gz...
Executing 14 jobs
Jobs will start as soon as their dependencies are satisfied
Using tarball input mode

START checkpatch:checkpatch tool checkpatch
START al2023:al2023 build tests/fs/lustre/boot.ktest
START ml:lustre_mainline build tests/fs/lustre/boot.ktest
START u24:u24 build tests/fs/lustre/boot.ktest
START ml-strict:lustre_mainline build tests/fs/lustre/boot-strict.ktest
START ml-miscvm:lustre_mainline_native build tests/fs/lustre/boot.ktest
PUT /tmp/ktest-lustre.tar.gz 1s
PUT /tmp/ktest-lustre.tar.gz 1s
PUT /tmp/ktest-kernel.tar.gz 10s
PUT /tmp/ktest-kernel.tar.gz 10s
PUT /tmp/ktest-kernel.tar.gz 10s
PUT /tmp/ktest-kernel.tar.gz 10s
PUT /tmp/ktest-lustre.tar.gz 6s
PUT /tmp/ktest-lustre.tar.gz 6s
PUT /tmp/ktest-lustre.tar.gz 7s
PUT /tmp/ktest-lustre.tar.gz 6s
PUT /tmp/ktest-zfs.tar.gz 1s
PUT /tmp/ktest-zfs.tar.gz 1s
PUT /tmp/ktest-zfs.tar.gz 1s
END checkpatch:checkpatch tool checkpatch PASS 20s
END u24:u24 build tests/fs/lustre/boot.ktest PASS 50s
END al2023:al2023 build tests/fs/lustre/boot.ktest PASS 52s
GET /tmp/ktest_ml-strict:lustre_mainline_biv9_bck.tar 7s
END ml-strict:lustre_mainline build tests/fs/lustre/boot-strict.ktest FAIL 182s (exit code: 1)
GET /tmp/ktest_ml:lustre_mainline_u4jrx0iu.tar 1s
GET /tmp/ktest_ml-miscvm:lustre_mainline_native_yx8yot33.tar 0s
END ml:lustre_mainline build tests/fs/lustre/boot.ktest PASS 184s
END ml-miscvm:lustre_mainline_native build tests/fs/lustre/boot.ktest PASS 185s
START ml-miscvm:boot run tests/fs/lustre/boot.ktest
START ml-miscvm:llmount run tests/fs/lustre/llmount.ktest
START ml-miscvm:llog-unit run tests/fs/lustre/llog-unit.ktest
START ml-miscvm:mgs-setup run tests/fs/lustre/mgs-setup.ktest
START ml-miscvm:sanity-1 run tests/fs/lustre/sanity/sanity-1.ktest
START ml-miscvm:sanity-2 run tests/fs/lustre/sanity/sanity-2.ktest
START ml-miscvm:sanity-3 run tests/fs/lustre/sanity/sanity-3.ktest
START ml-miscvm:sanity-4 run tests/fs/lustre/sanity/sanity-4.ktest
PUT /tmp/ktest-kernel.tar.gz 29s
PUT /tmp/ktest-kernel.tar.gz 29s
PUT /tmp/ktest-kernel.tar.gz 29s
PUT /tmp/ktest-kernel.tar.gz 29s
PUT /tmp/ktest-kernel.tar.gz 30s
PUT /tmp/ktest-kernel.tar.gz 30s
PUT /tmp/ktest-kernel.tar.gz 30s
PUT /tmp/ktest-kernel.tar.gz 30s
PUT /tmp/ktest-lustre.tar.gz 8s
PUT /tmp/ktest-lustre.tar.gz 7s
PUT /tmp/ktest-lustre.tar.gz 8s
PUT /tmp/ktest-lustre.tar.gz 8s
PUT /tmp/ktest-lustre.tar.gz 7s
PUT /tmp/ktest-lustre.tar.gz 8s
PUT /tmp/ktest-lustre.tar.gz 8s
PUT /tmp/ktest-lustre.tar.gz 8s
PUT /tmp/ktest_ml-miscvm:lustre_mainline_native_yx8yot33.tar 0s
PUT /tmp/ktest_ml-miscvm:lustre_mainline_native_yx8yot33.tar 0s
PUT /tmp/ktest_ml-miscvm:lustre_mainline_native_yx8yot33.tar 0s
PUT /tmp/ktest_ml-miscvm:lustre_mainline_native_yx8yot33.tar 0s
PUT /tmp/ktest_ml-miscvm:lustre_mainline_native_yx8yot33.tar 0s
PUT /tmp/ktest_ml-miscvm:lustre_mainline_native_yx8yot33.tar 0s
PUT /tmp/ktest_ml-miscvm:lustre_mainline_native_yx8yot33.tar 0s
PUT /tmp/ktest_ml-miscvm:lustre_mainline_native_yx8yot33.tar 0s
END ml-miscvm:boot run tests/fs/lustre/boot.ktest PASS 52s
END ml-miscvm:mgs-setup run tests/fs/lustre/mgs-setup.ktest PASS 61s
END ml-miscvm:sanity-2 run tests/fs/lustre/sanity/sanity-2.ktest PASS 91s
END ml-miscvm:sanity-1 run tests/fs/lustre/sanity/sanity-1.ktest PASS 92s
END ml-miscvm:llmount run tests/fs/lustre/llmount.ktest PASS 98s
END ml-miscvm:sanity-4 run tests/fs/lustre/sanity/sanity-4.ktest PASS 102s
END ml-miscvm:sanity-3 run tests/fs/lustre/sanity/sanity-3.ktest PASS 103s
END ml-miscvm:llog-unit run tests/fs/lustre/llog-unit.ktest FAIL 138s (exit code: 1)

============================================================
Final Results:
  checkpatch:checkpatch: PASS (20s) (log: /var/www/ci-lustre/upstream-patch-review/e0a463fb02a67ed41ffab6b55aee2a6d1fc39fb9_checkpatch:checkpatch.log)
  u24:u24: PASS (50s) (log: /var/www/ci-lustre/upstream-patch-review/e0a463fb02a67ed41ffab6b55aee2a6d1fc39fb9_u24:u24.log)
  al2023:al2023: PASS (52s) (log: /var/www/ci-lustre/upstream-patch-review/e0a463fb02a67ed41ffab6b55aee2a6d1fc39fb9_al2023:al2023.log)
  ml-strict:lustre_mainline: FAIL (182s) (log: /var/www/ci-lustre/upstream-patch-review/e0a463fb02a67ed41ffab6b55aee2a6d1fc39fb9_ml-strict:lustre_mainline.log)
  ml:lustre_mainline: PASS (184s) (log: /var/www/ci-lustre/upstream-patch-review/e0a463fb02a67ed41ffab6b55aee2a6d1fc39fb9_ml:lustre_mainline.log)
  ml-miscvm:lustre_mainline_native: PASS (185s) (log: /var/www/ci-lustre/upstream-patch-review/e0a463fb02a67ed41ffab6b55aee2a6d1fc39fb9_ml-miscvm:lustre_mainline_native.log)
  ml-miscvm:boot: PASS (52s) (log: /var/www/ci-lustre/upstream-patch-review/e0a463fb02a67ed41ffab6b55aee2a6d1fc39fb9_ml-miscvm:boot.log)
  ml-miscvm:llmount: PASS (98s) (log: /var/www/ci-lustre/upstream-patch-review/e0a463fb02a67ed41ffab6b55aee2a6d1fc39fb9_ml-miscvm:llmount.log)
  ml-miscvm:llog-unit: FAIL (138s) (log: /var/www/ci-lustre/upstream-patch-review/e0a463fb02a67ed41ffab6b55aee2a6d1fc39fb9_ml-miscvm:llog-unit.log)
  ml-miscvm:mgs-setup: PASS (61s) (log: /var/www/ci-lustre/upstream-patch-review/e0a463fb02a67ed41ffab6b55aee2a6d1fc39fb9_ml-miscvm:mgs-setup.log)
  ml-miscvm:sanity-1: PASS (92s) (log: /var/www/ci-lustre/upstream-patch-review/e0a463fb02a67ed41ffab6b55aee2a6d1fc39fb9_ml-miscvm:sanity-1.log)
  ml-miscvm:sanity-2: PASS (91s) (log: /var/www/ci-lustre/upstream-patch-review/e0a463fb02a67ed41ffab6b55aee2a6d1fc39fb9_ml-miscvm:sanity-2.log)
  ml-miscvm:sanity-3: PASS (103s) (log: /var/www/ci-lustre/upstream-patch-review/e0a463fb02a67ed41ffab6b55aee2a6d1fc39fb9_ml-miscvm:sanity-3.log)
  ml-miscvm:sanity-4: PASS (102s) (log: /var/www/ci-lustre/upstream-patch-review/e0a463fb02a67ed41ffab6b55aee2a6d1fc39fb9_ml-miscvm:sanity-4.log)

Total execution time: 354s

Packed 7816 logs from /var/www/ci-lustre/upstream-patch-review into /home/ktest/ktest/local-site/local_data.js
Open /home/ktest/ktest/local-site/index.html in a browser
