CLI: ./pk --podman-socket unix:///run/user/1000/podman/podman.sock --shared-filesystem /tmp --tarball-input job lustre-ci --output /var/www/ci-lustre/upstream-patch-review --git-hash e1cae9a42bcdeb5caf9f1c7bc211b4aed5993dd5 --change-id 68753_e1cae9a42bcdeb5caf9f1c7bc211b4aed5993dd5 --subject LU-20583 llite: stop statahead upon inode invalidation

Environment validated successfully
Note: custom LLVM is not synced in tarball input mode
Creating kernel tarball at /tmp/ktest-kernel.tar.gz...
Creating lustre tarball at /tmp/ktest-lustre.tar.gz...
Creating ZFS tarball at /tmp/ktest-zfs.tar.gz...
Executing 14 jobs
Jobs will start as soon as their dependencies are satisfied
Using tarball input mode

START checkpatch:checkpatch tool checkpatch
START ml-strict:lustre_mainline build tests/fs/lustre/boot-strict.ktest
START ml:lustre_mainline build tests/fs/lustre/boot.ktest
START u24:u24 build tests/fs/lustre/boot.ktest
START al2023:al2023 build tests/fs/lustre/boot.ktest
START ml-miscvm:lustre_mainline_native build tests/fs/lustre/boot.ktest
PUT /tmp/ktest-lustre.tar.gz 1s
PUT /tmp/ktest-lustre.tar.gz 1s
PUT /tmp/ktest-kernel.tar.gz 7s
PUT /tmp/ktest-kernel.tar.gz 7s
PUT /tmp/ktest-kernel.tar.gz 7s
PUT /tmp/ktest-kernel.tar.gz 7s
PUT /tmp/ktest-lustre.tar.gz 3s
PUT /tmp/ktest-lustre.tar.gz 3s
PUT /tmp/ktest-lustre.tar.gz 3s
PUT /tmp/ktest-lustre.tar.gz 2s
PUT /tmp/ktest-zfs.tar.gz 0s
PUT /tmp/ktest-zfs.tar.gz 0s
PUT /tmp/ktest-zfs.tar.gz 0s
END checkpatch:checkpatch tool checkpatch PASS 13s
END u24:u24 build tests/fs/lustre/boot.ktest PASS 41s
END al2023:al2023 build tests/fs/lustre/boot.ktest PASS 46s
GET /tmp/ktest_ml-miscvm:lustre_mainline_native_111rem3f.tar 0s
END ml-miscvm:lustre_mainline_native build tests/fs/lustre/boot.ktest PASS 148s
START ml-miscvm:boot run tests/fs/lustre/boot.ktest
START ml-miscvm:llmount run tests/fs/lustre/llmount.ktest
START ml-miscvm:llog-unit run tests/fs/lustre/llog-unit.ktest
START ml-miscvm:mgs-setup run tests/fs/lustre/mgs-setup.ktest
START ml-miscvm:sanity-1 run tests/fs/lustre/sanity/sanity-1.ktest
START ml-miscvm:sanity-2 run tests/fs/lustre/sanity/sanity-2.ktest
START ml-miscvm:sanity-3 run tests/fs/lustre/sanity/sanity-3.ktest
START ml-miscvm:sanity-4 run tests/fs/lustre/sanity/sanity-4.ktest
GET /tmp/ktest_ml-strict:lustre_mainline_ts1hb_0r.tar 6s
PUT /tmp/ktest-kernel.tar.gz 42s
PUT /tmp/ktest-kernel.tar.gz 42s
PUT /tmp/ktest-kernel.tar.gz 42s
PUT /tmp/ktest-kernel.tar.gz 42s
PUT /tmp/ktest-kernel.tar.gz 42s
PUT /tmp/ktest-kernel.tar.gz 43s
PUT /tmp/ktest-kernel.tar.gz 43s
END ml-strict:lustre_mainline build tests/fs/lustre/boot-strict.ktest FAIL 194s (exit code: 1)
PUT /tmp/ktest-kernel.tar.gz 45s
PUT /tmp/ktest-lustre.tar.gz 15s
PUT /tmp/ktest-lustre.tar.gz 15s
PUT /tmp/ktest_ml-miscvm:lustre_mainline_native_111rem3f.tar 0s
PUT /tmp/ktest-lustre.tar.gz 13s
PUT /tmp/ktest-lustre.tar.gz 16s
PUT /tmp/ktest-lustre.tar.gz 16s
PUT /tmp/ktest-lustre.tar.gz 15s
PUT /tmp/ktest-lustre.tar.gz 15s
PUT /tmp/ktest-lustre.tar.gz 16s
GET /tmp/ktest_ml:lustre_mainline_50hc9zgg.tar 2s
PUT /tmp/ktest_ml-miscvm:lustre_mainline_native_111rem3f.tar 2s
PUT /tmp/ktest_ml-miscvm:lustre_mainline_native_111rem3f.tar 2s
PUT /tmp/ktest_ml-miscvm:lustre_mainline_native_111rem3f.tar 2s
PUT /tmp/ktest_ml-miscvm:lustre_mainline_native_111rem3f.tar 2s
PUT /tmp/ktest_ml-miscvm:lustre_mainline_native_111rem3f.tar 2s
PUT /tmp/ktest_ml-miscvm:lustre_mainline_native_111rem3f.tar 2s
PUT /tmp/ktest_ml-miscvm:lustre_mainline_native_111rem3f.tar 2s
END ml:lustre_mainline build tests/fs/lustre/boot.ktest PASS 212s
END ml-miscvm:boot run tests/fs/lustre/boot.ktest PASS 75s
END ml-miscvm:mgs-setup run tests/fs/lustre/mgs-setup.ktest PASS 85s
END ml-miscvm:sanity-4 run tests/fs/lustre/sanity/sanity-4.ktest PASS 114s
END ml-miscvm:sanity-2 run tests/fs/lustre/sanity/sanity-2.ktest PASS 115s
END ml-miscvm:sanity-1 run tests/fs/lustre/sanity/sanity-1.ktest PASS 117s
END ml-miscvm:sanity-3 run tests/fs/lustre/sanity/sanity-3.ktest PASS 118s
END ml-miscvm:llmount run tests/fs/lustre/llmount.ktest PASS 124s
END ml-miscvm:llog-unit run tests/fs/lustre/llog-unit.ktest FAIL 161s (exit code: 1)

============================================================
Final Results:
  checkpatch:checkpatch: PASS (13s) (log: /var/www/ci-lustre/upstream-patch-review/e1cae9a42bcdeb5caf9f1c7bc211b4aed5993dd5_checkpatch:checkpatch.log)
  u24:u24: PASS (41s) (log: /var/www/ci-lustre/upstream-patch-review/e1cae9a42bcdeb5caf9f1c7bc211b4aed5993dd5_u24:u24.log)
  al2023:al2023: PASS (46s) (log: /var/www/ci-lustre/upstream-patch-review/e1cae9a42bcdeb5caf9f1c7bc211b4aed5993dd5_al2023:al2023.log)
  ml-strict:lustre_mainline: FAIL (194s) (log: /var/www/ci-lustre/upstream-patch-review/e1cae9a42bcdeb5caf9f1c7bc211b4aed5993dd5_ml-strict:lustre_mainline.log)
  ml:lustre_mainline: PASS (212s) (log: /var/www/ci-lustre/upstream-patch-review/e1cae9a42bcdeb5caf9f1c7bc211b4aed5993dd5_ml:lustre_mainline.log)
  ml-miscvm:lustre_mainline_native: PASS (148s) (log: /var/www/ci-lustre/upstream-patch-review/e1cae9a42bcdeb5caf9f1c7bc211b4aed5993dd5_ml-miscvm:lustre_mainline_native.log)
  ml-miscvm:boot: PASS (75s) (log: /var/www/ci-lustre/upstream-patch-review/e1cae9a42bcdeb5caf9f1c7bc211b4aed5993dd5_ml-miscvm:boot.log)
  ml-miscvm:llmount: PASS (124s) (log: /var/www/ci-lustre/upstream-patch-review/e1cae9a42bcdeb5caf9f1c7bc211b4aed5993dd5_ml-miscvm:llmount.log)
  ml-miscvm:llog-unit: FAIL (161s) (log: /var/www/ci-lustre/upstream-patch-review/e1cae9a42bcdeb5caf9f1c7bc211b4aed5993dd5_ml-miscvm:llog-unit.log)
  ml-miscvm:mgs-setup: PASS (85s) (log: /var/www/ci-lustre/upstream-patch-review/e1cae9a42bcdeb5caf9f1c7bc211b4aed5993dd5_ml-miscvm:mgs-setup.log)
  ml-miscvm:sanity-1: PASS (117s) (log: /var/www/ci-lustre/upstream-patch-review/e1cae9a42bcdeb5caf9f1c7bc211b4aed5993dd5_ml-miscvm:sanity-1.log)
  ml-miscvm:sanity-2: PASS (115s) (log: /var/www/ci-lustre/upstream-patch-review/e1cae9a42bcdeb5caf9f1c7bc211b4aed5993dd5_ml-miscvm:sanity-2.log)
  ml-miscvm:sanity-3: PASS (118s) (log: /var/www/ci-lustre/upstream-patch-review/e1cae9a42bcdeb5caf9f1c7bc211b4aed5993dd5_ml-miscvm:sanity-3.log)
  ml-miscvm:sanity-4: PASS (114s) (log: /var/www/ci-lustre/upstream-patch-review/e1cae9a42bcdeb5caf9f1c7bc211b4aed5993dd5_ml-miscvm:sanity-4.log)

Total execution time: 340s

Packed 1015 logs from /var/www/ci-lustre/upstream-patch-review into /home/ktest/ktest/local-site/local_data.js
Open /home/ktest/ktest/local-site/index.html in a browser
