CLI: ./pk --podman-socket unix:///run/podman/podman.sock --shared-filesystem /tmp --tarball-input job lustre-ci --output /var/www/ci-lustre/upstream-patch-review --git-hash e30c52f419c9b0f444169e55eec16df4a799c4bd --change-id 68369_e30c52f419c9b0f444169e55eec16df4a799c4bd --subject LU-10026 llite: set STATX_ATTR_COMPRESSED in ll_iocontrol()

Environment validated successfully
Note: custom LLVM is not synced in tarball input mode
Creating kernel tarball at /tmp/ktest-kernel.tar.gz...
Creating lustre tarball at /tmp/ktest-lustre.tar.gz...
Creating ZFS tarball at /tmp/ktest-zfs.tar.gz...
Executing 14 jobs
Jobs will start as soon as their dependencies are satisfied
Using tarball input mode

START ml-strict:lustre_mainline build tests/fs/lustre/boot-strict.ktest
START al2023:al2023 build tests/fs/lustre/boot.ktest
START ml:lustre_mainline build tests/fs/lustre/boot.ktest
START u24:u24 build tests/fs/lustre/boot.ktest
START checkpatch:checkpatch tool checkpatch
START ml-miscvm:lustre_mainline_native build tests/fs/lustre/boot.ktest
PUT /tmp/ktest-lustre.tar.gz 1s
PUT /tmp/ktest-lustre.tar.gz 1s
PUT /tmp/ktest-kernel.tar.gz 8s
PUT /tmp/ktest-kernel.tar.gz 8s
PUT /tmp/ktest-kernel.tar.gz 8s
PUT /tmp/ktest-kernel.tar.gz 8s
PUT /tmp/ktest-lustre.tar.gz 2s
PUT /tmp/ktest-lustre.tar.gz 1s
PUT /tmp/ktest-lustre.tar.gz 2s
PUT /tmp/ktest-lustre.tar.gz 2s
PUT /tmp/ktest-zfs.tar.gz 0s
PUT /tmp/ktest-zfs.tar.gz 0s
PUT /tmp/ktest-zfs.tar.gz 0s
END checkpatch:checkpatch tool checkpatch PASS 12s
END u24:u24 build tests/fs/lustre/boot.ktest PASS 37s
END al2023:al2023 build tests/fs/lustre/boot.ktest PASS 44s
GET /tmp/ktest_ml-strict:lustre_mainline_5f4e4c6a.tar 5s
GET /tmp/ktest_ml:lustre_mainline_x7gior5k.tar 6s
GET /tmp/ktest_ml-miscvm:lustre_mainline_native_p06xxy51.tar 6s
END ml-strict:lustre_mainline build tests/fs/lustre/boot-strict.ktest FAIL 170s (exit code: 1)
END ml:lustre_mainline build tests/fs/lustre/boot.ktest FAIL 172s (exit code: 1)
END ml-miscvm:lustre_mainline_native build tests/fs/lustre/boot.ktest FAIL 174s (exit code: 1)

============================================================
Final Results:
  checkpatch:checkpatch: PASS (12s) (log: /var/www/ci-lustre/upstream-patch-review/e30c52f419c9b0f444169e55eec16df4a799c4bd_checkpatch:checkpatch.log)
  u24:u24: PASS (37s) (log: /var/www/ci-lustre/upstream-patch-review/e30c52f419c9b0f444169e55eec16df4a799c4bd_u24:u24.log)
  al2023:al2023: PASS (44s) (log: /var/www/ci-lustre/upstream-patch-review/e30c52f419c9b0f444169e55eec16df4a799c4bd_al2023:al2023.log)
  ml-strict:lustre_mainline: FAIL (170s) (log: /var/www/ci-lustre/upstream-patch-review/e30c52f419c9b0f444169e55eec16df4a799c4bd_ml-strict:lustre_mainline.log)
  ml:lustre_mainline: FAIL (172s) (log: /var/www/ci-lustre/upstream-patch-review/e30c52f419c9b0f444169e55eec16df4a799c4bd_ml:lustre_mainline.log)
  ml-miscvm:lustre_mainline_native: FAIL (174s) (log: /var/www/ci-lustre/upstream-patch-review/e30c52f419c9b0f444169e55eec16df4a799c4bd_ml-miscvm:lustre_mainline_native.log)
  ml-miscvm:boot: SKIPPED (due to dependency failure)
  ml-miscvm:llmount: SKIPPED (due to dependency failure)
  ml-miscvm:llog-unit: SKIPPED (due to dependency failure)
  ml-miscvm:mgs-setup: SKIPPED (due to dependency failure)
  ml-miscvm:sanity-1: SKIPPED (due to dependency failure)
  ml-miscvm:sanity-2: SKIPPED (due to dependency failure)
  ml-miscvm:sanity-3: SKIPPED (due to dependency failure)
  ml-miscvm:sanity-4: SKIPPED (due to dependency failure)

Total execution time: 203s

Packed 19039 logs from /var/www/ci-lustre/upstream-patch-review into /home/ktest/ktest/local-site/local_data.js
Open /home/ktest/ktest/local-site/index.html in a browser
