CLI: ./pk --podman-socket unix:///run/user/1000/podman/podman.sock --shared-filesystem /tmp --tarball-input job lustre-ci --output /var/www/ci-lustre/upstream-patch-review --git-hash e40feae2f4a7ba92ee32933ba53ee851968c34a2 --change-id 56384_e40feae2f4a7ba92ee32933ba53ee851968c34a2 --subject LU-14058 tests: clean up sanity.sh MDT name generation

Environment validated successfully
Note: custom LLVM is not synced in tarball input mode
Creating kernel tarball at /tmp/ktest-kernel.tar.gz...
Creating lustre tarball at /tmp/ktest-lustre.tar.gz...
Creating ZFS tarball at /tmp/ktest-zfs.tar.gz...
Executing 14 jobs
Jobs will start as soon as their dependencies are satisfied
Using tarball input mode

START al2023:al2023 build tests/fs/lustre/boot.ktest
START ml-strict:lustre_mainline build tests/fs/lustre/boot-strict.ktest
START ml:lustre_mainline build tests/fs/lustre/boot.ktest
START checkpatch:checkpatch tool checkpatch
START ml-miscvm:lustre_mainline_native build tests/fs/lustre/boot.ktest
START u24:u24 build tests/fs/lustre/boot.ktest
PUT /tmp/ktest-lustre.tar.gz 1s
PUT /tmp/ktest-lustre.tar.gz 1s
PUT /tmp/ktest-kernel.tar.gz 15s
PUT /tmp/ktest-kernel.tar.gz 15s
PUT /tmp/ktest-kernel.tar.gz 15s
PUT /tmp/ktest-kernel.tar.gz 16s
PUT /tmp/ktest-lustre.tar.gz 2s
PUT /tmp/ktest-lustre.tar.gz 3s
PUT /tmp/ktest-lustre.tar.gz 3s
PUT /tmp/ktest-lustre.tar.gz 2s
PUT /tmp/ktest-zfs.tar.gz 0s
PUT /tmp/ktest-zfs.tar.gz 1s
PUT /tmp/ktest-zfs.tar.gz 0s
END checkpatch:checkpatch tool checkpatch PASS 22s
END u24:u24 build tests/fs/lustre/boot.ktest PASS 46s
END al2023:al2023 build tests/fs/lustre/boot.ktest PASS 51s
GET /tmp/ktest_ml-miscvm:lustre_mainline_native_wa4ci_j5.tar 0s
END ml-miscvm:lustre_mainline_native build tests/fs/lustre/boot.ktest PASS 155s
START ml-miscvm:boot run tests/fs/lustre/boot.ktest
START ml-miscvm:llmount run tests/fs/lustre/llmount.ktest
START ml-miscvm:llog-unit run tests/fs/lustre/llog-unit.ktest
START ml-miscvm:mgs-setup run tests/fs/lustre/mgs-setup.ktest
START ml-miscvm:sanity-1 run tests/fs/lustre/sanity/sanity-1.ktest
START ml-miscvm:sanity-2 run tests/fs/lustre/sanity/sanity-2.ktest
START ml-miscvm:sanity-3 run tests/fs/lustre/sanity/sanity-3.ktest
START ml-miscvm:sanity-4 run tests/fs/lustre/sanity/sanity-4.ktest
GET /tmp/ktest_ml-strict:lustre_mainline_63s3auln.tar 6s
PUT /tmp/ktest-kernel.tar.gz 71s
PUT /tmp/ktest-kernel.tar.gz 71s
PUT /tmp/ktest-kernel.tar.gz 72s
PUT /tmp/ktest-kernel.tar.gz 71s
PUT /tmp/ktest-kernel.tar.gz 72s
PUT /tmp/ktest-kernel.tar.gz 71s
PUT /tmp/ktest-kernel.tar.gz 72s
END ml-strict:lustre_mainline build tests/fs/lustre/boot-strict.ktest FAIL 231s (exit code: 1)
PUT /tmp/ktest-kernel.tar.gz 74s
PUT /tmp/ktest-lustre.tar.gz 20s
PUT /tmp/ktest-lustre.tar.gz 21s
PUT /tmp/ktest_ml-miscvm:lustre_mainline_native_wa4ci_j5.tar 0s
PUT /tmp/ktest-lustre.tar.gz 20s
PUT /tmp/ktest-lustre.tar.gz 18s
PUT /tmp/ktest-lustre.tar.gz 21s
PUT /tmp/ktest-lustre.tar.gz 20s
PUT /tmp/ktest-lustre.tar.gz 21s
PUT /tmp/ktest-lustre.tar.gz 20s
PUT /tmp/ktest_ml-miscvm:lustre_mainline_native_wa4ci_j5.tar 2s
PUT /tmp/ktest_ml-miscvm:lustre_mainline_native_wa4ci_j5.tar 2s
GET /tmp/ktest_ml:lustre_mainline_i9fmxl0c.tar 2s
PUT /tmp/ktest_ml-miscvm:lustre_mainline_native_wa4ci_j5.tar 3s
PUT /tmp/ktest_ml-miscvm:lustre_mainline_native_wa4ci_j5.tar 3s
PUT /tmp/ktest_ml-miscvm:lustre_mainline_native_wa4ci_j5.tar 3s
PUT /tmp/ktest_ml-miscvm:lustre_mainline_native_wa4ci_j5.tar 3s
PUT /tmp/ktest_ml-miscvm:lustre_mainline_native_wa4ci_j5.tar 3s
END ml:lustre_mainline build tests/fs/lustre/boot.ktest PASS 254s
END ml-miscvm:boot run tests/fs/lustre/boot.ktest PASS 109s
END ml-miscvm:mgs-setup run tests/fs/lustre/mgs-setup.ktest PASS 114s
END ml-miscvm:sanity-2 run tests/fs/lustre/sanity/sanity-2.ktest PASS 147s
END ml-miscvm:sanity-3 run tests/fs/lustre/sanity/sanity-3.ktest PASS 149s
END ml-miscvm:sanity-4 run tests/fs/lustre/sanity/sanity-4.ktest PASS 150s
END ml-miscvm:sanity-1 run tests/fs/lustre/sanity/sanity-1.ktest PASS 151s
END ml-miscvm:llmount run tests/fs/lustre/llmount.ktest PASS 170s
END ml-miscvm:llog-unit run tests/fs/lustre/llog-unit.ktest FAIL 194s (exit code: 1)

============================================================
Final Results:
  checkpatch:checkpatch: PASS (22s) (log: /var/www/ci-lustre/upstream-patch-review/e40feae2f4a7ba92ee32933ba53ee851968c34a2_checkpatch:checkpatch.log)
  u24:u24: PASS (46s) (log: /var/www/ci-lustre/upstream-patch-review/e40feae2f4a7ba92ee32933ba53ee851968c34a2_u24:u24.log)
  al2023:al2023: PASS (51s) (log: /var/www/ci-lustre/upstream-patch-review/e40feae2f4a7ba92ee32933ba53ee851968c34a2_al2023:al2023.log)
  ml-strict:lustre_mainline: FAIL (231s) (log: /var/www/ci-lustre/upstream-patch-review/e40feae2f4a7ba92ee32933ba53ee851968c34a2_ml-strict:lustre_mainline.log)
  ml:lustre_mainline: PASS (254s) (log: /var/www/ci-lustre/upstream-patch-review/e40feae2f4a7ba92ee32933ba53ee851968c34a2_ml:lustre_mainline.log)
  ml-miscvm:lustre_mainline_native: PASS (155s) (log: /var/www/ci-lustre/upstream-patch-review/e40feae2f4a7ba92ee32933ba53ee851968c34a2_ml-miscvm:lustre_mainline_native.log)
  ml-miscvm:boot: PASS (109s) (log: /var/www/ci-lustre/upstream-patch-review/e40feae2f4a7ba92ee32933ba53ee851968c34a2_ml-miscvm:boot.log)
  ml-miscvm:llmount: PASS (170s) (log: /var/www/ci-lustre/upstream-patch-review/e40feae2f4a7ba92ee32933ba53ee851968c34a2_ml-miscvm:llmount.log)
  ml-miscvm:llog-unit: FAIL (194s) (log: /var/www/ci-lustre/upstream-patch-review/e40feae2f4a7ba92ee32933ba53ee851968c34a2_ml-miscvm:llog-unit.log)
  ml-miscvm:mgs-setup: PASS (114s) (log: /var/www/ci-lustre/upstream-patch-review/e40feae2f4a7ba92ee32933ba53ee851968c34a2_ml-miscvm:mgs-setup.log)
  ml-miscvm:sanity-1: PASS (151s) (log: /var/www/ci-lustre/upstream-patch-review/e40feae2f4a7ba92ee32933ba53ee851968c34a2_ml-miscvm:sanity-1.log)
  ml-miscvm:sanity-2: PASS (147s) (log: /var/www/ci-lustre/upstream-patch-review/e40feae2f4a7ba92ee32933ba53ee851968c34a2_ml-miscvm:sanity-2.log)
  ml-miscvm:sanity-3: PASS (149s) (log: /var/www/ci-lustre/upstream-patch-review/e40feae2f4a7ba92ee32933ba53ee851968c34a2_ml-miscvm:sanity-3.log)
  ml-miscvm:sanity-4: PASS (150s) (log: /var/www/ci-lustre/upstream-patch-review/e40feae2f4a7ba92ee32933ba53ee851968c34a2_ml-miscvm:sanity-4.log)

Total execution time: 380s

Packed 5611 logs from /var/www/ci-lustre/upstream-patch-review into /home/ktest/ktest/local-site/local_data.js
Open /home/ktest/ktest/local-site/index.html in a browser
