WARNING:FILE_PATH_CHANGES: added, moved or deleted file(s), does MAINTAINERS need updating?
#14: 
new file mode 100644

WARNING:LONG_LINE_STRING: line length of 116 exceeds 100 columns
#992: FILE: lustre/mdd/mdd_object.c:3109:
+			CDEBUG(D_LAYOUT, "cannot swap layouts with DOM component, use migration instead: rc = %d\n",

WARNING:LONG_LINE_STRING: line length of 110 exceeds 100 columns
#1014: FILE: lustre/mdd/mdd_object.c:3117:
+			       "%s: cannot swap "DFID" layout: OST to DOM migration not supported: rc = %d\n",

WARNING:LONG_LINE_STRING: line length of 120 exceeds 100 columns
#1021: FILE: lustre/mdd/mdd_object.c:3124:
+			       "%s: cannot swap "DFID" layout: new layout must have same DoM component size: rc = %d\n",

WARNING:TYPO_SPELLING: 'existant' may be misspelled - perhaps 'existent'?
#1030: FILE: lustre/mdd/mdd_object.c:3131:
+	/* swapping 2 non existant layouts is a success, unless this is a
 	                  ^^^^^^^^

WARNING:PREFER_FALLTHROUGH: Prefer 'fallthrough;' over fallthrough comment
#1105: FILE: lustre/mdd/mdd_object.c:3224:
+		 * parent file. Fall through to declare/xattr LOV set only.

WARNING:TYPO_SPELLING: 'informations' may be misspelled - perhaps 'information'?
#1113: FILE: lustre/mdd/mdd_object.c:3227:
+		/* Full layout swap - set the file specific informations in lmm */
 		                                            ^^^^^^^^^^^^

WARNING:LONG_LINE_STRING: line length of 111 exceeds 100 columns
#1309: FILE: lustre/mdd/mdd_object.c:3431:
+					CERROR("%s: failed to undo single-stripe swap for rollback: rc = %d\n",

WARNING:BLOCK_COMMENT_STYLE: Block comments use a trailing */ on a separate line
#1425: FILE: lustre/mdt/mdt_handler.c:1953:
+	 * stay bound to the msl payload as sorted at the client. */

WARNING:REPEATED_WORD: Possible repeated word: 'objid'
#1806: FILE: lustre/tests/sanity-pfl.sh:2874:
+	# "lfs getstripe -v" prints the plain "obdidx objid objid group"

total: 0 errors, 10 warnings, 2088 lines checked

NOTE: For some of the reported defects, checkpatch may be able to
      mechanically convert to the typical style using --fix or --fix-inplace.

Your patch has style problems, please review.

NOTE: If any of the errors are false positives, please report
      them to the maintainer, see CHECKPATCH in MAINTAINERS.
