WARNING:BLOCK_COMMENT_STYLE: Block comments use a trailing */ on a separate line
#37: FILE: include/linux/lnet/lib-lnet.h:625:
+ * to be removed */

WARNING:LONG_LINE: line length of 101 exceeds 100 columns
#447: FILE: lnet/lnet/peer.c:4863:
+					     &the_lnet.ln_mt_peerNIRecovq, now) == LNET_PEER_EXPIRED)

WARNING:LONG_LINE: line length of 101 exceeds 100 columns
#459: FILE: lnet/lnet/peer.c:4886:
+					     &the_lnet.ln_mt_peerNIRecovq, now) == LNET_PEER_EXPIRED)

WARNING:LINE_SPACING: Missing a blank line after declarations
#542: FILE: lnet/utils/lnetconfig/liblnetconfig.c:6417:
+	struct cYAML *del_on_recov_limit = cYAML_get_object_item(tree, "del_on_recovery_limit");
+	if (del_on_recov_limit)

WARNING:LINE_SPACING: Missing a blank line after declarations
#556: FILE: lnet/utils/lnetconfig/liblnetconfig.c:6561:
+	struct cYAML *del_on_recov_limit = cYAML_get_object_item(tree, "del_on_recovery_limit");
+	if (del_on_recov_limit)

WARNING:SPLIT_STRING: quoted string split across lines
#597: FILE: lnet/utils/lnetctl.c:111:
 			   " | recovery_interval | router_sensitivity"
+			   " | response_tracking | recovery_limit"

WARNING:SPLIT_STRING: quoted string split across lines
#598: FILE: lnet/utils/lnetctl.c:112:
+			   " | response_tracking | recovery_limit"
+			   " | del_on_recovery_limit}"},

WARNING:UNNECESSARY_INT: Prefer 'long' over 'long int' as the int is unnecessary
#619: FILE: lnet/utils/lnetctl.c:570:
+	long int value;

total: 0 errors, 8 warnings, 759 lines checked

NOTE: For some of the reported defects, checkpatch may be able to
      mechanically convert to the typical style using --fix or --fix-inplace.

Your patch has style problems, please review.

NOTE: If any of the errors are false positives, please report
      them to the maintainer, see CHECKPATCH in MAINTAINERS.
