00001 
00011 RDSEED32 is broken. Disabling the corresponding CPUID bit.
00016 init: failed to load nvme_core
00016 init: failed to load nvme
00016 init: failed to load zfs
00017 LNetError: 1:0:(lib-socket.c:619:lnet_inet_enumerate()) lnet: Can't find any usable interfaces, rc = -ENOENT
00017 LNetError: Error -100 starting up LNI tcp
00017 LustreError: 1:0:(events.c:627:ptlrpc_init_portals()) network initialisation failed: rc = -100
00018 init: finit_module /lib/modules/7.0.0-ktest-e79dc82-6330a45-20260725-dirty/updates/ptlrpc.ko: Network is down
00018 init: failed to load lustre
00018 init: failed to load osd_zfs
00018 init: failed to load iwlwifi
00018 init: failed to load iwlmvm
00018 init: failed to load mt7921e
00018 init: failed to load i915
00018 init: failed to load nouveau
00031 Kernel version: 7.0.0-ktest-e79dc82-6330a45-20260725-dirty
00031 hook init_noop
00031 
00031 Running tests llog-unit
00031 
00031 ========= TEST   llog-unit
00031 /host/home/ktest/git/lustre-release/lustre/tests/test-framework.sh: line 6933: cd: HOME not set
00031 /host/home/ktest/git/lustre-release/lustre/tests/test-framework.sh: line 6933: cd: HOME not set
00031 /host/home/ktest/git/lustre-release/lustre/tests/test-framework.sh: line 6933: cd: HOME not set
00034 MGS_OS_VERSION_ID=24.04
00034 MGS_OS_ID=ubuntu
00034 MGS_OS_VERSION_CODE=402915328
00034 MGS_OS_ID_LIKE=debian ubuntu
00035 MDS1_OS_ID=ubuntu
00035 MDS1_OS_VERSION_CODE=402915328
00035 MDS1_OS_ID_LIKE=debian ubuntu
00035 MDS1_OS_VERSION_ID=24.04
00035 OST1_OS_VERSION_ID=24.04
00035 OST1_OS_VERSION_CODE=402915328
00035 OST1_OS_ID=ubuntu
00035 OST1_OS_ID_LIKE=debian ubuntu
00035 CLIENT_OS_VERSION_ID=24.04
00035 CLIENT_OS_ID_LIKE=debian ubuntu
00035 CLIENT_OS_ID=ubuntu
00035 CLIENT_OS_VERSION_CODE=402915328
00035 Loading modules from /host/home/ktest/git/lustre-release/lustre
00035 detected 16 online CPUs by sysfs
00035 MODOPTS_LIBCFS=
00035 libcfs will create CPU partition based on online CPUs
00036 LNet: Added LNI 10.0.2.15@tcp [8/256/0/180]
00036 gss/krb5 is not supported
00037 Lustre: Echo OBD driver; http://www.lustre.org/
00038 
00038 
00038 /host/home/ktest/git/lustre-release/lustre/tests/test-framework.sh: line 6933: cd: HOME not set
00038 /host/home/ktest/git/lustre-release/lustre/tests/test-framework.sh: line 6933: cd: HOME not set
00038 /host/home/ktest/git/lustre-release/lustre/tests/test-framework.sh: line 6933: cd: HOME not set
00061 Lustre: 2172:0:(llog_test.c:1095:llog_test_7()) 7c: test llog_setattr64_rec
00061 ------------[ cut here ]------------
00061 WARNING: /home/ktest/git/linux/include/linux/fs.h:889 at osd_create+0x9cf/0xcf0 [osd_wbcfs], CPU#15: lctl/2172
00061 Modules linked in: llog_test(O) mgs(O) osd_wbcfs(O) lustre(O) obdecho(O) mgc(O) mdc(O) lov(O) osc(O) lmv(O) ec(O) fid(O) fld(O) ptlrpc(O) efivarfs obdclass(O) ksocklnd(O) lnet(O) libcfs(O)
00061 CPU: 15 UID: 0 PID: 2172 Comm: lctl Tainted: G        W  O        7.0.0-ktest-e79dc82-6330a45-20260725-dirty #1 PREEMPT 
00061 Tainted: [W]=WARN, [O]=OOT_MODULE
00061 Hardware name: QEMU Standard PC (Q35 + ICH9, 2009), BIOS 2025.11-3ubuntu7 03/31/2026
00061 RIP: 0010:osd_create+0x9cf/0xcf0 [osd_wbcfs]
00061 Code: c7 c7 00 36 7d a1 48 c7 c6 a0 b2 7e a1 48 c7 c2 00 bc 7e a1 e8 82 dd 43 ff 48 c7 c7 00 36 7d a1 e8 f6 6a 44 ff e9 fe fc ff ff <0f> 0b e9 a5 fa ff ff 48 c7 c1 80 44 5d a0 80 e1 07 80 c1 03 38 c1
00061 RSP: 0018:ffffc90001ce76f8 EFLAGS: 00010246
00061 RAX: 0000000000000000 RBX: ffff8881443d3400 RCX: 0000000000000046
00061 RDX: 0000000000000000 RSI: ffff888188c850d8 RDI: ffff88811fa9cb18
00061 RBP: ffff888188c85048 R08: ffffffff83a16803 R09: 1ffffffff0742d00
00061 R10: dffffc0000000000 R11: fffffbfff0742d01 R12: ffff888184423800
00061 R13: dffffc0000000000 R14: 1ffff1102887a680 R15: 1ffff1103088470f
00061 FS:  00007f664d422940(0000) GS:ffff88831ebad000(0000) knlGS:0000000000000000
00061 CS:  0010 DS: 0000 ES: 0000 CR0: 0000000080050033
00061 CR2: 0000558094c257b0 CR3: 000000013e4af000 CR4: 0000000000750eb0
00061 PKRU: 55555554
00061 Call Trace:
00061  <TASK>
00061  ? local_object_create+0x109/0x640 [obdclass]
00061  ? dt_write_lock+0x16d/0x2a0 [obdclass]
00061  ? llog_osd_create+0x356/0x1140 [obdclass]
00061  ? llog_create+0x2ed/0x530 [obdclass]
00061  ? llog_open_create+0x5af/0xb10 [obdclass]
00061  ? llog_test_7_sub+0xea/0x1250 [llog_test]
00061  ? llog_test_7+0x4a4/0xf50 [llog_test]
00061  ? llog_run_tests+0x3614/0x5ac0 [llog_test]
00061  ? get_random_u32+0x51/0x470
00061  ? llog_test_device_init+0x503/0x840 [llog_test]
00061  ? obd_setup+0x559/0x960 [obdclass]
00061  ? class_setup+0xc7d/0x10e0 [obdclass]
00061  ? class_process_config+0x2edb/0x7cb0 [obdclass]
00061  ? class_handle_ioctl+0x2055/0x3590 [obdclass]
00061  ? obd_class_ioctl+0x1f6/0x3c0 [obdclass]
00061  ? __x64_sys_ioctl+0x961/0xe00
00061  ? _copy_to_user+0x3d/0x60
00061  ? __x64_sys_rt_sigaction+0x107/0x140
00061  ? do_syscall_64+0xc1/0x350
00061  ? entry_SYSCALL_64_after_hwframe+0x4b/0x53
00061  </TASK>
00061 ---[ end trace 0000000000000000 ]---
00067 Lustre: 2172:0:(llog_test.c:1106:llog_test_7()) 7d: test llog_size_change_rec
00067 ------------[ cut here ]------------
00067 WARNING: /home/ktest/git/linux/include/linux/fs.h:889 at osd_create+0x9cf/0xcf0 [osd_wbcfs], CPU#15: lctl/2172
00067 Modules linked in: llog_test(O) mgs(O) osd_wbcfs(O) lustre(O) obdecho(O) mgc(O) mdc(O) lov(O) osc(O) lmv(O) ec(O) fid(O) fld(O) ptlrpc(O) efivarfs obdclass(O) ksocklnd(O) lnet(O) libcfs(O)
00067 CPU: 15 UID: 0 PID: 2172 Comm: lctl Tainted: G        W  O        7.0.0-ktest-e79dc82-6330a45-20260725-dirty #1 PREEMPT 
00067 Tainted: [W]=WARN, [O]=OOT_MODULE
00067 Hardware name: QEMU Standard PC (Q35 + ICH9, 2009), BIOS 2025.11-3ubuntu7 03/31/2026
00067 RIP: 0010:osd_create+0x9cf/0xcf0 [osd_wbcfs]
00067 Code: c7 c7 00 36 7d a1 48 c7 c6 a0 b2 7e a1 48 c7 c2 00 bc 7e a1 e8 82 dd 43 ff 48 c7 c7 00 36 7d a1 e8 f6 6a 44 ff e9 fe fc ff ff <0f> 0b e9 a5 fa ff ff 48 c7 c1 80 44 5d a0 80 e1 07 80 c1 03 38 c1
00067 RSP: 0018:ffffc90001ce76f8 EFLAGS: 00010246
00067 RAX: 0000000000000000 RBX: ffff88813e108000 RCX: 0000000000000046
00067 RDX: 0000000000000000 RSI: ffff888188c849c0 RDI: ffff88811fa9cb18
00067 RBP: ffff888188c84930 R08: ffffffff83a16803 R09: 1ffffffff0742d00
00067 R10: dffffc0000000000 R11: fffffbfff0742d01 R12: ffff888184423800
00067 R13: dffffc0000000000 R14: 1ffff11027c21000 R15: 1ffff1103088470f
00067 FS:  00007f664d422940(0000) GS:ffff88831ebad000(0000) knlGS:0000000000000000
00067 CS:  0010 DS: 0000 ES: 0000 CR0: 0000000080050033
00067 CR2: 0000558094c257b0 CR3: 000000013e4af000 CR4: 0000000000750eb0
00067 PKRU: 55555554
00067 Call Trace:
00067  <TASK>
00067  ? local_object_create+0x109/0x640 [obdclass]
00067  ? dt_write_lock+0x16d/0x2a0 [obdclass]
00067  ? llog_osd_create+0x356/0x1140 [obdclass]
00067  ? llog_create+0x2ed/0x530 [obdclass]
00067  ? llog_open_create+0x5af/0xb10 [obdclass]
00067  ? llog_test_7_sub+0xea/0x1250 [llog_test]
00067  ? llog_test_7+0x5d5/0xf50 [llog_test]
00067  ? llog_run_tests+0x3614/0x5ac0 [llog_test]
00067  ? get_random_u32+0x51/0x470
00067  ? llog_test_device_init+0x503/0x840 [llog_test]
00067  ? obd_setup+0x559/0x960 [obdclass]
00067  ? class_setup+0xc7d/0x10e0 [obdclass]
00067  ? class_process_config+0x2edb/0x7cb0 [obdclass]
00067  ? class_handle_ioctl+0x2055/0x3590 [obdclass]
00067  ? obd_class_ioctl+0x1f6/0x3c0 [obdclass]
00067  ? __x64_sys_ioctl+0x961/0xe00
00067  ? _copy_to_user+0x3d/0x60
00067  ? __x64_sys_rt_sigaction+0x107/0x140
00067  ? do_syscall_64+0xc1/0x350
00067  ? entry_SYSCALL_64_after_hwframe+0x4b/0x53
00067  </TASK>
00067 ---[ end trace 0000000000000000 ]---
00074 Lustre: 2172:0:(llog_test.c:1117:llog_test_7()) 7e: test llog_changelog_rec
00074 ------------[ cut here ]------------
00074 WARNING: /home/ktest/git/linux/include/linux/fs.h:889 at osd_create+0x9cf/0xcf0 [osd_wbcfs], CPU#7: lctl/2172
00074 Modules linked in: llog_test(O) mgs(O) osd_wbcfs(O) lustre(O) obdecho(O) mgc(O) mdc(O) lov(O) osc(O) lmv(O) ec(O) fid(O) fld(O) ptlrpc(O) efivarfs obdclass(O) ksocklnd(O) lnet(O) libcfs(O)
00074 CPU: 7 UID: 0 PID: 2172 Comm: lctl Tainted: G        W  O        7.0.0-ktest-e79dc82-6330a45-20260725-dirty #1 PREEMPT 
00074 Tainted: [W]=WARN, [O]=OOT_MODULE
00074 Hardware name: QEMU Standard PC (Q35 + ICH9, 2009), BIOS 2025.11-3ubuntu7 03/31/2026
00074 RIP: 0010:osd_create+0x9cf/0xcf0 [osd_wbcfs]
00074 Code: c7 c7 00 36 7d a1 48 c7 c6 a0 b2 7e a1 48 c7 c2 00 bc 7e a1 e8 82 dd 43 ff 48 c7 c7 00 36 7d a1 e8 f6 6a 44 ff e9 fe fc ff ff <0f> 0b e9 a5 fa ff ff 48 c7 c1 80 44 5d a0 80 e1 07 80 c1 03 38 c1
00074 RSP: 0018:ffffc90001ce76f8 EFLAGS: 00010246
00074 RAX: 0000000000000000 RBX: ffff888196e56400 RCX: 0000000000000046
00074 RDX: 0000000000000000 RSI: ffff88810ba050d8 RDI: ffff88811fa9cb18
00074 RBP: ffff88810ba05048 R08: ffffffff83a16803 R09: 1ffffffff0742d00
00074 R10: dffffc0000000000 R11: fffffbfff0742d01 R12: ffff888184423800
00074 R13: dffffc0000000000 R14: 1ffff11032dcac80 R15: 1ffff1103088470f
00074 FS:  00007f664d422940(0000) GS:ffff88831e7ad000(0000) knlGS:0000000000000000
00074 CS:  0010 DS: 0000 ES: 0000 CR0: 0000000080050033
00074 CR2: 00007f78c12ee200 CR3: 000000013e4af000 CR4: 0000000000750eb0
00074 PKRU: 55555554
00074 Call Trace:
00074  <TASK>
00074  ? local_object_create+0x109/0x640 [obdclass]
00074  ? dt_write_lock+0x16d/0x2a0 [obdclass]
00074  ? llog_osd_create+0x356/0x1140 [obdclass]
00074  ? llog_create+0x2ed/0x530 [obdclass]
00074  ? llog_open_create+0x5af/0xb10 [obdclass]
00074  ? llog_test_7_sub+0xea/0x1250 [llog_test]
00074  ? llog_test_7+0x706/0xf50 [llog_test]
00074  ? llog_run_tests+0x3614/0x5ac0 [llog_test]
00074  ? get_random_u32+0x51/0x470
00074  ? llog_test_device_init+0x503/0x840 [llog_test]
00074  ? obd_setup+0x559/0x960 [obdclass]
00074  ? class_setup+0xc7d/0x10e0 [obdclass]
00074  ? class_process_config+0x2edb/0x7cb0 [obdclass]
00074  ? class_handle_ioctl+0x2055/0x3590 [obdclass]
00074  ? obd_class_ioctl+0x1f6/0x3c0 [obdclass]
00074  ? __x64_sys_ioctl+0x961/0xe00
00074  ? _copy_to_user+0x3d/0x60
00074  ? __x64_sys_rt_sigaction+0x107/0x140
00074  ? do_syscall_64+0xc1/0x350
00074  ? entry_SYSCALL_64_after_hwframe+0x4b/0x53
00074  </TASK>
00074 ---[ end trace 0000000000000000 ]---
00090 Lustre: 2172:0:(llog_test.c:1151:llog_test_7()) 7h: test llog_setattr64_rec_v2
00090 ------------[ cut here ]------------
00090 WARNING: /home/ktest/git/linux/include/linux/fs.h:889 at osd_create+0x9cf/0xcf0 [osd_wbcfs], CPU#7: lctl/2172
00090 Modules linked in: llog_test(O) mgs(O) osd_wbcfs(O) lustre(O) obdecho(O) mgc(O) mdc(O) lov(O) osc(O) lmv(O) ec(O) fid(O) fld(O) ptlrpc(O) efivarfs obdclass(O) ksocklnd(O) lnet(O) libcfs(O)
00090 CPU: 7 UID: 0 PID: 2172 Comm: lctl Tainted: G        W  O        7.0.0-ktest-e79dc82-6330a45-20260725-dirty #1 PREEMPT 
00090 Tainted: [W]=WARN, [O]=OOT_MODULE
00090 Hardware name: QEMU Standard PC (Q35 + ICH9, 2009), BIOS 2025.11-3ubuntu7 03/31/2026
00090 RIP: 0010:osd_create+0x9cf/0xcf0 [osd_wbcfs]
00090 Code: c7 c7 00 36 7d a1 48 c7 c6 a0 b2 7e a1 48 c7 c2 00 bc 7e a1 e8 82 dd 43 ff 48 c7 c7 00 36 7d a1 e8 f6 6a 44 ff e9 fe fc ff ff <0f> 0b e9 a5 fa ff ff 48 c7 c1 80 44 5d a0 80 e1 07 80 c1 03 38 c1
00090 RSP: 0018:ffffc90001ce76f8 EFLAGS: 00010246
00090 RAX: 0000000000000000 RBX: ffff8881503a7400 RCX: 0000000000000046
00090 RDX: 0000000000000000 RSI: ffff88810ba03b90 RDI: ffff88811fa9cb18
00090 RBP: ffff88810ba03b00 R08: ffffffff83a16803 R09: 1ffffffff0742d00
00090 R10: dffffc0000000000 R11: fffffbfff0742d01 R12: ffff888184423800
00090 R13: dffffc0000000000 R14: 1ffff1102a074e80 R15: 1ffff1103088470f
00090 FS:  00007f664d422940(0000) GS:ffff88831e7ad000(0000) knlGS:0000000000000000
00090 CS:  0010 DS: 0000 ES: 0000 CR0: 0000000080050033
00090 CR2: 00007f78c12ee200 CR3: 000000013e4af000 CR4: 0000000000750eb0
00090 PKRU: 55555554
00090 Call Trace:
00090  <TASK>
00090  ? local_object_create+0x109/0x640 [obdclass]
00090  ? dt_write_lock+0x16d/0x2a0 [obdclass]
00090  ? llog_osd_create+0x356/0x1140 [obdclass]
00090  ? llog_create+0x2ed/0x530 [obdclass]
00090  ? llog_open_create+0x5af/0xb10 [obdclass]
00090  ? llog_test_7_sub+0xea/0x1250 [llog_test]
00090  ? llog_test_7+0xa99/0xf50 [llog_test]
00090  ? llog_run_tests+0x3614/0x5ac0 [llog_test]
00090  ? get_random_u32+0x51/0x470
00090  ? llog_test_device_init+0x503/0x840 [llog_test]
00090  ? obd_setup+0x559/0x960 [obdclass]
00090  ? class_setup+0xc7d/0x10e0 [obdclass]
00090  ? class_process_config+0x2edb/0x7cb0 [obdclass]
00090  ? class_handle_ioctl+0x2055/0x3590 [obdclass]
00090  ? obd_class_ioctl+0x1f6/0x3c0 [obdclass]
00090  ? __x64_sys_ioctl+0x961/0xe00
00090  ? _copy_to_user+0x3d/0x60
00090  ? __x64_sys_rt_sigaction+0x107/0x140
00090  ? do_syscall_64+0xc1/0x350
00090  ? entry_SYSCALL_64_after_hwframe+0x4b/0x53
00090  </TASK>
00090 ---[ end trace 0000000000000000 ]---
00095 Lustre: 2172:0:(llog_test.c:1024:llog_test_7_sub()) 7_sub: records are not aligned, written 64071 from 64767
00097 Lustre: 2172:0:(llog_test.c:1261:llog_test_8()) 8a: fill the first plain llog
00097 ------------[ cut here ]------------
00097 WARNING: /home/ktest/git/linux/include/linux/fs.h:889 at osd_create+0x9cf/0xcf0 [osd_wbcfs], CPU#7: lctl/2172
00097 Modules linked in: llog_test(O) mgs(O) osd_wbcfs(O) lustre(O) obdecho(O) mgc(O) mdc(O) lov(O) osc(O) lmv(O) ec(O) fid(O) fld(O) ptlrpc(O) efivarfs obdclass(O) ksocklnd(O) lnet(O) libcfs(O)
00097 CPU: 7 UID: 0 PID: 2172 Comm: lctl Tainted: G        W  O        7.0.0-ktest-e79dc82-6330a45-20260725-dirty #1 PREEMPT 
00097 Tainted: [W]=WARN, [O]=OOT_MODULE
00097 Hardware name: QEMU Standard PC (Q35 + ICH9, 2009), BIOS 2025.11-3ubuntu7 03/31/2026
00097 RIP: 0010:osd_create+0x9cf/0xcf0 [osd_wbcfs]
00097 Code: c7 c7 00 36 7d a1 48 c7 c6 a0 b2 7e a1 48 c7 c2 00 bc 7e a1 e8 82 dd 43 ff 48 c7 c7 00 36 7d a1 e8 f6 6a 44 ff e9 fe fc ff ff <0f> 0b e9 a5 fa ff ff 48 c7 c1 80 44 5d a0 80 e1 07 80 c1 03 38 c1
00097 RSP: 0018:ffffc90001ce74c8 EFLAGS: 00010246
00097 RAX: 0000000000000000 RBX: ffff88811d091c00 RCX: 0000000000000046
00097 RDX: 0000000000000000 RSI: ffff88810ba03478 RDI: ffff88811fa9cb40
00097 RBP: ffff88810ba033e8 R08: ffffffff83a16803 R09: 1ffffffff0742d00
00097 R10: dffffc0000000000 R11: fffffbfff0742d01 R12: ffff888184423800
00097 R13: dffffc0000000000 R14: 1ffff11023a12380 R15: 1ffff1103088470f
00097 FS:  00007f664d422940(0000) GS:ffff88831e7ad000(0000) knlGS:0000000000000000
00097 CS:  0010 DS: 0000 ES: 0000 CR0: 0000000080050033
00097 CR2: 00007f78c12ee200 CR3: 000000013e4af000 CR4: 0000000000750eb0
00097 PKRU: 55555554
00097 Call Trace:
00097  <TASK>
00097  ? local_object_create+0x109/0x640 [obdclass]
00097  ? dt_write_lock+0x16d/0x2a0 [obdclass]
00097  ? llog_osd_create+0x356/0x1140 [obdclass]
00097  ? llog_create+0x2ed/0x530 [obdclass]
00097  ? llog_cat_new_log+0x6c3/0x2bf0 [obdclass]
00097  ? llog_cat_add_rec+0x6ba/0x1960 [obdclass]
00097  ? llog_cat_add+0x451/0x890 [obdclass]
00097  ? llog_test_8+0x567/0x1c20 [llog_test]
00097  ? do_raw_spin_unlock+0x52/0x230
00097  ? _raw_spin_unlock+0x23/0x40
00097  ? __llog_ctxt_put+0x1c4/0x2f0 [obdclass]
00097  ? llog_run_tests+0x39a2/0x5ac0 [llog_test]
00097  ? get_random_u32+0x51/0x470
00097  ? llog_test_device_init+0x503/0x840 [llog_test]
00097  ? obd_setup+0x559/0x960 [obdclass]
00097  ? class_setup+0xc7d/0x10e0 [obdclass]
00097  ? class_process_config+0x2edb/0x7cb0 [obdclass]
00097  ? class_handle_ioctl+0x2055/0x3590 [obdclass]
00097  ? obd_class_ioctl+0x1f6/0x3c0 [obdclass]
00097  ? __x64_sys_ioctl+0x961/0xe00
00097  ? _copy_to_user+0x3d/0x60
00097  ? __x64_sys_rt_sigaction+0x107/0x140
00097  ? do_syscall_64+0xc1/0x350
00097  ? entry_SYSCALL_64_after_hwframe+0x4b/0x53
00097  </TASK>
00097 ---[ end trace 0000000000000000 ]---
00097 Lustre: 2172:0:(llog_test.c:1290:llog_test_8()) 8b: first llog [0x1:0x10:0x0]
00097 Lustre: 2172:0:(llog_test.c:1306:llog_test_8()) 8b: fill the second plain llog
00097 ------------[ cut here ]------------
00097 WARNING: /home/ktest/git/linux/include/linux/fs.h:889 at osd_create+0x9cf/0xcf0 [osd_wbcfs], CPU#7: lctl/2172
00097 Modules linked in: llog_test(O) mgs(O) osd_wbcfs(O) lustre(O) obdecho(O) mgc(O) mdc(O) lov(O) osc(O) lmv(O) ec(O) fid(O) fld(O) ptlrpc(O) efivarfs obdclass(O) ksocklnd(O) lnet(O) libcfs(O)
00097 CPU: 7 UID: 0 PID: 2172 Comm: lctl Tainted: G        W  O        7.0.0-ktest-e79dc82-6330a45-20260725-dirty #1 PREEMPT 
00097 Tainted: [W]=WARN, [O]=OOT_MODULE
00097 Hardware name: QEMU Standard PC (Q35 + ICH9, 2009), BIOS 2025.11-3ubuntu7 03/31/2026
00097 RIP: 0010:osd_create+0x9cf/0xcf0 [osd_wbcfs]
00097 Code: c7 c7 00 36 7d a1 48 c7 c6 a0 b2 7e a1 48 c7 c2 00 bc 7e a1 e8 82 dd 43 ff 48 c7 c7 00 36 7d a1 e8 f6 6a 44 ff e9 fe fc ff ff <0f> 0b e9 a5 fa ff ff 48 c7 c1 80 44 5d a0 80 e1 07 80 c1 03 38 c1
00097 RSP: 0018:ffffc90001ce74c8 EFLAGS: 00010246
00097 RAX: 0000000000000000 RBX: ffff88811d096400 RCX: 0000000000000046
00097 RDX: 0000000000000000 RSI: ffff88810ba02d60 RDI: ffff88811fa9cb40
00097 RBP: ffff88810ba02cd0 R08: ffffffff83a16803 R09: 1ffffffff0742d00
00097 R10: dffffc0000000000 R11: fffffbfff0742d01 R12: ffff888184423800
00097 R13: dffffc0000000000 R14: 1ffff11023a12c80 R15: 1ffff1103088470f
00097 FS:  00007f664d422940(0000) GS:ffff88831e7ad000(0000) knlGS:0000000000000000
00097 CS:  0010 DS: 0000 ES: 0000 CR0: 0000000080050033
00097 CR2: 00007f78c12ee200 CR3: 000000013e4af000 CR4: 0000000000750eb0
00097 PKRU: 55555554
00097 Call Trace:
00097  <TASK>
00097  ? local_object_create+0x109/0x640 [obdclass]
00097  ? dt_write_lock+0x16d/0x2a0 [obdclass]
00097  ? llog_osd_create+0x356/0x1140 [obdclass]
00097  ? llog_create+0x2ed/0x530 [obdclass]
00097  ? llog_cat_new_log+0x6c3/0x2bf0 [obdclass]
00097  ? llog_cat_add_rec+0x6ba/0x1960 [obdclass]
00097  ? llog_cat_add+0x451/0x890 [obdclass]
00097  ? llog_test_8+0xd89/0x1c20 [llog_test]
00097  ? do_raw_spin_unlock+0x52/0x230
00097  ? _raw_spin_unlock+0x23/0x40
00097  ? __llog_ctxt_put+0x1c4/0x2f0 [obdclass]
00097  ? llog_run_tests+0x39a2/0x5ac0 [llog_test]
00097  ? get_random_u32+0x51/0x470
00097  ? llog_test_device_init+0x503/0x840 [llog_test]
00097  ? obd_setup+0x559/0x960 [obdclass]
00097  ? class_setup+0xc7d/0x10e0 [obdclass]
00097  ? class_process_config+0x2edb/0x7cb0 [obdclass]
00097  ? class_handle_ioctl+0x2055/0x3590 [obdclass]
00097  ? obd_class_ioctl+0x1f6/0x3c0 [obdclass]
00097  ? __x64_sys_ioctl+0x961/0xe00
00097  ? _copy_to_user+0x3d/0x60
00097  ? __x64_sys_rt_sigaction+0x107/0x140
00097  ? do_syscall_64+0xc1/0x350
00097  ? entry_SYSCALL_64_after_hwframe+0x4b/0x53
00097  </TASK>
00097 ---[ end trace 0000000000000000 ]---
00097 Lustre: 2172:0:(llog_test.c:1330:llog_test_8()) 8b: pin llog [0x1:0x12:0x0]
00097 Lustre: 2172:0:(llog_test.c:1333:llog_test_8()) 8b: clean first llog record in catalog
00097 Lustre: 2172:0:(llog_test.c:1344:llog_test_8()) 8c: corrupt first chunk in the middle
00097 Lustre: 2172:0:(llog_test.c:1347:llog_test_8()) 8c: corrupt second chunk at start
00097 Lustre: 2172:0:(llog_test.c:1350:llog_test_8()) 8d: count survived records
00097 Lustre: 2172:0:(llog_test.c:1380:llog_test_8()) 8d: close re-opened catalog
00097 Lustre: 2172:0:(llog_test.c:1441:llog_test_9()) 9a: test llog_logid_rec
00097 ------------[ cut here ]------------
00097 WARNING: /home/ktest/git/linux/include/linux/fs.h:889 at osd_create+0x9cf/0xcf0 [osd_wbcfs], CPU#7: lctl/2172
00097 Modules linked in: llog_test(O) mgs(O) osd_wbcfs(O) lustre(O) obdecho(O) mgc(O) mdc(O) lov(O) osc(O) lmv(O) ec(O) fid(O) fld(O) ptlrpc(O) efivarfs obdclass(O) ksocklnd(O) lnet(O) libcfs(O)
00097 CPU: 7 UID: 0 PID: 2172 Comm: lctl Tainted: G        W  O        7.0.0-ktest-e79dc82-6330a45-20260725-dirty #1 PREEMPT 
00097 Tainted: [W]=WARN, [O]=OOT_MODULE
00097 Hardware name: QEMU Standard PC (Q35 + ICH9, 2009), BIOS 2025.11-3ubuntu7 03/31/2026
00097 RIP: 0010:osd_create+0x9cf/0xcf0 [osd_wbcfs]
00097 Code: c7 c7 00 36 7d a1 48 c7 c6 a0 b2 7e a1 48 c7 c2 00 bc 7e a1 e8 82 dd 43 ff 48 c7 c7 00 36 7d a1 e8 f6 6a 44 ff e9 fe fc ff ff <0f> 0b e9 a5 fa ff ff 48 c7 c1 80 44 5d a0 80 e1 07 80 c1 03 38 c1
00097 RSP: 0018:ffffc90001ce7720 EFLAGS: 00010246
00097 RAX: 0000000000000000 RBX: ffff88811d097c00 RCX: 0000000000000046
00097 RDX: 0000000000000000 RSI: ffff88810ba02648 RDI: ffff88811fa9cb18
00097 RBP: ffff88810ba025b8 R08: ffffffff83a16803 R09: 1ffffffff0742d00
00097 R10: dffffc0000000000 R11: fffffbfff0742d01 R12: ffff888184423800
00097 R13: dffffc0000000000 R14: 1ffff11023a12f80 R15: 1ffff1103088470f
00097 FS:  00007f664d422940(0000) GS:ffff88831e7ad000(0000) knlGS:0000000000000000
00097 CS:  0010 DS: 0000 ES: 0000 CR0: 0000000080050033
00097 CR2: 00007f78c12ee200 CR3: 000000013e4af000 CR4: 0000000000750eb0
00097 PKRU: 55555554
00097 Call Trace:
00097  <TASK>
00097  ? local_object_create+0x109/0x640 [obdclass]
00097  ? dt_write_lock+0x16d/0x2a0 [obdclass]
00097  ? llog_osd_create+0x356/0x1140 [obdclass]
00097  ? llog_create+0x2ed/0x530 [obdclass]
00097  ? llog_open_create+0x5af/0xb10 [obdclass]
00097  ? llog_test_9_sub+0xd4/0x800 [llog_test]
00097  ? llog_test_9+0x242/0x960 [llog_test]
00097  ? llog_run_tests+0x3d64/0x5ac0 [llog_test]
00097  ? get_random_u32+0x51/0x470
00097  ? llog_test_device_init+0x503/0x840 [llog_test]
00097  ? obd_setup+0x559/0x960 [obdclass]
00097  ? class_setup+0xc7d/0x10e0 [obdclass]
00097  ? class_process_config+0x2edb/0x7cb0 [obdclass]
00097  ? class_handle_ioctl+0x2055/0x3590 [obdclass]
00097  ? obd_class_ioctl+0x1f6/0x3c0 [obdclass]
00097  ? __x64_sys_ioctl+0x961/0xe00
00097  ? _copy_to_user+0x3d/0x60
00097  ? __x64_sys_rt_sigaction+0x107/0x140
00097  ? do_syscall_64+0xc1/0x350
00097  ? entry_SYSCALL_64_after_hwframe+0x4b/0x53
00097  </TASK>
00097 ---[ end trace 0000000000000000 ]---
00097 Lustre: 2172:0:(llog_test.c:1425:llog_test_9_sub()) 9_sub: record type 1064553b in log 0x1:0x14:0x0
00097 Lustre: 2172:0:(llog_test.c:1452:llog_test_9()) 9b: test llog_obd_cfg_rec
00097 ------------[ cut here ]------------
00097 WARNING: /home/ktest/git/linux/include/linux/fs.h:889 at osd_create+0x9cf/0xcf0 [osd_wbcfs], CPU#7: lctl/2172
00097 Modules linked in: llog_test(O) mgs(O) osd_wbcfs(O) lustre(O) obdecho(O) mgc(O) mdc(O) lov(O) osc(O) lmv(O) ec(O) fid(O) fld(O) ptlrpc(O) efivarfs obdclass(O) ksocklnd(O) lnet(O) libcfs(O)
00097 CPU: 7 UID: 0 PID: 2172 Comm: lctl Tainted: G        W  O        7.0.0-ktest-e79dc82-6330a45-20260725-dirty #1 PREEMPT 
00097 Tainted: [W]=WARN, [O]=OOT_MODULE
00097 Hardware name: QEMU Standard PC (Q35 + ICH9, 2009), BIOS 2025.11-3ubuntu7 03/31/2026
00097 RIP: 0010:osd_create+0x9cf/0xcf0 [osd_wbcfs]
00097 Code: c7 c7 00 36 7d a1 48 c7 c6 a0 b2 7e a1 48 c7 c2 00 bc 7e a1 e8 82 dd 43 ff 48 c7 c7 00 36 7d a1 e8 f6 6a 44 ff e9 fe fc ff ff <0f> 0b e9 a5 fa ff ff 48 c7 c1 80 44 5d a0 80 e1 07 80 c1 03 38 c1
00097 RSP: 0018:ffffc90001ce7720 EFLAGS: 00010246
00097 RAX: 0000000000000000 RBX: ffff88819042d000 RCX: 0000000000000046
00097 RDX: 0000000000000000 RSI: ffff88810ba01f30 RDI: ffff88811fa9cb18
00097 RBP: ffff88810ba01ea0 R08: ffffffff83a16803 R09: 1ffffffff0742d00
00097 R10: dffffc0000000000 R11: fffffbfff0742d01 R12: ffff888184423800
00097 R13: dffffc0000000000 R14: 1ffff11032085a00 R15: 1ffff1103088470f
00097 FS:  00007f664d422940(0000) GS:ffff88831e7ad000(0000) knlGS:0000000000000000
00097 CS:  0010 DS: 0000 ES: 0000 CR0: 0000000080050033
00097 CR2: 00007f78c12ee200 CR3: 000000013e4af000 CR4: 0000000000750eb0
00097 PKRU: 55555554
00097 Call Trace:
00097  <TASK>
00097  ? local_object_create+0x109/0x640 [obdclass]
00097  ? dt_write_lock+0x16d/0x2a0 [obdclass]
00097  ? llog_osd_create+0x356/0x1140 [obdclass]
00097  ? llog_create+0x2ed/0x530 [obdclass]
00097  ? llog_open_create+0x5af/0xb10 [obdclass]
00097  ? llog_test_9_sub+0xd4/0x800 [llog_test]
00097  ? llog_test_9+0x373/0x960 [llog_test]
00097  ? llog_run_tests+0x3d64/0x5ac0 [llog_test]
00097  ? get_random_u32+0x51/0x470
00097  ? llog_test_device_init+0x503/0x840 [llog_test]
00097  ? obd_setup+0x559/0x960 [obdclass]
00097  ? class_setup+0xc7d/0x10e0 [obdclass]
00097  ? class_process_config+0x2edb/0x7cb0 [obdclass]
00097  ? class_handle_ioctl+0x2055/0x3590 [obdclass]
00097  ? obd_class_ioctl+0x1f6/0x3c0 [obdclass]
00097  ? __x64_sys_ioctl+0x961/0xe00
00097  ? _copy_to_user+0x3d/0x60
00097  ? __x64_sys_rt_sigaction+0x107/0x140
00097  ? do_syscall_64+0xc1/0x350
00097  ? entry_SYSCALL_64_after_hwframe+0x4b/0x53
00097  </TASK>
00097 ---[ end trace 0000000000000000 ]---
00097 Lustre: 2172:0:(llog_test.c:1463:llog_test_9()) 9c: test llog_changelog_rec
00097 ------------[ cut here ]------------
00097 WARNING: /home/ktest/git/linux/include/linux/fs.h:889 at osd_create+0x9cf/0xcf0 [osd_wbcfs], CPU#7: lctl/2172
00097 Modules linked in: llog_test(O) mgs(O) osd_wbcfs(O) lustre(O) obdecho(O) mgc(O) mdc(O) lov(O) osc(O) lmv(O) ec(O) fid(O) fld(O) ptlrpc(O) efivarfs obdclass(O) ksocklnd(O) lnet(O) libcfs(O)
00097 CPU: 7 UID: 0 PID: 2172 Comm: lctl Tainted: G        W  O        7.0.0-ktest-e79dc82-6330a45-20260725-dirty #1 PREEMPT 
00097 Tainted: [W]=WARN, [O]=OOT_MODULE
00097 Hardware name: QEMU Standard PC (Q35 + ICH9, 2009), BIOS 2025.11-3ubuntu7 03/31/2026
00097 RIP: 0010:osd_create+0x9cf/0xcf0 [osd_wbcfs]
00097 Code: c7 c7 00 36 7d a1 48 c7 c6 a0 b2 7e a1 48 c7 c2 00 bc 7e a1 e8 82 dd 43 ff 48 c7 c7 00 36 7d a1 e8 f6 6a 44 ff e9 fe fc ff ff <0f> 0b e9 a5 fa ff ff 48 c7 c1 80 44 5d a0 80 e1 07 80 c1 03 38 c1
00097 RSP: 0018:ffffc90001ce7720 EFLAGS: 00010246
00097 RAX: 0000000000000000 RBX: ffff88819042c800 RCX: 0000000000000046
00097 RDX: 0000000000000000 RSI: ffff88810ba01818 RDI: ffff88811fa9cb18
00097 RBP: ffff88810ba01788 R08: ffffffff83a16803 R09: 1ffffffff0742d00
00097 R10: dffffc0000000000 R11: fffffbfff0742d01 R12: ffff888184423800
00097 R13: dffffc0000000000 R14: 1ffff11032085900 R15: 1ffff1103088470f
00097 FS:  00007f664d422940(0000) GS:ffff88831e7ad000(0000) knlGS:0000000000000000
00097 CS:  0010 DS: 0000 ES: 0000 CR0: 0000000080050033
00097 CR2: 00007f78c12ee200 CR3: 000000013e4af000 CR4: 0000000000750eb0
00097 PKRU: 55555554
00097 Call Trace:
00097  <TASK>
00097  ? local_object_create+0x109/0x640 [obdclass]
00097  ? dt_write_lock+0x16d/0x2a0 [obdclass]
00097  ? llog_osd_create+0x356/0x1140 [obdclass]
00097  ? llog_create+0x2ed/0x530 [obdclass]
00097  ? llog_open_create+0x5af/0xb10 [obdclass]
00097  ? llog_test_9_sub+0xd4/0x800 [llog_test]
00097  ? llog_test_9+0x4a4/0x960 [llog_test]
00097  ? llog_run_tests+0x3d64/0x5ac0 [llog_test]
00097  ? get_random_u32+0x51/0x470
00097  ? llog_test_device_init+0x503/0x840 [llog_test]
00097  ? obd_setup+0x559/0x960 [obdclass]
00097  ? class_setup+0xc7d/0x10e0 [obdclass]
00097  ? class_process_config+0x2edb/0x7cb0 [obdclass]
00097  ? class_handle_ioctl+0x2055/0x3590 [obdclass]
00097  ? obd_class_ioctl+0x1f6/0x3c0 [obdclass]
00097  ? __x64_sys_ioctl+0x961/0xe00
00097  ? _copy_to_user+0x3d/0x60
00097  ? __x64_sys_rt_sigaction+0x107/0x140
00097  ? do_syscall_64+0xc1/0x350
00097  ? entry_SYSCALL_64_after_hwframe+0x4b/0x53
00097  </TASK>
00097 ---[ end trace 0000000000000000 ]---
00097 Lustre: 2172:0:(llog_test.c:1475:llog_test_9()) 9d: test llog_changelog_user_rec2
00097 ------------[ cut here ]------------
00097 WARNING: /home/ktest/git/linux/include/linux/fs.h:889 at osd_create+0x9cf/0xcf0 [osd_wbcfs], CPU#7: lctl/2172
00097 Modules linked in: llog_test(O) mgs(O) osd_wbcfs(O) lustre(O) obdecho(O) mgc(O) mdc(O) lov(O) osc(O) lmv(O) ec(O) fid(O) fld(O) ptlrpc(O) efivarfs obdclass(O) ksocklnd(O) lnet(O) libcfs(O)
00097 CPU: 7 UID: 0 PID: 2172 Comm: lctl Tainted: G        W  O        7.0.0-ktest-e79dc82-6330a45-20260725-dirty #1 PREEMPT 
00097 Tainted: [W]=WARN, [O]=OOT_MODULE
00097 Hardware name: QEMU Standard PC (Q35 + ICH9, 2009), BIOS 2025.11-3ubuntu7 03/31/2026
00097 RIP: 0010:osd_create+0x9cf/0xcf0 [osd_wbcfs]
00097 Code: c7 c7 00 36 7d a1 48 c7 c6 a0 b2 7e a1 48 c7 c2 00 bc 7e a1 e8 82 dd 43 ff 48 c7 c7 00 36 7d a1 e8 f6 6a 44 ff e9 fe fc ff ff <0f> 0b e9 a5 fa ff ff 48 c7 c1 80 44 5d a0 80 e1 07 80 c1 03 38 c1
00097 RSP: 0018:ffffc90001ce7720 EFLAGS: 00010246
00097 RAX: 0000000000000000 RBX: ffff88819042c000 RCX: 0000000000000046
00097 RDX: 0000000000000000 RSI: ffff88810ba01100 RDI: ffff88811fa9cb18
00097 RBP: ffff88810ba01070 R08: ffffffff83a16803 R09: 1ffffffff0742d00
00097 R10: dffffc0000000000 R11: fffffbfff0742d01 R12: ffff888184423800
00097 R13: dffffc0000000000 R14: 1ffff11032085800 R15: 1ffff1103088470f
00097 FS:  00007f664d422940(0000) GS:ffff88831e7ad000(0000) knlGS:0000000000000000
00097 CS:  0010 DS: 0000 ES: 0000 CR0: 0000000080050033
00097 CR2: 00007f78c12ee200 CR3: 000000013e4af000 CR4: 0000000000750eb0
00097 PKRU: 55555554
00097 Call Trace:
00097  <TASK>
00097  ? local_object_create+0x109/0x640 [obdclass]
00097  ? dt_write_lock+0x16d/0x2a0 [obdclass]
00097  ? llog_osd_create+0x356/0x1140 [obdclass]
00097  ? llog_create+0x2ed/0x530 [obdclass]
00097  ? llog_open_create+0x5af/0xb10 [obdclass]
00097  ? llog_test_9_sub+0xd4/0x800 [llog_test]
00097  ? llog_test_9+0x5d5/0x960 [llog_test]
00097  ? llog_run_tests+0x3d64/0x5ac0 [llog_test]
00097  ? get_random_u32+0x51/0x470
00097  ? llog_test_device_init+0x503/0x840 [llog_test]
00097  ? obd_setup+0x559/0x960 [obdclass]
00097  ? class_setup+0xc7d/0x10e0 [obdclass]
00097  ? class_process_config+0x2edb/0x7cb0 [obdclass]
00097  ? class_handle_ioctl+0x2055/0x3590 [obdclass]
00097  ? obd_class_ioctl+0x1f6/0x3c0 [obdclass]
00097  ? __x64_sys_ioctl+0x961/0xe00
00097  ? _copy_to_user+0x3d/0x60
00097  ? __x64_sys_rt_sigaction+0x107/0x140
00097  ? do_syscall_64+0xc1/0x350
00097  ? entry_SYSCALL_64_after_hwframe+0x4b/0x53
00097  </TASK>
00097 ---[ end trace 0000000000000000 ]---
00097 Lustre: 2172:0:(llog_test.c:1576:llog_test_10()) 10a: create a catalog log with name: 39b995c6
00097 ------------[ cut here ]------------
00097 WARNING: /home/ktest/git/linux/include/linux/fs.h:889 at osd_create+0x9cf/0xcf0 [osd_wbcfs], CPU#7: lctl/2172
00097 Modules linked in: llog_test(O) mgs(O) osd_wbcfs(O) lustre(O) obdecho(O) mgc(O) mdc(O) lov(O) osc(O) lmv(O) ec(O) fid(O) fld(O) ptlrpc(O) efivarfs obdclass(O) ksocklnd(O) lnet(O) libcfs(O)
00097 CPU: 7 UID: 0 PID: 2172 Comm: lctl Tainted: G        W  O        7.0.0-ktest-e79dc82-6330a45-20260725-dirty #1 PREEMPT 
00097 Tainted: [W]=WARN, [O]=OOT_MODULE
00097 Hardware name: QEMU Standard PC (Q35 + ICH9, 2009), BIOS 2025.11-3ubuntu7 03/31/2026
00097 RIP: 0010:osd_create+0x9cf/0xcf0 [osd_wbcfs]
00097 Code: c7 c7 00 36 7d a1 48 c7 c6 a0 b2 7e a1 48 c7 c2 00 bc 7e a1 e8 82 dd 43 ff 48 c7 c7 00 36 7d a1 e8 f6 6a 44 ff e9 fe fc ff ff <0f> 0b e9 a5 fa ff ff 48 c7 c1 80 44 5d a0 80 e1 07 80 c1 03 38 c1
00097 RSP: 0018:ffffc90001ce75d8 EFLAGS: 00010246
00097 RAX: 0000000000000000 RBX: ffff88819042b800 RCX: 0000000000000046
00097 RDX: 0000000000000000 RSI: ffff88810ba009e8 RDI: ffff88811fa9cb18
00097 RBP: ffff88810ba00958 R08: ffffffff83a16803 R09: 1ffffffff0742d00
00097 R10: dffffc0000000000 R11: fffffbfff0742d01 R12: ffff888184423800
00097 R13: dffffc0000000000 R14: 1ffff11032085700 R15: 1ffff1103088470f
00097 FS:  00007f664d422940(0000) GS:ffff88831e7ad000(0000) knlGS:0000000000000000
00097 CS:  0010 DS: 0000 ES: 0000 CR0: 0000000080050033
00097 CR2: 00007f78c12ee200 CR3: 000000013e4af000 CR4: 0000000000750eb0
00097 PKRU: 55555554
00097 Call Trace:
00097  <TASK>
00097  ? local_object_create+0x109/0x640 [obdclass]
00097  ? dt_write_lock+0x16d/0x2a0 [obdclass]
00097  ? llog_osd_create+0x356/0x1140 [obdclass]
00097  ? llog_create+0x2ed/0x530 [obdclass]
00097  ? llog_open_create+0x5af/0xb10 [obdclass]
00097  ? llog_test_10+0x2e1/0x5600 [llog_test]
00097  ? lu_object_put+0xa64/0x1210 [obdclass]
00097  ? do_raw_spin_unlock+0x52/0x230
00097  ? _raw_spin_unlock+0x23/0x40
00097  ? __llog_ctxt_put+0x1c4/0x2f0 [obdclass]
00097  ? llog_run_tests+0x3f45/0x5ac0 [llog_test]
00097  ? get_random_u32+0x51/0x470
00097  ? llog_test_device_init+0x503/0x840 [llog_test]
00097  ? obd_setup+0x559/0x960 [obdclass]
00097  ? class_setup+0xc7d/0x10e0 [obdclass]
00097  ? class_process_config+0x2edb/0x7cb0 [obdclass]
00097  ? class_handle_ioctl+0x2055/0x3590 [obdclass]
00097  ? obd_class_ioctl+0x1f6/0x3c0 [obdclass]
00097  ? __x64_sys_ioctl+0x961/0xe00
00097  ? _copy_to_user+0x3d/0x60
00097  ? __x64_sys_rt_sigaction+0x107/0x140
00097  ? do_syscall_64+0xc1/0x350
00097  ? entry_SYSCALL_64_after_hwframe+0x4b/0x53
00097  </TASK>
00097 ---[ end trace 0000000000000000 ]---
00097 Lustre: 2172:0:(llog_test.c:1608:llog_test_10()) 10b: write 64767 log records
00097 ------------[ cut here ]------------
00097 WARNING: /home/ktest/git/linux/include/linux/fs.h:889 at osd_create+0x9cf/0xcf0 [osd_wbcfs], CPU#7: lctl/2172
00097 Modules linked in: llog_test(O) mgs(O) osd_wbcfs(O) lustre(O) obdecho(O) mgc(O) mdc(O) lov(O) osc(O) lmv(O) ec(O) fid(O) fld(O) ptlrpc(O) efivarfs obdclass(O) ksocklnd(O) lnet(O) libcfs(O)
00097 CPU: 7 UID: 0 PID: 2172 Comm: lctl Tainted: G        W  O        7.0.0-ktest-e79dc82-6330a45-20260725-dirty #1 PREEMPT 
00097 Tainted: [W]=WARN, [O]=OOT_MODULE
00097 Hardware name: QEMU Standard PC (Q35 + ICH9, 2009), BIOS 2025.11-3ubuntu7 03/31/2026
00097 RIP: 0010:osd_create+0x9cf/0xcf0 [osd_wbcfs]
00097 Code: c7 c7 00 36 7d a1 48 c7 c6 a0 b2 7e a1 48 c7 c2 00 bc 7e a1 e8 82 dd 43 ff 48 c7 c7 00 36 7d a1 e8 f6 6a 44 ff e9 fe fc ff ff <0f> 0b e9 a5 fa ff ff 48 c7 c1 80 44 5d a0 80 e1 07 80 c1 03 38 c1
00097 RSP: 0018:ffffc90001ce7478 EFLAGS: 00010246
00097 RAX: 0000000000000000 RBX: ffff88819042b000 RCX: 0000000000000046
00097 RDX: 0000000000000000 RSI: ffff88810ba002d0 RDI: ffff88811fa9cb40
00097 RBP: ffff88810ba00240 R08: ffffffff83a16803 R09: 1ffffffff0742d00
00097 R10: dffffc0000000000 R11: fffffbfff0742d01 R12: ffff888184423800
00097 R13: dffffc0000000000 R14: 1ffff11032085600 R15: 1ffff1103088470f
00097 FS:  00007f664d422940(0000) GS:ffff88831e7ad000(0000) knlGS:0000000000000000
00097 CS:  0010 DS: 0000 ES: 0000 CR0: 0000000080050033
00097 CR2: 00007f78c12ee200 CR3: 000000013e4af000 CR4: 0000000000750eb0
00097 PKRU: 55555554
00097 Call Trace:
00097  <TASK>
00097  ? local_object_create+0x109/0x640 [obdclass]
00097  ? dt_write_lock+0x16d/0x2a0 [obdclass]
00097  ? llog_osd_create+0x356/0x1140 [obdclass]
00097  ? llog_create+0x2ed/0x530 [obdclass]
00097  ? llog_cat_new_log+0x6c3/0x2bf0 [obdclass]
00097  ? llog_cat_add_rec+0x6ba/0x1960 [obdclass]
00097  ? llog_cat_add+0x451/0x890 [obdclass]
00097  ? llog_test_10+0x91d/0x5600 [llog_test]
00097  ? lu_object_put+0xa64/0x1210 [obdclass]
00097  ? do_raw_spin_unlock+0x52/0x230
00097  ? _raw_spin_unlock+0x23/0x40
00097  ? __llog_ctxt_put+0x1c4/0x2f0 [obdclass]
00097  ? llog_run_tests+0x3f45/0x5ac0 [llog_test]
00097  ? get_random_u32+0x51/0x470
00097  ? llog_test_device_init+0x503/0x840 [llog_test]
00097  ? obd_setup+0x559/0x960 [obdclass]
00097  ? class_setup+0xc7d/0x10e0 [obdclass]
00097  ? class_process_config+0x2edb/0x7cb0 [obdclass]
00097  ? class_handle_ioctl+0x2055/0x3590 [obdclass]
00097  ? obd_class_ioctl+0x1f6/0x3c0 [obdclass]
00097  ? __x64_sys_ioctl+0x961/0xe00
00097  ? _copy_to_user+0x3d/0x60
00097  ? __x64_sys_rt_sigaction+0x107/0x140
00097  ? do_syscall_64+0xc1/0x350
00097  ? entry_SYSCALL_64_after_hwframe+0x4b/0x53
00097  </TASK>
00097 ---[ end trace 0000000000000000 ]---
00101 ------------[ cut here ]------------
00101 WARNING: /home/ktest/git/linux/include/linux/fs.h:889 at osd_create+0x9cf/0xcf0 [osd_wbcfs], CPU#7: lctl/2172
00101 Modules linked in: llog_test(O) mgs(O) osd_wbcfs(O) lustre(O) obdecho(O) mgc(O) mdc(O) lov(O) osc(O) lmv(O) ec(O) fid(O) fld(O) ptlrpc(O) efivarfs obdclass(O) ksocklnd(O) lnet(O) libcfs(O)
00101 CPU: 7 UID: 0 PID: 2172 Comm: lctl Tainted: G        W  O        7.0.0-ktest-e79dc82-6330a45-20260725-dirty #1 PREEMPT 
00101 Tainted: [W]=WARN, [O]=OOT_MODULE
00101 Hardware name: QEMU Standard PC (Q35 + ICH9, 2009), BIOS 2025.11-3ubuntu7 03/31/2026
00101 RIP: 0010:osd_create+0x9cf/0xcf0 [osd_wbcfs]
00101 Code: c7 c7 00 36 7d a1 48 c7 c6 a0 b2 7e a1 48 c7 c2 00 bc 7e a1 e8 82 dd 43 ff 48 c7 c7 00 36 7d a1 e8 f6 6a 44 ff e9 fe fc ff ff <0f> 0b e9 a5 fa ff ff 48 c7 c1 80 44 5d a0 80 e1 07 80 c1 03 38 c1
00101 RSP: 0018:ffffc90001ce7478 EFLAGS: 00010246
00101 RAX: 0000000000000000 RBX: ffff88819042a800 RCX: 0000000000000046
00101 RDX: 0000000000000000 RSI: ffff88818e632648 RDI: ffff88811fa9cb40
00101 RBP: ffff88818e6325b8 R08: ffffffff83a16803 R09: 1ffffffff0742d00
00101 R10: dffffc0000000000 R11: fffffbfff0742d01 R12: ffff888184423800
00101 R13: dffffc0000000000 R14: 1ffff11032085500 R15: 1ffff1103088470f
00101 FS:  00007f664d422940(0000) GS:ffff88831e7ad000(0000) knlGS:0000000000000000
00101 CS:  0010 DS: 0000 ES: 0000 CR0: 0000000080050033
00101 CR2: 00007f78c12ee200 CR3: 000000013e4af000 CR4: 0000000000750eb0
00101 PKRU: 55555554
00101 Call Trace:
00101  <TASK>
00101  ? local_object_create+0x109/0x640 [obdclass]
00101  ? dt_write_lock+0x16d/0x2a0 [obdclass]
00101  ? llog_osd_create+0x356/0x1140 [obdclass]
00101  ? llog_create+0x2ed/0x530 [obdclass]
00101  ? llog_cat_new_log+0x6c3/0x2bf0 [obdclass]
00101  ? llog_cat_add_rec+0x6ba/0x1960 [obdclass]
00101  ? llog_cat_add+0x451/0x890 [obdclass]
00101  ? llog_test_10+0x91d/0x5600 [llog_test]
00101  ? lu_object_put+0xa64/0x1210 [obdclass]
00101  ? do_raw_spin_unlock+0x52/0x230
00101  ? _raw_spin_unlock+0x23/0x40
00101  ? __llog_ctxt_put+0x1c4/0x2f0 [obdclass]
00101  ? llog_run_tests+0x3f45/0x5ac0 [llog_test]
00101  ? get_random_u32+0x51/0x470
00101  ? llog_test_device_init+0x503/0x840 [llog_test]
00101  ? obd_setup+0x559/0x960 [obdclass]
00101  ? class_setup+0xc7d/0x10e0 [obdclass]
00101  ? class_process_config+0x2edb/0x7cb0 [obdclass]
00101  ? class_handle_ioctl+0x2055/0x3590 [obdclass]
00101  ? obd_class_ioctl+0x1f6/0x3c0 [obdclass]
00101  ? __x64_sys_ioctl+0x961/0xe00
00101  ? _copy_to_user+0x3d/0x60
00101  ? __x64_sys_rt_sigaction+0x107/0x140
00101  ? do_syscall_64+0xc1/0x350
00101  ? entry_SYSCALL_64_after_hwframe+0x4b/0x53
00101  </TASK>
00101 ---[ end trace 0000000000000000 ]---
00101 Lustre: 2172:0:(llog_test.c:1634:llog_test_10()) 10c: write 129534 more log records
00104 ------------[ cut here ]------------
00104 WARNING: /home/ktest/git/linux/include/linux/fs.h:889 at osd_create+0x9cf/0xcf0 [osd_wbcfs], CPU#7: lctl/2172
00104 Modules linked in: llog_test(O) mgs(O) osd_wbcfs(O) lustre(O) obdecho(O) mgc(O) mdc(O) lov(O) osc(O) lmv(O) ec(O) fid(O) fld(O) ptlrpc(O) efivarfs obdclass(O) ksocklnd(O) lnet(O) libcfs(O)
00104 CPU: 7 UID: 0 PID: 2172 Comm: lctl Tainted: G        W  O        7.0.0-ktest-e79dc82-6330a45-20260725-dirty #1 PREEMPT 
00104 Tainted: [W]=WARN, [O]=OOT_MODULE
00104 Hardware name: QEMU Standard PC (Q35 + ICH9, 2009), BIOS 2025.11-3ubuntu7 03/31/2026
00104 RIP: 0010:osd_create+0x9cf/0xcf0 [osd_wbcfs]
00104 Code: c7 c7 00 36 7d a1 48 c7 c6 a0 b2 7e a1 48 c7 c2 00 bc 7e a1 e8 82 dd 43 ff 48 c7 c7 00 36 7d a1 e8 f6 6a 44 ff e9 fe fc ff ff <0f> 0b e9 a5 fa ff ff 48 c7 c1 80 44 5d a0 80 e1 07 80 c1 03 38 c1
00104 RSP: 0018:ffffc90001ce7478 EFLAGS: 00010246
00104 RAX: 0000000000000000 RBX: ffff88819e3c6000 RCX: 0000000000000046
00104 RDX: 0000000000000000 RSI: ffff88818e631f30 RDI: ffff88811fa9cb40
00104 RBP: ffff88818e631ea0 R08: ffffffff83a16803 R09: 1ffffffff0742d00
00104 R10: dffffc0000000000 R11: fffffbfff0742d01 R12: ffff888184423800
00104 R13: dffffc0000000000 R14: 1ffff11033c78c00 R15: 1ffff1103088470f
00104 FS:  00007f664d422940(0000) GS:ffff88831e7ad000(0000) knlGS:0000000000000000
00104 CS:  0010 DS: 0000 ES: 0000 CR0: 0000000080050033
00104 CR2: 00007f78c12ee200 CR3: 000000013e4af000 CR4: 0000000000750eb0
00104 PKRU: 55555554
00104 Call Trace:
00104  <TASK>
00104  ? local_object_create+0x109/0x640 [obdclass]
00104  ? dt_write_lock+0x16d/0x2a0 [obdclass]
00104  ? llog_osd_create+0x356/0x1140 [obdclass]
00104  ? llog_create+0x2ed/0x530 [obdclass]
00104  ? llog_cat_new_log+0x6c3/0x2bf0 [obdclass]
00104  ? llog_cat_add_rec+0x6ba/0x1960 [obdclass]
00104  ? llog_cat_add+0x451/0x890 [obdclass]
00104  ? llog_test_10+0xbd3/0x5600 [llog_test]
00104  ? lu_object_put+0xa64/0x1210 [obdclass]
00104  ? do_raw_spin_unlock+0x52/0x230
00104  ? _raw_spin_unlock+0x23/0x40
00104  ? __llog_ctxt_put+0x1c4/0x2f0 [obdclass]
00104  ? llog_run_tests+0x3f45/0x5ac0 [llog_test]
00104  ? get_random_u32+0x51/0x470
00104  ? llog_test_device_init+0x503/0x840 [llog_test]
00104  ? obd_setup+0x559/0x960 [obdclass]
00104  ? class_setup+0xc7d/0x10e0 [obdclass]
00104  ? class_process_config+0x2edb/0x7cb0 [obdclass]
00104  ? class_handle_ioctl+0x2055/0x3590 [obdclass]
00104  ? obd_class_ioctl+0x1f6/0x3c0 [obdclass]
00104  ? __x64_sys_ioctl+0x961/0xe00
00104  ? _copy_to_user+0x3d/0x60
00104  ? __x64_sys_rt_sigaction+0x107/0x140
00104  ? do_syscall_64+0xc1/0x350
00104  ? entry_SYSCALL_64_after_hwframe+0x4b/0x53
00104  </TASK>
00104 ---[ end trace 0000000000000000 ]---
00107 ------------[ cut here ]------------
00107 WARNING: /home/ktest/git/linux/include/linux/fs.h:889 at osd_create+0x9cf/0xcf0 [osd_wbcfs], CPU#7: lctl/2172
00107 Modules linked in: llog_test(O) mgs(O) osd_wbcfs(O) lustre(O) obdecho(O) mgc(O) mdc(O) lov(O) osc(O) lmv(O) ec(O) fid(O) fld(O) ptlrpc(O) efivarfs obdclass(O) ksocklnd(O) lnet(O) libcfs(O)
00107 CPU: 7 UID: 0 PID: 2172 Comm: lctl Tainted: G        W  O        7.0.0-ktest-e79dc82-6330a45-20260725-dirty #1 PREEMPT 
00107 Tainted: [W]=WARN, [O]=OOT_MODULE
00107 Hardware name: QEMU Standard PC (Q35 + ICH9, 2009), BIOS 2025.11-3ubuntu7 03/31/2026
00107 RIP: 0010:osd_create+0x9cf/0xcf0 [osd_wbcfs]
00107 Code: c7 c7 00 36 7d a1 48 c7 c6 a0 b2 7e a1 48 c7 c2 00 bc 7e a1 e8 82 dd 43 ff 48 c7 c7 00 36 7d a1 e8 f6 6a 44 ff e9 fe fc ff ff <0f> 0b e9 a5 fa ff ff 48 c7 c1 80 44 5d a0 80 e1 07 80 c1 03 38 c1
00107 RSP: 0018:ffffc90001ce7478 EFLAGS: 00010246
00107 RAX: 0000000000000000 RBX: ffff88818d9a9000 RCX: 0000000000000046
00107 RDX: 0000000000000000 RSI: ffff88818e631818 RDI: ffff88811fa9cb40
00107 RBP: ffff88818e631788 R08: ffffffff83a16803 R09: 1ffffffff0742d00
00107 R10: dffffc0000000000 R11: fffffbfff0742d01 R12: ffff888184423800
00107 R13: dffffc0000000000 R14: 1ffff11031b35200 R15: 1ffff1103088470f
00107 FS:  00007f664d422940(0000) GS:ffff88831e7ad000(0000) knlGS:0000000000000000
00107 CS:  0010 DS: 0000 ES: 0000 CR0: 0000000080050033
00107 CR2: 00007f78c12ee200 CR3: 000000013e4af000 CR4: 0000000000750eb0
00107 PKRU: 55555554
00107 Call Trace:
00107  <TASK>
00107  ? local_object_create+0x109/0x640 [obdclass]
00107  ? dt_write_lock+0x16d/0x2a0 [obdclass]
00107  ? llog_osd_create+0x356/0x1140 [obdclass]
00107  ? llog_create+0x2ed/0x530 [obdclass]
00107  ? llog_cat_new_log+0x6c3/0x2bf0 [obdclass]
00107  ? llog_cat_add_rec+0x6ba/0x1960 [obdclass]
00107  ? llog_cat_add+0x451/0x890 [obdclass]
00107  ? llog_test_10+0xbd3/0x5600 [llog_test]
00107  ? lu_object_put+0xa64/0x1210 [obdclass]
00107  ? do_raw_spin_unlock+0x52/0x230
00107  ? _raw_spin_unlock+0x23/0x40
00107  ? __llog_ctxt_put+0x1c4/0x2f0 [obdclass]
00107  ? llog_run_tests+0x3f45/0x5ac0 [llog_test]
00107  ? get_random_u32+0x51/0x470
00107  ? llog_test_device_init+0x503/0x840 [llog_test]
00107  ? obd_setup+0x559/0x960 [obdclass]
00107  ? class_setup+0xc7d/0x10e0 [obdclass]
00107  ? class_process_config+0x2edb/0x7cb0 [obdclass]
00107  ? class_handle_ioctl+0x2055/0x3590 [obdclass]
00107  ? obd_class_ioctl+0x1f6/0x3c0 [obdclass]
00107  ? __x64_sys_ioctl+0x961/0xe00
00107  ? _copy_to_user+0x3d/0x60
00107  ? __x64_sys_rt_sigaction+0x107/0x140
00107  ? do_syscall_64+0xc1/0x350
00107  ? entry_SYSCALL_64_after_hwframe+0x4b/0x53
00107  </TASK>
00107 ---[ end trace 0000000000000000 ]---
00107 Lustre: 2172:0:(llog_test.c:1666:llog_test_10()) 10c: write 64767 more log records
00111 Lustre: 2172:0:(llog_cat.c:80:llog_cat_new_log()) MGS: there are no more free slots in catalog 39b995c6
00111 LustreError: 2172:0:(llog_cat.c:593:llog_cat_add_rec()) MGS: initialization error: rc = -28
00111 Lustre: 2172:0:(llog_test.c:1692:llog_test_10()) 10c: wrote 64011 records then 756 failed with ENOSPC
00111 Lustre: 2172:0:(llog_test.c:1711:llog_test_10()) 10d: Cancel 64767 records, see one log zapped
00113 Lustre: 2172:0:(llog_test.c:1725:llog_test_10()) 10d: print the catalog entries.. we expect 3
00113 Lustre: 2194:0:(llog_test.c:700:cat_print_cb()) seeing record at index 2 - [0x1:0x19:0x0] in log [0xa:0x5:0x0]
00113 Lustre: 2172:0:(llog_test.c:1755:llog_test_10()) 10e: write 64767 more log records
00113 ------------[ cut here ]------------
00113 WARNING: /home/ktest/git/linux/include/linux/fs.h:889 at osd_create+0x9cf/0xcf0 [osd_wbcfs], CPU#7: lctl/2172
00113 Modules linked in: llog_test(O) mgs(O) osd_wbcfs(O) lustre(O) obdecho(O) mgc(O) mdc(O) lov(O) osc(O) lmv(O) ec(O) fid(O) fld(O) ptlrpc(O) efivarfs obdclass(O) ksocklnd(O) lnet(O) libcfs(O)
00113 CPU: 7 UID: 0 PID: 2172 Comm: lctl Tainted: G        W  O        7.0.0-ktest-e79dc82-6330a45-20260725-dirty #1 PREEMPT 
00113 Tainted: [W]=WARN, [O]=OOT_MODULE
00113 Hardware name: QEMU Standard PC (Q35 + ICH9, 2009), BIOS 2025.11-3ubuntu7 03/31/2026
00113 RIP: 0010:osd_create+0x9cf/0xcf0 [osd_wbcfs]
00113 Code: c7 c7 00 36 7d a1 48 c7 c6 a0 b2 7e a1 48 c7 c2 00 bc 7e a1 e8 82 dd 43 ff 48 c7 c7 00 36 7d a1 e8 f6 6a 44 ff e9 fe fc ff ff <0f> 0b e9 a5 fa ff ff 48 c7 c1 80 44 5d a0 80 e1 07 80 c1 03 38 c1
00113 RSP: 0018:ffffc90001ce7478 EFLAGS: 00010246
00113 RAX: 0000000000000000 RBX: ffff8881987be000 RCX: 0000000000000046
00113 RDX: 0000000000000000 RSI: ffff88818e631100 RDI: ffff88811fa9cb40
00113 RBP: ffff88818e631070 R08: ffffffff83a16803 R09: 1ffffffff0742d00
00113 R10: dffffc0000000000 R11: fffffbfff0742d01 R12: ffff888184423800
00113 R13: dffffc0000000000 R14: 1ffff110330f7c00 R15: 1ffff1103088470f
00113 FS:  00007f664d422940(0000) GS:ffff88831e7ad000(0000) knlGS:0000000000000000
00113 CS:  0010 DS: 0000 ES: 0000 CR0: 0000000080050033
00113 CR2: 00007f78c12ee200 CR3: 000000013e4af000 CR4: 0000000000750eb0
00113 PKRU: 55555554
00113 Call Trace:
00113  <TASK>
00113  ? local_object_create+0x109/0x640 [obdclass]
00113  ? dt_write_lock+0x16d/0x2a0 [obdclass]
00113  ? llog_osd_create+0x356/0x1140 [obdclass]
00113  ? llog_create+0x2ed/0x530 [obdclass]
00113  ? llog_cat_new_log+0x6c3/0x2bf0 [obdclass]
00113  ? llog_cat_add_rec+0x6ba/0x1960 [obdclass]
00113  ? llog_cat_add+0x451/0x890 [obdclass]
00113  ? llog_test_10+0x19aa/0x5600 [llog_test]
00113  ? lu_object_put+0xa64/0x1210 [obdclass]
00113  ? do_raw_spin_unlock+0x52/0x230
00113  ? _raw_spin_unlock+0x23/0x40
00113  ? __llog_ctxt_put+0x1c4/0x2f0 [obdclass]
00113  ? llog_run_tests+0x3f45/0x5ac0 [llog_test]
00113  ? get_random_u32+0x51/0x470
00113  ? llog_test_device_init+0x503/0x840 [llog_test]
00113  ? obd_setup+0x559/0x960 [obdclass]
00113  ? class_setup+0xc7d/0x10e0 [obdclass]
00113  ? class_process_config+0x2edb/0x7cb0 [obdclass]
00113  ? class_handle_ioctl+0x2055/0x3590 [obdclass]
00113  ? obd_class_ioctl+0x1f6/0x3c0 [obdclass]
00113  ? __x64_sys_ioctl+0x961/0xe00
00113  ? _copy_to_user+0x3d/0x60
00113  ? __x64_sys_rt_sigaction+0x107/0x140
00113  ? do_syscall_64+0xc1/0x350
00113  ? entry_SYSCALL_64_after_hwframe+0x4b/0x53
00113  </TASK>
00113 ---[ end trace 0000000000000000 ]---
00117 Lustre: 2172:0:(llog_cat.c:80:llog_cat_new_log()) MGS: there are no more free slots in catalog 39b995c6
00117 Lustre: 2172:0:(llog_cat.c:80:llog_cat_new_log()) Skipped 755 previous similar messages
00117 LustreError: 2172:0:(llog_cat.c:593:llog_cat_add_rec()) MGS: initialization error: rc = -28
00117 LustreError: 2172:0:(llog_cat.c:593:llog_cat_add_rec()) Skipped 755 previous similar messages
00117 Lustre: 2172:0:(llog_test.c:1781:llog_test_10()) 10e: wrote 64578 records then 189 failed with ENOSPC
00117 Lustre: 2172:0:(llog_test.c:1783:llog_test_10()) 10e: print the catalog entries.. we expect 4
00117 Lustre: 2172:0:(llog_cat.c:984:llog_cat_process_or_fork()) MGS: catlog [0xa:0x5:0x0] crosses index zero
00117 Lustre: 2172:0:(llog_test.c:700:cat_print_cb()) seeing record at index 2 - [0x1:0x19:0x0] in log [0xa:0x5:0x0]
00117 Lustre: 2172:0:(llog_test.c:700:cat_print_cb()) Skipped 2 previous similar messages
00117 Lustre: 2172:0:(llog_test.c:1819:llog_test_10()) 10e: catalog successfully wrap around, last_idx 1, first 1
00117 Lustre: 2172:0:(llog_test.c:1836:llog_test_10()) 10f: Cancel 64767 records, see one log zapped
00119 Lustre: 2172:0:(llog_test.c:1850:llog_test_10()) 10f: print the catalog entries.. we expect 3
00119 Lustre: 2172:0:(llog_cat.c:984:llog_cat_process_or_fork()) MGS: catlog [0xa:0x5:0x0] crosses index zero
00119 Lustre: 2172:0:(llog_cat.c:984:llog_cat_process_or_fork()) Skipped 1 previous similar message
00119 Lustre: 2172:0:(llog_test.c:1881:llog_test_10()) 10f: write 64767 more log records
00119 ------------[ cut here ]------------
00119 WARNING: /home/ktest/git/linux/include/linux/fs.h:889 at osd_create+0x9cf/0xcf0 [osd_wbcfs], CPU#7: lctl/2172
00119 Modules linked in: llog_test(O) mgs(O) osd_wbcfs(O) lustre(O) obdecho(O) mgc(O) mdc(O) lov(O) osc(O) lmv(O) ec(O) fid(O) fld(O) ptlrpc(O) efivarfs obdclass(O) ksocklnd(O) lnet(O) libcfs(O)
00119 CPU: 7 UID: 0 PID: 2172 Comm: lctl Tainted: G        W  O        7.0.0-ktest-e79dc82-6330a45-20260725-dirty #1 PREEMPT 
00119 Tainted: [W]=WARN, [O]=OOT_MODULE
00119 Hardware name: QEMU Standard PC (Q35 + ICH9, 2009), BIOS 2025.11-3ubuntu7 03/31/2026
00119 RIP: 0010:osd_create+0x9cf/0xcf0 [osd_wbcfs]
00119 Code: c7 c7 00 36 7d a1 48 c7 c6 a0 b2 7e a1 48 c7 c2 00 bc 7e a1 e8 82 dd 43 ff 48 c7 c7 00 36 7d a1 e8 f6 6a 44 ff e9 fe fc ff ff <0f> 0b e9 a5 fa ff ff 48 c7 c1 80 44 5d a0 80 e1 07 80 c1 03 38 c1
00119 RSP: 0018:ffffc90001ce7478 EFLAGS: 00010246
00119 RAX: 0000000000000000 RBX: ffff8881977a3400 RCX: 0000000000000046
00119 RDX: 0000000000000000 RSI: ffff88818e6309e8 RDI: ffff88811fa9cb40
00119 RBP: ffff88818e630958 R08: ffffffff83a16803 R09: 1ffffffff0742d00
00119 R10: dffffc0000000000 R11: fffffbfff0742d01 R12: ffff888184423800
00119 R13: dffffc0000000000 R14: 1ffff11032ef4680 R15: 1ffff1103088470f
00119 FS:  00007f664d422940(0000) GS:ffff88831e7ad000(0000) knlGS:0000000000000000
00119 CS:  0010 DS: 0000 ES: 0000 CR0: 0000000080050033
00119 CR2: 00007f78c12ee200 CR3: 000000013e4af000 CR4: 0000000000750eb0
00119 PKRU: 55555554
00119 Call Trace:
00119  <TASK>
00119  ? local_object_create+0x109/0x640 [obdclass]
00119  ? dt_write_lock+0x16d/0x2a0 [obdclass]
00119  ? llog_osd_create+0x356/0x1140 [obdclass]
00119  ? llog_create+0x2ed/0x530 [obdclass]
00119  ? llog_cat_new_log+0x6c3/0x2bf0 [obdclass]
00119  ? llog_cat_add_rec+0x6ba/0x1960 [obdclass]
00119  ? llog_cat_add+0x451/0x890 [obdclass]
00119  ? llog_test_10+0x2c5e/0x5600 [llog_test]
00119  ? lu_object_put+0xa64/0x1210 [obdclass]
00119  ? do_raw_spin_unlock+0x52/0x230
00119  ? _raw_spin_unlock+0x23/0x40
00119  ? __llog_ctxt_put+0x1c4/0x2f0 [obdclass]
00119  ? llog_run_tests+0x3f45/0x5ac0 [llog_test]
00119  ? get_random_u32+0x51/0x470
00119  ? llog_test_device_init+0x503/0x840 [llog_test]
00119  ? obd_setup+0x559/0x960 [obdclass]
00119  ? class_setup+0xc7d/0x10e0 [obdclass]
00119  ? class_process_config+0x2edb/0x7cb0 [obdclass]
00119  ? class_handle_ioctl+0x2055/0x3590 [obdclass]
00119  ? obd_class_ioctl+0x1f6/0x3c0 [obdclass]
00119  ? __x64_sys_ioctl+0x961/0xe00
00119  ? _copy_to_user+0x3d/0x60
00119  ? __x64_sys_rt_sigaction+0x107/0x140
00119  ? do_syscall_64+0xc1/0x350
00119  ? entry_SYSCALL_64_after_hwframe+0x4b/0x53
00119  </TASK>
00119 ---[ end trace 0000000000000000 ]---
00124 Lustre: 2172:0:(llog_cat.c:80:llog_cat_new_log()) MGS: there are no more free slots in catalog 39b995c6
00124 Lustre: 2172:0:(llog_cat.c:80:llog_cat_new_log()) Skipped 188 previous similar messages
00124 LustreError: 2172:0:(llog_cat.c:593:llog_cat_add_rec()) MGS: initialization error: rc = -28
00124 LustreError: 2172:0:(llog_cat.c:593:llog_cat_add_rec()) Skipped 188 previous similar messages
00124 Lustre: 2172:0:(llog_test.c:1907:llog_test_10()) 10f: wrote 64578 records then 189 failed with ENOSPC
00124 Lustre: 2172:0:(llog_test.c:1953:llog_test_10()) 10g: Cancel 64767 records, see one log zapped
00124 Lustre: 2172:0:(llog_cat.c:984:llog_cat_process_or_fork()) MGS: catlog [0xa:0x5:0x0] crosses index zero
00126 Lustre: 2172:0:(llog_test.c:1965:llog_test_10()) 10g: print the catalog entries.. we expect 3
00126 Lustre: 2172:0:(llog_cat.c:984:llog_cat_process_or_fork()) MGS: catlog [0xa:0x5:0x0] crosses index zero
00126 Lustre: 2172:0:(llog_test.c:700:cat_print_cb()) seeing record at index 4 - [0x1:0x1b:0x0] in log [0xa:0x5:0x0]
00126 Lustre: 2172:0:(llog_test.c:700:cat_print_cb()) Skipped 6 previous similar messages
00126 Lustre: 2172:0:(llog_test.c:1995:llog_test_10()) 10g: Cancel 64767 records, see one log zapped
00129 Lustre: 2172:0:(llog_test.c:2009:llog_test_10()) 10g: print the catalog entries.. we expect 2
00129 Lustre: 2172:0:(llog_test.c:2047:llog_test_10()) 10g: Cancel 64767 records, see one log zapped
00131 Lustre: 2172:0:(llog_test.c:2061:llog_test_10()) 10g: print the catalog entries.. we expect 1
00131 Lustre: 2172:0:(llog_test.c:2087:llog_test_10()) 10g: llh_cat_idx has also successfully wrapped!
00131 Lustre: 2196:0:(llog_test.c:1535:cat_check_old_cb()) seeing record at index 2 - [0x1:0x1d:0x0] in log [0xa:0x5:0x0]
00132 Lustre: 2172:0:(llog_test.c:2111:llog_test_10()) 10h: write 64767 more log records
00132 ------------[ cut here ]------------
00132 WARNING: /home/ktest/git/linux/include/linux/fs.h:889 at osd_create+0x9cf/0xcf0 [osd_wbcfs], CPU#7: lctl/2172
00132 Modules linked in: llog_test(O) mgs(O) osd_wbcfs(O) lustre(O) obdecho(O) mgc(O) mdc(O) lov(O) osc(O) lmv(O) ec(O) fid(O) fld(O) ptlrpc(O) efivarfs obdclass(O) ksocklnd(O) lnet(O) libcfs(O)
00132 CPU: 7 UID: 0 PID: 2172 Comm: lctl Tainted: G        W  O        7.0.0-ktest-e79dc82-6330a45-20260725-dirty #1 PREEMPT 
00132 Tainted: [W]=WARN, [O]=OOT_MODULE
00132 Hardware name: QEMU Standard PC (Q35 + ICH9, 2009), BIOS 2025.11-3ubuntu7 03/31/2026
00132 RIP: 0010:osd_create+0x9cf/0xcf0 [osd_wbcfs]
00132 Code: c7 c7 00 36 7d a1 48 c7 c6 a0 b2 7e a1 48 c7 c2 00 bc 7e a1 e8 82 dd 43 ff 48 c7 c7 00 36 7d a1 e8 f6 6a 44 ff e9 fe fc ff ff <0f> 0b e9 a5 fa ff ff 48 c7 c1 80 44 5d a0 80 e1 07 80 c1 03 38 c1
00132 RSP: 0018:ffffc90001ce7478 EFLAGS: 00010246
00132 RAX: 0000000000000000 RBX: ffff8880010b1800 RCX: 0000000000000046
00132 RDX: 0000000000000000 RSI: ffff88818e6302d0 RDI: ffff88811fa9cb40
00132 RBP: ffff88818e630240 R08: ffffffff83a16803 R09: 1ffffffff0742d00
00132 R10: dffffc0000000000 R11: fffffbfff0742d01 R12: ffff888184423800
00132 R13: dffffc0000000000 R14: 1ffff11000216300 R15: 1ffff1103088470f
00132 FS:  00007f664d422940(0000) GS:ffff88831e7ad000(0000) knlGS:0000000000000000
00132 CS:  0010 DS: 0000 ES: 0000 CR0: 0000000080050033
00132 CR2: 00007f78c12ee200 CR3: 000000013e4af000 CR4: 0000000000750eb0
00132 PKRU: 55555554
00132 Call Trace:
00132  <TASK>
00132  ? local_object_create+0x109/0x640 [obdclass]
00132  ? dt_write_lock+0x16d/0x2a0 [obdclass]
00132  ? llog_osd_create+0x356/0x1140 [obdclass]
00132  ? llog_create+0x2ed/0x530 [obdclass]
00132  ? llog_cat_new_log+0x6c3/0x2bf0 [obdclass]
00132  ? llog_cat_add_rec+0x6ba/0x1960 [obdclass]
00132  ? llog_cat_add+0x451/0x890 [obdclass]
00132  ? llog_test_10+0x50f8/0x5600 [llog_test]
00132  ? llog_test_9_sub+0x800/0x800 [llog_test]
00132  ? llog_run_tests+0x3f45/0x5ac0 [llog_test]
00132  ? get_random_u32+0x51/0x470
00132  ? llog_test_device_init+0x503/0x840 [llog_test]
00132  ? obd_setup+0x559/0x960 [obdclass]
00132  ? class_setup+0xc7d/0x10e0 [obdclass]
00132  ? class_process_config+0x2edb/0x7cb0 [obdclass]
00132  ? class_handle_ioctl+0x2055/0x3590 [obdclass]
00132  ? obd_class_ioctl+0x1f6/0x3c0 [obdclass]
00132  ? __x64_sys_ioctl+0x961/0xe00
00132  ? _copy_to_user+0x3d/0x60
00132  ? __x64_sys_rt_sigaction+0x107/0x140
00132  ? do_syscall_64+0xc1/0x350
00132  ? entry_SYSCALL_64_after_hwframe+0x4b/0x53
00132  </TASK>
00132 ---[ end trace 0000000000000000 ]---
00132 LustreError: 2172:0:(llog_osd.c:684:llog_osd_write_rec()) cfs_race id 1317 sleeping
00132 LustreError: 2196:0:(llog.c:690:llog_process_thread()) cfs_fail_race id 1317 waking
00132 LustreError: 2172:0:(llog_osd.c:684:llog_osd_write_rec()) cfs_fail_race id 1317 awake: rc=450
00133 LustreError: 2196:0:(llog.c:690:llog_process_thread()) cfs_fail_race id 1317 waking
00133 Lustre: 2196:0:(llog_test.c:1535:cat_check_old_cb()) seeing record at index 3 - [0x1:0x1e:0x0] in log [0xa:0x5:0x0]
00137 ------------[ cut here ]------------
00137 WARNING: /home/ktest/git/linux/include/linux/fs.h:889 at osd_create+0x9cf/0xcf0 [osd_wbcfs], CPU#7: lctl/2172
00137 Modules linked in: llog_test(O) mgs(O) osd_wbcfs(O) lustre(O) obdecho(O) mgc(O) mdc(O) lov(O) osc(O) lmv(O) ec(O) fid(O) fld(O) ptlrpc(O) efivarfs obdclass(O) ksocklnd(O) lnet(O) libcfs(O)
00137 CPU: 7 UID: 0 PID: 2172 Comm: lctl Tainted: G        W  O        7.0.0-ktest-e79dc82-6330a45-20260725-dirty #1 PREEMPT 
00137 Tainted: [W]=WARN, [O]=OOT_MODULE
00137 Hardware name: QEMU Standard PC (Q35 + ICH9, 2009), BIOS 2025.11-3ubuntu7 03/31/2026
00137 RIP: 0010:osd_create+0x9cf/0xcf0 [osd_wbcfs]
00137 Code: c7 c7 00 36 7d a1 48 c7 c6 a0 b2 7e a1 48 c7 c2 00 bc 7e a1 e8 82 dd 43 ff 48 c7 c7 00 36 7d a1 e8 f6 6a 44 ff e9 fe fc ff ff <0f> 0b e9 a5 fa ff ff 48 c7 c1 80 44 5d a0 80 e1 07 80 c1 03 38 c1
00137 RSP: 0018:ffffc90001ce7478 EFLAGS: 00010246
00137 RAX: 0000000000000000 RBX: ffff888012564c00 RCX: 0000000000000046
00137 RDX: 0000000000000000 RSI: ffff88810ba07b68 RDI: ffff88811fa9cb40
00137 RBP: ffff88810ba07ad8 R08: ffffffff83a16803 R09: 1ffffffff0742d00
00137 R10: dffffc0000000000 R11: fffffbfff0742d01 R12: ffff888184423800
00137 R13: dffffc0000000000 R14: 1ffff110024ac980 R15: 1ffff1103088470f
00137 FS:  00007f664d422940(0000) GS:ffff88831e7ad000(0000) knlGS:0000000000000000
00137 CS:  0010 DS: 0000 ES: 0000 CR0: 0000000080050033
00137 CR2: 00007f78c12ee200 CR3: 000000013e4af000 CR4: 0000000000750eb0
00137 PKRU: 55555554
00137 Call Trace:
00137  <TASK>
00137  ? local_object_create+0x109/0x640 [obdclass]
00137  ? dt_write_lock+0x16d/0x2a0 [obdclass]
00137  ? llog_osd_create+0x356/0x1140 [obdclass]
00137  ? llog_create+0x2ed/0x530 [obdclass]
00137  ? llog_cat_new_log+0x6c3/0x2bf0 [obdclass]
00137  ? llog_cat_add_rec+0x6ba/0x1960 [obdclass]
00137  ? llog_cat_add+0x451/0x890 [obdclass]
00137  ? llog_test_10+0x50f8/0x5600 [llog_test]
00137  ? llog_test_9_sub+0x800/0x800 [llog_test]
00137  ? llog_run_tests+0x3f45/0x5ac0 [llog_test]
00137  ? get_random_u32+0x51/0x470
00137  ? llog_test_device_init+0x503/0x840 [llog_test]
00137  ? obd_setup+0x559/0x960 [obdclass]
00137  ? class_setup+0xc7d/0x10e0 [obdclass]
00137  ? class_process_config+0x2edb/0x7cb0 [obdclass]
00137  ? class_handle_ioctl+0x2055/0x3590 [obdclass]
00137  ? obd_class_ioctl+0x1f6/0x3c0 [obdclass]
00137  ? __x64_sys_ioctl+0x961/0xe00
00137  ? _copy_to_user+0x3d/0x60
00137  ? __x64_sys_rt_sigaction+0x107/0x140
00137  ? do_syscall_64+0xc1/0x350
00137  ? entry_SYSCALL_64_after_hwframe+0x4b/0x53
00137  </TASK>
00137 ---[ end trace 0000000000000000 ]---
00137 LustreError: 2172:0:(llog_osd.c:684:llog_osd_write_rec()) cfs_fail_race id 1317 waking
00138 Lustre: 2172:0:(llog_test.c:2137:llog_test_10()) 10h: wrote 64767 records then 0 failed with ENOSPC
00138 Lustre: 2172:0:(llog_test.c:2150:llog_test_10()) 10: put newly-created catalog
00138 Lustre: 2172:0:(llog_test.c:2180:llog_test_11()) 11: create a plain nameless log
00138 ------------[ cut here ]------------
00138 WARNING: /home/ktest/git/linux/include/linux/fs.h:889 at osd_create+0x9cf/0xcf0 [osd_wbcfs], CPU#7: lctl/2172
00138 Modules linked in: llog_test(O) mgs(O) osd_wbcfs(O) lustre(O) obdecho(O) mgc(O) mdc(O) lov(O) osc(O) lmv(O) ec(O) fid(O) fld(O) ptlrpc(O) efivarfs obdclass(O) ksocklnd(O) lnet(O) libcfs(O)
00138 CPU: 7 UID: 0 PID: 2172 Comm: lctl Tainted: G        W  O        7.0.0-ktest-e79dc82-6330a45-20260725-dirty #1 PREEMPT 
00138 Tainted: [W]=WARN, [O]=OOT_MODULE
00138 Hardware name: QEMU Standard PC (Q35 + ICH9, 2009), BIOS 2025.11-3ubuntu7 03/31/2026
00138 RIP: 0010:osd_create+0x9cf/0xcf0 [osd_wbcfs]
00138 Code: c7 c7 00 36 7d a1 48 c7 c6 a0 b2 7e a1 48 c7 c2 00 bc 7e a1 e8 82 dd 43 ff 48 c7 c7 00 36 7d a1 e8 f6 6a 44 ff e9 fe fc ff ff <0f> 0b e9 a5 fa ff ff 48 c7 c1 80 44 5d a0 80 e1 07 80 c1 03 38 c1
00138 RSP: 0018:ffffc90001ce7680 EFLAGS: 00010246
00138 RAX: 0000000000000000 RBX: ffff8880345c6c00 RCX: 0000000000000046
00138 RDX: 0000000000000000 RSI: ffff88810ba07450 RDI: ffff88811fa9cb18
00138 RBP: ffff88810ba073c0 R08: ffffffff83a16803 R09: 1ffffffff0742d00
00138 R10: dffffc0000000000 R11: fffffbfff0742d01 R12: ffff888184423800
00138 R13: dffffc0000000000 R14: 1ffff110068b8d80 R15: 1ffff1103088470f
00138 FS:  00007f664d422940(0000) GS:ffff88831e7ad000(0000) knlGS:0000000000000000
00138 CS:  0010 DS: 0000 ES: 0000 CR0: 0000000080050033
00138 CR2: 00007f78c12ee200 CR3: 000000013e4af000 CR4: 0000000000750eb0
00138 PKRU: 55555554
00138 Call Trace:
00138  <TASK>
00138  ? local_object_create+0x109/0x640 [obdclass]
00138  ? dt_write_lock+0x16d/0x2a0 [obdclass]
00138  ? llog_osd_create+0x356/0x1140 [obdclass]
00138  ? llog_create+0x2ed/0x530 [obdclass]
00138  ? llog_open_create+0x5af/0xb10 [obdclass]
00138  ? llog_test_11+0x2a4/0x1130 [llog_test]
00138  ? llog_test_9_sub+0x800/0x800 [llog_test]
00138  ? llog_run_tests+0x41b0/0x5ac0 [llog_test]
00138  ? get_random_u32+0x51/0x470
00138  ? llog_test_device_init+0x503/0x840 [llog_test]
00138  ? obd_setup+0x559/0x960 [obdclass]
00138  ? class_setup+0xc7d/0x10e0 [obdclass]
00138  ? class_process_config+0x2edb/0x7cb0 [obdclass]
00138  ? class_handle_ioctl+0x2055/0x3590 [obdclass]
00138  ? obd_class_ioctl+0x1f6/0x3c0 [obdclass]
00138  ? __x64_sys_ioctl+0x961/0xe00
00138  ? _copy_to_user+0x3d/0x60
00138  ? __x64_sys_rt_sigaction+0x107/0x140
00138  ? do_syscall_64+0xc1/0x350
00138  ? entry_SYSCALL_64_after_hwframe+0x4b/0x53
00138  </TASK>
00138 ---[ end trace 0000000000000000 ]---
00138 Lustre: 2172:0:(llog_test.c:2205:llog_test_11()) 11: size 8216 in 0 blocks after 1 rec
00138 Lustre: 2172:0:(llog_test.c:2207:llog_test_11()) 11: add few records
00138 Lustre: 2172:0:(llog_test.c:2224:llog_test_11()) 11: size 10616 in 0 blocks with few recs
00138 lctl (2172): drop_caches: 3
00138 Lustre: 2172:0:(llog_test.c:2250:llog_test_11()) 11: re-open the log by LOGID and verify llh_count
00138 Lustre: 2172:0:(llog_test.c:2265:llog_test_11()) 11: size 10616 in 0 blocks after re-open
00138 Lustre: 2172:0:(llog_test.c:2355:llog_test_12()) 12: create a catalog log with name: 39b995c7
00138 ------------[ cut here ]------------
00138 WARNING: /home/ktest/git/linux/include/linux/fs.h:889 at osd_create+0x9cf/0xcf0 [osd_wbcfs], CPU#7: lctl/2172
00138 Modules linked in: llog_test(O) mgs(O) osd_wbcfs(O) lustre(O) obdecho(O) mgc(O) mdc(O) lov(O) osc(O) lmv(O) ec(O) fid(O) fld(O) ptlrpc(O) efivarfs obdclass(O) ksocklnd(O) lnet(O) libcfs(O)
00138 CPU: 7 UID: 0 PID: 2172 Comm: lctl Tainted: G        W  O        7.0.0-ktest-e79dc82-6330a45-20260725-dirty #1 PREEMPT 
00138 Tainted: [W]=WARN, [O]=OOT_MODULE
00138 Hardware name: QEMU Standard PC (Q35 + ICH9, 2009), BIOS 2025.11-3ubuntu7 03/31/2026
00138 RIP: 0010:osd_create+0x9cf/0xcf0 [osd_wbcfs]
00138 Code: c7 c7 00 36 7d a1 48 c7 c6 a0 b2 7e a1 48 c7 c2 00 bc 7e a1 e8 82 dd 43 ff 48 c7 c7 00 36 7d a1 e8 f6 6a 44 ff e9 fe fc ff ff <0f> 0b e9 a5 fa ff ff 48 c7 c1 80 44 5d a0 80 e1 07 80 c1 03 38 c1
00138 RSP: 0018:ffffc90001ce7678 EFLAGS: 00010246
00138 RAX: 0000000000000000 RBX: ffff888239510000 RCX: 0000000000000046
00138 RDX: 0000000000000000 RSI: ffff88810ba06d38 RDI: ffff88811fa9cb18
00138 RBP: ffff88810ba06ca8 R08: ffffffff83a16803 R09: 1ffffffff0742d00
00138 R10: dffffc0000000000 R11: fffffbfff0742d01 R12: ffff888184423800
00138 R13: dffffc0000000000 R14: 1ffff110472a2000 R15: 1ffff1103088470f
00138 FS:  00007f664d422940(0000) GS:ffff88831e7ad000(0000) knlGS:0000000000000000
00138 CS:  0010 DS: 0000 ES: 0000 CR0: 0000000080050033
00138 CR2: 00007f78c12ee200 CR3: 000000013e4af000 CR4: 0000000000750eb0
00138 PKRU: 55555554
00138 Call Trace:
00138  <TASK>
00138  ? local_object_create+0x109/0x640 [obdclass]
00138  ? dt_write_lock+0x16d/0x2a0 [obdclass]
00138  ? llog_osd_create+0x356/0x1140 [obdclass]
00138  ? llog_create+0x2ed/0x530 [obdclass]
00138  ? llog_open_create+0x5af/0xb10 [obdclass]
00138  ? llog_test_12+0x40f/0x2d90 [llog_test]
00138  ? llog_test_11+0xc14/0x1130 [llog_test]
00138  ? llog_run_tests+0x4434/0x5ac0 [llog_test]
00138  ? get_random_u32+0x51/0x470
00138  ? llog_test_device_init+0x503/0x840 [llog_test]
00138  ? obd_setup+0x559/0x960 [obdclass]
00138  ? class_setup+0xc7d/0x10e0 [obdclass]
00138  ? class_process_config+0x2edb/0x7cb0 [obdclass]
00138  ? class_handle_ioctl+0x2055/0x3590 [obdclass]
00138  ? obd_class_ioctl+0x1f6/0x3c0 [obdclass]
00138  ? __x64_sys_ioctl+0x961/0xe00
00138  ? _copy_to_user+0x3d/0x60
00138  ? __x64_sys_rt_sigaction+0x107/0x140
00138  ? do_syscall_64+0xc1/0x350
00138  ? entry_SYSCALL_64_after_hwframe+0x4b/0x53
00138  </TASK>
00138 ---[ end trace 0000000000000000 ]---
00138 ------------[ cut here ]------------
00138 WARNING: /home/ktest/git/linux/include/linux/fs.h:889 at osd_create+0x9cf/0xcf0 [osd_wbcfs], CPU#7: lctl/2172
00138 Modules linked in: llog_test(O) mgs(O) osd_wbcfs(O) lustre(O) obdecho(O) mgc(O) mdc(O) lov(O) osc(O) lmv(O) ec(O) fid(O) fld(O) ptlrpc(O) efivarfs obdclass(O) ksocklnd(O) lnet(O) libcfs(O)
00138 CPU: 7 UID: 0 PID: 2172 Comm: lctl Tainted: G        W  O        7.0.0-ktest-e79dc82-6330a45-20260725-dirty #1 PREEMPT 
00138 Tainted: [W]=WARN, [O]=OOT_MODULE
00138 Hardware name: QEMU Standard PC (Q35 + ICH9, 2009), BIOS 2025.11-3ubuntu7 03/31/2026
00138 RIP: 0010:osd_create+0x9cf/0xcf0 [osd_wbcfs]
00138 Code: c7 c7 00 36 7d a1 48 c7 c6 a0 b2 7e a1 48 c7 c2 00 bc 7e a1 e8 82 dd 43 ff 48 c7 c7 00 36 7d a1 e8 f6 6a 44 ff e9 fe fc ff ff <0f> 0b e9 a5 fa ff ff 48 c7 c1 80 44 5d a0 80 e1 07 80 c1 03 38 c1
00138 RSP: 0018:ffffc90001ce7518 EFLAGS: 00010246
00138 RAX: 0000000000000000 RBX: ffff8880345c7800 RCX: 0000000000000046
00138 RDX: 0000000000000000 RSI: ffff88810ba06620 RDI: ffff88811fa9cb40
00138 RBP: ffff88810ba06590 R08: ffffffff83a16803 R09: 1ffffffff0742d00
00138 R10: dffffc0000000000 R11: fffffbfff0742d01 R12: ffff888184423800
00138 R13: dffffc0000000000 R14: 1ffff110068b8f00 R15: 1ffff1103088470f
00138 FS:  00007f664d422940(0000) GS:ffff88831e7ad000(0000) knlGS:0000000000000000
00138 CS:  0010 DS: 0000 ES: 0000 CR0: 0000000080050033
00138 CR2: 00007f78c12ee200 CR3: 000000013e4af000 CR4: 0000000000750eb0
00138 PKRU: 55555554
00138 Call Trace:
00138  <TASK>
00138  ? local_object_create+0x109/0x640 [obdclass]
00138  ? dt_write_lock+0x16d/0x2a0 [obdclass]
00138  ? llog_osd_create+0x356/0x1140 [obdclass]
00138  ? llog_create+0x2ed/0x530 [obdclass]
00138  ? llog_cat_new_log+0x6c3/0x2bf0 [obdclass]
00138  ? llog_cat_add_rec+0x6ba/0x1960 [obdclass]
00138  ? llog_cat_add+0x451/0x890 [obdclass]
00138  ? llog_test_12+0x68f/0x2d90 [llog_test]
00138  ? llog_test_11+0xc14/0x1130 [llog_test]
00138  ? llog_run_tests+0x4434/0x5ac0 [llog_test]
00138  ? get_random_u32+0x51/0x470
00138  ? llog_test_device_init+0x503/0x840 [llog_test]
00138  ? obd_setup+0x559/0x960 [obdclass]
00138  ? class_setup+0xc7d/0x10e0 [obdclass]
00138  ? class_process_config+0x2edb/0x7cb0 [obdclass]
00138  ? class_handle_ioctl+0x2055/0x3590 [obdclass]
00138  ? obd_class_ioctl+0x1f6/0x3c0 [obdclass]
00138  ? __x64_sys_ioctl+0x961/0xe00
00138  ? _copy_to_user+0x3d/0x60
00138  ? __x64_sys_rt_sigaction+0x107/0x140
00138  ? do_syscall_64+0xc1/0x350
00138  ? entry_SYSCALL_64_after_hwframe+0x4b/0x53
00138  </TASK>
00138 ---[ end trace 0000000000000000 ]---
00138 Lustre: 12: truncate 24 bytes
00138 Lustre: 12: re-open and process the catalog
00138 LustreError: 2172:0:(llog_osd.c:1248:llog_osd_next_block()) MGS0000-osd: invalid llog tail at log id [0xa:0x6:0x0] offset 8232 last_rec idx 8704 tail idx 275010875 lrt len 1 read_size 40
00138 LustreError: 2172:0:(llog.c:886:llog_process_thread()) MGS: local llog is corrupted [0xa:0x6:0x0] catalog index 1 count 2
00138 Lustre: 12: try to add to the catalog
00138 ------------[ cut here ]------------
00138 WARNING: /home/ktest/git/linux/include/linux/fs.h:889 at osd_create+0x9cf/0xcf0 [osd_wbcfs], CPU#7: lctl/2172
00138 Modules linked in: llog_test(O) mgs(O) osd_wbcfs(O) lustre(O) obdecho(O) mgc(O) mdc(O) lov(O) osc(O) lmv(O) ec(O) fid(O) fld(O) ptlrpc(O) efivarfs obdclass(O) ksocklnd(O) lnet(O) libcfs(O)
00138 CPU: 7 UID: 0 PID: 2172 Comm: lctl Tainted: G        W  O        7.0.0-ktest-e79dc82-6330a45-20260725-dirty #1 PREEMPT 
00138 Tainted: [W]=WARN, [O]=OOT_MODULE
00138 Hardware name: QEMU Standard PC (Q35 + ICH9, 2009), BIOS 2025.11-3ubuntu7 03/31/2026
00138 RIP: 0010:osd_create+0x9cf/0xcf0 [osd_wbcfs]
00138 Code: c7 c7 00 36 7d a1 48 c7 c6 a0 b2 7e a1 48 c7 c2 00 bc 7e a1 e8 82 dd 43 ff 48 c7 c7 00 36 7d a1 e8 f6 6a 44 ff e9 fe fc ff ff <0f> 0b e9 a5 fa ff ff 48 c7 c1 80 44 5d a0 80 e1 07 80 c1 03 38 c1
00138 RSP: 0018:ffffc90001ce7518 EFLAGS: 00010246
00138 RAX: 0000000000000000 RBX: ffff888239512400 RCX: 0000000000000046
00138 RDX: 0000000000000000 RSI: ffff88810ba05f08 RDI: ffff88811fa9cb40
00138 RBP: ffff88810ba05e78 R08: ffffffff83a16803 R09: 1ffffffff0742d00
00138 R10: dffffc0000000000 R11: fffffbfff0742d01 R12: ffff888184423800
00138 R13: dffffc0000000000 R14: 1ffff110472a2480 R15: 1ffff1103088470f
00138 FS:  00007f664d422940(0000) GS:ffff88831e7ad000(0000) knlGS:0000000000000000
00138 CS:  0010 DS: 0000 ES: 0000 CR0: 0000000080050033
00138 CR2: 00007f78c12ee200 CR3: 000000013e4af000 CR4: 0000000000750eb0
00138 PKRU: 55555554
00138 Call Trace:
00138  <TASK>
00138  ? local_object_create+0x109/0x640 [obdclass]
00138  ? dt_write_lock+0x16d/0x2a0 [obdclass]
00138  ? llog_osd_create+0x356/0x1140 [obdclass]
00138  ? llog_create+0x2ed/0x530 [obdclass]
00138  ? llog_cat_new_log+0x6c3/0x2bf0 [obdclass]
00138  ? llog_cat_add_rec+0x6ba/0x1960 [obdclass]
00138  ? llog_cat_add+0x451/0x890 [obdclass]
00138  ? llog_test_12+0xfdb/0x2d90 [llog_test]
00138  ? llog_run_tests+0x4434/0x5ac0 [llog_test]
00138  ? get_random_u32+0x51/0x470
00138  ? llog_test_device_init+0x503/0x840 [llog_test]
00138  ? obd_setup+0x559/0x960 [obdclass]
00138  ? class_setup+0xc7d/0x10e0 [obdclass]
00138  ? class_process_config+0x2edb/0x7cb0 [obdclass]
00138  ? class_handle_ioctl+0x2055/0x3590 [obdclass]
00138  ? obd_class_ioctl+0x1f6/0x3c0 [obdclass]
00138  ? __x64_sys_ioctl+0x961/0xe00
00138  ? _copy_to_user+0x3d/0x60
00138  ? __x64_sys_rt_sigaction+0x107/0x140
00138  ? do_syscall_64+0xc1/0x350
00138  ? entry_SYSCALL_64_after_hwframe+0x4b/0x53
00138  </TASK>
00138 ---[ end trace 0000000000000000 ]---
00138 LustreError: 2172:0:(llog_osd.c:1231:llog_osd_next_block()) MGS0000-osd: invalid llog tail at log id [0x6:0xa:0x0]:0 offset 8297 tail idx 603979776 lrt len 1074261 read_size 105
00138 ------------[ cut here ]------------
00138 WARNING: /home/ktest/git/linux/include/linux/fs.h:889 at osd_create+0x9cf/0xcf0 [osd_wbcfs], CPU#7: lctl/2172
00138 Modules linked in: llog_test(O) mgs(O) osd_wbcfs(O) lustre(O) obdecho(O) mgc(O) mdc(O) lov(O) osc(O) lmv(O) ec(O) fid(O) fld(O) ptlrpc(O) efivarfs obdclass(O) ksocklnd(O) lnet(O) libcfs(O)
00138 CPU: 7 UID: 0 PID: 2172 Comm: lctl Tainted: G        W  O        7.0.0-ktest-e79dc82-6330a45-20260725-dirty #1 PREEMPT 
00138 Tainted: [W]=WARN, [O]=OOT_MODULE
00138 Hardware name: QEMU Standard PC (Q35 + ICH9, 2009), BIOS 2025.11-3ubuntu7 03/31/2026
00138 RIP: 0010:osd_create+0x9cf/0xcf0 [osd_wbcfs]
00138 Code: c7 c7 00 36 7d a1 48 c7 c6 a0 b2 7e a1 48 c7 c2 00 bc 7e a1 e8 82 dd 43 ff 48 c7 c7 00 36 7d a1 e8 f6 6a 44 ff e9 fe fc ff ff <0f> 0b e9 a5 fa ff ff 48 c7 c1 80 44 5d a0 80 e1 07 80 c1 03 38 c1
00138 RSP: 0018:ffffc90001ce7518 EFLAGS: 00010246
00138 RAX: 0000000000000000 RBX: ffff888239513c00 RCX: 0000000000000046
00138 RDX: 0000000000000000 RSI: ffff88810ba057f0 RDI: ffff88811fa9cb40
00138 RBP: ffff88810ba05760 R08: ffffffff83a16803 R09: 1ffffffff0742d00
00138 R10: dffffc0000000000 R11: fffffbfff0742d01 R12: ffff888184423800
00138 R13: dffffc0000000000 R14: 1ffff110472a2780 R15: 1ffff1103088470f
00138 FS:  00007f664d422940(0000) GS:ffff88831e7ad000(0000) knlGS:0000000000000000
00138 CS:  0010 DS: 0000 ES: 0000 CR0: 0000000080050033
00138 CR2: 00007f78c12ee200 CR3: 000000013e4af000 CR4: 0000000000750eb0
00138 PKRU: 55555554
00138 Call Trace:
00138  <TASK>
00138  ? local_object_create+0x109/0x640 [obdclass]
00138  ? dt_write_lock+0x16d/0x2a0 [obdclass]
00138  ? llog_osd_create+0x356/0x1140 [obdclass]
00138  ? llog_create+0x2ed/0x530 [obdclass]
00138  ? llog_cat_new_log+0x6c3/0x2bf0 [obdclass]
00138  ? llog_cat_add_rec+0x6ba/0x1960 [obdclass]
00138  ? llog_cat_add+0x451/0x890 [obdclass]
00138  ? llog_test_12+0xfdb/0x2d90 [llog_test]
00138  ? llog_run_tests+0x4434/0x5ac0 [llog_test]
00138  ? get_random_u32+0x51/0x470
00138  ? llog_test_device_init+0x503/0x840 [llog_test]
00138  ? obd_setup+0x559/0x960 [obdclass]
00138  ? class_setup+0xc7d/0x10e0 [obdclass]
00138  ? class_process_config+0x2edb/0x7cb0 [obdclass]
00138  ? class_handle_ioctl+0x2055/0x3590 [obdclass]
00138  ? obd_class_ioctl+0x1f6/0x3c0 [obdclass]
00138  ? __x64_sys_ioctl+0x961/0xe00
00138  ? _copy_to_user+0x3d/0x60
00138  ? __x64_sys_rt_sigaction+0x107/0x140
00138  ? do_syscall_64+0xc1/0x350
00138  ? entry_SYSCALL_64_after_hwframe+0x4b/0x53
00138  </TASK>
00138 ---[ end trace 0000000000000000 ]---
00138 ==================================================================
00138 BUG: KASAN: slab-out-of-bounds in llog_osd_next_block+0x13e1/0x3340 [obdclass]
00138 Read of size 4 at addr ffff88823c6eb036 by task lctl/2172
00138 
00138 CPU: 7 UID: 0 PID: 2172 Comm: lctl Tainted: G        W  O        7.0.0-ktest-e79dc82-6330a45-20260725-dirty #1 PREEMPT 
00138 Tainted: [W]=WARN, [O]=OOT_MODULE
00138 Hardware name: QEMU Standard PC (Q35 + ICH9, 2009), BIOS 2025.11-3ubuntu7 03/31/2026
00138 Call Trace:
00138  <TASK>
00138  dump_stack_lvl+0x52/0x80
00138  print_report+0xbc/0x260
00138  ? llog_osd_next_block+0x13e1/0x3340 [obdclass]
00138  kasan_report+0xa2/0xd0
00138  ? llog_osd_next_block+0x13e1/0x3340 [obdclass]
00138  llog_osd_next_block+0x13e1/0x3340 [obdclass]
00138  llog_process_thread+0xdd7/0x4f70 [obdclass]
00138  ? entry_SYSCALL_64_after_hwframe+0x4b/0x53
00138  ? task_work_add+0x177/0x210
00138  llog_process_or_fork+0x656/0xc90 [obdclass]
00138  ? llog_cat_process+0x30/0x30 [obdclass]
00138  llog_cat_process_or_fork+0x780/0xdb0 [obdclass]
00138  ? llog_cat_process+0x30/0x30 [obdclass]
00138  ? llog_cancel_rec_cb+0x450/0x450 [llog_test]
00138  llog_cat_process+0x24/0x30 [obdclass]
00138  llog_test_12+0xf58/0x2d90 [llog_test]
00138  llog_run_tests+0x4434/0x5ac0 [llog_test]
00138  ? get_random_u32+0x51/0x470
00138  llog_test_device_init+0x503/0x840 [llog_test]
00138  obd_setup+0x559/0x960 [obdclass]
00138  class_setup+0xc7d/0x10e0 [obdclass]
00138  class_process_config+0x2edb/0x7cb0 [obdclass]
00138  class_handle_ioctl+0x2055/0x3590 [obdclass]
00138  obd_class_ioctl+0x1f6/0x3c0 [obdclass]
00138  __x64_sys_ioctl+0x961/0xe00
00138  ? _copy_to_user+0x3d/0x60
00138  ? __x64_sys_rt_sigaction+0x107/0x140
00138  do_syscall_64+0xc1/0x350
00138  entry_SYSCALL_64_after_hwframe+0x4b/0x53
00138 RIP: 0033:0x7f664d324e1d
00138 Code: 04 25 28 00 00 00 48 89 45 c8 31 c0 48 8d 45 10 c7 45 b0 10 00 00 00 48 89 45 b8 48 8d 45 d0 48 89 45 c0 b8 10 00 00 00 0f 05 <89> c2 3d 00 f0 ff ff 77 1a 48 8b 45 c8 64 48 2b 04 25 28 00 00 00
00138 RSP: 002b:00007ffff6ba9e40 EFLAGS: 00000246 ORIG_RAX: 0000000000000010
00138 RAX: ffffffffffffffda RBX: 00007f664d6571f0 RCX: 00007f664d324e1d
00138 RDX: 00007ffff6baa120 RSI: 00000000c00866b8 RDI: 0000000000000003
00138 RBP: 00007ffff6ba9e90 R08: 00007ffff6ba9ee0 R09: 00007ffff6baa120
00138 R10: 0000555f774ba930 R11: 0000000000000246 R12: 00007ffff6baa120
00138 R13: 0000555f69305822 R14: 0000000000000000 R15: 00007ffff6bac1a0
00138  </TASK>
00138 
00138 The buggy address belongs to the object at ffff88823c6e8000
00138  which belongs to the cache kmalloc-8k of size 8192
00138 The buggy address is located 4150 bytes to the right of
00138  allocated 8192-byte region [ffff88823c6e8000, ffff88823c6ea000)
00138 
00138 The buggy address belongs to the physical page:
00138 page: refcount:0 mapcount:0 mapping:0000000000000000 index:0x0 pfn:0x23c6e8
00138 head: order:3 mapcount:0 entire_mapcount:0 nr_pages_mapped:0 pincount:0
00138 flags: 0x8000000000000040(head|zone=2)
00138 page_type: f5(slab)
00138 raw: 8000000000000040 ffff888100042e00 dead000000000122 0000000000000000
00138 raw: 0000000000000000 0000400000020002 00000000f5000000 ffff88823c6ea010
00138 head: 8000000000000040 ffff888100042e00 dead000000000122 0000000000000000
00138 head: 0000000000000000 0000400000020002 00000000f5000000 ffff88823c6ea010
00138 head: 8000000000000003 ffffea0008f1ba01 00000000ffffffff 00000000ffffffff
00138 head: ffffffffffffffff 0000000000000000 00000000ffffffff 0000000000000008
00138 page dumped because: kasan: bad access detected
00138 
00138 Memory state around the buggy address:
00138  ffff88823c6eaf00: fc fc fc fc fc fc fc fc fc fc fc fc fc fc fc fc
00138  ffff88823c6eaf80: fc fc fc fc fc fc fc fc fc fc fc fc fc fc fc fc
00138 >ffff88823c6eb000: fc fc fc fc fc fc fc fc fc fc fc fc fc fc fc fc
00138                                      ^
00138  ffff88823c6eb080: fc fc fc fc fc fc fc fc fc fc fc fc fc fc fc fc
00138  ffff88823c6eb100: fc fc fc fc fc fc fc fc fc fc fc fc fc fc fc fc
00138 ==================================================================
00138 Disabling lock debugging due to kernel taint
00138 Lustre: 2172:0:(llog_test.c:2464:llog_test_12()) 12: put newly-created catalog
00138 Lustre: 2172:0:(llog_test.c:2532:llog_test_13()) 13a: create a catalog log with name: 39b995c7
00138 Lustre: 2172:0:(llog_test.c:2548:llog_test_13()) 13b: write 1 record into the catalog
00138 LustreError: 2172:0:(llog_test.c:2559:llog_test_13()) 13b: found 8 plain llogs
00138 Lustre: 2172:0:(llog_test.c:2561:llog_test_13()) 13c: erase plain llog
00138 LustreError: 2172:0:(llog_cat.c:404:llog_cat_id2handle()) MGS: error opening log id [0x1:0x4f:0x0]: rc = -2
00138 Lustre: 2172:0:(llog_test.c:2581:llog_test_13()) 13d: forward process: found=1708 rc=0
00138 Lustre: 2172:0:(llog_test.c:2585:llog_test_13()) 13e: erase another plain llog
00138 Lustre: 2172:0:(llog_test.c:2605:llog_test_13()) 13e: backward process: found=1367 rc=0
00138 Lustre: 2172:0:(llog_test.c:2608:llog_test_13()) 13f: put newly-created catalog
00143 ========= FAILED TIMEOUT llog-unit in 240s
Error 1 at /home/ktest/ktest/lib/libktest.sh 587 from: "$ktest_dir/lib/supervisor" -S -F -T "$ktest_timeout" -b "$test_basename" -o "$test_logdir" -f "$test_basename.$(date -Iseconds).log" -- "${qemu_cmd[@]}", exiting
Error 1 at ./qlkbuild 182 from: "$ktest_dir/lib/supervisor" -S -F -T "$ktest_timeout" -b "$test_basename" -o "$test_logdir" -f "$test_basename.$(date -Iseconds).log" -- "${qemu_cmd[@]}", exiting
Error 1 at ./qlkbuild 1161 from: "$ktest_dir/lib/supervisor" -S -F -T "$ktest_timeout" -b "$test_basename" -o "$test_logdir" -f "$test_basename.$(date -Iseconds).log" -- "${qemu_cmd[@]}", exiting
