CLI: ./pk --podman-socket unix:///run/user/1000/podman/podman.sock --shared-filesystem /tmp --tarball-input job lustre-ci --output /var/www/ci-lustre/upstream-patch-review --git-hash e7cbcdc1969d215e5bb432db82a47d61124ab1a1 --change-id 68474_e7cbcdc1969d215e5bb432db82a47d61124ab1a1 --subject LU-19916 mgs: do not offer a target with no MGS as an MGS

Environment validated successfully
Note: custom LLVM is not synced in tarball input mode
Creating kernel tarball at /tmp/ktest-kernel.tar.gz...
Creating lustre tarball at /tmp/ktest-lustre.tar.gz...
Creating ZFS tarball at /tmp/ktest-zfs.tar.gz...
Executing 14 jobs
Jobs will start as soon as their dependencies are satisfied
Using tarball input mode

START ml-strict:lustre_mainline build tests/fs/lustre/boot-strict.ktest
START ml:lustre_mainline build tests/fs/lustre/boot.ktest
START al2023:al2023 build tests/fs/lustre/boot.ktest
START ml-miscvm:lustre_mainline_native build tests/fs/lustre/boot.ktest
START checkpatch:checkpatch tool checkpatch
START u24:u24 build tests/fs/lustre/boot.ktest
PUT /tmp/ktest-lustre.tar.gz 1s
PUT /tmp/ktest-lustre.tar.gz 2s
PUT /tmp/ktest-kernel.tar.gz 9s
PUT /tmp/ktest-kernel.tar.gz 9s
PUT /tmp/ktest-kernel.tar.gz 9s
PUT /tmp/ktest-kernel.tar.gz 9s
PUT /tmp/ktest-lustre.tar.gz 3s
PUT /tmp/ktest-lustre.tar.gz 3s
PUT /tmp/ktest-lustre.tar.gz 3s
PUT /tmp/ktest-lustre.tar.gz 3s
PUT /tmp/ktest-zfs.tar.gz 0s
PUT /tmp/ktest-zfs.tar.gz 0s
PUT /tmp/ktest-zfs.tar.gz 0s
END checkpatch:checkpatch tool checkpatch PASS 16s
END u24:u24 build tests/fs/lustre/boot.ktest PASS 41s
END al2023:al2023 build tests/fs/lustre/boot.ktest PASS 49s
GET /tmp/ktest_ml-strict:lustre_mainline_2fy8uex3.tar 5s
END ml-strict:lustre_mainline build tests/fs/lustre/boot-strict.ktest FAIL 209s (exit code: 1)
GET /tmp/ktest_ml:lustre_mainline_51v6gwbh.tar 0s
GET /tmp/ktest_ml-miscvm:lustre_mainline_native_mmlkm033.tar 0s
END ml:lustre_mainline build tests/fs/lustre/boot.ktest PASS 222s
END ml-miscvm:lustre_mainline_native build tests/fs/lustre/boot.ktest PASS 223s
START ml-miscvm:boot run tests/fs/lustre/boot.ktest
START ml-miscvm:llmount run tests/fs/lustre/llmount.ktest
START ml-miscvm:llog-unit run tests/fs/lustre/llog-unit.ktest
START ml-miscvm:mgs-setup run tests/fs/lustre/mgs-setup.ktest
START ml-miscvm:sanity-1 run tests/fs/lustre/sanity/sanity-1.ktest
START ml-miscvm:sanity-2 run tests/fs/lustre/sanity/sanity-2.ktest
START ml-miscvm:sanity-3 run tests/fs/lustre/sanity/sanity-3.ktest
START ml-miscvm:sanity-4 run tests/fs/lustre/sanity/sanity-4.ktest
PUT /tmp/ktest-kernel.tar.gz 37s
PUT /tmp/ktest-kernel.tar.gz 37s
PUT /tmp/ktest-kernel.tar.gz 37s
PUT /tmp/ktest-kernel.tar.gz 37s
PUT /tmp/ktest-kernel.tar.gz 38s
PUT /tmp/ktest-kernel.tar.gz 38s
PUT /tmp/ktest-kernel.tar.gz 38s
PUT /tmp/ktest-kernel.tar.gz 38s
PUT /tmp/ktest-lustre.tar.gz 15s
PUT /tmp/ktest-lustre.tar.gz 15s
PUT /tmp/ktest-lustre.tar.gz 14s
PUT /tmp/ktest-lustre.tar.gz 15s
PUT /tmp/ktest-lustre.tar.gz 15s
PUT /tmp/ktest-lustre.tar.gz 15s
PUT /tmp/ktest-lustre.tar.gz 16s
PUT /tmp/ktest-lustre.tar.gz 15s
PUT /tmp/ktest_ml-miscvm:lustre_mainline_native_mmlkm033.tar 2s
PUT /tmp/ktest_ml-miscvm:lustre_mainline_native_mmlkm033.tar 2s
PUT /tmp/ktest_ml-miscvm:lustre_mainline_native_mmlkm033.tar 2s
PUT /tmp/ktest_ml-miscvm:lustre_mainline_native_mmlkm033.tar 2s
PUT /tmp/ktest_ml-miscvm:lustre_mainline_native_mmlkm033.tar 2s
PUT /tmp/ktest_ml-miscvm:lustre_mainline_native_mmlkm033.tar 2s
PUT /tmp/ktest_ml-miscvm:lustre_mainline_native_mmlkm033.tar 2s
PUT /tmp/ktest_ml-miscvm:lustre_mainline_native_mmlkm033.tar 2s
END ml-miscvm:boot run tests/fs/lustre/boot.ktest PASS 69s
END ml-miscvm:mgs-setup run tests/fs/lustre/mgs-setup.ktest PASS 78s
END ml-miscvm:sanity-1 run tests/fs/lustre/sanity/sanity-1.ktest PASS 109s
END ml-miscvm:sanity-2 run tests/fs/lustre/sanity/sanity-2.ktest PASS 110s
END ml-miscvm:llmount run tests/fs/lustre/llmount.ktest PASS 116s
END ml-miscvm:sanity-4 run tests/fs/lustre/sanity/sanity-4.ktest PASS 120s
END ml-miscvm:sanity-3 run tests/fs/lustre/sanity/sanity-3.ktest PASS 121s
END ml-miscvm:llog-unit run tests/fs/lustre/llog-unit.ktest FAIL 154s (exit code: 1)

============================================================
Final Results:
  checkpatch:checkpatch: PASS (16s) (log: /var/www/ci-lustre/upstream-patch-review/e7cbcdc1969d215e5bb432db82a47d61124ab1a1_checkpatch:checkpatch.log)
  u24:u24: PASS (41s) (log: /var/www/ci-lustre/upstream-patch-review/e7cbcdc1969d215e5bb432db82a47d61124ab1a1_u24:u24.log)
  al2023:al2023: PASS (49s) (log: /var/www/ci-lustre/upstream-patch-review/e7cbcdc1969d215e5bb432db82a47d61124ab1a1_al2023:al2023.log)
  ml-strict:lustre_mainline: FAIL (209s) (log: /var/www/ci-lustre/upstream-patch-review/e7cbcdc1969d215e5bb432db82a47d61124ab1a1_ml-strict:lustre_mainline.log)
  ml:lustre_mainline: PASS (222s) (log: /var/www/ci-lustre/upstream-patch-review/e7cbcdc1969d215e5bb432db82a47d61124ab1a1_ml:lustre_mainline.log)
  ml-miscvm:lustre_mainline_native: PASS (223s) (log: /var/www/ci-lustre/upstream-patch-review/e7cbcdc1969d215e5bb432db82a47d61124ab1a1_ml-miscvm:lustre_mainline_native.log)
  ml-miscvm:boot: PASS (69s) (log: /var/www/ci-lustre/upstream-patch-review/e7cbcdc1969d215e5bb432db82a47d61124ab1a1_ml-miscvm:boot.log)
  ml-miscvm:llmount: PASS (116s) (log: /var/www/ci-lustre/upstream-patch-review/e7cbcdc1969d215e5bb432db82a47d61124ab1a1_ml-miscvm:llmount.log)
  ml-miscvm:llog-unit: FAIL (154s) (log: /var/www/ci-lustre/upstream-patch-review/e7cbcdc1969d215e5bb432db82a47d61124ab1a1_ml-miscvm:llog-unit.log)
  ml-miscvm:mgs-setup: PASS (78s) (log: /var/www/ci-lustre/upstream-patch-review/e7cbcdc1969d215e5bb432db82a47d61124ab1a1_ml-miscvm:mgs-setup.log)
  ml-miscvm:sanity-1: PASS (109s) (log: /var/www/ci-lustre/upstream-patch-review/e7cbcdc1969d215e5bb432db82a47d61124ab1a1_ml-miscvm:sanity-1.log)
  ml-miscvm:sanity-2: PASS (110s) (log: /var/www/ci-lustre/upstream-patch-review/e7cbcdc1969d215e5bb432db82a47d61124ab1a1_ml-miscvm:sanity-2.log)
  ml-miscvm:sanity-3: PASS (121s) (log: /var/www/ci-lustre/upstream-patch-review/e7cbcdc1969d215e5bb432db82a47d61124ab1a1_ml-miscvm:sanity-3.log)
  ml-miscvm:sanity-4: PASS (120s) (log: /var/www/ci-lustre/upstream-patch-review/e7cbcdc1969d215e5bb432db82a47d61124ab1a1_ml-miscvm:sanity-4.log)

Total execution time: 409s

Packed 6691 logs from /var/www/ci-lustre/upstream-patch-review into /home/ktest/ktest/local-site/local_data.js
Open /home/ktest/ktest/local-site/index.html in a browser
