CLI: ./pk --podman-socket unix:///run/user/1000/podman/podman.sock --shared-filesystem /tmp --tarball-input job lustre-ci --output /var/www/ci-lustre/upstream-patch-review --git-hash e7f5efea0ea6b183cd95785484a0a48c0eb7d5bc --change-id 69254_e7f5efea0ea6b183cd95785484a0a48c0eb7d5bc --subject LU-20808 ptlrpc: add the MDT-to-MDT read intent wire format

Environment validated successfully
Note: custom LLVM is not synced in tarball input mode
Creating kernel tarball at /tmp/ktest-kernel.tar.gz...
Creating lustre tarball at /tmp/ktest-lustre.tar.gz...
Creating ZFS tarball at /tmp/ktest-zfs.tar.gz...
Executing 14 jobs
Jobs will start as soon as their dependencies are satisfied
Using tarball input mode

START u24:u24 build tests/fs/lustre/boot.ktest
START ml-strict:lustre_mainline build tests/fs/lustre/boot-strict.ktest
START ml-miscvm:lustre_mainline_native build tests/fs/lustre/boot.ktest
START ml:lustre_mainline build tests/fs/lustre/boot.ktest
START checkpatch:checkpatch tool checkpatch
START al2023:al2023 build tests/fs/lustre/boot.ktest
PUT /tmp/ktest-lustre.tar.gz 1s
PUT /tmp/ktest-lustre.tar.gz 1s
PUT /tmp/ktest-kernel.tar.gz 8s
PUT /tmp/ktest-kernel.tar.gz 8s
PUT /tmp/ktest-kernel.tar.gz 8s
PUT /tmp/ktest-kernel.tar.gz 8s
PUT /tmp/ktest-lustre.tar.gz 3s
PUT /tmp/ktest-lustre.tar.gz 3s
PUT /tmp/ktest-lustre.tar.gz 3s
PUT /tmp/ktest-lustre.tar.gz 3s
PUT /tmp/ktest-zfs.tar.gz 0s
PUT /tmp/ktest-zfs.tar.gz 0s
PUT /tmp/ktest-zfs.tar.gz 0s
END checkpatch:checkpatch tool checkpatch PASS 14s
END u24:u24 build tests/fs/lustre/boot.ktest PASS 41s
END al2023:al2023 build tests/fs/lustre/boot.ktest PASS 49s
GET /tmp/ktest_ml-strict:lustre_mainline_e31w_98y.tar 4s
END ml-strict:lustre_mainline build tests/fs/lustre/boot-strict.ktest FAIL 218s (exit code: 1)
GET /tmp/ktest_ml-miscvm:lustre_mainline_native_ipr3e3gm.tar 0s
GET /tmp/ktest_ml:lustre_mainline_d5xwqcrn.tar 0s
END ml-miscvm:lustre_mainline_native build tests/fs/lustre/boot.ktest PASS 224s
START ml-miscvm:boot run tests/fs/lustre/boot.ktest
START ml-miscvm:llmount run tests/fs/lustre/llmount.ktest
START ml-miscvm:llog-unit run tests/fs/lustre/llog-unit.ktest
START ml-miscvm:mgs-setup run tests/fs/lustre/mgs-setup.ktest
START ml-miscvm:sanity-1 run tests/fs/lustre/sanity/sanity-1.ktest
START ml-miscvm:sanity-2 run tests/fs/lustre/sanity/sanity-2.ktest
START ml-miscvm:sanity-3 run tests/fs/lustre/sanity/sanity-3.ktest
START ml-miscvm:sanity-4 run tests/fs/lustre/sanity/sanity-4.ktest
END ml:lustre_mainline build tests/fs/lustre/boot.ktest PASS 225s
PUT /tmp/ktest-kernel.tar.gz 37s
PUT /tmp/ktest-kernel.tar.gz 37s
PUT /tmp/ktest-kernel.tar.gz 37s
PUT /tmp/ktest-kernel.tar.gz 37s
PUT /tmp/ktest-kernel.tar.gz 37s
PUT /tmp/ktest-kernel.tar.gz 38s
PUT /tmp/ktest-kernel.tar.gz 37s
PUT /tmp/ktest-kernel.tar.gz 37s
PUT /tmp/ktest-lustre.tar.gz 7s
PUT /tmp/ktest-lustre.tar.gz 7s
PUT /tmp/ktest-lustre.tar.gz 7s
PUT /tmp/ktest-lustre.tar.gz 7s
PUT /tmp/ktest-lustre.tar.gz 7s
PUT /tmp/ktest-lustre.tar.gz 7s
PUT /tmp/ktest-lustre.tar.gz 7s
PUT /tmp/ktest-lustre.tar.gz 7s
PUT /tmp/ktest_ml-miscvm:lustre_mainline_native_ipr3e3gm.tar 2s
PUT /tmp/ktest_ml-miscvm:lustre_mainline_native_ipr3e3gm.tar 2s
PUT /tmp/ktest_ml-miscvm:lustre_mainline_native_ipr3e3gm.tar 3s
PUT /tmp/ktest_ml-miscvm:lustre_mainline_native_ipr3e3gm.tar 2s
PUT /tmp/ktest_ml-miscvm:lustre_mainline_native_ipr3e3gm.tar 2s
PUT /tmp/ktest_ml-miscvm:lustre_mainline_native_ipr3e3gm.tar 2s
PUT /tmp/ktest_ml-miscvm:lustre_mainline_native_ipr3e3gm.tar 2s
PUT /tmp/ktest_ml-miscvm:lustre_mainline_native_ipr3e3gm.tar 2s
END ml-miscvm:boot run tests/fs/lustre/boot.ktest PASS 62s
END ml-miscvm:mgs-setup run tests/fs/lustre/mgs-setup.ktest PASS 71s
END ml-miscvm:sanity-4 run tests/fs/lustre/sanity/sanity-4.ktest PASS 101s
END ml-miscvm:sanity-2 run tests/fs/lustre/sanity/sanity-2.ktest PASS 103s
END ml-miscvm:sanity-3 run tests/fs/lustre/sanity/sanity-3.ktest PASS 104s
END ml-miscvm:sanity-1 run tests/fs/lustre/sanity/sanity-1.ktest PASS 105s
END ml-miscvm:llmount run tests/fs/lustre/llmount.ktest PASS 122s
END ml-miscvm:llog-unit run tests/fs/lustre/llog-unit.ktest FAIL 147s (exit code: 1)

============================================================
Final Results:
  checkpatch:checkpatch: PASS (14s) (log: /var/www/ci-lustre/upstream-patch-review/e7f5efea0ea6b183cd95785484a0a48c0eb7d5bc_checkpatch:checkpatch.log)
  u24:u24: PASS (41s) (log: /var/www/ci-lustre/upstream-patch-review/e7f5efea0ea6b183cd95785484a0a48c0eb7d5bc_u24:u24.log)
  al2023:al2023: PASS (49s) (log: /var/www/ci-lustre/upstream-patch-review/e7f5efea0ea6b183cd95785484a0a48c0eb7d5bc_al2023:al2023.log)
  ml-strict:lustre_mainline: FAIL (218s) (log: /var/www/ci-lustre/upstream-patch-review/e7f5efea0ea6b183cd95785484a0a48c0eb7d5bc_ml-strict:lustre_mainline.log)
  ml:lustre_mainline: PASS (225s) (log: /var/www/ci-lustre/upstream-patch-review/e7f5efea0ea6b183cd95785484a0a48c0eb7d5bc_ml:lustre_mainline.log)
  ml-miscvm:lustre_mainline_native: PASS (224s) (log: /var/www/ci-lustre/upstream-patch-review/e7f5efea0ea6b183cd95785484a0a48c0eb7d5bc_ml-miscvm:lustre_mainline_native.log)
  ml-miscvm:boot: PASS (62s) (log: /var/www/ci-lustre/upstream-patch-review/e7f5efea0ea6b183cd95785484a0a48c0eb7d5bc_ml-miscvm:boot.log)
  ml-miscvm:llmount: PASS (122s) (log: /var/www/ci-lustre/upstream-patch-review/e7f5efea0ea6b183cd95785484a0a48c0eb7d5bc_ml-miscvm:llmount.log)
  ml-miscvm:llog-unit: FAIL (147s) (log: /var/www/ci-lustre/upstream-patch-review/e7f5efea0ea6b183cd95785484a0a48c0eb7d5bc_ml-miscvm:llog-unit.log)
  ml-miscvm:mgs-setup: PASS (71s) (log: /var/www/ci-lustre/upstream-patch-review/e7f5efea0ea6b183cd95785484a0a48c0eb7d5bc_ml-miscvm:mgs-setup.log)
  ml-miscvm:sanity-1: PASS (105s) (log: /var/www/ci-lustre/upstream-patch-review/e7f5efea0ea6b183cd95785484a0a48c0eb7d5bc_ml-miscvm:sanity-1.log)
  ml-miscvm:sanity-2: PASS (103s) (log: /var/www/ci-lustre/upstream-patch-review/e7f5efea0ea6b183cd95785484a0a48c0eb7d5bc_ml-miscvm:sanity-2.log)
  ml-miscvm:sanity-3: PASS (104s) (log: /var/www/ci-lustre/upstream-patch-review/e7f5efea0ea6b183cd95785484a0a48c0eb7d5bc_ml-miscvm:sanity-3.log)
  ml-miscvm:sanity-4: PASS (101s) (log: /var/www/ci-lustre/upstream-patch-review/e7f5efea0ea6b183cd95785484a0a48c0eb7d5bc_ml-miscvm:sanity-4.log)

Total execution time: 400s

Packed 10843 logs from /var/www/ci-lustre/upstream-patch-review into /home/ktest/ktest/local-site/local_data.js
Open /home/ktest/ktest/local-site/index.html in a browser
