CLI: ./pk --podman-socket unix:///run/podman/podman.sock --shared-filesystem /tmp --tarball-input job mainline-lockdep --output /var/www/ci-lustre/upstream-patch-review --git-hash e9202a6aabbb4f8fa2f1bc34ca569d6175b400ab_mainline-lockdep --change-id master-next_e9202a6aabbb4f8fa2f1bc34ca569d6175b400ab_mainline-lockdep --subject [mainline-lockdep] Staging branch for new changes

Environment validated successfully
Note: custom LLVM is not synced in tarball input mode
Creating kernel tarball at /tmp/ktest-kernel.tar.gz...
Creating lustre tarball at /tmp/ktest-lustre.tar.gz...
Creating ZFS tarball at /tmp/ktest-zfs.tar.gz...
Executing 11 jobs
Jobs will start as soon as their dependencies are satisfied
Using tarball input mode

START ml-lockdep-llmount:lustre_mainline build tests/fs/lustre/lockdep-llmount.ktest
START ml-lockdep-miscvm:lustre_mainline_native build tests/fs/lustre/lockdep-boot.ktest
PUT /tmp/ktest-kernel.tar.gz 5s
PUT /tmp/ktest-kernel.tar.gz 5s
PUT /tmp/ktest-lustre.tar.gz 0s
PUT /tmp/ktest-lustre.tar.gz 0s
PUT /tmp/ktest-zfs.tar.gz 0s
PUT /tmp/ktest-zfs.tar.gz 0s
GET /tmp/ktest_ml-lockdep-miscvm:lustre_mainline_native_d9qvix9v.tar 0s
GET /tmp/ktest_ml-lockdep-llmount:lustre_mainline_zl54ifz3.tar 0s
END ml-lockdep-miscvm:lustre_mainline_native build tests/fs/lustre/lockdep-boot.ktest PASS 149s
START ml-lockdep-miscvm:boot run tests/fs/lustre/lockdep-boot.ktest
START ml-lockdep-miscvm:llmount run tests/fs/lustre/lockdep-llmount.ktest
START ml-lockdep-miscvm:llog-unit run tests/fs/lustre/lockdep-llog-unit.ktest
START ml-lockdep-miscvm:mgs-setup run tests/fs/lustre/lockdep-mgs-setup.ktest
START ml-lockdep-miscvm:sanity-1 run tests/fs/lustre/sanity/lockdep-sanity-1.ktest
START ml-lockdep-miscvm:sanity-2 run tests/fs/lustre/sanity/lockdep-sanity-2.ktest
START ml-lockdep-miscvm:sanity-3 run tests/fs/lustre/sanity/lockdep-sanity-3.ktest
START ml-lockdep-miscvm:sanity-4 run tests/fs/lustre/sanity/lockdep-sanity-4.ktest
END ml-lockdep-llmount:lustre_mainline build tests/fs/lustre/lockdep-llmount.ktest PASS 150s
START ml-lockdep-llmount:boot run tests/fs/lustre/lockdep-llmount.ktest
PUT /tmp/ktest-kernel.tar.gz 38s
PUT /tmp/ktest-kernel.tar.gz 39s
PUT /tmp/ktest-kernel.tar.gz 39s
PUT /tmp/ktest-kernel.tar.gz 39s
PUT /tmp/ktest-kernel.tar.gz 39s
PUT /tmp/ktest-kernel.tar.gz 39s
PUT /tmp/ktest-kernel.tar.gz 39s
PUT /tmp/ktest-kernel.tar.gz 40s
PUT /tmp/ktest-kernel.tar.gz 39s
PUT /tmp/ktest-lustre.tar.gz 9s
PUT /tmp/ktest-lustre.tar.gz 8s
PUT /tmp/ktest-lustre.tar.gz 9s
PUT /tmp/ktest-lustre.tar.gz 9s
PUT /tmp/ktest-lustre.tar.gz 9s
PUT /tmp/ktest-lustre.tar.gz 9s
PUT /tmp/ktest-lustre.tar.gz 9s
PUT /tmp/ktest-lustre.tar.gz 8s
PUT /tmp/ktest-lustre.tar.gz 8s
PUT /tmp/ktest_ml-lockdep-miscvm:lustre_mainline_native_d9qvix9v.tar 0s
PUT /tmp/ktest_ml-lockdep-miscvm:lustre_mainline_native_d9qvix9v.tar 0s
PUT /tmp/ktest_ml-lockdep-miscvm:lustre_mainline_native_d9qvix9v.tar 0s
PUT /tmp/ktest_ml-lockdep-miscvm:lustre_mainline_native_d9qvix9v.tar 0s
PUT /tmp/ktest_ml-lockdep-miscvm:lustre_mainline_native_d9qvix9v.tar 0s
PUT /tmp/ktest_ml-lockdep-miscvm:lustre_mainline_native_d9qvix9v.tar 0s
PUT /tmp/ktest_ml-lockdep-miscvm:lustre_mainline_native_d9qvix9v.tar 0s
PUT /tmp/ktest_ml-lockdep-miscvm:lustre_mainline_native_d9qvix9v.tar 0s
PUT /tmp/ktest_ml-lockdep-llmount:lustre_mainline_zl54ifz3.tar 0s
END ml-lockdep-miscvm:boot run tests/fs/lustre/lockdep-boot.ktest PASS 63s
END ml-lockdep-miscvm:mgs-setup run tests/fs/lustre/lockdep-mgs-setup.ktest FAIL 76s (exit code: 1)
END ml-lockdep-miscvm:sanity-4 run tests/fs/lustre/sanity/lockdep-sanity-4.ktest FAIL 102s (exit code: 1)
END ml-lockdep-miscvm:sanity-3 run tests/fs/lustre/sanity/lockdep-sanity-3.ktest FAIL 104s (exit code: 1)
END ml-lockdep-miscvm:sanity-2 run tests/fs/lustre/sanity/lockdep-sanity-2.ktest FAIL 106s (exit code: 1)
END ml-lockdep-miscvm:llmount run tests/fs/lustre/lockdep-llmount.ktest FAIL 113s (exit code: 1)
END ml-lockdep-miscvm:sanity-1 run tests/fs/lustre/sanity/lockdep-sanity-1.ktest FAIL 114s (exit code: 1)
END ml-lockdep-llmount:boot run tests/fs/lustre/lockdep-llmount.ktest FAIL 125s (exit code: 1)
END ml-lockdep-miscvm:llog-unit run tests/fs/lustre/lockdep-llog-unit.ktest FAIL 141s (exit code: 1)

============================================================
Final Results:
  ml-lockdep-llmount:lustre_mainline: PASS (150s) (log: /var/www/ci-lustre/upstream-patch-review/e9202a6aabbb4f8fa2f1bc34ca569d6175b400ab_mainline-lockdep_ml-lockdep-llmount:lustre_mainline.log)
  ml-lockdep-llmount:boot: FAIL (125s) (log: /var/www/ci-lustre/upstream-patch-review/e9202a6aabbb4f8fa2f1bc34ca569d6175b400ab_mainline-lockdep_ml-lockdep-llmount:boot.log)
  ml-lockdep-miscvm:lustre_mainline_native: PASS (149s) (log: /var/www/ci-lustre/upstream-patch-review/e9202a6aabbb4f8fa2f1bc34ca569d6175b400ab_mainline-lockdep_ml-lockdep-miscvm:lustre_mainline_native.log)
  ml-lockdep-miscvm:boot: PASS (63s) (log: /var/www/ci-lustre/upstream-patch-review/e9202a6aabbb4f8fa2f1bc34ca569d6175b400ab_mainline-lockdep_ml-lockdep-miscvm:boot.log)
  ml-lockdep-miscvm:llmount: FAIL (113s) (log: /var/www/ci-lustre/upstream-patch-review/e9202a6aabbb4f8fa2f1bc34ca569d6175b400ab_mainline-lockdep_ml-lockdep-miscvm:llmount.log)
  ml-lockdep-miscvm:llog-unit: FAIL (141s) (log: /var/www/ci-lustre/upstream-patch-review/e9202a6aabbb4f8fa2f1bc34ca569d6175b400ab_mainline-lockdep_ml-lockdep-miscvm:llog-unit.log)
  ml-lockdep-miscvm:mgs-setup: FAIL (76s) (log: /var/www/ci-lustre/upstream-patch-review/e9202a6aabbb4f8fa2f1bc34ca569d6175b400ab_mainline-lockdep_ml-lockdep-miscvm:mgs-setup.log)
  ml-lockdep-miscvm:sanity-1: FAIL (114s) (log: /var/www/ci-lustre/upstream-patch-review/e9202a6aabbb4f8fa2f1bc34ca569d6175b400ab_mainline-lockdep_ml-lockdep-miscvm:sanity-1.log)
  ml-lockdep-miscvm:sanity-2: FAIL (106s) (log: /var/www/ci-lustre/upstream-patch-review/e9202a6aabbb4f8fa2f1bc34ca569d6175b400ab_mainline-lockdep_ml-lockdep-miscvm:sanity-2.log)
  ml-lockdep-miscvm:sanity-3: FAIL (104s) (log: /var/www/ci-lustre/upstream-patch-review/e9202a6aabbb4f8fa2f1bc34ca569d6175b400ab_mainline-lockdep_ml-lockdep-miscvm:sanity-3.log)
  ml-lockdep-miscvm:sanity-4: FAIL (102s) (log: /var/www/ci-lustre/upstream-patch-review/e9202a6aabbb4f8fa2f1bc34ca569d6175b400ab_mainline-lockdep_ml-lockdep-miscvm:sanity-4.log)

Total execution time: 321s

Packed 118 logs from /var/www/ci-lustre/upstream-patch-review into /home/ktest/ktest/local-site/local_data.js
Open /home/ktest/ktest/local-site/index.html in a browser
