CLI: ./pk --podman-socket unix:///run/podman/podman.sock --shared-filesystem /tmp --tarball-input job lustre-ci --output /var/www/ci-lustre/upstream-patch-review --git-hash ea76fe682092833d9820ae9e20b2cdbd8e0a0137 --change-id 66950_ea76fe682092833d9820ae9e20b2cdbd8e0a0137 --subject LU-20434 build: strncpy to strscpy simple cases

Environment validated successfully
Note: custom LLVM is not synced in tarball input mode
Creating kernel tarball at /tmp/ktest-kernel.tar.gz...
Creating lustre tarball at /tmp/ktest-lustre.tar.gz...
Creating ZFS tarball at /tmp/ktest-zfs.tar.gz...
Executing 14 jobs
Jobs will start as soon as their dependencies are satisfied
Using tarball input mode

START ml-miscvm:lustre_mainline_native build tests/fs/lustre/boot.ktest
START u24:u24 build tests/fs/lustre/boot.ktest
START checkpatch:checkpatch tool checkpatch
START al2023:al2023 build tests/fs/lustre/boot.ktest
START ml-strict:lustre_mainline build tests/fs/lustre/boot-strict.ktest
START ml:lustre_mainline build tests/fs/lustre/boot.ktest
PUT /tmp/ktest-lustre.tar.gz 1s
PUT /tmp/ktest-lustre.tar.gz 1s
PUT /tmp/ktest-kernel.tar.gz 6s
PUT /tmp/ktest-kernel.tar.gz 6s
PUT /tmp/ktest-kernel.tar.gz 7s
PUT /tmp/ktest-kernel.tar.gz 7s
PUT /tmp/ktest-lustre.tar.gz 1s
PUT /tmp/ktest-lustre.tar.gz 1s
PUT /tmp/ktest-lustre.tar.gz 1s
PUT /tmp/ktest-lustre.tar.gz 1s
PUT /tmp/ktest-zfs.tar.gz 0s
PUT /tmp/ktest-zfs.tar.gz 1s
PUT /tmp/ktest-zfs.tar.gz 0s
END checkpatch:checkpatch tool checkpatch PASS 11s
END u24:u24 build tests/fs/lustre/boot.ktest PASS 37s
END al2023:al2023 build tests/fs/lustre/boot.ktest PASS 43s
GET /tmp/ktest_ml-miscvm:lustre_mainline_native_dxxzoymd.tar 0s
GET /tmp/ktest_ml:lustre_mainline_ts6dtlk6.tar 0s
END ml-miscvm:lustre_mainline_native build tests/fs/lustre/boot.ktest PASS 201s
START ml-miscvm:boot run tests/fs/lustre/boot.ktest
START ml-miscvm:llmount run tests/fs/lustre/llmount.ktest
START ml-miscvm:llog-unit run tests/fs/lustre/llog-unit.ktest
START ml-miscvm:mgs-setup run tests/fs/lustre/mgs-setup.ktest
START ml-miscvm:sanity-1 run tests/fs/lustre/sanity/sanity-1.ktest
START ml-miscvm:sanity-2 run tests/fs/lustre/sanity/sanity-2.ktest
START ml-miscvm:sanity-3 run tests/fs/lustre/sanity/sanity-3.ktest
START ml-miscvm:sanity-4 run tests/fs/lustre/sanity/sanity-4.ktest
END ml:lustre_mainline build tests/fs/lustre/boot.ktest PASS 202s
GET /tmp/ktest_ml-strict:lustre_mainline_0brp6kne.tar 9s
END ml-strict:lustre_mainline build tests/fs/lustre/boot-strict.ktest FAIL 212s (exit code: 1)
PUT /tmp/ktest-kernel.tar.gz 38s
PUT /tmp/ktest-kernel.tar.gz 39s
PUT /tmp/ktest-kernel.tar.gz 39s
PUT /tmp/ktest-kernel.tar.gz 39s
PUT /tmp/ktest-kernel.tar.gz 39s
PUT /tmp/ktest-kernel.tar.gz 39s
PUT /tmp/ktest-kernel.tar.gz 39s
PUT /tmp/ktest-kernel.tar.gz 40s
PUT /tmp/ktest-lustre.tar.gz 5s
PUT /tmp/ktest-lustre.tar.gz 6s
PUT /tmp/ktest-lustre.tar.gz 6s
PUT /tmp/ktest-lustre.tar.gz 5s
PUT /tmp/ktest-lustre.tar.gz 6s
PUT /tmp/ktest-lustre.tar.gz 5s
PUT /tmp/ktest-lustre.tar.gz 5s
PUT /tmp/ktest-lustre.tar.gz 6s
PUT /tmp/ktest_ml-miscvm:lustre_mainline_native_dxxzoymd.tar 1s
PUT /tmp/ktest_ml-miscvm:lustre_mainline_native_dxxzoymd.tar 1s
PUT /tmp/ktest_ml-miscvm:lustre_mainline_native_dxxzoymd.tar 1s
PUT /tmp/ktest_ml-miscvm:lustre_mainline_native_dxxzoymd.tar 1s
PUT /tmp/ktest_ml-miscvm:lustre_mainline_native_dxxzoymd.tar 1s
PUT /tmp/ktest_ml-miscvm:lustre_mainline_native_dxxzoymd.tar 1s
PUT /tmp/ktest_ml-miscvm:lustre_mainline_native_dxxzoymd.tar 1s
PUT /tmp/ktest_ml-miscvm:lustre_mainline_native_dxxzoymd.tar 1s
END ml-miscvm:boot run tests/fs/lustre/boot.ktest PASS 60s
END ml-miscvm:mgs-setup run tests/fs/lustre/mgs-setup.ktest PASS 69s
END ml-miscvm:sanity-3 run tests/fs/lustre/sanity/sanity-3.ktest PASS 96s
END ml-miscvm:sanity-1 run tests/fs/lustre/sanity/sanity-1.ktest PASS 98s
END ml-miscvm:sanity-2 run tests/fs/lustre/sanity/sanity-2.ktest PASS 99s
END ml-miscvm:llmount run tests/fs/lustre/llmount.ktest PASS 109s
END ml-miscvm:sanity-4 run tests/fs/lustre/sanity/sanity-4.ktest PASS 114s
END ml-miscvm:llog-unit run tests/fs/lustre/llog-unit.ktest FAIL 144s (exit code: 1)

============================================================
Final Results:
  checkpatch:checkpatch: PASS (11s) (log: /var/www/ci-lustre/upstream-patch-review/ea76fe682092833d9820ae9e20b2cdbd8e0a0137_checkpatch:checkpatch.log)
  u24:u24: PASS (37s) (log: /var/www/ci-lustre/upstream-patch-review/ea76fe682092833d9820ae9e20b2cdbd8e0a0137_u24:u24.log)
  al2023:al2023: PASS (43s) (log: /var/www/ci-lustre/upstream-patch-review/ea76fe682092833d9820ae9e20b2cdbd8e0a0137_al2023:al2023.log)
  ml-strict:lustre_mainline: FAIL (212s) (log: /var/www/ci-lustre/upstream-patch-review/ea76fe682092833d9820ae9e20b2cdbd8e0a0137_ml-strict:lustre_mainline.log)
  ml:lustre_mainline: PASS (202s) (log: /var/www/ci-lustre/upstream-patch-review/ea76fe682092833d9820ae9e20b2cdbd8e0a0137_ml:lustre_mainline.log)
  ml-miscvm:lustre_mainline_native: PASS (201s) (log: /var/www/ci-lustre/upstream-patch-review/ea76fe682092833d9820ae9e20b2cdbd8e0a0137_ml-miscvm:lustre_mainline_native.log)
  ml-miscvm:boot: PASS (60s) (log: /var/www/ci-lustre/upstream-patch-review/ea76fe682092833d9820ae9e20b2cdbd8e0a0137_ml-miscvm:boot.log)
  ml-miscvm:llmount: PASS (109s) (log: /var/www/ci-lustre/upstream-patch-review/ea76fe682092833d9820ae9e20b2cdbd8e0a0137_ml-miscvm:llmount.log)
  ml-miscvm:llog-unit: FAIL (144s) (log: /var/www/ci-lustre/upstream-patch-review/ea76fe682092833d9820ae9e20b2cdbd8e0a0137_ml-miscvm:llog-unit.log)
  ml-miscvm:mgs-setup: PASS (69s) (log: /var/www/ci-lustre/upstream-patch-review/ea76fe682092833d9820ae9e20b2cdbd8e0a0137_ml-miscvm:mgs-setup.log)
  ml-miscvm:sanity-1: PASS (98s) (log: /var/www/ci-lustre/upstream-patch-review/ea76fe682092833d9820ae9e20b2cdbd8e0a0137_ml-miscvm:sanity-1.log)
  ml-miscvm:sanity-2: PASS (99s) (log: /var/www/ci-lustre/upstream-patch-review/ea76fe682092833d9820ae9e20b2cdbd8e0a0137_ml-miscvm:sanity-2.log)
  ml-miscvm:sanity-3: PASS (96s) (log: /var/www/ci-lustre/upstream-patch-review/ea76fe682092833d9820ae9e20b2cdbd8e0a0137_ml-miscvm:sanity-3.log)
  ml-miscvm:sanity-4: PASS (114s) (log: /var/www/ci-lustre/upstream-patch-review/ea76fe682092833d9820ae9e20b2cdbd8e0a0137_ml-miscvm:sanity-4.log)

Total execution time: 374s

Packed 13443 logs from /var/www/ci-lustre/upstream-patch-review into /home/ktest/ktest/local-site/local_data.js
Open /home/ktest/ktest/local-site/index.html in a browser
