00001 
00002 init: failed to load nvme_core
00002 init: failed to load nvme
00003 LNetError: 1:0:(lib-socket.c:619:lnet_inet_enumerate()) lnet: Can't find any usable interfaces, rc = -ENOENT
00003 LNetError: Error -100 starting up LNI tcp
00004 LustreError: 1:0:(events.c:627:ptlrpc_init_portals()) network initialisation failed: rc = -100
00004 init: finit_module /lib/modules/7.0.0-ktest-eadb94b-6330a45-20260804-dirty/updates/ptlrpc.ko: Network is down
00004 init: failed to load lustre
00004 init: finit_module /lib/modules/7.0.0-ktest-eadb94b-6330a45-20260804-dirty/updates/lquota.ko: No such file or directory
00004 init: failed to load osd_zfs
00004 init: failed to load iwlwifi
00004 init: failed to load iwlmvm
00004 init: failed to load mt7921e
00004 init: failed to load i915
00004 init: failed to load nouveau
00008 tlp: vm.laptop_mode is deprecated. Ignoring setting.
00008 Kernel version: 7.0.0-ktest-eadb94b-6330a45-20260804-dirty
00008 hook init_noop
00008 
00008 Running tests llog-unit
00008 
00008 ========= TEST   llog-unit
00009 /host/home/ktest/git/lustre-release/lustre/tests/test-framework.sh: line 6982: cd: HOME not set
00009 /host/home/ktest/git/lustre-release/lustre/tests/test-framework.sh: line 6982: cd: HOME not set
00009 /host/home/ktest/git/lustre-release/lustre/tests/test-framework.sh: line 6982: cd: HOME not set
00010 MGS_OS_VERSION_ID=24.04
00010 MGS_OS_ID=ubuntu
00010 MGS_OS_VERSION_CODE=402915328
00010 MGS_OS_ID_LIKE=debian ubuntu
00011 MDS1_OS_ID=ubuntu
00011 MDS1_OS_VERSION_CODE=402915328
00011 MDS1_OS_ID_LIKE=debian ubuntu
00011 MDS1_OS_VERSION_ID=24.04
00011 OST1_OS_VERSION_ID=24.04
00011 OST1_OS_VERSION_CODE=402915328
00011 OST1_OS_ID=ubuntu
00011 OST1_OS_ID_LIKE=debian ubuntu
00011 CLIENT_OS_VERSION_ID=24.04
00011 CLIENT_OS_ID_LIKE=debian ubuntu
00011 CLIENT_OS_ID=ubuntu
00011 CLIENT_OS_VERSION_CODE=402915328
00011 Loading modules from /host/home/ktest/git/lustre-release/lustre
00011 detected 16 online CPUs by sysfs
00011 MODOPTS_LIBCFS=
00011 libcfs will create CPU partition based on online CPUs
00012 LNet: Added LNI 10.0.2.15@tcp [8/256/0/180]
00012 gss/krb5 is not supported
00013 Lustre: Echo OBD driver; http://www.lustre.org/
00013 
00013 
00013 
00013 
00013 lustre-ktest (1971) used greatest stack depth: 25800 bytes left
00014 /host/home/ktest/git/lustre-release/lustre/tests/test-framework.sh: line 6982: cd: HOME not set
00014 /host/home/ktest/git/lustre-release/lustre/tests/test-framework.sh: line 6982: cd: HOME not set
00014 /host/home/ktest/git/lustre-release/lustre/tests/test-framework.sh: line 6982: cd: HOME not set
00016 Lustre: DEBUG MARKER: Attempt llog unit tests
00016 Lustre: 2424:0:(llog_test.c:2806:llog_test_device_init()) Setup llog-test device over MGS device
00016 Lustre: 2424:0:(llog_test.c:98:llog_test_1()) 1a: create a log with name: 2a22fdd5
00016 Lustre: 2424:0:(llog_test.c:115:llog_test_1()) 1b: close newly-created log
00016 Lustre: 2424:0:(llog_test.c:146:llog_test_2()) 2a: re-open a log with name: 2a22fdd5
00016 Lustre: 2424:0:(llog_test.c:166:llog_test_2()) 2b: create a log without specified NAME & LOGID
00016 Lustre: 2424:0:(llog_test.c:184:llog_test_2()) 2b: write 1 llog records, check llh_count
00016 Lustre: 2424:0:(llog_test.c:197:llog_test_2()) 2c: re-open the log by LOGID and verify llh_count
00016 Lustre: 2424:0:(llog_test.c:244:llog_test_2()) 2d: destroy this log
00016 Lustre: 2424:0:(llog_test.c:402:llog_test_3()) 3a: write 1023 fixed-size llog records
00017 Lustre: 2424:0:(llog_test.c:366:llog_test3_process()) test3: processing records from index 501 to the end
00017 Lustre: 2424:0:(llog_test.c:376:llog_test3_process()) test3: total 525 records processed with 0 paddings
00017 Lustre: 2424:0:(llog_test.c:458:llog_test_3()) 3b: write 566 variable size llog records
00017 Lustre: 2424:0:(llog_test.c:529:llog_test_3()) 3c: write records with variable size until BITMAP_SIZE, return -ENOSPC
00021 Lustre: 2424:0:(llog_test.c:552:llog_test_3()) 3c: wrote 63962 more records before end of llog is reached
00021 Lustre: 2424:0:(llog_test.c:581:llog_test_4()) 4a: create a catalog log with name: 2a22fdd6
00021 Lustre: 2424:0:(llog_test.c:596:llog_test_4()) 4b: write 1 record into the catalog
00021 Lustre: 2424:0:(llog_test.c:623:llog_test_4()) 4c: cancel 1 log record
00021 Lustre: 2424:0:(llog_test.c:635:llog_test_4()) 4d: write 64767 more log records
00028 Lustre: 2424:0:(llog_test.c:651:llog_test_4()) 4e: add 5 large records, one record per block
00028 Lustre: 2424:0:(llog_test.c:671:llog_test_4()) 4f: put newly-created catalog
00028 Lustre: 2424:0:(llog_test.c:770:llog_test_5()) 5a: re-open catalog by id
00028 Lustre: 2424:0:(llog_test.c:783:llog_test_5()) 5b: print the catalog entries.. we expect 2
00028 Lustre: 2442:0:(llog_test.c:700:cat_print_cb()) seeing record at index 1 - [0x1:0x3:0x0] in log [0xa:0x4:0x0]
00028 Lustre: 2424:0:(llog_test.c:795:llog_test_5()) 5c: Cancel 64767 records, see one log zapped
00036 Lustre: 2424:0:(llog_test.c:803:llog_test_5()) 5c: print the catalog entries.. we expect 1
00036 Lustre: 2449:0:(llog_test.c:700:cat_print_cb()) seeing record at index 2 - [0x1:0x4:0x0] in log [0xa:0x4:0x0]
00036 Lustre: 2449:0:(llog_test.c:700:cat_print_cb()) Skipped 1 previous similar message
00036 Lustre: 2424:0:(llog_test.c:815:llog_test_5()) 5d: add 1 record to the log with many canceled empty pages
00036 Lustre: 2424:0:(llog_test.c:822:llog_test_5()) 5e: print plain log entries.. expect 6
00036 Lustre: 2424:0:(llog_test.c:834:llog_test_5()) 5f: print plain log entries reversely.. expect 6
00036 Lustre: 2424:0:(llog_test.c:848:llog_test_5()) 5g: close re-opened catalog
00036 Lustre: 2424:0:(llog_test.c:878:llog_test_6()) 6a: re-open log 2a22fdd5 using client API
00036 Lustre: MGS: non-config logname received: 2a22fdd5
00036 Lustre: 2424:0:(llog_test.c:910:llog_test_6()) 6b: process log 2a22fdd5 using client API
00036 Lustre: 2424:0:(llog_test.c:914:llog_test_6()) 6b: processed 63962 records
00036 Lustre: 2424:0:(llog_test.c:921:llog_test_6()) 6c: process log 2a22fdd5 reversely using client API
00036 Lustre: 2424:0:(llog_test.c:925:llog_test_6()) 6c: processed 63962 records
00036 Lustre: 2424:0:(llog_test.c:1073:llog_test_7()) 7a: test llog_logid_rec
00049 Lustre: 2424:0:(llog_test.c:1084:llog_test_7()) 7b: test llog_unlink64_rec
00061 Lustre: 2424:0:(llog_test.c:1095:llog_test_7()) 7c: test llog_setattr64_rec
00072 Lustre: 2424:0:(llog_test.c:1106:llog_test_7()) 7d: test llog_size_change_rec
00084 Lustre: 2424:0:(llog_test.c:1117:llog_test_7()) 7e: test llog_changelog_rec
00087 hrtimer: interrupt took 5530 ns
00088 Lustre: 2424:0:(llog_test.c:1024:llog_test_7_sub()) 7_sub: records are not aligned, written 64071 from 64767
00095 Lustre: 2424:0:(llog_test.c:1129:llog_test_7()) 7f: test llog_changelog_user_rec2
00099 Lustre: 2424:0:(llog_test.c:1024:llog_test_7_sub()) 7_sub: records are not aligned, written 64139 from 64767
00106 Lustre: 2424:0:(llog_test.c:1140:llog_test_7()) 7g: test llog_gen_rec
00117 Lustre: 2424:0:(llog_test.c:1151:llog_test_7()) 7h: test llog_setattr64_rec_v2
00121 Lustre: 2424:0:(llog_test.c:1024:llog_test_7_sub()) 7_sub: records are not aligned, written 64071 from 64767
00128 Lustre: 2424:0:(llog_test.c:1261:llog_test_8()) 8a: fill the first plain llog
00128 Lustre: 2424:0:(llog_test.c:1290:llog_test_8()) 8b: first llog [0x1:0x10:0x0]
00128 Lustre: 2424:0:(llog_test.c:1306:llog_test_8()) 8b: fill the second plain llog
00128 Lustre: 2424:0:(llog_test.c:1330:llog_test_8()) 8b: pin llog [0x1:0x12:0x0]
00128 Lustre: 2424:0:(llog_test.c:1333:llog_test_8()) 8b: clean first llog record in catalog
00128 Lustre: 2424:0:(llog_test.c:1344:llog_test_8()) 8c: corrupt first chunk in the middle
00128 Lustre: 2424:0:(llog_test.c:1347:llog_test_8()) 8c: corrupt second chunk at start
00128 Lustre: 2424:0:(llog_test.c:1350:llog_test_8()) 8d: count survived records
00128 Lustre: 2424:0:(llog_test.c:1380:llog_test_8()) 8d: close re-opened catalog
00128 Lustre: 2424:0:(llog_test.c:1441:llog_test_9()) 9a: test llog_logid_rec
00128 Lustre: 2424:0:(llog_test.c:1425:llog_test_9_sub()) 9_sub: record type 1064553b in log 0x1:0x14:0x0
00128 Lustre: 2424:0:(llog_test.c:1452:llog_test_9()) 9b: test llog_obd_cfg_rec
00128 Lustre: 2424:0:(llog_test.c:1463:llog_test_9()) 9c: test llog_changelog_rec
00128 Lustre: 2424:0:(llog_test.c:1475:llog_test_9()) 9d: test llog_changelog_user_rec2
00128 Lustre: 2424:0:(llog_test.c:1576:llog_test_10()) 10a: create a catalog log with name: 2a22fdd7
00128 Lustre: 2424:0:(llog_test.c:1608:llog_test_10()) 10b: write 64767 log records
00135 Lustre: 2424:0:(llog_test.c:1634:llog_test_10()) 10c: write 129534 more log records
00152 Lustre: 2424:0:(llog_test.c:1666:llog_test_10()) 10c: write 64767 more log records
00162 Lustre: 2424:0:(llog_cat_server.c:70:llog_cat_new_log()) MGS: there are no more free slots in catalog 2a22fdd7
00162 LustreError: 2424:0:(llog_cat_server.c:483:llog_cat_add_rec()) MGS: initialization error: rc = -28
00162 Lustre: 2424:0:(llog_test.c:1692:llog_test_10()) 10c: wrote 64011 records then 756 failed with ENOSPC
00162 Lustre: 2424:0:(llog_test.c:1711:llog_test_10()) 10d: Cancel 64767 records, see one log zapped
00172 Lustre: 2424:0:(llog_test.c:1725:llog_test_10()) 10d: print the catalog entries.. we expect 3
00172 Lustre: 2564:0:(llog_test.c:700:cat_print_cb()) seeing record at index 2 - [0x1:0x19:0x0] in log [0xa:0x5:0x0]
00172 Lustre: 2424:0:(llog_test.c:1755:llog_test_10()) 10e: write 64767 more log records
00178 Lustre: 2424:0:(llog_cat_server.c:70:llog_cat_new_log()) MGS: there are no more free slots in catalog 2a22fdd7
00178 Lustre: 2424:0:(llog_cat_server.c:70:llog_cat_new_log()) Skipped 755 previous similar messages
00178 LustreError: 2424:0:(llog_cat_server.c:483:llog_cat_add_rec()) MGS: initialization error: rc = -28
00178 LustreError: 2424:0:(llog_cat_server.c:483:llog_cat_add_rec()) Skipped 755 previous similar messages
00178 Lustre: 2424:0:(llog_test.c:1781:llog_test_10()) 10e: wrote 64578 records then 189 failed with ENOSPC
00178 Lustre: 2424:0:(llog_test.c:1783:llog_test_10()) 10e: print the catalog entries.. we expect 4
00178 Lustre: 2424:0:(llog_cat.c:310:llog_cat_process_or_fork()) MGS: catlog [0xa:0x5:0x0] crosses index zero
00178 Lustre: 2424:0:(llog_test.c:700:cat_print_cb()) seeing record at index 2 - [0x1:0x19:0x0] in log [0xa:0x5:0x0]
00178 Lustre: 2424:0:(llog_test.c:700:cat_print_cb()) Skipped 2 previous similar messages
00178 Lustre: 2424:0:(llog_test.c:1819:llog_test_10()) 10e: catalog successfully wrap around, last_idx 1, first 1
00178 Lustre: 2424:0:(llog_test.c:1836:llog_test_10()) 10f: Cancel 64767 records, see one log zapped
00188 Lustre: 2424:0:(llog_test.c:1850:llog_test_10()) 10f: print the catalog entries.. we expect 3
00188 Lustre: 2424:0:(llog_cat.c:310:llog_cat_process_or_fork()) MGS: catlog [0xa:0x5:0x0] crosses index zero
00188 Lustre: 2424:0:(llog_cat.c:310:llog_cat_process_or_fork()) Skipped 1 previous similar message
00188 Lustre: 2424:0:(llog_test.c:700:cat_print_cb()) seeing record at index 3 - [0x1:0x1a:0x0] in log [0xa:0x5:0x0]
00188 Lustre: 2424:0:(llog_test.c:700:cat_print_cb()) Skipped 3 previous similar messages
00188 Lustre: 2424:0:(llog_test.c:1881:llog_test_10()) 10f: write 64767 more log records
00195 Lustre: 2424:0:(llog_cat_server.c:70:llog_cat_new_log()) MGS: there are no more free slots in catalog 2a22fdd7
00195 Lustre: 2424:0:(llog_cat_server.c:70:llog_cat_new_log()) Skipped 188 previous similar messages
00195 LustreError: 2424:0:(llog_cat_server.c:483:llog_cat_add_rec()) MGS: initialization error: rc = -28
00195 LustreError: 2424:0:(llog_cat_server.c:483:llog_cat_add_rec()) Skipped 188 previous similar messages
00195 Lustre: 2424:0:(llog_test.c:1907:llog_test_10()) 10f: wrote 64578 records then 189 failed with ENOSPC
00195 Lustre: 2424:0:(llog_test.c:1953:llog_test_10()) 10g: Cancel 64767 records, see one log zapped
00195 Lustre: 2424:0:(llog_cat.c:310:llog_cat_process_or_fork()) MGS: catlog [0xa:0x5:0x0] crosses index zero
00204 Lustre: 2424:0:(llog_test.c:1965:llog_test_10()) 10g: print the catalog entries.. we expect 3
00204 Lustre: 2424:0:(llog_cat.c:310:llog_cat_process_or_fork()) MGS: catlog [0xa:0x5:0x0] crosses index zero
00204 Lustre: 2424:0:(llog_test.c:700:cat_print_cb()) seeing record at index 4 - [0x1:0x1b:0x0] in log [0xa:0x5:0x0]
00204 Lustre: 2424:0:(llog_test.c:700:cat_print_cb()) Skipped 2 previous similar messages
00204 Lustre: 2424:0:(llog_test.c:1995:llog_test_10()) 10g: Cancel 64767 records, see one log zapped
00214 Lustre: 2424:0:(llog_test.c:2009:llog_test_10()) 10g: print the catalog entries.. we expect 2
00214 Lustre: 2424:0:(llog_test.c:2047:llog_test_10()) 10g: Cancel 64767 records, see one log zapped
00223 Lustre: 2424:0:(llog_test.c:2061:llog_test_10()) 10g: print the catalog entries.. we expect 1
00223 Lustre: 2424:0:(llog_test.c:700:cat_print_cb()) seeing record at index 2 - [0x1:0x1d:0x0] in log [0xa:0x5:0x0]
00223 Lustre: 2424:0:(llog_test.c:700:cat_print_cb()) Skipped 4 previous similar messages
00223 Lustre: 2424:0:(llog_test.c:2087:llog_test_10()) 10g: llh_cat_idx has also successfully wrapped!
00223 Lustre: 2593:0:(llog_test.c:1535:cat_check_old_cb()) seeing record at index 2 - [0x1:0x1d:0x0] in log [0xa:0x5:0x0]
00224 Lustre: 2424:0:(llog_test.c:2111:llog_test_10()) 10h: write 64767 more log records
00224 LustreError: 2424:0:(llog_osd.c:684:llog_osd_write_rec()) cfs_race id 1317 sleeping
00225 LustreError: 2593:0:(llog.c:690:llog_process_thread()) cfs_fail_race id 1317 waking
00225 LustreError: 2424:0:(llog_osd.c:684:llog_osd_write_rec()) cfs_fail_race id 1317 awake: rc=445
00226 LustreError: 2593:0:(llog.c:690:llog_process_thread()) cfs_fail_race id 1317 waking
00226 Lustre: 2593:0:(llog_test.c:1535:cat_check_old_cb()) seeing record at index 3 - [0x1:0x1e:0x0] in log [0xa:0x5:0x0]
00236 LustreError: 2424:0:(llog_osd.c:684:llog_osd_write_rec()) cfs_fail_race id 1317 waking
00237 Lustre: 2424:0:(llog_test.c:2137:llog_test_10()) 10h: wrote 64767 records then 0 failed with ENOSPC
00237 Lustre: 2424:0:(llog_test.c:2150:llog_test_10()) 10: put newly-created catalog
00237 Lustre: 2424:0:(llog_test.c:2179:llog_test_11()) 11: create a plain nameless log
00237 Lustre: 2424:0:(llog_test.c:2204:llog_test_11()) 11: size 8216 in 1 blocks after 1 rec
00237 Lustre: 2424:0:(llog_test.c:2206:llog_test_11()) 11: add few records
00237 Lustre: 2424:0:(llog_test.c:2222:llog_test_11()) 11: size 10616 in 1 blocks with few recs
00237 lctl (2424): drop_caches: 3
00237 Lustre: 2424:0:(llog_test.c:2247:llog_test_11()) 11: re-open the log by LOGID and verify llh_count
00237 Lustre: 2424:0:(llog_test.c:2262:llog_test_11()) 11: size 10616 in 1 blocks after re-open
00237 Lustre: 2424:0:(llog_test.c:2352:llog_test_12()) 12: create a catalog log with name: 2a22fdd8
00237 Lustre: 12: truncate 24 bytes
00237 Lustre: 12: re-open and process the catalog
00237 LustreError: 2424:0:(llog_osd.c:1248:llog_osd_next_block()) MGS0000-osd: invalid llog tail at log id [0xa:0x6:0x0] offset 8232 last_rec idx 8704 tail idx 275010875 lrt len 1 read_size 40
00237 LustreError: 2424:0:(llog.c:886:llog_process_thread()) MGS: local llog is corrupted [0xa:0x6:0x0] catalog index 1 count 2
00237 Lustre: 12: try to add to the catalog
00237 LustreError: 2424:0:(llog_osd.c:1231:llog_osd_next_block()) MGS0000-osd: invalid llog tail at log id [0x6:0xa:0x0]:0 offset 8297 tail idx 603979776 lrt len 1074261 read_size 105
00237 ==================================================================
00237 BUG: KASAN: slab-out-of-bounds in llog_osd_next_block+0x13e9/0x3570 [obdclass]
00237 Read of size 4 at addr ffff888150593036 by task lctl/2424
00237 
00237 CPU: 11 UID: 0 PID: 2424 Comm: lctl Tainted: G           O        7.0.0-ktest-eadb94b-6330a45-20260804-dirty #1 PREEMPT 
00237 Tainted: [O]=OOT_MODULE
00237 Hardware name: QEMU Standard PC (Q35 + ICH9, 2009), BIOS 2025.11-3ubuntu7 03/31/2026
00237 Call Trace:
00237  <TASK>
00237  dump_stack_lvl+0x43/0x60
00237  print_report+0xbc/0x260
00237  ? llog_osd_next_block+0x13e9/0x3570 [obdclass]
00237  kasan_report+0xa2/0xd0
00237  ? llog_osd_next_block+0x13e9/0x3570 [obdclass]
00237  llog_osd_next_block+0x13e9/0x3570 [obdclass]
00237  llog_process_thread+0x1487/0x5370 [obdclass]
00237  ? class_setup+0xc7d/0x10e0 [obdclass]
00237  ? class_process_config+0x2edb/0x7cb0 [obdclass]
00237  llog_process_or_fork+0x647/0xd20 [obdclass]
00237  ? llog_cat_process+0x30/0x30 [obdclass]
00237  llog_cat_process_or_fork+0x795/0xf70 [obdclass]
00237  ? llog_cat_process+0x30/0x30 [obdclass]
00237  ? llog_cancel_rec_cb+0x440/0x440 [llog_test]
00237  llog_cat_process+0x24/0x30 [obdclass]
00237  llog_test_12+0xf48/0x2d80 [llog_test]
00237  llog_run_tests+0x43f6/0x5a80 [llog_test]
00237  llog_test_device_init+0x4f7/0x830 [llog_test]
00237  obd_setup+0x559/0x960 [obdclass]
00237  class_setup+0xc7d/0x10e0 [obdclass]
00237  class_process_config+0x2edb/0x7cb0 [obdclass]
00237  ? obd_ioctl_is_invalid+0x5f3/0x9d0 [obdclass]
00237  ? __kasan_kmalloc+0x72/0x80
00237  class_handle_ioctl+0x2054/0x3570 [obdclass]
00237  obd_class_ioctl+0x1f6/0x3c0 [obdclass]
00237  __x64_sys_ioctl+0x961/0xe00
00237  ? _copy_to_user+0x3d/0x60
00237  ? __x64_sys_rt_sigaction+0x107/0x140
00237  do_syscall_64+0xc1/0x330
00237  entry_SYSCALL_64_after_hwframe+0x4b/0x53
00237 RIP: 0033:0x7f8178924e1d
00237 Code: 04 25 28 00 00 00 48 89 45 c8 31 c0 48 8d 45 10 c7 45 b0 10 00 00 00 48 89 45 b8 48 8d 45 d0 48 89 45 c0 b8 10 00 00 00 0f 05 <89> c2 3d 00 f0 ff ff 77 1a 48 8b 45 c8 64 48 2b 04 25 28 00 00 00
00237 RSP: 002b:00007ffededc28b0 EFLAGS: 00000246 ORIG_RAX: 0000000000000010
00237 RAX: ffffffffffffffda RBX: 00007f8178b121f0 RCX: 00007f8178924e1d
00237 RDX: 00007ffededc2b90 RSI: 00000000c00866b8 RDI: 0000000000000003
00237 RBP: 00007ffededc2900 R08: 00007ffededc2950 R09: 00007ffededc2b90
00237 R10: 000055ed4fdaa930 R11: 0000000000000246 R12: 00007ffededc2b90
00237 R13: 000055ed2350b822 R14: 0000000000000000 R15: 00007ffededc4c10
00237  </TASK>
00237 
00237 Allocated by task 2027:
00237  kasan_save_track+0x2f/0x60
00237  __kasan_kmalloc+0x72/0x80
00237  __kmalloc_node_noprof+0x1be/0x370
00237  spl_kvmalloc+0x115/0x220 [spl]
00237  spl_kmem_alloc_impl+0x1aa/0x240 [spl]
00237  taskq_create+0xefa/0x1220 [spl]
00237  txg_sync_thread+0x812/0xdd0 [zfs]
00237  thread_generic_wrapper+0x108/0x1a0 [spl]
00237  kthread+0x2c7/0x3a0
00237  ret_from_fork+0x14b/0x490
00237  ret_from_fork_asm+0x11/0x20
00237 
00237 The buggy address belongs to the object at ffff888150590000
00237  which belongs to the cache kmalloc-8k of size 8192
00237 The buggy address is located 6086 bytes to the right of
00237  allocated 6256-byte region [ffff888150590000, ffff888150591870)
00237 
00237 The buggy address belongs to the physical page:
00237 page: refcount:0 mapcount:0 mapping:0000000000000000 index:0x0 pfn:0x150590
00237 head: order:3 mapcount:0 entire_mapcount:0 nr_pages_mapped:0 pincount:0
00237 flags: 0x8000000000000040(head|zone=2)
00237 page_type: f5(slab)
00237 raw: 8000000000000040 ffff888100042e00 dead000000000100 dead000000000122
00237 raw: 0000000000000000 0000400000020002 00000000f5000000 ffff888150592010
00237 head: 8000000000000040 ffff888100042e00 dead000000000100 dead000000000122
00237 head: 0000000000000000 0000400000020002 00000000f5000000 ffff888150592010
00237 head: 8000000000000003 ffffea0005416401 00000000ffffffff 00000000ffffffff
00237 head: ffffffffffffffff 0000000000000000 00000000ffffffff 0000000000000008
00237 page dumped because: kasan: bad access detected
00237 
00237 Memory state around the buggy address:
00237  ffff888150592f00: fc fc fc fc fc fc fc fc fc fc fc fc fc fc fc fc
00237  ffff888150592f80: fc fc fc fc fc fc fc fc fc fc fc fc fc fc fc fc
00237 >ffff888150593000: fc fc fc fc fc fc fc fc fc fc fc fc fc fc fc fc
00237                                      ^
00237  ffff888150593080: fc fc fc fc fc fc fc fc fc fc fc fc fc fc fc fc
00237  ffff888150593100: fc fc fc fc fc fc fc fc fc fc fc fc fc fc fc fc
00237 ==================================================================
00237 Disabling lock debugging due to kernel taint
00237 Lustre: 2424:0:(llog_test.c:2461:llog_test_12()) 12: put newly-created catalog
00237 Lustre: 2424:0:(llog_test.c:2529:llog_test_13()) 13a: create a catalog log with name: 2a22fdd8
00237 Lustre: 2424:0:(llog_test.c:2545:llog_test_13()) 13b: write 1 record into the catalog
00237 LustreError: 2424:0:(llog_test.c:2556:llog_test_13()) 13b: found 8 plain llogs
00237 Lustre: 2424:0:(llog_test.c:2558:llog_test_13()) 13c: erase plain llog
00237 LustreError: 2424:0:(llog_cat.c:78:llog_cat_id2handle()) MGS: error opening log id [0x1:0x4f:0x0]: rc = -2
00237 Lustre: 2424:0:(llog_test.c:2578:llog_test_13()) 13d: forward process: found=1708 rc=0
00237 Lustre: 2424:0:(llog_test.c:2582:llog_test_13()) 13e: erase another plain llog
00237 Lustre: 2424:0:(llog_test.c:2602:llog_test_13()) 13e: backward process: found=1367 rc=0
00237 Lustre: 2424:0:(llog_test.c:2605:llog_test_13()) 13f: put newly-created catalog
00237 lctl (2424) used greatest stack depth: 24008 bytes left
00237 Lustre: DEBUG MARKER: Finish llog units tests
00237 
00237 
00237 
00237 Lustre: server umount MGS0000 complete
00237 
00237 Removed directory: /mnt/lustre-YyYOzY-MGS0000
00237 Error 1 at /host/home/ktest/ktest/tests/prelude.sh 466 from: grep -E -q -e "kernel BUG at" -e "WARNING:" -e "\bBUG:" -e "Oops:" -e "possible recursive locking detected" -e "Internal error" -e "(INFO|ERR): suspicious RCU usage" -e "INFO: possible circular locking dependency detected" -e "general protection fault:" -e "BUG .* remaining" -e "UBSAN:", exiting
00237 Error 1 at /host/home/ktest/ktest/tests/prelude.sh 485 from: ( set -e; run_test $i ), exiting
00238 
00238 ========= FAILED llog-unit in 229s
00238 
00238 Passed: 
00238 Failed: llog-unit
00238 Error 1 at /host/home/ktest/ktest/tests/prelude.sh 594 from: return ${#tests_failed[@]}, exiting
00238 Error 1 at /host//home/ktest/ktest/tests/fs/lustre/llog-unit.ktest 33 from: return ${#tests_failed[@]}, exiting
00238 NOTICE: Automounting of tracing to debugfs is deprecated and will be removed in 2030
00238 Kernel version: 7.0.0-ktest-eadb94b-6330a45-20260804-dirty
00238 TEST FAILED
Error 1 at /home/ktest/ktest/lib/libktest.sh 587 from: "$ktest_dir/lib/supervisor" -S -F -T "$ktest_timeout" -b "$test_basename" -o "$test_logdir" -f "$test_basename.$(date -Iseconds).log" -- "${qemu_cmd[@]}", exiting
Error 1 at ./qlkbuild 187 from: "$ktest_dir/lib/supervisor" -S -F -T "$ktest_timeout" -b "$test_basename" -o "$test_logdir" -f "$test_basename.$(date -Iseconds).log" -- "${qemu_cmd[@]}", exiting
Error 1 at ./qlkbuild 1202 from: "$ktest_dir/lib/supervisor" -S -F -T "$ktest_timeout" -b "$test_basename" -o "$test_logdir" -f "$test_basename.$(date -Iseconds).log" -- "${qemu_cmd[@]}", exiting
