00000 
00002 init: failed to load nvme_core
00002 init: failed to load nvme
00004 LNetError: 1:0:(lib-socket.c:619:lnet_inet_enumerate()) lnet: Can't find any usable interfaces, rc = -ENOENT
00004 LNetError: Error -100 starting up LNI tcp
00004 LustreError: 1:0:(events.c:627:ptlrpc_init_portals()) network initialisation failed: rc = -100
00005 init: finit_module /lib/modules/7.0.0-ktest-eadb94b-6330a45-20260804-dirty/updates/ptlrpc.ko: Network is down
00005 init: failed to load lustre
00005 init: finit_module /lib/modules/7.0.0-ktest-eadb94b-6330a45-20260804-dirty/updates/lquota.ko: No such file or directory
00005 init: failed to load osd_zfs
00005 init: failed to load iwlwifi
00005 init: failed to load iwlmvm
00005 init: failed to load mt7921e
00005 init: failed to load i915
00005 init: failed to load nouveau
00008 tlp: vm.laptop_mode is deprecated. Ignoring setting.
00008 Kernel version: 7.0.0-ktest-eadb94b-6330a45-20260804-dirty
00008 hook init_noop
00008 
00008 Running tests llmount
00008 
00008 ========= TEST   llmount
00012 SETUP LUSTRE ... LNet: Added LNI 10.0.2.15@tcp [8/256/0/180]
00013 Lustre: Echo OBD driver; http://www.lustre.org/
00013 Lustre: 2144:0:(mdt_handler.c:64:mdt_max_mod_rpcs_per_client_set()) max_mod_rpcs_per_client is deprecated, set mdt.*.max_mod_rpcs_in_flight parameter instead
00013 Lustre: ctl-lustre-MDT0000: No data found on store. Initialize space.
00013 Lustre: lustre-MDT0000: new disk, initializing
00013 llog_process_th (2164) used greatest stack depth: 25288 bytes left
00013 Lustre: lustre-MDT0000: Imperative Recovery not enabled, recovery window 300-900
00013 Lustre: ctl-lustre-MDT0000: super-sequence allocation rc = 0 [0x0000000200000400-0x0000000240000400]:0:mdt
00014 Lustre: cli-ctl-lustre-MDT0001: Allocated super-sequence [0x0000000240000400-0x0000000280000400]:1:mdt]
00014 Lustre: lustre-OST0000: new disk, initializing
00014 Lustre: Skipped 1 previous similar message
00014 Lustre: srv-lustre-OST0000: No data found on store. Initialize space.
00014 Lustre: Skipped 2 previous similar messages
00014 Lustre: lustre-OST0000: Imperative Recovery not enabled, recovery window 300-900
00014 Lustre: Skipped 1 previous similar message
00018 Lustre: ctl-lustre-MDT0000: super-sequence allocation rc = 0 [0x0000000280000400-0x00000002c0000400]:0:ost
00018 Lustre: Skipped 1 previous similar message
00018 Lustre: cli-lustre-OST0000-super: Allocated super-sequence [0x0000000280000400-0x00000002c0000400]:0:ost]
00019 Lustre: lustre-OST0000-osc-MDT0000: update sequence from 0x100000000 to 0x280000401
00019 Lustre: lustre-OST0001-osc-MDT0000: update sequence from 0x100010000 to 0x2c0000401
00039 Lustre: lustre-MDT0000: local client 252458ca-5807-4e1b-ade6-e9e7161f4f86 w/o recovery
00039 Lustre: Skipped 1 previous similar message
00039 Lustre: Mounted lustre-client - version 2.17.56_49_geadb94b
00039 lustre-ktest (1972) used greatest stack depth: 23752 bytes left
00039 Lustre: 2745:0:(mdt_lproc.c:313:identity_upcall_store()) lustre-MDT0000: disable "identity_upcall" with ACL enabled maybe cause unexpected "EACCESS"
00039 31s
00049 CLEANUP LUSTRE ... Lustre: Unmounted lustre-client
00054 LustreError: lustre-OST0000-osc-MDT0000: operation ost_statfs to node 0@lo failed: rc = -107
00054 Lustre: lustre-OST0000-osc-MDT0001: Connection to lustre-OST0000 (at 0@lo) was lost; in progress operations using this service will wait for recovery to complete
00054 LustreError: Skipped 1 previous similar message
00054 Lustre: lustre-OST0000: Not available for connect from 0@lo (stopping)
00054 Lustre: Skipped 1 previous similar message
00055 Lustre: server umount lustre-OST0000 complete
00059 LustreError: lustre-OST0001-osc-MDT0000: operation ost_statfs to node 0@lo failed: rc = -107
00059 Lustre: lustre-OST0001-osc-MDT0001: Connection to lustre-OST0001 (at 0@lo) was lost; in progress operations using this service will wait for recovery to complete
00059 LustreError: Skipped 1 previous similar message
00059 Lustre: lustre-OST0001: Not available for connect from 0@lo (stopping)
00059 Lustre: Skipped 1 previous similar message
00061 Lustre: server umount lustre-OST0001 complete
00064 LustreError: lustre-MDT0001-osp-MDT0000: operation mds_statfs to node 0@lo failed: rc = -107
00064 Lustre: lustre-MDT0001-osp-MDT0000: Connection to lustre-MDT0001 (at 0@lo) was lost; in progress operations using this service will wait for recovery to complete
00064 Lustre: Skipped 1 previous similar message
00064 Lustre: lustre-MDT0001: Not available for connect from 0@lo (stopping)
00068 Lustre: server umount lustre-MDT0001 complete
00068 Lustre: server umount lustre-MDT0000 complete
00068 19s
00068 
00068 ========= PASSED llmount in 60s
00068 
00068 Passed: llmount
00068 Failed: 
00068 NOTICE: Automounting of tracing to debugfs is deprecated and will be removed in 2030
00068 Kernel version: 7.0.0-ktest-eadb94b-6330a45-20260804-dirty
00068 TEST SUCCESS
