Repository: /home/ktest/git/lustre-release

============================================================
                 Top Contributors (Names)
============================================================

=== Last month (since 1 month ago) ===
     36 Timothy Day
     16 Andreas Dilger
     14 Oleg Drokin
     13 Chris Horn
      8 Sohei Koyama
      8 Ronnie Sahlberg
      7 Marc Vef
      7 Arshad Hussain
      6 James Simmons
      5 Jian Yu
      4 Yonatan Nachum
      4 Shaun Tancheff
      3 Matt Raso-Barnett
      3 Chakshu Kansal
      3 Alex Zhuravlev
      2 Vandana Rungta
      2 Robert Read
      2 Keguang Xu
      2 Hiroshi Nishida
      2 Di Wang
      2 Bobi Jam
      2 Artem Blagodarenko
      2 Alexander Boyko
      1 Xiyang Wang
      1 Shivaji Kant
      1 Serguei Smirnov
      1 Rahul Bansal
      1 Qian Yingjin
      1 Patrick Farrell
      1 Nikos Papakonstantinou
      1 Minh Diep
      1 Manish Regmi
      1 Li Dongyang
      1 Lai Siyao
      1 José Julián Espina
      1 John L. Hammond
      1 Jinshan Xiong
      1 Emoly Liu
      1 Bruno Faccini

=== Last 3 months (since 3 months ago) ===
     72 Timothy Day
     44 Andreas Dilger
     24 Arshad Hussain
     20 Oleg Drokin
     18 Chris Horn
     17 Patrick Farrell
     17 James Simmons
     16 Shaun Tancheff
     15 Ronnie Sahlberg
     14 Alex Zhuravlev
     11 Sohei Koyama
     11 Sebastien Buisson
     10 Marc Vef
     10 Jian Yu
      8 Chakshu Kansal
      6 Yonatan Nachum
      5 Qian Yingjin
      5 Nikos Papakonstantinou
      5 Emoly Liu
      4 Xiao Yang
      4 Robert Read
      4 Keguang Xu
      4 Hiroshi Nishida
      4 Di Wang
      3 Minh Diep
      3 Matt Raso-Barnett
      3 Alexander Boyko
      2 Xinxia Qu
      2 Vitaly Fertman
      2 Vandana Rungta
      2 Serguei Smirnov
      2 Ram Kumar Pochammala
      2 Mikhail Pershin
      2 Manish Regmi
      2 Malkeet Singh
      2 Li Dongyang
      2 Jinshan Xiong
      2 Hongchao Zhang
      2 Cyril Bordage
      2 Bruno Faccini
      2 Bobi Jam
      2 Aurelien Degremont
      2 Artem Blagodarenko
      2 Alexey Lyashkov
      1 王晞阳
      1 shkim
      1 Zanhua Huang
      1 Xiyang Wang
      1 Stephane Thiell
      1 Sonia Sharma

=== Last year (since 1 year ago) ===
    151 Arshad Hussain
    149 Andreas Dilger
    140 Timothy Day
     71 Alex Zhuravlev
     64 Shaun Tancheff
     57 Jian Yu
     55 Sebastien Buisson
     55 Chris Horn
     53 James Simmons
     51 Patrick Farrell
     47 Marc Vef
     39 Oleg Drokin
     28 Chakshu Kansal
     26 Sohei Koyama
     25 Ronnie Sahlberg
     20 Xiao Yang
     20 Mikhail Pershin
     16 Li Dongyang
     14 Frederick Dilger
     14 Alexey Lyashkov
     13 Qian Yingjin
     13 Bobi Jam
     12 Hongchao Zhang
     12 Emoly Liu
     11 Sergey Cheremencev
     11 Lai Siyao
     10 Yonatan Nachum
      9 Alexander Boyko
      8 Serguei Smirnov
      8 Cyril Bordage
      8 Aurélien Cedeyn
      8 Artem Blagodarenko
      7 Vitaly Fertman
      7 Nikos Papakonstantinou
      7 Keguang Xu
      7 Bruno Faccini
      7 Aurelien Degremont
      7 Abdul Halim
      6 Minh Diep
      6 Hiroshi Nishida
      6 Etienne AUJAMES
      6 Di Wang
      5 Yang Sheng
      5 Robert Read
      5 Aryan Gupta
      4 Rajeev Mishra
      4 Rahul Bansal
      4 Maximilian Dilger
      4 Jinshan Xiong
      4 Alexander Zarochentsev

=== Last 3 years (since 3 years ago) ===
    407 Arshad Hussain
    392 Timothy Day
    328 Andreas Dilger
    229 Shaun Tancheff
    189 Sebastien Buisson
    187 James Simmons
    176 Jian Yu
    174 Patrick Farrell
    168 Alex Zhuravlev
    117 Chris Horn
     99 Oleg Drokin
     87 Qian Yingjin
     73 Marc Vef
     72 Frederick Dilger
     53 Bobi Jam
     52 Sergey Cheremencev
     51 Mikhail Pershin
     47 Li Dongyang
     45 Hongchao Zhang
     45 Etienne AUJAMES
     44 Emoly Liu
     43 Lai Siyao
     38 Serguei Smirnov
     36 Alexey Lyashkov
     35 Ronnie Sahlberg
     31 Sohei Koyama
     30 Chakshu Kansal
     30 Alexander Boyko
     27 Yang Sheng
     25 Aurelien Degremont
     23 Mr NeilBrown
     21 Vladimir Saveliev
     20 Xiao Yang
     20 Alexander Zarochentsev
     18 Bruno Faccini
     16 Rajeev Mishra
     15 Frank Sehr
     15 Artem Blagodarenko
     14 Lei Feng
     14 Keguang Xu
     14 Cyril Bordage
     13 Vitaly Fertman
     13 Maximilian Dilger
     11 Yonatan Nachum
     10 Elena Gryaznova
      9 Xinliang Liu
      9 Thomas Bertschinger
      9 Di Wang
      9 Andriy Skulysh
      8 Feng Lei


============================================================
          Top Contributors by Email Domain
============================================================

=== Last month (since 1 month ago) ===
     62 thelustrecollective.com
     43 whamcloud.com
     29 ddn.com
      7 amazon.com
      7 aeoncomputing.com
      6 infradead.org
      4 hpe.com
      4 google.com
      4 gmail.com
      1 tancheff.com
      1 nvidia.com
      1 canonical.com

=== Last 3 months (since 3 months ago) ===
    130 thelustrecollective.com
    103 whamcloud.com
     71 ddn.com
     24 hpe.com
     24 aeoncomputing.com
     17 infradead.org
     13 amazon.com
      8 gmail.com
      7 google.com
      4 nvidia.com
      1 tancheff.com
      1 stanford.edu
      1 oracle.com
      1 gluesys.com
      1 cea.fr
      1 canonical.com

=== Last year (since 1 year ago) ===
    440 whamcloud.com
    220 ddn.com
    206 thelustrecollective.com
    151 aeoncomputing.com
    145 hpe.com
     88 amazon.com
     53 infradead.org
     18 gmail.com
     15 nvidia.com
     10 google.com
      9 cea.fr
      7 openchip.com
      3 llnl.gov
      3 brown.name
      2 oracle.com
      2 lanl.gov
      1 zeniv.linux.org.uk
      1 tancheff.com
      1 stanford.edu
      1 hpc2n.umu.se
      1 gluesys.com
      1 canonical.com
      1 163.com

=== Last 3 years (since 3 years ago) ===
   1365 whamcloud.com
    535 ddn.com
    508 hpe.com
    407 aeoncomputing.com
    346 amazon.com
    209 thelustrecollective.com
    187 infradead.org
     55 cea.fr
     44 nvidia.com
     40 oracle.com
     30 gmail.com
     23 suse.de
     11 lanl.gov
     11 google.com
     10 llnl.gov
      9 linaro.org
      7 openchip.com
      6 microsoft.com
      4 tintri.com
      4 hpc2n.umu.se
      3 gluesys.com
      3 brown.name
      2 stanford.edu
      2 cray.com
      2 1up.unl.edu
      1 zeniv.linux.org.uk
      1 tancheff.com
      1 ornl.gov
      1 jlab.org
      1 intel.com
      1 iastate.edu
      1 eviden.com
      1 codewreck.org
      1 canonical.com
      1 atos.net
      1 163.com


============================================================
                 Top Reviewers (Names)
============================================================

=== Last month (since 1 month ago) ===
    156 Oleg Drokin
     94 Andreas Dilger
     57 James Simmons
     35 Timothy Day
     23 Arshad Hussain
     18 Alex Zhuravlev
     14 Shaun Tancheff
     14 Sebastien Buisson
     11 Marc Vef
      9 Chris Horn
      8 Xinxia Qu
      8 Manish Regmi
      8 Jian Yu
      6 Cyril Bordage
      5 Alex Deiter
      4 Tom Sela
      4 Michael Margolin
      4 Keguang Xu
      4 Alexander Zarochentsev
      3 Serguei Smirnov
      3 Qian Yingjin
      3 Minh
      3 Mikhail Pershin
      2 Xiao Yang
      2 Ronnie Sahlberg
      2 Maximilian Dilger
      2 Lai Siyao
      2 Hongchao Zhang
      2 Etienne AUJAMES
      2 Artem Blagodarenko
      2 Alexey Lyashkov
      2 Alexander Boyko
      1 wangdi
      1 Zhenyu Xu
      1 Zanhua Huang
      1 Yonatan Nachum
      1 Yang Sheng
      1 Sergey Cheremencev
      1 Sarah Liu
      1 Rahul Bansal
      1 Patrick Farrell
      1 Li Dongyang
      1 Jinshan Xiong
      1 Chakshu Kansal
      1 Bruno Faccini
      1 Brian Behlendorf
      1 Anjus George
      1 Akash B

=== Last 3 months (since 3 months ago) ===
    389 Oleg Drokin
    238 Andreas Dilger
    112 James Simmons
     71 Arshad Hussain
     51 Timothy Day
     41 Shaun Tancheff
     39 Marc Vef
     33 Sebastien Buisson
     29 Jian Yu
     28 Alex Zhuravlev
     22 Chris Horn
     15 Mikhail Pershin
     11 Anjus George
     10 Xinxia Qu
     10 Manish Regmi
     10 Cyril Bordage
      9 Alex Deiter
      7 Serguei Smirnov
      7 Qian Yingjin
      7 Minh
      7 Chakshu Kansal
      7 Artem Blagodarenko
      7 Alexander Zarochentsev
      6 Maximilian Dilger
      5 wangdi
      5 Xiao Yang
      5 Li Dongyang
      5 Keguang Xu
      5 Etienne AUJAMES
      5 Alexander Boyko
      4 kg.xu
      4 Tom Sela
      4 Sergey Cheremencev
      4 Michael Margolin
      3 Zhenyu Xu
      3 Zanhua Huang
      3 Yonatan Nachum
      3 Emoly Liu
      3 Bruno Faccini
      3 Brian Behlendorf
      3 Alexey Lyashkov
      2 Yang Sheng
      2 Ronnie Sahlberg
      2 Rajeev Mishra
      2 Patrick Farrell
      2 Li Xi
      2 Lai Siyao
      2 Jinshan Xiong
      2 Hongchao Zhang
      2 Akash B

=== Last year (since 1 year ago) ===
   1339 Oleg Drokin
    875 Andreas Dilger
    359 James Simmons
    207 Arshad Hussain
    145 Timothy Day
    132 Marc Vef
    118 Jian Yu
    109 Sebastien Buisson
    100 Shaun Tancheff
     96 Anjus George
     76 Alex Zhuravlev
     51 Chris Horn
     49 Mikhail Pershin
     43 Serguei Smirnov
     37 Alex Deiter
     35 Yang Sheng
     29 Alexander Boyko
     28 Chakshu Kansal
     27 Artem Blagodarenko
     25 Frederick Dilger
     24 Maximilian Dilger
     23 Qian Yingjin
     22 Sergey Cheremencev
     22 Patrick Farrell
     22 Lai Siyao
     22 Frank Sehr
     20 Li Dongyang
     19 Cyril Bordage
     18 Emoly Liu
     15 Ronnie Sahlberg
     14 Alexander Zarochentsev
     13 Yonatan Nachum
     13 Xinxia Qu
     13 Manish Regmi
     13 Etienne AUJAMES
     12 Hongchao Zhang
     12 Andrew Perepechko
     11 Minh
     11 Alexey Lyashkov
      9 kg.xu
      9 Xiao Yang
      8 Rahul Bansal
      8 Aurelien Degremont
      8 Andriy Skulysh
      8 Akash B
      7 wangdi
      7 Vitaliy Kuznetsov
      6 Zhenyu Xu
      6 Zanhua Huang
      5 Robert Read

=== Last 3 years (since 3 years ago) ===
   3723 Oleg Drokin
   2445 Andreas Dilger
    969 James Simmons
    541 Arshad Hussain
    479 Timothy Day
    305 Jian Yu
    260 Sebastien Buisson
    242 Shaun Tancheff
    186 Marc Vef
    185 Alex Zhuravlev
    183 Chris Horn
    151 Patrick Farrell
    135 Frank Sehr
    133 Anjus George
    129 Serguei Smirnov
    128 Alex Deiter
    121 Yang Sheng
    121 Petros Koutoupis
    111 Mikhail Pershin
    102 Qian Yingjin
     92 Lai Siyao
     84 Aurelien Degremont
     82 Sergey Cheremencev
     78 Alexander Boyko
     77 Cyril Bordage
     61 Neil Brown
     60 Artem Blagodarenko
     54 Li Dongyang
     54 Andrew Perepechko
     52 Frederick Dilger
     47 Hongchao Zhang
     44 Etienne AUJAMES
     43 Emoly Liu
     40 Li Xi
     39 Zhenyu Xu
     39 Alexander Zarochentsev
     37 jsimmons
     32 Maximilian Dilger
     32 Alexey Lyashkov
     29 Chakshu Kansal
     25 Andriy Skulysh
     22 Feng Lei
     20 Manish Regmi
     20 Caleb Carlson
     18 Max Wang
     16 Ronnie Sahlberg
     16 Ron Gredvig
     15 Sarah Liu
     15 Olaf Faaland
     14 xinliang


============================================================
           Top Reviewers by Email Domain
============================================================

=== Last month (since 1 month ago) ===
    213 whamcloud.com
    138 thelustrecollective.com
     58 ddn.com
     57 infradead.org
     23 aeoncomputing.com
     21 hpe.com
     10 amazon.com
      2 google.com
      2 gmail.com
      1 tancheff.com
      1 ornl.gov
      1 nvidia.com
      1 llnl.gov

=== Last 3 months (since 3 months ago) ===
    532 whamcloud.com
    313 thelustrecollective.com
    126 ddn.com
    112 infradead.org
     71 aeoncomputing.com
     60 hpe.com
     15 amazon.com
     11 ornl.gov
      8 google.com
      7 gmail.com
      4 nvidia.com
      3 llnl.gov
      1 tancheff.com
      1 stanford.edu
      1 hpc2n.umu.se
      1 gluesys.com
      1 cea.fr

=== Last year (since 1 year ago) ===
   2156 whamcloud.com
    772 thelustrecollective.com
    359 infradead.org
    347 ddn.com
    227 hpe.com
    207 aeoncomputing.com
    100 amazon.com
     96 ornl.gov
     43 dilger.ca
     26 gmail.com
     13 nvidia.com
     11 google.com
      9 llnl.gov
      5 cea.fr
      2 cray.com
      1 tancheff.com
      1 stanford.edu
      1 microsoft.com
      1 hpc2n.umu.se
      1 gluesys.com

=== Last 3 years (since 3 years ago) ===
   7165 whamcloud.com
   1006 infradead.org
    863 ddn.com
    859 hpe.com
    772 thelustrecollective.com
    541 aeoncomputing.com
    462 amazon.com
    134 ornl.gov
     98 nvidia.com
     60 suse.de
     56 gmail.com
     49 oracle.com
     43 dilger.ca
     29 llnl.gov
     29 hotmail.com
     14 linaro.org
     11 google.com
      9 cea.fr
      7 lanl.gov
      7 cray.com
      6 stanford.edu
      5 microsoft.com
      3 hpc2n.umu.se
      2 stibor.net
      1 tancheff.com
      1 gluesys.com
      1 brown.name

