CLI: ./pk --podman-socket unix:///run/user/1000/podman/podman.sock --shared-filesystem /tmp --tarball-input job lustre-ci --output /var/www/ci-lustre/upstream-patch-review --git-hash edeb121463d357703e76fe6fb1d138e0c92b4568 --change-id 65127_edeb121463d357703e76fe6fb1d138e0c92b4568 --subject LU-19599 kernel: new kernel [SLES16 6.12.0-160000.37.1]

Environment validated successfully
Note: custom LLVM is not synced in tarball input mode
Creating kernel tarball at /tmp/ktest-kernel.tar.gz...
Creating lustre tarball at /tmp/ktest-lustre.tar.gz...
Creating ZFS tarball at /tmp/ktest-zfs.tar.gz...
Executing 14 jobs
Jobs will start as soon as their dependencies are satisfied
Using tarball input mode

START checkpatch:checkpatch tool checkpatch
START ml:lustre_mainline build tests/fs/lustre/boot.ktest
START ml-strict:lustre_mainline build tests/fs/lustre/boot-strict.ktest
START al2023:al2023 build tests/fs/lustre/boot.ktest
START u24:u24 build tests/fs/lustre/boot.ktest
START ml-miscvm:lustre_mainline_native build tests/fs/lustre/boot.ktest
PUT /tmp/ktest-lustre.tar.gz 1s
PUT /tmp/ktest-lustre.tar.gz 2s
PUT /tmp/ktest-kernel.tar.gz 20s
PUT /tmp/ktest-kernel.tar.gz 20s
PUT /tmp/ktest-kernel.tar.gz 20s
PUT /tmp/ktest-kernel.tar.gz 21s
PUT /tmp/ktest-lustre.tar.gz 5s
PUT /tmp/ktest-lustre.tar.gz 5s
PUT /tmp/ktest-lustre.tar.gz 4s
PUT /tmp/ktest-lustre.tar.gz 4s
PUT /tmp/ktest-zfs.tar.gz 0s
PUT /tmp/ktest-zfs.tar.gz 0s
PUT /tmp/ktest-zfs.tar.gz 0s
END checkpatch:checkpatch tool checkpatch FAIL 28s (exit code: 1)
END u24:u24 build tests/fs/lustre/boot.ktest PASS 55s
END al2023:al2023 build tests/fs/lustre/boot.ktest PASS 58s
GET /tmp/ktest_ml-strict:lustre_mainline_elz2gglo.tar 6s
END ml-strict:lustre_mainline build tests/fs/lustre/boot-strict.ktest FAIL 169s (exit code: 1)
GET /tmp/ktest_ml-miscvm:lustre_mainline_native_b6rnrrt1.tar 0s
END ml-miscvm:lustre_mainline_native build tests/fs/lustre/boot.ktest PASS 180s
START ml-miscvm:boot run tests/fs/lustre/boot.ktest
START ml-miscvm:llmount run tests/fs/lustre/llmount.ktest
START ml-miscvm:llog-unit run tests/fs/lustre/llog-unit.ktest
START ml-miscvm:mgs-setup run tests/fs/lustre/mgs-setup.ktest
START ml-miscvm:sanity-1 run tests/fs/lustre/sanity/sanity-1.ktest
START ml-miscvm:sanity-2 run tests/fs/lustre/sanity/sanity-2.ktest
START ml-miscvm:sanity-3 run tests/fs/lustre/sanity/sanity-3.ktest
START ml-miscvm:sanity-4 run tests/fs/lustre/sanity/sanity-4.ktest
PUT /tmp/ktest-kernel.tar.gz 25s
PUT /tmp/ktest-kernel.tar.gz 25s
PUT /tmp/ktest-kernel.tar.gz 25s
PUT /tmp/ktest-kernel.tar.gz 25s
GET /tmp/ktest_ml:lustre_mainline__t6omb5j.tar 20s
PUT /tmp/ktest-lustre.tar.gz 9s
PUT /tmp/ktest-lustre.tar.gz 22s
PUT /tmp/ktest-lustre.tar.gz 22s
PUT /tmp/ktest-lustre.tar.gz 22s
END ml:lustre_mainline build tests/fs/lustre/boot.ktest PASS 230s
PUT /tmp/ktest-kernel.tar.gz 23s
PUT /tmp/ktest-kernel.tar.gz 23s
PUT /tmp/ktest-kernel.tar.gz 24s
PUT /tmp/ktest_ml-miscvm:lustre_mainline_native_b6rnrrt1.tar 3s
PUT /tmp/ktest_ml-miscvm:lustre_mainline_native_b6rnrrt1.tar 7s
PUT /tmp/ktest-lustre.tar.gz 9s
PUT /tmp/ktest_ml-miscvm:lustre_mainline_native_b6rnrrt1.tar 24s
PUT /tmp/ktest-lustre.tar.gz 9s
PUT /tmp/ktest-lustre.tar.gz 9s
PUT /tmp/ktest_ml-miscvm:lustre_mainline_native_b6rnrrt1.tar 11s
PUT /tmp/ktest-kernel.tar.gz 10s
PUT /tmp/ktest_ml-miscvm:lustre_mainline_native_b6rnrrt1.tar 1s
PUT /tmp/ktest_ml-miscvm:lustre_mainline_native_b6rnrrt1.tar 1s
PUT /tmp/ktest_ml-miscvm:lustre_mainline_native_b6rnrrt1.tar 1s
PUT /tmp/ktest-lustre.tar.gz 2s
PUT /tmp/ktest_ml-miscvm:lustre_mainline_native_b6rnrrt1.tar 0s
END ml-miscvm:boot run tests/fs/lustre/boot.ktest PASS 72s
END ml-miscvm:mgs-setup run tests/fs/lustre/mgs-setup.ktest PASS 81s
END ml-miscvm:sanity-3 run tests/fs/lustre/sanity/sanity-3.ktest PASS 112s
END ml-miscvm:sanity-4 run tests/fs/lustre/sanity/sanity-4.ktest PASS 113s
END ml-miscvm:sanity-1 run tests/fs/lustre/sanity/sanity-1.ktest PASS 115s
END ml-miscvm:sanity-2 run tests/fs/lustre/sanity/sanity-2.ktest PASS 116s
END ml-miscvm:llmount run tests/fs/lustre/llmount.ktest PASS 133s
END ml-miscvm:llog-unit run tests/fs/lustre/llog-unit.ktest FAIL 157s (exit code: 1)

============================================================
Final Results:
  checkpatch:checkpatch: FAIL (28s) (log: /var/www/ci-lustre/upstream-patch-review/edeb121463d357703e76fe6fb1d138e0c92b4568_checkpatch:checkpatch.log)
  u24:u24: PASS (55s) (log: /var/www/ci-lustre/upstream-patch-review/edeb121463d357703e76fe6fb1d138e0c92b4568_u24:u24.log)
  al2023:al2023: PASS (58s) (log: /var/www/ci-lustre/upstream-patch-review/edeb121463d357703e76fe6fb1d138e0c92b4568_al2023:al2023.log)
  ml-strict:lustre_mainline: FAIL (169s) (log: /var/www/ci-lustre/upstream-patch-review/edeb121463d357703e76fe6fb1d138e0c92b4568_ml-strict:lustre_mainline.log)
  ml:lustre_mainline: PASS (230s) (log: /var/www/ci-lustre/upstream-patch-review/edeb121463d357703e76fe6fb1d138e0c92b4568_ml:lustre_mainline.log)
  ml-miscvm:lustre_mainline_native: PASS (180s) (log: /var/www/ci-lustre/upstream-patch-review/edeb121463d357703e76fe6fb1d138e0c92b4568_ml-miscvm:lustre_mainline_native.log)
  ml-miscvm:boot: PASS (72s) (log: /var/www/ci-lustre/upstream-patch-review/edeb121463d357703e76fe6fb1d138e0c92b4568_ml-miscvm:boot.log)
  ml-miscvm:llmount: PASS (133s) (log: /var/www/ci-lustre/upstream-patch-review/edeb121463d357703e76fe6fb1d138e0c92b4568_ml-miscvm:llmount.log)
  ml-miscvm:llog-unit: FAIL (157s) (log: /var/www/ci-lustre/upstream-patch-review/edeb121463d357703e76fe6fb1d138e0c92b4568_ml-miscvm:llog-unit.log)
  ml-miscvm:mgs-setup: PASS (81s) (log: /var/www/ci-lustre/upstream-patch-review/edeb121463d357703e76fe6fb1d138e0c92b4568_ml-miscvm:mgs-setup.log)
  ml-miscvm:sanity-1: PASS (115s) (log: /var/www/ci-lustre/upstream-patch-review/edeb121463d357703e76fe6fb1d138e0c92b4568_ml-miscvm:sanity-1.log)
  ml-miscvm:sanity-2: PASS (116s) (log: /var/www/ci-lustre/upstream-patch-review/edeb121463d357703e76fe6fb1d138e0c92b4568_ml-miscvm:sanity-2.log)
  ml-miscvm:sanity-3: PASS (112s) (log: /var/www/ci-lustre/upstream-patch-review/edeb121463d357703e76fe6fb1d138e0c92b4568_ml-miscvm:sanity-3.log)
  ml-miscvm:sanity-4: PASS (113s) (log: /var/www/ci-lustre/upstream-patch-review/edeb121463d357703e76fe6fb1d138e0c92b4568_ml-miscvm:sanity-4.log)

Total execution time: 369s

Packed 7358 logs from /var/www/ci-lustre/upstream-patch-review into /home/ktest/ktest/local-site/local_data.js
Open /home/ktest/ktest/local-site/index.html in a browser
