ERROR:CODE_INDENT: code indent should use tabs where possible
#369: FILE: lustre/osd-ldiskfs/osd_internal.h:513:
+        LPROC_OSD_GET_FOLIO     = 2,$

WARNING:LEADING_SPACE: please, no spaces at the start of a line
#369: FILE: lustre/osd-ldiskfs/osd_internal.h:513:
+        LPROC_OSD_GET_FOLIO     = 2,$

ERROR:CODE_INDENT: code indent should use tabs where possible
#370: FILE: lustre/osd-ldiskfs/osd_internal.h:514:
+        LPROC_OSD_NO_FOLIO      = 3,$

WARNING:LEADING_SPACE: please, no spaces at the start of a line
#370: FILE: lustre/osd-ldiskfs/osd_internal.h:514:
+        LPROC_OSD_NO_FOLIO      = 3,$

WARNING:VSPRINTF_SPECIFIER_PX: Using vsprintf specifier '%px' potentially exposes the kernel memory layout, if you don't really need the address please consider using '%p'.
#1079: FILE: lustre/osd-zfs/osd_io.c:172:
+		CDEBUG(D_MALLOC, "alloc folio %px\n", folio);

total: 2 errors, 3 warnings, 1305 lines checked

NOTE: For some of the reported defects, checkpatch may be able to
      mechanically convert to the typical style using --fix or --fix-inplace.

NOTE: Whitespace errors detected.
      You may wish to use scripts/cleanpatch or scripts/cleanfile

Your patch has style problems, please review.

NOTE: If any of the errors are false positives, please report
      them to the maintainer, see CHECKPATCH in MAINTAINERS.
