CLI: ./pk --podman-socket unix:///run/podman/podman.sock --shared-filesystem /tmp --tarball-input job lustre-ci --output /var/www/ci-lustre/upstream-patch-review --git-hash eed316da3c08f7a2e5de54faff6242bfa939a38f --change-id 58458_eed316da3c08f7a2e5de54faff6242bfa939a38f --subject LU-17916 osd: prefer folio of order 0

Environment validated successfully
Note: custom LLVM is not synced in tarball input mode
Creating kernel tarball at /tmp/ktest-kernel.tar.gz...
Creating lustre tarball at /tmp/ktest-lustre.tar.gz...
Creating ZFS tarball at /tmp/ktest-zfs.tar.gz...
Executing 14 jobs
Jobs will start as soon as their dependencies are satisfied
Using tarball input mode

START ml-strict:lustre_mainline build tests/fs/lustre/boot-strict.ktest
START al2023:al2023 build tests/fs/lustre/boot.ktest
START ml-miscvm:lustre_mainline_native build tests/fs/lustre/boot.ktest
START u24:u24 build tests/fs/lustre/boot.ktest
START ml:lustre_mainline build tests/fs/lustre/boot.ktest
START checkpatch:checkpatch tool checkpatch
PUT /tmp/ktest-lustre.tar.gz 1s
PUT /tmp/ktest-lustre.tar.gz 1s
PUT /tmp/ktest-kernel.tar.gz 7s
PUT /tmp/ktest-kernel.tar.gz 7s
PUT /tmp/ktest-kernel.tar.gz 7s
PUT /tmp/ktest-kernel.tar.gz 7s
PUT /tmp/ktest-lustre.tar.gz 1s
PUT /tmp/ktest-lustre.tar.gz 2s
PUT /tmp/ktest-lustre.tar.gz 2s
PUT /tmp/ktest-lustre.tar.gz 1s
PUT /tmp/ktest-zfs.tar.gz 0s
PUT /tmp/ktest-zfs.tar.gz 0s
PUT /tmp/ktest-zfs.tar.gz 0s
END checkpatch:checkpatch tool checkpatch FAIL 12s (exit code: 1)
END u24:u24 build tests/fs/lustre/boot.ktest PASS 37s
END al2023:al2023 build tests/fs/lustre/boot.ktest PASS 44s
GET /tmp/ktest_ml-strict:lustre_mainline_tmg4itof.tar 4s
END ml-strict:lustre_mainline build tests/fs/lustre/boot-strict.ktest FAIL 149s (exit code: 1)
GET /tmp/ktest_ml:lustre_mainline_sln465gf.tar 2s
GET /tmp/ktest_ml-miscvm:lustre_mainline_native_49g78kru.tar 1s
END ml:lustre_mainline build tests/fs/lustre/boot.ktest PASS 151s
END ml-miscvm:lustre_mainline_native build tests/fs/lustre/boot.ktest PASS 152s
START ml-miscvm:boot run tests/fs/lustre/boot.ktest
START ml-miscvm:llmount run tests/fs/lustre/llmount.ktest
START ml-miscvm:llog-unit run tests/fs/lustre/llog-unit.ktest
START ml-miscvm:mgs-setup run tests/fs/lustre/mgs-setup.ktest
START ml-miscvm:sanity-1 run tests/fs/lustre/sanity/sanity-1.ktest
START ml-miscvm:sanity-2 run tests/fs/lustre/sanity/sanity-2.ktest
START ml-miscvm:sanity-3 run tests/fs/lustre/sanity/sanity-3.ktest
START ml-miscvm:sanity-4 run tests/fs/lustre/sanity/sanity-4.ktest
PUT /tmp/ktest-kernel.tar.gz 13s
PUT /tmp/ktest-kernel.tar.gz 13s
PUT /tmp/ktest-kernel.tar.gz 13s
PUT /tmp/ktest-kernel.tar.gz 13s
PUT /tmp/ktest-kernel.tar.gz 13s
PUT /tmp/ktest-kernel.tar.gz 13s
PUT /tmp/ktest-kernel.tar.gz 13s
PUT /tmp/ktest-kernel.tar.gz 13s
PUT /tmp/ktest-lustre.tar.gz 2s
PUT /tmp/ktest-lustre.tar.gz 2s
PUT /tmp/ktest-lustre.tar.gz 2s
PUT /tmp/ktest-lustre.tar.gz 3s
PUT /tmp/ktest-lustre.tar.gz 2s
PUT /tmp/ktest-lustre.tar.gz 2s
PUT /tmp/ktest-lustre.tar.gz 2s
PUT /tmp/ktest-lustre.tar.gz 2s
PUT /tmp/ktest_ml-miscvm:lustre_mainline_native_49g78kru.tar 0s
PUT /tmp/ktest_ml-miscvm:lustre_mainline_native_49g78kru.tar 0s
PUT /tmp/ktest_ml-miscvm:lustre_mainline_native_49g78kru.tar 0s
PUT /tmp/ktest_ml-miscvm:lustre_mainline_native_49g78kru.tar 0s
PUT /tmp/ktest_ml-miscvm:lustre_mainline_native_49g78kru.tar 0s
PUT /tmp/ktest_ml-miscvm:lustre_mainline_native_49g78kru.tar 0s
PUT /tmp/ktest_ml-miscvm:lustre_mainline_native_49g78kru.tar 0s
PUT /tmp/ktest_ml-miscvm:lustre_mainline_native_49g78kru.tar 0s
END ml-miscvm:boot run tests/fs/lustre/boot.ktest PASS 27s
END ml-miscvm:mgs-setup run tests/fs/lustre/mgs-setup.ktest PASS 36s
END ml-miscvm:sanity-4 run tests/fs/lustre/sanity/sanity-4.ktest PASS 65s
END ml-miscvm:sanity-1 run tests/fs/lustre/sanity/sanity-1.ktest PASS 66s
END ml-miscvm:sanity-3 run tests/fs/lustre/sanity/sanity-3.ktest PASS 67s
END ml-miscvm:sanity-2 run tests/fs/lustre/sanity/sanity-2.ktest PASS 68s
END ml-miscvm:llmount run tests/fs/lustre/llmount.ktest PASS 75s
END ml-miscvm:llog-unit run tests/fs/lustre/llog-unit.ktest FAIL 113s (exit code: 1)

============================================================
Final Results:
  checkpatch:checkpatch: FAIL (12s) (log: /var/www/ci-lustre/upstream-patch-review/eed316da3c08f7a2e5de54faff6242bfa939a38f_checkpatch:checkpatch.log)
  u24:u24: PASS (37s) (log: /var/www/ci-lustre/upstream-patch-review/eed316da3c08f7a2e5de54faff6242bfa939a38f_u24:u24.log)
  al2023:al2023: PASS (44s) (log: /var/www/ci-lustre/upstream-patch-review/eed316da3c08f7a2e5de54faff6242bfa939a38f_al2023:al2023.log)
  ml-strict:lustre_mainline: FAIL (149s) (log: /var/www/ci-lustre/upstream-patch-review/eed316da3c08f7a2e5de54faff6242bfa939a38f_ml-strict:lustre_mainline.log)
  ml:lustre_mainline: PASS (151s) (log: /var/www/ci-lustre/upstream-patch-review/eed316da3c08f7a2e5de54faff6242bfa939a38f_ml:lustre_mainline.log)
  ml-miscvm:lustre_mainline_native: PASS (152s) (log: /var/www/ci-lustre/upstream-patch-review/eed316da3c08f7a2e5de54faff6242bfa939a38f_ml-miscvm:lustre_mainline_native.log)
  ml-miscvm:boot: PASS (27s) (log: /var/www/ci-lustre/upstream-patch-review/eed316da3c08f7a2e5de54faff6242bfa939a38f_ml-miscvm:boot.log)
  ml-miscvm:llmount: PASS (75s) (log: /var/www/ci-lustre/upstream-patch-review/eed316da3c08f7a2e5de54faff6242bfa939a38f_ml-miscvm:llmount.log)
  ml-miscvm:llog-unit: FAIL (113s) (log: /var/www/ci-lustre/upstream-patch-review/eed316da3c08f7a2e5de54faff6242bfa939a38f_ml-miscvm:llog-unit.log)
  ml-miscvm:mgs-setup: PASS (36s) (log: /var/www/ci-lustre/upstream-patch-review/eed316da3c08f7a2e5de54faff6242bfa939a38f_ml-miscvm:mgs-setup.log)
  ml-miscvm:sanity-1: PASS (66s) (log: /var/www/ci-lustre/upstream-patch-review/eed316da3c08f7a2e5de54faff6242bfa939a38f_ml-miscvm:sanity-1.log)
  ml-miscvm:sanity-2: PASS (68s) (log: /var/www/ci-lustre/upstream-patch-review/eed316da3c08f7a2e5de54faff6242bfa939a38f_ml-miscvm:sanity-2.log)
  ml-miscvm:sanity-3: PASS (67s) (log: /var/www/ci-lustre/upstream-patch-review/eed316da3c08f7a2e5de54faff6242bfa939a38f_ml-miscvm:sanity-3.log)
  ml-miscvm:sanity-4: PASS (65s) (log: /var/www/ci-lustre/upstream-patch-review/eed316da3c08f7a2e5de54faff6242bfa939a38f_ml-miscvm:sanity-4.log)

Total execution time: 294s

Packed 12801 logs from /var/www/ci-lustre/upstream-patch-review into /home/ktest/ktest/local-site/local_data.js
Open /home/ktest/ktest/local-site/index.html in a browser
