CLI: ./pk --podman-socket unix:///run/podman/podman.sock --shared-filesystem /tmp --tarball-input job lustre-ci --output /var/www/ci-lustre/upstream-patch-review --git-hash f11f1c4da04c7ec4d3f1c3e3b0949d9a592e5fec --change-id 68352_f11f1c4da04c7ec4d3f1c3e3b0949d9a592e5fec --subject LU-10026 ofd: space is always granted to server

Environment validated successfully
Note: custom LLVM is not synced in tarball input mode
Creating kernel tarball at /tmp/ktest-kernel.tar.gz...
Creating lustre tarball at /tmp/ktest-lustre.tar.gz...
Creating ZFS tarball at /tmp/ktest-zfs.tar.gz...
Executing 14 jobs
Jobs will start as soon as their dependencies are satisfied
Using tarball input mode

START ml:lustre_mainline build tests/fs/lustre/boot.ktest
START checkpatch:checkpatch tool checkpatch
START al2023:al2023 build tests/fs/lustre/boot.ktest
START u24:u24 build tests/fs/lustre/boot.ktest
START ml-strict:lustre_mainline build tests/fs/lustre/boot-strict.ktest
START ml-miscvm:lustre_mainline_native build tests/fs/lustre/boot.ktest
PUT /tmp/ktest-lustre.tar.gz 2s
PUT /tmp/ktest-lustre.tar.gz 2s
PUT /tmp/ktest-kernel.tar.gz 6s
PUT /tmp/ktest-kernel.tar.gz 6s
PUT /tmp/ktest-kernel.tar.gz 6s
PUT /tmp/ktest-kernel.tar.gz 6s
PUT /tmp/ktest-lustre.tar.gz 1s
PUT /tmp/ktest-lustre.tar.gz 1s
PUT /tmp/ktest-lustre.tar.gz 1s
PUT /tmp/ktest-lustre.tar.gz 1s
PUT /tmp/ktest-zfs.tar.gz 0s
PUT /tmp/ktest-zfs.tar.gz 0s
PUT /tmp/ktest-zfs.tar.gz 0s
END checkpatch:checkpatch tool checkpatch PASS 10s
END u24:u24 build tests/fs/lustre/boot.ktest FAIL 34s (exit code: 2)
END al2023:al2023 build tests/fs/lustre/boot.ktest FAIL 44s (exit code: 2)
GET /tmp/ktest_ml-strict:lustre_mainline__s21v7a5.tar 5s
GET /tmp/ktest_ml-miscvm:lustre_mainline_native_g1s0_2ed.tar 6s
GET /tmp/ktest_ml:lustre_mainline_ny0by_1h.tar 6s
END ml-strict:lustre_mainline build tests/fs/lustre/boot-strict.ktest FAIL 147s (exit code: 1)
END ml-miscvm:lustre_mainline_native build tests/fs/lustre/boot.ktest FAIL 148s (exit code: 1)
END ml:lustre_mainline build tests/fs/lustre/boot.ktest FAIL 150s (exit code: 1)

============================================================
Final Results:
  checkpatch:checkpatch: PASS (10s) (log: /var/www/ci-lustre/upstream-patch-review/f11f1c4da04c7ec4d3f1c3e3b0949d9a592e5fec_checkpatch:checkpatch.log)
  u24:u24: FAIL (34s) (log: /var/www/ci-lustre/upstream-patch-review/f11f1c4da04c7ec4d3f1c3e3b0949d9a592e5fec_u24:u24.log)
  al2023:al2023: FAIL (44s) (log: /var/www/ci-lustre/upstream-patch-review/f11f1c4da04c7ec4d3f1c3e3b0949d9a592e5fec_al2023:al2023.log)
  ml-strict:lustre_mainline: FAIL (147s) (log: /var/www/ci-lustre/upstream-patch-review/f11f1c4da04c7ec4d3f1c3e3b0949d9a592e5fec_ml-strict:lustre_mainline.log)
  ml:lustre_mainline: FAIL (150s) (log: /var/www/ci-lustre/upstream-patch-review/f11f1c4da04c7ec4d3f1c3e3b0949d9a592e5fec_ml:lustre_mainline.log)
  ml-miscvm:lustre_mainline_native: FAIL (148s) (log: /var/www/ci-lustre/upstream-patch-review/f11f1c4da04c7ec4d3f1c3e3b0949d9a592e5fec_ml-miscvm:lustre_mainline_native.log)
  ml-miscvm:boot: SKIPPED (due to dependency failure)
  ml-miscvm:llmount: SKIPPED (due to dependency failure)
  ml-miscvm:llog-unit: SKIPPED (due to dependency failure)
  ml-miscvm:mgs-setup: SKIPPED (due to dependency failure)
  ml-miscvm:sanity-1: SKIPPED (due to dependency failure)
  ml-miscvm:sanity-2: SKIPPED (due to dependency failure)
  ml-miscvm:sanity-3: SKIPPED (due to dependency failure)
  ml-miscvm:sanity-4: SKIPPED (due to dependency failure)

Total execution time: 180s

Packed 18143 logs from /var/www/ci-lustre/upstream-patch-review into /home/ktest/ktest/local-site/local_data.js
Open /home/ktest/ktest/local-site/index.html in a browser
