CLI: ./pk --podman-socket unix:///run/podman/podman.sock --shared-filesystem /tmp --tarball-input job lustre-ci --output /var/www/ci-lustre/upstream-patch-review --git-hash f25a27c5e6b8e584d7e92fe34e0a0f608dc15bfa --change-id 66759_f25a27c5e6b8e584d7e92fe34e0a0f608dc15bfa --subject LU-20344 lnet: scope LNetAddPeer primary to reachable NIDs

Environment validated successfully
Note: custom LLVM is not synced in tarball input mode
Creating kernel tarball at /tmp/ktest-kernel.tar.gz...
Creating lustre tarball at /tmp/ktest-lustre.tar.gz...
Creating ZFS tarball at /tmp/ktest-zfs.tar.gz...
Executing 14 jobs
Jobs will start as soon as their dependencies are satisfied
Using tarball input mode

START ml:lustre_mainline build tests/fs/lustre/boot.ktest
START checkpatch:checkpatch tool checkpatch
START u24:u24 build tests/fs/lustre/boot.ktest
START ml-miscvm:lustre_mainline_native build tests/fs/lustre/boot.ktest
START ml-strict:lustre_mainline build tests/fs/lustre/boot-strict.ktest
START al2023:al2023 build tests/fs/lustre/boot.ktest
PUT /tmp/ktest-lustre.tar.gz 1s
PUT /tmp/ktest-lustre.tar.gz 1s
PUT /tmp/ktest-kernel.tar.gz 7s
PUT /tmp/ktest-kernel.tar.gz 7s
PUT /tmp/ktest-kernel.tar.gz 7s
PUT /tmp/ktest-kernel.tar.gz 7s
PUT /tmp/ktest-lustre.tar.gz 1s
PUT /tmp/ktest-lustre.tar.gz 1s
PUT /tmp/ktest-lustre.tar.gz 1s
PUT /tmp/ktest-lustre.tar.gz 1s
PUT /tmp/ktest-zfs.tar.gz 0s
PUT /tmp/ktest-zfs.tar.gz 0s
PUT /tmp/ktest-zfs.tar.gz 0s
END checkpatch:checkpatch tool checkpatch FAIL 11s (exit code: 1)
END al2023:al2023 build tests/fs/lustre/boot.ktest PASS 52s
END u24:u24 build tests/fs/lustre/boot.ktest PASS 54s
GET /tmp/ktest_ml-miscvm:lustre_mainline_native_d1o65ywt.tar 0s
GET /tmp/ktest_ml:lustre_mainline_g9n_qzg5.tar 0s
END ml-miscvm:lustre_mainline_native build tests/fs/lustre/boot.ktest PASS 160s
START ml-miscvm:boot run tests/fs/lustre/boot.ktest
START ml-miscvm:llmount run tests/fs/lustre/llmount.ktest
START ml-miscvm:llog-unit run tests/fs/lustre/llog-unit.ktest
START ml-miscvm:mgs-setup run tests/fs/lustre/mgs-setup.ktest
START ml-miscvm:sanity-1 run tests/fs/lustre/sanity/sanity-1.ktest
START ml-miscvm:sanity-2 run tests/fs/lustre/sanity/sanity-2.ktest
START ml-miscvm:sanity-3 run tests/fs/lustre/sanity/sanity-3.ktest
START ml-miscvm:sanity-4 run tests/fs/lustre/sanity/sanity-4.ktest
GET /tmp/ktest_ml-strict:lustre_mainline_rkedprs6.tar 5s
END ml:lustre_mainline build tests/fs/lustre/boot.ktest PASS 161s
END ml-strict:lustre_mainline build tests/fs/lustre/boot-strict.ktest FAIL 162s (exit code: 1)
PUT /tmp/ktest-kernel.tar.gz 13s
PUT /tmp/ktest-kernel.tar.gz 13s
PUT /tmp/ktest-kernel.tar.gz 13s
PUT /tmp/ktest-kernel.tar.gz 13s
PUT /tmp/ktest-kernel.tar.gz 13s
PUT /tmp/ktest-kernel.tar.gz 14s
PUT /tmp/ktest-kernel.tar.gz 14s
PUT /tmp/ktest-kernel.tar.gz 14s
PUT /tmp/ktest-lustre.tar.gz 4s
PUT /tmp/ktest-lustre.tar.gz 4s
PUT /tmp/ktest-lustre.tar.gz 4s
PUT /tmp/ktest-lustre.tar.gz 3s
PUT /tmp/ktest-lustre.tar.gz 3s
PUT /tmp/ktest-lustre.tar.gz 3s
PUT /tmp/ktest-lustre.tar.gz 3s
PUT /tmp/ktest-lustre.tar.gz 3s
PUT /tmp/ktest_ml-miscvm:lustre_mainline_native_d1o65ywt.tar 0s
PUT /tmp/ktest_ml-miscvm:lustre_mainline_native_d1o65ywt.tar 0s
PUT /tmp/ktest_ml-miscvm:lustre_mainline_native_d1o65ywt.tar 0s
PUT /tmp/ktest_ml-miscvm:lustre_mainline_native_d1o65ywt.tar 0s
PUT /tmp/ktest_ml-miscvm:lustre_mainline_native_d1o65ywt.tar 0s
PUT /tmp/ktest_ml-miscvm:lustre_mainline_native_d1o65ywt.tar 0s
PUT /tmp/ktest_ml-miscvm:lustre_mainline_native_d1o65ywt.tar 0s
PUT /tmp/ktest_ml-miscvm:lustre_mainline_native_d1o65ywt.tar 0s
END ml-miscvm:boot run tests/fs/lustre/boot.ktest PASS 54s
END ml-miscvm:mgs-setup run tests/fs/lustre/mgs-setup.ktest PASS 65s
END ml-miscvm:sanity-3 run tests/fs/lustre/sanity/sanity-3.ktest PASS 92s
END ml-miscvm:sanity-1 run tests/fs/lustre/sanity/sanity-1.ktest PASS 93s
END ml-miscvm:llmount run tests/fs/lustre/llmount.ktest PASS 106s
END ml-miscvm:sanity-4 run tests/fs/lustre/sanity/sanity-4.ktest PASS 107s
END ml-miscvm:sanity-2 run tests/fs/lustre/sanity/sanity-2.ktest PASS 108s
END ml-miscvm:llog-unit run tests/fs/lustre/llog-unit.ktest FAIL 170s (exit code: 1)

============================================================
Final Results:
  checkpatch:checkpatch: FAIL (11s) (log: /var/www/ci-lustre/upstream-patch-review/f25a27c5e6b8e584d7e92fe34e0a0f608dc15bfa_checkpatch:checkpatch.log)
  u24:u24: PASS (54s) (log: /var/www/ci-lustre/upstream-patch-review/f25a27c5e6b8e584d7e92fe34e0a0f608dc15bfa_u24:u24.log)
  al2023:al2023: PASS (52s) (log: /var/www/ci-lustre/upstream-patch-review/f25a27c5e6b8e584d7e92fe34e0a0f608dc15bfa_al2023:al2023.log)
  ml-strict:lustre_mainline: FAIL (162s) (log: /var/www/ci-lustre/upstream-patch-review/f25a27c5e6b8e584d7e92fe34e0a0f608dc15bfa_ml-strict:lustre_mainline.log)
  ml:lustre_mainline: PASS (161s) (log: /var/www/ci-lustre/upstream-patch-review/f25a27c5e6b8e584d7e92fe34e0a0f608dc15bfa_ml:lustre_mainline.log)
  ml-miscvm:lustre_mainline_native: PASS (160s) (log: /var/www/ci-lustre/upstream-patch-review/f25a27c5e6b8e584d7e92fe34e0a0f608dc15bfa_ml-miscvm:lustre_mainline_native.log)
  ml-miscvm:boot: PASS (54s) (log: /var/www/ci-lustre/upstream-patch-review/f25a27c5e6b8e584d7e92fe34e0a0f608dc15bfa_ml-miscvm:boot.log)
  ml-miscvm:llmount: PASS (106s) (log: /var/www/ci-lustre/upstream-patch-review/f25a27c5e6b8e584d7e92fe34e0a0f608dc15bfa_ml-miscvm:llmount.log)
  ml-miscvm:llog-unit: FAIL (170s) (log: /var/www/ci-lustre/upstream-patch-review/f25a27c5e6b8e584d7e92fe34e0a0f608dc15bfa_ml-miscvm:llog-unit.log)
  ml-miscvm:mgs-setup: PASS (65s) (log: /var/www/ci-lustre/upstream-patch-review/f25a27c5e6b8e584d7e92fe34e0a0f608dc15bfa_ml-miscvm:mgs-setup.log)
  ml-miscvm:sanity-1: PASS (93s) (log: /var/www/ci-lustre/upstream-patch-review/f25a27c5e6b8e584d7e92fe34e0a0f608dc15bfa_ml-miscvm:sanity-1.log)
  ml-miscvm:sanity-2: PASS (108s) (log: /var/www/ci-lustre/upstream-patch-review/f25a27c5e6b8e584d7e92fe34e0a0f608dc15bfa_ml-miscvm:sanity-2.log)
  ml-miscvm:sanity-3: PASS (92s) (log: /var/www/ci-lustre/upstream-patch-review/f25a27c5e6b8e584d7e92fe34e0a0f608dc15bfa_ml-miscvm:sanity-3.log)
  ml-miscvm:sanity-4: PASS (107s) (log: /var/www/ci-lustre/upstream-patch-review/f25a27c5e6b8e584d7e92fe34e0a0f608dc15bfa_ml-miscvm:sanity-4.log)

Total execution time: 360s
