CLI: ./pk --podman-socket unix:///run/podman/podman.sock --shared-filesystem /tmp --tarball-input job lustre-ci --output /var/www/ci-lustre/upstream-patch-review --git-hash f44a7d6c048906f5a201db06edc1b3dfb9b839c1 --change-id 66784_f44a7d6c048906f5a201db06edc1b3dfb9b839c1 --subject LU-11509 ldlm: scale LFRU sample window from lru_size

Environment validated successfully
Note: custom LLVM is not synced in tarball input mode
Creating kernel tarball at /tmp/ktest-kernel.tar.gz...
Creating lustre tarball at /tmp/ktest-lustre.tar.gz...
Creating ZFS tarball at /tmp/ktest-zfs.tar.gz...
Executing 14 jobs
Jobs will start as soon as their dependencies are satisfied
Using tarball input mode

START ml-miscvm:lustre_mainline_native build tests/fs/lustre/boot.ktest
START ml:lustre_mainline build tests/fs/lustre/boot.ktest
START ml-strict:lustre_mainline build tests/fs/lustre/boot-strict.ktest
START checkpatch:checkpatch tool checkpatch
START u24:u24 build tests/fs/lustre/boot.ktest
START al2023:al2023 build tests/fs/lustre/boot.ktest
PUT /tmp/ktest-lustre.tar.gz 1s
PUT /tmp/ktest-lustre.tar.gz 1s
PUT /tmp/ktest-kernel.tar.gz 6s
PUT /tmp/ktest-kernel.tar.gz 6s
PUT /tmp/ktest-kernel.tar.gz 6s
PUT /tmp/ktest-kernel.tar.gz 7s
PUT /tmp/ktest-lustre.tar.gz 1s
PUT /tmp/ktest-lustre.tar.gz 1s
PUT /tmp/ktest-lustre.tar.gz 1s
PUT /tmp/ktest-lustre.tar.gz 1s
PUT /tmp/ktest-zfs.tar.gz 0s
PUT /tmp/ktest-zfs.tar.gz 0s
PUT /tmp/ktest-zfs.tar.gz 0s
END checkpatch:checkpatch tool checkpatch PASS 10s
END u24:u24 build tests/fs/lustre/boot.ktest PASS 35s
END al2023:al2023 build tests/fs/lustre/boot.ktest PASS 42s
GET /tmp/ktest_ml:lustre_mainline_ullldzfj.tar 0s
END ml:lustre_mainline build tests/fs/lustre/boot.ktest PASS 138s
GET /tmp/ktest_ml-miscvm:lustre_mainline_native_xb9qktuy.tar 0s
GET /tmp/ktest_ml-strict:lustre_mainline_h2_2v_hc.tar 5s
END ml-miscvm:lustre_mainline_native build tests/fs/lustre/boot.ktest PASS 141s
START ml-miscvm:boot run tests/fs/lustre/boot.ktest
START ml-miscvm:llmount run tests/fs/lustre/llmount.ktest
START ml-miscvm:llog-unit run tests/fs/lustre/llog-unit.ktest
START ml-miscvm:mgs-setup run tests/fs/lustre/mgs-setup.ktest
START ml-miscvm:sanity-1 run tests/fs/lustre/sanity/sanity-1.ktest
START ml-miscvm:sanity-2 run tests/fs/lustre/sanity/sanity-2.ktest
START ml-miscvm:sanity-3 run tests/fs/lustre/sanity/sanity-3.ktest
START ml-miscvm:sanity-4 run tests/fs/lustre/sanity/sanity-4.ktest
END ml-strict:lustre_mainline build tests/fs/lustre/boot-strict.ktest FAIL 143s (exit code: 1)
PUT /tmp/ktest-kernel.tar.gz 36s
PUT /tmp/ktest-kernel.tar.gz 36s
PUT /tmp/ktest-kernel.tar.gz 36s
PUT /tmp/ktest-kernel.tar.gz 36s
PUT /tmp/ktest-kernel.tar.gz 36s
PUT /tmp/ktest-kernel.tar.gz 36s
PUT /tmp/ktest-kernel.tar.gz 37s
PUT /tmp/ktest-kernel.tar.gz 37s
PUT /tmp/ktest-lustre.tar.gz 6s
PUT /tmp/ktest-lustre.tar.gz 6s
PUT /tmp/ktest-lustre.tar.gz 6s
PUT /tmp/ktest-lustre.tar.gz 5s
PUT /tmp/ktest-lustre.tar.gz 5s
PUT /tmp/ktest-lustre.tar.gz 5s
PUT /tmp/ktest-lustre.tar.gz 6s
PUT /tmp/ktest-lustre.tar.gz 6s
PUT /tmp/ktest_ml-miscvm:lustre_mainline_native_xb9qktuy.tar 1s
PUT /tmp/ktest_ml-miscvm:lustre_mainline_native_xb9qktuy.tar 1s
PUT /tmp/ktest_ml-miscvm:lustre_mainline_native_xb9qktuy.tar 1s
PUT /tmp/ktest_ml-miscvm:lustre_mainline_native_xb9qktuy.tar 1s
PUT /tmp/ktest_ml-miscvm:lustre_mainline_native_xb9qktuy.tar 1s
PUT /tmp/ktest_ml-miscvm:lustre_mainline_native_xb9qktuy.tar 1s
PUT /tmp/ktest_ml-miscvm:lustre_mainline_native_xb9qktuy.tar 1s
PUT /tmp/ktest_ml-miscvm:lustre_mainline_native_xb9qktuy.tar 1s
END ml-miscvm:boot run tests/fs/lustre/boot.ktest PASS 56s
END ml-miscvm:mgs-setup run tests/fs/lustre/mgs-setup.ktest PASS 66s
END ml-miscvm:sanity-1 run tests/fs/lustre/sanity/sanity-1.ktest PASS 94s
END ml-miscvm:sanity-4 run tests/fs/lustre/sanity/sanity-4.ktest PASS 95s
END ml-miscvm:llmount run tests/fs/lustre/llmount.ktest PASS 104s
END ml-miscvm:sanity-3 run tests/fs/lustre/sanity/sanity-3.ktest PASS 107s
END ml-miscvm:sanity-2 run tests/fs/lustre/sanity/sanity-2.ktest PASS 108s
END ml-miscvm:llog-unit run tests/fs/lustre/llog-unit.ktest FAIL 142s (exit code: 1)

============================================================
Final Results:
  checkpatch:checkpatch: PASS (10s) (log: /var/www/ci-lustre/upstream-patch-review/f44a7d6c048906f5a201db06edc1b3dfb9b839c1_checkpatch:checkpatch.log)
  u24:u24: PASS (35s) (log: /var/www/ci-lustre/upstream-patch-review/f44a7d6c048906f5a201db06edc1b3dfb9b839c1_u24:u24.log)
  al2023:al2023: PASS (42s) (log: /var/www/ci-lustre/upstream-patch-review/f44a7d6c048906f5a201db06edc1b3dfb9b839c1_al2023:al2023.log)
  ml-strict:lustre_mainline: FAIL (143s) (log: /var/www/ci-lustre/upstream-patch-review/f44a7d6c048906f5a201db06edc1b3dfb9b839c1_ml-strict:lustre_mainline.log)
  ml:lustre_mainline: PASS (138s) (log: /var/www/ci-lustre/upstream-patch-review/f44a7d6c048906f5a201db06edc1b3dfb9b839c1_ml:lustre_mainline.log)
  ml-miscvm:lustre_mainline_native: PASS (141s) (log: /var/www/ci-lustre/upstream-patch-review/f44a7d6c048906f5a201db06edc1b3dfb9b839c1_ml-miscvm:lustre_mainline_native.log)
  ml-miscvm:boot: PASS (56s) (log: /var/www/ci-lustre/upstream-patch-review/f44a7d6c048906f5a201db06edc1b3dfb9b839c1_ml-miscvm:boot.log)
  ml-miscvm:llmount: PASS (104s) (log: /var/www/ci-lustre/upstream-patch-review/f44a7d6c048906f5a201db06edc1b3dfb9b839c1_ml-miscvm:llmount.log)
  ml-miscvm:llog-unit: FAIL (142s) (log: /var/www/ci-lustre/upstream-patch-review/f44a7d6c048906f5a201db06edc1b3dfb9b839c1_ml-miscvm:llog-unit.log)
  ml-miscvm:mgs-setup: PASS (66s) (log: /var/www/ci-lustre/upstream-patch-review/f44a7d6c048906f5a201db06edc1b3dfb9b839c1_ml-miscvm:mgs-setup.log)
  ml-miscvm:sanity-1: PASS (94s) (log: /var/www/ci-lustre/upstream-patch-review/f44a7d6c048906f5a201db06edc1b3dfb9b839c1_ml-miscvm:sanity-1.log)
  ml-miscvm:sanity-2: PASS (108s) (log: /var/www/ci-lustre/upstream-patch-review/f44a7d6c048906f5a201db06edc1b3dfb9b839c1_ml-miscvm:sanity-2.log)
  ml-miscvm:sanity-3: PASS (107s) (log: /var/www/ci-lustre/upstream-patch-review/f44a7d6c048906f5a201db06edc1b3dfb9b839c1_ml-miscvm:sanity-3.log)
  ml-miscvm:sanity-4: PASS (95s) (log: /var/www/ci-lustre/upstream-patch-review/f44a7d6c048906f5a201db06edc1b3dfb9b839c1_ml-miscvm:sanity-4.log)

Total execution time: 311s

Packed 14238 logs from /var/www/ci-lustre/upstream-patch-review into /home/ktest/ktest/local-site/local_data.js
Open /home/ktest/ktest/local-site/index.html in a browser
