WARNING:FILE_PATH_CHANGES: added, moved or deleted file(s), does MAINTAINERS need updating?
#14: 
new file mode 100644

WARNING:LINE_SPACING: Missing a blank line after declarations
#436: FILE: lustre/mdt/mdt_handler.c:8198:
+	struct gssiam_auth_rep *rep;
+	if (tsi->tsi_exp->exp_sp_peer != LUSTRE_SP_MDT &&

WARNING:LINE_SPACING: Missing a blank line after declarations
#439: FILE: lustre/mdt/mdt_handler.c:8201:
+		int err = -EPERM;
+		CERROR("%s: non-target peer %s (%s) tried GSSIAM get_info: rc = %d\n",

WARNING:STATIC_CONST_CHAR_ARRAY: char * array declaration might be better as static const
#1019: FILE: lustre/target/tgt_gssiam.c:129:
+	char *argv[] = {

WARNING:STATIC_CONST_CHAR_ARRAY: char * array declaration might be better as static const
#1029: FILE: lustre/target/tgt_gssiam.c:139:
+	char *envp[] = {

total: 0 errors, 5 warnings, 1733 lines checked

NOTE: For some of the reported defects, checkpatch may be able to
      mechanically convert to the typical style using --fix or --fix-inplace.

Your patch has style problems, please review.

NOTE: If any of the errors are false positives, please report
      them to the maintainer, see CHECKPATCH in MAINTAINERS.
