WARNING:FILE_PATH_CHANGES: added, moved or deleted file(s), does MAINTAINERS need updating?
#2102: 
new file mode 100644

WARNING:TYPO_SPELLING: 'succesfully' may be misspelled - perhaps 'successfully'?
#2223: FILE: lustre/utils/lfs_find_parse.c:117:
+ * Return: 0 if argument string is succesfully processed, nonzero if any
                                    ^^^^^^^^^^^

WARNING:TYPO_SPELLING: 'seperated' may be misspelled - perhaps 'separated'?
#2817: FILE: lustre/utils/lfs_find_parse.c:711:
+		/* parse coma seperated list of symbolic representation */
 		              ^^^^^^^^^

WARNING:PREFER_FALLTHROUGH: Prefer 'fallthrough;' over fallthrough comment
#3210: FILE: lustre/utils/lfs_find_parse.c:1104:
+			/* no break, this falls through to 'B' for btime */

WARNING:PREFER_FALLTHROUGH: Prefer 'fallthrough;' over fallthrough comment
#3218: FILE: lustre/utils/lfs_find_parse.c:1112:
+			/* no break, this falls through to 'C' for ctime */

WARNING:PREFER_FALLTHROUGH: Prefer 'fallthrough;' over fallthrough comment
#3226: FILE: lustre/utils/lfs_find_parse.c:1120:
+			/* no break, this falls through to 'M' for mtime */

WARNING:STRNCPY: Prefer strscpy, strscpy_pad, or __nonstring over strncpy - see: https://github.com/KSPP/linux/issues/90
#3734: FILE: lustre/utils/lfs_find_parse.c:1628:
+				strncpy(buf, p1, len);

WARNING:DEEP_INDENTATION: Too many leading tabs - consider code refactoring
#3765: FILE: lustre/utils/lfs_find_parse.c:1659:
+						if (*p_num >= *p_alloc) {

WARNING:DEEP_INDENTATION: Too many leading tabs - consider code refactoring
#3769: FILE: lustre/utils/lfs_find_parse.c:1663:
+							if (tmp == NULL) {

WARNING:STRCPY: Prefer strscpy over strcpy - see: https://github.com/KSPP/linux/issues/88
#3778: FILE: lustre/utils/lfs_find_parse.c:1672:
+						strcpy((*pp_uuid)[(*p_num)++].uuid, buf);

WARNING:STRCPY: Prefer strscpy over strcpy - see: https://github.com/KSPP/linux/issues/88
#3782: FILE: lustre/utils/lfs_find_parse.c:1676:
+					strcpy((*pp_uuid)[(*p_num)++].uuid, buf);

WARNING:CONSTANT_COMPARISON: Comparisons should place the constant on the right side of the test
#3793: FILE: lustre/utils/lfs_find_parse.c:1687:
+#if LUSTRE_VERSION_CODE >= OBD_OCD_VERSION(2, 18, 53, 0)

total: 0 errors, 12 warnings, 4594 lines checked

NOTE: For some of the reported defects, checkpatch may be able to
      mechanically convert to the typical style using --fix or --fix-inplace.

Your patch has style problems, please review.

NOTE: If any of the errors are false positives, please report
      them to the maintainer, see CHECKPATCH in MAINTAINERS.
