WARNING:BLOCK_COMMENT_STYLE: Block comments use a trailing */ on a separate line
#194: FILE: lustre/include/md_object.h:164:
+				 * @mlc_source pattern */

WARNING:LEADING_SPACE: please, no spaces at the start of a line
#331: FILE: lustre/lod/lod_internal.h:320:
+     (comp) && (comp) < (lo)->ldo_comp_entries + (lo)->ldo_comp_cnt;^I   \$

WARNING:LEADING_SPACE: please, no spaces at the start of a line
#332: FILE: lustre/lod/lod_internal.h:321:
+     (comp)++)$

WARNING:SYMBOLIC_PERMS: Symbolic permissions 'S_IWUSR' are not preferred. Consider using octal permissions '0200'.
#1297: FILE: lustre/mdt/mdt_reint.c:1058:
+	orp_ma->ma_attr.la_mode = S_IFREG | S_IWUSR;

WARNING:LONG_LINE_STRING: line length of 113 exceeds 100 columns
#1372: FILE: lustre/mdt/mdt_reint.c:1241:
+				CERROR("%s: "DFID": trunc(0) unavailable layout check/replace failed: rc = %d\n",

WARNING:UNSPECIFIED_INT: Prefer 'unsigned int' to bare use of 'unsigned'
#1493: FILE: lustre/ptlrpc/wiretest.c:2857:
+		 (unsigned)MS_RESTORE);

WARNING:UNSPECIFIED_INT: Prefer 'unsigned int' to bare use of 'unsigned'
#1495: FILE: lustre/ptlrpc/wiretest.c:2859:
+		 (unsigned)MS_LAYOUT_REPLACED);

WARNING:UNSPECIFIED_INT: Prefer 'unsigned int' to bare use of 'unsigned'
#1947: FILE: lustre/utils/wiretest.c:2876:
+		 (unsigned)MS_RESTORE);

WARNING:UNSPECIFIED_INT: Prefer 'unsigned int' to bare use of 'unsigned'
#1949: FILE: lustre/utils/wiretest.c:2878:
+		 (unsigned)MS_LAYOUT_REPLACED);

total: 0 errors, 9 warnings, 1741 lines checked

NOTE: For some of the reported defects, checkpatch may be able to
      mechanically convert to the typical style using --fix or --fix-inplace.

Your patch has style problems, please review.

NOTE: If any of the errors are false positives, please report
      them to the maintainer, see CHECKPATCH in MAINTAINERS.
