00001 
00004 LNetError: 152:0:(lib-socket.c:619:lnet_inet_enumerate()) lnet: Can't find any usable interfaces, rc = -ENOENT
00004 LNetError: Error -100 starting up LNI tcp
00004 LustreError: 152:0:(events.c:632:ptlrpc_init_portals()) network initialisation failed: rc = -100
00009 Kernel version: 7.0.0-ktest-f7bec4c-6330a45-20260922-dirty
00009 hook init_noop
00009 
00009 Running tests llog-unit
00009 
00009 ========= TEST   llog-unit
00009 /host/home/ktest/git/lustre-release/lustre/tests/test-framework.sh: line 7030: cd: HOME not set
00009 /host/home/ktest/git/lustre-release/lustre/tests/test-framework.sh: line 7030: cd: HOME not set
00009 /host/home/ktest/git/lustre-release/lustre/tests/test-framework.sh: line 7030: cd: HOME not set
00011 MGS_OS_VERSION_ID=24.04
00011 MGS_OS_ID=ubuntu
00011 MGS_OS_VERSION_CODE=402915328
00011 MGS_OS_ID_LIKE=debian ubuntu
00011 MDS1_OS_ID=ubuntu
00011 MDS1_OS_VERSION_CODE=402915328
00011 MDS1_OS_ID_LIKE=debian ubuntu
00011 MDS1_OS_VERSION_ID=24.04
00011 OST1_OS_VERSION_ID=24.04
00011 OST1_OS_VERSION_CODE=402915328
00011 OST1_OS_ID=ubuntu
00011 OST1_OS_ID_LIKE=debian ubuntu
00012 CLIENT_OS_VERSION_ID=24.04
00012 CLIENT_OS_ID_LIKE=debian ubuntu
00012 CLIENT_OS_ID=ubuntu
00012 CLIENT_OS_VERSION_CODE=402915328
00012 Loading modules from /host/home/ktest/git/lustre-release/lustre
00012 detected 16 online CPUs by sysfs
00012 MODOPTS_LIBCFS=
00012 libcfs will create CPU partition based on online CPUs
00012 LNet: Added LNI 10.0.2.15@tcp [8/256/0/180]
00013 gss/krb5 is not supported
00014 Lustre: Echo OBD driver; http://www.lustre.org/
00014 '/usr/sbin/mount.lustre_tgt' -> 'mount.lustre'
00014 
00014 LustreError: 1889:0:(genops.c:359:class_newdev()) OBD: unknown type: osd-wbcfs
00014 LustreError: 1889:0:(obd_config.c:694:class_attach_name()) Cannot create device MGS0000-osd of type osd-wbcfs : -19
00014 LustreError: 1889:0:(obd_mount.c:234:lustre_start_simple()) MGS0000-osd attach error -19
00014 LustreError: 1889:0:(tgt_mount.c:2581:server_fill_super()) Unable to start osd on lustre-wbcfs: -19
00014 LustreError: 1889:0:(tgt_mount.c:2758:lustre_tgt_fill_super()) Unable to mount  (-19)
00014 
00014 /host/home/ktest/git/lustre-release/lustre/tests/test-framework.sh: line 7030: cd: HOME not set
00014 /host/home/ktest/git/lustre-release/lustre/tests/test-framework.sh: line 7030: cd: HOME not set
00014 /host/home/ktest/git/lustre-release/lustre/tests/test-framework.sh: line 7030: cd: HOME not set
00018 Lustre: DEBUG MARKER: Attempt llog unit tests
00018 LustreError: 2171:0:(llog_test.c:2729:llog_test_device_alloc()) requires a TARGET OBD name
00018 LustreError: 2171:0:(obd_config.c:845:class_setup()) setup llt_name failed (-22)
00018 error: setup: Invalid argument
00018 LustreError: 2171:0:(obd_config.c:906:class_cleanup()) Device 0 not setup
00018 Lustre: DEBUG MARKER: Finish llog units tests
00018 
00018 
00018 
00018 ========= PASSED llog-unit in 10s
00018 
00018 Passed: llog-unit
00018 Failed: 
00018 NOTICE: Automounting of tracing to debugfs is deprecated and will be removed in 2030
00018 Kernel version: 7.0.0-ktest-f7bec4c-6330a45-20260922-dirty
00018 TEST SUCCESS
