00004 
00013 RDSEED32 is broken. Disabling the corresponding CPUID bit.
00017 init: failed to load nvme_core
00017 init: failed to load nvme
00017 init: failed to load zfs
00019 LNetError: 1:0:(lib-socket.c:619:lnet_inet_enumerate()) lnet: Can't find any usable interfaces, rc = -ENOENT
00019 LNetError: Error -100 starting up LNI tcp
00019 LustreError: 1:0:(events.c:627:ptlrpc_init_portals()) network initialisation failed: rc = -100
00020 init: finit_module /lib/modules/7.0.0-ktest-f88780b-6330a45-20260727-dirty/updates/ptlrpc.ko: Network is down
00020 init: failed to load lustre
00020 init: failed to load osd_zfs
00020 init: failed to load iwlwifi
00020 init: failed to load iwlmvm
00020 init: failed to load mt7921e
00020 init: failed to load i915
00020 init: failed to load nouveau
00032 tlp: vm.laptop_mode is deprecated. Ignoring setting.
00032 Kernel version: 7.0.0-ktest-f88780b-6330a45-20260727-dirty
00033 hook init_noop
00033 
00033 Running tests llmount
00033 
00033 ========= TEST   llmount
00038 SETUP LUSTRE ... LNet: Added LNI 10.0.2.15@tcp [8/256/0/180]
00039 Lustre: Echo OBD driver; http://www.lustre.org/
00039 Lustre: 1900:0:(mdt_handler.c:64:mdt_max_mod_rpcs_per_client_set()) max_mod_rpcs_per_client is deprecated, set mdt.*.max_mod_rpcs_in_flight parameter instead
00040 Lustre: ctl-lustre-MDT0000: No data found on store. Initialize space.
00040 Lustre: lustre-MDT0000: new disk, initializing
00040 Lustre: lustre-MDT0000: Imperative Recovery not enabled, recovery window 300-900
00040 Lustre: ctl-lustre-MDT0000: super-sequence allocation rc = 0 [0x0000000200000400-0x0000000240000400]:0:mdt
00040 Lustre: cli-ctl-lustre-MDT0001: Allocated super-sequence [0x0000000240000400-0x0000000280000400]:1:mdt]
00041 Lustre: lustre-OST0000: new disk, initializing
00041 Lustre: Skipped 1 previous similar message
00041 Lustre: srv-lustre-OST0000: No data found on store. Initialize space.
00041 Lustre: Skipped 2 previous similar messages
00041 Lustre: lustre-OST0000: Imperative Recovery not enabled, recovery window 300-900
00041 Lustre: Skipped 1 previous similar message
00049 Lustre: ctl-lustre-MDT0000: super-sequence allocation rc = 0 [0x0000000280000400-0x00000002c0000400]:0:ost
00049 Lustre: Skipped 1 previous similar message
00049 Lustre: cli-lustre-OST0000-super: Allocated super-sequence [0x0000000280000400-0x00000002c0000400]:0:ost]
00049 Lustre: lustre-OST0000-osc-MDT0000: update sequence from 0x100000000 to 0x280000401
00049 Lustre: lustre-OST0001-osc-MDT0000: update sequence from 0x100010000 to 0x2c0000401
00054 Lustre: lustre-MDT0001: local client a409e71c-0df9-4265-ad91-0a50b2da4385 w/o recovery
00054 Lustre: lustre-MDT0000: local client a409e71c-0df9-4265-ad91-0a50b2da4385 w/o recovery
00054 Lustre: client wants to enable acl, but mdt not!
00054 Lustre: Mounted lustre-client
00054 lustre-ktest (1881) used greatest stack depth: 24144 bytes left
00054 22s
00065 CLEANUP LUSTRE ... Lustre: Unmounted lustre-client
00065 Lustre: server umount lustre-OST0000 complete
00065 Lustre: server umount lustre-OST0001 complete
00070 LustreError: lustre-MDT0001-osp-MDT0000: operation mds_statfs to node 0@lo failed: rc = -107
00070 Lustre: lustre-MDT0001-osp-MDT0000: Connection to lustre-MDT0001 (at 0@lo) was lost; in progress operations using this service will wait for recovery to complete
00070 Lustre: lustre-MDT0001: Not available for connect from 0@lo (stopping)
00076 INFO: task lustre-ktest:2018 blocked for more than 10 seconds.
00076       Tainted: G           O        7.0.0-ktest-f88780b-6330a45-20260727-dirty #1
00076 "echo 0 > /proc/sys/kernel/hung_task_timeout_secs" disables this message.
00076 task:lustre-ktest    state:D stack:25216 pid:2018  tgid:2018  ppid:2017   task_flags:0x400100 flags:0x00080001
00076 Call Trace:
00076  <TASK>
00076  __schedule+0x1202/0x24b0
00076  schedule+0x16c/0x360
00076  ? schedule+0x98/0x360
00076  schedule_timeout+0x35/0x170
00076  ? do_raw_spin_unlock+0x52/0x230
00076  wait_for_completion+0x1e9/0x460
00076  osp_process_config+0x761/0xe20 [osp]
00076  lod_sub_process_config+0x1ce/0x510 [lod]
00076  lod_process_config+0x214/0x2760 [lod]
00076  ? kobject_put+0x8d/0x1b0
00076  mdd_process_config+0x18f/0xaa0 [mdd]
00076  mdt_stack_fini+0xffe/0x1e50 [mdt]
00076  mdt_device_fini+0x1f78/0x2d30 [mdt]
00076  class_cleanup+0x1087/0x1a10 [obdclass]
00076  ? _raw_spin_unlock+0x23/0x40
00076  ? class_name2obd+0x168/0x1a0 [obdclass]
00076  class_process_config+0x1f22/0x7cb0 [obdclass]
00076  ? __kasan_kmalloc+0x72/0x80
00076  ? class_manual_cleanup+0xf58/0x2040 [obdclass]
00076  class_manual_cleanup+0x10d5/0x2040 [obdclass]
00076  ? _raw_spin_unlock+0x23/0x40
00076  ? class_name2obd+0x168/0x1a0 [obdclass]
00076  server_put_super+0x34eb/0x52e0 [ptlrpc]
00076  ? _raw_spin_unlock+0x23/0x40
00076  generic_shutdown_super+0x105/0x310
00076  kill_anon_super+0x3d/0x70
00076  deactivate_locked_super+0x99/0x100
00076  cleanup_mnt+0x3e6/0x460
00076  task_work_run+0xfe/0x170
00076  exit_to_user_mode_loop+0x135/0x440
00076  ? __x64_sys_umount+0x93/0xc0
00076  do_syscall_64+0x1a8/0x350
00076  entry_SYSCALL_64_after_hwframe+0x4b/0x53
00076 RIP: 0033:0x55f29f3c1b71
00076 RSP: 002b:00007fffbb58d690 EFLAGS: 00000246 ORIG_RAX: 00000000000000a6
00076 RAX: 0000000000000000 RBX: 00007fffbb58d8a8 RCX: 000055f29f3c1b71
00076 RDX: 000000000000000f RSI: 0000000000000003 RDI: 000055f2a0ec2a20
00076 RBP: 0000000000000010 R08: 8080808080808080 R09: 0101010101010100
00076 R10: 0000000000000000 R11: 0000000000000246 R12: 00007fffbb58d7b0
00076 R13: 0000000000000003 R14: 000000000000001b R15: 000055f2a0ec2a20
00076  </TASK>
00076 
00076 Showing all locks held in the system:
00076 1 lock held by khungtaskd/101:
00076  #0: ffffffff83b9b420 (rcu_read_lock){....}-{1:2}, at: debug_show_all_locks+0x2e/0xf0
00076 2 locks held by lustre-ktest/2018:
00076  #0: ffff88813e86a0e0 (&type->s_umount_key#46){....}-{3:3}, at: deactivate_super+0x5b/0x80
00076  #1: ffff88813d648750 (&ltd->ltd_rw_sem){....}-{3:3}, at: lod_getref+0x1b/0x50 [lod]
00076 
00076 =============================================
00076 
00076 Lustre: server umount lustre-MDT0001 complete
00086 Lustre: server umount lustre-MDT0000 complete
00086 22s
00086 
00086 ========= PASSED llmount in 54s
00086 
00086 Passed: llmount
00086 Failed: 
00086 NOTICE: Automounting of tracing to debugfs is deprecated and will be removed in 2030
00086 Kernel version: 7.0.0-ktest-f88780b-6330a45-20260727-dirty
00086 TEST SUCCESS
