CLI: ./pk --podman-socket unix:///run/podman/podman.sock --shared-filesystem /tmp --tarball-input job lustre-ci --output /var/www/ci-lustre/upstream-patch-review --git-hash f8a07e33b3621359efed15d9672f743fc054a997 --change-id 62582_f8a07e33b3621359efed15d9672f743fc054a997 --subject LU-15367 llite: Add iotrace debug logs for rename operations

Environment validated successfully
Note: custom LLVM is not synced in tarball input mode
Creating kernel tarball at /tmp/ktest-kernel.tar.gz...
Creating lustre tarball at /tmp/ktest-lustre.tar.gz...
Creating ZFS tarball at /tmp/ktest-zfs.tar.gz...
Executing 14 jobs
Jobs will start as soon as their dependencies are satisfied
Using tarball input mode

START al2023:al2023 build tests/fs/lustre/boot.ktest
START ml-strict:lustre_mainline build tests/fs/lustre/boot-strict.ktest
START ml:lustre_mainline build tests/fs/lustre/boot.ktest
START u24:u24 build tests/fs/lustre/boot.ktest
START ml-miscvm:lustre_mainline_native build tests/fs/lustre/boot.ktest
START checkpatch:checkpatch tool checkpatch
PUT /tmp/ktest-lustre.tar.gz 1s
PUT /tmp/ktest-lustre.tar.gz 1s
PUT /tmp/ktest-kernel.tar.gz 7s
PUT /tmp/ktest-kernel.tar.gz 7s
PUT /tmp/ktest-kernel.tar.gz 7s
PUT /tmp/ktest-kernel.tar.gz 8s
PUT /tmp/ktest-lustre.tar.gz 2s
PUT /tmp/ktest-lustre.tar.gz 2s
PUT /tmp/ktest-lustre.tar.gz 2s
PUT /tmp/ktest-lustre.tar.gz 2s
PUT /tmp/ktest-zfs.tar.gz 0s
PUT /tmp/ktest-zfs.tar.gz 0s
PUT /tmp/ktest-zfs.tar.gz 0s
END checkpatch:checkpatch tool checkpatch FAIL 13s (exit code: 1)
END u24:u24 build tests/fs/lustre/boot.ktest PASS 38s
END al2023:al2023 build tests/fs/lustre/boot.ktest PASS 46s
GET /tmp/ktest_ml-strict:lustre_mainline_c18einwt.tar 4s
END ml-strict:lustre_mainline build tests/fs/lustre/boot-strict.ktest FAIL 155s (exit code: 1)
GET /tmp/ktest_ml-miscvm:lustre_mainline_native_p757ux67.tar 2s
GET /tmp/ktest_ml:lustre_mainline__1cyuw5q.tar 2s
END ml-miscvm:lustre_mainline_native build tests/fs/lustre/boot.ktest PASS 156s
START ml-miscvm:boot run tests/fs/lustre/boot.ktest
START ml-miscvm:llmount run tests/fs/lustre/llmount.ktest
START ml-miscvm:llog-unit run tests/fs/lustre/llog-unit.ktest
START ml-miscvm:mgs-setup run tests/fs/lustre/mgs-setup.ktest
START ml-miscvm:sanity-1 run tests/fs/lustre/sanity/sanity-1.ktest
START ml-miscvm:sanity-2 run tests/fs/lustre/sanity/sanity-2.ktest
START ml-miscvm:sanity-3 run tests/fs/lustre/sanity/sanity-3.ktest
START ml-miscvm:sanity-4 run tests/fs/lustre/sanity/sanity-4.ktest
END ml:lustre_mainline build tests/fs/lustre/boot.ktest PASS 158s
PUT /tmp/ktest-kernel.tar.gz 22s
PUT /tmp/ktest-kernel.tar.gz 22s
PUT /tmp/ktest-kernel.tar.gz 21s
PUT /tmp/ktest-kernel.tar.gz 22s
PUT /tmp/ktest-kernel.tar.gz 22s
PUT /tmp/ktest-kernel.tar.gz 22s
PUT /tmp/ktest-kernel.tar.gz 22s
PUT /tmp/ktest-kernel.tar.gz 22s
PUT /tmp/ktest-lustre.tar.gz 6s
PUT /tmp/ktest-lustre.tar.gz 7s
PUT /tmp/ktest-lustre.tar.gz 6s
PUT /tmp/ktest-lustre.tar.gz 7s
PUT /tmp/ktest-lustre.tar.gz 6s
PUT /tmp/ktest-lustre.tar.gz 7s
PUT /tmp/ktest-lustre.tar.gz 6s
PUT /tmp/ktest-lustre.tar.gz 6s
PUT /tmp/ktest_ml-miscvm:lustre_mainline_native_p757ux67.tar 0s
PUT /tmp/ktest_ml-miscvm:lustre_mainline_native_p757ux67.tar 0s
PUT /tmp/ktest_ml-miscvm:lustre_mainline_native_p757ux67.tar 0s
PUT /tmp/ktest_ml-miscvm:lustre_mainline_native_p757ux67.tar 0s
PUT /tmp/ktest_ml-miscvm:lustre_mainline_native_p757ux67.tar 0s
PUT /tmp/ktest_ml-miscvm:lustre_mainline_native_p757ux67.tar 0s
PUT /tmp/ktest_ml-miscvm:lustre_mainline_native_p757ux67.tar 0s
PUT /tmp/ktest_ml-miscvm:lustre_mainline_native_p757ux67.tar 0s
END ml-miscvm:boot run tests/fs/lustre/boot.ktest PASS 42s
END ml-miscvm:mgs-setup run tests/fs/lustre/mgs-setup.ktest PASS 51s
END ml-miscvm:sanity-3 run tests/fs/lustre/sanity/sanity-3.ktest PASS 80s
END ml-miscvm:sanity-2 run tests/fs/lustre/sanity/sanity-2.ktest PASS 82s
END ml-miscvm:sanity-1 run tests/fs/lustre/sanity/sanity-1.ktest PASS 92s
END ml-miscvm:sanity-4 run tests/fs/lustre/sanity/sanity-4.ktest PASS 94s
END ml-miscvm:llmount run tests/fs/lustre/llmount.ktest PASS 103s
END ml-miscvm:llog-unit run tests/fs/lustre/llog-unit.ktest FAIL 129s (exit code: 1)

============================================================
Final Results:
  checkpatch:checkpatch: FAIL (13s) (log: /var/www/ci-lustre/upstream-patch-review/f8a07e33b3621359efed15d9672f743fc054a997_checkpatch:checkpatch.log)
  u24:u24: PASS (38s) (log: /var/www/ci-lustre/upstream-patch-review/f8a07e33b3621359efed15d9672f743fc054a997_u24:u24.log)
  al2023:al2023: PASS (46s) (log: /var/www/ci-lustre/upstream-patch-review/f8a07e33b3621359efed15d9672f743fc054a997_al2023:al2023.log)
  ml-strict:lustre_mainline: FAIL (155s) (log: /var/www/ci-lustre/upstream-patch-review/f8a07e33b3621359efed15d9672f743fc054a997_ml-strict:lustre_mainline.log)
  ml:lustre_mainline: PASS (158s) (log: /var/www/ci-lustre/upstream-patch-review/f8a07e33b3621359efed15d9672f743fc054a997_ml:lustre_mainline.log)
  ml-miscvm:lustre_mainline_native: PASS (156s) (log: /var/www/ci-lustre/upstream-patch-review/f8a07e33b3621359efed15d9672f743fc054a997_ml-miscvm:lustre_mainline_native.log)
  ml-miscvm:boot: PASS (42s) (log: /var/www/ci-lustre/upstream-patch-review/f8a07e33b3621359efed15d9672f743fc054a997_ml-miscvm:boot.log)
  ml-miscvm:llmount: PASS (103s) (log: /var/www/ci-lustre/upstream-patch-review/f8a07e33b3621359efed15d9672f743fc054a997_ml-miscvm:llmount.log)
  ml-miscvm:llog-unit: FAIL (129s) (log: /var/www/ci-lustre/upstream-patch-review/f8a07e33b3621359efed15d9672f743fc054a997_ml-miscvm:llog-unit.log)
  ml-miscvm:mgs-setup: PASS (51s) (log: /var/www/ci-lustre/upstream-patch-review/f8a07e33b3621359efed15d9672f743fc054a997_ml-miscvm:mgs-setup.log)
  ml-miscvm:sanity-1: PASS (92s) (log: /var/www/ci-lustre/upstream-patch-review/f8a07e33b3621359efed15d9672f743fc054a997_ml-miscvm:sanity-1.log)
  ml-miscvm:sanity-2: PASS (82s) (log: /var/www/ci-lustre/upstream-patch-review/f8a07e33b3621359efed15d9672f743fc054a997_ml-miscvm:sanity-2.log)
  ml-miscvm:sanity-3: PASS (80s) (log: /var/www/ci-lustre/upstream-patch-review/f8a07e33b3621359efed15d9672f743fc054a997_ml-miscvm:sanity-3.log)
  ml-miscvm:sanity-4: PASS (94s) (log: /var/www/ci-lustre/upstream-patch-review/f8a07e33b3621359efed15d9672f743fc054a997_ml-miscvm:sanity-4.log)

Total execution time: 316s

Packed 4317 logs from /var/www/ci-lustre/upstream-patch-review into /home/ktest/ktest/local-site/local_data.js
Open /home/ktest/ktest/local-site/index.html in a browser
