CLI: ./pk --podman-socket unix:///run/podman/podman.sock --shared-filesystem /tmp --tarball-input job lustre-ci --output /var/www/ci-lustre/upstream-patch-review --git-hash f8cf1434a4b88cbcf2f926b81726e6499b43f6fa --change-id 67642_f8cf1434a4b88cbcf2f926b81726e6499b43f6fa --subject LU-20354 quota: reshape qmt_sarray for per-stype slaves

Environment validated successfully
Note: custom LLVM is not synced in tarball input mode
Creating kernel tarball at /tmp/ktest-kernel.tar.gz...
Creating lustre tarball at /tmp/ktest-lustre.tar.gz...
Creating ZFS tarball at /tmp/ktest-zfs.tar.gz...
Executing 14 jobs
Jobs will start as soon as their dependencies are satisfied
Using tarball input mode

START checkpatch:checkpatch tool checkpatch
START ml-miscvm:lustre_mainline_native build tests/fs/lustre/boot.ktest
START ml:lustre_mainline build tests/fs/lustre/boot.ktest
START ml-strict:lustre_mainline build tests/fs/lustre/boot-strict.ktest
START u24:u24 build tests/fs/lustre/boot.ktest
START al2023:al2023 build tests/fs/lustre/boot.ktest
PUT /tmp/ktest-lustre.tar.gz 1s
PUT /tmp/ktest-lustre.tar.gz 2s
PUT /tmp/ktest-kernel.tar.gz 6s
PUT /tmp/ktest-kernel.tar.gz 6s
PUT /tmp/ktest-kernel.tar.gz 6s
PUT /tmp/ktest-kernel.tar.gz 7s
PUT /tmp/ktest-lustre.tar.gz 1s
PUT /tmp/ktest-lustre.tar.gz 1s
PUT /tmp/ktest-lustre.tar.gz 2s
PUT /tmp/ktest-lustre.tar.gz 1s
PUT /tmp/ktest-zfs.tar.gz 0s
PUT /tmp/ktest-zfs.tar.gz 0s
PUT /tmp/ktest-zfs.tar.gz 0s
END checkpatch:checkpatch tool checkpatch FAIL 11s (exit code: 1)
END u24:u24 build tests/fs/lustre/boot.ktest PASS 37s
END al2023:al2023 build tests/fs/lustre/boot.ktest PASS 45s
GET /tmp/ktest_ml-miscvm:lustre_mainline_native_4do47fm4.tar 0s
END ml-miscvm:lustre_mainline_native build tests/fs/lustre/boot.ktest PASS 142s
START ml-miscvm:boot run tests/fs/lustre/boot.ktest
START ml-miscvm:llmount run tests/fs/lustre/llmount.ktest
START ml-miscvm:llog-unit run tests/fs/lustre/llog-unit.ktest
START ml-miscvm:mgs-setup run tests/fs/lustre/mgs-setup.ktest
START ml-miscvm:sanity-1 run tests/fs/lustre/sanity/sanity-1.ktest
START ml-miscvm:sanity-2 run tests/fs/lustre/sanity/sanity-2.ktest
START ml-miscvm:sanity-3 run tests/fs/lustre/sanity/sanity-3.ktest
START ml-miscvm:sanity-4 run tests/fs/lustre/sanity/sanity-4.ktest
GET /tmp/ktest_ml-strict:lustre_mainline_qq_e2b4n.tar 4s
END ml-strict:lustre_mainline build tests/fs/lustre/boot-strict.ktest FAIL 146s (exit code: 1)
GET /tmp/ktest_ml:lustre_mainline_cns3ysbs.tar 1s
END ml:lustre_mainline build tests/fs/lustre/boot.ktest PASS 148s
PUT /tmp/ktest-kernel.tar.gz 12s
PUT /tmp/ktest-kernel.tar.gz 14s
PUT /tmp/ktest-kernel.tar.gz 14s
PUT /tmp/ktest-kernel.tar.gz 12s
PUT /tmp/ktest-kernel.tar.gz 14s
PUT /tmp/ktest-kernel.tar.gz 12s
PUT /tmp/ktest-kernel.tar.gz 12s
PUT /tmp/ktest-kernel.tar.gz 13s
PUT /tmp/ktest-lustre.tar.gz 6s
PUT /tmp/ktest-lustre.tar.gz 3s
PUT /tmp/ktest-lustre.tar.gz 4s
PUT /tmp/ktest-lustre.tar.gz 4s
PUT /tmp/ktest-lustre.tar.gz 4s
PUT /tmp/ktest-lustre.tar.gz 4s
PUT /tmp/ktest-lustre.tar.gz 4s
PUT /tmp/ktest-lustre.tar.gz 4s
PUT /tmp/ktest_ml-miscvm:lustre_mainline_native_4do47fm4.tar 0s
PUT /tmp/ktest_ml-miscvm:lustre_mainline_native_4do47fm4.tar 0s
PUT /tmp/ktest_ml-miscvm:lustre_mainline_native_4do47fm4.tar 0s
PUT /tmp/ktest_ml-miscvm:lustre_mainline_native_4do47fm4.tar 0s
PUT /tmp/ktest_ml-miscvm:lustre_mainline_native_4do47fm4.tar 0s
PUT /tmp/ktest_ml-miscvm:lustre_mainline_native_4do47fm4.tar 0s
PUT /tmp/ktest_ml-miscvm:lustre_mainline_native_4do47fm4.tar 0s
PUT /tmp/ktest_ml-miscvm:lustre_mainline_native_4do47fm4.tar 0s
END ml-miscvm:boot run tests/fs/lustre/boot.ktest PASS 34s
END ml-miscvm:mgs-setup run tests/fs/lustre/mgs-setup.ktest PASS 43s
END ml-miscvm:sanity-2 run tests/fs/lustre/sanity/sanity-2.ktest PASS 72s
END ml-miscvm:sanity-3 run tests/fs/lustre/sanity/sanity-3.ktest PASS 73s
END ml-miscvm:sanity-4 run tests/fs/lustre/sanity/sanity-4.ktest PASS 75s
END ml-miscvm:llmount run tests/fs/lustre/llmount.ktest PASS 82s
END ml-miscvm:sanity-1 run tests/fs/lustre/sanity/sanity-1.ktest PASS 84s
END ml-miscvm:llog-unit run tests/fs/lustre/llog-unit.ktest FAIL 120s (exit code: 1)

============================================================
Final Results:
  checkpatch:checkpatch: FAIL (11s) (log: /var/www/ci-lustre/upstream-patch-review/f8cf1434a4b88cbcf2f926b81726e6499b43f6fa_checkpatch:checkpatch.log)
  u24:u24: PASS (37s) (log: /var/www/ci-lustre/upstream-patch-review/f8cf1434a4b88cbcf2f926b81726e6499b43f6fa_u24:u24.log)
  al2023:al2023: PASS (45s) (log: /var/www/ci-lustre/upstream-patch-review/f8cf1434a4b88cbcf2f926b81726e6499b43f6fa_al2023:al2023.log)
  ml-strict:lustre_mainline: FAIL (146s) (log: /var/www/ci-lustre/upstream-patch-review/f8cf1434a4b88cbcf2f926b81726e6499b43f6fa_ml-strict:lustre_mainline.log)
  ml:lustre_mainline: PASS (148s) (log: /var/www/ci-lustre/upstream-patch-review/f8cf1434a4b88cbcf2f926b81726e6499b43f6fa_ml:lustre_mainline.log)
  ml-miscvm:lustre_mainline_native: PASS (142s) (log: /var/www/ci-lustre/upstream-patch-review/f8cf1434a4b88cbcf2f926b81726e6499b43f6fa_ml-miscvm:lustre_mainline_native.log)
  ml-miscvm:boot: PASS (34s) (log: /var/www/ci-lustre/upstream-patch-review/f8cf1434a4b88cbcf2f926b81726e6499b43f6fa_ml-miscvm:boot.log)
  ml-miscvm:llmount: PASS (82s) (log: /var/www/ci-lustre/upstream-patch-review/f8cf1434a4b88cbcf2f926b81726e6499b43f6fa_ml-miscvm:llmount.log)
  ml-miscvm:llog-unit: FAIL (120s) (log: /var/www/ci-lustre/upstream-patch-review/f8cf1434a4b88cbcf2f926b81726e6499b43f6fa_ml-miscvm:llog-unit.log)
  ml-miscvm:mgs-setup: PASS (43s) (log: /var/www/ci-lustre/upstream-patch-review/f8cf1434a4b88cbcf2f926b81726e6499b43f6fa_ml-miscvm:mgs-setup.log)
  ml-miscvm:sanity-1: PASS (84s) (log: /var/www/ci-lustre/upstream-patch-review/f8cf1434a4b88cbcf2f926b81726e6499b43f6fa_ml-miscvm:sanity-1.log)
  ml-miscvm:sanity-2: PASS (72s) (log: /var/www/ci-lustre/upstream-patch-review/f8cf1434a4b88cbcf2f926b81726e6499b43f6fa_ml-miscvm:sanity-2.log)
  ml-miscvm:sanity-3: PASS (73s) (log: /var/www/ci-lustre/upstream-patch-review/f8cf1434a4b88cbcf2f926b81726e6499b43f6fa_ml-miscvm:sanity-3.log)
  ml-miscvm:sanity-4: PASS (75s) (log: /var/www/ci-lustre/upstream-patch-review/f8cf1434a4b88cbcf2f926b81726e6499b43f6fa_ml-miscvm:sanity-4.log)

Total execution time: 292s

Packed 5929 logs from /var/www/ci-lustre/upstream-patch-review into /home/ktest/ktest/local-site/local_data.js
Open /home/ktest/ktest/local-site/index.html in a browser
