WARNING:LONG_LINE_STRING: line length of 160 exceeds 100 columns
#10: FILE: lustre/llite/super25.c:148:
+			LCONSOLE_WARN("%s: mounting server target with '-t lustre' deprecated, use '-t lustre_tgt' or install '{/usr}/sbin/mount.lustre_tgt'\n",

WARNING:LONG_LINE_STRING: line length of 105 exceeds 100 columns
#26: FILE: lustre/obdclass/obd_mount.c:1355:
+		LCONSOLE_ERROR("Missing mount data: check /usr/sbin/mount.lustre[_tgt] is installed.\n");

WARNING:LONG_LINE_STRING: line length of 166 exceeds 100 columns
#33: FILE: lustre/obdclass/obd_mount.c:1361:
+		LCONSOLE_ERROR("Using an old version of /sbin/mount.lustre. Upgrade to lustre[-client,-server][-utils]-%s package for /usr/sbin/mount.lustre[_tgt]\n",

WARNING:LONG_LINE_STRING: line length of 136 exceeds 100 columns
#42: FILE: lustre/obdclass/obd_mount.c:1617:
+		LCONSOLE_ERROR("Can't find device name (need mount option 'device=...'), is /usr/sbin/mount.lustre[_tgt] installed?\n");

WARNING:CONSTANT_COMPARISON: Comparisons should place the constant on the right side of the test
#67: FILE: lustre/utils/mount_lustre.c:1163:
+#if LUSTRE_VERSION_CODE < OBD_OCD_VERSION(2, 20, 53, 0)

total: 0 errors, 5 warnings, 69 lines checked

NOTE: For some of the reported defects, checkpatch may be able to
      mechanically convert to the typical style using --fix or --fix-inplace.

Your patch has style problems, please review.

NOTE: If any of the errors are false positives, please report
      them to the maintainer, see CHECKPATCH in MAINTAINERS.
