CLI: ./pk --podman-socket unix:///run/podman/podman.sock --shared-filesystem /tmp --tarball-input job lustre-ci --output /var/www/ci-lustre/upstream-patch-review --git-hash fa4bb629ad5307101f41e7c88de3dafedae0ee44 --change-id 67128_fa4bb629ad5307101f41e7c88de3dafedae0ee44 --subject LU-19848 lnet: add p2pdma counters

Environment validated successfully
Note: custom LLVM is not synced in tarball input mode
Creating kernel tarball at /tmp/ktest-kernel.tar.gz...
Creating lustre tarball at /tmp/ktest-lustre.tar.gz...
Creating ZFS tarball at /tmp/ktest-zfs.tar.gz...
Executing 14 jobs
Jobs will start as soon as their dependencies are satisfied
Using tarball input mode

START al2023:al2023 build tests/fs/lustre/boot.ktest
START ml-strict:lustre_mainline build tests/fs/lustre/boot-strict.ktest
START checkpatch:checkpatch tool checkpatch
START ml:lustre_mainline build tests/fs/lustre/boot.ktest
START ml-miscvm:lustre_mainline_native build tests/fs/lustre/boot.ktest
START u24:u24 build tests/fs/lustre/boot.ktest
PUT /tmp/ktest-lustre.tar.gz 1s
PUT /tmp/ktest-lustre.tar.gz 1s
PUT /tmp/ktest-kernel.tar.gz 6s
PUT /tmp/ktest-kernel.tar.gz 7s
PUT /tmp/ktest-kernel.tar.gz 7s
PUT /tmp/ktest-kernel.tar.gz 7s
PUT /tmp/ktest-lustre.tar.gz 2s
PUT /tmp/ktest-lustre.tar.gz 2s
PUT /tmp/ktest-lustre.tar.gz 2s
PUT /tmp/ktest-lustre.tar.gz 1s
PUT /tmp/ktest-zfs.tar.gz 0s
PUT /tmp/ktest-zfs.tar.gz 0s
PUT /tmp/ktest-zfs.tar.gz 0s
END checkpatch:checkpatch tool checkpatch FAIL 12s (exit code: 1)
END u24:u24 build tests/fs/lustre/boot.ktest PASS 38s
END al2023:al2023 build tests/fs/lustre/boot.ktest PASS 45s
GET /tmp/ktest_ml-miscvm:lustre_mainline_native_6emrj665.tar 0s
END ml-miscvm:lustre_mainline_native build tests/fs/lustre/boot.ktest PASS 202s
START ml-miscvm:boot run tests/fs/lustre/boot.ktest
START ml-miscvm:llmount run tests/fs/lustre/llmount.ktest
START ml-miscvm:llog-unit run tests/fs/lustre/llog-unit.ktest
START ml-miscvm:mgs-setup run tests/fs/lustre/mgs-setup.ktest
START ml-miscvm:sanity-1 run tests/fs/lustre/sanity/sanity-1.ktest
START ml-miscvm:sanity-2 run tests/fs/lustre/sanity/sanity-2.ktest
START ml-miscvm:sanity-3 run tests/fs/lustre/sanity/sanity-3.ktest
START ml-miscvm:sanity-4 run tests/fs/lustre/sanity/sanity-4.ktest
GET /tmp/ktest_ml:lustre_mainline_ubrv9krn.tar 0s
END ml:lustre_mainline build tests/fs/lustre/boot.ktest PASS 204s
GET /tmp/ktest_ml-strict:lustre_mainline_6oicqx07.tar 6s
END ml-strict:lustre_mainline build tests/fs/lustre/boot-strict.ktest FAIL 207s (exit code: 1)
PUT /tmp/ktest-kernel.tar.gz 48s
PUT /tmp/ktest-kernel.tar.gz 48s
PUT /tmp/ktest-kernel.tar.gz 46s
PUT /tmp/ktest-kernel.tar.gz 43s
PUT /tmp/ktest-kernel.tar.gz 43s
PUT /tmp/ktest-kernel.tar.gz 48s
PUT /tmp/ktest-kernel.tar.gz 44s
PUT /tmp/ktest-kernel.tar.gz 44s
PUT /tmp/ktest-lustre.tar.gz 10s
PUT /tmp/ktest-lustre.tar.gz 9s
PUT /tmp/ktest-lustre.tar.gz 10s
PUT /tmp/ktest-lustre.tar.gz 10s
PUT /tmp/ktest-lustre.tar.gz 10s
PUT /tmp/ktest-lustre.tar.gz 11s
PUT /tmp/ktest-lustre.tar.gz 10s
PUT /tmp/ktest-lustre.tar.gz 10s
PUT /tmp/ktest_ml-miscvm:lustre_mainline_native_6emrj665.tar 0s
PUT /tmp/ktest_ml-miscvm:lustre_mainline_native_6emrj665.tar 0s
PUT /tmp/ktest_ml-miscvm:lustre_mainline_native_6emrj665.tar 0s
PUT /tmp/ktest_ml-miscvm:lustre_mainline_native_6emrj665.tar 0s
PUT /tmp/ktest_ml-miscvm:lustre_mainline_native_6emrj665.tar 0s
PUT /tmp/ktest_ml-miscvm:lustre_mainline_native_6emrj665.tar 0s
PUT /tmp/ktest_ml-miscvm:lustre_mainline_native_6emrj665.tar 0s
PUT /tmp/ktest_ml-miscvm:lustre_mainline_native_6emrj665.tar 0s
END ml-miscvm:boot run tests/fs/lustre/boot.ktest PASS 70s
END ml-miscvm:mgs-setup run tests/fs/lustre/mgs-setup.ktest PASS 79s
END ml-miscvm:sanity-1 run tests/fs/lustre/sanity/sanity-1.ktest PASS 120s
END ml-miscvm:sanity-4 run tests/fs/lustre/sanity/sanity-4.ktest PASS 122s
END ml-miscvm:llmount run tests/fs/lustre/llmount.ktest PASS 130s
END ml-miscvm:sanity-3 run tests/fs/lustre/sanity/sanity-3.ktest PASS 132s
END ml-miscvm:sanity-2 run tests/fs/lustre/sanity/sanity-2.ktest PASS 139s
END ml-miscvm:llog-unit run tests/fs/lustre/llog-unit.ktest FAIL 156s (exit code: 1)

============================================================
Final Results:
  checkpatch:checkpatch: FAIL (12s) (log: /var/www/ci-lustre/upstream-patch-review/fa4bb629ad5307101f41e7c88de3dafedae0ee44_checkpatch:checkpatch.log)
  u24:u24: PASS (38s) (log: /var/www/ci-lustre/upstream-patch-review/fa4bb629ad5307101f41e7c88de3dafedae0ee44_u24:u24.log)
  al2023:al2023: PASS (45s) (log: /var/www/ci-lustre/upstream-patch-review/fa4bb629ad5307101f41e7c88de3dafedae0ee44_al2023:al2023.log)
  ml-strict:lustre_mainline: FAIL (207s) (log: /var/www/ci-lustre/upstream-patch-review/fa4bb629ad5307101f41e7c88de3dafedae0ee44_ml-strict:lustre_mainline.log)
  ml:lustre_mainline: PASS (204s) (log: /var/www/ci-lustre/upstream-patch-review/fa4bb629ad5307101f41e7c88de3dafedae0ee44_ml:lustre_mainline.log)
  ml-miscvm:lustre_mainline_native: PASS (202s) (log: /var/www/ci-lustre/upstream-patch-review/fa4bb629ad5307101f41e7c88de3dafedae0ee44_ml-miscvm:lustre_mainline_native.log)
  ml-miscvm:boot: PASS (70s) (log: /var/www/ci-lustre/upstream-patch-review/fa4bb629ad5307101f41e7c88de3dafedae0ee44_ml-miscvm:boot.log)
  ml-miscvm:llmount: PASS (130s) (log: /var/www/ci-lustre/upstream-patch-review/fa4bb629ad5307101f41e7c88de3dafedae0ee44_ml-miscvm:llmount.log)
  ml-miscvm:llog-unit: FAIL (156s) (log: /var/www/ci-lustre/upstream-patch-review/fa4bb629ad5307101f41e7c88de3dafedae0ee44_ml-miscvm:llog-unit.log)
  ml-miscvm:mgs-setup: PASS (79s) (log: /var/www/ci-lustre/upstream-patch-review/fa4bb629ad5307101f41e7c88de3dafedae0ee44_ml-miscvm:mgs-setup.log)
  ml-miscvm:sanity-1: PASS (120s) (log: /var/www/ci-lustre/upstream-patch-review/fa4bb629ad5307101f41e7c88de3dafedae0ee44_ml-miscvm:sanity-1.log)
  ml-miscvm:sanity-2: PASS (139s) (log: /var/www/ci-lustre/upstream-patch-review/fa4bb629ad5307101f41e7c88de3dafedae0ee44_ml-miscvm:sanity-2.log)
  ml-miscvm:sanity-3: PASS (132s) (log: /var/www/ci-lustre/upstream-patch-review/fa4bb629ad5307101f41e7c88de3dafedae0ee44_ml-miscvm:sanity-3.log)
  ml-miscvm:sanity-4: PASS (122s) (log: /var/www/ci-lustre/upstream-patch-review/fa4bb629ad5307101f41e7c88de3dafedae0ee44_ml-miscvm:sanity-4.log)

Total execution time: 388s

Packed 1465 logs from /var/www/ci-lustre/upstream-patch-review into /home/ktest/ktest/local-site/local_data.js
Open /home/ktest/ktest/local-site/index.html in a browser
