00004 
00014 RDSEED32 is broken. Disabling the corresponding CPUID bit.
00018 init: failed to load nvme_core
00018 init: failed to load nvme
00018 init: failed to load zfs
00019 LNetError: 1:0:(lib-socket.c:619:lnet_inet_enumerate()) lnet: Can't find any usable interfaces, rc = -ENOENT
00019 LNetError: Error -100 starting up LNI tcp
00019 LustreError: 1:0:(events.c:627:ptlrpc_init_portals()) network initialisation failed: rc = -100
00020 init: finit_module /lib/modules/7.0.0-ktest-fa4bb62-6330a45-20260726-dirty/updates/ptlrpc.ko: Network is down
00020 init: failed to load lustre
00020 init: failed to load osd_zfs
00020 init: failed to load iwlwifi
00020 init: failed to load iwlmvm
00020 init: failed to load mt7921e
00020 init: failed to load i915
00020 init: failed to load nouveau
00033 tlp: vm.laptop_mode is deprecated. Ignoring setting.
00033 Kernel version: 7.0.0-ktest-fa4bb62-6330a45-20260726-dirty
00033 hook init_noop
00033 
00033 Running tests llog-unit
00033 
00033 ========= TEST   llog-unit
00035 /host/home/ktest/git/lustre-release/lustre/tests/test-framework.sh: line 6933: cd: HOME not set
00035 /host/home/ktest/git/lustre-release/lustre/tests/test-framework.sh: line 6933: cd: HOME not set
00035 /host/home/ktest/git/lustre-release/lustre/tests/test-framework.sh: line 6933: cd: HOME not set
00038 MGS_OS_VERSION_ID=24.04
00038 MGS_OS_ID=ubuntu
00038 MGS_OS_VERSION_CODE=402915328
00038 MGS_OS_ID_LIKE=debian ubuntu
00038 MDS1_OS_ID=ubuntu
00038 MDS1_OS_VERSION_CODE=402915328
00038 MDS1_OS_ID_LIKE=debian ubuntu
00038 MDS1_OS_VERSION_ID=24.04
00038 OST1_OS_VERSION_ID=24.04
00038 OST1_OS_VERSION_CODE=402915328
00038 OST1_OS_ID=ubuntu
00038 OST1_OS_ID_LIKE=debian ubuntu
00038 CLIENT_OS_VERSION_ID=24.04
00038 CLIENT_OS_ID_LIKE=debian ubuntu
00038 CLIENT_OS_ID=ubuntu
00038 CLIENT_OS_VERSION_CODE=402915328
00038 Loading modules from /host/home/ktest/git/lustre-release/lustre
00038 detected 16 online CPUs by sysfs
00038 MODOPTS_LIBCFS=
00038 libcfs will create CPU partition based on online CPUs
00039 LNet: Added LNI 10.0.2.15@tcp [8/256/0/180]
00039 gss/krb5 is not supported
00040 Lustre: Echo OBD driver; http://www.lustre.org/
00044 Lustre: DEBUG MARKER: Attempt llog unit tests
00044 Lustre: 2181:0:(llog_test.c:2805:llog_test_device_init()) Setup llog-test device over MGS device
00044 Lustre: 2181:0:(llog_test.c:98:llog_test_1()) 1a: create a log with name: a2e9d041
00044 ------------[ cut here ]------------
00044 WARNING: /home/ktest/git/linux/include/linux/fs.h:889 at osd_create+0x9cf/0xcf0 [osd_wbcfs], CPU#4: lctl/2181
00044 Modules linked in: llog_test(O) mgs(O) osd_wbcfs(O) lustre(O) obdecho(O) mgc(O) mdc(O) lov(O) osc(O) lmv(O) ec(O) fid(O) fld(O) ptlrpc(O) efivarfs obdclass(O) ksocklnd(O) lnet(O) libcfs(O)
00044 CPU: 4 UID: 0 PID: 2181 Comm: lctl Tainted: G           O        7.0.0-ktest-fa4bb62-6330a45-20260726-dirty #1 PREEMPT 
00044 Tainted: [O]=OOT_MODULE
00044 Hardware name: QEMU Standard PC (Q35 + ICH9, 2009), BIOS 2025.11-3ubuntu7 03/31/2026
00044 RIP: 0010:osd_create+0x9cf/0xcf0 [osd_wbcfs]
00044 Code: c7 c7 00 96 7b a1 48 c7 c6 a0 12 7d a1 48 c7 c2 00 1c 7d a1 e8 52 f1 43 ff 48 c7 c7 00 96 7b a1 e8 46 81 44 ff e9 fe fc ff ff <0f> 0b e9 a5 fa ff ff 48 c7 c1 80 44 5d a0 80 e1 07 80 c1 03 38 c1
00044 RSP: 0018:ffffc90001cd7790 EFLAGS: 00010246
00044 RAX: 0000000000000000 RBX: ffff88814b8b9400 RCX: 0000000000000046
00044 RDX: 0000000000000000 RSI: ffff888199982648 RDI: ffff88817de18998
00044 RBP: ffff8881999825b8 R08: ffffffff83a16803 R09: 1ffffffff0742d00
00044 R10: dffffc0000000000 R11: fffffbfff0742d01 R12: ffff88814b8bd000
00044 R13: dffffc0000000000 R14: 1ffff11029717280 R15: 1ffff11029717a0f
00044 FS:  00007f492ce23940(0000) GS:ffff88831e62d000(0000) knlGS:0000000000000000
00044 CS:  0010 DS: 0000 ES: 0000 CR0: 0000000080050033
00044 CR2: 00005603b6f89b40 CR3: 0000000186b33000 CR4: 0000000000750eb0
00044 PKRU: 55555554
00044 Call Trace:
00044  <TASK>
00044  ? local_object_create+0x109/0x640 [obdclass]
00044  ? dt_write_lock+0x16d/0x2a0 [obdclass]
00044  ? llog_osd_create+0x356/0x10d0 [obdclass]
00044  ? llog_create+0x2ed/0x530 [obdclass]
00044  ? llog_open_create+0x6e7/0xb30 [obdclass]
00044  ? llog_run_tests+0x4bb/0x5ac0 [llog_test]
00044  ? get_random_u32+0x51/0x470
00044  ? get_random_u32+0x51/0x470
00044  ? _raw_spin_unlock+0x23/0x40
00044  ? __llog_ctxt_put+0x1c4/0x2f0 [obdclass]
00044  ? llog_test_device_init+0x6e8/0xa20 [llog_test]
00044  ? obd_setup+0x54d/0x950 [obdclass]
00044  ? class_setup+0xc7d/0x10e0 [obdclass]
00044  ? class_process_config+0x2edb/0x7cb0 [obdclass]
00044  ? class_handle_ioctl+0x2055/0x3590 [obdclass]
00044  ? obd_class_ioctl+0x1f6/0x3c0 [obdclass]
00044  ? __x64_sys_ioctl+0x961/0xe00
00044  ? _copy_to_user+0x3d/0x60
00044  ? __x64_sys_rt_sigaction+0x107/0x140
00044  ? do_syscall_64+0xc1/0x350
00044  ? entry_SYSCALL_64_after_hwframe+0x4b/0x53
00044  </TASK>
00044 ---[ end trace 0000000000000000 ]---
00044 Lustre: 2181:0:(llog_test.c:115:llog_test_1()) 1b: close newly-created log
00044 Lustre: 2181:0:(llog_test.c:146:llog_test_2()) 2a: re-open a log with name: a2e9d041
00044 Lustre: 2181:0:(llog_test.c:166:llog_test_2()) 2b: create a log without specified NAME & LOGID
00044 ------------[ cut here ]------------
00044 WARNING: /home/ktest/git/linux/include/linux/fs.h:889 at osd_create+0x9cf/0xcf0 [osd_wbcfs], CPU#4: lctl/2181
00044 Modules linked in: llog_test(O) mgs(O) osd_wbcfs(O) lustre(O) obdecho(O) mgc(O) mdc(O) lov(O) osc(O) lmv(O) ec(O) fid(O) fld(O) ptlrpc(O) efivarfs obdclass(O) ksocklnd(O) lnet(O) libcfs(O)
00044 CPU: 4 UID: 0 PID: 2181 Comm: lctl Tainted: G        W  O        7.0.0-ktest-fa4bb62-6330a45-20260726-dirty #1 PREEMPT 
00044 Tainted: [W]=WARN, [O]=OOT_MODULE
00044 Hardware name: QEMU Standard PC (Q35 + ICH9, 2009), BIOS 2025.11-3ubuntu7 03/31/2026
00044 RIP: 0010:osd_create+0x9cf/0xcf0 [osd_wbcfs]
00044 Code: c7 c7 00 96 7b a1 48 c7 c6 a0 12 7d a1 48 c7 c2 00 1c 7d a1 e8 52 f1 43 ff 48 c7 c7 00 96 7b a1 e8 46 81 44 ff e9 fe fc ff ff <0f> 0b e9 a5 fa ff ff 48 c7 c1 80 44 5d a0 80 e1 07 80 c1 03 38 c1
00044 RSP: 0018:ffffc90001cd7790 EFLAGS: 00010246
00044 RAX: 0000000000000000 RBX: ffff88814b8ba400 RCX: 0000000000000046
00044 RDX: 0000000000000000 RSI: ffff888199981f30 RDI: ffff88817de18998
00044 RBP: ffff888199981ea0 R08: ffffffff83a16803 R09: 1ffffffff0742d00
00044 R10: dffffc0000000000 R11: fffffbfff0742d01 R12: ffff88814b8bd000
00044 R13: dffffc0000000000 R14: 1ffff11029717480 R15: 1ffff11029717a0f
00044 FS:  00007f492ce23940(0000) GS:ffff88831e62d000(0000) knlGS:0000000000000000
00044 CS:  0010 DS: 0000 ES: 0000 CR0: 0000000080050033
00044 CR2: 00005603b6f89b40 CR3: 0000000186b33000 CR4: 0000000000750eb0
00044 PKRU: 55555554
00044 Call Trace:
00044  <TASK>
00044  ? local_object_create+0x109/0x640 [obdclass]
00044  ? dt_write_lock+0x16d/0x2a0 [obdclass]
00044  ? llog_osd_create+0x356/0x10d0 [obdclass]
00044  ? llog_create+0x2ed/0x530 [obdclass]
00044  ? llog_open_create+0x6e7/0xb30 [obdclass]
00044  ? llog_run_tests+0xd1a/0x5ac0 [llog_test]
00044  ? get_random_u32+0x51/0x470
00044  ? get_random_u32+0x51/0x470
00044  ? _raw_spin_unlock+0x23/0x40
00044  ? llog_test_device_init+0x6e8/0xa20 [llog_test]
00044  ? obd_setup+0x54d/0x950 [obdclass]
00044  ? class_setup+0xc7d/0x10e0 [obdclass]
00044  ? class_process_config+0x2edb/0x7cb0 [obdclass]
00044  ? class_handle_ioctl+0x2055/0x3590 [obdclass]
00044  ? obd_class_ioctl+0x1f6/0x3c0 [obdclass]
00044  ? __x64_sys_ioctl+0x961/0xe00
00044  ? _copy_to_user+0x3d/0x60
00044  ? __x64_sys_rt_sigaction+0x107/0x140
00044  ? do_syscall_64+0xc1/0x350
00044  ? entry_SYSCALL_64_after_hwframe+0x4b/0x53
00044  </TASK>
00044 ---[ end trace 0000000000000000 ]---
00044 Lustre: 2181:0:(llog_test.c:184:llog_test_2()) 2b: write 1 llog records, check llh_count
00044 Lustre: 2181:0:(llog_test.c:197:llog_test_2()) 2c: re-open the log by LOGID and verify llh_count
00044 Lustre: 2181:0:(llog_test.c:244:llog_test_2()) 2d: destroy this log
00044 Lustre: 2181:0:(llog_test.c:402:llog_test_3()) 3a: write 1023 fixed-size llog records
00044 Lustre: 2181:0:(llog_test.c:366:llog_test3_process()) test3: processing records from index 501 to the end
00044 Lustre: 2181:0:(llog_test.c:376:llog_test3_process()) test3: total 525 records processed with 0 paddings
00044 Lustre: 2181:0:(llog_test.c:458:llog_test_3()) 3b: write 566 variable size llog records
00044 Lustre: 2181:0:(llog_test.c:529:llog_test_3()) 3c: write records with variable size until BITMAP_SIZE, return -ENOSPC
00077 Lustre: 2181:0:(llog_test.c:1117:llog_test_7()) 7e: test llog_changelog_rec
00077 ------------[ cut here ]------------
00077 WARNING: /home/ktest/git/linux/include/linux/fs.h:889 at osd_create+0x9cf/0xcf0 [osd_wbcfs], CPU#1: lctl/2181
00077 Modules linked in: llog_test(O) mgs(O) osd_wbcfs(O) lustre(O) obdecho(O) mgc(O) mdc(O) lov(O) osc(O) lmv(O) ec(O) fid(O) fld(O) ptlrpc(O) efivarfs obdclass(O) ksocklnd(O) lnet(O) libcfs(O)
00077 CPU: 1 UID: 0 PID: 2181 Comm: lctl Tainted: G        W  O        7.0.0-ktest-fa4bb62-6330a45-20260726-dirty #1 PREEMPT 
00077 Tainted: [W]=WARN, [O]=OOT_MODULE
00077 Hardware name: QEMU Standard PC (Q35 + ICH9, 2009), BIOS 2025.11-3ubuntu7 03/31/2026
00077 RIP: 0010:osd_create+0x9cf/0xcf0 [osd_wbcfs]
00077 Code: c7 c7 00 96 7b a1 48 c7 c6 a0 12 7d a1 48 c7 c2 00 1c 7d a1 e8 52 f1 43 ff 48 c7 c7 00 96 7b a1 e8 46 81 44 ff e9 fe fc ff ff <0f> 0b e9 a5 fa ff ff 48 c7 c1 80 44 5d a0 80 e1 07 80 c1 03 38 c1
00077 RSP: 0018:ffffc90001cd76e8 EFLAGS: 00010246
00077 RAX: 0000000000000000 RBX: ffff8881880bec00 RCX: 0000000000000046
00077 RDX: 0000000000000000 RSI: ffff888199986620 RDI: ffff88817de18998
00077 RBP: ffff888199986590 R08: ffffffff83a16803 R09: 1ffffffff0742d00
00077 R10: dffffc0000000000 R11: fffffbfff0742d01 R12: ffff88814b8bd000
00077 R13: dffffc0000000000 R14: 1ffff11031017d80 R15: 1ffff11029717a0f
00077 FS:  00007f492ce23940(0000) GS:ffff88831e4ad000(0000) knlGS:0000000000000000
00077 CS:  0010 DS: 0000 ES: 0000 CR0: 0000000080050033
00077 CR2: 0000556bd6b4ba29 CR3: 0000000186b33000 CR4: 0000000000750eb0
00077 PKRU: 55555554
00077 Call Trace:
00077  <TASK>
00077  ? local_object_create+0x109/0x640 [obdclass]
00077  ? dt_write_lock+0x16d/0x2a0 [obdclass]
00077  ? llog_osd_create+0x356/0x10d0 [obdclass]
00077  ? llog_create+0x2ed/0x530 [obdclass]
00077  ? llog_open_create+0x6e7/0xb30 [obdclass]
00077  ? llog_test_7_sub+0xea/0x1250 [llog_test]
00077  ? llog_test_7+0x706/0xf50 [llog_test]
00077  ? llog_run_tests+0x3614/0x5ac0 [llog_test]
00077  ? get_random_u32+0x51/0x470
00077  ? llog_test_device_init+0x6e8/0xa20 [llog_test]
00077  ? obd_setup+0x54d/0x950 [obdclass]
00077  ? class_setup+0xc7d/0x10e0 [obdclass]
00077  ? class_process_config+0x2edb/0x7cb0 [obdclass]
00077  ? class_handle_ioctl+0x2055/0x3590 [obdclass]
00077  ? obd_class_ioctl+0x1f6/0x3c0 [obdclass]
00077  ? __x64_sys_ioctl+0x961/0xe00
00077  ? _copy_to_user+0x3d/0x60
00077  ? __x64_sys_rt_sigaction+0x107/0x140
00077  ? do_syscall_64+0xc1/0x350
00077  ? entry_SYSCALL_64_after_hwframe+0x4b/0x53
00077  </TASK>
00077 ---[ end trace 0000000000000000 ]---
00081 Lustre: 2181:0:(llog_test.c:1024:llog_test_7_sub()) 7_sub: records are not aligned, written 64071 from 64767
00084 Lustre: 2181:0:(llog_test.c:1129:llog_test_7()) 7f: test llog_changelog_user_rec2
00084 ------------[ cut here ]------------
00084 WARNING: /home/ktest/git/linux/include/linux/fs.h:889 at osd_create+0x9cf/0xcf0 [osd_wbcfs], CPU#1: lctl/2181
00084 Modules linked in: llog_test(O) mgs(O) osd_wbcfs(O) lustre(O) obdecho(O) mgc(O) mdc(O) lov(O) osc(O) lmv(O) ec(O) fid(O) fld(O) ptlrpc(O) efivarfs obdclass(O) ksocklnd(O) lnet(O) libcfs(O)
00084 CPU: 1 UID: 0 PID: 2181 Comm: lctl Tainted: G        W  O        7.0.0-ktest-fa4bb62-6330a45-20260726-dirty #1 PREEMPT 
00084 Tainted: [W]=WARN, [O]=OOT_MODULE
00084 Hardware name: QEMU Standard PC (Q35 + ICH9, 2009), BIOS 2025.11-3ubuntu7 03/31/2026
00084 RIP: 0010:osd_create+0x9cf/0xcf0 [osd_wbcfs]
00084 Code: c7 c7 00 96 7b a1 48 c7 c6 a0 12 7d a1 48 c7 c2 00 1c 7d a1 e8 52 f1 43 ff 48 c7 c7 00 96 7b a1 e8 46 81 44 ff e9 fe fc ff ff <0f> 0b e9 a5 fa ff ff 48 c7 c1 80 44 5d a0 80 e1 07 80 c1 03 38 c1
00084 RSP: 0018:ffffc90001cd76e8 EFLAGS: 00010246
00084 RAX: 0000000000000000 RBX: ffff88818d082400 RCX: 0000000000000046
00084 RDX: 0000000000000000 RSI: ffff888199985f08 RDI: ffff88817de18998
00084 RBP: ffff888199985e78 R08: ffffffff83a16803 R09: 1ffffffff0742d00
00084 R10: dffffc0000000000 R11: fffffbfff0742d01 R12: ffff88814b8bd000
00084 R13: dffffc0000000000 R14: 1ffff11031a10480 R15: 1ffff11029717a0f
00084 FS:  00007f492ce23940(0000) GS:ffff88831e4ad000(0000) knlGS:0000000000000000
00084 CS:  0010 DS: 0000 ES: 0000 CR0: 0000000080050033
00084 CR2: 0000556bd6b4ba29 CR3: 0000000186b33000 CR4: 0000000000750eb0
00084 PKRU: 55555554
00084 Call Trace:
00084  <TASK>
00084  ? local_object_create+0x109/0x640 [obdclass]
00084  ? dt_write_lock+0x16d/0x2a0 [obdclass]
00084  ? llog_osd_create+0x356/0x10d0 [obdclass]
00084  ? llog_create+0x2ed/0x530 [obdclass]
00084  ? llog_open_create+0x6e7/0xb30 [obdclass]
00084  ? llog_test_7_sub+0xea/0x1250 [llog_test]
00084  ? llog_test_7+0x837/0xf50 [llog_test]
00084  ? llog_run_tests+0x3614/0x5ac0 [llog_test]
00084  ? get_random_u32+0x51/0x470
00084  ? llog_test_device_init+0x6e8/0xa20 [llog_test]
00084  ? obd_setup+0x54d/0x950 [obdclass]
00084  ? class_setup+0xc7d/0x10e0 [obdclass]
00084  ? class_process_config+0x2edb/0x7cb0 [obdclass]
00084  ? class_handle_ioctl+0x2055/0x3590 [obdclass]
00084  ? obd_class_ioctl+0x1f6/0x3c0 [obdclass]
00084  ? __x64_sys_ioctl+0x961/0xe00
00084  ? _copy_to_user+0x3d/0x60
00084  ? __x64_sys_rt_sigaction+0x107/0x140
00084  ? do_syscall_64+0xc1/0x350
00084  ? entry_SYSCALL_64_after_hwframe+0x4b/0x53
00084  </TASK>
00084 ---[ end trace 0000000000000000 ]---
00086 Lustre: 2181:0:(llog_test.c:1024:llog_test_7_sub()) 7_sub: records are not aligned, written 64139 from 64767
00088 Lustre: 2181:0:(llog_test.c:1140:llog_test_7()) 7g: test llog_gen_rec
00088 ------------[ cut here ]------------
00088 WARNING: /home/ktest/git/linux/include/linux/fs.h:889 at osd_create+0x9cf/0xcf0 [osd_wbcfs], CPU#1: lctl/2181
00088 Modules linked in: llog_test(O) mgs(O) osd_wbcfs(O) lustre(O) obdecho(O) mgc(O) mdc(O) lov(O) osc(O) lmv(O) ec(O) fid(O) fld(O) ptlrpc(O) efivarfs obdclass(O) ksocklnd(O) lnet(O) libcfs(O)
00088 CPU: 1 UID: 0 PID: 2181 Comm: lctl Tainted: G        W  O        7.0.0-ktest-fa4bb62-6330a45-20260726-dirty #1 PREEMPT 
00088 Tainted: [W]=WARN, [O]=OOT_MODULE
00088 Hardware name: QEMU Standard PC (Q35 + ICH9, 2009), BIOS 2025.11-3ubuntu7 03/31/2026
00088 RIP: 0010:osd_create+0x9cf/0xcf0 [osd_wbcfs]
00088 Code: c7 c7 00 96 7b a1 48 c7 c6 a0 12 7d a1 48 c7 c2 00 1c 7d a1 e8 52 f1 43 ff 48 c7 c7 00 96 7b a1 e8 46 81 44 ff e9 fe fc ff ff <0f> 0b e9 a5 fa ff ff 48 c7 c1 80 44 5d a0 80 e1 07 80 c1 03 38 c1
00088 RSP: 0018:ffffc90001cd76e8 EFLAGS: 00010246
00088 RAX: 0000000000000000 RBX: ffff88818616b800 RCX: 0000000000000046
00088 RDX: 0000000000000000 RSI: ffff8881999857f0 RDI: ffff88817de18998
00088 RBP: ffff888199985760 R08: ffffffff83a16803 R09: 1ffffffff0742d00
00088 R10: dffffc0000000000 R11: fffffbfff0742d01 R12: ffff88814b8bd000
00088 R13: dffffc0000000000 R14: 1ffff11030c2d700 R15: 1ffff11029717a0f
00088 FS:  00007f492ce23940(0000) GS:ffff88831e4ad000(0000) knlGS:0000000000000000
00088 CS:  0010 DS: 0000 ES: 0000 CR0: 0000000080050033
00088 CR2: 0000556bd6b4ba29 CR3: 0000000186b33000 CR4: 0000000000750eb0
00088 PKRU: 55555554
00088 Call Trace:
00088  <TASK>
00088  ? local_object_create+0x109/0x640 [obdclass]
00088  ? dt_write_lock+0x16d/0x2a0 [obdclass]
00088  ? llog_osd_create+0x356/0x10d0 [obdclass]
00088  ? llog_create+0x2ed/0x530 [obdclass]
00088  ? llog_open_create+0x6e7/0xb30 [obdclass]
00088  ? llog_test_7_sub+0xea/0x1250 [llog_test]
00088  ? llog_test_7+0x968/0xf50 [llog_test]
00088  ? llog_run_tests+0x3614/0x5ac0 [llog_test]
00088  ? get_random_u32+0x51/0x470
00088  ? llog_test_device_init+0x6e8/0xa20 [llog_test]
00088  ? obd_setup+0x54d/0x950 [obdclass]
00088  ? class_setup+0xc7d/0x10e0 [obdclass]
00088  ? class_process_config+0x2edb/0x7cb0 [obdclass]
00088  ? class_handle_ioctl+0x2055/0x3590 [obdclass]
00088  ? obd_class_ioctl+0x1f6/0x3c0 [obdclass]
00088  ? __x64_sys_ioctl+0x961/0xe00
00088  ? _copy_to_user+0x3d/0x60
00088  ? __x64_sys_rt_sigaction+0x107/0x140
00088  ? do_syscall_64+0xc1/0x350
00088  ? entry_SYSCALL_64_after_hwframe+0x4b/0x53
00088  </TASK>
00088 ---[ end trace 0000000000000000 ]---
00096 Lustre: 2181:0:(llog_test.c:1151:llog_test_7()) 7h: test llog_setattr64_rec_v2
00096 ------------[ cut here ]------------
00096 WARNING: /home/ktest/git/linux/include/linux/fs.h:889 at osd_create+0x9cf/0xcf0 [osd_wbcfs], CPU#1: lctl/2181
00096 Modules linked in: llog_test(O) mgs(O) osd_wbcfs(O) lustre(O) obdecho(O) mgc(O) mdc(O) lov(O) osc(O) lmv(O) ec(O) fid(O) fld(O) ptlrpc(O) efivarfs obdclass(O) ksocklnd(O) lnet(O) libcfs(O)
00096 CPU: 1 UID: 0 PID: 2181 Comm: lctl Tainted: G        W  O        7.0.0-ktest-fa4bb62-6330a45-20260726-dirty #1 PREEMPT 
00096 Tainted: [W]=WARN, [O]=OOT_MODULE
00096 Hardware name: QEMU Standard PC (Q35 + ICH9, 2009), BIOS 2025.11-3ubuntu7 03/31/2026
00096 RIP: 0010:osd_create+0x9cf/0xcf0 [osd_wbcfs]
00096 Code: c7 c7 00 96 7b a1 48 c7 c6 a0 12 7d a1 48 c7 c2 00 1c 7d a1 e8 52 f1 43 ff 48 c7 c7 00 96 7b a1 e8 46 81 44 ff e9 fe fc ff ff <0f> 0b e9 a5 fa ff ff 48 c7 c1 80 44 5d a0 80 e1 07 80 c1 03 38 c1
00096 RSP: 0018:ffffc90001cd76e8 EFLAGS: 00010246
00096 RAX: 0000000000000000 RBX: ffff888145fd9000 RCX: 0000000000000046
00096 RDX: 0000000000000000 RSI: ffff8881999850d8 RDI: ffff88817de18998
00096 RBP: ffff888199985048 R08: ffffffff83a16803 R09: 1ffffffff0742d00
00096 R10: dffffc0000000000 R11: fffffbfff0742d01 R12: ffff88814b8bd000
00096 R13: dffffc0000000000 R14: 1ffff11028bfb200 R15: 1ffff11029717a0f
00096 FS:  00007f492ce23940(0000) GS:ffff88831e4ad000(0000) knlGS:0000000000000000
00096 CS:  0010 DS: 0000 ES: 0000 CR0: 0000000080050033
00096 CR2: 0000556bd6b4ba29 CR3: 0000000186b33000 CR4: 0000000000750eb0
00096 PKRU: 55555554
00096 Call Trace:
00096  <TASK>
00096  ? local_object_create+0x109/0x640 [obdclass]
00096  ? dt_write_lock+0x16d/0x2a0 [obdclass]
00096  ? llog_osd_create+0x356/0x10d0 [obdclass]
00096  ? llog_create+0x2ed/0x530 [obdclass]
00096  ? llog_open_create+0x6e7/0xb30 [obdclass]
00096  ? llog_test_7_sub+0xea/0x1250 [llog_test]
00096  ? llog_test_7+0xa99/0xf50 [llog_test]
00096  ? llog_run_tests+0x3614/0x5ac0 [llog_test]
00096  ? get_random_u32+0x51/0x470
00096  ? llog_test_device_init+0x6e8/0xa20 [llog_test]
00096  ? obd_setup+0x54d/0x950 [obdclass]
00096  ? class_setup+0xc7d/0x10e0 [obdclass]
00096  ? class_process_config+0x2edb/0x7cb0 [obdclass]
00096  ? class_handle_ioctl+0x2055/0x3590 [obdclass]
00096  ? obd_class_ioctl+0x1f6/0x3c0 [obdclass]
00096  ? __x64_sys_ioctl+0x961/0xe00
00096  ? _copy_to_user+0x3d/0x60
00096  ? __x64_sys_rt_sigaction+0x107/0x140
00096  ? do_syscall_64+0xc1/0x350
00096  ? entry_SYSCALL_64_after_hwframe+0x4b/0x53
00096  </TASK>
00096 ---[ end trace 0000000000000000 ]---
00099 Lustre: 2181:0:(llog_test.c:1024:llog_test_7_sub()) 7_sub: records are not aligned, written 64071 from 64767
00101 Lustre: 2181:0:(llog_test.c:1260:llog_test_8()) 8a: fill the first plain llog
00101 ------------[ cut here ]------------
00101 WARNING: /home/ktest/git/linux/include/linux/fs.h:889 at osd_create+0x9cf/0xcf0 [osd_wbcfs], CPU#1: lctl/2181
00101 Modules linked in: llog_test(O) mgs(O) osd_wbcfs(O) lustre(O) obdecho(O) mgc(O) mdc(O) lov(O) osc(O) lmv(O) ec(O) fid(O) fld(O) ptlrpc(O) efivarfs obdclass(O) ksocklnd(O) lnet(O) libcfs(O)
00101 CPU: 1 UID: 0 PID: 2181 Comm: lctl Tainted: G        W  O        7.0.0-ktest-fa4bb62-6330a45-20260726-dirty #1 PREEMPT 
00101 Tainted: [W]=WARN, [O]=OOT_MODULE
00101 Hardware name: QEMU Standard PC (Q35 + ICH9, 2009), BIOS 2025.11-3ubuntu7 03/31/2026
00101 RIP: 0010:osd_create+0x9cf/0xcf0 [osd_wbcfs]
00101 Code: c7 c7 00 96 7b a1 48 c7 c6 a0 12 7d a1 48 c7 c2 00 1c 7d a1 e8 52 f1 43 ff 48 c7 c7 00 96 7b a1 e8 46 81 44 ff e9 fe fc ff ff <0f> 0b e9 a5 fa ff ff 48 c7 c1 80 44 5d a0 80 e1 07 80 c1 03 38 c1
00101 RSP: 0018:ffffc90001cd74c8 EFLAGS: 00010246
00101 RAX: 0000000000000000 RBX: ffff888199ac1c00 RCX: 0000000000000046
00101 RDX: 0000000000000000 RSI: ffff8881999849c0 RDI: ffff88817de189c0
00101 RBP: ffff888199984930 R08: ffffffff83a16803 R09: 1ffffffff0742d00
00101 R10: dffffc0000000000 R11: fffffbfff0742d01 R12: ffff88814b8bd000
00101 R13: dffffc0000000000 R14: 1ffff11033358380 R15: 1ffff11029717a0f
00101 FS:  00007f492ce23940(0000) GS:ffff88831e4ad000(0000) knlGS:0000000000000000
00101 CS:  0010 DS: 0000 ES: 0000 CR0: 0000000080050033
00101 CR2: 0000556bd6b4ba29 CR3: 0000000186b33000 CR4: 0000000000750eb0
00101 PKRU: 55555554
00101 Call Trace:
00101  <TASK>
00101  ? local_object_create+0x109/0x640 [obdclass]
00101  ? dt_write_lock+0x16d/0x2a0 [obdclass]
00101  ? llog_osd_create+0x356/0x10d0 [obdclass]
00101  ? llog_create+0x2ed/0x530 [obdclass]
00101  ? llog_cat_new_log+0x6d1/0x2970 [obdclass]
00101  ? llog_cat_add_rec+0x6ba/0x1960 [obdclass]
00101  ? llog_cat_add+0x499/0x7a0 [obdclass]
00101  ? llog_test_8+0x567/0x1c20 [llog_test]
00101  ? do_raw_spin_unlock+0x52/0x230
00101  ? _raw_spin_unlock+0x23/0x40
00101  ? __llog_ctxt_put+0x1c4/0x2f0 [obdclass]
00101  ? llog_run_tests+0x39a2/0x5ac0 [llog_test]
00101  ? get_random_u32+0x51/0x470
00101  ? llog_test_device_init+0x6e8/0xa20 [llog_test]
00101  ? obd_setup+0x54d/0x950 [obdclass]
00101  ? class_setup+0xc7d/0x10e0 [obdclass]
00101  ? class_process_config+0x2edb/0x7cb0 [obdclass]
00101  ? class_handle_ioctl+0x2055/0x3590 [obdclass]
00101  ? obd_class_ioctl+0x1f6/0x3c0 [obdclass]
00101  ? __x64_sys_ioctl+0x961/0xe00
00101  ? _copy_to_user+0x3d/0x60
00101  ? __x64_sys_rt_sigaction+0x107/0x140
00101  ? do_syscall_64+0xc1/0x350
00101  ? entry_SYSCALL_64_after_hwframe+0x4b/0x53
00101  </TASK>
00101 ---[ end trace 0000000000000000 ]---
00101 Lustre: 2181:0:(llog_test.c:1289:llog_test_8()) 8b: first llog [0x1:0x10:0x0]
00101 Lustre: 2181:0:(llog_test.c:1305:llog_test_8()) 8b: fill the second plain llog
00101 ------------[ cut here ]------------
00101 WARNING: /home/ktest/git/linux/include/linux/fs.h:889 at osd_create+0x9cf/0xcf0 [osd_wbcfs], CPU#1: lctl/2181
00101 Modules linked in: llog_test(O) mgs(O) osd_wbcfs(O) lustre(O) obdecho(O) mgc(O) mdc(O) lov(O) osc(O) lmv(O) ec(O) fid(O) fld(O) ptlrpc(O) efivarfs obdclass(O) ksocklnd(O) lnet(O) libcfs(O)
00101 CPU: 1 UID: 0 PID: 2181 Comm: lctl Tainted: G        W  O        7.0.0-ktest-fa4bb62-6330a45-20260726-dirty #1 PREEMPT 
00101 Tainted: [W]=WARN, [O]=OOT_MODULE
00101 Hardware name: QEMU Standard PC (Q35 + ICH9, 2009), BIOS 2025.11-3ubuntu7 03/31/2026
00101 RIP: 0010:osd_create+0x9cf/0xcf0 [osd_wbcfs]
00101 Code: c7 c7 00 96 7b a1 48 c7 c6 a0 12 7d a1 48 c7 c2 00 1c 7d a1 e8 52 f1 43 ff 48 c7 c7 00 96 7b a1 e8 46 81 44 ff e9 fe fc ff ff <0f> 0b e9 a5 fa ff ff 48 c7 c1 80 44 5d a0 80 e1 07 80 c1 03 38 c1
00101 RSP: 0018:ffffc90001cd74c8 EFLAGS: 00010246
00101 RAX: 0000000000000000 RBX: ffff888199ac0400 RCX: 0000000000000046
00101 RDX: 0000000000000000 RSI: ffff8881999842a8 RDI: ffff88817de189c0
00101 RBP: ffff888199984218 R08: ffffffff83a16803 R09: 1ffffffff0742d00
00101 R10: dffffc0000000000 R11: fffffbfff0742d01 R12: ffff88814b8bd000
00101 R13: dffffc0000000000 R14: 1ffff11033358080 R15: 1ffff11029717a0f
00101 FS:  00007f492ce23940(0000) GS:ffff88831e4ad000(0000) knlGS:0000000000000000
00101 CS:  0010 DS: 0000 ES: 0000 CR0: 0000000080050033
00101 CR2: 0000556bd6b4ba29 CR3: 0000000186b33000 CR4: 0000000000750eb0
00101 PKRU: 55555554
00101 Call Trace:
00101  <TASK>
00101  ? local_object_create+0x109/0x640 [obdclass]
00101  ? dt_write_lock+0x16d/0x2a0 [obdclass]
00101  ? llog_osd_create+0x356/0x10d0 [obdclass]
00101  ? llog_create+0x2ed/0x530 [obdclass]
00101  ? llog_cat_new_log+0x6d1/0x2970 [obdclass]
00101  ? llog_cat_add_rec+0x6ba/0x1960 [obdclass]
00101  ? llog_cat_add+0x499/0x7a0 [obdclass]
00101  ? llog_test_8+0xd89/0x1c20 [llog_test]
00101  ? do_raw_spin_unlock+0x52/0x230
00101  ? _raw_spin_unlock+0x23/0x40
00101  ? __llog_ctxt_put+0x1c4/0x2f0 [obdclass]
00101  ? llog_run_tests+0x39a2/0x5ac0 [llog_test]
00101  ? get_random_u32+0x51/0x470
00101  ? llog_test_device_init+0x6e8/0xa20 [llog_test]
00101  ? obd_setup+0x54d/0x950 [obdclass]
00101  ? class_setup+0xc7d/0x10e0 [obdclass]
00101  ? class_process_config+0x2edb/0x7cb0 [obdclass]
00101  ? class_handle_ioctl+0x2055/0x3590 [obdclass]
00101  ? obd_class_ioctl+0x1f6/0x3c0 [obdclass]
00101  ? __x64_sys_ioctl+0x961/0xe00
00101  ? _copy_to_user+0x3d/0x60
00101  ? __x64_sys_rt_sigaction+0x107/0x140
00101  ? do_syscall_64+0xc1/0x350
00101  ? entry_SYSCALL_64_after_hwframe+0x4b/0x53
00101  </TASK>
00101 ---[ end trace 0000000000000000 ]---
00101 Lustre: 2181:0:(llog_test.c:1329:llog_test_8()) 8b: pin llog [0x1:0x12:0x0]
00101 Lustre: 2181:0:(llog_test.c:1332:llog_test_8()) 8b: clean first llog record in catalog
00101 Lustre: 2181:0:(llog_test.c:1343:llog_test_8()) 8c: corrupt first chunk in the middle
00101 Lustre: 2181:0:(llog_test.c:1346:llog_test_8()) 8c: corrupt second chunk at start
00101 Lustre: 2181:0:(llog_test.c:1349:llog_test_8()) 8d: count survived records
00101 Lustre: 2181:0:(llog_test.c:1379:llog_test_8()) 8d: close re-opened catalog
00101 Lustre: 2181:0:(llog_test.c:1440:llog_test_9()) 9a: test llog_logid_rec
00101 ------------[ cut here ]------------
00101 WARNING: /home/ktest/git/linux/include/linux/fs.h:889 at osd_create+0x9cf/0xcf0 [osd_wbcfs], CPU#1: lctl/2181
00101 Modules linked in: llog_test(O) mgs(O) osd_wbcfs(O) lustre(O) obdecho(O) mgc(O) mdc(O) lov(O) osc(O) lmv(O) ec(O) fid(O) fld(O) ptlrpc(O) efivarfs obdclass(O) ksocklnd(O) lnet(O) libcfs(O)
00101 CPU: 1 UID: 0 PID: 2181 Comm: lctl Tainted: G        W  O        7.0.0-ktest-fa4bb62-6330a45-20260726-dirty #1 PREEMPT 
00101 Tainted: [W]=WARN, [O]=OOT_MODULE
00101 Hardware name: QEMU Standard PC (Q35 + ICH9, 2009), BIOS 2025.11-3ubuntu7 03/31/2026
00101 RIP: 0010:osd_create+0x9cf/0xcf0 [osd_wbcfs]
00101 Code: c7 c7 00 96 7b a1 48 c7 c6 a0 12 7d a1 48 c7 c2 00 1c 7d a1 e8 52 f1 43 ff 48 c7 c7 00 96 7b a1 e8 46 81 44 ff e9 fe fc ff ff <0f> 0b e9 a5 fa ff ff 48 c7 c1 80 44 5d a0 80 e1 07 80 c1 03 38 c1
00101 RSP: 0018:ffffc90001cd7710 EFLAGS: 00010246
00101 RAX: 0000000000000000 RBX: ffff888199ac7c00 RCX: 0000000000000046
00101 RDX: 0000000000000000 RSI: ffff888199983b90 RDI: ffff88817de18998
00101 RBP: ffff888199983b00 R08: ffffffff83a16803 R09: 1ffffffff0742d00
00101 R10: dffffc0000000000 R11: fffffbfff0742d01 R12: ffff88814b8bd000
00101 R13: dffffc0000000000 R14: 1ffff11033358f80 R15: 1ffff11029717a0f
00101 FS:  00007f492ce23940(0000) GS:ffff88831e4ad000(0000) knlGS:0000000000000000
00101 CS:  0010 DS: 0000 ES: 0000 CR0: 0000000080050033
00101 CR2: 0000556bd6b4ba29 CR3: 0000000186b33000 CR4: 0000000000750eb0
00101 PKRU: 55555554
00101 Call Trace:
00101  <TASK>
00101  ? local_object_create+0x109/0x640 [obdclass]
00101  ? dt_write_lock+0x16d/0x2a0 [obdclass]
00101  ? llog_osd_create+0x356/0x10d0 [obdclass]
00101  ? llog_create+0x2ed/0x530 [obdclass]
00101  ? llog_open_create+0x6e7/0xb30 [obdclass]
00101  ? llog_test_9_sub+0xd4/0x800 [llog_test]
00101  ? llog_test_9+0x242/0x960 [llog_test]
00101  ? llog_run_tests+0x3d64/0x5ac0 [llog_test]
00101  ? get_random_u32+0x51/0x470
00101  ? llog_test_device_init+0x6e8/0xa20 [llog_test]
00101  ? obd_setup+0x54d/0x950 [obdclass]
00101  ? class_setup+0xc7d/0x10e0 [obdclass]
00101  ? class_process_config+0x2edb/0x7cb0 [obdclass]
00101  ? class_handle_ioctl+0x2055/0x3590 [obdclass]
00101  ? obd_class_ioctl+0x1f6/0x3c0 [obdclass]
00101  ? __x64_sys_ioctl+0x961/0xe00
00101  ? _copy_to_user+0x3d/0x60
00101  ? __x64_sys_rt_sigaction+0x107/0x140
00101  ? do_syscall_64+0xc1/0x350
00101  ? entry_SYSCALL_64_after_hwframe+0x4b/0x53
00101  </TASK>
00101 ---[ end trace 0000000000000000 ]---
00101 Lustre: 2181:0:(llog_test.c:1424:llog_test_9_sub()) 9_sub: record type 1064553b in log 0x1:0x14:0x0
00101 Lustre: 2181:0:(llog_test.c:1451:llog_test_9()) 9b: test llog_obd_cfg_rec
00101 ------------[ cut here ]------------
00101 WARNING: /home/ktest/git/linux/include/linux/fs.h:889 at osd_create+0x9cf/0xcf0 [osd_wbcfs], CPU#1: lctl/2181
00101 Modules linked in: llog_test(O) mgs(O) osd_wbcfs(O) lustre(O) obdecho(O) mgc(O) mdc(O) lov(O) osc(O) lmv(O) ec(O) fid(O) fld(O) ptlrpc(O) efivarfs obdclass(O) ksocklnd(O) lnet(O) libcfs(O)
00101 CPU: 1 UID: 0 PID: 2181 Comm: lctl Tainted: G        W  O        7.0.0-ktest-fa4bb62-6330a45-20260726-dirty #1 PREEMPT 
00101 Tainted: [W]=WARN, [O]=OOT_MODULE
00101 Hardware name: QEMU Standard PC (Q35 + ICH9, 2009), BIOS 2025.11-3ubuntu7 03/31/2026
00101 RIP: 0010:osd_create+0x9cf/0xcf0 [osd_wbcfs]
00101 Code: c7 c7 00 96 7b a1 48 c7 c6 a0 12 7d a1 48 c7 c2 00 1c 7d a1 e8 52 f1 43 ff 48 c7 c7 00 96 7b a1 e8 46 81 44 ff e9 fe fc ff ff <0f> 0b e9 a5 fa ff ff 48 c7 c1 80 44 5d a0 80 e1 07 80 c1 03 38 c1
00101 RSP: 0018:ffffc90001cd7710 EFLAGS: 00010246
00101 RAX: 0000000000000000 RBX: ffff888199ac7000 RCX: 0000000000000046
00101 RDX: 0000000000000000 RSI: ffff888199983478 RDI: ffff88817de18998
00101 RBP: ffff8881999833e8 R08: ffffffff83a16803 R09: 1ffffffff0742d00
00101 R10: dffffc0000000000 R11: fffffbfff0742d01 R12: ffff88814b8bd000
00101 R13: dffffc0000000000 R14: 1ffff11033358e00 R15: 1ffff11029717a0f
00101 FS:  00007f492ce23940(0000) GS:ffff88831e4ad000(0000) knlGS:0000000000000000
00101 CS:  0010 DS: 0000 ES: 0000 CR0: 0000000080050033
00101 CR2: 0000556bd6b4ba29 CR3: 0000000186b33000 CR4: 0000000000750eb0
00101 PKRU: 55555554
00101 Call Trace:
00101  <TASK>
00101  ? local_object_create+0x109/0x640 [obdclass]
00101  ? dt_write_lock+0x16d/0x2a0 [obdclass]
00101  ? llog_osd_create+0x356/0x10d0 [obdclass]
00101  ? llog_create+0x2ed/0x530 [obdclass]
00101  ? llog_open_create+0x6e7/0xb30 [obdclass]
00101  ? llog_test_9_sub+0xd4/0x800 [llog_test]
00101  ? llog_test_9+0x373/0x960 [llog_test]
00101  ? llog_run_tests+0x3d64/0x5ac0 [llog_test]
00101  ? get_random_u32+0x51/0x470
00101  ? llog_test_device_init+0x6e8/0xa20 [llog_test]
00101  ? obd_setup+0x54d/0x950 [obdclass]
00101  ? class_setup+0xc7d/0x10e0 [obdclass]
00101  ? class_process_config+0x2edb/0x7cb0 [obdclass]
00101  ? class_handle_ioctl+0x2055/0x3590 [obdclass]
00101  ? obd_class_ioctl+0x1f6/0x3c0 [obdclass]
00101  ? __x64_sys_ioctl+0x961/0xe00
00101  ? _copy_to_user+0x3d/0x60
00101  ? __x64_sys_rt_sigaction+0x107/0x140
00101  ? do_syscall_64+0xc1/0x350
00101  ? entry_SYSCALL_64_after_hwframe+0x4b/0x53
00101  </TASK>
00101 ---[ end trace 0000000000000000 ]---
00101 Lustre: 2181:0:(llog_test.c:1462:llog_test_9()) 9c: test llog_changelog_rec
00101 ------------[ cut here ]------------
00101 WARNING: /home/ktest/git/linux/include/linux/fs.h:889 at osd_create+0x9cf/0xcf0 [osd_wbcfs], CPU#1: lctl/2181
00101 Modules linked in: llog_test(O) mgs(O) osd_wbcfs(O) lustre(O) obdecho(O) mgc(O) mdc(O) lov(O) osc(O) lmv(O) ec(O) fid(O) fld(O) ptlrpc(O) efivarfs obdclass(O) ksocklnd(O) lnet(O) libcfs(O)
00101 CPU: 1 UID: 0 PID: 2181 Comm: lctl Tainted: G        W  O        7.0.0-ktest-fa4bb62-6330a45-20260726-dirty #1 PREEMPT 
00101 Tainted: [W]=WARN, [O]=OOT_MODULE
00101 Hardware name: QEMU Standard PC (Q35 + ICH9, 2009), BIOS 2025.11-3ubuntu7 03/31/2026
00101 RIP: 0010:osd_create+0x9cf/0xcf0 [osd_wbcfs]
00101 Code: c7 c7 00 96 7b a1 48 c7 c6 a0 12 7d a1 48 c7 c2 00 1c 7d a1 e8 52 f1 43 ff 48 c7 c7 00 96 7b a1 e8 46 81 44 ff e9 fe fc ff ff <0f> 0b e9 a5 fa ff ff 48 c7 c1 80 44 5d a0 80 e1 07 80 c1 03 38 c1
00101 RSP: 0018:ffffc90001cd7710 EFLAGS: 00010246
00101 RAX: 0000000000000000 RBX: ffff888199ac6400 RCX: 0000000000000046
00101 RDX: 0000000000000000 RSI: ffff888199982d60 RDI: ffff88817de18998
00101 RBP: ffff888199982cd0 R08: ffffffff83a16803 R09: 1ffffffff0742d00
00101 R10: dffffc0000000000 R11: fffffbfff0742d01 R12: ffff88814b8bd000
00101 R13: dffffc0000000000 R14: 1ffff11033358c80 R15: 1ffff11029717a0f
00101 FS:  00007f492ce23940(0000) GS:ffff88831e4ad000(0000) knlGS:0000000000000000
00101 CS:  0010 DS: 0000 ES: 0000 CR0: 0000000080050033
00101 CR2: 0000556bd6b4ba29 CR3: 0000000186b33000 CR4: 0000000000750eb0
00101 PKRU: 55555554
00101 Call Trace:
00101  <TASK>
00101  ? local_object_create+0x109/0x640 [obdclass]
00101  ? dt_write_lock+0x16d/0x2a0 [obdclass]
00101  ? llog_osd_create+0x356/0x10d0 [obdclass]
00101  ? llog_create+0x2ed/0x530 [obdclass]
00101  ? llog_open_create+0x6e7/0xb30 [obdclass]
00101  ? llog_test_9_sub+0xd4/0x800 [llog_test]
00101  ? llog_test_9+0x4a4/0x960 [llog_test]
00101  ? llog_run_tests+0x3d64/0x5ac0 [llog_test]
00101  ? get_random_u32+0x51/0x470
00101  ? llog_test_device_init+0x6e8/0xa20 [llog_test]
00101  ? obd_setup+0x54d/0x950 [obdclass]
00101  ? class_setup+0xc7d/0x10e0 [obdclass]
00101  ? class_process_config+0x2edb/0x7cb0 [obdclass]
00101  ? class_handle_ioctl+0x2055/0x3590 [obdclass]
00101  ? obd_class_ioctl+0x1f6/0x3c0 [obdclass]
00101  ? __x64_sys_ioctl+0x961/0xe00
00101  ? _copy_to_user+0x3d/0x60
00101  ? __x64_sys_rt_sigaction+0x107/0x140
00101  ? do_syscall_64+0xc1/0x350
00101  ? entry_SYSCALL_64_after_hwframe+0x4b/0x53
00101  </TASK>
00101 ---[ end trace 0000000000000000 ]---
00101 Lustre: 2181:0:(llog_test.c:1474:llog_test_9()) 9d: test llog_changelog_user_rec2
00101 ------------[ cut here ]------------
00101 WARNING: /home/ktest/git/linux/include/linux/fs.h:889 at osd_create+0x9cf/0xcf0 [osd_wbcfs], CPU#1: lctl/2181
00101 Modules linked in: llog_test(O) mgs(O) osd_wbcfs(O) lustre(O) obdecho(O) mgc(O) mdc(O) lov(O) osc(O) lmv(O) ec(O) fid(O) fld(O) ptlrpc(O) efivarfs obdclass(O) ksocklnd(O) lnet(O) libcfs(O)
00101 CPU: 1 UID: 0 PID: 2181 Comm: lctl Tainted: G        W  O        7.0.0-ktest-fa4bb62-6330a45-20260726-dirty #1 PREEMPT 
00101 Tainted: [W]=WARN, [O]=OOT_MODULE
00101 Hardware name: QEMU Standard PC (Q35 + ICH9, 2009), BIOS 2025.11-3ubuntu7 03/31/2026
00101 RIP: 0010:osd_create+0x9cf/0xcf0 [osd_wbcfs]
00101 Code: c7 c7 00 96 7b a1 48 c7 c6 a0 12 7d a1 48 c7 c2 00 1c 7d a1 e8 52 f1 43 ff 48 c7 c7 00 96 7b a1 e8 46 81 44 ff e9 fe fc ff ff <0f> 0b e9 a5 fa ff ff 48 c7 c1 80 44 5d a0 80 e1 07 80 c1 03 38 c1
00101 RSP: 0018:ffffc90001cd7710 EFLAGS: 00010246
00101 RAX: 0000000000000000 RBX: ffff888199ac5c00 RCX: 0000000000000046
00101 RDX: 0000000000000000 RSI: ffff88819c4350d8 RDI: ffff88817de18998
00101 RBP: ffff88819c435048 R08: ffffffff83a16803 R09: 1ffffffff0742d00
00101 R10: dffffc0000000000 R11: fffffbfff0742d01 R12: ffff88814b8bd000
00101 R13: dffffc0000000000 R14: 1ffff11033358b80 R15: 1ffff11029717a0f
00101 FS:  00007f492ce23940(0000) GS:ffff88831e4ad000(0000) knlGS:0000000000000000
00101 CS:  0010 DS: 0000 ES: 0000 CR0: 0000000080050033
00101 CR2: 0000556bd6b4ba29 CR3: 0000000186b33000 CR4: 0000000000750eb0
00101 PKRU: 55555554
00101 Call Trace:
00101  <TASK>
00101  ? local_object_create+0x109/0x640 [obdclass]
00101  ? dt_write_lock+0x16d/0x2a0 [obdclass]
00101  ? llog_osd_create+0x356/0x10d0 [obdclass]
00101  ? llog_create+0x2ed/0x530 [obdclass]
00101  ? llog_open_create+0x6e7/0xb30 [obdclass]
00101  ? llog_test_9_sub+0xd4/0x800 [llog_test]
00101  ? llog_test_9+0x5d5/0x960 [llog_test]
00101  ? llog_run_tests+0x3d64/0x5ac0 [llog_test]
00101  ? get_random_u32+0x51/0x470
00101  ? llog_test_device_init+0x6e8/0xa20 [llog_test]
00101  ? obd_setup+0x54d/0x950 [obdclass]
00101  ? class_setup+0xc7d/0x10e0 [obdclass]
00101  ? class_process_config+0x2edb/0x7cb0 [obdclass]
00101  ? class_handle_ioctl+0x2055/0x3590 [obdclass]
00101  ? obd_class_ioctl+0x1f6/0x3c0 [obdclass]
00101  ? __x64_sys_ioctl+0x961/0xe00
00101  ? _copy_to_user+0x3d/0x60
00101  ? __x64_sys_rt_sigaction+0x107/0x140
00101  ? do_syscall_64+0xc1/0x350
00101  ? entry_SYSCALL_64_after_hwframe+0x4b/0x53
00101  </TASK>
00101 ---[ end trace 0000000000000000 ]---
00101 Lustre: 2181:0:(llog_test.c:1575:llog_test_10()) 10a: create a catalog log with name: a2e9d043
00101 ------------[ cut here ]------------
00101 WARNING: /home/ktest/git/linux/include/linux/fs.h:889 at osd_create+0x9cf/0xcf0 [osd_wbcfs], CPU#1: lctl/2181
00101 Modules linked in: llog_test(O) mgs(O) osd_wbcfs(O) lustre(O) obdecho(O) mgc(O) mdc(O) lov(O) osc(O) lmv(O) ec(O) fid(O) fld(O) ptlrpc(O) efivarfs obdclass(O) ksocklnd(O) lnet(O) libcfs(O)
00101 CPU: 1 UID: 0 PID: 2181 Comm: lctl Tainted: G        W  O        7.0.0-ktest-fa4bb62-6330a45-20260726-dirty #1 PREEMPT 
00101 Tainted: [W]=WARN, [O]=OOT_MODULE
00101 Hardware name: QEMU Standard PC (Q35 + ICH9, 2009), BIOS 2025.11-3ubuntu7 03/31/2026
00101 RIP: 0010:osd_create+0x9cf/0xcf0 [osd_wbcfs]
00101 Code: c7 c7 00 96 7b a1 48 c7 c6 a0 12 7d a1 48 c7 c2 00 1c 7d a1 e8 52 f1 43 ff 48 c7 c7 00 96 7b a1 e8 46 81 44 ff e9 fe fc ff ff <0f> 0b e9 a5 fa ff ff 48 c7 c1 80 44 5d a0 80 e1 07 80 c1 03 38 c1
00101 RSP: 0018:ffffc90001cd75c8 EFLAGS: 00010246
00101 RAX: 0000000000000000 RBX: ffff88819aabb400 RCX: 0000000000000046
00101 RDX: 0000000000000000 RSI: ffff88819c4349c0 RDI: ffff88817de18998
00101 RBP: ffff88819c434930 R08: ffffffff83a16803 R09: 1ffffffff0742d00
00101 R10: dffffc0000000000 R11: fffffbfff0742d01 R12: ffff88814b8bd000
00101 R13: dffffc0000000000 R14: 1ffff11033557680 R15: 1ffff11029717a0f
00101 FS:  00007f492ce23940(0000) GS:ffff88831e4ad000(0000) knlGS:0000000000000000
00101 CS:  0010 DS: 0000 ES: 0000 CR0: 0000000080050033
00101 CR2: 0000556bd6b4ba29 CR3: 0000000186b33000 CR4: 0000000000750eb0
00101 PKRU: 55555554
00101 Call Trace:
00101  <TASK>
00101  ? local_object_create+0x109/0x640 [obdclass]
00101  ? dt_write_lock+0x16d/0x2a0 [obdclass]
00101  ? llog_osd_create+0x356/0x10d0 [obdclass]
00101  ? llog_create+0x2ed/0x530 [obdclass]
00101  ? llog_open_create+0x6e7/0xb30 [obdclass]
00101  ? llog_test_10+0x2e1/0x5520 [llog_test]
00101  ? lu_object_put+0xa64/0x1210 [obdclass]
00101  ? do_raw_spin_unlock+0x52/0x230
00101  ? _raw_spin_unlock+0x23/0x40
00101  ? __llog_ctxt_put+0x1c4/0x2f0 [obdclass]
00101  ? llog_run_tests+0x3f45/0x5ac0 [llog_test]
00101  ? get_random_u32+0x51/0x470
00101  ? llog_test_device_init+0x6e8/0xa20 [llog_test]
00101  ? obd_setup+0x54d/0x950 [obdclass]
00101  ? class_setup+0xc7d/0x10e0 [obdclass]
00101  ? class_process_config+0x2edb/0x7cb0 [obdclass]
00101  ? class_handle_ioctl+0x2055/0x3590 [obdclass]
00101  ? obd_class_ioctl+0x1f6/0x3c0 [obdclass]
00101  ? __x64_sys_ioctl+0x961/0xe00
00101  ? _copy_to_user+0x3d/0x60
00101  ? __x64_sys_rt_sigaction+0x107/0x140
00101  ? do_syscall_64+0xc1/0x350
00101  ? entry_SYSCALL_64_after_hwframe+0x4b/0x53
00101  </TASK>
00101 ---[ end trace 0000000000000000 ]---
00101 Lustre: 2181:0:(llog_test.c:1605:llog_test_10()) 10b: write 64767 log records
00101 ------------[ cut here ]------------
00101 WARNING: /home/ktest/git/linux/include/linux/fs.h:889 at osd_create+0x9cf/0xcf0 [osd_wbcfs], CPU#1: lctl/2181
00101 Modules linked in: llog_test(O) mgs(O) osd_wbcfs(O) lustre(O) obdecho(O) mgc(O) mdc(O) lov(O) osc(O) lmv(O) ec(O) fid(O) fld(O) ptlrpc(O) efivarfs obdclass(O) ksocklnd(O) lnet(O) libcfs(O)
00101 CPU: 1 UID: 0 PID: 2181 Comm: lctl Tainted: G        W  O        7.0.0-ktest-fa4bb62-6330a45-20260726-dirty #1 PREEMPT 
00101 Tainted: [W]=WARN, [O]=OOT_MODULE
00101 Hardware name: QEMU Standard PC (Q35 + ICH9, 2009), BIOS 2025.11-3ubuntu7 03/31/2026
00101 RIP: 0010:osd_create+0x9cf/0xcf0 [osd_wbcfs]
00101 Code: c7 c7 00 96 7b a1 48 c7 c6 a0 12 7d a1 48 c7 c2 00 1c 7d a1 e8 52 f1 43 ff 48 c7 c7 00 96 7b a1 e8 46 81 44 ff e9 fe fc ff ff <0f> 0b e9 a5 fa ff ff 48 c7 c1 80 44 5d a0 80 e1 07 80 c1 03 38 c1
00101 RSP: 0018:ffffc90001cd7478 EFLAGS: 00010246
00101 RAX: 0000000000000000 RBX: ffff88819aabac00 RCX: 0000000000000046
00101 RDX: 0000000000000000 RSI: ffff88819c4342a8 RDI: ffff88817de189c0
00101 RBP: ffff88819c434218 R08: ffffffff83a16803 R09: 1ffffffff0742d00
00101 R10: dffffc0000000000 R11: fffffbfff0742d01 R12: ffff88814b8bd000
00101 R13: dffffc0000000000 R14: 1ffff11033557580 R15: 1ffff11029717a0f
00101 FS:  00007f492ce23940(0000) GS:ffff88831e4ad000(0000) knlGS:0000000000000000
00101 CS:  0010 DS: 0000 ES: 0000 CR0: 0000000080050033
00101 CR2: 0000556bd6b4ba29 CR3: 0000000186b33000 CR4: 0000000000750eb0
00101 PKRU: 55555554
00101 Call Trace:
00101  <TASK>
00101  ? local_object_create+0x109/0x640 [obdclass]
00101  ? dt_write_lock+0x16d/0x2a0 [obdclass]
00101  ? llog_osd_create+0x356/0x10d0 [obdclass]
00101  ? llog_create+0x2ed/0x530 [obdclass]
00101  ? llog_cat_new_log+0x6d1/0x2970 [obdclass]
00101  ? llog_cat_add_rec+0x6ba/0x1960 [obdclass]
00101  ? llog_cat_add+0x499/0x7a0 [obdclass]
00101  ? llog_test_10+0x6d0/0x5520 [llog_test]
00101  ? lu_object_put+0xa64/0x1210 [obdclass]
00101  ? do_raw_spin_unlock+0x52/0x230
00101  ? _raw_spin_unlock+0x23/0x40
00101  ? __llog_ctxt_put+0x1c4/0x2f0 [obdclass]
00101  ? llog_run_tests+0x3f45/0x5ac0 [llog_test]
00101  ? get_random_u32+0x51/0x470
00101  ? llog_test_device_init+0x6e8/0xa20 [llog_test]
00101  ? obd_setup+0x54d/0x950 [obdclass]
00101  ? class_setup+0xc7d/0x10e0 [obdclass]
00101  ? class_process_config+0x2edb/0x7cb0 [obdclass]
00101  ? class_handle_ioctl+0x2055/0x3590 [obdclass]
00101  ? obd_class_ioctl+0x1f6/0x3c0 [obdclass]
00101  ? __x64_sys_ioctl+0x961/0xe00
00101  ? _copy_to_user+0x3d/0x60
00101  ? __x64_sys_rt_sigaction+0x107/0x140
00101  ? do_syscall_64+0xc1/0x350
00101  ? entry_SYSCALL_64_after_hwframe+0x4b/0x53
00101  </TASK>
00101 ---[ end trace 0000000000000000 ]---
00105 ------------[ cut here ]------------
00105 WARNING: /home/ktest/git/linux/include/linux/fs.h:889 at osd_create+0x9cf/0xcf0 [osd_wbcfs], CPU#1: lctl/2181
00105 Modules linked in: llog_test(O) mgs(O) osd_wbcfs(O) lustre(O) obdecho(O) mgc(O) mdc(O) lov(O) osc(O) lmv(O) ec(O) fid(O) fld(O) ptlrpc(O) efivarfs obdclass(O) ksocklnd(O) lnet(O) libcfs(O)
00105 CPU: 1 UID: 0 PID: 2181 Comm: lctl Tainted: G        W  O        7.0.0-ktest-fa4bb62-6330a45-20260726-dirty #1 PREEMPT 
00105 Tainted: [W]=WARN, [O]=OOT_MODULE
00105 Hardware name: QEMU Standard PC (Q35 + ICH9, 2009), BIOS 2025.11-3ubuntu7 03/31/2026
00105 RIP: 0010:osd_create+0x9cf/0xcf0 [osd_wbcfs]
00105 Code: c7 c7 00 96 7b a1 48 c7 c6 a0 12 7d a1 48 c7 c2 00 1c 7d a1 e8 52 f1 43 ff 48 c7 c7 00 96 7b a1 e8 46 81 44 ff e9 fe fc ff ff <0f> 0b e9 a5 fa ff ff 48 c7 c1 80 44 5d a0 80 e1 07 80 c1 03 38 c1
00105 RSP: 0018:ffffc90001cd7478 EFLAGS: 00010246
00105 RAX: 0000000000000000 RBX: ffff88819aaba400 RCX: 0000000000000046
00105 RDX: 0000000000000000 RSI: ffff88819c433b90 RDI: ffff88817de189c0
00105 RBP: ffff88819c433b00 R08: ffffffff83a16803 R09: 1ffffffff0742d00
00105 R10: dffffc0000000000 R11: fffffbfff0742d01 R12: ffff88814b8bd000
00105 R13: dffffc0000000000 R14: 1ffff11033557480 R15: 1ffff11029717a0f
00105 FS:  00007f492ce23940(0000) GS:ffff88831e4ad000(0000) knlGS:0000000000000000
00105 CS:  0010 DS: 0000 ES: 0000 CR0: 0000000080050033
00105 CR2: 0000556bd6b4ba29 CR3: 0000000186b33000 CR4: 0000000000750eb0
00105 PKRU: 55555554
00105 Call Trace:
00105  <TASK>
00105  ? local_object_create+0x109/0x640 [obdclass]
00105  ? dt_write_lock+0x16d/0x2a0 [obdclass]
00105  ? llog_osd_create+0x356/0x10d0 [obdclass]
00105  ? llog_create+0x2ed/0x530 [obdclass]
00105  ? llog_cat_new_log+0x6d1/0x2970 [obdclass]
00105  ? llog_cat_add_rec+0x6ba/0x1960 [obdclass]
00105  ? llog_cat_add+0x499/0x7a0 [obdclass]
00105  ? llog_test_10+0x6d0/0x5520 [llog_test]
00105  ? lu_object_put+0xa64/0x1210 [obdclass]
00105  ? do_raw_spin_unlock+0x52/0x230
00105  ? _raw_spin_unlock+0x23/0x40
00105  ? __llog_ctxt_put+0x1c4/0x2f0 [obdclass]
00105  ? llog_run_tests+0x3f45/0x5ac0 [llog_test]
00105  ? get_random_u32+0x51/0x470
00105  ? llog_test_device_init+0x6e8/0xa20 [llog_test]
00105  ? obd_setup+0x54d/0x950 [obdclass]
00105  ? class_setup+0xc7d/0x10e0 [obdclass]
00105  ? class_process_config+0x2edb/0x7cb0 [obdclass]
00105  ? class_handle_ioctl+0x2055/0x3590 [obdclass]
00105  ? obd_class_ioctl+0x1f6/0x3c0 [obdclass]
00105  ? __x64_sys_ioctl+0x961/0xe00
00105  ? _copy_to_user+0x3d/0x60
00105  ? __x64_sys_rt_sigaction+0x107/0x140
00105  ? do_syscall_64+0xc1/0x350
00105  ? entry_SYSCALL_64_after_hwframe+0x4b/0x53
00105  </TASK>
00105 ---[ end trace 0000000000000000 ]---
00105 Lustre: 2181:0:(llog_test.c:1631:llog_test_10()) 10c: write 129534 more log records
00109 ------------[ cut here ]------------
00109 WARNING: /home/ktest/git/linux/include/linux/fs.h:889 at osd_create+0x9cf/0xcf0 [osd_wbcfs], CPU#1: lctl/2181
00109 Modules linked in: llog_test(O) mgs(O) osd_wbcfs(O) lustre(O) obdecho(O) mgc(O) mdc(O) lov(O) osc(O) lmv(O) ec(O) fid(O) fld(O) ptlrpc(O) efivarfs obdclass(O) ksocklnd(O) lnet(O) libcfs(O)
00109 CPU: 1 UID: 0 PID: 2181 Comm: lctl Tainted: G        W  O        7.0.0-ktest-fa4bb62-6330a45-20260726-dirty #1 PREEMPT 
00109 Tainted: [W]=WARN, [O]=OOT_MODULE
00109 Hardware name: QEMU Standard PC (Q35 + ICH9, 2009), BIOS 2025.11-3ubuntu7 03/31/2026
00109 RIP: 0010:osd_create+0x9cf/0xcf0 [osd_wbcfs]
00109 Code: c7 c7 00 96 7b a1 48 c7 c6 a0 12 7d a1 48 c7 c2 00 1c 7d a1 e8 52 f1 43 ff 48 c7 c7 00 96 7b a1 e8 46 81 44 ff e9 fe fc ff ff <0f> 0b e9 a5 fa ff ff 48 c7 c1 80 44 5d a0 80 e1 07 80 c1 03 38 c1
00109 RSP: 0018:ffffc90001cd7478 EFLAGS: 00010246
00109 RAX: 0000000000000000 RBX: ffff88819d652800 RCX: 0000000000000046
00109 RDX: 0000000000000000 RSI: ffff88819c433478 RDI: ffff88817de189c0
00109 RBP: ffff88819c4333e8 R08: ffffffff83a16803 R09: 1ffffffff0742d00
00109 R10: dffffc0000000000 R11: fffffbfff0742d01 R12: ffff88814b8bd000
00109 R13: dffffc0000000000 R14: 1ffff11033aca500 R15: 1ffff11029717a0f
00109 FS:  00007f492ce23940(0000) GS:ffff88831e4ad000(0000) knlGS:0000000000000000
00109 CS:  0010 DS: 0000 ES: 0000 CR0: 0000000080050033
00109 CR2: 0000556bd6b4ba29 CR3: 0000000186b33000 CR4: 0000000000750eb0
00109 PKRU: 55555554
00109 Call Trace:
00109  <TASK>
00109  ? local_object_create+0x109/0x640 [obdclass]
00109  ? dt_write_lock+0x16d/0x2a0 [obdclass]
00109  ? llog_osd_create+0x356/0x10d0 [obdclass]
00109  ? llog_create+0x2ed/0x530 [obdclass]
00109  ? llog_cat_new_log+0x6d1/0x2970 [obdclass]
00109  ? llog_cat_add_rec+0x6ba/0x1960 [obdclass]
00109  ? llog_cat_add+0x499/0x7a0 [obdclass]
00109  ? llog_test_10+0x986/0x5520 [llog_test]
00109  ? lu_object_put+0xa64/0x1210 [obdclass]
00109  ? do_raw_spin_unlock+0x52/0x230
00109  ? _raw_spin_unlock+0x23/0x40
00109  ? __llog_ctxt_put+0x1c4/0x2f0 [obdclass]
00109  ? llog_run_tests+0x3f45/0x5ac0 [llog_test]
00109  ? get_random_u32+0x51/0x470
00109  ? llog_test_device_init+0x6e8/0xa20 [llog_test]
00109  ? obd_setup+0x54d/0x950 [obdclass]
00109  ? class_setup+0xc7d/0x10e0 [obdclass]
00109  ? class_process_config+0x2edb/0x7cb0 [obdclass]
00109  ? class_handle_ioctl+0x2055/0x3590 [obdclass]
00109  ? obd_class_ioctl+0x1f6/0x3c0 [obdclass]
00109  ? __x64_sys_ioctl+0x961/0xe00
00109  ? _copy_to_user+0x3d/0x60
00109  ? __x64_sys_rt_sigaction+0x107/0x140
00109  ? do_syscall_64+0xc1/0x350
00109  ? entry_SYSCALL_64_after_hwframe+0x4b/0x53
00109  </TASK>
00109 ---[ end trace 0000000000000000 ]---
00112 ------------[ cut here ]------------
00112 WARNING: /home/ktest/git/linux/include/linux/fs.h:889 at osd_create+0x9cf/0xcf0 [osd_wbcfs], CPU#1: lctl/2181
00112 Modules linked in: llog_test(O) mgs(O) osd_wbcfs(O) lustre(O) obdecho(O) mgc(O) mdc(O) lov(O) osc(O) lmv(O) ec(O) fid(O) fld(O) ptlrpc(O) efivarfs obdclass(O) ksocklnd(O) lnet(O) libcfs(O)
00112 CPU: 1 UID: 0 PID: 2181 Comm: lctl Tainted: G        W  O        7.0.0-ktest-fa4bb62-6330a45-20260726-dirty #1 PREEMPT 
00112 Tainted: [W]=WARN, [O]=OOT_MODULE
00112 Hardware name: QEMU Standard PC (Q35 + ICH9, 2009), BIOS 2025.11-3ubuntu7 03/31/2026
00112 RIP: 0010:osd_create+0x9cf/0xcf0 [osd_wbcfs]
00112 Code: c7 c7 00 96 7b a1 48 c7 c6 a0 12 7d a1 48 c7 c2 00 1c 7d a1 e8 52 f1 43 ff 48 c7 c7 00 96 7b a1 e8 46 81 44 ff e9 fe fc ff ff <0f> 0b e9 a5 fa ff ff 48 c7 c1 80 44 5d a0 80 e1 07 80 c1 03 38 c1
00112 RSP: 0018:ffffc90001cd7478 EFLAGS: 00010246
00112 RAX: 0000000000000000 RBX: ffff888186a00400 RCX: 0000000000000046
00112 RDX: 0000000000000000 RSI: ffff88819c432d60 RDI: ffff88817de189c0
00112 RBP: ffff88819c432cd0 R08: ffffffff83a16803 R09: 1ffffffff0742d00
00112 R10: dffffc0000000000 R11: fffffbfff0742d01 R12: ffff88814b8bd000
00112 R13: dffffc0000000000 R14: 1ffff11030d40080 R15: 1ffff11029717a0f
00112 FS:  00007f492ce23940(0000) GS:ffff88831e4ad000(0000) knlGS:0000000000000000
00112 CS:  0010 DS: 0000 ES: 0000 CR0: 0000000080050033
00112 CR2: 0000556bd6b4ba29 CR3: 0000000186b33000 CR4: 0000000000750eb0
00112 PKRU: 55555554
00112 Call Trace:
00112  <TASK>
00112  ? local_object_create+0x109/0x640 [obdclass]
00112  ? dt_write_lock+0x16d/0x2a0 [obdclass]
00112  ? llog_osd_create+0x356/0x10d0 [obdclass]
00112  ? llog_create+0x2ed/0x530 [obdclass]
00112  ? llog_cat_new_log+0x6d1/0x2970 [obdclass]
00112  ? llog_cat_add_rec+0x6ba/0x1960 [obdclass]
00112  ? llog_cat_add+0x499/0x7a0 [obdclass]
00112  ? llog_test_10+0x986/0x5520 [llog_test]
00112  ? lu_object_put+0xa64/0x1210 [obdclass]
00112  ? do_raw_spin_unlock+0x52/0x230
00112  ? _raw_spin_unlock+0x23/0x40
00112  ? __llog_ctxt_put+0x1c4/0x2f0 [obdclass]
00112  ? llog_run_tests+0x3f45/0x5ac0 [llog_test]
00112  ? get_random_u32+0x51/0x470
00112  ? llog_test_device_init+0x6e8/0xa20 [llog_test]
00112  ? obd_setup+0x54d/0x950 [obdclass]
00112  ? class_setup+0xc7d/0x10e0 [obdclass]
00112  ? class_process_config+0x2edb/0x7cb0 [obdclass]
00112  ? class_handle_ioctl+0x2055/0x3590 [obdclass]
00112  ? obd_class_ioctl+0x1f6/0x3c0 [obdclass]
00112  ? __x64_sys_ioctl+0x961/0xe00
00112  ? _copy_to_user+0x3d/0x60
00112  ? __x64_sys_rt_sigaction+0x107/0x140
00112  ? do_syscall_64+0xc1/0x350
00112  ? entry_SYSCALL_64_after_hwframe+0x4b/0x53
00112  </TASK>
00112 ---[ end trace 0000000000000000 ]---
00112 Lustre: 2181:0:(llog_test.c:1663:llog_test_10()) 10c: write 64767 more log records
00116 Lustre: 2181:0:(llog_cat.c:80:llog_cat_new_log()) MGS: there are no more free slots in catalog a2e9d043
00116 LustreError: 2181:0:(llog_cat.c:588:llog_cat_add_rec()) MGS: initialization error: rc = -28
00116 Lustre: 2181:0:(llog_test.c:1689:llog_test_10()) 10c: wrote 64011 records then 756 failed with ENOSPC
00116 Lustre: 2181:0:(llog_test.c:1708:llog_test_10()) 10d: Cancel 64767 records, see one log zapped
00118 Lustre: 2181:0:(llog_test.c:1722:llog_test_10()) 10d: print the catalog entries.. we expect 3
00118 Lustre: 2202:0:(llog_test.c:700:cat_print_cb()) seeing record at index 2 - [0x1:0x19:0x0] in log [0xa:0x5:0x0]
00118 Lustre: 2181:0:(llog_test.c:1752:llog_test_10()) 10e: write 64767 more log records
00118 ------------[ cut here ]------------
00118 WARNING: /home/ktest/git/linux/include/linux/fs.h:889 at osd_create+0x9cf/0xcf0 [osd_wbcfs], CPU#1: lctl/2181
00118 Modules linked in: llog_test(O) mgs(O) osd_wbcfs(O) lustre(O) obdecho(O) mgc(O) mdc(O) lov(O) osc(O) lmv(O) ec(O) fid(O) fld(O) ptlrpc(O) efivarfs obdclass(O) ksocklnd(O) lnet(O) libcfs(O)
00118 CPU: 1 UID: 0 PID: 2181 Comm: lctl Tainted: G        W  O        7.0.0-ktest-fa4bb62-6330a45-20260726-dirty #1 PREEMPT 
00118 Tainted: [W]=WARN, [O]=OOT_MODULE
00118 Hardware name: QEMU Standard PC (Q35 + ICH9, 2009), BIOS 2025.11-3ubuntu7 03/31/2026
00118 RIP: 0010:osd_create+0x9cf/0xcf0 [osd_wbcfs]
00118 Code: c7 c7 00 96 7b a1 48 c7 c6 a0 12 7d a1 48 c7 c2 00 1c 7d a1 e8 52 f1 43 ff 48 c7 c7 00 96 7b a1 e8 46 81 44 ff e9 fe fc ff ff <0f> 0b e9 a5 fa ff ff 48 c7 c1 80 44 5d a0 80 e1 07 80 c1 03 38 c1
00118 RSP: 0018:ffffc90001cd7478 EFLAGS: 00010246
00118 RAX: 0000000000000000 RBX: ffff888194a67800 RCX: 0000000000000046
00118 RDX: 0000000000000000 RSI: ffff88819c432648 RDI: ffff88817de189c0
00118 RBP: ffff88819c4325b8 R08: ffffffff83a16803 R09: 1ffffffff0742d00
00118 R10: dffffc0000000000 R11: fffffbfff0742d01 R12: ffff88814b8bd000
00118 R13: dffffc0000000000 R14: 1ffff1103294cf00 R15: 1ffff11029717a0f
00118 FS:  00007f492ce23940(0000) GS:ffff88831e4ad000(0000) knlGS:0000000000000000
00118 CS:  0010 DS: 0000 ES: 0000 CR0: 0000000080050033
00118 CR2: 0000556bd6b4ba29 CR3: 0000000186b33000 CR4: 0000000000750eb0
00118 PKRU: 55555554
00118 Call Trace:
00118  <TASK>
00118  ? local_object_create+0x109/0x640 [obdclass]
00118  ? dt_write_lock+0x16d/0x2a0 [obdclass]
00118  ? llog_osd_create+0x356/0x10d0 [obdclass]
00118  ? llog_create+0x2ed/0x530 [obdclass]
00118  ? llog_cat_new_log+0x6d1/0x2970 [obdclass]
00118  ? llog_cat_add_rec+0x6ba/0x1960 [obdclass]
00118  ? llog_cat_add+0x499/0x7a0 [obdclass]
00118  ? llog_test_10+0x1844/0x5520 [llog_test]
00118  ? lu_object_put+0xa64/0x1210 [obdclass]
00118  ? do_raw_spin_unlock+0x52/0x230
00118  ? _raw_spin_unlock+0x23/0x40
00118  ? __llog_ctxt_put+0x1c4/0x2f0 [obdclass]
00118  ? llog_run_tests+0x3f45/0x5ac0 [llog_test]
00118  ? get_random_u32+0x51/0x470
00118  ? llog_test_device_init+0x6e8/0xa20 [llog_test]
00118  ? obd_setup+0x54d/0x950 [obdclass]
00118  ? class_setup+0xc7d/0x10e0 [obdclass]
00118  ? class_process_config+0x2edb/0x7cb0 [obdclass]
00118  ? class_handle_ioctl+0x2055/0x3590 [obdclass]
00118  ? obd_class_ioctl+0x1f6/0x3c0 [obdclass]
00118  ? __x64_sys_ioctl+0x961/0xe00
00118  ? _copy_to_user+0x3d/0x60
00118  ? __x64_sys_rt_sigaction+0x107/0x140
00118  ? do_syscall_64+0xc1/0x350
00118  ? entry_SYSCALL_64_after_hwframe+0x4b/0x53
00118  </TASK>
00118 ---[ end trace 0000000000000000 ]---
00122 Lustre: 2181:0:(llog_cat.c:80:llog_cat_new_log()) MGS: there are no more free slots in catalog a2e9d043
00122 Lustre: 2181:0:(llog_cat.c:80:llog_cat_new_log()) Skipped 755 previous similar messages
00122 LustreError: 2181:0:(llog_cat.c:588:llog_cat_add_rec()) MGS: initialization error: rc = -28
00122 LustreError: 2181:0:(llog_cat.c:588:llog_cat_add_rec()) Skipped 755 previous similar messages
00122 Lustre: 2181:0:(llog_test.c:1778:llog_test_10()) 10e: wrote 64578 records then 189 failed with ENOSPC
00122 Lustre: 2181:0:(llog_test.c:1780:llog_test_10()) 10e: print the catalog entries.. we expect 4
00122 Lustre: 2181:0:(llog_cat.c:977:llog_cat_process_or_fork()) MGS: catlog [0xa:0x5:0x0] crosses index zero
00122 Lustre: 2181:0:(llog_test.c:700:cat_print_cb()) seeing record at index 2 - [0x1:0x19:0x0] in log [0xa:0x5:0x0]
00122 Lustre: 2181:0:(llog_test.c:700:cat_print_cb()) Skipped 2 previous similar messages
00122 Lustre: 2181:0:(llog_test.c:1816:llog_test_10()) 10e: catalog successfully wrap around, last_idx 1, first 1
00122 Lustre: 2181:0:(llog_test.c:1833:llog_test_10()) 10f: Cancel 64767 records, see one log zapped
00124 Lustre: 2181:0:(llog_test.c:1847:llog_test_10()) 10f: print the catalog entries.. we expect 3
00124 Lustre: 2181:0:(llog_cat.c:977:llog_cat_process_or_fork()) MGS: catlog [0xa:0x5:0x0] crosses index zero
00124 Lustre: 2181:0:(llog_cat.c:977:llog_cat_process_or_fork()) Skipped 1 previous similar message
00124 Lustre: 2181:0:(llog_test.c:1878:llog_test_10()) 10f: write 64767 more log records
00124 ------------[ cut here ]------------
00124 WARNING: /home/ktest/git/linux/include/linux/fs.h:889 at osd_create+0x9cf/0xcf0 [osd_wbcfs], CPU#1: lctl/2181
00124 Modules linked in: llog_test(O) mgs(O) osd_wbcfs(O) lustre(O) obdecho(O) mgc(O) mdc(O) lov(O) osc(O) lmv(O) ec(O) fid(O) fld(O) ptlrpc(O) efivarfs obdclass(O) ksocklnd(O) lnet(O) libcfs(O)
00124 CPU: 1 UID: 0 PID: 2181 Comm: lctl Tainted: G        W  O        7.0.0-ktest-fa4bb62-6330a45-20260726-dirty #1 PREEMPT 
00124 Tainted: [W]=WARN, [O]=OOT_MODULE
00124 Hardware name: QEMU Standard PC (Q35 + ICH9, 2009), BIOS 2025.11-3ubuntu7 03/31/2026
00124 RIP: 0010:osd_create+0x9cf/0xcf0 [osd_wbcfs]
00124 Code: c7 c7 00 96 7b a1 48 c7 c6 a0 12 7d a1 48 c7 c2 00 1c 7d a1 e8 52 f1 43 ff 48 c7 c7 00 96 7b a1 e8 46 81 44 ff e9 fe fc ff ff <0f> 0b e9 a5 fa ff ff 48 c7 c1 80 44 5d a0 80 e1 07 80 c1 03 38 c1
00124 RSP: 0018:ffffc90001cd7478 EFLAGS: 00010246
00124 RAX: 0000000000000000 RBX: ffff88828cbcc400 RCX: 0000000000000046
00124 RDX: 0000000000000000 RSI: ffff88819c431f30 RDI: ffff88817de189c0
00124 RBP: ffff88819c431ea0 R08: ffffffff83a16803 R09: 1ffffffff0742d00
00124 R10: dffffc0000000000 R11: fffffbfff0742d01 R12: ffff88814b8bd000
00124 R13: dffffc0000000000 R14: 1ffff11051979880 R15: 1ffff11029717a0f
00124 FS:  00007f492ce23940(0000) GS:ffff88831e4ad000(0000) knlGS:0000000000000000
00124 CS:  0010 DS: 0000 ES: 0000 CR0: 0000000080050033
00124 CR2: 0000556bd6b4ba29 CR3: 0000000186b33000 CR4: 0000000000750eb0
00124 PKRU: 55555554
00124 Call Trace:
00124  <TASK>
00124  ? local_object_create+0x109/0x640 [obdclass]
00124  ? dt_write_lock+0x16d/0x2a0 [obdclass]
00124  ? llog_osd_create+0x356/0x10d0 [obdclass]
00124  ? llog_create+0x2ed/0x530 [obdclass]
00124  ? llog_cat_new_log+0x6d1/0x2970 [obdclass]
00124  ? llog_cat_add_rec+0x6ba/0x1960 [obdclass]
00124  ? llog_cat_add+0x499/0x7a0 [obdclass]
00124  ? llog_test_10+0x2b62/0x5520 [llog_test]
00124  ? lu_object_put+0xa64/0x1210 [obdclass]
00124  ? do_raw_spin_unlock+0x52/0x230
00124  ? _raw_spin_unlock+0x23/0x40
00124  ? __llog_ctxt_put+0x1c4/0x2f0 [obdclass]
00124  ? llog_run_tests+0x3f45/0x5ac0 [llog_test]
00124  ? get_random_u32+0x51/0x470
00124  ? llog_test_device_init+0x6e8/0xa20 [llog_test]
00124  ? obd_setup+0x54d/0x950 [obdclass]
00124  ? class_setup+0xc7d/0x10e0 [obdclass]
00124  ? class_process_config+0x2edb/0x7cb0 [obdclass]
00124  ? class_handle_ioctl+0x2055/0x3590 [obdclass]
00124  ? obd_class_ioctl+0x1f6/0x3c0 [obdclass]
00124  ? __x64_sys_ioctl+0x961/0xe00
00124  ? _copy_to_user+0x3d/0x60
00124  ? __x64_sys_rt_sigaction+0x107/0x140
00124  ? do_syscall_64+0xc1/0x350
00124  ? entry_SYSCALL_64_after_hwframe+0x4b/0x53
00124  </TASK>
00124 ---[ end trace 0000000000000000 ]---
00127 Lustre: 2181:0:(llog_cat.c:80:llog_cat_new_log()) MGS: there are no more free slots in catalog a2e9d043
00127 Lustre: 2181:0:(llog_cat.c:80:llog_cat_new_log()) Skipped 188 previous similar messages
00127 LustreError: 2181:0:(llog_cat.c:588:llog_cat_add_rec()) MGS: initialization error: rc = -28
00127 LustreError: 2181:0:(llog_cat.c:588:llog_cat_add_rec()) Skipped 188 previous similar messages
00127 Lustre: 2181:0:(llog_test.c:1904:llog_test_10()) 10f: wrote 64578 records then 189 failed with ENOSPC
00127 Lustre: 2181:0:(llog_test.c:1950:llog_test_10()) 10g: Cancel 64767 records, see one log zapped
00127 Lustre: 2181:0:(llog_cat.c:977:llog_cat_process_or_fork()) MGS: catlog [0xa:0x5:0x0] crosses index zero
00130 Lustre: 2181:0:(llog_test.c:1962:llog_test_10()) 10g: print the catalog entries.. we expect 3
00130 Lustre: 2181:0:(llog_cat.c:977:llog_cat_process_or_fork()) MGS: catlog [0xa:0x5:0x0] crosses index zero
00130 Lustre: 2181:0:(llog_test.c:700:cat_print_cb()) seeing record at index 4 - [0x1:0x1b:0x0] in log [0xa:0x5:0x0]
00130 Lustre: 2181:0:(llog_test.c:700:cat_print_cb()) Skipped 6 previous similar messages
00130 Lustre: 2181:0:(llog_test.c:1992:llog_test_10()) 10g: Cancel 64767 records, see one log zapped
00132 Lustre: 2181:0:(llog_test.c:2006:llog_test_10()) 10g: print the catalog entries.. we expect 2
00132 Lustre: 2181:0:(llog_test.c:2044:llog_test_10()) 10g: Cancel 64767 records, see one log zapped
00135 Lustre: 2181:0:(llog_test.c:2058:llog_test_10()) 10g: print the catalog entries.. we expect 1
00135 Lustre: 2181:0:(llog_test.c:2084:llog_test_10()) 10g: llh_cat_idx has also successfully wrapped!
00135 Lustre: 2204:0:(llog_test.c:1534:cat_check_old_cb()) seeing record at index 2 - [0x1:0x1d:0x0] in log [0xa:0x5:0x0]
00135 Lustre: 2181:0:(llog_test.c:2108:llog_test_10()) 10h: write 64767 more log records
00135 ------------[ cut here ]------------
00135 WARNING: /home/ktest/git/linux/include/linux/fs.h:889 at osd_create+0x9cf/0xcf0 [osd_wbcfs], CPU#1: lctl/2181
00135 Modules linked in: llog_test(O) mgs(O) osd_wbcfs(O) lustre(O) obdecho(O) mgc(O) mdc(O) lov(O) osc(O) lmv(O) ec(O) fid(O) fld(O) ptlrpc(O) efivarfs obdclass(O) ksocklnd(O) lnet(O) libcfs(O)
00135 CPU: 1 UID: 0 PID: 2181 Comm: lctl Tainted: G        W  O        7.0.0-ktest-fa4bb62-6330a45-20260726-dirty #1 PREEMPT 
00135 Tainted: [W]=WARN, [O]=OOT_MODULE
00135 Hardware name: QEMU Standard PC (Q35 + ICH9, 2009), BIOS 2025.11-3ubuntu7 03/31/2026
00135 RIP: 0010:osd_create+0x9cf/0xcf0 [osd_wbcfs]
00135 Code: c7 c7 00 96 7b a1 48 c7 c6 a0 12 7d a1 48 c7 c2 00 1c 7d a1 e8 52 f1 43 ff 48 c7 c7 00 96 7b a1 e8 46 81 44 ff e9 fe fc ff ff <0f> 0b e9 a5 fa ff ff 48 c7 c1 80 44 5d a0 80 e1 07 80 c1 03 38 c1
00135 RSP: 0018:ffffc90001cd7478 EFLAGS: 00010246
00135 RAX: 0000000000000000 RBX: ffff8880749eb800 RCX: 0000000000000046
00135 RDX: 0000000000000000 RSI: ffff88819c431818 RDI: ffff88817de189c0
00135 RBP: ffff88819c431788 R08: ffffffff83a16803 R09: 1ffffffff0742d00
00135 R10: dffffc0000000000 R11: fffffbfff0742d01 R12: ffff88814b8bd000
00135 R13: dffffc0000000000 R14: 1ffff1100e93d700 R15: 1ffff11029717a0f
00135 FS:  00007f492ce23940(0000) GS:ffff88831e4ad000(0000) knlGS:0000000000000000
00135 CS:  0010 DS: 0000 ES: 0000 CR0: 0000000080050033
00135 CR2: 0000556bd6b4ba29 CR3: 0000000186b33000 CR4: 0000000000750eb0
00135 PKRU: 55555554
00135 Call Trace:
00135  <TASK>
00135  ? local_object_create+0x109/0x640 [obdclass]
00135  ? dt_write_lock+0x16d/0x2a0 [obdclass]
00135  ? llog_osd_create+0x356/0x10d0 [obdclass]
00135  ? llog_create+0x2ed/0x530 [obdclass]
00135  ? llog_cat_new_log+0x6d1/0x2970 [obdclass]
00135  ? llog_cat_add_rec+0x6ba/0x1960 [obdclass]
00135  ? llog_cat_add+0x499/0x7a0 [obdclass]
00135  ? llog_test_10+0x5016/0x5520 [llog_test]
00135  ? llog_test_9_sub+0x800/0x800 [llog_test]
00135  ? llog_run_tests+0x3f45/0x5ac0 [llog_test]
00135  ? get_random_u32+0x51/0x470
00135  ? llog_test_device_init+0x6e8/0xa20 [llog_test]
00135  ? obd_setup+0x54d/0x950 [obdclass]
00135  ? class_setup+0xc7d/0x10e0 [obdclass]
00135  ? class_process_config+0x2edb/0x7cb0 [obdclass]
00135  ? class_handle_ioctl+0x2055/0x3590 [obdclass]
00135  ? obd_class_ioctl+0x1f6/0x3c0 [obdclass]
00135  ? __x64_sys_ioctl+0x961/0xe00
00135  ? _copy_to_user+0x3d/0x60
00135  ? __x64_sys_rt_sigaction+0x107/0x140
00135  ? do_syscall_64+0xc1/0x350
00135  ? entry_SYSCALL_64_after_hwframe+0x4b/0x53
00135  </TASK>
00135 ---[ end trace 0000000000000000 ]---
00135 LustreError: 2181:0:(llog_osd.c:684:llog_osd_write_rec()) cfs_race id 1317 sleeping
00136 LustreError: 2204:0:(llog.c:685:llog_process_thread()) cfs_fail_race id 1317 waking
00136 LustreError: 2181:0:(llog_osd.c:684:llog_osd_write_rec()) cfs_fail_race id 1317 awake: rc=446
00137 LustreError: 2204:0:(llog.c:685:llog_process_thread()) cfs_fail_race id 1317 waking
00137 Lustre: 2204:0:(llog_test.c:1534:cat_check_old_cb()) seeing record at index 3 - [0x1:0x1e:0x0] in log [0xa:0x5:0x0]
00140 ------------[ cut here ]------------
00140 WARNING: /home/ktest/git/linux/include/linux/fs.h:889 at osd_create+0x9cf/0xcf0 [osd_wbcfs], CPU#1: lctl/2181
00140 Modules linked in: llog_test(O) mgs(O) osd_wbcfs(O) lustre(O) obdecho(O) mgc(O) mdc(O) lov(O) osc(O) lmv(O) ec(O) fid(O) fld(O) ptlrpc(O) efivarfs obdclass(O) ksocklnd(O) lnet(O) libcfs(O)
00140 CPU: 1 UID: 0 PID: 2181 Comm: lctl Tainted: G        W  O        7.0.0-ktest-fa4bb62-6330a45-20260726-dirty #1 PREEMPT 
00140 Tainted: [W]=WARN, [O]=OOT_MODULE
00140 Hardware name: QEMU Standard PC (Q35 + ICH9, 2009), BIOS 2025.11-3ubuntu7 03/31/2026
00140 RIP: 0010:osd_create+0x9cf/0xcf0 [osd_wbcfs]
00140 Code: c7 c7 00 96 7b a1 48 c7 c6 a0 12 7d a1 48 c7 c2 00 1c 7d a1 e8 52 f1 43 ff 48 c7 c7 00 96 7b a1 e8 46 81 44 ff e9 fe fc ff ff <0f> 0b e9 a5 fa ff ff 48 c7 c1 80 44 5d a0 80 e1 07 80 c1 03 38 c1
00140 RSP: 0018:ffffc90001cd7478 EFLAGS: 00010246
00140 RAX: 0000000000000000 RBX: ffff888013612400 RCX: 0000000000000046
00140 RDX: 0000000000000000 RSI: ffff88819c431100 RDI: ffff88817de189c0
00140 RBP: ffff88819c431070 R08: ffffffff83a16803 R09: 1ffffffff0742d00
00140 R10: dffffc0000000000 R11: fffffbfff0742d01 R12: ffff88814b8bd000
00140 R13: dffffc0000000000 R14: 1ffff110026c2480 R15: 1ffff11029717a0f
00140 FS:  00007f492ce23940(0000) GS:ffff88831e4ad000(0000) knlGS:0000000000000000
00140 CS:  0010 DS: 0000 ES: 0000 CR0: 0000000080050033
00140 CR2: 0000556bd6b4ba29 CR3: 0000000186b33000 CR4: 0000000000750eb0
00140 PKRU: 55555554
00140 Call Trace:
00140  <TASK>
00140  ? local_object_create+0x109/0x640 [obdclass]
00140  ? dt_write_lock+0x16d/0x2a0 [obdclass]
00140  ? llog_osd_create+0x356/0x10d0 [obdclass]
00140  ? llog_create+0x2ed/0x530 [obdclass]
00140  ? llog_cat_new_log+0x6d1/0x2970 [obdclass]
00140  ? llog_cat_add_rec+0x6ba/0x1960 [obdclass]
00140  ? llog_cat_add+0x499/0x7a0 [obdclass]
00140  ? llog_test_10+0x5016/0x5520 [llog_test]
00140  ? llog_test_9_sub+0x800/0x800 [llog_test]
00140  ? llog_run_tests+0x3f45/0x5ac0 [llog_test]
00140  ? get_random_u32+0x51/0x470
00140  ? llog_test_device_init+0x6e8/0xa20 [llog_test]
00140  ? obd_setup+0x54d/0x950 [obdclass]
00140  ? class_setup+0xc7d/0x10e0 [obdclass]
00140  ? class_process_config+0x2edb/0x7cb0 [obdclass]
00140  ? class_handle_ioctl+0x2055/0x3590 [obdclass]
00140  ? obd_class_ioctl+0x1f6/0x3c0 [obdclass]
00140  ? __x64_sys_ioctl+0x961/0xe00
00140  ? _copy_to_user+0x3d/0x60
00140  ? __x64_sys_rt_sigaction+0x107/0x140
00140  ? do_syscall_64+0xc1/0x350
00140  ? entry_SYSCALL_64_after_hwframe+0x4b/0x53
00140  </TASK>
00140 ---[ end trace 0000000000000000 ]---
00140 LustreError: 2181:0:(llog_osd.c:684:llog_osd_write_rec()) cfs_fail_race id 1317 waking
00141 Lustre: 2181:0:(llog_test.c:2134:llog_test_10()) 10h: wrote 64767 records then 0 failed with ENOSPC
00141 Lustre: 2181:0:(llog_test.c:2147:llog_test_10()) 10: put newly-created catalog
00141 Lustre: 2181:0:(llog_test.c:2177:llog_test_11()) 11: create a plain nameless log
00141 ------------[ cut here ]------------
00141 WARNING: /home/ktest/git/linux/include/linux/fs.h:889 at osd_create+0x9cf/0xcf0 [osd_wbcfs], CPU#1: lctl/2181
00141 Modules linked in: llog_test(O) mgs(O) osd_wbcfs(O) lustre(O) obdecho(O) mgc(O) mdc(O) lov(O) osc(O) lmv(O) ec(O) fid(O) fld(O) ptlrpc(O) efivarfs obdclass(O) ksocklnd(O) lnet(O) libcfs(O)
00141 CPU: 1 UID: 0 PID: 2181 Comm: lctl Tainted: G        W  O        7.0.0-ktest-fa4bb62-6330a45-20260726-dirty #1 PREEMPT 
00141 Tainted: [W]=WARN, [O]=OOT_MODULE
00141 Hardware name: QEMU Standard PC (Q35 + ICH9, 2009), BIOS 2025.11-3ubuntu7 03/31/2026
00141 RIP: 0010:osd_create+0x9cf/0xcf0 [osd_wbcfs]
00141 Code: c7 c7 00 96 7b a1 48 c7 c6 a0 12 7d a1 48 c7 c2 00 1c 7d a1 e8 52 f1 43 ff 48 c7 c7 00 96 7b a1 e8 46 81 44 ff e9 fe fc ff ff <0f> 0b e9 a5 fa ff ff 48 c7 c1 80 44 5d a0 80 e1 07 80 c1 03 38 c1
00141 RSP: 0018:ffffc90001cd7670 EFLAGS: 00010246
00141 RAX: 0000000000000000 RBX: ffff8880344fb800 RCX: 0000000000000046
00141 RDX: 0000000000000000 RSI: ffff88819c4309e8 RDI: ffff88817de18998
00141 RBP: ffff88819c430958 R08: ffffffff83a16803 R09: 1ffffffff0742d00
00141 R10: dffffc0000000000 R11: fffffbfff0742d01 R12: ffff88814b8bd000
00141 R13: dffffc0000000000 R14: 1ffff1100689f700 R15: 1ffff11029717a0f
00141 FS:  00007f492ce23940(0000) GS:ffff88831e4ad000(0000) knlGS:0000000000000000
00141 CS:  0010 DS: 0000 ES: 0000 CR0: 0000000080050033
00141 CR2: 0000556bd6b4ba29 CR3: 0000000186b33000 CR4: 0000000000750eb0
00141 PKRU: 55555554
00141 Call Trace:
00141  <TASK>
00141  ? local_object_create+0x109/0x640 [obdclass]
00141  ? dt_write_lock+0x16d/0x2a0 [obdclass]
00141  ? llog_osd_create+0x356/0x10d0 [obdclass]
00141  ? llog_create+0x2ed/0x530 [obdclass]
00141  ? llog_open_create+0x6e7/0xb30 [obdclass]
00141  ? llog_test_11+0x2a4/0x1130 [llog_test]
00141  ? llog_test_9_sub+0x800/0x800 [llog_test]
00141  ? llog_run_tests+0x41b0/0x5ac0 [llog_test]
00141  ? get_random_u32+0x51/0x470
00141  ? llog_test_device_init+0x6e8/0xa20 [llog_test]
00141  ? obd_setup+0x54d/0x950 [obdclass]
00141  ? class_setup+0xc7d/0x10e0 [obdclass]
00141  ? class_process_config+0x2edb/0x7cb0 [obdclass]
00141  ? class_handle_ioctl+0x2055/0x3590 [obdclass]
00141  ? obd_class_ioctl+0x1f6/0x3c0 [obdclass]
00141  ? __x64_sys_ioctl+0x961/0xe00
00141  ? _copy_to_user+0x3d/0x60
00141  ? __x64_sys_rt_sigaction+0x107/0x140
00141  ? do_syscall_64+0xc1/0x350
00141  ? entry_SYSCALL_64_after_hwframe+0x4b/0x53
00141  </TASK>
00141 ---[ end trace 0000000000000000 ]---
00141 Lustre: 2181:0:(llog_test.c:2202:llog_test_11()) 11: size 8216 in 0 blocks after 1 rec
00141 Lustre: 2181:0:(llog_test.c:2204:llog_test_11()) 11: add few records
00141 Lustre: 2181:0:(llog_test.c:2221:llog_test_11()) 11: size 10616 in 0 blocks with few recs
00142 lctl (2181): drop_caches: 3
00142 Lustre: 2181:0:(llog_test.c:2247:llog_test_11()) 11: re-open the log by LOGID and verify llh_count
00142 Lustre: 2181:0:(llog_test.c:2262:llog_test_11()) 11: size 10616 in 0 blocks after re-open
00142 Lustre: 2181:0:(llog_test.c:2352:llog_test_12()) 12: create a catalog log with name: a2e9d044
00142 ------------[ cut here ]------------
00142 WARNING: /home/ktest/git/linux/include/linux/fs.h:889 at osd_create+0x9cf/0xcf0 [osd_wbcfs], CPU#1: lctl/2181
00142 Modules linked in: llog_test(O) mgs(O) osd_wbcfs(O) lustre(O) obdecho(O) mgc(O) mdc(O) lov(O) osc(O) lmv(O) ec(O) fid(O) fld(O) ptlrpc(O) efivarfs obdclass(O) ksocklnd(O) lnet(O) libcfs(O)
00142 CPU: 1 UID: 0 PID: 2181 Comm: lctl Tainted: G        W  O        7.0.0-ktest-fa4bb62-6330a45-20260726-dirty #1 PREEMPT 
00142 Tainted: [W]=WARN, [O]=OOT_MODULE
00142 Hardware name: QEMU Standard PC (Q35 + ICH9, 2009), BIOS 2025.11-3ubuntu7 03/31/2026
00142 RIP: 0010:osd_create+0x9cf/0xcf0 [osd_wbcfs]
00142 Code: c7 c7 00 96 7b a1 48 c7 c6 a0 12 7d a1 48 c7 c2 00 1c 7d a1 e8 52 f1 43 ff 48 c7 c7 00 96 7b a1 e8 46 81 44 ff e9 fe fc ff ff <0f> 0b e9 a5 fa ff ff 48 c7 c1 80 44 5d a0 80 e1 07 80 c1 03 38 c1
00142 RSP: 0018:ffffc90001cd7648 EFLAGS: 00010246
00142 RAX: 0000000000000000 RBX: ffff8880344fe000 RCX: 0000000000000046
00142 RDX: 0000000000000000 RSI: ffff88819c4302d0 RDI: ffff88817de18998
00142 RBP: ffff88819c430240 R08: ffffffff83a16803 R09: 1ffffffff0742d00
00142 R10: dffffc0000000000 R11: fffffbfff0742d01 R12: ffff88814b8bd000
00142 R13: dffffc0000000000 R14: 1ffff1100689fc00 R15: 1ffff11029717a0f
00142 FS:  00007f492ce23940(0000) GS:ffff88831e4ad000(0000) knlGS:0000000000000000
00142 CS:  0010 DS: 0000 ES: 0000 CR0: 0000000080050033
00142 CR2: 0000556bd6b4ba29 CR3: 0000000186b33000 CR4: 0000000000750eb0
00142 PKRU: 55555554
00142 Call Trace:
00142  <TASK>
00142  ? local_object_create+0x109/0x640 [obdclass]
00142  ? dt_write_lock+0x16d/0x2a0 [obdclass]
00142  ? llog_osd_create+0x356/0x10d0 [obdclass]
00142  ? llog_create+0x2ed/0x530 [obdclass]
00142  ? llog_open_create+0x6e7/0xb30 [obdclass]
00142  ? llog_test_12+0x402/0x2d90 [llog_test]
00142  ? llog_test_11+0xc14/0x1130 [llog_test]
00142  ? llog_run_tests+0x4434/0x5ac0 [llog_test]
00142  ? get_random_u32+0x51/0x470
00142  ? llog_test_device_init+0x6e8/0xa20 [llog_test]
00142  ? obd_setup+0x54d/0x950 [obdclass]
00142  ? class_setup+0xc7d/0x10e0 [obdclass]
00142  ? class_process_config+0x2edb/0x7cb0 [obdclass]
00142  ? class_handle_ioctl+0x2055/0x3590 [obdclass]
00142  ? obd_class_ioctl+0x1f6/0x3c0 [obdclass]
00142  ? __x64_sys_ioctl+0x961/0xe00
00142  ? _copy_to_user+0x3d/0x60
00142  ? __x64_sys_rt_sigaction+0x107/0x140
00142  ? do_syscall_64+0xc1/0x350
00142  ? entry_SYSCALL_64_after_hwframe+0x4b/0x53
00142  </TASK>
00142 ---[ end trace 0000000000000000 ]---
00142 ------------[ cut here ]------------
00142 WARNING: /home/ktest/git/linux/include/linux/fs.h:889 at osd_create+0x9cf/0xcf0 [osd_wbcfs], CPU#1: lctl/2181
00142 Modules linked in: llog_test(O) mgs(O) osd_wbcfs(O) lustre(O) obdecho(O) mgc(O) mdc(O) lov(O) osc(O) lmv(O) ec(O) fid(O) fld(O) ptlrpc(O) efivarfs obdclass(O) ksocklnd(O) lnet(O) libcfs(O)
00142 CPU: 1 UID: 0 PID: 2181 Comm: lctl Tainted: G        W  O        7.0.0-ktest-fa4bb62-6330a45-20260726-dirty #1 PREEMPT 
00142 Tainted: [W]=WARN, [O]=OOT_MODULE
00142 Hardware name: QEMU Standard PC (Q35 + ICH9, 2009), BIOS 2025.11-3ubuntu7 03/31/2026
00142 RIP: 0010:osd_create+0x9cf/0xcf0 [osd_wbcfs]
00142 Code: c7 c7 00 96 7b a1 48 c7 c6 a0 12 7d a1 48 c7 c2 00 1c 7d a1 e8 52 f1 43 ff 48 c7 c7 00 96 7b a1 e8 46 81 44 ff e9 fe fc ff ff <0f> 0b e9 a5 fa ff ff 48 c7 c1 80 44 5d a0 80 e1 07 80 c1 03 38 c1
00142 RSP: 0018:ffffc90001cd74f8 EFLAGS: 00010246
00142 RAX: 0000000000000000 RBX: ffff888034d3b800 RCX: 0000000000000046
00142 RDX: 0000000000000000 RSI: ffff888188022648 RDI: ffff88817de189c0
00142 RBP: ffff8881880225b8 R08: ffffffff83a16803 R09: 1ffffffff0742d00
00142 R10: dffffc0000000000 R11: fffffbfff0742d01 R12: ffff88814b8bd000
00142 R13: dffffc0000000000 R14: 1ffff110069a7700 R15: 1ffff11029717a0f
00142 FS:  00007f492ce23940(0000) GS:ffff88831e4ad000(0000) knlGS:0000000000000000
00142 CS:  0010 DS: 0000 ES: 0000 CR0: 0000000080050033
00142 CR2: 0000556bd6b4ba29 CR3: 0000000186b33000 CR4: 0000000000750eb0
00142 PKRU: 55555554
00142 Call Trace:
00142  <TASK>
00142  ? local_object_create+0x109/0x640 [obdclass]
00142  ? dt_write_lock+0x16d/0x2a0 [obdclass]
00142  ? llog_osd_create+0x356/0x10d0 [obdclass]
00142  ? llog_create+0x2ed/0x530 [obdclass]
00142  ? llog_cat_new_log+0x6d1/0x2970 [obdclass]
00142  ? llog_cat_add_rec+0x6ba/0x1960 [obdclass]
00142  ? llog_cat_add+0x499/0x7a0 [obdclass]
00142  ? llog_test_12+0x683/0x2d90 [llog_test]
00142  ? llog_test_11+0xc14/0x1130 [llog_test]
00142  ? llog_run_tests+0x4434/0x5ac0 [llog_test]
00142  ? get_random_u32+0x51/0x470
00142  ? llog_test_device_init+0x6e8/0xa20 [llog_test]
00142  ? obd_setup+0x54d/0x950 [obdclass]
00142  ? class_setup+0xc7d/0x10e0 [obdclass]
00142  ? class_process_config+0x2edb/0x7cb0 [obdclass]
00142  ? class_handle_ioctl+0x2055/0x3590 [obdclass]
00142  ? obd_class_ioctl+0x1f6/0x3c0 [obdclass]
00142  ? __x64_sys_ioctl+0x961/0xe00
00142  ? _copy_to_user+0x3d/0x60
00142  ? __x64_sys_rt_sigaction+0x107/0x140
00142  ? do_syscall_64+0xc1/0x350
00142  ? entry_SYSCALL_64_after_hwframe+0x4b/0x53
00142  </TASK>
00142 ---[ end trace 0000000000000000 ]---
00142 Lustre: 12: truncate 24 bytes
00142 Lustre: 12: re-open and process the catalog
00142 LustreError: 2181:0:(llog_osd.c:1247:llog_osd_next_block()) MGS0000-osd: invalid llog tail at log id [0xa:0x6:0x0] offset 8232 last_rec idx 8704 tail idx 275010875 lrt len 1 read_size 40
00142 LustreError: 2181:0:(llog.c:881:llog_process_thread()) MGS: local llog is corrupted [0xa:0x6:0x0] catalog index 1 count 2
00142 Lustre: 12: try to add to the catalog
00142 ------------[ cut here ]------------
00142 WARNING: /home/ktest/git/linux/include/linux/fs.h:889 at osd_create+0x9cf/0xcf0 [osd_wbcfs], CPU#1: lctl/2181
00142 Modules linked in: llog_test(O) mgs(O) osd_wbcfs(O) lustre(O) obdecho(O) mgc(O) mdc(O) lov(O) osc(O) lmv(O) ec(O) fid(O) fld(O) ptlrpc(O) efivarfs obdclass(O) ksocklnd(O) lnet(O) libcfs(O)
00142 CPU: 1 UID: 0 PID: 2181 Comm: lctl Tainted: G        W  O        7.0.0-ktest-fa4bb62-6330a45-20260726-dirty #1 PREEMPT 
00142 Tainted: [W]=WARN, [O]=OOT_MODULE
00142 Hardware name: QEMU Standard PC (Q35 + ICH9, 2009), BIOS 2025.11-3ubuntu7 03/31/2026
00142 RIP: 0010:osd_create+0x9cf/0xcf0 [osd_wbcfs]
00142 Code: c7 c7 00 96 7b a1 48 c7 c6 a0 12 7d a1 48 c7 c2 00 1c 7d a1 e8 52 f1 43 ff 48 c7 c7 00 96 7b a1 e8 46 81 44 ff e9 fe fc ff ff <0f> 0b e9 a5 fa ff ff 48 c7 c1 80 44 5d a0 80 e1 07 80 c1 03 38 c1
00142 RSP: 0018:ffffc90001cd74f8 EFLAGS: 00010246
00142 RAX: 0000000000000000 RBX: ffff888034d3e400 RCX: 0000000000000046
00142 RDX: 0000000000000000 RSI: ffff888188021f30 RDI: ffff88817de189c0
00142 RBP: ffff888188021ea0 R08: ffffffff83a16803 R09: 1ffffffff0742d00
00142 R10: dffffc0000000000 R11: fffffbfff0742d01 R12: ffff88814b8bd000
00142 R13: dffffc0000000000 R14: 1ffff110069a7c80 R15: 1ffff11029717a0f
00142 FS:  00007f492ce23940(0000) GS:ffff88831e4ad000(0000) knlGS:0000000000000000
00142 CS:  0010 DS: 0000 ES: 0000 CR0: 0000000080050033
00142 CR2: 0000556bd6b4ba29 CR3: 0000000186b33000 CR4: 0000000000750eb0
00142 PKRU: 55555554
00142 Call Trace:
00142  <TASK>
00142  ? local_object_create+0x109/0x640 [obdclass]
00142  ? dt_write_lock+0x16d/0x2a0 [obdclass]
00142  ? llog_osd_create+0x356/0x10d0 [obdclass]
00142  ? llog_create+0x2ed/0x530 [obdclass]
00142  ? llog_cat_new_log+0x6d1/0x2970 [obdclass]
00142  ? llog_cat_add_rec+0x6ba/0x1960 [obdclass]
00142  ? llog_cat_add+0x499/0x7a0 [obdclass]
00142  ? llog_test_12+0x1471/0x2d90 [llog_test]
00142  ? llog_run_tests+0x4434/0x5ac0 [llog_test]
00142  ? get_random_u32+0x51/0x470
00142  ? llog_test_device_init+0x6e8/0xa20 [llog_test]
00142  ? obd_setup+0x54d/0x950 [obdclass]
00142  ? class_setup+0xc7d/0x10e0 [obdclass]
00142  ? class_process_config+0x2edb/0x7cb0 [obdclass]
00142  ? class_handle_ioctl+0x2055/0x3590 [obdclass]
00142  ? obd_class_ioctl+0x1f6/0x3c0 [obdclass]
00142  ? __x64_sys_ioctl+0x961/0xe00
00142  ? _copy_to_user+0x3d/0x60
00142  ? __x64_sys_rt_sigaction+0x107/0x140
00142  ? do_syscall_64+0xc1/0x350
00142  ? entry_SYSCALL_64_after_hwframe+0x4b/0x53
00142  </TASK>
00142 ---[ end trace 0000000000000000 ]---
00142 LustreError: 2181:0:(llog_osd.c:1230:llog_osd_next_block()) MGS0000-osd: invalid llog tail at log id [0x6:0xa:0x0]:0 offset 8297 tail idx 603979776 lrt len 1074261 read_size 105
00142 ------------[ cut here ]------------
00142 WARNING: /home/ktest/git/linux/include/linux/fs.h:889 at osd_create+0x9cf/0xcf0 [osd_wbcfs], CPU#1: lctl/2181
00142 Modules linked in: llog_test(O) mgs(O) osd_wbcfs(O) lustre(O) obdecho(O) mgc(O) mdc(O) lov(O) osc(O) lmv(O) ec(O) fid(O) fld(O) ptlrpc(O) efivarfs obdclass(O) ksocklnd(O) lnet(O) libcfs(O)
00142 CPU: 1 UID: 0 PID: 2181 Comm: lctl Tainted: G        W  O        7.0.0-ktest-fa4bb62-6330a45-20260726-dirty #1 PREEMPT 
00142 Tainted: [W]=WARN, [O]=OOT_MODULE
00142 Hardware name: QEMU Standard PC (Q35 + ICH9, 2009), BIOS 2025.11-3ubuntu7 03/31/2026
00142 RIP: 0010:osd_create+0x9cf/0xcf0 [osd_wbcfs]
00142 Code: c7 c7 00 96 7b a1 48 c7 c6 a0 12 7d a1 48 c7 c2 00 1c 7d a1 e8 52 f1 43 ff 48 c7 c7 00 96 7b a1 e8 46 81 44 ff e9 fe fc ff ff <0f> 0b e9 a5 fa ff ff 48 c7 c1 80 44 5d a0 80 e1 07 80 c1 03 38 c1
00142 RSP: 0018:ffffc90001cd74f8 EFLAGS: 00010246
00142 RAX: 0000000000000000 RBX: ffff888034d3fc00 RCX: 0000000000000046
00142 RDX: 0000000000000000 RSI: ffff888188021818 RDI: ffff88817de189c0
00142 RBP: ffff888188021788 R08: ffffffff83a16803 R09: 1ffffffff0742d00
00142 R10: dffffc0000000000 R11: fffffbfff0742d01 R12: ffff88814b8bd000
00142 R13: dffffc0000000000 R14: 1ffff110069a7f80 R15: 1ffff11029717a0f
00142 FS:  00007f492ce23940(0000) GS:ffff88831e4ad000(0000) knlGS:0000000000000000
00142 CS:  0010 DS: 0000 ES: 0000 CR0: 0000000080050033
00142 CR2: 0000556bd6b4ba29 CR3: 0000000186b33000 CR4: 0000000000750eb0
00142 PKRU: 55555554
00142 Call Trace:
00142  <TASK>
00142  ? local_object_create+0x109/0x640 [obdclass]
00142  ? dt_write_lock+0x16d/0x2a0 [obdclass]
00142  ? llog_osd_create+0x356/0x10d0 [obdclass]
00142  ? llog_create+0x2ed/0x530 [obdclass]
00142  ? llog_cat_new_log+0x6d1/0x2970 [obdclass]
00142  ? llog_cat_add_rec+0x6ba/0x1960 [obdclass]
00142  ? llog_cat_add+0x499/0x7a0 [obdclass]
00142  ? llog_test_12+0x1471/0x2d90 [llog_test]
00142  ? llog_run_tests+0x4434/0x5ac0 [llog_test]
00142  ? get_random_u32+0x51/0x470
00142  ? llog_test_device_init+0x6e8/0xa20 [llog_test]
00142  ? obd_setup+0x54d/0x950 [obdclass]
00142  ? class_setup+0xc7d/0x10e0 [obdclass]
00142  ? class_process_config+0x2edb/0x7cb0 [obdclass]
00142  ? class_handle_ioctl+0x2055/0x3590 [obdclass]
00142  ? obd_class_ioctl+0x1f6/0x3c0 [obdclass]
00142  ? __x64_sys_ioctl+0x961/0xe00
00142  ? _copy_to_user+0x3d/0x60
00142  ? __x64_sys_rt_sigaction+0x107/0x140
00142  ? do_syscall_64+0xc1/0x350
00142  ? entry_SYSCALL_64_after_hwframe+0x4b/0x53
00142  </TASK>
00142 ---[ end trace 0000000000000000 ]---
00142 ==================================================================
00142 BUG: KASAN: use-after-free in llog_osd_next_block+0x1368/0x3080 [obdclass]
00142 Read of size 4 at addr ffff8881bbc0f036 by task lctl/2181
00142 
00142 CPU: 1 UID: 0 PID: 2181 Comm: lctl Tainted: G        W  O        7.0.0-ktest-fa4bb62-6330a45-20260726-dirty #1 PREEMPT 
00142 Tainted: [W]=WARN, [O]=OOT_MODULE
00142 Hardware name: QEMU Standard PC (Q35 + ICH9, 2009), BIOS 2025.11-3ubuntu7 03/31/2026
00142 Call Trace:
00142  <TASK>
00142  dump_stack_lvl+0x52/0x80
00142  print_report+0xbc/0x260
00142  ? llog_osd_next_block+0x1368/0x3080 [obdclass]
00142  kasan_report+0xa2/0xd0
00142  ? llog_osd_next_block+0x1368/0x3080 [obdclass]
00142  llog_osd_next_block+0x1368/0x3080 [obdclass]
00142  llog_process_thread+0xdd7/0x4f70 [obdclass]
00142  ? entry_SYSCALL_64_after_hwframe+0x4b/0x53
00142  ? task_work_add+0x177/0x210
00142  llog_process_or_fork+0x656/0xc90 [obdclass]
00142  ? llog_cat_process+0x30/0x30 [obdclass]
00142  llog_cat_process_or_fork+0x780/0xdb0 [obdclass]
00142  ? llog_cat_process+0x30/0x30 [obdclass]
00142  ? llog_cancel_rec_cb+0x450/0x450 [llog_test]
00142  llog_cat_process+0x24/0x30 [obdclass]
00142  llog_test_12+0x13ee/0x2d90 [llog_test]
00142  llog_run_tests+0x4434/0x5ac0 [llog_test]
00142  ? get_random_u32+0x51/0x470
00142  llog_test_device_init+0x6e8/0xa20 [llog_test]
00142  obd_setup+0x54d/0x950 [obdclass]
00142  class_setup+0xc7d/0x10e0 [obdclass]
00142  class_process_config+0x2edb/0x7cb0 [obdclass]
00142  class_handle_ioctl+0x2055/0x3590 [obdclass]
00142  obd_class_ioctl+0x1f6/0x3c0 [obdclass]
00142  __x64_sys_ioctl+0x961/0xe00
00142  ? _copy_to_user+0x3d/0x60
00142  ? __x64_sys_rt_sigaction+0x107/0x140
00142  do_syscall_64+0xc1/0x350
00142  entry_SYSCALL_64_after_hwframe+0x4b/0x53
00142 RIP: 0033:0x7f492cd24e1d
00142 Code: 04 25 28 00 00 00 48 89 45 c8 31 c0 48 8d 45 10 c7 45 b0 10 00 00 00 48 89 45 b8 48 8d 45 d0 48 89 45 c0 b8 10 00 00 00 0f 05 <89> c2 3d 00 f0 ff ff 77 1a 48 8b 45 c8 64 48 2b 04 25 28 00 00 00
00142 RSP: 002b:00007ffc4b5252d0 EFLAGS: 00000246 ORIG_RAX: 0000000000000010
00142 RAX: ffffffffffffffda RBX: 00007f492cf4e1f0 RCX: 00007f492cd24e1d
00142 RDX: 00007ffc4b5255b0 RSI: 00000000c00866b8 RDI: 0000000000000003
00142 RBP: 00007ffc4b525320 R08: 00007ffc4b525370 R09: 00007ffc4b5255b0
00142 R10: 00005603cc7e7930 R11: 0000000000000246 R12: 00007ffc4b5255b0
00142 R13: 00005603b6f79822 R14: 0000000000000000 R15: 00007ffc4b527630
00142  </TASK>
00142 
00142 The buggy address belongs to the physical page:
00142 page: refcount:0 mapcount:0 mapping:0000000000000000 index:0xffffffffffffffff pfn:0x1bbc0f
00142 flags: 0x8000000000000000(zone=2)
00142 raw: 8000000000000000 0000000000000000 00000000ffffffff 0000000000000000
00142 raw: ffffffffffffffff 0000000000000000 00000000ffffffff 0000000000000000
00142 page dumped because: kasan: bad access detected
00142 
00142 Memory state around the buggy address:
00142  ffff8881bbc0ef00: ff ff ff ff ff ff ff ff ff ff ff ff ff ff ff ff
00142  ffff8881bbc0ef80: ff ff ff ff ff ff ff ff ff ff ff ff ff ff ff ff
00142 >ffff8881bbc0f000: ff ff ff ff ff ff ff ff ff ff ff ff ff ff ff ff
00142                                      ^
00142  ffff8881bbc0f080: ff ff ff ff ff ff ff ff ff ff ff ff ff ff ff ff
00142  ffff8881bbc0f100: ff ff ff ff ff ff ff ff ff ff ff ff ff ff ff ff
00142 ==================================================================
00142 Disabling lock debugging due to kernel taint
00142 Lustre: 2181:0:(llog_test.c:2461:llog_test_12()) 12: put newly-created catalog
00142 Lustre: 2181:0:(llog_test.c:2529:llog_test_13()) 13a: create a catalog log with name: a2e9d044
00142 Lustre: 2181:0:(llog_test.c:2545:llog_test_13()) 13b: write 1 record into the catalog
00142 LustreError: 2181:0:(llog_test.c:2556:llog_test_13()) 13b: found 8 plain llogs
00142 Lustre: 2181:0:(llog_test.c:2558:llog_test_13()) 13c: erase plain llog
00142 LustreError: 2181:0:(llog_cat.c:399:llog_cat_id2handle()) MGS: error opening log id [0x1:0x4f:0x0]: rc = -2
00142 Lustre: 2181:0:(llog_test.c:2578:llog_test_13()) 13d: forward process: found=1708 rc=0
00142 Lustre: 2181:0:(llog_test.c:2582:llog_test_13()) 13e: erase another plain llog
00142 Lustre: 2181:0:(llog_test.c:2602:llog_test_13()) 13e: backward process: found=1367 rc=0
00142 Lustre: 2181:0:(llog_test.c:2605:llog_test_13()) 13f: put newly-created catalog
00147 ========= FAILED TIMEOUT llog-unit in 240s
Error 1 at /home/ktest/ktest/lib/libktest.sh 587 from: "$ktest_dir/lib/supervisor" -S -F -T "$ktest_timeout" -b "$test_basename" -o "$test_logdir" -f "$test_basename.$(date -Iseconds).log" -- "${qemu_cmd[@]}", exiting
Error 1 at ./qlkbuild 182 from: "$ktest_dir/lib/supervisor" -S -F -T "$ktest_timeout" -b "$test_basename" -o "$test_logdir" -f "$test_basename.$(date -Iseconds).log" -- "${qemu_cmd[@]}", exiting
Error 1 at ./qlkbuild 1161 from: "$ktest_dir/lib/supervisor" -S -F -T "$ktest_timeout" -b "$test_basename" -o "$test_logdir" -f "$test_basename.$(date -Iseconds).log" -- "${qemu_cmd[@]}", exiting
