CLI: ./pk --podman-socket unix:///run/podman/podman.sock --shared-filesystem /tmp --tarball-input job lustre-ci --output /var/www/ci-lustre/upstream-patch-review --git-hash fba2d9f7a11c1719b93caadad1bab605dfa56311 --change-id 66609_fba2d9f7a11c1719b93caadad1bab605dfa56311 --subject LU-20294 lnet: preserve locked-primary peer merge conflicts

Environment validated successfully
Note: custom LLVM is not synced in tarball input mode
Creating kernel tarball at /tmp/ktest-kernel.tar.gz...
Creating lustre tarball at /tmp/ktest-lustre.tar.gz...
Creating ZFS tarball at /tmp/ktest-zfs.tar.gz...
Executing 14 jobs
Jobs will start as soon as their dependencies are satisfied
Using tarball input mode

START ml-miscvm:lustre_mainline_native build tests/fs/lustre/boot.ktest
START al2023:al2023 build tests/fs/lustre/boot.ktest
START u24:u24 build tests/fs/lustre/boot.ktest
START ml:lustre_mainline build tests/fs/lustre/boot.ktest
START ml-strict:lustre_mainline build tests/fs/lustre/boot-strict.ktest
START checkpatch:checkpatch tool checkpatch
PUT /tmp/ktest-lustre.tar.gz 1s
PUT /tmp/ktest-lustre.tar.gz 1s
PUT /tmp/ktest-kernel.tar.gz 7s
PUT /tmp/ktest-kernel.tar.gz 7s
PUT /tmp/ktest-kernel.tar.gz 7s
PUT /tmp/ktest-kernel.tar.gz 7s
PUT /tmp/ktest-lustre.tar.gz 2s
PUT /tmp/ktest-lustre.tar.gz 2s
PUT /tmp/ktest-lustre.tar.gz 2s
PUT /tmp/ktest-lustre.tar.gz 1s
PUT /tmp/ktest-zfs.tar.gz 0s
PUT /tmp/ktest-zfs.tar.gz 0s
PUT /tmp/ktest-zfs.tar.gz 0s
END checkpatch:checkpatch tool checkpatch PASS 12s
END u24:u24 build tests/fs/lustre/boot.ktest PASS 46s
END al2023:al2023 build tests/fs/lustre/boot.ktest PASS 49s
GET /tmp/ktest_ml-miscvm:lustre_mainline_native_z42yubtj.tar 6s
GET /tmp/ktest_ml:lustre_mainline_yvqbccqt.tar 7s
END ml-miscvm:lustre_mainline_native build tests/fs/lustre/boot.ktest FAIL 139s (exit code: 1)
END ml:lustre_mainline build tests/fs/lustre/boot.ktest FAIL 141s (exit code: 1)
GET /tmp/ktest_ml-strict:lustre_mainline_plidrxzn.tar 16s
END ml-strict:lustre_mainline build tests/fs/lustre/boot-strict.ktest FAIL 154s (exit code: 1)

============================================================
Final Results:
  checkpatch:checkpatch: PASS (12s) (log: /var/www/ci-lustre/upstream-patch-review/fba2d9f7a11c1719b93caadad1bab605dfa56311_checkpatch:checkpatch.log)
  u24:u24: PASS (46s) (log: /var/www/ci-lustre/upstream-patch-review/fba2d9f7a11c1719b93caadad1bab605dfa56311_u24:u24.log)
  al2023:al2023: PASS (49s) (log: /var/www/ci-lustre/upstream-patch-review/fba2d9f7a11c1719b93caadad1bab605dfa56311_al2023:al2023.log)
  ml-strict:lustre_mainline: FAIL (154s) (log: /var/www/ci-lustre/upstream-patch-review/fba2d9f7a11c1719b93caadad1bab605dfa56311_ml-strict:lustre_mainline.log)
  ml:lustre_mainline: FAIL (141s) (log: /var/www/ci-lustre/upstream-patch-review/fba2d9f7a11c1719b93caadad1bab605dfa56311_ml:lustre_mainline.log)
  ml-miscvm:lustre_mainline_native: FAIL (139s) (log: /var/www/ci-lustre/upstream-patch-review/fba2d9f7a11c1719b93caadad1bab605dfa56311_ml-miscvm:lustre_mainline_native.log)
  ml-miscvm:boot: SKIPPED (due to dependency failure)
  ml-miscvm:llmount: SKIPPED (due to dependency failure)
  ml-miscvm:llog-unit: SKIPPED (due to dependency failure)
  ml-miscvm:mgs-setup: SKIPPED (due to dependency failure)
  ml-miscvm:sanity-1: SKIPPED (due to dependency failure)
  ml-miscvm:sanity-2: SKIPPED (due to dependency failure)
  ml-miscvm:sanity-3: SKIPPED (due to dependency failure)
  ml-miscvm:sanity-4: SKIPPED (due to dependency failure)

Total execution time: 184s

Packed 2333 logs from /var/www/ci-lustre/upstream-patch-review into /home/ktest/ktest/local-site/local_data.js
Open /home/ktest/ktest/local-site/index.html in a browser
