00000 
00004 LNetError: 152:0:(lib-socket.c:619:lnet_inet_enumerate()) lnet: Can't find any usable interfaces, rc = -ENOENT
00004 LNetError: Error -100 starting up LNI tcp
00004 LustreError: 152:0:(events.c:627:ptlrpc_init_portals()) network initialisation failed: rc = -100
00009 tlp: vm.laptop_mode is deprecated. Ignoring setting.
00009 Kernel version: 7.0.0-ktest-fbf4493-6330a45-20260909-dirty
00010 hook init_noop
00010 
00010 Running tests llmount
00010 
00010 ========= TEST   llmount
00013 SETUP LUSTRE ... LNet: Added LNI 10.0.2.15@tcp [8/256/0/180]
00015 Lustre: Echo OBD driver; http://www.lustre.org/
00015 Lustre: 1910:0:(mdt_handler.c:64:mdt_max_mod_rpcs_per_client_set()) max_mod_rpcs_per_client is deprecated, set mdt.*.max_mod_rpcs_in_flight parameter instead
00015 Lustre: ctl-lustre-MDT0000: No data found on store. Initialize space.
00015 Lustre: lustre-MDT0000: new disk, initializing
00015 Lustre: lustre-MDT0000: Imperative Recovery not enabled, recovery window 300-900
00015 Lustre: ctl-lustre-MDT0000: super-sequence allocation rc = 0 [0x0000000200000400-0x0000000240000400]:0:mdt
00015 Lustre: cli-ctl-lustre-MDT0001: Allocated super-sequence [0x0000000240000400-0x0000000280000400]:1:mdt]
00022 Lustre: ctl-lustre-MDT0000: super-sequence allocation rc = 0 [0x0000000280000400-0x00000002c0000400]:0:ost
00022 Lustre: Skipped 1 previous similar message
00022 Lustre: cli-lustre-OST0000-super: Allocated super-sequence [0x0000000280000400-0x00000002c0000400]:0:ost]
00022 Lustre: lustre-OST0000-osc-MDT0000: update sequence from 0x100000000 to 0x280000401
00022 Lustre: lustre-OST0001-osc-MDT0000: update sequence from 0x100010000 to 0x2c0000401
00027 Lustre: lustre-MDT0000: local client 5427eff5-1c3c-47c3-9b5e-ef53b83e7ef5 w/o recovery
00027 Lustre: Skipped 1 previous similar message
00027 Lustre: client wants to enable acl, but mdt not!
00027 Lustre: Mounted lustre-client - version 2.17.57
00027 lustre-ktest (1891) used greatest stack depth: 24224 bytes left
00027 18s
00037 CLEANUP LUSTRE ... Lustre: Unmounted lustre-client
00038 Lustre: server umount lustre-OST0000 complete
00038 Lustre: server umount lustre-OST0001 complete
00042 LustreError: lustre-MDT0001-osp-MDT0000: operation mds_statfs to node 0@lo failed: rc = -107
00042 Lustre: lustre-MDT0001-osp-MDT0000: Connection to lustre-MDT0001 (at 0@lo) was lost; in progress operations using this service will wait for recovery to complete
00042 Lustre: lustre-MDT0001: Not available for connect from 0@lo (stopping)
00049 Lustre: server umount lustre-MDT0001 complete
00058 Lustre: server umount lustre-MDT0000 complete
00058 21s
00058 
00058 ========= PASSED llmount in 49s
00058 
00058 Passed: llmount
00058 Failed: 
00058 NOTICE: Automounting of tracing to debugfs is deprecated and will be removed in 2030
00058 Kernel version: 7.0.0-ktest-fbf4493-6330a45-20260909-dirty
00058 TEST SUCCESS
