CLI: ./pk --podman-socket unix:///run/podman/podman.sock --shared-filesystem /tmp --tarball-input job lustre-ci --output /var/www/ci-lustre/upstream-patch-review --git-hash fc404878489a2f866b701add568fbff39e907be2 --change-id 67834_fc404878489a2f866b701add568fbff39e907be2 --subject LU-20264 mdc: map reint fsuid/fsgid through op_idmap

Environment validated successfully
Note: custom LLVM is not synced in tarball input mode
Creating kernel tarball at /tmp/ktest-kernel.tar.gz...
Creating lustre tarball at /tmp/ktest-lustre.tar.gz...
Creating ZFS tarball at /tmp/ktest-zfs.tar.gz...
Executing 14 jobs
Jobs will start as soon as their dependencies are satisfied
Using tarball input mode

START al2023:al2023 build tests/fs/lustre/boot.ktest
START ml-strict:lustre_mainline build tests/fs/lustre/boot-strict.ktest
START u24:u24 build tests/fs/lustre/boot.ktest
START checkpatch:checkpatch tool checkpatch
START ml:lustre_mainline build tests/fs/lustre/boot.ktest
START ml-miscvm:lustre_mainline_native build tests/fs/lustre/boot.ktest
PUT /tmp/ktest-lustre.tar.gz 1s
PUT /tmp/ktest-lustre.tar.gz 1s
PUT /tmp/ktest-kernel.tar.gz 8s
PUT /tmp/ktest-kernel.tar.gz 8s
PUT /tmp/ktest-kernel.tar.gz 9s
PUT /tmp/ktest-kernel.tar.gz 9s
PUT /tmp/ktest-lustre.tar.gz 3s
PUT /tmp/ktest-lustre.tar.gz 4s
PUT /tmp/ktest-lustre.tar.gz 3s
PUT /tmp/ktest-lustre.tar.gz 3s
PUT /tmp/ktest-zfs.tar.gz 0s
PUT /tmp/ktest-zfs.tar.gz 0s
PUT /tmp/ktest-zfs.tar.gz 0s
END checkpatch:checkpatch tool checkpatch PASS 15s
END u24:u24 build tests/fs/lustre/boot.ktest PASS 42s
END al2023:al2023 build tests/fs/lustre/boot.ktest PASS 46s
GET /tmp/ktest_ml-strict:lustre_mainline_2tnm3noj.tar 8s
END ml-strict:lustre_mainline build tests/fs/lustre/boot-strict.ktest FAIL 203s (exit code: 1)
GET /tmp/ktest_ml:lustre_mainline_yqpp0wh3.tar 0s
GET /tmp/ktest_ml-miscvm:lustre_mainline_native_e3yckv2w.tar 0s
END ml:lustre_mainline build tests/fs/lustre/boot.ktest PASS 209s
END ml-miscvm:lustre_mainline_native build tests/fs/lustre/boot.ktest PASS 210s
START ml-miscvm:boot run tests/fs/lustre/boot.ktest
START ml-miscvm:llmount run tests/fs/lustre/llmount.ktest
START ml-miscvm:llog-unit run tests/fs/lustre/llog-unit.ktest
START ml-miscvm:mgs-setup run tests/fs/lustre/mgs-setup.ktest
START ml-miscvm:sanity-1 run tests/fs/lustre/sanity/sanity-1.ktest
START ml-miscvm:sanity-2 run tests/fs/lustre/sanity/sanity-2.ktest
START ml-miscvm:sanity-3 run tests/fs/lustre/sanity/sanity-3.ktest
START ml-miscvm:sanity-4 run tests/fs/lustre/sanity/sanity-4.ktest
PUT /tmp/ktest-kernel.tar.gz 22s
PUT /tmp/ktest-kernel.tar.gz 22s
PUT /tmp/ktest-kernel.tar.gz 22s
PUT /tmp/ktest-kernel.tar.gz 23s
PUT /tmp/ktest-kernel.tar.gz 22s
PUT /tmp/ktest-kernel.tar.gz 23s
PUT /tmp/ktest-kernel.tar.gz 23s
PUT /tmp/ktest-kernel.tar.gz 23s
PUT /tmp/ktest-lustre.tar.gz 2s
PUT /tmp/ktest-lustre.tar.gz 3s
PUT /tmp/ktest-lustre.tar.gz 2s
PUT /tmp/ktest-lustre.tar.gz 3s
PUT /tmp/ktest-lustre.tar.gz 2s
PUT /tmp/ktest-lustre.tar.gz 2s
PUT /tmp/ktest-lustre.tar.gz 2s
PUT /tmp/ktest-lustre.tar.gz 2s
PUT /tmp/ktest_ml-miscvm:lustre_mainline_native_e3yckv2w.tar 0s
PUT /tmp/ktest_ml-miscvm:lustre_mainline_native_e3yckv2w.tar 0s
PUT /tmp/ktest_ml-miscvm:lustre_mainline_native_e3yckv2w.tar 0s
PUT /tmp/ktest_ml-miscvm:lustre_mainline_native_e3yckv2w.tar 0s
PUT /tmp/ktest_ml-miscvm:lustre_mainline_native_e3yckv2w.tar 0s
PUT /tmp/ktest_ml-miscvm:lustre_mainline_native_e3yckv2w.tar 0s
PUT /tmp/ktest_ml-miscvm:lustre_mainline_native_e3yckv2w.tar 0s
PUT /tmp/ktest_ml-miscvm:lustre_mainline_native_e3yckv2w.tar 0s
END ml-miscvm:boot run tests/fs/lustre/boot.ktest PASS 38s
END ml-miscvm:mgs-setup run tests/fs/lustre/mgs-setup.ktest PASS 46s
END ml-miscvm:sanity-4 run tests/fs/lustre/sanity/sanity-4.ktest PASS 75s
END ml-miscvm:sanity-1 run tests/fs/lustre/sanity/sanity-1.ktest PASS 76s
END ml-miscvm:sanity-2 run tests/fs/lustre/sanity/sanity-2.ktest PASS 78s
END ml-miscvm:sanity-3 run tests/fs/lustre/sanity/sanity-3.ktest PASS 79s
END ml-miscvm:llmount run tests/fs/lustre/llmount.ktest PASS 98s
END ml-miscvm:llog-unit run tests/fs/lustre/llog-unit.ktest FAIL 124s (exit code: 1)

============================================================
Final Results:
  checkpatch:checkpatch: PASS (15s) (log: /var/www/ci-lustre/upstream-patch-review/fc404878489a2f866b701add568fbff39e907be2_checkpatch:checkpatch.log)
  u24:u24: PASS (42s) (log: /var/www/ci-lustre/upstream-patch-review/fc404878489a2f866b701add568fbff39e907be2_u24:u24.log)
  al2023:al2023: PASS (46s) (log: /var/www/ci-lustre/upstream-patch-review/fc404878489a2f866b701add568fbff39e907be2_al2023:al2023.log)
  ml-strict:lustre_mainline: FAIL (203s) (log: /var/www/ci-lustre/upstream-patch-review/fc404878489a2f866b701add568fbff39e907be2_ml-strict:lustre_mainline.log)
  ml:lustre_mainline: PASS (209s) (log: /var/www/ci-lustre/upstream-patch-review/fc404878489a2f866b701add568fbff39e907be2_ml:lustre_mainline.log)
  ml-miscvm:lustre_mainline_native: PASS (210s) (log: /var/www/ci-lustre/upstream-patch-review/fc404878489a2f866b701add568fbff39e907be2_ml-miscvm:lustre_mainline_native.log)
  ml-miscvm:boot: PASS (38s) (log: /var/www/ci-lustre/upstream-patch-review/fc404878489a2f866b701add568fbff39e907be2_ml-miscvm:boot.log)
  ml-miscvm:llmount: PASS (98s) (log: /var/www/ci-lustre/upstream-patch-review/fc404878489a2f866b701add568fbff39e907be2_ml-miscvm:llmount.log)
  ml-miscvm:llog-unit: FAIL (124s) (log: /var/www/ci-lustre/upstream-patch-review/fc404878489a2f866b701add568fbff39e907be2_ml-miscvm:llog-unit.log)
  ml-miscvm:mgs-setup: PASS (46s) (log: /var/www/ci-lustre/upstream-patch-review/fc404878489a2f866b701add568fbff39e907be2_ml-miscvm:mgs-setup.log)
  ml-miscvm:sanity-1: PASS (76s) (log: /var/www/ci-lustre/upstream-patch-review/fc404878489a2f866b701add568fbff39e907be2_ml-miscvm:sanity-1.log)
  ml-miscvm:sanity-2: PASS (78s) (log: /var/www/ci-lustre/upstream-patch-review/fc404878489a2f866b701add568fbff39e907be2_ml-miscvm:sanity-2.log)
  ml-miscvm:sanity-3: PASS (79s) (log: /var/www/ci-lustre/upstream-patch-review/fc404878489a2f866b701add568fbff39e907be2_ml-miscvm:sanity-3.log)
  ml-miscvm:sanity-4: PASS (75s) (log: /var/www/ci-lustre/upstream-patch-review/fc404878489a2f866b701add568fbff39e907be2_ml-miscvm:sanity-4.log)

Total execution time: 365s

Packed 5571 logs from /var/www/ci-lustre/upstream-patch-review into /home/ktest/ktest/local-site/local_data.js
Open /home/ktest/ktest/local-site/index.html in a browser
