CLI: ./pk --podman-socket unix:///run/user/1000/podman/podman.sock --shared-filesystem /tmp --tarball-input job lustre-ci --output /var/www/ci-lustre/upstream-patch-review --git-hash fd7e85540d7962bac8a479c043a40eef54edc3c1 --change-id 64875_fd7e85540d7962bac8a479c043a40eef54edc3c1 --subject LU-19783 lfsck: fix MDT orphan by LFSCK

Environment validated successfully
Note: custom LLVM is not synced in tarball input mode
Creating kernel tarball at /tmp/ktest-kernel.tar.gz...
Creating lustre tarball at /tmp/ktest-lustre.tar.gz...
Creating ZFS tarball at /tmp/ktest-zfs.tar.gz...
Executing 14 jobs
Jobs will start as soon as their dependencies are satisfied
Using tarball input mode

START checkpatch:checkpatch tool checkpatch
START ml-strict:lustre_mainline build tests/fs/lustre/boot-strict.ktest
START ml:lustre_mainline build tests/fs/lustre/boot.ktest
START ml-miscvm:lustre_mainline_native build tests/fs/lustre/boot.ktest
START u24:u24 build tests/fs/lustre/boot.ktest
START al2023:al2023 build tests/fs/lustre/boot.ktest
PUT /tmp/ktest-lustre.tar.gz 1s
PUT /tmp/ktest-lustre.tar.gz 1s
PUT /tmp/ktest-kernel.tar.gz 7s
PUT /tmp/ktest-kernel.tar.gz 8s
PUT /tmp/ktest-kernel.tar.gz 8s
PUT /tmp/ktest-kernel.tar.gz 8s
PUT /tmp/ktest-lustre.tar.gz 4s
PUT /tmp/ktest-lustre.tar.gz 3s
PUT /tmp/ktest-lustre.tar.gz 4s
PUT /tmp/ktest-lustre.tar.gz 4s
PUT /tmp/ktest-zfs.tar.gz 0s
PUT /tmp/ktest-zfs.tar.gz 0s
PUT /tmp/ktest-zfs.tar.gz 1s
END checkpatch:checkpatch tool checkpatch FAIL 15s (exit code: 1)
END u24:u24 build tests/fs/lustre/boot.ktest PASS 40s
END al2023:al2023 build tests/fs/lustre/boot.ktest PASS 50s
GET /tmp/ktest_ml-miscvm:lustre_mainline_native_0ml8rhwo.tar 0s
END ml-miscvm:lustre_mainline_native build tests/fs/lustre/boot.ktest PASS 160s
START ml-miscvm:boot run tests/fs/lustre/boot.ktest
START ml-miscvm:llmount run tests/fs/lustre/llmount.ktest
START ml-miscvm:llog-unit run tests/fs/lustre/llog-unit.ktest
START ml-miscvm:mgs-setup run tests/fs/lustre/mgs-setup.ktest
START ml-miscvm:sanity-1 run tests/fs/lustre/sanity/sanity-1.ktest
START ml-miscvm:sanity-2 run tests/fs/lustre/sanity/sanity-2.ktest
START ml-miscvm:sanity-3 run tests/fs/lustre/sanity/sanity-3.ktest
START ml-miscvm:sanity-4 run tests/fs/lustre/sanity/sanity-4.ktest
GET /tmp/ktest_ml-strict:lustre_mainline_tz78j676.tar 6s
GET /tmp/ktest_ml:lustre_mainline_auu1o3k2.tar 29s
PUT /tmp/ktest-kernel.tar.gz 32s
PUT /tmp/ktest-kernel.tar.gz 33s
PUT /tmp/ktest-kernel.tar.gz 33s
END ml-strict:lustre_mainline build tests/fs/lustre/boot-strict.ktest FAIL 196s (exit code: 1)
PUT /tmp/ktest-kernel.tar.gz 36s
END ml:lustre_mainline build tests/fs/lustre/boot.ktest PASS 198s
PUT /tmp/ktest-lustre.tar.gz 10s
PUT /tmp/ktest-kernel.tar.gz 22s
PUT /tmp/ktest-lustre.tar.gz 24s
PUT /tmp/ktest-lustre.tar.gz 26s
PUT /tmp/ktest-kernel.tar.gz 22s
PUT /tmp/ktest-kernel.tar.gz 22s
PUT /tmp/ktest-lustre.tar.gz 26s
PUT /tmp/ktest-kernel.tar.gz 22s
PUT /tmp/ktest_ml-miscvm:lustre_mainline_native_0ml8rhwo.tar 4s
PUT /tmp/ktest_ml-miscvm:lustre_mainline_native_0ml8rhwo.tar 4s
PUT /tmp/ktest_ml-miscvm:lustre_mainline_native_0ml8rhwo.tar 20s
PUT /tmp/ktest-lustre.tar.gz 4s
PUT /tmp/ktest-lustre.tar.gz 4s
PUT /tmp/ktest-lustre.tar.gz 4s
PUT /tmp/ktest-lustre.tar.gz 4s
PUT /tmp/ktest_ml-miscvm:lustre_mainline_native_0ml8rhwo.tar 4s
PUT /tmp/ktest_ml-miscvm:lustre_mainline_native_0ml8rhwo.tar 0s
PUT /tmp/ktest_ml-miscvm:lustre_mainline_native_0ml8rhwo.tar 0s
PUT /tmp/ktest_ml-miscvm:lustre_mainline_native_0ml8rhwo.tar 0s
PUT /tmp/ktest_ml-miscvm:lustre_mainline_native_0ml8rhwo.tar 0s
END ml-miscvm:boot run tests/fs/lustre/boot.ktest PASS 78s
END ml-miscvm:mgs-setup run tests/fs/lustre/mgs-setup.ktest PASS 88s
END ml-miscvm:sanity-4 run tests/fs/lustre/sanity/sanity-4.ktest PASS 118s
END ml-miscvm:sanity-2 run tests/fs/lustre/sanity/sanity-2.ktest PASS 119s
END ml-miscvm:sanity-1 run tests/fs/lustre/sanity/sanity-1.ktest PASS 120s
END ml-miscvm:sanity-3 run tests/fs/lustre/sanity/sanity-3.ktest PASS 129s
END ml-miscvm:llmount run tests/fs/lustre/llmount.ktest PASS 137s
END ml-miscvm:llog-unit run tests/fs/lustre/llog-unit.ktest FAIL 164s (exit code: 1)

============================================================
Final Results:
  checkpatch:checkpatch: FAIL (15s) (log: /var/www/ci-lustre/upstream-patch-review/fd7e85540d7962bac8a479c043a40eef54edc3c1_checkpatch:checkpatch.log)
  u24:u24: PASS (40s) (log: /var/www/ci-lustre/upstream-patch-review/fd7e85540d7962bac8a479c043a40eef54edc3c1_u24:u24.log)
  al2023:al2023: PASS (50s) (log: /var/www/ci-lustre/upstream-patch-review/fd7e85540d7962bac8a479c043a40eef54edc3c1_al2023:al2023.log)
  ml-strict:lustre_mainline: FAIL (196s) (log: /var/www/ci-lustre/upstream-patch-review/fd7e85540d7962bac8a479c043a40eef54edc3c1_ml-strict:lustre_mainline.log)
  ml:lustre_mainline: PASS (198s) (log: /var/www/ci-lustre/upstream-patch-review/fd7e85540d7962bac8a479c043a40eef54edc3c1_ml:lustre_mainline.log)
  ml-miscvm:lustre_mainline_native: PASS (160s) (log: /var/www/ci-lustre/upstream-patch-review/fd7e85540d7962bac8a479c043a40eef54edc3c1_ml-miscvm:lustre_mainline_native.log)
  ml-miscvm:boot: PASS (78s) (log: /var/www/ci-lustre/upstream-patch-review/fd7e85540d7962bac8a479c043a40eef54edc3c1_ml-miscvm:boot.log)
  ml-miscvm:llmount: PASS (137s) (log: /var/www/ci-lustre/upstream-patch-review/fd7e85540d7962bac8a479c043a40eef54edc3c1_ml-miscvm:llmount.log)
  ml-miscvm:llog-unit: FAIL (164s) (log: /var/www/ci-lustre/upstream-patch-review/fd7e85540d7962bac8a479c043a40eef54edc3c1_ml-miscvm:llog-unit.log)
  ml-miscvm:mgs-setup: PASS (88s) (log: /var/www/ci-lustre/upstream-patch-review/fd7e85540d7962bac8a479c043a40eef54edc3c1_ml-miscvm:mgs-setup.log)
  ml-miscvm:sanity-1: PASS (120s) (log: /var/www/ci-lustre/upstream-patch-review/fd7e85540d7962bac8a479c043a40eef54edc3c1_ml-miscvm:sanity-1.log)
  ml-miscvm:sanity-2: PASS (119s) (log: /var/www/ci-lustre/upstream-patch-review/fd7e85540d7962bac8a479c043a40eef54edc3c1_ml-miscvm:sanity-2.log)
  ml-miscvm:sanity-3: PASS (129s) (log: /var/www/ci-lustre/upstream-patch-review/fd7e85540d7962bac8a479c043a40eef54edc3c1_ml-miscvm:sanity-3.log)
  ml-miscvm:sanity-4: PASS (118s) (log: /var/www/ci-lustre/upstream-patch-review/fd7e85540d7962bac8a479c043a40eef54edc3c1_ml-miscvm:sanity-4.log)

Total execution time: 355s

Packed 2905 logs from /var/www/ci-lustre/upstream-patch-review into /home/ktest/ktest/local-site/local_data.js
Open /home/ktest/ktest/local-site/index.html in a browser
