CLI: ./pk --podman-socket unix:///run/user/1000/podman/podman.sock --shared-filesystem /tmp --tarball-input job lustre-ci --output /var/www/ci-lustre/upstream-patch-review --git-hash fde1fa79b4f254ff2d25b4f3e1be51e0f6bdc938 --change-id 56384_fde1fa79b4f254ff2d25b4f3e1be51e0f6bdc938 --subject LU-14058 tests: clean up sanity.sh MDT name generation

Environment validated successfully
Note: custom LLVM is not synced in tarball input mode
Creating kernel tarball at /tmp/ktest-kernel.tar.gz...
Creating lustre tarball at /tmp/ktest-lustre.tar.gz...
Creating ZFS tarball at /tmp/ktest-zfs.tar.gz...
Executing 14 jobs
Jobs will start as soon as their dependencies are satisfied
Using tarball input mode

START u24:u24 build tests/fs/lustre/boot.ktest
START al2023:al2023 build tests/fs/lustre/boot.ktest
START checkpatch:checkpatch tool checkpatch
START ml-miscvm:lustre_mainline_native build tests/fs/lustre/boot.ktest
START ml:lustre_mainline build tests/fs/lustre/boot.ktest
START ml-strict:lustre_mainline build tests/fs/lustre/boot-strict.ktest
PUT /tmp/ktest-lustre.tar.gz 1s
PUT /tmp/ktest-lustre.tar.gz 2s
PUT /tmp/ktest-kernel.tar.gz 6s
PUT /tmp/ktest-kernel.tar.gz 6s
PUT /tmp/ktest-kernel.tar.gz 6s
PUT /tmp/ktest-kernel.tar.gz 7s
PUT /tmp/ktest-lustre.tar.gz 1s
PUT /tmp/ktest-lustre.tar.gz 1s
PUT /tmp/ktest-lustre.tar.gz 1s
PUT /tmp/ktest-lustre.tar.gz 2s
PUT /tmp/ktest-zfs.tar.gz 0s
PUT /tmp/ktest-zfs.tar.gz 0s
PUT /tmp/ktest-zfs.tar.gz 0s
END checkpatch:checkpatch tool checkpatch PASS 10s
END u24:u24 build tests/fs/lustre/boot.ktest PASS 37s
END al2023:al2023 build tests/fs/lustre/boot.ktest PASS 45s
GET /tmp/ktest_ml:lustre_mainline_pbbzn1_u.tar 0s
END ml:lustre_mainline build tests/fs/lustre/boot.ktest PASS 145s
GET /tmp/ktest_ml-strict:lustre_mainline_b32_l5y1.tar 4s
END ml-strict:lustre_mainline build tests/fs/lustre/boot-strict.ktest FAIL 147s (exit code: 1)
GET /tmp/ktest_ml-miscvm:lustre_mainline_native_qf9g4g82.tar 1s
END ml-miscvm:lustre_mainline_native build tests/fs/lustre/boot.ktest PASS 148s
START ml-miscvm:boot run tests/fs/lustre/boot.ktest
START ml-miscvm:llmount run tests/fs/lustre/llmount.ktest
START ml-miscvm:llog-unit run tests/fs/lustre/llog-unit.ktest
START ml-miscvm:mgs-setup run tests/fs/lustre/mgs-setup.ktest
START ml-miscvm:sanity-1 run tests/fs/lustre/sanity/sanity-1.ktest
START ml-miscvm:sanity-2 run tests/fs/lustre/sanity/sanity-2.ktest
START ml-miscvm:sanity-3 run tests/fs/lustre/sanity/sanity-3.ktest
START ml-miscvm:sanity-4 run tests/fs/lustre/sanity/sanity-4.ktest
PUT /tmp/ktest-kernel.tar.gz 10s
PUT /tmp/ktest-kernel.tar.gz 10s
PUT /tmp/ktest-kernel.tar.gz 10s
PUT /tmp/ktest-kernel.tar.gz 10s
PUT /tmp/ktest-kernel.tar.gz 10s
PUT /tmp/ktest-kernel.tar.gz 10s
PUT /tmp/ktest-kernel.tar.gz 11s
PUT /tmp/ktest-kernel.tar.gz 10s
PUT /tmp/ktest-lustre.tar.gz 3s
PUT /tmp/ktest-lustre.tar.gz 2s
PUT /tmp/ktest-lustre.tar.gz 3s
PUT /tmp/ktest-lustre.tar.gz 2s
PUT /tmp/ktest-lustre.tar.gz 3s
PUT /tmp/ktest-lustre.tar.gz 2s
PUT /tmp/ktest-lustre.tar.gz 2s
PUT /tmp/ktest-lustre.tar.gz 2s
PUT /tmp/ktest_ml-miscvm:lustre_mainline_native_qf9g4g82.tar 0s
PUT /tmp/ktest_ml-miscvm:lustre_mainline_native_qf9g4g82.tar 0s
PUT /tmp/ktest_ml-miscvm:lustre_mainline_native_qf9g4g82.tar 0s
PUT /tmp/ktest_ml-miscvm:lustre_mainline_native_qf9g4g82.tar 0s
PUT /tmp/ktest_ml-miscvm:lustre_mainline_native_qf9g4g82.tar 0s
PUT /tmp/ktest_ml-miscvm:lustre_mainline_native_qf9g4g82.tar 0s
PUT /tmp/ktest_ml-miscvm:lustre_mainline_native_qf9g4g82.tar 0s
PUT /tmp/ktest_ml-miscvm:lustre_mainline_native_qf9g4g82.tar 0s
END ml-miscvm:boot run tests/fs/lustre/boot.ktest PASS 26s
END ml-miscvm:mgs-setup run tests/fs/lustre/mgs-setup.ktest PASS 35s
END ml-miscvm:sanity-3 run tests/fs/lustre/sanity/sanity-3.ktest PASS 65s
END ml-miscvm:sanity-1 run tests/fs/lustre/sanity/sanity-1.ktest PASS 66s
END ml-miscvm:llmount run tests/fs/lustre/llmount.ktest PASS 77s
END ml-miscvm:sanity-4 run tests/fs/lustre/sanity/sanity-4.ktest PASS 79s
END ml-miscvm:sanity-2 run tests/fs/lustre/sanity/sanity-2.ktest PASS 80s
END ml-miscvm:llog-unit run tests/fs/lustre/llog-unit.ktest FAIL 112s (exit code: 1)

============================================================
Final Results:
  checkpatch:checkpatch: PASS (10s) (log: /var/www/ci-lustre/upstream-patch-review/fde1fa79b4f254ff2d25b4f3e1be51e0f6bdc938_checkpatch:checkpatch.log)
  u24:u24: PASS (37s) (log: /var/www/ci-lustre/upstream-patch-review/fde1fa79b4f254ff2d25b4f3e1be51e0f6bdc938_u24:u24.log)
  al2023:al2023: PASS (45s) (log: /var/www/ci-lustre/upstream-patch-review/fde1fa79b4f254ff2d25b4f3e1be51e0f6bdc938_al2023:al2023.log)
  ml-strict:lustre_mainline: FAIL (147s) (log: /var/www/ci-lustre/upstream-patch-review/fde1fa79b4f254ff2d25b4f3e1be51e0f6bdc938_ml-strict:lustre_mainline.log)
  ml:lustre_mainline: PASS (145s) (log: /var/www/ci-lustre/upstream-patch-review/fde1fa79b4f254ff2d25b4f3e1be51e0f6bdc938_ml:lustre_mainline.log)
  ml-miscvm:lustre_mainline_native: PASS (148s) (log: /var/www/ci-lustre/upstream-patch-review/fde1fa79b4f254ff2d25b4f3e1be51e0f6bdc938_ml-miscvm:lustre_mainline_native.log)
  ml-miscvm:boot: PASS (26s) (log: /var/www/ci-lustre/upstream-patch-review/fde1fa79b4f254ff2d25b4f3e1be51e0f6bdc938_ml-miscvm:boot.log)
  ml-miscvm:llmount: PASS (77s) (log: /var/www/ci-lustre/upstream-patch-review/fde1fa79b4f254ff2d25b4f3e1be51e0f6bdc938_ml-miscvm:llmount.log)
  ml-miscvm:llog-unit: FAIL (112s) (log: /var/www/ci-lustre/upstream-patch-review/fde1fa79b4f254ff2d25b4f3e1be51e0f6bdc938_ml-miscvm:llog-unit.log)
  ml-miscvm:mgs-setup: PASS (35s) (log: /var/www/ci-lustre/upstream-patch-review/fde1fa79b4f254ff2d25b4f3e1be51e0f6bdc938_ml-miscvm:mgs-setup.log)
  ml-miscvm:sanity-1: PASS (66s) (log: /var/www/ci-lustre/upstream-patch-review/fde1fa79b4f254ff2d25b4f3e1be51e0f6bdc938_ml-miscvm:sanity-1.log)
  ml-miscvm:sanity-2: PASS (80s) (log: /var/www/ci-lustre/upstream-patch-review/fde1fa79b4f254ff2d25b4f3e1be51e0f6bdc938_ml-miscvm:sanity-2.log)
  ml-miscvm:sanity-3: PASS (65s) (log: /var/www/ci-lustre/upstream-patch-review/fde1fa79b4f254ff2d25b4f3e1be51e0f6bdc938_ml-miscvm:sanity-3.log)
  ml-miscvm:sanity-4: PASS (79s) (log: /var/www/ci-lustre/upstream-patch-review/fde1fa79b4f254ff2d25b4f3e1be51e0f6bdc938_ml-miscvm:sanity-4.log)

Total execution time: 292s

Packed 9132 logs from /var/www/ci-lustre/upstream-patch-review into /home/ktest/ktest/local-site/local_data.js
Open /home/ktest/ktest/local-site/index.html in a browser
