CLI: ./pk --podman-socket unix:///run/user/1000/podman/podman.sock --shared-filesystem /tmp --tarball-input job lustre-ci --output /var/www/ci-lustre/upstream-patch-review --git-hash fe36d992c32b9fbcac423e2be646acf67f0bcb6e --change-id 69166_fe36d992c32b9fbcac423e2be646acf67f0bcb6e --subject LU-20818 llite: hybrid IO thresholds follow folio support

Environment validated successfully
Note: custom LLVM is not synced in tarball input mode
Creating kernel tarball at /tmp/ktest-kernel.tar.gz...
Creating lustre tarball at /tmp/ktest-lustre.tar.gz...
Creating ZFS tarball at /tmp/ktest-zfs.tar.gz...
Executing 14 jobs
Jobs will start as soon as their dependencies are satisfied
Using tarball input mode

START ml-strict:lustre_mainline build tests/fs/lustre/boot-strict.ktest
START ml:lustre_mainline build tests/fs/lustre/boot.ktest
START al2023:al2023 build tests/fs/lustre/boot.ktest
START checkpatch:checkpatch tool checkpatch
START u24:u24 build tests/fs/lustre/boot.ktest
START ml-miscvm:lustre_mainline_native build tests/fs/lustre/boot.ktest
PUT /tmp/ktest-lustre.tar.gz 1s
PUT /tmp/ktest-lustre.tar.gz 2s
PUT /tmp/ktest-kernel.tar.gz 14s
PUT /tmp/ktest-kernel.tar.gz 14s
PUT /tmp/ktest-kernel.tar.gz 14s
PUT /tmp/ktest-kernel.tar.gz 14s
PUT /tmp/ktest-lustre.tar.gz 2s
PUT /tmp/ktest-lustre.tar.gz 2s
PUT /tmp/ktest-lustre.tar.gz 2s
PUT /tmp/ktest-lustre.tar.gz 2s
PUT /tmp/ktest-zfs.tar.gz 0s
PUT /tmp/ktest-zfs.tar.gz 0s
PUT /tmp/ktest-zfs.tar.gz 0s
END checkpatch:checkpatch tool checkpatch PASS 19s
END u24:u24 build tests/fs/lustre/boot.ktest PASS 46s
END al2023:al2023 build tests/fs/lustre/boot.ktest PASS 53s
GET /tmp/ktest_ml-strict:lustre_mainline_xtx3nvd_.tar 7s
END ml-strict:lustre_mainline build tests/fs/lustre/boot-strict.ktest FAIL 212s (exit code: 1)
GET /tmp/ktest_ml:lustre_mainline_p7mbqsfc.tar 0s
GET /tmp/ktest_ml-miscvm:lustre_mainline_native_8iiqvrtw.tar 0s
END ml:lustre_mainline build tests/fs/lustre/boot.ktest PASS 227s
END ml-miscvm:lustre_mainline_native build tests/fs/lustre/boot.ktest PASS 228s
START ml-miscvm:boot run tests/fs/lustre/boot.ktest
START ml-miscvm:llmount run tests/fs/lustre/llmount.ktest
START ml-miscvm:llog-unit run tests/fs/lustre/llog-unit.ktest
START ml-miscvm:mgs-setup run tests/fs/lustre/mgs-setup.ktest
START ml-miscvm:sanity-1 run tests/fs/lustre/sanity/sanity-1.ktest
START ml-miscvm:sanity-2 run tests/fs/lustre/sanity/sanity-2.ktest
START ml-miscvm:sanity-3 run tests/fs/lustre/sanity/sanity-3.ktest
START ml-miscvm:sanity-4 run tests/fs/lustre/sanity/sanity-4.ktest
PUT /tmp/ktest-kernel.tar.gz 36s
PUT /tmp/ktest-kernel.tar.gz 36s
PUT /tmp/ktest-kernel.tar.gz 36s
PUT /tmp/ktest-kernel.tar.gz 37s
PUT /tmp/ktest-kernel.tar.gz 37s
PUT /tmp/ktest-kernel.tar.gz 37s
PUT /tmp/ktest-kernel.tar.gz 37s
PUT /tmp/ktest-kernel.tar.gz 37s
PUT /tmp/ktest-lustre.tar.gz 14s
PUT /tmp/ktest-lustre.tar.gz 15s
PUT /tmp/ktest-lustre.tar.gz 15s
PUT /tmp/ktest-lustre.tar.gz 15s
PUT /tmp/ktest-lustre.tar.gz 15s
PUT /tmp/ktest-lustre.tar.gz 15s
PUT /tmp/ktest-lustre.tar.gz 14s
PUT /tmp/ktest-lustre.tar.gz 15s
PUT /tmp/ktest_ml-miscvm:lustre_mainline_native_8iiqvrtw.tar 2s
PUT /tmp/ktest_ml-miscvm:lustre_mainline_native_8iiqvrtw.tar 2s
PUT /tmp/ktest_ml-miscvm:lustre_mainline_native_8iiqvrtw.tar 2s
PUT /tmp/ktest_ml-miscvm:lustre_mainline_native_8iiqvrtw.tar 2s
PUT /tmp/ktest_ml-miscvm:lustre_mainline_native_8iiqvrtw.tar 2s
PUT /tmp/ktest_ml-miscvm:lustre_mainline_native_8iiqvrtw.tar 2s
PUT /tmp/ktest_ml-miscvm:lustre_mainline_native_8iiqvrtw.tar 2s
PUT /tmp/ktest_ml-miscvm:lustre_mainline_native_8iiqvrtw.tar 2s
END ml-miscvm:boot run tests/fs/lustre/boot.ktest PASS 68s
END ml-miscvm:mgs-setup run tests/fs/lustre/mgs-setup.ktest PASS 76s
END ml-miscvm:sanity-2 run tests/fs/lustre/sanity/sanity-2.ktest PASS 106s
END ml-miscvm:sanity-1 run tests/fs/lustre/sanity/sanity-1.ktest PASS 107s
END ml-miscvm:sanity-3 run tests/fs/lustre/sanity/sanity-3.ktest PASS 108s
END ml-miscvm:sanity-4 run tests/fs/lustre/sanity/sanity-4.ktest PASS 118s
END ml-miscvm:llmount run tests/fs/lustre/llmount.ktest PASS 128s
END ml-miscvm:llog-unit run tests/fs/lustre/llog-unit.ktest FAIL 154s (exit code: 1)

============================================================
Final Results:
  checkpatch:checkpatch: PASS (19s) (log: /var/www/ci-lustre/upstream-patch-review/fe36d992c32b9fbcac423e2be646acf67f0bcb6e_checkpatch:checkpatch.log)
  u24:u24: PASS (46s) (log: /var/www/ci-lustre/upstream-patch-review/fe36d992c32b9fbcac423e2be646acf67f0bcb6e_u24:u24.log)
  al2023:al2023: PASS (53s) (log: /var/www/ci-lustre/upstream-patch-review/fe36d992c32b9fbcac423e2be646acf67f0bcb6e_al2023:al2023.log)
  ml-strict:lustre_mainline: FAIL (212s) (log: /var/www/ci-lustre/upstream-patch-review/fe36d992c32b9fbcac423e2be646acf67f0bcb6e_ml-strict:lustre_mainline.log)
  ml:lustre_mainline: PASS (227s) (log: /var/www/ci-lustre/upstream-patch-review/fe36d992c32b9fbcac423e2be646acf67f0bcb6e_ml:lustre_mainline.log)
  ml-miscvm:lustre_mainline_native: PASS (228s) (log: /var/www/ci-lustre/upstream-patch-review/fe36d992c32b9fbcac423e2be646acf67f0bcb6e_ml-miscvm:lustre_mainline_native.log)
  ml-miscvm:boot: PASS (68s) (log: /var/www/ci-lustre/upstream-patch-review/fe36d992c32b9fbcac423e2be646acf67f0bcb6e_ml-miscvm:boot.log)
  ml-miscvm:llmount: PASS (128s) (log: /var/www/ci-lustre/upstream-patch-review/fe36d992c32b9fbcac423e2be646acf67f0bcb6e_ml-miscvm:llmount.log)
  ml-miscvm:llog-unit: FAIL (154s) (log: /var/www/ci-lustre/upstream-patch-review/fe36d992c32b9fbcac423e2be646acf67f0bcb6e_ml-miscvm:llog-unit.log)
  ml-miscvm:mgs-setup: PASS (76s) (log: /var/www/ci-lustre/upstream-patch-review/fe36d992c32b9fbcac423e2be646acf67f0bcb6e_ml-miscvm:mgs-setup.log)
  ml-miscvm:sanity-1: PASS (107s) (log: /var/www/ci-lustre/upstream-patch-review/fe36d992c32b9fbcac423e2be646acf67f0bcb6e_ml-miscvm:sanity-1.log)
  ml-miscvm:sanity-2: PASS (106s) (log: /var/www/ci-lustre/upstream-patch-review/fe36d992c32b9fbcac423e2be646acf67f0bcb6e_ml-miscvm:sanity-2.log)
  ml-miscvm:sanity-3: PASS (108s) (log: /var/www/ci-lustre/upstream-patch-review/fe36d992c32b9fbcac423e2be646acf67f0bcb6e_ml-miscvm:sanity-3.log)
  ml-miscvm:sanity-4: PASS (118s) (log: /var/www/ci-lustre/upstream-patch-review/fe36d992c32b9fbcac423e2be646acf67f0bcb6e_ml-miscvm:sanity-4.log)

Total execution time: 413s

Packed 4555 logs from /var/www/ci-lustre/upstream-patch-review into /home/ktest/ktest/local-site/local_data.js
Open /home/ktest/ktest/local-site/index.html in a browser
