CLI: ./pk --podman-socket unix:///run/podman/podman.sock --shared-filesystem /tmp --tarball-input job lustre-ci --output /var/www/ci-lustre/upstream-patch-review --git-hash fe4e69589f5a3cfd7344828940d3814507634f15 --change-id 68156_fe4e69589f5a3cfd7344828940d3814507634f15 --subject LU-20606 llapi: scan an ldiskfs target directly

Environment validated successfully
Note: custom LLVM is not synced in tarball input mode
Creating kernel tarball at /tmp/ktest-kernel.tar.gz...
Creating lustre tarball at /tmp/ktest-lustre.tar.gz...
Creating ZFS tarball at /tmp/ktest-zfs.tar.gz...
Executing 14 jobs
Jobs will start as soon as their dependencies are satisfied
Using tarball input mode

START ml:lustre_mainline build tests/fs/lustre/boot.ktest
START ml-miscvm:lustre_mainline_native build tests/fs/lustre/boot.ktest
START ml-strict:lustre_mainline build tests/fs/lustre/boot-strict.ktest
START al2023:al2023 build tests/fs/lustre/boot.ktest
START checkpatch:checkpatch tool checkpatch
START u24:u24 build tests/fs/lustre/boot.ktest
PUT /tmp/ktest-lustre.tar.gz 1s
PUT /tmp/ktest-lustre.tar.gz 1s
PUT /tmp/ktest-kernel.tar.gz 7s
PUT /tmp/ktest-kernel.tar.gz 7s
PUT /tmp/ktest-kernel.tar.gz 7s
PUT /tmp/ktest-kernel.tar.gz 7s
PUT /tmp/ktest-lustre.tar.gz 1s
PUT /tmp/ktest-lustre.tar.gz 2s
PUT /tmp/ktest-lustre.tar.gz 1s
PUT /tmp/ktest-lustre.tar.gz 2s
PUT /tmp/ktest-zfs.tar.gz 0s
PUT /tmp/ktest-zfs.tar.gz 0s
PUT /tmp/ktest-zfs.tar.gz 0s
END checkpatch:checkpatch tool checkpatch FAIL 13s (exit code: 1)
END u24:u24 build tests/fs/lustre/boot.ktest PASS 37s
END al2023:al2023 build tests/fs/lustre/boot.ktest PASS 45s
GET /tmp/ktest_ml-miscvm:lustre_mainline_native_5ndtxhjb.tar 0s
END ml-miscvm:lustre_mainline_native build tests/fs/lustre/boot.ktest PASS 145s
START ml-miscvm:boot run tests/fs/lustre/boot.ktest
START ml-miscvm:llmount run tests/fs/lustre/llmount.ktest
START ml-miscvm:llog-unit run tests/fs/lustre/llog-unit.ktest
START ml-miscvm:mgs-setup run tests/fs/lustre/mgs-setup.ktest
START ml-miscvm:sanity-1 run tests/fs/lustre/sanity/sanity-1.ktest
START ml-miscvm:sanity-2 run tests/fs/lustre/sanity/sanity-2.ktest
START ml-miscvm:sanity-3 run tests/fs/lustre/sanity/sanity-3.ktest
START ml-miscvm:sanity-4 run tests/fs/lustre/sanity/sanity-4.ktest
GET /tmp/ktest_ml:lustre_mainline_rllrl9i6.tar 0s
END ml:lustre_mainline build tests/fs/lustre/boot.ktest PASS 147s
GET /tmp/ktest_ml-strict:lustre_mainline_d33jgoxn.tar 4s
END ml-strict:lustre_mainline build tests/fs/lustre/boot-strict.ktest FAIL 151s (exit code: 1)
PUT /tmp/ktest-kernel.tar.gz 15s
PUT /tmp/ktest-kernel.tar.gz 16s
PUT /tmp/ktest-kernel.tar.gz 16s
PUT /tmp/ktest-kernel.tar.gz 17s
PUT /tmp/ktest-kernel.tar.gz 15s
PUT /tmp/ktest-kernel.tar.gz 15s
PUT /tmp/ktest-kernel.tar.gz 15s
PUT /tmp/ktest-kernel.tar.gz 17s
PUT /tmp/ktest-lustre.tar.gz 3s
PUT /tmp/ktest-lustre.tar.gz 4s
PUT /tmp/ktest-lustre.tar.gz 3s
PUT /tmp/ktest-lustre.tar.gz 3s
PUT /tmp/ktest-lustre.tar.gz 3s
PUT /tmp/ktest-lustre.tar.gz 3s
PUT /tmp/ktest-lustre.tar.gz 3s
PUT /tmp/ktest-lustre.tar.gz 2s
PUT /tmp/ktest_ml-miscvm:lustre_mainline_native_5ndtxhjb.tar 0s
PUT /tmp/ktest_ml-miscvm:lustre_mainline_native_5ndtxhjb.tar 0s
PUT /tmp/ktest_ml-miscvm:lustre_mainline_native_5ndtxhjb.tar 0s
PUT /tmp/ktest_ml-miscvm:lustre_mainline_native_5ndtxhjb.tar 0s
PUT /tmp/ktest_ml-miscvm:lustre_mainline_native_5ndtxhjb.tar 0s
PUT /tmp/ktest_ml-miscvm:lustre_mainline_native_5ndtxhjb.tar 0s
PUT /tmp/ktest_ml-miscvm:lustre_mainline_native_5ndtxhjb.tar 0s
PUT /tmp/ktest_ml-miscvm:lustre_mainline_native_5ndtxhjb.tar 0s
END ml-miscvm:boot run tests/fs/lustre/boot.ktest PASS 31s
END ml-miscvm:mgs-setup run tests/fs/lustre/mgs-setup.ktest PASS 41s
END ml-miscvm:sanity-3 run tests/fs/lustre/sanity/sanity-3.ktest PASS 70s
END ml-miscvm:sanity-4 run tests/fs/lustre/sanity/sanity-4.ktest PASS 71s
END ml-miscvm:sanity-2 run tests/fs/lustre/sanity/sanity-2.ktest PASS 72s
END ml-miscvm:sanity-1 run tests/fs/lustre/sanity/sanity-1.ktest PASS 73s
END ml-miscvm:llmount run tests/fs/lustre/llmount.ktest PASS 80s
END ml-miscvm:llog-unit run tests/fs/lustre/llog-unit.ktest FAIL 118s (exit code: 1)

============================================================
Final Results:
  checkpatch:checkpatch: FAIL (13s) (log: /var/www/ci-lustre/upstream-patch-review/fe4e69589f5a3cfd7344828940d3814507634f15_checkpatch:checkpatch.log)
  u24:u24: PASS (37s) (log: /var/www/ci-lustre/upstream-patch-review/fe4e69589f5a3cfd7344828940d3814507634f15_u24:u24.log)
  al2023:al2023: PASS (45s) (log: /var/www/ci-lustre/upstream-patch-review/fe4e69589f5a3cfd7344828940d3814507634f15_al2023:al2023.log)
  ml-strict:lustre_mainline: FAIL (151s) (log: /var/www/ci-lustre/upstream-patch-review/fe4e69589f5a3cfd7344828940d3814507634f15_ml-strict:lustre_mainline.log)
  ml:lustre_mainline: PASS (147s) (log: /var/www/ci-lustre/upstream-patch-review/fe4e69589f5a3cfd7344828940d3814507634f15_ml:lustre_mainline.log)
  ml-miscvm:lustre_mainline_native: PASS (145s) (log: /var/www/ci-lustre/upstream-patch-review/fe4e69589f5a3cfd7344828940d3814507634f15_ml-miscvm:lustre_mainline_native.log)
  ml-miscvm:boot: PASS (31s) (log: /var/www/ci-lustre/upstream-patch-review/fe4e69589f5a3cfd7344828940d3814507634f15_ml-miscvm:boot.log)
  ml-miscvm:llmount: PASS (80s) (log: /var/www/ci-lustre/upstream-patch-review/fe4e69589f5a3cfd7344828940d3814507634f15_ml-miscvm:llmount.log)
  ml-miscvm:llog-unit: FAIL (118s) (log: /var/www/ci-lustre/upstream-patch-review/fe4e69589f5a3cfd7344828940d3814507634f15_ml-miscvm:llog-unit.log)
  ml-miscvm:mgs-setup: PASS (41s) (log: /var/www/ci-lustre/upstream-patch-review/fe4e69589f5a3cfd7344828940d3814507634f15_ml-miscvm:mgs-setup.log)
  ml-miscvm:sanity-1: PASS (73s) (log: /var/www/ci-lustre/upstream-patch-review/fe4e69589f5a3cfd7344828940d3814507634f15_ml-miscvm:sanity-1.log)
  ml-miscvm:sanity-2: PASS (72s) (log: /var/www/ci-lustre/upstream-patch-review/fe4e69589f5a3cfd7344828940d3814507634f15_ml-miscvm:sanity-2.log)
  ml-miscvm:sanity-3: PASS (70s) (log: /var/www/ci-lustre/upstream-patch-review/fe4e69589f5a3cfd7344828940d3814507634f15_ml-miscvm:sanity-3.log)
  ml-miscvm:sanity-4: PASS (71s) (log: /var/www/ci-lustre/upstream-patch-review/fe4e69589f5a3cfd7344828940d3814507634f15_ml-miscvm:sanity-4.log)

Total execution time: 292s

Packed 14729 logs from /var/www/ci-lustre/upstream-patch-review into /home/ktest/ktest/local-site/local_data.js
Open /home/ktest/ktest/local-site/index.html in a browser
