00004 
00013 RDSEED32 is broken. Disabling the corresponding CPUID bit.
00017 init: failed to load nvme_core
00017 init: failed to load nvme
00017 init: failed to load zfs
00019 LNetError: 1:0:(lib-socket.c:619:lnet_inet_enumerate()) lnet: Can't find any usable interfaces, rc = -ENOENT
00019 LNetError: Error -100 starting up LNI tcp
00019 LustreError: 1:0:(events.c:627:ptlrpc_init_portals()) network initialisation failed: rc = -100
00020 init: finit_module /lib/modules/7.0.0-ktest-ff7f425-6330a45-20260727-dirty/updates/ptlrpc.ko: Network is down
00020 init: failed to load lustre
00020 init: failed to load osd_zfs
00020 init: failed to load iwlwifi
00020 init: failed to load iwlmvm
00020 init: failed to load mt7921e
00020 init: failed to load i915
00020 init: failed to load nouveau
00032 tlp: vm.laptop_mode is deprecated. Ignoring setting.
00032 Kernel version: 7.0.0-ktest-ff7f425-6330a45-20260727-dirty
00033 hook init_noop
00033 
00033 Running tests llog-unit
00033 
00033 ========= TEST   llog-unit
00033 /host/home/ktest/git/lustre-release/lustre/tests/test-framework.sh: line 6933: cd: HOME not set
00033 /host/home/ktest/git/lustre-release/lustre/tests/test-framework.sh: line 6933: cd: HOME not set
00033 /host/home/ktest/git/lustre-release/lustre/tests/test-framework.sh: line 6933: cd: HOME not set
00037 MGS_OS_VERSION_ID=24.04
00037 MGS_OS_ID=ubuntu
00037 MGS_OS_VERSION_CODE=402915328
00037 MGS_OS_ID_LIKE=debian ubuntu
00038 MDS1_OS_ID=ubuntu
00038 MDS1_OS_VERSION_CODE=402915328
00038 MDS1_OS_ID_LIKE=debian ubuntu
00038 MDS1_OS_VERSION_ID=24.04
00038 OST1_OS_VERSION_ID=24.04
00038 OST1_OS_VERSION_CODE=402915328
00038 OST1_OS_ID=ubuntu
00038 OST1_OS_ID_LIKE=debian ubuntu
00038 CLIENT_OS_VERSION_ID=24.04
00038 CLIENT_OS_ID_LIKE=debian ubuntu
00038 CLIENT_OS_ID=ubuntu
00038 CLIENT_OS_VERSION_CODE=402915328
00038 Loading modules from /host/home/ktest/git/lustre-release/lustre
00038 detected 16 online CPUs by sysfs
00038 MODOPTS_LIBCFS=
00038 libcfs will create CPU partition based on online CPUs
00039 LNet: Added LNI 10.0.2.15@tcp [8/256/0/180]
00039 gss/krb5 is not supported
00040 Lustre: Echo OBD driver; http://www.lustre.org/
00040 
00040 
00041 /host/home/ktest/git/lustre-release/lustre/tests/test-framework.sh: line 6933: cd: HOME not set
00041 /host/home/ktest/git/lustre-release/lustre/tests/test-framework.sh: line 6933: cd: HOME not set
00041 /host/home/ktest/git/lustre-release/lustre/tests/test-framework.sh: line 6933: cd: HOME not set
00066 Lustre: 2168:0:(llog_test.c:1095:llog_test_7()) 7c: test llog_setattr64_rec
00066 ------------[ cut here ]------------
00066 WARNING: /home/ktest/git/linux/include/linux/fs.h:889 at osd_create+0x9cf/0xcf0 [osd_wbcfs], CPU#1: lctl/2168
00066 Modules linked in: llog_test(O) mgs(O) osd_wbcfs(O) lustre(O) obdecho(O) mgc(O) mdc(O) lov(O) osc(O) lmv(O) ec(O) fid(O) fld(O) ptlrpc(O) efivarfs obdclass(O) ksocklnd(O) lnet(O) libcfs(O)
00066 CPU: 1 UID: 0 PID: 2168 Comm: lctl Tainted: G        W  O        7.0.0-ktest-ff7f425-6330a45-20260727-dirty #1 PREEMPT 
00066 Tainted: [W]=WARN, [O]=OOT_MODULE
00066 Hardware name: QEMU Standard PC (Q35 + ICH9, 2009), BIOS 2025.11-3ubuntu7 03/31/2026
00066 RIP: 0010:osd_create+0x9cf/0xcf0 [osd_wbcfs]
00066 Code: c7 c7 00 c6 7b a1 48 c7 c6 a0 42 7d a1 48 c7 c2 00 4c 7d a1 e8 82 dd 43 ff 48 c7 c7 00 c6 7b a1 e8 f6 6a 44 ff e9 fe fc ff ff <0f> 0b e9 a5 fa ff ff 48 c7 c1 80 44 5d a0 80 e1 07 80 c1 03 38 c1
00066 RSP: 0018:ffffc900060776f8 EFLAGS: 00010246
00066 RAX: 0000000000000000 RBX: ffff88813b57a400 RCX: 0000000000000046
00066 RDX: 0000000000000000 RSI: ffff8881077b6d38 RDI: ffff88818ececb18
00066 RBP: ffff8881077b6ca8 R08: ffffffff83a16803 R09: 1ffffffff0742d00
00066 R10: dffffc0000000000 R11: fffffbfff0742d01 R12: ffff8881795f6800
00066 R13: dffffc0000000000 R14: 1ffff110276af480 R15: 1ffff1102f2bed0f
00066 FS:  00007eff7d841940(0000) GS:ffff88831e4ad000(0000) knlGS:0000000000000000
00066 CS:  0010 DS: 0000 ES: 0000 CR0: 0000000080050033
00066 CR2: 000055559c543b40 CR3: 000000019a736000 CR4: 0000000000750eb0
00066 PKRU: 55555554
00066 Call Trace:
00066  <TASK>
00066  ? local_object_create+0x109/0x640 [obdclass]
00066  ? dt_write_lock+0x16d/0x2a0 [obdclass]
00066  ? llog_osd_create+0x356/0x1140 [obdclass]
00066  ? llog_create+0x2ed/0x530 [obdclass]
00066  ? llog_open_create+0x5af/0xb10 [obdclass]
00066  ? llog_test_7_sub+0xea/0x1250 [llog_test]
00066  ? llog_test_7+0x4a4/0xf50 [llog_test]
00066  ? llog_run_tests+0x3614/0x5ac0 [llog_test]
00066  ? get_random_u32+0x51/0x470
00066  ? llog_test_device_init+0x503/0x840 [llog_test]
00066  ? obd_setup+0x559/0x960 [obdclass]
00066  ? class_setup+0xc7d/0x10e0 [obdclass]
00066  ? class_process_config+0x2edb/0x7cb0 [obdclass]
00066  ? class_handle_ioctl+0x2055/0x3590 [obdclass]
00066  ? obd_class_ioctl+0x1f6/0x3c0 [obdclass]
00066  ? __x64_sys_ioctl+0x961/0xe00
00066  ? _copy_to_user+0x3d/0x60
00066  ? __x64_sys_rt_sigaction+0x107/0x140
00066  ? do_syscall_64+0xc1/0x350
00066  ? entry_SYSCALL_64_after_hwframe+0x4b/0x53
00066  </TASK>
00066 ---[ end trace 0000000000000000 ]---
00071 Lustre: 2168:0:(llog_test.c:1106:llog_test_7()) 7d: test llog_size_change_rec
00071 ------------[ cut here ]------------
00071 WARNING: /home/ktest/git/linux/include/linux/fs.h:889 at osd_create+0x9cf/0xcf0 [osd_wbcfs], CPU#1: lctl/2168
00071 Modules linked in: llog_test(O) mgs(O) osd_wbcfs(O) lustre(O) obdecho(O) mgc(O) mdc(O) lov(O) osc(O) lmv(O) ec(O) fid(O) fld(O) ptlrpc(O) efivarfs obdclass(O) ksocklnd(O) lnet(O) libcfs(O)
00071 CPU: 1 UID: 0 PID: 2168 Comm: lctl Tainted: G        W  O        7.0.0-ktest-ff7f425-6330a45-20260727-dirty #1 PREEMPT 
00071 Tainted: [W]=WARN, [O]=OOT_MODULE
00071 Hardware name: QEMU Standard PC (Q35 + ICH9, 2009), BIOS 2025.11-3ubuntu7 03/31/2026
00071 RIP: 0010:osd_create+0x9cf/0xcf0 [osd_wbcfs]
00071 Code: c7 c7 00 c6 7b a1 48 c7 c6 a0 42 7d a1 48 c7 c2 00 4c 7d a1 e8 82 dd 43 ff 48 c7 c7 00 c6 7b a1 e8 f6 6a 44 ff e9 fe fc ff ff <0f> 0b e9 a5 fa ff ff 48 c7 c1 80 44 5d a0 80 e1 07 80 c1 03 38 c1
00071 RSP: 0018:ffffc900060776f8 EFLAGS: 00010246
00071 RAX: 0000000000000000 RBX: ffff8881057a2400 RCX: 0000000000000046
00071 RDX: 0000000000000000 RSI: ffff8881077b6620 RDI: ffff88818ececb18
00071 RBP: ffff8881077b6590 R08: ffffffff83a16803 R09: 1ffffffff0742d00
00071 R10: dffffc0000000000 R11: fffffbfff0742d01 R12: ffff8881795f6800
00071 R13: dffffc0000000000 R14: 1ffff11020af4480 R15: 1ffff1102f2bed0f
00071 FS:  00007eff7d841940(0000) GS:ffff88831e4ad000(0000) knlGS:0000000000000000
00071 CS:  0010 DS: 0000 ES: 0000 CR0: 0000000080050033
00071 CR2: 000055559c543b40 CR3: 000000019a736000 CR4: 0000000000750eb0
00071 PKRU: 55555554
00071 Call Trace:
00071  <TASK>
00071  ? local_object_create+0x109/0x640 [obdclass]
00071  ? dt_write_lock+0x16d/0x2a0 [obdclass]
00071  ? llog_osd_create+0x356/0x1140 [obdclass]
00071  ? llog_create+0x2ed/0x530 [obdclass]
00071  ? llog_open_create+0x5af/0xb10 [obdclass]
00071  ? llog_test_7_sub+0xea/0x1250 [llog_test]
00071  ? llog_test_7+0x5d5/0xf50 [llog_test]
00071  ? llog_run_tests+0x3614/0x5ac0 [llog_test]
00071  ? get_random_u32+0x51/0x470
00071  ? llog_test_device_init+0x503/0x840 [llog_test]
00071  ? obd_setup+0x559/0x960 [obdclass]
00071  ? class_setup+0xc7d/0x10e0 [obdclass]
00071  ? class_process_config+0x2edb/0x7cb0 [obdclass]
00071  ? class_handle_ioctl+0x2055/0x3590 [obdclass]
00071  ? obd_class_ioctl+0x1f6/0x3c0 [obdclass]
00071  ? __x64_sys_ioctl+0x961/0xe00
00071  ? _copy_to_user+0x3d/0x60
00071  ? __x64_sys_rt_sigaction+0x107/0x140
00071  ? do_syscall_64+0xc1/0x350
00071  ? entry_SYSCALL_64_after_hwframe+0x4b/0x53
00071  </TASK>
00071 ---[ end trace 0000000000000000 ]---
00080 Lustre: 2168:0:(llog_test.c:1117:llog_test_7()) 7e: test llog_changelog_rec
00080 ------------[ cut here ]------------
00080 WARNING: /home/ktest/git/linux/include/linux/fs.h:889 at osd_create+0x9cf/0xcf0 [osd_wbcfs], CPU#1: lctl/2168
00080 Modules linked in: llog_test(O) mgs(O) osd_wbcfs(O) lustre(O) obdecho(O) mgc(O) mdc(O) lov(O) osc(O) lmv(O) ec(O) fid(O) fld(O) ptlrpc(O) efivarfs obdclass(O) ksocklnd(O) lnet(O) libcfs(O)
00080 CPU: 1 UID: 0 PID: 2168 Comm: lctl Tainted: G        W  O        7.0.0-ktest-ff7f425-6330a45-20260727-dirty #1 PREEMPT 
00080 Tainted: [W]=WARN, [O]=OOT_MODULE
00080 Hardware name: QEMU Standard PC (Q35 + ICH9, 2009), BIOS 2025.11-3ubuntu7 03/31/2026
00080 RIP: 0010:osd_create+0x9cf/0xcf0 [osd_wbcfs]
00080 Code: c7 c7 00 c6 7b a1 48 c7 c6 a0 42 7d a1 48 c7 c2 00 4c 7d a1 e8 82 dd 43 ff 48 c7 c7 00 c6 7b a1 e8 f6 6a 44 ff e9 fe fc ff ff <0f> 0b e9 a5 fa ff ff 48 c7 c1 80 44 5d a0 80 e1 07 80 c1 03 38 c1
00080 RSP: 0018:ffffc900060776f8 EFLAGS: 00010246
00080 RAX: 0000000000000000 RBX: ffff88819f287800 RCX: 0000000000000046
00080 RDX: 0000000000000000 RSI: ffff8881077b5f08 RDI: ffff88818ececb18
00080 RBP: ffff8881077b5e78 R08: ffffffff83a16803 R09: 1ffffffff0742d00
00080 R10: dffffc0000000000 R11: fffffbfff0742d01 R12: ffff8881795f6800
00080 R13: dffffc0000000000 R14: 1ffff11033e50f00 R15: 1ffff1102f2bed0f
00080 FS:  00007eff7d841940(0000) GS:ffff88831e4ad000(0000) knlGS:0000000000000000
00080 CS:  0010 DS: 0000 ES: 0000 CR0: 0000000080050033
00080 CR2: 000055559c543b40 CR3: 000000019a736000 CR4: 0000000000750eb0
00080 PKRU: 55555554
00080 Call Trace:
00080  <TASK>
00080  ? local_object_create+0x109/0x640 [obdclass]
00080  ? dt_write_lock+0x16d/0x2a0 [obdclass]
00080  ? llog_osd_create+0x356/0x1140 [obdclass]
00080  ? llog_create+0x2ed/0x530 [obdclass]
00080  ? llog_open_create+0x5af/0xb10 [obdclass]
00080  ? llog_test_7_sub+0xea/0x1250 [llog_test]
00080  ? llog_test_7+0x706/0xf50 [llog_test]
00080  ? llog_run_tests+0x3614/0x5ac0 [llog_test]
00080  ? get_random_u32+0x51/0x470
00080  ? llog_test_device_init+0x503/0x840 [llog_test]
00080  ? obd_setup+0x559/0x960 [obdclass]
00080  ? class_setup+0xc7d/0x10e0 [obdclass]
00080  ? class_process_config+0x2edb/0x7cb0 [obdclass]
00080  ? class_handle_ioctl+0x2055/0x3590 [obdclass]
00080  ? obd_class_ioctl+0x1f6/0x3c0 [obdclass]
00080  ? __x64_sys_ioctl+0x961/0xe00
00080  ? _copy_to_user+0x3d/0x60
00080  ? __x64_sys_rt_sigaction+0x107/0x140
00080  ? do_syscall_64+0xc1/0x350
00080  ? entry_SYSCALL_64_after_hwframe+0x4b/0x53
00080  </TASK>
00080 ---[ end trace 0000000000000000 ]---
00084 Lustre: 2168:0:(llog_test.c:1024:llog_test_7_sub()) 7_sub: records are not aligned, written 64071 from 64767
00086 Lustre: 2168:0:(llog_test.c:1129:llog_test_7()) 7f: test llog_changelog_user_rec2
00086 ------------[ cut here ]------------
00086 WARNING: /home/ktest/git/linux/include/linux/fs.h:889 at osd_create+0x9cf/0xcf0 [osd_wbcfs], CPU#1: lctl/2168
00086 Modules linked in: llog_test(O) mgs(O) osd_wbcfs(O) lustre(O) obdecho(O) mgc(O) mdc(O) lov(O) osc(O) lmv(O) ec(O) fid(O) fld(O) ptlrpc(O) efivarfs obdclass(O) ksocklnd(O) lnet(O) libcfs(O)
00086 CPU: 1 UID: 0 PID: 2168 Comm: lctl Tainted: G        W  O        7.0.0-ktest-ff7f425-6330a45-20260727-dirty #1 PREEMPT 
00086 Tainted: [W]=WARN, [O]=OOT_MODULE
00086 Hardware name: QEMU Standard PC (Q35 + ICH9, 2009), BIOS 2025.11-3ubuntu7 03/31/2026
00086 RIP: 0010:osd_create+0x9cf/0xcf0 [osd_wbcfs]
00086 Code: c7 c7 00 c6 7b a1 48 c7 c6 a0 42 7d a1 48 c7 c2 00 4c 7d a1 e8 82 dd 43 ff 48 c7 c7 00 c6 7b a1 e8 f6 6a 44 ff e9 fe fc ff ff <0f> 0b e9 a5 fa ff ff 48 c7 c1 80 44 5d a0 80 e1 07 80 c1 03 38 c1
00086 RSP: 0018:ffffc900060776f8 EFLAGS: 00010246
00086 RAX: 0000000000000000 RBX: ffff88818afc3400 RCX: 0000000000000046
00086 RDX: 0000000000000000 RSI: ffff8881077b57f0 RDI: ffff88818ececb18
00086 RBP: ffff8881077b5760 R08: ffffffff83a16803 R09: 1ffffffff0742d00
00086 R10: dffffc0000000000 R11: fffffbfff0742d01 R12: ffff8881795f6800
00086 R13: dffffc0000000000 R14: 1ffff110315f8680 R15: 1ffff1102f2bed0f
00086 FS:  00007eff7d841940(0000) GS:ffff88831e4ad000(0000) knlGS:0000000000000000
00086 CS:  0010 DS: 0000 ES: 0000 CR0: 0000000080050033
00086 CR2: 000055559c543b40 CR3: 000000019a736000 CR4: 0000000000750eb0
00086 PKRU: 55555554
00086 Call Trace:
00086  <TASK>
00086  ? local_object_create+0x109/0x640 [obdclass]
00086  ? dt_write_lock+0x16d/0x2a0 [obdclass]
00086  ? llog_osd_create+0x356/0x1140 [obdclass]
00086  ? llog_create+0x2ed/0x530 [obdclass]
00086  ? llog_open_create+0x5af/0xb10 [obdclass]
00086  ? llog_test_7_sub+0xea/0x1250 [llog_test]
00086  ? llog_test_7+0x837/0xf50 [llog_test]
00086  ? llog_run_tests+0x3614/0x5ac0 [llog_test]
00086  ? get_random_u32+0x51/0x470
00086  ? llog_test_device_init+0x503/0x840 [llog_test]
00086  ? obd_setup+0x559/0x960 [obdclass]
00086  ? class_setup+0xc7d/0x10e0 [obdclass]
00086  ? class_process_config+0x2edb/0x7cb0 [obdclass]
00086  ? class_handle_ioctl+0x2055/0x3590 [obdclass]
00086  ? obd_class_ioctl+0x1f6/0x3c0 [obdclass]
00086  ? __x64_sys_ioctl+0x961/0xe00
00086  ? _copy_to_user+0x3d/0x60
00086  ? __x64_sys_rt_sigaction+0x107/0x140
00086  ? do_syscall_64+0xc1/0x350
00086  ? entry_SYSCALL_64_after_hwframe+0x4b/0x53
00086  </TASK>
00086 ---[ end trace 0000000000000000 ]---
00091 Lustre: 2168:0:(llog_test.c:1024:llog_test_7_sub()) 7_sub: records are not aligned, written 64139 from 64767
00093 Lustre: 2168:0:(llog_test.c:1140:llog_test_7()) 7g: test llog_gen_rec
00093 ------------[ cut here ]------------
00093 WARNING: /home/ktest/git/linux/include/linux/fs.h:889 at osd_create+0x9cf/0xcf0 [osd_wbcfs], CPU#9: lctl/2168
00093 Modules linked in: llog_test(O) mgs(O) osd_wbcfs(O) lustre(O) obdecho(O) mgc(O) mdc(O) lov(O) osc(O) lmv(O) ec(O) fid(O) fld(O) ptlrpc(O) efivarfs obdclass(O) ksocklnd(O) lnet(O) libcfs(O)
00093 CPU: 9 UID: 0 PID: 2168 Comm: lctl Tainted: G        W  O        7.0.0-ktest-ff7f425-6330a45-20260727-dirty #1 PREEMPT 
00093 Tainted: [W]=WARN, [O]=OOT_MODULE
00093 Hardware name: QEMU Standard PC (Q35 + ICH9, 2009), BIOS 2025.11-3ubuntu7 03/31/2026
00093 RIP: 0010:osd_create+0x9cf/0xcf0 [osd_wbcfs]
00093 Code: c7 c7 00 c6 7b a1 48 c7 c6 a0 42 7d a1 48 c7 c2 00 4c 7d a1 e8 82 dd 43 ff 48 c7 c7 00 c6 7b a1 e8 f6 6a 44 ff e9 fe fc ff ff <0f> 0b e9 a5 fa ff ff 48 c7 c1 80 44 5d a0 80 e1 07 80 c1 03 38 c1
00093 RSP: 0018:ffffc900060776f8 EFLAGS: 00010246
00093 RAX: 0000000000000000 RBX: ffff8882321c2000 RCX: 0000000000000046
00093 RDX: 0000000000000000 RSI: ffff8881998e7b68 RDI: ffff88818ececb18
00093 RBP: ffff8881998e7ad8 R08: ffffffff83a16803 R09: 1ffffffff0742d00
00093 R10: dffffc0000000000 R11: fffffbfff0742d01 R12: ffff8881795f6800
00093 R13: dffffc0000000000 R14: 1ffff11046438400 R15: 1ffff1102f2bed0f
00093 FS:  00007eff7d841940(0000) GS:ffff88831e8ad000(0000) knlGS:0000000000000000
00093 CS:  0010 DS: 0000 ES: 0000 CR0: 0000000080050033
00093 CR2: 00005628334a2b30 CR3: 000000019a736000 CR4: 0000000000750eb0
00093 PKRU: 55555554
00093 Call Trace:
00093  <TASK>
00093  ? local_object_create+0x109/0x640 [obdclass]
00093  ? dt_write_lock+0x16d/0x2a0 [obdclass]
00093  ? llog_osd_create+0x356/0x1140 [obdclass]
00093  ? llog_create+0x2ed/0x530 [obdclass]
00093  ? llog_open_create+0x5af/0xb10 [obdclass]
00093  ? llog_test_7_sub+0xea/0x1250 [llog_test]
00093  ? llog_test_7+0x968/0xf50 [llog_test]
00093  ? llog_run_tests+0x3614/0x5ac0 [llog_test]
00093  ? get_random_u32+0x51/0x470
00093  ? llog_test_device_init+0x503/0x840 [llog_test]
00093  ? obd_setup+0x559/0x960 [obdclass]
00093  ? class_setup+0xc7d/0x10e0 [obdclass]
00093  ? class_process_config+0x2edb/0x7cb0 [obdclass]
00093  ? class_handle_ioctl+0x2055/0x3590 [obdclass]
00093  ? obd_class_ioctl+0x1f6/0x3c0 [obdclass]
00093  ? __x64_sys_ioctl+0x961/0xe00
00093  ? _copy_to_user+0x3d/0x60
00093  ? __x64_sys_rt_sigaction+0x107/0x140
00093  ? do_syscall_64+0xc1/0x350
00093  ? entry_SYSCALL_64_after_hwframe+0x4b/0x53
00093  </TASK>
00093 ---[ end trace 0000000000000000 ]---
00098 Lustre: 2168:0:(llog_test.c:1151:llog_test_7()) 7h: test llog_setattr64_rec_v2
00098 ------------[ cut here ]------------
00098 WARNING: /home/ktest/git/linux/include/linux/fs.h:889 at osd_create+0x9cf/0xcf0 [osd_wbcfs], CPU#9: lctl/2168
00098 Modules linked in: llog_test(O) mgs(O) osd_wbcfs(O) lustre(O) obdecho(O) mgc(O) mdc(O) lov(O) osc(O) lmv(O) ec(O) fid(O) fld(O) ptlrpc(O) efivarfs obdclass(O) ksocklnd(O) lnet(O) libcfs(O)
00098 CPU: 9 UID: 0 PID: 2168 Comm: lctl Tainted: G        W  O        7.0.0-ktest-ff7f425-6330a45-20260727-dirty #1 PREEMPT 
00098 Tainted: [W]=WARN, [O]=OOT_MODULE
00098 Hardware name: QEMU Standard PC (Q35 + ICH9, 2009), BIOS 2025.11-3ubuntu7 03/31/2026
00098 RIP: 0010:osd_create+0x9cf/0xcf0 [osd_wbcfs]
00098 Code: c7 c7 00 c6 7b a1 48 c7 c6 a0 42 7d a1 48 c7 c2 00 4c 7d a1 e8 82 dd 43 ff 48 c7 c7 00 c6 7b a1 e8 f6 6a 44 ff e9 fe fc ff ff <0f> 0b e9 a5 fa ff ff 48 c7 c1 80 44 5d a0 80 e1 07 80 c1 03 38 c1
00098 RSP: 0018:ffffc900060776f8 EFLAGS: 00010246
00098 RAX: 0000000000000000 RBX: ffff8881bd518000 RCX: 0000000000000046
00098 RDX: 0000000000000000 RSI: ffff8881998e7450 RDI: ffff88818ececb18
00098 RBP: ffff8881998e73c0 R08: ffffffff83a16803 R09: 1ffffffff0742d00
00098 R10: dffffc0000000000 R11: fffffbfff0742d01 R12: ffff8881795f6800
00098 R13: dffffc0000000000 R14: 1ffff11037aa3000 R15: 1ffff1102f2bed0f
00098 FS:  00007eff7d841940(0000) GS:ffff88831e8ad000(0000) knlGS:0000000000000000
00098 CS:  0010 DS: 0000 ES: 0000 CR0: 0000000080050033
00098 CR2: 00005628334a2b30 CR3: 000000019a736000 CR4: 0000000000750eb0
00098 PKRU: 55555554
00098 Call Trace:
00098  <TASK>
00098  ? local_object_create+0x109/0x640 [obdclass]
00098  ? dt_write_lock+0x16d/0x2a0 [obdclass]
00098  ? llog_osd_create+0x356/0x1140 [obdclass]
00098  ? llog_create+0x2ed/0x530 [obdclass]
00098  ? llog_open_create+0x5af/0xb10 [obdclass]
00098  ? llog_test_7_sub+0xea/0x1250 [llog_test]
00098  ? llog_test_7+0xa99/0xf50 [llog_test]
00098  ? llog_run_tests+0x3614/0x5ac0 [llog_test]
00098  ? get_random_u32+0x51/0x470
00098  ? llog_test_device_init+0x503/0x840 [llog_test]
00098  ? obd_setup+0x559/0x960 [obdclass]
00098  ? class_setup+0xc7d/0x10e0 [obdclass]
00098  ? class_process_config+0x2edb/0x7cb0 [obdclass]
00098  ? class_handle_ioctl+0x2055/0x3590 [obdclass]
00098  ? obd_class_ioctl+0x1f6/0x3c0 [obdclass]
00098  ? __x64_sys_ioctl+0x961/0xe00
00098  ? _copy_to_user+0x3d/0x60
00098  ? __x64_sys_rt_sigaction+0x107/0x140
00098  ? do_syscall_64+0xc1/0x350
00098  ? entry_SYSCALL_64_after_hwframe+0x4b/0x53
00098  </TASK>
00098 ---[ end trace 0000000000000000 ]---
00102 Lustre: 2168:0:(llog_test.c:1024:llog_test_7_sub()) 7_sub: records are not aligned, written 64071 from 64767
00104 Lustre: 2168:0:(llog_test.c:1261:llog_test_8()) 8a: fill the first plain llog
00104 ------------[ cut here ]------------
00104 WARNING: /home/ktest/git/linux/include/linux/fs.h:889 at osd_create+0x9cf/0xcf0 [osd_wbcfs], CPU#9: lctl/2168
00104 Modules linked in: llog_test(O) mgs(O) osd_wbcfs(O) lustre(O) obdecho(O) mgc(O) mdc(O) lov(O) osc(O) lmv(O) ec(O) fid(O) fld(O) ptlrpc(O) efivarfs obdclass(O) ksocklnd(O) lnet(O) libcfs(O)
00104 CPU: 9 UID: 0 PID: 2168 Comm: lctl Tainted: G        W  O        7.0.0-ktest-ff7f425-6330a45-20260727-dirty #1 PREEMPT 
00104 Tainted: [W]=WARN, [O]=OOT_MODULE
00104 Hardware name: QEMU Standard PC (Q35 + ICH9, 2009), BIOS 2025.11-3ubuntu7 03/31/2026
00104 RIP: 0010:osd_create+0x9cf/0xcf0 [osd_wbcfs]
00104 Code: c7 c7 00 c6 7b a1 48 c7 c6 a0 42 7d a1 48 c7 c2 00 4c 7d a1 e8 82 dd 43 ff 48 c7 c7 00 c6 7b a1 e8 f6 6a 44 ff e9 fe fc ff ff <0f> 0b e9 a5 fa ff ff 48 c7 c1 80 44 5d a0 80 e1 07 80 c1 03 38 c1
00104 RSP: 0018:ffffc900060774c8 EFLAGS: 00010246
00104 RAX: 0000000000000000 RBX: ffff88813d392400 RCX: 0000000000000046
00104 RDX: 0000000000000000 RSI: ffff8881998e6d38 RDI: ffff88818ececb40
00104 RBP: ffff8881998e6ca8 R08: ffffffff83a16803 R09: 1ffffffff0742d00
00104 R10: dffffc0000000000 R11: fffffbfff0742d01 R12: ffff8881795f6800
00104 R13: dffffc0000000000 R14: 1ffff11027a72480 R15: 1ffff1102f2bed0f
00104 FS:  00007eff7d841940(0000) GS:ffff88831e8ad000(0000) knlGS:0000000000000000
00104 CS:  0010 DS: 0000 ES: 0000 CR0: 0000000080050033
00104 CR2: 00005628334a2b30 CR3: 000000019a736000 CR4: 0000000000750eb0
00104 PKRU: 55555554
00104 Call Trace:
00104  <TASK>
00104  ? local_object_create+0x109/0x640 [obdclass]
00104  ? dt_write_lock+0x16d/0x2a0 [obdclass]
00104  ? llog_osd_create+0x356/0x1140 [obdclass]
00104  ? llog_create+0x2ed/0x530 [obdclass]
00104  ? llog_cat_new_log+0x6c3/0x2bf0 [obdclass]
00104  ? llog_cat_add_rec+0x6ba/0x1960 [obdclass]
00104  ? llog_cat_add+0x451/0x890 [obdclass]
00104  ? llog_test_8+0x567/0x1c20 [llog_test]
00104  ? do_raw_spin_unlock+0x52/0x230
00104  ? _raw_spin_unlock+0x23/0x40
00104  ? __llog_ctxt_put+0x1c4/0x2f0 [obdclass]
00104  ? llog_run_tests+0x39a2/0x5ac0 [llog_test]
00104  ? get_random_u32+0x51/0x470
00104  ? llog_test_device_init+0x503/0x840 [llog_test]
00104  ? obd_setup+0x559/0x960 [obdclass]
00104  ? class_setup+0xc7d/0x10e0 [obdclass]
00104  ? class_process_config+0x2edb/0x7cb0 [obdclass]
00104  ? class_handle_ioctl+0x2055/0x3590 [obdclass]
00104  ? obd_class_ioctl+0x1f6/0x3c0 [obdclass]
00104  ? __x64_sys_ioctl+0x961/0xe00
00104  ? _copy_to_user+0x3d/0x60
00104  ? __x64_sys_rt_sigaction+0x107/0x140
00104  ? do_syscall_64+0xc1/0x350
00104  ? entry_SYSCALL_64_after_hwframe+0x4b/0x53
00104  </TASK>
00104 ---[ end trace 0000000000000000 ]---
00104 Lustre: 2168:0:(llog_test.c:1290:llog_test_8()) 8b: first llog [0x1:0x10:0x0]
00104 Lustre: 2168:0:(llog_test.c:1306:llog_test_8()) 8b: fill the second plain llog
00104 ------------[ cut here ]------------
00104 WARNING: /home/ktest/git/linux/include/linux/fs.h:889 at osd_create+0x9cf/0xcf0 [osd_wbcfs], CPU#9: lctl/2168
00104 Modules linked in: llog_test(O) mgs(O) osd_wbcfs(O) lustre(O) obdecho(O) mgc(O) mdc(O) lov(O) osc(O) lmv(O) ec(O) fid(O) fld(O) ptlrpc(O) efivarfs obdclass(O) ksocklnd(O) lnet(O) libcfs(O)
00104 CPU: 9 UID: 0 PID: 2168 Comm: lctl Tainted: G        W  O        7.0.0-ktest-ff7f425-6330a45-20260727-dirty #1 PREEMPT 
00104 Tainted: [W]=WARN, [O]=OOT_MODULE
00104 Hardware name: QEMU Standard PC (Q35 + ICH9, 2009), BIOS 2025.11-3ubuntu7 03/31/2026
00104 RIP: 0010:osd_create+0x9cf/0xcf0 [osd_wbcfs]
00104 Code: c7 c7 00 c6 7b a1 48 c7 c6 a0 42 7d a1 48 c7 c2 00 4c 7d a1 e8 82 dd 43 ff 48 c7 c7 00 c6 7b a1 e8 f6 6a 44 ff e9 fe fc ff ff <0f> 0b e9 a5 fa ff ff 48 c7 c1 80 44 5d a0 80 e1 07 80 c1 03 38 c1
00104 RSP: 0018:ffffc900060774c8 EFLAGS: 00010246
00104 RAX: 0000000000000000 RBX: ffff88813d396c00 RCX: 0000000000000046
00104 RDX: 0000000000000000 RSI: ffff8881998e6620 RDI: ffff88818ececb40
00104 RBP: ffff8881998e6590 R08: ffffffff83a16803 R09: 1ffffffff0742d00
00104 R10: dffffc0000000000 R11: fffffbfff0742d01 R12: ffff8881795f6800
00104 R13: dffffc0000000000 R14: 1ffff11027a72d80 R15: 1ffff1102f2bed0f
00104 FS:  00007eff7d841940(0000) GS:ffff88831e8ad000(0000) knlGS:0000000000000000
00104 CS:  0010 DS: 0000 ES: 0000 CR0: 0000000080050033
00104 CR2: 00005628334a2b30 CR3: 000000019a736000 CR4: 0000000000750eb0
00104 PKRU: 55555554
00104 Call Trace:
00104  <TASK>
00104  ? local_object_create+0x109/0x640 [obdclass]
00104  ? dt_write_lock+0x16d/0x2a0 [obdclass]
00104  ? llog_osd_create+0x356/0x1140 [obdclass]
00104  ? llog_create+0x2ed/0x530 [obdclass]
00104  ? llog_cat_new_log+0x6c3/0x2bf0 [obdclass]
00104  ? llog_cat_add_rec+0x6ba/0x1960 [obdclass]
00104  ? llog_cat_add+0x451/0x890 [obdclass]
00104  ? llog_test_8+0xd89/0x1c20 [llog_test]
00104  ? do_raw_spin_unlock+0x52/0x230
00104  ? _raw_spin_unlock+0x23/0x40
00104  ? __llog_ctxt_put+0x1c4/0x2f0 [obdclass]
00104  ? llog_run_tests+0x39a2/0x5ac0 [llog_test]
00104  ? get_random_u32+0x51/0x470
00104  ? llog_test_device_init+0x503/0x840 [llog_test]
00104  ? obd_setup+0x559/0x960 [obdclass]
00104  ? class_setup+0xc7d/0x10e0 [obdclass]
00104  ? class_process_config+0x2edb/0x7cb0 [obdclass]
00104  ? class_handle_ioctl+0x2055/0x3590 [obdclass]
00104  ? obd_class_ioctl+0x1f6/0x3c0 [obdclass]
00104  ? __x64_sys_ioctl+0x961/0xe00
00104  ? _copy_to_user+0x3d/0x60
00104  ? __x64_sys_rt_sigaction+0x107/0x140
00104  ? do_syscall_64+0xc1/0x350
00104  ? entry_SYSCALL_64_after_hwframe+0x4b/0x53
00104  </TASK>
00104 ---[ end trace 0000000000000000 ]---
00104 Lustre: 2168:0:(llog_test.c:1330:llog_test_8()) 8b: pin llog [0x1:0x12:0x0]
00104 Lustre: 2168:0:(llog_test.c:1333:llog_test_8()) 8b: clean first llog record in catalog
00104 Lustre: 2168:0:(llog_test.c:1344:llog_test_8()) 8c: corrupt first chunk in the middle
00104 Lustre: 2168:0:(llog_test.c:1347:llog_test_8()) 8c: corrupt second chunk at start
00104 Lustre: 2168:0:(llog_test.c:1350:llog_test_8()) 8d: count survived records
00104 Lustre: 2168:0:(llog_test.c:1380:llog_test_8()) 8d: close re-opened catalog
00104 Lustre: 2168:0:(llog_test.c:1441:llog_test_9()) 9a: test llog_logid_rec
00104 ------------[ cut here ]------------
00104 WARNING: /home/ktest/git/linux/include/linux/fs.h:889 at osd_create+0x9cf/0xcf0 [osd_wbcfs], CPU#9: lctl/2168
00104 Modules linked in: llog_test(O) mgs(O) osd_wbcfs(O) lustre(O) obdecho(O) mgc(O) mdc(O) lov(O) osc(O) lmv(O) ec(O) fid(O) fld(O) ptlrpc(O) efivarfs obdclass(O) ksocklnd(O) lnet(O) libcfs(O)
00104 CPU: 9 UID: 0 PID: 2168 Comm: lctl Tainted: G        W  O        7.0.0-ktest-ff7f425-6330a45-20260727-dirty #1 PREEMPT 
00104 Tainted: [W]=WARN, [O]=OOT_MODULE
00104 Hardware name: QEMU Standard PC (Q35 + ICH9, 2009), BIOS 2025.11-3ubuntu7 03/31/2026
00104 RIP: 0010:osd_create+0x9cf/0xcf0 [osd_wbcfs]
00104 Code: c7 c7 00 c6 7b a1 48 c7 c6 a0 42 7d a1 48 c7 c2 00 4c 7d a1 e8 82 dd 43 ff 48 c7 c7 00 c6 7b a1 e8 f6 6a 44 ff e9 fe fc ff ff <0f> 0b e9 a5 fa ff ff 48 c7 c1 80 44 5d a0 80 e1 07 80 c1 03 38 c1
00104 RSP: 0018:ffffc90006077720 EFLAGS: 00010246
00104 RAX: 0000000000000000 RBX: ffff88814d4b8400 RCX: 0000000000000046
00104 RDX: 0000000000000000 RSI: ffff8881998e5f08 RDI: ffff88818ececb18
00104 RBP: ffff8881998e5e78 R08: ffffffff83a16803 R09: 1ffffffff0742d00
00104 R10: dffffc0000000000 R11: fffffbfff0742d01 R12: ffff8881795f6800
00104 R13: dffffc0000000000 R14: 1ffff11029a97080 R15: 1ffff1102f2bed0f
00104 FS:  00007eff7d841940(0000) GS:ffff88831e8ad000(0000) knlGS:0000000000000000
00104 CS:  0010 DS: 0000 ES: 0000 CR0: 0000000080050033
00104 CR2: 00005628334a2b30 CR3: 000000019a736000 CR4: 0000000000750eb0
00104 PKRU: 55555554
00104 Call Trace:
00104  <TASK>
00104  ? local_object_create+0x109/0x640 [obdclass]
00104  ? dt_write_lock+0x16d/0x2a0 [obdclass]
00104  ? llog_osd_create+0x356/0x1140 [obdclass]
00104  ? llog_create+0x2ed/0x530 [obdclass]
00104  ? llog_open_create+0x5af/0xb10 [obdclass]
00104  ? llog_test_9_sub+0xd4/0x800 [llog_test]
00104  ? llog_test_9+0x242/0x960 [llog_test]
00104  ? llog_run_tests+0x3d64/0x5ac0 [llog_test]
00104  ? get_random_u32+0x51/0x470
00104  ? llog_test_device_init+0x503/0x840 [llog_test]
00104  ? obd_setup+0x559/0x960 [obdclass]
00104  ? class_setup+0xc7d/0x10e0 [obdclass]
00104  ? class_process_config+0x2edb/0x7cb0 [obdclass]
00104  ? class_handle_ioctl+0x2055/0x3590 [obdclass]
00104  ? obd_class_ioctl+0x1f6/0x3c0 [obdclass]
00104  ? __x64_sys_ioctl+0x961/0xe00
00104  ? _copy_to_user+0x3d/0x60
00104  ? __x64_sys_rt_sigaction+0x107/0x140
00104  ? do_syscall_64+0xc1/0x350
00104  ? entry_SYSCALL_64_after_hwframe+0x4b/0x53
00104  </TASK>
00104 ---[ end trace 0000000000000000 ]---
00104 Lustre: 2168:0:(llog_test.c:1425:llog_test_9_sub()) 9_sub: record type 1064553b in log 0x1:0x14:0x0
00104 Lustre: 2168:0:(llog_test.c:1452:llog_test_9()) 9b: test llog_obd_cfg_rec
00104 ------------[ cut here ]------------
00104 WARNING: /home/ktest/git/linux/include/linux/fs.h:889 at osd_create+0x9cf/0xcf0 [osd_wbcfs], CPU#9: lctl/2168
00104 Modules linked in: llog_test(O) mgs(O) osd_wbcfs(O) lustre(O) obdecho(O) mgc(O) mdc(O) lov(O) osc(O) lmv(O) ec(O) fid(O) fld(O) ptlrpc(O) efivarfs obdclass(O) ksocklnd(O) lnet(O) libcfs(O)
00104 CPU: 9 UID: 0 PID: 2168 Comm: lctl Tainted: G        W  O        7.0.0-ktest-ff7f425-6330a45-20260727-dirty #1 PREEMPT 
00104 Tainted: [W]=WARN, [O]=OOT_MODULE
00104 Hardware name: QEMU Standard PC (Q35 + ICH9, 2009), BIOS 2025.11-3ubuntu7 03/31/2026
00104 RIP: 0010:osd_create+0x9cf/0xcf0 [osd_wbcfs]
00104 Code: c7 c7 00 c6 7b a1 48 c7 c6 a0 42 7d a1 48 c7 c2 00 4c 7d a1 e8 82 dd 43 ff 48 c7 c7 00 c6 7b a1 e8 f6 6a 44 ff e9 fe fc ff ff <0f> 0b e9 a5 fa ff ff 48 c7 c1 80 44 5d a0 80 e1 07 80 c1 03 38 c1
00104 RSP: 0018:ffffc90006077720 EFLAGS: 00010246
00104 RAX: 0000000000000000 RBX: ffff88814d4bd800 RCX: 0000000000000046
00104 RDX: 0000000000000000 RSI: ffff8881998e57f0 RDI: ffff88818ececb18
00104 RBP: ffff8881998e5760 R08: ffffffff83a16803 R09: 1ffffffff0742d00
00104 R10: dffffc0000000000 R11: fffffbfff0742d01 R12: ffff8881795f6800
00104 R13: dffffc0000000000 R14: 1ffff11029a97b00 R15: 1ffff1102f2bed0f
00104 FS:  00007eff7d841940(0000) GS:ffff88831e8ad000(0000) knlGS:0000000000000000
00104 CS:  0010 DS: 0000 ES: 0000 CR0: 0000000080050033
00104 CR2: 00005628334a2b30 CR3: 000000019a736000 CR4: 0000000000750eb0
00104 PKRU: 55555554
00104 Call Trace:
00104  <TASK>
00104  ? local_object_create+0x109/0x640 [obdclass]
00104  ? dt_write_lock+0x16d/0x2a0 [obdclass]
00104  ? llog_osd_create+0x356/0x1140 [obdclass]
00104  ? llog_create+0x2ed/0x530 [obdclass]
00104  ? llog_open_create+0x5af/0xb10 [obdclass]
00104  ? llog_test_9_sub+0xd4/0x800 [llog_test]
00104  ? llog_test_9+0x373/0x960 [llog_test]
00104  ? llog_run_tests+0x3d64/0x5ac0 [llog_test]
00104  ? get_random_u32+0x51/0x470
00104  ? llog_test_device_init+0x503/0x840 [llog_test]
00104  ? obd_setup+0x559/0x960 [obdclass]
00104  ? class_setup+0xc7d/0x10e0 [obdclass]
00104  ? class_process_config+0x2edb/0x7cb0 [obdclass]
00104  ? class_handle_ioctl+0x2055/0x3590 [obdclass]
00104  ? obd_class_ioctl+0x1f6/0x3c0 [obdclass]
00104  ? __x64_sys_ioctl+0x961/0xe00
00104  ? _copy_to_user+0x3d/0x60
00104  ? __x64_sys_rt_sigaction+0x107/0x140
00104  ? do_syscall_64+0xc1/0x350
00104  ? entry_SYSCALL_64_after_hwframe+0x4b/0x53
00104  </TASK>
00104 ---[ end trace 0000000000000000 ]---
00104 Lustre: 2168:0:(llog_test.c:1463:llog_test_9()) 9c: test llog_changelog_rec
00104 ------------[ cut here ]------------
00104 WARNING: /home/ktest/git/linux/include/linux/fs.h:889 at osd_create+0x9cf/0xcf0 [osd_wbcfs], CPU#9: lctl/2168
00104 Modules linked in: llog_test(O) mgs(O) osd_wbcfs(O) lustre(O) obdecho(O) mgc(O) mdc(O) lov(O) osc(O) lmv(O) ec(O) fid(O) fld(O) ptlrpc(O) efivarfs obdclass(O) ksocklnd(O) lnet(O) libcfs(O)
00104 CPU: 9 UID: 0 PID: 2168 Comm: lctl Tainted: G        W  O        7.0.0-ktest-ff7f425-6330a45-20260727-dirty #1 PREEMPT 
00104 Tainted: [W]=WARN, [O]=OOT_MODULE
00104 Hardware name: QEMU Standard PC (Q35 + ICH9, 2009), BIOS 2025.11-3ubuntu7 03/31/2026
00104 RIP: 0010:osd_create+0x9cf/0xcf0 [osd_wbcfs]
00104 Code: c7 c7 00 c6 7b a1 48 c7 c6 a0 42 7d a1 48 c7 c2 00 4c 7d a1 e8 82 dd 43 ff 48 c7 c7 00 c6 7b a1 e8 f6 6a 44 ff e9 fe fc ff ff <0f> 0b e9 a5 fa ff ff 48 c7 c1 80 44 5d a0 80 e1 07 80 c1 03 38 c1
00104 RSP: 0018:ffffc90006077720 EFLAGS: 00010246
00104 RAX: 0000000000000000 RBX: ffff88814d4bd000 RCX: 0000000000000046
00104 RDX: 0000000000000000 RSI: ffff8881998e50d8 RDI: ffff88818ececb18
00104 RBP: ffff8881998e5048 R08: ffffffff83a16803 R09: 1ffffffff0742d00
00104 R10: dffffc0000000000 R11: fffffbfff0742d01 R12: ffff8881795f6800
00104 R13: dffffc0000000000 R14: 1ffff11029a97a00 R15: 1ffff1102f2bed0f
00104 FS:  00007eff7d841940(0000) GS:ffff88831e8ad000(0000) knlGS:0000000000000000
00104 CS:  0010 DS: 0000 ES: 0000 CR0: 0000000080050033
00104 CR2: 00005628334a2b30 CR3: 000000019a736000 CR4: 0000000000750eb0
00104 PKRU: 55555554
00104 Call Trace:
00104  <TASK>
00104  ? local_object_create+0x109/0x640 [obdclass]
00104  ? dt_write_lock+0x16d/0x2a0 [obdclass]
00104  ? llog_osd_create+0x356/0x1140 [obdclass]
00104  ? llog_create+0x2ed/0x530 [obdclass]
00104  ? llog_open_create+0x5af/0xb10 [obdclass]
00104  ? llog_test_9_sub+0xd4/0x800 [llog_test]
00104  ? llog_test_9+0x4a4/0x960 [llog_test]
00104  ? llog_run_tests+0x3d64/0x5ac0 [llog_test]
00104  ? get_random_u32+0x51/0x470
00104  ? llog_test_device_init+0x503/0x840 [llog_test]
00104  ? obd_setup+0x559/0x960 [obdclass]
00104  ? class_setup+0xc7d/0x10e0 [obdclass]
00104  ? class_process_config+0x2edb/0x7cb0 [obdclass]
00104  ? class_handle_ioctl+0x2055/0x3590 [obdclass]
00104  ? obd_class_ioctl+0x1f6/0x3c0 [obdclass]
00104  ? __x64_sys_ioctl+0x961/0xe00
00104  ? _copy_to_user+0x3d/0x60
00104  ? __x64_sys_rt_sigaction+0x107/0x140
00104  ? do_syscall_64+0xc1/0x350
00104  ? entry_SYSCALL_64_after_hwframe+0x4b/0x53
00104  </TASK>
00104 ---[ end trace 0000000000000000 ]---
00104 Lustre: 2168:0:(llog_test.c:1475:llog_test_9()) 9d: test llog_changelog_user_rec2
00104 ------------[ cut here ]------------
00104 WARNING: /home/ktest/git/linux/include/linux/fs.h:889 at osd_create+0x9cf/0xcf0 [osd_wbcfs], CPU#9: lctl/2168
00104 Modules linked in: llog_test(O) mgs(O) osd_wbcfs(O) lustre(O) obdecho(O) mgc(O) mdc(O) lov(O) osc(O) lmv(O) ec(O) fid(O) fld(O) ptlrpc(O) efivarfs obdclass(O) ksocklnd(O) lnet(O) libcfs(O)
00104 CPU: 9 UID: 0 PID: 2168 Comm: lctl Tainted: G        W  O        7.0.0-ktest-ff7f425-6330a45-20260727-dirty #1 PREEMPT 
00104 Tainted: [W]=WARN, [O]=OOT_MODULE
00104 Hardware name: QEMU Standard PC (Q35 + ICH9, 2009), BIOS 2025.11-3ubuntu7 03/31/2026
00104 RIP: 0010:osd_create+0x9cf/0xcf0 [osd_wbcfs]
00104 Code: c7 c7 00 c6 7b a1 48 c7 c6 a0 42 7d a1 48 c7 c2 00 4c 7d a1 e8 82 dd 43 ff 48 c7 c7 00 c6 7b a1 e8 f6 6a 44 ff e9 fe fc ff ff <0f> 0b e9 a5 fa ff ff 48 c7 c1 80 44 5d a0 80 e1 07 80 c1 03 38 c1
00104 RSP: 0018:ffffc90006077720 EFLAGS: 00010246
00104 RAX: 0000000000000000 RBX: ffff88814d4bc400 RCX: 0000000000000046
00104 RDX: 0000000000000000 RSI: ffff8881998e49c0 RDI: ffff88818ececb18
00104 RBP: ffff8881998e4930 R08: ffffffff83a16803 R09: 1ffffffff0742d00
00104 R10: dffffc0000000000 R11: fffffbfff0742d01 R12: ffff8881795f6800
00104 R13: dffffc0000000000 R14: 1ffff11029a97880 R15: 1ffff1102f2bed0f
00104 FS:  00007eff7d841940(0000) GS:ffff88831e8ad000(0000) knlGS:0000000000000000
00104 CS:  0010 DS: 0000 ES: 0000 CR0: 0000000080050033
00104 CR2: 00005628334a2b30 CR3: 000000019a736000 CR4: 0000000000750eb0
00104 PKRU: 55555554
00104 Call Trace:
00104  <TASK>
00104  ? local_object_create+0x109/0x640 [obdclass]
00104  ? dt_write_lock+0x16d/0x2a0 [obdclass]
00104  ? llog_osd_create+0x356/0x1140 [obdclass]
00104  ? llog_create+0x2ed/0x530 [obdclass]
00104  ? llog_open_create+0x5af/0xb10 [obdclass]
00104  ? llog_test_9_sub+0xd4/0x800 [llog_test]
00104  ? llog_test_9+0x5d5/0x960 [llog_test]
00104  ? llog_run_tests+0x3d64/0x5ac0 [llog_test]
00104  ? get_random_u32+0x51/0x470
00104  ? llog_test_device_init+0x503/0x840 [llog_test]
00104  ? obd_setup+0x559/0x960 [obdclass]
00104  ? class_setup+0xc7d/0x10e0 [obdclass]
00104  ? class_process_config+0x2edb/0x7cb0 [obdclass]
00104  ? class_handle_ioctl+0x2055/0x3590 [obdclass]
00104  ? obd_class_ioctl+0x1f6/0x3c0 [obdclass]
00104  ? __x64_sys_ioctl+0x961/0xe00
00104  ? _copy_to_user+0x3d/0x60
00104  ? __x64_sys_rt_sigaction+0x107/0x140
00104  ? do_syscall_64+0xc1/0x350
00104  ? entry_SYSCALL_64_after_hwframe+0x4b/0x53
00104  </TASK>
00104 ---[ end trace 0000000000000000 ]---
00104 Lustre: 2168:0:(llog_test.c:1576:llog_test_10()) 10a: create a catalog log with name: 922f8a10
00104 ------------[ cut here ]------------
00104 WARNING: /home/ktest/git/linux/include/linux/fs.h:889 at osd_create+0x9cf/0xcf0 [osd_wbcfs], CPU#9: lctl/2168
00104 Modules linked in: llog_test(O) mgs(O) osd_wbcfs(O) lustre(O) obdecho(O) mgc(O) mdc(O) lov(O) osc(O) lmv(O) ec(O) fid(O) fld(O) ptlrpc(O) efivarfs obdclass(O) ksocklnd(O) lnet(O) libcfs(O)
00104 CPU: 9 UID: 0 PID: 2168 Comm: lctl Tainted: G        W  O        7.0.0-ktest-ff7f425-6330a45-20260727-dirty #1 PREEMPT 
00104 Tainted: [W]=WARN, [O]=OOT_MODULE
00104 Hardware name: QEMU Standard PC (Q35 + ICH9, 2009), BIOS 2025.11-3ubuntu7 03/31/2026
00104 RIP: 0010:osd_create+0x9cf/0xcf0 [osd_wbcfs]
00104 Code: c7 c7 00 c6 7b a1 48 c7 c6 a0 42 7d a1 48 c7 c2 00 4c 7d a1 e8 82 dd 43 ff 48 c7 c7 00 c6 7b a1 e8 f6 6a 44 ff e9 fe fc ff ff <0f> 0b e9 a5 fa ff ff 48 c7 c1 80 44 5d a0 80 e1 07 80 c1 03 38 c1
00104 RSP: 0018:ffffc900060775d8 EFLAGS: 00010246
00104 RAX: 0000000000000000 RBX: ffff88814d4bbc00 RCX: 0000000000000046
00104 RDX: 0000000000000000 RSI: ffff8881998e42a8 RDI: ffff88818ececb18
00104 RBP: ffff8881998e4218 R08: ffffffff83a16803 R09: 1ffffffff0742d00
00104 R10: dffffc0000000000 R11: fffffbfff0742d01 R12: ffff8881795f6800
00104 R13: dffffc0000000000 R14: 1ffff11029a97780 R15: 1ffff1102f2bed0f
00104 FS:  00007eff7d841940(0000) GS:ffff88831e8ad000(0000) knlGS:0000000000000000
00104 CS:  0010 DS: 0000 ES: 0000 CR0: 0000000080050033
00104 CR2: 00005628334a2b30 CR3: 000000019a736000 CR4: 0000000000750eb0
00104 PKRU: 55555554
00104 Call Trace:
00104  <TASK>
00104  ? local_object_create+0x109/0x640 [obdclass]
00104  ? dt_write_lock+0x16d/0x2a0 [obdclass]
00104  ? llog_osd_create+0x356/0x1140 [obdclass]
00104  ? llog_create+0x2ed/0x530 [obdclass]
00104  ? llog_open_create+0x5af/0xb10 [obdclass]
00104  ? llog_test_10+0x2e1/0x5600 [llog_test]
00104  ? lu_object_put+0xa64/0x1210 [obdclass]
00104  ? do_raw_spin_unlock+0x52/0x230
00104  ? _raw_spin_unlock+0x23/0x40
00104  ? __llog_ctxt_put+0x1c4/0x2f0 [obdclass]
00104  ? llog_run_tests+0x3f45/0x5ac0 [llog_test]
00104  ? get_random_u32+0x51/0x470
00104  ? llog_test_device_init+0x503/0x840 [llog_test]
00104  ? obd_setup+0x559/0x960 [obdclass]
00104  ? class_setup+0xc7d/0x10e0 [obdclass]
00104  ? class_process_config+0x2edb/0x7cb0 [obdclass]
00104  ? class_handle_ioctl+0x2055/0x3590 [obdclass]
00104  ? obd_class_ioctl+0x1f6/0x3c0 [obdclass]
00104  ? __x64_sys_ioctl+0x961/0xe00
00104  ? _copy_to_user+0x3d/0x60
00104  ? __x64_sys_rt_sigaction+0x107/0x140
00104  ? do_syscall_64+0xc1/0x350
00104  ? entry_SYSCALL_64_after_hwframe+0x4b/0x53
00104  </TASK>
00104 ---[ end trace 0000000000000000 ]---
00104 Lustre: 2168:0:(llog_test.c:1608:llog_test_10()) 10b: write 64767 log records
00104 ------------[ cut here ]------------
00104 WARNING: /home/ktest/git/linux/include/linux/fs.h:889 at osd_create+0x9cf/0xcf0 [osd_wbcfs], CPU#9: lctl/2168
00104 Modules linked in: llog_test(O) mgs(O) osd_wbcfs(O) lustre(O) obdecho(O) mgc(O) mdc(O) lov(O) osc(O) lmv(O) ec(O) fid(O) fld(O) ptlrpc(O) efivarfs obdclass(O) ksocklnd(O) lnet(O) libcfs(O)
00104 CPU: 9 UID: 0 PID: 2168 Comm: lctl Tainted: G        W  O        7.0.0-ktest-ff7f425-6330a45-20260727-dirty #1 PREEMPT 
00104 Tainted: [W]=WARN, [O]=OOT_MODULE
00104 Hardware name: QEMU Standard PC (Q35 + ICH9, 2009), BIOS 2025.11-3ubuntu7 03/31/2026
00104 RIP: 0010:osd_create+0x9cf/0xcf0 [osd_wbcfs]
00104 Code: c7 c7 00 c6 7b a1 48 c7 c6 a0 42 7d a1 48 c7 c2 00 4c 7d a1 e8 82 dd 43 ff 48 c7 c7 00 c6 7b a1 e8 f6 6a 44 ff e9 fe fc ff ff <0f> 0b e9 a5 fa ff ff 48 c7 c1 80 44 5d a0 80 e1 07 80 c1 03 38 c1
00104 RSP: 0018:ffffc90006077478 EFLAGS: 00010246
00104 RAX: 0000000000000000 RBX: ffff88814d4bb400 RCX: 0000000000000046
00104 RDX: 0000000000000000 RSI: ffff8881998e3b90 RDI: ffff88818ececb40
00104 RBP: ffff8881998e3b00 R08: ffffffff83a16803 R09: 1ffffffff0742d00
00104 R10: dffffc0000000000 R11: fffffbfff0742d01 R12: ffff8881795f6800
00104 R13: dffffc0000000000 R14: 1ffff11029a97680 R15: 1ffff1102f2bed0f
00104 FS:  00007eff7d841940(0000) GS:ffff88831e8ad000(0000) knlGS:0000000000000000
00104 CS:  0010 DS: 0000 ES: 0000 CR0: 0000000080050033
00104 CR2: 00005628334a2b30 CR3: 000000019a736000 CR4: 0000000000750eb0
00104 PKRU: 55555554
00104 Call Trace:
00104  <TASK>
00104  ? local_object_create+0x109/0x640 [obdclass]
00104  ? dt_write_lock+0x16d/0x2a0 [obdclass]
00104  ? llog_osd_create+0x356/0x1140 [obdclass]
00104  ? llog_create+0x2ed/0x530 [obdclass]
00104  ? llog_cat_new_log+0x6c3/0x2bf0 [obdclass]
00104  ? llog_cat_add_rec+0x6ba/0x1960 [obdclass]
00104  ? llog_cat_add+0x451/0x890 [obdclass]
00104  ? llog_test_10+0x91d/0x5600 [llog_test]
00104  ? lu_object_put+0xa64/0x1210 [obdclass]
00104  ? do_raw_spin_unlock+0x52/0x230
00104  ? _raw_spin_unlock+0x23/0x40
00104  ? __llog_ctxt_put+0x1c4/0x2f0 [obdclass]
00104  ? llog_run_tests+0x3f45/0x5ac0 [llog_test]
00104  ? get_random_u32+0x51/0x470
00104  ? llog_test_device_init+0x503/0x840 [llog_test]
00104  ? obd_setup+0x559/0x960 [obdclass]
00104  ? class_setup+0xc7d/0x10e0 [obdclass]
00104  ? class_process_config+0x2edb/0x7cb0 [obdclass]
00104  ? class_handle_ioctl+0x2055/0x3590 [obdclass]
00104  ? obd_class_ioctl+0x1f6/0x3c0 [obdclass]
00104  ? __x64_sys_ioctl+0x961/0xe00
00104  ? _copy_to_user+0x3d/0x60
00104  ? __x64_sys_rt_sigaction+0x107/0x140
00104  ? do_syscall_64+0xc1/0x350
00104  ? entry_SYSCALL_64_after_hwframe+0x4b/0x53
00104  </TASK>
00104 ---[ end trace 0000000000000000 ]---
00108 ------------[ cut here ]------------
00108 WARNING: /home/ktest/git/linux/include/linux/fs.h:889 at osd_create+0x9cf/0xcf0 [osd_wbcfs], CPU#9: lctl/2168
00108 Modules linked in: llog_test(O) mgs(O) osd_wbcfs(O) lustre(O) obdecho(O) mgc(O) mdc(O) lov(O) osc(O) lmv(O) ec(O) fid(O) fld(O) ptlrpc(O) efivarfs obdclass(O) ksocklnd(O) lnet(O) libcfs(O)
00108 CPU: 9 UID: 0 PID: 2168 Comm: lctl Tainted: G        W  O        7.0.0-ktest-ff7f425-6330a45-20260727-dirty #1 PREEMPT 
00108 Tainted: [W]=WARN, [O]=OOT_MODULE
00108 Hardware name: QEMU Standard PC (Q35 + ICH9, 2009), BIOS 2025.11-3ubuntu7 03/31/2026
00108 RIP: 0010:osd_create+0x9cf/0xcf0 [osd_wbcfs]
00108 Code: c7 c7 00 c6 7b a1 48 c7 c6 a0 42 7d a1 48 c7 c2 00 4c 7d a1 e8 82 dd 43 ff 48 c7 c7 00 c6 7b a1 e8 f6 6a 44 ff e9 fe fc ff ff <0f> 0b e9 a5 fa ff ff 48 c7 c1 80 44 5d a0 80 e1 07 80 c1 03 38 c1
00108 RSP: 0018:ffffc90006077478 EFLAGS: 00010246
00108 RAX: 0000000000000000 RBX: ffff88814d4bac00 RCX: 0000000000000046
00108 RDX: 0000000000000000 RSI: ffff8881998e3478 RDI: ffff88818ececb40
00108 RBP: ffff8881998e33e8 R08: ffffffff83a16803 R09: 1ffffffff0742d00
00108 R10: dffffc0000000000 R11: fffffbfff0742d01 R12: ffff8881795f6800
00108 R13: dffffc0000000000 R14: 1ffff11029a97580 R15: 1ffff1102f2bed0f
00108 FS:  00007eff7d841940(0000) GS:ffff88831e8ad000(0000) knlGS:0000000000000000
00108 CS:  0010 DS: 0000 ES: 0000 CR0: 0000000080050033
00108 CR2: 00005628334a2b30 CR3: 000000019a736000 CR4: 0000000000750eb0
00108 PKRU: 55555554
00108 Call Trace:
00108  <TASK>
00108  ? local_object_create+0x109/0x640 [obdclass]
00108  ? dt_write_lock+0x16d/0x2a0 [obdclass]
00108  ? llog_osd_create+0x356/0x1140 [obdclass]
00108  ? llog_create+0x2ed/0x530 [obdclass]
00108  ? llog_cat_new_log+0x6c3/0x2bf0 [obdclass]
00108  ? llog_cat_add_rec+0x6ba/0x1960 [obdclass]
00108  ? llog_cat_add+0x451/0x890 [obdclass]
00108  ? llog_test_10+0x91d/0x5600 [llog_test]
00108  ? lu_object_put+0xa64/0x1210 [obdclass]
00108  ? do_raw_spin_unlock+0x52/0x230
00108  ? _raw_spin_unlock+0x23/0x40
00108  ? __llog_ctxt_put+0x1c4/0x2f0 [obdclass]
00108  ? llog_run_tests+0x3f45/0x5ac0 [llog_test]
00108  ? get_random_u32+0x51/0x470
00108  ? llog_test_device_init+0x503/0x840 [llog_test]
00108  ? obd_setup+0x559/0x960 [obdclass]
00108  ? class_setup+0xc7d/0x10e0 [obdclass]
00108  ? class_process_config+0x2edb/0x7cb0 [obdclass]
00108  ? class_handle_ioctl+0x2055/0x3590 [obdclass]
00108  ? obd_class_ioctl+0x1f6/0x3c0 [obdclass]
00108  ? __x64_sys_ioctl+0x961/0xe00
00108  ? _copy_to_user+0x3d/0x60
00108  ? __x64_sys_rt_sigaction+0x107/0x140
00108  ? do_syscall_64+0xc1/0x350
00108  ? entry_SYSCALL_64_after_hwframe+0x4b/0x53
00108  </TASK>
00108 ---[ end trace 0000000000000000 ]---
00108 Lustre: 2168:0:(llog_test.c:1634:llog_test_10()) 10c: write 129534 more log records
00111 ------------[ cut here ]------------
00111 WARNING: /home/ktest/git/linux/include/linux/fs.h:889 at osd_create+0x9cf/0xcf0 [osd_wbcfs], CPU#9: lctl/2168
00111 Modules linked in: llog_test(O) mgs(O) osd_wbcfs(O) lustre(O) obdecho(O) mgc(O) mdc(O) lov(O) osc(O) lmv(O) ec(O) fid(O) fld(O) ptlrpc(O) efivarfs obdclass(O) ksocklnd(O) lnet(O) libcfs(O)
00111 CPU: 9 UID: 0 PID: 2168 Comm: lctl Tainted: G        W  O        7.0.0-ktest-ff7f425-6330a45-20260727-dirty #1 PREEMPT 
00111 Tainted: [W]=WARN, [O]=OOT_MODULE
00111 Hardware name: QEMU Standard PC (Q35 + ICH9, 2009), BIOS 2025.11-3ubuntu7 03/31/2026
00111 RIP: 0010:osd_create+0x9cf/0xcf0 [osd_wbcfs]
00111 Code: c7 c7 00 c6 7b a1 48 c7 c6 a0 42 7d a1 48 c7 c2 00 4c 7d a1 e8 82 dd 43 ff 48 c7 c7 00 c6 7b a1 e8 f6 6a 44 ff e9 fe fc ff ff <0f> 0b e9 a5 fa ff ff 48 c7 c1 80 44 5d a0 80 e1 07 80 c1 03 38 c1
00111 RSP: 0018:ffffc90006077478 EFLAGS: 00010246
00111 RAX: 0000000000000000 RBX: ffff888192161c00 RCX: 0000000000000046
00111 RDX: 0000000000000000 RSI: ffff8881998e2d60 RDI: ffff88818ececb40
00111 RBP: ffff8881998e2cd0 R08: ffffffff83a16803 R09: 1ffffffff0742d00
00111 R10: dffffc0000000000 R11: fffffbfff0742d01 R12: ffff8881795f6800
00111 R13: dffffc0000000000 R14: 1ffff1103242c380 R15: 1ffff1102f2bed0f
00111 FS:  00007eff7d841940(0000) GS:ffff88831e8ad000(0000) knlGS:0000000000000000
00111 CS:  0010 DS: 0000 ES: 0000 CR0: 0000000080050033
00111 CR2: 00005628334a2b30 CR3: 000000019a736000 CR4: 0000000000750eb0
00111 PKRU: 55555554
00111 Call Trace:
00111  <TASK>
00111  ? local_object_create+0x109/0x640 [obdclass]
00111  ? dt_write_lock+0x16d/0x2a0 [obdclass]
00111  ? llog_osd_create+0x356/0x1140 [obdclass]
00111  ? llog_create+0x2ed/0x530 [obdclass]
00111  ? llog_cat_new_log+0x6c3/0x2bf0 [obdclass]
00111  ? llog_cat_add_rec+0x6ba/0x1960 [obdclass]
00111  ? llog_cat_add+0x451/0x890 [obdclass]
00111  ? llog_test_10+0xbd3/0x5600 [llog_test]
00111  ? lu_object_put+0xa64/0x1210 [obdclass]
00111  ? do_raw_spin_unlock+0x52/0x230
00111  ? _raw_spin_unlock+0x23/0x40
00111  ? __llog_ctxt_put+0x1c4/0x2f0 [obdclass]
00111  ? llog_run_tests+0x3f45/0x5ac0 [llog_test]
00111  ? get_random_u32+0x51/0x470
00111  ? llog_test_device_init+0x503/0x840 [llog_test]
00111  ? obd_setup+0x559/0x960 [obdclass]
00111  ? class_setup+0xc7d/0x10e0 [obdclass]
00111  ? class_process_config+0x2edb/0x7cb0 [obdclass]
00111  ? class_handle_ioctl+0x2055/0x3590 [obdclass]
00111  ? obd_class_ioctl+0x1f6/0x3c0 [obdclass]
00111  ? __x64_sys_ioctl+0x961/0xe00
00111  ? _copy_to_user+0x3d/0x60
00111  ? __x64_sys_rt_sigaction+0x107/0x140
00111  ? do_syscall_64+0xc1/0x350
00111  ? entry_SYSCALL_64_after_hwframe+0x4b/0x53
00111  </TASK>
00111 ---[ end trace 0000000000000000 ]---
00115 ------------[ cut here ]------------
00115 WARNING: /home/ktest/git/linux/include/linux/fs.h:889 at osd_create+0x9cf/0xcf0 [osd_wbcfs], CPU#9: lctl/2168
00115 Modules linked in: llog_test(O) mgs(O) osd_wbcfs(O) lustre(O) obdecho(O) mgc(O) mdc(O) lov(O) osc(O) lmv(O) ec(O) fid(O) fld(O) ptlrpc(O) efivarfs obdclass(O) ksocklnd(O) lnet(O) libcfs(O)
00115 CPU: 9 UID: 0 PID: 2168 Comm: lctl Tainted: G        W  O        7.0.0-ktest-ff7f425-6330a45-20260727-dirty #1 PREEMPT 
00115 Tainted: [W]=WARN, [O]=OOT_MODULE
00115 Hardware name: QEMU Standard PC (Q35 + ICH9, 2009), BIOS 2025.11-3ubuntu7 03/31/2026
00115 RIP: 0010:osd_create+0x9cf/0xcf0 [osd_wbcfs]
00115 Code: c7 c7 00 c6 7b a1 48 c7 c6 a0 42 7d a1 48 c7 c2 00 4c 7d a1 e8 82 dd 43 ff 48 c7 c7 00 c6 7b a1 e8 f6 6a 44 ff e9 fe fc ff ff <0f> 0b e9 a5 fa ff ff 48 c7 c1 80 44 5d a0 80 e1 07 80 c1 03 38 c1
00115 RSP: 0018:ffffc90006077478 EFLAGS: 00010246
00115 RAX: 0000000000000000 RBX: ffff88819842b000 RCX: 0000000000000046
00115 RDX: 0000000000000000 RSI: ffff8881968150d8 RDI: ffff88818ececb40
00115 RBP: ffff888196815048 R08: ffffffff83a16803 R09: 1ffffffff0742d00
00115 R10: dffffc0000000000 R11: fffffbfff0742d01 R12: ffff8881795f6800
00115 R13: dffffc0000000000 R14: 1ffff11033085600 R15: 1ffff1102f2bed0f
00115 FS:  00007eff7d841940(0000) GS:ffff88831e8ad000(0000) knlGS:0000000000000000
00115 CS:  0010 DS: 0000 ES: 0000 CR0: 0000000080050033
00115 CR2: 00005628334a2b30 CR3: 000000019a736000 CR4: 0000000000750eb0
00115 PKRU: 55555554
00115 Call Trace:
00115  <TASK>
00115  ? local_object_create+0x109/0x640 [obdclass]
00115  ? dt_write_lock+0x16d/0x2a0 [obdclass]
00115  ? llog_osd_create+0x356/0x1140 [obdclass]
00115  ? llog_create+0x2ed/0x530 [obdclass]
00115  ? llog_cat_new_log+0x6c3/0x2bf0 [obdclass]
00115  ? llog_cat_add_rec+0x6ba/0x1960 [obdclass]
00115  ? llog_cat_add+0x451/0x890 [obdclass]
00115  ? llog_test_10+0xbd3/0x5600 [llog_test]
00115  ? lu_object_put+0xa64/0x1210 [obdclass]
00115  ? do_raw_spin_unlock+0x52/0x230
00115  ? _raw_spin_unlock+0x23/0x40
00115  ? __llog_ctxt_put+0x1c4/0x2f0 [obdclass]
00115  ? llog_run_tests+0x3f45/0x5ac0 [llog_test]
00115  ? get_random_u32+0x51/0x470
00115  ? llog_test_device_init+0x503/0x840 [llog_test]
00115  ? obd_setup+0x559/0x960 [obdclass]
00115  ? class_setup+0xc7d/0x10e0 [obdclass]
00115  ? class_process_config+0x2edb/0x7cb0 [obdclass]
00115  ? class_handle_ioctl+0x2055/0x3590 [obdclass]
00115  ? obd_class_ioctl+0x1f6/0x3c0 [obdclass]
00115  ? __x64_sys_ioctl+0x961/0xe00
00115  ? _copy_to_user+0x3d/0x60
00115  ? __x64_sys_rt_sigaction+0x107/0x140
00115  ? do_syscall_64+0xc1/0x350
00115  ? entry_SYSCALL_64_after_hwframe+0x4b/0x53
00115  </TASK>
00115 ---[ end trace 0000000000000000 ]---
00115 Lustre: 2168:0:(llog_test.c:1666:llog_test_10()) 10c: write 64767 more log records
00118 Lustre: 2168:0:(llog_cat.c:80:llog_cat_new_log()) MGS: there are no more free slots in catalog 922f8a10
00118 LustreError: 2168:0:(llog_cat.c:593:llog_cat_add_rec()) MGS: initialization error: rc = -28
00118 Lustre: 2168:0:(llog_test.c:1692:llog_test_10()) 10c: wrote 64011 records then 756 failed with ENOSPC
00118 Lustre: 2168:0:(llog_test.c:1711:llog_test_10()) 10d: Cancel 64767 records, see one log zapped
00120 Lustre: 2168:0:(llog_test.c:1725:llog_test_10()) 10d: print the catalog entries.. we expect 3
00120 Lustre: 2190:0:(llog_test.c:700:cat_print_cb()) seeing record at index 2 - [0x1:0x19:0x0] in log [0xa:0x5:0x0]
00120 Lustre: 2168:0:(llog_test.c:1755:llog_test_10()) 10e: write 64767 more log records
00120 ------------[ cut here ]------------
00120 WARNING: /home/ktest/git/linux/include/linux/fs.h:889 at osd_create+0x9cf/0xcf0 [osd_wbcfs], CPU#9: lctl/2168
00120 Modules linked in: llog_test(O) mgs(O) osd_wbcfs(O) lustre(O) obdecho(O) mgc(O) mdc(O) lov(O) osc(O) lmv(O) ec(O) fid(O) fld(O) ptlrpc(O) efivarfs obdclass(O) ksocklnd(O) lnet(O) libcfs(O)
00120 CPU: 9 UID: 0 PID: 2168 Comm: lctl Tainted: G        W  O        7.0.0-ktest-ff7f425-6330a45-20260727-dirty #1 PREEMPT 
00120 Tainted: [W]=WARN, [O]=OOT_MODULE
00120 Hardware name: QEMU Standard PC (Q35 + ICH9, 2009), BIOS 2025.11-3ubuntu7 03/31/2026
00120 RIP: 0010:osd_create+0x9cf/0xcf0 [osd_wbcfs]
00120 Code: c7 c7 00 c6 7b a1 48 c7 c6 a0 42 7d a1 48 c7 c2 00 4c 7d a1 e8 82 dd 43 ff 48 c7 c7 00 c6 7b a1 e8 f6 6a 44 ff e9 fe fc ff ff <0f> 0b e9 a5 fa ff ff 48 c7 c1 80 44 5d a0 80 e1 07 80 c1 03 38 c1
00120 RSP: 0018:ffffc90006077478 EFLAGS: 00010246
00120 RAX: 0000000000000000 RBX: ffff888107a44800 RCX: 0000000000000046
00120 RDX: 0000000000000000 RSI: ffff8881968149c0 RDI: ffff88818ececb40
00120 RBP: ffff888196814930 R08: ffffffff83a16803 R09: 1ffffffff0742d00
00120 R10: dffffc0000000000 R11: fffffbfff0742d01 R12: ffff8881795f6800
00120 R13: dffffc0000000000 R14: 1ffff11020f48900 R15: 1ffff1102f2bed0f
00120 FS:  00007eff7d841940(0000) GS:ffff88831e8ad000(0000) knlGS:0000000000000000
00120 CS:  0010 DS: 0000 ES: 0000 CR0: 0000000080050033
00120 CR2: 00005628334a2b30 CR3: 000000019a736000 CR4: 0000000000750eb0
00120 PKRU: 55555554
00120 Call Trace:
00120  <TASK>
00120  ? local_object_create+0x109/0x640 [obdclass]
00120  ? dt_write_lock+0x16d/0x2a0 [obdclass]
00120  ? llog_osd_create+0x356/0x1140 [obdclass]
00120  ? llog_create+0x2ed/0x530 [obdclass]
00120  ? llog_cat_new_log+0x6c3/0x2bf0 [obdclass]
00120  ? llog_cat_add_rec+0x6ba/0x1960 [obdclass]
00120  ? llog_cat_add+0x451/0x890 [obdclass]
00120  ? llog_test_10+0x19aa/0x5600 [llog_test]
00120  ? lu_object_put+0xa64/0x1210 [obdclass]
00120  ? do_raw_spin_unlock+0x52/0x230
00120  ? _raw_spin_unlock+0x23/0x40
00120  ? __llog_ctxt_put+0x1c4/0x2f0 [obdclass]
00120  ? llog_run_tests+0x3f45/0x5ac0 [llog_test]
00120  ? get_random_u32+0x51/0x470
00120  ? llog_test_device_init+0x503/0x840 [llog_test]
00120  ? obd_setup+0x559/0x960 [obdclass]
00120  ? class_setup+0xc7d/0x10e0 [obdclass]
00120  ? class_process_config+0x2edb/0x7cb0 [obdclass]
00120  ? class_handle_ioctl+0x2055/0x3590 [obdclass]
00120  ? obd_class_ioctl+0x1f6/0x3c0 [obdclass]
00120  ? __x64_sys_ioctl+0x961/0xe00
00120  ? _copy_to_user+0x3d/0x60
00120  ? __x64_sys_rt_sigaction+0x107/0x140
00120  ? do_syscall_64+0xc1/0x350
00120  ? entry_SYSCALL_64_after_hwframe+0x4b/0x53
00120  </TASK>
00120 ---[ end trace 0000000000000000 ]---
00124 Lustre: 2168:0:(llog_cat.c:80:llog_cat_new_log()) MGS: there are no more free slots in catalog 922f8a10
00124 Lustre: 2168:0:(llog_cat.c:80:llog_cat_new_log()) Skipped 755 previous similar messages
00124 LustreError: 2168:0:(llog_cat.c:593:llog_cat_add_rec()) MGS: initialization error: rc = -28
00124 LustreError: 2168:0:(llog_cat.c:593:llog_cat_add_rec()) Skipped 755 previous similar messages
00124 Lustre: 2168:0:(llog_test.c:1781:llog_test_10()) 10e: wrote 64578 records then 189 failed with ENOSPC
00124 Lustre: 2168:0:(llog_test.c:1783:llog_test_10()) 10e: print the catalog entries.. we expect 4
00124 Lustre: 2168:0:(llog_cat.c:984:llog_cat_process_or_fork()) MGS: catlog [0xa:0x5:0x0] crosses index zero
00124 Lustre: 2168:0:(llog_test.c:700:cat_print_cb()) seeing record at index 2 - [0x1:0x19:0x0] in log [0xa:0x5:0x0]
00124 Lustre: 2168:0:(llog_test.c:700:cat_print_cb()) Skipped 2 previous similar messages
00124 Lustre: 2168:0:(llog_test.c:1819:llog_test_10()) 10e: catalog successfully wrap around, last_idx 1, first 1
00124 Lustre: 2168:0:(llog_test.c:1836:llog_test_10()) 10f: Cancel 64767 records, see one log zapped
00126 Lustre: 2168:0:(llog_test.c:1850:llog_test_10()) 10f: print the catalog entries.. we expect 3
00126 Lustre: 2168:0:(llog_cat.c:984:llog_cat_process_or_fork()) MGS: catlog [0xa:0x5:0x0] crosses index zero
00126 Lustre: 2168:0:(llog_cat.c:984:llog_cat_process_or_fork()) Skipped 1 previous similar message
00126 Lustre: 2168:0:(llog_test.c:1881:llog_test_10()) 10f: write 64767 more log records
00126 ------------[ cut here ]------------
00126 WARNING: /home/ktest/git/linux/include/linux/fs.h:889 at osd_create+0x9cf/0xcf0 [osd_wbcfs], CPU#9: lctl/2168
00126 Modules linked in: llog_test(O) mgs(O) osd_wbcfs(O) lustre(O) obdecho(O) mgc(O) mdc(O) lov(O) osc(O) lmv(O) ec(O) fid(O) fld(O) ptlrpc(O) efivarfs obdclass(O) ksocklnd(O) lnet(O) libcfs(O)
00126 CPU: 9 UID: 0 PID: 2168 Comm: lctl Tainted: G        W  O        7.0.0-ktest-ff7f425-6330a45-20260727-dirty #1 PREEMPT 
00126 Tainted: [W]=WARN, [O]=OOT_MODULE
00126 Hardware name: QEMU Standard PC (Q35 + ICH9, 2009), BIOS 2025.11-3ubuntu7 03/31/2026
00126 RIP: 0010:osd_create+0x9cf/0xcf0 [osd_wbcfs]
00126 Code: c7 c7 00 c6 7b a1 48 c7 c6 a0 42 7d a1 48 c7 c2 00 4c 7d a1 e8 82 dd 43 ff 48 c7 c7 00 c6 7b a1 e8 f6 6a 44 ff e9 fe fc ff ff <0f> 0b e9 a5 fa ff ff 48 c7 c1 80 44 5d a0 80 e1 07 80 c1 03 38 c1
00126 RSP: 0018:ffffc90006077478 EFLAGS: 00010246
00126 RAX: 0000000000000000 RBX: ffff88828d371000 RCX: 0000000000000046
00126 RDX: 0000000000000000 RSI: ffff8881968142a8 RDI: ffff88818ececb40
00126 RBP: ffff888196814218 R08: ffffffff83a16803 R09: 1ffffffff0742d00
00126 R10: dffffc0000000000 R11: fffffbfff0742d01 R12: ffff8881795f6800
00126 R13: dffffc0000000000 R14: 1ffff11051a6e200 R15: 1ffff1102f2bed0f
00126 FS:  00007eff7d841940(0000) GS:ffff88831e8ad000(0000) knlGS:0000000000000000
00126 CS:  0010 DS: 0000 ES: 0000 CR0: 0000000080050033
00126 CR2: 00005628334a2b30 CR3: 000000019a736000 CR4: 0000000000750eb0
00126 PKRU: 55555554
00126 Call Trace:
00126  <TASK>
00126  ? local_object_create+0x109/0x640 [obdclass]
00126  ? dt_write_lock+0x16d/0x2a0 [obdclass]
00126  ? llog_osd_create+0x356/0x1140 [obdclass]
00126  ? llog_create+0x2ed/0x530 [obdclass]
00126  ? llog_cat_new_log+0x6c3/0x2bf0 [obdclass]
00126  ? llog_cat_add_rec+0x6ba/0x1960 [obdclass]
00126  ? llog_cat_add+0x451/0x890 [obdclass]
00126  ? llog_test_10+0x2c5e/0x5600 [llog_test]
00126  ? lu_object_put+0xa64/0x1210 [obdclass]
00126  ? do_raw_spin_unlock+0x52/0x230
00126  ? _raw_spin_unlock+0x23/0x40
00126  ? __llog_ctxt_put+0x1c4/0x2f0 [obdclass]
00126  ? llog_run_tests+0x3f45/0x5ac0 [llog_test]
00126  ? get_random_u32+0x51/0x470
00126  ? llog_test_device_init+0x503/0x840 [llog_test]
00126  ? obd_setup+0x559/0x960 [obdclass]
00126  ? class_setup+0xc7d/0x10e0 [obdclass]
00126  ? class_process_config+0x2edb/0x7cb0 [obdclass]
00126  ? class_handle_ioctl+0x2055/0x3590 [obdclass]
00126  ? obd_class_ioctl+0x1f6/0x3c0 [obdclass]
00126  ? __x64_sys_ioctl+0x961/0xe00
00126  ? _copy_to_user+0x3d/0x60
00126  ? __x64_sys_rt_sigaction+0x107/0x140
00126  ? do_syscall_64+0xc1/0x350
00126  ? entry_SYSCALL_64_after_hwframe+0x4b/0x53
00126  </TASK>
00126 ---[ end trace 0000000000000000 ]---
00129 Lustre: 2168:0:(llog_cat.c:80:llog_cat_new_log()) MGS: there are no more free slots in catalog 922f8a10
00129 Lustre: 2168:0:(llog_cat.c:80:llog_cat_new_log()) Skipped 188 previous similar messages
00129 LustreError: 2168:0:(llog_cat.c:593:llog_cat_add_rec()) MGS: initialization error: rc = -28
00129 LustreError: 2168:0:(llog_cat.c:593:llog_cat_add_rec()) Skipped 188 previous similar messages
00129 Lustre: 2168:0:(llog_test.c:1907:llog_test_10()) 10f: wrote 64578 records then 189 failed with ENOSPC
00129 Lustre: 2168:0:(llog_test.c:1953:llog_test_10()) 10g: Cancel 64767 records, see one log zapped
00129 Lustre: 2168:0:(llog_cat.c:984:llog_cat_process_or_fork()) MGS: catlog [0xa:0x5:0x0] crosses index zero
00132 Lustre: 2168:0:(llog_test.c:1965:llog_test_10()) 10g: print the catalog entries.. we expect 3
00132 Lustre: 2168:0:(llog_cat.c:984:llog_cat_process_or_fork()) MGS: catlog [0xa:0x5:0x0] crosses index zero
00132 Lustre: 2168:0:(llog_test.c:700:cat_print_cb()) seeing record at index 4 - [0x1:0x1b:0x0] in log [0xa:0x5:0x0]
00132 Lustre: 2168:0:(llog_test.c:700:cat_print_cb()) Skipped 6 previous similar messages
00132 Lustre: 2168:0:(llog_test.c:1995:llog_test_10()) 10g: Cancel 64767 records, see one log zapped
00134 Lustre: 2168:0:(llog_test.c:2009:llog_test_10()) 10g: print the catalog entries.. we expect 2
00134 Lustre: 2168:0:(llog_test.c:2047:llog_test_10()) 10g: Cancel 64767 records, see one log zapped
00137 Lustre: 2168:0:(llog_test.c:2061:llog_test_10()) 10g: print the catalog entries.. we expect 1
00137 Lustre: 2168:0:(llog_test.c:2087:llog_test_10()) 10g: llh_cat_idx has also successfully wrapped!
00137 Lustre: 2192:0:(llog_test.c:1535:cat_check_old_cb()) seeing record at index 2 - [0x1:0x1d:0x0] in log [0xa:0x5:0x0]
00138 Lustre: 2168:0:(llog_test.c:2111:llog_test_10()) 10h: write 64767 more log records
00138 ------------[ cut here ]------------
00138 WARNING: /home/ktest/git/linux/include/linux/fs.h:889 at osd_create+0x9cf/0xcf0 [osd_wbcfs], CPU#9: lctl/2168
00138 Modules linked in: llog_test(O) mgs(O) osd_wbcfs(O) lustre(O) obdecho(O) mgc(O) mdc(O) lov(O) osc(O) lmv(O) ec(O) fid(O) fld(O) ptlrpc(O) efivarfs obdclass(O) ksocklnd(O) lnet(O) libcfs(O)
00138 CPU: 9 UID: 0 PID: 2168 Comm: lctl Tainted: G        W  O        7.0.0-ktest-ff7f425-6330a45-20260727-dirty #1 PREEMPT 
00138 Tainted: [W]=WARN, [O]=OOT_MODULE
00138 Hardware name: QEMU Standard PC (Q35 + ICH9, 2009), BIOS 2025.11-3ubuntu7 03/31/2026
00138 RIP: 0010:osd_create+0x9cf/0xcf0 [osd_wbcfs]
00138 Code: c7 c7 00 c6 7b a1 48 c7 c6 a0 42 7d a1 48 c7 c2 00 4c 7d a1 e8 82 dd 43 ff 48 c7 c7 00 c6 7b a1 e8 f6 6a 44 ff e9 fe fc ff ff <0f> 0b e9 a5 fa ff ff 48 c7 c1 80 44 5d a0 80 e1 07 80 c1 03 38 c1
00138 RSP: 0018:ffffc90006077478 EFLAGS: 00010246
00138 RAX: 0000000000000000 RBX: ffff888073c08400 RCX: 0000000000000046
00138 RDX: 0000000000000000 RSI: ffff888196813b90 RDI: ffff88818ececb40
00138 RBP: ffff888196813b00 R08: ffffffff83a16803 R09: 1ffffffff0742d00
00138 R10: dffffc0000000000 R11: fffffbfff0742d01 R12: ffff8881795f6800
00138 R13: dffffc0000000000 R14: 1ffff1100e781080 R15: 1ffff1102f2bed0f
00138 FS:  00007eff7d841940(0000) GS:ffff88831e8ad000(0000) knlGS:0000000000000000
00138 CS:  0010 DS: 0000 ES: 0000 CR0: 0000000080050033
00138 CR2: 00005628334a2b30 CR3: 000000019a736000 CR4: 0000000000750eb0
00138 PKRU: 55555554
00138 Call Trace:
00138  <TASK>
00138  ? local_object_create+0x109/0x640 [obdclass]
00138  ? dt_write_lock+0x16d/0x2a0 [obdclass]
00138  ? llog_osd_create+0x356/0x1140 [obdclass]
00138  ? llog_create+0x2ed/0x530 [obdclass]
00138  ? llog_cat_new_log+0x6c3/0x2bf0 [obdclass]
00138  ? llog_cat_add_rec+0x6ba/0x1960 [obdclass]
00138  ? llog_cat_add+0x451/0x890 [obdclass]
00138  ? llog_test_10+0x50f8/0x5600 [llog_test]
00138  ? llog_test_9_sub+0x800/0x800 [llog_test]
00138  ? llog_run_tests+0x3f45/0x5ac0 [llog_test]
00138  ? get_random_u32+0x51/0x470
00138  ? llog_test_device_init+0x503/0x840 [llog_test]
00138  ? obd_setup+0x559/0x960 [obdclass]
00138  ? class_setup+0xc7d/0x10e0 [obdclass]
00138  ? class_process_config+0x2edb/0x7cb0 [obdclass]
00138  ? class_handle_ioctl+0x2055/0x3590 [obdclass]
00138  ? obd_class_ioctl+0x1f6/0x3c0 [obdclass]
00138  ? __x64_sys_ioctl+0x961/0xe00
00138  ? _copy_to_user+0x3d/0x60
00138  ? __x64_sys_rt_sigaction+0x107/0x140
00138  ? do_syscall_64+0xc1/0x350
00138  ? entry_SYSCALL_64_after_hwframe+0x4b/0x53
00138  </TASK>
00138 ---[ end trace 0000000000000000 ]---
00138 LustreError: 2168:0:(llog_osd.c:684:llog_osd_write_rec()) cfs_race id 1317 sleeping
00138 LustreError: 2192:0:(llog.c:690:llog_process_thread()) cfs_fail_race id 1317 waking
00138 LustreError: 2168:0:(llog_osd.c:684:llog_osd_write_rec()) cfs_fail_race id 1317 awake: rc=447
00139 LustreError: 2192:0:(llog.c:690:llog_process_thread()) cfs_fail_race id 1317 waking
00139 Lustre: 2192:0:(llog_test.c:1535:cat_check_old_cb()) seeing record at index 3 - [0x1:0x1e:0x0] in log [0xa:0x5:0x0]
00143 ------------[ cut here ]------------
00143 WARNING: /home/ktest/git/linux/include/linux/fs.h:889 at osd_create+0x9cf/0xcf0 [osd_wbcfs], CPU#9: lctl/2168
00143 Modules linked in: llog_test(O) mgs(O) osd_wbcfs(O) lustre(O) obdecho(O) mgc(O) mdc(O) lov(O) osc(O) lmv(O) ec(O) fid(O) fld(O) ptlrpc(O) efivarfs obdclass(O) ksocklnd(O) lnet(O) libcfs(O)
00143 CPU: 9 UID: 0 PID: 2168 Comm: lctl Tainted: G        W  O        7.0.0-ktest-ff7f425-6330a45-20260727-dirty #1 PREEMPT 
00143 Tainted: [W]=WARN, [O]=OOT_MODULE
00143 Hardware name: QEMU Standard PC (Q35 + ICH9, 2009), BIOS 2025.11-3ubuntu7 03/31/2026
00143 RIP: 0010:osd_create+0x9cf/0xcf0 [osd_wbcfs]
00143 Code: c7 c7 00 c6 7b a1 48 c7 c6 a0 42 7d a1 48 c7 c2 00 4c 7d a1 e8 82 dd 43 ff 48 c7 c7 00 c6 7b a1 e8 f6 6a 44 ff e9 fe fc ff ff <0f> 0b e9 a5 fa ff ff 48 c7 c1 80 44 5d a0 80 e1 07 80 c1 03 38 c1
00143 RSP: 0018:ffffc90006077478 EFLAGS: 00010246
00143 RAX: 0000000000000000 RBX: ffff888013b1fc00 RCX: 0000000000000046
00143 RDX: 0000000000000000 RSI: ffff888196813478 RDI: ffff88818ececb40
00143 RBP: ffff8881968133e8 R08: ffffffff83a16803 R09: 1ffffffff0742d00
00143 R10: dffffc0000000000 R11: fffffbfff0742d01 R12: ffff8881795f6800
00143 R13: dffffc0000000000 R14: 1ffff11002763f80 R15: 1ffff1102f2bed0f
00143 FS:  00007eff7d841940(0000) GS:ffff88831e8ad000(0000) knlGS:0000000000000000
00143 CS:  0010 DS: 0000 ES: 0000 CR0: 0000000080050033
00143 CR2: 00005628334a2b30 CR3: 000000019a736000 CR4: 0000000000750eb0
00143 PKRU: 55555554
00143 Call Trace:
00143  <TASK>
00143  ? local_object_create+0x109/0x640 [obdclass]
00143  ? dt_write_lock+0x16d/0x2a0 [obdclass]
00143  ? llog_osd_create+0x356/0x1140 [obdclass]
00143  ? llog_create+0x2ed/0x530 [obdclass]
00143  ? llog_cat_new_log+0x6c3/0x2bf0 [obdclass]
00143  ? llog_cat_add_rec+0x6ba/0x1960 [obdclass]
00143  ? llog_cat_add+0x451/0x890 [obdclass]
00143  ? llog_test_10+0x50f8/0x5600 [llog_test]
00143  ? llog_test_9_sub+0x800/0x800 [llog_test]
00143  ? llog_run_tests+0x3f45/0x5ac0 [llog_test]
00143  ? get_random_u32+0x51/0x470
00143  ? llog_test_device_init+0x503/0x840 [llog_test]
00143  ? obd_setup+0x559/0x960 [obdclass]
00143  ? class_setup+0xc7d/0x10e0 [obdclass]
00143  ? class_process_config+0x2edb/0x7cb0 [obdclass]
00143  ? class_handle_ioctl+0x2055/0x3590 [obdclass]
00143  ? obd_class_ioctl+0x1f6/0x3c0 [obdclass]
00143  ? __x64_sys_ioctl+0x961/0xe00
00143  ? _copy_to_user+0x3d/0x60
00143  ? __x64_sys_rt_sigaction+0x107/0x140
00143  ? do_syscall_64+0xc1/0x350
00143  ? entry_SYSCALL_64_after_hwframe+0x4b/0x53
00143  </TASK>
00143 ---[ end trace 0000000000000000 ]---
00143 LustreError: 2168:0:(llog_osd.c:684:llog_osd_write_rec()) cfs_fail_race id 1317 waking
00144 Lustre: 2168:0:(llog_test.c:2137:llog_test_10()) 10h: wrote 64767 records then 0 failed with ENOSPC
00144 Lustre: 2168:0:(llog_test.c:2150:llog_test_10()) 10: put newly-created catalog
00144 Lustre: 2168:0:(llog_test.c:2180:llog_test_11()) 11: create a plain nameless log
00144 ------------[ cut here ]------------
00144 WARNING: /home/ktest/git/linux/include/linux/fs.h:889 at osd_create+0x9cf/0xcf0 [osd_wbcfs], CPU#9: lctl/2168
00144 Modules linked in: llog_test(O) mgs(O) osd_wbcfs(O) lustre(O) obdecho(O) mgc(O) mdc(O) lov(O) osc(O) lmv(O) ec(O) fid(O) fld(O) ptlrpc(O) efivarfs obdclass(O) ksocklnd(O) lnet(O) libcfs(O)
00144 CPU: 9 UID: 0 PID: 2168 Comm: lctl Tainted: G        W  O        7.0.0-ktest-ff7f425-6330a45-20260727-dirty #1 PREEMPT 
00144 Tainted: [W]=WARN, [O]=OOT_MODULE
00144 Hardware name: QEMU Standard PC (Q35 + ICH9, 2009), BIOS 2025.11-3ubuntu7 03/31/2026
00144 RIP: 0010:osd_create+0x9cf/0xcf0 [osd_wbcfs]
00144 Code: c7 c7 00 c6 7b a1 48 c7 c6 a0 42 7d a1 48 c7 c2 00 4c 7d a1 e8 82 dd 43 ff 48 c7 c7 00 c6 7b a1 e8 f6 6a 44 ff e9 fe fc ff ff <0f> 0b e9 a5 fa ff ff 48 c7 c1 80 44 5d a0 80 e1 07 80 c1 03 38 c1
00144 RSP: 0018:ffffc90006077680 EFLAGS: 00010246
00144 RAX: 0000000000000000 RBX: ffff888034de6c00 RCX: 0000000000000046
00144 RDX: 0000000000000000 RSI: ffff888196812d60 RDI: ffff88818ececb18
00144 RBP: ffff888196812cd0 R08: ffffffff83a16803 R09: 1ffffffff0742d00
00144 R10: dffffc0000000000 R11: fffffbfff0742d01 R12: ffff8881795f6800
00144 R13: dffffc0000000000 R14: 1ffff110069bcd80 R15: 1ffff1102f2bed0f
00144 FS:  00007eff7d841940(0000) GS:ffff88831e8ad000(0000) knlGS:0000000000000000
00144 CS:  0010 DS: 0000 ES: 0000 CR0: 0000000080050033
00144 CR2: 00005628334a2b30 CR3: 000000019a736000 CR4: 0000000000750eb0
00144 PKRU: 55555554
00144 Call Trace:
00144  <TASK>
00144  ? local_object_create+0x109/0x640 [obdclass]
00144  ? dt_write_lock+0x16d/0x2a0 [obdclass]
00144  ? llog_osd_create+0x356/0x1140 [obdclass]
00144  ? llog_create+0x2ed/0x530 [obdclass]
00144  ? llog_open_create+0x5af/0xb10 [obdclass]
00144  ? llog_test_11+0x2a4/0x1130 [llog_test]
00144  ? llog_test_9_sub+0x800/0x800 [llog_test]
00144  ? llog_run_tests+0x41b0/0x5ac0 [llog_test]
00144  ? get_random_u32+0x51/0x470
00144  ? llog_test_device_init+0x503/0x840 [llog_test]
00144  ? obd_setup+0x559/0x960 [obdclass]
00144  ? class_setup+0xc7d/0x10e0 [obdclass]
00144  ? class_process_config+0x2edb/0x7cb0 [obdclass]
00144  ? class_handle_ioctl+0x2055/0x3590 [obdclass]
00144  ? obd_class_ioctl+0x1f6/0x3c0 [obdclass]
00144  ? __x64_sys_ioctl+0x961/0xe00
00144  ? _copy_to_user+0x3d/0x60
00144  ? __x64_sys_rt_sigaction+0x107/0x140
00144  ? do_syscall_64+0xc1/0x350
00144  ? entry_SYSCALL_64_after_hwframe+0x4b/0x53
00144  </TASK>
00144 ---[ end trace 0000000000000000 ]---
00144 Lustre: 2168:0:(llog_test.c:2205:llog_test_11()) 11: size 8216 in 0 blocks after 1 rec
00144 Lustre: 2168:0:(llog_test.c:2207:llog_test_11()) 11: add few records
00144 Lustre: 2168:0:(llog_test.c:2224:llog_test_11()) 11: size 10616 in 0 blocks with few recs
00144 lctl (2168): drop_caches: 3
00144 Lustre: 2168:0:(llog_test.c:2250:llog_test_11()) 11: re-open the log by LOGID and verify llh_count
00144 Lustre: 2168:0:(llog_test.c:2265:llog_test_11()) 11: size 10616 in 0 blocks after re-open
00144 Lustre: 2168:0:(llog_test.c:2355:llog_test_12()) 12: create a catalog log with name: 922f8a11
00144 ------------[ cut here ]------------
00144 WARNING: /home/ktest/git/linux/include/linux/fs.h:889 at osd_create+0x9cf/0xcf0 [osd_wbcfs], CPU#9: lctl/2168
00144 Modules linked in: llog_test(O) mgs(O) osd_wbcfs(O) lustre(O) obdecho(O) mgc(O) mdc(O) lov(O) osc(O) lmv(O) ec(O) fid(O) fld(O) ptlrpc(O) efivarfs obdclass(O) ksocklnd(O) lnet(O) libcfs(O)
00144 CPU: 9 UID: 0 PID: 2168 Comm: lctl Tainted: G        W  O        7.0.0-ktest-ff7f425-6330a45-20260727-dirty #1 PREEMPT 
00144 Tainted: [W]=WARN, [O]=OOT_MODULE
00144 Hardware name: QEMU Standard PC (Q35 + ICH9, 2009), BIOS 2025.11-3ubuntu7 03/31/2026
00144 RIP: 0010:osd_create+0x9cf/0xcf0 [osd_wbcfs]
00144 Code: c7 c7 00 c6 7b a1 48 c7 c6 a0 42 7d a1 48 c7 c2 00 4c 7d a1 e8 82 dd 43 ff 48 c7 c7 00 c6 7b a1 e8 f6 6a 44 ff e9 fe fc ff ff <0f> 0b e9 a5 fa ff ff 48 c7 c1 80 44 5d a0 80 e1 07 80 c1 03 38 c1
00144 RSP: 0018:ffffc90006077678 EFLAGS: 00010246
00144 RAX: 0000000000000000 RBX: ffff888034df1400 RCX: 0000000000000046
00144 RDX: 0000000000000000 RSI: ffff888196812648 RDI: ffff88818ececb18
00144 RBP: ffff8881968125b8 R08: ffffffff83a16803 R09: 1ffffffff0742d00
00144 R10: dffffc0000000000 R11: fffffbfff0742d01 R12: ffff8881795f6800
00144 R13: dffffc0000000000 R14: 1ffff110069be280 R15: 1ffff1102f2bed0f
00144 FS:  00007eff7d841940(0000) GS:ffff88831e8ad000(0000) knlGS:0000000000000000
00144 CS:  0010 DS: 0000 ES: 0000 CR0: 0000000080050033
00144 CR2: 00005628334a2b30 CR3: 000000019a736000 CR4: 0000000000750eb0
00144 PKRU: 55555554
00144 Call Trace:
00144  <TASK>
00144  ? local_object_create+0x109/0x640 [obdclass]
00144  ? dt_write_lock+0x16d/0x2a0 [obdclass]
00144  ? llog_osd_create+0x356/0x1140 [obdclass]
00144  ? llog_create+0x2ed/0x530 [obdclass]
00144  ? llog_open_create+0x5af/0xb10 [obdclass]
00144  ? llog_test_12+0x40f/0x2d90 [llog_test]
00144  ? llog_test_11+0xc14/0x1130 [llog_test]
00144  ? llog_run_tests+0x4434/0x5ac0 [llog_test]
00144  ? get_random_u32+0x51/0x470
00144  ? llog_test_device_init+0x503/0x840 [llog_test]
00144  ? obd_setup+0x559/0x960 [obdclass]
00144  ? class_setup+0xc7d/0x10e0 [obdclass]
00144  ? class_process_config+0x2edb/0x7cb0 [obdclass]
00144  ? class_handle_ioctl+0x2055/0x3590 [obdclass]
00144  ? obd_class_ioctl+0x1f6/0x3c0 [obdclass]
00144  ? __x64_sys_ioctl+0x961/0xe00
00144  ? _copy_to_user+0x3d/0x60
00144  ? __x64_sys_rt_sigaction+0x107/0x140
00144  ? do_syscall_64+0xc1/0x350
00144  ? entry_SYSCALL_64_after_hwframe+0x4b/0x53
00144  </TASK>
00144 ---[ end trace 0000000000000000 ]---
00144 ------------[ cut here ]------------
00144 WARNING: /home/ktest/git/linux/include/linux/fs.h:889 at osd_create+0x9cf/0xcf0 [osd_wbcfs], CPU#9: lctl/2168
00144 Modules linked in: llog_test(O) mgs(O) osd_wbcfs(O) lustre(O) obdecho(O) mgc(O) mdc(O) lov(O) osc(O) lmv(O) ec(O) fid(O) fld(O) ptlrpc(O) efivarfs obdclass(O) ksocklnd(O) lnet(O) libcfs(O)
00144 CPU: 9 UID: 0 PID: 2168 Comm: lctl Tainted: G        W  O        7.0.0-ktest-ff7f425-6330a45-20260727-dirty #1 PREEMPT 
00144 Tainted: [W]=WARN, [O]=OOT_MODULE
00144 Hardware name: QEMU Standard PC (Q35 + ICH9, 2009), BIOS 2025.11-3ubuntu7 03/31/2026
00144 RIP: 0010:osd_create+0x9cf/0xcf0 [osd_wbcfs]
00144 Code: c7 c7 00 c6 7b a1 48 c7 c6 a0 42 7d a1 48 c7 c2 00 4c 7d a1 e8 82 dd 43 ff 48 c7 c7 00 c6 7b a1 e8 f6 6a 44 ff e9 fe fc ff ff <0f> 0b e9 a5 fa ff ff 48 c7 c1 80 44 5d a0 80 e1 07 80 c1 03 38 c1
00144 RSP: 0018:ffffc90006077518 EFLAGS: 00010246
00144 RAX: 0000000000000000 RBX: ffff888034df0c00 RCX: 0000000000000046
00144 RDX: 0000000000000000 RSI: ffff888196811f30 RDI: ffff88818ececb40
00144 RBP: ffff888196811ea0 R08: ffffffff83a16803 R09: 1ffffffff0742d00
00144 R10: dffffc0000000000 R11: fffffbfff0742d01 R12: ffff8881795f6800
00144 R13: dffffc0000000000 R14: 1ffff110069be180 R15: 1ffff1102f2bed0f
00144 FS:  00007eff7d841940(0000) GS:ffff88831e8ad000(0000) knlGS:0000000000000000
00144 CS:  0010 DS: 0000 ES: 0000 CR0: 0000000080050033
00144 CR2: 00005628334a2b30 CR3: 000000019a736000 CR4: 0000000000750eb0
00144 PKRU: 55555554
00144 Call Trace:
00144  <TASK>
00144  ? local_object_create+0x109/0x640 [obdclass]
00144  ? dt_write_lock+0x16d/0x2a0 [obdclass]
00144  ? llog_osd_create+0x356/0x1140 [obdclass]
00144  ? llog_create+0x2ed/0x530 [obdclass]
00144  ? llog_cat_new_log+0x6c3/0x2bf0 [obdclass]
00144  ? llog_cat_add_rec+0x6ba/0x1960 [obdclass]
00144  ? llog_cat_add+0x451/0x890 [obdclass]
00144  ? llog_test_12+0x68f/0x2d90 [llog_test]
00144  ? llog_test_11+0xc14/0x1130 [llog_test]
00144  ? llog_run_tests+0x4434/0x5ac0 [llog_test]
00144  ? get_random_u32+0x51/0x470
00144  ? llog_test_device_init+0x503/0x840 [llog_test]
00144  ? obd_setup+0x559/0x960 [obdclass]
00144  ? class_setup+0xc7d/0x10e0 [obdclass]
00144  ? class_process_config+0x2edb/0x7cb0 [obdclass]
00144  ? class_handle_ioctl+0x2055/0x3590 [obdclass]
00144  ? obd_class_ioctl+0x1f6/0x3c0 [obdclass]
00144  ? __x64_sys_ioctl+0x961/0xe00
00144  ? _copy_to_user+0x3d/0x60
00144  ? __x64_sys_rt_sigaction+0x107/0x140
00144  ? do_syscall_64+0xc1/0x350
00144  ? entry_SYSCALL_64_after_hwframe+0x4b/0x53
00144  </TASK>
00144 ---[ end trace 0000000000000000 ]---
00144 Lustre: 12: truncate 24 bytes
00144 Lustre: 12: re-open and process the catalog
00144 LustreError: 2168:0:(llog_osd.c:1248:llog_osd_next_block()) MGS0000-osd: invalid llog tail at log id [0xa:0x6:0x0] offset 8232 last_rec idx 8704 tail idx 275010875 lrt len 1 read_size 40
00144 LustreError: 2168:0:(llog.c:886:llog_process_thread()) MGS: local llog is corrupted [0xa:0x6:0x0] catalog index 1 count 2
00144 Lustre: 12: try to add to the catalog
00144 ------------[ cut here ]------------
00144 WARNING: /home/ktest/git/linux/include/linux/fs.h:889 at osd_create+0x9cf/0xcf0 [osd_wbcfs], CPU#9: lctl/2168
00144 Modules linked in: llog_test(O) mgs(O) osd_wbcfs(O) lustre(O) obdecho(O) mgc(O) mdc(O) lov(O) osc(O) lmv(O) ec(O) fid(O) fld(O) ptlrpc(O) efivarfs obdclass(O) ksocklnd(O) lnet(O) libcfs(O)
00144 CPU: 9 UID: 0 PID: 2168 Comm: lctl Tainted: G        W  O        7.0.0-ktest-ff7f425-6330a45-20260727-dirty #1 PREEMPT 
00144 Tainted: [W]=WARN, [O]=OOT_MODULE
00144 Hardware name: QEMU Standard PC (Q35 + ICH9, 2009), BIOS 2025.11-3ubuntu7 03/31/2026
00144 RIP: 0010:osd_create+0x9cf/0xcf0 [osd_wbcfs]
00144 Code: c7 c7 00 c6 7b a1 48 c7 c6 a0 42 7d a1 48 c7 c2 00 4c 7d a1 e8 82 dd 43 ff 48 c7 c7 00 c6 7b a1 e8 f6 6a 44 ff e9 fe fc ff ff <0f> 0b e9 a5 fa ff ff 48 c7 c1 80 44 5d a0 80 e1 07 80 c1 03 38 c1
00144 RSP: 0018:ffffc90006077518 EFLAGS: 00010246
00144 RAX: 0000000000000000 RBX: ffff888034df3800 RCX: 0000000000000046
00144 RDX: 0000000000000000 RSI: ffff888196811818 RDI: ffff88818ececb40
00144 RBP: ffff888196811788 R08: ffffffff83a16803 R09: 1ffffffff0742d00
00144 R10: dffffc0000000000 R11: fffffbfff0742d01 R12: ffff8881795f6800
00144 R13: dffffc0000000000 R14: 1ffff110069be700 R15: 1ffff1102f2bed0f
00144 FS:  00007eff7d841940(0000) GS:ffff88831e8ad000(0000) knlGS:0000000000000000
00144 CS:  0010 DS: 0000 ES: 0000 CR0: 0000000080050033
00144 CR2: 00005628334a2b30 CR3: 000000019a736000 CR4: 0000000000750eb0
00144 PKRU: 55555554
00144 Call Trace:
00144  <TASK>
00144  ? local_object_create+0x109/0x640 [obdclass]
00144  ? dt_write_lock+0x16d/0x2a0 [obdclass]
00144  ? llog_osd_create+0x356/0x1140 [obdclass]
00144  ? llog_create+0x2ed/0x530 [obdclass]
00144  ? llog_cat_new_log+0x6c3/0x2bf0 [obdclass]
00144  ? llog_cat_add_rec+0x6ba/0x1960 [obdclass]
00144  ? llog_cat_add+0x451/0x890 [obdclass]
00144  ? llog_test_12+0xfdb/0x2d90 [llog_test]
00144  ? llog_run_tests+0x4434/0x5ac0 [llog_test]
00144  ? get_random_u32+0x51/0x470
00144  ? llog_test_device_init+0x503/0x840 [llog_test]
00144  ? obd_setup+0x559/0x960 [obdclass]
00144  ? class_setup+0xc7d/0x10e0 [obdclass]
00144  ? class_process_config+0x2edb/0x7cb0 [obdclass]
00144  ? class_handle_ioctl+0x2055/0x3590 [obdclass]
00144  ? obd_class_ioctl+0x1f6/0x3c0 [obdclass]
00144  ? __x64_sys_ioctl+0x961/0xe00
00144  ? _copy_to_user+0x3d/0x60
00144  ? __x64_sys_rt_sigaction+0x107/0x140
00144  ? do_syscall_64+0xc1/0x350
00144  ? entry_SYSCALL_64_after_hwframe+0x4b/0x53
00144  </TASK>
00144 ---[ end trace 0000000000000000 ]---
00144 LustreError: 2168:0:(llog_osd.c:1231:llog_osd_next_block()) MGS0000-osd: invalid llog tail at log id [0x6:0xa:0x0]:0 offset 8297 tail idx 603979776 lrt len 1074261 read_size 105
00144 ------------[ cut here ]------------
00144 WARNING: /home/ktest/git/linux/include/linux/fs.h:889 at osd_create+0x9cf/0xcf0 [osd_wbcfs], CPU#9: lctl/2168
00144 Modules linked in: llog_test(O) mgs(O) osd_wbcfs(O) lustre(O) obdecho(O) mgc(O) mdc(O) lov(O) osc(O) lmv(O) ec(O) fid(O) fld(O) ptlrpc(O) efivarfs obdclass(O) ksocklnd(O) lnet(O) libcfs(O)
00144 CPU: 9 UID: 0 PID: 2168 Comm: lctl Tainted: G        W  O        7.0.0-ktest-ff7f425-6330a45-20260727-dirty #1 PREEMPT 
00144 Tainted: [W]=WARN, [O]=OOT_MODULE
00144 Hardware name: QEMU Standard PC (Q35 + ICH9, 2009), BIOS 2025.11-3ubuntu7 03/31/2026
00144 RIP: 0010:osd_create+0x9cf/0xcf0 [osd_wbcfs]
00144 Code: c7 c7 00 c6 7b a1 48 c7 c6 a0 42 7d a1 48 c7 c2 00 4c 7d a1 e8 82 dd 43 ff 48 c7 c7 00 c6 7b a1 e8 f6 6a 44 ff e9 fe fc ff ff <0f> 0b e9 a5 fa ff ff 48 c7 c1 80 44 5d a0 80 e1 07 80 c1 03 38 c1
00144 RSP: 0018:ffffc90006077518 EFLAGS: 00010246
00144 RAX: 0000000000000000 RBX: ffff88811d80cc00 RCX: 0000000000000046
00144 RDX: 0000000000000000 RSI: ffff888196811100 RDI: ffff88818ececb40
00144 RBP: ffff888196811070 R08: ffffffff83a16803 R09: 1ffffffff0742d00
00144 R10: dffffc0000000000 R11: fffffbfff0742d01 R12: ffff8881795f6800
00144 R13: dffffc0000000000 R14: 1ffff11023b01980 R15: 1ffff1102f2bed0f
00144 FS:  00007eff7d841940(0000) GS:ffff88831e8ad000(0000) knlGS:0000000000000000
00144 CS:  0010 DS: 0000 ES: 0000 CR0: 0000000080050033
00144 CR2: 00005628334a2b30 CR3: 000000019a736000 CR4: 0000000000750eb0
00144 PKRU: 55555554
00144 Call Trace:
00144  <TASK>
00144  ? local_object_create+0x109/0x640 [obdclass]
00144  ? dt_write_lock+0x16d/0x2a0 [obdclass]
00144  ? llog_osd_create+0x356/0x1140 [obdclass]
00144  ? llog_create+0x2ed/0x530 [obdclass]
00144  ? llog_cat_new_log+0x6c3/0x2bf0 [obdclass]
00144  ? llog_cat_add_rec+0x6ba/0x1960 [obdclass]
00144  ? llog_cat_add+0x451/0x890 [obdclass]
00144  ? llog_test_12+0xfdb/0x2d90 [llog_test]
00144  ? llog_run_tests+0x4434/0x5ac0 [llog_test]
00144  ? get_random_u32+0x51/0x470
00144  ? llog_test_device_init+0x503/0x840 [llog_test]
00144  ? obd_setup+0x559/0x960 [obdclass]
00144  ? class_setup+0xc7d/0x10e0 [obdclass]
00144  ? class_process_config+0x2edb/0x7cb0 [obdclass]
00144  ? class_handle_ioctl+0x2055/0x3590 [obdclass]
00144  ? obd_class_ioctl+0x1f6/0x3c0 [obdclass]
00144  ? __x64_sys_ioctl+0x961/0xe00
00144  ? _copy_to_user+0x3d/0x60
00144  ? __x64_sys_rt_sigaction+0x107/0x140
00144  ? do_syscall_64+0xc1/0x350
00144  ? entry_SYSCALL_64_after_hwframe+0x4b/0x53
00144  </TASK>
00144 ---[ end trace 0000000000000000 ]---
00144 ==================================================================
00144 BUG: KASAN: use-after-free in llog_osd_next_block+0x13e1/0x3340 [obdclass]
00144 Read of size 4 at addr ffff8882408ff036 by task lctl/2168
00144 
00144 CPU: 9 UID: 0 PID: 2168 Comm: lctl Tainted: G        W  O        7.0.0-ktest-ff7f425-6330a45-20260727-dirty #1 PREEMPT 
00144 Tainted: [W]=WARN, [O]=OOT_MODULE
00144 Hardware name: QEMU Standard PC (Q35 + ICH9, 2009), BIOS 2025.11-3ubuntu7 03/31/2026
00144 Call Trace:
00144  <TASK>
00144  dump_stack_lvl+0x52/0x80
00144  print_report+0xbc/0x260
00144  ? llog_osd_next_block+0x13e1/0x3340 [obdclass]
00144  kasan_report+0xa2/0xd0
00144  ? llog_osd_next_block+0x13e1/0x3340 [obdclass]
00144  llog_osd_next_block+0x13e1/0x3340 [obdclass]
00144  llog_process_thread+0xdd7/0x4f70 [obdclass]
00144  ? entry_SYSCALL_64_after_hwframe+0x4b/0x53
00144  ? task_work_add+0x177/0x210
00144  llog_process_or_fork+0x656/0xc90 [obdclass]
00144  ? llog_cat_process+0x30/0x30 [obdclass]
00144  llog_cat_process_or_fork+0x780/0xdb0 [obdclass]
00144  ? llog_cat_process+0x30/0x30 [obdclass]
00144  ? llog_cancel_rec_cb+0x450/0x450 [llog_test]
00144  llog_cat_process+0x24/0x30 [obdclass]
00144  llog_test_12+0xf58/0x2d90 [llog_test]
00144  llog_run_tests+0x4434/0x5ac0 [llog_test]
00144  ? get_random_u32+0x51/0x470
00144  llog_test_device_init+0x503/0x840 [llog_test]
00144  obd_setup+0x559/0x960 [obdclass]
00144  class_setup+0xc7d/0x10e0 [obdclass]
00144  class_process_config+0x2edb/0x7cb0 [obdclass]
00144  class_handle_ioctl+0x2055/0x3590 [obdclass]
00144  obd_class_ioctl+0x1f6/0x3c0 [obdclass]
00144  __x64_sys_ioctl+0x961/0xe00
00144  ? _copy_to_user+0x3d/0x60
00144  ? __x64_sys_rt_sigaction+0x107/0x140
00144  do_syscall_64+0xc1/0x350
00144  entry_SYSCALL_64_after_hwframe+0x4b/0x53
00144 RIP: 0033:0x7eff7d724e1d
00144 Code: 04 25 28 00 00 00 48 89 45 c8 31 c0 48 8d 45 10 c7 45 b0 10 00 00 00 48 89 45 b8 48 8d 45 d0 48 89 45 c0 b8 10 00 00 00 0f 05 <89> c2 3d 00 f0 ff ff 77 1a 48 8b 45 c8 64 48 2b 04 25 28 00 00 00
00144 RSP: 002b:00007ffdca2c8e60 EFLAGS: 00000246 ORIG_RAX: 0000000000000010
00144 RAX: ffffffffffffffda RBX: 00007eff7daaa1f0 RCX: 00007eff7d724e1d
00144 RDX: 00007ffdca2c9140 RSI: 00000000c00866b8 RDI: 0000000000000003
00144 RBP: 00007ffdca2c8eb0 R08: 00007ffdca2c8f00 R09: 00007ffdca2c9140
00144 R10: 00005555abcdf930 R11: 0000000000000246 R12: 00007ffdca2c9140
00144 R13: 000055559c533822 R14: 0000000000000000 R15: 00007ffdca2cb1c0
00144  </TASK>
00144 
00144 The buggy address belongs to the physical page:
00144 page: refcount:0 mapcount:0 mapping:0000000000000000 index:0xffffffffffffffff pfn:0x2408ff
00144 flags: 0x8000000000000000(zone=2)
00144 raw: 8000000000000000 0000000000000000 00000000ffffffff 0000000000000000
00144 raw: ffffffffffffffff 0000000000000000 00000000ffffffff 0000000000000000
00144 page dumped because: kasan: bad access detected
00144 
00144 Memory state around the buggy address:
00144  ffff8882408fef00: ff ff ff ff ff ff ff ff ff ff ff ff ff ff ff ff
00144  ffff8882408fef80: ff ff ff ff ff ff ff ff ff ff ff ff ff ff ff ff
00144 >ffff8882408ff000: ff ff ff ff ff ff ff ff ff ff ff ff ff ff ff ff
00144                                      ^
00144  ffff8882408ff080: ff ff ff ff ff ff ff ff ff ff ff ff ff ff ff ff
00144  ffff8882408ff100: ff ff ff ff ff ff ff ff ff ff ff ff ff ff ff ff
00144 ==================================================================
00144 Disabling lock debugging due to kernel taint
00144 Lustre: 2168:0:(llog_test.c:2464:llog_test_12()) 12: put newly-created catalog
00144 Lustre: 2168:0:(llog_test.c:2532:llog_test_13()) 13a: create a catalog log with name: 922f8a11
00144 Lustre: 2168:0:(llog_test.c:2548:llog_test_13()) 13b: write 1 record into the catalog
00144 LustreError: 2168:0:(llog_test.c:2559:llog_test_13()) 13b: found 8 plain llogs
00144 Lustre: 2168:0:(llog_test.c:2561:llog_test_13()) 13c: erase plain llog
00144 LustreError: 2168:0:(llog_cat.c:404:llog_cat_id2handle()) MGS: error opening log id [0x1:0x4f:0x0]: rc = -2
00144 Lustre: 2168:0:(llog_test.c:2581:llog_test_13()) 13d: forward process: found=1708 rc=0
00144 Lustre: 2168:0:(llog_test.c:2585:llog_test_13()) 13e: erase another plain llog
00144 Lustre: 2168:0:(llog_test.c:2605:llog_test_13()) 13e: backward process: found=1367 rc=0
00144 Lustre: 2168:0:(llog_test.c:2608:llog_test_13()) 13f: put newly-created catalog
00149 ========= FAILED TIMEOUT llog-unit in 240s
Error 1 at /home/ktest/ktest/lib/libktest.sh 587 from: "$ktest_dir/lib/supervisor" -S -F -T "$ktest_timeout" -b "$test_basename" -o "$test_logdir" -f "$test_basename.$(date -Iseconds).log" -- "${qemu_cmd[@]}", exiting
Error 1 at ./qlkbuild 187 from: "$ktest_dir/lib/supervisor" -S -F -T "$ktest_timeout" -b "$test_basename" -o "$test_logdir" -f "$test_basename.$(date -Iseconds).log" -- "${qemu_cmd[@]}", exiting
Error 1 at ./qlkbuild 1202 from: "$ktest_dir/lib/supervisor" -S -F -T "$ktest_timeout" -b "$test_basename" -o "$test_logdir" -f "$test_basename.$(date -Iseconds).log" -- "${qemu_cmd[@]}", exiting
